=== Log tail 2026-09-23T11:59:44.405909 | last 500 lines ===
2026-09-18 07:15:47,903 - INFO - [Qiyida] Пасс успешно собран
2026-09-18 07:15:49,744 - INFO - [Qiyida] Не находимся в энерго
2026-09-18 07:16:12,015 - INFO - [Qiyida] Вылезла обычная реклама, закрыл гадость
2026-09-18 07:16:15,212 - INFO - [Qiyida] Шоп успешно собран
2026-09-18 07:16:17,028 - INFO - [Qiyida] Не находимся в энерго
2026-09-18 07:16:27,082 - INFO - [Qiyida] main_loop завершился
2026-09-18 07:31:01,220 - INFO - [Qiyida] Запуск Scheduler профиля
2026-09-18 07:31:01,242 - INFO - [Qiyida] Находимся в энергорежиме
2026-09-18 07:31:01,242 - INFO - [Qiyida] Был в энерго, вырубаю перед запуском Шедули
2026-09-18 07:31:09,721 - INFO - [Qiyida] Schedule запущен, жду 40 сек (окно само летит в город и закупается)
2026-09-18 07:31:55,828 - INFO - [Qiyida] Находимся в энергорежиме
2026-09-18 07:31:55,828 - INFO - [Qiyida] Энерго подтверждён (попытка 1)
2026-09-18 07:31:55,828 - INFO - [Qiyida] Энерго включён, профиль завершён
2026-09-18 07:31:55,828 - INFO - [Qiyida] main_loop завершился
2026-09-18 10:10:03,204 - INFO - [Qiyida] Находимся в энергорежиме
2026-09-18 10:10:14,974 - INFO - [Qiyida] Ищем вкладки
2026-09-18 10:10:16,993 - INFO - [Qiyida] Перешел на вкладку: (381, 59)
2026-09-18 10:10:18,610 - INFO - [Qiyida] Собираю награду тут: (302, 101)
2026-09-18 10:10:21,449 - INFO - [Qiyida] Всего собрано: 1
2026-09-18 10:10:21,449 - INFO - [Qiyida] Дейлик успешно собран
2026-09-18 10:10:23,271 - INFO - [Qiyida] Не находимся в энерго
2026-09-18 10:10:26,351 - INFO - [Qiyida] Нашел почту
2026-09-18 10:10:31,608 - INFO - [Qiyida] Лимит опыта, ливнул
2026-09-18 10:10:32,354 - INFO - [Qiyida] Нет новых почта или не удалось собрать
2026-09-18 10:10:34,172 - INFO - [Qiyida] Не находимся в энерго
2026-09-18 10:10:39,172 - INFO - [Qiyida] Нет красной точки на иконке достижений
2026-09-18 10:10:39,172 - INFO - [Qiyida] Нет новых ачивы или не удалось собрать
2026-09-18 10:10:40,987 - INFO - [Qiyida] Не находимся в энерго
2026-09-18 10:10:43,655 - INFO - [Qiyida] Нет красной точки клана
2026-09-18 10:10:43,655 - INFO - [Qiyida] Нет новых клан или не удалось собрать
2026-09-18 10:10:45,471 - INFO - [Qiyida] Не находимся в энерго
2026-09-18 10:10:48,364 - INFO - [Qiyida] Нашел сбор альянса, жму
2026-09-18 10:10:52,771 - INFO - [Qiyida] Не нашел alliance_donate_2_button
2026-09-18 10:10:54,830 - INFO - [Qiyida] Нет новых альянс или не удалось собрать
2026-09-18 10:10:56,655 - INFO - [Qiyida] Не находимся в энерго
2026-09-18 10:10:59,739 - INFO - [Qiyida] Нашел бп
2026-09-18 10:11:01,239 - INFO - [Qiyida] Пробую чекнуть вкладочки бп
2026-09-18 10:11:01,741 - INFO - [Qiyida] {'left': 1200, 'top': 595, 'width': 400, 'height': 1}
2026-09-18 10:11:01,756 - INFO - [Qiyida] [155]
2026-09-18 10:11:01,756 - INFO - [Qiyida] final [['155, 25', 'no']]
2026-09-18 10:11:01,756 - INFO - [Qiyida] Обнаружил вкладок бп: 1, начинаю чекать...
2026-09-18 10:11:03,538 - INFO - [Qiyida] Подвкладок найдено: 1
2026-09-18 10:11:04,840 - INFO - [Qiyida] Собираю награду [1.1]
2026-09-18 10:11:06,588 - INFO - [Qiyida] Собираю награду [1.1]
2026-09-18 10:11:10,756 - INFO - [Qiyida] Нет наград во вкладке 1, под 1
2026-09-18 10:11:17,363 - INFO - [Qiyida] Закрываю баттл пасс
2026-09-18 10:11:19,631 - INFO - [Qiyida] Пасс успешно собран
2026-09-18 10:11:21,439 - INFO - [Qiyida] Не находимся в энерго
2026-09-18 10:11:32,760 - INFO - [Qiyida] Чет пошло не так, skip!
2026-09-18 10:11:38,704 - INFO - [Qiyida] Чет пошло не так, skip!
2026-09-18 10:11:41,023 - INFO - [Qiyida] Шоп успешно собран
2026-09-18 10:11:42,840 - INFO - [Qiyida] Не находимся в энерго
2026-09-18 10:11:52,891 - INFO - [Qiyida] main_loop завершился
2026-09-18 23:47:54,605 - INFO - [Qiyida] Запуск Scheduler профиля
2026-09-18 23:47:54,621 - INFO - [Qiyida] Находимся в энергорежиме
2026-09-18 23:47:54,621 - INFO - [Qiyida] Был в энерго, вырубаю перед запуском Шедули
2026-09-18 23:48:02,356 - INFO - [Qiyida] Schedule запущен, жду 40 сек (окно само летит в город и закупается)
2026-09-18 23:48:48,524 - INFO - [Qiyida] Находимся в энергорежиме
2026-09-18 23:48:48,524 - INFO - [Qiyida] Энерго подтверждён (попытка 1)
2026-09-18 23:48:48,524 - INFO - [Qiyida] Энерго включён, профиль завершён
2026-09-18 23:48:48,524 - INFO - [Qiyida] main_loop завершился
2026-09-19 00:08:20,459 - INFO - [Qiyida] Находимся в энергорежиме
2026-09-19 00:08:28,693 - INFO - [Qiyida] Не нашел красной точки, скипаю
2026-09-19 00:08:28,693 - INFO - [Qiyida] Нет новых дейлик или не удалось собрать
2026-09-19 00:08:30,526 - INFO - [Qiyida] Не находимся в энерго
2026-09-19 00:08:33,694 - INFO - [Qiyida] Не найден значок почты
2026-09-19 00:08:33,694 - INFO - [Qiyida] Нет новых почта или не удалось собрать
2026-09-19 00:08:35,527 - INFO - [Qiyida] Не находимся в энерго
2026-09-19 00:08:40,525 - INFO - [Qiyida] Нет красной точки на иконке достижений
2026-09-19 00:08:40,525 - INFO - [Qiyida] Нет новых ачивы или не удалось собрать
2026-09-19 00:08:42,325 - INFO - [Qiyida] Не находимся в энерго
2026-09-19 00:08:44,992 - INFO - [Qiyida] Нет красной точки клана
2026-09-19 00:08:44,992 - INFO - [Qiyida] Нет новых клан или не удалось собрать
2026-09-19 00:08:46,809 - INFO - [Qiyida] Не находимся в энерго
2026-09-19 00:08:49,735 - INFO - [Qiyida] Нашел сбор альянса, жму
2026-09-19 00:08:51,741 - INFO - [Qiyida] Не нашел кнопку доната
2026-09-19 00:08:51,994 - INFO - [Qiyida] Нет новых альянс или не удалось собрать
2026-09-19 00:08:53,808 - INFO - [Qiyida] Не находимся в энерго
2026-09-19 00:08:58,942 - INFO - [Qiyida] Батлпасса нет, собирать не будем
2026-09-19 00:08:58,943 - INFO - [Qiyida] Нет новых пасс или не удалось собрать
2026-09-19 00:09:00,760 - INFO - [Qiyida] Не находимся в энерго
2026-09-19 00:09:16,458 - INFO - [Qiyida] Нет новых шоп или не удалось собрать
2026-09-19 00:09:18,274 - INFO - [Qiyida] Не находимся в энерго
2026-09-19 00:09:28,294 - INFO - [Qiyida] main_loop завершился
2026-09-19 07:21:54,308 - INFO - [Qiyida] Находимся в энергорежиме
2026-09-19 07:22:08,123 - INFO - [Qiyida] Находимся в энергорежиме
2026-09-19 07:22:27,026 - INFO - [Qiyida] Находимся в энергорежиме
2026-09-19 07:22:31,993 - INFO - [Qiyida] Нет новых дейлик или не удалось собрать
2026-09-19 07:22:32,011 - INFO - [Qiyida] Находимся в энергорежиме
2026-09-19 07:22:44,941 - INFO - [Qiyida] Находимся в энергорежиме
2026-09-19 09:10:35,903 - INFO - [Qiyida] Находимся в энергорежиме
2026-09-19 09:10:47,027 - INFO - [Qiyida] Ищем вкладки
2026-09-19 09:10:49,040 - INFO - [Qiyida] Перешел на вкладку: (381, 34)
2026-09-19 09:10:50,389 - INFO - [Qiyida] Собираю награду тут: (302, 101)
2026-09-19 09:10:55,161 - INFO - [Qiyida] Перешел на вкладку: (381, 59)
2026-09-19 09:10:56,489 - INFO - [Qiyida] Собираю награду тут: (302, 101)
2026-09-19 09:10:59,741 - INFO - [Qiyida] Всего собрано: 2
2026-09-19 09:10:59,741 - INFO - [Qiyida] Дейлик успешно собран
2026-09-19 09:11:01,551 - INFO - [Qiyida] Не находимся в энерго
2026-09-19 09:11:04,030 - INFO - [Qiyida] Нашел почту
2026-09-19 09:11:09,199 - INFO - [Qiyida] Лимит опыта, ливнул
2026-09-19 09:11:09,965 - INFO - [Qiyida] Нет новых почта или не удалось собрать
2026-09-19 09:11:11,784 - INFO - [Qiyida] Не находимся в энерго
2026-09-19 09:11:16,784 - INFO - [Qiyida] Нет красной точки на иконке достижений
2026-09-19 09:11:16,784 - INFO - [Qiyida] Нет новых ачивы или не удалось собрать
2026-09-19 09:11:18,617 - INFO - [Qiyida] Не находимся в энерго
2026-09-19 09:11:18,917 - INFO - [Qiyida] Нашел сбор клана
2026-09-19 09:11:28,665 - INFO - [Qiyida] Клан успешно собран
2026-09-19 09:11:30,485 - INFO - [Qiyida] Не находимся в энерго
2026-09-19 09:11:33,354 - INFO - [Qiyida] Нашел сбор альянса, жму
2026-09-19 09:11:37,842 - INFO - [Qiyida] Альянс успешно собран
2026-09-19 09:11:39,685 - INFO - [Qiyida] Не находимся в энерго
2026-09-19 09:11:45,185 - INFO - [Qiyida] Батлпасса нет, собирать не будем
2026-09-19 09:11:45,186 - INFO - [Qiyida] Нет новых пасс или не удалось собрать
2026-09-19 09:11:47,002 - INFO - [Qiyida] Не находимся в энерго
2026-09-19 09:11:52,026 - INFO - [Qiyida] Вылезла обычная реклама, закрыл гадость
2026-09-19 09:12:09,003 - INFO - [Qiyida] Шоп успешно собран
2026-09-19 09:12:10,818 - INFO - [Qiyida] Не находимся в энерго
2026-09-19 09:12:15,962 - INFO - [Qiyida] main_loop завершился
2026-09-19 12:09:05,832 - INFO - [Qiyida] Запуск Scheduler профиля
2026-09-19 12:09:05,862 - INFO - [Qiyida] Находимся в энергорежиме
2026-09-19 12:09:05,862 - INFO - [Qiyida] Был в энерго, вырубаю перед запуском Шедули
2026-09-19 12:09:14,299 - INFO - [Qiyida] Schedule запущен, жду 40 сек (окно само летит в город и закупается)
2026-09-19 12:10:00,431 - INFO - [Qiyida] Находимся в энергорежиме
2026-09-19 12:10:00,431 - INFO - [Qiyida] Энерго подтверждён (попытка 1)
2026-09-19 12:10:00,431 - INFO - [Qiyida] Энерго включён, профиль завершён
2026-09-19 12:10:00,432 - INFO - [Qiyida] main_loop завершился
2026-09-20 07:25:08,552 - INFO - [Qiyida] Данги: окно wx=1200 wy=570 400x225
2026-09-20 07:25:08,588 - INFO - [Qiyida] Находимся в энергорежиме
2026-09-20 07:25:15,370 - INFO - [Qiyida] Не находимся в энерго
2026-09-20 07:25:18,897 - INFO - [Qiyida] Данги: меню подземелий открыто
2026-09-20 07:25:18,917 - INFO - [Qiyida] Данги: сохранён blessed_menu_opened.png -> C:\Users\PC\Desktop\L2Mauto\profiles\Dungeon\blessed_menu_opened.png
2026-09-20 07:25:18,917 - WARNING - [Qiyida] Данги: blessed_zemlya.png не найден, fallback на text.png
2026-09-20 07:25:18,917 - WARNING - [Qiyida] Данги: файл шаблона не найден: C:\Users\PC\Desktop\L2Mauto\profiles\Dungeon\blessed_land_text.png
2026-09-20 07:25:18,942 - INFO - [Qiyida] Данги: сохранён blessed_scroll_00.png -> C:\Users\PC\Desktop\L2Mauto\profiles\Dungeon\blessed_scroll_00.png
2026-09-20 08:34:37,649 - INFO - [Qiyida] Данги: окно wx=1200 wy=570 400x225
2026-09-20 08:34:37,677 - INFO - [Qiyida] Находимся в энергорежиме
2026-09-20 08:34:45,264 - INFO - [Qiyida] Не находимся в энерго
2026-09-20 09:38:51,692 - INFO - [Qiyida] Данги: окно wx=1200 wy=570 400x225
2026-09-20 09:38:51,722 - INFO - [Qiyida] Находимся в энергорежиме
2026-09-20 09:38:59,206 - INFO - [Qiyida] Не находимся в энерго
2026-09-20 09:39:02,703 - INFO - [Qiyida] Данги: меню подземелий открыто
2026-09-20 09:39:02,732 - INFO - [Qiyida] Данги: сохранён blessed_menu_opened.png -> C:\Users\PC\Desktop\L2Mauto\profiles\Dungeon\blessed_menu_opened.png
2026-09-20 09:39:02,732 - WARNING - [Qiyida] Данги: blessed_zemlya.png не найден, fallback на text.png
2026-09-20 09:39:02,732 - WARNING - [Qiyida] Данги: файл шаблона не найден: C:\Users\PC\Desktop\L2Mauto\profiles\Dungeon\blessed_land_text.png
2026-09-20 09:39:02,744 - INFO - [Qiyida] Данги: сохранён blessed_scroll_00.png -> C:\Users\PC\Desktop\L2Mauto\profiles\Dungeon\blessed_scroll_00.png
2026-09-20 09:39:03,408 - DEBUG - [Qiyida] Данги OCR: 'rt | лыово | sagypucia | peer) | ~~ | ==. | _ | one | ” | lepecem | yearn | оо | wot | lepec | ena |'
2026-09-20 09:39:03,408 - DEBUG - [Qiyida] Данги: попытка 1/15 — TM=0.000 OCR=нет
2026-09-20 09:39:05,686 - DEBUG - [Qiyida] Данги OCR: '> | 6 | —— | bs | "iad | eh | cains | blasio | — | a | cpe | em | рииньноь | 0500 | an | geen | psec'
2026-09-20 09:39:05,686 - DEBUG - [Qiyida] Данги: попытка 2/15 — TM=0.000 OCR=нет
2026-09-20 09:39:08,367 - DEBUG - [Qiyida] Данги OCR: '"о" | | | so | erate | ili | po | ока | pe | re | остров | hemroscres | 1 | т. | * | pec | om | pero'
2026-09-20 09:39:08,368 - DEBUG - [Qiyida] Данги: попытка 3/15 — TM=0.000 OCR=нет
2026-09-20 09:39:10,410 - INFO - [Qiyida] Данги: сохранён blessed_scroll_03.png -> C:\Users\PC\Desktop\L2Mauto\profiles\Dungeon\blessed_scroll_03.png
2026-09-20 09:39:11,136 - DEBUG - [Qiyida] Данги OCR: 'ил | ура | туре | зч | = | о | 7 | ge | sees | as | tr | oy | rar | yeoet | | | bg | ee | x? | ee | '
2026-09-20 09:39:11,136 - DEBUG - [Qiyida] Данги: попытка 4/15 — TM=0.000 OCR=нет
2026-09-20 09:39:13,642 - DEBUG - [Qiyida] Данги OCR: '58 | . | 5, | deraperea | зимы, | ол | дл | > | м | hee | cepccen | memo | nite | и | "о | 8 | ат. |'
2026-09-20 09:39:13,642 - DEBUG - [Qiyida] Данги: попытка 5/15 — TM=0.000 OCR=нет
2026-09-20 09:39:16,035 - DEBUG - [Qiyida] Данги OCR: 'a | ал | ae | es | nan | eo | dene | ame | ame | akg | bp | ма | se | tk] | + | последмяя | орумейыя'
2026-09-20 09:39:16,035 - DEBUG - [Qiyida] Данги: попытка 6/15 — TM=0.000 OCR=нет
2026-09-20 09:39:18,527 - INFO - [Qiyida] Данги: сохранён blessed_scroll_06.png -> C:\Users\PC\Desktop\L2Mauto\profiles\Dungeon\blessed_scroll_06.png
2026-09-20 09:39:19,273 - DEBUG - [Qiyida] Данги OCR: 'ре | pe. | ты | пены | р | e20 | eee | 1%) | a | последмяя | opyartan | ok | ааеолиичиая | неа | жут'
2026-09-20 09:39:20,029 - DEBUG - [Qiyida] Данги: попытка 7/15 — TM=0.000 OCR=да
2026-09-20 09:39:20,029 - INFO - [Qiyida] Данги: найден через OCR (33,134)
2026-09-20 09:39:20,032 - INFO - [Qiyida] Данги: сохранён blessed_found_ocr.png -> C:\Users\PC\Desktop\L2Mauto\profiles\Dungeon\blessed_found_ocr.png
2026-09-20 09:39:20,032 - INFO - [Qiyida] Данги: клик по строке (33,134)
2026-09-20 09:39:22,186 - INFO - [Qiyida] Данги: кликнул, проверяю время доступа
2026-09-20 09:39:22,215 - INFO - [Qiyida] Данги: сохранён blessed_after_dungeon_click.png -> C:\Users\PC\Desktop\L2Mauto\profiles\Dungeon\blessed_after_dungeon_click.png
2026-09-20 09:39:22,226 - INFO - [Qiyida] Данги: сохранён blessed_time_check.png -> C:\Users\PC\Desktop\L2Mauto\profiles\Dungeon\blessed_time_check.png
2026-09-20 09:39:22,227 - INFO - [Qiyida] Данги: время доступа есть (белый=9, красный=0) — иду в данж
2026-09-20 09:39:23,522 - INFO - [Qiyida] Данги: клик Вход (340,202)
2026-09-20 09:39:25,781 - INFO - [Qiyida] Данги: нажал Вход
2026-09-20 09:39:25,797 - INFO - [Qiyida] Данги: сохранён blessed_after_vhod.png -> C:\Users\PC\Desktop\L2Mauto\profiles\Dungeon\blessed_after_vhod.png
2026-09-20 09:39:25,811 - INFO - [Qiyida] Данги: сохранён blessed_level_window.png -> C:\Users\PC\Desktop\L2Mauto\profiles\Dungeon\blessed_level_window.png
2026-09-20 09:39:26,120 - INFO - [Qiyida] Данги: пробую Ур.75 — клик по стрелке (260,164) окно 400x225
2026-09-20 09:39:28,427 - INFO - [Qiyida] Данги: сохранён blessed_after_Ур_75.png -> C:\Users\PC\Desktop\L2Mauto\profiles\Dungeon\blessed_after_Ур_75.png
2026-09-20 09:39:28,427 - INFO - [Qiyida] Данги: белый экран (mean=255) — данж запущен через Ур.75
2026-09-20 09:39:28,427 - INFO - [Qiyida] Данги: данж запущен, жду 8 сек на загрузку
2026-09-20 09:39:36,453 - INFO - [Qiyida] Данги: сохранён blessed_after_load.png -> C:\Users\PC\Desktop\L2Mauto\profiles\Dungeon\blessed_after_load.png
2026-09-20 09:39:38,275 - INFO - [Qiyida] Не находимся в энерго
2026-09-20 09:39:38,275 - INFO - [Qiyida] Данги: попытка усыпления 1/3
2026-09-20 09:39:44,439 - INFO - [Qiyida] Находимся в энергорежиме
2026-09-20 09:39:44,439 - INFO - [Qiyida] Данги: уснул с попытки 1
2026-09-20 09:39:44,440 - INFO - [Qiyida] Данги: Благословенная Земля запущена, окно в сне
2026-09-20 09:39:44,441 - INFO - [Qiyida] Данги: запущен фоновый upload скриншотов для Qiyida
2026-09-20 09:39:44,441 - INFO - [Qiyida] main_loop завершился
2026-09-20 14:36:40,054 - INFO - [Qiyida] Запуск Scheduler профиля
2026-09-20 14:36:40,073 - INFO - [Qiyida] Находимся в энергорежиме
2026-09-20 14:36:40,073 - INFO - [Qiyida] Был в энерго, вырубаю перед запуском Шедули
2026-09-20 14:36:47,907 - INFO - [Qiyida] Schedule запущен, жду 40 сек (окно само летит в город и закупается)
2026-09-20 14:37:34,002 - INFO - [Qiyida] Находимся в энергорежиме
2026-09-20 14:37:34,003 - INFO - [Qiyida] Энерго подтверждён (попытка 1)
2026-09-20 14:37:34,003 - INFO - [Qiyida] Энерго включён, профиль завершён
2026-09-20 14:37:34,005 - INFO - [Qiyida] main_loop завершился
2026-09-20 15:27:17,219 - INFO - [Qiyida] Находимся в энергорежиме
2026-09-20 15:27:29,385 - INFO - [Qiyida] Ищем вкладки
2026-09-20 15:27:31,416 - INFO - [Qiyida] Перешел на вкладку: (381, 34)
2026-09-20 15:27:32,842 - INFO - [Qiyida] Собираю награду тут: (302, 101)
2026-09-20 15:27:39,122 - INFO - [Qiyida] Перешел на вкладку: (381, 59)
2026-09-20 15:27:40,539 - INFO - [Qiyida] Собираю награду тут: (302, 101)
2026-09-20 15:27:45,095 - INFO - [Qiyida] Всего собрано: 2
2026-09-20 15:27:45,095 - INFO - [Qiyida] Дейлик успешно собран
2026-09-20 15:27:46,918 - INFO - [Qiyida] Не находимся в энерго
2026-09-20 15:27:49,366 - INFO - [Qiyida] Нашел почту
2026-09-20 15:27:56,219 - INFO - [Qiyida] Почта собрана
2026-09-20 15:27:56,732 - INFO - [Qiyida] Почта успешно собран
2026-09-20 15:27:58,569 - INFO - [Qiyida] Не находимся в энерго
2026-09-20 15:28:03,584 - INFO - [Qiyida] Нет красной точки на иконке достижений
2026-09-20 15:28:03,584 - INFO - [Qiyida] Нет новых ачивы или не удалось собрать
2026-09-20 15:28:05,419 - INFO - [Qiyida] Не находимся в энерго
2026-09-20 15:28:06,750 - INFO - [Qiyida] Нашел сбор клана
2026-09-20 15:28:16,614 - INFO - [Qiyida] Клан успешно собран
2026-09-20 15:28:18,423 - INFO - [Qiyida] Не находимся в энерго
2026-09-20 15:28:21,326 - INFO - [Qiyida] Нашел сбор альянса, жму
2026-09-20 15:28:27,549 - INFO - [Qiyida] Альянс успешно собран
2026-09-20 15:28:29,369 - INFO - [Qiyida] Не находимся в энерго
2026-09-20 15:28:34,488 - INFO - [Qiyida] Батлпасса нет, собирать не будем
2026-09-20 15:28:34,488 - INFO - [Qiyida] Нет новых пасс или не удалось собрать
2026-09-20 15:28:36,303 - INFO - [Qiyida] Не находимся в энерго
2026-09-20 15:28:41,358 - INFO - [Qiyida] Вылезла обычная реклама, закрыл гадость
2026-09-20 15:28:59,164 - INFO - [Qiyida] Шоп успешно собран
2026-09-20 15:29:00,985 - INFO - [Qiyida] Не находимся в энерго
2026-09-20 15:29:06,120 - INFO - [Qiyida] main_loop завершился
2026-09-21 07:23:22,115 - INFO - [Qiyida] Данги: окно wx=1200 wy=570 400x225
2026-09-21 07:23:22,135 - INFO - [Qiyida] Находимся в энергорежиме
2026-09-21 07:23:28,932 - INFO - [Qiyida] Не находимся в энерго
2026-09-21 07:23:32,465 - INFO - [Qiyida] Данги: меню подземелий открыто
2026-09-21 07:23:32,494 - INFO - [Qiyida] Данги: сохранён blessed_menu_opened.png -> C:\Users\PC\Desktop\L2Mauto\profiles\Dungeon\blessed_menu_opened.png
2026-09-21 07:23:32,495 - WARNING - [Qiyida] Данги: blessed_zemlya.png не найден, fallback на text.png
2026-09-21 07:23:32,495 - WARNING - [Qiyida] Данги: файл шаблона не найден: C:\Users\PC\Desktop\L2Mauto\profiles\Dungeon\blessed_land_text.png
2026-09-21 07:23:32,527 - INFO - [Qiyida] Данги: сохранён blessed_scroll_00.png -> C:\Users\PC\Desktop\L2Mauto\profiles\Dungeon\blessed_scroll_00.png
2026-09-21 07:23:33,471 - DEBUG - [Qiyida] Данги OCR: 'rt | лыово | sagypucia | peer) | ~~ | 2 | ваши, | _ | ona | ” | legocemppeareett0 | wot | lepet | om'
2026-09-21 07:23:33,471 - DEBUG - [Qiyida] Данги: попытка 1/15 — TM=0.000 OCR=нет
2026-09-21 07:23:35,970 - DEBUG - [Qiyida] Данги OCR: '— | о | °7оое | he | monet | commas | s+)... | * | рости | водо | ao | . | ktpecempesre | ecto | г..'
2026-09-21 07:23:35,971 - DEBUG - [Qiyida] Данги: попытка 2/15 — TM=0.000 OCR=нет
2026-09-21 07:23:38,934 - DEBUG - [Qiyida] Данги OCR: 'fa | у | + | остров | hewcroncrea | =>, | yoke | a | cpe | emt | ean | a | 000 | 5$ | в: | paroperen'
2026-09-21 07:23:38,935 - DEBUG - [Qiyida] Данги: попытка 3/15 — TM=0.000 OCR=нет
2026-09-21 07:23:40,920 - INFO - [Qiyida] Данги: сохранён blessed_scroll_03.png -> C:\Users\PC\Desktop\L2Mauto\profiles\Dungeon\blessed_scroll_03.png
2026-09-21 07:23:42,314 - DEBUG - [Qiyida] Данги OCR: 'е | зв | et | co | ceccompamen | ioe | nn | pn | ni | x? | ey | hs | ulpecompemn | eo, | reg | fs | '
2026-09-21 07:23:42,314 - DEBUG - [Qiyida] Данги: попытка 4/15 — TM=0.000 OCR=нет
2026-09-21 07:23:45,387 - DEBUG - [Qiyida] Данги OCR: 'р | 3 | we | uegecom | peat | oo | с | |. | tect | ames | cocace | ‘hey | г | последияя | м | роны |'
2026-09-21 07:23:45,387 - DEBUG - [Qiyida] Данги: попытка 5/15 — TM=0.000 OCR=нет
2026-09-21 07:23:48,186 - DEBUG - [Qiyida] Данги OCR: 'и | --———е | a | ал | ae | nan | eo | dene | ame | ame | akg | br | м. | tome | tk] | + | последмяя '
2026-09-21 07:23:49,274 - DEBUG - [Qiyida] Данги: попытка 6/15 — TM=0.000 OCR=да
2026-09-21 07:23:49,274 - INFO - [Qiyida] Данги: найден через OCR (33,169)
2026-09-21 07:23:49,277 - INFO - [Qiyida] Данги: сохранён blessed_found_ocr.png -> C:\Users\PC\Desktop\L2Mauto\profiles\Dungeon\blessed_found_ocr.png
2026-09-21 07:23:49,278 - INFO - [Qiyida] Данги: клик по строке (33,169)
2026-09-21 07:23:53,627 - INFO - [Qiyida] Данги: кликнул, проверяю время доступа
2026-09-21 07:23:53,663 - INFO - [Qiyida] Данги: сохранён blessed_after_dungeon_click.png -> C:\Users\PC\Desktop\L2Mauto\profiles\Dungeon\blessed_after_dungeon_click.png
2026-09-21 07:23:53,687 - INFO - [Qiyida] Данги: сохранён blessed_time_check.png -> C:\Users\PC\Desktop\L2Mauto\profiles\Dungeon\blessed_time_check.png
2026-09-21 07:23:53,688 - INFO - [Qiyida] Данги: время доступа есть (белый=0, красный=0) — иду в данж
2026-09-21 07:23:55,001 - INFO - [Qiyida] Данги: клик Вход (340,202)
2026-09-21 07:23:57,248 - INFO - [Qiyida] Данги: нажал Вход
2026-09-21 07:23:57,275 - INFO - [Qiyida] Данги: сохранён blessed_after_vhod.png -> C:\Users\PC\Desktop\L2Mauto\profiles\Dungeon\blessed_after_vhod.png
2026-09-21 07:23:57,293 - INFO - [Qiyida] Данги: сохранён blessed_level_window.png -> C:\Users\PC\Desktop\L2Mauto\profiles\Dungeon\blessed_level_window.png
2026-09-21 07:23:57,599 - INFO - [Qiyida] Данги: пробую Ур.75 — клик по стрелке (260,164) окно 400x225
2026-09-21 07:23:59,853 - INFO - [Qiyida] Данги: сохранён blessed_after_Ур_75.png -> C:\Users\PC\Desktop\L2Mauto\profiles\Dungeon\blessed_after_Ур_75.png
2026-09-21 07:23:59,854 - INFO - [Qiyida] Данги: белый экран (mean=255) — данж запущен через Ур.75
2026-09-21 07:23:59,854 - INFO - [Qiyida] Данги: данж запущен, жду 8 сек на загрузку
2026-09-21 07:24:07,878 - INFO - [Qiyida] Данги: сохранён blessed_after_load.png -> C:\Users\PC\Desktop\L2Mauto\profiles\Dungeon\blessed_after_load.png
2026-09-21 07:24:09,685 - INFO - [Qiyida] Не находимся в энерго
2026-09-21 07:24:09,685 - INFO - [Qiyida] Данги: попытка усыпления 1/3
2026-09-21 07:24:15,885 - INFO - [Qiyida] Находимся в энергорежиме
2026-09-21 07:24:15,886 - INFO - [Qiyida] Данги: уснул с попытки 1
2026-09-21 07:24:15,886 - INFO - [Qiyida] Данги: Благословенная Земля запущена, окно в сне
2026-09-21 07:24:15,886 - INFO - [Qiyida] Данги: запущен фоновый upload скриншотов для Qiyida
2026-09-21 07:24:15,886 - INFO - [Qiyida] main_loop завершился
2026-09-21 08:46:41,752 - INFO - [Qiyida] Находимся в энергорежиме
2026-09-21 08:46:53,920 - INFO - [Qiyida] Ищем вкладки
2026-09-21 08:46:55,937 - INFO - [Qiyida] Перешел на вкладку: (381, 34)
2026-09-21 08:46:57,393 - INFO - [Qiyida] Собираю награду тут: (302, 101)
2026-09-21 08:47:03,624 - INFO - [Qiyida] Перешел на вкладку: (381, 59)
2026-09-21 08:47:04,993 - INFO - [Qiyida] Собираю награду тут: (302, 101)
2026-09-21 08:47:09,512 - INFO - [Qiyida] Всего собрано: 2
2026-09-21 08:47:09,512 - INFO - [Qiyida] Дейлик успешно собран
2026-09-21 08:47:11,353 - INFO - [Qiyida] Не находимся в энерго
2026-09-21 08:47:14,002 - INFO - [Qiyida] Нашел почту
2026-09-21 08:47:20,796 - INFO - [Qiyida] Почта собрана
2026-09-21 08:47:21,310 - INFO - [Qiyida] Почта успешно собран
2026-09-21 08:47:23,152 - INFO - [Qiyida] Не находимся в энерго
2026-09-21 08:47:28,186 - INFO - [Qiyida] Нет красной точки на иконке достижений
2026-09-21 08:47:28,187 - INFO - [Qiyida] Нет новых ачивы или не удалось собрать
2026-09-21 08:47:30,020 - INFO - [Qiyida] Не находимся в энерго
2026-09-21 08:47:31,427 - INFO - [Qiyida] Нашел сбор клана
2026-09-21 08:47:41,382 - INFO - [Qiyida] Клан успешно собран
2026-09-21 08:47:43,203 - INFO - [Qiyida] Не находимся в энерго
2026-09-21 08:47:46,239 - INFO - [Qiyida] Нашел сбор альянса, жму
2026-09-21 08:47:52,479 - INFO - [Qiyida] Альянс успешно собран
2026-09-21 08:47:54,287 - INFO - [Qiyida] Не находимся в энерго
2026-09-21 08:47:59,422 - INFO - [Qiyida] Батлпасса нет, собирать не будем
2026-09-21 08:47:59,422 - INFO - [Qiyida] Нет новых пасс или не удалось собрать
2026-09-21 08:48:01,239 - INFO - [Qiyida] Не находимся в энерго
2026-09-21 08:48:31,421 - INFO - [Qiyida] Что-то пошло не так, не трогаю окно, зырь в него
2026-09-21 08:48:31,421 - INFO - [Qiyida] Нет новых шоп или не удалось собрать
2026-09-21 08:48:33,238 - INFO - [Qiyida] Не находимся в энерго
2026-09-21 08:48:38,398 - INFO - [Qiyida] main_loop завершился
2026-09-21 14:37:29,994 - INFO - [Qiyida] Запуск Scheduler профиля
2026-09-21 14:37:30,011 - INFO - [Qiyida] Находимся в энергорежиме
2026-09-21 14:37:30,011 - INFO - [Qiyida] Был в энерго, вырубаю перед запуском Шедули
2026-09-21 14:37:37,751 - INFO - [Qiyida] Schedule запущен, жду 40 сек (окно само летит в город и закупается)
2026-09-21 14:38:23,913 - INFO - [Qiyida] Находимся в энергорежиме
2026-09-21 14:38:23,913 - INFO - [Qiyida] Энерго подтверждён (попытка 1)
2026-09-21 14:38:23,913 - INFO - [Qiyida] Энерго включён, профиль завершён
2026-09-21 14:38:23,913 - INFO - [Qiyida] main_loop завершился
2026-09-21 23:01:43,153 - INFO - [Qiyida] Находимся в энергорежиме
2026-09-21 23:01:51,468 - INFO - [Qiyida] Не нашел красной точки, скипаю
2026-09-21 23:01:51,468 - INFO - [Qiyida] Нет новых дейлик или не удалось собрать
2026-09-21 23:01:53,303 - INFO - [Qiyida] Не находимся в энерго
2026-09-21 23:01:55,424 - INFO - [Qiyida] Нашел почту
2026-09-21 23:02:06,290 - INFO - [Qiyida] Почта собрана
2026-09-21 23:02:06,786 - INFO - [Qiyida] Почта успешно собран
2026-09-21 23:02:08,621 - INFO - [Qiyida] Не находимся в энерго
2026-09-21 23:02:13,620 - INFO - [Qiyida] Нет красной точки на иконке достижений
2026-09-21 23:02:13,620 - INFO - [Qiyida] Нет новых ачивы или не удалось собрать
2026-09-21 23:02:15,438 - INFO - [Qiyida] Не находимся в энерго
2026-09-21 23:02:18,070 - INFO - [Qiyida] Нет красной точки клана
2026-09-21 23:02:18,070 - INFO - [Qiyida] Нет новых клан или не удалось собрать
2026-09-21 23:02:19,904 - INFO - [Qiyida] Не находимся в энерго
2026-09-21 23:02:22,211 - INFO - [Qiyida] Нашел сбор альянса, жму
2026-09-21 23:02:26,672 - INFO - [Qiyida] Не нашел alliance_donate_2_button
2026-09-21 23:02:28,711 - INFO - [Qiyida] Нет новых альянс или не удалось собрать
2026-09-21 23:02:30,537 - INFO - [Qiyida] Не находимся в энерго
2026-09-21 23:02:35,654 - INFO - [Qiyida] Батлпасса нет, собирать не будем
2026-09-21 23:02:35,654 - INFO - [Qiyida] Нет новых пасс или не удалось собрать
2026-09-21 23:02:37,472 - INFO - [Qiyida] Не находимся в энерго
2026-09-21 23:02:42,690 - INFO - [Qiyida] Вылезла обычная реклама, закрыл гадость
2026-09-21 23:02:50,103 - INFO - [Qiyida] Чет пошло не так, skip!
2026-09-21 23:02:56,043 - INFO - [Qiyida] Чет пошло не так, skip!
2026-09-21 23:02:57,209 - INFO - [Qiyida] Шоп успешно собран
2026-09-21 23:02:59,022 - INFO - [Qiyida] Не находимся в энерго
2026-09-21 23:03:04,146 - INFO - [Qiyida] main_loop завершился
2026-09-21 23:26:21,985 - INFO - [Qiyida] Запуск Scheduler профиля
2026-09-21 23:26:21,996 - INFO - [Qiyida] Находимся в энергорежиме
2026-09-21 23:26:21,996 - INFO - [Qiyida] Был в энерго, вырубаю перед запуском Шедули
2026-09-21 23:26:29,765 - INFO - [Qiyida] Schedule запущен, жду 40 сек (окно само летит в город и закупается)
2026-09-21 23:27:15,945 - INFO - [Qiyida] Находимся в энергорежиме
2026-09-21 23:27:15,945 - INFO - [Qiyida] Энерго подтверждён (попытка 1)
2026-09-21 23:27:15,945 - INFO - [Qiyida] Энерго включён, профиль завершён
2026-09-21 23:27:15,945 - INFO - [Qiyida] main_loop завершился
2026-09-22 08:41:04,785 - INFO - [Qiyida] Данги: окно wx=1200 wy=570 400x225
2026-09-22 08:41:04,811 - INFO - [Qiyida] Находимся в энергорежиме
2026-09-22 08:41:12,360 - INFO - [Qiyida] Не находимся в энерго
2026-09-22 08:41:17,302 - INFO - [Qiyida] Данги: меню подземелий открыто
2026-09-22 08:41:17,342 - INFO - [Qiyida] Данги: сохранён blessed_menu_opened.png -> C:\Users\PC\Desktop\L2Mauto\profiles\Dungeon\blessed_menu_opened.png
2026-09-22 08:41:17,342 - WARNING - [Qiyida] Данги: blessed_zemlya.png не найден, fallback на text.png
2026-09-22 08:41:17,342 - WARNING - [Qiyida] Данги: файл шаблона не найден: C:\Users\PC\Desktop\L2Mauto\profiles\Dungeon\blessed_land_text.png
2026-09-22 08:41:17,364 - INFO - [Qiyida] Данги: сохранён blessed_scroll_00.png -> C:\Users\PC\Desktop\L2Mauto\profiles\Dungeon\blessed_scroll_00.png
2026-09-22 08:41:18,439 - DEBUG - [Qiyida] Данги OCR: '=, | 7 | at | oe | молельма | comme | < | +. | ^^ | lgl | ome | prea | 8 | со | a | lope | ome | eae'
2026-09-22 08:41:18,440 - DEBUG - [Qiyida] Данги: попытка 1/15 — TM=0.000 OCR=нет
2026-09-22 08:41:21,258 - DEBUG - [Qiyida] Данги OCR: '— | о | °7оое | he | monet | commas | s+)... | * | рости | водо | ao | . | ktpecempesre | ecto | г..'
2026-09-22 08:41:21,258 - DEBUG - [Qiyida] Данги: попытка 2/15 — TM=0.000 OCR=нет
2026-09-22 08:41:24,145 - DEBUG - [Qiyida] Данги OCR: 'fa | у | + | остров | hencroscrea | =>, | yoke | a | cpe | emt | ean | a | 000 | 5$ | в: | paroperen'
2026-09-22 08:41:24,145 - DEBUG - [Qiyida] Данги: попытка 3/15 — TM=0.000 OCR=нет
2026-09-22 08:41:26,181 - INFO - [Qiyida] Данги: сохранён blessed_scroll_03.png -> C:\Users\PC\Desktop\L2Mauto\profiles\Dungeon\blessed_scroll_03.png
2026-09-22 08:41:27,497 - DEBUG - [Qiyida] Данги OCR: 'е | зв | et | co | ceccompamen | ioe | nn | pn | ni | x? | ey | hs | ulpecompemn | eo, | reg | fs | '
2026-09-22 08:41:27,498 - DEBUG - [Qiyida] Данги: попытка 4/15 — TM=0.000 OCR=нет
2026-09-22 08:41:29,978 - DEBUG - [Qiyida] Данги OCR: '|з | и | hy | we | chee | om | pate | 800, | mpa | pacemeta | eo | atk | ake | specempraanees000 | з'
2026-09-22 08:41:29,978 - DEBUG - [Qiyida] Данги: попытка 5/15 — TM=0.000 OCR=нет
2026-09-22 08:41:33,067 - DEBUG - [Qiyida] Данги OCR: 'и | --———е | a | ал | ae | nan | eo | dene | ame | ame | akg | br | м. | tome | tk] | + | последмяя '
2026-09-22 08:41:34,128 - DEBUG - [Qiyida] Данги: попытка 6/15 — TM=0.000 OCR=да
2026-09-22 08:41:34,128 - INFO - [Qiyida] Данги: найден через OCR (33,169)
2026-09-22 08:41:34,132 - INFO - [Qiyida] Данги: сохранён blessed_found_ocr.png -> C:\Users\PC\Desktop\L2Mauto\profiles\Dungeon\blessed_found_ocr.png
2026-09-22 08:41:34,132 - INFO - [Qiyida] Данги: клик по строке (33,169)
2026-09-22 08:41:38,377 - INFO - [Qiyida] Данги: кликнул, проверяю время доступа
2026-09-22 08:41:38,403 - INFO - [Qiyida] Данги: сохранён blessed_after_dungeon_click.png -> C:\Users\PC\Desktop\L2Mauto\profiles\Dungeon\blessed_after_dungeon_click.png
2026-09-22 08:41:38,430 - INFO - [Qiyida] Данги: сохранён blessed_time_check.png -> C:\Users\PC\Desktop\L2Mauto\profiles\Dungeon\blessed_time_check.png
2026-09-22 08:41:38,432 - INFO - [Qiyida] Данги: время доступа есть (белый=0, красный=0) — иду в данж
2026-09-22 08:41:39,729 - INFO - [Qiyida] Данги: клик Вход (340,202)
2026-09-22 08:41:41,980 - INFO - [Qiyida] Данги: нажал Вход
2026-09-22 08:41:42,003 - INFO - [Qiyida] Данги: сохранён blessed_after_vhod.png -> C:\Users\PC\Desktop\L2Mauto\profiles\Dungeon\blessed_after_vhod.png
2026-09-22 08:41:42,033 - INFO - [Qiyida] Данги: сохранён blessed_level_window.png -> C:\Users\PC\Desktop\L2Mauto\profiles\Dungeon\blessed_level_window.png
2026-09-22 08:41:42,337 - INFO - [Qiyida] Данги: пробую Ур.75 — клик по стрелке (260,164) окно 400x225
2026-09-22 08:41:44,634 - INFO - [Qiyida] Данги: сохранён blessed_after_Ур_75.png -> C:\Users\PC\Desktop\L2Mauto\profiles\Dungeon\blessed_after_Ур_75.png
2026-09-22 08:41:44,635 - INFO - [Qiyida] Данги: белый экран (mean=255) — данж запущен через Ур.75
2026-09-22 08:41:44,636 - INFO - [Qiyida] Данги: данж запущен, жду 8 сек на загрузку
2026-09-22 08:41:52,655 - INFO - [Qiyida] Данги: сохранён blessed_after_load.png -> C:\Users\PC\Desktop\L2Mauto\profiles\Dungeon\blessed_after_load.png
2026-09-22 08:41:54,477 - INFO - [Qiyida] Не находимся в энерго
2026-09-22 08:41:54,477 - INFO - [Qiyida] Данги: попытка усыпления 1/3
2026-09-22 08:42:00,577 - INFO - [Qiyida] Находимся в энергорежиме
2026-09-22 08:42:00,577 - INFO - [Qiyida] Данги: уснул с попытки 1
2026-09-22 08:42:00,577 - INFO - [Qiyida] Данги: Благословенная Земля запущена, окно в сне
2026-09-22 08:42:00,577 - INFO - [Qiyida] Данги: запущен фоновый upload скриншотов для Qiyida
2026-09-22 08:42:00,578 - INFO - [Qiyida] main_loop завершился
2026-09-22 09:27:57,390 - INFO - [Qiyida] Находимся в энергорежиме
2026-09-22 09:28:09,642 - INFO - [Qiyida] Ищем вкладки
2026-09-22 09:28:11,656 - INFO - [Qiyida] Перешел на вкладку: (381, 34)
2026-09-22 09:28:13,100 - INFO - [Qiyida] Собираю награду тут: (302, 101)
2026-09-22 09:28:19,383 - INFO - [Qiyida] Перешел на вкладку: (381, 59)
2026-09-22 09:28:20,897 - INFO - [Qiyida] Собираю награду тут: (302, 101)
2026-09-22 09:28:23,719 - INFO - [Qiyida] Всего собрано: 2
2026-09-22 09:28:23,720 - INFO - [Qiyida] Дейлик успешно собран
2026-09-22 09:28:25,540 - INFO - [Qiyida] Не находимся в энерго
2026-09-22 09:28:28,343 - INFO - [Qiyida] Нашел почту
2026-09-22 09:28:34,073 - INFO - [Qiyida] Лимит опыта, ливнул
2026-09-22 09:28:34,858 - INFO - [Qiyida] Нет новых почта или не удалось собрать
2026-09-22 09:28:36,692 - INFO - [Qiyida] Не находимся в энерго
2026-09-22 09:28:41,711 - INFO - [Qiyida] Нет красной точки на иконке достижений
2026-09-22 09:28:41,711 - INFO - [Qiyida] Нет новых ачивы или не удалось собрать
2026-09-22 09:28:43,527 - INFO - [Qiyida] Не находимся в энерго
2026-09-22 09:28:43,932 - INFO - [Qiyida] Нашел сбор клана
2026-09-22 09:28:53,971 - INFO - [Qiyida] Клан успешно собран
2026-09-22 09:28:55,808 - INFO - [Qiyida] Не находимся в энерго
2026-09-22 09:28:59,025 - INFO - [Qiyida] Нашел сбор альянса, жму
2026-09-22 09:29:03,764 - INFO - [Qiyida] Альянс успешно собран
2026-09-22 09:29:05,591 - INFO - [Qiyida] Не находимся в энерго
2026-09-22 09:29:10,759 - INFO - [Qiyida] Батлпасса нет, собирать не будем
2026-09-22 09:29:10,759 - INFO - [Qiyida] Нет новых пасс или не удалось собрать
2026-09-22 09:29:12,576 - INFO - [Qiyida] Не находимся в энерго
2026-09-22 09:29:18,200 - INFO - [Qiyida] Вылезла обычная реклама, закрыл гадость
2026-09-22 09:29:37,264 - INFO - [Qiyida] Шоп успешно собран
2026-09-22 09:29:39,093 - INFO - [Qiyida] Не находимся в энерго
2026-09-22 09:29:44,203 - INFO - [Qiyida] main_loop завершился
2026-09-22 12:06:12,911 - INFO - [Qiyida] Запуск Scheduler профиля
2026-09-22 12:06:12,930 - INFO - [Qiyida] Находимся в энергорежиме
2026-09-22 12:06:12,931 - INFO - [Qiyida] Был в энерго, вырубаю перед запуском Шедули
2026-09-22 12:06:20,729 - INFO - [Qiyida] Schedule запущен, жду 40 сек (окно само летит в город и закупается)
2026-09-22 12:07:06,847 - INFO - [Qiyida] Находимся в энергорежиме
2026-09-22 12:07:06,847 - INFO - [Qiyida] Энерго подтверждён (попытка 1)
2026-09-22 12:07:06,847 - INFO - [Qiyida] Энерго включён, профиль завершён
2026-09-22 12:07:06,847 - INFO - [Qiyida] main_loop завершился
2026-09-22 23:04:41,451 - INFO - [Qiyida] Запуск Scheduler профиля
2026-09-22 23:04:41,467 - INFO - [Qiyida] Находимся в энергорежиме
2026-09-22 23:04:41,467 - INFO - [Qiyida] Был в энерго, вырубаю перед запуском Шедули
2026-09-22 23:04:49,337 - INFO - [Qiyida] Schedule запущен, жду 40 сек (окно само летит в город и закупается)
2026-09-22 23:05:35,533 - INFO - [Qiyida] Находимся в энергорежиме
2026-09-22 23:05:35,533 - INFO - [Qiyida] Энерго подтверждён (попытка 1)
2026-09-22 23:05:35,533 - INFO - [Qiyida] Энерго включён, профиль завершён
2026-09-22 23:05:35,533 - INFO - [Qiyida] main_loop завершился
2026-09-22 23:31:11,543 - INFO - [Qiyida] Находимся в энергорежиме
2026-09-22 23:31:20,009 - INFO - [Qiyida] Не нашел красной точки, скипаю
2026-09-22 23:31:20,010 - INFO - [Qiyida] Нет новых дейлик или не удалось собрать
2026-09-22 23:31:21,809 - INFO - [Qiyida] Не находимся в энерго
2026-09-22 23:31:23,887 - INFO - [Qiyida] Нашел почту
2026-09-22 23:31:34,915 - INFO - [Qiyida] Почта собрана
2026-09-22 23:31:35,411 - INFO - [Qiyida] Почта успешно собран
2026-09-22 23:31:37,224 - INFO - [Qiyida] Не находимся в энерго
2026-09-22 23:31:42,243 - INFO - [Qiyida] Нет красной точки на иконке достижений
2026-09-22 23:31:42,244 - INFO - [Qiyida] Нет новых ачивы или не удалось собрать
2026-09-22 23:31:44,062 - INFO - [Qiyida] Не находимся в энерго
2026-09-22 23:31:45,297 - INFO - [Qiyida] Нашел сбор клана
2026-09-22 23:31:48,313 - INFO - [Qiyida] Не нашел clan_1
2026-09-22 23:31:48,586 - INFO - [Qiyida] Нет новых клан или не удалось собрать
2026-09-22 23:31:50,396 - INFO - [Qiyida] Не находимся в энерго
2026-09-22 23:31:53,331 - INFO - [Qiyida] Нашел сбор альянса, жму
2026-09-22 23:31:58,179 - INFO - [Qiyida] Не нашел alliance_donate_2_button
2026-09-22 23:32:00,276 - INFO - [Qiyida] Нет новых альянс или не удалось собрать
2026-09-22 23:32:02,076 - INFO - [Qiyida] Не находимся в энерго
2026-09-22 23:32:07,259 - INFO - [Qiyida] Батлпасса нет, собирать не будем
2026-09-22 23:32:07,260 - INFO - [Qiyida] Нет новых пасс или не удалось собрать
2026-09-22 23:32:09,061 - INFO - [Qiyida] Не находимся в энерго
2026-09-22 23:32:16,228 - INFO - [Qiyida] Вылезла обычная реклама, закрыл гадость
2026-09-22 23:32:23,710 - INFO - [Qiyida] Чет пошло не так, skip!
2026-09-22 23:32:29,659 - INFO - [Qiyida] Чет пошло не так, skip!
2026-09-22 23:32:30,864 - INFO - [Qiyida] Шоп успешно собран
2026-09-22 23:32:32,693 - INFO - [Qiyida] Не находимся в энерго
2026-09-22 23:32:37,829 - INFO - [Qiyida] main_loop завершился
2026-09-23 11:58:56,590 - INFO - [Qiyida] Данги: окно wx=1200 wy=570 400x225
2026-09-23 11:58:56,600 - INFO - [Qiyida] Находимся в энергорежиме
2026-09-23 11:59:03,383 - INFO - [Qiyida] Не находимся в энерго
2026-09-23 11:59:03,383 - INFO - [Qiyida] _wake_up: вышли из сна с попытки 1
2026-09-23 11:59:06,934 - INFO - [Qiyida] Данги: меню подземелий открыто
2026-09-23 11:59:06,957 - INFO - [Qiyida] Данги: сохранён blessed_menu_opened.png -> C:\Users\PC\Desktop\L2Mauto\profiles\Dungeon\blessed_menu_opened.png
2026-09-23 11:59:06,958 - WARNING - [Qiyida] Данги: blessed_zemlya.png не найден, fallback на text.png
2026-09-23 11:59:06,958 - WARNING - [Qiyida] Данги: файл шаблона не найден: C:\Users\PC\Desktop\L2Mauto\profiles\Dungeon\blessed_land_text.png
2026-09-23 11:59:06,969 - INFO - [Qiyida] Данги: сохранён blessed_scroll_00.png -> C:\Users\PC\Desktop\L2Mauto\profiles\Dungeon\blessed_scroll_00.png
2026-09-23 11:59:07,701 - DEBUG - [Qiyida] Данги OCR: '.. | er | . | was: | ра | г. | . | sian, | - | = | ca | soe | . | . | 7 | me | re | nee | ™ | . | © '
2026-09-23 11:59:07,701 - DEBUG - [Qiyida] Данги: попытка 1/15 — TM=0.000 OCR=нет
2026-09-23 11:59:09,555 - DEBUG - [Qiyida] Данги OCR: 'pe | re | остров | hemcroscres | 1 | a | i | oy | hp | emt | ppateen | 0000 | cade | а | пень | 2 | '
2026-09-23 11:59:09,555 - DEBUG - [Qiyida] Данги: попытка 2/15 — TM=0.000 OCR=нет
2026-09-23 11:59:11,931 - DEBUG - [Qiyida] Данги OCR: '5: | be | ft | cigecom | pee | e | 000 | slit | ко | lpecempyaane | 8 | 1000 | 1060-06 | 0 | а | ee '
2026-09-23 11:59:11,932 - DEBUG - [Qiyida] Данги: попытка 3/15 — TM=0.000 OCR=нет
2026-09-23 11:59:13,521 - INFO - [Qiyida] Данги: сохранён blessed_scroll_03.png -> C:\Users\PC\Desktop\L2Mauto\profiles\Dungeon\blessed_scroll_03.png
2026-09-23 11:59:14,481 - DEBUG - [Qiyida] Данги OCR: 'а. | бо | о | оон | иоибиминй | р | re | ce: | в | воин | clann | een | ten | eke | 8 | хром | рассв'
2026-09-23 11:59:14,481 - DEBUG - [Qiyida] Данги: попытка 4/15 — TM=0.000 OCR=нет
2026-09-23 11:59:17,966 - DEBUG - [Qiyida] Данги OCR: 'a. | ee | a | a | ал | ie. | ae | портить | ale | alo | le | tk] | + | последмяя | орузейныя | парит'
2026-09-23 11:59:17,966 - DEBUG - [Qiyida] Данги: попытка 5/15 — TM=0.000 OCR=нет
2026-09-23 11:59:19,489 - DEBUG - [Qiyida] Данги OCR: 'tk] | a | последмяя | opyartan | м | аноним | рые | wecryne | нот | .. | poste | sen | . | gurocacse'
2026-09-23 11:59:20,125 - DEBUG - [Qiyida] Данги: попытка 6/15 — TM=0.000 OCR=да
2026-09-23 11:59:20,125 - INFO - [Qiyida] Данги: найден через OCR (33,121)
2026-09-23 11:59:20,128 - INFO - [Qiyida] Данги: сохранён blessed_found_ocr.png -> C:\Users\PC\Desktop\L2Mauto\profiles\Dungeon\blessed_found_ocr.png
2026-09-23 11:59:20,128 - INFO - [Qiyida] Данги: клик по строке (33,121)
2026-09-23 11:59:22,209 - INFO - [Qiyida] Данги: кликнул, проверяю время доступа
2026-09-23 11:59:22,223 - INFO - [Qiyida] Данги: сохранён blessed_after_dungeon_click.png -> C:\Users\PC\Desktop\L2Mauto\profiles\Dungeon\blessed_after_dungeon_click.png
2026-09-23 11:59:22,234 - INFO - [Qiyida] Данги: сохранён blessed_time_check.png -> C:\Users\PC\Desktop\L2Mauto\profiles\Dungeon\blessed_time_check.png
2026-09-23 11:59:22,235 - INFO - [Qiyida] Данги: время доступа есть (белый=0, красный=0) — иду в данж
2026-09-23 11:59:23,539 - INFO - [Qiyida] Данги: клик Вход (340,202)
2026-09-23 11:59:25,822 - INFO - [Qiyida] Данги: нажал Вход
2026-09-23 11:59:25,839 - INFO - [Qiyida] Данги: сохранён blessed_after_vhod.png -> C:\Users\PC\Desktop\L2Mauto\profiles\Dungeon\blessed_after_vhod.png
2026-09-23 11:59:25,855 - INFO - [Qiyida] Данги: сохранён blessed_level_window.png -> C:\Users\PC\Desktop\L2Mauto\profiles\Dungeon\blessed_level_window.png
2026-09-23 11:59:26,158 - INFO - [Qiyida] Данги: пробую Ур.75 — клик по стрелке (260,164) окно 400x225
2026-09-23 11:59:28,437 - INFO - [Qiyida] Данги: сохранён blessed_after_Ур_75.png -> C:\Users\PC\Desktop\L2Mauto\profiles\Dungeon\blessed_after_Ур_75.png
2026-09-23 11:59:28,437 - INFO - [Qiyida] Данги: белый экран (mean=255) — данж запущен через Ур.75
2026-09-23 11:59:28,437 - INFO - [Qiyida] Данги: данж запущен, жду 8 сек на загрузку
2026-09-23 11:59:36,458 - INFO - [Qiyida] Данги: сохранён blessed_after_load.png -> C:\Users\PC\Desktop\L2Mauto\profiles\Dungeon\blessed_after_load.png
2026-09-23 11:59:38,266 - INFO - [Qiyida] Не находимся в энерго
2026-09-23 11:59:38,266 - INFO - [Qiyida] Данги: попытка усыпления 1/3
2026-09-23 11:59:44,383 - INFO - [Qiyida] Находимся в энергорежиме
2026-09-23 11:59:44,383 - INFO - [Qiyida] Данги: уснул с попытки 1
2026-09-23 11:59:44,383 - INFO - [Qiyida] Данги: Благословенная Земля запущена, окно в сне
2026-09-23 11:59:44,384 - INFO - [Qiyida] Данги: запущен фоновый upload скриншотов для Qiyida
2026-09-23 11:59:44,384 - INFO - [Qiyida] main_loop завершился
