=== Log tail 2026-09-28T12:31:37.441511 | last 200 lines ===
2026-09-28 12:22:41,275 - DEBUG - [global] _api_put: PUT runs/20260928_122238_fail_periodic.log -> 409 (12417 bytes)
2026-09-28 12:22:41,275 - WARNING - [global] _api_put: PUT failed body: {"message":"is at 7fea498b4cd0d8c9b55522ed26861509f8f68232 but expected 85ecf9c33daa3b488695884a164ffe0a8253eeb8","documentation_url":"https://docs.github.com/rest/repos/contents#create-or-update-file
2026-09-28 12:22:41,278 - DEBUG - [global] log_uploader: STEP 1 (window log) -> FAILED
2026-09-28 12:22:41,279 - DEBUG - [global] log_uploader: STEP 2 SKIP (no PNGs)
2026-09-28 12:22:42,442 - DEBUG - [global] _api_put: GET runs/20260928_122238_fail_global.log -> 404
2026-09-28 12:22:43,573 - INFO - [global] Проверяю обновы...
2026-09-28 12:22:44,590 - DEBUG - [global] needs_update: raw → 5.13.09
2026-09-28 12:22:44,633 - DEBUG - [global] _api_put: PUT runs/20260928_122238_fail_global.log -> 201 (20389 bytes)
2026-09-28 12:22:44,635 - DEBUG - [global] log_uploader: STEP 3 (global log) -> https://github.com/StarateJI/L2Mauto/blob/bot-logs/runs/20260928_122238_fail_global.log
2026-09-28 12:22:44,635 - DEBUG - [global] log_uploader: END window=periodic
2026-09-28 12:22:44,635 - INFO - [global] LogUploader: upload_run_logs завершён
2026-09-28 12:22:44,792 - DEBUG - [global] needs_update: API → 5.13.09
2026-09-28 12:22:44,792 - DEBUG - [global] needs_update: лучший источник raw → 5.13.09 (из 2)
2026-09-28 12:22:44,792 - INFO - [global] needs_update: local=(5, 13, 7) remote=(5, 13, 9) -> has_update=True
2026-09-28 12:22:44,792 - INFO - [global] Доступна обнова! Спавню кнопку
2026-09-28 12:23:14,814 - INFO - [global] Проверяю обновы...
2026-09-28 12:23:15,824 - DEBUG - [global] needs_update: raw → 5.13.09
2026-09-28 12:23:15,969 - DEBUG - [global] needs_update: API → 5.13.09
2026-09-28 12:23:15,969 - DEBUG - [global] needs_update: лучший источник raw → 5.13.09 (из 2)
2026-09-28 12:23:15,970 - INFO - [global] needs_update: local=(5, 13, 7) remote=(5, 13, 9) -> has_update=True
2026-09-28 12:23:15,970 - INFO - [global] Доступна обнова! Спавню кнопку
2026-09-28 12:23:44,686 - INFO - [global] LogUploader: запускаю upload_run_logs...
2026-09-28 12:23:44,687 - DEBUG - [global] log_uploader: START window=periodic made=-1 token=...Rjnfq
2026-09-28 12:23:45,719 - DEBUG - [global] _api_put: GET runs/20260928_122344_fail_periodic.log -> 404
2026-09-28 12:23:45,986 - INFO - [global] Проверяю обновы...
2026-09-28 12:23:47,013 - DEBUG - [global] needs_update: raw → 5.13.09
2026-09-28 12:23:47,211 - DEBUG - [global] needs_update: API → 5.13.09
2026-09-28 12:23:47,212 - DEBUG - [global] needs_update: лучший источник raw → 5.13.09 (из 2)
2026-09-28 12:23:47,212 - INFO - [global] needs_update: local=(5, 13, 7) remote=(5, 13, 9) -> has_update=True
2026-09-28 12:23:47,212 - INFO - [global] Доступна обнова! Спавню кнопку
2026-09-28 12:23:48,204 - DEBUG - [global] _api_put: PUT runs/20260928_122344_fail_periodic.log -> 201 (12417 bytes)
2026-09-28 12:23:48,208 - DEBUG - [global] log_uploader: STEP 1 (window log) -> https://github.com/StarateJI/L2Mauto/blob/bot-logs/runs/20260928_122344_fail_periodic.log
2026-09-28 12:23:48,210 - DEBUG - [global] log_uploader: STEP 2 SKIP (no PNGs)
2026-09-28 12:23:49,401 - DEBUG - [global] _api_put: GET runs/20260928_122344_fail_global.log -> 404
2026-09-28 12:23:51,432 - DEBUG - [global] _api_put: PUT runs/20260928_122344_fail_global.log -> 201 (20269 bytes)
2026-09-28 12:23:51,435 - DEBUG - [global] log_uploader: STEP 3 (global log) -> https://github.com/StarateJI/L2Mauto/blob/bot-logs/runs/20260928_122344_fail_global.log
2026-09-28 12:23:51,435 - DEBUG - [global] log_uploader: END window=periodic
2026-09-28 12:23:51,435 - INFO - [global] LogUploader: upload_run_logs завершён
2026-09-28 12:24:17,226 - INFO - [global] Проверяю обновы...
2026-09-28 12:24:18,195 - DEBUG - [global] needs_update: raw → 5.13.09
2026-09-28 12:24:18,392 - DEBUG - [global] needs_update: API → 5.13.09
2026-09-28 12:24:18,393 - DEBUG - [global] needs_update: лучший источник raw → 5.13.09 (из 2)
2026-09-28 12:24:18,393 - INFO - [global] needs_update: local=(5, 13, 7) remote=(5, 13, 9) -> has_update=True
2026-09-28 12:24:18,393 - INFO - [global] Доступна обнова! Спавню кнопку
2026-09-28 12:24:48,412 - INFO - [global] Проверяю обновы...
2026-09-28 12:24:49,349 - DEBUG - [global] needs_update: raw → 5.13.09
2026-09-28 12:24:49,553 - DEBUG - [global] needs_update: API → 5.13.09
2026-09-28 12:24:49,554 - DEBUG - [global] needs_update: лучший источник raw → 5.13.09 (из 2)
2026-09-28 12:24:49,554 - INFO - [global] needs_update: local=(5, 13, 7) remote=(5, 13, 9) -> has_update=True
2026-09-28 12:24:49,554 - INFO - [global] Доступна обнова! Спавню кнопку
2026-09-28 12:24:51,482 - INFO - [global] LogUploader: запускаю upload_run_logs...
2026-09-28 12:24:51,484 - DEBUG - [global] log_uploader: START window=periodic made=-1 token=...Rjnfq
2026-09-28 12:24:52,540 - DEBUG - [global] _api_put: GET runs/20260928_122451_fail_periodic.log -> 404
2026-09-28 12:24:54,988 - DEBUG - [global] _api_put: PUT runs/20260928_122451_fail_periodic.log -> 201 (12417 bytes)
2026-09-28 12:24:54,991 - DEBUG - [global] log_uploader: STEP 1 (window log) -> https://github.com/StarateJI/L2Mauto/blob/bot-logs/runs/20260928_122451_fail_periodic.log
2026-09-28 12:24:54,991 - DEBUG - [global] log_uploader: STEP 2 SKIP (no PNGs)
2026-09-28 12:24:56,228 - DEBUG - [global] _api_put: GET runs/20260928_122451_fail_global.log -> 404
2026-09-28 12:24:58,315 - DEBUG - [global] _api_put: PUT runs/20260928_122451_fail_global.log -> 201 (20414 bytes)
2026-09-28 12:24:58,319 - DEBUG - [global] log_uploader: STEP 3 (global log) -> https://github.com/StarateJI/L2Mauto/blob/bot-logs/runs/20260928_122451_fail_global.log
2026-09-28 12:24:58,319 - DEBUG - [global] log_uploader: END window=periodic
2026-09-28 12:24:58,319 - INFO - [global] LogUploader: upload_run_logs завершён
2026-09-28 12:25:19,569 - INFO - [global] Проверяю обновы...
2026-09-28 12:25:20,586 - DEBUG - [global] needs_update: raw → 5.13.09
2026-09-28 12:25:20,764 - DEBUG - [global] needs_update: API → 5.13.09
2026-09-28 12:25:20,764 - DEBUG - [global] needs_update: лучший источник raw → 5.13.09 (из 2)
2026-09-28 12:25:20,764 - INFO - [global] needs_update: local=(5, 13, 7) remote=(5, 13, 9) -> has_update=True
2026-09-28 12:25:20,764 - INFO - [global] Доступна обнова! Спавню кнопку
2026-09-28 12:25:50,782 - INFO - [global] Проверяю обновы...
2026-09-28 12:25:51,795 - DEBUG - [global] needs_update: raw → 5.13.09
2026-09-28 12:25:51,971 - DEBUG - [global] needs_update: API → 5.13.09
2026-09-28 12:25:51,971 - DEBUG - [global] needs_update: лучший источник raw → 5.13.09 (из 2)
2026-09-28 12:25:51,972 - INFO - [global] needs_update: local=(5, 13, 7) remote=(5, 13, 9) -> has_update=True
2026-09-28 12:25:51,972 - INFO - [global] Доступна обнова! Спавню кнопку
2026-09-28 12:25:58,352 - INFO - [global] LogUploader: запускаю upload_run_logs...
2026-09-28 12:25:58,355 - DEBUG - [global] log_uploader: START window=periodic made=-1 token=...Rjnfq
2026-09-28 12:25:59,482 - DEBUG - [global] _api_put: GET runs/20260928_122558_fail_periodic.log -> 404
2026-09-28 12:26:01,618 - DEBUG - [global] _api_put: PUT runs/20260928_122558_fail_periodic.log -> 201 (12417 bytes)
2026-09-28 12:26:01,621 - DEBUG - [global] log_uploader: STEP 1 (window log) -> https://github.com/StarateJI/L2Mauto/blob/bot-logs/runs/20260928_122558_fail_periodic.log
2026-09-28 12:26:01,622 - DEBUG - [global] log_uploader: STEP 2 SKIP (no PNGs)
2026-09-28 12:26:02,952 - DEBUG - [global] _api_put: GET runs/20260928_122558_fail_global.log -> 404
2026-09-28 12:26:05,160 - DEBUG - [global] _api_put: PUT runs/20260928_122558_fail_global.log -> 201 (20389 bytes)
2026-09-28 12:26:05,163 - DEBUG - [global] log_uploader: STEP 3 (global log) -> https://github.com/StarateJI/L2Mauto/blob/bot-logs/runs/20260928_122558_fail_global.log
2026-09-28 12:26:05,163 - DEBUG - [global] log_uploader: END window=periodic
2026-09-28 12:26:05,163 - INFO - [global] LogUploader: upload_run_logs завершён
2026-09-28 12:26:21,991 - INFO - [global] Проверяю обновы...
2026-09-28 12:26:23,059 - DEBUG - [global] needs_update: raw → 5.13.09
2026-09-28 12:26:23,259 - DEBUG - [global] needs_update: API → 5.13.09
2026-09-28 12:26:23,260 - DEBUG - [global] needs_update: лучший источник raw → 5.13.09 (из 2)
2026-09-28 12:26:23,260 - INFO - [global] needs_update: local=(5, 13, 7) remote=(5, 13, 9) -> has_update=True
2026-09-28 12:26:23,260 - INFO - [global] Доступна обнова! Спавню кнопку
2026-09-28 12:26:53,281 - INFO - [global] Проверяю обновы...
2026-09-28 12:26:54,277 - DEBUG - [global] needs_update: raw → 5.13.09
2026-09-28 12:26:54,534 - DEBUG - [global] needs_update: API → 5.13.09
2026-09-28 12:26:54,535 - DEBUG - [global] needs_update: лучший источник raw → 5.13.09 (из 2)
2026-09-28 12:26:54,535 - INFO - [global] needs_update: local=(5, 13, 7) remote=(5, 13, 9) -> has_update=True
2026-09-28 12:26:54,535 - INFO - [global] Доступна обнова! Спавню кнопку
2026-09-28 12:27:05,199 - INFO - [global] LogUploader: запускаю upload_run_logs...
2026-09-28 12:27:05,201 - DEBUG - [global] log_uploader: START window=periodic made=-1 token=...Rjnfq
2026-09-28 12:27:06,316 - DEBUG - [global] _api_put: GET runs/20260928_122705_fail_periodic.log -> 404
2026-09-28 12:27:08,469 - DEBUG - [global] _api_put: PUT runs/20260928_122705_fail_periodic.log -> 201 (12417 bytes)
2026-09-28 12:27:08,471 - DEBUG - [global] log_uploader: STEP 1 (window log) -> https://github.com/StarateJI/L2Mauto/blob/bot-logs/runs/20260928_122705_fail_periodic.log
2026-09-28 12:27:08,471 - DEBUG - [global] log_uploader: STEP 2 SKIP (no PNGs)
2026-09-28 12:27:09,705 - DEBUG - [global] _api_put: GET runs/20260928_122705_fail_global.log -> 404
2026-09-28 12:27:11,781 - DEBUG - [global] _api_put: PUT runs/20260928_122705_fail_global.log -> 201 (20389 bytes)
2026-09-28 12:27:11,785 - DEBUG - [global] log_uploader: STEP 3 (global log) -> https://github.com/StarateJI/L2Mauto/blob/bot-logs/runs/20260928_122705_fail_global.log
2026-09-28 12:27:11,785 - DEBUG - [global] log_uploader: END window=periodic
2026-09-28 12:27:11,785 - INFO - [global] LogUploader: upload_run_logs завершён
2026-09-28 12:27:24,555 - INFO - [global] Проверяю обновы...
2026-09-28 12:27:25,639 - DEBUG - [global] needs_update: raw → 5.13.09
2026-09-28 12:27:25,866 - DEBUG - [global] needs_update: API → 5.13.09
2026-09-28 12:27:25,867 - DEBUG - [global] needs_update: лучший источник raw → 5.13.09 (из 2)
2026-09-28 12:27:25,868 - INFO - [global] needs_update: local=(5, 13, 7) remote=(5, 13, 9) -> has_update=True
2026-09-28 12:27:25,869 - INFO - [global] Доступна обнова! Спавню кнопку
2026-09-28 12:27:55,887 - INFO - [global] Проверяю обновы...
2026-09-28 12:27:56,916 - DEBUG - [global] needs_update: raw → 5.13.09
2026-09-28 12:27:57,185 - DEBUG - [global] needs_update: API → 5.13.09
2026-09-28 12:27:57,186 - DEBUG - [global] needs_update: лучший источник raw → 5.13.09 (из 2)
2026-09-28 12:27:57,186 - INFO - [global] needs_update: local=(5, 13, 7) remote=(5, 13, 9) -> has_update=True
2026-09-28 12:27:57,186 - INFO - [global] Доступна обнова! Спавню кнопку
2026-09-28 12:28:11,827 - INFO - [global] LogUploader: запускаю upload_run_logs...
2026-09-28 12:28:11,829 - DEBUG - [global] log_uploader: START window=periodic made=-1 token=...Rjnfq
2026-09-28 12:28:12,982 - DEBUG - [global] _api_put: GET runs/20260928_122811_fail_periodic.log -> 404
2026-09-28 12:28:15,645 - DEBUG - [global] _api_put: PUT runs/20260928_122811_fail_periodic.log -> 201 (12417 bytes)
2026-09-28 12:28:15,648 - DEBUG - [global] log_uploader: STEP 1 (window log) -> https://github.com/StarateJI/L2Mauto/blob/bot-logs/runs/20260928_122811_fail_periodic.log
2026-09-28 12:28:15,649 - DEBUG - [global] log_uploader: STEP 2 SKIP (no PNGs)
2026-09-28 12:28:16,911 - DEBUG - [global] _api_put: GET runs/20260928_122811_fail_global.log -> 404
2026-09-28 12:28:19,107 - DEBUG - [global] _api_put: PUT runs/20260928_122811_fail_global.log -> 201 (20296 bytes)
2026-09-28 12:28:19,109 - DEBUG - [global] log_uploader: STEP 3 (global log) -> https://github.com/StarateJI/L2Mauto/blob/bot-logs/runs/20260928_122811_fail_global.log
2026-09-28 12:28:19,110 - DEBUG - [global] log_uploader: END window=periodic
2026-09-28 12:28:19,110 - INFO - [global] LogUploader: upload_run_logs завершён
2026-09-28 12:28:27,212 - INFO - [global] Проверяю обновы...
2026-09-28 12:28:28,244 - DEBUG - [global] needs_update: raw → 5.13.09
2026-09-28 12:28:28,449 - DEBUG - [global] needs_update: API → 5.13.09
2026-09-28 12:28:28,449 - DEBUG - [global] needs_update: лучший источник raw → 5.13.09 (из 2)
2026-09-28 12:28:28,450 - INFO - [global] needs_update: local=(5, 13, 7) remote=(5, 13, 9) -> has_update=True
2026-09-28 12:28:28,450 - INFO - [global] Доступна обнова! Спавню кнопку
2026-09-28 12:28:58,492 - INFO - [global] Проверяю обновы...
2026-09-28 12:28:59,752 - DEBUG - [global] needs_update: raw → 5.13.09
2026-09-28 12:28:59,907 - DEBUG - [global] needs_update: API → 5.13.09
2026-09-28 12:28:59,908 - DEBUG - [global] needs_update: лучший источник raw → 5.13.09 (из 2)
2026-09-28 12:28:59,909 - INFO - [global] needs_update: local=(5, 13, 7) remote=(5, 13, 9) -> has_update=True
2026-09-28 12:28:59,909 - INFO - [global] Доступна обнова! Спавню кнопку
2026-09-28 12:29:19,211 - INFO - [global] LogUploader: запускаю upload_run_logs...
2026-09-28 12:29:19,216 - DEBUG - [global] log_uploader: START window=periodic made=-1 token=...Rjnfq
2026-09-28 12:29:20,461 - DEBUG - [global] _api_put: GET runs/20260928_122919_fail_periodic.log -> 404
2026-09-28 12:29:22,743 - DEBUG - [global] _api_put: PUT runs/20260928_122919_fail_periodic.log -> 201 (12417 bytes)
2026-09-28 12:29:22,746 - DEBUG - [global] log_uploader: STEP 1 (window log) -> https://github.com/StarateJI/L2Mauto/blob/bot-logs/runs/20260928_122919_fail_periodic.log
2026-09-28 12:29:22,747 - DEBUG - [global] log_uploader: STEP 2 SKIP (no PNGs)
2026-09-28 12:29:24,196 - DEBUG - [global] _api_put: GET runs/20260928_122919_fail_global.log -> 404
2026-09-28 12:29:26,460 - DEBUG - [global] _api_put: PUT runs/20260928_122919_fail_global.log -> 201 (20296 bytes)
2026-09-28 12:29:26,464 - DEBUG - [global] log_uploader: STEP 3 (global log) -> https://github.com/StarateJI/L2Mauto/blob/bot-logs/runs/20260928_122919_fail_global.log
2026-09-28 12:29:26,464 - DEBUG - [global] log_uploader: END window=periodic
2026-09-28 12:29:26,464 - INFO - [global] LogUploader: upload_run_logs завершён
2026-09-28 12:29:30,001 - INFO - [global] Проверяю обновы...
2026-09-28 12:29:31,072 - DEBUG - [global] needs_update: raw → 5.13.09
2026-09-28 12:29:31,304 - DEBUG - [global] needs_update: API → 5.13.09
2026-09-28 12:29:31,306 - DEBUG - [global] needs_update: лучший источник raw → 5.13.09 (из 2)
2026-09-28 12:29:31,306 - INFO - [global] needs_update: local=(5, 13, 7) remote=(5, 13, 9) -> has_update=True
2026-09-28 12:29:31,306 - INFO - [global] Доступна обнова! Спавню кнопку
2026-09-28 12:30:01,390 - INFO - [global] Проверяю обновы...
2026-09-28 12:30:02,457 - DEBUG - [global] needs_update: raw → 5.13.09
2026-09-28 12:30:02,701 - DEBUG - [global] needs_update: API → 5.13.09
2026-09-28 12:30:02,703 - DEBUG - [global] needs_update: лучший источник raw → 5.13.09 (из 2)
2026-09-28 12:30:02,703 - INFO - [global] needs_update: local=(5, 13, 7) remote=(5, 13, 9) -> has_update=True
2026-09-28 12:30:02,703 - INFO - [global] Доступна обнова! Спавню кнопку
2026-09-28 12:30:26,646 - INFO - [global] LogUploader: запускаю upload_run_logs...
2026-09-28 12:30:26,649 - DEBUG - [global] log_uploader: START window=periodic made=-1 token=...Rjnfq
2026-09-28 12:30:27,858 - DEBUG - [global] _api_put: GET runs/20260928_123026_fail_periodic.log -> 404
2026-09-28 12:30:30,030 - DEBUG - [global] _api_put: PUT runs/20260928_123026_fail_periodic.log -> 201 (12417 bytes)
2026-09-28 12:30:30,034 - DEBUG - [global] log_uploader: STEP 1 (window log) -> https://github.com/StarateJI/L2Mauto/blob/bot-logs/runs/20260928_123026_fail_periodic.log
2026-09-28 12:30:30,035 - DEBUG - [global] log_uploader: STEP 2 SKIP (no PNGs)
2026-09-28 12:30:31,338 - DEBUG - [global] _api_put: GET runs/20260928_123026_fail_global.log -> 404
2026-09-28 12:30:32,740 - INFO - [global] Проверяю обновы...
2026-09-28 12:30:33,504 - DEBUG - [global] _api_put: PUT runs/20260928_123026_fail_global.log -> 201 (20296 bytes)
2026-09-28 12:30:33,506 - DEBUG - [global] log_uploader: STEP 3 (global log) -> https://github.com/StarateJI/L2Mauto/blob/bot-logs/runs/20260928_123026_fail_global.log
2026-09-28 12:30:33,507 - DEBUG - [global] log_uploader: END window=periodic
2026-09-28 12:30:33,507 - INFO - [global] LogUploader: upload_run_logs завершён
2026-09-28 12:30:33,806 - DEBUG - [global] needs_update: raw → 5.13.09
2026-09-28 12:30:34,198 - DEBUG - [global] needs_update: API → 5.13.09
2026-09-28 12:30:34,199 - DEBUG - [global] needs_update: лучший источник raw → 5.13.09 (из 2)
2026-09-28 12:30:34,199 - INFO - [global] needs_update: local=(5, 13, 7) remote=(5, 13, 9) -> has_update=True
2026-09-28 12:30:34,199 - INFO - [global] Доступна обнова! Спавню кнопку
2026-09-28 12:31:04,229 - INFO - [global] Проверяю обновы...
2026-09-28 12:31:05,355 - DEBUG - [global] needs_update: raw → 5.13.09
2026-09-28 12:31:05,541 - DEBUG - [global] needs_update: API → 5.13.09
2026-09-28 12:31:05,543 - DEBUG - [global] needs_update: лучший источник raw → 5.13.09 (из 2)
2026-09-28 12:31:05,544 - INFO - [global] needs_update: local=(5, 13, 7) remote=(5, 13, 9) -> has_update=True
2026-09-28 12:31:05,544 - INFO - [global] Доступна обнова! Спавню кнопку
2026-09-28 12:31:33,553 - INFO - [global] LogUploader: запускаю upload_run_logs...
2026-09-28 12:31:33,555 - DEBUG - [global] log_uploader: START window=periodic made=-1 token=...Rjnfq
2026-09-28 12:31:34,683 - DEBUG - [global] _api_put: GET runs/20260928_123133_fail_periodic.log -> 404
2026-09-28 12:31:35,569 - INFO - [global] Проверяю обновы...
2026-09-28 12:31:36,686 - DEBUG - [global] needs_update: raw → 5.13.09
2026-09-28 12:31:36,772 - DEBUG - [global] needs_update: API → 5.13.09
2026-09-28 12:31:36,772 - DEBUG - [global] needs_update: лучший источник raw → 5.13.09 (из 2)
2026-09-28 12:31:36,772 - INFO - [global] needs_update: local=(5, 13, 7) remote=(5, 13, 9) -> has_update=True
2026-09-28 12:31:36,772 - INFO - [global] Доступна обнова! Спавню кнопку
2026-09-28 12:31:37,307 - DEBUG - [global] _api_put: PUT runs/20260928_123133_fail_periodic.log -> 201 (12417 bytes)
2026-09-28 12:31:37,310 - DEBUG - [global] log_uploader: STEP 1 (window log) -> https://github.com/StarateJI/L2Mauto/blob/bot-logs/runs/20260928_123133_fail_periodic.log
2026-09-28 12:31:37,311 - DEBUG - [global] log_uploader: STEP 2 SKIP (no PNGs)
