=== Log tail 2026-09-16T06:24:36.730401 | last 200 lines ===
2026-09-16 06:16:55,052 - DEBUG - [global] log_uploader: START window=periodic made=-1 token=...Rjnfq
2026-09-16 06:16:56,062 - DEBUG - [global] _api_put: GET runs/20260916_061655_fail_periodic.log -> 404
2026-09-16 06:16:57,523 - DEBUG - [global] _api_put: PUT runs/20260916_061655_fail_periodic.log -> 201 (8836 bytes)
2026-09-16 06:16:57,526 - DEBUG - [global] log_uploader: STEP 1 (window log) -> https://github.com/StarateJI/L2Mauto/blob/bot-logs/runs/20260916_061655_fail_periodic.log
2026-09-16 06:16:57,527 - DEBUG - [global] log_uploader: STEP 2 SKIP (no PNGs)
2026-09-16 06:16:58,645 - DEBUG - [global] _api_put: GET runs/20260916_061655_fail_global.log -> 404
2026-09-16 06:17:00,245 - DEBUG - [global] _api_put: PUT runs/20260916_061655_fail_global.log -> 201 (21725 bytes)
2026-09-16 06:17:00,249 - DEBUG - [global] log_uploader: STEP 3 (global log) -> https://github.com/StarateJI/L2Mauto/blob/bot-logs/runs/20260916_061655_fail_global.log
2026-09-16 06:17:00,249 - DEBUG - [global] log_uploader: END window=periodic
2026-09-16 06:17:00,249 - INFO - [global] LogUploader: upload_run_logs завершён
2026-09-16 06:17:22,701 - INFO - [global] Проверяю обновы...
2026-09-16 06:17:23,556 - DEBUG - [global] needs_update: raw → 5.7.0
2026-09-16 06:17:24,417 - DEBUG - [global] needs_update: API failed: HTTPError: 403 Client Error: rate limit exceeded for url: https://api.github.com/repos/StarateJI/L2Mauto/contents/bot/version.txt?ref=main
2026-09-16 06:17:25,294 - DEBUG - [global] needs_update: jsdelivr → 5.6.42
2026-09-16 06:17:25,295 - DEBUG - [global] needs_update: лучший источник raw → 5.7.0 (из 2)
2026-09-16 06:17:25,298 - INFO - [global] needs_update: local=(5, 6, 52) remote=(5, 7, 0) -> has_update=True
2026-09-16 06:17:25,298 - INFO - [global] Доступна обнова! Спавню кнопку
2026-09-16 06:17:55,321 - INFO - [global] Проверяю обновы...
2026-09-16 06:17:56,139 - DEBUG - [global] needs_update: raw → 5.7.0
2026-09-16 06:17:56,990 - DEBUG - [global] needs_update: API failed: HTTPError: 403 Client Error: rate limit exceeded for url: https://api.github.com/repos/StarateJI/L2Mauto/contents/bot/version.txt?ref=main
2026-09-16 06:17:57,817 - DEBUG - [global] needs_update: jsdelivr → 5.6.42
2026-09-16 06:17:57,817 - DEBUG - [global] needs_update: лучший источник raw → 5.7.0 (из 2)
2026-09-16 06:17:57,819 - INFO - [global] needs_update: local=(5, 6, 52) remote=(5, 7, 0) -> has_update=True
2026-09-16 06:17:57,819 - INFO - [global] Доступна обнова! Спавню кнопку
2026-09-16 06:18:00,298 - INFO - [global] LogUploader: запускаю upload_run_logs...
2026-09-16 06:18:00,300 - DEBUG - [global] log_uploader: START window=periodic made=-1 token=...Rjnfq
2026-09-16 06:18:01,532 - DEBUG - [global] _api_put: GET runs/20260916_061800_fail_periodic.log -> 404
2026-09-16 06:18:03,190 - DEBUG - [global] _api_put: PUT runs/20260916_061800_fail_periodic.log -> 201 (8836 bytes)
2026-09-16 06:18:03,193 - DEBUG - [global] log_uploader: STEP 1 (window log) -> https://github.com/StarateJI/L2Mauto/blob/bot-logs/runs/20260916_061800_fail_periodic.log
2026-09-16 06:18:03,193 - DEBUG - [global] log_uploader: STEP 2 SKIP (no PNGs)
2026-09-16 06:18:04,274 - DEBUG - [global] _api_put: GET runs/20260916_061800_fail_global.log -> 404
2026-09-16 06:18:05,945 - DEBUG - [global] _api_put: PUT runs/20260916_061800_fail_global.log -> 201 (21725 bytes)
2026-09-16 06:18:05,947 - DEBUG - [global] log_uploader: STEP 3 (global log) -> https://github.com/StarateJI/L2Mauto/blob/bot-logs/runs/20260916_061800_fail_global.log
2026-09-16 06:18:05,947 - DEBUG - [global] log_uploader: END window=periodic
2026-09-16 06:18:05,948 - INFO - [global] LogUploader: upload_run_logs завершён
2026-09-16 06:18:27,838 - INFO - [global] Проверяю обновы...
2026-09-16 06:18:28,686 - DEBUG - [global] needs_update: raw → 5.7.0
2026-09-16 06:18:29,547 - DEBUG - [global] needs_update: API failed: HTTPError: 403 Client Error: rate limit exceeded for url: https://api.github.com/repos/StarateJI/L2Mauto/contents/bot/version.txt?ref=main
2026-09-16 06:18:30,414 - DEBUG - [global] needs_update: jsdelivr → 5.6.42
2026-09-16 06:18:30,414 - DEBUG - [global] needs_update: лучший источник raw → 5.7.0 (из 2)
2026-09-16 06:18:30,417 - INFO - [global] needs_update: local=(5, 6, 52) remote=(5, 7, 0) -> has_update=True
2026-09-16 06:18:30,417 - INFO - [global] Доступна обнова! Спавню кнопку
2026-09-16 06:19:00,444 - INFO - [global] Проверяю обновы...
2026-09-16 06:19:01,313 - DEBUG - [global] needs_update: raw → 5.7.0
2026-09-16 06:19:02,181 - DEBUG - [global] needs_update: API failed: HTTPError: 403 Client Error: rate limit exceeded for url: https://api.github.com/repos/StarateJI/L2Mauto/contents/bot/version.txt?ref=main
2026-09-16 06:19:02,999 - DEBUG - [global] needs_update: jsdelivr → 5.6.42
2026-09-16 06:19:02,999 - DEBUG - [global] needs_update: лучший источник raw → 5.7.0 (из 2)
2026-09-16 06:19:03,002 - INFO - [global] needs_update: local=(5, 6, 52) remote=(5, 7, 0) -> has_update=True
2026-09-16 06:19:03,002 - INFO - [global] Доступна обнова! Спавню кнопку
2026-09-16 06:19:05,977 - INFO - [global] LogUploader: запускаю upload_run_logs...
2026-09-16 06:19:05,979 - DEBUG - [global] log_uploader: START window=periodic made=-1 token=...Rjnfq
2026-09-16 06:19:07,021 - DEBUG - [global] _api_put: GET runs/20260916_061905_fail_periodic.log -> 404
2026-09-16 06:19:08,639 - DEBUG - [global] _api_put: PUT runs/20260916_061905_fail_periodic.log -> 201 (8836 bytes)
2026-09-16 06:19:08,642 - DEBUG - [global] log_uploader: STEP 1 (window log) -> https://github.com/StarateJI/L2Mauto/blob/bot-logs/runs/20260916_061905_fail_periodic.log
2026-09-16 06:19:08,642 - DEBUG - [global] log_uploader: STEP 2 SKIP (no PNGs)
2026-09-16 06:19:09,763 - DEBUG - [global] _api_put: GET runs/20260916_061905_fail_global.log -> 404
2026-09-16 06:19:11,403 - DEBUG - [global] _api_put: PUT runs/20260916_061905_fail_global.log -> 201 (21725 bytes)
2026-09-16 06:19:11,407 - DEBUG - [global] log_uploader: STEP 3 (global log) -> https://github.com/StarateJI/L2Mauto/blob/bot-logs/runs/20260916_061905_fail_global.log
2026-09-16 06:19:11,407 - DEBUG - [global] log_uploader: END window=periodic
2026-09-16 06:19:11,407 - INFO - [global] LogUploader: upload_run_logs завершён
2026-09-16 06:19:33,034 - INFO - [global] Проверяю обновы...
2026-09-16 06:19:33,896 - DEBUG - [global] needs_update: raw → 5.7.0
2026-09-16 06:19:34,783 - DEBUG - [global] needs_update: API failed: HTTPError: 403 Client Error: rate limit exceeded for url: https://api.github.com/repos/StarateJI/L2Mauto/contents/bot/version.txt?ref=main
2026-09-16 06:19:35,694 - DEBUG - [global] needs_update: jsdelivr → 5.6.42
2026-09-16 06:19:35,694 - DEBUG - [global] needs_update: лучший источник raw → 5.7.0 (из 2)
2026-09-16 06:19:35,697 - INFO - [global] needs_update: local=(5, 6, 52) remote=(5, 7, 0) -> has_update=True
2026-09-16 06:19:35,697 - INFO - [global] Доступна обнова! Спавню кнопку
2026-09-16 06:20:05,724 - INFO - [global] Проверяю обновы...
2026-09-16 06:20:06,582 - DEBUG - [global] needs_update: raw → 5.7.0
2026-09-16 06:20:07,459 - DEBUG - [global] needs_update: API failed: HTTPError: 403 Client Error: rate limit exceeded for url: https://api.github.com/repos/StarateJI/L2Mauto/contents/bot/version.txt?ref=main
2026-09-16 06:20:08,316 - DEBUG - [global] needs_update: jsdelivr → 5.6.42
2026-09-16 06:20:08,317 - DEBUG - [global] needs_update: лучший источник raw → 5.7.0 (из 2)
2026-09-16 06:20:08,319 - INFO - [global] needs_update: local=(5, 6, 52) remote=(5, 7, 0) -> has_update=True
2026-09-16 06:20:08,319 - INFO - [global] Доступна обнова! Спавню кнопку
2026-09-16 06:20:11,469 - INFO - [global] LogUploader: запускаю upload_run_logs...
2026-09-16 06:20:11,470 - DEBUG - [global] log_uploader: START window=periodic made=-1 token=...Rjnfq
2026-09-16 06:20:12,524 - DEBUG - [global] _api_put: GET runs/20260916_062011_fail_periodic.log -> 404
2026-09-16 06:20:14,124 - DEBUG - [global] _api_put: PUT runs/20260916_062011_fail_periodic.log -> 201 (8836 bytes)
2026-09-16 06:20:14,127 - DEBUG - [global] log_uploader: STEP 1 (window log) -> https://github.com/StarateJI/L2Mauto/blob/bot-logs/runs/20260916_062011_fail_periodic.log
2026-09-16 06:20:14,128 - DEBUG - [global] log_uploader: STEP 2 SKIP (no PNGs)
2026-09-16 06:20:15,252 - DEBUG - [global] _api_put: GET runs/20260916_062011_fail_global.log -> 404
2026-09-16 06:20:17,015 - DEBUG - [global] _api_put: PUT runs/20260916_062011_fail_global.log -> 201 (21725 bytes)
2026-09-16 06:20:17,018 - DEBUG - [global] log_uploader: STEP 3 (global log) -> https://github.com/StarateJI/L2Mauto/blob/bot-logs/runs/20260916_062011_fail_global.log
2026-09-16 06:20:17,018 - DEBUG - [global] log_uploader: END window=periodic
2026-09-16 06:20:17,018 - INFO - [global] LogUploader: upload_run_logs завершён
2026-09-16 06:20:38,347 - INFO - [global] Проверяю обновы...
2026-09-16 06:20:39,199 - DEBUG - [global] needs_update: raw → 5.7.0
2026-09-16 06:20:40,046 - DEBUG - [global] needs_update: API failed: HTTPError: 403 Client Error: rate limit exceeded for url: https://api.github.com/repos/StarateJI/L2Mauto/contents/bot/version.txt?ref=main
2026-09-16 06:20:40,891 - DEBUG - [global] needs_update: jsdelivr → 5.6.42
2026-09-16 06:20:40,892 - DEBUG - [global] needs_update: лучший источник raw → 5.7.0 (из 2)
2026-09-16 06:20:40,894 - INFO - [global] needs_update: local=(5, 6, 52) remote=(5, 7, 0) -> has_update=True
2026-09-16 06:20:40,895 - INFO - [global] Доступна обнова! Спавню кнопку
2026-09-16 06:21:10,913 - INFO - [global] Проверяю обновы...
2026-09-16 06:21:11,748 - DEBUG - [global] needs_update: raw → 5.7.0
2026-09-16 06:21:12,606 - DEBUG - [global] needs_update: API failed: HTTPError: 403 Client Error: rate limit exceeded for url: https://api.github.com/repos/StarateJI/L2Mauto/contents/bot/version.txt?ref=main
2026-09-16 06:21:13,451 - DEBUG - [global] needs_update: jsdelivr → 5.6.42
2026-09-16 06:21:13,451 - DEBUG - [global] needs_update: лучший источник raw → 5.7.0 (из 2)
2026-09-16 06:21:13,454 - INFO - [global] needs_update: local=(5, 6, 52) remote=(5, 7, 0) -> has_update=True
2026-09-16 06:21:13,454 - INFO - [global] Доступна обнова! Спавню кнопку
2026-09-16 06:21:17,071 - INFO - [global] LogUploader: запускаю upload_run_logs...
2026-09-16 06:21:17,072 - DEBUG - [global] log_uploader: START window=periodic made=-1 token=...Rjnfq
2026-09-16 06:21:18,108 - DEBUG - [global] _api_put: GET runs/20260916_062117_fail_periodic.log -> 404
2026-09-16 06:21:19,575 - DEBUG - [global] _api_put: PUT runs/20260916_062117_fail_periodic.log -> 201 (8836 bytes)
2026-09-16 06:21:19,579 - DEBUG - [global] log_uploader: STEP 1 (window log) -> https://github.com/StarateJI/L2Mauto/blob/bot-logs/runs/20260916_062117_fail_periodic.log
2026-09-16 06:21:19,580 - DEBUG - [global] log_uploader: STEP 2 SKIP (no PNGs)
2026-09-16 06:21:20,689 - DEBUG - [global] _api_put: GET runs/20260916_062117_fail_global.log -> 404
2026-09-16 06:21:22,532 - DEBUG - [global] _api_put: PUT runs/20260916_062117_fail_global.log -> 201 (21725 bytes)
2026-09-16 06:21:22,535 - DEBUG - [global] log_uploader: STEP 3 (global log) -> https://github.com/StarateJI/L2Mauto/blob/bot-logs/runs/20260916_062117_fail_global.log
2026-09-16 06:21:22,535 - DEBUG - [global] log_uploader: END window=periodic
2026-09-16 06:21:22,535 - INFO - [global] LogUploader: upload_run_logs завершён
2026-09-16 06:21:43,479 - INFO - [global] Проверяю обновы...
2026-09-16 06:21:44,335 - DEBUG - [global] needs_update: raw → 5.7.0
2026-09-16 06:21:45,181 - DEBUG - [global] needs_update: API failed: HTTPError: 403 Client Error: rate limit exceeded for url: https://api.github.com/repos/StarateJI/L2Mauto/contents/bot/version.txt?ref=main
2026-09-16 06:21:45,943 - DEBUG - [global] needs_update: jsdelivr → 5.6.38
2026-09-16 06:21:45,943 - DEBUG - [global] needs_update: лучший источник raw → 5.7.0 (из 2)
2026-09-16 06:21:45,946 - INFO - [global] needs_update: local=(5, 6, 52) remote=(5, 7, 0) -> has_update=True
2026-09-16 06:21:45,946 - INFO - [global] Доступна обнова! Спавню кнопку
2026-09-16 06:22:15,965 - INFO - [global] Проверяю обновы...
2026-09-16 06:22:16,792 - DEBUG - [global] needs_update: raw → 5.7.0
2026-09-16 06:22:17,649 - DEBUG - [global] needs_update: API failed: HTTPError: 403 Client Error: rate limit exceeded for url: https://api.github.com/repos/StarateJI/L2Mauto/contents/bot/version.txt?ref=main
2026-09-16 06:22:18,389 - DEBUG - [global] needs_update: jsdelivr → 5.6.38
2026-09-16 06:22:18,389 - DEBUG - [global] needs_update: лучший источник raw → 5.7.0 (из 2)
2026-09-16 06:22:18,392 - INFO - [global] needs_update: local=(5, 6, 52) remote=(5, 7, 0) -> has_update=True
2026-09-16 06:22:18,392 - INFO - [global] Доступна обнова! Спавню кнопку
2026-09-16 06:22:22,592 - INFO - [global] LogUploader: запускаю upload_run_logs...
2026-09-16 06:22:22,593 - DEBUG - [global] log_uploader: START window=periodic made=-1 token=...Rjnfq
2026-09-16 06:22:23,607 - DEBUG - [global] _api_put: GET runs/20260916_062222_fail_periodic.log -> 404
2026-09-16 06:22:25,122 - DEBUG - [global] _api_put: PUT runs/20260916_062222_fail_periodic.log -> 201 (8836 bytes)
2026-09-16 06:22:25,125 - DEBUG - [global] log_uploader: STEP 1 (window log) -> https://github.com/StarateJI/L2Mauto/blob/bot-logs/runs/20260916_062222_fail_periodic.log
2026-09-16 06:22:25,126 - DEBUG - [global] log_uploader: STEP 2 SKIP (no PNGs)
2026-09-16 06:22:26,220 - DEBUG - [global] _api_put: GET runs/20260916_062222_fail_global.log -> 404
2026-09-16 06:22:27,946 - DEBUG - [global] _api_put: PUT runs/20260916_062222_fail_global.log -> 201 (21725 bytes)
2026-09-16 06:22:27,949 - DEBUG - [global] log_uploader: STEP 3 (global log) -> https://github.com/StarateJI/L2Mauto/blob/bot-logs/runs/20260916_062222_fail_global.log
2026-09-16 06:22:27,949 - DEBUG - [global] log_uploader: END window=periodic
2026-09-16 06:22:27,949 - INFO - [global] LogUploader: upload_run_logs завершён
2026-09-16 06:22:48,411 - INFO - [global] Проверяю обновы...
2026-09-16 06:22:49,275 - DEBUG - [global] needs_update: raw → 5.7.0
2026-09-16 06:22:50,133 - DEBUG - [global] needs_update: API failed: HTTPError: 403 Client Error: rate limit exceeded for url: https://api.github.com/repos/StarateJI/L2Mauto/contents/bot/version.txt?ref=main
2026-09-16 06:22:50,891 - DEBUG - [global] needs_update: jsdelivr → 5.6.38
2026-09-16 06:22:50,891 - DEBUG - [global] needs_update: лучший источник raw → 5.7.0 (из 2)
2026-09-16 06:22:50,893 - INFO - [global] needs_update: local=(5, 6, 52) remote=(5, 7, 0) -> has_update=True
2026-09-16 06:22:50,893 - INFO - [global] Доступна обнова! Спавню кнопку
2026-09-16 06:23:06,216 - INFO - [global] Сделан бэкап текущей версии в C:\Users\PC\Desktop\L2Mauto\backups\update_backup_5.6.52.zip
2026-09-16 06:23:06,217 - INFO - [global] Обнова: бэкап сделан, качаю ZIP с GitHub...
2026-09-16 06:23:09,084 - DEBUG - [global] Обнова: скачано 1053 КБ...
2026-09-16 06:23:09,180 - DEBUG - [global] Обнова: скачано 2093 КБ...
2026-09-16 06:23:09,333 - DEBUG - [global] Обнова: скачано 3133 КБ...
2026-09-16 06:23:09,404 - DEBUG - [global] Обнова: скачано 4173 КБ...
2026-09-16 06:23:09,495 - DEBUG - [global] Обнова: скачано 5213 КБ...
2026-09-16 06:23:09,598 - DEBUG - [global] Обнова: скачано 6253 КБ...
2026-09-16 06:23:09,718 - DEBUG - [global] Обнова: скачано 7293 КБ...
2026-09-16 06:23:09,858 - DEBUG - [global] Обнова: скачано 8333 КБ...
2026-09-16 06:23:10,016 - DEBUG - [global] Обнова: скачано 9373 КБ...
2026-09-16 06:23:10,196 - DEBUG - [global] Обнова: скачано 10405 КБ...
2026-09-16 06:23:10,405 - DEBUG - [global] Обнова: скачано 11439 КБ...
2026-09-16 06:23:10,644 - DEBUG - [global] Обнова: скачано 12526 КБ...
2026-09-16 06:23:10,896 - DEBUG - [global] Обнова: скачано 13566 КБ...
2026-09-16 06:23:11,156 - DEBUG - [global] Обнова: скачано 14606 КБ...
2026-09-16 06:23:11,433 - DEBUG - [global] Обнова: скачано 15646 КБ...
2026-09-16 06:23:11,726 - INFO - [global] Обнова: ZIP скачан (16589 КБ), распаковываю...
2026-09-16 06:23:12,197 - INFO - [global] Создан apply_update.bat: C:\Users\PC\Desktop\L2Mauto\apply_update.bat
2026-09-16 06:23:12,198 - INFO - [global] Накатил обнпату через apply_update.bat, закрываюсь для рестарта...
2026-09-16 06:23:20,923 - INFO - [global] Проверяю обновы...
2026-09-16 06:23:21,799 - DEBUG - [global] needs_update: raw → 5.7.0
2026-09-16 06:23:22,660 - DEBUG - [global] needs_update: API failed: HTTPError: 403 Client Error: rate limit exceeded for url: https://api.github.com/repos/StarateJI/L2Mauto/contents/bot/version.txt?ref=main
2026-09-16 06:23:23,422 - DEBUG - [global] needs_update: jsdelivr → 5.6.38
2026-09-16 06:23:23,422 - DEBUG - [global] needs_update: лучший источник raw → 5.7.0 (из 2)
2026-09-16 06:23:23,426 - INFO - [global] needs_update: local=(5, 7, 0) remote=(5, 7, 0) -> has_update=False
2026-09-16 06:23:23,426 - INFO - [global] Установлена последняя версия бота | 5.7.0
2026-09-16 06:23:27,997 - INFO - [global] LogUploader: запускаю upload_run_logs...
2026-09-16 06:23:27,998 - DEBUG - [global] log_uploader: START window=periodic made=-1 token=...Rjnfq
2026-09-16 06:23:29,226 - DEBUG - [global] _api_put: GET runs/20260916_062327_fail_periodic.log -> 404
2026-09-16 06:23:30,878 - DEBUG - [global] _api_put: PUT runs/20260916_062327_fail_periodic.log -> 201 (8836 bytes)
2026-09-16 06:23:30,882 - DEBUG - [global] log_uploader: STEP 1 (window log) -> https://github.com/StarateJI/L2Mauto/blob/bot-logs/runs/20260916_062327_fail_periodic.log
2026-09-16 06:23:30,882 - DEBUG - [global] log_uploader: STEP 2 SKIP (no PNGs)
2026-09-16 06:23:31,985 - DEBUG - [global] _api_put: GET runs/20260916_062327_fail_global.log -> 404
2026-09-16 06:23:33,721 - DEBUG - [global] _api_put: PUT runs/20260916_062327_fail_global.log -> 201 (21532 bytes)
2026-09-16 06:23:33,725 - DEBUG - [global] log_uploader: STEP 3 (global log) -> https://github.com/StarateJI/L2Mauto/blob/bot-logs/runs/20260916_062327_fail_global.log
2026-09-16 06:23:33,725 - DEBUG - [global] log_uploader: END window=periodic
2026-09-16 06:23:33,725 - INFO - [global] LogUploader: upload_run_logs завершён
2026-09-16 06:23:53,451 - INFO - [global] Проверяю обновы...
2026-09-16 06:23:54,317 - DEBUG - [global] needs_update: raw → 5.7.0
2026-09-16 06:23:55,191 - DEBUG - [global] needs_update: API failed: HTTPError: 403 Client Error: rate limit exceeded for url: https://api.github.com/repos/StarateJI/L2Mauto/contents/bot/version.txt?ref=main
2026-09-16 06:23:55,971 - DEBUG - [global] needs_update: jsdelivr → 5.6.38
2026-09-16 06:23:55,971 - DEBUG - [global] needs_update: лучший источник raw → 5.7.0 (из 2)
2026-09-16 06:23:55,974 - INFO - [global] needs_update: local=(5, 7, 0) remote=(5, 7, 0) -> has_update=False
2026-09-16 06:23:55,975 - INFO - [global] Установлена последняя версия бота | 5.7.0
2026-09-16 06:24:25,996 - INFO - [global] Проверяю обновы...
2026-09-16 06:24:26,846 - DEBUG - [global] needs_update: raw → 5.7.0
2026-09-16 06:24:27,757 - DEBUG - [global] needs_update: API failed: HTTPError: 403 Client Error: rate limit exceeded for url: https://api.github.com/repos/StarateJI/L2Mauto/contents/bot/version.txt?ref=main
2026-09-16 06:24:28,540 - DEBUG - [global] needs_update: jsdelivr → 5.6.38
2026-09-16 06:24:28,540 - DEBUG - [global] needs_update: лучший источник raw → 5.7.0 (из 2)
2026-09-16 06:24:28,542 - INFO - [global] needs_update: local=(5, 7, 0) remote=(5, 7, 0) -> has_update=False
2026-09-16 06:24:28,543 - INFO - [global] Установлена последняя версия бота | 5.7.0
2026-09-16 06:24:33,782 - INFO - [global] LogUploader: запускаю upload_run_logs...
2026-09-16 06:24:33,785 - DEBUG - [global] log_uploader: START window=periodic made=-1 token=...Rjnfq
2026-09-16 06:24:34,896 - DEBUG - [global] _api_put: GET runs/20260916_062433_fail_periodic.log -> 404
2026-09-16 06:24:36,656 - DEBUG - [global] _api_put: PUT runs/20260916_062433_fail_periodic.log -> 201 (8836 bytes)
2026-09-16 06:24:36,658 - DEBUG - [global] log_uploader: STEP 1 (window log) -> https://github.com/StarateJI/L2Mauto/blob/bot-logs/runs/20260916_062433_fail_periodic.log
2026-09-16 06:24:36,659 - DEBUG - [global] log_uploader: STEP 2 SKIP (no PNGs)
