=== Log tail 2026-09-16T01:31:14.577424 | last 200 lines ===
2026-09-16 01:22:33,797 - DEBUG - [global] _api_put: GET runs/20260916_012230_fail_global.log -> 404
2026-09-16 01:22:35,331 - DEBUG - [global] _api_put: PUT runs/20260916_012230_fail_global.log -> 201 (20077 bytes)
2026-09-16 01:22:35,334 - DEBUG - [global] log_uploader: STEP 3 (global log) -> https://github.com/StarateJI/L2Mauto/blob/bot-logs/runs/20260916_012230_fail_global.log
2026-09-16 01:22:35,334 - DEBUG - [global] log_uploader: END window=periodic
2026-09-16 01:22:35,334 - INFO - [global] LogUploader: upload_run_logs завершён
2026-09-16 01:22:53,680 - INFO - [global] Проверяю обновы...
2026-09-16 01:22:54,408 - DEBUG - [global] needs_update: raw → 5.6.52
2026-09-16 01:22:55,280 - DEBUG - [global] needs_update: API GitHub → 5.7.0
2026-09-16 01:22:55,991 - DEBUG - [global] needs_update: jsdelivr → 5.6.42
2026-09-16 01:22:55,991 - DEBUG - [global] needs_update: лучший источник API → 5.7.0 (из 3)
2026-09-16 01:22:55,993 - INFO - [global] needs_update: local=(5, 6, 52) remote=(5, 7, 0) -> has_update=True
2026-09-16 01:22:55,993 - INFO - [global] Доступна обнова! Спавню кнопку
2026-09-16 01:23:26,015 - INFO - [global] Проверяю обновы...
2026-09-16 01:23:26,669 - DEBUG - [global] needs_update: raw → 5.6.52
2026-09-16 01:23:27,607 - DEBUG - [global] needs_update: API GitHub → 5.7.0
2026-09-16 01:23:28,319 - DEBUG - [global] needs_update: jsdelivr → 5.6.42
2026-09-16 01:23:28,319 - DEBUG - [global] needs_update: лучший источник API → 5.7.0 (из 3)
2026-09-16 01:23:28,322 - INFO - [global] needs_update: local=(5, 6, 52) remote=(5, 7, 0) -> has_update=True
2026-09-16 01:23:28,322 - INFO - [global] Доступна обнова! Спавню кнопку
2026-09-16 01:23:35,372 - INFO - [global] LogUploader: запускаю upload_run_logs...
2026-09-16 01:23:35,373 - DEBUG - [global] log_uploader: START window=periodic made=-1 token=...Rjnfq
2026-09-16 01:23:36,235 - DEBUG - [global] _api_put: GET runs/20260916_012335_fail_periodic.log -> 404
2026-09-16 01:23:37,747 - DEBUG - [global] _api_put: PUT runs/20260916_012335_fail_periodic.log -> 201 (10182 bytes)
2026-09-16 01:23:37,749 - DEBUG - [global] log_uploader: STEP 1 (window log) -> https://github.com/StarateJI/L2Mauto/blob/bot-logs/runs/20260916_012335_fail_periodic.log
2026-09-16 01:23:37,750 - DEBUG - [global] log_uploader: STEP 2 SKIP (no PNGs)
2026-09-16 01:23:38,717 - DEBUG - [global] _api_put: GET runs/20260916_012335_fail_global.log -> 404
2026-09-16 01:23:40,317 - DEBUG - [global] _api_put: PUT runs/20260916_012335_fail_global.log -> 201 (19960 bytes)
2026-09-16 01:23:40,319 - DEBUG - [global] log_uploader: STEP 3 (global log) -> https://github.com/StarateJI/L2Mauto/blob/bot-logs/runs/20260916_012335_fail_global.log
2026-09-16 01:23:40,319 - DEBUG - [global] log_uploader: END window=periodic
2026-09-16 01:23:40,319 - INFO - [global] LogUploader: upload_run_logs завершён
2026-09-16 01:23:58,341 - INFO - [global] Проверяю обновы...
2026-09-16 01:23:59,245 - DEBUG - [global] needs_update: raw → 5.7.0
2026-09-16 01:24:00,101 - DEBUG - [global] needs_update: API GitHub → 5.7.0
2026-09-16 01:24:00,826 - DEBUG - [global] needs_update: jsdelivr → 5.6.38
2026-09-16 01:24:00,826 - DEBUG - [global] needs_update: лучший источник raw → 5.7.0 (из 3)
2026-09-16 01:24:00,828 - INFO - [global] needs_update: local=(5, 6, 52) remote=(5, 7, 0) -> has_update=True
2026-09-16 01:24:00,828 - INFO - [global] Доступна обнова! Спавню кнопку
2026-09-16 01:24:30,850 - INFO - [global] Проверяю обновы...
2026-09-16 01:24:31,550 - DEBUG - [global] needs_update: raw → 5.7.0
2026-09-16 01:24:32,465 - DEBUG - [global] needs_update: API GitHub → 5.7.0
2026-09-16 01:24:33,192 - DEBUG - [global] needs_update: jsdelivr → 5.6.38
2026-09-16 01:24:33,192 - DEBUG - [global] needs_update: лучший источник raw → 5.7.0 (из 3)
2026-09-16 01:24:33,194 - INFO - [global] needs_update: local=(5, 6, 52) remote=(5, 7, 0) -> has_update=True
2026-09-16 01:24:33,194 - INFO - [global] Доступна обнова! Спавню кнопку
2026-09-16 01:24:40,359 - INFO - [global] LogUploader: запускаю upload_run_logs...
2026-09-16 01:24:40,360 - DEBUG - [global] log_uploader: START window=periodic made=-1 token=...Rjnfq
2026-09-16 01:24:41,269 - DEBUG - [global] _api_put: GET runs/20260916_012440_fail_periodic.log -> 404
2026-09-16 01:24:42,679 - DEBUG - [global] _api_put: PUT runs/20260916_012440_fail_periodic.log -> 201 (10182 bytes)
2026-09-16 01:24:42,681 - DEBUG - [global] log_uploader: STEP 1 (window log) -> https://github.com/StarateJI/L2Mauto/blob/bot-logs/runs/20260916_012440_fail_periodic.log
2026-09-16 01:24:42,681 - DEBUG - [global] log_uploader: STEP 2 SKIP (no PNGs)
2026-09-16 01:24:43,635 - DEBUG - [global] _api_put: GET runs/20260916_012440_fail_global.log -> 404
2026-09-16 01:24:45,264 - DEBUG - [global] _api_put: PUT runs/20260916_012440_fail_global.log -> 201 (19918 bytes)
2026-09-16 01:24:45,266 - DEBUG - [global] log_uploader: STEP 3 (global log) -> https://github.com/StarateJI/L2Mauto/blob/bot-logs/runs/20260916_012440_fail_global.log
2026-09-16 01:24:45,266 - DEBUG - [global] log_uploader: END window=periodic
2026-09-16 01:24:45,266 - INFO - [global] LogUploader: upload_run_logs завершён
2026-09-16 01:25:03,215 - INFO - [global] Проверяю обновы...
2026-09-16 01:25:04,011 - DEBUG - [global] needs_update: raw → 5.7.0
2026-09-16 01:25:04,977 - DEBUG - [global] needs_update: API GitHub → 5.7.0
2026-09-16 01:25:05,787 - DEBUG - [global] needs_update: jsdelivr → 5.6.38
2026-09-16 01:25:05,787 - DEBUG - [global] needs_update: лучший источник raw → 5.7.0 (из 3)
2026-09-16 01:25:05,789 - INFO - [global] needs_update: local=(5, 6, 52) remote=(5, 7, 0) -> has_update=True
2026-09-16 01:25:05,789 - INFO - [global] Доступна обнова! Спавню кнопку
2026-09-16 01:25:35,808 - INFO - [global] Проверяю обновы...
2026-09-16 01:25:36,525 - DEBUG - [global] needs_update: raw → 5.7.0
2026-09-16 01:25:37,441 - DEBUG - [global] needs_update: API GitHub → 5.7.0
2026-09-16 01:25:38,188 - DEBUG - [global] needs_update: jsdelivr → 5.6.38
2026-09-16 01:25:38,189 - DEBUG - [global] needs_update: лучший источник raw → 5.7.0 (из 3)
2026-09-16 01:25:38,191 - INFO - [global] needs_update: local=(5, 6, 52) remote=(5, 7, 0) -> has_update=True
2026-09-16 01:25:38,192 - INFO - [global] Доступна обнова! Спавню кнопку
2026-09-16 01:25:45,337 - INFO - [global] LogUploader: запускаю upload_run_logs...
2026-09-16 01:25:45,338 - DEBUG - [global] log_uploader: START window=periodic made=-1 token=...Rjnfq
2026-09-16 01:25:46,233 - DEBUG - [global] _api_put: GET runs/20260916_012545_fail_periodic.log -> 404
2026-09-16 01:25:47,733 - DEBUG - [global] _api_put: PUT runs/20260916_012545_fail_periodic.log -> 201 (10182 bytes)
2026-09-16 01:25:47,735 - DEBUG - [global] log_uploader: STEP 1 (window log) -> https://github.com/StarateJI/L2Mauto/blob/bot-logs/runs/20260916_012545_fail_periodic.log
2026-09-16 01:25:47,736 - DEBUG - [global] log_uploader: STEP 2 SKIP (no PNGs)
2026-09-16 01:25:48,724 - DEBUG - [global] _api_put: GET runs/20260916_012545_fail_global.log -> 404
2026-09-16 01:25:50,396 - DEBUG - [global] _api_put: PUT runs/20260916_012545_fail_global.log -> 201 (19876 bytes)
2026-09-16 01:25:50,399 - DEBUG - [global] log_uploader: STEP 3 (global log) -> https://github.com/StarateJI/L2Mauto/blob/bot-logs/runs/20260916_012545_fail_global.log
2026-09-16 01:25:50,399 - DEBUG - [global] log_uploader: END window=periodic
2026-09-16 01:25:50,399 - INFO - [global] LogUploader: upload_run_logs завершён
2026-09-16 01:26:08,209 - INFO - [global] Проверяю обновы...
2026-09-16 01:26:08,937 - DEBUG - [global] needs_update: raw → 5.7.0
2026-09-16 01:26:09,833 - DEBUG - [global] needs_update: API GitHub → 5.7.0
2026-09-16 01:26:10,549 - DEBUG - [global] needs_update: jsdelivr → 5.6.38
2026-09-16 01:26:10,549 - DEBUG - [global] needs_update: лучший источник raw → 5.7.0 (из 3)
2026-09-16 01:26:10,552 - INFO - [global] needs_update: local=(5, 6, 52) remote=(5, 7, 0) -> has_update=True
2026-09-16 01:26:10,552 - INFO - [global] Доступна обнова! Спавню кнопку
2026-09-16 01:26:40,573 - INFO - [global] Проверяю обновы...
2026-09-16 01:26:41,407 - DEBUG - [global] needs_update: raw → 5.7.0
2026-09-16 01:26:42,432 - DEBUG - [global] needs_update: API GitHub → 5.7.0
2026-09-16 01:26:43,254 - DEBUG - [global] needs_update: jsdelivr → 5.6.38
2026-09-16 01:26:43,254 - DEBUG - [global] needs_update: лучший источник raw → 5.7.0 (из 3)
2026-09-16 01:26:43,257 - INFO - [global] needs_update: local=(5, 6, 52) remote=(5, 7, 0) -> has_update=True
2026-09-16 01:26:43,257 - INFO - [global] Доступна обнова! Спавню кнопку
2026-09-16 01:26:50,447 - INFO - [global] LogUploader: запускаю upload_run_logs...
2026-09-16 01:26:50,448 - DEBUG - [global] log_uploader: START window=periodic made=-1 token=...Rjnfq
2026-09-16 01:26:51,368 - DEBUG - [global] _api_put: GET runs/20260916_012650_fail_periodic.log -> 404
2026-09-16 01:26:52,949 - DEBUG - [global] _api_put: PUT runs/20260916_012650_fail_periodic.log -> 201 (10182 bytes)
2026-09-16 01:26:52,953 - DEBUG - [global] log_uploader: STEP 1 (window log) -> https://github.com/StarateJI/L2Mauto/blob/bot-logs/runs/20260916_012650_fail_periodic.log
2026-09-16 01:26:52,953 - DEBUG - [global] log_uploader: STEP 2 SKIP (no PNGs)
2026-09-16 01:26:53,998 - DEBUG - [global] _api_put: GET runs/20260916_012650_fail_global.log -> 404
2026-09-16 01:26:55,717 - DEBUG - [global] _api_put: PUT runs/20260916_012650_fail_global.log -> 201 (19834 bytes)
2026-09-16 01:26:55,719 - DEBUG - [global] log_uploader: STEP 3 (global log) -> https://github.com/StarateJI/L2Mauto/blob/bot-logs/runs/20260916_012650_fail_global.log
2026-09-16 01:26:55,719 - DEBUG - [global] log_uploader: END window=periodic
2026-09-16 01:26:55,719 - INFO - [global] LogUploader: upload_run_logs завершён
2026-09-16 01:27:13,288 - INFO - [global] Проверяю обновы...
2026-09-16 01:27:14,037 - DEBUG - [global] needs_update: raw → 5.7.0
2026-09-16 01:27:14,980 - DEBUG - [global] needs_update: API GitHub → 5.7.0
2026-09-16 01:27:15,787 - DEBUG - [global] needs_update: jsdelivr → 5.6.38
2026-09-16 01:27:15,787 - DEBUG - [global] needs_update: лучший источник raw → 5.7.0 (из 3)
2026-09-16 01:27:15,789 - INFO - [global] needs_update: local=(5, 6, 52) remote=(5, 7, 0) -> has_update=True
2026-09-16 01:27:15,789 - INFO - [global] Доступна обнова! Спавню кнопку
2026-09-16 01:27:45,824 - INFO - [global] Проверяю обновы...
2026-09-16 01:27:46,646 - DEBUG - [global] needs_update: raw → 5.7.0
2026-09-16 01:27:47,620 - DEBUG - [global] needs_update: API GitHub → 5.7.0
2026-09-16 01:27:48,426 - DEBUG - [global] needs_update: jsdelivr → 5.6.38
2026-09-16 01:27:48,426 - DEBUG - [global] needs_update: лучший источник raw → 5.7.0 (из 3)
2026-09-16 01:27:48,428 - INFO - [global] needs_update: local=(5, 6, 52) remote=(5, 7, 0) -> has_update=True
2026-09-16 01:27:48,428 - INFO - [global] Доступна обнова! Спавню кнопку
2026-09-16 01:27:55,801 - INFO - [global] LogUploader: запускаю upload_run_logs...
2026-09-16 01:27:55,803 - DEBUG - [global] log_uploader: START window=periodic made=-1 token=...Rjnfq
2026-09-16 01:27:56,747 - DEBUG - [global] _api_put: GET runs/20260916_012755_fail_periodic.log -> 404
2026-09-16 01:27:58,302 - DEBUG - [global] _api_put: PUT runs/20260916_012755_fail_periodic.log -> 201 (10182 bytes)
2026-09-16 01:27:58,304 - DEBUG - [global] log_uploader: STEP 1 (window log) -> https://github.com/StarateJI/L2Mauto/blob/bot-logs/runs/20260916_012755_fail_periodic.log
2026-09-16 01:27:58,305 - DEBUG - [global] log_uploader: STEP 2 SKIP (no PNGs)
2026-09-16 01:27:59,333 - DEBUG - [global] _api_put: GET runs/20260916_012755_fail_global.log -> 404
2026-09-16 01:28:01,123 - DEBUG - [global] _api_put: PUT runs/20260916_012755_fail_global.log -> 201 (19792 bytes)
2026-09-16 01:28:01,125 - DEBUG - [global] log_uploader: STEP 3 (global log) -> https://github.com/StarateJI/L2Mauto/blob/bot-logs/runs/20260916_012755_fail_global.log
2026-09-16 01:28:01,126 - DEBUG - [global] log_uploader: END window=periodic
2026-09-16 01:28:01,126 - INFO - [global] LogUploader: upload_run_logs завершён
2026-09-16 01:28:18,470 - INFO - [global] Проверяю обновы...
2026-09-16 01:28:19,301 - DEBUG - [global] needs_update: raw → 5.7.0
2026-09-16 01:28:20,305 - DEBUG - [global] needs_update: API GitHub → 5.7.0
2026-09-16 01:28:21,055 - DEBUG - [global] needs_update: jsdelivr → 5.6.42
2026-09-16 01:28:21,055 - DEBUG - [global] needs_update: лучший источник raw → 5.7.0 (из 3)
2026-09-16 01:28:21,058 - INFO - [global] needs_update: local=(5, 6, 52) remote=(5, 7, 0) -> has_update=True
2026-09-16 01:28:21,058 - INFO - [global] Доступна обнова! Спавню кнопку
2026-09-16 01:28:51,080 - INFO - [global] Проверяю обновы...
2026-09-16 01:28:51,834 - DEBUG - [global] needs_update: raw → 5.7.0
2026-09-16 01:28:52,746 - DEBUG - [global] needs_update: API GitHub → 5.7.0
2026-09-16 01:28:53,529 - DEBUG - [global] needs_update: jsdelivr → 5.6.42
2026-09-16 01:28:53,529 - DEBUG - [global] needs_update: лучший источник raw → 5.7.0 (из 3)
2026-09-16 01:28:53,532 - INFO - [global] needs_update: local=(5, 6, 52) remote=(5, 7, 0) -> has_update=True
2026-09-16 01:28:53,532 - INFO - [global] Доступна обнова! Спавню кнопку
2026-09-16 01:29:01,190 - INFO - [global] LogUploader: запускаю upload_run_logs...
2026-09-16 01:29:01,191 - DEBUG - [global] log_uploader: START window=periodic made=-1 token=...Rjnfq
2026-09-16 01:29:02,117 - DEBUG - [global] _api_put: GET runs/20260916_012901_fail_periodic.log -> 404
2026-09-16 01:29:03,613 - DEBUG - [global] _api_put: PUT runs/20260916_012901_fail_periodic.log -> 201 (10182 bytes)
2026-09-16 01:29:03,616 - DEBUG - [global] log_uploader: STEP 1 (window log) -> https://github.com/StarateJI/L2Mauto/blob/bot-logs/runs/20260916_012901_fail_periodic.log
2026-09-16 01:29:03,616 - DEBUG - [global] log_uploader: STEP 2 SKIP (no PNGs)
2026-09-16 01:29:04,630 - DEBUG - [global] _api_put: GET runs/20260916_012901_fail_global.log -> 404
2026-09-16 01:29:06,313 - DEBUG - [global] _api_put: PUT runs/20260916_012901_fail_global.log -> 201 (19750 bytes)
2026-09-16 01:29:06,316 - DEBUG - [global] log_uploader: STEP 3 (global log) -> https://github.com/StarateJI/L2Mauto/blob/bot-logs/runs/20260916_012901_fail_global.log
2026-09-16 01:29:06,317 - DEBUG - [global] log_uploader: END window=periodic
2026-09-16 01:29:06,317 - INFO - [global] LogUploader: upload_run_logs завершён
2026-09-16 01:29:23,556 - INFO - [global] Проверяю обновы...
2026-09-16 01:29:24,487 - DEBUG - [global] needs_update: raw → 5.7.0
2026-09-16 01:29:25,355 - DEBUG - [global] needs_update: API GitHub → 5.7.0
2026-09-16 01:29:26,076 - DEBUG - [global] needs_update: jsdelivr → 5.6.42
2026-09-16 01:29:26,076 - DEBUG - [global] needs_update: лучший источник raw → 5.7.0 (из 3)
2026-09-16 01:29:26,079 - INFO - [global] needs_update: local=(5, 6, 52) remote=(5, 7, 0) -> has_update=True
2026-09-16 01:29:26,079 - INFO - [global] Доступна обнова! Спавню кнопку
2026-09-16 01:29:56,104 - INFO - [global] Проверяю обновы...
2026-09-16 01:29:56,917 - DEBUG - [global] needs_update: raw → 5.7.0
2026-09-16 01:29:57,933 - DEBUG - [global] needs_update: API GitHub → 5.7.0
2026-09-16 01:29:58,856 - DEBUG - [global] needs_update: jsdelivr → 5.6.42
2026-09-16 01:29:58,857 - DEBUG - [global] needs_update: лучший источник raw → 5.7.0 (из 3)
2026-09-16 01:29:58,860 - INFO - [global] needs_update: local=(5, 6, 52) remote=(5, 7, 0) -> has_update=True
2026-09-16 01:29:58,860 - INFO - [global] Доступна обнова! Спавню кнопку
2026-09-16 01:30:06,372 - INFO - [global] LogUploader: запускаю upload_run_logs...
2026-09-16 01:30:06,372 - DEBUG - [global] log_uploader: START window=periodic made=-1 token=...Rjnfq
2026-09-16 01:30:07,292 - DEBUG - [global] _api_put: GET runs/20260916_013006_fail_periodic.log -> 404
2026-09-16 01:30:08,825 - DEBUG - [global] _api_put: PUT runs/20260916_013006_fail_periodic.log -> 201 (10182 bytes)
2026-09-16 01:30:08,828 - DEBUG - [global] log_uploader: STEP 1 (window log) -> https://github.com/StarateJI/L2Mauto/blob/bot-logs/runs/20260916_013006_fail_periodic.log
2026-09-16 01:30:08,829 - DEBUG - [global] log_uploader: STEP 2 SKIP (no PNGs)
2026-09-16 01:30:09,904 - DEBUG - [global] _api_put: GET runs/20260916_013006_fail_global.log -> 404
2026-09-16 01:30:11,798 - DEBUG - [global] _api_put: PUT runs/20260916_013006_fail_global.log -> 201 (19657 bytes)
2026-09-16 01:30:11,800 - DEBUG - [global] log_uploader: STEP 3 (global log) -> https://github.com/StarateJI/L2Mauto/blob/bot-logs/runs/20260916_013006_fail_global.log
2026-09-16 01:30:11,800 - DEBUG - [global] log_uploader: END window=periodic
2026-09-16 01:30:11,800 - INFO - [global] LogUploader: upload_run_logs завершён
2026-09-16 01:30:28,927 - INFO - [global] Проверяю обновы...
2026-09-16 01:30:29,744 - DEBUG - [global] needs_update: raw → 5.7.0
2026-09-16 01:30:30,684 - DEBUG - [global] needs_update: API GitHub → 5.7.0
2026-09-16 01:30:31,447 - DEBUG - [global] needs_update: jsdelivr → 5.6.42
2026-09-16 01:30:31,448 - DEBUG - [global] needs_update: лучший источник raw → 5.7.0 (из 3)
2026-09-16 01:30:31,451 - INFO - [global] needs_update: local=(5, 6, 52) remote=(5, 7, 0) -> has_update=True
2026-09-16 01:30:31,451 - INFO - [global] Доступна обнова! Спавню кнопку
2026-09-16 01:31:01,473 - INFO - [global] Проверяю обновы...
2026-09-16 01:31:02,233 - DEBUG - [global] needs_update: raw → 5.7.0
2026-09-16 01:31:03,142 - DEBUG - [global] needs_update: API GitHub → 5.7.0
2026-09-16 01:31:03,865 - DEBUG - [global] needs_update: jsdelivr → 5.6.42
2026-09-16 01:31:03,865 - DEBUG - [global] needs_update: лучший источник raw → 5.7.0 (из 3)
2026-09-16 01:31:03,868 - INFO - [global] needs_update: local=(5, 6, 52) remote=(5, 7, 0) -> has_update=True
2026-09-16 01:31:03,868 - INFO - [global] Доступна обнова! Спавню кнопку
2026-09-16 01:31:11,908 - INFO - [global] LogUploader: запускаю upload_run_logs...
2026-09-16 01:31:11,910 - DEBUG - [global] log_uploader: START window=periodic made=-1 token=...Rjnfq
2026-09-16 01:31:12,941 - DEBUG - [global] _api_put: GET runs/20260916_013111_fail_periodic.log -> 404
2026-09-16 01:31:14,501 - DEBUG - [global] _api_put: PUT runs/20260916_013111_fail_periodic.log -> 201 (10182 bytes)
2026-09-16 01:31:14,504 - DEBUG - [global] log_uploader: STEP 1 (window log) -> https://github.com/StarateJI/L2Mauto/blob/bot-logs/runs/20260916_013111_fail_periodic.log
2026-09-16 01:31:14,505 - DEBUG - [global] log_uploader: STEP 2 SKIP (no PNGs)
