=== Log tail 2026-09-25T02:15:52.965128 | last 200 lines ===
2026-09-25 02:05:53,407 - INFO - [global] Установлена последняя версия бота | 5.13.07
2026-09-25 02:06:23,423 - INFO - [global] Проверяю обновы...
2026-09-25 02:06:24,167 - DEBUG - [global] needs_update: raw → 5.13.07
2026-09-25 02:06:24,414 - DEBUG - [global] needs_update: API → 5.13.07
2026-09-25 02:06:24,414 - DEBUG - [global] needs_update: лучший источник raw → 5.13.07 (из 2)
2026-09-25 02:06:24,414 - INFO - [global] needs_update: local=(5, 13, 7) remote=(5, 13, 7) -> has_update=False
2026-09-25 02:06:24,415 - INFO - [global] Установлена последняя версия бота | 5.13.07
2026-09-25 02:06:29,221 - INFO - [global] LogUploader: запускаю upload_run_logs...
2026-09-25 02:06:29,222 - DEBUG - [global] log_uploader: START window=periodic made=-1 token=...Rjnfq
2026-09-25 02:06:29,222 - DEBUG - [global] log_uploader: STEP 1 SKIP (no C:\Users\PC\Desktop\L2Mauto\logs\periodic.log)
2026-09-25 02:06:29,222 - DEBUG - [global] log_uploader: STEP 2 SKIP (no PNGs)
2026-09-25 02:06:30,067 - DEBUG - [global] _api_put: GET runs/20260925_020629_fail_global.log -> 404
2026-09-25 02:06:31,608 - DEBUG - [global] _api_put: PUT runs/20260925_020629_fail_global.log -> 201 (19678 bytes)
2026-09-25 02:06:31,609 - DEBUG - [global] log_uploader: STEP 3 (global log) -> https://github.com/StarateJI/L2Mauto/blob/bot-logs/runs/20260925_020629_fail_global.log
2026-09-25 02:06:31,609 - DEBUG - [global] log_uploader: END window=periodic
2026-09-25 02:06:31,609 - INFO - [global] LogUploader: upload_run_logs завершён
2026-09-25 02:06:54,428 - INFO - [global] Проверяю обновы...
2026-09-25 02:06:55,234 - DEBUG - [global] needs_update: raw → 5.13.07
2026-09-25 02:06:55,432 - DEBUG - [global] needs_update: API → 5.13.07
2026-09-25 02:06:55,433 - DEBUG - [global] needs_update: лучший источник raw → 5.13.07 (из 2)
2026-09-25 02:06:55,433 - INFO - [global] needs_update: local=(5, 13, 7) remote=(5, 13, 7) -> has_update=False
2026-09-25 02:06:55,433 - INFO - [global] Установлена последняя версия бота | 5.13.07
2026-09-25 02:07:25,447 - INFO - [global] Проверяю обновы...
2026-09-25 02:07:26,260 - DEBUG - [global] needs_update: raw → 5.13.07
2026-09-25 02:07:26,502 - DEBUG - [global] needs_update: API → 5.13.07
2026-09-25 02:07:26,502 - DEBUG - [global] needs_update: лучший источник raw → 5.13.07 (из 2)
2026-09-25 02:07:26,502 - INFO - [global] needs_update: local=(5, 13, 7) remote=(5, 13, 7) -> has_update=False
2026-09-25 02:07:26,503 - INFO - [global] Установлена последняя версия бота | 5.13.07
2026-09-25 02:07:31,640 - INFO - [global] LogUploader: запускаю upload_run_logs...
2026-09-25 02:07:31,640 - DEBUG - [global] log_uploader: START window=periodic made=-1 token=...Rjnfq
2026-09-25 02:07:31,640 - DEBUG - [global] log_uploader: STEP 1 SKIP (no C:\Users\PC\Desktop\L2Mauto\logs\periodic.log)
2026-09-25 02:07:31,641 - DEBUG - [global] log_uploader: STEP 2 SKIP (no PNGs)
2026-09-25 02:07:32,467 - DEBUG - [global] _api_put: GET runs/20260925_020731_fail_global.log -> 404
2026-09-25 02:07:34,092 - DEBUG - [global] _api_put: PUT runs/20260925_020731_fail_global.log -> 201 (19678 bytes)
2026-09-25 02:07:34,094 - DEBUG - [global] log_uploader: STEP 3 (global log) -> https://github.com/StarateJI/L2Mauto/blob/bot-logs/runs/20260925_020731_fail_global.log
2026-09-25 02:07:34,094 - DEBUG - [global] log_uploader: END window=periodic
2026-09-25 02:07:34,094 - INFO - [global] LogUploader: upload_run_logs завершён
2026-09-25 02:07:56,521 - INFO - [global] Проверяю обновы...
2026-09-25 02:07:57,296 - DEBUG - [global] needs_update: raw → 5.13.07
2026-09-25 02:07:57,489 - DEBUG - [global] needs_update: API → 5.13.07
2026-09-25 02:07:57,489 - DEBUG - [global] needs_update: лучший источник raw → 5.13.07 (из 2)
2026-09-25 02:07:57,489 - INFO - [global] needs_update: local=(5, 13, 7) remote=(5, 13, 7) -> has_update=False
2026-09-25 02:07:57,490 - INFO - [global] Установлена последняя версия бота | 5.13.07
2026-09-25 02:08:27,503 - INFO - [global] Проверяю обновы...
2026-09-25 02:08:28,274 - DEBUG - [global] needs_update: raw → 5.13.07
2026-09-25 02:08:28,719 - DEBUG - [global] needs_update: API → 5.13.07
2026-09-25 02:08:28,719 - DEBUG - [global] needs_update: лучший источник raw → 5.13.07 (из 2)
2026-09-25 02:08:28,719 - INFO - [global] needs_update: local=(5, 13, 7) remote=(5, 13, 7) -> has_update=False
2026-09-25 02:08:28,720 - INFO - [global] Установлена последняя версия бота | 5.13.07
2026-09-25 02:08:34,124 - INFO - [global] LogUploader: запускаю upload_run_logs...
2026-09-25 02:08:34,124 - DEBUG - [global] log_uploader: START window=periodic made=-1 token=...Rjnfq
2026-09-25 02:08:34,124 - DEBUG - [global] log_uploader: STEP 1 SKIP (no C:\Users\PC\Desktop\L2Mauto\logs\periodic.log)
2026-09-25 02:08:34,125 - DEBUG - [global] log_uploader: STEP 2 SKIP (no PNGs)
2026-09-25 02:08:34,961 - DEBUG - [global] _api_put: GET runs/20260925_020834_fail_global.log -> 404
2026-09-25 02:08:36,754 - DEBUG - [global] _api_put: PUT runs/20260925_020834_fail_global.log -> 201 (19678 bytes)
2026-09-25 02:08:36,755 - DEBUG - [global] log_uploader: STEP 3 (global log) -> https://github.com/StarateJI/L2Mauto/blob/bot-logs/runs/20260925_020834_fail_global.log
2026-09-25 02:08:36,756 - DEBUG - [global] log_uploader: END window=periodic
2026-09-25 02:08:36,756 - INFO - [global] LogUploader: upload_run_logs завершён
2026-09-25 02:08:58,734 - INFO - [global] Проверяю обновы...
2026-09-25 02:08:59,504 - DEBUG - [global] needs_update: raw → 5.13.07
2026-09-25 02:08:59,687 - DEBUG - [global] needs_update: API → 5.13.07
2026-09-25 02:08:59,687 - DEBUG - [global] needs_update: лучший источник raw → 5.13.07 (из 2)
2026-09-25 02:08:59,687 - INFO - [global] needs_update: local=(5, 13, 7) remote=(5, 13, 7) -> has_update=False
2026-09-25 02:08:59,688 - INFO - [global] Установлена последняя версия бота | 5.13.07
2026-09-25 02:09:29,703 - INFO - [global] Проверяю обновы...
2026-09-25 02:09:30,508 - DEBUG - [global] needs_update: raw → 5.13.07
2026-09-25 02:09:30,676 - DEBUG - [global] needs_update: API → 5.13.07
2026-09-25 02:09:30,677 - DEBUG - [global] needs_update: лучший источник raw → 5.13.07 (из 2)
2026-09-25 02:09:30,677 - INFO - [global] needs_update: local=(5, 13, 7) remote=(5, 13, 7) -> has_update=False
2026-09-25 02:09:30,677 - INFO - [global] Установлена последняя версия бота | 5.13.07
2026-09-25 02:09:36,787 - INFO - [global] LogUploader: запускаю upload_run_logs...
2026-09-25 02:09:36,787 - DEBUG - [global] log_uploader: START window=periodic made=-1 token=...Rjnfq
2026-09-25 02:09:36,787 - DEBUG - [global] log_uploader: STEP 1 SKIP (no C:\Users\PC\Desktop\L2Mauto\logs\periodic.log)
2026-09-25 02:09:36,788 - DEBUG - [global] log_uploader: STEP 2 SKIP (no PNGs)
2026-09-25 02:09:37,721 - DEBUG - [global] _api_put: GET runs/20260925_020936_fail_global.log -> 200
2026-09-25 02:09:39,355 - DEBUG - [global] _api_put: PUT runs/20260925_020936_fail_global.log -> 200 (19678 bytes)
2026-09-25 02:09:39,356 - DEBUG - [global] log_uploader: STEP 3 (global log) -> https://github.com/StarateJI/L2Mauto/blob/bot-logs/runs/20260925_020936_fail_global.log
2026-09-25 02:09:39,356 - DEBUG - [global] log_uploader: END window=periodic
2026-09-25 02:09:39,356 - INFO - [global] LogUploader: upload_run_logs завершён
2026-09-25 02:10:00,691 - INFO - [global] Проверяю обновы...
2026-09-25 02:10:01,431 - DEBUG - [global] needs_update: raw → 5.13.07
2026-09-25 02:10:01,681 - DEBUG - [global] needs_update: API → 5.13.07
2026-09-25 02:10:01,681 - DEBUG - [global] needs_update: лучший источник raw → 5.13.07 (из 2)
2026-09-25 02:10:01,681 - INFO - [global] needs_update: local=(5, 13, 7) remote=(5, 13, 7) -> has_update=False
2026-09-25 02:10:01,682 - INFO - [global] Установлена последняя версия бота | 5.13.07
2026-09-25 02:10:31,697 - INFO - [global] Проверяю обновы...
2026-09-25 02:10:32,425 - DEBUG - [global] needs_update: raw → 5.13.07
2026-09-25 02:10:32,776 - DEBUG - [global] needs_update: API → 5.13.07
2026-09-25 02:10:32,776 - DEBUG - [global] needs_update: лучший источник raw → 5.13.07 (из 2)
2026-09-25 02:10:32,776 - INFO - [global] needs_update: local=(5, 13, 7) remote=(5, 13, 7) -> has_update=False
2026-09-25 02:10:32,776 - INFO - [global] Установлена последняя версия бота | 5.13.07
2026-09-25 02:10:39,386 - INFO - [global] LogUploader: запускаю upload_run_logs...
2026-09-25 02:10:39,386 - DEBUG - [global] log_uploader: START window=periodic made=-1 token=...Rjnfq
2026-09-25 02:10:39,386 - DEBUG - [global] log_uploader: STEP 1 SKIP (no C:\Users\PC\Desktop\L2Mauto\logs\periodic.log)
2026-09-25 02:10:39,387 - DEBUG - [global] log_uploader: STEP 2 SKIP (no PNGs)
2026-09-25 02:10:40,236 - DEBUG - [global] _api_put: GET runs/20260925_021039_fail_global.log -> 404
2026-09-25 02:10:42,058 - DEBUG - [global] _api_put: PUT runs/20260925_021039_fail_global.log -> 201 (19678 bytes)
2026-09-25 02:10:42,059 - DEBUG - [global] log_uploader: STEP 3 (global log) -> https://github.com/StarateJI/L2Mauto/blob/bot-logs/runs/20260925_021039_fail_global.log
2026-09-25 02:10:42,059 - DEBUG - [global] log_uploader: END window=periodic
2026-09-25 02:10:42,059 - INFO - [global] LogUploader: upload_run_logs завершён
2026-09-25 02:11:02,790 - INFO - [global] Проверяю обновы...
2026-09-25 02:11:03,752 - DEBUG - [global] needs_update: API → 5.13.07
2026-09-25 02:11:03,795 - DEBUG - [global] needs_update: raw → 5.13.07
2026-09-25 02:11:03,795 - DEBUG - [global] needs_update: лучший источник API → 5.13.07 (из 2)
2026-09-25 02:11:03,795 - INFO - [global] needs_update: local=(5, 13, 7) remote=(5, 13, 7) -> has_update=False
2026-09-25 02:11:03,796 - INFO - [global] Установлена последняя версия бота | 5.13.07
2026-09-25 02:11:33,811 - INFO - [global] Проверяю обновы...
2026-09-25 02:11:34,622 - DEBUG - [global] needs_update: raw → 5.13.07
2026-09-25 02:11:34,786 - DEBUG - [global] needs_update: API → 5.13.07
2026-09-25 02:11:34,786 - DEBUG - [global] needs_update: лучший источник raw → 5.13.07 (из 2)
2026-09-25 02:11:34,786 - INFO - [global] needs_update: local=(5, 13, 7) remote=(5, 13, 7) -> has_update=False
2026-09-25 02:11:34,787 - INFO - [global] Установлена последняя версия бота | 5.13.07
2026-09-25 02:11:42,088 - INFO - [global] LogUploader: запускаю upload_run_logs...
2026-09-25 02:11:42,088 - DEBUG - [global] log_uploader: START window=periodic made=-1 token=...Rjnfq
2026-09-25 02:11:42,088 - DEBUG - [global] log_uploader: STEP 1 SKIP (no C:\Users\PC\Desktop\L2Mauto\logs\periodic.log)
2026-09-25 02:11:42,089 - DEBUG - [global] log_uploader: STEP 2 SKIP (no PNGs)
2026-09-25 02:11:42,939 - DEBUG - [global] _api_put: GET runs/20260925_021142_fail_global.log -> 404
2026-09-25 02:11:44,951 - DEBUG - [global] _api_put: PUT runs/20260925_021142_fail_global.log -> 201 (19678 bytes)
2026-09-25 02:11:44,952 - DEBUG - [global] log_uploader: STEP 3 (global log) -> https://github.com/StarateJI/L2Mauto/blob/bot-logs/runs/20260925_021142_fail_global.log
2026-09-25 02:11:44,952 - DEBUG - [global] log_uploader: END window=periodic
2026-09-25 02:11:44,952 - INFO - [global] LogUploader: upload_run_logs завершён
2026-09-25 02:12:04,803 - INFO - [global] Проверяю обновы...
2026-09-25 02:12:05,641 - DEBUG - [global] needs_update: raw → 5.13.07
2026-09-25 02:12:05,787 - DEBUG - [global] needs_update: API → 5.13.07
2026-09-25 02:12:05,788 - DEBUG - [global] needs_update: лучший источник raw → 5.13.07 (из 2)
2026-09-25 02:12:05,788 - INFO - [global] needs_update: local=(5, 13, 7) remote=(5, 13, 7) -> has_update=False
2026-09-25 02:12:05,788 - INFO - [global] Установлена последняя версия бота | 5.13.07
2026-09-25 02:12:35,802 - INFO - [global] Проверяю обновы...
2026-09-25 02:12:36,618 - DEBUG - [global] needs_update: raw → 5.13.07
2026-09-25 02:12:36,769 - DEBUG - [global] needs_update: API → 5.13.07
2026-09-25 02:12:36,770 - DEBUG - [global] needs_update: лучший источник raw → 5.13.07 (из 2)
2026-09-25 02:12:36,770 - INFO - [global] needs_update: local=(5, 13, 7) remote=(5, 13, 7) -> has_update=False
2026-09-25 02:12:36,771 - INFO - [global] Установлена последняя версия бота | 5.13.07
2026-09-25 02:12:44,984 - INFO - [global] LogUploader: запускаю upload_run_logs...
2026-09-25 02:12:44,984 - DEBUG - [global] log_uploader: START window=periodic made=-1 token=...Rjnfq
2026-09-25 02:12:44,985 - DEBUG - [global] log_uploader: STEP 1 SKIP (no C:\Users\PC\Desktop\L2Mauto\logs\periodic.log)
2026-09-25 02:12:44,985 - DEBUG - [global] log_uploader: STEP 2 SKIP (no PNGs)
2026-09-25 02:12:45,811 - DEBUG - [global] _api_put: GET runs/20260925_021244_fail_global.log -> 404
2026-09-25 02:12:47,388 - DEBUG - [global] _api_put: PUT runs/20260925_021244_fail_global.log -> 201 (19678 bytes)
2026-09-25 02:12:47,390 - DEBUG - [global] log_uploader: STEP 3 (global log) -> https://github.com/StarateJI/L2Mauto/blob/bot-logs/runs/20260925_021244_fail_global.log
2026-09-25 02:12:47,390 - DEBUG - [global] log_uploader: END window=periodic
2026-09-25 02:12:47,390 - INFO - [global] LogUploader: upload_run_logs завершён
2026-09-25 02:13:06,784 - INFO - [global] Проверяю обновы...
2026-09-25 02:13:07,591 - DEBUG - [global] needs_update: raw → 5.13.07
2026-09-25 02:13:07,784 - DEBUG - [global] needs_update: API → 5.13.07
2026-09-25 02:13:07,784 - DEBUG - [global] needs_update: лучший источник raw → 5.13.07 (из 2)
2026-09-25 02:13:07,784 - INFO - [global] needs_update: local=(5, 13, 7) remote=(5, 13, 7) -> has_update=False
2026-09-25 02:13:07,784 - INFO - [global] Установлена последняя версия бота | 5.13.07
2026-09-25 02:13:37,798 - INFO - [global] Проверяю обновы...
2026-09-25 02:13:38,600 - DEBUG - [global] needs_update: raw → 5.13.07
2026-09-25 02:13:38,836 - DEBUG - [global] needs_update: API → 5.13.07
2026-09-25 02:13:38,837 - DEBUG - [global] needs_update: лучший источник raw → 5.13.07 (из 2)
2026-09-25 02:13:38,837 - INFO - [global] needs_update: local=(5, 13, 7) remote=(5, 13, 7) -> has_update=False
2026-09-25 02:13:38,838 - INFO - [global] Установлена последняя версия бота | 5.13.07
2026-09-25 02:13:47,415 - INFO - [global] LogUploader: запускаю upload_run_logs...
2026-09-25 02:13:47,415 - DEBUG - [global] log_uploader: START window=periodic made=-1 token=...Rjnfq
2026-09-25 02:13:47,415 - DEBUG - [global] log_uploader: STEP 1 SKIP (no C:\Users\PC\Desktop\L2Mauto\logs\periodic.log)
2026-09-25 02:13:47,416 - DEBUG - [global] log_uploader: STEP 2 SKIP (no PNGs)
2026-09-25 02:13:48,235 - DEBUG - [global] _api_put: GET runs/20260925_021347_fail_global.log -> 404
2026-09-25 02:13:50,209 - DEBUG - [global] _api_put: PUT runs/20260925_021347_fail_global.log -> 201 (19678 bytes)
2026-09-25 02:13:50,210 - DEBUG - [global] log_uploader: STEP 3 (global log) -> https://github.com/StarateJI/L2Mauto/blob/bot-logs/runs/20260925_021347_fail_global.log
2026-09-25 02:13:50,211 - DEBUG - [global] log_uploader: END window=periodic
2026-09-25 02:13:50,211 - INFO - [global] LogUploader: upload_run_logs завершён
2026-09-25 02:14:08,854 - INFO - [global] Проверяю обновы...
2026-09-25 02:14:09,601 - DEBUG - [global] needs_update: raw → 5.13.07
2026-09-25 02:14:09,805 - DEBUG - [global] needs_update: API → 5.13.07
2026-09-25 02:14:09,806 - DEBUG - [global] needs_update: лучший источник raw → 5.13.07 (из 2)
2026-09-25 02:14:09,806 - INFO - [global] needs_update: local=(5, 13, 7) remote=(5, 13, 7) -> has_update=False
2026-09-25 02:14:09,806 - INFO - [global] Установлена последняя версия бота | 5.13.07
2026-09-25 02:14:39,819 - INFO - [global] Проверяю обновы...
2026-09-25 02:14:40,575 - DEBUG - [global] needs_update: raw → 5.13.07
2026-09-25 02:14:40,839 - DEBUG - [global] needs_update: API → 5.13.07
2026-09-25 02:14:40,839 - DEBUG - [global] needs_update: лучший источник raw → 5.13.07 (из 2)
2026-09-25 02:14:40,839 - INFO - [global] needs_update: local=(5, 13, 7) remote=(5, 13, 7) -> has_update=False
2026-09-25 02:14:40,840 - INFO - [global] Установлена последняя версия бота | 5.13.07
2026-09-25 02:14:50,239 - INFO - [global] LogUploader: запускаю upload_run_logs...
2026-09-25 02:14:50,239 - DEBUG - [global] log_uploader: START window=periodic made=-1 token=...Rjnfq
2026-09-25 02:14:50,239 - DEBUG - [global] log_uploader: STEP 1 SKIP (no C:\Users\PC\Desktop\L2Mauto\logs\periodic.log)
2026-09-25 02:14:50,240 - DEBUG - [global] log_uploader: STEP 2 SKIP (no PNGs)
2026-09-25 02:14:51,130 - DEBUG - [global] _api_put: GET runs/20260925_021450_fail_global.log -> 404
2026-09-25 02:14:52,927 - DEBUG - [global] _api_put: PUT runs/20260925_021450_fail_global.log -> 201 (19678 bytes)
2026-09-25 02:14:52,929 - DEBUG - [global] log_uploader: STEP 3 (global log) -> https://github.com/StarateJI/L2Mauto/blob/bot-logs/runs/20260925_021450_fail_global.log
2026-09-25 02:14:52,929 - DEBUG - [global] log_uploader: END window=periodic
2026-09-25 02:14:52,929 - INFO - [global] LogUploader: upload_run_logs завершён
2026-09-25 02:15:10,854 - INFO - [global] Проверяю обновы...
2026-09-25 02:15:11,608 - DEBUG - [global] needs_update: raw → 5.13.07
2026-09-25 02:15:11,832 - DEBUG - [global] needs_update: API → 5.13.07
2026-09-25 02:15:11,833 - DEBUG - [global] needs_update: лучший источник raw → 5.13.07 (из 2)
2026-09-25 02:15:11,833 - INFO - [global] needs_update: local=(5, 13, 7) remote=(5, 13, 7) -> has_update=False
2026-09-25 02:15:11,833 - INFO - [global] Установлена последняя версия бота | 5.13.07
2026-09-25 02:15:41,850 - INFO - [global] Проверяю обновы...
2026-09-25 02:15:42,559 - DEBUG - [global] needs_update: raw → 5.13.07
2026-09-25 02:15:42,866 - DEBUG - [global] needs_update: API → 5.13.07
2026-09-25 02:15:42,867 - DEBUG - [global] needs_update: лучший источник raw → 5.13.07 (из 2)
2026-09-25 02:15:42,867 - INFO - [global] needs_update: local=(5, 13, 7) remote=(5, 13, 7) -> has_update=False
2026-09-25 02:15:42,868 - INFO - [global] Установлена последняя версия бота | 5.13.07
2026-09-25 02:15:52,956 - INFO - [global] LogUploader: запускаю upload_run_logs...
2026-09-25 02:15:52,956 - DEBUG - [global] log_uploader: START window=periodic made=-1 token=...Rjnfq
2026-09-25 02:15:52,956 - DEBUG - [global] log_uploader: STEP 1 SKIP (no C:\Users\PC\Desktop\L2Mauto\logs\periodic.log)
2026-09-25 02:15:52,956 - DEBUG - [global] log_uploader: STEP 2 SKIP (no PNGs)
