=== Log tail 2026-09-26T04:06:24.186337 | last 200 lines ===
2026-09-26 03:57:30,662 - DEBUG - [global] needs_update: API → 5.13.09
2026-09-26 03:57:30,663 - DEBUG - [global] needs_update: лучший источник raw → 5.13.09 (из 2)
2026-09-26 03:57:30,663 - INFO - [global] needs_update: local=(5, 13, 7) remote=(5, 13, 9) -> has_update=True
2026-09-26 03:57:30,663 - INFO - [global] Доступна обнова! Спавню кнопку
2026-09-26 03:57:37,736 - INFO - [global] LogUploader: запускаю upload_run_logs...
2026-09-26 03:57:37,737 - DEBUG - [global] log_uploader: START window=periodic made=-1 token=...Rjnfq
2026-09-26 03:57:38,682 - DEBUG - [global] _api_put: GET runs/20260926_035737_fail_periodic.log -> 404
2026-09-26 03:57:40,541 - DEBUG - [global] _api_put: PUT runs/20260926_035737_fail_periodic.log -> 201 (10313 bytes)
2026-09-26 03:57:40,543 - DEBUG - [global] log_uploader: STEP 1 (window log) -> https://github.com/StarateJI/L2Mauto/blob/bot-logs/runs/20260926_035737_fail_periodic.log
2026-09-26 03:57:40,543 - DEBUG - [global] log_uploader: STEP 2 SKIP (no PNGs)
2026-09-26 03:57:41,512 - DEBUG - [global] _api_put: GET runs/20260926_035737_fail_global.log -> 404
2026-09-26 03:57:43,312 - DEBUG - [global] _api_put: PUT runs/20260926_035737_fail_global.log -> 201 (20019 bytes)
2026-09-26 03:57:43,314 - DEBUG - [global] log_uploader: STEP 3 (global log) -> https://github.com/StarateJI/L2Mauto/blob/bot-logs/runs/20260926_035737_fail_global.log
2026-09-26 03:57:43,314 - DEBUG - [global] log_uploader: END window=periodic
2026-09-26 03:57:43,314 - INFO - [global] LogUploader: upload_run_logs завершён
2026-09-26 03:58:00,679 - INFO - [global] Проверяю обновы...
2026-09-26 03:58:01,570 - DEBUG - [global] needs_update: raw → 5.13.09
2026-09-26 03:58:01,716 - DEBUG - [global] needs_update: API → 5.13.09
2026-09-26 03:58:01,716 - DEBUG - [global] needs_update: лучший источник raw → 5.13.09 (из 2)
2026-09-26 03:58:01,716 - INFO - [global] needs_update: local=(5, 13, 7) remote=(5, 13, 9) -> has_update=True
2026-09-26 03:58:01,716 - INFO - [global] Доступна обнова! Спавню кнопку
2026-09-26 03:58:31,732 - INFO - [global] Проверяю обновы...
2026-09-26 03:58:32,626 - DEBUG - [global] needs_update: raw → 5.13.09
2026-09-26 03:58:32,856 - DEBUG - [global] needs_update: API → 5.13.09
2026-09-26 03:58:32,857 - DEBUG - [global] needs_update: лучший источник raw → 5.13.09 (из 2)
2026-09-26 03:58:32,857 - INFO - [global] needs_update: local=(5, 13, 7) remote=(5, 13, 9) -> has_update=True
2026-09-26 03:58:32,857 - INFO - [global] Доступна обнова! Спавню кнопку
2026-09-26 03:58:43,345 - INFO - [global] LogUploader: запускаю upload_run_logs...
2026-09-26 03:58:43,346 - DEBUG - [global] log_uploader: START window=periodic made=-1 token=...Rjnfq
2026-09-26 03:58:44,280 - DEBUG - [global] _api_put: GET runs/20260926_035843_fail_periodic.log -> 404
2026-09-26 03:58:45,899 - DEBUG - [global] _api_put: PUT runs/20260926_035843_fail_periodic.log -> 201 (10313 bytes)
2026-09-26 03:58:45,902 - DEBUG - [global] log_uploader: STEP 1 (window log) -> https://github.com/StarateJI/L2Mauto/blob/bot-logs/runs/20260926_035843_fail_periodic.log
2026-09-26 03:58:45,902 - DEBUG - [global] log_uploader: STEP 2 SKIP (no PNGs)
2026-09-26 03:58:46,836 - DEBUG - [global] _api_put: GET runs/20260926_035843_fail_global.log -> 404
2026-09-26 03:58:48,791 - DEBUG - [global] _api_put: PUT runs/20260926_035843_fail_global.log -> 201 (20019 bytes)
2026-09-26 03:58:48,794 - DEBUG - [global] log_uploader: STEP 3 (global log) -> https://github.com/StarateJI/L2Mauto/blob/bot-logs/runs/20260926_035843_fail_global.log
2026-09-26 03:58:48,794 - DEBUG - [global] log_uploader: END window=periodic
2026-09-26 03:58:48,794 - INFO - [global] LogUploader: upload_run_logs завершён
2026-09-26 03:59:02,873 - INFO - [global] Проверяю обновы...
2026-09-26 03:59:03,765 - DEBUG - [global] needs_update: raw → 5.13.09
2026-09-26 03:59:03,933 - DEBUG - [global] needs_update: API → 5.13.09
2026-09-26 03:59:03,934 - DEBUG - [global] needs_update: лучший источник raw → 5.13.09 (из 2)
2026-09-26 03:59:03,934 - INFO - [global] needs_update: local=(5, 13, 7) remote=(5, 13, 9) -> has_update=True
2026-09-26 03:59:03,934 - INFO - [global] Доступна обнова! Спавню кнопку
2026-09-26 03:59:33,951 - INFO - [global] Проверяю обновы...
2026-09-26 03:59:34,843 - DEBUG - [global] needs_update: raw → 5.13.09
2026-09-26 03:59:35,061 - DEBUG - [global] needs_update: API → 5.13.09
2026-09-26 03:59:35,062 - DEBUG - [global] needs_update: лучший источник raw → 5.13.09 (из 2)
2026-09-26 03:59:35,062 - INFO - [global] needs_update: local=(5, 13, 7) remote=(5, 13, 9) -> has_update=True
2026-09-26 03:59:35,062 - INFO - [global] Доступна обнова! Спавню кнопку
2026-09-26 03:59:48,831 - INFO - [global] LogUploader: запускаю upload_run_logs...
2026-09-26 03:59:48,831 - DEBUG - [global] log_uploader: START window=periodic made=-1 token=...Rjnfq
2026-09-26 03:59:49,757 - DEBUG - [global] _api_put: GET runs/20260926_035948_fail_periodic.log -> 404
2026-09-26 03:59:51,514 - DEBUG - [global] _api_put: PUT runs/20260926_035948_fail_periodic.log -> 201 (10313 bytes)
2026-09-26 03:59:51,516 - DEBUG - [global] log_uploader: STEP 1 (window log) -> https://github.com/StarateJI/L2Mauto/blob/bot-logs/runs/20260926_035948_fail_periodic.log
2026-09-26 03:59:51,516 - DEBUG - [global] log_uploader: STEP 2 SKIP (no PNGs)
2026-09-26 03:59:52,517 - DEBUG - [global] _api_put: GET runs/20260926_035948_fail_global.log -> 404
2026-09-26 03:59:54,660 - DEBUG - [global] _api_put: PUT runs/20260926_035948_fail_global.log -> 201 (20019 bytes)
2026-09-26 03:59:54,661 - DEBUG - [global] log_uploader: STEP 3 (global log) -> https://github.com/StarateJI/L2Mauto/blob/bot-logs/runs/20260926_035948_fail_global.log
2026-09-26 03:59:54,661 - DEBUG - [global] log_uploader: END window=periodic
2026-09-26 03:59:54,661 - INFO - [global] LogUploader: upload_run_logs завершён
2026-09-26 04:00:05,078 - INFO - [global] Проверяю обновы...
2026-09-26 04:00:05,989 - DEBUG - [global] needs_update: raw → 5.13.09
2026-09-26 04:00:06,181 - DEBUG - [global] needs_update: API → 5.13.09
2026-09-26 04:00:06,181 - DEBUG - [global] needs_update: лучший источник raw → 5.13.09 (из 2)
2026-09-26 04:00:06,182 - INFO - [global] needs_update: local=(5, 13, 7) remote=(5, 13, 9) -> has_update=True
2026-09-26 04:00:06,182 - INFO - [global] Доступна обнова! Спавню кнопку
2026-09-26 04:00:36,200 - INFO - [global] Проверяю обновы...
2026-09-26 04:00:37,064 - DEBUG - [global] needs_update: raw → 5.13.09
2026-09-26 04:00:37,240 - DEBUG - [global] needs_update: API → 5.13.09
2026-09-26 04:00:37,241 - DEBUG - [global] needs_update: лучший источник raw → 5.13.09 (из 2)
2026-09-26 04:00:37,241 - INFO - [global] needs_update: local=(5, 13, 7) remote=(5, 13, 9) -> has_update=True
2026-09-26 04:00:37,241 - INFO - [global] Доступна обнова! Спавню кнопку
2026-09-26 04:00:54,697 - INFO - [global] LogUploader: запускаю upload_run_logs...
2026-09-26 04:00:54,698 - DEBUG - [global] log_uploader: START window=periodic made=-1 token=...Rjnfq
2026-09-26 04:00:55,564 - DEBUG - [global] _api_put: GET runs/20260926_040054_fail_periodic.log -> 404
2026-09-26 04:00:57,205 - DEBUG - [global] _api_put: PUT runs/20260926_040054_fail_periodic.log -> 201 (10313 bytes)
2026-09-26 04:00:57,207 - DEBUG - [global] log_uploader: STEP 1 (window log) -> https://github.com/StarateJI/L2Mauto/blob/bot-logs/runs/20260926_040054_fail_periodic.log
2026-09-26 04:00:57,207 - DEBUG - [global] log_uploader: STEP 2 SKIP (no PNGs)
2026-09-26 04:00:58,157 - DEBUG - [global] _api_put: GET runs/20260926_040054_fail_global.log -> 404
2026-09-26 04:00:59,992 - DEBUG - [global] _api_put: PUT runs/20260926_040054_fail_global.log -> 201 (20019 bytes)
2026-09-26 04:00:59,994 - DEBUG - [global] log_uploader: STEP 3 (global log) -> https://github.com/StarateJI/L2Mauto/blob/bot-logs/runs/20260926_040054_fail_global.log
2026-09-26 04:00:59,994 - DEBUG - [global] log_uploader: END window=periodic
2026-09-26 04:00:59,994 - INFO - [global] LogUploader: upload_run_logs завершён
2026-09-26 04:01:07,258 - INFO - [global] Проверяю обновы...
2026-09-26 04:01:08,098 - DEBUG - [global] needs_update: raw → 5.13.09
2026-09-26 04:01:08,313 - DEBUG - [global] needs_update: API → 5.13.09
2026-09-26 04:01:08,314 - DEBUG - [global] needs_update: лучший источник raw → 5.13.09 (из 2)
2026-09-26 04:01:08,314 - INFO - [global] needs_update: local=(5, 13, 7) remote=(5, 13, 9) -> has_update=True
2026-09-26 04:01:08,314 - INFO - [global] Доступна обнова! Спавню кнопку
2026-09-26 04:01:38,331 - INFO - [global] Проверяю обновы...
2026-09-26 04:01:39,147 - DEBUG - [global] needs_update: raw → 5.13.09
2026-09-26 04:01:39,374 - DEBUG - [global] needs_update: API → 5.13.09
2026-09-26 04:01:39,374 - DEBUG - [global] needs_update: лучший источник raw → 5.13.09 (из 2)
2026-09-26 04:01:39,375 - INFO - [global] needs_update: local=(5, 13, 7) remote=(5, 13, 9) -> has_update=True
2026-09-26 04:01:39,375 - INFO - [global] Доступна обнова! Спавню кнопку
2026-09-26 04:02:00,029 - INFO - [global] LogUploader: запускаю upload_run_logs...
2026-09-26 04:02:00,030 - DEBUG - [global] log_uploader: START window=periodic made=-1 token=...Rjnfq
2026-09-26 04:02:00,904 - DEBUG - [global] _api_put: GET runs/20260926_040200_fail_periodic.log -> 404
2026-09-26 04:02:02,344 - DEBUG - [global] _api_put: PUT runs/20260926_040200_fail_periodic.log -> 201 (10313 bytes)
2026-09-26 04:02:02,346 - DEBUG - [global] log_uploader: STEP 1 (window log) -> https://github.com/StarateJI/L2Mauto/blob/bot-logs/runs/20260926_040200_fail_periodic.log
2026-09-26 04:02:02,347 - DEBUG - [global] log_uploader: STEP 2 SKIP (no PNGs)
2026-09-26 04:02:03,267 - DEBUG - [global] _api_put: GET runs/20260926_040200_fail_global.log -> 404
2026-09-26 04:02:05,104 - DEBUG - [global] _api_put: PUT runs/20260926_040200_fail_global.log -> 201 (20019 bytes)
2026-09-26 04:02:05,107 - DEBUG - [global] log_uploader: STEP 3 (global log) -> https://github.com/StarateJI/L2Mauto/blob/bot-logs/runs/20260926_040200_fail_global.log
2026-09-26 04:02:05,107 - DEBUG - [global] log_uploader: END window=periodic
2026-09-26 04:02:05,107 - INFO - [global] LogUploader: upload_run_logs завершён
2026-09-26 04:02:09,391 - INFO - [global] Проверяю обновы...
2026-09-26 04:02:10,225 - DEBUG - [global] needs_update: raw → 5.13.09
2026-09-26 04:02:10,405 - DEBUG - [global] needs_update: API → 5.13.09
2026-09-26 04:02:10,405 - DEBUG - [global] needs_update: лучший источник raw → 5.13.09 (из 2)
2026-09-26 04:02:10,406 - INFO - [global] needs_update: local=(5, 13, 7) remote=(5, 13, 9) -> has_update=True
2026-09-26 04:02:10,406 - INFO - [global] Доступна обнова! Спавню кнопку
2026-09-26 04:02:40,422 - INFO - [global] Проверяю обновы...
2026-09-26 04:02:41,218 - DEBUG - [global] needs_update: raw → 5.13.09
2026-09-26 04:02:41,457 - DEBUG - [global] needs_update: API → 5.13.09
2026-09-26 04:02:41,457 - DEBUG - [global] needs_update: лучший источник raw → 5.13.09 (из 2)
2026-09-26 04:02:41,457 - INFO - [global] needs_update: local=(5, 13, 7) remote=(5, 13, 9) -> has_update=True
2026-09-26 04:02:41,457 - INFO - [global] Доступна обнова! Спавню кнопку
2026-09-26 04:03:05,140 - INFO - [global] LogUploader: запускаю upload_run_logs...
2026-09-26 04:03:05,141 - DEBUG - [global] log_uploader: START window=periodic made=-1 token=...Rjnfq
2026-09-26 04:03:06,049 - DEBUG - [global] _api_put: GET runs/20260926_040305_fail_periodic.log -> 404
2026-09-26 04:03:07,690 - DEBUG - [global] _api_put: PUT runs/20260926_040305_fail_periodic.log -> 201 (10313 bytes)
2026-09-26 04:03:07,693 - DEBUG - [global] log_uploader: STEP 1 (window log) -> https://github.com/StarateJI/L2Mauto/blob/bot-logs/runs/20260926_040305_fail_periodic.log
2026-09-26 04:03:07,694 - DEBUG - [global] log_uploader: STEP 2 SKIP (no PNGs)
2026-09-26 04:03:08,756 - DEBUG - [global] _api_put: GET runs/20260926_040305_fail_global.log -> 404
2026-09-26 04:03:10,383 - DEBUG - [global] _api_put: PUT runs/20260926_040305_fail_global.log -> 201 (20019 bytes)
2026-09-26 04:03:10,384 - DEBUG - [global] log_uploader: STEP 3 (global log) -> https://github.com/StarateJI/L2Mauto/blob/bot-logs/runs/20260926_040305_fail_global.log
2026-09-26 04:03:10,384 - DEBUG - [global] log_uploader: END window=periodic
2026-09-26 04:03:10,384 - INFO - [global] LogUploader: upload_run_logs завершён
2026-09-26 04:03:11,473 - INFO - [global] Проверяю обновы...
2026-09-26 04:03:12,368 - DEBUG - [global] needs_update: raw → 5.13.09
2026-09-26 04:03:12,502 - DEBUG - [global] needs_update: API → 5.13.09
2026-09-26 04:03:12,502 - DEBUG - [global] needs_update: лучший источник raw → 5.13.09 (из 2)
2026-09-26 04:03:12,503 - INFO - [global] needs_update: local=(5, 13, 7) remote=(5, 13, 9) -> has_update=True
2026-09-26 04:03:12,503 - INFO - [global] Доступна обнова! Спавню кнопку
2026-09-26 04:03:42,519 - INFO - [global] Проверяю обновы...
2026-09-26 04:03:43,371 - DEBUG - [global] needs_update: raw → 5.13.09
2026-09-26 04:03:43,562 - DEBUG - [global] needs_update: API → 5.13.09
2026-09-26 04:03:43,562 - DEBUG - [global] needs_update: лучший источник raw → 5.13.09 (из 2)
2026-09-26 04:03:43,562 - INFO - [global] needs_update: local=(5, 13, 7) remote=(5, 13, 9) -> has_update=True
2026-09-26 04:03:43,562 - INFO - [global] Доступна обнова! Спавню кнопку
2026-09-26 04:04:10,421 - INFO - [global] LogUploader: запускаю upload_run_logs...
2026-09-26 04:04:10,421 - DEBUG - [global] log_uploader: START window=periodic made=-1 token=...Rjnfq
2026-09-26 04:04:11,283 - DEBUG - [global] _api_put: GET runs/20260926_040410_fail_periodic.log -> 404
2026-09-26 04:04:13,125 - DEBUG - [global] _api_put: PUT runs/20260926_040410_fail_periodic.log -> 201 (10313 bytes)
2026-09-26 04:04:13,127 - DEBUG - [global] log_uploader: STEP 1 (window log) -> https://github.com/StarateJI/L2Mauto/blob/bot-logs/runs/20260926_040410_fail_periodic.log
2026-09-26 04:04:13,128 - DEBUG - [global] log_uploader: STEP 2 SKIP (no PNGs)
2026-09-26 04:04:13,577 - INFO - [global] Проверяю обновы...
2026-09-26 04:04:14,104 - DEBUG - [global] _api_put: GET runs/20260926_040410_fail_global.log -> 404
2026-09-26 04:04:14,424 - DEBUG - [global] needs_update: raw → 5.13.09
2026-09-26 04:04:14,667 - DEBUG - [global] needs_update: API → 5.13.09
2026-09-26 04:04:14,667 - DEBUG - [global] needs_update: лучший источник raw → 5.13.09 (из 2)
2026-09-26 04:04:14,667 - INFO - [global] needs_update: local=(5, 13, 7) remote=(5, 13, 9) -> has_update=True
2026-09-26 04:04:14,667 - INFO - [global] Доступна обнова! Спавню кнопку
2026-09-26 04:04:15,863 - DEBUG - [global] _api_put: PUT runs/20260926_040410_fail_global.log -> 201 (20019 bytes)
2026-09-26 04:04:15,865 - DEBUG - [global] log_uploader: STEP 3 (global log) -> https://github.com/StarateJI/L2Mauto/blob/bot-logs/runs/20260926_040410_fail_global.log
2026-09-26 04:04:15,865 - DEBUG - [global] log_uploader: END window=periodic
2026-09-26 04:04:15,866 - INFO - [global] LogUploader: upload_run_logs завершён
2026-09-26 04:04:44,690 - INFO - [global] Проверяю обновы...
2026-09-26 04:04:45,498 - DEBUG - [global] needs_update: raw → 5.13.09
2026-09-26 04:04:45,735 - DEBUG - [global] needs_update: API → 5.13.09
2026-09-26 04:04:45,735 - DEBUG - [global] needs_update: лучший источник raw → 5.13.09 (из 2)
2026-09-26 04:04:45,735 - INFO - [global] needs_update: local=(5, 13, 7) remote=(5, 13, 9) -> has_update=True
2026-09-26 04:04:45,735 - INFO - [global] Доступна обнова! Спавню кнопку
2026-09-26 04:05:15,754 - INFO - [global] Проверяю обновы...
2026-09-26 04:05:15,900 - INFO - [global] LogUploader: запускаю upload_run_logs...
2026-09-26 04:05:15,901 - DEBUG - [global] log_uploader: START window=periodic made=-1 token=...Rjnfq
2026-09-26 04:05:16,721 - DEBUG - [global] needs_update: raw → 5.13.09
2026-09-26 04:05:16,888 - DEBUG - [global] needs_update: API → 5.13.09
2026-09-26 04:05:16,889 - DEBUG - [global] needs_update: лучший источник raw → 5.13.09 (из 2)
2026-09-26 04:05:16,889 - INFO - [global] needs_update: local=(5, 13, 7) remote=(5, 13, 9) -> has_update=True
2026-09-26 04:05:16,889 - INFO - [global] Доступна обнова! Спавню кнопку
2026-09-26 04:05:17,037 - DEBUG - [global] _api_put: GET runs/20260926_040515_fail_periodic.log -> 404
2026-09-26 04:05:18,715 - DEBUG - [global] _api_put: PUT runs/20260926_040515_fail_periodic.log -> 201 (10313 bytes)
2026-09-26 04:05:18,718 - DEBUG - [global] log_uploader: STEP 1 (window log) -> https://github.com/StarateJI/L2Mauto/blob/bot-logs/runs/20260926_040515_fail_periodic.log
2026-09-26 04:05:18,719 - DEBUG - [global] log_uploader: STEP 2 SKIP (no PNGs)
2026-09-26 04:05:19,679 - DEBUG - [global] _api_put: GET runs/20260926_040515_fail_global.log -> 404
2026-09-26 04:05:21,474 - DEBUG - [global] _api_put: PUT runs/20260926_040515_fail_global.log -> 201 (20019 bytes)
2026-09-26 04:05:21,476 - DEBUG - [global] log_uploader: STEP 3 (global log) -> https://github.com/StarateJI/L2Mauto/blob/bot-logs/runs/20260926_040515_fail_global.log
2026-09-26 04:05:21,476 - DEBUG - [global] log_uploader: END window=periodic
2026-09-26 04:05:21,476 - INFO - [global] LogUploader: upload_run_logs завершён
2026-09-26 04:05:46,913 - INFO - [global] Проверяю обновы...
2026-09-26 04:05:47,775 - DEBUG - [global] needs_update: raw → 5.13.09
2026-09-26 04:05:48,004 - DEBUG - [global] needs_update: API → 5.13.09
2026-09-26 04:05:48,004 - DEBUG - [global] needs_update: лучший источник raw → 5.13.09 (из 2)
2026-09-26 04:05:48,004 - INFO - [global] needs_update: local=(5, 13, 7) remote=(5, 13, 9) -> has_update=True
2026-09-26 04:05:48,004 - INFO - [global] Доступна обнова! Спавню кнопку
2026-09-26 04:06:18,020 - INFO - [global] Проверяю обновы...
2026-09-26 04:06:18,904 - DEBUG - [global] needs_update: raw → 5.13.09
2026-09-26 04:06:19,143 - DEBUG - [global] needs_update: API → 5.13.09
2026-09-26 04:06:19,144 - DEBUG - [global] needs_update: лучший источник raw → 5.13.09 (из 2)
2026-09-26 04:06:19,144 - INFO - [global] needs_update: local=(5, 13, 7) remote=(5, 13, 9) -> has_update=True
2026-09-26 04:06:19,144 - INFO - [global] Доступна обнова! Спавню кнопку
2026-09-26 04:06:21,510 - INFO - [global] LogUploader: запускаю upload_run_logs...
2026-09-26 04:06:21,512 - DEBUG - [global] log_uploader: START window=periodic made=-1 token=...Rjnfq
2026-09-26 04:06:22,467 - DEBUG - [global] _api_put: GET runs/20260926_040621_fail_periodic.log -> 404
2026-09-26 04:06:24,156 - DEBUG - [global] _api_put: PUT runs/20260926_040621_fail_periodic.log -> 201 (10313 bytes)
2026-09-26 04:06:24,159 - DEBUG - [global] log_uploader: STEP 1 (window log) -> https://github.com/StarateJI/L2Mauto/blob/bot-logs/runs/20260926_040621_fail_periodic.log
2026-09-26 04:06:24,159 - DEBUG - [global] log_uploader: STEP 2 SKIP (no PNGs)
