=== Log tail 2026-09-17T14:38:41.349356 | last 200 lines ===
2026-09-17 14:29:10,713 - DEBUG - [global] _api_put: GET runs/20260917_142909_fail_global.log -> 404
2026-09-17 14:29:12,859 - DEBUG - [global] _api_put: PUT runs/20260917_142909_fail_global.log -> 201 (19261 bytes)
2026-09-17 14:29:12,865 - DEBUG - [global] log_uploader: STEP 3 (global log) -> https://github.com/StarateJI/L2Mauto/blob/bot-logs/runs/20260917_142909_fail_global.log
2026-09-17 14:29:12,866 - DEBUG - [global] log_uploader: END window=periodic
2026-09-17 14:29:12,866 - INFO - [global] LogUploader: upload_run_logs завершён
2026-09-17 14:29:40,511 - INFO - [global] Проверяю обновы...
2026-09-17 14:29:41,736 - DEBUG - [global] needs_update: API GitHub → 5.9.1
2026-09-17 14:29:42,740 - DEBUG - [global] needs_update: raw → 5.9.1
2026-09-17 14:29:43,812 - DEBUG - [global] needs_update: jsdelivr → 5.9.0
2026-09-17 14:29:43,812 - DEBUG - [global] needs_update: лучший источник API → 5.9.1 (из 3)
2026-09-17 14:29:43,819 - INFO - [global] needs_update: local=(5, 9, 1) remote=(5, 9, 1) -> has_update=False
2026-09-17 14:29:43,821 - INFO - [global] Установлена последняя версия бота | 5.9.1
2026-09-17 14:30:12,907 - INFO - [global] LogUploader: запускаю upload_run_logs...
2026-09-17 14:30:12,910 - DEBUG - [global] log_uploader: START window=periodic made=-1 token=...Rjnfq
2026-09-17 14:30:12,910 - DEBUG - [global] log_uploader: STEP 1 SKIP (no C:\Users\PC\Desktop\L2Mauto\logs\periodic.log)
2026-09-17 14:30:12,911 - DEBUG - [global] log_uploader: STEP 2 SKIP (no PNGs)
2026-09-17 14:30:13,846 - INFO - [global] Проверяю обновы...
2026-09-17 14:30:14,249 - DEBUG - [global] _api_put: GET runs/20260917_143012_fail_global.log -> 404
2026-09-17 14:30:15,136 - DEBUG - [global] needs_update: API GitHub → 5.9.1
2026-09-17 14:30:16,412 - DEBUG - [global] _api_put: PUT runs/20260917_143012_fail_global.log -> 201 (19291 bytes)
2026-09-17 14:30:16,418 - DEBUG - [global] log_uploader: STEP 3 (global log) -> https://github.com/StarateJI/L2Mauto/blob/bot-logs/runs/20260917_143012_fail_global.log
2026-09-17 14:30:16,418 - DEBUG - [global] log_uploader: END window=periodic
2026-09-17 14:30:16,419 - INFO - [global] LogUploader: upload_run_logs завершён
2026-09-17 14:30:16,592 - DEBUG - [global] needs_update: raw → 5.9.1
2026-09-17 14:30:17,737 - DEBUG - [global] needs_update: jsdelivr → 5.9.0
2026-09-17 14:30:17,737 - DEBUG - [global] needs_update: лучший источник API → 5.9.1 (из 3)
2026-09-17 14:30:17,745 - INFO - [global] needs_update: local=(5, 9, 1) remote=(5, 9, 1) -> has_update=False
2026-09-17 14:30:17,747 - INFO - [global] Установлена последняя версия бота | 5.9.1
2026-09-17 14:30:47,765 - INFO - [global] Проверяю обновы...
2026-09-17 14:30:48,946 - DEBUG - [global] needs_update: API GitHub → 5.9.1
2026-09-17 14:30:49,932 - DEBUG - [global] needs_update: raw → 5.9.1
2026-09-17 14:30:51,061 - DEBUG - [global] needs_update: jsdelivr → 5.9.0
2026-09-17 14:30:51,062 - DEBUG - [global] needs_update: лучший источник API → 5.9.1 (из 3)
2026-09-17 14:30:51,068 - INFO - [global] needs_update: local=(5, 9, 1) remote=(5, 9, 1) -> has_update=False
2026-09-17 14:30:51,070 - INFO - [global] Установлена последняя версия бота | 5.9.1
2026-09-17 14:31:16,462 - INFO - [global] LogUploader: запускаю upload_run_logs...
2026-09-17 14:31:16,465 - DEBUG - [global] log_uploader: START window=periodic made=-1 token=...Rjnfq
2026-09-17 14:31:16,465 - DEBUG - [global] log_uploader: STEP 1 SKIP (no C:\Users\PC\Desktop\L2Mauto\logs\periodic.log)
2026-09-17 14:31:16,466 - DEBUG - [global] log_uploader: STEP 2 SKIP (no PNGs)
2026-09-17 14:31:17,765 - DEBUG - [global] _api_put: GET runs/20260917_143116_fail_global.log -> 404
2026-09-17 14:31:19,891 - DEBUG - [global] _api_put: PUT runs/20260917_143116_fail_global.log -> 201 (19291 bytes)
2026-09-17 14:31:19,899 - DEBUG - [global] log_uploader: STEP 3 (global log) -> https://github.com/StarateJI/L2Mauto/blob/bot-logs/runs/20260917_143116_fail_global.log
2026-09-17 14:31:19,899 - DEBUG - [global] log_uploader: END window=periodic
2026-09-17 14:31:19,899 - INFO - [global] LogUploader: upload_run_logs завершён
2026-09-17 14:31:21,091 - INFO - [global] Проверяю обновы...
2026-09-17 14:31:22,773 - DEBUG - [global] needs_update: API GitHub → 5.9.1
2026-09-17 14:31:23,978 - DEBUG - [global] needs_update: raw → 5.9.1
2026-09-17 14:31:25,098 - DEBUG - [global] needs_update: jsdelivr → 5.9.0
2026-09-17 14:31:25,098 - DEBUG - [global] needs_update: лучший источник API → 5.9.1 (из 3)
2026-09-17 14:31:25,117 - INFO - [global] needs_update: local=(5, 9, 1) remote=(5, 9, 1) -> has_update=False
2026-09-17 14:31:25,118 - INFO - [global] Установлена последняя версия бота | 5.9.1
2026-09-17 14:31:55,141 - INFO - [global] Проверяю обновы...
2026-09-17 14:31:56,322 - DEBUG - [global] needs_update: API GitHub → 5.9.1
2026-09-17 14:31:57,558 - DEBUG - [global] needs_update: raw → 5.9.1
2026-09-17 14:31:58,784 - DEBUG - [global] needs_update: jsdelivr → 5.9.0
2026-09-17 14:31:58,784 - DEBUG - [global] needs_update: лучший источник API → 5.9.1 (из 3)
2026-09-17 14:31:58,799 - INFO - [global] needs_update: local=(5, 9, 1) remote=(5, 9, 1) -> has_update=False
2026-09-17 14:31:58,802 - INFO - [global] Установлена последняя версия бота | 5.9.1
2026-09-17 14:32:19,942 - INFO - [global] LogUploader: запускаю upload_run_logs...
2026-09-17 14:32:19,944 - DEBUG - [global] log_uploader: START window=periodic made=-1 token=...Rjnfq
2026-09-17 14:32:19,944 - DEBUG - [global] log_uploader: STEP 1 SKIP (no C:\Users\PC\Desktop\L2Mauto\logs\periodic.log)
2026-09-17 14:32:19,945 - DEBUG - [global] log_uploader: STEP 2 SKIP (no PNGs)
2026-09-17 14:32:21,238 - DEBUG - [global] _api_put: GET runs/20260917_143219_fail_global.log -> 404
2026-09-17 14:32:23,081 - DEBUG - [global] _api_put: PUT runs/20260917_143219_fail_global.log -> 201 (19291 bytes)
2026-09-17 14:32:23,088 - DEBUG - [global] log_uploader: STEP 3 (global log) -> https://github.com/StarateJI/L2Mauto/blob/bot-logs/runs/20260917_143219_fail_global.log
2026-09-17 14:32:23,088 - DEBUG - [global] log_uploader: END window=periodic
2026-09-17 14:32:23,088 - INFO - [global] LogUploader: upload_run_logs завершён
2026-09-17 14:32:28,841 - INFO - [global] Проверяю обновы...
2026-09-17 14:32:30,040 - DEBUG - [global] needs_update: API GitHub → 5.9.1
2026-09-17 14:32:31,442 - DEBUG - [global] needs_update: raw → 5.9.1
2026-09-17 14:32:32,660 - DEBUG - [global] needs_update: jsdelivr → 5.9.0
2026-09-17 14:32:32,661 - DEBUG - [global] needs_update: лучший источник API → 5.9.1 (из 3)
2026-09-17 14:32:32,666 - INFO - [global] needs_update: local=(5, 9, 1) remote=(5, 9, 1) -> has_update=False
2026-09-17 14:32:32,668 - INFO - [global] Установлена последняя версия бота | 5.9.1
2026-09-17 14:33:02,693 - INFO - [global] Проверяю обновы...
2026-09-17 14:33:03,894 - DEBUG - [global] needs_update: API GitHub → 5.9.1
2026-09-17 14:33:04,899 - DEBUG - [global] needs_update: raw → 5.9.1
2026-09-17 14:33:05,995 - DEBUG - [global] needs_update: jsdelivr → 5.9.0
2026-09-17 14:33:05,996 - DEBUG - [global] needs_update: лучший источник API → 5.9.1 (из 3)
2026-09-17 14:33:06,000 - INFO - [global] needs_update: local=(5, 9, 1) remote=(5, 9, 1) -> has_update=False
2026-09-17 14:33:06,002 - INFO - [global] Установлена последняя версия бота | 5.9.1
2026-09-17 14:33:23,129 - INFO - [global] LogUploader: запускаю upload_run_logs...
2026-09-17 14:33:23,132 - DEBUG - [global] log_uploader: START window=periodic made=-1 token=...Rjnfq
2026-09-17 14:33:23,133 - DEBUG - [global] log_uploader: STEP 1 SKIP (no C:\Users\PC\Desktop\L2Mauto\logs\periodic.log)
2026-09-17 14:33:23,134 - DEBUG - [global] log_uploader: STEP 2 SKIP (no PNGs)
2026-09-17 14:33:24,548 - DEBUG - [global] _api_put: GET runs/20260917_143323_fail_global.log -> 404
2026-09-17 14:33:26,853 - DEBUG - [global] _api_put: PUT runs/20260917_143323_fail_global.log -> 201 (19291 bytes)
2026-09-17 14:33:26,859 - DEBUG - [global] log_uploader: STEP 3 (global log) -> https://github.com/StarateJI/L2Mauto/blob/bot-logs/runs/20260917_143323_fail_global.log
2026-09-17 14:33:26,859 - DEBUG - [global] log_uploader: END window=periodic
2026-09-17 14:33:26,859 - INFO - [global] LogUploader: upload_run_logs завершён
2026-09-17 14:33:36,025 - INFO - [global] Проверяю обновы...
2026-09-17 14:33:37,194 - DEBUG - [global] needs_update: API GitHub → 5.9.1
2026-09-17 14:33:38,184 - DEBUG - [global] needs_update: raw → 5.9.1
2026-09-17 14:33:39,261 - DEBUG - [global] needs_update: jsdelivr → 5.9.0
2026-09-17 14:33:39,262 - DEBUG - [global] needs_update: лучший источник API → 5.9.1 (из 3)
2026-09-17 14:33:39,267 - INFO - [global] needs_update: local=(5, 9, 1) remote=(5, 9, 1) -> has_update=False
2026-09-17 14:33:39,269 - INFO - [global] Установлена последняя версия бота | 5.9.1
2026-09-17 14:34:09,288 - INFO - [global] Проверяю обновы...
2026-09-17 14:34:10,446 - DEBUG - [global] needs_update: API GitHub → 5.9.1
2026-09-17 14:34:11,439 - DEBUG - [global] needs_update: raw → 5.9.1
2026-09-17 14:34:12,440 - DEBUG - [global] needs_update: jsdelivr → 5.9.0
2026-09-17 14:34:12,441 - DEBUG - [global] needs_update: лучший источник API → 5.9.1 (из 3)
2026-09-17 14:34:12,445 - INFO - [global] needs_update: local=(5, 9, 1) remote=(5, 9, 1) -> has_update=False
2026-09-17 14:34:12,447 - INFO - [global] Установлена последняя версия бота | 5.9.1
2026-09-17 14:34:26,912 - INFO - [global] LogUploader: запускаю upload_run_logs...
2026-09-17 14:34:26,915 - DEBUG - [global] log_uploader: START window=periodic made=-1 token=...Rjnfq
2026-09-17 14:34:26,916 - DEBUG - [global] log_uploader: STEP 1 SKIP (no C:\Users\PC\Desktop\L2Mauto\logs\periodic.log)
2026-09-17 14:34:26,916 - DEBUG - [global] log_uploader: STEP 2 SKIP (no PNGs)
2026-09-17 14:34:28,254 - DEBUG - [global] _api_put: GET runs/20260917_143426_fail_global.log -> 404
2026-09-17 14:34:30,343 - DEBUG - [global] _api_put: PUT runs/20260917_143426_fail_global.log -> 201 (19291 bytes)
2026-09-17 14:34:30,349 - DEBUG - [global] log_uploader: STEP 3 (global log) -> https://github.com/StarateJI/L2Mauto/blob/bot-logs/runs/20260917_143426_fail_global.log
2026-09-17 14:34:30,349 - DEBUG - [global] log_uploader: END window=periodic
2026-09-17 14:34:30,349 - INFO - [global] LogUploader: upload_run_logs завершён
2026-09-17 14:34:42,468 - INFO - [global] Проверяю обновы...
2026-09-17 14:34:43,670 - DEBUG - [global] needs_update: API GitHub → 5.9.1
2026-09-17 14:34:44,644 - DEBUG - [global] needs_update: raw → 5.9.1
2026-09-17 14:34:45,843 - DEBUG - [global] needs_update: jsdelivr → 5.9.0
2026-09-17 14:34:45,843 - DEBUG - [global] needs_update: лучший источник API → 5.9.1 (из 3)
2026-09-17 14:34:45,849 - INFO - [global] needs_update: local=(5, 9, 1) remote=(5, 9, 1) -> has_update=False
2026-09-17 14:34:45,851 - INFO - [global] Установлена последняя версия бота | 5.9.1
2026-09-17 14:35:15,875 - INFO - [global] Проверяю обновы...
2026-09-17 14:35:17,062 - DEBUG - [global] needs_update: API GitHub → 5.9.1
2026-09-17 14:35:18,214 - DEBUG - [global] needs_update: raw → 5.9.1
2026-09-17 14:35:19,216 - DEBUG - [global] needs_update: jsdelivr → 5.9.0
2026-09-17 14:35:19,216 - DEBUG - [global] needs_update: лучший источник API → 5.9.1 (из 3)
2026-09-17 14:35:19,221 - INFO - [global] needs_update: local=(5, 9, 1) remote=(5, 9, 1) -> has_update=False
2026-09-17 14:35:19,222 - INFO - [global] Установлена последняя версия бота | 5.9.1
2026-09-17 14:35:30,387 - INFO - [global] LogUploader: запускаю upload_run_logs...
2026-09-17 14:35:30,390 - DEBUG - [global] log_uploader: START window=periodic made=-1 token=...Rjnfq
2026-09-17 14:35:30,390 - DEBUG - [global] log_uploader: STEP 1 SKIP (no C:\Users\PC\Desktop\L2Mauto\logs\periodic.log)
2026-09-17 14:35:30,391 - DEBUG - [global] log_uploader: STEP 2 SKIP (no PNGs)
2026-09-17 14:35:31,774 - DEBUG - [global] _api_put: GET runs/20260917_143530_fail_global.log -> 404
2026-09-17 14:35:34,215 - DEBUG - [global] _api_put: PUT runs/20260917_143530_fail_global.log -> 201 (19291 bytes)
2026-09-17 14:35:34,221 - DEBUG - [global] log_uploader: STEP 3 (global log) -> https://github.com/StarateJI/L2Mauto/blob/bot-logs/runs/20260917_143530_fail_global.log
2026-09-17 14:35:34,221 - DEBUG - [global] log_uploader: END window=periodic
2026-09-17 14:35:34,221 - INFO - [global] LogUploader: upload_run_logs завершён
2026-09-17 14:35:49,248 - INFO - [global] Проверяю обновы...
2026-09-17 14:35:50,437 - DEBUG - [global] needs_update: API GitHub → 5.9.1
2026-09-17 14:35:51,433 - DEBUG - [global] needs_update: raw → 5.9.1
2026-09-17 14:35:52,522 - DEBUG - [global] needs_update: jsdelivr → 5.9.0
2026-09-17 14:35:52,523 - DEBUG - [global] needs_update: лучший источник API → 5.9.1 (из 3)
2026-09-17 14:35:52,529 - INFO - [global] needs_update: local=(5, 9, 1) remote=(5, 9, 1) -> has_update=False
2026-09-17 14:35:52,533 - INFO - [global] Установлена последняя версия бота | 5.9.1
2026-09-17 14:36:22,557 - INFO - [global] Проверяю обновы...
2026-09-17 14:36:23,770 - DEBUG - [global] needs_update: API GitHub → 5.9.1
2026-09-17 14:36:24,767 - DEBUG - [global] needs_update: raw → 5.9.1
2026-09-17 14:36:25,894 - DEBUG - [global] needs_update: jsdelivr → 5.9.0
2026-09-17 14:36:25,895 - DEBUG - [global] needs_update: лучший источник API → 5.9.1 (из 3)
2026-09-17 14:36:25,899 - INFO - [global] needs_update: local=(5, 9, 1) remote=(5, 9, 1) -> has_update=False
2026-09-17 14:36:25,901 - INFO - [global] Установлена последняя версия бота | 5.9.1
2026-09-17 14:36:34,265 - INFO - [global] LogUploader: запускаю upload_run_logs...
2026-09-17 14:36:34,269 - DEBUG - [global] log_uploader: START window=periodic made=-1 token=...Rjnfq
2026-09-17 14:36:34,269 - DEBUG - [global] log_uploader: STEP 1 SKIP (no C:\Users\PC\Desktop\L2Mauto\logs\periodic.log)
2026-09-17 14:36:34,270 - DEBUG - [global] log_uploader: STEP 2 SKIP (no PNGs)
2026-09-17 14:36:35,601 - DEBUG - [global] _api_put: GET runs/20260917_143634_fail_global.log -> 404
2026-09-17 14:36:37,668 - DEBUG - [global] _api_put: PUT runs/20260917_143634_fail_global.log -> 201 (19291 bytes)
2026-09-17 14:36:37,673 - DEBUG - [global] log_uploader: STEP 3 (global log) -> https://github.com/StarateJI/L2Mauto/blob/bot-logs/runs/20260917_143634_fail_global.log
2026-09-17 14:36:37,673 - DEBUG - [global] log_uploader: END window=periodic
2026-09-17 14:36:37,673 - INFO - [global] LogUploader: upload_run_logs завершён
2026-09-17 14:36:55,921 - INFO - [global] Проверяю обновы...
2026-09-17 14:36:57,093 - DEBUG - [global] needs_update: API GitHub → 5.9.1
2026-09-17 14:36:58,364 - DEBUG - [global] needs_update: raw → 5.9.1
2026-09-17 14:36:59,614 - DEBUG - [global] needs_update: jsdelivr → 5.9.0
2026-09-17 14:36:59,615 - DEBUG - [global] needs_update: лучший источник API → 5.9.1 (из 3)
2026-09-17 14:36:59,619 - INFO - [global] needs_update: local=(5, 9, 1) remote=(5, 9, 1) -> has_update=False
2026-09-17 14:36:59,620 - INFO - [global] Установлена последняя версия бота | 5.9.1
2026-09-17 14:37:29,640 - INFO - [global] Проверяю обновы...
2026-09-17 14:37:30,838 - DEBUG - [global] needs_update: API GitHub → 5.9.1
2026-09-17 14:37:31,843 - DEBUG - [global] needs_update: raw → 5.9.1
2026-09-17 14:37:32,917 - DEBUG - [global] needs_update: jsdelivr → 5.9.0
2026-09-17 14:37:32,918 - DEBUG - [global] needs_update: лучший источник API → 5.9.1 (из 3)
2026-09-17 14:37:32,924 - INFO - [global] needs_update: local=(5, 9, 1) remote=(5, 9, 1) -> has_update=False
2026-09-17 14:37:32,926 - INFO - [global] Установлена последняя версия бота | 5.9.1
2026-09-17 14:37:37,711 - INFO - [global] LogUploader: запускаю upload_run_logs...
2026-09-17 14:37:37,713 - DEBUG - [global] log_uploader: START window=periodic made=-1 token=...Rjnfq
2026-09-17 14:37:37,714 - DEBUG - [global] log_uploader: STEP 1 SKIP (no C:\Users\PC\Desktop\L2Mauto\logs\periodic.log)
2026-09-17 14:37:37,714 - DEBUG - [global] log_uploader: STEP 2 SKIP (no PNGs)
2026-09-17 14:37:39,072 - DEBUG - [global] _api_put: GET runs/20260917_143737_fail_global.log -> 404
2026-09-17 14:37:41,121 - DEBUG - [global] _api_put: PUT runs/20260917_143737_fail_global.log -> 201 (19291 bytes)
2026-09-17 14:37:41,133 - DEBUG - [global] log_uploader: STEP 3 (global log) -> https://github.com/StarateJI/L2Mauto/blob/bot-logs/runs/20260917_143737_fail_global.log
2026-09-17 14:37:41,134 - DEBUG - [global] log_uploader: END window=periodic
2026-09-17 14:37:41,134 - INFO - [global] LogUploader: upload_run_logs завершён
2026-09-17 14:38:02,944 - INFO - [global] Проверяю обновы...
2026-09-17 14:38:04,103 - DEBUG - [global] needs_update: API GitHub → 5.9.1
2026-09-17 14:38:05,291 - DEBUG - [global] needs_update: raw → 5.9.1
2026-09-17 14:38:06,517 - DEBUG - [global] needs_update: jsdelivr → 5.9.0
2026-09-17 14:38:06,517 - DEBUG - [global] needs_update: лучший источник API → 5.9.1 (из 3)
2026-09-17 14:38:06,526 - INFO - [global] needs_update: local=(5, 9, 1) remote=(5, 9, 1) -> has_update=False
2026-09-17 14:38:06,528 - INFO - [global] Установлена последняя версия бота | 5.9.1
2026-09-17 14:38:36,546 - INFO - [global] Проверяю обновы...
2026-09-17 14:38:37,756 - DEBUG - [global] needs_update: API GitHub → 5.9.1
2026-09-17 14:38:38,949 - DEBUG - [global] needs_update: raw → 5.9.1
2026-09-17 14:38:40,139 - DEBUG - [global] needs_update: jsdelivr → 5.9.0
2026-09-17 14:38:40,139 - DEBUG - [global] needs_update: лучший источник API → 5.9.1 (из 3)
2026-09-17 14:38:40,145 - INFO - [global] needs_update: local=(5, 9, 1) remote=(5, 9, 1) -> has_update=False
2026-09-17 14:38:40,147 - INFO - [global] Установлена последняя версия бота | 5.9.1
2026-09-17 14:38:41,193 - INFO - [global] LogUploader: запускаю upload_run_logs...
2026-09-17 14:38:41,196 - DEBUG - [global] log_uploader: START window=periodic made=-1 token=...Rjnfq
2026-09-17 14:38:41,197 - DEBUG - [global] log_uploader: STEP 1 SKIP (no C:\Users\PC\Desktop\L2Mauto\logs\periodic.log)
2026-09-17 14:38:41,197 - DEBUG - [global] log_uploader: STEP 2 SKIP (no PNGs)
