=== Log tail 2026-09-28T08:45:15.042949 | last 200 lines ===
2026-09-28 08:36:12,550 - DEBUG - [global] needs_update: API → 5.13.09
2026-09-28 08:36:12,551 - DEBUG - [global] needs_update: лучший источник raw → 5.13.09 (из 2)
2026-09-28 08:36:12,551 - INFO - [global] needs_update: local=(5, 13, 7) remote=(5, 13, 9) -> has_update=True
2026-09-28 08:36:12,551 - INFO - [global] Доступна обнова! Спавню кнопку
2026-09-28 08:36:19,550 - INFO - [global] LogUploader: запускаю upload_run_logs...
2026-09-28 08:36:19,552 - DEBUG - [global] log_uploader: START window=periodic made=-1 token=...Rjnfq
2026-09-28 08:36:20,579 - DEBUG - [global] _api_put: GET runs/20260928_083619_fail_periodic.log -> 404
2026-09-28 08:36:22,580 - DEBUG - [global] _api_put: PUT runs/20260928_083619_fail_periodic.log -> 201 (12001 bytes)
2026-09-28 08:36:22,583 - DEBUG - [global] log_uploader: STEP 1 (window log) -> https://github.com/StarateJI/L2Mauto/blob/bot-logs/runs/20260928_083619_fail_periodic.log
2026-09-28 08:36:22,584 - DEBUG - [global] log_uploader: STEP 2 SKIP (no PNGs)
2026-09-28 08:36:23,823 - DEBUG - [global] _api_put: GET runs/20260928_083619_fail_global.log -> 404
2026-09-28 08:36:25,731 - DEBUG - [global] _api_put: PUT runs/20260928_083619_fail_global.log -> 201 (20019 bytes)
2026-09-28 08:36:25,734 - DEBUG - [global] log_uploader: STEP 3 (global log) -> https://github.com/StarateJI/L2Mauto/blob/bot-logs/runs/20260928_083619_fail_global.log
2026-09-28 08:36:25,734 - DEBUG - [global] log_uploader: END window=periodic
2026-09-28 08:36:25,734 - INFO - [global] LogUploader: upload_run_logs завершён
2026-09-28 08:36:42,569 - INFO - [global] Проверяю обновы...
2026-09-28 08:36:43,624 - DEBUG - [global] needs_update: raw → 5.13.09
2026-09-28 08:36:43,822 - DEBUG - [global] needs_update: API → 5.13.09
2026-09-28 08:36:43,822 - DEBUG - [global] needs_update: лучший источник raw → 5.13.09 (из 2)
2026-09-28 08:36:43,822 - INFO - [global] needs_update: local=(5, 13, 7) remote=(5, 13, 9) -> has_update=True
2026-09-28 08:36:43,822 - INFO - [global] Доступна обнова! Спавню кнопку
2026-09-28 08:37:13,845 - INFO - [global] Проверяю обновы...
2026-09-28 08:37:14,861 - DEBUG - [global] needs_update: raw → 5.13.09
2026-09-28 08:37:15,054 - DEBUG - [global] needs_update: API → 5.13.09
2026-09-28 08:37:15,054 - DEBUG - [global] needs_update: лучший источник raw → 5.13.09 (из 2)
2026-09-28 08:37:15,054 - INFO - [global] needs_update: local=(5, 13, 7) remote=(5, 13, 9) -> has_update=True
2026-09-28 08:37:15,054 - INFO - [global] Доступна обнова! Спавню кнопку
2026-09-28 08:37:25,778 - INFO - [global] LogUploader: запускаю upload_run_logs...
2026-09-28 08:37:25,779 - DEBUG - [global] log_uploader: START window=periodic made=-1 token=...Rjnfq
2026-09-28 08:37:26,841 - DEBUG - [global] _api_put: GET runs/20260928_083725_fail_periodic.log -> 404
2026-09-28 08:37:28,734 - DEBUG - [global] _api_put: PUT runs/20260928_083725_fail_periodic.log -> 201 (12001 bytes)
2026-09-28 08:37:28,737 - DEBUG - [global] log_uploader: STEP 1 (window log) -> https://github.com/StarateJI/L2Mauto/blob/bot-logs/runs/20260928_083725_fail_periodic.log
2026-09-28 08:37:28,737 - DEBUG - [global] log_uploader: STEP 2 SKIP (no PNGs)
2026-09-28 08:37:30,000 - DEBUG - [global] _api_put: GET runs/20260928_083725_fail_global.log -> 404
2026-09-28 08:37:31,880 - DEBUG - [global] _api_put: PUT runs/20260928_083725_fail_global.log -> 201 (20019 bytes)
2026-09-28 08:37:31,884 - DEBUG - [global] log_uploader: STEP 3 (global log) -> https://github.com/StarateJI/L2Mauto/blob/bot-logs/runs/20260928_083725_fail_global.log
2026-09-28 08:37:31,884 - DEBUG - [global] log_uploader: END window=periodic
2026-09-28 08:37:31,884 - INFO - [global] LogUploader: upload_run_logs завершён
2026-09-28 08:37:45,098 - INFO - [global] Проверяю обновы...
2026-09-28 08:37:46,312 - DEBUG - [global] needs_update: API → 5.13.09
2026-09-28 08:37:46,358 - DEBUG - [global] needs_update: raw → 5.13.09
2026-09-28 08:37:46,359 - DEBUG - [global] needs_update: лучший источник API → 5.13.09 (из 2)
2026-09-28 08:37:46,359 - INFO - [global] needs_update: local=(5, 13, 7) remote=(5, 13, 9) -> has_update=True
2026-09-28 08:37:46,359 - INFO - [global] Доступна обнова! Спавню кнопку
2026-09-28 08:38:16,385 - INFO - [global] Проверяю обновы...
2026-09-28 08:38:17,418 - DEBUG - [global] needs_update: raw → 5.13.09
2026-09-28 08:38:17,571 - DEBUG - [global] needs_update: API → 5.13.09
2026-09-28 08:38:17,573 - DEBUG - [global] needs_update: лучший источник raw → 5.13.09 (из 2)
2026-09-28 08:38:17,573 - INFO - [global] needs_update: local=(5, 13, 7) remote=(5, 13, 9) -> has_update=True
2026-09-28 08:38:17,573 - INFO - [global] Доступна обнова! Спавню кнопку
2026-09-28 08:38:31,927 - INFO - [global] LogUploader: запускаю upload_run_logs...
2026-09-28 08:38:31,928 - DEBUG - [global] log_uploader: START window=periodic made=-1 token=...Rjnfq
2026-09-28 08:38:33,008 - DEBUG - [global] _api_put: GET runs/20260928_083831_fail_periodic.log -> 404
2026-09-28 08:38:35,074 - DEBUG - [global] _api_put: PUT runs/20260928_083831_fail_periodic.log -> 201 (12001 bytes)
2026-09-28 08:38:35,078 - DEBUG - [global] log_uploader: STEP 1 (window log) -> https://github.com/StarateJI/L2Mauto/blob/bot-logs/runs/20260928_083831_fail_periodic.log
2026-09-28 08:38:35,079 - DEBUG - [global] log_uploader: STEP 2 SKIP (no PNGs)
2026-09-28 08:38:36,325 - DEBUG - [global] _api_put: GET runs/20260928_083831_fail_global.log -> 404
2026-09-28 08:38:38,522 - DEBUG - [global] _api_put: PUT runs/20260928_083831_fail_global.log -> 201 (20019 bytes)
2026-09-28 08:38:38,525 - DEBUG - [global] log_uploader: STEP 3 (global log) -> https://github.com/StarateJI/L2Mauto/blob/bot-logs/runs/20260928_083831_fail_global.log
2026-09-28 08:38:38,525 - DEBUG - [global] log_uploader: END window=periodic
2026-09-28 08:38:38,526 - INFO - [global] LogUploader: upload_run_logs завершён
2026-09-28 08:38:47,624 - INFO - [global] Проверяю обновы...
2026-09-28 08:38:48,624 - DEBUG - [global] needs_update: raw → 5.13.09
2026-09-28 08:38:48,839 - DEBUG - [global] needs_update: API → 5.13.09
2026-09-28 08:38:48,839 - DEBUG - [global] needs_update: лучший источник raw → 5.13.09 (из 2)
2026-09-28 08:38:48,839 - INFO - [global] needs_update: local=(5, 13, 7) remote=(5, 13, 9) -> has_update=True
2026-09-28 08:38:48,839 - INFO - [global] Доступна обнова! Спавню кнопку
2026-09-28 08:39:18,880 - INFO - [global] Проверяю обновы...
2026-09-28 08:39:19,923 - DEBUG - [global] needs_update: raw → 5.13.09
2026-09-28 08:39:20,117 - DEBUG - [global] needs_update: API → 5.13.09
2026-09-28 08:39:20,119 - DEBUG - [global] needs_update: лучший источник raw → 5.13.09 (из 2)
2026-09-28 08:39:20,119 - INFO - [global] needs_update: local=(5, 13, 7) remote=(5, 13, 9) -> has_update=True
2026-09-28 08:39:20,119 - INFO - [global] Доступна обнова! Спавню кнопку
2026-09-28 08:39:38,583 - INFO - [global] LogUploader: запускаю upload_run_logs...
2026-09-28 08:39:38,584 - DEBUG - [global] log_uploader: START window=periodic made=-1 token=...Rjnfq
2026-09-28 08:39:39,764 - DEBUG - [global] _api_put: GET runs/20260928_083938_fail_periodic.log -> 404
2026-09-28 08:39:42,273 - DEBUG - [global] _api_put: PUT runs/20260928_083938_fail_periodic.log -> 201 (12001 bytes)
2026-09-28 08:39:42,276 - DEBUG - [global] log_uploader: STEP 1 (window log) -> https://github.com/StarateJI/L2Mauto/blob/bot-logs/runs/20260928_083938_fail_periodic.log
2026-09-28 08:39:42,277 - DEBUG - [global] log_uploader: STEP 2 SKIP (no PNGs)
2026-09-28 08:39:43,517 - DEBUG - [global] _api_put: GET runs/20260928_083938_fail_global.log -> 404
2026-09-28 08:39:45,576 - DEBUG - [global] _api_put: PUT runs/20260928_083938_fail_global.log -> 201 (20019 bytes)
2026-09-28 08:39:45,579 - DEBUG - [global] log_uploader: STEP 3 (global log) -> https://github.com/StarateJI/L2Mauto/blob/bot-logs/runs/20260928_083938_fail_global.log
2026-09-28 08:39:45,579 - DEBUG - [global] log_uploader: END window=periodic
2026-09-28 08:39:45,579 - INFO - [global] LogUploader: upload_run_logs завершён
2026-09-28 08:39:50,153 - INFO - [global] Проверяю обновы...
2026-09-28 08:39:51,202 - DEBUG - [global] needs_update: raw → 5.13.09
2026-09-28 08:39:51,386 - DEBUG - [global] needs_update: API → 5.13.09
2026-09-28 08:39:51,386 - DEBUG - [global] needs_update: лучший источник raw → 5.13.09 (из 2)
2026-09-28 08:39:51,386 - INFO - [global] needs_update: local=(5, 13, 7) remote=(5, 13, 9) -> has_update=True
2026-09-28 08:39:51,386 - INFO - [global] Доступна обнова! Спавню кнопку
2026-09-28 08:40:21,416 - INFO - [global] Проверяю обновы...
2026-09-28 08:40:22,452 - DEBUG - [global] needs_update: raw → 5.13.09
2026-09-28 08:40:22,660 - DEBUG - [global] needs_update: API → 5.13.09
2026-09-28 08:40:22,660 - DEBUG - [global] needs_update: лучший источник raw → 5.13.09 (из 2)
2026-09-28 08:40:22,660 - INFO - [global] needs_update: local=(5, 13, 7) remote=(5, 13, 9) -> has_update=True
2026-09-28 08:40:22,661 - INFO - [global] Доступна обнова! Спавню кнопку
2026-09-28 08:40:45,628 - INFO - [global] LogUploader: запускаю upload_run_logs...
2026-09-28 08:40:45,633 - DEBUG - [global] log_uploader: START window=periodic made=-1 token=...Rjnfq
2026-09-28 08:40:46,762 - DEBUG - [global] _api_put: GET runs/20260928_084045_fail_periodic.log -> 404
2026-09-28 08:40:48,749 - DEBUG - [global] _api_put: PUT runs/20260928_084045_fail_periodic.log -> 201 (12001 bytes)
2026-09-28 08:40:48,752 - DEBUG - [global] log_uploader: STEP 1 (window log) -> https://github.com/StarateJI/L2Mauto/blob/bot-logs/runs/20260928_084045_fail_periodic.log
2026-09-28 08:40:48,752 - DEBUG - [global] log_uploader: STEP 2 SKIP (no PNGs)
2026-09-28 08:40:50,023 - DEBUG - [global] _api_put: GET runs/20260928_084045_fail_global.log -> 404
2026-09-28 08:40:52,248 - DEBUG - [global] _api_put: PUT runs/20260928_084045_fail_global.log -> 201 (20019 bytes)
2026-09-28 08:40:52,251 - DEBUG - [global] log_uploader: STEP 3 (global log) -> https://github.com/StarateJI/L2Mauto/blob/bot-logs/runs/20260928_084045_fail_global.log
2026-09-28 08:40:52,251 - DEBUG - [global] log_uploader: END window=periodic
2026-09-28 08:40:52,251 - INFO - [global] LogUploader: upload_run_logs завершён
2026-09-28 08:40:52,703 - INFO - [global] Проверяю обновы...
2026-09-28 08:40:53,763 - DEBUG - [global] needs_update: raw → 5.13.09
2026-09-28 08:40:53,946 - DEBUG - [global] needs_update: API → 5.13.09
2026-09-28 08:40:53,946 - DEBUG - [global] needs_update: лучший источник raw → 5.13.09 (из 2)
2026-09-28 08:40:53,947 - INFO - [global] needs_update: local=(5, 13, 7) remote=(5, 13, 9) -> has_update=True
2026-09-28 08:40:53,947 - INFO - [global] Доступна обнова! Спавню кнопку
2026-09-28 08:41:23,975 - INFO - [global] Проверяю обновы...
2026-09-28 08:41:24,996 - DEBUG - [global] needs_update: raw → 5.13.09
2026-09-28 08:41:25,241 - DEBUG - [global] needs_update: API → 5.13.09
2026-09-28 08:41:25,241 - DEBUG - [global] needs_update: лучший источник raw → 5.13.09 (из 2)
2026-09-28 08:41:25,242 - INFO - [global] needs_update: local=(5, 13, 7) remote=(5, 13, 9) -> has_update=True
2026-09-28 08:41:25,242 - INFO - [global] Доступна обнова! Спавню кнопку
2026-09-28 08:41:52,306 - INFO - [global] LogUploader: запускаю upload_run_logs...
2026-09-28 08:41:52,307 - DEBUG - [global] log_uploader: START window=periodic made=-1 token=...Rjnfq
2026-09-28 08:41:53,384 - DEBUG - [global] _api_put: GET runs/20260928_084152_fail_periodic.log -> 404
2026-09-28 08:41:55,265 - INFO - [global] Проверяю обновы...
2026-09-28 08:41:55,486 - DEBUG - [global] _api_put: PUT runs/20260928_084152_fail_periodic.log -> 201 (12001 bytes)
2026-09-28 08:41:55,489 - DEBUG - [global] log_uploader: STEP 1 (window log) -> https://github.com/StarateJI/L2Mauto/blob/bot-logs/runs/20260928_084152_fail_periodic.log
2026-09-28 08:41:55,491 - DEBUG - [global] log_uploader: STEP 2 SKIP (no PNGs)
2026-09-28 08:41:56,429 - DEBUG - [global] needs_update: raw → 5.13.09
2026-09-28 08:41:56,511 - DEBUG - [global] needs_update: API → 5.13.09
2026-09-28 08:41:56,512 - DEBUG - [global] needs_update: лучший источник raw → 5.13.09 (из 2)
2026-09-28 08:41:56,512 - INFO - [global] needs_update: local=(5, 13, 7) remote=(5, 13, 9) -> has_update=True
2026-09-28 08:41:56,512 - INFO - [global] Доступна обнова! Спавню кнопку
2026-09-28 08:41:56,943 - DEBUG - [global] _api_put: GET runs/20260928_084152_fail_global.log -> 404
2026-09-28 08:41:59,506 - DEBUG - [global] _api_put: PUT runs/20260928_084152_fail_global.log -> 201 (20021 bytes)
2026-09-28 08:41:59,509 - DEBUG - [global] log_uploader: STEP 3 (global log) -> https://github.com/StarateJI/L2Mauto/blob/bot-logs/runs/20260928_084152_fail_global.log
2026-09-28 08:41:59,510 - DEBUG - [global] log_uploader: END window=periodic
2026-09-28 08:41:59,510 - INFO - [global] LogUploader: upload_run_logs завершён
2026-09-28 08:42:26,528 - INFO - [global] Проверяю обновы...
2026-09-28 08:42:27,508 - DEBUG - [global] needs_update: raw → 5.13.09
2026-09-28 08:42:27,688 - DEBUG - [global] needs_update: API → 5.13.09
2026-09-28 08:42:27,688 - DEBUG - [global] needs_update: лучший источник raw → 5.13.09 (из 2)
2026-09-28 08:42:27,688 - INFO - [global] needs_update: local=(5, 13, 7) remote=(5, 13, 9) -> has_update=True
2026-09-28 08:42:27,688 - INFO - [global] Доступна обнова! Спавню кнопку
2026-09-28 08:42:57,705 - INFO - [global] Проверяю обновы...
2026-09-28 08:42:58,736 - DEBUG - [global] needs_update: raw → 5.13.09
2026-09-28 08:42:58,876 - DEBUG - [global] needs_update: API → 5.13.09
2026-09-28 08:42:58,877 - DEBUG - [global] needs_update: лучший источник raw → 5.13.09 (из 2)
2026-09-28 08:42:58,877 - INFO - [global] needs_update: local=(5, 13, 7) remote=(5, 13, 9) -> has_update=True
2026-09-28 08:42:58,877 - INFO - [global] Доступна обнова! Спавню кнопку
2026-09-28 08:42:59,548 - INFO - [global] LogUploader: запускаю upload_run_logs...
2026-09-28 08:42:59,550 - DEBUG - [global] log_uploader: START window=periodic made=-1 token=...Rjnfq
2026-09-28 08:43:00,615 - DEBUG - [global] _api_put: GET runs/20260928_084259_fail_periodic.log -> 404
2026-09-28 08:43:02,705 - DEBUG - [global] _api_put: PUT runs/20260928_084259_fail_periodic.log -> 201 (12001 bytes)
2026-09-28 08:43:02,708 - DEBUG - [global] log_uploader: STEP 1 (window log) -> https://github.com/StarateJI/L2Mauto/blob/bot-logs/runs/20260928_084259_fail_periodic.log
2026-09-28 08:43:02,708 - DEBUG - [global] log_uploader: STEP 2 SKIP (no PNGs)
2026-09-28 08:43:03,879 - DEBUG - [global] _api_put: GET runs/20260928_084259_fail_global.log -> 404
2026-09-28 08:43:05,934 - DEBUG - [global] _api_put: PUT runs/20260928_084259_fail_global.log -> 201 (20019 bytes)
2026-09-28 08:43:05,937 - DEBUG - [global] log_uploader: STEP 3 (global log) -> https://github.com/StarateJI/L2Mauto/blob/bot-logs/runs/20260928_084259_fail_global.log
2026-09-28 08:43:05,937 - DEBUG - [global] log_uploader: END window=periodic
2026-09-28 08:43:05,937 - INFO - [global] LogUploader: upload_run_logs завершён
2026-09-28 08:43:28,897 - INFO - [global] Проверяю обновы...
2026-09-28 08:43:29,844 - DEBUG - [global] needs_update: raw → 5.13.09
2026-09-28 08:43:30,054 - DEBUG - [global] needs_update: API → 5.13.09
2026-09-28 08:43:30,054 - DEBUG - [global] needs_update: лучший источник raw → 5.13.09 (из 2)
2026-09-28 08:43:30,055 - INFO - [global] needs_update: local=(5, 13, 7) remote=(5, 13, 9) -> has_update=True
2026-09-28 08:43:30,055 - INFO - [global] Доступна обнова! Спавню кнопку
2026-09-28 08:44:00,075 - INFO - [global] Проверяю обновы...
2026-09-28 08:44:01,039 - DEBUG - [global] needs_update: raw → 5.13.09
2026-09-28 08:44:01,221 - DEBUG - [global] needs_update: API → 5.13.09
2026-09-28 08:44:01,221 - DEBUG - [global] needs_update: лучший источник raw → 5.13.09 (из 2)
2026-09-28 08:44:01,221 - INFO - [global] needs_update: local=(5, 13, 7) remote=(5, 13, 9) -> has_update=True
2026-09-28 08:44:01,221 - INFO - [global] Доступна обнова! Спавню кнопку
2026-09-28 08:44:05,977 - INFO - [global] LogUploader: запускаю upload_run_logs...
2026-09-28 08:44:05,978 - DEBUG - [global] log_uploader: START window=periodic made=-1 token=...Rjnfq
2026-09-28 08:44:06,934 - DEBUG - [global] _api_put: GET runs/20260928_084405_fail_periodic.log -> 404
2026-09-28 08:44:08,871 - DEBUG - [global] _api_put: PUT runs/20260928_084405_fail_periodic.log -> 201 (12001 bytes)
2026-09-28 08:44:08,875 - DEBUG - [global] log_uploader: STEP 1 (window log) -> https://github.com/StarateJI/L2Mauto/blob/bot-logs/runs/20260928_084405_fail_periodic.log
2026-09-28 08:44:08,876 - DEBUG - [global] log_uploader: STEP 2 SKIP (no PNGs)
2026-09-28 08:44:09,965 - DEBUG - [global] _api_put: GET runs/20260928_084405_fail_global.log -> 404
2026-09-28 08:44:11,976 - DEBUG - [global] _api_put: PUT runs/20260928_084405_fail_global.log -> 201 (20019 bytes)
2026-09-28 08:44:11,978 - DEBUG - [global] log_uploader: STEP 3 (global log) -> https://github.com/StarateJI/L2Mauto/blob/bot-logs/runs/20260928_084405_fail_global.log
2026-09-28 08:44:11,978 - DEBUG - [global] log_uploader: END window=periodic
2026-09-28 08:44:11,978 - INFO - [global] LogUploader: upload_run_logs завершён
2026-09-28 08:44:31,239 - INFO - [global] Проверяю обновы...
2026-09-28 08:44:32,121 - DEBUG - [global] needs_update: raw → 5.13.09
2026-09-28 08:44:32,357 - DEBUG - [global] needs_update: API → 5.13.09
2026-09-28 08:44:32,357 - DEBUG - [global] needs_update: лучший источник raw → 5.13.09 (из 2)
2026-09-28 08:44:32,357 - INFO - [global] needs_update: local=(5, 13, 7) remote=(5, 13, 9) -> has_update=True
2026-09-28 08:44:32,358 - INFO - [global] Доступна обнова! Спавню кнопку
2026-09-28 08:45:02,373 - INFO - [global] Проверяю обновы...
2026-09-28 08:45:03,348 - DEBUG - [global] needs_update: raw → 5.13.09
2026-09-28 08:45:03,497 - DEBUG - [global] needs_update: API → 5.13.09
2026-09-28 08:45:03,498 - DEBUG - [global] needs_update: лучший источник raw → 5.13.09 (из 2)
2026-09-28 08:45:03,498 - INFO - [global] needs_update: local=(5, 13, 7) remote=(5, 13, 9) -> has_update=True
2026-09-28 08:45:03,498 - INFO - [global] Доступна обнова! Спавню кнопку
2026-09-28 08:45:12,013 - INFO - [global] LogUploader: запускаю upload_run_logs...
2026-09-28 08:45:12,015 - DEBUG - [global] log_uploader: START window=periodic made=-1 token=...Rjnfq
2026-09-28 08:45:12,989 - DEBUG - [global] _api_put: GET runs/20260928_084512_fail_periodic.log -> 404
2026-09-28 08:45:14,931 - DEBUG - [global] _api_put: PUT runs/20260928_084512_fail_periodic.log -> 201 (12001 bytes)
2026-09-28 08:45:14,934 - DEBUG - [global] log_uploader: STEP 1 (window log) -> https://github.com/StarateJI/L2Mauto/blob/bot-logs/runs/20260928_084512_fail_periodic.log
2026-09-28 08:45:14,935 - DEBUG - [global] log_uploader: STEP 2 SKIP (no PNGs)
