=== Log tail 2026-10-01T17:46:22.485639 | last 200 lines ===
2026-10-01 17:37:21,390 - INFO - [global] needs_update: local=(5, 13, 7) remote=(5, 13, 9) -> has_update=True
2026-10-01 17:37:21,390 - INFO - [global] Доступна обнова! Спавню кнопку
2026-10-01 17:37:28,411 - INFO - [global] LogUploader: запускаю upload_run_logs...
2026-10-01 17:37:28,412 - DEBUG - [global] log_uploader: START window=periodic made=-1 token=...Rjnfq
2026-10-01 17:37:29,350 - DEBUG - [global] _api_put: GET runs/20261001_173728_fail_periodic.log -> 404
2026-10-01 17:37:31,248 - DEBUG - [global] _api_put: PUT runs/20261001_173728_fail_periodic.log -> 201 (12833 bytes)
2026-10-01 17:37:31,250 - DEBUG - [global] log_uploader: STEP 1 (window log) -> https://github.com/StarateJI/L2Mauto/blob/bot-logs/runs/20261001_173728_fail_periodic.log
2026-10-01 17:37:31,250 - DEBUG - [global] log_uploader: STEP 2 SKIP (no PNGs)
2026-10-01 17:37:32,279 - DEBUG - [global] _api_put: GET runs/20261001_173728_fail_global.log -> 404
2026-10-01 17:37:34,365 - DEBUG - [global] _api_put: PUT runs/20261001_173728_fail_global.log -> 201 (20019 bytes)
2026-10-01 17:37:34,367 - DEBUG - [global] log_uploader: STEP 3 (global log) -> https://github.com/StarateJI/L2Mauto/blob/bot-logs/runs/20261001_173728_fail_global.log
2026-10-01 17:37:34,367 - DEBUG - [global] log_uploader: END window=periodic
2026-10-01 17:37:34,367 - INFO - [global] LogUploader: upload_run_logs завершён
2026-10-01 17:37:51,409 - INFO - [global] Проверяю обновы...
2026-10-01 17:37:52,328 - DEBUG - [global] needs_update: raw → 5.13.09
2026-10-01 17:37:52,475 - DEBUG - [global] needs_update: API → 5.13.09
2026-10-01 17:37:52,475 - DEBUG - [global] needs_update: лучший источник raw → 5.13.09 (из 2)
2026-10-01 17:37:52,475 - INFO - [global] needs_update: local=(5, 13, 7) remote=(5, 13, 9) -> has_update=True
2026-10-01 17:37:52,475 - INFO - [global] Доступна обнова! Спавню кнопку
2026-10-01 17:38:22,493 - INFO - [global] Проверяю обновы...
2026-10-01 17:38:23,368 - DEBUG - [global] needs_update: raw → 5.13.09
2026-10-01 17:38:23,893 - DEBUG - [global] needs_update: API → 5.13.09
2026-10-01 17:38:23,893 - DEBUG - [global] needs_update: лучший источник raw → 5.13.09 (из 2)
2026-10-01 17:38:23,894 - INFO - [global] needs_update: local=(5, 13, 7) remote=(5, 13, 9) -> has_update=True
2026-10-01 17:38:23,894 - INFO - [global] Доступна обнова! Спавню кнопку
2026-10-01 17:38:34,405 - INFO - [global] LogUploader: запускаю upload_run_logs...
2026-10-01 17:38:34,406 - DEBUG - [global] log_uploader: START window=periodic made=-1 token=...Rjnfq
2026-10-01 17:38:35,683 - DEBUG - [global] _api_put: GET runs/20261001_173834_fail_periodic.log -> 404
2026-10-01 17:38:37,799 - DEBUG - [global] _api_put: PUT runs/20261001_173834_fail_periodic.log -> 201 (12833 bytes)
2026-10-01 17:38:37,800 - DEBUG - [global] log_uploader: STEP 1 (window log) -> https://github.com/StarateJI/L2Mauto/blob/bot-logs/runs/20261001_173834_fail_periodic.log
2026-10-01 17:38:37,801 - DEBUG - [global] log_uploader: STEP 2 SKIP (no PNGs)
2026-10-01 17:38:38,830 - DEBUG - [global] _api_put: GET runs/20261001_173834_fail_global.log -> 404
2026-10-01 17:38:41,007 - DEBUG - [global] _api_put: PUT runs/20261001_173834_fail_global.log -> 201 (20019 bytes)
2026-10-01 17:38:41,009 - DEBUG - [global] log_uploader: STEP 3 (global log) -> https://github.com/StarateJI/L2Mauto/blob/bot-logs/runs/20261001_173834_fail_global.log
2026-10-01 17:38:41,009 - DEBUG - [global] log_uploader: END window=periodic
2026-10-01 17:38:41,009 - INFO - [global] LogUploader: upload_run_logs завершён
2026-10-01 17:38:53,909 - INFO - [global] Проверяю обновы...
2026-10-01 17:38:54,778 - DEBUG - [global] needs_update: raw → 5.13.09
2026-10-01 17:38:55,182 - DEBUG - [global] needs_update: API → 5.13.09
2026-10-01 17:38:55,182 - DEBUG - [global] needs_update: лучший источник raw → 5.13.09 (из 2)
2026-10-01 17:38:55,183 - INFO - [global] needs_update: local=(5, 13, 7) remote=(5, 13, 9) -> has_update=True
2026-10-01 17:38:55,183 - INFO - [global] Доступна обнова! Спавню кнопку
2026-10-01 17:39:25,199 - INFO - [global] Проверяю обновы...
2026-10-01 17:39:26,087 - DEBUG - [global] needs_update: raw → 5.13.09
2026-10-01 17:39:26,363 - DEBUG - [global] needs_update: API → 5.13.09
2026-10-01 17:39:26,363 - DEBUG - [global] needs_update: лучший источник raw → 5.13.09 (из 2)
2026-10-01 17:39:26,363 - INFO - [global] needs_update: local=(5, 13, 7) remote=(5, 13, 9) -> has_update=True
2026-10-01 17:39:26,363 - INFO - [global] Доступна обнова! Спавню кнопку
2026-10-01 17:39:41,043 - INFO - [global] LogUploader: запускаю upload_run_logs...
2026-10-01 17:39:41,044 - DEBUG - [global] log_uploader: START window=periodic made=-1 token=...Rjnfq
2026-10-01 17:39:42,049 - DEBUG - [global] _api_put: GET runs/20261001_173941_fail_periodic.log -> 404
2026-10-01 17:39:44,262 - DEBUG - [global] _api_put: PUT runs/20261001_173941_fail_periodic.log -> 201 (12833 bytes)
2026-10-01 17:39:44,265 - DEBUG - [global] log_uploader: STEP 1 (window log) -> https://github.com/StarateJI/L2Mauto/blob/bot-logs/runs/20261001_173941_fail_periodic.log
2026-10-01 17:39:44,265 - DEBUG - [global] log_uploader: STEP 2 SKIP (no PNGs)
2026-10-01 17:39:45,373 - DEBUG - [global] _api_put: GET runs/20261001_173941_fail_global.log -> 404
2026-10-01 17:39:47,245 - DEBUG - [global] _api_put: PUT runs/20261001_173941_fail_global.log -> 201 (20019 bytes)
2026-10-01 17:39:47,246 - DEBUG - [global] log_uploader: STEP 3 (global log) -> https://github.com/StarateJI/L2Mauto/blob/bot-logs/runs/20261001_173941_fail_global.log
2026-10-01 17:39:47,246 - DEBUG - [global] log_uploader: END window=periodic
2026-10-01 17:39:47,247 - INFO - [global] LogUploader: upload_run_logs завершён
2026-10-01 17:39:56,379 - INFO - [global] Проверяю обновы...
2026-10-01 17:39:57,319 - DEBUG - [global] needs_update: raw → 5.13.09
2026-10-01 17:39:57,500 - DEBUG - [global] needs_update: API → 5.13.09
2026-10-01 17:39:57,501 - DEBUG - [global] needs_update: лучший источник raw → 5.13.09 (из 2)
2026-10-01 17:39:57,501 - INFO - [global] needs_update: local=(5, 13, 7) remote=(5, 13, 9) -> has_update=True
2026-10-01 17:39:57,501 - INFO - [global] Доступна обнова! Спавню кнопку
2026-10-01 17:40:27,521 - INFO - [global] Проверяю обновы...
2026-10-01 17:40:28,424 - DEBUG - [global] needs_update: raw → 5.13.09
2026-10-01 17:40:28,613 - DEBUG - [global] needs_update: API → 5.13.09
2026-10-01 17:40:28,613 - DEBUG - [global] needs_update: лучший источник raw → 5.13.09 (из 2)
2026-10-01 17:40:28,614 - INFO - [global] needs_update: local=(5, 13, 7) remote=(5, 13, 9) -> has_update=True
2026-10-01 17:40:28,614 - INFO - [global] Доступна обнова! Спавню кнопку
2026-10-01 17:40:47,278 - INFO - [global] LogUploader: запускаю upload_run_logs...
2026-10-01 17:40:47,279 - DEBUG - [global] log_uploader: START window=periodic made=-1 token=...Rjnfq
2026-10-01 17:40:48,242 - DEBUG - [global] _api_put: GET runs/20261001_174047_fail_periodic.log -> 404
2026-10-01 17:40:50,406 - DEBUG - [global] _api_put: PUT runs/20261001_174047_fail_periodic.log -> 201 (12833 bytes)
2026-10-01 17:40:50,409 - DEBUG - [global] log_uploader: STEP 1 (window log) -> https://github.com/StarateJI/L2Mauto/blob/bot-logs/runs/20261001_174047_fail_periodic.log
2026-10-01 17:40:50,409 - DEBUG - [global] log_uploader: STEP 2 SKIP (no PNGs)
2026-10-01 17:40:51,505 - DEBUG - [global] _api_put: GET runs/20261001_174047_fail_global.log -> 404
2026-10-01 17:40:53,618 - DEBUG - [global] _api_put: PUT runs/20261001_174047_fail_global.log -> 201 (20019 bytes)
2026-10-01 17:40:53,620 - DEBUG - [global] log_uploader: STEP 3 (global log) -> https://github.com/StarateJI/L2Mauto/blob/bot-logs/runs/20261001_174047_fail_global.log
2026-10-01 17:40:53,620 - DEBUG - [global] log_uploader: END window=periodic
2026-10-01 17:40:53,620 - INFO - [global] LogUploader: upload_run_logs завершён
2026-10-01 17:40:58,636 - INFO - [global] Проверяю обновы...
2026-10-01 17:40:59,517 - DEBUG - [global] needs_update: raw → 5.13.09
2026-10-01 17:40:59,910 - DEBUG - [global] needs_update: API → 5.13.09
2026-10-01 17:40:59,911 - DEBUG - [global] needs_update: лучший источник raw → 5.13.09 (из 2)
2026-10-01 17:40:59,911 - INFO - [global] needs_update: local=(5, 13, 7) remote=(5, 13, 9) -> has_update=True
2026-10-01 17:40:59,911 - INFO - [global] Доступна обнова! Спавню кнопку
2026-10-01 17:41:29,929 - INFO - [global] Проверяю обновы...
2026-10-01 17:41:30,762 - DEBUG - [global] needs_update: raw → 5.13.09
2026-10-01 17:41:30,996 - DEBUG - [global] needs_update: API → 5.13.09
2026-10-01 17:41:30,997 - DEBUG - [global] needs_update: лучший источник raw → 5.13.09 (из 2)
2026-10-01 17:41:30,997 - INFO - [global] needs_update: local=(5, 13, 7) remote=(5, 13, 9) -> has_update=True
2026-10-01 17:41:30,997 - INFO - [global] Доступна обнова! Спавню кнопку
2026-10-01 17:41:53,653 - INFO - [global] LogUploader: запускаю upload_run_logs...
2026-10-01 17:41:53,654 - DEBUG - [global] log_uploader: START window=periodic made=-1 token=...Rjnfq
2026-10-01 17:41:54,609 - DEBUG - [global] _api_put: GET runs/20261001_174153_fail_periodic.log -> 404
2026-10-01 17:41:56,745 - DEBUG - [global] _api_put: PUT runs/20261001_174153_fail_periodic.log -> 201 (12833 bytes)
2026-10-01 17:41:56,747 - DEBUG - [global] log_uploader: STEP 1 (window log) -> https://github.com/StarateJI/L2Mauto/blob/bot-logs/runs/20261001_174153_fail_periodic.log
2026-10-01 17:41:56,748 - DEBUG - [global] log_uploader: STEP 2 SKIP (no PNGs)
2026-10-01 17:41:57,794 - DEBUG - [global] _api_put: GET runs/20261001_174153_fail_global.log -> 404
2026-10-01 17:41:59,790 - DEBUG - [global] _api_put: PUT runs/20261001_174153_fail_global.log -> 201 (20019 bytes)
2026-10-01 17:41:59,792 - DEBUG - [global] log_uploader: STEP 3 (global log) -> https://github.com/StarateJI/L2Mauto/blob/bot-logs/runs/20261001_174153_fail_global.log
2026-10-01 17:41:59,792 - DEBUG - [global] log_uploader: END window=periodic
2026-10-01 17:41:59,792 - INFO - [global] LogUploader: upload_run_logs завершён
2026-10-01 17:42:01,013 - INFO - [global] Проверяю обновы...
2026-10-01 17:42:01,900 - DEBUG - [global] needs_update: raw → 5.13.09
2026-10-01 17:42:02,112 - DEBUG - [global] needs_update: API → 5.13.09
2026-10-01 17:42:02,112 - DEBUG - [global] needs_update: лучший источник raw → 5.13.09 (из 2)
2026-10-01 17:42:02,112 - INFO - [global] needs_update: local=(5, 13, 7) remote=(5, 13, 9) -> has_update=True
2026-10-01 17:42:02,112 - INFO - [global] Доступна обнова! Спавню кнопку
2026-10-01 17:42:32,132 - INFO - [global] Проверяю обновы...
2026-10-01 17:42:33,046 - DEBUG - [global] needs_update: raw → 5.13.09
2026-10-01 17:42:33,263 - DEBUG - [global] needs_update: API → 5.13.09
2026-10-01 17:42:33,264 - DEBUG - [global] needs_update: лучший источник raw → 5.13.09 (из 2)
2026-10-01 17:42:33,264 - INFO - [global] needs_update: local=(5, 13, 7) remote=(5, 13, 9) -> has_update=True
2026-10-01 17:42:33,264 - INFO - [global] Доступна обнова! Спавню кнопку
2026-10-01 17:42:59,827 - INFO - [global] LogUploader: запускаю upload_run_logs...
2026-10-01 17:42:59,831 - DEBUG - [global] log_uploader: START window=periodic made=-1 token=...Rjnfq
2026-10-01 17:43:00,834 - DEBUG - [global] _api_put: GET runs/20261001_174259_fail_periodic.log -> 404
2026-10-01 17:43:03,017 - DEBUG - [global] _api_put: PUT runs/20261001_174259_fail_periodic.log -> 201 (12833 bytes)
2026-10-01 17:43:03,019 - DEBUG - [global] log_uploader: STEP 1 (window log) -> https://github.com/StarateJI/L2Mauto/blob/bot-logs/runs/20261001_174259_fail_periodic.log
2026-10-01 17:43:03,020 - DEBUG - [global] log_uploader: STEP 2 SKIP (no PNGs)
2026-10-01 17:43:03,281 - INFO - [global] Проверяю обновы...
2026-10-01 17:43:04,298 - DEBUG - [global] needs_update: raw → 5.13.09
2026-10-01 17:43:04,409 - DEBUG - [global] _api_put: GET runs/20261001_174259_fail_global.log -> 404
2026-10-01 17:43:04,495 - DEBUG - [global] needs_update: API → 5.13.09
2026-10-01 17:43:04,495 - DEBUG - [global] needs_update: лучший источник raw → 5.13.09 (из 2)
2026-10-01 17:43:04,496 - INFO - [global] needs_update: local=(5, 13, 7) remote=(5, 13, 9) -> has_update=True
2026-10-01 17:43:04,496 - INFO - [global] Доступна обнова! Спавню кнопку
2026-10-01 17:43:06,701 - DEBUG - [global] _api_put: PUT runs/20261001_174259_fail_global.log -> 201 (20019 bytes)
2026-10-01 17:43:06,704 - DEBUG - [global] log_uploader: STEP 3 (global log) -> https://github.com/StarateJI/L2Mauto/blob/bot-logs/runs/20261001_174259_fail_global.log
2026-10-01 17:43:06,704 - DEBUG - [global] log_uploader: END window=periodic
2026-10-01 17:43:06,704 - INFO - [global] LogUploader: upload_run_logs завершён
2026-10-01 17:43:34,515 - INFO - [global] Проверяю обновы...
2026-10-01 17:43:35,387 - DEBUG - [global] needs_update: raw → 5.13.09
2026-10-01 17:43:35,571 - DEBUG - [global] needs_update: API → 5.13.09
2026-10-01 17:43:35,572 - DEBUG - [global] needs_update: лучший источник raw → 5.13.09 (из 2)
2026-10-01 17:43:35,572 - INFO - [global] needs_update: local=(5, 13, 7) remote=(5, 13, 9) -> has_update=True
2026-10-01 17:43:35,572 - INFO - [global] Доступна обнова! Спавню кнопку
2026-10-01 17:44:05,590 - INFO - [global] Проверяю обновы...
2026-10-01 17:44:06,550 - DEBUG - [global] needs_update: raw → 5.13.09
2026-10-01 17:44:06,605 - DEBUG - [global] needs_update: API → 5.13.09
2026-10-01 17:44:06,605 - DEBUG - [global] needs_update: лучший источник raw → 5.13.09 (из 2)
2026-10-01 17:44:06,605 - INFO - [global] needs_update: local=(5, 13, 7) remote=(5, 13, 9) -> has_update=True
2026-10-01 17:44:06,605 - INFO - [global] Доступна обнова! Спавню кнопку
2026-10-01 17:44:06,741 - INFO - [global] LogUploader: запускаю upload_run_logs...
2026-10-01 17:44:06,742 - DEBUG - [global] log_uploader: START window=periodic made=-1 token=...Rjnfq
2026-10-01 17:44:07,691 - DEBUG - [global] _api_put: GET runs/20261001_174406_fail_periodic.log -> 404
2026-10-01 17:44:09,868 - DEBUG - [global] _api_put: PUT runs/20261001_174406_fail_periodic.log -> 201 (12833 bytes)
2026-10-01 17:44:09,869 - DEBUG - [global] log_uploader: STEP 1 (window log) -> https://github.com/StarateJI/L2Mauto/blob/bot-logs/runs/20261001_174406_fail_periodic.log
2026-10-01 17:44:09,870 - DEBUG - [global] log_uploader: STEP 2 SKIP (no PNGs)
2026-10-01 17:44:10,898 - DEBUG - [global] _api_put: GET runs/20261001_174406_fail_global.log -> 404
2026-10-01 17:44:12,989 - DEBUG - [global] _api_put: PUT runs/20261001_174406_fail_global.log -> 409 (19974 bytes)
2026-10-01 17:44:12,989 - WARNING - [global] _api_put: PUT failed body: {"message":"is at a730c857b2b6603e15be50a65cb5c7290c87dde2 but expected ac7ceef83652e4123e9d3866751f10ae1901bc69","documentation_url":"https://docs.github.com/rest/repos/contents#create-or-update-file
2026-10-01 17:44:12,993 - DEBUG - [global] log_uploader: STEP 3 (global log) -> FAILED
2026-10-01 17:44:12,993 - DEBUG - [global] log_uploader: END window=periodic
2026-10-01 17:44:12,993 - INFO - [global] LogUploader: upload_run_logs завершён
2026-10-01 17:44:36,620 - INFO - [global] Проверяю обновы...
2026-10-01 17:44:37,455 - DEBUG - [global] needs_update: raw → 5.13.09
2026-10-01 17:44:37,650 - DEBUG - [global] needs_update: API → 5.13.09
2026-10-01 17:44:37,651 - DEBUG - [global] needs_update: лучший источник raw → 5.13.09 (из 2)
2026-10-01 17:44:37,651 - INFO - [global] needs_update: local=(5, 13, 7) remote=(5, 13, 9) -> has_update=True
2026-10-01 17:44:37,651 - INFO - [global] Доступна обнова! Спавню кнопку
2026-10-01 17:45:07,664 - INFO - [global] Проверяю обновы...
2026-10-01 17:45:08,488 - DEBUG - [global] needs_update: raw → 5.13.09
2026-10-01 17:45:08,684 - DEBUG - [global] needs_update: API → 5.13.09
2026-10-01 17:45:08,685 - DEBUG - [global] needs_update: лучший источник raw → 5.13.09 (из 2)
2026-10-01 17:45:08,685 - INFO - [global] needs_update: local=(5, 13, 7) remote=(5, 13, 9) -> has_update=True
2026-10-01 17:45:08,685 - INFO - [global] Доступна обнова! Спавню кнопку
2026-10-01 17:45:13,028 - INFO - [global] LogUploader: запускаю upload_run_logs...
2026-10-01 17:45:13,029 - DEBUG - [global] log_uploader: START window=periodic made=-1 token=...Rjnfq
2026-10-01 17:45:13,992 - DEBUG - [global] _api_put: GET runs/20261001_174513_fail_periodic.log -> 404
2026-10-01 17:45:16,028 - DEBUG - [global] _api_put: PUT runs/20261001_174513_fail_periodic.log -> 201 (12833 bytes)
2026-10-01 17:45:16,030 - DEBUG - [global] log_uploader: STEP 1 (window log) -> https://github.com/StarateJI/L2Mauto/blob/bot-logs/runs/20261001_174513_fail_periodic.log
2026-10-01 17:45:16,031 - DEBUG - [global] log_uploader: STEP 2 SKIP (no PNGs)
2026-10-01 17:45:17,040 - DEBUG - [global] _api_put: GET runs/20261001_174513_fail_global.log -> 404
2026-10-01 17:45:19,103 - DEBUG - [global] _api_put: PUT runs/20261001_174513_fail_global.log -> 409 (20138 bytes)
2026-10-01 17:45:19,103 - WARNING - [global] _api_put: PUT failed body: {"message":"is at f8f73ea8330e9c73899e56c4dea2f5e2ad7d3e95 but expected 1428b75ccb8033ee839939c3169e6c16ce886091","documentation_url":"https://docs.github.com/rest/repos/contents#create-or-update-file
2026-10-01 17:45:19,105 - DEBUG - [global] log_uploader: STEP 3 (global log) -> FAILED
2026-10-01 17:45:19,105 - DEBUG - [global] log_uploader: END window=periodic
2026-10-01 17:45:19,105 - INFO - [global] LogUploader: upload_run_logs завершён
2026-10-01 17:45:38,704 - INFO - [global] Проверяю обновы...
2026-10-01 17:45:39,512 - DEBUG - [global] needs_update: raw → 5.13.09
2026-10-01 17:45:39,719 - DEBUG - [global] needs_update: API → 5.13.09
2026-10-01 17:45:39,719 - DEBUG - [global] needs_update: лучший источник raw → 5.13.09 (из 2)
2026-10-01 17:45:39,719 - INFO - [global] needs_update: local=(5, 13, 7) remote=(5, 13, 9) -> has_update=True
2026-10-01 17:45:39,719 - INFO - [global] Доступна обнова! Спавню кнопку
2026-10-01 17:46:09,736 - INFO - [global] Проверяю обновы...
2026-10-01 17:46:10,575 - DEBUG - [global] needs_update: raw → 5.13.09
2026-10-01 17:46:10,783 - DEBUG - [global] needs_update: API → 5.13.09
2026-10-01 17:46:10,784 - DEBUG - [global] needs_update: лучший источник raw → 5.13.09 (из 2)
2026-10-01 17:46:10,784 - INFO - [global] needs_update: local=(5, 13, 7) remote=(5, 13, 9) -> has_update=True
2026-10-01 17:46:10,784 - INFO - [global] Доступна обнова! Спавню кнопку
2026-10-01 17:46:19,138 - INFO - [global] LogUploader: запускаю upload_run_logs...
2026-10-01 17:46:19,140 - DEBUG - [global] log_uploader: START window=periodic made=-1 token=...Rjnfq
2026-10-01 17:46:20,077 - DEBUG - [global] _api_put: GET runs/20261001_174619_fail_periodic.log -> 404
2026-10-01 17:46:22,398 - DEBUG - [global] _api_put: PUT runs/20261001_174619_fail_periodic.log -> 201 (12833 bytes)
2026-10-01 17:46:22,401 - DEBUG - [global] log_uploader: STEP 1 (window log) -> https://github.com/StarateJI/L2Mauto/blob/bot-logs/runs/20261001_174619_fail_periodic.log
2026-10-01 17:46:22,401 - DEBUG - [global] log_uploader: STEP 2 SKIP (no PNGs)
