=== Log tail 2026-09-26T11:07:03.128094 | last 200 lines ===
2026-09-26 10:58:02,471 - DEBUG - [global] needs_update: API → 5.13.09
2026-09-26 10:58:02,471 - DEBUG - [global] needs_update: лучший источник raw → 5.13.09 (из 2)
2026-09-26 10:58:02,471 - INFO - [global] needs_update: local=(5, 13, 7) remote=(5, 13, 9) -> has_update=True
2026-09-26 10:58:02,471 - INFO - [global] Доступна обнова! Спавню кнопку
2026-09-26 10:58:20,273 - INFO - [global] LogUploader: запускаю upload_run_logs...
2026-09-26 10:58:20,273 - DEBUG - [global] log_uploader: START window=periodic made=-1 token=...Rjnfq
2026-09-26 10:58:21,125 - DEBUG - [global] _api_put: GET runs/20260926_105820_fail_periodic.log -> 404
2026-09-26 10:58:22,685 - DEBUG - [global] _api_put: PUT runs/20260926_105820_fail_periodic.log -> 201 (1517 bytes)
2026-09-26 10:58:22,687 - DEBUG - [global] log_uploader: STEP 1 (window log) -> https://github.com/StarateJI/L2Mauto/blob/bot-logs/runs/20260926_105820_fail_periodic.log
2026-09-26 10:58:22,687 - DEBUG - [global] log_uploader: STEP 2 SKIP (no PNGs)
2026-09-26 10:58:23,590 - DEBUG - [global] _api_put: GET runs/20260926_105820_fail_global.log -> 404
2026-09-26 10:58:25,195 - DEBUG - [global] _api_put: PUT runs/20260926_105820_fail_global.log -> 201 (20010 bytes)
2026-09-26 10:58:25,196 - DEBUG - [global] log_uploader: STEP 3 (global log) -> https://github.com/StarateJI/L2Mauto/blob/bot-logs/runs/20260926_105820_fail_global.log
2026-09-26 10:58:25,197 - DEBUG - [global] log_uploader: END window=periodic
2026-09-26 10:58:25,197 - INFO - [global] LogUploader: upload_run_logs завершён
2026-09-26 10:58:32,486 - INFO - [global] Проверяю обновы...
2026-09-26 10:58:33,268 - DEBUG - [global] needs_update: raw → 5.13.09
2026-09-26 10:58:33,473 - DEBUG - [global] needs_update: API → 5.13.09
2026-09-26 10:58:33,474 - DEBUG - [global] needs_update: лучший источник raw → 5.13.09 (из 2)
2026-09-26 10:58:33,474 - INFO - [global] needs_update: local=(5, 13, 7) remote=(5, 13, 9) -> has_update=True
2026-09-26 10:58:33,474 - INFO - [global] Доступна обнова! Спавню кнопку
2026-09-26 10:59:03,489 - INFO - [global] Проверяю обновы...
2026-09-26 10:59:04,297 - DEBUG - [global] needs_update: raw → 5.13.09
2026-09-26 10:59:04,618 - DEBUG - [global] needs_update: API → 5.13.09
2026-09-26 10:59:04,618 - DEBUG - [global] needs_update: лучший источник raw → 5.13.09 (из 2)
2026-09-26 10:59:04,618 - INFO - [global] needs_update: local=(5, 13, 7) remote=(5, 13, 9) -> has_update=True
2026-09-26 10:59:04,618 - INFO - [global] Доступна обнова! Спавню кнопку
2026-09-26 10:59:25,226 - INFO - [global] LogUploader: запускаю upload_run_logs...
2026-09-26 10:59:25,226 - DEBUG - [global] log_uploader: START window=periodic made=-1 token=...Rjnfq
2026-09-26 10:59:26,071 - DEBUG - [global] _api_put: GET runs/20260926_105925_fail_periodic.log -> 404
2026-09-26 10:59:27,538 - DEBUG - [global] _api_put: PUT runs/20260926_105925_fail_periodic.log -> 201 (1517 bytes)
2026-09-26 10:59:27,540 - DEBUG - [global] log_uploader: STEP 1 (window log) -> https://github.com/StarateJI/L2Mauto/blob/bot-logs/runs/20260926_105925_fail_periodic.log
2026-09-26 10:59:27,540 - DEBUG - [global] log_uploader: STEP 2 SKIP (no PNGs)
2026-09-26 10:59:28,441 - DEBUG - [global] _api_put: GET runs/20260926_105925_fail_global.log -> 404
2026-09-26 10:59:30,044 - DEBUG - [global] _api_put: PUT runs/20260926_105925_fail_global.log -> 201 (20010 bytes)
2026-09-26 10:59:30,046 - DEBUG - [global] log_uploader: STEP 3 (global log) -> https://github.com/StarateJI/L2Mauto/blob/bot-logs/runs/20260926_105925_fail_global.log
2026-09-26 10:59:30,046 - DEBUG - [global] log_uploader: END window=periodic
2026-09-26 10:59:30,046 - INFO - [global] LogUploader: upload_run_logs завершён
2026-09-26 10:59:34,632 - INFO - [global] Проверяю обновы...
2026-09-26 10:59:35,412 - DEBUG - [global] needs_update: raw → 5.13.09
2026-09-26 10:59:35,618 - DEBUG - [global] needs_update: API → 5.13.09
2026-09-26 10:59:35,619 - DEBUG - [global] needs_update: лучший источник raw → 5.13.09 (из 2)
2026-09-26 10:59:35,619 - INFO - [global] needs_update: local=(5, 13, 7) remote=(5, 13, 9) -> has_update=True
2026-09-26 10:59:35,619 - INFO - [global] Доступна обнова! Спавню кнопку
2026-09-26 11:00:05,632 - INFO - [global] Проверяю обновы...
2026-09-26 11:00:06,405 - DEBUG - [global] needs_update: raw → 5.13.09
2026-09-26 11:00:06,608 - DEBUG - [global] needs_update: API → 5.13.09
2026-09-26 11:00:06,609 - DEBUG - [global] needs_update: лучший источник raw → 5.13.09 (из 2)
2026-09-26 11:00:06,609 - INFO - [global] needs_update: local=(5, 13, 7) remote=(5, 13, 9) -> has_update=True
2026-09-26 11:00:06,609 - INFO - [global] Доступна обнова! Спавню кнопку
2026-09-26 11:00:30,078 - INFO - [global] LogUploader: запускаю upload_run_logs...
2026-09-26 11:00:30,078 - DEBUG - [global] log_uploader: START window=periodic made=-1 token=...Rjnfq
2026-09-26 11:00:30,916 - DEBUG - [global] _api_put: GET runs/20260926_110030_fail_periodic.log -> 404
2026-09-26 11:00:32,472 - DEBUG - [global] _api_put: PUT runs/20260926_110030_fail_periodic.log -> 201 (1517 bytes)
2026-09-26 11:00:32,473 - DEBUG - [global] log_uploader: STEP 1 (window log) -> https://github.com/StarateJI/L2Mauto/blob/bot-logs/runs/20260926_110030_fail_periodic.log
2026-09-26 11:00:32,474 - DEBUG - [global] log_uploader: STEP 2 SKIP (no PNGs)
2026-09-26 11:00:33,343 - DEBUG - [global] _api_put: GET runs/20260926_110030_fail_global.log -> 404
2026-09-26 11:00:34,944 - DEBUG - [global] _api_put: PUT runs/20260926_110030_fail_global.log -> 201 (20010 bytes)
2026-09-26 11:00:34,946 - DEBUG - [global] log_uploader: STEP 3 (global log) -> https://github.com/StarateJI/L2Mauto/blob/bot-logs/runs/20260926_110030_fail_global.log
2026-09-26 11:00:34,946 - DEBUG - [global] log_uploader: END window=periodic
2026-09-26 11:00:34,946 - INFO - [global] LogUploader: upload_run_logs завершён
2026-09-26 11:00:36,621 - INFO - [global] Проверяю обновы...
2026-09-26 11:00:37,407 - DEBUG - [global] needs_update: raw → 5.13.09
2026-09-26 11:00:37,595 - DEBUG - [global] needs_update: API → 5.13.09
2026-09-26 11:00:37,595 - DEBUG - [global] needs_update: лучший источник raw → 5.13.09 (из 2)
2026-09-26 11:00:37,595 - INFO - [global] needs_update: local=(5, 13, 7) remote=(5, 13, 9) -> has_update=True
2026-09-26 11:00:37,595 - INFO - [global] Доступна обнова! Спавню кнопку
2026-09-26 11:01:07,611 - INFO - [global] Проверяю обновы...
2026-09-26 11:01:08,344 - DEBUG - [global] needs_update: raw → 5.13.09
2026-09-26 11:01:08,620 - DEBUG - [global] needs_update: API → 5.13.09
2026-09-26 11:01:08,620 - DEBUG - [global] needs_update: лучший источник raw → 5.13.09 (из 2)
2026-09-26 11:01:08,621 - INFO - [global] needs_update: local=(5, 13, 7) remote=(5, 13, 9) -> has_update=True
2026-09-26 11:01:08,621 - INFO - [global] Доступна обнова! Спавню кнопку
2026-09-26 11:01:34,975 - INFO - [global] LogUploader: запускаю upload_run_logs...
2026-09-26 11:01:34,975 - DEBUG - [global] log_uploader: START window=periodic made=-1 token=...Rjnfq
2026-09-26 11:01:35,828 - DEBUG - [global] _api_put: GET runs/20260926_110134_fail_periodic.log -> 404
2026-09-26 11:01:37,421 - DEBUG - [global] _api_put: PUT runs/20260926_110134_fail_periodic.log -> 201 (1517 bytes)
2026-09-26 11:01:37,423 - DEBUG - [global] log_uploader: STEP 1 (window log) -> https://github.com/StarateJI/L2Mauto/blob/bot-logs/runs/20260926_110134_fail_periodic.log
2026-09-26 11:01:37,423 - DEBUG - [global] log_uploader: STEP 2 SKIP (no PNGs)
2026-09-26 11:01:38,280 - DEBUG - [global] _api_put: GET runs/20260926_110134_fail_global.log -> 404
2026-09-26 11:01:38,635 - INFO - [global] Проверяю обновы...
2026-09-26 11:01:39,459 - DEBUG - [global] needs_update: raw → 5.13.09
2026-09-26 11:01:39,613 - DEBUG - [global] needs_update: API → 5.13.09
2026-09-26 11:01:39,614 - DEBUG - [global] needs_update: лучший источник raw → 5.13.09 (из 2)
2026-09-26 11:01:39,614 - INFO - [global] needs_update: local=(5, 13, 7) remote=(5, 13, 9) -> has_update=True
2026-09-26 11:01:39,614 - INFO - [global] Доступна обнова! Спавню кнопку
2026-09-26 11:01:39,982 - DEBUG - [global] _api_put: PUT runs/20260926_110134_fail_global.log -> 201 (20010 bytes)
2026-09-26 11:01:39,984 - DEBUG - [global] log_uploader: STEP 3 (global log) -> https://github.com/StarateJI/L2Mauto/blob/bot-logs/runs/20260926_110134_fail_global.log
2026-09-26 11:01:39,984 - DEBUG - [global] log_uploader: END window=periodic
2026-09-26 11:01:39,984 - INFO - [global] LogUploader: upload_run_logs завершён
2026-09-26 11:02:09,630 - INFO - [global] Проверяю обновы...
2026-09-26 11:02:10,432 - DEBUG - [global] needs_update: raw → 5.13.09
2026-09-26 11:02:10,670 - DEBUG - [global] needs_update: API → 5.13.09
2026-09-26 11:02:10,670 - DEBUG - [global] needs_update: лучший источник raw → 5.13.09 (из 2)
2026-09-26 11:02:10,670 - INFO - [global] needs_update: local=(5, 13, 7) remote=(5, 13, 9) -> has_update=True
2026-09-26 11:02:10,670 - INFO - [global] Доступна обнова! Спавню кнопку
2026-09-26 11:02:40,014 - INFO - [global] LogUploader: запускаю upload_run_logs...
2026-09-26 11:02:40,014 - DEBUG - [global] log_uploader: START window=periodic made=-1 token=...Rjnfq
2026-09-26 11:02:40,683 - INFO - [global] Проверяю обновы...
2026-09-26 11:02:40,841 - DEBUG - [global] _api_put: GET runs/20260926_110240_fail_periodic.log -> 404
2026-09-26 11:02:41,775 - DEBUG - [global] needs_update: raw → 5.13.09
2026-09-26 11:02:41,778 - DEBUG - [global] needs_update: API → 5.13.09
2026-09-26 11:02:41,778 - DEBUG - [global] needs_update: лучший источник raw → 5.13.09 (из 2)
2026-09-26 11:02:41,778 - INFO - [global] needs_update: local=(5, 13, 7) remote=(5, 13, 9) -> has_update=True
2026-09-26 11:02:41,778 - INFO - [global] Доступна обнова! Спавню кнопку
2026-09-26 11:02:42,641 - DEBUG - [global] _api_put: PUT runs/20260926_110240_fail_periodic.log -> 201 (1517 bytes)
2026-09-26 11:02:42,643 - DEBUG - [global] log_uploader: STEP 1 (window log) -> https://github.com/StarateJI/L2Mauto/blob/bot-logs/runs/20260926_110240_fail_periodic.log
2026-09-26 11:02:42,643 - DEBUG - [global] log_uploader: STEP 2 SKIP (no PNGs)
2026-09-26 11:02:43,519 - DEBUG - [global] _api_put: GET runs/20260926_110240_fail_global.log -> 404
2026-09-26 11:02:45,156 - DEBUG - [global] _api_put: PUT runs/20260926_110240_fail_global.log -> 201 (20010 bytes)
2026-09-26 11:02:45,158 - DEBUG - [global] log_uploader: STEP 3 (global log) -> https://github.com/StarateJI/L2Mauto/blob/bot-logs/runs/20260926_110240_fail_global.log
2026-09-26 11:02:45,158 - DEBUG - [global] log_uploader: END window=periodic
2026-09-26 11:02:45,158 - INFO - [global] LogUploader: upload_run_logs завершён
2026-09-26 11:03:11,793 - INFO - [global] Проверяю обновы...
2026-09-26 11:03:12,559 - DEBUG - [global] needs_update: raw → 5.13.09
2026-09-26 11:03:12,818 - DEBUG - [global] needs_update: API → 5.13.09
2026-09-26 11:03:12,818 - DEBUG - [global] needs_update: лучший источник raw → 5.13.09 (из 2)
2026-09-26 11:03:12,818 - INFO - [global] needs_update: local=(5, 13, 7) remote=(5, 13, 9) -> has_update=True
2026-09-26 11:03:12,818 - INFO - [global] Доступна обнова! Спавню кнопку
2026-09-26 11:03:42,834 - INFO - [global] Проверяю обновы...
2026-09-26 11:03:43,629 - DEBUG - [global] needs_update: raw → 5.13.09
2026-09-26 11:03:43,814 - DEBUG - [global] needs_update: API → 5.13.09
2026-09-26 11:03:43,814 - DEBUG - [global] needs_update: лучший источник raw → 5.13.09 (из 2)
2026-09-26 11:03:43,815 - INFO - [global] needs_update: local=(5, 13, 7) remote=(5, 13, 9) -> has_update=True
2026-09-26 11:03:43,815 - INFO - [global] Доступна обнова! Спавню кнопку
2026-09-26 11:03:45,190 - INFO - [global] LogUploader: запускаю upload_run_logs...
2026-09-26 11:03:45,191 - DEBUG - [global] log_uploader: START window=periodic made=-1 token=...Rjnfq
2026-09-26 11:03:46,061 - DEBUG - [global] _api_put: GET runs/20260926_110345_fail_periodic.log -> 404
2026-09-26 11:03:47,743 - DEBUG - [global] _api_put: PUT runs/20260926_110345_fail_periodic.log -> 201 (1517 bytes)
2026-09-26 11:03:47,745 - DEBUG - [global] log_uploader: STEP 1 (window log) -> https://github.com/StarateJI/L2Mauto/blob/bot-logs/runs/20260926_110345_fail_periodic.log
2026-09-26 11:03:47,746 - DEBUG - [global] log_uploader: STEP 2 SKIP (no PNGs)
2026-09-26 11:03:48,664 - DEBUG - [global] _api_put: GET runs/20260926_110345_fail_global.log -> 404
2026-09-26 11:03:50,509 - DEBUG - [global] _api_put: PUT runs/20260926_110345_fail_global.log -> 201 (20010 bytes)
2026-09-26 11:03:50,511 - DEBUG - [global] log_uploader: STEP 3 (global log) -> https://github.com/StarateJI/L2Mauto/blob/bot-logs/runs/20260926_110345_fail_global.log
2026-09-26 11:03:50,511 - DEBUG - [global] log_uploader: END window=periodic
2026-09-26 11:03:50,511 - INFO - [global] LogUploader: upload_run_logs завершён
2026-09-26 11:04:13,827 - INFO - [global] Проверяю обновы...
2026-09-26 11:04:14,585 - DEBUG - [global] needs_update: raw → 5.13.09
2026-09-26 11:04:14,840 - DEBUG - [global] needs_update: API → 5.13.09
2026-09-26 11:04:14,840 - DEBUG - [global] needs_update: лучший источник raw → 5.13.09 (из 2)
2026-09-26 11:04:14,840 - INFO - [global] needs_update: local=(5, 13, 7) remote=(5, 13, 9) -> has_update=True
2026-09-26 11:04:14,840 - INFO - [global] Доступна обнова! Спавню кнопку
2026-09-26 11:04:44,854 - INFO - [global] Проверяю обновы...
2026-09-26 11:04:45,618 - DEBUG - [global] needs_update: raw → 5.13.09
2026-09-26 11:04:45,809 - DEBUG - [global] needs_update: API → 5.13.09
2026-09-26 11:04:45,809 - DEBUG - [global] needs_update: лучший источник raw → 5.13.09 (из 2)
2026-09-26 11:04:45,809 - INFO - [global] needs_update: local=(5, 13, 7) remote=(5, 13, 9) -> has_update=True
2026-09-26 11:04:45,809 - INFO - [global] Доступна обнова! Спавню кнопку
2026-09-26 11:04:50,539 - INFO - [global] LogUploader: запускаю upload_run_logs...
2026-09-26 11:04:50,539 - DEBUG - [global] log_uploader: START window=periodic made=-1 token=...Rjnfq
2026-09-26 11:04:51,426 - DEBUG - [global] _api_put: GET runs/20260926_110450_fail_periodic.log -> 404
2026-09-26 11:04:53,060 - DEBUG - [global] _api_put: PUT runs/20260926_110450_fail_periodic.log -> 201 (1517 bytes)
2026-09-26 11:04:53,061 - DEBUG - [global] log_uploader: STEP 1 (window log) -> https://github.com/StarateJI/L2Mauto/blob/bot-logs/runs/20260926_110450_fail_periodic.log
2026-09-26 11:04:53,062 - DEBUG - [global] log_uploader: STEP 2 SKIP (no PNGs)
2026-09-26 11:04:53,963 - DEBUG - [global] _api_put: GET runs/20260926_110450_fail_global.log -> 404
2026-09-26 11:04:55,606 - DEBUG - [global] _api_put: PUT runs/20260926_110450_fail_global.log -> 201 (20010 bytes)
2026-09-26 11:04:55,608 - DEBUG - [global] log_uploader: STEP 3 (global log) -> https://github.com/StarateJI/L2Mauto/blob/bot-logs/runs/20260926_110450_fail_global.log
2026-09-26 11:04:55,608 - DEBUG - [global] log_uploader: END window=periodic
2026-09-26 11:04:55,608 - INFO - [global] LogUploader: upload_run_logs завершён
2026-09-26 11:05:15,823 - INFO - [global] Проверяю обновы...
2026-09-26 11:05:16,571 - DEBUG - [global] needs_update: raw → 5.13.09
2026-09-26 11:05:16,816 - DEBUG - [global] needs_update: API → 5.13.09
2026-09-26 11:05:16,817 - DEBUG - [global] needs_update: лучший источник raw → 5.13.09 (из 2)
2026-09-26 11:05:16,817 - INFO - [global] needs_update: local=(5, 13, 7) remote=(5, 13, 9) -> has_update=True
2026-09-26 11:05:16,817 - INFO - [global] Доступна обнова! Спавню кнопку
2026-09-26 11:05:46,834 - INFO - [global] Проверяю обновы...
2026-09-26 11:05:47,639 - DEBUG - [global] needs_update: raw → 5.13.09
2026-09-26 11:05:47,813 - DEBUG - [global] needs_update: API → 5.13.09
2026-09-26 11:05:47,813 - DEBUG - [global] needs_update: лучший источник raw → 5.13.09 (из 2)
2026-09-26 11:05:47,813 - INFO - [global] needs_update: local=(5, 13, 7) remote=(5, 13, 9) -> has_update=True
2026-09-26 11:05:47,813 - INFO - [global] Доступна обнова! Спавню кнопку
2026-09-26 11:05:55,635 - INFO - [global] LogUploader: запускаю upload_run_logs...
2026-09-26 11:05:55,635 - DEBUG - [global] log_uploader: START window=periodic made=-1 token=...Rjnfq
2026-09-26 11:05:56,505 - DEBUG - [global] _api_put: GET runs/20260926_110555_fail_periodic.log -> 404
2026-09-26 11:05:57,982 - DEBUG - [global] _api_put: PUT runs/20260926_110555_fail_periodic.log -> 201 (1517 bytes)
2026-09-26 11:05:57,983 - DEBUG - [global] log_uploader: STEP 1 (window log) -> https://github.com/StarateJI/L2Mauto/blob/bot-logs/runs/20260926_110555_fail_periodic.log
2026-09-26 11:05:57,984 - DEBUG - [global] log_uploader: STEP 2 SKIP (no PNGs)
2026-09-26 11:05:58,914 - DEBUG - [global] _api_put: GET runs/20260926_110555_fail_global.log -> 404
2026-09-26 11:06:00,702 - DEBUG - [global] _api_put: PUT runs/20260926_110555_fail_global.log -> 201 (20010 bytes)
2026-09-26 11:06:00,704 - DEBUG - [global] log_uploader: STEP 3 (global log) -> https://github.com/StarateJI/L2Mauto/blob/bot-logs/runs/20260926_110555_fail_global.log
2026-09-26 11:06:00,704 - DEBUG - [global] log_uploader: END window=periodic
2026-09-26 11:06:00,704 - INFO - [global] LogUploader: upload_run_logs завершён
2026-09-26 11:06:17,831 - INFO - [global] Проверяю обновы...
2026-09-26 11:06:18,607 - DEBUG - [global] needs_update: raw → 5.13.09
2026-09-26 11:06:18,813 - DEBUG - [global] needs_update: API → 5.13.09
2026-09-26 11:06:18,813 - DEBUG - [global] needs_update: лучший источник raw → 5.13.09 (из 2)
2026-09-26 11:06:18,813 - INFO - [global] needs_update: local=(5, 13, 7) remote=(5, 13, 9) -> has_update=True
2026-09-26 11:06:18,813 - INFO - [global] Доступна обнова! Спавню кнопку
2026-09-26 11:06:48,829 - INFO - [global] Проверяю обновы...
2026-09-26 11:06:49,617 - DEBUG - [global] needs_update: raw → 5.13.09
2026-09-26 11:06:49,815 - DEBUG - [global] needs_update: API → 5.13.09
2026-09-26 11:06:49,815 - DEBUG - [global] needs_update: лучший источник raw → 5.13.09 (из 2)
2026-09-26 11:06:49,815 - INFO - [global] needs_update: local=(5, 13, 7) remote=(5, 13, 9) -> has_update=True
2026-09-26 11:06:49,816 - INFO - [global] Доступна обнова! Спавню кнопку
2026-09-26 11:07:00,730 - INFO - [global] LogUploader: запускаю upload_run_logs...
2026-09-26 11:07:00,730 - DEBUG - [global] log_uploader: START window=periodic made=-1 token=...Rjnfq
2026-09-26 11:07:01,554 - DEBUG - [global] _api_put: GET runs/20260926_110700_fail_periodic.log -> 404
2026-09-26 11:07:03,088 - DEBUG - [global] _api_put: PUT runs/20260926_110700_fail_periodic.log -> 201 (1517 bytes)
2026-09-26 11:07:03,089 - DEBUG - [global] log_uploader: STEP 1 (window log) -> https://github.com/StarateJI/L2Mauto/blob/bot-logs/runs/20260926_110700_fail_periodic.log
2026-09-26 11:07:03,090 - DEBUG - [global] log_uploader: STEP 2 SKIP (no PNGs)
