=== Log tail 2026-09-18T02:46:57.778238 | last 200 lines ===
2026-09-18 02:38:21,487 - DEBUG - [global] needs_update: raw → 5.9.1
2026-09-18 02:38:22,087 - DEBUG - [global] needs_update: jsdelivr → 5.9.1
2026-09-18 02:38:22,087 - DEBUG - [global] needs_update: лучший источник API → 5.9.1 (из 3)
2026-09-18 02:38:22,089 - INFO - [global] needs_update: local=(5, 9, 1) remote=(5, 9, 1) -> has_update=False
2026-09-18 02:38:22,089 - INFO - [global] Установлена последняя версия бота | 5.9.1
2026-09-18 02:38:52,110 - INFO - [global] Проверяю обновы...
2026-09-18 02:38:52,949 - DEBUG - [global] needs_update: API GitHub → 5.9.1
2026-09-18 02:38:53,620 - DEBUG - [global] needs_update: raw → 5.9.1
2026-09-18 02:38:54,355 - DEBUG - [global] needs_update: jsdelivr → 5.9.1
2026-09-18 02:38:54,355 - DEBUG - [global] needs_update: лучший источник API → 5.9.1 (из 3)
2026-09-18 02:38:54,357 - INFO - [global] needs_update: local=(5, 9, 1) remote=(5, 9, 1) -> has_update=False
2026-09-18 02:38:54,358 - INFO - [global] Установлена последняя версия бота | 5.9.1
2026-09-18 02:39:21,225 - INFO - [global] LogUploader: запускаю upload_run_logs...
2026-09-18 02:39:21,225 - DEBUG - [global] log_uploader: START window=periodic made=-1 token=...Rjnfq
2026-09-18 02:39:22,088 - DEBUG - [global] _api_put: GET runs/20260918_023921_fail_periodic.log -> 404
2026-09-18 02:39:23,693 - DEBUG - [global] _api_put: PUT runs/20260918_023921_fail_periodic.log -> 201 (10182 bytes)
2026-09-18 02:39:23,695 - DEBUG - [global] log_uploader: STEP 1 (window log) -> https://github.com/StarateJI/L2Mauto/blob/bot-logs/runs/20260918_023921_fail_periodic.log
2026-09-18 02:39:23,696 - DEBUG - [global] log_uploader: STEP 2 SKIP (no PNGs)
2026-09-18 02:39:24,374 - INFO - [global] Проверяю обновы...
2026-09-18 02:39:24,525 - DEBUG - [global] _api_put: GET runs/20260918_023921_fail_global.log -> 404
2026-09-18 02:39:25,321 - DEBUG - [global] needs_update: API GitHub → 5.9.1
2026-09-18 02:39:25,944 - DEBUG - [global] needs_update: raw → 5.9.1
2026-09-18 02:39:26,203 - DEBUG - [global] _api_put: PUT runs/20260918_023921_fail_global.log -> 201 (20041 bytes)
2026-09-18 02:39:26,205 - DEBUG - [global] log_uploader: STEP 3 (global log) -> https://github.com/StarateJI/L2Mauto/blob/bot-logs/runs/20260918_023921_fail_global.log
2026-09-18 02:39:26,205 - DEBUG - [global] log_uploader: END window=periodic
2026-09-18 02:39:26,205 - INFO - [global] LogUploader: upload_run_logs завершён
2026-09-18 02:39:26,587 - DEBUG - [global] needs_update: jsdelivr → 5.9.1
2026-09-18 02:39:26,587 - DEBUG - [global] needs_update: лучший источник API → 5.9.1 (из 3)
2026-09-18 02:39:26,589 - INFO - [global] needs_update: local=(5, 9, 1) remote=(5, 9, 1) -> has_update=False
2026-09-18 02:39:26,589 - INFO - [global] Установлена последняя версия бота | 5.9.1
2026-09-18 02:39:56,606 - INFO - [global] Проверяю обновы...
2026-09-18 02:39:57,417 - DEBUG - [global] needs_update: API GitHub → 5.9.1
2026-09-18 02:39:58,054 - DEBUG - [global] needs_update: raw → 5.9.1
2026-09-18 02:39:58,682 - DEBUG - [global] needs_update: jsdelivr → 5.9.1
2026-09-18 02:39:58,682 - DEBUG - [global] needs_update: лучший источник API → 5.9.1 (из 3)
2026-09-18 02:39:58,684 - INFO - [global] needs_update: local=(5, 9, 1) remote=(5, 9, 1) -> has_update=False
2026-09-18 02:39:58,685 - INFO - [global] Установлена последняя версия бота | 5.9.1
2026-09-18 02:40:26,243 - INFO - [global] LogUploader: запускаю upload_run_logs...
2026-09-18 02:40:26,243 - DEBUG - [global] log_uploader: START window=periodic made=-1 token=...Rjnfq
2026-09-18 02:40:27,106 - DEBUG - [global] _api_put: GET runs/20260918_024026_fail_periodic.log -> 404
2026-09-18 02:40:28,615 - DEBUG - [global] _api_put: PUT runs/20260918_024026_fail_periodic.log -> 201 (10182 bytes)
2026-09-18 02:40:28,617 - DEBUG - [global] log_uploader: STEP 1 (window log) -> https://github.com/StarateJI/L2Mauto/blob/bot-logs/runs/20260918_024026_fail_periodic.log
2026-09-18 02:40:28,617 - DEBUG - [global] log_uploader: STEP 2 SKIP (no PNGs)
2026-09-18 02:40:28,701 - INFO - [global] Проверяю обновы...
2026-09-18 02:40:29,584 - DEBUG - [global] _api_put: GET runs/20260918_024026_fail_global.log -> 404
2026-09-18 02:40:29,661 - DEBUG - [global] needs_update: API GitHub → 5.9.1
2026-09-18 02:40:30,423 - DEBUG - [global] needs_update: raw → 5.9.1
2026-09-18 02:40:31,073 - DEBUG - [global] needs_update: jsdelivr → 5.9.1
2026-09-18 02:40:31,073 - DEBUG - [global] needs_update: лучший источник API → 5.9.1 (из 3)
2026-09-18 02:40:31,074 - INFO - [global] needs_update: local=(5, 9, 1) remote=(5, 9, 1) -> has_update=False
2026-09-18 02:40:31,075 - INFO - [global] Установлена последняя версия бота | 5.9.1
2026-09-18 02:40:31,275 - DEBUG - [global] _api_put: PUT runs/20260918_024026_fail_global.log -> 201 (20041 bytes)
2026-09-18 02:40:31,276 - DEBUG - [global] log_uploader: STEP 3 (global log) -> https://github.com/StarateJI/L2Mauto/blob/bot-logs/runs/20260918_024026_fail_global.log
2026-09-18 02:40:31,276 - DEBUG - [global] log_uploader: END window=periodic
2026-09-18 02:40:31,276 - INFO - [global] LogUploader: upload_run_logs завершён
2026-09-18 02:41:01,091 - INFO - [global] Проверяю обновы...
2026-09-18 02:41:01,913 - DEBUG - [global] needs_update: API GitHub → 5.9.1
2026-09-18 02:41:02,532 - DEBUG - [global] needs_update: raw → 5.9.1
2026-09-18 02:41:03,258 - DEBUG - [global] needs_update: jsdelivr → 5.9.1
2026-09-18 02:41:03,258 - DEBUG - [global] needs_update: лучший источник API → 5.9.1 (из 3)
2026-09-18 02:41:03,261 - INFO - [global] needs_update: local=(5, 9, 1) remote=(5, 9, 1) -> has_update=False
2026-09-18 02:41:03,262 - INFO - [global] Установлена последняя версия бота | 5.9.1
2026-09-18 02:41:31,308 - INFO - [global] LogUploader: запускаю upload_run_logs...
2026-09-18 02:41:31,309 - DEBUG - [global] log_uploader: START window=periodic made=-1 token=...Rjnfq
2026-09-18 02:41:32,192 - DEBUG - [global] _api_put: GET runs/20260918_024131_fail_periodic.log -> 404
2026-09-18 02:41:33,280 - INFO - [global] Проверяю обновы...
2026-09-18 02:41:33,670 - DEBUG - [global] _api_put: PUT runs/20260918_024131_fail_periodic.log -> 201 (10182 bytes)
2026-09-18 02:41:33,672 - DEBUG - [global] log_uploader: STEP 1 (window log) -> https://github.com/StarateJI/L2Mauto/blob/bot-logs/runs/20260918_024131_fail_periodic.log
2026-09-18 02:41:33,673 - DEBUG - [global] log_uploader: STEP 2 SKIP (no PNGs)
2026-09-18 02:41:34,144 - DEBUG - [global] needs_update: API GitHub → 5.9.1
2026-09-18 02:41:34,530 - DEBUG - [global] _api_put: GET runs/20260918_024131_fail_global.log -> 404
2026-09-18 02:41:34,748 - DEBUG - [global] needs_update: raw → 5.9.1
2026-09-18 02:41:35,430 - DEBUG - [global] needs_update: jsdelivr → 5.9.1
2026-09-18 02:41:35,430 - DEBUG - [global] needs_update: лучший источник API → 5.9.1 (из 3)
2026-09-18 02:41:35,432 - INFO - [global] needs_update: local=(5, 9, 1) remote=(5, 9, 1) -> has_update=False
2026-09-18 02:41:35,432 - INFO - [global] Установлена последняя версия бота | 5.9.1
2026-09-18 02:41:36,098 - DEBUG - [global] _api_put: PUT runs/20260918_024131_fail_global.log -> 201 (19948 bytes)
2026-09-18 02:41:36,099 - DEBUG - [global] log_uploader: STEP 3 (global log) -> https://github.com/StarateJI/L2Mauto/blob/bot-logs/runs/20260918_024131_fail_global.log
2026-09-18 02:41:36,099 - DEBUG - [global] log_uploader: END window=periodic
2026-09-18 02:41:36,100 - INFO - [global] LogUploader: upload_run_logs завершён
2026-09-18 02:42:05,453 - INFO - [global] Проверяю обновы...
2026-09-18 02:42:06,231 - DEBUG - [global] needs_update: API GitHub → 5.9.1
2026-09-18 02:42:06,827 - DEBUG - [global] needs_update: raw → 5.9.1
2026-09-18 02:42:07,494 - DEBUG - [global] needs_update: jsdelivr → 5.9.1
2026-09-18 02:42:07,494 - DEBUG - [global] needs_update: лучший источник API → 5.9.1 (из 3)
2026-09-18 02:42:07,496 - INFO - [global] needs_update: local=(5, 9, 1) remote=(5, 9, 1) -> has_update=False
2026-09-18 02:42:07,496 - INFO - [global] Установлена последняя версия бота | 5.9.1
2026-09-18 02:42:36,129 - INFO - [global] LogUploader: запускаю upload_run_logs...
2026-09-18 02:42:36,129 - DEBUG - [global] log_uploader: START window=periodic made=-1 token=...Rjnfq
2026-09-18 02:42:36,967 - DEBUG - [global] _api_put: GET runs/20260918_024236_fail_periodic.log -> 404
2026-09-18 02:42:37,513 - INFO - [global] Проверяю обновы...
2026-09-18 02:42:38,293 - DEBUG - [global] needs_update: API GitHub → 5.9.1
2026-09-18 02:42:38,402 - DEBUG - [global] _api_put: PUT runs/20260918_024236_fail_periodic.log -> 201 (10182 bytes)
2026-09-18 02:42:38,404 - DEBUG - [global] log_uploader: STEP 1 (window log) -> https://github.com/StarateJI/L2Mauto/blob/bot-logs/runs/20260918_024236_fail_periodic.log
2026-09-18 02:42:38,404 - DEBUG - [global] log_uploader: STEP 2 SKIP (no PNGs)
2026-09-18 02:42:39,023 - DEBUG - [global] needs_update: raw → 5.9.1
2026-09-18 02:42:39,316 - DEBUG - [global] _api_put: GET runs/20260918_024236_fail_global.log -> 404
2026-09-18 02:42:39,680 - DEBUG - [global] needs_update: jsdelivr → 5.9.1
2026-09-18 02:42:39,680 - DEBUG - [global] needs_update: лучший источник API → 5.9.1 (из 3)
2026-09-18 02:42:39,682 - INFO - [global] needs_update: local=(5, 9, 1) remote=(5, 9, 1) -> has_update=False
2026-09-18 02:42:39,682 - INFO - [global] Установлена последняя версия бота | 5.9.1
2026-09-18 02:42:40,941 - DEBUG - [global] _api_put: PUT runs/20260918_024236_fail_global.log -> 201 (19951 bytes)
2026-09-18 02:42:40,943 - DEBUG - [global] log_uploader: STEP 3 (global log) -> https://github.com/StarateJI/L2Mauto/blob/bot-logs/runs/20260918_024236_fail_global.log
2026-09-18 02:42:40,943 - DEBUG - [global] log_uploader: END window=periodic
2026-09-18 02:42:40,943 - INFO - [global] LogUploader: upload_run_logs завершён
2026-09-18 02:43:09,702 - INFO - [global] Проверяю обновы...
2026-09-18 02:43:10,557 - DEBUG - [global] needs_update: API GitHub → 5.9.1
2026-09-18 02:43:11,186 - DEBUG - [global] needs_update: raw → 5.9.1
2026-09-18 02:43:11,861 - DEBUG - [global] needs_update: jsdelivr → 5.9.1
2026-09-18 02:43:11,861 - DEBUG - [global] needs_update: лучший источник API → 5.9.1 (из 3)
2026-09-18 02:43:11,863 - INFO - [global] needs_update: local=(5, 9, 1) remote=(5, 9, 1) -> has_update=False
2026-09-18 02:43:11,863 - INFO - [global] Установлена последняя версия бота | 5.9.1
2026-09-18 02:43:40,975 - INFO - [global] LogUploader: запускаю upload_run_logs...
2026-09-18 02:43:40,975 - DEBUG - [global] log_uploader: START window=periodic made=-1 token=...Rjnfq
2026-09-18 02:43:41,797 - DEBUG - [global] _api_put: GET runs/20260918_024340_fail_periodic.log -> 404
2026-09-18 02:43:41,880 - INFO - [global] Проверяю обновы...
2026-09-18 02:43:42,773 - DEBUG - [global] needs_update: API GitHub → 5.9.1
2026-09-18 02:43:43,385 - DEBUG - [global] needs_update: raw → 5.9.1
2026-09-18 02:43:43,465 - DEBUG - [global] _api_put: PUT runs/20260918_024340_fail_periodic.log -> 201 (10182 bytes)
2026-09-18 02:43:43,467 - DEBUG - [global] log_uploader: STEP 1 (window log) -> https://github.com/StarateJI/L2Mauto/blob/bot-logs/runs/20260918_024340_fail_periodic.log
2026-09-18 02:43:43,468 - DEBUG - [global] log_uploader: STEP 2 SKIP (no PNGs)
2026-09-18 02:43:44,110 - DEBUG - [global] needs_update: jsdelivr → 5.9.1
2026-09-18 02:43:44,110 - DEBUG - [global] needs_update: лучший источник API → 5.9.1 (из 3)
2026-09-18 02:43:44,111 - INFO - [global] needs_update: local=(5, 9, 1) remote=(5, 9, 1) -> has_update=False
2026-09-18 02:43:44,112 - INFO - [global] Установлена последняя версия бота | 5.9.1
2026-09-18 02:43:44,393 - DEBUG - [global] _api_put: GET runs/20260918_024340_fail_global.log -> 404
2026-09-18 02:43:45,813 - DEBUG - [global] _api_put: PUT runs/20260918_024340_fail_global.log -> 201 (19945 bytes)
2026-09-18 02:43:45,817 - DEBUG - [global] log_uploader: STEP 3 (global log) -> https://github.com/StarateJI/L2Mauto/blob/bot-logs/runs/20260918_024340_fail_global.log
2026-09-18 02:43:45,817 - DEBUG - [global] log_uploader: END window=periodic
2026-09-18 02:43:45,817 - INFO - [global] LogUploader: upload_run_logs завершён
2026-09-18 02:44:14,132 - INFO - [global] Проверяю обновы...
2026-09-18 02:44:14,950 - DEBUG - [global] needs_update: API GitHub → 5.9.1
2026-09-18 02:44:15,570 - DEBUG - [global] needs_update: raw → 5.9.1
2026-09-18 02:44:16,253 - DEBUG - [global] needs_update: jsdelivr → 5.9.1
2026-09-18 02:44:16,254 - DEBUG - [global] needs_update: лучший источник API → 5.9.1 (из 3)
2026-09-18 02:44:16,254 - INFO - [global] needs_update: local=(5, 9, 1) remote=(5, 9, 1) -> has_update=False
2026-09-18 02:44:16,255 - INFO - [global] Установлена последняя версия бота | 5.9.1
2026-09-18 02:44:45,851 - INFO - [global] LogUploader: запускаю upload_run_logs...
2026-09-18 02:44:45,851 - DEBUG - [global] log_uploader: START window=periodic made=-1 token=...Rjnfq
2026-09-18 02:44:46,269 - INFO - [global] Проверяю обновы...
2026-09-18 02:44:46,718 - DEBUG - [global] _api_put: GET runs/20260918_024445_fail_periodic.log -> 404
2026-09-18 02:44:47,133 - DEBUG - [global] needs_update: API GitHub → 5.9.1
2026-09-18 02:44:47,810 - DEBUG - [global] needs_update: raw → 5.9.1
2026-09-18 02:44:48,051 - DEBUG - [global] _api_put: PUT runs/20260918_024445_fail_periodic.log -> 201 (10182 bytes)
2026-09-18 02:44:48,052 - DEBUG - [global] log_uploader: STEP 1 (window log) -> https://github.com/StarateJI/L2Mauto/blob/bot-logs/runs/20260918_024445_fail_periodic.log
2026-09-18 02:44:48,052 - DEBUG - [global] log_uploader: STEP 2 SKIP (no PNGs)
2026-09-18 02:44:48,494 - DEBUG - [global] needs_update: jsdelivr → 5.9.1
2026-09-18 02:44:48,495 - DEBUG - [global] needs_update: лучший источник API → 5.9.1 (из 3)
2026-09-18 02:44:48,496 - INFO - [global] needs_update: local=(5, 9, 1) remote=(5, 9, 1) -> has_update=False
2026-09-18 02:44:48,498 - INFO - [global] Установлена последняя версия бота | 5.9.1
2026-09-18 02:44:48,971 - DEBUG - [global] _api_put: GET runs/20260918_024445_fail_global.log -> 404
2026-09-18 02:44:50,533 - DEBUG - [global] _api_put: PUT runs/20260918_024445_fail_global.log -> 201 (19945 bytes)
2026-09-18 02:44:50,535 - DEBUG - [global] log_uploader: STEP 3 (global log) -> https://github.com/StarateJI/L2Mauto/blob/bot-logs/runs/20260918_024445_fail_global.log
2026-09-18 02:44:50,535 - DEBUG - [global] log_uploader: END window=periodic
2026-09-18 02:44:50,535 - INFO - [global] LogUploader: upload_run_logs завершён
2026-09-18 02:45:18,517 - INFO - [global] Проверяю обновы...
2026-09-18 02:45:19,347 - DEBUG - [global] needs_update: API GitHub → 5.9.1
2026-09-18 02:45:19,986 - DEBUG - [global] needs_update: raw → 5.9.1
2026-09-18 02:45:20,720 - DEBUG - [global] needs_update: jsdelivr → 5.9.1
2026-09-18 02:45:20,721 - DEBUG - [global] needs_update: лучший источник API → 5.9.1 (из 3)
2026-09-18 02:45:20,722 - INFO - [global] needs_update: local=(5, 9, 1) remote=(5, 9, 1) -> has_update=False
2026-09-18 02:45:20,722 - INFO - [global] Установлена последняя версия бота | 5.9.1
2026-09-18 02:45:50,567 - INFO - [global] LogUploader: запускаю upload_run_logs...
2026-09-18 02:45:50,567 - DEBUG - [global] log_uploader: START window=periodic made=-1 token=...Rjnfq
2026-09-18 02:45:50,737 - INFO - [global] Проверяю обновы...
2026-09-18 02:45:51,465 - DEBUG - [global] _api_put: GET runs/20260918_024550_fail_periodic.log -> 404
2026-09-18 02:45:51,681 - DEBUG - [global] needs_update: API GitHub → 5.9.1
2026-09-18 02:45:52,385 - DEBUG - [global] needs_update: raw → 5.9.1
2026-09-18 02:45:52,897 - DEBUG - [global] _api_put: PUT runs/20260918_024550_fail_periodic.log -> 201 (10182 bytes)
2026-09-18 02:45:52,900 - DEBUG - [global] log_uploader: STEP 1 (window log) -> https://github.com/StarateJI/L2Mauto/blob/bot-logs/runs/20260918_024550_fail_periodic.log
2026-09-18 02:45:52,900 - DEBUG - [global] log_uploader: STEP 2 SKIP (no PNGs)
2026-09-18 02:45:53,019 - DEBUG - [global] needs_update: jsdelivr → 5.9.1
2026-09-18 02:45:53,019 - DEBUG - [global] needs_update: лучший источник API → 5.9.1 (из 3)
2026-09-18 02:45:53,020 - INFO - [global] needs_update: local=(5, 9, 1) remote=(5, 9, 1) -> has_update=False
2026-09-18 02:45:53,020 - INFO - [global] Установлена последняя версия бота | 5.9.1
2026-09-18 02:45:53,735 - DEBUG - [global] _api_put: GET runs/20260918_024550_fail_global.log -> 404
2026-09-18 02:45:55,141 - DEBUG - [global] _api_put: PUT runs/20260918_024550_fail_global.log -> 201 (19922 bytes)
2026-09-18 02:45:55,144 - DEBUG - [global] log_uploader: STEP 3 (global log) -> https://github.com/StarateJI/L2Mauto/blob/bot-logs/runs/20260918_024550_fail_global.log
2026-09-18 02:45:55,144 - DEBUG - [global] log_uploader: END window=periodic
2026-09-18 02:45:55,144 - INFO - [global] LogUploader: upload_run_logs завершён
2026-09-18 02:46:23,034 - INFO - [global] Проверяю обновы...
2026-09-18 02:46:23,892 - DEBUG - [global] needs_update: API GitHub → 5.9.1
2026-09-18 02:46:24,545 - DEBUG - [global] needs_update: raw → 5.9.1
2026-09-18 02:46:25,292 - DEBUG - [global] needs_update: jsdelivr → 5.9.1
2026-09-18 02:46:25,293 - DEBUG - [global] needs_update: лучший источник API → 5.9.1 (из 3)
2026-09-18 02:46:25,295 - INFO - [global] needs_update: local=(5, 9, 1) remote=(5, 9, 1) -> has_update=False
2026-09-18 02:46:25,295 - INFO - [global] Установлена последняя версия бота | 5.9.1
2026-09-18 02:46:55,180 - INFO - [global] LogUploader: запускаю upload_run_logs...
2026-09-18 02:46:55,181 - DEBUG - [global] log_uploader: START window=periodic made=-1 token=...Rjnfq
2026-09-18 02:46:55,316 - INFO - [global] Проверяю обновы...
2026-09-18 02:46:56,122 - DEBUG - [global] _api_put: GET runs/20260918_024655_fail_periodic.log -> 404
2026-09-18 02:46:56,256 - DEBUG - [global] needs_update: API GitHub → 5.9.1
2026-09-18 02:46:57,006 - DEBUG - [global] needs_update: raw → 5.9.1
2026-09-18 02:46:57,652 - DEBUG - [global] needs_update: jsdelivr → 5.9.1
2026-09-18 02:46:57,652 - DEBUG - [global] needs_update: лучший источник API → 5.9.1 (из 3)
2026-09-18 02:46:57,655 - INFO - [global] needs_update: local=(5, 9, 1) remote=(5, 9, 1) -> has_update=False
2026-09-18 02:46:57,655 - INFO - [global] Установлена последняя версия бота | 5.9.1
2026-09-18 02:46:57,758 - DEBUG - [global] _api_put: PUT runs/20260918_024655_fail_periodic.log -> 201 (10182 bytes)
2026-09-18 02:46:57,760 - DEBUG - [global] log_uploader: STEP 1 (window log) -> https://github.com/StarateJI/L2Mauto/blob/bot-logs/runs/20260918_024655_fail_periodic.log
2026-09-18 02:46:57,760 - DEBUG - [global] log_uploader: STEP 2 SKIP (no PNGs)
