=== Log tail 2026-09-30T22:43:19.039148 | last 200 lines ===
2026-09-30 22:34:22,400 - DEBUG - [global] _api_put: GET runs/20260930_223421_fail_periodic.log -> 404
2026-09-30 22:34:24,554 - DEBUG - [global] _api_put: PUT runs/20260930_223421_fail_periodic.log -> 201 (12833 bytes)
2026-09-30 22:34:24,556 - DEBUG - [global] log_uploader: STEP 1 (window log) -> https://github.com/StarateJI/L2Mauto/blob/bot-logs/runs/20260930_223421_fail_periodic.log
2026-09-30 22:34:24,557 - DEBUG - [global] log_uploader: STEP 2 SKIP (no PNGs)
2026-09-30 22:34:25,583 - DEBUG - [global] _api_put: GET runs/20260930_223421_fail_global.log -> 404
2026-09-30 22:34:25,893 - INFO - [global] Проверяю обновы...
2026-09-30 22:34:26,781 - DEBUG - [global] needs_update: raw → 5.13.09
2026-09-30 22:34:26,996 - DEBUG - [global] needs_update: API → 5.13.09
2026-09-30 22:34:26,996 - DEBUG - [global] needs_update: лучший источник raw → 5.13.09 (из 2)
2026-09-30 22:34:26,996 - INFO - [global] needs_update: local=(5, 13, 7) remote=(5, 13, 9) -> has_update=True
2026-09-30 22:34:26,996 - INFO - [global] Доступна обнова! Спавню кнопку
2026-09-30 22:34:28,133 - DEBUG - [global] _api_put: PUT runs/20260930_223421_fail_global.log -> 201 (20019 bytes)
2026-09-30 22:34:28,135 - DEBUG - [global] log_uploader: STEP 3 (global log) -> https://github.com/StarateJI/L2Mauto/blob/bot-logs/runs/20260930_223421_fail_global.log
2026-09-30 22:34:28,135 - DEBUG - [global] log_uploader: END window=periodic
2026-09-30 22:34:28,136 - INFO - [global] LogUploader: upload_run_logs завершён
2026-09-30 22:34:57,015 - INFO - [global] Проверяю обновы...
2026-09-30 22:34:57,894 - DEBUG - [global] needs_update: raw → 5.13.09
2026-09-30 22:34:58,107 - DEBUG - [global] needs_update: API → 5.13.09
2026-09-30 22:34:58,107 - DEBUG - [global] needs_update: лучший источник raw → 5.13.09 (из 2)
2026-09-30 22:34:58,108 - INFO - [global] needs_update: local=(5, 13, 7) remote=(5, 13, 9) -> has_update=True
2026-09-30 22:34:58,108 - INFO - [global] Доступна обнова! Спавню кнопку
2026-09-30 22:35:28,124 - INFO - [global] Проверяю обновы...
2026-09-30 22:35:28,169 - INFO - [global] LogUploader: запускаю upload_run_logs...
2026-09-30 22:35:28,170 - DEBUG - [global] log_uploader: START window=periodic made=-1 token=...Rjnfq
2026-09-30 22:35:29,128 - DEBUG - [global] needs_update: raw → 5.13.09
2026-09-30 22:35:29,295 - DEBUG - [global] needs_update: API → 5.13.09
2026-09-30 22:35:29,295 - DEBUG - [global] needs_update: лучший источник raw → 5.13.09 (из 2)
2026-09-30 22:35:29,295 - INFO - [global] needs_update: local=(5, 13, 7) remote=(5, 13, 9) -> has_update=True
2026-09-30 22:35:29,295 - INFO - [global] Доступна обнова! Спавню кнопку
2026-09-30 22:35:29,370 - DEBUG - [global] _api_put: GET runs/20260930_223528_fail_periodic.log -> 404
2026-09-30 22:35:31,398 - DEBUG - [global] _api_put: PUT runs/20260930_223528_fail_periodic.log -> 201 (12833 bytes)
2026-09-30 22:35:31,400 - DEBUG - [global] log_uploader: STEP 1 (window log) -> https://github.com/StarateJI/L2Mauto/blob/bot-logs/runs/20260930_223528_fail_periodic.log
2026-09-30 22:35:31,400 - DEBUG - [global] log_uploader: STEP 2 SKIP (no PNGs)
2026-09-30 22:35:32,398 - DEBUG - [global] _api_put: GET runs/20260930_223528_fail_global.log -> 404
2026-09-30 22:35:34,514 - DEBUG - [global] _api_put: PUT runs/20260930_223528_fail_global.log -> 201 (19974 bytes)
2026-09-30 22:35:34,516 - DEBUG - [global] log_uploader: STEP 3 (global log) -> https://github.com/StarateJI/L2Mauto/blob/bot-logs/runs/20260930_223528_fail_global.log
2026-09-30 22:35:34,516 - DEBUG - [global] log_uploader: END window=periodic
2026-09-30 22:35:34,516 - INFO - [global] LogUploader: upload_run_logs завершён
2026-09-30 22:35:59,312 - INFO - [global] Проверяю обновы...
2026-09-30 22:36:00,166 - DEBUG - [global] needs_update: raw → 5.13.09
2026-09-30 22:36:00,336 - DEBUG - [global] needs_update: API → 5.13.09
2026-09-30 22:36:00,336 - DEBUG - [global] needs_update: лучший источник raw → 5.13.09 (из 2)
2026-09-30 22:36:00,336 - INFO - [global] needs_update: local=(5, 13, 7) remote=(5, 13, 9) -> has_update=True
2026-09-30 22:36:00,336 - INFO - [global] Доступна обнова! Спавню кнопку
2026-09-30 22:36:30,353 - INFO - [global] Проверяю обновы...
2026-09-30 22:36:31,218 - DEBUG - [global] needs_update: raw → 5.13.09
2026-09-30 22:36:31,410 - DEBUG - [global] needs_update: API → 5.13.09
2026-09-30 22:36:31,411 - DEBUG - [global] needs_update: лучший источник raw → 5.13.09 (из 2)
2026-09-30 22:36:31,411 - INFO - [global] needs_update: local=(5, 13, 7) remote=(5, 13, 9) -> has_update=True
2026-09-30 22:36:31,411 - INFO - [global] Доступна обнова! Спавню кнопку
2026-09-30 22:36:34,550 - INFO - [global] LogUploader: запускаю upload_run_logs...
2026-09-30 22:36:34,551 - DEBUG - [global] log_uploader: START window=periodic made=-1 token=...Rjnfq
2026-09-30 22:36:35,535 - DEBUG - [global] _api_put: GET runs/20260930_223634_fail_periodic.log -> 200
2026-09-30 22:36:38,070 - DEBUG - [global] _api_put: PUT runs/20260930_223634_fail_periodic.log -> 200 (12833 bytes)
2026-09-30 22:36:38,071 - DEBUG - [global] log_uploader: STEP 1 (window log) -> https://github.com/StarateJI/L2Mauto/blob/bot-logs/runs/20260930_223634_fail_periodic.log
2026-09-30 22:36:38,072 - DEBUG - [global] log_uploader: STEP 2 SKIP (no PNGs)
2026-09-30 22:36:39,247 - DEBUG - [global] _api_put: GET runs/20260930_223634_fail_global.log -> 200
2026-09-30 22:36:41,436 - DEBUG - [global] _api_put: PUT runs/20260930_223634_fail_global.log -> 200 (20001 bytes)
2026-09-30 22:36:41,439 - DEBUG - [global] log_uploader: STEP 3 (global log) -> https://github.com/StarateJI/L2Mauto/blob/bot-logs/runs/20260930_223634_fail_global.log
2026-09-30 22:36:41,440 - DEBUG - [global] log_uploader: END window=periodic
2026-09-30 22:36:41,440 - INFO - [global] LogUploader: upload_run_logs завершён
2026-09-30 22:37:01,429 - INFO - [global] Проверяю обновы...
2026-09-30 22:37:02,271 - DEBUG - [global] needs_update: raw → 5.13.09
2026-09-30 22:37:02,509 - DEBUG - [global] needs_update: API → 5.13.09
2026-09-30 22:37:02,510 - DEBUG - [global] needs_update: лучший источник raw → 5.13.09 (из 2)
2026-09-30 22:37:02,510 - INFO - [global] needs_update: local=(5, 13, 7) remote=(5, 13, 9) -> has_update=True
2026-09-30 22:37:02,510 - INFO - [global] Доступна обнова! Спавню кнопку
2026-09-30 22:37:32,525 - INFO - [global] Проверяю обновы...
2026-09-30 22:37:33,396 - DEBUG - [global] needs_update: raw → 5.13.09
2026-09-30 22:37:33,598 - DEBUG - [global] needs_update: API → 5.13.09
2026-09-30 22:37:33,598 - DEBUG - [global] needs_update: лучший источник raw → 5.13.09 (из 2)
2026-09-30 22:37:33,598 - INFO - [global] needs_update: local=(5, 13, 7) remote=(5, 13, 9) -> has_update=True
2026-09-30 22:37:33,598 - INFO - [global] Доступна обнова! Спавню кнопку
2026-09-30 22:37:41,473 - INFO - [global] LogUploader: запускаю upload_run_logs...
2026-09-30 22:37:41,475 - DEBUG - [global] log_uploader: START window=periodic made=-1 token=...Rjnfq
2026-09-30 22:37:42,428 - DEBUG - [global] _api_put: GET runs/20260930_223741_fail_periodic.log -> 404
2026-09-30 22:37:46,346 - DEBUG - [global] _api_put: PUT runs/20260930_223741_fail_periodic.log -> 201 (12833 bytes)
2026-09-30 22:37:46,348 - DEBUG - [global] log_uploader: STEP 1 (window log) -> https://github.com/StarateJI/L2Mauto/blob/bot-logs/runs/20260930_223741_fail_periodic.log
2026-09-30 22:37:46,348 - DEBUG - [global] log_uploader: STEP 2 SKIP (no PNGs)
2026-09-30 22:37:47,337 - DEBUG - [global] _api_put: GET runs/20260930_223741_fail_global.log -> 404
2026-09-30 22:37:50,907 - DEBUG - [global] _api_put: PUT runs/20260930_223741_fail_global.log -> 201 (20019 bytes)
2026-09-30 22:37:50,909 - DEBUG - [global] log_uploader: STEP 3 (global log) -> https://github.com/StarateJI/L2Mauto/blob/bot-logs/runs/20260930_223741_fail_global.log
2026-09-30 22:37:50,909 - DEBUG - [global] log_uploader: END window=periodic
2026-09-30 22:37:50,909 - INFO - [global] LogUploader: upload_run_logs завершён
2026-09-30 22:38:03,627 - INFO - [global] Проверяю обновы...
2026-09-30 22:38:04,472 - DEBUG - [global] needs_update: raw → 5.13.09
2026-09-30 22:38:04,705 - DEBUG - [global] needs_update: API → 5.13.09
2026-09-30 22:38:04,705 - DEBUG - [global] needs_update: лучший источник raw → 5.13.09 (из 2)
2026-09-30 22:38:04,705 - INFO - [global] needs_update: local=(5, 13, 7) remote=(5, 13, 9) -> has_update=True
2026-09-30 22:38:04,705 - INFO - [global] Доступна обнова! Спавню кнопку
2026-09-30 22:38:34,722 - INFO - [global] Проверяю обновы...
2026-09-30 22:38:35,594 - DEBUG - [global] needs_update: raw → 5.13.09
2026-09-30 22:38:35,846 - DEBUG - [global] needs_update: API → 5.13.09
2026-09-30 22:38:35,846 - DEBUG - [global] needs_update: лучший источник raw → 5.13.09 (из 2)
2026-09-30 22:38:35,846 - INFO - [global] needs_update: local=(5, 13, 7) remote=(5, 13, 9) -> has_update=True
2026-09-30 22:38:35,847 - INFO - [global] Доступна обнова! Спавню кнопку
2026-09-30 22:38:50,942 - INFO - [global] LogUploader: запускаю upload_run_logs...
2026-09-30 22:38:50,944 - DEBUG - [global] log_uploader: START window=periodic made=-1 token=...Rjnfq
2026-09-30 22:38:51,984 - DEBUG - [global] _api_put: GET runs/20260930_223850_fail_periodic.log -> 200
2026-09-30 22:38:54,238 - DEBUG - [global] _api_put: PUT runs/20260930_223850_fail_periodic.log -> 200 (12833 bytes)
2026-09-30 22:38:54,239 - DEBUG - [global] log_uploader: STEP 1 (window log) -> https://github.com/StarateJI/L2Mauto/blob/bot-logs/runs/20260930_223850_fail_periodic.log
2026-09-30 22:38:54,240 - DEBUG - [global] log_uploader: STEP 2 SKIP (no PNGs)
2026-09-30 22:38:55,395 - DEBUG - [global] _api_put: GET runs/20260930_223850_fail_global.log -> 200
2026-09-30 22:38:57,442 - DEBUG - [global] _api_put: PUT runs/20260930_223850_fail_global.log -> 200 (20019 bytes)
2026-09-30 22:38:57,444 - DEBUG - [global] log_uploader: STEP 3 (global log) -> https://github.com/StarateJI/L2Mauto/blob/bot-logs/runs/20260930_223850_fail_global.log
2026-09-30 22:38:57,445 - DEBUG - [global] log_uploader: END window=periodic
2026-09-30 22:38:57,445 - INFO - [global] LogUploader: upload_run_logs завершён
2026-09-30 22:39:05,866 - INFO - [global] Проверяю обновы...
2026-09-30 22:39:06,704 - DEBUG - [global] needs_update: raw → 5.13.09
2026-09-30 22:39:06,980 - DEBUG - [global] needs_update: API → 5.13.09
2026-09-30 22:39:06,980 - DEBUG - [global] needs_update: лучший источник raw → 5.13.09 (из 2)
2026-09-30 22:39:06,981 - INFO - [global] needs_update: local=(5, 13, 7) remote=(5, 13, 9) -> has_update=True
2026-09-30 22:39:06,981 - INFO - [global] Доступна обнова! Спавню кнопку
2026-09-30 22:39:36,997 - INFO - [global] Проверяю обновы...
2026-09-30 22:39:37,906 - DEBUG - [global] needs_update: raw → 5.13.09
2026-09-30 22:39:38,033 - DEBUG - [global] needs_update: API → 5.13.09
2026-09-30 22:39:38,033 - DEBUG - [global] needs_update: лучший источник raw → 5.13.09 (из 2)
2026-09-30 22:39:38,033 - INFO - [global] needs_update: local=(5, 13, 7) remote=(5, 13, 9) -> has_update=True
2026-09-30 22:39:38,033 - INFO - [global] Доступна обнова! Спавню кнопку
2026-09-30 22:39:57,477 - INFO - [global] LogUploader: запускаю upload_run_logs...
2026-09-30 22:39:57,478 - DEBUG - [global] log_uploader: START window=periodic made=-1 token=...Rjnfq
2026-09-30 22:39:58,413 - DEBUG - [global] _api_put: GET runs/20260930_223957_fail_periodic.log -> 404
2026-09-30 22:40:00,439 - DEBUG - [global] _api_put: PUT runs/20260930_223957_fail_periodic.log -> 201 (12833 bytes)
2026-09-30 22:40:00,441 - DEBUG - [global] log_uploader: STEP 1 (window log) -> https://github.com/StarateJI/L2Mauto/blob/bot-logs/runs/20260930_223957_fail_periodic.log
2026-09-30 22:40:00,441 - DEBUG - [global] log_uploader: STEP 2 SKIP (no PNGs)
2026-09-30 22:40:01,512 - DEBUG - [global] _api_put: GET runs/20260930_223957_fail_global.log -> 404
2026-09-30 22:40:03,641 - DEBUG - [global] _api_put: PUT runs/20260930_223957_fail_global.log -> 201 (20019 bytes)
2026-09-30 22:40:03,643 - DEBUG - [global] log_uploader: STEP 3 (global log) -> https://github.com/StarateJI/L2Mauto/blob/bot-logs/runs/20260930_223957_fail_global.log
2026-09-30 22:40:03,643 - DEBUG - [global] log_uploader: END window=periodic
2026-09-30 22:40:03,643 - INFO - [global] LogUploader: upload_run_logs завершён
2026-09-30 22:40:08,050 - INFO - [global] Проверяю обновы...
2026-09-30 22:40:08,897 - DEBUG - [global] needs_update: raw → 5.13.09
2026-09-30 22:40:09,122 - DEBUG - [global] needs_update: API → 5.13.09
2026-09-30 22:40:09,122 - DEBUG - [global] needs_update: лучший источник raw → 5.13.09 (из 2)
2026-09-30 22:40:09,123 - INFO - [global] needs_update: local=(5, 13, 7) remote=(5, 13, 9) -> has_update=True
2026-09-30 22:40:09,123 - INFO - [global] Доступна обнова! Спавню кнопку
2026-09-30 22:40:39,138 - INFO - [global] Проверяю обновы...
2026-09-30 22:40:40,006 - DEBUG - [global] needs_update: raw → 5.13.09
2026-09-30 22:40:40,189 - DEBUG - [global] needs_update: API → 5.13.09
2026-09-30 22:40:40,189 - DEBUG - [global] needs_update: лучший источник raw → 5.13.09 (из 2)
2026-09-30 22:40:40,190 - INFO - [global] needs_update: local=(5, 13, 7) remote=(5, 13, 9) -> has_update=True
2026-09-30 22:40:40,190 - INFO - [global] Доступна обнова! Спавню кнопку
2026-09-30 22:41:03,678 - INFO - [global] LogUploader: запускаю upload_run_logs...
2026-09-30 22:41:03,679 - DEBUG - [global] log_uploader: START window=periodic made=-1 token=...Rjnfq
2026-09-30 22:41:04,596 - DEBUG - [global] _api_put: GET runs/20260930_224103_fail_periodic.log -> 404
2026-09-30 22:41:06,721 - DEBUG - [global] _api_put: PUT runs/20260930_224103_fail_periodic.log -> 201 (12833 bytes)
2026-09-30 22:41:06,724 - DEBUG - [global] log_uploader: STEP 1 (window log) -> https://github.com/StarateJI/L2Mauto/blob/bot-logs/runs/20260930_224103_fail_periodic.log
2026-09-30 22:41:06,725 - DEBUG - [global] log_uploader: STEP 2 SKIP (no PNGs)
2026-09-30 22:41:07,675 - DEBUG - [global] _api_put: GET runs/20260930_224103_fail_global.log -> 404
2026-09-30 22:41:09,732 - DEBUG - [global] _api_put: PUT runs/20260930_224103_fail_global.log -> 201 (20019 bytes)
2026-09-30 22:41:09,734 - DEBUG - [global] log_uploader: STEP 3 (global log) -> https://github.com/StarateJI/L2Mauto/blob/bot-logs/runs/20260930_224103_fail_global.log
2026-09-30 22:41:09,734 - DEBUG - [global] log_uploader: END window=periodic
2026-09-30 22:41:09,734 - INFO - [global] LogUploader: upload_run_logs завершён
2026-09-30 22:41:10,205 - INFO - [global] Проверяю обновы...
2026-09-30 22:41:11,033 - DEBUG - [global] needs_update: raw → 5.13.09
2026-09-30 22:41:11,363 - DEBUG - [global] needs_update: API → 5.13.09
2026-09-30 22:41:11,364 - DEBUG - [global] needs_update: лучший источник raw → 5.13.09 (из 2)
2026-09-30 22:41:11,364 - INFO - [global] needs_update: local=(5, 13, 7) remote=(5, 13, 9) -> has_update=True
2026-09-30 22:41:11,364 - INFO - [global] Доступна обнова! Спавню кнопку
2026-09-30 22:41:41,379 - INFO - [global] Проверяю обновы...
2026-09-30 22:41:42,201 - DEBUG - [global] needs_update: raw → 5.13.09
2026-09-30 22:41:42,412 - DEBUG - [global] needs_update: API → 5.13.09
2026-09-30 22:41:42,413 - DEBUG - [global] needs_update: лучший источник raw → 5.13.09 (из 2)
2026-09-30 22:41:42,413 - INFO - [global] needs_update: local=(5, 13, 7) remote=(5, 13, 9) -> has_update=True
2026-09-30 22:41:42,413 - INFO - [global] Доступна обнова! Спавню кнопку
2026-09-30 22:42:09,769 - INFO - [global] LogUploader: запускаю upload_run_logs...
2026-09-30 22:42:09,770 - DEBUG - [global] log_uploader: START window=periodic made=-1 token=...Rjnfq
2026-09-30 22:42:10,711 - DEBUG - [global] _api_put: GET runs/20260930_224209_fail_periodic.log -> 404
2026-09-30 22:42:12,429 - INFO - [global] Проверяю обновы...
2026-09-30 22:42:12,914 - DEBUG - [global] _api_put: PUT runs/20260930_224209_fail_periodic.log -> 201 (12833 bytes)
2026-09-30 22:42:12,917 - DEBUG - [global] log_uploader: STEP 1 (window log) -> https://github.com/StarateJI/L2Mauto/blob/bot-logs/runs/20260930_224209_fail_periodic.log
2026-09-30 22:42:12,917 - DEBUG - [global] log_uploader: STEP 2 SKIP (no PNGs)
2026-09-30 22:42:13,315 - DEBUG - [global] needs_update: raw → 5.13.09
2026-09-30 22:42:13,509 - DEBUG - [global] needs_update: API → 5.13.09
2026-09-30 22:42:13,509 - DEBUG - [global] needs_update: лучший источник raw → 5.13.09 (из 2)
2026-09-30 22:42:13,510 - INFO - [global] needs_update: local=(5, 13, 7) remote=(5, 13, 9) -> has_update=True
2026-09-30 22:42:13,510 - INFO - [global] Доступна обнова! Спавню кнопку
2026-09-30 22:42:13,961 - DEBUG - [global] _api_put: GET runs/20260930_224209_fail_global.log -> 404
2026-09-30 22:42:15,973 - DEBUG - [global] _api_put: PUT runs/20260930_224209_fail_global.log -> 201 (20021 bytes)
2026-09-30 22:42:15,976 - DEBUG - [global] log_uploader: STEP 3 (global log) -> https://github.com/StarateJI/L2Mauto/blob/bot-logs/runs/20260930_224209_fail_global.log
2026-09-30 22:42:15,976 - DEBUG - [global] log_uploader: END window=periodic
2026-09-30 22:42:15,976 - INFO - [global] LogUploader: upload_run_logs завершён
2026-09-30 22:42:43,527 - INFO - [global] Проверяю обновы...
2026-09-30 22:42:44,357 - DEBUG - [global] needs_update: raw → 5.13.09
2026-09-30 22:42:44,552 - DEBUG - [global] needs_update: API → 5.13.09
2026-09-30 22:42:44,552 - DEBUG - [global] needs_update: лучший источник raw → 5.13.09 (из 2)
2026-09-30 22:42:44,552 - INFO - [global] needs_update: local=(5, 13, 7) remote=(5, 13, 9) -> has_update=True
2026-09-30 22:42:44,553 - INFO - [global] Доступна обнова! Спавню кнопку
2026-09-30 22:43:14,566 - INFO - [global] Проверяю обновы...
2026-09-30 22:43:15,435 - DEBUG - [global] needs_update: raw → 5.13.09
2026-09-30 22:43:15,633 - DEBUG - [global] needs_update: API → 5.13.09
2026-09-30 22:43:15,633 - DEBUG - [global] needs_update: лучший источник raw → 5.13.09 (из 2)
2026-09-30 22:43:15,633 - INFO - [global] needs_update: local=(5, 13, 7) remote=(5, 13, 9) -> has_update=True
2026-09-30 22:43:15,633 - INFO - [global] Доступна обнова! Спавню кнопку
2026-09-30 22:43:16,013 - INFO - [global] LogUploader: запускаю upload_run_logs...
2026-09-30 22:43:16,015 - DEBUG - [global] log_uploader: START window=periodic made=-1 token=...Rjnfq
2026-09-30 22:43:16,952 - DEBUG - [global] _api_put: GET runs/20260930_224316_fail_periodic.log -> 404
2026-09-30 22:43:18,968 - DEBUG - [global] _api_put: PUT runs/20260930_224316_fail_periodic.log -> 201 (12833 bytes)
2026-09-30 22:43:18,969 - DEBUG - [global] log_uploader: STEP 1 (window log) -> https://github.com/StarateJI/L2Mauto/blob/bot-logs/runs/20260930_224316_fail_periodic.log
2026-09-30 22:43:18,969 - DEBUG - [global] log_uploader: STEP 2 SKIP (no PNGs)
