=== Log tail 2026-09-18T16:31:46.982741 | last 200 lines ===
2026-09-18 16:23:05,452 - DEBUG - [global] _api_put: GET runs/20260918_162302_fail_global.log -> 404
2026-09-18 16:23:07,064 - DEBUG - [global] _api_put: PUT runs/20260918_162302_fail_global.log -> 201 (19774 bytes)
2026-09-18 16:23:07,067 - DEBUG - [global] log_uploader: STEP 3 (global log) -> https://github.com/StarateJI/L2Mauto/blob/bot-logs/runs/20260918_162302_fail_global.log
2026-09-18 16:23:07,067 - DEBUG - [global] log_uploader: END window=periodic
2026-09-18 16:23:07,067 - INFO - [global] LogUploader: upload_run_logs завершён
2026-09-18 16:23:30,461 - INFO - [global] Проверяю обновы...
2026-09-18 16:23:31,373 - DEBUG - [global] needs_update: API GitHub → 5.11.1
2026-09-18 16:23:32,117 - DEBUG - [global] needs_update: raw → 5.11.1
2026-09-18 16:23:32,787 - DEBUG - [global] needs_update: jsdelivr → 5.9.1
2026-09-18 16:23:32,787 - DEBUG - [global] needs_update: лучший источник API → 5.11.1 (из 3)
2026-09-18 16:23:32,789 - INFO - [global] needs_update: local=(5, 9, 1) remote=(5, 11, 1) -> has_update=True
2026-09-18 16:23:32,790 - INFO - [global] Доступна обнова! Спавню кнопку
2026-09-18 16:24:02,808 - INFO - [global] Проверяю обновы...
2026-09-18 16:24:03,764 - DEBUG - [global] needs_update: API GitHub → 5.11.1
2026-09-18 16:24:04,455 - DEBUG - [global] needs_update: raw → 5.11.1
2026-09-18 16:24:05,251 - DEBUG - [global] needs_update: jsdelivr → 5.9.1
2026-09-18 16:24:05,251 - DEBUG - [global] needs_update: лучший источник API → 5.11.1 (из 3)
2026-09-18 16:24:05,253 - INFO - [global] needs_update: local=(5, 9, 1) remote=(5, 11, 1) -> has_update=True
2026-09-18 16:24:05,253 - INFO - [global] Доступна обнова! Спавню кнопку
2026-09-18 16:24:07,099 - INFO - [global] LogUploader: запускаю upload_run_logs...
2026-09-18 16:24:07,101 - DEBUG - [global] log_uploader: START window=periodic made=-1 token=...Rjnfq
2026-09-18 16:24:08,061 - DEBUG - [global] _api_put: GET runs/20260918_162407_fail_periodic.log -> 404
2026-09-18 16:24:09,524 - DEBUG - [global] _api_put: PUT runs/20260918_162407_fail_periodic.log -> 201 (8836 bytes)
2026-09-18 16:24:09,526 - DEBUG - [global] log_uploader: STEP 1 (window log) -> https://github.com/StarateJI/L2Mauto/blob/bot-logs/runs/20260918_162407_fail_periodic.log
2026-09-18 16:24:09,526 - DEBUG - [global] log_uploader: STEP 2 SKIP (no PNGs)
2026-09-18 16:24:10,464 - DEBUG - [global] _api_put: GET runs/20260918_162407_fail_global.log -> 404
2026-09-18 16:24:12,113 - DEBUG - [global] _api_put: PUT runs/20260918_162407_fail_global.log -> 201 (19774 bytes)
2026-09-18 16:24:12,115 - DEBUG - [global] log_uploader: STEP 3 (global log) -> https://github.com/StarateJI/L2Mauto/blob/bot-logs/runs/20260918_162407_fail_global.log
2026-09-18 16:24:12,115 - DEBUG - [global] log_uploader: END window=periodic
2026-09-18 16:24:12,116 - INFO - [global] LogUploader: upload_run_logs завершён
2026-09-18 16:24:35,270 - INFO - [global] Проверяю обновы...
2026-09-18 16:24:36,163 - DEBUG - [global] needs_update: API GitHub → 5.11.1
2026-09-18 16:24:36,864 - DEBUG - [global] needs_update: raw → 5.11.1
2026-09-18 16:24:37,547 - DEBUG - [global] needs_update: jsdelivr → 5.9.1
2026-09-18 16:24:37,548 - DEBUG - [global] needs_update: лучший источник API → 5.11.1 (из 3)
2026-09-18 16:24:37,551 - INFO - [global] needs_update: local=(5, 9, 1) remote=(5, 11, 1) -> has_update=True
2026-09-18 16:24:37,551 - INFO - [global] Доступна обнова! Спавню кнопку
2026-09-18 16:25:07,565 - INFO - [global] Проверяю обновы...
2026-09-18 16:25:08,495 - DEBUG - [global] needs_update: API GitHub → 5.11.1
2026-09-18 16:25:09,237 - DEBUG - [global] needs_update: raw → 5.11.1
2026-09-18 16:25:09,935 - DEBUG - [global] needs_update: jsdelivr → 5.9.1
2026-09-18 16:25:09,935 - DEBUG - [global] needs_update: лучший источник API → 5.11.1 (из 3)
2026-09-18 16:25:09,938 - INFO - [global] needs_update: local=(5, 9, 1) remote=(5, 11, 1) -> has_update=True
2026-09-18 16:25:09,938 - INFO - [global] Доступна обнова! Спавню кнопку
2026-09-18 16:25:12,149 - INFO - [global] LogUploader: запускаю upload_run_logs...
2026-09-18 16:25:12,150 - DEBUG - [global] log_uploader: START window=periodic made=-1 token=...Rjnfq
2026-09-18 16:25:13,098 - DEBUG - [global] _api_put: GET runs/20260918_162512_fail_periodic.log -> 404
2026-09-18 16:25:14,584 - DEBUG - [global] _api_put: PUT runs/20260918_162512_fail_periodic.log -> 201 (8836 bytes)
2026-09-18 16:25:14,586 - DEBUG - [global] log_uploader: STEP 1 (window log) -> https://github.com/StarateJI/L2Mauto/blob/bot-logs/runs/20260918_162512_fail_periodic.log
2026-09-18 16:25:14,587 - DEBUG - [global] log_uploader: STEP 2 SKIP (no PNGs)
2026-09-18 16:25:15,494 - DEBUG - [global] _api_put: GET runs/20260918_162512_fail_global.log -> 404
2026-09-18 16:25:17,916 - DEBUG - [global] _api_put: PUT runs/20260918_162512_fail_global.log -> 201 (19774 bytes)
2026-09-18 16:25:17,918 - DEBUG - [global] log_uploader: STEP 3 (global log) -> https://github.com/StarateJI/L2Mauto/blob/bot-logs/runs/20260918_162512_fail_global.log
2026-09-18 16:25:17,918 - DEBUG - [global] log_uploader: END window=periodic
2026-09-18 16:25:17,919 - INFO - [global] LogUploader: upload_run_logs завершён
2026-09-18 16:25:39,952 - INFO - [global] Проверяю обновы...
2026-09-18 16:25:40,856 - DEBUG - [global] needs_update: API GitHub → 5.11.1
2026-09-18 16:25:41,582 - DEBUG - [global] needs_update: raw → 5.11.1
2026-09-18 16:25:42,312 - DEBUG - [global] needs_update: jsdelivr → 5.9.1
2026-09-18 16:25:42,312 - DEBUG - [global] needs_update: лучший источник API → 5.11.1 (из 3)
2026-09-18 16:25:42,313 - INFO - [global] needs_update: local=(5, 9, 1) remote=(5, 11, 1) -> has_update=True
2026-09-18 16:25:42,314 - INFO - [global] Доступна обнова! Спавню кнопку
2026-09-18 16:26:12,332 - INFO - [global] Проверяю обновы...
2026-09-18 16:26:13,384 - DEBUG - [global] needs_update: API GitHub → 5.11.1
2026-09-18 16:26:14,139 - DEBUG - [global] needs_update: raw → 5.11.1
2026-09-18 16:26:14,881 - DEBUG - [global] needs_update: jsdelivr → 5.9.1
2026-09-18 16:26:14,881 - DEBUG - [global] needs_update: лучший источник API → 5.11.1 (из 3)
2026-09-18 16:26:14,883 - INFO - [global] needs_update: local=(5, 9, 1) remote=(5, 11, 1) -> has_update=True
2026-09-18 16:26:14,883 - INFO - [global] Доступна обнова! Спавню кнопку
2026-09-18 16:26:17,955 - INFO - [global] LogUploader: запускаю upload_run_logs...
2026-09-18 16:26:17,956 - DEBUG - [global] log_uploader: START window=periodic made=-1 token=...Rjnfq
2026-09-18 16:26:18,904 - DEBUG - [global] _api_put: GET runs/20260918_162617_fail_periodic.log -> 404
2026-09-18 16:26:20,397 - DEBUG - [global] _api_put: PUT runs/20260918_162617_fail_periodic.log -> 201 (8836 bytes)
2026-09-18 16:26:20,400 - DEBUG - [global] log_uploader: STEP 1 (window log) -> https://github.com/StarateJI/L2Mauto/blob/bot-logs/runs/20260918_162617_fail_periodic.log
2026-09-18 16:26:20,401 - DEBUG - [global] log_uploader: STEP 2 SKIP (no PNGs)
2026-09-18 16:26:21,352 - DEBUG - [global] _api_put: GET runs/20260918_162617_fail_global.log -> 404
2026-09-18 16:26:23,023 - DEBUG - [global] _api_put: PUT runs/20260918_162617_fail_global.log -> 201 (19774 bytes)
2026-09-18 16:26:23,026 - DEBUG - [global] log_uploader: STEP 3 (global log) -> https://github.com/StarateJI/L2Mauto/blob/bot-logs/runs/20260918_162617_fail_global.log
2026-09-18 16:26:23,026 - DEBUG - [global] log_uploader: END window=periodic
2026-09-18 16:26:23,026 - INFO - [global] LogUploader: upload_run_logs завершён
2026-09-18 16:26:44,902 - INFO - [global] Проверяю обновы...
2026-09-18 16:26:45,814 - DEBUG - [global] needs_update: API GitHub → 5.11.1
2026-09-18 16:26:46,735 - DEBUG - [global] needs_update: raw → 5.11.1
2026-09-18 16:26:47,403 - DEBUG - [global] needs_update: jsdelivr → 5.9.1
2026-09-18 16:26:47,404 - DEBUG - [global] needs_update: лучший источник API → 5.11.1 (из 3)
2026-09-18 16:26:47,405 - INFO - [global] needs_update: local=(5, 9, 1) remote=(5, 11, 1) -> has_update=True
2026-09-18 16:26:47,405 - INFO - [global] Доступна обнова! Спавню кнопку
2026-09-18 16:27:17,425 - INFO - [global] Проверяю обновы...
2026-09-18 16:27:18,360 - DEBUG - [global] needs_update: API GitHub → 5.11.1
2026-09-18 16:27:19,043 - DEBUG - [global] needs_update: raw → 5.11.1
2026-09-18 16:27:19,687 - DEBUG - [global] needs_update: jsdelivr → 5.9.1
2026-09-18 16:27:19,687 - DEBUG - [global] needs_update: лучший источник API → 5.11.1 (из 3)
2026-09-18 16:27:19,690 - INFO - [global] needs_update: local=(5, 9, 1) remote=(5, 11, 1) -> has_update=True
2026-09-18 16:27:19,690 - INFO - [global] Доступна обнова! Спавню кнопку
2026-09-18 16:27:23,067 - INFO - [global] LogUploader: запускаю upload_run_logs...
2026-09-18 16:27:23,068 - DEBUG - [global] log_uploader: START window=periodic made=-1 token=...Rjnfq
2026-09-18 16:27:23,984 - DEBUG - [global] _api_put: GET runs/20260918_162723_fail_periodic.log -> 404
2026-09-18 16:27:25,465 - DEBUG - [global] _api_put: PUT runs/20260918_162723_fail_periodic.log -> 201 (8836 bytes)
2026-09-18 16:27:25,468 - DEBUG - [global] log_uploader: STEP 1 (window log) -> https://github.com/StarateJI/L2Mauto/blob/bot-logs/runs/20260918_162723_fail_periodic.log
2026-09-18 16:27:25,469 - DEBUG - [global] log_uploader: STEP 2 SKIP (no PNGs)
2026-09-18 16:27:26,395 - DEBUG - [global] _api_put: GET runs/20260918_162723_fail_global.log -> 404
2026-09-18 16:27:28,407 - DEBUG - [global] _api_put: PUT runs/20260918_162723_fail_global.log -> 201 (19773 bytes)
2026-09-18 16:27:28,408 - DEBUG - [global] log_uploader: STEP 3 (global log) -> https://github.com/StarateJI/L2Mauto/blob/bot-logs/runs/20260918_162723_fail_global.log
2026-09-18 16:27:28,409 - DEBUG - [global] log_uploader: END window=periodic
2026-09-18 16:27:28,409 - INFO - [global] LogUploader: upload_run_logs завершён
2026-09-18 16:27:49,709 - INFO - [global] Проверяю обновы...
2026-09-18 16:27:50,653 - DEBUG - [global] needs_update: API GitHub → 5.11.1
2026-09-18 16:27:51,378 - DEBUG - [global] needs_update: raw → 5.11.1
2026-09-18 16:27:52,166 - DEBUG - [global] needs_update: jsdelivr → 5.10.2
2026-09-18 16:27:52,166 - DEBUG - [global] needs_update: лучший источник API → 5.11.1 (из 3)
2026-09-18 16:27:52,169 - INFO - [global] needs_update: local=(5, 9, 1) remote=(5, 11, 1) -> has_update=True
2026-09-18 16:27:52,169 - INFO - [global] Доступна обнова! Спавню кнопку
2026-09-18 16:28:22,192 - INFO - [global] Проверяю обновы...
2026-09-18 16:28:23,124 - DEBUG - [global] needs_update: API GitHub → 5.11.1
2026-09-18 16:28:23,861 - DEBUG - [global] needs_update: raw → 5.11.1
2026-09-18 16:28:24,675 - DEBUG - [global] needs_update: jsdelivr → 5.10.2
2026-09-18 16:28:24,675 - DEBUG - [global] needs_update: лучший источник API → 5.11.1 (из 3)
2026-09-18 16:28:24,678 - INFO - [global] needs_update: local=(5, 9, 1) remote=(5, 11, 1) -> has_update=True
2026-09-18 16:28:24,678 - INFO - [global] Доступна обнова! Спавню кнопку
2026-09-18 16:28:28,444 - INFO - [global] LogUploader: запускаю upload_run_logs...
2026-09-18 16:28:28,445 - DEBUG - [global] log_uploader: START window=periodic made=-1 token=...Rjnfq
2026-09-18 16:28:29,343 - DEBUG - [global] _api_put: GET runs/20260918_162828_fail_periodic.log -> 404
2026-09-18 16:28:30,762 - DEBUG - [global] _api_put: PUT runs/20260918_162828_fail_periodic.log -> 201 (8836 bytes)
2026-09-18 16:28:30,764 - DEBUG - [global] log_uploader: STEP 1 (window log) -> https://github.com/StarateJI/L2Mauto/blob/bot-logs/runs/20260918_162828_fail_periodic.log
2026-09-18 16:28:30,765 - DEBUG - [global] log_uploader: STEP 2 SKIP (no PNGs)
2026-09-18 16:28:31,741 - DEBUG - [global] _api_put: GET runs/20260918_162828_fail_global.log -> 404
2026-09-18 16:28:33,491 - DEBUG - [global] _api_put: PUT runs/20260918_162828_fail_global.log -> 201 (19773 bytes)
2026-09-18 16:28:33,494 - DEBUG - [global] log_uploader: STEP 3 (global log) -> https://github.com/StarateJI/L2Mauto/blob/bot-logs/runs/20260918_162828_fail_global.log
2026-09-18 16:28:33,494 - DEBUG - [global] log_uploader: END window=periodic
2026-09-18 16:28:33,494 - INFO - [global] LogUploader: upload_run_logs завершён
2026-09-18 16:28:54,702 - INFO - [global] Проверяю обновы...
2026-09-18 16:28:56,629 - DEBUG - [global] needs_update: API GitHub → 5.11.1
2026-09-18 16:28:57,343 - DEBUG - [global] needs_update: raw → 5.11.1
2026-09-18 16:28:58,112 - DEBUG - [global] needs_update: jsdelivr → 5.10.2
2026-09-18 16:28:58,112 - DEBUG - [global] needs_update: лучший источник API → 5.11.1 (из 3)
2026-09-18 16:28:58,114 - INFO - [global] needs_update: local=(5, 9, 1) remote=(5, 11, 1) -> has_update=True
2026-09-18 16:28:58,114 - INFO - [global] Доступна обнова! Спавню кнопку
2026-09-18 16:29:28,132 - INFO - [global] Проверяю обновы...
2026-09-18 16:29:29,074 - DEBUG - [global] needs_update: API GitHub → 5.11.1
2026-09-18 16:29:29,814 - DEBUG - [global] needs_update: raw → 5.11.1
2026-09-18 16:29:30,581 - DEBUG - [global] needs_update: jsdelivr → 5.10.2
2026-09-18 16:29:30,581 - DEBUG - [global] needs_update: лучший источник API → 5.11.1 (из 3)
2026-09-18 16:29:30,584 - INFO - [global] needs_update: local=(5, 9, 1) remote=(5, 11, 1) -> has_update=True
2026-09-18 16:29:30,584 - INFO - [global] Доступна обнова! Спавню кнопку
2026-09-18 16:29:33,529 - INFO - [global] LogUploader: запускаю upload_run_logs...
2026-09-18 16:29:33,530 - DEBUG - [global] log_uploader: START window=periodic made=-1 token=...Rjnfq
2026-09-18 16:29:34,461 - DEBUG - [global] _api_put: GET runs/20260918_162933_fail_periodic.log -> 404
2026-09-18 16:29:36,055 - DEBUG - [global] _api_put: PUT runs/20260918_162933_fail_periodic.log -> 201 (8836 bytes)
2026-09-18 16:29:36,058 - DEBUG - [global] log_uploader: STEP 1 (window log) -> https://github.com/StarateJI/L2Mauto/blob/bot-logs/runs/20260918_162933_fail_periodic.log
2026-09-18 16:29:36,058 - DEBUG - [global] log_uploader: STEP 2 SKIP (no PNGs)
2026-09-18 16:29:37,150 - DEBUG - [global] _api_put: GET runs/20260918_162933_fail_global.log -> 404
2026-09-18 16:29:39,059 - DEBUG - [global] _api_put: PUT runs/20260918_162933_fail_global.log -> 201 (19773 bytes)
2026-09-18 16:29:39,062 - DEBUG - [global] log_uploader: STEP 3 (global log) -> https://github.com/StarateJI/L2Mauto/blob/bot-logs/runs/20260918_162933_fail_global.log
2026-09-18 16:29:39,062 - DEBUG - [global] log_uploader: END window=periodic
2026-09-18 16:29:39,062 - INFO - [global] LogUploader: upload_run_logs завершён
2026-09-18 16:30:00,605 - INFO - [global] Проверяю обновы...
2026-09-18 16:30:01,611 - DEBUG - [global] needs_update: API GitHub → 5.11.1
2026-09-18 16:30:02,403 - DEBUG - [global] needs_update: raw → 5.11.1
2026-09-18 16:30:03,212 - DEBUG - [global] needs_update: jsdelivr → 5.10.2
2026-09-18 16:30:03,212 - DEBUG - [global] needs_update: лучший источник API → 5.11.1 (из 3)
2026-09-18 16:30:03,214 - INFO - [global] needs_update: local=(5, 9, 1) remote=(5, 11, 1) -> has_update=True
2026-09-18 16:30:03,215 - INFO - [global] Доступна обнова! Спавню кнопку
2026-09-18 16:30:33,232 - INFO - [global] Проверяю обновы...
2026-09-18 16:30:34,180 - DEBUG - [global] needs_update: API GitHub → 5.11.1
2026-09-18 16:30:34,935 - DEBUG - [global] needs_update: raw → 5.11.1
2026-09-18 16:30:35,711 - DEBUG - [global] needs_update: jsdelivr → 5.10.2
2026-09-18 16:30:35,711 - DEBUG - [global] needs_update: лучший источник API → 5.11.1 (из 3)
2026-09-18 16:30:35,714 - INFO - [global] needs_update: local=(5, 9, 1) remote=(5, 11, 1) -> has_update=True
2026-09-18 16:30:35,715 - INFO - [global] Доступна обнова! Спавню кнопку
2026-09-18 16:30:39,095 - INFO - [global] LogUploader: запускаю upload_run_logs...
2026-09-18 16:30:39,096 - DEBUG - [global] log_uploader: START window=periodic made=-1 token=...Rjnfq
2026-09-18 16:30:40,068 - DEBUG - [global] _api_put: GET runs/20260918_163039_fail_periodic.log -> 404
2026-09-18 16:30:41,590 - DEBUG - [global] _api_put: PUT runs/20260918_163039_fail_periodic.log -> 201 (8836 bytes)
2026-09-18 16:30:41,592 - DEBUG - [global] log_uploader: STEP 1 (window log) -> https://github.com/StarateJI/L2Mauto/blob/bot-logs/runs/20260918_163039_fail_periodic.log
2026-09-18 16:30:41,592 - DEBUG - [global] log_uploader: STEP 2 SKIP (no PNGs)
2026-09-18 16:30:42,617 - DEBUG - [global] _api_put: GET runs/20260918_163039_fail_global.log -> 404
2026-09-18 16:30:44,486 - DEBUG - [global] _api_put: PUT runs/20260918_163039_fail_global.log -> 201 (19773 bytes)
2026-09-18 16:30:44,489 - DEBUG - [global] log_uploader: STEP 3 (global log) -> https://github.com/StarateJI/L2Mauto/blob/bot-logs/runs/20260918_163039_fail_global.log
2026-09-18 16:30:44,489 - DEBUG - [global] log_uploader: END window=periodic
2026-09-18 16:30:44,489 - INFO - [global] LogUploader: upload_run_logs завершён
2026-09-18 16:31:05,735 - INFO - [global] Проверяю обновы...
2026-09-18 16:31:06,686 - DEBUG - [global] needs_update: API GitHub → 5.11.1
2026-09-18 16:31:07,459 - DEBUG - [global] needs_update: raw → 5.11.1
2026-09-18 16:31:08,308 - DEBUG - [global] needs_update: jsdelivr → 5.10.2
2026-09-18 16:31:08,308 - DEBUG - [global] needs_update: лучший источник API → 5.11.1 (из 3)
2026-09-18 16:31:08,310 - INFO - [global] needs_update: local=(5, 9, 1) remote=(5, 11, 1) -> has_update=True
2026-09-18 16:31:08,310 - INFO - [global] Доступна обнова! Спавню кнопку
2026-09-18 16:31:38,328 - INFO - [global] Проверяю обновы...
2026-09-18 16:31:39,562 - DEBUG - [global] needs_update: API GitHub → 5.11.1
2026-09-18 16:31:40,350 - DEBUG - [global] needs_update: raw → 5.11.1
2026-09-18 16:31:41,141 - DEBUG - [global] needs_update: jsdelivr → 5.10.2
2026-09-18 16:31:41,142 - DEBUG - [global] needs_update: лучший источник API → 5.11.1 (из 3)
2026-09-18 16:31:41,144 - INFO - [global] needs_update: local=(5, 9, 1) remote=(5, 11, 1) -> has_update=True
2026-09-18 16:31:41,144 - INFO - [global] Доступна обнова! Спавню кнопку
2026-09-18 16:31:44,530 - INFO - [global] LogUploader: запускаю upload_run_logs...
2026-09-18 16:31:44,530 - DEBUG - [global] log_uploader: START window=periodic made=-1 token=...Rjnfq
2026-09-18 16:31:45,498 - DEBUG - [global] _api_put: GET runs/20260918_163144_fail_periodic.log -> 404
2026-09-18 16:31:46,964 - DEBUG - [global] _api_put: PUT runs/20260918_163144_fail_periodic.log -> 201 (8836 bytes)
2026-09-18 16:31:46,966 - DEBUG - [global] log_uploader: STEP 1 (window log) -> https://github.com/StarateJI/L2Mauto/blob/bot-logs/runs/20260918_163144_fail_periodic.log
2026-09-18 16:31:46,966 - DEBUG - [global] log_uploader: STEP 2 SKIP (no PNGs)
