=== Log tail 2026-09-18T23:47:39.554006 | last 200 lines ===
2026-09-18 23:39:57,138 - INFO - [global] LogUploader: запускаю upload_run_logs...
2026-09-18 23:39:57,139 - DEBUG - [global] log_uploader: START window=periodic made=-1 token=...Rjnfq
2026-09-18 23:39:58,182 - DEBUG - [global] _api_put: GET runs/20260918_233957_fail_periodic.log -> 404
2026-09-18 23:39:59,672 - DEBUG - [global] _api_put: PUT runs/20260918_233957_fail_periodic.log -> 201 (8836 bytes)
2026-09-18 23:39:59,675 - DEBUG - [global] log_uploader: STEP 1 (window log) -> https://github.com/StarateJI/L2Mauto/blob/bot-logs/runs/20260918_233957_fail_periodic.log
2026-09-18 23:39:59,675 - DEBUG - [global] log_uploader: STEP 2 SKIP (no PNGs)
2026-09-18 23:40:00,854 - DEBUG - [global] _api_put: GET runs/20260918_233957_fail_global.log -> 404
2026-09-18 23:40:02,675 - DEBUG - [global] _api_put: PUT runs/20260918_233957_fail_global.log -> 201 (19757 bytes)
2026-09-18 23:40:02,677 - DEBUG - [global] log_uploader: STEP 3 (global log) -> https://github.com/StarateJI/L2Mauto/blob/bot-logs/runs/20260918_233957_fail_global.log
2026-09-18 23:40:02,677 - DEBUG - [global] log_uploader: END window=periodic
2026-09-18 23:40:02,677 - INFO - [global] LogUploader: upload_run_logs завершён
2026-09-18 23:40:02,911 - INFO - [global] Проверяю обновы...
2026-09-18 23:40:03,844 - DEBUG - [global] needs_update: API GitHub → 5.11.18
2026-09-18 23:40:04,602 - DEBUG - [global] needs_update: raw → 5.11.18
2026-09-18 23:40:05,435 - DEBUG - [global] needs_update: jsdelivr → 5.10.2
2026-09-18 23:40:05,435 - DEBUG - [global] needs_update: лучший источник API → 5.11.18 (из 3)
2026-09-18 23:40:05,437 - INFO - [global] needs_update: local=(5, 9, 1) remote=(5, 11, 18) -> has_update=True
2026-09-18 23:40:05,437 - INFO - [global] Доступна обнова! Спавню кнопку
2026-09-18 23:40:35,455 - INFO - [global] Проверяю обновы...
2026-09-18 23:40:36,438 - DEBUG - [global] needs_update: API GitHub → 5.11.18
2026-09-18 23:40:37,233 - DEBUG - [global] needs_update: raw → 5.11.18
2026-09-18 23:40:37,973 - DEBUG - [global] needs_update: jsdelivr → 5.10.2
2026-09-18 23:40:37,974 - DEBUG - [global] needs_update: лучший источник API → 5.11.18 (из 3)
2026-09-18 23:40:37,976 - INFO - [global] needs_update: local=(5, 9, 1) remote=(5, 11, 18) -> has_update=True
2026-09-18 23:40:37,976 - INFO - [global] Доступна обнова! Спавню кнопку
2026-09-18 23:41:02,709 - INFO - [global] LogUploader: запускаю upload_run_logs...
2026-09-18 23:41:02,710 - DEBUG - [global] log_uploader: START window=periodic made=-1 token=...Rjnfq
2026-09-18 23:41:03,659 - DEBUG - [global] _api_put: GET runs/20260918_234102_fail_periodic.log -> 404
2026-09-18 23:41:05,255 - DEBUG - [global] _api_put: PUT runs/20260918_234102_fail_periodic.log -> 201 (8836 bytes)
2026-09-18 23:41:05,258 - DEBUG - [global] log_uploader: STEP 1 (window log) -> https://github.com/StarateJI/L2Mauto/blob/bot-logs/runs/20260918_234102_fail_periodic.log
2026-09-18 23:41:05,258 - DEBUG - [global] log_uploader: STEP 2 SKIP (no PNGs)
2026-09-18 23:41:06,235 - DEBUG - [global] _api_put: GET runs/20260918_234102_fail_global.log -> 404
2026-09-18 23:41:07,996 - INFO - [global] Проверяю обновы...
2026-09-18 23:41:08,343 - DEBUG - [global] _api_put: PUT runs/20260918_234102_fail_global.log -> 201 (19757 bytes)
2026-09-18 23:41:08,346 - DEBUG - [global] log_uploader: STEP 3 (global log) -> https://github.com/StarateJI/L2Mauto/blob/bot-logs/runs/20260918_234102_fail_global.log
2026-09-18 23:41:08,347 - DEBUG - [global] log_uploader: END window=periodic
2026-09-18 23:41:08,347 - INFO - [global] LogUploader: upload_run_logs завершён
2026-09-18 23:41:08,978 - DEBUG - [global] needs_update: API GitHub → 5.11.18
2026-09-18 23:41:09,721 - DEBUG - [global] needs_update: raw → 5.11.18
2026-09-18 23:41:10,467 - DEBUG - [global] needs_update: jsdelivr → 5.10.2
2026-09-18 23:41:10,468 - DEBUG - [global] needs_update: лучший источник API → 5.11.18 (из 3)
2026-09-18 23:41:10,470 - INFO - [global] needs_update: local=(5, 9, 1) remote=(5, 11, 18) -> has_update=True
2026-09-18 23:41:10,470 - INFO - [global] Доступна обнова! Спавню кнопку
2026-09-18 23:41:40,497 - INFO - [global] Проверяю обновы...
2026-09-18 23:41:41,429 - DEBUG - [global] needs_update: API GitHub → 5.11.18
2026-09-18 23:41:42,161 - DEBUG - [global] needs_update: raw → 5.11.18
2026-09-18 23:41:42,908 - DEBUG - [global] needs_update: jsdelivr → 5.10.2
2026-09-18 23:41:42,908 - DEBUG - [global] needs_update: лучший источник API → 5.11.18 (из 3)
2026-09-18 23:41:42,909 - INFO - [global] needs_update: local=(5, 9, 1) remote=(5, 11, 18) -> has_update=True
2026-09-18 23:41:42,909 - INFO - [global] Доступна обнова! Спавню кнопку
2026-09-18 23:42:08,385 - INFO - [global] LogUploader: запускаю upload_run_logs...
2026-09-18 23:42:08,386 - DEBUG - [global] log_uploader: START window=periodic made=-1 token=...Rjnfq
2026-09-18 23:42:09,305 - DEBUG - [global] _api_put: GET runs/20260918_234208_fail_periodic.log -> 404
2026-09-18 23:42:10,986 - DEBUG - [global] _api_put: PUT runs/20260918_234208_fail_periodic.log -> 201 (8836 bytes)
2026-09-18 23:42:10,989 - DEBUG - [global] log_uploader: STEP 1 (window log) -> https://github.com/StarateJI/L2Mauto/blob/bot-logs/runs/20260918_234208_fail_periodic.log
2026-09-18 23:42:10,990 - DEBUG - [global] log_uploader: STEP 2 SKIP (no PNGs)
2026-09-18 23:42:11,982 - DEBUG - [global] _api_put: GET runs/20260918_234208_fail_global.log -> 404
2026-09-18 23:42:12,925 - INFO - [global] Проверяю обновы...
2026-09-18 23:42:13,856 - DEBUG - [global] needs_update: API GitHub → 5.11.18
2026-09-18 23:42:14,163 - DEBUG - [global] _api_put: PUT runs/20260918_234208_fail_global.log -> 201 (19757 bytes)
2026-09-18 23:42:14,166 - DEBUG - [global] log_uploader: STEP 3 (global log) -> https://github.com/StarateJI/L2Mauto/blob/bot-logs/runs/20260918_234208_fail_global.log
2026-09-18 23:42:14,166 - DEBUG - [global] log_uploader: END window=periodic
2026-09-18 23:42:14,166 - INFO - [global] LogUploader: upload_run_logs завершён
2026-09-18 23:42:14,565 - DEBUG - [global] needs_update: raw → 5.11.18
2026-09-18 23:42:15,305 - DEBUG - [global] needs_update: jsdelivr → 5.10.2
2026-09-18 23:42:15,305 - DEBUG - [global] needs_update: лучший источник API → 5.11.18 (из 3)
2026-09-18 23:42:15,307 - INFO - [global] needs_update: local=(5, 9, 1) remote=(5, 11, 18) -> has_update=True
2026-09-18 23:42:15,308 - INFO - [global] Доступна обнова! Спавню кнопку
2026-09-18 23:42:45,324 - INFO - [global] Проверяю обновы...
2026-09-18 23:42:46,626 - DEBUG - [global] needs_update: API GitHub → 5.11.18
2026-09-18 23:42:47,555 - DEBUG - [global] needs_update: raw → 5.11.18
2026-09-18 23:42:48,304 - DEBUG - [global] needs_update: jsdelivr → 5.10.2
2026-09-18 23:42:48,304 - DEBUG - [global] needs_update: лучший источник API → 5.11.18 (из 3)
2026-09-18 23:42:48,307 - INFO - [global] needs_update: local=(5, 9, 1) remote=(5, 11, 18) -> has_update=True
2026-09-18 23:42:48,307 - INFO - [global] Доступна обнова! Спавню кнопку
2026-09-18 23:43:14,200 - INFO - [global] LogUploader: запускаю upload_run_logs...
2026-09-18 23:43:14,202 - DEBUG - [global] log_uploader: START window=periodic made=-1 token=...Rjnfq
2026-09-18 23:43:15,089 - DEBUG - [global] _api_put: GET runs/20260918_234314_fail_periodic.log -> 404
2026-09-18 23:43:16,837 - DEBUG - [global] _api_put: PUT runs/20260918_234314_fail_periodic.log -> 201 (8836 bytes)
2026-09-18 23:43:16,838 - DEBUG - [global] log_uploader: STEP 1 (window log) -> https://github.com/StarateJI/L2Mauto/blob/bot-logs/runs/20260918_234314_fail_periodic.log
2026-09-18 23:43:16,839 - DEBUG - [global] log_uploader: STEP 2 SKIP (no PNGs)
2026-09-18 23:43:17,748 - DEBUG - [global] _api_put: GET runs/20260918_234314_fail_global.log -> 404
2026-09-18 23:43:18,327 - INFO - [global] Проверяю обновы...
2026-09-18 23:43:19,205 - DEBUG - [global] needs_update: API GitHub → 5.11.18
2026-09-18 23:43:19,584 - DEBUG - [global] _api_put: PUT runs/20260918_234314_fail_global.log -> 201 (19757 bytes)
2026-09-18 23:43:19,586 - DEBUG - [global] log_uploader: STEP 3 (global log) -> https://github.com/StarateJI/L2Mauto/blob/bot-logs/runs/20260918_234314_fail_global.log
2026-09-18 23:43:19,586 - DEBUG - [global] log_uploader: END window=periodic
2026-09-18 23:43:19,586 - INFO - [global] LogUploader: upload_run_logs завершён
2026-09-18 23:43:19,883 - DEBUG - [global] needs_update: raw → 5.11.18
2026-09-18 23:43:20,582 - DEBUG - [global] needs_update: jsdelivr → 5.10.2
2026-09-18 23:43:20,582 - DEBUG - [global] needs_update: лучший источник API → 5.11.18 (из 3)
2026-09-18 23:43:20,584 - INFO - [global] needs_update: local=(5, 9, 1) remote=(5, 11, 18) -> has_update=True
2026-09-18 23:43:20,584 - INFO - [global] Доступна обнова! Спавню кнопку
2026-09-18 23:43:50,602 - INFO - [global] Проверяю обновы...
2026-09-18 23:43:51,469 - DEBUG - [global] needs_update: API GitHub → 5.11.18
2026-09-18 23:43:52,142 - DEBUG - [global] needs_update: raw → 5.11.18
2026-09-18 23:43:52,828 - DEBUG - [global] needs_update: jsdelivr → 5.10.2
2026-09-18 23:43:52,828 - DEBUG - [global] needs_update: лучший источник API → 5.11.18 (из 3)
2026-09-18 23:43:52,830 - INFO - [global] needs_update: local=(5, 9, 1) remote=(5, 11, 18) -> has_update=True
2026-09-18 23:43:52,830 - INFO - [global] Доступна обнова! Спавню кнопку
2026-09-18 23:44:19,629 - INFO - [global] LogUploader: запускаю upload_run_logs...
2026-09-18 23:44:19,630 - DEBUG - [global] log_uploader: START window=periodic made=-1 token=...Rjnfq
2026-09-18 23:44:20,486 - DEBUG - [global] _api_put: GET runs/20260918_234419_fail_periodic.log -> 404
2026-09-18 23:44:21,914 - DEBUG - [global] _api_put: PUT runs/20260918_234419_fail_periodic.log -> 201 (8836 bytes)
2026-09-18 23:44:21,916 - DEBUG - [global] log_uploader: STEP 1 (window log) -> https://github.com/StarateJI/L2Mauto/blob/bot-logs/runs/20260918_234419_fail_periodic.log
2026-09-18 23:44:21,917 - DEBUG - [global] log_uploader: STEP 2 SKIP (no PNGs)
2026-09-18 23:44:22,810 - DEBUG - [global] _api_put: GET runs/20260918_234419_fail_global.log -> 404
2026-09-18 23:44:22,849 - INFO - [global] Проверяю обновы...
2026-09-18 23:44:23,428 - INFO - [global] Пачка 1/10: старт (2 окон: ['DewPew', 'Сансара'])
2026-09-18 23:44:23,428 - INFO - [global] Запуск через 3 сек. | ['DewPew', 'Сансара']
2026-09-18 23:44:23,888 - DEBUG - [global] needs_update: API GitHub → 5.11.18
2026-09-18 23:44:24,582 - DEBUG - [global] needs_update: raw → 5.11.18
2026-09-18 23:44:24,672 - DEBUG - [global] _api_put: PUT runs/20260918_234419_fail_global.log -> 201 (19757 bytes)
2026-09-18 23:44:24,676 - DEBUG - [global] log_uploader: STEP 3 (global log) -> https://github.com/StarateJI/L2Mauto/blob/bot-logs/runs/20260918_234419_fail_global.log
2026-09-18 23:44:24,676 - DEBUG - [global] log_uploader: END window=periodic
2026-09-18 23:44:24,676 - INFO - [global] LogUploader: upload_run_logs завершён
2026-09-18 23:44:25,286 - DEBUG - [global] needs_update: jsdelivr → 5.10.2
2026-09-18 23:44:25,286 - DEBUG - [global] needs_update: лучший источник API → 5.11.18 (из 3)
2026-09-18 23:44:25,289 - INFO - [global] needs_update: local=(5, 9, 1) remote=(5, 11, 18) -> has_update=True
2026-09-18 23:44:25,289 - INFO - [global] Доступна обнова! Спавню кнопку
2026-09-18 23:44:50,623 - INFO - [global] [-BaseProfile-] Остановил слушалку
2026-09-18 23:44:51,806 - INFO - [global] [-BaseProfile-] Остановил слушалку
2026-09-18 23:44:51,952 - INFO - [global] Пачка 1/10: завершена за 29с
2026-09-18 23:44:52,953 - INFO - [global] Пачка 2/10: старт (2 окон: ['Коллектор', 'UrcaDeLima'])
2026-09-18 23:44:52,954 - INFO - [global] Запуск через 3 сек. | ['Коллектор', 'UrcaDeLima']
2026-09-18 23:44:55,309 - INFO - [global] Проверяю обновы...
2026-09-18 23:44:56,246 - DEBUG - [global] needs_update: API GitHub → 5.11.18
2026-09-18 23:44:57,003 - DEBUG - [global] needs_update: raw → 5.11.18
2026-09-18 23:44:57,724 - DEBUG - [global] needs_update: jsdelivr → 5.10.2
2026-09-18 23:44:57,724 - DEBUG - [global] needs_update: лучший источник API → 5.11.18 (из 3)
2026-09-18 23:44:57,726 - INFO - [global] needs_update: local=(5, 9, 1) remote=(5, 11, 18) -> has_update=True
2026-09-18 23:44:57,726 - INFO - [global] Доступна обнова! Спавню кнопку
2026-09-18 23:45:24,713 - INFO - [global] LogUploader: запускаю upload_run_logs...
2026-09-18 23:45:24,714 - DEBUG - [global] log_uploader: START window=periodic made=-1 token=...Rjnfq
2026-09-18 23:45:25,653 - DEBUG - [global] _api_put: GET runs/20260918_234524_fail_periodic.log -> 404
2026-09-18 23:45:27,446 - DEBUG - [global] _api_put: PUT runs/20260918_234524_fail_periodic.log -> 201 (8836 bytes)
2026-09-18 23:45:27,449 - DEBUG - [global] log_uploader: STEP 1 (window log) -> https://github.com/StarateJI/L2Mauto/blob/bot-logs/runs/20260918_234524_fail_periodic.log
2026-09-18 23:45:27,450 - DEBUG - [global] log_uploader: STEP 2 SKIP (no PNGs)
2026-09-18 23:45:27,744 - INFO - [global] Проверяю обновы...
2026-09-18 23:45:28,476 - DEBUG - [global] _api_put: GET runs/20260918_234524_fail_global.log -> 404
2026-09-18 23:45:28,732 - DEBUG - [global] needs_update: API GitHub → 5.11.18
2026-09-18 23:45:29,566 - DEBUG - [global] needs_update: raw → 5.11.18
2026-09-18 23:45:30,327 - DEBUG - [global] needs_update: jsdelivr → 5.10.2
2026-09-18 23:45:30,327 - DEBUG - [global] needs_update: лучший источник API → 5.11.18 (из 3)
2026-09-18 23:45:30,330 - INFO - [global] needs_update: local=(5, 9, 1) remote=(5, 11, 18) -> has_update=True
2026-09-18 23:45:30,330 - INFO - [global] Доступна обнова! Спавню кнопку
2026-09-18 23:45:30,338 - DEBUG - [global] _api_put: PUT runs/20260918_234524_fail_global.log -> 201 (19785 bytes)
2026-09-18 23:45:30,341 - DEBUG - [global] log_uploader: STEP 3 (global log) -> https://github.com/StarateJI/L2Mauto/blob/bot-logs/runs/20260918_234524_fail_global.log
2026-09-18 23:45:30,341 - DEBUG - [global] log_uploader: END window=periodic
2026-09-18 23:45:30,341 - INFO - [global] LogUploader: upload_run_logs завершён
2026-09-18 23:45:49,887 - INFO - [global] [-BaseProfile-] Остановил слушалку
2026-09-18 23:45:50,723 - INFO - [global] [-BaseProfile-] Остановил слушалку
2026-09-18 23:45:51,490 - INFO - [global] Пачка 2/10: завершена за 59с
2026-09-18 23:45:52,492 - INFO - [global] Пачка 3/10: старт (2 окон: ['Jingsha', 'Коммуняка'])
2026-09-18 23:45:52,492 - INFO - [global] Запуск через 3 сек. | ['Jingsha', 'Коммуняка']
2026-09-18 23:46:00,346 - INFO - [global] Проверяю обновы...
2026-09-18 23:46:01,500 - DEBUG - [global] needs_update: API GitHub → 5.11.18
2026-09-18 23:46:02,269 - DEBUG - [global] needs_update: raw → 5.11.18
2026-09-18 23:46:03,013 - DEBUG - [global] needs_update: jsdelivr → 5.10.2
2026-09-18 23:46:03,013 - DEBUG - [global] needs_update: лучший источник API → 5.11.18 (из 3)
2026-09-18 23:46:03,015 - INFO - [global] needs_update: local=(5, 9, 1) remote=(5, 11, 18) -> has_update=True
2026-09-18 23:46:03,015 - INFO - [global] Доступна обнова! Спавню кнопку
2026-09-18 23:46:30,378 - INFO - [global] LogUploader: запускаю upload_run_logs...
2026-09-18 23:46:30,382 - DEBUG - [global] log_uploader: START window=periodic made=-1 token=...Rjnfq
2026-09-18 23:46:31,493 - DEBUG - [global] _api_put: GET runs/20260918_234630_fail_periodic.log -> 404
2026-09-18 23:46:33,034 - INFO - [global] Проверяю обновы...
2026-09-18 23:46:33,569 - DEBUG - [global] _api_put: PUT runs/20260918_234630_fail_periodic.log -> 201 (8836 bytes)
2026-09-18 23:46:33,572 - DEBUG - [global] log_uploader: STEP 1 (window log) -> https://github.com/StarateJI/L2Mauto/blob/bot-logs/runs/20260918_234630_fail_periodic.log
2026-09-18 23:46:33,572 - DEBUG - [global] log_uploader: STEP 2 SKIP (no PNGs)
2026-09-18 23:46:34,072 - DEBUG - [global] needs_update: API GitHub → 5.11.18
2026-09-18 23:46:34,642 - DEBUG - [global] _api_put: GET runs/20260918_234630_fail_global.log -> 404
2026-09-18 23:46:34,930 - DEBUG - [global] needs_update: raw → 5.11.18
2026-09-18 23:46:36,063 - DEBUG - [global] needs_update: jsdelivr → 5.10.2
2026-09-18 23:46:36,064 - DEBUG - [global] needs_update: лучший источник API → 5.11.18 (из 3)
2026-09-18 23:46:36,067 - INFO - [global] needs_update: local=(5, 9, 1) remote=(5, 11, 18) -> has_update=True
2026-09-18 23:46:36,068 - INFO - [global] Доступна обнова! Спавню кнопку
2026-09-18 23:46:36,915 - DEBUG - [global] _api_put: PUT runs/20260918_234630_fail_global.log -> 201 (19820 bytes)
2026-09-18 23:46:36,918 - DEBUG - [global] log_uploader: STEP 3 (global log) -> https://github.com/StarateJI/L2Mauto/blob/bot-logs/runs/20260918_234630_fail_global.log
2026-09-18 23:46:36,919 - DEBUG - [global] log_uploader: END window=periodic
2026-09-18 23:46:36,919 - INFO - [global] LogUploader: upload_run_logs завершён
2026-09-18 23:46:49,356 - INFO - [global] [-BaseProfile-] Остановил слушалку
2026-09-18 23:46:50,139 - INFO - [global] [-BaseProfile-] Остановил слушалку
2026-09-18 23:46:51,034 - INFO - [global] Пачка 3/10: завершена за 59с
2026-09-18 23:46:52,035 - INFO - [global] Пачка 4/10: старт (2 окон: ['АкцияКБ', 'СержантМаака'])
2026-09-18 23:46:52,035 - INFO - [global] Запуск через 3 сек. | ['АкцияКБ', 'СержантМаака']
2026-09-18 23:47:06,082 - INFO - [global] Проверяю обновы...
2026-09-18 23:47:07,032 - DEBUG - [global] needs_update: API GitHub → 5.11.18
2026-09-18 23:47:07,754 - DEBUG - [global] needs_update: raw → 5.11.18
2026-09-18 23:47:08,482 - DEBUG - [global] needs_update: jsdelivr → 5.10.2
2026-09-18 23:47:08,483 - DEBUG - [global] needs_update: лучший источник API → 5.11.18 (из 3)
2026-09-18 23:47:08,485 - INFO - [global] needs_update: local=(5, 9, 1) remote=(5, 11, 18) -> has_update=True
2026-09-18 23:47:08,485 - INFO - [global] Доступна обнова! Спавню кнопку
2026-09-18 23:47:36,962 - INFO - [global] LogUploader: запускаю upload_run_logs...
2026-09-18 23:47:36,964 - DEBUG - [global] log_uploader: START window=periodic made=-1 token=...Rjnfq
2026-09-18 23:47:37,981 - DEBUG - [global] _api_put: GET runs/20260918_234736_fail_periodic.log -> 404
2026-09-18 23:47:38,507 - INFO - [global] Проверяю обновы...
2026-09-18 23:47:39,428 - DEBUG - [global] needs_update: API GitHub → 5.11.18
2026-09-18 23:47:39,522 - DEBUG - [global] _api_put: PUT runs/20260918_234736_fail_periodic.log -> 201 (8836 bytes)
2026-09-18 23:47:39,524 - DEBUG - [global] log_uploader: STEP 1 (window log) -> https://github.com/StarateJI/L2Mauto/blob/bot-logs/runs/20260918_234736_fail_periodic.log
2026-09-18 23:47:39,525 - DEBUG - [global] log_uploader: STEP 2 SKIP (no PNGs)
