=== Log tail 2026-09-19T08:58:37.741725 | last 200 lines ===
2026-09-19 08:50:00,297 - DEBUG - [global] log_uploader: END window=periodic
2026-09-19 08:50:00,297 - INFO - [global] LogUploader: upload_run_logs завершён
2026-09-19 08:50:02,689 - INFO - [global] Проверяю обновы...
2026-09-19 08:50:03,308 - DEBUG - [global] needs_update: raw → 5.11.19
2026-09-19 08:50:04,160 - DEBUG - [global] needs_update: API GitHub → 5.11.19
2026-09-19 08:50:04,694 - DEBUG - [global] needs_update: jsdelivr → 5.11.18
2026-09-19 08:50:04,694 - DEBUG - [global] needs_update: лучший источник raw → 5.11.19 (из 3)
2026-09-19 08:50:04,697 - INFO - [global] needs_update: local=(5, 11, 19) remote=(5, 11, 19) -> has_update=False
2026-09-19 08:50:04,697 - INFO - [global] Установлена последняя версия бота | 5.11.19
2026-09-19 08:50:34,717 - INFO - [global] Проверяю обновы...
2026-09-19 08:50:35,330 - DEBUG - [global] needs_update: raw → 5.11.19
2026-09-19 08:50:36,181 - DEBUG - [global] needs_update: API GitHub → 5.11.19
2026-09-19 08:50:36,755 - DEBUG - [global] needs_update: jsdelivr → 5.11.18
2026-09-19 08:50:36,755 - DEBUG - [global] needs_update: лучший источник raw → 5.11.19 (из 3)
2026-09-19 08:50:36,758 - INFO - [global] needs_update: local=(5, 11, 19) remote=(5, 11, 19) -> has_update=False
2026-09-19 08:50:36,758 - INFO - [global] Установлена последняя версия бота | 5.11.19
2026-09-19 08:51:00,330 - INFO - [global] LogUploader: запускаю upload_run_logs...
2026-09-19 08:51:00,330 - DEBUG - [global] log_uploader: START window=periodic made=-1 token=...Rjnfq
2026-09-19 08:51:01,160 - DEBUG - [global] _api_put: GET runs/20260919_085100_fail_periodic.log -> 404
2026-09-19 08:51:02,765 - DEBUG - [global] _api_put: PUT runs/20260919_085100_fail_periodic.log -> 201 (10405 bytes)
2026-09-19 08:51:02,766 - DEBUG - [global] log_uploader: STEP 1 (window log) -> https://github.com/StarateJI/L2Mauto/blob/bot-logs/runs/20260919_085100_fail_periodic.log
2026-09-19 08:51:02,768 - DEBUG - [global] log_uploader: STEP 2 SKIP (no PNGs)
2026-09-19 08:51:03,675 - DEBUG - [global] _api_put: GET runs/20260919_085100_fail_global.log -> 404
2026-09-19 08:51:05,270 - DEBUG - [global] _api_put: PUT runs/20260919_085100_fail_global.log -> 201 (20190 bytes)
2026-09-19 08:51:05,272 - DEBUG - [global] log_uploader: STEP 3 (global log) -> https://github.com/StarateJI/L2Mauto/blob/bot-logs/runs/20260919_085100_fail_global.log
2026-09-19 08:51:05,272 - DEBUG - [global] log_uploader: END window=periodic
2026-09-19 08:51:05,272 - INFO - [global] LogUploader: upload_run_logs завершён
2026-09-19 08:51:06,775 - INFO - [global] Проверяю обновы...
2026-09-19 08:51:07,396 - DEBUG - [global] needs_update: raw → 5.11.19
2026-09-19 08:51:08,338 - DEBUG - [global] needs_update: API GitHub → 5.11.19
2026-09-19 08:51:08,914 - DEBUG - [global] needs_update: jsdelivr → 5.11.18
2026-09-19 08:51:08,915 - DEBUG - [global] needs_update: лучший источник raw → 5.11.19 (из 3)
2026-09-19 08:51:08,916 - INFO - [global] needs_update: local=(5, 11, 19) remote=(5, 11, 19) -> has_update=False
2026-09-19 08:51:08,917 - INFO - [global] Установлена последняя версия бота | 5.11.19
2026-09-19 08:51:38,935 - INFO - [global] Проверяю обновы...
2026-09-19 08:51:39,552 - DEBUG - [global] needs_update: raw → 5.11.19
2026-09-19 08:51:40,376 - DEBUG - [global] needs_update: API GitHub → 5.11.19
2026-09-19 08:51:40,906 - DEBUG - [global] needs_update: jsdelivr → 5.11.18
2026-09-19 08:51:40,906 - DEBUG - [global] needs_update: лучший источник raw → 5.11.19 (из 3)
2026-09-19 08:51:40,908 - INFO - [global] needs_update: local=(5, 11, 19) remote=(5, 11, 19) -> has_update=False
2026-09-19 08:51:40,908 - INFO - [global] Установлена последняя версия бота | 5.11.19
2026-09-19 08:52:05,309 - INFO - [global] LogUploader: запускаю upload_run_logs...
2026-09-19 08:52:05,310 - DEBUG - [global] log_uploader: START window=periodic made=-1 token=...Rjnfq
2026-09-19 08:52:06,121 - DEBUG - [global] _api_put: GET runs/20260919_085205_fail_periodic.log -> 404
2026-09-19 08:52:07,773 - DEBUG - [global] _api_put: PUT runs/20260919_085205_fail_periodic.log -> 201 (10405 bytes)
2026-09-19 08:52:07,775 - DEBUG - [global] log_uploader: STEP 1 (window log) -> https://github.com/StarateJI/L2Mauto/blob/bot-logs/runs/20260919_085205_fail_periodic.log
2026-09-19 08:52:07,775 - DEBUG - [global] log_uploader: STEP 2 SKIP (no PNGs)
2026-09-19 08:52:08,659 - DEBUG - [global] _api_put: GET runs/20260919_085205_fail_global.log -> 404
2026-09-19 08:52:10,313 - DEBUG - [global] _api_put: PUT runs/20260919_085205_fail_global.log -> 201 (20190 bytes)
2026-09-19 08:52:10,314 - DEBUG - [global] log_uploader: STEP 3 (global log) -> https://github.com/StarateJI/L2Mauto/blob/bot-logs/runs/20260919_085205_fail_global.log
2026-09-19 08:52:10,314 - DEBUG - [global] log_uploader: END window=periodic
2026-09-19 08:52:10,314 - INFO - [global] LogUploader: upload_run_logs завершён
2026-09-19 08:52:10,924 - INFO - [global] Проверяю обновы...
2026-09-19 08:52:11,538 - DEBUG - [global] needs_update: raw → 5.11.19
2026-09-19 08:52:12,377 - DEBUG - [global] needs_update: API GitHub → 5.11.19
2026-09-19 08:52:12,932 - DEBUG - [global] needs_update: jsdelivr → 5.11.18
2026-09-19 08:52:12,932 - DEBUG - [global] needs_update: лучший источник raw → 5.11.19 (из 3)
2026-09-19 08:52:12,934 - INFO - [global] needs_update: local=(5, 11, 19) remote=(5, 11, 19) -> has_update=False
2026-09-19 08:52:12,934 - INFO - [global] Установлена последняя версия бота | 5.11.19
2026-09-19 08:52:42,953 - INFO - [global] Проверяю обновы...
2026-09-19 08:52:43,574 - DEBUG - [global] needs_update: raw → 5.11.19
2026-09-19 08:52:44,383 - DEBUG - [global] needs_update: API GitHub → 5.11.19
2026-09-19 08:52:44,877 - DEBUG - [global] needs_update: jsdelivr → 5.11.18
2026-09-19 08:52:44,877 - DEBUG - [global] needs_update: лучший источник raw → 5.11.19 (из 3)
2026-09-19 08:52:44,879 - INFO - [global] needs_update: local=(5, 11, 19) remote=(5, 11, 19) -> has_update=False
2026-09-19 08:52:44,879 - INFO - [global] Установлена последняя версия бота | 5.11.19
2026-09-19 08:53:10,352 - INFO - [global] LogUploader: запускаю upload_run_logs...
2026-09-19 08:53:10,352 - DEBUG - [global] log_uploader: START window=periodic made=-1 token=...Rjnfq
2026-09-19 08:53:11,161 - DEBUG - [global] _api_put: GET runs/20260919_085310_fail_periodic.log -> 404
2026-09-19 08:53:12,630 - DEBUG - [global] _api_put: PUT runs/20260919_085310_fail_periodic.log -> 201 (10405 bytes)
2026-09-19 08:53:12,632 - DEBUG - [global] log_uploader: STEP 1 (window log) -> https://github.com/StarateJI/L2Mauto/blob/bot-logs/runs/20260919_085310_fail_periodic.log
2026-09-19 08:53:12,633 - DEBUG - [global] log_uploader: STEP 2 SKIP (no PNGs)
2026-09-19 08:53:13,481 - DEBUG - [global] _api_put: GET runs/20260919_085310_fail_global.log -> 404
2026-09-19 08:53:14,895 - INFO - [global] Проверяю обновы...
2026-09-19 08:53:15,140 - DEBUG - [global] _api_put: PUT runs/20260919_085310_fail_global.log -> 201 (20190 bytes)
2026-09-19 08:53:15,141 - DEBUG - [global] log_uploader: STEP 3 (global log) -> https://github.com/StarateJI/L2Mauto/blob/bot-logs/runs/20260919_085310_fail_global.log
2026-09-19 08:53:15,141 - DEBUG - [global] log_uploader: END window=periodic
2026-09-19 08:53:15,141 - INFO - [global] LogUploader: upload_run_logs завершён
2026-09-19 08:53:15,686 - DEBUG - [global] needs_update: raw → 5.11.19
2026-09-19 08:53:16,526 - DEBUG - [global] needs_update: API GitHub → 5.11.19
2026-09-19 08:53:17,050 - DEBUG - [global] needs_update: jsdelivr → 5.11.18
2026-09-19 08:53:17,050 - DEBUG - [global] needs_update: лучший источник raw → 5.11.19 (из 3)
2026-09-19 08:53:17,052 - INFO - [global] needs_update: local=(5, 11, 19) remote=(5, 11, 19) -> has_update=False
2026-09-19 08:53:17,053 - INFO - [global] Установлена последняя версия бота | 5.11.19
2026-09-19 08:53:47,067 - INFO - [global] Проверяю обновы...
2026-09-19 08:53:47,640 - DEBUG - [global] needs_update: raw → 5.11.19
2026-09-19 08:53:48,468 - DEBUG - [global] needs_update: API GitHub → 5.11.19
2026-09-19 08:53:48,981 - DEBUG - [global] needs_update: jsdelivr → 5.11.18
2026-09-19 08:53:48,981 - DEBUG - [global] needs_update: лучший источник raw → 5.11.19 (из 3)
2026-09-19 08:53:48,982 - INFO - [global] needs_update: local=(5, 11, 19) remote=(5, 11, 19) -> has_update=False
2026-09-19 08:53:48,982 - INFO - [global] Установлена последняя версия бота | 5.11.19
2026-09-19 08:54:15,175 - INFO - [global] LogUploader: запускаю upload_run_logs...
2026-09-19 08:54:15,175 - DEBUG - [global] log_uploader: START window=periodic made=-1 token=...Rjnfq
2026-09-19 08:54:16,025 - DEBUG - [global] _api_put: GET runs/20260919_085415_fail_periodic.log -> 404
2026-09-19 08:54:17,476 - DEBUG - [global] _api_put: PUT runs/20260919_085415_fail_periodic.log -> 201 (10405 bytes)
2026-09-19 08:54:17,478 - DEBUG - [global] log_uploader: STEP 1 (window log) -> https://github.com/StarateJI/L2Mauto/blob/bot-logs/runs/20260919_085415_fail_periodic.log
2026-09-19 08:54:17,478 - DEBUG - [global] log_uploader: STEP 2 SKIP (no PNGs)
2026-09-19 08:54:18,579 - DEBUG - [global] _api_put: GET runs/20260919_085415_fail_global.log -> 404
2026-09-19 08:54:18,999 - INFO - [global] Проверяю обновы...
2026-09-19 08:54:19,601 - DEBUG - [global] needs_update: raw → 5.11.19
2026-09-19 08:54:20,157 - DEBUG - [global] _api_put: PUT runs/20260919_085415_fail_global.log -> 201 (20190 bytes)
2026-09-19 08:54:20,160 - DEBUG - [global] log_uploader: STEP 3 (global log) -> https://github.com/StarateJI/L2Mauto/blob/bot-logs/runs/20260919_085415_fail_global.log
2026-09-19 08:54:20,160 - DEBUG - [global] log_uploader: END window=periodic
2026-09-19 08:54:20,160 - INFO - [global] LogUploader: upload_run_logs завершён
2026-09-19 08:54:20,398 - DEBUG - [global] needs_update: API GitHub → 5.11.19
2026-09-19 08:54:20,937 - DEBUG - [global] needs_update: jsdelivr → 5.11.18
2026-09-19 08:54:20,937 - DEBUG - [global] needs_update: лучший источник raw → 5.11.19 (из 3)
2026-09-19 08:54:20,939 - INFO - [global] needs_update: local=(5, 11, 19) remote=(5, 11, 19) -> has_update=False
2026-09-19 08:54:20,940 - INFO - [global] Установлена последняя версия бота | 5.11.19
2026-09-19 08:54:50,958 - INFO - [global] Проверяю обновы...
2026-09-19 08:54:51,579 - DEBUG - [global] needs_update: raw → 5.11.19
2026-09-19 08:54:52,391 - DEBUG - [global] needs_update: API GitHub → 5.11.19
2026-09-19 08:54:52,923 - DEBUG - [global] needs_update: jsdelivr → 5.11.18
2026-09-19 08:54:52,924 - DEBUG - [global] needs_update: лучший источник raw → 5.11.19 (из 3)
2026-09-19 08:54:52,926 - INFO - [global] needs_update: local=(5, 11, 19) remote=(5, 11, 19) -> has_update=False
2026-09-19 08:54:52,926 - INFO - [global] Установлена последняя версия бота | 5.11.19
2026-09-19 08:55:20,196 - INFO - [global] LogUploader: запускаю upload_run_logs...
2026-09-19 08:55:20,197 - DEBUG - [global] log_uploader: START window=periodic made=-1 token=...Rjnfq
2026-09-19 08:55:21,025 - DEBUG - [global] _api_put: GET runs/20260919_085520_fail_periodic.log -> 404
2026-09-19 08:55:22,471 - DEBUG - [global] _api_put: PUT runs/20260919_085520_fail_periodic.log -> 201 (10405 bytes)
2026-09-19 08:55:22,474 - DEBUG - [global] log_uploader: STEP 1 (window log) -> https://github.com/StarateJI/L2Mauto/blob/bot-logs/runs/20260919_085520_fail_periodic.log
2026-09-19 08:55:22,474 - DEBUG - [global] log_uploader: STEP 2 SKIP (no PNGs)
2026-09-19 08:55:22,949 - INFO - [global] Проверяю обновы...
2026-09-19 08:55:23,358 - DEBUG - [global] _api_put: GET runs/20260919_085520_fail_global.log -> 404
2026-09-19 08:55:23,587 - DEBUG - [global] needs_update: raw → 5.11.19
2026-09-19 08:55:24,529 - DEBUG - [global] needs_update: API GitHub → 5.11.19
2026-09-19 08:55:25,084 - DEBUG - [global] needs_update: jsdelivr → 5.11.18
2026-09-19 08:55:25,084 - DEBUG - [global] needs_update: лучший источник raw → 5.11.19 (из 3)
2026-09-19 08:55:25,087 - INFO - [global] needs_update: local=(5, 11, 19) remote=(5, 11, 19) -> has_update=False
2026-09-19 08:55:25,087 - INFO - [global] Установлена последняя версия бота | 5.11.19
2026-09-19 08:55:25,111 - DEBUG - [global] _api_put: PUT runs/20260919_085520_fail_global.log -> 201 (20190 bytes)
2026-09-19 08:55:25,113 - DEBUG - [global] log_uploader: STEP 3 (global log) -> https://github.com/StarateJI/L2Mauto/blob/bot-logs/runs/20260919_085520_fail_global.log
2026-09-19 08:55:25,113 - DEBUG - [global] log_uploader: END window=periodic
2026-09-19 08:55:25,113 - INFO - [global] LogUploader: upload_run_logs завершён
2026-09-19 08:55:55,105 - INFO - [global] Проверяю обновы...
2026-09-19 08:55:55,725 - DEBUG - [global] needs_update: raw → 5.11.19
2026-09-19 08:55:56,683 - DEBUG - [global] needs_update: API GitHub → 5.11.19
2026-09-19 08:55:57,227 - DEBUG - [global] needs_update: jsdelivr → 5.11.18
2026-09-19 08:55:57,227 - DEBUG - [global] needs_update: лучший источник raw → 5.11.19 (из 3)
2026-09-19 08:55:57,228 - INFO - [global] needs_update: local=(5, 11, 19) remote=(5, 11, 19) -> has_update=False
2026-09-19 08:55:57,229 - INFO - [global] Установлена последняя версия бота | 5.11.19
2026-09-19 08:56:25,149 - INFO - [global] LogUploader: запускаю upload_run_logs...
2026-09-19 08:56:25,150 - DEBUG - [global] log_uploader: START window=periodic made=-1 token=...Rjnfq
2026-09-19 08:56:25,986 - DEBUG - [global] _api_put: GET runs/20260919_085625_fail_periodic.log -> 404
2026-09-19 08:56:27,249 - INFO - [global] Проверяю обновы...
2026-09-19 08:56:27,498 - DEBUG - [global] _api_put: PUT runs/20260919_085625_fail_periodic.log -> 201 (10405 bytes)
2026-09-19 08:56:27,499 - DEBUG - [global] log_uploader: STEP 1 (window log) -> https://github.com/StarateJI/L2Mauto/blob/bot-logs/runs/20260919_085625_fail_periodic.log
2026-09-19 08:56:27,500 - DEBUG - [global] log_uploader: STEP 2 SKIP (no PNGs)
2026-09-19 08:56:27,949 - DEBUG - [global] needs_update: raw → 5.11.19
2026-09-19 08:56:28,437 - DEBUG - [global] _api_put: GET runs/20260919_085625_fail_global.log -> 404
2026-09-19 08:56:28,832 - DEBUG - [global] needs_update: API GitHub → 5.11.19
2026-09-19 08:56:29,391 - DEBUG - [global] needs_update: jsdelivr → 5.11.18
2026-09-19 08:56:29,391 - DEBUG - [global] needs_update: лучший источник raw → 5.11.19 (из 3)
2026-09-19 08:56:29,394 - INFO - [global] needs_update: local=(5, 11, 19) remote=(5, 11, 19) -> has_update=False
2026-09-19 08:56:29,394 - INFO - [global] Установлена последняя версия бота | 5.11.19
2026-09-19 08:56:30,081 - DEBUG - [global] _api_put: PUT runs/20260919_085625_fail_global.log -> 201 (20075 bytes)
2026-09-19 08:56:30,082 - DEBUG - [global] log_uploader: STEP 3 (global log) -> https://github.com/StarateJI/L2Mauto/blob/bot-logs/runs/20260919_085625_fail_global.log
2026-09-19 08:56:30,082 - DEBUG - [global] log_uploader: END window=periodic
2026-09-19 08:56:30,082 - INFO - [global] LogUploader: upload_run_logs завершён
2026-09-19 08:56:59,410 - INFO - [global] Проверяю обновы...
2026-09-19 08:57:00,028 - DEBUG - [global] needs_update: raw → 5.11.19
2026-09-19 08:57:00,917 - DEBUG - [global] needs_update: API GitHub → 5.11.19
2026-09-19 08:57:01,468 - DEBUG - [global] needs_update: jsdelivr → 5.11.18
2026-09-19 08:57:01,468 - DEBUG - [global] needs_update: лучший источник raw → 5.11.19 (из 3)
2026-09-19 08:57:01,470 - INFO - [global] needs_update: local=(5, 11, 19) remote=(5, 11, 19) -> has_update=False
2026-09-19 08:57:01,470 - INFO - [global] Установлена последняя версия бота | 5.11.19
2026-09-19 08:57:30,129 - INFO - [global] LogUploader: запускаю upload_run_logs...
2026-09-19 08:57:30,129 - DEBUG - [global] log_uploader: START window=periodic made=-1 token=...Rjnfq
2026-09-19 08:57:30,986 - DEBUG - [global] _api_put: GET runs/20260919_085730_fail_periodic.log -> 404
2026-09-19 08:57:31,485 - INFO - [global] Проверяю обновы...
2026-09-19 08:57:32,112 - DEBUG - [global] needs_update: raw → 5.11.19
2026-09-19 08:57:32,492 - DEBUG - [global] _api_put: PUT runs/20260919_085730_fail_periodic.log -> 201 (10405 bytes)
2026-09-19 08:57:32,495 - DEBUG - [global] log_uploader: STEP 1 (window log) -> https://github.com/StarateJI/L2Mauto/blob/bot-logs/runs/20260919_085730_fail_periodic.log
2026-09-19 08:57:32,496 - DEBUG - [global] log_uploader: STEP 2 SKIP (no PNGs)
2026-09-19 08:57:32,961 - DEBUG - [global] needs_update: API GitHub → 5.11.19
2026-09-19 08:57:33,409 - DEBUG - [global] _api_put: GET runs/20260919_085730_fail_global.log -> 404
2026-09-19 08:57:33,538 - DEBUG - [global] needs_update: jsdelivr → 5.11.18
2026-09-19 08:57:33,538 - DEBUG - [global] needs_update: лучший источник raw → 5.11.19 (из 3)
2026-09-19 08:57:33,541 - INFO - [global] needs_update: local=(5, 11, 19) remote=(5, 11, 19) -> has_update=False
2026-09-19 08:57:33,542 - INFO - [global] Установлена последняя версия бота | 5.11.19
2026-09-19 08:57:35,031 - DEBUG - [global] _api_put: PUT runs/20260919_085730_fail_global.log -> 201 (20033 bytes)
2026-09-19 08:57:35,033 - DEBUG - [global] log_uploader: STEP 3 (global log) -> https://github.com/StarateJI/L2Mauto/blob/bot-logs/runs/20260919_085730_fail_global.log
2026-09-19 08:57:35,033 - DEBUG - [global] log_uploader: END window=periodic
2026-09-19 08:57:35,033 - INFO - [global] LogUploader: upload_run_logs завершён
2026-09-19 08:58:03,559 - INFO - [global] Проверяю обновы...
2026-09-19 08:58:04,199 - DEBUG - [global] needs_update: raw → 5.11.19
2026-09-19 08:58:05,051 - DEBUG - [global] needs_update: API GitHub → 5.11.19
2026-09-19 08:58:05,662 - DEBUG - [global] needs_update: jsdelivr → 5.11.18
2026-09-19 08:58:05,662 - DEBUG - [global] needs_update: лучший источник raw → 5.11.19 (из 3)
2026-09-19 08:58:05,664 - INFO - [global] needs_update: local=(5, 11, 19) remote=(5, 11, 19) -> has_update=False
2026-09-19 08:58:05,664 - INFO - [global] Установлена последняя версия бота | 5.11.19
2026-09-19 08:58:35,071 - INFO - [global] LogUploader: запускаю upload_run_logs...
2026-09-19 08:58:35,072 - DEBUG - [global] log_uploader: START window=periodic made=-1 token=...Rjnfq
2026-09-19 08:58:35,681 - INFO - [global] Проверяю обновы...
2026-09-19 08:58:35,892 - DEBUG - [global] _api_put: GET runs/20260919_085835_fail_periodic.log -> 404
2026-09-19 08:58:36,553 - DEBUG - [global] needs_update: raw → 5.11.19
2026-09-19 08:58:37,416 - DEBUG - [global] needs_update: API GitHub → 5.11.19
2026-09-19 08:58:37,682 - DEBUG - [global] _api_put: PUT runs/20260919_085835_fail_periodic.log -> 201 (10405 bytes)
2026-09-19 08:58:37,684 - DEBUG - [global] log_uploader: STEP 1 (window log) -> https://github.com/StarateJI/L2Mauto/blob/bot-logs/runs/20260919_085835_fail_periodic.log
2026-09-19 08:58:37,685 - DEBUG - [global] log_uploader: STEP 2 SKIP (no PNGs)
