=== Log tail 2026-09-15T15:01:01.388378 | last 200 lines ===
2026-09-15 14:54:28,359 - INFO - [global] needs_update: local=(5, 6, 5) remote=(5, 6, 5) -> has_update=False
2026-09-15 14:54:28,417 - INFO - [global] Установлена последняя версия бота | 5.6.5
2026-09-15 14:54:28,545 - DEBUG - [global] needs_update: jsdelivr → 5.4.1
2026-09-15 14:54:28,545 - DEBUG - [global] needs_update: лучший источник API → 5.6.5 (из 3)
2026-09-15 14:54:28,561 - INFO - [global] needs_update: local=(5, 6, 5) remote=(5, 6, 5) -> has_update=False
2026-09-15 14:54:44,629 - INFO - [global] Запуск через 3 сек. | ['Tundra']
2026-09-15 14:54:47,721 - INFO - [global] Создал мышь
2026-09-15 14:54:47,722 - INFO - [global] Инициализировал созданную мышь!
2026-09-15 14:54:55,384 - INFO - [global] LogUploader: запускаю upload_run_logs...
2026-09-15 14:54:55,387 - DEBUG - [global] log_uploader: START window=periodic made=-1 token=...Rjnfq
2026-09-15 14:54:56,308 - DEBUG - [global] _api_put: GET runs/20260915_145455_fail_periodic.log -> 404
2026-09-15 14:54:57,768 - DEBUG - [global] _api_put: PUT runs/20260915_145455_fail_periodic.log -> 201 (6618 bytes)
2026-09-15 14:54:57,771 - DEBUG - [global] log_uploader: STEP 1 (window log) -> https://github.com/StarateJI/L2Mauto/blob/bot-logs/runs/20260915_145455_fail_periodic.log
2026-09-15 14:54:57,772 - DEBUG - [global] log_uploader: STEP 2 SKIP (no PNGs)
2026-09-15 14:54:58,498 - INFO - [global] Проверяю обновы...
2026-09-15 14:54:59,009 - DEBUG - [global] _api_put: GET runs/20260915_145455_fail_global.log -> 404
2026-09-15 14:54:59,252 - DEBUG - [global] needs_update: raw → 5.6.4
2026-09-15 14:55:00,230 - DEBUG - [global] needs_update: API GitHub → 5.6.5
2026-09-15 14:55:00,940 - DEBUG - [global] _api_put: PUT runs/20260915_145455_fail_global.log -> 201 (20118 bytes)
2026-09-15 14:55:00,943 - DEBUG - [global] log_uploader: STEP 3 (global log) -> https://github.com/StarateJI/L2Mauto/blob/bot-logs/runs/20260915_145455_fail_global.log
2026-09-15 14:55:00,943 - DEBUG - [global] log_uploader: END window=periodic
2026-09-15 14:55:00,943 - INFO - [global] LogUploader: upload_run_logs завершён
2026-09-15 14:55:00,986 - DEBUG - [global] needs_update: jsdelivr → 5.4.1
2026-09-15 14:55:00,986 - DEBUG - [global] needs_update: лучший источник API → 5.6.5 (из 3)
2026-09-15 14:55:00,988 - INFO - [global] needs_update: local=(5, 6, 5) remote=(5, 6, 5) -> has_update=False
2026-09-15 14:55:00,989 - INFO - [global] Установлена последняя версия бота | 5.6.5
2026-09-15 14:55:31,012 - INFO - [global] Проверяю обновы...
2026-09-15 14:55:31,744 - DEBUG - [global] needs_update: raw → 5.6.4
2026-09-15 14:55:32,723 - DEBUG - [global] needs_update: API GitHub → 5.6.5
2026-09-15 14:55:33,465 - DEBUG - [global] needs_update: jsdelivr → 5.4.1
2026-09-15 14:55:33,466 - DEBUG - [global] needs_update: лучший источник API → 5.6.5 (из 3)
2026-09-15 14:55:33,468 - INFO - [global] needs_update: local=(5, 6, 5) remote=(5, 6, 5) -> has_update=False
2026-09-15 14:55:33,469 - INFO - [global] Установлена последняя версия бота | 5.6.5
2026-09-15 14:56:00,999 - INFO - [global] LogUploader: запускаю upload_run_logs...
2026-09-15 14:56:01,000 - DEBUG - [global] log_uploader: START window=periodic made=-1 token=...Rjnfq
2026-09-15 14:56:01,902 - DEBUG - [global] _api_put: GET runs/20260915_145601_fail_periodic.log -> 404
2026-09-15 14:56:03,490 - INFO - [global] Проверяю обновы...
2026-09-15 14:56:03,600 - DEBUG - [global] _api_put: PUT runs/20260915_145601_fail_periodic.log -> 201 (6618 bytes)
2026-09-15 14:56:03,602 - DEBUG - [global] log_uploader: STEP 1 (window log) -> https://github.com/StarateJI/L2Mauto/blob/bot-logs/runs/20260915_145601_fail_periodic.log
2026-09-15 14:56:04,361 - DEBUG - [global] needs_update: raw → 5.6.4
2026-09-15 14:56:05,113 - DEBUG - [global] _api_put: GET debug/periodic/au_after_click.png -> 200
2026-09-15 14:56:05,320 - DEBUG - [global] needs_update: API GitHub → 5.6.5
2026-09-15 14:56:06,253 - DEBUG - [global] needs_update: jsdelivr → 5.4.1
2026-09-15 14:56:06,253 - DEBUG - [global] needs_update: лучший источник API → 5.6.5 (из 3)
2026-09-15 14:56:06,256 - INFO - [global] needs_update: local=(5, 6, 5) remote=(5, 6, 5) -> has_update=False
2026-09-15 14:56:06,257 - INFO - [global] Установлена последняя версия бота | 5.6.5
2026-09-15 14:56:07,032 - DEBUG - [global] _api_put: PUT debug/periodic/au_after_click.png -> 200 (103835 bytes)
2026-09-15 14:56:08,182 - DEBUG - [global] _api_put: GET debug/periodic/au_after_tab_sell.png -> 200
2026-09-15 14:56:12,483 - DEBUG - [global] _api_put: PUT debug/periodic/au_after_tab_sell.png -> 200 (2417529 bytes)
2026-09-15 14:56:13,610 - DEBUG - [global] _api_put: GET debug/periodic/au_lot_zone.png -> 200
2026-09-15 14:56:15,111 - DEBUG - [global] _api_put: PUT debug/periodic/au_lot_zone.png -> 200 (6400 bytes)
2026-09-15 14:56:16,445 - DEBUG - [global] _api_put: GET debug/periodic/au_page_1.png -> 200
2026-09-15 14:56:18,239 - DEBUG - [global] _api_put: PUT debug/periodic/au_page_1.png -> 200 (103835 bytes)
2026-09-15 14:56:18,807 - DEBUG - [global] log_uploader: START window=Tundra made=0 token=...Rjnfq
2026-09-15 14:56:19,553 - DEBUG - [global] _api_put: GET debug/periodic/au_page_2.png -> 200
2026-09-15 14:56:19,817 - DEBUG - [global] _api_put: GET runs/20260915_145618_fail_Tundra.log -> 404
2026-09-15 14:56:21,631 - DEBUG - [global] _api_put: PUT runs/20260915_145618_fail_Tundra.log -> 201 (51213 bytes)
2026-09-15 14:56:21,632 - DEBUG - [global] log_uploader: STEP 1 (window log) -> https://github.com/StarateJI/L2Mauto/blob/bot-logs/runs/20260915_145618_fail_Tundra.log
2026-09-15 14:56:21,687 - DEBUG - [global] _api_put: PUT debug/periodic/au_page_2.png -> 409 (100795 bytes)
2026-09-15 14:56:21,687 - WARNING - [global] _api_put: PUT failed body: {"message":"is at bd8e37f8d36e33a514a0fd456dfaf3063b4b8033 but expected d48c9d2c934101d4c7d6dc4f449e53032d331990","documentation_url":"https://docs.github.com/rest/repos/contents#create-or-update-file
2026-09-15 14:56:22,995 - DEBUG - [global] _api_put: GET debug/periodic/au_page_3.png -> 200
2026-09-15 14:56:23,059 - DEBUG - [global] _api_put: GET debug/Tundra/au_final_fullscreen.png -> 200
2026-09-15 14:56:24,958 - INFO - [global] [-BaseProfile-] Остановил слушалку
2026-09-15 14:56:25,074 - DEBUG - [global] _api_put: PUT debug/periodic/au_page_3.png -> 200 (100653 bytes)
2026-09-15 14:56:26,648 - DEBUG - [global] _api_put: GET debug/periodic/au_page_4.png -> 200
2026-09-15 14:56:27,280 - DEBUG - [global] _api_put: PUT debug/Tundra/au_final_fullscreen.png -> 200 (2311291 bytes)
2026-09-15 14:56:28,402 - INFO - [global] Ошибка отправки в тг | 380371690 | HTTP Client says - ClientConnectorError: Cannot connect to host api.telegram.org:443 ssl:default [Превышен таймаут семафора]
2026-09-15 14:56:28,575 - DEBUG - [global] _api_put: GET debug/Tundra/au_page_2.png -> 200
2026-09-15 14:56:28,626 - DEBUG - [global] _api_put: PUT debug/periodic/au_page_4.png -> 200 (92177 bytes)
2026-09-15 14:56:29,971 - DEBUG - [global] _api_put: GET debug/periodic/au_page_5.png -> 200
2026-09-15 14:56:30,478 - DEBUG - [global] _api_put: PUT debug/Tundra/au_page_2.png -> 200 (100795 bytes)
2026-09-15 14:56:31,441 - DEBUG - [global] _api_put: GET debug/Tundra/au_page_5.png -> 404
2026-09-15 14:56:32,299 - DEBUG - [global] _api_put: PUT debug/periodic/au_page_5.png -> 409 (99131 bytes)
2026-09-15 14:56:32,299 - WARNING - [global] _api_put: PUT failed body: {"message":"is at d5804d1225c073ab5764c2bbc6c083a0bbb91320 but expected 1570ac9e6df57091052bc0243bd1ccc52aeb7c26","documentation_url":"https://docs.github.com/rest/repos/contents#create-or-update-file
2026-09-15 14:56:33,250 - DEBUG - [global] _api_put: GET debug/periodic/au_sample.png -> 200
2026-09-15 14:56:33,523 - DEBUG - [global] _api_put: PUT debug/Tundra/au_page_5.png -> 201 (99131 bytes)
2026-09-15 14:56:34,498 - DEBUG - [global] _api_put: GET debug/Tundra/au_sample.png -> 200
2026-09-15 14:56:35,544 - DEBUG - [global] _api_put: PUT debug/periodic/au_sample.png -> 200 (6400 bytes)
2026-09-15 14:56:35,547 - DEBUG - [global] log_uploader: STEP 2 (PNGs) -> 7/9 (удалено с диска: 7)
2026-09-15 14:56:36,233 - DEBUG - [global] _api_put: PUT debug/Tundra/au_sample.png -> 200 (6400 bytes)
2026-09-15 14:56:36,236 - DEBUG - [global] log_uploader: STEP 2 (PNGs) -> 4/6 (удалено с диска: 4)
2026-09-15 14:56:36,509 - DEBUG - [global] _api_put: GET runs/20260915_145601_fail_global.log -> 404
2026-09-15 14:56:36,510 - INFO - [global] Проверяю обновы...
2026-09-15 14:56:37,294 - DEBUG - [global] _api_put: GET runs/20260915_145618_fail_global.log -> 404
2026-09-15 14:56:37,430 - DEBUG - [global] needs_update: raw → 5.6.4
2026-09-15 14:56:38,457 - DEBUG - [global] needs_update: API GitHub → 5.6.5
2026-09-15 14:56:38,474 - DEBUG - [global] _api_put: PUT runs/20260915_145601_fail_global.log -> 201 (20613 bytes)
2026-09-15 14:56:38,478 - DEBUG - [global] log_uploader: STEP 3 (global log) -> https://github.com/StarateJI/L2Mauto/blob/bot-logs/runs/20260915_145601_fail_global.log
2026-09-15 14:56:38,478 - DEBUG - [global] log_uploader: END window=periodic
2026-09-15 14:56:38,478 - INFO - [global] LogUploader: upload_run_logs завершён
2026-09-15 14:56:39,224 - DEBUG - [global] needs_update: jsdelivr → 5.4.1
2026-09-15 14:56:39,224 - DEBUG - [global] needs_update: лучший источник API → 5.6.5 (из 3)
2026-09-15 14:56:39,226 - INFO - [global] needs_update: local=(5, 6, 5) remote=(5, 6, 5) -> has_update=False
2026-09-15 14:56:39,226 - INFO - [global] Установлена последняя версия бота | 5.6.5
2026-09-15 14:56:39,232 - DEBUG - [global] _api_put: PUT runs/20260915_145618_fail_global.log -> 201 (20675 bytes)
2026-09-15 14:56:39,235 - DEBUG - [global] log_uploader: STEP 3 (global log) -> https://github.com/StarateJI/L2Mauto/blob/bot-logs/runs/20260915_145618_fail_global.log
2026-09-15 14:56:39,235 - DEBUG - [global] log_uploader: END window=Tundra
2026-09-15 14:56:40,775 - INFO - [global] Ошибка отправки в тг | 380371690 | HTTP Client says - ClientConnectorError: Cannot connect to host api.telegram.org:443 ssl:default [Превышен таймаут семафора]
2026-09-15 14:57:09,248 - INFO - [global] Проверяю обновы...
2026-09-15 14:57:09,980 - DEBUG - [global] needs_update: raw → 5.6.4
2026-09-15 14:57:10,934 - DEBUG - [global] needs_update: API GitHub → 5.6.5
2026-09-15 14:57:11,757 - DEBUG - [global] needs_update: jsdelivr → 5.4.1
2026-09-15 14:57:11,757 - DEBUG - [global] needs_update: лучший источник API → 5.6.5 (из 3)
2026-09-15 14:57:11,759 - INFO - [global] needs_update: local=(5, 6, 5) remote=(5, 6, 5) -> has_update=False
2026-09-15 14:57:11,760 - INFO - [global] Установлена последняя версия бота | 5.6.5
2026-09-15 14:57:38,520 - INFO - [global] LogUploader: запускаю upload_run_logs...
2026-09-15 14:57:38,521 - DEBUG - [global] log_uploader: START window=periodic made=-1 token=...Rjnfq
2026-09-15 14:57:39,461 - DEBUG - [global] _api_put: GET runs/20260915_145738_fail_periodic.log -> 404
2026-09-15 14:57:40,974 - DEBUG - [global] _api_put: PUT runs/20260915_145738_fail_periodic.log -> 201 (6618 bytes)
2026-09-15 14:57:40,976 - DEBUG - [global] log_uploader: STEP 1 (window log) -> https://github.com/StarateJI/L2Mauto/blob/bot-logs/runs/20260915_145738_fail_periodic.log
2026-09-15 14:57:40,977 - DEBUG - [global] log_uploader: STEP 2 SKIP (no PNGs)
2026-09-15 14:57:41,787 - INFO - [global] Проверяю обновы...
2026-09-15 14:57:41,980 - DEBUG - [global] _api_put: GET runs/20260915_145738_fail_global.log -> 404
2026-09-15 14:57:42,879 - DEBUG - [global] needs_update: raw → 5.6.5
2026-09-15 14:57:43,821 - DEBUG - [global] _api_put: PUT runs/20260915_145738_fail_global.log -> 201 (20826 bytes)
2026-09-15 14:57:43,824 - DEBUG - [global] log_uploader: STEP 3 (global log) -> https://github.com/StarateJI/L2Mauto/blob/bot-logs/runs/20260915_145738_fail_global.log
2026-09-15 14:57:43,825 - DEBUG - [global] log_uploader: END window=periodic
2026-09-15 14:57:43,825 - INFO - [global] LogUploader: upload_run_logs завершён
2026-09-15 14:57:43,832 - DEBUG - [global] needs_update: API GitHub → 5.6.5
2026-09-15 14:57:44,599 - DEBUG - [global] needs_update: jsdelivr → 5.4.1
2026-09-15 14:57:44,599 - DEBUG - [global] needs_update: лучший источник raw → 5.6.5 (из 3)
2026-09-15 14:57:44,602 - INFO - [global] needs_update: local=(5, 6, 5) remote=(5, 6, 5) -> has_update=False
2026-09-15 14:57:44,602 - INFO - [global] Установлена последняя версия бота | 5.6.5
2026-09-15 14:58:14,622 - INFO - [global] Проверяю обновы...
2026-09-15 14:58:15,417 - DEBUG - [global] needs_update: raw → 5.6.5
2026-09-15 14:58:16,350 - DEBUG - [global] needs_update: API GitHub → 5.6.5
2026-09-15 14:58:17,119 - DEBUG - [global] needs_update: jsdelivr → 5.4.1
2026-09-15 14:58:17,120 - DEBUG - [global] needs_update: лучший источник raw → 5.6.5 (из 3)
2026-09-15 14:58:17,122 - INFO - [global] needs_update: local=(5, 6, 5) remote=(5, 6, 5) -> has_update=False
2026-09-15 14:58:17,123 - INFO - [global] Установлена последняя версия бота | 5.6.5
2026-09-15 14:58:43,865 - INFO - [global] LogUploader: запускаю upload_run_logs...
2026-09-15 14:58:43,867 - DEBUG - [global] log_uploader: START window=periodic made=-1 token=...Rjnfq
2026-09-15 14:58:44,789 - DEBUG - [global] _api_put: GET runs/20260915_145843_fail_periodic.log -> 404
2026-09-15 14:58:46,255 - DEBUG - [global] _api_put: PUT runs/20260915_145843_fail_periodic.log -> 201 (6618 bytes)
2026-09-15 14:58:46,257 - DEBUG - [global] log_uploader: STEP 1 (window log) -> https://github.com/StarateJI/L2Mauto/blob/bot-logs/runs/20260915_145843_fail_periodic.log
2026-09-15 14:58:46,258 - DEBUG - [global] log_uploader: STEP 2 SKIP (no PNGs)
2026-09-15 14:58:47,144 - INFO - [global] Проверяю обновы...
2026-09-15 14:58:47,213 - DEBUG - [global] _api_put: GET runs/20260915_145843_fail_global.log -> 404
2026-09-15 14:58:48,029 - DEBUG - [global] needs_update: raw → 5.6.5
2026-09-15 14:58:48,989 - DEBUG - [global] needs_update: API GitHub → 5.6.6
2026-09-15 14:58:49,105 - DEBUG - [global] _api_put: PUT runs/20260915_145843_fail_global.log -> 201 (20858 bytes)
2026-09-15 14:58:49,107 - DEBUG - [global] log_uploader: STEP 3 (global log) -> https://github.com/StarateJI/L2Mauto/blob/bot-logs/runs/20260915_145843_fail_global.log
2026-09-15 14:58:49,107 - DEBUG - [global] log_uploader: END window=periodic
2026-09-15 14:58:49,108 - INFO - [global] LogUploader: upload_run_logs завершён
2026-09-15 14:58:49,745 - DEBUG - [global] needs_update: jsdelivr → 5.4.1
2026-09-15 14:58:49,746 - DEBUG - [global] needs_update: лучший источник API → 5.6.6 (из 3)
2026-09-15 14:58:49,748 - INFO - [global] needs_update: local=(5, 6, 5) remote=(5, 6, 6) -> has_update=True
2026-09-15 14:58:49,748 - INFO - [global] Доступна обнова! Спавню кнопку
2026-09-15 14:59:19,774 - INFO - [global] Проверяю обновы...
2026-09-15 14:59:20,489 - DEBUG - [global] needs_update: raw → 5.6.5
2026-09-15 14:59:21,397 - DEBUG - [global] needs_update: API GitHub → 5.6.6
2026-09-15 14:59:22,191 - DEBUG - [global] needs_update: jsdelivr → 5.4.1
2026-09-15 14:59:22,192 - DEBUG - [global] needs_update: лучший источник API → 5.6.6 (из 3)
2026-09-15 14:59:22,194 - INFO - [global] needs_update: local=(5, 6, 5) remote=(5, 6, 6) -> has_update=True
2026-09-15 14:59:22,194 - INFO - [global] Доступна обнова! Спавню кнопку
2026-09-15 14:59:49,258 - INFO - [global] LogUploader: запускаю upload_run_logs...
2026-09-15 14:59:49,259 - DEBUG - [global] log_uploader: START window=periodic made=-1 token=...Rjnfq
2026-09-15 14:59:50,200 - DEBUG - [global] _api_put: GET runs/20260915_145949_fail_periodic.log -> 404
2026-09-15 14:59:51,734 - DEBUG - [global] _api_put: PUT runs/20260915_145949_fail_periodic.log -> 201 (6618 bytes)
2026-09-15 14:59:51,736 - DEBUG - [global] log_uploader: STEP 1 (window log) -> https://github.com/StarateJI/L2Mauto/blob/bot-logs/runs/20260915_145949_fail_periodic.log
2026-09-15 14:59:51,737 - DEBUG - [global] log_uploader: STEP 2 SKIP (no PNGs)
2026-09-15 14:59:52,259 - INFO - [global] Проверяю обновы...
2026-09-15 14:59:52,750 - DEBUG - [global] _api_put: GET runs/20260915_145949_fail_global.log -> 404
2026-09-15 14:59:53,057 - DEBUG - [global] needs_update: raw → 5.6.5
2026-09-15 14:59:54,034 - DEBUG - [global] needs_update: API GitHub → 5.6.6
2026-09-15 14:59:54,493 - DEBUG - [global] _api_put: PUT runs/20260915_145949_fail_global.log -> 201 (20771 bytes)
2026-09-15 14:59:54,495 - DEBUG - [global] log_uploader: STEP 3 (global log) -> https://github.com/StarateJI/L2Mauto/blob/bot-logs/runs/20260915_145949_fail_global.log
2026-09-15 14:59:54,495 - DEBUG - [global] log_uploader: END window=periodic
2026-09-15 14:59:54,495 - INFO - [global] LogUploader: upload_run_logs завершён
2026-09-15 14:59:54,785 - DEBUG - [global] needs_update: jsdelivr → 5.4.1
2026-09-15 14:59:54,785 - DEBUG - [global] needs_update: лучший источник API → 5.6.6 (из 3)
2026-09-15 14:59:54,788 - INFO - [global] needs_update: local=(5, 6, 5) remote=(5, 6, 6) -> has_update=True
2026-09-15 14:59:54,788 - INFO - [global] Доступна обнова! Спавню кнопку
2026-09-15 15:00:16,770 - INFO - [global] Сделан бэкап текущей версии в C:\Users\PC\Desktop\L2Mauto\backups\update_backup_5.6.5.zip
2026-09-15 15:00:20,900 - INFO - [global] Создан apply_update.bat: C:\Users\PC\Desktop\L2Mauto\apply_update.bat
2026-09-15 15:00:20,900 - INFO - [global] Накатил обнпату через apply_update.bat, закрываюсь для рестарта...
2026-09-15 15:00:27,199 - INFO - [global] Драйвер работает! | Клава=1 | Мышь=11
2026-09-15 15:00:28,214 - INFO - [global] Запустил чекер обнов
2026-09-15 15:00:28,215 - INFO - [global] Проверяю обновы...
2026-09-15 15:00:28,603 - INFO - [global] Запустил периодический загрузчик логов
2026-09-15 15:00:29,487 - DEBUG - [global] needs_update: raw → 5.6.5
2026-09-15 15:00:29,606 - DEBUG - [global] needs_update: raw → 5.6.5
2026-09-15 15:00:30,606 - DEBUG - [global] needs_update: API GitHub → 5.6.6
2026-09-15 15:00:30,695 - DEBUG - [global] needs_update: API GitHub → 5.6.6
2026-09-15 15:00:31,950 - DEBUG - [global] needs_update: jsdelivr → 5.4.1
2026-09-15 15:00:31,950 - DEBUG - [global] needs_update: лучший источник API → 5.6.6 (из 3)
2026-09-15 15:00:31,967 - INFO - [global] needs_update: local=(5, 6, 6) remote=(5, 6, 6) -> has_update=False
2026-09-15 15:00:32,072 - INFO - [global] Установлена последняя версия бота | 5.6.6
2026-09-15 15:00:32,104 - DEBUG - [global] needs_update: jsdelivr → 5.4.1
2026-09-15 15:00:32,104 - DEBUG - [global] needs_update: лучший источник API → 5.6.6 (из 3)
2026-09-15 15:00:32,120 - INFO - [global] needs_update: local=(5, 6, 6) remote=(5, 6, 6) -> has_update=False
2026-09-15 15:00:55,896 - INFO - [global] Запуск через 3 сек. | ['Tundra']
2026-09-15 15:00:58,723 - INFO - [global] LogUploader: запускаю upload_run_logs...
2026-09-15 15:00:58,726 - DEBUG - [global] log_uploader: START window=periodic made=-1 token=...Rjnfq
2026-09-15 15:00:59,018 - INFO - [global] Создал мышь
2026-09-15 15:00:59,019 - INFO - [global] Инициализировал созданную мышь!
2026-09-15 15:00:59,617 - DEBUG - [global] _api_put: GET runs/20260915_150058_fail_periodic.log -> 404
2026-09-15 15:01:01,327 - DEBUG - [global] _api_put: PUT runs/20260915_150058_fail_periodic.log -> 201 (6618 bytes)
2026-09-15 15:01:01,330 - DEBUG - [global] log_uploader: STEP 1 (window log) -> https://github.com/StarateJI/L2Mauto/blob/bot-logs/runs/20260915_150058_fail_periodic.log
2026-09-15 15:01:01,331 - DEBUG - [global] log_uploader: STEP 2 SKIP (no PNGs)
