=== Log tail 2026-09-28T01:10:25.032658 | last 200 lines ===
2026-09-28 01:01:31,044 - INFO - [global] LogUploader: запускаю upload_run_logs...
2026-09-28 01:01:31,044 - DEBUG - [global] log_uploader: START window=periodic made=-1 token=...Rjnfq
2026-09-28 01:01:32,289 - DEBUG - [global] _api_put: GET runs/20260928_010131_fail_periodic.log -> 404
2026-09-28 01:01:34,146 - DEBUG - [global] _api_put: PUT runs/20260928_010131_fail_periodic.log -> 409 (12066 bytes)
2026-09-28 01:01:34,146 - WARNING - [global] _api_put: PUT failed body: {"message":"is at af70ac256fa9f959a457a08b612e6b10b894d7ee but expected 249b9c087ce48563353043eac1c34bd839ca1a40","documentation_url":"https://docs.github.com/rest/repos/contents#create-or-update-file
2026-09-28 01:01:34,149 - DEBUG - [global] log_uploader: STEP 1 (window log) -> FAILED
2026-09-28 01:01:34,150 - DEBUG - [global] log_uploader: STEP 2 SKIP (no PNGs)
2026-09-28 01:01:35,303 - DEBUG - [global] _api_put: GET runs/20260928_010131_fail_global.log -> 404
2026-09-28 01:01:37,431 - DEBUG - [global] _api_put: PUT runs/20260928_010131_fail_global.log -> 201 (20962 bytes)
2026-09-28 01:01:37,434 - DEBUG - [global] log_uploader: STEP 3 (global log) -> https://github.com/StarateJI/L2Mauto/blob/bot-logs/runs/20260928_010131_fail_global.log
2026-09-28 01:01:37,434 - DEBUG - [global] log_uploader: END window=periodic
2026-09-28 01:01:37,435 - INFO - [global] LogUploader: upload_run_logs завершён
2026-09-28 01:01:47,365 - INFO - [global] Проверяю обновы...
2026-09-28 01:01:48,367 - DEBUG - [global] needs_update: raw → 5.13.09
2026-09-28 01:01:48,720 - DEBUG - [global] needs_update: API → 5.13.09
2026-09-28 01:01:48,727 - DEBUG - [global] needs_update: лучший источник raw → 5.13.09 (из 2)
2026-09-28 01:01:48,728 - INFO - [global] needs_update: local=(5, 13, 7) remote=(5, 13, 9) -> has_update=True
2026-09-28 01:01:48,728 - INFO - [global] Доступна обнова! Спавню кнопку
2026-09-28 01:02:18,904 - INFO - [global] Проверяю обновы...
2026-09-28 01:02:20,086 - DEBUG - [global] needs_update: API → 5.13.09
2026-09-28 01:02:20,086 - DEBUG - [global] needs_update: raw → 5.13.09
2026-09-28 01:02:20,089 - DEBUG - [global] needs_update: лучший источник API → 5.13.09 (из 2)
2026-09-28 01:02:20,089 - INFO - [global] needs_update: local=(5, 13, 7) remote=(5, 13, 9) -> has_update=True
2026-09-28 01:02:20,089 - INFO - [global] Доступна обнова! Спавню кнопку
2026-09-28 01:02:37,640 - INFO - [global] LogUploader: запускаю upload_run_logs...
2026-09-28 01:02:37,640 - DEBUG - [global] log_uploader: START window=periodic made=-1 token=...Rjnfq
2026-09-28 01:02:39,066 - DEBUG - [global] _api_put: GET runs/20260928_010237_fail_periodic.log -> 404
2026-09-28 01:02:41,115 - DEBUG - [global] _api_put: PUT runs/20260928_010237_fail_periodic.log -> 201 (12066 bytes)
2026-09-28 01:02:41,119 - DEBUG - [global] log_uploader: STEP 1 (window log) -> https://github.com/StarateJI/L2Mauto/blob/bot-logs/runs/20260928_010237_fail_periodic.log
2026-09-28 01:02:41,119 - DEBUG - [global] log_uploader: STEP 2 SKIP (no PNGs)
2026-09-28 01:02:42,455 - DEBUG - [global] _api_put: GET runs/20260928_010237_fail_global.log -> 404
2026-09-28 01:02:44,771 - DEBUG - [global] _api_put: PUT runs/20260928_010237_fail_global.log -> 201 (20760 bytes)
2026-09-28 01:02:44,774 - DEBUG - [global] log_uploader: STEP 3 (global log) -> https://github.com/StarateJI/L2Mauto/blob/bot-logs/runs/20260928_010237_fail_global.log
2026-09-28 01:02:44,774 - DEBUG - [global] log_uploader: END window=periodic
2026-09-28 01:02:44,774 - INFO - [global] LogUploader: upload_run_logs завершён
2026-09-28 01:02:50,200 - INFO - [global] Проверяю обновы...
2026-09-28 01:02:51,223 - DEBUG - [global] needs_update: raw → 5.13.09
2026-09-28 01:02:51,386 - DEBUG - [global] needs_update: API → 5.13.09
2026-09-28 01:02:51,386 - DEBUG - [global] needs_update: лучший источник raw → 5.13.09 (из 2)
2026-09-28 01:02:51,386 - INFO - [global] needs_update: local=(5, 13, 7) remote=(5, 13, 9) -> has_update=True
2026-09-28 01:02:51,386 - INFO - [global] Доступна обнова! Спавню кнопку
2026-09-28 01:03:21,475 - INFO - [global] Проверяю обновы...
2026-09-28 01:03:22,518 - DEBUG - [global] needs_update: raw → 5.13.09
2026-09-28 01:03:22,706 - DEBUG - [global] needs_update: API → 5.13.09
2026-09-28 01:03:22,706 - DEBUG - [global] needs_update: лучший источник raw → 5.13.09 (из 2)
2026-09-28 01:03:22,706 - INFO - [global] needs_update: local=(5, 13, 7) remote=(5, 13, 9) -> has_update=True
2026-09-28 01:03:22,706 - INFO - [global] Доступна обнова! Спавню кнопку
2026-09-28 01:03:44,939 - INFO - [global] LogUploader: запускаю upload_run_logs...
2026-09-28 01:03:44,940 - DEBUG - [global] log_uploader: START window=periodic made=-1 token=...Rjnfq
2026-09-28 01:03:46,162 - DEBUG - [global] _api_put: GET runs/20260928_010344_fail_periodic.log -> 404
2026-09-28 01:03:48,067 - DEBUG - [global] _api_put: PUT runs/20260928_010344_fail_periodic.log -> 201 (12066 bytes)
2026-09-28 01:03:48,070 - DEBUG - [global] log_uploader: STEP 1 (window log) -> https://github.com/StarateJI/L2Mauto/blob/bot-logs/runs/20260928_010344_fail_periodic.log
2026-09-28 01:03:48,071 - DEBUG - [global] log_uploader: STEP 2 SKIP (no PNGs)
2026-09-28 01:03:49,208 - DEBUG - [global] _api_put: GET runs/20260928_010344_fail_global.log -> 404
2026-09-28 01:03:51,335 - DEBUG - [global] _api_put: PUT runs/20260928_010344_fail_global.log -> 201 (20738 bytes)
2026-09-28 01:03:51,337 - DEBUG - [global] log_uploader: STEP 3 (global log) -> https://github.com/StarateJI/L2Mauto/blob/bot-logs/runs/20260928_010344_fail_global.log
2026-09-28 01:03:51,338 - DEBUG - [global] log_uploader: END window=periodic
2026-09-28 01:03:51,338 - INFO - [global] LogUploader: upload_run_logs завершён
2026-09-28 01:03:52,742 - INFO - [global] Проверяю обновы...
2026-09-28 01:03:53,713 - DEBUG - [global] needs_update: raw → 5.13.09
2026-09-28 01:03:53,874 - DEBUG - [global] needs_update: API → 5.13.09
2026-09-28 01:03:53,875 - DEBUG - [global] needs_update: лучший источник raw → 5.13.09 (из 2)
2026-09-28 01:03:53,875 - INFO - [global] needs_update: local=(5, 13, 7) remote=(5, 13, 9) -> has_update=True
2026-09-28 01:03:53,875 - INFO - [global] Доступна обнова! Спавню кнопку
2026-09-28 01:04:23,905 - INFO - [global] Проверяю обновы...
2026-09-28 01:04:24,813 - DEBUG - [global] needs_update: raw → 5.13.09
2026-09-28 01:04:25,008 - DEBUG - [global] needs_update: API → 5.13.09
2026-09-28 01:04:25,008 - DEBUG - [global] needs_update: лучший источник raw → 5.13.09 (из 2)
2026-09-28 01:04:25,009 - INFO - [global] needs_update: local=(5, 13, 7) remote=(5, 13, 9) -> has_update=True
2026-09-28 01:04:25,009 - INFO - [global] Доступна обнова! Спавню кнопку
2026-09-28 01:04:51,413 - INFO - [global] LogUploader: запускаю upload_run_logs...
2026-09-28 01:04:51,414 - DEBUG - [global] log_uploader: START window=periodic made=-1 token=...Rjnfq
2026-09-28 01:04:52,449 - DEBUG - [global] _api_put: GET runs/20260928_010451_fail_periodic.log -> 404
2026-09-28 01:04:54,528 - DEBUG - [global] _api_put: PUT runs/20260928_010451_fail_periodic.log -> 201 (12066 bytes)
2026-09-28 01:04:54,532 - DEBUG - [global] log_uploader: STEP 1 (window log) -> https://github.com/StarateJI/L2Mauto/blob/bot-logs/runs/20260928_010451_fail_periodic.log
2026-09-28 01:04:54,533 - DEBUG - [global] log_uploader: STEP 2 SKIP (no PNGs)
2026-09-28 01:04:55,044 - INFO - [global] Проверяю обновы...
2026-09-28 01:04:56,042 - DEBUG - [global] _api_put: GET runs/20260928_010451_fail_global.log -> 404
2026-09-28 01:04:56,075 - DEBUG - [global] needs_update: raw → 5.13.09
2026-09-28 01:04:56,266 - DEBUG - [global] needs_update: API → 5.13.09
2026-09-28 01:04:56,267 - DEBUG - [global] needs_update: лучший источник raw → 5.13.09 (из 2)
2026-09-28 01:04:56,267 - INFO - [global] needs_update: local=(5, 13, 7) remote=(5, 13, 9) -> has_update=True
2026-09-28 01:04:56,267 - INFO - [global] Доступна обнова! Спавню кнопку
2026-09-28 01:04:58,137 - DEBUG - [global] _api_put: PUT runs/20260928_010451_fail_global.log -> 201 (20576 bytes)
2026-09-28 01:04:58,139 - DEBUG - [global] log_uploader: STEP 3 (global log) -> https://github.com/StarateJI/L2Mauto/blob/bot-logs/runs/20260928_010451_fail_global.log
2026-09-28 01:04:58,139 - DEBUG - [global] log_uploader: END window=periodic
2026-09-28 01:04:58,139 - INFO - [global] LogUploader: upload_run_logs завершён
2026-09-28 01:05:26,293 - INFO - [global] Проверяю обновы...
2026-09-28 01:05:27,262 - DEBUG - [global] needs_update: raw → 5.13.09
2026-09-28 01:05:27,470 - DEBUG - [global] needs_update: API → 5.13.09
2026-09-28 01:05:27,471 - DEBUG - [global] needs_update: лучший источник raw → 5.13.09 (из 2)
2026-09-28 01:05:27,471 - INFO - [global] needs_update: local=(5, 13, 7) remote=(5, 13, 9) -> has_update=True
2026-09-28 01:05:27,471 - INFO - [global] Доступна обнова! Спавню кнопку
2026-09-28 01:05:57,487 - INFO - [global] Проверяю обновы...
2026-09-28 01:05:58,186 - INFO - [global] LogUploader: запускаю upload_run_logs...
2026-09-28 01:05:58,187 - DEBUG - [global] log_uploader: START window=periodic made=-1 token=...Rjnfq
2026-09-28 01:05:58,376 - DEBUG - [global] needs_update: raw → 5.13.09
2026-09-28 01:05:58,612 - DEBUG - [global] needs_update: API → 5.13.09
2026-09-28 01:05:58,613 - DEBUG - [global] needs_update: лучший источник raw → 5.13.09 (из 2)
2026-09-28 01:05:58,613 - INFO - [global] needs_update: local=(5, 13, 7) remote=(5, 13, 9) -> has_update=True
2026-09-28 01:05:58,613 - INFO - [global] Доступна обнова! Спавню кнопку
2026-09-28 01:05:59,190 - DEBUG - [global] _api_put: GET runs/20260928_010558_fail_periodic.log -> 404
2026-09-28 01:06:00,976 - DEBUG - [global] _api_put: PUT runs/20260928_010558_fail_periodic.log -> 409 (12066 bytes)
2026-09-28 01:06:00,976 - WARNING - [global] _api_put: PUT failed body: {"message":"is at 46f1d29ad1f137b03b1cbc4aa38b5ce90f7e7e97 but expected a0668c21ecfd923592562444f9b0ea2c67d55f1b","documentation_url":"https://docs.github.com/rest/repos/contents#create-or-update-file
2026-09-28 01:06:00,979 - DEBUG - [global] log_uploader: STEP 1 (window log) -> FAILED
2026-09-28 01:06:00,980 - DEBUG - [global] log_uploader: STEP 2 SKIP (no PNGs)
2026-09-28 01:06:02,050 - DEBUG - [global] _api_put: GET runs/20260928_010558_fail_global.log -> 404
2026-09-28 01:06:03,904 - DEBUG - [global] _api_put: PUT runs/20260928_010558_fail_global.log -> 201 (20574 bytes)
2026-09-28 01:06:03,906 - DEBUG - [global] log_uploader: STEP 3 (global log) -> https://github.com/StarateJI/L2Mauto/blob/bot-logs/runs/20260928_010558_fail_global.log
2026-09-28 01:06:03,906 - DEBUG - [global] log_uploader: END window=periodic
2026-09-28 01:06:03,906 - INFO - [global] LogUploader: upload_run_logs завершён
2026-09-28 01:06:28,647 - INFO - [global] Проверяю обновы...
2026-09-28 01:06:29,529 - DEBUG - [global] needs_update: raw → 5.13.09
2026-09-28 01:06:29,788 - DEBUG - [global] needs_update: API → 5.13.09
2026-09-28 01:06:29,788 - DEBUG - [global] needs_update: лучший источник raw → 5.13.09 (из 2)
2026-09-28 01:06:29,788 - INFO - [global] needs_update: local=(5, 13, 7) remote=(5, 13, 9) -> has_update=True
2026-09-28 01:06:29,788 - INFO - [global] Доступна обнова! Спавню кнопку
2026-09-28 01:06:59,806 - INFO - [global] Проверяю обновы...
2026-09-28 01:07:00,791 - DEBUG - [global] needs_update: raw → 5.13.09
2026-09-28 01:07:00,923 - DEBUG - [global] needs_update: API → 5.13.09
2026-09-28 01:07:00,924 - DEBUG - [global] needs_update: лучший источник raw → 5.13.09 (из 2)
2026-09-28 01:07:00,924 - INFO - [global] needs_update: local=(5, 13, 7) remote=(5, 13, 9) -> has_update=True
2026-09-28 01:07:00,925 - INFO - [global] Доступна обнова! Спавню кнопку
2026-09-28 01:07:03,946 - INFO - [global] LogUploader: запускаю upload_run_logs...
2026-09-28 01:07:03,947 - DEBUG - [global] log_uploader: START window=periodic made=-1 token=...Rjnfq
2026-09-28 01:07:04,930 - DEBUG - [global] _api_put: GET runs/20260928_010703_fail_periodic.log -> 404
2026-09-28 01:07:06,731 - DEBUG - [global] _api_put: PUT runs/20260928_010703_fail_periodic.log -> 409 (12066 bytes)
2026-09-28 01:07:06,732 - WARNING - [global] _api_put: PUT failed body: {"message":"is at 88dd7ccd3d9ff684c7d4458868a516a66ed92f22 but expected 1cc944e51c71a685a95be83891dac9e5e60bed0b","documentation_url":"https://docs.github.com/rest/repos/contents#create-or-update-file
2026-09-28 01:07:06,734 - DEBUG - [global] log_uploader: STEP 1 (window log) -> FAILED
2026-09-28 01:07:06,735 - DEBUG - [global] log_uploader: STEP 2 SKIP (no PNGs)
2026-09-28 01:07:07,835 - DEBUG - [global] _api_put: GET runs/20260928_010703_fail_global.log -> 404
2026-09-28 01:07:09,733 - DEBUG - [global] _api_put: PUT runs/20260928_010703_fail_global.log -> 201 (20484 bytes)
2026-09-28 01:07:09,735 - DEBUG - [global] log_uploader: STEP 3 (global log) -> https://github.com/StarateJI/L2Mauto/blob/bot-logs/runs/20260928_010703_fail_global.log
2026-09-28 01:07:09,735 - DEBUG - [global] log_uploader: END window=periodic
2026-09-28 01:07:09,736 - INFO - [global] LogUploader: upload_run_logs завершён
2026-09-28 01:07:30,951 - INFO - [global] Проверяю обновы...
2026-09-28 01:07:31,844 - DEBUG - [global] needs_update: raw → 5.13.09
2026-09-28 01:07:32,056 - DEBUG - [global] needs_update: API → 5.13.09
2026-09-28 01:07:32,057 - DEBUG - [global] needs_update: лучший источник raw → 5.13.09 (из 2)
2026-09-28 01:07:32,057 - INFO - [global] needs_update: local=(5, 13, 7) remote=(5, 13, 9) -> has_update=True
2026-09-28 01:07:32,057 - INFO - [global] Доступна обнова! Спавню кнопку
2026-09-28 01:08:02,080 - INFO - [global] Проверяю обновы...
2026-09-28 01:08:03,012 - DEBUG - [global] needs_update: raw → 5.13.09
2026-09-28 01:08:03,202 - DEBUG - [global] needs_update: API → 5.13.09
2026-09-28 01:08:03,203 - DEBUG - [global] needs_update: лучший источник raw → 5.13.09 (из 2)
2026-09-28 01:08:03,203 - INFO - [global] needs_update: local=(5, 13, 7) remote=(5, 13, 9) -> has_update=True
2026-09-28 01:08:03,203 - INFO - [global] Доступна обнова! Спавню кнопку
2026-09-28 01:08:09,778 - INFO - [global] LogUploader: запускаю upload_run_logs...
2026-09-28 01:08:09,778 - DEBUG - [global] log_uploader: START window=periodic made=-1 token=...Rjnfq
2026-09-28 01:08:10,864 - DEBUG - [global] _api_put: GET runs/20260928_010809_fail_periodic.log -> 404
2026-09-28 01:08:12,721 - DEBUG - [global] _api_put: PUT runs/20260928_010809_fail_periodic.log -> 201 (12066 bytes)
2026-09-28 01:08:12,723 - DEBUG - [global] log_uploader: STEP 1 (window log) -> https://github.com/StarateJI/L2Mauto/blob/bot-logs/runs/20260928_010809_fail_periodic.log
2026-09-28 01:08:12,723 - DEBUG - [global] log_uploader: STEP 2 SKIP (no PNGs)
2026-09-28 01:08:13,819 - DEBUG - [global] _api_put: GET runs/20260928_010809_fail_global.log -> 404
2026-09-28 01:08:15,551 - DEBUG - [global] _api_put: PUT runs/20260928_010809_fail_global.log -> 201 (20385 bytes)
2026-09-28 01:08:15,553 - DEBUG - [global] log_uploader: STEP 3 (global log) -> https://github.com/StarateJI/L2Mauto/blob/bot-logs/runs/20260928_010809_fail_global.log
2026-09-28 01:08:15,553 - DEBUG - [global] log_uploader: END window=periodic
2026-09-28 01:08:15,553 - INFO - [global] LogUploader: upload_run_logs завершён
2026-09-28 01:08:33,228 - INFO - [global] Проверяю обновы...
2026-09-28 01:08:34,289 - DEBUG - [global] needs_update: raw → 5.13.09
2026-09-28 01:08:34,348 - DEBUG - [global] needs_update: API → 5.13.09
2026-09-28 01:08:34,348 - DEBUG - [global] needs_update: лучший источник raw → 5.13.09 (из 2)
2026-09-28 01:08:34,349 - INFO - [global] needs_update: local=(5, 13, 7) remote=(5, 13, 9) -> has_update=True
2026-09-28 01:08:34,349 - INFO - [global] Доступна обнова! Спавню кнопку
2026-09-28 01:09:04,429 - INFO - [global] Проверяю обновы...
2026-09-28 01:09:05,374 - DEBUG - [global] needs_update: raw → 5.13.09
2026-09-28 01:09:05,588 - DEBUG - [global] needs_update: API → 5.13.09
2026-09-28 01:09:05,588 - DEBUG - [global] needs_update: лучший источник raw → 5.13.09 (из 2)
2026-09-28 01:09:05,589 - INFO - [global] needs_update: local=(5, 13, 7) remote=(5, 13, 9) -> has_update=True
2026-09-28 01:09:05,589 - INFO - [global] Доступна обнова! Спавню кнопку
2026-09-28 01:09:15,642 - INFO - [global] LogUploader: запускаю upload_run_logs...
2026-09-28 01:09:15,643 - DEBUG - [global] log_uploader: START window=periodic made=-1 token=...Rjnfq
2026-09-28 01:09:16,734 - DEBUG - [global] _api_put: GET runs/20260928_010915_fail_periodic.log -> 404
2026-09-28 01:09:18,801 - DEBUG - [global] _api_put: PUT runs/20260928_010915_fail_periodic.log -> 201 (12066 bytes)
2026-09-28 01:09:18,803 - DEBUG - [global] log_uploader: STEP 1 (window log) -> https://github.com/StarateJI/L2Mauto/blob/bot-logs/runs/20260928_010915_fail_periodic.log
2026-09-28 01:09:18,803 - DEBUG - [global] log_uploader: STEP 2 SKIP (no PNGs)
2026-09-28 01:09:19,936 - DEBUG - [global] _api_put: GET runs/20260928_010915_fail_global.log -> 404
2026-09-28 01:09:21,752 - DEBUG - [global] _api_put: PUT runs/20260928_010915_fail_global.log -> 201 (20385 bytes)
2026-09-28 01:09:21,754 - DEBUG - [global] log_uploader: STEP 3 (global log) -> https://github.com/StarateJI/L2Mauto/blob/bot-logs/runs/20260928_010915_fail_global.log
2026-09-28 01:09:21,755 - DEBUG - [global] log_uploader: END window=periodic
2026-09-28 01:09:21,755 - INFO - [global] LogUploader: upload_run_logs завершён
2026-09-28 01:09:35,660 - INFO - [global] Проверяю обновы...
2026-09-28 01:09:36,614 - DEBUG - [global] needs_update: raw → 5.13.09
2026-09-28 01:09:36,883 - DEBUG - [global] needs_update: API → 5.13.09
2026-09-28 01:09:36,884 - DEBUG - [global] needs_update: лучший источник raw → 5.13.09 (из 2)
2026-09-28 01:09:36,884 - INFO - [global] needs_update: local=(5, 13, 7) remote=(5, 13, 9) -> has_update=True
2026-09-28 01:09:36,885 - INFO - [global] Доступна обнова! Спавню кнопку
2026-09-28 01:10:06,951 - INFO - [global] Проверяю обновы...
2026-09-28 01:10:07,936 - DEBUG - [global] needs_update: raw → 5.13.09
2026-09-28 01:10:08,166 - DEBUG - [global] needs_update: API → 5.13.09
2026-09-28 01:10:08,166 - DEBUG - [global] needs_update: лучший источник raw → 5.13.09 (из 2)
2026-09-28 01:10:08,166 - INFO - [global] needs_update: local=(5, 13, 7) remote=(5, 13, 9) -> has_update=True
2026-09-28 01:10:08,167 - INFO - [global] Доступна обнова! Спавню кнопку
2026-09-28 01:10:21,903 - INFO - [global] LogUploader: запускаю upload_run_logs...
2026-09-28 01:10:21,907 - DEBUG - [global] log_uploader: START window=periodic made=-1 token=...Rjnfq
2026-09-28 01:10:23,032 - DEBUG - [global] _api_put: GET runs/20260928_011021_fail_periodic.log -> 404
2026-09-28 01:10:24,975 - DEBUG - [global] _api_put: PUT runs/20260928_011021_fail_periodic.log -> 409 (12066 bytes)
2026-09-28 01:10:24,975 - WARNING - [global] _api_put: PUT failed body: {"message":"is at f9a328e84ea82d8736faa8720924030dc88780b0 but expected 9f1e7a422bd8d01b7e304fc5b5775e496130813d","documentation_url":"https://docs.github.com/rest/repos/contents#create-or-update-file
2026-09-28 01:10:24,977 - DEBUG - [global] log_uploader: STEP 1 (window log) -> FAILED
2026-09-28 01:10:24,978 - DEBUG - [global] log_uploader: STEP 2 SKIP (no PNGs)
