=== Log tail 2026-09-16T23:13:31.239943 | last 200 lines ===
2026-09-16 23:04:55,551 - DEBUG - [global] log_uploader: STEP 3 (global log) -> https://github.com/StarateJI/L2Mauto/blob/bot-logs/runs/20260916_230450_fail_global.log
2026-09-16 23:04:55,551 - DEBUG - [global] log_uploader: END window=periodic
2026-09-16 23:04:55,551 - INFO - [global] LogUploader: upload_run_logs завершён
2026-09-16 23:05:16,462 - INFO - [global] Проверяю обновы...
2026-09-16 23:05:17,056 - DEBUG - [global] needs_update: raw → 5.9.0
2026-09-16 23:05:17,839 - DEBUG - [global] needs_update: API GitHub → 5.9.0
2026-09-16 23:05:18,416 - DEBUG - [global] needs_update: jsdelivr → 5.7.4
2026-09-16 23:05:18,417 - DEBUG - [global] needs_update: лучший источник raw → 5.9.0 (из 3)
2026-09-16 23:05:18,418 - INFO - [global] needs_update: local=(5, 8, 2) remote=(5, 9, 0) -> has_update=True
2026-09-16 23:05:18,418 - INFO - [global] Доступна обнова! Спавню кнопку
2026-09-16 23:05:48,436 - INFO - [global] Проверяю обновы...
2026-09-16 23:05:49,027 - DEBUG - [global] needs_update: raw → 5.9.0
2026-09-16 23:05:49,805 - DEBUG - [global] needs_update: API GitHub → 5.9.0
2026-09-16 23:05:50,337 - DEBUG - [global] needs_update: jsdelivr → 5.7.4
2026-09-16 23:05:50,337 - DEBUG - [global] needs_update: лучший источник raw → 5.9.0 (из 3)
2026-09-16 23:05:50,339 - INFO - [global] needs_update: local=(5, 8, 2) remote=(5, 9, 0) -> has_update=True
2026-09-16 23:05:50,339 - INFO - [global] Доступна обнова! Спавню кнопку
2026-09-16 23:05:55,584 - INFO - [global] LogUploader: запускаю upload_run_logs...
2026-09-16 23:05:55,584 - DEBUG - [global] log_uploader: START window=periodic made=-1 token=...Rjnfq
2026-09-16 23:05:56,397 - DEBUG - [global] _api_put: GET runs/20260916_230555_fail_periodic.log -> 404
2026-09-16 23:05:57,881 - DEBUG - [global] _api_put: PUT runs/20260916_230555_fail_periodic.log -> 201 (10182 bytes)
2026-09-16 23:05:57,883 - DEBUG - [global] log_uploader: STEP 1 (window log) -> https://github.com/StarateJI/L2Mauto/blob/bot-logs/runs/20260916_230555_fail_periodic.log
2026-09-16 23:05:57,883 - DEBUG - [global] log_uploader: STEP 2 SKIP (no PNGs)
2026-09-16 23:05:58,792 - DEBUG - [global] _api_put: GET runs/20260916_230555_fail_global.log -> 404
2026-09-16 23:06:00,262 - DEBUG - [global] _api_put: PUT runs/20260916_230555_fail_global.log -> 201 (19621 bytes)
2026-09-16 23:06:00,264 - DEBUG - [global] log_uploader: STEP 3 (global log) -> https://github.com/StarateJI/L2Mauto/blob/bot-logs/runs/20260916_230555_fail_global.log
2026-09-16 23:06:00,264 - DEBUG - [global] log_uploader: END window=periodic
2026-09-16 23:06:00,264 - INFO - [global] LogUploader: upload_run_logs завершён
2026-09-16 23:06:20,353 - INFO - [global] Проверяю обновы...
2026-09-16 23:06:20,981 - DEBUG - [global] needs_update: raw → 5.9.0
2026-09-16 23:06:21,778 - DEBUG - [global] needs_update: API GitHub → 5.9.0
2026-09-16 23:06:22,320 - DEBUG - [global] needs_update: jsdelivr → 5.7.4
2026-09-16 23:06:22,320 - DEBUG - [global] needs_update: лучший источник raw → 5.9.0 (из 3)
2026-09-16 23:06:22,321 - INFO - [global] needs_update: local=(5, 8, 2) remote=(5, 9, 0) -> has_update=True
2026-09-16 23:06:22,321 - INFO - [global] Доступна обнова! Спавню кнопку
2026-09-16 23:06:52,339 - INFO - [global] Проверяю обновы...
2026-09-16 23:06:52,937 - DEBUG - [global] needs_update: raw → 5.9.0
2026-09-16 23:06:53,737 - DEBUG - [global] needs_update: API GitHub → 5.9.0
2026-09-16 23:06:54,286 - DEBUG - [global] needs_update: jsdelivr → 5.7.4
2026-09-16 23:06:54,286 - DEBUG - [global] needs_update: лучший источник raw → 5.9.0 (из 3)
2026-09-16 23:06:54,287 - INFO - [global] needs_update: local=(5, 8, 2) remote=(5, 9, 0) -> has_update=True
2026-09-16 23:06:54,287 - INFO - [global] Доступна обнова! Спавню кнопку
2026-09-16 23:07:00,296 - INFO - [global] LogUploader: запускаю upload_run_logs...
2026-09-16 23:07:00,296 - DEBUG - [global] log_uploader: START window=periodic made=-1 token=...Rjnfq
2026-09-16 23:07:01,114 - DEBUG - [global] _api_put: GET runs/20260916_230700_fail_periodic.log -> 404
2026-09-16 23:07:02,538 - DEBUG - [global] _api_put: PUT runs/20260916_230700_fail_periodic.log -> 201 (10182 bytes)
2026-09-16 23:07:02,539 - DEBUG - [global] log_uploader: STEP 1 (window log) -> https://github.com/StarateJI/L2Mauto/blob/bot-logs/runs/20260916_230700_fail_periodic.log
2026-09-16 23:07:02,540 - DEBUG - [global] log_uploader: STEP 2 SKIP (no PNGs)
2026-09-16 23:07:03,443 - DEBUG - [global] _api_put: GET runs/20260916_230700_fail_global.log -> 404
2026-09-16 23:07:04,996 - DEBUG - [global] _api_put: PUT runs/20260916_230700_fail_global.log -> 201 (19621 bytes)
2026-09-16 23:07:04,997 - DEBUG - [global] log_uploader: STEP 3 (global log) -> https://github.com/StarateJI/L2Mauto/blob/bot-logs/runs/20260916_230700_fail_global.log
2026-09-16 23:07:04,997 - DEBUG - [global] log_uploader: END window=periodic
2026-09-16 23:07:04,997 - INFO - [global] LogUploader: upload_run_logs завершён
2026-09-16 23:07:24,302 - INFO - [global] Проверяю обновы...
2026-09-16 23:07:24,921 - DEBUG - [global] needs_update: raw → 5.9.0
2026-09-16 23:07:25,755 - DEBUG - [global] needs_update: API GitHub → 5.9.0
2026-09-16 23:07:26,328 - DEBUG - [global] needs_update: jsdelivr → 5.7.4
2026-09-16 23:07:26,329 - DEBUG - [global] needs_update: лучший источник raw → 5.9.0 (из 3)
2026-09-16 23:07:26,331 - INFO - [global] needs_update: local=(5, 8, 2) remote=(5, 9, 0) -> has_update=True
2026-09-16 23:07:26,331 - INFO - [global] Доступна обнова! Спавню кнопку
2026-09-16 23:07:56,346 - INFO - [global] Проверяю обновы...
2026-09-16 23:07:56,949 - DEBUG - [global] needs_update: raw → 5.9.0
2026-09-16 23:07:57,791 - DEBUG - [global] needs_update: API GitHub → 5.9.0
2026-09-16 23:07:58,348 - DEBUG - [global] needs_update: jsdelivr → 5.7.4
2026-09-16 23:07:58,349 - DEBUG - [global] needs_update: лучший источник raw → 5.9.0 (из 3)
2026-09-16 23:07:58,350 - INFO - [global] needs_update: local=(5, 8, 2) remote=(5, 9, 0) -> has_update=True
2026-09-16 23:07:58,350 - INFO - [global] Доступна обнова! Спавню кнопку
2026-09-16 23:08:05,026 - INFO - [global] LogUploader: запускаю upload_run_logs...
2026-09-16 23:08:05,026 - DEBUG - [global] log_uploader: START window=periodic made=-1 token=...Rjnfq
2026-09-16 23:08:05,799 - DEBUG - [global] _api_put: GET runs/20260916_230805_fail_periodic.log -> 404
2026-09-16 23:08:07,140 - DEBUG - [global] _api_put: PUT runs/20260916_230805_fail_periodic.log -> 409 (10182 bytes)
2026-09-16 23:08:07,140 - WARNING - [global] _api_put: PUT failed body: {"message":"is at 49c2024d34ae3175e9fe14e6b0245131909d1b75 but expected ac31c6b0caf9424b2782a788ae54738cab7a235e","documentation_url":"https://docs.github.com/rest/repos/contents#create-or-update-file
2026-09-16 23:08:07,143 - DEBUG - [global] log_uploader: STEP 1 (window log) -> FAILED
2026-09-16 23:08:07,144 - DEBUG - [global] log_uploader: STEP 2 SKIP (no PNGs)
2026-09-16 23:08:08,019 - DEBUG - [global] _api_put: GET runs/20260916_230805_fail_global.log -> 404
2026-09-16 23:08:09,706 - DEBUG - [global] _api_put: PUT runs/20260916_230805_fail_global.log -> 201 (19710 bytes)
2026-09-16 23:08:09,708 - DEBUG - [global] log_uploader: STEP 3 (global log) -> https://github.com/StarateJI/L2Mauto/blob/bot-logs/runs/20260916_230805_fail_global.log
2026-09-16 23:08:09,708 - DEBUG - [global] log_uploader: END window=periodic
2026-09-16 23:08:09,708 - INFO - [global] LogUploader: upload_run_logs завершён
2026-09-16 23:08:28,369 - INFO - [global] Проверяю обновы...
2026-09-16 23:08:28,967 - DEBUG - [global] needs_update: raw → 5.9.0
2026-09-16 23:08:29,750 - DEBUG - [global] needs_update: API GitHub → 5.9.0
2026-09-16 23:08:30,319 - DEBUG - [global] needs_update: jsdelivr → 5.7.4
2026-09-16 23:08:30,319 - DEBUG - [global] needs_update: лучший источник raw → 5.9.0 (из 3)
2026-09-16 23:08:30,321 - INFO - [global] needs_update: local=(5, 8, 2) remote=(5, 9, 0) -> has_update=True
2026-09-16 23:08:30,321 - INFO - [global] Доступна обнова! Спавню кнопку
2026-09-16 23:09:00,339 - INFO - [global] Проверяю обновы...
2026-09-16 23:09:00,953 - DEBUG - [global] needs_update: raw → 5.9.0
2026-09-16 23:09:01,782 - DEBUG - [global] needs_update: API GitHub → 5.9.0
2026-09-16 23:09:02,406 - DEBUG - [global] needs_update: jsdelivr → 5.7.4
2026-09-16 23:09:02,406 - DEBUG - [global] needs_update: лучший источник raw → 5.9.0 (из 3)
2026-09-16 23:09:02,407 - INFO - [global] needs_update: local=(5, 8, 2) remote=(5, 9, 0) -> has_update=True
2026-09-16 23:09:02,407 - INFO - [global] Доступна обнова! Спавню кнопку
2026-09-16 23:09:09,742 - INFO - [global] LogUploader: запускаю upload_run_logs...
2026-09-16 23:09:09,743 - DEBUG - [global] log_uploader: START window=periodic made=-1 token=...Rjnfq
2026-09-16 23:09:10,552 - DEBUG - [global] _api_put: GET runs/20260916_230909_fail_periodic.log -> 404
2026-09-16 23:09:12,131 - DEBUG - [global] _api_put: PUT runs/20260916_230909_fail_periodic.log -> 409 (10182 bytes)
2026-09-16 23:09:12,132 - WARNING - [global] _api_put: PUT failed body: {"message":"is at d8d1e7bb8790f97f5d0517798dfee4d231b6fd8c but expected 87b9b3c9b414aefa2bb0de17fc58429801a9a7a9","documentation_url":"https://docs.github.com/rest/repos/contents#create-or-update-file
2026-09-16 23:09:12,133 - DEBUG - [global] log_uploader: STEP 1 (window log) -> FAILED
2026-09-16 23:09:12,133 - DEBUG - [global] log_uploader: STEP 2 SKIP (no PNGs)
2026-09-16 23:09:13,016 - DEBUG - [global] _api_put: GET runs/20260916_230909_fail_global.log -> 404
2026-09-16 23:09:14,567 - DEBUG - [global] _api_put: PUT runs/20260916_230909_fail_global.log -> 201 (19785 bytes)
2026-09-16 23:09:14,569 - DEBUG - [global] log_uploader: STEP 3 (global log) -> https://github.com/StarateJI/L2Mauto/blob/bot-logs/runs/20260916_230909_fail_global.log
2026-09-16 23:09:14,569 - DEBUG - [global] log_uploader: END window=periodic
2026-09-16 23:09:14,569 - INFO - [global] LogUploader: upload_run_logs завершён
2026-09-16 23:09:32,423 - INFO - [global] Проверяю обновы...
2026-09-16 23:09:33,036 - DEBUG - [global] needs_update: raw → 5.9.0
2026-09-16 23:09:33,800 - DEBUG - [global] needs_update: API GitHub → 5.9.0
2026-09-16 23:09:34,390 - DEBUG - [global] needs_update: jsdelivr → 5.7.4
2026-09-16 23:09:34,391 - DEBUG - [global] needs_update: лучший источник raw → 5.9.0 (из 3)
2026-09-16 23:09:34,393 - INFO - [global] needs_update: local=(5, 8, 2) remote=(5, 9, 0) -> has_update=True
2026-09-16 23:09:34,393 - INFO - [global] Доступна обнова! Спавню кнопку
2026-09-16 23:10:04,408 - INFO - [global] Проверяю обновы...
2026-09-16 23:10:05,007 - DEBUG - [global] needs_update: raw → 5.9.0
2026-09-16 23:10:05,816 - DEBUG - [global] needs_update: API GitHub → 5.9.0
2026-09-16 23:10:06,444 - DEBUG - [global] needs_update: jsdelivr → 5.7.4
2026-09-16 23:10:06,444 - DEBUG - [global] needs_update: лучший источник raw → 5.9.0 (из 3)
2026-09-16 23:10:06,447 - INFO - [global] needs_update: local=(5, 8, 2) remote=(5, 9, 0) -> has_update=True
2026-09-16 23:10:06,447 - INFO - [global] Доступна обнова! Спавню кнопку
2026-09-16 23:10:14,601 - INFO - [global] LogUploader: запускаю upload_run_logs...
2026-09-16 23:10:14,601 - DEBUG - [global] log_uploader: START window=periodic made=-1 token=...Rjnfq
2026-09-16 23:10:15,374 - DEBUG - [global] _api_put: GET runs/20260916_231014_fail_periodic.log -> 404
2026-09-16 23:10:16,963 - DEBUG - [global] _api_put: PUT runs/20260916_231014_fail_periodic.log -> 201 (10182 bytes)
2026-09-16 23:10:16,964 - DEBUG - [global] log_uploader: STEP 1 (window log) -> https://github.com/StarateJI/L2Mauto/blob/bot-logs/runs/20260916_231014_fail_periodic.log
2026-09-16 23:10:16,966 - DEBUG - [global] log_uploader: STEP 2 SKIP (no PNGs)
2026-09-16 23:10:17,821 - DEBUG - [global] _api_put: GET runs/20260916_231014_fail_global.log -> 404
2026-09-16 23:10:19,291 - DEBUG - [global] _api_put: PUT runs/20260916_231014_fail_global.log -> 201 (19785 bytes)
2026-09-16 23:10:19,293 - DEBUG - [global] log_uploader: STEP 3 (global log) -> https://github.com/StarateJI/L2Mauto/blob/bot-logs/runs/20260916_231014_fail_global.log
2026-09-16 23:10:19,293 - DEBUG - [global] log_uploader: END window=periodic
2026-09-16 23:10:19,293 - INFO - [global] LogUploader: upload_run_logs завершён
2026-09-16 23:10:36,464 - INFO - [global] Проверяю обновы...
2026-09-16 23:10:37,265 - DEBUG - [global] needs_update: raw → 5.9.0
2026-09-16 23:10:38,065 - DEBUG - [global] needs_update: API GitHub → 5.9.0
2026-09-16 23:10:38,685 - DEBUG - [global] needs_update: jsdelivr → 5.7.4
2026-09-16 23:10:38,685 - DEBUG - [global] needs_update: лучший источник raw → 5.9.0 (из 3)
2026-09-16 23:10:38,687 - INFO - [global] needs_update: local=(5, 8, 2) remote=(5, 9, 0) -> has_update=True
2026-09-16 23:10:38,687 - INFO - [global] Доступна обнова! Спавню кнопку
2026-09-16 23:11:08,702 - INFO - [global] Проверяю обновы...
2026-09-16 23:11:09,284 - DEBUG - [global] needs_update: raw → 5.9.0
2026-09-16 23:11:10,087 - DEBUG - [global] needs_update: API GitHub → 5.9.0
2026-09-16 23:11:10,669 - DEBUG - [global] needs_update: jsdelivr → 5.7.4
2026-09-16 23:11:10,669 - DEBUG - [global] needs_update: лучший источник raw → 5.9.0 (из 3)
2026-09-16 23:11:10,670 - INFO - [global] needs_update: local=(5, 8, 2) remote=(5, 9, 0) -> has_update=True
2026-09-16 23:11:10,670 - INFO - [global] Доступна обнова! Спавню кнопку
2026-09-16 23:11:19,326 - INFO - [global] LogUploader: запускаю upload_run_logs...
2026-09-16 23:11:19,326 - DEBUG - [global] log_uploader: START window=periodic made=-1 token=...Rjnfq
2026-09-16 23:11:20,167 - DEBUG - [global] _api_put: GET runs/20260916_231119_fail_periodic.log -> 404
2026-09-16 23:11:21,578 - DEBUG - [global] _api_put: PUT runs/20260916_231119_fail_periodic.log -> 201 (10182 bytes)
2026-09-16 23:11:21,580 - DEBUG - [global] log_uploader: STEP 1 (window log) -> https://github.com/StarateJI/L2Mauto/blob/bot-logs/runs/20260916_231119_fail_periodic.log
2026-09-16 23:11:21,580 - DEBUG - [global] log_uploader: STEP 2 SKIP (no PNGs)
2026-09-16 23:11:22,439 - DEBUG - [global] _api_put: GET runs/20260916_231119_fail_global.log -> 404
2026-09-16 23:11:24,133 - DEBUG - [global] _api_put: PUT runs/20260916_231119_fail_global.log -> 201 (19785 bytes)
2026-09-16 23:11:24,134 - DEBUG - [global] log_uploader: STEP 3 (global log) -> https://github.com/StarateJI/L2Mauto/blob/bot-logs/runs/20260916_231119_fail_global.log
2026-09-16 23:11:24,134 - DEBUG - [global] log_uploader: END window=periodic
2026-09-16 23:11:24,134 - INFO - [global] LogUploader: upload_run_logs завершён
2026-09-16 23:11:40,687 - INFO - [global] Проверяю обновы...
2026-09-16 23:11:41,312 - DEBUG - [global] needs_update: raw → 5.9.0
2026-09-16 23:11:42,114 - DEBUG - [global] needs_update: API GitHub → 5.9.0
2026-09-16 23:11:42,810 - DEBUG - [global] needs_update: jsdelivr → 5.7.4
2026-09-16 23:11:42,810 - DEBUG - [global] needs_update: лучший источник raw → 5.9.0 (из 3)
2026-09-16 23:11:42,813 - INFO - [global] needs_update: local=(5, 8, 2) remote=(5, 9, 0) -> has_update=True
2026-09-16 23:11:42,813 - INFO - [global] Доступна обнова! Спавню кнопку
2026-09-16 23:12:12,828 - INFO - [global] Проверяю обновы...
2026-09-16 23:12:13,424 - DEBUG - [global] needs_update: raw → 5.9.0
2026-09-16 23:12:14,205 - DEBUG - [global] needs_update: API GitHub → 5.9.0
2026-09-16 23:12:14,795 - DEBUG - [global] needs_update: jsdelivr → 5.7.4
2026-09-16 23:12:14,795 - DEBUG - [global] needs_update: лучший источник raw → 5.9.0 (из 3)
2026-09-16 23:12:14,796 - INFO - [global] needs_update: local=(5, 8, 2) remote=(5, 9, 0) -> has_update=True
2026-09-16 23:12:14,796 - INFO - [global] Доступна обнова! Спавню кнопку
2026-09-16 23:12:24,167 - INFO - [global] LogUploader: запускаю upload_run_logs...
2026-09-16 23:12:24,167 - DEBUG - [global] log_uploader: START window=periodic made=-1 token=...Rjnfq
2026-09-16 23:12:24,933 - DEBUG - [global] _api_put: GET runs/20260916_231224_fail_periodic.log -> 404
2026-09-16 23:12:26,354 - DEBUG - [global] _api_put: PUT runs/20260916_231224_fail_periodic.log -> 201 (10182 bytes)
2026-09-16 23:12:26,357 - DEBUG - [global] log_uploader: STEP 1 (window log) -> https://github.com/StarateJI/L2Mauto/blob/bot-logs/runs/20260916_231224_fail_periodic.log
2026-09-16 23:12:26,358 - DEBUG - [global] log_uploader: STEP 2 SKIP (no PNGs)
2026-09-16 23:12:27,231 - DEBUG - [global] _api_put: GET runs/20260916_231224_fail_global.log -> 404
2026-09-16 23:12:28,776 - DEBUG - [global] _api_put: PUT runs/20260916_231224_fail_global.log -> 201 (19785 bytes)
2026-09-16 23:12:28,778 - DEBUG - [global] log_uploader: STEP 3 (global log) -> https://github.com/StarateJI/L2Mauto/blob/bot-logs/runs/20260916_231224_fail_global.log
2026-09-16 23:12:28,778 - DEBUG - [global] log_uploader: END window=periodic
2026-09-16 23:12:28,778 - INFO - [global] LogUploader: upload_run_logs завершён
2026-09-16 23:12:44,812 - INFO - [global] Проверяю обновы...
2026-09-16 23:12:45,415 - DEBUG - [global] needs_update: raw → 5.9.0
2026-09-16 23:12:46,179 - DEBUG - [global] needs_update: API GitHub → 5.9.0
2026-09-16 23:12:46,765 - DEBUG - [global] needs_update: jsdelivr → 5.7.4
2026-09-16 23:12:46,765 - DEBUG - [global] needs_update: лучший источник raw → 5.9.0 (из 3)
2026-09-16 23:12:46,767 - INFO - [global] needs_update: local=(5, 8, 2) remote=(5, 9, 0) -> has_update=True
2026-09-16 23:12:46,767 - INFO - [global] Доступна обнова! Спавню кнопку
2026-09-16 23:13:16,780 - INFO - [global] Проверяю обновы...
2026-09-16 23:13:17,364 - DEBUG - [global] needs_update: raw → 5.9.0
2026-09-16 23:13:18,177 - DEBUG - [global] needs_update: API GitHub → 5.9.0
2026-09-16 23:13:18,744 - DEBUG - [global] needs_update: jsdelivr → 5.7.4
2026-09-16 23:13:18,745 - DEBUG - [global] needs_update: лучший источник raw → 5.9.0 (из 3)
2026-09-16 23:13:18,746 - INFO - [global] needs_update: local=(5, 8, 2) remote=(5, 9, 0) -> has_update=True
2026-09-16 23:13:18,746 - INFO - [global] Доступна обнова! Спавню кнопку
2026-09-16 23:13:28,809 - INFO - [global] LogUploader: запускаю upload_run_logs...
2026-09-16 23:13:28,809 - DEBUG - [global] log_uploader: START window=periodic made=-1 token=...Rjnfq
2026-09-16 23:13:29,648 - DEBUG - [global] _api_put: GET runs/20260916_231328_fail_periodic.log -> 404
2026-09-16 23:13:31,166 - DEBUG - [global] _api_put: PUT runs/20260916_231328_fail_periodic.log -> 201 (10182 bytes)
2026-09-16 23:13:31,167 - DEBUG - [global] log_uploader: STEP 1 (window log) -> https://github.com/StarateJI/L2Mauto/blob/bot-logs/runs/20260916_231328_fail_periodic.log
2026-09-16 23:13:31,168 - DEBUG - [global] log_uploader: STEP 2 SKIP (no PNGs)
