=== Log tail 2026-09-19T00:59:49.165432 | last 200 lines ===
2026-09-19 00:51:11,511 - DEBUG - [global] _api_put: PUT runs/20260919_005106_fail_global.log -> 201 (20344 bytes)
2026-09-19 00:51:11,512 - DEBUG - [global] log_uploader: STEP 3 (global log) -> https://github.com/StarateJI/L2Mauto/blob/bot-logs/runs/20260919_005106_fail_global.log
2026-09-19 00:51:11,512 - DEBUG - [global] log_uploader: END window=periodic
2026-09-19 00:51:11,512 - INFO - [global] LogUploader: upload_run_logs завершён
2026-09-19 00:51:40,433 - INFO - [global] Проверяю обновы...
2026-09-19 00:51:41,263 - DEBUG - [global] needs_update: raw → 5.11.18
2026-09-19 00:51:42,182 - DEBUG - [global] needs_update: API GitHub → 5.11.18
2026-09-19 00:51:42,839 - DEBUG - [global] needs_update: jsdelivr → 5.11.18
2026-09-19 00:51:42,839 - DEBUG - [global] needs_update: лучший источник raw → 5.11.18 (из 3)
2026-09-19 00:51:42,840 - INFO - [global] needs_update: local=(5, 11, 18) remote=(5, 11, 18) -> has_update=False
2026-09-19 00:51:42,841 - INFO - [global] Установлена последняя версия бота | 5.11.18
2026-09-19 00:52:11,548 - INFO - [global] LogUploader: запускаю upload_run_logs...
2026-09-19 00:52:11,549 - DEBUG - [global] log_uploader: START window=periodic made=-1 token=...Rjnfq
2026-09-19 00:52:12,388 - DEBUG - [global] _api_put: GET runs/20260919_005211_fail_periodic.log -> 404
2026-09-19 00:52:12,861 - INFO - [global] Проверяю обновы...
2026-09-19 00:52:13,521 - DEBUG - [global] needs_update: raw → 5.11.18
2026-09-19 00:52:13,741 - DEBUG - [global] _api_put: PUT runs/20260919_005211_fail_periodic.log -> 201 (10405 bytes)
2026-09-19 00:52:13,742 - DEBUG - [global] log_uploader: STEP 1 (window log) -> https://github.com/StarateJI/L2Mauto/blob/bot-logs/runs/20260919_005211_fail_periodic.log
2026-09-19 00:52:13,743 - DEBUG - [global] log_uploader: STEP 2 SKIP (no PNGs)
2026-09-19 00:52:14,359 - DEBUG - [global] needs_update: API GitHub → 5.11.18
2026-09-19 00:52:14,663 - DEBUG - [global] _api_put: GET runs/20260919_005211_fail_global.log -> 404
2026-09-19 00:52:15,018 - DEBUG - [global] needs_update: jsdelivr → 5.11.18
2026-09-19 00:52:15,018 - DEBUG - [global] needs_update: лучший источник raw → 5.11.18 (из 3)
2026-09-19 00:52:15,020 - INFO - [global] needs_update: local=(5, 11, 18) remote=(5, 11, 18) -> has_update=False
2026-09-19 00:52:15,020 - INFO - [global] Установлена последняя версия бота | 5.11.18
2026-09-19 00:52:16,338 - DEBUG - [global] _api_put: PUT runs/20260919_005211_fail_global.log -> 201 (20344 bytes)
2026-09-19 00:52:16,340 - DEBUG - [global] log_uploader: STEP 3 (global log) -> https://github.com/StarateJI/L2Mauto/blob/bot-logs/runs/20260919_005211_fail_global.log
2026-09-19 00:52:16,340 - DEBUG - [global] log_uploader: END window=periodic
2026-09-19 00:52:16,340 - INFO - [global] LogUploader: upload_run_logs завершён
2026-09-19 00:52:45,040 - INFO - [global] Проверяю обновы...
2026-09-19 00:52:45,694 - DEBUG - [global] needs_update: raw → 5.11.18
2026-09-19 00:52:46,527 - DEBUG - [global] needs_update: API GitHub → 5.11.18
2026-09-19 00:52:47,139 - DEBUG - [global] needs_update: jsdelivr → 5.11.18
2026-09-19 00:52:47,139 - DEBUG - [global] needs_update: лучший источник raw → 5.11.18 (из 3)
2026-09-19 00:52:47,141 - INFO - [global] needs_update: local=(5, 11, 18) remote=(5, 11, 18) -> has_update=False
2026-09-19 00:52:47,142 - INFO - [global] Установлена последняя версия бота | 5.11.18
2026-09-19 00:53:16,376 - INFO - [global] LogUploader: запускаю upload_run_logs...
2026-09-19 00:53:16,377 - DEBUG - [global] log_uploader: START window=periodic made=-1 token=...Rjnfq
2026-09-19 00:53:17,158 - INFO - [global] Проверяю обновы...
2026-09-19 00:53:17,210 - DEBUG - [global] _api_put: GET runs/20260919_005316_fail_periodic.log -> 404
2026-09-19 00:53:17,915 - DEBUG - [global] needs_update: raw → 5.11.18
2026-09-19 00:53:18,753 - DEBUG - [global] needs_update: API GitHub → 5.11.18
2026-09-19 00:53:18,815 - DEBUG - [global] _api_put: PUT runs/20260919_005316_fail_periodic.log -> 409 (10405 bytes)
2026-09-19 00:53:18,815 - WARNING - [global] _api_put: PUT failed body: {"message":"is at 03029fe1af15888fa311b9ad161f8424308adbdd but expected c71114d1e53182863105f05f6e77938691dfd673","documentation_url":"https://docs.github.com/rest/repos/contents#create-or-update-file
2026-09-19 00:53:18,817 - DEBUG - [global] log_uploader: STEP 1 (window log) -> FAILED
2026-09-19 00:53:18,819 - DEBUG - [global] log_uploader: STEP 2 SKIP (no PNGs)
2026-09-19 00:53:19,540 - DEBUG - [global] needs_update: jsdelivr → 5.11.18
2026-09-19 00:53:19,540 - DEBUG - [global] needs_update: лучший источник raw → 5.11.18 (из 3)
2026-09-19 00:53:19,542 - INFO - [global] needs_update: local=(5, 11, 18) remote=(5, 11, 18) -> has_update=False
2026-09-19 00:53:19,542 - INFO - [global] Установлена последняя версия бота | 5.11.18
2026-09-19 00:53:19,846 - DEBUG - [global] _api_put: GET runs/20260919_005316_fail_global.log -> 404
2026-09-19 00:53:21,337 - DEBUG - [global] _api_put: PUT runs/20260919_005316_fail_global.log -> 201 (20424 bytes)
2026-09-19 00:53:21,339 - DEBUG - [global] log_uploader: STEP 3 (global log) -> https://github.com/StarateJI/L2Mauto/blob/bot-logs/runs/20260919_005316_fail_global.log
2026-09-19 00:53:21,339 - DEBUG - [global] log_uploader: END window=periodic
2026-09-19 00:53:21,339 - INFO - [global] LogUploader: upload_run_logs завершён
2026-09-19 00:53:49,561 - INFO - [global] Проверяю обновы...
2026-09-19 00:53:50,232 - DEBUG - [global] needs_update: raw → 5.11.18
2026-09-19 00:53:51,151 - DEBUG - [global] needs_update: API GitHub → 5.11.18
2026-09-19 00:53:51,743 - DEBUG - [global] needs_update: jsdelivr → 5.11.18
2026-09-19 00:53:51,743 - DEBUG - [global] needs_update: лучший источник raw → 5.11.18 (из 3)
2026-09-19 00:53:51,745 - INFO - [global] needs_update: local=(5, 11, 18) remote=(5, 11, 18) -> has_update=False
2026-09-19 00:53:51,745 - INFO - [global] Установлена последняя версия бота | 5.11.18
2026-09-19 00:54:21,377 - INFO - [global] LogUploader: запускаю upload_run_logs...
2026-09-19 00:54:21,377 - DEBUG - [global] log_uploader: START window=periodic made=-1 token=...Rjnfq
2026-09-19 00:54:21,762 - INFO - [global] Проверяю обновы...
2026-09-19 00:54:22,163 - DEBUG - [global] _api_put: GET runs/20260919_005421_fail_periodic.log -> 404
2026-09-19 00:54:22,380 - DEBUG - [global] needs_update: raw → 5.11.18
2026-09-19 00:54:23,259 - DEBUG - [global] needs_update: API GitHub → 5.11.18
2026-09-19 00:54:23,644 - DEBUG - [global] _api_put: PUT runs/20260919_005421_fail_periodic.log -> 201 (10405 bytes)
2026-09-19 00:54:23,647 - DEBUG - [global] log_uploader: STEP 1 (window log) -> https://github.com/StarateJI/L2Mauto/blob/bot-logs/runs/20260919_005421_fail_periodic.log
2026-09-19 00:54:23,648 - DEBUG - [global] log_uploader: STEP 2 SKIP (no PNGs)
2026-09-19 00:54:23,894 - DEBUG - [global] needs_update: jsdelivr → 5.11.18
2026-09-19 00:54:23,894 - DEBUG - [global] needs_update: лучший источник raw → 5.11.18 (из 3)
2026-09-19 00:54:23,896 - INFO - [global] needs_update: local=(5, 11, 18) remote=(5, 11, 18) -> has_update=False
2026-09-19 00:54:23,897 - INFO - [global] Установлена последняя версия бота | 5.11.18
2026-09-19 00:54:24,504 - DEBUG - [global] _api_put: GET runs/20260919_005421_fail_global.log -> 404
2026-09-19 00:54:26,114 - DEBUG - [global] _api_put: PUT runs/20260919_005421_fail_global.log -> 201 (20150 bytes)
2026-09-19 00:54:26,115 - DEBUG - [global] log_uploader: STEP 3 (global log) -> https://github.com/StarateJI/L2Mauto/blob/bot-logs/runs/20260919_005421_fail_global.log
2026-09-19 00:54:26,115 - DEBUG - [global] log_uploader: END window=periodic
2026-09-19 00:54:26,115 - INFO - [global] LogUploader: upload_run_logs завершён
2026-09-19 00:54:53,912 - INFO - [global] Проверяю обновы...
2026-09-19 00:54:54,564 - DEBUG - [global] needs_update: raw → 5.11.18
2026-09-19 00:54:55,403 - DEBUG - [global] needs_update: API GitHub → 5.11.18
2026-09-19 00:54:56,041 - DEBUG - [global] needs_update: jsdelivr → 5.11.18
2026-09-19 00:54:56,041 - DEBUG - [global] needs_update: лучший источник raw → 5.11.18 (из 3)
2026-09-19 00:54:56,043 - INFO - [global] needs_update: local=(5, 11, 18) remote=(5, 11, 18) -> has_update=False
2026-09-19 00:54:56,044 - INFO - [global] Установлена последняя версия бота | 5.11.18
2026-09-19 00:55:26,060 - INFO - [global] Проверяю обновы...
2026-09-19 00:55:26,153 - INFO - [global] LogUploader: запускаю upload_run_logs...
2026-09-19 00:55:26,155 - DEBUG - [global] log_uploader: START window=periodic made=-1 token=...Rjnfq
2026-09-19 00:55:26,812 - DEBUG - [global] needs_update: raw → 5.11.18
2026-09-19 00:55:27,093 - DEBUG - [global] _api_put: GET runs/20260919_005526_fail_periodic.log -> 404
2026-09-19 00:55:27,724 - DEBUG - [global] needs_update: API GitHub → 5.11.18
2026-09-19 00:55:28,440 - DEBUG - [global] needs_update: jsdelivr → 5.11.18
2026-09-19 00:55:28,440 - DEBUG - [global] needs_update: лучший источник raw → 5.11.18 (из 3)
2026-09-19 00:55:28,441 - INFO - [global] needs_update: local=(5, 11, 18) remote=(5, 11, 18) -> has_update=False
2026-09-19 00:55:28,442 - INFO - [global] Установлена последняя версия бота | 5.11.18
2026-09-19 00:55:28,637 - DEBUG - [global] _api_put: PUT runs/20260919_005526_fail_periodic.log -> 201 (10405 bytes)
2026-09-19 00:55:28,638 - DEBUG - [global] log_uploader: STEP 1 (window log) -> https://github.com/StarateJI/L2Mauto/blob/bot-logs/runs/20260919_005526_fail_periodic.log
2026-09-19 00:55:28,640 - DEBUG - [global] log_uploader: STEP 2 SKIP (no PNGs)
2026-09-19 00:55:29,568 - DEBUG - [global] _api_put: GET runs/20260919_005526_fail_global.log -> 404
2026-09-19 00:55:31,412 - DEBUG - [global] _api_put: PUT runs/20260919_005526_fail_global.log -> 201 (20156 bytes)
2026-09-19 00:55:31,414 - DEBUG - [global] log_uploader: STEP 3 (global log) -> https://github.com/StarateJI/L2Mauto/blob/bot-logs/runs/20260919_005526_fail_global.log
2026-09-19 00:55:31,414 - DEBUG - [global] log_uploader: END window=periodic
2026-09-19 00:55:31,414 - INFO - [global] LogUploader: upload_run_logs завершён
2026-09-19 00:55:58,461 - INFO - [global] Проверяю обновы...
2026-09-19 00:55:59,132 - DEBUG - [global] needs_update: raw → 5.11.18
2026-09-19 00:55:59,989 - DEBUG - [global] needs_update: API GitHub → 5.11.18
2026-09-19 00:56:00,650 - DEBUG - [global] needs_update: jsdelivr → 5.11.18
2026-09-19 00:56:00,650 - DEBUG - [global] needs_update: лучший источник raw → 5.11.18 (из 3)
2026-09-19 00:56:00,653 - INFO - [global] needs_update: local=(5, 11, 18) remote=(5, 11, 18) -> has_update=False
2026-09-19 00:56:00,653 - INFO - [global] Установлена последняя версия бота | 5.11.18
2026-09-19 00:56:30,671 - INFO - [global] Проверяю обновы...
2026-09-19 00:56:31,320 - DEBUG - [global] needs_update: raw → 5.11.18
2026-09-19 00:56:31,448 - INFO - [global] LogUploader: запускаю upload_run_logs...
2026-09-19 00:56:31,448 - DEBUG - [global] log_uploader: START window=periodic made=-1 token=...Rjnfq
2026-09-19 00:56:32,336 - DEBUG - [global] needs_update: API GitHub → 5.11.18
2026-09-19 00:56:32,422 - DEBUG - [global] _api_put: GET runs/20260919_005631_fail_periodic.log -> 404
2026-09-19 00:56:33,179 - DEBUG - [global] needs_update: jsdelivr → 5.11.18
2026-09-19 00:56:33,180 - DEBUG - [global] needs_update: лучший источник raw → 5.11.18 (из 3)
2026-09-19 00:56:33,181 - INFO - [global] needs_update: local=(5, 11, 18) remote=(5, 11, 18) -> has_update=False
2026-09-19 00:56:33,182 - INFO - [global] Установлена последняя версия бота | 5.11.18
2026-09-19 00:56:34,086 - DEBUG - [global] _api_put: PUT runs/20260919_005631_fail_periodic.log -> 201 (10405 bytes)
2026-09-19 00:56:34,088 - DEBUG - [global] log_uploader: STEP 1 (window log) -> https://github.com/StarateJI/L2Mauto/blob/bot-logs/runs/20260919_005631_fail_periodic.log
2026-09-19 00:56:34,089 - DEBUG - [global] log_uploader: STEP 2 SKIP (no PNGs)
2026-09-19 00:56:35,005 - DEBUG - [global] _api_put: GET runs/20260919_005631_fail_global.log -> 404
2026-09-19 00:56:36,523 - DEBUG - [global] _api_put: PUT runs/20260919_005631_fail_global.log -> 201 (20156 bytes)
2026-09-19 00:56:36,524 - DEBUG - [global] log_uploader: STEP 3 (global log) -> https://github.com/StarateJI/L2Mauto/blob/bot-logs/runs/20260919_005631_fail_global.log
2026-09-19 00:56:36,524 - DEBUG - [global] log_uploader: END window=periodic
2026-09-19 00:56:36,524 - INFO - [global] LogUploader: upload_run_logs завершён
2026-09-19 00:57:03,201 - INFO - [global] Проверяю обновы...
2026-09-19 00:57:04,064 - DEBUG - [global] needs_update: raw → 5.11.18
2026-09-19 00:57:04,951 - DEBUG - [global] needs_update: API GitHub → 5.11.18
2026-09-19 00:57:05,639 - DEBUG - [global] needs_update: jsdelivr → 5.11.18
2026-09-19 00:57:05,639 - DEBUG - [global] needs_update: лучший источник raw → 5.11.18 (из 3)
2026-09-19 00:57:05,642 - INFO - [global] needs_update: local=(5, 11, 18) remote=(5, 11, 18) -> has_update=False
2026-09-19 00:57:05,642 - INFO - [global] Установлена последняя версия бота | 5.11.18
2026-09-19 00:57:35,664 - INFO - [global] Проверяю обновы...
2026-09-19 00:57:36,310 - DEBUG - [global] needs_update: raw → 5.11.18
2026-09-19 00:57:36,559 - INFO - [global] LogUploader: запускаю upload_run_logs...
2026-09-19 00:57:36,560 - DEBUG - [global] log_uploader: START window=periodic made=-1 token=...Rjnfq
2026-09-19 00:57:37,225 - DEBUG - [global] needs_update: API GitHub → 5.11.18
2026-09-19 00:57:37,456 - DEBUG - [global] _api_put: GET runs/20260919_005736_fail_periodic.log -> 404
2026-09-19 00:57:38,028 - DEBUG - [global] needs_update: jsdelivr → 5.11.18
2026-09-19 00:57:38,029 - DEBUG - [global] needs_update: лучший источник raw → 5.11.18 (из 3)
2026-09-19 00:57:38,031 - INFO - [global] needs_update: local=(5, 11, 18) remote=(5, 11, 18) -> has_update=False
2026-09-19 00:57:38,032 - INFO - [global] Установлена последняя версия бота | 5.11.18
2026-09-19 00:57:38,988 - DEBUG - [global] _api_put: PUT runs/20260919_005736_fail_periodic.log -> 201 (10405 bytes)
2026-09-19 00:57:38,989 - DEBUG - [global] log_uploader: STEP 1 (window log) -> https://github.com/StarateJI/L2Mauto/blob/bot-logs/runs/20260919_005736_fail_periodic.log
2026-09-19 00:57:38,990 - DEBUG - [global] log_uploader: STEP 2 SKIP (no PNGs)
2026-09-19 00:57:39,914 - DEBUG - [global] _api_put: GET runs/20260919_005736_fail_global.log -> 404
2026-09-19 00:57:41,524 - DEBUG - [global] _api_put: PUT runs/20260919_005736_fail_global.log -> 201 (20157 bytes)
2026-09-19 00:57:41,526 - DEBUG - [global] log_uploader: STEP 3 (global log) -> https://github.com/StarateJI/L2Mauto/blob/bot-logs/runs/20260919_005736_fail_global.log
2026-09-19 00:57:41,526 - DEBUG - [global] log_uploader: END window=periodic
2026-09-19 00:57:41,526 - INFO - [global] LogUploader: upload_run_logs завершён
2026-09-19 00:58:08,048 - INFO - [global] Проверяю обновы...
2026-09-19 00:58:08,710 - DEBUG - [global] needs_update: raw → 5.11.18
2026-09-19 00:58:09,572 - DEBUG - [global] needs_update: API GitHub → 5.11.18
2026-09-19 00:58:10,230 - DEBUG - [global] needs_update: jsdelivr → 5.11.18
2026-09-19 00:58:10,230 - DEBUG - [global] needs_update: лучший источник raw → 5.11.18 (из 3)
2026-09-19 00:58:10,231 - INFO - [global] needs_update: local=(5, 11, 18) remote=(5, 11, 18) -> has_update=False
2026-09-19 00:58:10,232 - INFO - [global] Установлена последняя версия бота | 5.11.18
2026-09-19 00:58:40,252 - INFO - [global] Проверяю обновы...
2026-09-19 00:58:40,918 - DEBUG - [global] needs_update: raw → 5.11.18
2026-09-19 00:58:41,561 - INFO - [global] LogUploader: запускаю upload_run_logs...
2026-09-19 00:58:41,563 - DEBUG - [global] log_uploader: START window=periodic made=-1 token=...Rjnfq
2026-09-19 00:58:41,777 - DEBUG - [global] needs_update: API GitHub → 5.11.18
2026-09-19 00:58:42,537 - DEBUG - [global] _api_put: GET runs/20260919_005841_fail_periodic.log -> 404
2026-09-19 00:58:42,553 - DEBUG - [global] needs_update: jsdelivr → 5.11.18
2026-09-19 00:58:42,553 - DEBUG - [global] needs_update: лучший источник raw → 5.11.18 (из 3)
2026-09-19 00:58:42,555 - INFO - [global] needs_update: local=(5, 11, 18) remote=(5, 11, 18) -> has_update=False
2026-09-19 00:58:42,556 - INFO - [global] Установлена последняя версия бота | 5.11.18
2026-09-19 00:58:43,924 - DEBUG - [global] _api_put: PUT runs/20260919_005841_fail_periodic.log -> 201 (10405 bytes)
2026-09-19 00:58:43,926 - DEBUG - [global] log_uploader: STEP 1 (window log) -> https://github.com/StarateJI/L2Mauto/blob/bot-logs/runs/20260919_005841_fail_periodic.log
2026-09-19 00:58:43,927 - DEBUG - [global] log_uploader: STEP 2 SKIP (no PNGs)
2026-09-19 00:58:44,897 - DEBUG - [global] _api_put: GET runs/20260919_005841_fail_global.log -> 404
2026-09-19 00:58:46,480 - DEBUG - [global] _api_put: PUT runs/20260919_005841_fail_global.log -> 201 (20189 bytes)
2026-09-19 00:58:46,482 - DEBUG - [global] log_uploader: STEP 3 (global log) -> https://github.com/StarateJI/L2Mauto/blob/bot-logs/runs/20260919_005841_fail_global.log
2026-09-19 00:58:46,482 - DEBUG - [global] log_uploader: END window=periodic
2026-09-19 00:58:46,482 - INFO - [global] LogUploader: upload_run_logs завершён
2026-09-19 00:59:12,573 - INFO - [global] Проверяю обновы...
2026-09-19 00:59:13,254 - DEBUG - [global] needs_update: raw → 5.11.18
2026-09-19 00:59:14,127 - DEBUG - [global] needs_update: API GitHub → 5.11.18
2026-09-19 00:59:14,797 - DEBUG - [global] needs_update: jsdelivr → 5.11.18
2026-09-19 00:59:14,797 - DEBUG - [global] needs_update: лучший источник raw → 5.11.18 (из 3)
2026-09-19 00:59:14,798 - INFO - [global] needs_update: local=(5, 11, 18) remote=(5, 11, 18) -> has_update=False
2026-09-19 00:59:14,798 - INFO - [global] Установлена последняя версия бота | 5.11.18
2026-09-19 00:59:44,817 - INFO - [global] Проверяю обновы...
2026-09-19 00:59:45,507 - DEBUG - [global] needs_update: raw → 5.11.18
2026-09-19 00:59:46,399 - DEBUG - [global] needs_update: API GitHub → 5.11.18
2026-09-19 00:59:46,650 - INFO - [global] LogUploader: запускаю upload_run_logs...
2026-09-19 00:59:46,650 - DEBUG - [global] log_uploader: START window=periodic made=-1 token=...Rjnfq
2026-09-19 00:59:47,216 - DEBUG - [global] needs_update: jsdelivr → 5.11.18
2026-09-19 00:59:47,216 - DEBUG - [global] needs_update: лучший источник raw → 5.11.18 (из 3)
2026-09-19 00:59:47,218 - INFO - [global] needs_update: local=(5, 11, 18) remote=(5, 11, 18) -> has_update=False
2026-09-19 00:59:47,219 - INFO - [global] Установлена последняя версия бота | 5.11.18
2026-09-19 00:59:47,647 - DEBUG - [global] _api_put: GET runs/20260919_005946_fail_periodic.log -> 404
2026-09-19 00:59:49,105 - DEBUG - [global] _api_put: PUT runs/20260919_005946_fail_periodic.log -> 201 (10405 bytes)
2026-09-19 00:59:49,108 - DEBUG - [global] log_uploader: STEP 1 (window log) -> https://github.com/StarateJI/L2Mauto/blob/bot-logs/runs/20260919_005946_fail_periodic.log
2026-09-19 00:59:49,109 - DEBUG - [global] log_uploader: STEP 2 SKIP (no PNGs)
