=== Log tail 2026-09-17T02:17:55.932142 | last 200 lines ===
2026-09-17 02:08:28,009 - DEBUG - [global] _api_put: GET runs/20260917_020826_fail_global.log -> 404
2026-09-17 02:08:29,965 - DEBUG - [global] _api_put: PUT runs/20260917_020826_fail_global.log -> 201 (19304 bytes)
2026-09-17 02:08:29,970 - DEBUG - [global] log_uploader: STEP 3 (global log) -> https://github.com/StarateJI/L2Mauto/blob/bot-logs/runs/20260917_020826_fail_global.log
2026-09-17 02:08:29,971 - DEBUG - [global] log_uploader: END window=periodic
2026-09-17 02:08:29,971 - INFO - [global] LogUploader: upload_run_logs завершён
2026-09-17 02:08:52,234 - INFO - [global] Проверяю обновы...
2026-09-17 02:08:53,432 - DEBUG - [global] needs_update: API GitHub → 5.9.0
2026-09-17 02:08:54,595 - DEBUG - [global] needs_update: raw → 5.9.0
2026-09-17 02:08:55,563 - DEBUG - [global] needs_update: jsdelivr → 5.9.0
2026-09-17 02:08:55,564 - DEBUG - [global] needs_update: лучший источник API → 5.9.0 (из 3)
2026-09-17 02:08:55,569 - INFO - [global] needs_update: local=(5, 9, 0) remote=(5, 9, 0) -> has_update=False
2026-09-17 02:08:55,570 - INFO - [global] Установлена последняя версия бота | 5.9.0
2026-09-17 02:09:25,588 - INFO - [global] Проверяю обновы...
2026-09-17 02:09:26,784 - DEBUG - [global] needs_update: API GitHub → 5.9.0
2026-09-17 02:09:27,794 - DEBUG - [global] needs_update: raw → 5.9.0
2026-09-17 02:09:28,784 - DEBUG - [global] needs_update: jsdelivr → 5.9.0
2026-09-17 02:09:28,784 - DEBUG - [global] needs_update: лучший источник API → 5.9.0 (из 3)
2026-09-17 02:09:28,789 - INFO - [global] needs_update: local=(5, 9, 0) remote=(5, 9, 0) -> has_update=False
2026-09-17 02:09:28,790 - INFO - [global] Установлена последняя версия бота | 5.9.0
2026-09-17 02:09:30,005 - INFO - [global] LogUploader: запускаю upload_run_logs...
2026-09-17 02:09:30,008 - DEBUG - [global] log_uploader: START window=periodic made=-1 token=...Rjnfq
2026-09-17 02:09:30,009 - DEBUG - [global] log_uploader: STEP 1 SKIP (no C:\Users\PC\Desktop\L2Mauto\logs\periodic.log)
2026-09-17 02:09:30,009 - DEBUG - [global] log_uploader: STEP 2 SKIP (no PNGs)
2026-09-17 02:09:31,272 - DEBUG - [global] _api_put: GET runs/20260917_020930_fail_global.log -> 404
2026-09-17 02:09:33,209 - DEBUG - [global] _api_put: PUT runs/20260917_020930_fail_global.log -> 201 (19222 bytes)
2026-09-17 02:09:33,214 - DEBUG - [global] log_uploader: STEP 3 (global log) -> https://github.com/StarateJI/L2Mauto/blob/bot-logs/runs/20260917_020930_fail_global.log
2026-09-17 02:09:33,214 - DEBUG - [global] log_uploader: END window=periodic
2026-09-17 02:09:33,214 - INFO - [global] LogUploader: upload_run_logs завершён
2026-09-17 02:09:58,808 - INFO - [global] Проверяю обновы...
2026-09-17 02:10:00,186 - DEBUG - [global] needs_update: API GitHub → 5.9.0
2026-09-17 02:10:01,134 - DEBUG - [global] needs_update: raw → 5.9.0
2026-09-17 02:10:02,092 - DEBUG - [global] needs_update: jsdelivr → 5.9.0
2026-09-17 02:10:02,093 - DEBUG - [global] needs_update: лучший источник API → 5.9.0 (из 3)
2026-09-17 02:10:02,098 - INFO - [global] needs_update: local=(5, 9, 0) remote=(5, 9, 0) -> has_update=False
2026-09-17 02:10:02,099 - INFO - [global] Установлена последняя версия бота | 5.9.0
2026-09-17 02:10:32,117 - INFO - [global] Проверяю обновы...
2026-09-17 02:10:33,252 - INFO - [global] LogUploader: запускаю upload_run_logs...
2026-09-17 02:10:33,254 - DEBUG - [global] log_uploader: START window=periodic made=-1 token=...Rjnfq
2026-09-17 02:10:33,255 - DEBUG - [global] log_uploader: STEP 1 SKIP (no C:\Users\PC\Desktop\L2Mauto\logs\periodic.log)
2026-09-17 02:10:33,255 - DEBUG - [global] log_uploader: STEP 2 SKIP (no PNGs)
2026-09-17 02:10:33,313 - DEBUG - [global] needs_update: API GitHub → 5.9.0
2026-09-17 02:10:34,429 - DEBUG - [global] needs_update: raw → 5.9.0
2026-09-17 02:10:34,621 - DEBUG - [global] _api_put: GET runs/20260917_021033_fail_global.log -> 404
2026-09-17 02:10:35,535 - DEBUG - [global] needs_update: jsdelivr → 5.9.0
2026-09-17 02:10:35,536 - DEBUG - [global] needs_update: лучший источник API → 5.9.0 (из 3)
2026-09-17 02:10:35,540 - INFO - [global] needs_update: local=(5, 9, 0) remote=(5, 9, 0) -> has_update=False
2026-09-17 02:10:35,541 - INFO - [global] Установлена последняя версия бота | 5.9.0
2026-09-17 02:10:36,506 - DEBUG - [global] _api_put: PUT runs/20260917_021033_fail_global.log -> 201 (19228 bytes)
2026-09-17 02:10:36,511 - DEBUG - [global] log_uploader: STEP 3 (global log) -> https://github.com/StarateJI/L2Mauto/blob/bot-logs/runs/20260917_021033_fail_global.log
2026-09-17 02:10:36,511 - DEBUG - [global] log_uploader: END window=periodic
2026-09-17 02:10:36,511 - INFO - [global] LogUploader: upload_run_logs завершён
2026-09-17 02:11:05,554 - INFO - [global] Проверяю обновы...
2026-09-17 02:11:06,721 - DEBUG - [global] needs_update: API GitHub → 5.9.0
2026-09-17 02:11:07,686 - DEBUG - [global] needs_update: raw → 5.9.0
2026-09-17 02:11:08,636 - DEBUG - [global] needs_update: jsdelivr → 5.9.0
2026-09-17 02:11:08,636 - DEBUG - [global] needs_update: лучший источник API → 5.9.0 (из 3)
2026-09-17 02:11:08,641 - INFO - [global] needs_update: local=(5, 9, 0) remote=(5, 9, 0) -> has_update=False
2026-09-17 02:11:08,642 - INFO - [global] Установлена последняя версия бота | 5.9.0
2026-09-17 02:11:36,543 - INFO - [global] LogUploader: запускаю upload_run_logs...
2026-09-17 02:11:36,545 - DEBUG - [global] log_uploader: START window=periodic made=-1 token=...Rjnfq
2026-09-17 02:11:36,546 - DEBUG - [global] log_uploader: STEP 1 SKIP (no C:\Users\PC\Desktop\L2Mauto\logs\periodic.log)
2026-09-17 02:11:36,547 - DEBUG - [global] log_uploader: STEP 2 SKIP (no PNGs)
2026-09-17 02:11:37,819 - DEBUG - [global] _api_put: GET runs/20260917_021136_fail_global.log -> 404
2026-09-17 02:11:38,659 - INFO - [global] Проверяю обновы...
2026-09-17 02:11:39,742 - DEBUG - [global] _api_put: PUT runs/20260917_021136_fail_global.log -> 201 (19291 bytes)
2026-09-17 02:11:39,748 - DEBUG - [global] log_uploader: STEP 3 (global log) -> https://github.com/StarateJI/L2Mauto/blob/bot-logs/runs/20260917_021136_fail_global.log
2026-09-17 02:11:39,748 - DEBUG - [global] log_uploader: END window=periodic
2026-09-17 02:11:39,748 - INFO - [global] LogUploader: upload_run_logs завершён
2026-09-17 02:11:40,003 - DEBUG - [global] needs_update: API GitHub → 5.9.0
2026-09-17 02:11:40,968 - DEBUG - [global] needs_update: raw → 5.9.0
2026-09-17 02:11:41,887 - DEBUG - [global] needs_update: jsdelivr → 5.9.0
2026-09-17 02:11:41,887 - DEBUG - [global] needs_update: лучший источник API → 5.9.0 (из 3)
2026-09-17 02:11:41,891 - INFO - [global] needs_update: local=(5, 9, 0) remote=(5, 9, 0) -> has_update=False
2026-09-17 02:11:41,892 - INFO - [global] Установлена последняя версия бота | 5.9.0
2026-09-17 02:12:11,909 - INFO - [global] Проверяю обновы...
2026-09-17 02:12:13,066 - DEBUG - [global] needs_update: API GitHub → 5.9.0
2026-09-17 02:12:14,031 - DEBUG - [global] needs_update: raw → 5.9.0
2026-09-17 02:12:14,884 - DEBUG - [global] needs_update: jsdelivr → 5.9.0
2026-09-17 02:12:14,884 - DEBUG - [global] needs_update: лучший источник API → 5.9.0 (из 3)
2026-09-17 02:12:14,889 - INFO - [global] needs_update: local=(5, 9, 0) remote=(5, 9, 0) -> has_update=False
2026-09-17 02:12:14,890 - INFO - [global] Установлена последняя версия бота | 5.9.0
2026-09-17 02:12:39,784 - INFO - [global] LogUploader: запускаю upload_run_logs...
2026-09-17 02:12:39,787 - DEBUG - [global] log_uploader: START window=periodic made=-1 token=...Rjnfq
2026-09-17 02:12:39,787 - DEBUG - [global] log_uploader: STEP 1 SKIP (no C:\Users\PC\Desktop\L2Mauto\logs\periodic.log)
2026-09-17 02:12:39,788 - DEBUG - [global] log_uploader: STEP 2 SKIP (no PNGs)
2026-09-17 02:12:41,094 - DEBUG - [global] _api_put: GET runs/20260917_021239_fail_global.log -> 404
2026-09-17 02:12:42,941 - DEBUG - [global] _api_put: PUT runs/20260917_021239_fail_global.log -> 201 (19291 bytes)
2026-09-17 02:12:42,946 - DEBUG - [global] log_uploader: STEP 3 (global log) -> https://github.com/StarateJI/L2Mauto/blob/bot-logs/runs/20260917_021239_fail_global.log
2026-09-17 02:12:42,946 - DEBUG - [global] log_uploader: END window=periodic
2026-09-17 02:12:42,946 - INFO - [global] LogUploader: upload_run_logs завершён
2026-09-17 02:12:44,907 - INFO - [global] Проверяю обновы...
2026-09-17 02:12:46,073 - DEBUG - [global] needs_update: API GitHub → 5.9.0
2026-09-17 02:12:47,025 - DEBUG - [global] needs_update: raw → 5.9.0
2026-09-17 02:12:47,897 - DEBUG - [global] needs_update: jsdelivr → 5.9.0
2026-09-17 02:12:47,898 - DEBUG - [global] needs_update: лучший источник API → 5.9.0 (из 3)
2026-09-17 02:12:47,903 - INFO - [global] needs_update: local=(5, 9, 0) remote=(5, 9, 0) -> has_update=False
2026-09-17 02:12:47,904 - INFO - [global] Установлена последняя версия бота | 5.9.0
2026-09-17 02:13:17,922 - INFO - [global] Проверяю обновы...
2026-09-17 02:13:19,260 - DEBUG - [global] needs_update: API GitHub → 5.9.0
2026-09-17 02:13:20,238 - DEBUG - [global] needs_update: raw → 5.9.0
2026-09-17 02:13:21,111 - DEBUG - [global] needs_update: jsdelivr → 5.9.0
2026-09-17 02:13:21,111 - DEBUG - [global] needs_update: лучший источник API → 5.9.0 (из 3)
2026-09-17 02:13:21,115 - INFO - [global] needs_update: local=(5, 9, 0) remote=(5, 9, 0) -> has_update=False
2026-09-17 02:13:21,117 - INFO - [global] Установлена последняя версия бота | 5.9.0
2026-09-17 02:13:42,982 - INFO - [global] LogUploader: запускаю upload_run_logs...
2026-09-17 02:13:42,984 - DEBUG - [global] log_uploader: START window=periodic made=-1 token=...Rjnfq
2026-09-17 02:13:42,985 - DEBUG - [global] log_uploader: STEP 1 SKIP (no C:\Users\PC\Desktop\L2Mauto\logs\periodic.log)
2026-09-17 02:13:42,985 - DEBUG - [global] log_uploader: STEP 2 SKIP (no PNGs)
2026-09-17 02:13:44,260 - DEBUG - [global] _api_put: GET runs/20260917_021342_fail_global.log -> 404
2026-09-17 02:13:46,154 - DEBUG - [global] _api_put: PUT runs/20260917_021342_fail_global.log -> 201 (19291 bytes)
2026-09-17 02:13:46,159 - DEBUG - [global] log_uploader: STEP 3 (global log) -> https://github.com/StarateJI/L2Mauto/blob/bot-logs/runs/20260917_021342_fail_global.log
2026-09-17 02:13:46,159 - DEBUG - [global] log_uploader: END window=periodic
2026-09-17 02:13:46,159 - INFO - [global] LogUploader: upload_run_logs завершён
2026-09-17 02:13:51,133 - INFO - [global] Проверяю обновы...
2026-09-17 02:13:52,297 - DEBUG - [global] needs_update: API GitHub → 5.9.0
2026-09-17 02:13:53,280 - DEBUG - [global] needs_update: raw → 5.9.0
2026-09-17 02:13:54,185 - DEBUG - [global] needs_update: jsdelivr → 5.9.0
2026-09-17 02:13:54,185 - DEBUG - [global] needs_update: лучший источник API → 5.9.0 (из 3)
2026-09-17 02:13:54,190 - INFO - [global] needs_update: local=(5, 9, 0) remote=(5, 9, 0) -> has_update=False
2026-09-17 02:13:54,191 - INFO - [global] Установлена последняя версия бота | 5.9.0
2026-09-17 02:14:24,213 - INFO - [global] Проверяю обновы...
2026-09-17 02:14:25,371 - DEBUG - [global] needs_update: API GitHub → 5.9.0
2026-09-17 02:14:26,311 - DEBUG - [global] needs_update: raw → 5.9.0
2026-09-17 02:14:27,179 - DEBUG - [global] needs_update: jsdelivr → 5.9.0
2026-09-17 02:14:27,179 - DEBUG - [global] needs_update: лучший источник API → 5.9.0 (из 3)
2026-09-17 02:14:27,184 - INFO - [global] needs_update: local=(5, 9, 0) remote=(5, 9, 0) -> has_update=False
2026-09-17 02:14:27,185 - INFO - [global] Установлена последняя версия бота | 5.9.0
2026-09-17 02:14:46,193 - INFO - [global] LogUploader: запускаю upload_run_logs...
2026-09-17 02:14:46,196 - DEBUG - [global] log_uploader: START window=periodic made=-1 token=...Rjnfq
2026-09-17 02:14:46,196 - DEBUG - [global] log_uploader: STEP 1 SKIP (no C:\Users\PC\Desktop\L2Mauto\logs\periodic.log)
2026-09-17 02:14:46,196 - DEBUG - [global] log_uploader: STEP 2 SKIP (no PNGs)
2026-09-17 02:14:47,476 - DEBUG - [global] _api_put: GET runs/20260917_021446_fail_global.log -> 404
2026-09-17 02:14:49,369 - DEBUG - [global] _api_put: PUT runs/20260917_021446_fail_global.log -> 201 (19291 bytes)
2026-09-17 02:14:49,373 - DEBUG - [global] log_uploader: STEP 3 (global log) -> https://github.com/StarateJI/L2Mauto/blob/bot-logs/runs/20260917_021446_fail_global.log
2026-09-17 02:14:49,373 - DEBUG - [global] log_uploader: END window=periodic
2026-09-17 02:14:49,373 - INFO - [global] LogUploader: upload_run_logs завершён
2026-09-17 02:14:57,204 - INFO - [global] Проверяю обновы...
2026-09-17 02:14:58,372 - DEBUG - [global] needs_update: API GitHub → 5.9.0
2026-09-17 02:14:59,292 - DEBUG - [global] needs_update: raw → 5.9.0
2026-09-17 02:15:00,167 - DEBUG - [global] needs_update: jsdelivr → 5.9.0
2026-09-17 02:15:00,167 - DEBUG - [global] needs_update: лучший источник API → 5.9.0 (из 3)
2026-09-17 02:15:00,171 - INFO - [global] needs_update: local=(5, 9, 0) remote=(5, 9, 0) -> has_update=False
2026-09-17 02:15:00,173 - INFO - [global] Установлена последняя версия бота | 5.9.0
2026-09-17 02:15:30,189 - INFO - [global] Проверяю обновы...
2026-09-17 02:15:31,365 - DEBUG - [global] needs_update: API GitHub → 5.9.0
2026-09-17 02:15:32,364 - DEBUG - [global] needs_update: raw → 5.9.0
2026-09-17 02:15:33,254 - DEBUG - [global] needs_update: jsdelivr → 5.9.0
2026-09-17 02:15:33,254 - DEBUG - [global] needs_update: лучший источник API → 5.9.0 (из 3)
2026-09-17 02:15:33,258 - INFO - [global] needs_update: local=(5, 9, 0) remote=(5, 9, 0) -> has_update=False
2026-09-17 02:15:33,260 - INFO - [global] Установлена последняя версия бота | 5.9.0
2026-09-17 02:15:49,410 - INFO - [global] LogUploader: запускаю upload_run_logs...
2026-09-17 02:15:49,412 - DEBUG - [global] log_uploader: START window=periodic made=-1 token=...Rjnfq
2026-09-17 02:15:49,412 - DEBUG - [global] log_uploader: STEP 1 SKIP (no C:\Users\PC\Desktop\L2Mauto\logs\periodic.log)
2026-09-17 02:15:49,412 - DEBUG - [global] log_uploader: STEP 2 SKIP (no PNGs)
2026-09-17 02:15:50,649 - DEBUG - [global] _api_put: GET runs/20260917_021549_fail_global.log -> 404
2026-09-17 02:15:52,652 - DEBUG - [global] _api_put: PUT runs/20260917_021549_fail_global.log -> 201 (19291 bytes)
2026-09-17 02:15:52,657 - DEBUG - [global] log_uploader: STEP 3 (global log) -> https://github.com/StarateJI/L2Mauto/blob/bot-logs/runs/20260917_021549_fail_global.log
2026-09-17 02:15:52,657 - DEBUG - [global] log_uploader: END window=periodic
2026-09-17 02:15:52,657 - INFO - [global] LogUploader: upload_run_logs завершён
2026-09-17 02:16:03,277 - INFO - [global] Проверяю обновы...
2026-09-17 02:16:04,463 - DEBUG - [global] needs_update: API GitHub → 5.9.0
2026-09-17 02:16:05,427 - DEBUG - [global] needs_update: raw → 5.9.0
2026-09-17 02:16:06,301 - DEBUG - [global] needs_update: jsdelivr → 5.9.0
2026-09-17 02:16:06,301 - DEBUG - [global] needs_update: лучший источник API → 5.9.0 (из 3)
2026-09-17 02:16:06,306 - INFO - [global] needs_update: local=(5, 9, 0) remote=(5, 9, 0) -> has_update=False
2026-09-17 02:16:06,307 - INFO - [global] Установлена последняя версия бота | 5.9.0
2026-09-17 02:16:36,326 - INFO - [global] Проверяю обновы...
2026-09-17 02:16:37,483 - DEBUG - [global] needs_update: API GitHub → 5.9.0
2026-09-17 02:16:38,466 - DEBUG - [global] needs_update: raw → 5.9.0
2026-09-17 02:16:39,333 - DEBUG - [global] needs_update: jsdelivr → 5.9.0
2026-09-17 02:16:39,333 - DEBUG - [global] needs_update: лучший источник API → 5.9.0 (из 3)
2026-09-17 02:16:39,338 - INFO - [global] needs_update: local=(5, 9, 0) remote=(5, 9, 0) -> has_update=False
2026-09-17 02:16:39,339 - INFO - [global] Установлена последняя версия бота | 5.9.0
2026-09-17 02:16:52,691 - INFO - [global] LogUploader: запускаю upload_run_logs...
2026-09-17 02:16:52,693 - DEBUG - [global] log_uploader: START window=periodic made=-1 token=...Rjnfq
2026-09-17 02:16:52,694 - DEBUG - [global] log_uploader: STEP 1 SKIP (no C:\Users\PC\Desktop\L2Mauto\logs\periodic.log)
2026-09-17 02:16:52,695 - DEBUG - [global] log_uploader: STEP 2 SKIP (no PNGs)
2026-09-17 02:16:53,931 - DEBUG - [global] _api_put: GET runs/20260917_021652_fail_global.log -> 404
2026-09-17 02:16:55,802 - DEBUG - [global] _api_put: PUT runs/20260917_021652_fail_global.log -> 201 (19291 bytes)
2026-09-17 02:16:55,808 - DEBUG - [global] log_uploader: STEP 3 (global log) -> https://github.com/StarateJI/L2Mauto/blob/bot-logs/runs/20260917_021652_fail_global.log
2026-09-17 02:16:55,808 - DEBUG - [global] log_uploader: END window=periodic
2026-09-17 02:16:55,808 - INFO - [global] LogUploader: upload_run_logs завершён
2026-09-17 02:17:09,358 - INFO - [global] Проверяю обновы...
2026-09-17 02:17:10,640 - DEBUG - [global] needs_update: API GitHub → 5.9.0
2026-09-17 02:17:11,617 - DEBUG - [global] needs_update: raw → 5.9.0
2026-09-17 02:17:12,483 - DEBUG - [global] needs_update: jsdelivr → 5.9.0
2026-09-17 02:17:12,483 - DEBUG - [global] needs_update: лучший источник API → 5.9.0 (из 3)
2026-09-17 02:17:12,488 - INFO - [global] needs_update: local=(5, 9, 0) remote=(5, 9, 0) -> has_update=False
2026-09-17 02:17:12,489 - INFO - [global] Установлена последняя версия бота | 5.9.0
2026-09-17 02:17:42,509 - INFO - [global] Проверяю обновы...
2026-09-17 02:17:43,682 - DEBUG - [global] needs_update: API GitHub → 5.9.0
2026-09-17 02:17:44,650 - DEBUG - [global] needs_update: raw → 5.9.0
2026-09-17 02:17:45,523 - DEBUG - [global] needs_update: jsdelivr → 5.9.0
2026-09-17 02:17:45,523 - DEBUG - [global] needs_update: лучший источник API → 5.9.0 (из 3)
2026-09-17 02:17:45,527 - INFO - [global] needs_update: local=(5, 9, 0) remote=(5, 9, 0) -> has_update=False
2026-09-17 02:17:45,529 - INFO - [global] Установлена последняя версия бота | 5.9.0
2026-09-17 02:17:55,842 - INFO - [global] LogUploader: запускаю upload_run_logs...
2026-09-17 02:17:55,845 - DEBUG - [global] log_uploader: START window=periodic made=-1 token=...Rjnfq
2026-09-17 02:17:55,845 - DEBUG - [global] log_uploader: STEP 1 SKIP (no C:\Users\PC\Desktop\L2Mauto\logs\periodic.log)
2026-09-17 02:17:55,846 - DEBUG - [global] log_uploader: STEP 2 SKIP (no PNGs)
