=== Log tail 2026-09-24T20:16:55.593894 | last 200 lines ===
2026-09-24 20:07:51,716 - DEBUG - [global] needs_update: API → 5.13.03
2026-09-24 20:07:51,717 - DEBUG - [global] needs_update: лучший источник raw → 5.13.03 (из 2)
2026-09-24 20:07:51,717 - INFO - [global] needs_update: local=(5, 13, 3) remote=(5, 13, 3) -> has_update=False
2026-09-24 20:07:51,717 - INFO - [global] Установлена последняя версия бота | 5.13.03
2026-09-24 20:07:59,178 - INFO - [global] LogUploader: запускаю upload_run_logs...
2026-09-24 20:07:59,179 - DEBUG - [global] log_uploader: START window=periodic made=-1 token=...Rjnfq
2026-09-24 20:08:00,126 - DEBUG - [global] _api_put: GET runs/20260924_200759_fail_periodic.log -> 404
2026-09-24 20:08:01,779 - DEBUG - [global] _api_put: PUT runs/20260924_200759_fail_periodic.log -> 201 (9273 bytes)
2026-09-24 20:08:01,781 - DEBUG - [global] log_uploader: STEP 1 (window log) -> https://github.com/StarateJI/L2Mauto/blob/bot-logs/runs/20260924_200759_fail_periodic.log
2026-09-24 20:08:01,782 - DEBUG - [global] log_uploader: STEP 2 SKIP (no PNGs)
2026-09-24 20:08:02,917 - DEBUG - [global] _api_put: GET runs/20260924_200759_fail_global.log -> 404
2026-09-24 20:08:05,995 - DEBUG - [global] _api_put: PUT runs/20260924_200759_fail_global.log -> 201 (20432 bytes)
2026-09-24 20:08:05,996 - DEBUG - [global] log_uploader: STEP 3 (global log) -> https://github.com/StarateJI/L2Mauto/blob/bot-logs/runs/20260924_200759_fail_global.log
2026-09-24 20:08:05,996 - DEBUG - [global] log_uploader: END window=periodic
2026-09-24 20:08:05,996 - INFO - [global] LogUploader: upload_run_logs завершён
2026-09-24 20:08:21,735 - INFO - [global] Проверяю обновы...
2026-09-24 20:08:22,831 - DEBUG - [global] needs_update: API → 5.13.03
2026-09-24 20:08:23,899 - DEBUG - [global] needs_update: raw → 5.13.03
2026-09-24 20:08:23,899 - DEBUG - [global] needs_update: лучший источник API → 5.13.03 (из 2)
2026-09-24 20:08:23,899 - INFO - [global] needs_update: local=(5, 13, 3) remote=(5, 13, 3) -> has_update=False
2026-09-24 20:08:23,899 - INFO - [global] Установлена последняя версия бота | 5.13.03
2026-09-24 20:08:53,915 - INFO - [global] Проверяю обновы...
2026-09-24 20:08:54,790 - DEBUG - [global] needs_update: raw → 5.13.03
2026-09-24 20:08:55,019 - DEBUG - [global] needs_update: API → 5.13.03
2026-09-24 20:08:55,019 - DEBUG - [global] needs_update: лучший источник raw → 5.13.03 (из 2)
2026-09-24 20:08:55,019 - INFO - [global] needs_update: local=(5, 13, 3) remote=(5, 13, 3) -> has_update=False
2026-09-24 20:08:55,020 - INFO - [global] Установлена последняя версия бота | 5.13.03
2026-09-24 20:09:06,031 - INFO - [global] LogUploader: запускаю upload_run_logs...
2026-09-24 20:09:06,032 - DEBUG - [global] log_uploader: START window=periodic made=-1 token=...Rjnfq
2026-09-24 20:09:06,984 - DEBUG - [global] _api_put: GET runs/20260924_200906_fail_periodic.log -> 404
2026-09-24 20:09:08,623 - DEBUG - [global] _api_put: PUT runs/20260924_200906_fail_periodic.log -> 201 (9273 bytes)
2026-09-24 20:09:08,626 - DEBUG - [global] log_uploader: STEP 1 (window log) -> https://github.com/StarateJI/L2Mauto/blob/bot-logs/runs/20260924_200906_fail_periodic.log
2026-09-24 20:09:08,626 - DEBUG - [global] log_uploader: STEP 2 SKIP (no PNGs)
2026-09-24 20:09:09,858 - DEBUG - [global] _api_put: GET runs/20260924_200906_fail_global.log -> 404
2026-09-24 20:09:11,782 - DEBUG - [global] _api_put: PUT runs/20260924_200906_fail_global.log -> 201 (20468 bytes)
2026-09-24 20:09:11,785 - DEBUG - [global] log_uploader: STEP 3 (global log) -> https://github.com/StarateJI/L2Mauto/blob/bot-logs/runs/20260924_200906_fail_global.log
2026-09-24 20:09:11,785 - DEBUG - [global] log_uploader: END window=periodic
2026-09-24 20:09:11,785 - INFO - [global] LogUploader: upload_run_logs завершён
2026-09-24 20:09:25,038 - INFO - [global] Проверяю обновы...
2026-09-24 20:09:25,927 - DEBUG - [global] needs_update: raw → 5.13.03
2026-09-24 20:09:26,195 - DEBUG - [global] needs_update: API → 5.13.03
2026-09-24 20:09:26,195 - DEBUG - [global] needs_update: лучший источник raw → 5.13.03 (из 2)
2026-09-24 20:09:26,195 - INFO - [global] needs_update: local=(5, 13, 3) remote=(5, 13, 3) -> has_update=False
2026-09-24 20:09:26,195 - INFO - [global] Установлена последняя версия бота | 5.13.03
2026-09-24 20:09:56,214 - INFO - [global] Проверяю обновы...
2026-09-24 20:09:57,077 - DEBUG - [global] needs_update: raw → 5.13.03
2026-09-24 20:09:57,402 - DEBUG - [global] needs_update: API → 5.13.03
2026-09-24 20:09:57,403 - DEBUG - [global] needs_update: лучший источник raw → 5.13.03 (из 2)
2026-09-24 20:09:57,403 - INFO - [global] needs_update: local=(5, 13, 3) remote=(5, 13, 3) -> has_update=False
2026-09-24 20:09:57,403 - INFO - [global] Установлена последняя версия бота | 5.13.03
2026-09-24 20:10:11,815 - INFO - [global] LogUploader: запускаю upload_run_logs...
2026-09-24 20:10:11,816 - DEBUG - [global] log_uploader: START window=periodic made=-1 token=...Rjnfq
2026-09-24 20:10:12,880 - DEBUG - [global] _api_put: GET runs/20260924_201011_fail_periodic.log -> 404
2026-09-24 20:10:14,574 - DEBUG - [global] _api_put: PUT runs/20260924_201011_fail_periodic.log -> 201 (9273 bytes)
2026-09-24 20:10:14,576 - DEBUG - [global] log_uploader: STEP 1 (window log) -> https://github.com/StarateJI/L2Mauto/blob/bot-logs/runs/20260924_201011_fail_periodic.log
2026-09-24 20:10:14,576 - DEBUG - [global] log_uploader: STEP 2 SKIP (no PNGs)
2026-09-24 20:10:15,824 - DEBUG - [global] _api_put: GET runs/20260924_201011_fail_global.log -> 404
2026-09-24 20:10:17,921 - DEBUG - [global] _api_put: PUT runs/20260924_201011_fail_global.log -> 201 (20504 bytes)
2026-09-24 20:10:17,924 - DEBUG - [global] log_uploader: STEP 3 (global log) -> https://github.com/StarateJI/L2Mauto/blob/bot-logs/runs/20260924_201011_fail_global.log
2026-09-24 20:10:17,925 - DEBUG - [global] log_uploader: END window=periodic
2026-09-24 20:10:17,925 - INFO - [global] LogUploader: upload_run_logs завершён
2026-09-24 20:10:27,426 - INFO - [global] Проверяю обновы...
2026-09-24 20:10:28,323 - DEBUG - [global] needs_update: raw → 5.13.03
2026-09-24 20:10:28,535 - DEBUG - [global] needs_update: API → 5.13.03
2026-09-24 20:10:28,535 - DEBUG - [global] needs_update: лучший источник raw → 5.13.03 (из 2)
2026-09-24 20:10:28,535 - INFO - [global] needs_update: local=(5, 13, 3) remote=(5, 13, 3) -> has_update=False
2026-09-24 20:10:28,535 - INFO - [global] Установлена последняя версия бота | 5.13.03
2026-09-24 20:10:58,555 - INFO - [global] Проверяю обновы...
2026-09-24 20:10:59,594 - DEBUG - [global] needs_update: raw → 5.13.03
2026-09-24 20:10:59,947 - DEBUG - [global] needs_update: API → 5.13.03
2026-09-24 20:10:59,947 - DEBUG - [global] needs_update: лучший источник raw → 5.13.03 (из 2)
2026-09-24 20:10:59,948 - INFO - [global] needs_update: local=(5, 13, 3) remote=(5, 13, 3) -> has_update=False
2026-09-24 20:10:59,948 - INFO - [global] Установлена последняя версия бота | 5.13.03
2026-09-24 20:11:17,963 - INFO - [global] LogUploader: запускаю upload_run_logs...
2026-09-24 20:11:17,964 - DEBUG - [global] log_uploader: START window=periodic made=-1 token=...Rjnfq
2026-09-24 20:11:20,216 - DEBUG - [global] _api_put: GET runs/20260924_201117_fail_periodic.log -> 404
2026-09-24 20:11:21,966 - DEBUG - [global] _api_put: PUT runs/20260924_201117_fail_periodic.log -> 201 (9273 bytes)
2026-09-24 20:11:21,970 - DEBUG - [global] log_uploader: STEP 1 (window log) -> https://github.com/StarateJI/L2Mauto/blob/bot-logs/runs/20260924_201117_fail_periodic.log
2026-09-24 20:11:21,970 - DEBUG - [global] log_uploader: STEP 2 SKIP (no PNGs)
2026-09-24 20:11:23,072 - DEBUG - [global] _api_put: GET runs/20260924_201117_fail_global.log -> 404
2026-09-24 20:11:25,173 - DEBUG - [global] _api_put: PUT runs/20260924_201117_fail_global.log -> 201 (20497 bytes)
2026-09-24 20:11:25,175 - DEBUG - [global] log_uploader: STEP 3 (global log) -> https://github.com/StarateJI/L2Mauto/blob/bot-logs/runs/20260924_201117_fail_global.log
2026-09-24 20:11:25,175 - DEBUG - [global] log_uploader: END window=periodic
2026-09-24 20:11:25,175 - INFO - [global] LogUploader: upload_run_logs завершён
2026-09-24 20:11:29,967 - INFO - [global] Проверяю обновы...
2026-09-24 20:11:31,084 - DEBUG - [global] needs_update: raw → 5.13.03
2026-09-24 20:11:31,140 - DEBUG - [global] needs_update: API → 5.13.03
2026-09-24 20:11:31,140 - DEBUG - [global] needs_update: лучший источник raw → 5.13.03 (из 2)
2026-09-24 20:11:31,140 - INFO - [global] needs_update: local=(5, 13, 3) remote=(5, 13, 3) -> has_update=False
2026-09-24 20:11:31,140 - INFO - [global] Установлена последняя версия бота | 5.13.03
2026-09-24 20:12:01,159 - INFO - [global] Проверяю обновы...
2026-09-24 20:12:02,136 - DEBUG - [global] needs_update: raw → 5.13.03
2026-09-24 20:12:02,311 - DEBUG - [global] needs_update: API → 5.13.03
2026-09-24 20:12:02,312 - DEBUG - [global] needs_update: лучший источник raw → 5.13.03 (из 2)
2026-09-24 20:12:02,312 - INFO - [global] needs_update: local=(5, 13, 3) remote=(5, 13, 3) -> has_update=False
2026-09-24 20:12:02,312 - INFO - [global] Установлена последняя версия бота | 5.13.03
2026-09-24 20:12:25,221 - INFO - [global] LogUploader: запускаю upload_run_logs...
2026-09-24 20:12:25,223 - DEBUG - [global] log_uploader: START window=periodic made=-1 token=...Rjnfq
2026-09-24 20:12:26,237 - DEBUG - [global] _api_put: GET runs/20260924_201225_fail_periodic.log -> 404
2026-09-24 20:12:27,962 - DEBUG - [global] _api_put: PUT runs/20260924_201225_fail_periodic.log -> 201 (9273 bytes)
2026-09-24 20:12:27,965 - DEBUG - [global] log_uploader: STEP 1 (window log) -> https://github.com/StarateJI/L2Mauto/blob/bot-logs/runs/20260924_201225_fail_periodic.log
2026-09-24 20:12:27,965 - DEBUG - [global] log_uploader: STEP 2 SKIP (no PNGs)
2026-09-24 20:12:29,205 - DEBUG - [global] _api_put: GET runs/20260924_201225_fail_global.log -> 404
2026-09-24 20:12:32,331 - INFO - [global] Проверяю обновы...
2026-09-24 20:12:32,760 - DEBUG - [global] _api_put: PUT runs/20260924_201225_fail_global.log -> 201 (20306 bytes)
2026-09-24 20:12:32,763 - DEBUG - [global] log_uploader: STEP 3 (global log) -> https://github.com/StarateJI/L2Mauto/blob/bot-logs/runs/20260924_201225_fail_global.log
2026-09-24 20:12:32,763 - DEBUG - [global] log_uploader: END window=periodic
2026-09-24 20:12:32,764 - INFO - [global] LogUploader: upload_run_logs завершён
2026-09-24 20:12:33,155 - DEBUG - [global] needs_update: raw → 5.13.03
2026-09-24 20:12:34,472 - DEBUG - [global] needs_update: API → 5.13.03
2026-09-24 20:12:34,472 - DEBUG - [global] needs_update: лучший источник raw → 5.13.03 (из 2)
2026-09-24 20:12:34,472 - INFO - [global] needs_update: local=(5, 13, 3) remote=(5, 13, 3) -> has_update=False
2026-09-24 20:12:34,473 - INFO - [global] Установлена последняя версия бота | 5.13.03
2026-09-24 20:13:04,495 - INFO - [global] Проверяю обновы...
2026-09-24 20:13:05,433 - DEBUG - [global] needs_update: raw → 5.13.03
2026-09-24 20:13:05,762 - DEBUG - [global] needs_update: API → 5.13.03
2026-09-24 20:13:05,762 - DEBUG - [global] needs_update: лучший источник raw → 5.13.03 (из 2)
2026-09-24 20:13:05,762 - INFO - [global] needs_update: local=(5, 13, 3) remote=(5, 13, 3) -> has_update=False
2026-09-24 20:13:05,763 - INFO - [global] Установлена последняя версия бота | 5.13.03
2026-09-24 20:13:32,797 - INFO - [global] LogUploader: запускаю upload_run_logs...
2026-09-24 20:13:32,799 - DEBUG - [global] log_uploader: START window=periodic made=-1 token=...Rjnfq
2026-09-24 20:13:33,820 - DEBUG - [global] _api_put: GET runs/20260924_201332_fail_periodic.log -> 404
2026-09-24 20:13:35,718 - DEBUG - [global] _api_put: PUT runs/20260924_201332_fail_periodic.log -> 201 (9273 bytes)
2026-09-24 20:13:35,722 - DEBUG - [global] log_uploader: STEP 1 (window log) -> https://github.com/StarateJI/L2Mauto/blob/bot-logs/runs/20260924_201332_fail_periodic.log
2026-09-24 20:13:35,723 - DEBUG - [global] log_uploader: STEP 2 SKIP (no PNGs)
2026-09-24 20:13:35,782 - INFO - [global] Проверяю обновы...
2026-09-24 20:13:36,811 - DEBUG - [global] needs_update: raw → 5.13.03
2026-09-24 20:13:37,067 - DEBUG - [global] needs_update: API → 5.13.03
2026-09-24 20:13:37,067 - DEBUG - [global] needs_update: лучший источник raw → 5.13.03 (из 2)
2026-09-24 20:13:37,067 - INFO - [global] needs_update: local=(5, 13, 3) remote=(5, 13, 3) -> has_update=False
2026-09-24 20:13:37,068 - INFO - [global] Установлена последняя версия бота | 5.13.03
2026-09-24 20:13:37,108 - DEBUG - [global] _api_put: GET runs/20260924_201332_fail_global.log -> 404
2026-09-24 20:13:38,966 - DEBUG - [global] _api_put: PUT runs/20260924_201332_fail_global.log -> 201 (20390 bytes)
2026-09-24 20:13:38,969 - DEBUG - [global] log_uploader: STEP 3 (global log) -> https://github.com/StarateJI/L2Mauto/blob/bot-logs/runs/20260924_201332_fail_global.log
2026-09-24 20:13:38,969 - DEBUG - [global] log_uploader: END window=periodic
2026-09-24 20:13:38,969 - INFO - [global] LogUploader: upload_run_logs завершён
2026-09-24 20:14:07,089 - INFO - [global] Проверяю обновы...
2026-09-24 20:14:07,976 - DEBUG - [global] needs_update: raw → 5.13.03
2026-09-24 20:14:08,474 - DEBUG - [global] needs_update: API → 5.13.03
2026-09-24 20:14:08,474 - DEBUG - [global] needs_update: лучший источник raw → 5.13.03 (из 2)
2026-09-24 20:14:08,474 - INFO - [global] needs_update: local=(5, 13, 3) remote=(5, 13, 3) -> has_update=False
2026-09-24 20:14:08,475 - INFO - [global] Установлена последняя версия бота | 5.13.03
2026-09-24 20:14:38,490 - INFO - [global] Проверяю обновы...
2026-09-24 20:14:39,006 - INFO - [global] LogUploader: запускаю upload_run_logs...
2026-09-24 20:14:39,008 - DEBUG - [global] log_uploader: START window=periodic made=-1 token=...Rjnfq
2026-09-24 20:14:39,534 - DEBUG - [global] needs_update: raw → 5.13.03
2026-09-24 20:14:40,156 - DEBUG - [global] _api_put: GET runs/20260924_201439_fail_periodic.log -> 404
2026-09-24 20:14:43,552 - DEBUG - [global] _api_put: PUT runs/20260924_201439_fail_periodic.log -> 201 (9273 bytes)
2026-09-24 20:14:43,555 - DEBUG - [global] log_uploader: STEP 1 (window log) -> https://github.com/StarateJI/L2Mauto/blob/bot-logs/runs/20260924_201439_fail_periodic.log
2026-09-24 20:14:43,556 - DEBUG - [global] log_uploader: STEP 2 SKIP (no PNGs)
2026-09-24 20:14:44,225 - DEBUG - [global] needs_update: API → 5.13.03
2026-09-24 20:14:44,225 - DEBUG - [global] needs_update: лучший источник raw → 5.13.03 (из 2)
2026-09-24 20:14:44,225 - INFO - [global] needs_update: local=(5, 13, 3) remote=(5, 13, 3) -> has_update=False
2026-09-24 20:14:44,226 - INFO - [global] Установлена последняя версия бота | 5.13.03
2026-09-24 20:14:44,717 - DEBUG - [global] _api_put: GET runs/20260924_201439_fail_global.log -> 404
2026-09-24 20:14:46,735 - DEBUG - [global] _api_put: PUT runs/20260924_201439_fail_global.log -> 201 (20297 bytes)
2026-09-24 20:14:46,737 - DEBUG - [global] log_uploader: STEP 3 (global log) -> https://github.com/StarateJI/L2Mauto/blob/bot-logs/runs/20260924_201439_fail_global.log
2026-09-24 20:14:46,738 - DEBUG - [global] log_uploader: END window=periodic
2026-09-24 20:14:46,738 - INFO - [global] LogUploader: upload_run_logs завершён
2026-09-24 20:15:14,249 - INFO - [global] Проверяю обновы...
2026-09-24 20:15:15,261 - DEBUG - [global] needs_update: raw → 5.13.03
2026-09-24 20:15:15,607 - DEBUG - [global] needs_update: API → 5.13.03
2026-09-24 20:15:15,607 - DEBUG - [global] needs_update: лучший источник raw → 5.13.03 (из 2)
2026-09-24 20:15:15,607 - INFO - [global] needs_update: local=(5, 13, 3) remote=(5, 13, 3) -> has_update=False
2026-09-24 20:15:15,607 - INFO - [global] Установлена последняя версия бота | 5.13.03
2026-09-24 20:15:45,627 - INFO - [global] Проверяю обновы...
2026-09-24 20:15:46,630 - DEBUG - [global] needs_update: raw → 5.13.03
2026-09-24 20:15:46,778 - INFO - [global] LogUploader: запускаю upload_run_logs...
2026-09-24 20:15:46,779 - DEBUG - [global] log_uploader: START window=periodic made=-1 token=...Rjnfq
2026-09-24 20:15:46,981 - DEBUG - [global] needs_update: API → 5.13.03
2026-09-24 20:15:46,981 - DEBUG - [global] needs_update: лучший источник raw → 5.13.03 (из 2)
2026-09-24 20:15:46,981 - INFO - [global] needs_update: local=(5, 13, 3) remote=(5, 13, 3) -> has_update=False
2026-09-24 20:15:46,981 - INFO - [global] Установлена последняя версия бота | 5.13.03
2026-09-24 20:15:47,825 - DEBUG - [global] _api_put: GET runs/20260924_201546_fail_periodic.log -> 404
2026-09-24 20:15:49,547 - DEBUG - [global] _api_put: PUT runs/20260924_201546_fail_periodic.log -> 201 (9273 bytes)
2026-09-24 20:15:49,549 - DEBUG - [global] log_uploader: STEP 1 (window log) -> https://github.com/StarateJI/L2Mauto/blob/bot-logs/runs/20260924_201546_fail_periodic.log
2026-09-24 20:15:49,550 - DEBUG - [global] log_uploader: STEP 2 SKIP (no PNGs)
2026-09-24 20:15:50,874 - DEBUG - [global] _api_put: GET runs/20260924_201546_fail_global.log -> 200
2026-09-24 20:15:52,831 - DEBUG - [global] _api_put: PUT runs/20260924_201546_fail_global.log -> 200 (20334 bytes)
2026-09-24 20:15:52,835 - DEBUG - [global] log_uploader: STEP 3 (global log) -> https://github.com/StarateJI/L2Mauto/blob/bot-logs/runs/20260924_201546_fail_global.log
2026-09-24 20:15:52,835 - DEBUG - [global] log_uploader: END window=periodic
2026-09-24 20:15:52,835 - INFO - [global] LogUploader: upload_run_logs завершён
2026-09-24 20:16:17,002 - INFO - [global] Проверяю обновы...
2026-09-24 20:16:17,904 - DEBUG - [global] needs_update: raw → 5.13.03
2026-09-24 20:16:18,076 - DEBUG - [global] needs_update: API → 5.13.03
2026-09-24 20:16:18,076 - DEBUG - [global] needs_update: лучший источник raw → 5.13.03 (из 2)
2026-09-24 20:16:18,077 - INFO - [global] needs_update: local=(5, 13, 3) remote=(5, 13, 3) -> has_update=False
2026-09-24 20:16:18,077 - INFO - [global] Установлена последняя версия бота | 5.13.03
2026-09-24 20:16:48,094 - INFO - [global] Проверяю обновы...
2026-09-24 20:16:48,967 - DEBUG - [global] needs_update: raw → 5.13.03
2026-09-24 20:16:49,161 - DEBUG - [global] needs_update: API → 5.13.03
2026-09-24 20:16:49,161 - DEBUG - [global] needs_update: лучший источник raw → 5.13.03 (из 2)
2026-09-24 20:16:49,161 - INFO - [global] needs_update: local=(5, 13, 3) remote=(5, 13, 3) -> has_update=False
2026-09-24 20:16:49,162 - INFO - [global] Установлена последняя версия бота | 5.13.03
2026-09-24 20:16:52,872 - INFO - [global] LogUploader: запускаю upload_run_logs...
2026-09-24 20:16:52,873 - DEBUG - [global] log_uploader: START window=periodic made=-1 token=...Rjnfq
2026-09-24 20:16:53,884 - DEBUG - [global] _api_put: GET runs/20260924_201652_fail_periodic.log -> 404
2026-09-24 20:16:55,511 - DEBUG - [global] _api_put: PUT runs/20260924_201652_fail_periodic.log -> 201 (9273 bytes)
2026-09-24 20:16:55,513 - DEBUG - [global] log_uploader: STEP 1 (window log) -> https://github.com/StarateJI/L2Mauto/blob/bot-logs/runs/20260924_201652_fail_periodic.log
2026-09-24 20:16:55,513 - DEBUG - [global] log_uploader: STEP 2 SKIP (no PNGs)
