=== Log tail 2026-09-18T02:06:14.175202 | last 200 lines ===
2026-09-18 01:56:44,849 - INFO - [global] Проверяю обновы...
2026-09-18 01:56:45,833 - DEBUG - [global] _api_put: PUT runs/20260918_015642_fail_global.log -> 409 (19291 bytes)
2026-09-18 01:56:45,833 - WARNING - [global] _api_put: PUT failed body: {"message":"is at 568a3cb950fad54cbc8d65d5971f4c1cb08053e9 but expected cd47fe74324904c49f0bb3d8cffdaa86924bf69c","documentation_url":"https://docs.github.com/rest/repos/contents#create-or-update-file
2026-09-18 01:56:45,842 - DEBUG - [global] log_uploader: STEP 3 (global log) -> FAILED
2026-09-18 01:56:45,844 - DEBUG - [global] log_uploader: END window=periodic
2026-09-18 01:56:45,845 - INFO - [global] LogUploader: upload_run_logs завершён
2026-09-18 01:56:46,237 - DEBUG - [global] needs_update: API GitHub → 5.9.1
2026-09-18 01:56:47,447 - DEBUG - [global] needs_update: raw → 5.9.1
2026-09-18 01:56:48,650 - DEBUG - [global] needs_update: jsdelivr → 5.9.1
2026-09-18 01:56:48,650 - DEBUG - [global] needs_update: лучший источник API → 5.9.1 (из 3)
2026-09-18 01:56:48,660 - INFO - [global] needs_update: local=(5, 9, 1) remote=(5, 9, 1) -> has_update=False
2026-09-18 01:56:48,663 - INFO - [global] Установлена последняя версия бота | 5.9.1
2026-09-18 01:57:18,684 - INFO - [global] Проверяю обновы...
2026-09-18 01:57:19,874 - DEBUG - [global] needs_update: API GitHub → 5.9.1
2026-09-18 01:57:20,858 - DEBUG - [global] needs_update: raw → 5.9.1
2026-09-18 01:57:22,011 - DEBUG - [global] needs_update: jsdelivr → 5.9.1
2026-09-18 01:57:22,011 - DEBUG - [global] needs_update: лучший источник API → 5.9.1 (из 3)
2026-09-18 01:57:22,016 - INFO - [global] needs_update: local=(5, 9, 1) remote=(5, 9, 1) -> has_update=False
2026-09-18 01:57:22,017 - INFO - [global] Установлена последняя версия бота | 5.9.1
2026-09-18 01:57:45,916 - INFO - [global] LogUploader: запускаю upload_run_logs...
2026-09-18 01:57:45,918 - DEBUG - [global] log_uploader: START window=periodic made=-1 token=...Rjnfq
2026-09-18 01:57:45,918 - DEBUG - [global] log_uploader: STEP 1 SKIP (no C:\Users\PC\Desktop\L2Mauto\logs\periodic.log)
2026-09-18 01:57:45,919 - DEBUG - [global] log_uploader: STEP 2 SKIP (no PNGs)
2026-09-18 01:57:47,308 - DEBUG - [global] _api_put: GET runs/20260918_015745_fail_global.log -> 404
2026-09-18 01:57:49,326 - DEBUG - [global] _api_put: PUT runs/20260918_015745_fail_global.log -> 201 (19382 bytes)
2026-09-18 01:57:49,331 - DEBUG - [global] log_uploader: STEP 3 (global log) -> https://github.com/StarateJI/L2Mauto/blob/bot-logs/runs/20260918_015745_fail_global.log
2026-09-18 01:57:49,331 - DEBUG - [global] log_uploader: END window=periodic
2026-09-18 01:57:49,331 - INFO - [global] LogUploader: upload_run_logs завершён
2026-09-18 01:57:52,057 - INFO - [global] Проверяю обновы...
2026-09-18 01:57:53,424 - DEBUG - [global] needs_update: API GitHub → 5.9.1
2026-09-18 01:57:54,763 - DEBUG - [global] needs_update: raw → 5.9.1
2026-09-18 01:57:55,977 - DEBUG - [global] needs_update: jsdelivr → 5.9.1
2026-09-18 01:57:55,978 - DEBUG - [global] needs_update: лучший источник API → 5.9.1 (из 3)
2026-09-18 01:57:55,983 - INFO - [global] needs_update: local=(5, 9, 1) remote=(5, 9, 1) -> has_update=False
2026-09-18 01:57:55,984 - INFO - [global] Установлена последняя версия бота | 5.9.1
2026-09-18 01:58:26,004 - INFO - [global] Проверяю обновы...
2026-09-18 01:58:27,169 - DEBUG - [global] needs_update: API GitHub → 5.9.1
2026-09-18 01:58:28,185 - DEBUG - [global] needs_update: raw → 5.9.1
2026-09-18 01:58:29,314 - DEBUG - [global] needs_update: jsdelivr → 5.9.1
2026-09-18 01:58:29,315 - DEBUG - [global] needs_update: лучший источник API → 5.9.1 (из 3)
2026-09-18 01:58:29,319 - INFO - [global] needs_update: local=(5, 9, 1) remote=(5, 9, 1) -> has_update=False
2026-09-18 01:58:29,322 - INFO - [global] Установлена последняя версия бота | 5.9.1
2026-09-18 01:58:49,373 - INFO - [global] LogUploader: запускаю upload_run_logs...
2026-09-18 01:58:49,375 - DEBUG - [global] log_uploader: START window=periodic made=-1 token=...Rjnfq
2026-09-18 01:58:49,375 - DEBUG - [global] log_uploader: STEP 1 SKIP (no C:\Users\PC\Desktop\L2Mauto\logs\periodic.log)
2026-09-18 01:58:49,376 - DEBUG - [global] log_uploader: STEP 2 SKIP (no PNGs)
2026-09-18 01:58:50,772 - DEBUG - [global] _api_put: GET runs/20260918_015849_fail_global.log -> 404
2026-09-18 01:58:52,816 - DEBUG - [global] _api_put: PUT runs/20260918_015849_fail_global.log -> 201 (19382 bytes)
2026-09-18 01:58:52,821 - DEBUG - [global] log_uploader: STEP 3 (global log) -> https://github.com/StarateJI/L2Mauto/blob/bot-logs/runs/20260918_015849_fail_global.log
2026-09-18 01:58:52,821 - DEBUG - [global] log_uploader: END window=periodic
2026-09-18 01:58:52,821 - INFO - [global] LogUploader: upload_run_logs завершён
2026-09-18 01:58:59,348 - INFO - [global] Проверяю обновы...
2026-09-18 01:59:00,538 - DEBUG - [global] needs_update: API GitHub → 5.9.1
2026-09-18 01:59:01,515 - DEBUG - [global] needs_update: raw → 5.9.1
2026-09-18 01:59:02,810 - DEBUG - [global] needs_update: jsdelivr → 5.9.1
2026-09-18 01:59:02,810 - DEBUG - [global] needs_update: лучший источник API → 5.9.1 (из 3)
2026-09-18 01:59:02,816 - INFO - [global] needs_update: local=(5, 9, 1) remote=(5, 9, 1) -> has_update=False
2026-09-18 01:59:02,819 - INFO - [global] Установлена последняя версия бота | 5.9.1
2026-09-18 01:59:32,836 - INFO - [global] Проверяю обновы...
2026-09-18 01:59:34,011 - DEBUG - [global] needs_update: API GitHub → 5.9.1
2026-09-18 01:59:35,009 - DEBUG - [global] needs_update: raw → 5.9.1
2026-09-18 01:59:36,147 - DEBUG - [global] needs_update: jsdelivr → 5.9.1
2026-09-18 01:59:36,148 - DEBUG - [global] needs_update: лучший источник API → 5.9.1 (из 3)
2026-09-18 01:59:36,159 - INFO - [global] needs_update: local=(5, 9, 1) remote=(5, 9, 1) -> has_update=False
2026-09-18 01:59:36,160 - INFO - [global] Установлена последняя версия бота | 5.9.1
2026-09-18 01:59:52,863 - INFO - [global] LogUploader: запускаю upload_run_logs...
2026-09-18 01:59:52,865 - DEBUG - [global] log_uploader: START window=periodic made=-1 token=...Rjnfq
2026-09-18 01:59:52,865 - DEBUG - [global] log_uploader: STEP 1 SKIP (no C:\Users\PC\Desktop\L2Mauto\logs\periodic.log)
2026-09-18 01:59:52,866 - DEBUG - [global] log_uploader: STEP 2 SKIP (no PNGs)
2026-09-18 01:59:54,236 - DEBUG - [global] _api_put: GET runs/20260918_015952_fail_global.log -> 404
2026-09-18 01:59:56,117 - DEBUG - [global] _api_put: PUT runs/20260918_015952_fail_global.log -> 201 (19382 bytes)
2026-09-18 01:59:56,122 - DEBUG - [global] log_uploader: STEP 3 (global log) -> https://github.com/StarateJI/L2Mauto/blob/bot-logs/runs/20260918_015952_fail_global.log
2026-09-18 01:59:56,122 - DEBUG - [global] log_uploader: END window=periodic
2026-09-18 01:59:56,122 - INFO - [global] LogUploader: upload_run_logs завершён
2026-09-18 02:00:06,181 - INFO - [global] Проверяю обновы...
2026-09-18 02:00:07,368 - DEBUG - [global] needs_update: API GitHub → 5.9.1
2026-09-18 02:00:08,369 - DEBUG - [global] needs_update: raw → 5.9.1
2026-09-18 02:00:09,521 - DEBUG - [global] needs_update: jsdelivr → 5.9.1
2026-09-18 02:00:09,522 - DEBUG - [global] needs_update: лучший источник API → 5.9.1 (из 3)
2026-09-18 02:00:09,528 - INFO - [global] needs_update: local=(5, 9, 1) remote=(5, 9, 1) -> has_update=False
2026-09-18 02:00:09,529 - INFO - [global] Установлена последняя версия бота | 5.9.1
2026-09-18 02:00:39,561 - INFO - [global] Проверяю обновы...
2026-09-18 02:00:40,734 - DEBUG - [global] needs_update: API GitHub → 5.9.1
2026-09-18 02:00:41,711 - DEBUG - [global] needs_update: raw → 5.9.1
2026-09-18 02:00:42,836 - DEBUG - [global] needs_update: jsdelivr → 5.9.1
2026-09-18 02:00:42,837 - DEBUG - [global] needs_update: лучший источник API → 5.9.1 (из 3)
2026-09-18 02:00:42,842 - INFO - [global] needs_update: local=(5, 9, 1) remote=(5, 9, 1) -> has_update=False
2026-09-18 02:00:42,844 - INFO - [global] Установлена последняя версия бота | 5.9.1
2026-09-18 02:00:56,171 - INFO - [global] LogUploader: запускаю upload_run_logs...
2026-09-18 02:00:56,173 - DEBUG - [global] log_uploader: START window=periodic made=-1 token=...Rjnfq
2026-09-18 02:00:56,173 - DEBUG - [global] log_uploader: STEP 1 SKIP (no C:\Users\PC\Desktop\L2Mauto\logs\periodic.log)
2026-09-18 02:00:56,173 - DEBUG - [global] log_uploader: STEP 2 SKIP (no PNGs)
2026-09-18 02:00:57,588 - DEBUG - [global] _api_put: GET runs/20260918_020056_fail_global.log -> 404
2026-09-18 02:00:59,514 - DEBUG - [global] _api_put: PUT runs/20260918_020056_fail_global.log -> 201 (19382 bytes)
2026-09-18 02:00:59,519 - DEBUG - [global] log_uploader: STEP 3 (global log) -> https://github.com/StarateJI/L2Mauto/blob/bot-logs/runs/20260918_020056_fail_global.log
2026-09-18 02:00:59,519 - DEBUG - [global] log_uploader: END window=periodic
2026-09-18 02:00:59,520 - INFO - [global] LogUploader: upload_run_logs завершён
2026-09-18 02:01:12,864 - INFO - [global] Проверяю обновы...
2026-09-18 02:01:14,033 - DEBUG - [global] needs_update: API GitHub → 5.9.1
2026-09-18 02:01:15,006 - DEBUG - [global] needs_update: raw → 5.9.1
2026-09-18 02:01:16,063 - DEBUG - [global] needs_update: jsdelivr → 5.9.1
2026-09-18 02:01:16,063 - DEBUG - [global] needs_update: лучший источник API → 5.9.1 (из 3)
2026-09-18 02:01:16,068 - INFO - [global] needs_update: local=(5, 9, 1) remote=(5, 9, 1) -> has_update=False
2026-09-18 02:01:16,069 - INFO - [global] Установлена последняя версия бота | 5.9.1
2026-09-18 02:01:46,102 - INFO - [global] Проверяю обновы...
2026-09-18 02:01:47,249 - DEBUG - [global] needs_update: API GitHub → 5.9.1
2026-09-18 02:01:48,575 - DEBUG - [global] needs_update: raw → 5.9.1
2026-09-18 02:01:49,819 - DEBUG - [global] needs_update: jsdelivr → 5.9.1
2026-09-18 02:01:49,820 - DEBUG - [global] needs_update: лучший источник API → 5.9.1 (из 3)
2026-09-18 02:01:49,827 - INFO - [global] needs_update: local=(5, 9, 1) remote=(5, 9, 1) -> has_update=False
2026-09-18 02:01:49,830 - INFO - [global] Установлена последняя версия бота | 5.9.1
2026-09-18 02:01:59,565 - INFO - [global] LogUploader: запускаю upload_run_logs...
2026-09-18 02:01:59,568 - DEBUG - [global] log_uploader: START window=periodic made=-1 token=...Rjnfq
2026-09-18 02:01:59,568 - DEBUG - [global] log_uploader: STEP 1 SKIP (no C:\Users\PC\Desktop\L2Mauto\logs\periodic.log)
2026-09-18 02:01:59,569 - DEBUG - [global] log_uploader: STEP 2 SKIP (no PNGs)
2026-09-18 02:02:00,908 - DEBUG - [global] _api_put: GET runs/20260918_020159_fail_global.log -> 404
2026-09-18 02:02:03,042 - DEBUG - [global] _api_put: PUT runs/20260918_020159_fail_global.log -> 201 (19382 bytes)
2026-09-18 02:02:03,048 - DEBUG - [global] log_uploader: STEP 3 (global log) -> https://github.com/StarateJI/L2Mauto/blob/bot-logs/runs/20260918_020159_fail_global.log
2026-09-18 02:02:03,048 - DEBUG - [global] log_uploader: END window=periodic
2026-09-18 02:02:03,048 - INFO - [global] LogUploader: upload_run_logs завершён
2026-09-18 02:02:19,877 - INFO - [global] Проверяю обновы...
2026-09-18 02:02:21,034 - DEBUG - [global] needs_update: API GitHub → 5.9.1
2026-09-18 02:02:22,047 - DEBUG - [global] needs_update: raw → 5.9.1
2026-09-18 02:02:23,086 - DEBUG - [global] needs_update: jsdelivr → 5.9.1
2026-09-18 02:02:23,086 - DEBUG - [global] needs_update: лучший источник API → 5.9.1 (из 3)
2026-09-18 02:02:23,092 - INFO - [global] needs_update: local=(5, 9, 1) remote=(5, 9, 1) -> has_update=False
2026-09-18 02:02:23,093 - INFO - [global] Установлена последняя версия бота | 5.9.1
2026-09-18 02:02:53,119 - INFO - [global] Проверяю обновы...
2026-09-18 02:02:54,302 - DEBUG - [global] needs_update: API GitHub → 5.9.1
2026-09-18 02:02:55,472 - DEBUG - [global] needs_update: raw → 5.9.1
2026-09-18 02:02:56,470 - DEBUG - [global] needs_update: jsdelivr → 5.9.1
2026-09-18 02:02:56,470 - DEBUG - [global] needs_update: лучший источник API → 5.9.1 (из 3)
2026-09-18 02:02:56,475 - INFO - [global] needs_update: local=(5, 9, 1) remote=(5, 9, 1) -> has_update=False
2026-09-18 02:02:56,476 - INFO - [global] Установлена последняя версия бота | 5.9.1
2026-09-18 02:03:03,092 - INFO - [global] LogUploader: запускаю upload_run_logs...
2026-09-18 02:03:03,094 - DEBUG - [global] log_uploader: START window=periodic made=-1 token=...Rjnfq
2026-09-18 02:03:03,095 - DEBUG - [global] log_uploader: STEP 1 SKIP (no C:\Users\PC\Desktop\L2Mauto\logs\periodic.log)
2026-09-18 02:03:03,096 - DEBUG - [global] log_uploader: STEP 2 SKIP (no PNGs)
2026-09-18 02:03:04,406 - DEBUG - [global] _api_put: GET runs/20260918_020303_fail_global.log -> 404
2026-09-18 02:03:06,432 - DEBUG - [global] _api_put: PUT runs/20260918_020303_fail_global.log -> 201 (19382 bytes)
2026-09-18 02:03:06,437 - DEBUG - [global] log_uploader: STEP 3 (global log) -> https://github.com/StarateJI/L2Mauto/blob/bot-logs/runs/20260918_020303_fail_global.log
2026-09-18 02:03:06,437 - DEBUG - [global] log_uploader: END window=periodic
2026-09-18 02:03:06,437 - INFO - [global] LogUploader: upload_run_logs завершён
2026-09-18 02:03:26,497 - INFO - [global] Проверяю обновы...
2026-09-18 02:03:27,692 - DEBUG - [global] needs_update: API GitHub → 5.9.1
2026-09-18 02:03:29,069 - DEBUG - [global] needs_update: raw → 5.9.1
2026-09-18 02:03:30,378 - DEBUG - [global] needs_update: jsdelivr → 5.9.1
2026-09-18 02:03:30,379 - DEBUG - [global] needs_update: лучший источник API → 5.9.1 (из 3)
2026-09-18 02:03:30,388 - INFO - [global] needs_update: local=(5, 9, 1) remote=(5, 9, 1) -> has_update=False
2026-09-18 02:03:30,389 - INFO - [global] Установлена последняя версия бота | 5.9.1
2026-09-18 02:04:00,430 - INFO - [global] Проверяю обновы...
2026-09-18 02:04:01,961 - DEBUG - [global] needs_update: API GitHub → 5.9.1
2026-09-18 02:04:02,932 - DEBUG - [global] needs_update: raw → 5.9.1
2026-09-18 02:04:03,924 - DEBUG - [global] needs_update: jsdelivr → 5.9.1
2026-09-18 02:04:03,924 - DEBUG - [global] needs_update: лучший источник API → 5.9.1 (из 3)
2026-09-18 02:04:03,928 - INFO - [global] needs_update: local=(5, 9, 1) remote=(5, 9, 1) -> has_update=False
2026-09-18 02:04:03,929 - INFO - [global] Установлена последняя версия бота | 5.9.1
2026-09-18 02:04:06,492 - INFO - [global] LogUploader: запускаю upload_run_logs...
2026-09-18 02:04:06,496 - DEBUG - [global] log_uploader: START window=periodic made=-1 token=...Rjnfq
2026-09-18 02:04:06,497 - DEBUG - [global] log_uploader: STEP 1 SKIP (no C:\Users\PC\Desktop\L2Mauto\logs\periodic.log)
2026-09-18 02:04:06,498 - DEBUG - [global] log_uploader: STEP 2 SKIP (no PNGs)
2026-09-18 02:04:08,117 - DEBUG - [global] _api_put: GET runs/20260918_020406_fail_global.log -> 404
2026-09-18 02:04:10,361 - DEBUG - [global] _api_put: PUT runs/20260918_020406_fail_global.log -> 201 (19382 bytes)
2026-09-18 02:04:10,366 - DEBUG - [global] log_uploader: STEP 3 (global log) -> https://github.com/StarateJI/L2Mauto/blob/bot-logs/runs/20260918_020406_fail_global.log
2026-09-18 02:04:10,366 - DEBUG - [global] log_uploader: END window=periodic
2026-09-18 02:04:10,366 - INFO - [global] LogUploader: upload_run_logs завершён
2026-09-18 02:04:33,954 - INFO - [global] Проверяю обновы...
2026-09-18 02:04:35,160 - DEBUG - [global] needs_update: API GitHub → 5.9.1
2026-09-18 02:04:36,139 - DEBUG - [global] needs_update: raw → 5.9.1
2026-09-18 02:04:37,329 - DEBUG - [global] needs_update: jsdelivr → 5.9.1
2026-09-18 02:04:37,330 - DEBUG - [global] needs_update: лучший источник API → 5.9.1 (из 3)
2026-09-18 02:04:37,335 - INFO - [global] needs_update: local=(5, 9, 1) remote=(5, 9, 1) -> has_update=False
2026-09-18 02:04:37,339 - INFO - [global] Установлена последняя версия бота | 5.9.1
2026-09-18 02:05:07,373 - INFO - [global] Проверяю обновы...
2026-09-18 02:05:08,626 - DEBUG - [global] needs_update: API GitHub → 5.9.1
2026-09-18 02:05:09,630 - DEBUG - [global] needs_update: raw → 5.9.1
2026-09-18 02:05:10,412 - INFO - [global] LogUploader: запускаю upload_run_logs...
2026-09-18 02:05:10,414 - DEBUG - [global] log_uploader: START window=periodic made=-1 token=...Rjnfq
2026-09-18 02:05:10,415 - DEBUG - [global] log_uploader: STEP 1 SKIP (no C:\Users\PC\Desktop\L2Mauto\logs\periodic.log)
2026-09-18 02:05:10,417 - DEBUG - [global] log_uploader: STEP 2 SKIP (no PNGs)
2026-09-18 02:05:10,794 - DEBUG - [global] needs_update: jsdelivr → 5.9.1
2026-09-18 02:05:10,795 - DEBUG - [global] needs_update: лучший источник API → 5.9.1 (из 3)
2026-09-18 02:05:10,800 - INFO - [global] needs_update: local=(5, 9, 1) remote=(5, 9, 1) -> has_update=False
2026-09-18 02:05:10,802 - INFO - [global] Установлена последняя версия бота | 5.9.1
2026-09-18 02:05:11,962 - DEBUG - [global] _api_put: GET runs/20260918_020510_fail_global.log -> 404
2026-09-18 02:05:14,005 - DEBUG - [global] _api_put: PUT runs/20260918_020510_fail_global.log -> 201 (19382 bytes)
2026-09-18 02:05:14,010 - DEBUG - [global] log_uploader: STEP 3 (global log) -> https://github.com/StarateJI/L2Mauto/blob/bot-logs/runs/20260918_020510_fail_global.log
2026-09-18 02:05:14,011 - DEBUG - [global] log_uploader: END window=periodic
2026-09-18 02:05:14,011 - INFO - [global] LogUploader: upload_run_logs завершён
2026-09-18 02:05:40,823 - INFO - [global] Проверяю обновы...
2026-09-18 02:05:42,014 - DEBUG - [global] needs_update: API GitHub → 5.9.1
2026-09-18 02:05:43,030 - DEBUG - [global] needs_update: raw → 5.9.1
2026-09-18 02:05:44,185 - DEBUG - [global] needs_update: jsdelivr → 5.9.1
2026-09-18 02:05:44,185 - DEBUG - [global] needs_update: лучший источник API → 5.9.1 (из 3)
2026-09-18 02:05:44,191 - INFO - [global] needs_update: local=(5, 9, 1) remote=(5, 9, 1) -> has_update=False
2026-09-18 02:05:44,193 - INFO - [global] Установлена последняя версия бота | 5.9.1
2026-09-18 02:06:14,055 - INFO - [global] LogUploader: запускаю upload_run_logs...
2026-09-18 02:06:14,057 - DEBUG - [global] log_uploader: START window=periodic made=-1 token=...Rjnfq
2026-09-18 02:06:14,058 - DEBUG - [global] log_uploader: STEP 1 SKIP (no C:\Users\PC\Desktop\L2Mauto\logs\periodic.log)
2026-09-18 02:06:14,058 - DEBUG - [global] log_uploader: STEP 2 SKIP (no PNGs)
