=== Log tail 2026-09-18T20:47:57.385385 | last 200 lines ===
2026-09-18 20:38:23,326 - DEBUG - [global] _api_put: GET runs/20260918_203822_fail_global.log -> 404
2026-09-18 20:38:25,628 - DEBUG - [global] _api_put: PUT runs/20260918_203822_fail_global.log -> 201 (20981 bytes)
2026-09-18 20:38:25,636 - DEBUG - [global] log_uploader: STEP 3 (global log) -> https://github.com/StarateJI/L2Mauto/blob/bot-logs/runs/20260918_203822_fail_global.log
2026-09-18 20:38:25,637 - DEBUG - [global] log_uploader: END window=periodic
2026-09-18 20:38:25,637 - INFO - [global] LogUploader: upload_run_logs завершён
2026-09-18 20:38:47,194 - INFO - [global] Проверяю обновы...
2026-09-18 20:38:48,222 - DEBUG - [global] needs_update: raw → 5.11.15
2026-09-18 20:38:49,631 - DEBUG - [global] needs_update: API failed: HTTPError: 403 Client Error: rate limit exceeded for url: https://api.github.com/repos/StarateJI/L2Mauto/contents/bot/version.txt?ref=main
2026-09-18 20:38:51,002 - DEBUG - [global] needs_update: jsdelivr → 5.10.2
2026-09-18 20:38:51,002 - DEBUG - [global] needs_update: лучший источник raw → 5.11.15 (из 2)
2026-09-18 20:38:51,015 - INFO - [global] needs_update: local=(5, 10, 9) remote=(5, 11, 15) -> has_update=True
2026-09-18 20:38:51,015 - INFO - [global] Доступна обнова! Спавню кнопку
2026-09-18 20:39:21,041 - INFO - [global] Проверяю обновы...
2026-09-18 20:39:22,051 - DEBUG - [global] needs_update: raw → 5.11.15
2026-09-18 20:39:23,154 - DEBUG - [global] needs_update: API failed: HTTPError: 403 Client Error: rate limit exceeded for url: https://api.github.com/repos/StarateJI/L2Mauto/contents/bot/version.txt?ref=main
2026-09-18 20:39:24,239 - DEBUG - [global] needs_update: jsdelivr → 5.10.2
2026-09-18 20:39:24,239 - DEBUG - [global] needs_update: лучший источник raw → 5.11.15 (из 2)
2026-09-18 20:39:24,244 - INFO - [global] needs_update: local=(5, 10, 9) remote=(5, 11, 15) -> has_update=True
2026-09-18 20:39:24,245 - INFO - [global] Доступна обнова! Спавню кнопку
2026-09-18 20:39:25,683 - INFO - [global] LogUploader: запускаю upload_run_logs...
2026-09-18 20:39:25,687 - DEBUG - [global] log_uploader: START window=periodic made=-1 token=...Rjnfq
2026-09-18 20:39:25,687 - DEBUG - [global] log_uploader: STEP 1 SKIP (no C:\Users\PC\Desktop\L2Mauto\logs\periodic.log)
2026-09-18 20:39:25,688 - DEBUG - [global] log_uploader: STEP 2 SKIP (no PNGs)
2026-09-18 20:39:27,146 - DEBUG - [global] _api_put: GET runs/20260918_203925_fail_global.log -> 404
2026-09-18 20:39:29,532 - DEBUG - [global] _api_put: PUT runs/20260918_203925_fail_global.log -> 201 (21237 bytes)
2026-09-18 20:39:29,537 - DEBUG - [global] log_uploader: STEP 3 (global log) -> https://github.com/StarateJI/L2Mauto/blob/bot-logs/runs/20260918_203925_fail_global.log
2026-09-18 20:39:29,538 - DEBUG - [global] log_uploader: END window=periodic
2026-09-18 20:39:29,538 - INFO - [global] LogUploader: upload_run_logs завершён
2026-09-18 20:39:54,267 - INFO - [global] Проверяю обновы...
2026-09-18 20:39:55,299 - DEBUG - [global] needs_update: raw → 5.11.15
2026-09-18 20:39:56,743 - DEBUG - [global] needs_update: API failed: HTTPError: 403 Client Error: rate limit exceeded for url: https://api.github.com/repos/StarateJI/L2Mauto/contents/bot/version.txt?ref=main
2026-09-18 20:39:58,010 - DEBUG - [global] needs_update: jsdelivr → 5.10.2
2026-09-18 20:39:58,010 - DEBUG - [global] needs_update: лучший источник raw → 5.11.15 (из 2)
2026-09-18 20:39:58,016 - INFO - [global] needs_update: local=(5, 10, 9) remote=(5, 11, 15) -> has_update=True
2026-09-18 20:39:58,016 - INFO - [global] Доступна обнова! Спавню кнопку
2026-09-18 20:40:28,040 - INFO - [global] Проверяю обновы...
2026-09-18 20:40:29,052 - DEBUG - [global] needs_update: raw → 5.11.15
2026-09-18 20:40:29,584 - INFO - [global] LogUploader: запускаю upload_run_logs...
2026-09-18 20:40:29,586 - DEBUG - [global] log_uploader: START window=periodic made=-1 token=...Rjnfq
2026-09-18 20:40:29,586 - DEBUG - [global] log_uploader: STEP 1 SKIP (no C:\Users\PC\Desktop\L2Mauto\logs\periodic.log)
2026-09-18 20:40:29,587 - DEBUG - [global] log_uploader: STEP 2 SKIP (no PNGs)
2026-09-18 20:40:30,243 - DEBUG - [global] needs_update: API failed: HTTPError: 403 Client Error: rate limit exceeded for url: https://api.github.com/repos/StarateJI/L2Mauto/contents/bot/version.txt?ref=main
2026-09-18 20:40:31,161 - DEBUG - [global] _api_put: GET runs/20260918_204029_fail_global.log -> 404
2026-09-18 20:40:32,858 - DEBUG - [global] needs_update: jsdelivr → 5.11.7
2026-09-18 20:40:32,859 - DEBUG - [global] needs_update: лучший источник raw → 5.11.15 (из 2)
2026-09-18 20:40:32,864 - INFO - [global] needs_update: local=(5, 10, 9) remote=(5, 11, 15) -> has_update=True
2026-09-18 20:40:32,865 - INFO - [global] Доступна обнова! Спавню кнопку
2026-09-18 20:40:33,865 - DEBUG - [global] _api_put: PUT runs/20260918_204029_fail_global.log -> 201 (21249 bytes)
2026-09-18 20:40:33,872 - DEBUG - [global] log_uploader: STEP 3 (global log) -> https://github.com/StarateJI/L2Mauto/blob/bot-logs/runs/20260918_204029_fail_global.log
2026-09-18 20:40:33,873 - DEBUG - [global] log_uploader: END window=periodic
2026-09-18 20:40:33,873 - INFO - [global] LogUploader: upload_run_logs завершён
2026-09-18 20:41:02,898 - INFO - [global] Проверяю обновы...
2026-09-18 20:41:04,087 - DEBUG - [global] needs_update: raw → 5.11.16
2026-09-18 20:41:06,207 - DEBUG - [global] needs_update: API failed: HTTPError: 403 Client Error: rate limit exceeded for url: https://api.github.com/repos/StarateJI/L2Mauto/contents/bot/version.txt?ref=main
2026-09-18 20:41:07,323 - DEBUG - [global] needs_update: jsdelivr → 5.11.7
2026-09-18 20:41:07,324 - DEBUG - [global] needs_update: лучший источник raw → 5.11.16 (из 2)
2026-09-18 20:41:07,329 - INFO - [global] needs_update: local=(5, 10, 9) remote=(5, 11, 16) -> has_update=True
2026-09-18 20:41:07,329 - INFO - [global] Доступна обнова! Спавню кнопку
2026-09-18 20:41:33,918 - INFO - [global] LogUploader: запускаю upload_run_logs...
2026-09-18 20:41:33,920 - DEBUG - [global] log_uploader: START window=periodic made=-1 token=...Rjnfq
2026-09-18 20:41:33,921 - DEBUG - [global] log_uploader: STEP 1 SKIP (no C:\Users\PC\Desktop\L2Mauto\logs\periodic.log)
2026-09-18 20:41:33,921 - DEBUG - [global] log_uploader: STEP 2 SKIP (no PNGs)
2026-09-18 20:41:35,166 - DEBUG - [global] _api_put: GET runs/20260918_204133_fail_global.log -> 404
2026-09-18 20:41:37,352 - INFO - [global] Проверяю обновы...
2026-09-18 20:41:38,402 - DEBUG - [global] _api_put: PUT runs/20260918_204133_fail_global.log -> 201 (21416 bytes)
2026-09-18 20:41:38,408 - DEBUG - [global] log_uploader: STEP 3 (global log) -> https://github.com/StarateJI/L2Mauto/blob/bot-logs/runs/20260918_204133_fail_global.log
2026-09-18 20:41:38,408 - DEBUG - [global] log_uploader: END window=periodic
2026-09-18 20:41:38,408 - INFO - [global] LogUploader: upload_run_logs завершён
2026-09-18 20:41:38,779 - DEBUG - [global] needs_update: raw → 5.11.16
2026-09-18 20:41:39,791 - DEBUG - [global] needs_update: API failed: HTTPError: 403 Client Error: rate limit exceeded for url: https://api.github.com/repos/StarateJI/L2Mauto/contents/bot/version.txt?ref=main
2026-09-18 20:41:41,073 - DEBUG - [global] needs_update: jsdelivr → 5.11.7
2026-09-18 20:41:41,073 - DEBUG - [global] needs_update: лучший источник raw → 5.11.16 (из 2)
2026-09-18 20:41:41,084 - INFO - [global] needs_update: local=(5, 10, 9) remote=(5, 11, 16) -> has_update=True
2026-09-18 20:41:41,084 - INFO - [global] Доступна обнова! Спавню кнопку
2026-09-18 20:42:11,125 - INFO - [global] Проверяю обновы...
2026-09-18 20:42:12,129 - DEBUG - [global] needs_update: raw → 5.11.16
2026-09-18 20:42:13,364 - DEBUG - [global] needs_update: API failed: HTTPError: 403 Client Error: rate limit exceeded for url: https://api.github.com/repos/StarateJI/L2Mauto/contents/bot/version.txt?ref=main
2026-09-18 20:42:14,781 - DEBUG - [global] needs_update: jsdelivr → 5.11.7
2026-09-18 20:42:14,781 - DEBUG - [global] needs_update: лучший источник raw → 5.11.16 (из 2)
2026-09-18 20:42:14,789 - INFO - [global] needs_update: local=(5, 10, 9) remote=(5, 11, 16) -> has_update=True
2026-09-18 20:42:14,790 - INFO - [global] Доступна обнова! Спавню кнопку
2026-09-18 20:42:38,473 - INFO - [global] LogUploader: запускаю upload_run_logs...
2026-09-18 20:42:38,476 - DEBUG - [global] log_uploader: START window=periodic made=-1 token=...Rjnfq
2026-09-18 20:42:38,476 - DEBUG - [global] log_uploader: STEP 1 SKIP (no C:\Users\PC\Desktop\L2Mauto\logs\periodic.log)
2026-09-18 20:42:38,477 - DEBUG - [global] log_uploader: STEP 2 SKIP (no PNGs)
2026-09-18 20:42:39,716 - DEBUG - [global] _api_put: GET runs/20260918_204238_fail_global.log -> 404
2026-09-18 20:42:41,642 - DEBUG - [global] _api_put: PUT runs/20260918_204238_fail_global.log -> 201 (21365 bytes)
2026-09-18 20:42:41,648 - DEBUG - [global] log_uploader: STEP 3 (global log) -> https://github.com/StarateJI/L2Mauto/blob/bot-logs/runs/20260918_204238_fail_global.log
2026-09-18 20:42:41,648 - DEBUG - [global] log_uploader: END window=periodic
2026-09-18 20:42:41,648 - INFO - [global] LogUploader: upload_run_logs завершён
2026-09-18 20:42:44,819 - INFO - [global] Проверяю обновы...
2026-09-18 20:42:45,834 - DEBUG - [global] needs_update: raw → 5.11.16
2026-09-18 20:42:47,295 - DEBUG - [global] needs_update: API failed: HTTPError: 403 Client Error: rate limit exceeded for url: https://api.github.com/repos/StarateJI/L2Mauto/contents/bot/version.txt?ref=main
2026-09-18 20:42:49,357 - DEBUG - [global] needs_update: jsdelivr → 5.11.7
2026-09-18 20:42:49,357 - DEBUG - [global] needs_update: лучший источник raw → 5.11.16 (из 2)
2026-09-18 20:42:49,365 - INFO - [global] needs_update: local=(5, 10, 9) remote=(5, 11, 16) -> has_update=True
2026-09-18 20:42:49,365 - INFO - [global] Доступна обнова! Спавню кнопку
2026-09-18 20:43:19,405 - INFO - [global] Проверяю обновы...
2026-09-18 20:43:20,439 - DEBUG - [global] needs_update: raw → 5.11.16
2026-09-18 20:43:21,887 - DEBUG - [global] needs_update: API failed: HTTPError: 403 Client Error: rate limit exceeded for url: https://api.github.com/repos/StarateJI/L2Mauto/contents/bot/version.txt?ref=main
2026-09-18 20:43:23,182 - DEBUG - [global] needs_update: jsdelivr → 5.11.7
2026-09-18 20:43:23,183 - DEBUG - [global] needs_update: лучший источник raw → 5.11.16 (из 2)
2026-09-18 20:43:23,188 - INFO - [global] needs_update: local=(5, 10, 9) remote=(5, 11, 16) -> has_update=True
2026-09-18 20:43:23,189 - INFO - [global] Доступна обнова! Спавню кнопку
2026-09-18 20:43:41,712 - INFO - [global] LogUploader: запускаю upload_run_logs...
2026-09-18 20:43:41,714 - DEBUG - [global] log_uploader: START window=periodic made=-1 token=...Rjnfq
2026-09-18 20:43:41,715 - DEBUG - [global] log_uploader: STEP 1 SKIP (no C:\Users\PC\Desktop\L2Mauto\logs\periodic.log)
2026-09-18 20:43:41,718 - DEBUG - [global] log_uploader: STEP 2 SKIP (no PNGs)
2026-09-18 20:43:43,044 - DEBUG - [global] _api_put: GET runs/20260918_204341_fail_global.log -> 404
2026-09-18 20:43:45,229 - DEBUG - [global] _api_put: PUT runs/20260918_204341_fail_global.log -> 201 (21365 bytes)
2026-09-18 20:43:45,233 - DEBUG - [global] log_uploader: STEP 3 (global log) -> https://github.com/StarateJI/L2Mauto/blob/bot-logs/runs/20260918_204341_fail_global.log
2026-09-18 20:43:45,233 - DEBUG - [global] log_uploader: END window=periodic
2026-09-18 20:43:45,233 - INFO - [global] LogUploader: upload_run_logs завершён
2026-09-18 20:43:53,224 - INFO - [global] Проверяю обновы...
2026-09-18 20:43:54,236 - DEBUG - [global] needs_update: raw → 5.11.16
2026-09-18 20:43:55,369 - DEBUG - [global] needs_update: API failed: HTTPError: 403 Client Error: rate limit exceeded for url: https://api.github.com/repos/StarateJI/L2Mauto/contents/bot/version.txt?ref=main
2026-09-18 20:43:56,982 - DEBUG - [global] needs_update: jsdelivr → 5.11.7
2026-09-18 20:43:56,982 - DEBUG - [global] needs_update: лучший источник raw → 5.11.16 (из 2)
2026-09-18 20:43:56,988 - INFO - [global] needs_update: local=(5, 10, 9) remote=(5, 11, 16) -> has_update=True
2026-09-18 20:43:56,989 - INFO - [global] Доступна обнова! Спавню кнопку
2026-09-18 20:44:27,017 - INFO - [global] Проверяю обновы...
2026-09-18 20:44:28,002 - DEBUG - [global] needs_update: raw → 5.11.16
2026-09-18 20:44:30,730 - DEBUG - [global] needs_update: API failed: HTTPError: 403 Client Error: rate limit exceeded for url: https://api.github.com/repos/StarateJI/L2Mauto/contents/bot/version.txt?ref=main
2026-09-18 20:44:31,707 - DEBUG - [global] needs_update: jsdelivr → 5.11.7
2026-09-18 20:44:31,707 - DEBUG - [global] needs_update: лучший источник raw → 5.11.16 (из 2)
2026-09-18 20:44:31,712 - INFO - [global] needs_update: local=(5, 10, 9) remote=(5, 11, 16) -> has_update=True
2026-09-18 20:44:31,712 - INFO - [global] Доступна обнова! Спавню кнопку
2026-09-18 20:44:45,340 - INFO - [global] LogUploader: запускаю upload_run_logs...
2026-09-18 20:44:45,343 - DEBUG - [global] log_uploader: START window=periodic made=-1 token=...Rjnfq
2026-09-18 20:44:45,343 - DEBUG - [global] log_uploader: STEP 1 SKIP (no C:\Users\PC\Desktop\L2Mauto\logs\periodic.log)
2026-09-18 20:44:45,345 - DEBUG - [global] log_uploader: STEP 2 SKIP (no PNGs)
2026-09-18 20:44:46,634 - DEBUG - [global] _api_put: GET runs/20260918_204445_fail_global.log -> 404
2026-09-18 20:44:49,120 - DEBUG - [global] _api_put: PUT runs/20260918_204445_fail_global.log -> 201 (21365 bytes)
2026-09-18 20:44:49,126 - DEBUG - [global] log_uploader: STEP 3 (global log) -> https://github.com/StarateJI/L2Mauto/blob/bot-logs/runs/20260918_204445_fail_global.log
2026-09-18 20:44:49,126 - DEBUG - [global] log_uploader: END window=periodic
2026-09-18 20:44:49,126 - INFO - [global] LogUploader: upload_run_logs завершён
2026-09-18 20:45:01,768 - INFO - [global] Проверяю обновы...
2026-09-18 20:45:02,779 - DEBUG - [global] needs_update: raw → 5.11.16
2026-09-18 20:45:03,879 - DEBUG - [global] needs_update: API failed: HTTPError: 403 Client Error: rate limit exceeded for url: https://api.github.com/repos/StarateJI/L2Mauto/contents/bot/version.txt?ref=main
2026-09-18 20:45:05,015 - DEBUG - [global] needs_update: jsdelivr → 5.11.7
2026-09-18 20:45:05,015 - DEBUG - [global] needs_update: лучший источник raw → 5.11.16 (из 2)
2026-09-18 20:45:05,022 - INFO - [global] needs_update: local=(5, 10, 9) remote=(5, 11, 16) -> has_update=True
2026-09-18 20:45:05,022 - INFO - [global] Доступна обнова! Спавню кнопку
2026-09-18 20:45:35,048 - INFO - [global] Проверяю обновы...
2026-09-18 20:45:36,048 - DEBUG - [global] needs_update: raw → 5.11.16
2026-09-18 20:45:37,162 - DEBUG - [global] needs_update: API failed: HTTPError: 403 Client Error: rate limit exceeded for url: https://api.github.com/repos/StarateJI/L2Mauto/contents/bot/version.txt?ref=main
2026-09-18 20:45:38,205 - DEBUG - [global] needs_update: jsdelivr → 5.11.7
2026-09-18 20:45:38,206 - DEBUG - [global] needs_update: лучший источник raw → 5.11.16 (из 2)
2026-09-18 20:45:38,213 - INFO - [global] needs_update: local=(5, 10, 9) remote=(5, 11, 16) -> has_update=True
2026-09-18 20:45:38,214 - INFO - [global] Доступна обнова! Спавню кнопку
2026-09-18 20:45:49,213 - INFO - [global] LogUploader: запускаю upload_run_logs...
2026-09-18 20:45:49,215 - DEBUG - [global] log_uploader: START window=periodic made=-1 token=...Rjnfq
2026-09-18 20:45:49,215 - DEBUG - [global] log_uploader: STEP 1 SKIP (no C:\Users\PC\Desktop\L2Mauto\logs\periodic.log)
2026-09-18 20:45:49,216 - DEBUG - [global] log_uploader: STEP 2 SKIP (no PNGs)
2026-09-18 20:45:50,505 - DEBUG - [global] _api_put: GET runs/20260918_204549_fail_global.log -> 404
2026-09-18 20:45:53,387 - DEBUG - [global] _api_put: PUT runs/20260918_204549_fail_global.log -> 201 (21365 bytes)
2026-09-18 20:45:53,396 - DEBUG - [global] log_uploader: STEP 3 (global log) -> https://github.com/StarateJI/L2Mauto/blob/bot-logs/runs/20260918_204549_fail_global.log
2026-09-18 20:45:53,397 - DEBUG - [global] log_uploader: END window=periodic
2026-09-18 20:45:53,397 - INFO - [global] LogUploader: upload_run_logs завершён
2026-09-18 20:46:08,240 - INFO - [global] Проверяю обновы...
2026-09-18 20:46:09,406 - DEBUG - [global] needs_update: raw → 5.11.16
2026-09-18 20:46:10,808 - DEBUG - [global] needs_update: API failed: HTTPError: 403 Client Error: rate limit exceeded for url: https://api.github.com/repos/StarateJI/L2Mauto/contents/bot/version.txt?ref=main
2026-09-18 20:46:12,154 - DEBUG - [global] needs_update: jsdelivr → 5.11.7
2026-09-18 20:46:12,155 - DEBUG - [global] needs_update: лучший источник raw → 5.11.16 (из 2)
2026-09-18 20:46:12,163 - INFO - [global] needs_update: local=(5, 10, 9) remote=(5, 11, 16) -> has_update=True
2026-09-18 20:46:12,164 - INFO - [global] Доступна обнова! Спавню кнопку
2026-09-18 20:46:42,186 - INFO - [global] Проверяю обновы...
2026-09-18 20:46:43,189 - DEBUG - [global] needs_update: raw → 5.11.16
2026-09-18 20:46:44,345 - DEBUG - [global] needs_update: API failed: HTTPError: 403 Client Error: rate limit exceeded for url: https://api.github.com/repos/StarateJI/L2Mauto/contents/bot/version.txt?ref=main
2026-09-18 20:46:45,706 - DEBUG - [global] needs_update: jsdelivr → 5.11.7
2026-09-18 20:46:45,707 - DEBUG - [global] needs_update: лучший источник raw → 5.11.16 (из 2)
2026-09-18 20:46:45,717 - INFO - [global] needs_update: local=(5, 10, 9) remote=(5, 11, 16) -> has_update=True
2026-09-18 20:46:45,717 - INFO - [global] Доступна обнова! Спавню кнопку
2026-09-18 20:46:53,456 - INFO - [global] LogUploader: запускаю upload_run_logs...
2026-09-18 20:46:53,459 - DEBUG - [global] log_uploader: START window=periodic made=-1 token=...Rjnfq
2026-09-18 20:46:53,459 - DEBUG - [global] log_uploader: STEP 1 SKIP (no C:\Users\PC\Desktop\L2Mauto\logs\periodic.log)
2026-09-18 20:46:53,459 - DEBUG - [global] log_uploader: STEP 2 SKIP (no PNGs)
2026-09-18 20:46:54,707 - DEBUG - [global] _api_put: GET runs/20260918_204653_fail_global.log -> 404
2026-09-18 20:46:57,322 - DEBUG - [global] _api_put: PUT runs/20260918_204653_fail_global.log -> 201 (21365 bytes)
2026-09-18 20:46:57,329 - DEBUG - [global] log_uploader: STEP 3 (global log) -> https://github.com/StarateJI/L2Mauto/blob/bot-logs/runs/20260918_204653_fail_global.log
2026-09-18 20:46:57,329 - DEBUG - [global] log_uploader: END window=periodic
2026-09-18 20:46:57,329 - INFO - [global] LogUploader: upload_run_logs завершён
2026-09-18 20:47:15,742 - INFO - [global] Проверяю обновы...
2026-09-18 20:47:16,767 - DEBUG - [global] needs_update: raw → 5.11.16
2026-09-18 20:47:17,894 - DEBUG - [global] needs_update: API failed: HTTPError: 403 Client Error: rate limit exceeded for url: https://api.github.com/repos/StarateJI/L2Mauto/contents/bot/version.txt?ref=main
2026-09-18 20:47:19,024 - DEBUG - [global] needs_update: jsdelivr → 5.11.7
2026-09-18 20:47:19,024 - DEBUG - [global] needs_update: лучший источник raw → 5.11.16 (из 2)
2026-09-18 20:47:19,034 - INFO - [global] needs_update: local=(5, 10, 9) remote=(5, 11, 16) -> has_update=True
2026-09-18 20:47:19,034 - INFO - [global] Доступна обнова! Спавню кнопку
2026-09-18 20:47:49,057 - INFO - [global] Проверяю обновы...
2026-09-18 20:47:50,088 - DEBUG - [global] needs_update: raw → 5.11.16
2026-09-18 20:47:51,412 - DEBUG - [global] needs_update: API failed: HTTPError: 403 Client Error: rate limit exceeded for url: https://api.github.com/repos/StarateJI/L2Mauto/contents/bot/version.txt?ref=main
2026-09-18 20:47:52,632 - DEBUG - [global] needs_update: jsdelivr → 5.11.7
2026-09-18 20:47:52,632 - DEBUG - [global] needs_update: лучший источник raw → 5.11.16 (из 2)
2026-09-18 20:47:52,639 - INFO - [global] needs_update: local=(5, 10, 9) remote=(5, 11, 16) -> has_update=True
2026-09-18 20:47:52,639 - INFO - [global] Доступна обнова! Спавню кнопку
2026-09-18 20:47:57,375 - INFO - [global] LogUploader: запускаю upload_run_logs...
2026-09-18 20:47:57,378 - DEBUG - [global] log_uploader: START window=periodic made=-1 token=...Rjnfq
2026-09-18 20:47:57,378 - DEBUG - [global] log_uploader: STEP 1 SKIP (no C:\Users\PC\Desktop\L2Mauto\logs\periodic.log)
2026-09-18 20:47:57,379 - DEBUG - [global] log_uploader: STEP 2 SKIP (no PNGs)
