=== Log tail 2026-09-25T21:19:05.312500 | last 200 lines ===
2026-09-25 21:10:06,438 - DEBUG - [global] needs_update: API → 5.13.09
2026-09-25 21:10:06,438 - DEBUG - [global] needs_update: лучший источник raw → 5.13.09 (из 2)
2026-09-25 21:10:06,438 - INFO - [global] needs_update: local=(5, 13, 7) remote=(5, 13, 9) -> has_update=True
2026-09-25 21:10:06,438 - INFO - [global] Доступна обнова! Спавню кнопку
2026-09-25 21:10:13,592 - INFO - [global] LogUploader: запускаю upload_run_logs...
2026-09-25 21:10:13,594 - DEBUG - [global] log_uploader: START window=periodic made=-1 token=...Rjnfq
2026-09-25 21:10:14,595 - DEBUG - [global] _api_put: GET runs/20260925_211013_fail_periodic.log -> 404
2026-09-25 21:10:16,582 - DEBUG - [global] _api_put: PUT runs/20260925_211013_fail_periodic.log -> 201 (10313 bytes)
2026-09-25 21:10:16,584 - DEBUG - [global] log_uploader: STEP 1 (window log) -> https://github.com/StarateJI/L2Mauto/blob/bot-logs/runs/20260925_211013_fail_periodic.log
2026-09-25 21:10:16,585 - DEBUG - [global] log_uploader: STEP 2 SKIP (no PNGs)
2026-09-25 21:10:17,600 - DEBUG - [global] _api_put: GET runs/20260925_211013_fail_global.log -> 404
2026-09-25 21:10:19,620 - DEBUG - [global] _api_put: PUT runs/20260925_211013_fail_global.log -> 201 (20136 bytes)
2026-09-25 21:10:19,624 - DEBUG - [global] log_uploader: STEP 3 (global log) -> https://github.com/StarateJI/L2Mauto/blob/bot-logs/runs/20260925_211013_fail_global.log
2026-09-25 21:10:19,624 - DEBUG - [global] log_uploader: END window=periodic
2026-09-25 21:10:19,624 - INFO - [global] LogUploader: upload_run_logs завершён
2026-09-25 21:10:36,454 - INFO - [global] Проверяю обновы...
2026-09-25 21:10:37,572 - DEBUG - [global] needs_update: API → 5.13.09
2026-09-25 21:10:37,594 - DEBUG - [global] needs_update: raw → 5.13.09
2026-09-25 21:10:37,595 - DEBUG - [global] needs_update: лучший источник API → 5.13.09 (из 2)
2026-09-25 21:10:37,595 - INFO - [global] needs_update: local=(5, 13, 7) remote=(5, 13, 9) -> has_update=True
2026-09-25 21:10:37,595 - INFO - [global] Доступна обнова! Спавню кнопку
2026-09-25 21:11:07,625 - INFO - [global] Проверяю обновы...
2026-09-25 21:11:08,526 - DEBUG - [global] needs_update: raw → 5.13.09
2026-09-25 21:11:08,828 - DEBUG - [global] needs_update: API → 5.13.09
2026-09-25 21:11:08,829 - DEBUG - [global] needs_update: лучший источник raw → 5.13.09 (из 2)
2026-09-25 21:11:08,829 - INFO - [global] needs_update: local=(5, 13, 7) remote=(5, 13, 9) -> has_update=True
2026-09-25 21:11:08,829 - INFO - [global] Доступна обнова! Спавню кнопку
2026-09-25 21:11:19,661 - INFO - [global] LogUploader: запускаю upload_run_logs...
2026-09-25 21:11:19,665 - DEBUG - [global] log_uploader: START window=periodic made=-1 token=...Rjnfq
2026-09-25 21:11:20,725 - DEBUG - [global] _api_put: GET runs/20260925_211119_fail_periodic.log -> 404
2026-09-25 21:11:22,675 - DEBUG - [global] _api_put: PUT runs/20260925_211119_fail_periodic.log -> 201 (10313 bytes)
2026-09-25 21:11:22,679 - DEBUG - [global] log_uploader: STEP 1 (window log) -> https://github.com/StarateJI/L2Mauto/blob/bot-logs/runs/20260925_211119_fail_periodic.log
2026-09-25 21:11:22,679 - DEBUG - [global] log_uploader: STEP 2 SKIP (no PNGs)
2026-09-25 21:11:23,721 - DEBUG - [global] _api_put: GET runs/20260925_211119_fail_global.log -> 404
2026-09-25 21:11:25,974 - DEBUG - [global] _api_put: PUT runs/20260925_211119_fail_global.log -> 201 (20136 bytes)
2026-09-25 21:11:25,977 - DEBUG - [global] log_uploader: STEP 3 (global log) -> https://github.com/StarateJI/L2Mauto/blob/bot-logs/runs/20260925_211119_fail_global.log
2026-09-25 21:11:25,977 - DEBUG - [global] log_uploader: END window=periodic
2026-09-25 21:11:25,977 - INFO - [global] LogUploader: upload_run_logs завершён
2026-09-25 21:11:38,847 - INFO - [global] Проверяю обновы...
2026-09-25 21:11:39,827 - DEBUG - [global] needs_update: raw → 5.13.09
2026-09-25 21:11:40,039 - DEBUG - [global] needs_update: API → 5.13.09
2026-09-25 21:11:40,039 - DEBUG - [global] needs_update: лучший источник raw → 5.13.09 (из 2)
2026-09-25 21:11:40,039 - INFO - [global] needs_update: local=(5, 13, 7) remote=(5, 13, 9) -> has_update=True
2026-09-25 21:11:40,039 - INFO - [global] Доступна обнова! Спавню кнопку
2026-09-25 21:12:10,066 - INFO - [global] Проверяю обновы...
2026-09-25 21:12:10,989 - DEBUG - [global] needs_update: raw → 5.13.09
2026-09-25 21:12:11,226 - DEBUG - [global] needs_update: API → 5.13.09
2026-09-25 21:12:11,226 - DEBUG - [global] needs_update: лучший источник raw → 5.13.09 (из 2)
2026-09-25 21:12:11,227 - INFO - [global] needs_update: local=(5, 13, 7) remote=(5, 13, 9) -> has_update=True
2026-09-25 21:12:11,227 - INFO - [global] Доступна обнова! Спавню кнопку
2026-09-25 21:12:26,018 - INFO - [global] LogUploader: запускаю upload_run_logs...
2026-09-25 21:12:26,020 - DEBUG - [global] log_uploader: START window=periodic made=-1 token=...Rjnfq
2026-09-25 21:12:27,245 - DEBUG - [global] _api_put: GET runs/20260925_211226_fail_periodic.log -> 404
2026-09-25 21:12:29,596 - DEBUG - [global] _api_put: PUT runs/20260925_211226_fail_periodic.log -> 201 (10313 bytes)
2026-09-25 21:12:29,598 - DEBUG - [global] log_uploader: STEP 1 (window log) -> https://github.com/StarateJI/L2Mauto/blob/bot-logs/runs/20260925_211226_fail_periodic.log
2026-09-25 21:12:29,598 - DEBUG - [global] log_uploader: STEP 2 SKIP (no PNGs)
2026-09-25 21:12:30,574 - DEBUG - [global] _api_put: GET runs/20260925_211226_fail_global.log -> 404
2026-09-25 21:12:32,364 - DEBUG - [global] _api_put: PUT runs/20260925_211226_fail_global.log -> 201 (20136 bytes)
2026-09-25 21:12:32,366 - DEBUG - [global] log_uploader: STEP 3 (global log) -> https://github.com/StarateJI/L2Mauto/blob/bot-logs/runs/20260925_211226_fail_global.log
2026-09-25 21:12:32,366 - DEBUG - [global] log_uploader: END window=periodic
2026-09-25 21:12:32,366 - INFO - [global] LogUploader: upload_run_logs завершён
2026-09-25 21:12:41,242 - INFO - [global] Проверяю обновы...
2026-09-25 21:12:42,140 - DEBUG - [global] needs_update: raw → 5.13.09
2026-09-25 21:12:42,376 - DEBUG - [global] needs_update: API → 5.13.09
2026-09-25 21:12:42,376 - DEBUG - [global] needs_update: лучший источник raw → 5.13.09 (из 2)
2026-09-25 21:12:42,376 - INFO - [global] needs_update: local=(5, 13, 7) remote=(5, 13, 9) -> has_update=True
2026-09-25 21:12:42,376 - INFO - [global] Доступна обнова! Спавню кнопку
2026-09-25 21:13:12,391 - INFO - [global] Проверяю обновы...
2026-09-25 21:13:13,284 - DEBUG - [global] needs_update: raw → 5.13.09
2026-09-25 21:13:13,536 - DEBUG - [global] needs_update: API → 5.13.09
2026-09-25 21:13:13,536 - DEBUG - [global] needs_update: лучший источник raw → 5.13.09 (из 2)
2026-09-25 21:13:13,536 - INFO - [global] needs_update: local=(5, 13, 7) remote=(5, 13, 9) -> has_update=True
2026-09-25 21:13:13,536 - INFO - [global] Доступна обнова! Спавню кнопку
2026-09-25 21:13:32,399 - INFO - [global] LogUploader: запускаю upload_run_logs...
2026-09-25 21:13:32,400 - DEBUG - [global] log_uploader: START window=periodic made=-1 token=...Rjnfq
2026-09-25 21:13:33,355 - DEBUG - [global] _api_put: GET runs/20260925_211332_fail_periodic.log -> 200
2026-09-25 21:13:35,159 - DEBUG - [global] _api_put: PUT runs/20260925_211332_fail_periodic.log -> 200 (10313 bytes)
2026-09-25 21:13:35,160 - DEBUG - [global] log_uploader: STEP 1 (window log) -> https://github.com/StarateJI/L2Mauto/blob/bot-logs/runs/20260925_211332_fail_periodic.log
2026-09-25 21:13:35,161 - DEBUG - [global] log_uploader: STEP 2 SKIP (no PNGs)
2026-09-25 21:13:36,293 - DEBUG - [global] _api_put: GET runs/20260925_211332_fail_global.log -> 200
2026-09-25 21:13:38,637 - DEBUG - [global] _api_put: PUT runs/20260925_211332_fail_global.log -> 200 (20019 bytes)
2026-09-25 21:13:38,639 - DEBUG - [global] log_uploader: STEP 3 (global log) -> https://github.com/StarateJI/L2Mauto/blob/bot-logs/runs/20260925_211332_fail_global.log
2026-09-25 21:13:38,639 - DEBUG - [global] log_uploader: END window=periodic
2026-09-25 21:13:38,639 - INFO - [global] LogUploader: upload_run_logs завершён
2026-09-25 21:13:43,553 - INFO - [global] Проверяю обновы...
2026-09-25 21:13:44,455 - DEBUG - [global] needs_update: raw → 5.13.09
2026-09-25 21:13:44,636 - DEBUG - [global] needs_update: API → 5.13.09
2026-09-25 21:13:44,636 - DEBUG - [global] needs_update: лучший источник raw → 5.13.09 (из 2)
2026-09-25 21:13:44,636 - INFO - [global] needs_update: local=(5, 13, 7) remote=(5, 13, 9) -> has_update=True
2026-09-25 21:13:44,636 - INFO - [global] Доступна обнова! Спавню кнопку
2026-09-25 21:14:14,653 - INFO - [global] Проверяю обновы...
2026-09-25 21:14:15,496 - DEBUG - [global] needs_update: raw → 5.13.09
2026-09-25 21:14:15,714 - DEBUG - [global] needs_update: API → 5.13.09
2026-09-25 21:14:15,715 - DEBUG - [global] needs_update: лучший источник raw → 5.13.09 (из 2)
2026-09-25 21:14:15,715 - INFO - [global] needs_update: local=(5, 13, 7) remote=(5, 13, 9) -> has_update=True
2026-09-25 21:14:15,715 - INFO - [global] Доступна обнова! Спавню кнопку
2026-09-25 21:14:38,678 - INFO - [global] LogUploader: запускаю upload_run_logs...
2026-09-25 21:14:38,679 - DEBUG - [global] log_uploader: START window=periodic made=-1 token=...Rjnfq
2026-09-25 21:14:39,684 - DEBUG - [global] _api_put: GET runs/20260925_211438_fail_periodic.log -> 200
2026-09-25 21:14:41,515 - DEBUG - [global] _api_put: PUT runs/20260925_211438_fail_periodic.log -> 200 (10313 bytes)
2026-09-25 21:14:41,517 - DEBUG - [global] log_uploader: STEP 1 (window log) -> https://github.com/StarateJI/L2Mauto/blob/bot-logs/runs/20260925_211438_fail_periodic.log
2026-09-25 21:14:41,517 - DEBUG - [global] log_uploader: STEP 2 SKIP (no PNGs)
2026-09-25 21:14:42,602 - DEBUG - [global] _api_put: GET runs/20260925_211438_fail_global.log -> 200
2026-09-25 21:14:44,750 - DEBUG - [global] _api_put: PUT runs/20260925_211438_fail_global.log -> 200 (20019 bytes)
2026-09-25 21:14:44,752 - DEBUG - [global] log_uploader: STEP 3 (global log) -> https://github.com/StarateJI/L2Mauto/blob/bot-logs/runs/20260925_211438_fail_global.log
2026-09-25 21:14:44,752 - DEBUG - [global] log_uploader: END window=periodic
2026-09-25 21:14:44,752 - INFO - [global] LogUploader: upload_run_logs завершён
2026-09-25 21:14:45,733 - INFO - [global] Проверяю обновы...
2026-09-25 21:14:46,635 - DEBUG - [global] needs_update: raw → 5.13.09
2026-09-25 21:14:46,815 - DEBUG - [global] needs_update: API → 5.13.09
2026-09-25 21:14:46,815 - DEBUG - [global] needs_update: лучший источник raw → 5.13.09 (из 2)
2026-09-25 21:14:46,815 - INFO - [global] needs_update: local=(5, 13, 7) remote=(5, 13, 9) -> has_update=True
2026-09-25 21:14:46,815 - INFO - [global] Доступна обнова! Спавню кнопку
2026-09-25 21:15:16,836 - INFO - [global] Проверяю обновы...
2026-09-25 21:15:17,730 - DEBUG - [global] needs_update: raw → 5.13.09
2026-09-25 21:15:17,946 - DEBUG - [global] needs_update: API → 5.13.09
2026-09-25 21:15:17,946 - DEBUG - [global] needs_update: лучший источник raw → 5.13.09 (из 2)
2026-09-25 21:15:17,947 - INFO - [global] needs_update: local=(5, 13, 7) remote=(5, 13, 9) -> has_update=True
2026-09-25 21:15:17,947 - INFO - [global] Доступна обнова! Спавню кнопку
2026-09-25 21:15:44,787 - INFO - [global] LogUploader: запускаю upload_run_logs...
2026-09-25 21:15:44,789 - DEBUG - [global] log_uploader: START window=periodic made=-1 token=...Rjnfq
2026-09-25 21:15:45,759 - DEBUG - [global] _api_put: GET runs/20260925_211544_fail_periodic.log -> 404
2026-09-25 21:15:47,398 - DEBUG - [global] _api_put: PUT runs/20260925_211544_fail_periodic.log -> 201 (10313 bytes)
2026-09-25 21:15:47,400 - DEBUG - [global] log_uploader: STEP 1 (window log) -> https://github.com/StarateJI/L2Mauto/blob/bot-logs/runs/20260925_211544_fail_periodic.log
2026-09-25 21:15:47,401 - DEBUG - [global] log_uploader: STEP 2 SKIP (no PNGs)
2026-09-25 21:15:47,964 - INFO - [global] Проверяю обновы...
2026-09-25 21:15:48,437 - DEBUG - [global] _api_put: GET runs/20260925_211544_fail_global.log -> 404
2026-09-25 21:15:49,179 - DEBUG - [global] needs_update: API → 5.13.09
2026-09-25 21:15:49,231 - DEBUG - [global] needs_update: raw → 5.13.09
2026-09-25 21:15:49,231 - DEBUG - [global] needs_update: лучший источник API → 5.13.09 (из 2)
2026-09-25 21:15:49,231 - INFO - [global] needs_update: local=(5, 13, 7) remote=(5, 13, 9) -> has_update=True
2026-09-25 21:15:49,231 - INFO - [global] Доступна обнова! Спавню кнопку
2026-09-25 21:15:50,411 - DEBUG - [global] _api_put: PUT runs/20260925_211544_fail_global.log -> 201 (20019 bytes)
2026-09-25 21:15:50,414 - DEBUG - [global] log_uploader: STEP 3 (global log) -> https://github.com/StarateJI/L2Mauto/blob/bot-logs/runs/20260925_211544_fail_global.log
2026-09-25 21:15:50,414 - DEBUG - [global] log_uploader: END window=periodic
2026-09-25 21:15:50,414 - INFO - [global] LogUploader: upload_run_logs завершён
2026-09-25 21:16:19,270 - INFO - [global] Проверяю обновы...
2026-09-25 21:16:20,193 - DEBUG - [global] needs_update: raw → 5.13.09
2026-09-25 21:16:20,411 - DEBUG - [global] needs_update: API → 5.13.09
2026-09-25 21:16:20,411 - DEBUG - [global] needs_update: лучший источник raw → 5.13.09 (из 2)
2026-09-25 21:16:20,411 - INFO - [global] needs_update: local=(5, 13, 7) remote=(5, 13, 9) -> has_update=True
2026-09-25 21:16:20,411 - INFO - [global] Доступна обнова! Спавню кнопку
2026-09-25 21:16:50,429 - INFO - [global] Проверяю обновы...
2026-09-25 21:16:50,450 - INFO - [global] LogUploader: запускаю upload_run_logs...
2026-09-25 21:16:50,451 - DEBUG - [global] log_uploader: START window=periodic made=-1 token=...Rjnfq
2026-09-25 21:16:51,495 - DEBUG - [global] needs_update: raw → 5.13.09
2026-09-25 21:16:51,698 - DEBUG - [global] _api_put: GET runs/20260925_211650_fail_periodic.log -> 404
2026-09-25 21:16:51,702 - DEBUG - [global] needs_update: API → 5.13.09
2026-09-25 21:16:51,703 - DEBUG - [global] needs_update: лучший источник raw → 5.13.09 (из 2)
2026-09-25 21:16:51,703 - INFO - [global] needs_update: local=(5, 13, 7) remote=(5, 13, 9) -> has_update=True
2026-09-25 21:16:51,703 - INFO - [global] Доступна обнова! Спавню кнопку
2026-09-25 21:16:53,726 - DEBUG - [global] _api_put: PUT runs/20260925_211650_fail_periodic.log -> 201 (10313 bytes)
2026-09-25 21:16:53,728 - DEBUG - [global] log_uploader: STEP 1 (window log) -> https://github.com/StarateJI/L2Mauto/blob/bot-logs/runs/20260925_211650_fail_periodic.log
2026-09-25 21:16:53,729 - DEBUG - [global] log_uploader: STEP 2 SKIP (no PNGs)
2026-09-25 21:16:54,738 - DEBUG - [global] _api_put: GET runs/20260925_211650_fail_global.log -> 404
2026-09-25 21:16:56,630 - DEBUG - [global] _api_put: PUT runs/20260925_211650_fail_global.log -> 201 (20019 bytes)
2026-09-25 21:16:56,633 - DEBUG - [global] log_uploader: STEP 3 (global log) -> https://github.com/StarateJI/L2Mauto/blob/bot-logs/runs/20260925_211650_fail_global.log
2026-09-25 21:16:56,633 - DEBUG - [global] log_uploader: END window=periodic
2026-09-25 21:16:56,633 - INFO - [global] LogUploader: upload_run_logs завершён
2026-09-25 21:17:21,720 - INFO - [global] Проверяю обновы...
2026-09-25 21:17:22,691 - DEBUG - [global] needs_update: raw → 5.13.09
2026-09-25 21:17:23,183 - DEBUG - [global] needs_update: API → 5.13.09
2026-09-25 21:17:23,185 - DEBUG - [global] needs_update: лучший источник raw → 5.13.09 (из 2)
2026-09-25 21:17:23,185 - INFO - [global] needs_update: local=(5, 13, 7) remote=(5, 13, 9) -> has_update=True
2026-09-25 21:17:23,185 - INFO - [global] Доступна обнова! Спавню кнопку
2026-09-25 21:17:53,204 - INFO - [global] Проверяю обновы...
2026-09-25 21:17:54,187 - DEBUG - [global] needs_update: raw → 5.13.09
2026-09-25 21:17:54,400 - DEBUG - [global] needs_update: API → 5.13.09
2026-09-25 21:17:54,400 - DEBUG - [global] needs_update: лучший источник raw → 5.13.09 (из 2)
2026-09-25 21:17:54,400 - INFO - [global] needs_update: local=(5, 13, 7) remote=(5, 13, 9) -> has_update=True
2026-09-25 21:17:54,400 - INFO - [global] Доступна обнова! Спавню кнопку
2026-09-25 21:17:56,671 - INFO - [global] LogUploader: запускаю upload_run_logs...
2026-09-25 21:17:56,672 - DEBUG - [global] log_uploader: START window=periodic made=-1 token=...Rjnfq
2026-09-25 21:17:57,652 - DEBUG - [global] _api_put: GET runs/20260925_211756_fail_periodic.log -> 404
2026-09-25 21:17:59,389 - DEBUG - [global] _api_put: PUT runs/20260925_211756_fail_periodic.log -> 201 (10313 bytes)
2026-09-25 21:17:59,391 - DEBUG - [global] log_uploader: STEP 1 (window log) -> https://github.com/StarateJI/L2Mauto/blob/bot-logs/runs/20260925_211756_fail_periodic.log
2026-09-25 21:17:59,392 - DEBUG - [global] log_uploader: STEP 2 SKIP (no PNGs)
2026-09-25 21:18:00,426 - DEBUG - [global] _api_put: GET runs/20260925_211756_fail_global.log -> 404
2026-09-25 21:18:02,430 - DEBUG - [global] _api_put: PUT runs/20260925_211756_fail_global.log -> 201 (20019 bytes)
2026-09-25 21:18:02,433 - DEBUG - [global] log_uploader: STEP 3 (global log) -> https://github.com/StarateJI/L2Mauto/blob/bot-logs/runs/20260925_211756_fail_global.log
2026-09-25 21:18:02,433 - DEBUG - [global] log_uploader: END window=periodic
2026-09-25 21:18:02,433 - INFO - [global] LogUploader: upload_run_logs завершён
2026-09-25 21:18:24,419 - INFO - [global] Проверяю обновы...
2026-09-25 21:18:25,558 - DEBUG - [global] needs_update: API → 5.13.09
2026-09-25 21:18:26,777 - DEBUG - [global] needs_update: raw → 5.13.09
2026-09-25 21:18:26,777 - DEBUG - [global] needs_update: лучший источник API → 5.13.09 (из 2)
2026-09-25 21:18:26,777 - INFO - [global] needs_update: local=(5, 13, 7) remote=(5, 13, 9) -> has_update=True
2026-09-25 21:18:26,777 - INFO - [global] Доступна обнова! Спавню кнопку
2026-09-25 21:18:56,794 - INFO - [global] Проверяю обновы...
2026-09-25 21:18:57,779 - DEBUG - [global] needs_update: raw → 5.13.09
2026-09-25 21:18:57,935 - DEBUG - [global] needs_update: API → 5.13.09
2026-09-25 21:18:57,935 - DEBUG - [global] needs_update: лучший источник raw → 5.13.09 (из 2)
2026-09-25 21:18:57,935 - INFO - [global] needs_update: local=(5, 13, 7) remote=(5, 13, 9) -> has_update=True
2026-09-25 21:18:57,935 - INFO - [global] Доступна обнова! Спавню кнопку
2026-09-25 21:19:02,469 - INFO - [global] LogUploader: запускаю upload_run_logs...
2026-09-25 21:19:02,470 - DEBUG - [global] log_uploader: START window=periodic made=-1 token=...Rjnfq
2026-09-25 21:19:03,477 - DEBUG - [global] _api_put: GET runs/20260925_211902_fail_periodic.log -> 404
2026-09-25 21:19:05,287 - DEBUG - [global] _api_put: PUT runs/20260925_211902_fail_periodic.log -> 201 (10313 bytes)
2026-09-25 21:19:05,289 - DEBUG - [global] log_uploader: STEP 1 (window log) -> https://github.com/StarateJI/L2Mauto/blob/bot-logs/runs/20260925_211902_fail_periodic.log
2026-09-25 21:19:05,290 - DEBUG - [global] log_uploader: STEP 2 SKIP (no PNGs)
