=== Log tail 2026-09-29T15:51:14.288818 | last 200 lines ===
2026-09-29 15:41:45,894 - DEBUG - [global] _api_put: GET runs/20260929_154144_fail_periodic.log -> 404
2026-09-29 15:41:48,726 - DEBUG - [global] _api_put: PUT runs/20260929_154144_fail_periodic.log -> 201 (14800 bytes)
2026-09-29 15:41:48,729 - DEBUG - [global] log_uploader: STEP 1 (window log) -> https://github.com/StarateJI/L2Mauto/blob/bot-logs/runs/20260929_154144_fail_periodic.log
2026-09-29 15:41:48,731 - DEBUG - [global] log_uploader: STEP 2 SKIP (no PNGs)
2026-09-29 15:41:50,496 - DEBUG - [global] _api_put: GET runs/20260929_154144_fail_global.log -> 404
2026-09-29 15:41:53,691 - DEBUG - [global] _api_put: PUT runs/20260929_154144_fail_global.log -> 201 (20061 bytes)
2026-09-29 15:41:53,694 - DEBUG - [global] log_uploader: STEP 3 (global log) -> https://github.com/StarateJI/L2Mauto/blob/bot-logs/runs/20260929_154144_fail_global.log
2026-09-29 15:41:53,694 - DEBUG - [global] log_uploader: END window=periodic
2026-09-29 15:41:53,694 - INFO - [global] LogUploader: upload_run_logs завершён
2026-09-29 15:42:02,831 - INFO - [global] Проверяю обновы...
2026-09-29 15:42:04,037 - DEBUG - [global] needs_update: raw → 5.13.09
2026-09-29 15:42:04,187 - DEBUG - [global] needs_update: API → 5.13.09
2026-09-29 15:42:04,189 - DEBUG - [global] needs_update: лучший источник raw → 5.13.09 (из 2)
2026-09-29 15:42:04,190 - INFO - [global] needs_update: local=(5, 13, 7) remote=(5, 13, 9) -> has_update=True
2026-09-29 15:42:04,190 - INFO - [global] Доступна обнова! Спавню кнопку
2026-09-29 15:42:34,729 - INFO - [global] Проверяю обновы...
2026-09-29 15:42:35,962 - DEBUG - [global] needs_update: raw → 5.13.09
2026-09-29 15:42:36,317 - DEBUG - [global] needs_update: API → 5.13.09
2026-09-29 15:42:36,319 - DEBUG - [global] needs_update: лучший источник raw → 5.13.09 (из 2)
2026-09-29 15:42:36,319 - INFO - [global] needs_update: local=(5, 13, 7) remote=(5, 13, 9) -> has_update=True
2026-09-29 15:42:36,319 - INFO - [global] Доступна обнова! Спавню кнопку
2026-09-29 15:42:54,606 - INFO - [global] LogUploader: запускаю upload_run_logs...
2026-09-29 15:42:54,607 - DEBUG - [global] log_uploader: START window=periodic made=-1 token=...Rjnfq
2026-09-29 15:42:56,182 - DEBUG - [global] _api_put: GET runs/20260929_154254_fail_periodic.log -> 404
2026-09-29 15:42:59,955 - DEBUG - [global] _api_put: PUT runs/20260929_154254_fail_periodic.log -> 201 (14800 bytes)
2026-09-29 15:42:59,957 - DEBUG - [global] log_uploader: STEP 1 (window log) -> https://github.com/StarateJI/L2Mauto/blob/bot-logs/runs/20260929_154254_fail_periodic.log
2026-09-29 15:42:59,958 - DEBUG - [global] log_uploader: STEP 2 SKIP (no PNGs)
2026-09-29 15:43:01,850 - DEBUG - [global] _api_put: GET runs/20260929_154254_fail_global.log -> 404
2026-09-29 15:43:05,322 - DEBUG - [global] _api_put: PUT runs/20260929_154254_fail_global.log -> 201 (20061 bytes)
2026-09-29 15:43:05,327 - DEBUG - [global] log_uploader: STEP 3 (global log) -> https://github.com/StarateJI/L2Mauto/blob/bot-logs/runs/20260929_154254_fail_global.log
2026-09-29 15:43:05,327 - DEBUG - [global] log_uploader: END window=periodic
2026-09-29 15:43:05,327 - INFO - [global] LogUploader: upload_run_logs завершён
2026-09-29 15:43:06,800 - INFO - [global] Проверяю обновы...
2026-09-29 15:43:08,048 - DEBUG - [global] needs_update: raw → 5.13.09
2026-09-29 15:43:08,240 - DEBUG - [global] needs_update: API → 5.13.09
2026-09-29 15:43:08,243 - DEBUG - [global] needs_update: лучший источник raw → 5.13.09 (из 2)
2026-09-29 15:43:08,244 - INFO - [global] needs_update: local=(5, 13, 7) remote=(5, 13, 9) -> has_update=True
2026-09-29 15:43:08,244 - INFO - [global] Доступна обнова! Спавню кнопку
2026-09-29 15:43:38,710 - INFO - [global] Проверяю обновы...
2026-09-29 15:43:40,483 - DEBUG - [global] needs_update: API → 5.13.09
2026-09-29 15:43:40,566 - DEBUG - [global] needs_update: raw → 5.13.09
2026-09-29 15:43:40,566 - DEBUG - [global] needs_update: лучший источник API → 5.13.09 (из 2)
2026-09-29 15:43:40,566 - INFO - [global] needs_update: local=(5, 13, 7) remote=(5, 13, 9) -> has_update=True
2026-09-29 15:43:40,566 - INFO - [global] Доступна обнова! Спавню кнопку
2026-09-29 15:44:06,348 - INFO - [global] LogUploader: запускаю upload_run_logs...
2026-09-29 15:44:06,348 - DEBUG - [global] log_uploader: START window=periodic made=-1 token=...Rjnfq
2026-09-29 15:44:07,761 - DEBUG - [global] _api_put: GET runs/20260929_154406_fail_periodic.log -> 404
2026-09-29 15:44:10,509 - DEBUG - [global] _api_put: PUT runs/20260929_154406_fail_periodic.log -> 201 (14800 bytes)
2026-09-29 15:44:10,512 - DEBUG - [global] log_uploader: STEP 1 (window log) -> https://github.com/StarateJI/L2Mauto/blob/bot-logs/runs/20260929_154406_fail_periodic.log
2026-09-29 15:44:10,518 - DEBUG - [global] log_uploader: STEP 2 SKIP (no PNGs)
2026-09-29 15:44:11,027 - INFO - [global] Проверяю обновы...
2026-09-29 15:44:12,149 - DEBUG - [global] needs_update: raw → 5.13.09
2026-09-29 15:44:12,387 - DEBUG - [global] needs_update: API → 5.13.09
2026-09-29 15:44:12,390 - DEBUG - [global] needs_update: лучший источник raw → 5.13.09 (из 2)
2026-09-29 15:44:12,390 - INFO - [global] needs_update: local=(5, 13, 7) remote=(5, 13, 9) -> has_update=True
2026-09-29 15:44:12,390 - INFO - [global] Доступна обнова! Спавню кнопку
2026-09-29 15:44:13,044 - DEBUG - [global] _api_put: GET runs/20260929_154406_fail_global.log -> 404
2026-09-29 15:44:15,925 - DEBUG - [global] _api_put: PUT runs/20260929_154406_fail_global.log -> 201 (20019 bytes)
2026-09-29 15:44:15,928 - DEBUG - [global] log_uploader: STEP 3 (global log) -> https://github.com/StarateJI/L2Mauto/blob/bot-logs/runs/20260929_154406_fail_global.log
2026-09-29 15:44:15,928 - DEBUG - [global] log_uploader: END window=periodic
2026-09-29 15:44:15,928 - INFO - [global] LogUploader: upload_run_logs завершён
2026-09-29 15:44:42,911 - INFO - [global] Проверяю обновы...
2026-09-29 15:44:43,956 - DEBUG - [global] needs_update: raw → 5.13.09
2026-09-29 15:44:44,136 - DEBUG - [global] needs_update: API → 5.13.09
2026-09-29 15:44:44,137 - DEBUG - [global] needs_update: лучший источник raw → 5.13.09 (из 2)
2026-09-29 15:44:44,137 - INFO - [global] needs_update: local=(5, 13, 7) remote=(5, 13, 9) -> has_update=True
2026-09-29 15:44:44,137 - INFO - [global] Доступна обнова! Спавню кнопку
2026-09-29 15:45:14,686 - INFO - [global] Проверяю обновы...
2026-09-29 15:45:15,726 - DEBUG - [global] needs_update: raw → 5.13.09
2026-09-29 15:45:16,086 - DEBUG - [global] needs_update: API → 5.13.09
2026-09-29 15:45:16,088 - DEBUG - [global] needs_update: лучший источник raw → 5.13.09 (из 2)
2026-09-29 15:45:16,088 - INFO - [global] needs_update: local=(5, 13, 7) remote=(5, 13, 9) -> has_update=True
2026-09-29 15:45:16,088 - INFO - [global] Доступна обнова! Спавню кнопку
2026-09-29 15:45:16,917 - INFO - [global] LogUploader: запускаю upload_run_logs...
2026-09-29 15:45:16,918 - DEBUG - [global] log_uploader: START window=periodic made=-1 token=...Rjnfq
2026-09-29 15:45:18,482 - DEBUG - [global] _api_put: GET runs/20260929_154516_fail_periodic.log -> 404
2026-09-29 15:45:21,916 - DEBUG - [global] _api_put: PUT runs/20260929_154516_fail_periodic.log -> 201 (14800 bytes)
2026-09-29 15:45:21,918 - DEBUG - [global] log_uploader: STEP 1 (window log) -> https://github.com/StarateJI/L2Mauto/blob/bot-logs/runs/20260929_154516_fail_periodic.log
2026-09-29 15:45:21,919 - DEBUG - [global] log_uploader: STEP 2 SKIP (no PNGs)
2026-09-29 15:45:23,783 - DEBUG - [global] _api_put: GET runs/20260929_154516_fail_global.log -> 404
2026-09-29 15:45:27,077 - DEBUG - [global] _api_put: PUT runs/20260929_154516_fail_global.log -> 201 (19974 bytes)
2026-09-29 15:45:27,079 - DEBUG - [global] log_uploader: STEP 3 (global log) -> https://github.com/StarateJI/L2Mauto/blob/bot-logs/runs/20260929_154516_fail_global.log
2026-09-29 15:45:27,080 - DEBUG - [global] log_uploader: END window=periodic
2026-09-29 15:45:27,080 - INFO - [global] LogUploader: upload_run_logs завершён
2026-09-29 15:45:46,579 - INFO - [global] Проверяю обновы...
2026-09-29 15:45:47,727 - DEBUG - [global] needs_update: raw → 5.13.09
2026-09-29 15:45:47,878 - DEBUG - [global] needs_update: API → 5.13.09
2026-09-29 15:45:47,878 - DEBUG - [global] needs_update: лучший источник raw → 5.13.09 (из 2)
2026-09-29 15:45:47,878 - INFO - [global] needs_update: local=(5, 13, 7) remote=(5, 13, 9) -> has_update=True
2026-09-29 15:45:47,878 - INFO - [global] Доступна обнова! Спавню кнопку
2026-09-29 15:46:18,462 - INFO - [global] Проверяю обновы...
2026-09-29 15:46:19,694 - DEBUG - [global] needs_update: raw → 5.13.09
2026-09-29 15:46:19,824 - DEBUG - [global] needs_update: API → 5.13.09
2026-09-29 15:46:19,838 - DEBUG - [global] needs_update: лучший источник raw → 5.13.09 (из 2)
2026-09-29 15:46:19,839 - INFO - [global] needs_update: local=(5, 13, 7) remote=(5, 13, 9) -> has_update=True
2026-09-29 15:46:19,839 - INFO - [global] Доступна обнова! Спавню кнопку
2026-09-29 15:46:28,034 - INFO - [global] LogUploader: запускаю upload_run_logs...
2026-09-29 15:46:28,035 - DEBUG - [global] log_uploader: START window=periodic made=-1 token=...Rjnfq
2026-09-29 15:46:30,094 - DEBUG - [global] _api_put: GET runs/20260929_154628_fail_periodic.log -> 404
2026-09-29 15:46:32,739 - DEBUG - [global] _api_put: PUT runs/20260929_154628_fail_periodic.log -> 201 (14800 bytes)
2026-09-29 15:46:32,742 - DEBUG - [global] log_uploader: STEP 1 (window log) -> https://github.com/StarateJI/L2Mauto/blob/bot-logs/runs/20260929_154628_fail_periodic.log
2026-09-29 15:46:32,743 - DEBUG - [global] log_uploader: STEP 2 SKIP (no PNGs)
2026-09-29 15:46:34,441 - DEBUG - [global] _api_put: GET runs/20260929_154628_fail_global.log -> 404
2026-09-29 15:46:37,826 - DEBUG - [global] _api_put: PUT runs/20260929_154628_fail_global.log -> 201 (19974 bytes)
2026-09-29 15:46:37,829 - DEBUG - [global] log_uploader: STEP 3 (global log) -> https://github.com/StarateJI/L2Mauto/blob/bot-logs/runs/20260929_154628_fail_global.log
2026-09-29 15:46:37,829 - DEBUG - [global] log_uploader: END window=periodic
2026-09-29 15:46:37,829 - INFO - [global] LogUploader: upload_run_logs завершён
2026-09-29 15:46:50,310 - INFO - [global] Проверяю обновы...
2026-09-29 15:46:51,585 - DEBUG - [global] needs_update: raw → 5.13.09
2026-09-29 15:46:51,628 - DEBUG - [global] needs_update: API → 5.13.09
2026-09-29 15:46:51,628 - DEBUG - [global] needs_update: лучший источник raw → 5.13.09 (из 2)
2026-09-29 15:46:51,628 - INFO - [global] needs_update: local=(5, 13, 7) remote=(5, 13, 9) -> has_update=True
2026-09-29 15:46:51,628 - INFO - [global] Доступна обнова! Спавню кнопку
2026-09-29 15:47:22,015 - INFO - [global] Проверяю обновы...
2026-09-29 15:47:23,099 - DEBUG - [global] needs_update: raw → 5.13.09
2026-09-29 15:47:23,375 - DEBUG - [global] needs_update: API → 5.13.09
2026-09-29 15:47:23,380 - DEBUG - [global] needs_update: лучший источник raw → 5.13.09 (из 2)
2026-09-29 15:47:23,380 - INFO - [global] needs_update: local=(5, 13, 7) remote=(5, 13, 9) -> has_update=True
2026-09-29 15:47:23,380 - INFO - [global] Доступна обнова! Спавню кнопку
2026-09-29 15:47:38,736 - INFO - [global] LogUploader: запускаю upload_run_logs...
2026-09-29 15:47:38,737 - DEBUG - [global] log_uploader: START window=periodic made=-1 token=...Rjnfq
2026-09-29 15:47:40,158 - DEBUG - [global] _api_put: GET runs/20260929_154738_fail_periodic.log -> 404
2026-09-29 15:47:42,694 - DEBUG - [global] _api_put: PUT runs/20260929_154738_fail_periodic.log -> 201 (14800 bytes)
2026-09-29 15:47:42,697 - DEBUG - [global] log_uploader: STEP 1 (window log) -> https://github.com/StarateJI/L2Mauto/blob/bot-logs/runs/20260929_154738_fail_periodic.log
2026-09-29 15:47:42,697 - DEBUG - [global] log_uploader: STEP 2 SKIP (no PNGs)
2026-09-29 15:47:44,328 - DEBUG - [global] _api_put: GET runs/20260929_154738_fail_global.log -> 404
2026-09-29 15:47:47,446 - DEBUG - [global] _api_put: PUT runs/20260929_154738_fail_global.log -> 201 (19974 bytes)
2026-09-29 15:47:47,448 - DEBUG - [global] log_uploader: STEP 3 (global log) -> https://github.com/StarateJI/L2Mauto/blob/bot-logs/runs/20260929_154738_fail_global.log
2026-09-29 15:47:47,448 - DEBUG - [global] log_uploader: END window=periodic
2026-09-29 15:47:47,449 - INFO - [global] LogUploader: upload_run_logs завершён
2026-09-29 15:47:53,883 - INFO - [global] Проверяю обновы...
2026-09-29 15:47:55,007 - DEBUG - [global] needs_update: raw → 5.13.09
2026-09-29 15:47:55,230 - DEBUG - [global] needs_update: API → 5.13.09
2026-09-29 15:47:55,232 - DEBUG - [global] needs_update: лучший источник raw → 5.13.09 (из 2)
2026-09-29 15:47:55,232 - INFO - [global] needs_update: local=(5, 13, 7) remote=(5, 13, 9) -> has_update=True
2026-09-29 15:47:55,232 - INFO - [global] Доступна обнова! Спавню кнопку
2026-09-29 15:48:25,472 - INFO - [global] Проверяю обновы...
2026-09-29 15:48:26,875 - DEBUG - [global] needs_update: raw → 5.13.09
2026-09-29 15:48:27,156 - DEBUG - [global] needs_update: API → 5.13.09
2026-09-29 15:48:27,157 - DEBUG - [global] needs_update: лучший источник raw → 5.13.09 (из 2)
2026-09-29 15:48:27,157 - INFO - [global] needs_update: local=(5, 13, 7) remote=(5, 13, 9) -> has_update=True
2026-09-29 15:48:27,157 - INFO - [global] Доступна обнова! Спавню кнопку
2026-09-29 15:48:48,186 - INFO - [global] LogUploader: запускаю upload_run_logs...
2026-09-29 15:48:48,188 - DEBUG - [global] log_uploader: START window=periodic made=-1 token=...Rjnfq
2026-09-29 15:48:50,536 - DEBUG - [global] _api_put: GET runs/20260929_154848_fail_periodic.log -> 404
2026-09-29 15:48:53,012 - DEBUG - [global] _api_put: PUT runs/20260929_154848_fail_periodic.log -> 201 (14800 bytes)
2026-09-29 15:48:53,014 - DEBUG - [global] log_uploader: STEP 1 (window log) -> https://github.com/StarateJI/L2Mauto/blob/bot-logs/runs/20260929_154848_fail_periodic.log
2026-09-29 15:48:53,016 - DEBUG - [global] log_uploader: STEP 2 SKIP (no PNGs)
2026-09-29 15:48:54,681 - DEBUG - [global] _api_put: GET runs/20260929_154848_fail_global.log -> 404
2026-09-29 15:48:57,236 - DEBUG - [global] _api_put: PUT runs/20260929_154848_fail_global.log -> 201 (19974 bytes)
2026-09-29 15:48:57,240 - DEBUG - [global] log_uploader: STEP 3 (global log) -> https://github.com/StarateJI/L2Mauto/blob/bot-logs/runs/20260929_154848_fail_global.log
2026-09-29 15:48:57,240 - DEBUG - [global] log_uploader: END window=periodic
2026-09-29 15:48:57,240 - INFO - [global] LogUploader: upload_run_logs завершён
2026-09-29 15:48:57,359 - INFO - [global] Проверяю обновы...
2026-09-29 15:48:58,470 - DEBUG - [global] needs_update: raw → 5.13.09
2026-09-29 15:48:58,644 - DEBUG - [global] needs_update: API → 5.13.09
2026-09-29 15:48:58,658 - DEBUG - [global] needs_update: лучший источник raw → 5.13.09 (из 2)
2026-09-29 15:48:58,658 - INFO - [global] needs_update: local=(5, 13, 7) remote=(5, 13, 9) -> has_update=True
2026-09-29 15:48:58,658 - INFO - [global] Доступна обнова! Спавню кнопку
2026-09-29 15:49:29,235 - INFO - [global] Проверяю обновы...
2026-09-29 15:49:30,284 - DEBUG - [global] needs_update: raw → 5.13.09
2026-09-29 15:49:30,497 - DEBUG - [global] needs_update: API → 5.13.09
2026-09-29 15:49:30,497 - DEBUG - [global] needs_update: лучший источник raw → 5.13.09 (из 2)
2026-09-29 15:49:30,498 - INFO - [global] needs_update: local=(5, 13, 7) remote=(5, 13, 9) -> has_update=True
2026-09-29 15:49:30,498 - INFO - [global] Доступна обнова! Спавню кнопку
2026-09-29 15:49:58,279 - INFO - [global] LogUploader: запускаю upload_run_logs...
2026-09-29 15:49:58,283 - DEBUG - [global] log_uploader: START window=periodic made=-1 token=...Rjnfq
2026-09-29 15:49:59,831 - DEBUG - [global] _api_put: GET runs/20260929_154958_fail_periodic.log -> 404
2026-09-29 15:50:00,960 - INFO - [global] Проверяю обновы...
2026-09-29 15:50:02,116 - DEBUG - [global] needs_update: raw → 5.13.09
2026-09-29 15:50:02,280 - DEBUG - [global] needs_update: API → 5.13.09
2026-09-29 15:50:02,289 - DEBUG - [global] needs_update: лучший источник raw → 5.13.09 (из 2)
2026-09-29 15:50:02,289 - INFO - [global] needs_update: local=(5, 13, 7) remote=(5, 13, 9) -> has_update=True
2026-09-29 15:50:02,289 - INFO - [global] Доступна обнова! Спавню кнопку
2026-09-29 15:50:03,858 - DEBUG - [global] _api_put: PUT runs/20260929_154958_fail_periodic.log -> 201 (14800 bytes)
2026-09-29 15:50:03,860 - DEBUG - [global] log_uploader: STEP 1 (window log) -> https://github.com/StarateJI/L2Mauto/blob/bot-logs/runs/20260929_154958_fail_periodic.log
2026-09-29 15:50:03,861 - DEBUG - [global] log_uploader: STEP 2 SKIP (no PNGs)
2026-09-29 15:50:05,760 - DEBUG - [global] _api_put: GET runs/20260929_154958_fail_global.log -> 404
2026-09-29 15:50:08,680 - DEBUG - [global] _api_put: PUT runs/20260929_154958_fail_global.log -> 201 (19974 bytes)
2026-09-29 15:50:08,683 - DEBUG - [global] log_uploader: STEP 3 (global log) -> https://github.com/StarateJI/L2Mauto/blob/bot-logs/runs/20260929_154958_fail_global.log
2026-09-29 15:50:08,683 - DEBUG - [global] log_uploader: END window=periodic
2026-09-29 15:50:08,683 - INFO - [global] LogUploader: upload_run_logs завершён
2026-09-29 15:50:32,841 - INFO - [global] Проверяю обновы...
2026-09-29 15:50:33,964 - DEBUG - [global] needs_update: raw → 5.13.09
2026-09-29 15:50:34,194 - DEBUG - [global] needs_update: API → 5.13.09
2026-09-29 15:50:34,204 - DEBUG - [global] needs_update: лучший источник raw → 5.13.09 (из 2)
2026-09-29 15:50:34,204 - INFO - [global] needs_update: local=(5, 13, 7) remote=(5, 13, 9) -> has_update=True
2026-09-29 15:50:34,204 - INFO - [global] Доступна обнова! Спавню кнопку
2026-09-29 15:51:04,749 - INFO - [global] Проверяю обновы...
2026-09-29 15:51:06,153 - DEBUG - [global] needs_update: raw → 5.13.09
2026-09-29 15:51:06,314 - DEBUG - [global] needs_update: API → 5.13.09
2026-09-29 15:51:06,325 - DEBUG - [global] needs_update: лучший источник raw → 5.13.09 (из 2)
2026-09-29 15:51:06,325 - INFO - [global] needs_update: local=(5, 13, 7) remote=(5, 13, 9) -> has_update=True
2026-09-29 15:51:06,326 - INFO - [global] Доступна обнова! Спавню кнопку
2026-09-29 15:51:09,576 - INFO - [global] LogUploader: запускаю upload_run_logs...
2026-09-29 15:51:09,577 - DEBUG - [global] log_uploader: START window=periodic made=-1 token=...Rjnfq
2026-09-29 15:51:11,154 - DEBUG - [global] _api_put: GET runs/20260929_155109_fail_periodic.log -> 404
2026-09-29 15:51:14,083 - DEBUG - [global] _api_put: PUT runs/20260929_155109_fail_periodic.log -> 201 (14800 bytes)
2026-09-29 15:51:14,085 - DEBUG - [global] log_uploader: STEP 1 (window log) -> https://github.com/StarateJI/L2Mauto/blob/bot-logs/runs/20260929_155109_fail_periodic.log
2026-09-29 15:51:14,085 - DEBUG - [global] log_uploader: STEP 2 SKIP (no PNGs)
