=== Log tail 2026-09-16T05:45:09.433989 | last 200 lines ===
2026-09-16 05:36:25,316 - DEBUG - [global] _api_put: GET runs/20260916_053621_fail_global.log -> 404
2026-09-16 05:36:27,179 - DEBUG - [global] _api_put: PUT runs/20260916_053621_fail_global.log -> 201 (21725 bytes)
2026-09-16 05:36:27,183 - DEBUG - [global] log_uploader: STEP 3 (global log) -> https://github.com/StarateJI/L2Mauto/blob/bot-logs/runs/20260916_053621_fail_global.log
2026-09-16 05:36:27,183 - DEBUG - [global] log_uploader: END window=periodic
2026-09-16 05:36:27,183 - INFO - [global] LogUploader: upload_run_logs завершён
2026-09-16 05:36:35,171 - INFO - [global] Проверяю обновы...
2026-09-16 05:36:35,968 - DEBUG - [global] needs_update: raw → 5.7.0
2026-09-16 05:36:36,791 - DEBUG - [global] needs_update: API failed: HTTPError: 403 Client Error: rate limit exceeded for url: https://api.github.com/repos/StarateJI/L2Mauto/contents/bot/version.txt?ref=main
2026-09-16 05:36:37,619 - DEBUG - [global] needs_update: jsdelivr → 5.6.42
2026-09-16 05:36:37,619 - DEBUG - [global] needs_update: лучший источник raw → 5.7.0 (из 2)
2026-09-16 05:36:37,621 - INFO - [global] needs_update: local=(5, 6, 52) remote=(5, 7, 0) -> has_update=True
2026-09-16 05:36:37,621 - INFO - [global] Доступна обнова! Спавню кнопку
2026-09-16 05:37:07,640 - INFO - [global] Проверяю обновы...
2026-09-16 05:37:08,496 - DEBUG - [global] needs_update: raw → 5.7.0
2026-09-16 05:37:09,354 - DEBUG - [global] needs_update: API failed: HTTPError: 403 Client Error: rate limit exceeded for url: https://api.github.com/repos/StarateJI/L2Mauto/contents/bot/version.txt?ref=main
2026-09-16 05:37:10,290 - DEBUG - [global] needs_update: jsdelivr → 5.6.42
2026-09-16 05:37:10,290 - DEBUG - [global] needs_update: лучший источник raw → 5.7.0 (из 2)
2026-09-16 05:37:10,293 - INFO - [global] needs_update: local=(5, 6, 52) remote=(5, 7, 0) -> has_update=True
2026-09-16 05:37:10,294 - INFO - [global] Доступна обнова! Спавню кнопку
2026-09-16 05:37:27,224 - INFO - [global] LogUploader: запускаю upload_run_logs...
2026-09-16 05:37:27,226 - DEBUG - [global] log_uploader: START window=periodic made=-1 token=...Rjnfq
2026-09-16 05:37:28,264 - DEBUG - [global] _api_put: GET runs/20260916_053727_fail_periodic.log -> 404
2026-09-16 05:37:29,879 - DEBUG - [global] _api_put: PUT runs/20260916_053727_fail_periodic.log -> 201 (8836 bytes)
2026-09-16 05:37:29,882 - DEBUG - [global] log_uploader: STEP 1 (window log) -> https://github.com/StarateJI/L2Mauto/blob/bot-logs/runs/20260916_053727_fail_periodic.log
2026-09-16 05:37:29,883 - DEBUG - [global] log_uploader: STEP 2 SKIP (no PNGs)
2026-09-16 05:37:31,003 - DEBUG - [global] _api_put: GET runs/20260916_053727_fail_global.log -> 404
2026-09-16 05:37:32,539 - DEBUG - [global] _api_put: PUT runs/20260916_053727_fail_global.log -> 201 (21725 bytes)
2026-09-16 05:37:32,542 - DEBUG - [global] log_uploader: STEP 3 (global log) -> https://github.com/StarateJI/L2Mauto/blob/bot-logs/runs/20260916_053727_fail_global.log
2026-09-16 05:37:32,542 - DEBUG - [global] log_uploader: END window=periodic
2026-09-16 05:37:32,542 - INFO - [global] LogUploader: upload_run_logs завершён
2026-09-16 05:37:40,311 - INFO - [global] Проверяю обновы...
2026-09-16 05:37:41,190 - DEBUG - [global] needs_update: raw → 5.7.0
2026-09-16 05:37:42,038 - DEBUG - [global] needs_update: API failed: HTTPError: 403 Client Error: rate limit exceeded for url: https://api.github.com/repos/StarateJI/L2Mauto/contents/bot/version.txt?ref=main
2026-09-16 05:37:42,916 - DEBUG - [global] needs_update: jsdelivr → 5.6.42
2026-09-16 05:37:42,916 - DEBUG - [global] needs_update: лучший источник raw → 5.7.0 (из 2)
2026-09-16 05:37:42,920 - INFO - [global] needs_update: local=(5, 6, 52) remote=(5, 7, 0) -> has_update=True
2026-09-16 05:37:42,920 - INFO - [global] Доступна обнова! Спавню кнопку
2026-09-16 05:38:12,938 - INFO - [global] Проверяю обновы...
2026-09-16 05:38:13,784 - DEBUG - [global] needs_update: raw → 5.7.0
2026-09-16 05:38:14,662 - DEBUG - [global] needs_update: API failed: HTTPError: 403 Client Error: rate limit exceeded for url: https://api.github.com/repos/StarateJI/L2Mauto/contents/bot/version.txt?ref=main
2026-09-16 05:38:15,559 - DEBUG - [global] needs_update: jsdelivr → 5.6.42
2026-09-16 05:38:15,559 - DEBUG - [global] needs_update: лучший источник raw → 5.7.0 (из 2)
2026-09-16 05:38:15,563 - INFO - [global] needs_update: local=(5, 6, 52) remote=(5, 7, 0) -> has_update=True
2026-09-16 05:38:15,563 - INFO - [global] Доступна обнова! Спавню кнопку
2026-09-16 05:38:32,588 - INFO - [global] LogUploader: запускаю upload_run_logs...
2026-09-16 05:38:32,590 - DEBUG - [global] log_uploader: START window=periodic made=-1 token=...Rjnfq
2026-09-16 05:38:33,707 - DEBUG - [global] _api_put: GET runs/20260916_053832_fail_periodic.log -> 404
2026-09-16 05:38:35,653 - DEBUG - [global] _api_put: PUT runs/20260916_053832_fail_periodic.log -> 201 (8836 bytes)
2026-09-16 05:38:35,656 - DEBUG - [global] log_uploader: STEP 1 (window log) -> https://github.com/StarateJI/L2Mauto/blob/bot-logs/runs/20260916_053832_fail_periodic.log
2026-09-16 05:38:35,657 - DEBUG - [global] log_uploader: STEP 2 SKIP (no PNGs)
2026-09-16 05:38:36,769 - DEBUG - [global] _api_put: GET runs/20260916_053832_fail_global.log -> 404
2026-09-16 05:38:38,602 - DEBUG - [global] _api_put: PUT runs/20260916_053832_fail_global.log -> 201 (21725 bytes)
2026-09-16 05:38:38,605 - DEBUG - [global] log_uploader: STEP 3 (global log) -> https://github.com/StarateJI/L2Mauto/blob/bot-logs/runs/20260916_053832_fail_global.log
2026-09-16 05:38:38,605 - DEBUG - [global] log_uploader: END window=periodic
2026-09-16 05:38:38,605 - INFO - [global] LogUploader: upload_run_logs завершён
2026-09-16 05:38:45,584 - INFO - [global] Проверяю обновы...
2026-09-16 05:38:46,439 - DEBUG - [global] needs_update: raw → 5.7.0
2026-09-16 05:38:47,274 - DEBUG - [global] needs_update: API failed: HTTPError: 403 Client Error: rate limit exceeded for url: https://api.github.com/repos/StarateJI/L2Mauto/contents/bot/version.txt?ref=main
2026-09-16 05:38:48,119 - DEBUG - [global] needs_update: jsdelivr → 5.6.42
2026-09-16 05:38:48,120 - DEBUG - [global] needs_update: лучший источник raw → 5.7.0 (из 2)
2026-09-16 05:38:48,122 - INFO - [global] needs_update: local=(5, 6, 52) remote=(5, 7, 0) -> has_update=True
2026-09-16 05:38:48,122 - INFO - [global] Доступна обнова! Спавню кнопку
2026-09-16 05:39:18,141 - INFO - [global] Проверяю обновы...
2026-09-16 05:39:19,026 - DEBUG - [global] needs_update: raw → 5.7.0
2026-09-16 05:39:19,939 - DEBUG - [global] needs_update: API failed: HTTPError: 403 Client Error: rate limit exceeded for url: https://api.github.com/repos/StarateJI/L2Mauto/contents/bot/version.txt?ref=main
2026-09-16 05:39:20,902 - DEBUG - [global] needs_update: jsdelivr → 5.6.42
2026-09-16 05:39:20,902 - DEBUG - [global] needs_update: лучший источник raw → 5.7.0 (из 2)
2026-09-16 05:39:20,904 - INFO - [global] needs_update: local=(5, 6, 52) remote=(5, 7, 0) -> has_update=True
2026-09-16 05:39:20,904 - INFO - [global] Доступна обнова! Спавню кнопку
2026-09-16 05:39:38,659 - INFO - [global] LogUploader: запускаю upload_run_logs...
2026-09-16 05:39:38,660 - DEBUG - [global] log_uploader: START window=periodic made=-1 token=...Rjnfq
2026-09-16 05:39:39,707 - DEBUG - [global] _api_put: GET runs/20260916_053938_fail_periodic.log -> 404
2026-09-16 05:39:41,305 - DEBUG - [global] _api_put: PUT runs/20260916_053938_fail_periodic.log -> 201 (8836 bytes)
2026-09-16 05:39:41,307 - DEBUG - [global] log_uploader: STEP 1 (window log) -> https://github.com/StarateJI/L2Mauto/blob/bot-logs/runs/20260916_053938_fail_periodic.log
2026-09-16 05:39:41,308 - DEBUG - [global] log_uploader: STEP 2 SKIP (no PNGs)
2026-09-16 05:39:42,454 - DEBUG - [global] _api_put: GET runs/20260916_053938_fail_global.log -> 404
2026-09-16 05:39:44,163 - DEBUG - [global] _api_put: PUT runs/20260916_053938_fail_global.log -> 201 (21725 bytes)
2026-09-16 05:39:44,168 - DEBUG - [global] log_uploader: STEP 3 (global log) -> https://github.com/StarateJI/L2Mauto/blob/bot-logs/runs/20260916_053938_fail_global.log
2026-09-16 05:39:44,168 - DEBUG - [global] log_uploader: END window=periodic
2026-09-16 05:39:44,168 - INFO - [global] LogUploader: upload_run_logs завершён
2026-09-16 05:39:50,933 - INFO - [global] Проверяю обновы...
2026-09-16 05:39:51,802 - DEBUG - [global] needs_update: raw → 5.7.0
2026-09-16 05:39:52,652 - DEBUG - [global] needs_update: API failed: HTTPError: 403 Client Error: rate limit exceeded for url: https://api.github.com/repos/StarateJI/L2Mauto/contents/bot/version.txt?ref=main
2026-09-16 05:39:53,507 - DEBUG - [global] needs_update: jsdelivr → 5.6.42
2026-09-16 05:39:53,507 - DEBUG - [global] needs_update: лучший источник raw → 5.7.0 (из 2)
2026-09-16 05:39:53,510 - INFO - [global] needs_update: local=(5, 6, 52) remote=(5, 7, 0) -> has_update=True
2026-09-16 05:39:53,510 - INFO - [global] Доступна обнова! Спавню кнопку
2026-09-16 05:40:23,540 - INFO - [global] Проверяю обновы...
2026-09-16 05:40:24,403 - DEBUG - [global] needs_update: raw → 5.7.0
2026-09-16 05:40:25,307 - DEBUG - [global] needs_update: API GitHub → 5.7.0
2026-09-16 05:40:26,228 - DEBUG - [global] needs_update: jsdelivr → 5.6.42
2026-09-16 05:40:26,228 - DEBUG - [global] needs_update: лучший источник raw → 5.7.0 (из 3)
2026-09-16 05:40:26,231 - INFO - [global] needs_update: local=(5, 6, 52) remote=(5, 7, 0) -> has_update=True
2026-09-16 05:40:26,232 - INFO - [global] Доступна обнова! Спавню кнопку
2026-09-16 05:40:44,221 - INFO - [global] LogUploader: запускаю upload_run_logs...
2026-09-16 05:40:44,224 - DEBUG - [global] log_uploader: START window=periodic made=-1 token=...Rjnfq
2026-09-16 05:40:45,244 - DEBUG - [global] _api_put: GET runs/20260916_054044_fail_periodic.log -> 404
2026-09-16 05:40:46,973 - DEBUG - [global] _api_put: PUT runs/20260916_054044_fail_periodic.log -> 201 (8836 bytes)
2026-09-16 05:40:46,975 - DEBUG - [global] log_uploader: STEP 1 (window log) -> https://github.com/StarateJI/L2Mauto/blob/bot-logs/runs/20260916_054044_fail_periodic.log
2026-09-16 05:40:46,976 - DEBUG - [global] log_uploader: STEP 2 SKIP (no PNGs)
2026-09-16 05:40:48,070 - DEBUG - [global] _api_put: GET runs/20260916_054044_fail_global.log -> 404
2026-09-16 05:40:49,819 - DEBUG - [global] _api_put: PUT runs/20260916_054044_fail_global.log -> 201 (21595 bytes)
2026-09-16 05:40:49,823 - DEBUG - [global] log_uploader: STEP 3 (global log) -> https://github.com/StarateJI/L2Mauto/blob/bot-logs/runs/20260916_054044_fail_global.log
2026-09-16 05:40:49,823 - DEBUG - [global] log_uploader: END window=periodic
2026-09-16 05:40:49,823 - INFO - [global] LogUploader: upload_run_logs завершён
2026-09-16 05:40:56,251 - INFO - [global] Проверяю обновы...
2026-09-16 05:40:57,085 - DEBUG - [global] needs_update: raw → 5.7.0
2026-09-16 05:40:57,935 - DEBUG - [global] needs_update: API GitHub → 5.7.0
2026-09-16 05:40:58,800 - DEBUG - [global] needs_update: jsdelivr → 5.6.42
2026-09-16 05:40:58,801 - DEBUG - [global] needs_update: лучший источник raw → 5.7.0 (из 3)
2026-09-16 05:40:58,803 - INFO - [global] needs_update: local=(5, 6, 52) remote=(5, 7, 0) -> has_update=True
2026-09-16 05:40:58,804 - INFO - [global] Доступна обнова! Спавню кнопку
2026-09-16 05:41:28,827 - INFO - [global] Проверяю обновы...
2026-09-16 05:41:29,719 - DEBUG - [global] needs_update: raw → 5.7.0
2026-09-16 05:41:30,554 - DEBUG - [global] needs_update: API GitHub → 5.7.0
2026-09-16 05:41:31,428 - DEBUG - [global] needs_update: jsdelivr → 5.6.42
2026-09-16 05:41:31,428 - DEBUG - [global] needs_update: лучший источник raw → 5.7.0 (из 3)
2026-09-16 05:41:31,431 - INFO - [global] needs_update: local=(5, 6, 52) remote=(5, 7, 0) -> has_update=True
2026-09-16 05:41:31,432 - INFO - [global] Доступна обнова! Спавню кнопку
2026-09-16 05:41:49,880 - INFO - [global] LogUploader: запускаю upload_run_logs...
2026-09-16 05:41:49,881 - DEBUG - [global] log_uploader: START window=periodic made=-1 token=...Rjnfq
2026-09-16 05:41:51,098 - DEBUG - [global] _api_put: GET runs/20260916_054149_fail_periodic.log -> 404
2026-09-16 05:41:52,601 - DEBUG - [global] _api_put: PUT runs/20260916_054149_fail_periodic.log -> 201 (8836 bytes)
2026-09-16 05:41:52,604 - DEBUG - [global] log_uploader: STEP 1 (window log) -> https://github.com/StarateJI/L2Mauto/blob/bot-logs/runs/20260916_054149_fail_periodic.log
2026-09-16 05:41:52,605 - DEBUG - [global] log_uploader: STEP 2 SKIP (no PNGs)
2026-09-16 05:41:53,690 - DEBUG - [global] _api_put: GET runs/20260916_054149_fail_global.log -> 404
2026-09-16 05:41:55,429 - DEBUG - [global] _api_put: PUT runs/20260916_054149_fail_global.log -> 201 (21335 bytes)
2026-09-16 05:41:55,432 - DEBUG - [global] log_uploader: STEP 3 (global log) -> https://github.com/StarateJI/L2Mauto/blob/bot-logs/runs/20260916_054149_fail_global.log
2026-09-16 05:41:55,432 - DEBUG - [global] log_uploader: END window=periodic
2026-09-16 05:41:55,432 - INFO - [global] LogUploader: upload_run_logs завершён
2026-09-16 05:42:01,448 - INFO - [global] Проверяю обновы...
2026-09-16 05:42:02,291 - DEBUG - [global] needs_update: raw → 5.7.0
2026-09-16 05:42:03,121 - DEBUG - [global] needs_update: API GitHub → 5.7.0
2026-09-16 05:42:03,989 - DEBUG - [global] needs_update: jsdelivr → 5.6.42
2026-09-16 05:42:03,989 - DEBUG - [global] needs_update: лучший источник raw → 5.7.0 (из 3)
2026-09-16 05:42:03,992 - INFO - [global] needs_update: local=(5, 6, 52) remote=(5, 7, 0) -> has_update=True
2026-09-16 05:42:03,992 - INFO - [global] Доступна обнова! Спавню кнопку
2026-09-16 05:42:34,013 - INFO - [global] Проверяю обновы...
2026-09-16 05:42:34,833 - DEBUG - [global] needs_update: raw → 5.7.0
2026-09-16 05:42:35,668 - DEBUG - [global] needs_update: API GitHub → 5.7.0
2026-09-16 05:42:36,518 - DEBUG - [global] needs_update: jsdelivr → 5.6.42
2026-09-16 05:42:36,519 - DEBUG - [global] needs_update: лучший источник raw → 5.7.0 (из 3)
2026-09-16 05:42:36,522 - INFO - [global] needs_update: local=(5, 6, 52) remote=(5, 7, 0) -> has_update=True
2026-09-16 05:42:36,522 - INFO - [global] Доступна обнова! Спавню кнопку
2026-09-16 05:42:55,478 - INFO - [global] LogUploader: запускаю upload_run_logs...
2026-09-16 05:42:55,479 - DEBUG - [global] log_uploader: START window=periodic made=-1 token=...Rjnfq
2026-09-16 05:42:56,516 - DEBUG - [global] _api_put: GET runs/20260916_054255_fail_periodic.log -> 404
2026-09-16 05:42:58,048 - DEBUG - [global] _api_put: PUT runs/20260916_054255_fail_periodic.log -> 201 (8836 bytes)
2026-09-16 05:42:58,050 - DEBUG - [global] log_uploader: STEP 1 (window log) -> https://github.com/StarateJI/L2Mauto/blob/bot-logs/runs/20260916_054255_fail_periodic.log
2026-09-16 05:42:58,051 - DEBUG - [global] log_uploader: STEP 2 SKIP (no PNGs)
2026-09-16 05:42:59,176 - DEBUG - [global] _api_put: GET runs/20260916_054255_fail_global.log -> 404
2026-09-16 05:43:01,009 - DEBUG - [global] _api_put: PUT runs/20260916_054255_fail_global.log -> 201 (21075 bytes)
2026-09-16 05:43:01,011 - DEBUG - [global] log_uploader: STEP 3 (global log) -> https://github.com/StarateJI/L2Mauto/blob/bot-logs/runs/20260916_054255_fail_global.log
2026-09-16 05:43:01,011 - DEBUG - [global] log_uploader: END window=periodic
2026-09-16 05:43:01,011 - INFO - [global] LogUploader: upload_run_logs завершён
2026-09-16 05:43:06,543 - INFO - [global] Проверяю обновы...
2026-09-16 05:43:07,371 - DEBUG - [global] needs_update: raw → 5.7.0
2026-09-16 05:43:08,197 - DEBUG - [global] needs_update: API GitHub → 5.7.0
2026-09-16 05:43:09,074 - DEBUG - [global] needs_update: jsdelivr → 5.6.42
2026-09-16 05:43:09,074 - DEBUG - [global] needs_update: лучший источник raw → 5.7.0 (из 3)
2026-09-16 05:43:09,077 - INFO - [global] needs_update: local=(5, 6, 52) remote=(5, 7, 0) -> has_update=True
2026-09-16 05:43:09,077 - INFO - [global] Доступна обнова! Спавню кнопку
2026-09-16 05:43:39,111 - INFO - [global] Проверяю обновы...
2026-09-16 05:43:39,998 - DEBUG - [global] needs_update: raw → 5.7.0
2026-09-16 05:43:40,878 - DEBUG - [global] needs_update: API GitHub → 5.7.0
2026-09-16 05:43:41,737 - DEBUG - [global] needs_update: jsdelivr → 5.6.42
2026-09-16 05:43:41,737 - DEBUG - [global] needs_update: лучший источник raw → 5.7.0 (из 3)
2026-09-16 05:43:41,740 - INFO - [global] needs_update: local=(5, 6, 52) remote=(5, 7, 0) -> has_update=True
2026-09-16 05:43:41,740 - INFO - [global] Доступна обнова! Спавню кнопку
2026-09-16 05:44:01,050 - INFO - [global] LogUploader: запускаю upload_run_logs...
2026-09-16 05:44:01,051 - DEBUG - [global] log_uploader: START window=periodic made=-1 token=...Rjnfq
2026-09-16 05:44:02,297 - DEBUG - [global] _api_put: GET runs/20260916_054401_fail_periodic.log -> 404
2026-09-16 05:44:03,830 - DEBUG - [global] _api_put: PUT runs/20260916_054401_fail_periodic.log -> 201 (8836 bytes)
2026-09-16 05:44:03,833 - DEBUG - [global] log_uploader: STEP 1 (window log) -> https://github.com/StarateJI/L2Mauto/blob/bot-logs/runs/20260916_054401_fail_periodic.log
2026-09-16 05:44:03,834 - DEBUG - [global] log_uploader: STEP 2 SKIP (no PNGs)
2026-09-16 05:44:04,932 - DEBUG - [global] _api_put: GET runs/20260916_054401_fail_global.log -> 404
2026-09-16 05:44:06,656 - DEBUG - [global] _api_put: PUT runs/20260916_054401_fail_global.log -> 201 (20815 bytes)
2026-09-16 05:44:06,659 - DEBUG - [global] log_uploader: STEP 3 (global log) -> https://github.com/StarateJI/L2Mauto/blob/bot-logs/runs/20260916_054401_fail_global.log
2026-09-16 05:44:06,659 - DEBUG - [global] log_uploader: END window=periodic
2026-09-16 05:44:06,659 - INFO - [global] LogUploader: upload_run_logs завершён
2026-09-16 05:44:11,767 - INFO - [global] Проверяю обновы...
2026-09-16 05:44:12,610 - DEBUG - [global] needs_update: raw → 5.7.0
2026-09-16 05:44:13,460 - DEBUG - [global] needs_update: API GitHub → 5.7.0
2026-09-16 05:44:14,327 - DEBUG - [global] needs_update: jsdelivr → 5.6.42
2026-09-16 05:44:14,327 - DEBUG - [global] needs_update: лучший источник raw → 5.7.0 (из 3)
2026-09-16 05:44:14,330 - INFO - [global] needs_update: local=(5, 6, 52) remote=(5, 7, 0) -> has_update=True
2026-09-16 05:44:14,330 - INFO - [global] Доступна обнова! Спавню кнопку
2026-09-16 05:44:44,354 - INFO - [global] Проверяю обновы...
2026-09-16 05:44:45,219 - DEBUG - [global] needs_update: raw → 5.7.0
2026-09-16 05:44:46,098 - DEBUG - [global] needs_update: API GitHub → 5.7.0
2026-09-16 05:44:46,946 - DEBUG - [global] needs_update: jsdelivr → 5.6.42
2026-09-16 05:44:46,946 - DEBUG - [global] needs_update: лучший источник raw → 5.7.0 (из 3)
2026-09-16 05:44:46,949 - INFO - [global] needs_update: local=(5, 6, 52) remote=(5, 7, 0) -> has_update=True
2026-09-16 05:44:46,949 - INFO - [global] Доступна обнова! Спавню кнопку
2026-09-16 05:45:06,710 - INFO - [global] LogUploader: запускаю upload_run_logs...
2026-09-16 05:45:06,711 - DEBUG - [global] log_uploader: START window=periodic made=-1 token=...Rjnfq
2026-09-16 05:45:07,802 - DEBUG - [global] _api_put: GET runs/20260916_054506_fail_periodic.log -> 404
2026-09-16 05:45:09,362 - DEBUG - [global] _api_put: PUT runs/20260916_054506_fail_periodic.log -> 201 (8836 bytes)
2026-09-16 05:45:09,365 - DEBUG - [global] log_uploader: STEP 1 (window log) -> https://github.com/StarateJI/L2Mauto/blob/bot-logs/runs/20260916_054506_fail_periodic.log
2026-09-16 05:45:09,365 - DEBUG - [global] log_uploader: STEP 2 SKIP (no PNGs)
