=== Log tail 2026-09-24T12:34:36.160900 | last 200 lines ===
2026-09-24 11:23:21,104 - DEBUG - [global] _api_put: GET runs/20260924_112320_fail_periodic.log -> 404
2026-09-24 11:23:22,610 - DEBUG - [global] _api_put: PUT runs/20260924_112320_fail_periodic.log -> 201 (1551 bytes)
2026-09-24 11:23:22,612 - DEBUG - [global] log_uploader: STEP 1 (window log) -> https://github.com/StarateJI/L2Mauto/blob/bot-logs/runs/20260924_112320_fail_periodic.log
2026-09-24 11:23:22,612 - DEBUG - [global] log_uploader: STEP 2 SKIP (no PNGs)
2026-09-24 11:23:23,531 - DEBUG - [global] _api_put: GET runs/20260924_112320_fail_global.log -> 404
2026-09-24 11:23:25,153 - DEBUG - [global] _api_put: PUT runs/20260924_112320_fail_global.log -> 201 (21182 bytes)
2026-09-24 11:23:25,155 - DEBUG - [global] log_uploader: STEP 3 (global log) -> https://github.com/StarateJI/L2Mauto/blob/bot-logs/runs/20260924_112320_fail_global.log
2026-09-24 11:23:25,155 - DEBUG - [global] log_uploader: END window=periodic
2026-09-24 11:23:25,155 - INFO - [global] LogUploader: upload_run_logs завершён
2026-09-24 11:25:02,839 - INFO - [global] Проверяю обновы...
2026-09-24 11:25:03,821 - DEBUG - [global] needs_update: raw → 5.12.13
2026-09-24 11:25:03,850 - DEBUG - [global] needs_update: API → 5.12.13
2026-09-24 11:25:03,850 - DEBUG - [global] needs_update: лучший источник raw → 5.12.13 (из 2)
2026-09-24 11:25:03,850 - INFO - [global] needs_update: local=(5, 12, 12) remote=(5, 12, 13) -> has_update=True
2026-09-24 11:25:03,850 - INFO - [global] Доступна обнова! Спавню кнопку
2026-09-24 11:28:25,296 - INFO - [global] LogUploader: запускаю upload_run_logs...
2026-09-24 11:28:25,297 - DEBUG - [global] log_uploader: START window=periodic made=-1 token=...Rjnfq
2026-09-24 11:28:26,140 - DEBUG - [global] _api_put: GET runs/20260924_112825_fail_periodic.log -> 404
2026-09-24 11:28:27,866 - DEBUG - [global] _api_put: PUT runs/20260924_112825_fail_periodic.log -> 201 (1551 bytes)
2026-09-24 11:28:27,868 - DEBUG - [global] log_uploader: STEP 1 (window log) -> https://github.com/StarateJI/L2Mauto/blob/bot-logs/runs/20260924_112825_fail_periodic.log
2026-09-24 11:28:27,869 - DEBUG - [global] log_uploader: STEP 2 SKIP (no PNGs)
2026-09-24 11:28:28,810 - DEBUG - [global] _api_put: GET runs/20260924_112825_fail_global.log -> 404
2026-09-24 11:28:30,391 - DEBUG - [global] _api_put: PUT runs/20260924_112825_fail_global.log -> 201 (21127 bytes)
2026-09-24 11:28:30,394 - DEBUG - [global] log_uploader: STEP 3 (global log) -> https://github.com/StarateJI/L2Mauto/blob/bot-logs/runs/20260924_112825_fail_global.log
2026-09-24 11:28:30,394 - DEBUG - [global] log_uploader: END window=periodic
2026-09-24 11:28:30,394 - INFO - [global] LogUploader: upload_run_logs завершён
2026-09-24 11:33:30,532 - INFO - [global] LogUploader: запускаю upload_run_logs...
2026-09-24 11:33:30,533 - DEBUG - [global] log_uploader: START window=periodic made=-1 token=...Rjnfq
2026-09-24 11:33:31,393 - DEBUG - [global] _api_put: GET runs/20260924_113330_fail_periodic.log -> 404
2026-09-24 11:33:32,963 - DEBUG - [global] _api_put: PUT runs/20260924_113330_fail_periodic.log -> 201 (1551 bytes)
2026-09-24 11:33:32,964 - DEBUG - [global] log_uploader: STEP 1 (window log) -> https://github.com/StarateJI/L2Mauto/blob/bot-logs/runs/20260924_113330_fail_periodic.log
2026-09-24 11:33:32,965 - DEBUG - [global] log_uploader: STEP 2 SKIP (no PNGs)
2026-09-24 11:33:33,910 - DEBUG - [global] _api_put: GET runs/20260924_113330_fail_global.log -> 404
2026-09-24 11:33:35,540 - DEBUG - [global] _api_put: PUT runs/20260924_113330_fail_global.log -> 201 (21276 bytes)
2026-09-24 11:33:35,542 - DEBUG - [global] log_uploader: STEP 3 (global log) -> https://github.com/StarateJI/L2Mauto/blob/bot-logs/runs/20260924_113330_fail_global.log
2026-09-24 11:33:35,542 - DEBUG - [global] log_uploader: END window=periodic
2026-09-24 11:33:35,542 - INFO - [global] LogUploader: upload_run_logs завершён
2026-09-24 11:35:04,121 - INFO - [global] Проверяю обновы...
2026-09-24 11:35:05,141 - DEBUG - [global] needs_update: raw → 5.12.13
2026-09-24 11:35:05,173 - DEBUG - [global] needs_update: API → 5.12.13
2026-09-24 11:35:05,173 - DEBUG - [global] needs_update: лучший источник raw → 5.12.13 (из 2)
2026-09-24 11:35:05,174 - INFO - [global] needs_update: local=(5, 12, 12) remote=(5, 12, 13) -> has_update=True
2026-09-24 11:35:05,174 - INFO - [global] Доступна обнова! Спавню кнопку
2026-09-24 11:38:35,688 - INFO - [global] LogUploader: запускаю upload_run_logs...
2026-09-24 11:38:35,688 - DEBUG - [global] log_uploader: START window=periodic made=-1 token=...Rjnfq
2026-09-24 11:38:36,557 - DEBUG - [global] _api_put: GET runs/20260924_113835_fail_periodic.log -> 404
2026-09-24 11:38:38,088 - DEBUG - [global] _api_put: PUT runs/20260924_113835_fail_periodic.log -> 201 (1551 bytes)
2026-09-24 11:38:38,090 - DEBUG - [global] log_uploader: STEP 1 (window log) -> https://github.com/StarateJI/L2Mauto/blob/bot-logs/runs/20260924_113835_fail_periodic.log
2026-09-24 11:38:38,090 - DEBUG - [global] log_uploader: STEP 2 SKIP (no PNGs)
2026-09-24 11:38:39,054 - DEBUG - [global] _api_put: GET runs/20260924_113835_fail_global.log -> 404
2026-09-24 11:38:40,813 - DEBUG - [global] _api_put: PUT runs/20260924_113835_fail_global.log -> 201 (21206 bytes)
2026-09-24 11:38:40,814 - DEBUG - [global] log_uploader: STEP 3 (global log) -> https://github.com/StarateJI/L2Mauto/blob/bot-logs/runs/20260924_113835_fail_global.log
2026-09-24 11:38:40,815 - DEBUG - [global] log_uploader: END window=periodic
2026-09-24 11:38:40,815 - INFO - [global] LogUploader: upload_run_logs завершён
2026-09-24 11:43:40,967 - INFO - [global] LogUploader: запускаю upload_run_logs...
2026-09-24 11:43:40,968 - DEBUG - [global] log_uploader: START window=periodic made=-1 token=...Rjnfq
2026-09-24 11:43:41,858 - DEBUG - [global] _api_put: GET runs/20260924_114340_fail_periodic.log -> 404
2026-09-24 11:43:43,460 - DEBUG - [global] _api_put: PUT runs/20260924_114340_fail_periodic.log -> 201 (1551 bytes)
2026-09-24 11:43:43,462 - DEBUG - [global] log_uploader: STEP 1 (window log) -> https://github.com/StarateJI/L2Mauto/blob/bot-logs/runs/20260924_114340_fail_periodic.log
2026-09-24 11:43:43,462 - DEBUG - [global] log_uploader: STEP 2 SKIP (no PNGs)
2026-09-24 11:43:44,380 - DEBUG - [global] _api_put: GET runs/20260924_114340_fail_global.log -> 404
2026-09-24 11:43:45,987 - DEBUG - [global] _api_put: PUT runs/20260924_114340_fail_global.log -> 201 (21331 bytes)
2026-09-24 11:43:45,989 - DEBUG - [global] log_uploader: STEP 3 (global log) -> https://github.com/StarateJI/L2Mauto/blob/bot-logs/runs/20260924_114340_fail_global.log
2026-09-24 11:43:45,989 - DEBUG - [global] log_uploader: END window=periodic
2026-09-24 11:43:45,989 - INFO - [global] LogUploader: upload_run_logs завершён
2026-09-24 11:45:05,456 - INFO - [global] Проверяю обновы...
2026-09-24 11:45:06,776 - DEBUG - [global] needs_update: API → 5.12.13
2026-09-24 11:45:06,863 - DEBUG - [global] needs_update: raw → 5.12.13
2026-09-24 11:45:06,864 - DEBUG - [global] needs_update: лучший источник API → 5.12.13 (из 2)
2026-09-24 11:45:06,864 - INFO - [global] needs_update: local=(5, 12, 12) remote=(5, 12, 13) -> has_update=True
2026-09-24 11:45:06,864 - INFO - [global] Доступна обнова! Спавню кнопку
2026-09-24 11:48:46,130 - INFO - [global] LogUploader: запускаю upload_run_logs...
2026-09-24 11:48:46,131 - DEBUG - [global] log_uploader: START window=periodic made=-1 token=...Rjnfq
2026-09-24 11:48:47,040 - DEBUG - [global] _api_put: GET runs/20260924_114846_fail_periodic.log -> 404
2026-09-24 11:48:48,654 - DEBUG - [global] _api_put: PUT runs/20260924_114846_fail_periodic.log -> 201 (1551 bytes)
2026-09-24 11:48:48,656 - DEBUG - [global] log_uploader: STEP 1 (window log) -> https://github.com/StarateJI/L2Mauto/blob/bot-logs/runs/20260924_114846_fail_periodic.log
2026-09-24 11:48:48,656 - DEBUG - [global] log_uploader: STEP 2 SKIP (no PNGs)
2026-09-24 11:48:49,576 - DEBUG - [global] _api_put: GET runs/20260924_114846_fail_global.log -> 404
2026-09-24 11:48:51,232 - DEBUG - [global] _api_put: PUT runs/20260924_114846_fail_global.log -> 201 (21313 bytes)
2026-09-24 11:48:51,234 - DEBUG - [global] log_uploader: STEP 3 (global log) -> https://github.com/StarateJI/L2Mauto/blob/bot-logs/runs/20260924_114846_fail_global.log
2026-09-24 11:48:51,235 - DEBUG - [global] log_uploader: END window=periodic
2026-09-24 11:48:51,235 - INFO - [global] LogUploader: upload_run_logs завершён
2026-09-24 11:53:51,367 - INFO - [global] LogUploader: запускаю upload_run_logs...
2026-09-24 11:53:51,368 - DEBUG - [global] log_uploader: START window=periodic made=-1 token=...Rjnfq
2026-09-24 11:53:52,281 - DEBUG - [global] _api_put: GET runs/20260924_115351_fail_periodic.log -> 404
2026-09-24 11:53:53,900 - DEBUG - [global] _api_put: PUT runs/20260924_115351_fail_periodic.log -> 201 (1551 bytes)
2026-09-24 11:53:53,902 - DEBUG - [global] log_uploader: STEP 1 (window log) -> https://github.com/StarateJI/L2Mauto/blob/bot-logs/runs/20260924_115351_fail_periodic.log
2026-09-24 11:53:53,902 - DEBUG - [global] log_uploader: STEP 2 SKIP (no PNGs)
2026-09-24 11:53:54,805 - DEBUG - [global] _api_put: GET runs/20260924_115351_fail_global.log -> 404
2026-09-24 11:53:56,477 - DEBUG - [global] _api_put: PUT runs/20260924_115351_fail_global.log -> 201 (21313 bytes)
2026-09-24 11:53:56,479 - DEBUG - [global] log_uploader: STEP 3 (global log) -> https://github.com/StarateJI/L2Mauto/blob/bot-logs/runs/20260924_115351_fail_global.log
2026-09-24 11:53:56,479 - DEBUG - [global] log_uploader: END window=periodic
2026-09-24 11:53:56,479 - INFO - [global] LogUploader: upload_run_logs завершён
2026-09-24 11:55:07,146 - INFO - [global] Проверяю обновы...
2026-09-24 11:55:08,122 - DEBUG - [global] needs_update: raw → 5.12.13
2026-09-24 11:55:08,194 - DEBUG - [global] needs_update: API → 5.12.13
2026-09-24 11:55:08,194 - DEBUG - [global] needs_update: лучший источник raw → 5.12.13 (из 2)
2026-09-24 11:55:08,195 - INFO - [global] needs_update: local=(5, 12, 12) remote=(5, 12, 13) -> has_update=True
2026-09-24 11:55:08,195 - INFO - [global] Доступна обнова! Спавню кнопку
2026-09-24 11:58:56,615 - INFO - [global] LogUploader: запускаю upload_run_logs...
2026-09-24 11:58:56,616 - DEBUG - [global] log_uploader: START window=periodic made=-1 token=...Rjnfq
2026-09-24 11:58:57,457 - DEBUG - [global] _api_put: GET runs/20260924_115856_fail_periodic.log -> 404
2026-09-24 11:58:59,383 - DEBUG - [global] _api_put: PUT runs/20260924_115856_fail_periodic.log -> 201 (1551 bytes)
2026-09-24 11:58:59,385 - DEBUG - [global] log_uploader: STEP 1 (window log) -> https://github.com/StarateJI/L2Mauto/blob/bot-logs/runs/20260924_115856_fail_periodic.log
2026-09-24 11:58:59,385 - DEBUG - [global] log_uploader: STEP 2 SKIP (no PNGs)
2026-09-24 11:59:00,287 - DEBUG - [global] _api_put: GET runs/20260924_115856_fail_global.log -> 404
2026-09-24 11:59:02,056 - DEBUG - [global] _api_put: PUT runs/20260924_115856_fail_global.log -> 201 (21295 bytes)
2026-09-24 11:59:02,058 - DEBUG - [global] log_uploader: STEP 3 (global log) -> https://github.com/StarateJI/L2Mauto/blob/bot-logs/runs/20260924_115856_fail_global.log
2026-09-24 11:59:02,059 - DEBUG - [global] log_uploader: END window=periodic
2026-09-24 11:59:02,059 - INFO - [global] LogUploader: upload_run_logs завершён
2026-09-24 12:04:02,195 - INFO - [global] LogUploader: запускаю upload_run_logs...
2026-09-24 12:04:02,197 - DEBUG - [global] log_uploader: START window=periodic made=-1 token=...Rjnfq
2026-09-24 12:04:03,112 - DEBUG - [global] _api_put: GET runs/20260924_120402_fail_periodic.log -> 404
2026-09-24 12:04:04,615 - DEBUG - [global] _api_put: PUT runs/20260924_120402_fail_periodic.log -> 201 (1551 bytes)
2026-09-24 12:04:04,616 - DEBUG - [global] log_uploader: STEP 1 (window log) -> https://github.com/StarateJI/L2Mauto/blob/bot-logs/runs/20260924_120402_fail_periodic.log
2026-09-24 12:04:04,617 - DEBUG - [global] log_uploader: STEP 2 SKIP (no PNGs)
2026-09-24 12:04:05,532 - DEBUG - [global] _api_put: GET runs/20260924_120402_fail_global.log -> 404
2026-09-24 12:04:07,366 - DEBUG - [global] _api_put: PUT runs/20260924_120402_fail_global.log -> 201 (21295 bytes)
2026-09-24 12:04:07,368 - DEBUG - [global] log_uploader: STEP 3 (global log) -> https://github.com/StarateJI/L2Mauto/blob/bot-logs/runs/20260924_120402_fail_global.log
2026-09-24 12:04:07,368 - DEBUG - [global] log_uploader: END window=periodic
2026-09-24 12:04:07,368 - INFO - [global] LogUploader: upload_run_logs завершён
2026-09-24 12:05:08,473 - INFO - [global] Проверяю обновы...
2026-09-24 12:05:09,470 - DEBUG - [global] needs_update: raw → 5.12.13
2026-09-24 12:05:09,520 - DEBUG - [global] needs_update: API → 5.12.13
2026-09-24 12:05:09,520 - DEBUG - [global] needs_update: лучший источник raw → 5.12.13 (из 2)
2026-09-24 12:05:09,520 - INFO - [global] needs_update: local=(5, 12, 12) remote=(5, 12, 13) -> has_update=True
2026-09-24 12:05:09,520 - INFO - [global] Доступна обнова! Спавню кнопку
2026-09-24 12:09:07,507 - INFO - [global] LogUploader: запускаю upload_run_logs...
2026-09-24 12:09:07,508 - DEBUG - [global] log_uploader: START window=periodic made=-1 token=...Rjnfq
2026-09-24 12:09:08,387 - DEBUG - [global] _api_put: GET runs/20260924_120907_fail_periodic.log -> 404
2026-09-24 12:09:10,127 - DEBUG - [global] _api_put: PUT runs/20260924_120907_fail_periodic.log -> 201 (1551 bytes)
2026-09-24 12:09:10,129 - DEBUG - [global] log_uploader: STEP 1 (window log) -> https://github.com/StarateJI/L2Mauto/blob/bot-logs/runs/20260924_120907_fail_periodic.log
2026-09-24 12:09:10,129 - DEBUG - [global] log_uploader: STEP 2 SKIP (no PNGs)
2026-09-24 12:09:11,051 - DEBUG - [global] _api_put: GET runs/20260924_120907_fail_global.log -> 404
2026-09-24 12:09:12,619 - DEBUG - [global] _api_put: PUT runs/20260924_120907_fail_global.log -> 201 (21277 bytes)
2026-09-24 12:09:12,621 - DEBUG - [global] log_uploader: STEP 3 (global log) -> https://github.com/StarateJI/L2Mauto/blob/bot-logs/runs/20260924_120907_fail_global.log
2026-09-24 12:09:12,621 - DEBUG - [global] log_uploader: END window=periodic
2026-09-24 12:09:12,621 - INFO - [global] LogUploader: upload_run_logs завершён
2026-09-24 12:14:12,753 - INFO - [global] LogUploader: запускаю upload_run_logs...
2026-09-24 12:14:12,754 - DEBUG - [global] log_uploader: START window=periodic made=-1 token=...Rjnfq
2026-09-24 12:14:13,648 - DEBUG - [global] _api_put: GET runs/20260924_121412_fail_periodic.log -> 404
2026-09-24 12:14:15,302 - DEBUG - [global] _api_put: PUT runs/20260924_121412_fail_periodic.log -> 201 (1551 bytes)
2026-09-24 12:14:15,304 - DEBUG - [global] log_uploader: STEP 1 (window log) -> https://github.com/StarateJI/L2Mauto/blob/bot-logs/runs/20260924_121412_fail_periodic.log
2026-09-24 12:14:15,304 - DEBUG - [global] log_uploader: STEP 2 SKIP (no PNGs)
2026-09-24 12:14:16,257 - DEBUG - [global] _api_put: GET runs/20260924_121412_fail_global.log -> 404
2026-09-24 12:14:18,098 - DEBUG - [global] _api_put: PUT runs/20260924_121412_fail_global.log -> 201 (21277 bytes)
2026-09-24 12:14:18,100 - DEBUG - [global] log_uploader: STEP 3 (global log) -> https://github.com/StarateJI/L2Mauto/blob/bot-logs/runs/20260924_121412_fail_global.log
2026-09-24 12:14:18,100 - DEBUG - [global] log_uploader: END window=periodic
2026-09-24 12:14:18,100 - INFO - [global] LogUploader: upload_run_logs завершён
2026-09-24 12:15:09,801 - INFO - [global] Проверяю обновы...
2026-09-24 12:15:10,747 - DEBUG - [global] needs_update: raw → 5.12.13
2026-09-24 12:15:10,786 - DEBUG - [global] needs_update: API → 5.12.13
2026-09-24 12:15:10,786 - DEBUG - [global] needs_update: лучший источник raw → 5.12.13 (из 2)
2026-09-24 12:15:10,787 - INFO - [global] needs_update: local=(5, 12, 12) remote=(5, 12, 13) -> has_update=True
2026-09-24 12:15:10,787 - INFO - [global] Доступна обнова! Спавню кнопку
2026-09-24 12:19:18,236 - INFO - [global] LogUploader: запускаю upload_run_logs...
2026-09-24 12:19:18,237 - DEBUG - [global] log_uploader: START window=periodic made=-1 token=...Rjnfq
2026-09-24 12:19:19,074 - DEBUG - [global] _api_put: GET runs/20260924_121918_fail_periodic.log -> 404
2026-09-24 12:19:20,625 - DEBUG - [global] _api_put: PUT runs/20260924_121918_fail_periodic.log -> 201 (1551 bytes)
2026-09-24 12:19:20,627 - DEBUG - [global] log_uploader: STEP 1 (window log) -> https://github.com/StarateJI/L2Mauto/blob/bot-logs/runs/20260924_121918_fail_periodic.log
2026-09-24 12:19:20,627 - DEBUG - [global] log_uploader: STEP 2 SKIP (no PNGs)
2026-09-24 12:19:21,552 - DEBUG - [global] _api_put: GET runs/20260924_121918_fail_global.log -> 404
2026-09-24 12:19:23,311 - DEBUG - [global] _api_put: PUT runs/20260924_121918_fail_global.log -> 201 (21277 bytes)
2026-09-24 12:19:23,313 - DEBUG - [global] log_uploader: STEP 3 (global log) -> https://github.com/StarateJI/L2Mauto/blob/bot-logs/runs/20260924_121918_fail_global.log
2026-09-24 12:19:23,313 - DEBUG - [global] log_uploader: END window=periodic
2026-09-24 12:19:23,313 - INFO - [global] LogUploader: upload_run_logs завершён
2026-09-24 12:24:23,451 - INFO - [global] LogUploader: запускаю upload_run_logs...
2026-09-24 12:24:23,452 - DEBUG - [global] log_uploader: START window=periodic made=-1 token=...Rjnfq
2026-09-24 12:24:24,396 - DEBUG - [global] _api_put: GET runs/20260924_122423_fail_periodic.log -> 404
2026-09-24 12:24:25,888 - DEBUG - [global] _api_put: PUT runs/20260924_122423_fail_periodic.log -> 201 (1551 bytes)
2026-09-24 12:24:25,890 - DEBUG - [global] log_uploader: STEP 1 (window log) -> https://github.com/StarateJI/L2Mauto/blob/bot-logs/runs/20260924_122423_fail_periodic.log
2026-09-24 12:24:25,890 - DEBUG - [global] log_uploader: STEP 2 SKIP (no PNGs)
2026-09-24 12:24:26,824 - DEBUG - [global] _api_put: GET runs/20260924_122423_fail_global.log -> 404
2026-09-24 12:24:28,651 - DEBUG - [global] _api_put: PUT runs/20260924_122423_fail_global.log -> 201 (21277 bytes)
2026-09-24 12:24:28,653 - DEBUG - [global] log_uploader: STEP 3 (global log) -> https://github.com/StarateJI/L2Mauto/blob/bot-logs/runs/20260924_122423_fail_global.log
2026-09-24 12:24:28,653 - DEBUG - [global] log_uploader: END window=periodic
2026-09-24 12:24:28,653 - INFO - [global] LogUploader: upload_run_logs завершён
2026-09-24 12:25:11,073 - INFO - [global] Проверяю обновы...
2026-09-24 12:25:12,002 - DEBUG - [global] needs_update: raw → 5.12.13
2026-09-24 12:25:12,065 - DEBUG - [global] needs_update: API → 5.12.13
2026-09-24 12:25:12,065 - DEBUG - [global] needs_update: лучший источник raw → 5.12.13 (из 2)
2026-09-24 12:25:12,065 - INFO - [global] needs_update: local=(5, 12, 12) remote=(5, 12, 13) -> has_update=True
2026-09-24 12:25:12,065 - INFO - [global] Доступна обнова! Спавню кнопку
2026-09-24 12:29:28,797 - INFO - [global] LogUploader: запускаю upload_run_logs...
2026-09-24 12:29:28,798 - DEBUG - [global] log_uploader: START window=periodic made=-1 token=...Rjnfq
2026-09-24 12:29:29,653 - DEBUG - [global] _api_put: GET runs/20260924_122928_fail_periodic.log -> 404
2026-09-24 12:29:31,054 - DEBUG - [global] _api_put: PUT runs/20260924_122928_fail_periodic.log -> 201 (1551 bytes)
2026-09-24 12:29:31,056 - DEBUG - [global] log_uploader: STEP 1 (window log) -> https://github.com/StarateJI/L2Mauto/blob/bot-logs/runs/20260924_122928_fail_periodic.log
2026-09-24 12:29:31,056 - DEBUG - [global] log_uploader: STEP 2 SKIP (no PNGs)
2026-09-24 12:29:31,983 - DEBUG - [global] _api_put: GET runs/20260924_122928_fail_global.log -> 404
2026-09-24 12:29:33,576 - DEBUG - [global] _api_put: PUT runs/20260924_122928_fail_global.log -> 201 (21277 bytes)
2026-09-24 12:29:33,578 - DEBUG - [global] log_uploader: STEP 3 (global log) -> https://github.com/StarateJI/L2Mauto/blob/bot-logs/runs/20260924_122928_fail_global.log
2026-09-24 12:29:33,578 - DEBUG - [global] log_uploader: END window=periodic
2026-09-24 12:29:33,578 - INFO - [global] LogUploader: upload_run_logs завершён
2026-09-24 12:34:33,712 - INFO - [global] LogUploader: запускаю upload_run_logs...
2026-09-24 12:34:33,713 - DEBUG - [global] log_uploader: START window=periodic made=-1 token=...Rjnfq
2026-09-24 12:34:34,569 - DEBUG - [global] _api_put: GET runs/20260924_123433_fail_periodic.log -> 404
2026-09-24 12:34:36,090 - DEBUG - [global] _api_put: PUT runs/20260924_123433_fail_periodic.log -> 201 (1551 bytes)
2026-09-24 12:34:36,092 - DEBUG - [global] log_uploader: STEP 1 (window log) -> https://github.com/StarateJI/L2Mauto/blob/bot-logs/runs/20260924_123433_fail_periodic.log
2026-09-24 12:34:36,093 - DEBUG - [global] log_uploader: STEP 2 SKIP (no PNGs)
