=== Log tail 2026-09-25T17:58:45.096735 | last 200 lines ===
2026-09-25 17:49:27,224 - DEBUG - [global] _api_put: GET runs/20260925_174924_fail_periodic.log -> 404
2026-09-25 17:49:27,241 - INFO - [global] Проверяю обновы...
2026-09-25 17:49:28,313 - DEBUG - [global] needs_update: raw → 5.13.09
2026-09-25 17:49:28,525 - DEBUG - [global] needs_update: API → 5.13.09
2026-09-25 17:49:28,525 - DEBUG - [global] needs_update: лучший источник raw → 5.13.09 (из 2)
2026-09-25 17:49:28,526 - INFO - [global] needs_update: local=(5, 13, 7) remote=(5, 13, 9) -> has_update=True
2026-09-25 17:49:28,526 - INFO - [global] Доступна обнова! Спавню кнопку
2026-09-25 17:49:29,685 - DEBUG - [global] _api_put: PUT runs/20260925_174924_fail_periodic.log -> 201 (10313 bytes)
2026-09-25 17:49:29,689 - DEBUG - [global] log_uploader: STEP 1 (window log) -> https://github.com/StarateJI/L2Mauto/blob/bot-logs/runs/20260925_174924_fail_periodic.log
2026-09-25 17:49:29,689 - DEBUG - [global] log_uploader: STEP 2 SKIP (no PNGs)
2026-09-25 17:49:30,787 - DEBUG - [global] _api_put: GET runs/20260925_174924_fail_global.log -> 404
2026-09-25 17:49:32,951 - DEBUG - [global] _api_put: PUT runs/20260925_174924_fail_global.log -> 201 (19974 bytes)
2026-09-25 17:49:32,953 - DEBUG - [global] log_uploader: STEP 3 (global log) -> https://github.com/StarateJI/L2Mauto/blob/bot-logs/runs/20260925_174924_fail_global.log
2026-09-25 17:49:32,953 - DEBUG - [global] log_uploader: END window=periodic
2026-09-25 17:49:32,953 - INFO - [global] LogUploader: upload_run_logs завершён
2026-09-25 17:49:58,546 - INFO - [global] Проверяю обновы...
2026-09-25 17:49:59,502 - DEBUG - [global] needs_update: raw → 5.13.09
2026-09-25 17:49:59,685 - DEBUG - [global] needs_update: API → 5.13.09
2026-09-25 17:49:59,685 - DEBUG - [global] needs_update: лучший источник raw → 5.13.09 (из 2)
2026-09-25 17:49:59,685 - INFO - [global] needs_update: local=(5, 13, 7) remote=(5, 13, 9) -> has_update=True
2026-09-25 17:49:59,685 - INFO - [global] Доступна обнова! Спавню кнопку
2026-09-25 17:50:29,707 - INFO - [global] Проверяю обновы...
2026-09-25 17:50:30,675 - DEBUG - [global] needs_update: raw → 5.13.09
2026-09-25 17:50:30,830 - DEBUG - [global] needs_update: API → 5.13.09
2026-09-25 17:50:30,831 - DEBUG - [global] needs_update: лучший источник raw → 5.13.09 (из 2)
2026-09-25 17:50:30,831 - INFO - [global] needs_update: local=(5, 13, 7) remote=(5, 13, 9) -> has_update=True
2026-09-25 17:50:30,831 - INFO - [global] Доступна обнова! Спавню кнопку
2026-09-25 17:50:32,989 - INFO - [global] LogUploader: запускаю upload_run_logs...
2026-09-25 17:50:32,990 - DEBUG - [global] log_uploader: START window=periodic made=-1 token=...Rjnfq
2026-09-25 17:50:33,936 - DEBUG - [global] _api_put: GET runs/20260925_175032_fail_periodic.log -> 404
2026-09-25 17:50:35,793 - DEBUG - [global] _api_put: PUT runs/20260925_175032_fail_periodic.log -> 201 (10313 bytes)
2026-09-25 17:50:35,795 - DEBUG - [global] log_uploader: STEP 1 (window log) -> https://github.com/StarateJI/L2Mauto/blob/bot-logs/runs/20260925_175032_fail_periodic.log
2026-09-25 17:50:35,795 - DEBUG - [global] log_uploader: STEP 2 SKIP (no PNGs)
2026-09-25 17:50:36,788 - DEBUG - [global] _api_put: GET runs/20260925_175032_fail_global.log -> 404
2026-09-25 17:50:38,794 - DEBUG - [global] _api_put: PUT runs/20260925_175032_fail_global.log -> 201 (19974 bytes)
2026-09-25 17:50:38,796 - DEBUG - [global] log_uploader: STEP 3 (global log) -> https://github.com/StarateJI/L2Mauto/blob/bot-logs/runs/20260925_175032_fail_global.log
2026-09-25 17:50:38,796 - DEBUG - [global] log_uploader: END window=periodic
2026-09-25 17:50:38,796 - INFO - [global] LogUploader: upload_run_logs завершён
2026-09-25 17:51:00,849 - INFO - [global] Проверяю обновы...
2026-09-25 17:51:01,802 - DEBUG - [global] needs_update: raw → 5.13.09
2026-09-25 17:51:02,073 - DEBUG - [global] needs_update: API → 5.13.09
2026-09-25 17:51:02,073 - DEBUG - [global] needs_update: лучший источник raw → 5.13.09 (из 2)
2026-09-25 17:51:02,073 - INFO - [global] needs_update: local=(5, 13, 7) remote=(5, 13, 9) -> has_update=True
2026-09-25 17:51:02,074 - INFO - [global] Доступна обнова! Спавню кнопку
2026-09-25 17:51:32,095 - INFO - [global] Проверяю обновы...
2026-09-25 17:51:32,969 - DEBUG - [global] needs_update: raw → 5.13.09
2026-09-25 17:51:33,227 - DEBUG - [global] needs_update: API → 5.13.09
2026-09-25 17:51:33,227 - DEBUG - [global] needs_update: лучший источник raw → 5.13.09 (из 2)
2026-09-25 17:51:33,228 - INFO - [global] needs_update: local=(5, 13, 7) remote=(5, 13, 9) -> has_update=True
2026-09-25 17:51:33,228 - INFO - [global] Доступна обнова! Спавню кнопку
2026-09-25 17:51:38,840 - INFO - [global] LogUploader: запускаю upload_run_logs...
2026-09-25 17:51:38,841 - DEBUG - [global] log_uploader: START window=periodic made=-1 token=...Rjnfq
2026-09-25 17:51:39,851 - DEBUG - [global] _api_put: GET runs/20260925_175138_fail_periodic.log -> 404
2026-09-25 17:51:41,718 - DEBUG - [global] _api_put: PUT runs/20260925_175138_fail_periodic.log -> 201 (10313 bytes)
2026-09-25 17:51:41,721 - DEBUG - [global] log_uploader: STEP 1 (window log) -> https://github.com/StarateJI/L2Mauto/blob/bot-logs/runs/20260925_175138_fail_periodic.log
2026-09-25 17:51:41,721 - DEBUG - [global] log_uploader: STEP 2 SKIP (no PNGs)
2026-09-25 17:51:42,725 - DEBUG - [global] _api_put: GET runs/20260925_175138_fail_global.log -> 404
2026-09-25 17:51:45,987 - DEBUG - [global] _api_put: PUT runs/20260925_175138_fail_global.log -> 201 (19974 bytes)
2026-09-25 17:51:45,989 - DEBUG - [global] log_uploader: STEP 3 (global log) -> https://github.com/StarateJI/L2Mauto/blob/bot-logs/runs/20260925_175138_fail_global.log
2026-09-25 17:51:45,989 - DEBUG - [global] log_uploader: END window=periodic
2026-09-25 17:51:45,989 - INFO - [global] LogUploader: upload_run_logs завершён
2026-09-25 17:52:03,243 - INFO - [global] Проверяю обновы...
2026-09-25 17:52:04,141 - DEBUG - [global] needs_update: raw → 5.13.09
2026-09-25 17:52:08,425 - DEBUG - [global] needs_update: API → 5.13.09
2026-09-25 17:52:08,425 - DEBUG - [global] needs_update: лучший источник raw → 5.13.09 (из 2)
2026-09-25 17:52:08,425 - INFO - [global] needs_update: local=(5, 13, 7) remote=(5, 13, 9) -> has_update=True
2026-09-25 17:52:08,425 - INFO - [global] Доступна обнова! Спавню кнопку
2026-09-25 17:52:38,442 - INFO - [global] Проверяю обновы...
2026-09-25 17:52:39,385 - DEBUG - [global] needs_update: raw → 5.13.09
2026-09-25 17:52:39,608 - DEBUG - [global] needs_update: API → 5.13.09
2026-09-25 17:52:39,608 - DEBUG - [global] needs_update: лучший источник raw → 5.13.09 (из 2)
2026-09-25 17:52:39,608 - INFO - [global] needs_update: local=(5, 13, 7) remote=(5, 13, 9) -> has_update=True
2026-09-25 17:52:39,609 - INFO - [global] Доступна обнова! Спавню кнопку
2026-09-25 17:52:46,029 - INFO - [global] LogUploader: запускаю upload_run_logs...
2026-09-25 17:52:46,031 - DEBUG - [global] log_uploader: START window=periodic made=-1 token=...Rjnfq
2026-09-25 17:52:48,264 - DEBUG - [global] _api_put: GET runs/20260925_175246_fail_periodic.log -> 404
2026-09-25 17:52:58,088 - DEBUG - [global] _api_put: PUT runs/20260925_175246_fail_periodic.log -> 201 (10313 bytes)
2026-09-25 17:52:58,090 - DEBUG - [global] log_uploader: STEP 1 (window log) -> https://github.com/StarateJI/L2Mauto/blob/bot-logs/runs/20260925_175246_fail_periodic.log
2026-09-25 17:52:58,091 - DEBUG - [global] log_uploader: STEP 2 SKIP (no PNGs)
2026-09-25 17:52:59,082 - DEBUG - [global] _api_put: GET runs/20260925_175246_fail_global.log -> 404
2026-09-25 17:53:02,142 - DEBUG - [global] _api_put: PUT runs/20260925_175246_fail_global.log -> 201 (20019 bytes)
2026-09-25 17:53:02,144 - DEBUG - [global] log_uploader: STEP 3 (global log) -> https://github.com/StarateJI/L2Mauto/blob/bot-logs/runs/20260925_175246_fail_global.log
2026-09-25 17:53:02,144 - DEBUG - [global] log_uploader: END window=periodic
2026-09-25 17:53:02,144 - INFO - [global] LogUploader: upload_run_logs завершён
2026-09-25 17:53:09,624 - INFO - [global] Проверяю обновы...
2026-09-25 17:53:10,529 - DEBUG - [global] needs_update: raw → 5.13.09
2026-09-25 17:53:10,686 - DEBUG - [global] needs_update: API → 5.13.09
2026-09-25 17:53:10,687 - DEBUG - [global] needs_update: лучший источник raw → 5.13.09 (из 2)
2026-09-25 17:53:10,687 - INFO - [global] needs_update: local=(5, 13, 7) remote=(5, 13, 9) -> has_update=True
2026-09-25 17:53:10,687 - INFO - [global] Доступна обнова! Спавню кнопку
2026-09-25 17:53:40,706 - INFO - [global] Проверяю обновы...
2026-09-25 17:53:41,608 - DEBUG - [global] needs_update: raw → 5.13.09
2026-09-25 17:53:41,779 - DEBUG - [global] needs_update: API → 5.13.09
2026-09-25 17:53:41,779 - DEBUG - [global] needs_update: лучший источник raw → 5.13.09 (из 2)
2026-09-25 17:53:41,779 - INFO - [global] needs_update: local=(5, 13, 7) remote=(5, 13, 9) -> has_update=True
2026-09-25 17:53:41,779 - INFO - [global] Доступна обнова! Спавню кнопку
2026-09-25 17:54:02,177 - INFO - [global] LogUploader: запускаю upload_run_logs...
2026-09-25 17:54:02,178 - DEBUG - [global] log_uploader: START window=periodic made=-1 token=...Rjnfq
2026-09-25 17:54:03,057 - DEBUG - [global] _api_put: GET runs/20260925_175402_fail_periodic.log -> 404
2026-09-25 17:54:04,812 - DEBUG - [global] _api_put: PUT runs/20260925_175402_fail_periodic.log -> 201 (10313 bytes)
2026-09-25 17:54:04,813 - DEBUG - [global] log_uploader: STEP 1 (window log) -> https://github.com/StarateJI/L2Mauto/blob/bot-logs/runs/20260925_175402_fail_periodic.log
2026-09-25 17:54:04,814 - DEBUG - [global] log_uploader: STEP 2 SKIP (no PNGs)
2026-09-25 17:54:05,753 - DEBUG - [global] _api_put: GET runs/20260925_175402_fail_global.log -> 404
2026-09-25 17:54:07,612 - DEBUG - [global] _api_put: PUT runs/20260925_175402_fail_global.log -> 201 (20019 bytes)
2026-09-25 17:54:07,614 - DEBUG - [global] log_uploader: STEP 3 (global log) -> https://github.com/StarateJI/L2Mauto/blob/bot-logs/runs/20260925_175402_fail_global.log
2026-09-25 17:54:07,614 - DEBUG - [global] log_uploader: END window=periodic
2026-09-25 17:54:07,614 - INFO - [global] LogUploader: upload_run_logs завершён
2026-09-25 17:54:11,808 - INFO - [global] Проверяю обновы...
2026-09-25 17:54:12,695 - DEBUG - [global] needs_update: raw → 5.13.09
2026-09-25 17:54:12,803 - DEBUG - [global] needs_update: API → 5.13.09
2026-09-25 17:54:12,803 - DEBUG - [global] needs_update: лучший источник raw → 5.13.09 (из 2)
2026-09-25 17:54:12,803 - INFO - [global] needs_update: local=(5, 13, 7) remote=(5, 13, 9) -> has_update=True
2026-09-25 17:54:12,803 - INFO - [global] Доступна обнова! Спавню кнопку
2026-09-25 17:54:42,819 - INFO - [global] Проверяю обновы...
2026-09-25 17:54:43,754 - DEBUG - [global] needs_update: raw → 5.13.09
2026-09-25 17:54:43,877 - DEBUG - [global] needs_update: API → 5.13.09
2026-09-25 17:54:43,877 - DEBUG - [global] needs_update: лучший источник raw → 5.13.09 (из 2)
2026-09-25 17:54:43,877 - INFO - [global] needs_update: local=(5, 13, 7) remote=(5, 13, 9) -> has_update=True
2026-09-25 17:54:43,877 - INFO - [global] Доступна обнова! Спавню кнопку
2026-09-25 17:55:07,649 - INFO - [global] LogUploader: запускаю upload_run_logs...
2026-09-25 17:55:07,650 - DEBUG - [global] log_uploader: START window=periodic made=-1 token=...Rjnfq
2026-09-25 17:55:08,655 - DEBUG - [global] _api_put: GET runs/20260925_175507_fail_periodic.log -> 404
2026-09-25 17:55:11,578 - DEBUG - [global] _api_put: PUT runs/20260925_175507_fail_periodic.log -> 201 (10313 bytes)
2026-09-25 17:55:11,581 - DEBUG - [global] log_uploader: STEP 1 (window log) -> https://github.com/StarateJI/L2Mauto/blob/bot-logs/runs/20260925_175507_fail_periodic.log
2026-09-25 17:55:11,581 - DEBUG - [global] log_uploader: STEP 2 SKIP (no PNGs)
2026-09-25 17:55:12,626 - DEBUG - [global] _api_put: GET runs/20260925_175507_fail_global.log -> 404
2026-09-25 17:55:13,902 - INFO - [global] Проверяю обновы...
2026-09-25 17:55:14,690 - DEBUG - [global] _api_put: PUT runs/20260925_175507_fail_global.log -> 201 (20019 bytes)
2026-09-25 17:55:14,692 - DEBUG - [global] log_uploader: STEP 3 (global log) -> https://github.com/StarateJI/L2Mauto/blob/bot-logs/runs/20260925_175507_fail_global.log
2026-09-25 17:55:14,692 - DEBUG - [global] log_uploader: END window=periodic
2026-09-25 17:55:14,692 - INFO - [global] LogUploader: upload_run_logs завершён
2026-09-25 17:55:14,836 - DEBUG - [global] needs_update: raw → 5.13.09
2026-09-25 17:55:15,089 - DEBUG - [global] needs_update: API → 5.13.09
2026-09-25 17:55:15,089 - DEBUG - [global] needs_update: лучший источник raw → 5.13.09 (из 2)
2026-09-25 17:55:15,089 - INFO - [global] needs_update: local=(5, 13, 7) remote=(5, 13, 9) -> has_update=True
2026-09-25 17:55:15,089 - INFO - [global] Доступна обнова! Спавню кнопку
2026-09-25 17:55:45,108 - INFO - [global] Проверяю обновы...
2026-09-25 17:55:46,084 - DEBUG - [global] needs_update: raw → 5.13.09
2026-09-25 17:55:46,307 - DEBUG - [global] needs_update: API → 5.13.09
2026-09-25 17:55:46,308 - DEBUG - [global] needs_update: лучший источник raw → 5.13.09 (из 2)
2026-09-25 17:55:46,308 - INFO - [global] needs_update: local=(5, 13, 7) remote=(5, 13, 9) -> has_update=True
2026-09-25 17:55:46,308 - INFO - [global] Доступна обнова! Спавню кнопку
2026-09-25 17:56:14,727 - INFO - [global] LogUploader: запускаю upload_run_logs...
2026-09-25 17:56:14,728 - DEBUG - [global] log_uploader: START window=periodic made=-1 token=...Rjnfq
2026-09-25 17:56:15,818 - DEBUG - [global] _api_put: GET runs/20260925_175614_fail_periodic.log -> 404
2026-09-25 17:56:16,331 - INFO - [global] Проверяю обновы...
2026-09-25 17:56:17,274 - DEBUG - [global] needs_update: raw → 5.13.09
2026-09-25 17:56:21,623 - DEBUG - [global] needs_update: API → 5.13.09
2026-09-25 17:56:21,623 - DEBUG - [global] needs_update: лучший источник raw → 5.13.09 (из 2)
2026-09-25 17:56:21,624 - INFO - [global] needs_update: local=(5, 13, 7) remote=(5, 13, 9) -> has_update=True
2026-09-25 17:56:21,624 - INFO - [global] Доступна обнова! Спавню кнопку
2026-09-25 17:56:24,953 - DEBUG - [global] _api_put: PUT runs/20260925_175614_fail_periodic.log -> 201 (10313 bytes)
2026-09-25 17:56:24,955 - DEBUG - [global] log_uploader: STEP 1 (window log) -> https://github.com/StarateJI/L2Mauto/blob/bot-logs/runs/20260925_175614_fail_periodic.log
2026-09-25 17:56:24,956 - DEBUG - [global] log_uploader: STEP 2 SKIP (no PNGs)
2026-09-25 17:56:26,032 - DEBUG - [global] _api_put: GET runs/20260925_175614_fail_global.log -> 404
2026-09-25 17:56:28,238 - DEBUG - [global] _api_put: PUT runs/20260925_175614_fail_global.log -> 201 (19974 bytes)
2026-09-25 17:56:28,240 - DEBUG - [global] log_uploader: STEP 3 (global log) -> https://github.com/StarateJI/L2Mauto/blob/bot-logs/runs/20260925_175614_fail_global.log
2026-09-25 17:56:28,240 - DEBUG - [global] log_uploader: END window=periodic
2026-09-25 17:56:28,240 - INFO - [global] LogUploader: upload_run_logs завершён
2026-09-25 17:56:51,642 - INFO - [global] Проверяю обновы...
2026-09-25 17:56:52,621 - DEBUG - [global] needs_update: raw → 5.13.09
2026-09-25 17:56:52,845 - DEBUG - [global] needs_update: API → 5.13.09
2026-09-25 17:56:52,845 - DEBUG - [global] needs_update: лучший источник raw → 5.13.09 (из 2)
2026-09-25 17:56:52,845 - INFO - [global] needs_update: local=(5, 13, 7) remote=(5, 13, 9) -> has_update=True
2026-09-25 17:56:52,845 - INFO - [global] Доступна обнова! Спавню кнопку
2026-09-25 17:57:22,862 - INFO - [global] Проверяю обновы...
2026-09-25 17:57:23,779 - DEBUG - [global] needs_update: raw → 5.13.09
2026-09-25 17:57:24,019 - DEBUG - [global] needs_update: API → 5.13.09
2026-09-25 17:57:24,019 - DEBUG - [global] needs_update: лучший источник raw → 5.13.09 (из 2)
2026-09-25 17:57:24,020 - INFO - [global] needs_update: local=(5, 13, 7) remote=(5, 13, 9) -> has_update=True
2026-09-25 17:57:24,020 - INFO - [global] Доступна обнова! Спавню кнопку
2026-09-25 17:57:28,271 - INFO - [global] LogUploader: запускаю upload_run_logs...
2026-09-25 17:57:28,273 - DEBUG - [global] log_uploader: START window=periodic made=-1 token=...Rjnfq
2026-09-25 17:57:29,280 - DEBUG - [global] _api_put: GET runs/20260925_175728_fail_periodic.log -> 404
2026-09-25 17:57:32,242 - DEBUG - [global] _api_put: PUT runs/20260925_175728_fail_periodic.log -> 201 (10313 bytes)
2026-09-25 17:57:32,245 - DEBUG - [global] log_uploader: STEP 1 (window log) -> https://github.com/StarateJI/L2Mauto/blob/bot-logs/runs/20260925_175728_fail_periodic.log
2026-09-25 17:57:32,246 - DEBUG - [global] log_uploader: STEP 2 SKIP (no PNGs)
2026-09-25 17:57:33,304 - DEBUG - [global] _api_put: GET runs/20260925_175728_fail_global.log -> 404
2026-09-25 17:57:37,412 - DEBUG - [global] _api_put: PUT runs/20260925_175728_fail_global.log -> 201 (19974 bytes)
2026-09-25 17:57:37,414 - DEBUG - [global] log_uploader: STEP 3 (global log) -> https://github.com/StarateJI/L2Mauto/blob/bot-logs/runs/20260925_175728_fail_global.log
2026-09-25 17:57:37,414 - DEBUG - [global] log_uploader: END window=periodic
2026-09-25 17:57:37,414 - INFO - [global] LogUploader: upload_run_logs завершён
2026-09-25 17:57:54,038 - INFO - [global] Проверяю обновы...
2026-09-25 17:57:54,958 - DEBUG - [global] needs_update: raw → 5.13.09
2026-09-25 17:57:55,202 - DEBUG - [global] needs_update: API → 5.13.09
2026-09-25 17:57:55,203 - DEBUG - [global] needs_update: лучший источник raw → 5.13.09 (из 2)
2026-09-25 17:57:55,203 - INFO - [global] needs_update: local=(5, 13, 7) remote=(5, 13, 9) -> has_update=True
2026-09-25 17:57:55,203 - INFO - [global] Доступна обнова! Спавню кнопку
2026-09-25 17:58:25,220 - INFO - [global] Проверяю обновы...
2026-09-25 17:58:26,136 - DEBUG - [global] needs_update: raw → 5.13.09
2026-09-25 17:58:26,484 - DEBUG - [global] needs_update: API → 5.13.09
2026-09-25 17:58:26,484 - DEBUG - [global] needs_update: лучший источник raw → 5.13.09 (из 2)
2026-09-25 17:58:26,484 - INFO - [global] needs_update: local=(5, 13, 7) remote=(5, 13, 9) -> has_update=True
2026-09-25 17:58:26,485 - INFO - [global] Доступна обнова! Спавню кнопку
2026-09-25 17:58:37,454 - INFO - [global] LogUploader: запускаю upload_run_logs...
2026-09-25 17:58:37,456 - DEBUG - [global] log_uploader: START window=periodic made=-1 token=...Rjnfq
2026-09-25 17:58:43,157 - DEBUG - [global] _api_put: GET runs/20260925_175837_fail_periodic.log -> 404
2026-09-25 17:58:45,076 - DEBUG - [global] _api_put: PUT runs/20260925_175837_fail_periodic.log -> 201 (10313 bytes)
2026-09-25 17:58:45,077 - DEBUG - [global] log_uploader: STEP 1 (window log) -> https://github.com/StarateJI/L2Mauto/blob/bot-logs/runs/20260925_175837_fail_periodic.log
2026-09-25 17:58:45,078 - DEBUG - [global] log_uploader: STEP 2 SKIP (no PNGs)
