=== Log tail 2026-09-17T01:17:15.692478 | last 200 lines ===
2026-09-17 01:08:38,583 - DEBUG - [global] needs_update: API failed: HTTPError: 403 Client Error: rate limit exceeded for url: https://api.github.com/repos/StarateJI/L2Mauto/contents/bot/version.txt?ref=main
2026-09-17 01:08:39,180 - DEBUG - [global] needs_update: jsdelivr → 5.9.0
2026-09-17 01:08:39,180 - DEBUG - [global] needs_update: лучший источник raw → 5.9.0 (из 2)
2026-09-17 01:08:39,182 - INFO - [global] needs_update: local=(5, 7, 1) remote=(5, 9, 0) -> has_update=True
2026-09-17 01:08:39,182 - INFO - [global] Доступна обнова! Спавню кнопку
2026-09-17 01:09:09,198 - INFO - [global] Проверяю обновы...
2026-09-17 01:09:09,963 - DEBUG - [global] needs_update: raw → 5.9.0
2026-09-17 01:09:10,910 - DEBUG - [global] needs_update: API failed: HTTPError: 403 Client Error: rate limit exceeded for url: https://api.github.com/repos/StarateJI/L2Mauto/contents/bot/version.txt?ref=main
2026-09-17 01:09:11,613 - DEBUG - [global] needs_update: jsdelivr → 5.9.0
2026-09-17 01:09:11,613 - DEBUG - [global] needs_update: лучший источник raw → 5.9.0 (из 2)
2026-09-17 01:09:11,616 - INFO - [global] needs_update: local=(5, 7, 1) remote=(5, 9, 0) -> has_update=True
2026-09-17 01:09:11,617 - INFO - [global] Доступна обнова! Спавню кнопку
2026-09-17 01:09:34,342 - INFO - [global] LogUploader: запускаю upload_run_logs...
2026-09-17 01:09:34,343 - DEBUG - [global] log_uploader: START window=periodic made=-1 token=...Rjnfq
2026-09-17 01:09:35,290 - DEBUG - [global] _api_put: GET runs/20260917_010934_fail_periodic.log -> 404
2026-09-17 01:09:37,235 - DEBUG - [global] _api_put: PUT runs/20260917_010934_fail_periodic.log -> 201 (8836 bytes)
2026-09-17 01:09:37,237 - DEBUG - [global] log_uploader: STEP 1 (window log) -> https://github.com/StarateJI/L2Mauto/blob/bot-logs/runs/20260917_010934_fail_periodic.log
2026-09-17 01:09:37,238 - DEBUG - [global] log_uploader: STEP 2 SKIP (no PNGs)
2026-09-17 01:09:38,224 - DEBUG - [global] _api_put: GET runs/20260917_010934_fail_global.log -> 404
2026-09-17 01:09:40,662 - DEBUG - [global] _api_put: PUT runs/20260917_010934_fail_global.log -> 201 (21693 bytes)
2026-09-17 01:09:40,663 - DEBUG - [global] log_uploader: STEP 3 (global log) -> https://github.com/StarateJI/L2Mauto/blob/bot-logs/runs/20260917_010934_fail_global.log
2026-09-17 01:09:40,663 - DEBUG - [global] log_uploader: END window=periodic
2026-09-17 01:09:40,664 - INFO - [global] LogUploader: upload_run_logs завершён
2026-09-17 01:09:41,636 - INFO - [global] Проверяю обновы...
2026-09-17 01:09:42,371 - DEBUG - [global] needs_update: raw → 5.9.0
2026-09-17 01:09:43,087 - DEBUG - [global] needs_update: API failed: HTTPError: 403 Client Error: rate limit exceeded for url: https://api.github.com/repos/StarateJI/L2Mauto/contents/bot/version.txt?ref=main
2026-09-17 01:09:43,720 - DEBUG - [global] needs_update: jsdelivr → 5.9.0
2026-09-17 01:09:43,720 - DEBUG - [global] needs_update: лучший источник raw → 5.9.0 (из 2)
2026-09-17 01:09:43,723 - INFO - [global] needs_update: local=(5, 7, 1) remote=(5, 9, 0) -> has_update=True
2026-09-17 01:09:43,723 - INFO - [global] Доступна обнова! Спавню кнопку
2026-09-17 01:10:13,741 - INFO - [global] Проверяю обновы...
2026-09-17 01:10:14,477 - DEBUG - [global] needs_update: raw → 5.9.0
2026-09-17 01:10:15,147 - DEBUG - [global] needs_update: API failed: HTTPError: 403 Client Error: rate limit exceeded for url: https://api.github.com/repos/StarateJI/L2Mauto/contents/bot/version.txt?ref=main
2026-09-17 01:10:15,865 - DEBUG - [global] needs_update: jsdelivr → 5.9.0
2026-09-17 01:10:15,865 - DEBUG - [global] needs_update: лучший источник raw → 5.9.0 (из 2)
2026-09-17 01:10:15,867 - INFO - [global] needs_update: local=(5, 7, 1) remote=(5, 9, 0) -> has_update=True
2026-09-17 01:10:15,867 - INFO - [global] Доступна обнова! Спавню кнопку
2026-09-17 01:10:40,695 - INFO - [global] LogUploader: запускаю upload_run_logs...
2026-09-17 01:10:40,696 - DEBUG - [global] log_uploader: START window=periodic made=-1 token=...Rjnfq
2026-09-17 01:10:41,620 - DEBUG - [global] _api_put: GET runs/20260917_011040_fail_periodic.log -> 404
2026-09-17 01:10:43,084 - DEBUG - [global] _api_put: PUT runs/20260917_011040_fail_periodic.log -> 201 (8836 bytes)
2026-09-17 01:10:43,086 - DEBUG - [global] log_uploader: STEP 1 (window log) -> https://github.com/StarateJI/L2Mauto/blob/bot-logs/runs/20260917_011040_fail_periodic.log
2026-09-17 01:10:43,087 - DEBUG - [global] log_uploader: STEP 2 SKIP (no PNGs)
2026-09-17 01:10:44,015 - DEBUG - [global] _api_put: GET runs/20260917_011040_fail_global.log -> 404
2026-09-17 01:10:45,683 - DEBUG - [global] _api_put: PUT runs/20260917_011040_fail_global.log -> 201 (21693 bytes)
2026-09-17 01:10:45,684 - DEBUG - [global] log_uploader: STEP 3 (global log) -> https://github.com/StarateJI/L2Mauto/blob/bot-logs/runs/20260917_011040_fail_global.log
2026-09-17 01:10:45,684 - DEBUG - [global] log_uploader: END window=periodic
2026-09-17 01:10:45,684 - INFO - [global] LogUploader: upload_run_logs завершён
2026-09-17 01:10:45,883 - INFO - [global] Проверяю обновы...
2026-09-17 01:10:46,681 - DEBUG - [global] needs_update: raw → 5.9.0
2026-09-17 01:10:47,355 - DEBUG - [global] needs_update: API failed: HTTPError: 403 Client Error: rate limit exceeded for url: https://api.github.com/repos/StarateJI/L2Mauto/contents/bot/version.txt?ref=main
2026-09-17 01:10:48,051 - DEBUG - [global] needs_update: jsdelivr → 5.9.0
2026-09-17 01:10:48,051 - DEBUG - [global] needs_update: лучший источник raw → 5.9.0 (из 2)
2026-09-17 01:10:48,055 - INFO - [global] needs_update: local=(5, 7, 1) remote=(5, 9, 0) -> has_update=True
2026-09-17 01:10:48,055 - INFO - [global] Доступна обнова! Спавню кнопку
2026-09-17 01:11:18,070 - INFO - [global] Проверяю обновы...
2026-09-17 01:11:18,757 - DEBUG - [global] needs_update: raw → 5.9.0
2026-09-17 01:11:19,460 - DEBUG - [global] needs_update: API failed: HTTPError: 403 Client Error: rate limit exceeded for url: https://api.github.com/repos/StarateJI/L2Mauto/contents/bot/version.txt?ref=main
2026-09-17 01:11:20,180 - DEBUG - [global] needs_update: jsdelivr → 5.9.0
2026-09-17 01:11:20,180 - DEBUG - [global] needs_update: лучший источник raw → 5.9.0 (из 2)
2026-09-17 01:11:20,183 - INFO - [global] needs_update: local=(5, 7, 1) remote=(5, 9, 0) -> has_update=True
2026-09-17 01:11:20,183 - INFO - [global] Доступна обнова! Спавню кнопку
2026-09-17 01:11:45,724 - INFO - [global] LogUploader: запускаю upload_run_logs...
2026-09-17 01:11:45,725 - DEBUG - [global] log_uploader: START window=periodic made=-1 token=...Rjnfq
2026-09-17 01:11:46,799 - DEBUG - [global] _api_put: GET runs/20260917_011145_fail_periodic.log -> 404
2026-09-17 01:11:48,244 - DEBUG - [global] _api_put: PUT runs/20260917_011145_fail_periodic.log -> 201 (8836 bytes)
2026-09-17 01:11:48,246 - DEBUG - [global] log_uploader: STEP 1 (window log) -> https://github.com/StarateJI/L2Mauto/blob/bot-logs/runs/20260917_011145_fail_periodic.log
2026-09-17 01:11:48,246 - DEBUG - [global] log_uploader: STEP 2 SKIP (no PNGs)
2026-09-17 01:11:49,196 - DEBUG - [global] _api_put: GET runs/20260917_011145_fail_global.log -> 404
2026-09-17 01:11:50,201 - INFO - [global] Проверяю обновы...
2026-09-17 01:11:50,842 - DEBUG - [global] needs_update: raw → 5.9.0
2026-09-17 01:11:51,529 - DEBUG - [global] needs_update: API failed: HTTPError: 403 Client Error: rate limit exceeded for url: https://api.github.com/repos/StarateJI/L2Mauto/contents/bot/version.txt?ref=main
2026-09-17 01:11:51,747 - DEBUG - [global] _api_put: PUT runs/20260917_011145_fail_global.log -> 201 (21693 bytes)
2026-09-17 01:11:51,750 - DEBUG - [global] log_uploader: STEP 3 (global log) -> https://github.com/StarateJI/L2Mauto/blob/bot-logs/runs/20260917_011145_fail_global.log
2026-09-17 01:11:51,750 - DEBUG - [global] log_uploader: END window=periodic
2026-09-17 01:11:51,750 - INFO - [global] LogUploader: upload_run_logs завершён
2026-09-17 01:11:52,211 - DEBUG - [global] needs_update: jsdelivr → 5.9.0
2026-09-17 01:11:52,211 - DEBUG - [global] needs_update: лучший источник raw → 5.9.0 (из 2)
2026-09-17 01:11:52,213 - INFO - [global] needs_update: local=(5, 7, 1) remote=(5, 9, 0) -> has_update=True
2026-09-17 01:11:52,213 - INFO - [global] Доступна обнова! Спавню кнопку
2026-09-17 01:12:22,226 - INFO - [global] Проверяю обновы...
2026-09-17 01:12:22,908 - DEBUG - [global] needs_update: raw → 5.9.0
2026-09-17 01:12:23,583 - DEBUG - [global] needs_update: API failed: HTTPError: 403 Client Error: rate limit exceeded for url: https://api.github.com/repos/StarateJI/L2Mauto/contents/bot/version.txt?ref=main
2026-09-17 01:12:24,305 - DEBUG - [global] needs_update: jsdelivr → 5.9.0
2026-09-17 01:12:24,305 - DEBUG - [global] needs_update: лучший источник raw → 5.9.0 (из 2)
2026-09-17 01:12:24,307 - INFO - [global] needs_update: local=(5, 7, 1) remote=(5, 9, 0) -> has_update=True
2026-09-17 01:12:24,308 - INFO - [global] Доступна обнова! Спавню кнопку
2026-09-17 01:12:51,786 - INFO - [global] LogUploader: запускаю upload_run_logs...
2026-09-17 01:12:51,787 - DEBUG - [global] log_uploader: START window=periodic made=-1 token=...Rjnfq
2026-09-17 01:12:52,727 - DEBUG - [global] _api_put: GET runs/20260917_011251_fail_periodic.log -> 404
2026-09-17 01:12:54,325 - DEBUG - [global] _api_put: PUT runs/20260917_011251_fail_periodic.log -> 201 (8836 bytes)
2026-09-17 01:12:54,328 - DEBUG - [global] log_uploader: STEP 1 (window log) -> https://github.com/StarateJI/L2Mauto/blob/bot-logs/runs/20260917_011251_fail_periodic.log
2026-09-17 01:12:54,328 - INFO - [global] Проверяю обновы...
2026-09-17 01:12:54,328 - DEBUG - [global] log_uploader: STEP 2 SKIP (no PNGs)
2026-09-17 01:12:55,176 - DEBUG - [global] needs_update: raw → 5.9.0
2026-09-17 01:12:55,456 - DEBUG - [global] _api_put: GET runs/20260917_011251_fail_global.log -> 404
2026-09-17 01:12:55,908 - DEBUG - [global] needs_update: API failed: HTTPError: 403 Client Error: rate limit exceeded for url: https://api.github.com/repos/StarateJI/L2Mauto/contents/bot/version.txt?ref=main
2026-09-17 01:12:56,584 - DEBUG - [global] needs_update: jsdelivr → 5.9.0
2026-09-17 01:12:56,584 - DEBUG - [global] needs_update: лучший источник raw → 5.9.0 (из 2)
2026-09-17 01:12:56,586 - INFO - [global] needs_update: local=(5, 7, 1) remote=(5, 9, 0) -> has_update=True
2026-09-17 01:12:56,586 - INFO - [global] Доступна обнова! Спавню кнопку
2026-09-17 01:12:57,129 - DEBUG - [global] _api_put: PUT runs/20260917_011251_fail_global.log -> 201 (21667 bytes)
2026-09-17 01:12:57,132 - DEBUG - [global] log_uploader: STEP 3 (global log) -> https://github.com/StarateJI/L2Mauto/blob/bot-logs/runs/20260917_011251_fail_global.log
2026-09-17 01:12:57,132 - DEBUG - [global] log_uploader: END window=periodic
2026-09-17 01:12:57,132 - INFO - [global] LogUploader: upload_run_logs завершён
2026-09-17 01:13:26,599 - INFO - [global] Проверяю обновы...
2026-09-17 01:13:27,262 - DEBUG - [global] needs_update: raw → 5.9.0
2026-09-17 01:13:27,931 - DEBUG - [global] needs_update: API failed: HTTPError: 403 Client Error: rate limit exceeded for url: https://api.github.com/repos/StarateJI/L2Mauto/contents/bot/version.txt?ref=main
2026-09-17 01:13:28,592 - DEBUG - [global] needs_update: jsdelivr → 5.9.0
2026-09-17 01:13:28,593 - DEBUG - [global] needs_update: лучший источник raw → 5.9.0 (из 2)
2026-09-17 01:13:28,595 - INFO - [global] needs_update: local=(5, 7, 1) remote=(5, 9, 0) -> has_update=True
2026-09-17 01:13:28,595 - INFO - [global] Доступна обнова! Спавню кнопку
2026-09-17 01:13:57,161 - INFO - [global] LogUploader: запускаю upload_run_logs...
2026-09-17 01:13:57,162 - DEBUG - [global] log_uploader: START window=periodic made=-1 token=...Rjnfq
2026-09-17 01:13:58,055 - DEBUG - [global] _api_put: GET runs/20260917_011357_fail_periodic.log -> 404
2026-09-17 01:13:58,613 - INFO - [global] Проверяю обновы...
2026-09-17 01:13:59,272 - DEBUG - [global] needs_update: raw → 5.9.0
2026-09-17 01:13:59,575 - DEBUG - [global] _api_put: PUT runs/20260917_011357_fail_periodic.log -> 201 (8836 bytes)
2026-09-17 01:13:59,577 - DEBUG - [global] log_uploader: STEP 1 (window log) -> https://github.com/StarateJI/L2Mauto/blob/bot-logs/runs/20260917_011357_fail_periodic.log
2026-09-17 01:13:59,578 - DEBUG - [global] log_uploader: STEP 2 SKIP (no PNGs)
2026-09-17 01:13:59,999 - DEBUG - [global] needs_update: API failed: HTTPError: 403 Client Error: rate limit exceeded for url: https://api.github.com/repos/StarateJI/L2Mauto/contents/bot/version.txt?ref=main
2026-09-17 01:14:00,579 - DEBUG - [global] _api_put: GET runs/20260917_011357_fail_global.log -> 404
2026-09-17 01:14:00,710 - DEBUG - [global] needs_update: jsdelivr → 5.9.0
2026-09-17 01:14:00,710 - DEBUG - [global] needs_update: лучший источник raw → 5.9.0 (из 2)
2026-09-17 01:14:00,712 - INFO - [global] needs_update: local=(5, 7, 1) remote=(5, 9, 0) -> has_update=True
2026-09-17 01:14:00,712 - INFO - [global] Доступна обнова! Спавню кнопку
2026-09-17 01:14:02,092 - DEBUG - [global] _api_put: PUT runs/20260917_011357_fail_global.log -> 201 (21623 bytes)
2026-09-17 01:14:02,094 - DEBUG - [global] log_uploader: STEP 3 (global log) -> https://github.com/StarateJI/L2Mauto/blob/bot-logs/runs/20260917_011357_fail_global.log
2026-09-17 01:14:02,094 - DEBUG - [global] log_uploader: END window=periodic
2026-09-17 01:14:02,094 - INFO - [global] LogUploader: upload_run_logs завершён
2026-09-17 01:14:30,728 - INFO - [global] Проверяю обновы...
2026-09-17 01:14:31,418 - DEBUG - [global] needs_update: raw → 5.9.0
2026-09-17 01:14:32,123 - DEBUG - [global] needs_update: API failed: HTTPError: 403 Client Error: rate limit exceeded for url: https://api.github.com/repos/StarateJI/L2Mauto/contents/bot/version.txt?ref=main
2026-09-17 01:14:32,786 - DEBUG - [global] needs_update: jsdelivr → 5.9.0
2026-09-17 01:14:32,786 - DEBUG - [global] needs_update: лучший источник raw → 5.9.0 (из 2)
2026-09-17 01:14:32,789 - INFO - [global] needs_update: local=(5, 7, 1) remote=(5, 9, 0) -> has_update=True
2026-09-17 01:14:32,789 - INFO - [global] Доступна обнова! Спавню кнопку
2026-09-17 01:15:02,120 - INFO - [global] LogUploader: запускаю upload_run_logs...
2026-09-17 01:15:02,121 - DEBUG - [global] log_uploader: START window=periodic made=-1 token=...Rjnfq
2026-09-17 01:15:02,805 - INFO - [global] Проверяю обновы...
2026-09-17 01:15:03,212 - DEBUG - [global] _api_put: GET runs/20260917_011502_fail_periodic.log -> 404
2026-09-17 01:15:03,524 - DEBUG - [global] needs_update: raw → 5.9.0
2026-09-17 01:15:04,275 - DEBUG - [global] needs_update: API failed: HTTPError: 403 Client Error: rate limit exceeded for url: https://api.github.com/repos/StarateJI/L2Mauto/contents/bot/version.txt?ref=main
2026-09-17 01:15:04,866 - DEBUG - [global] _api_put: PUT runs/20260917_011502_fail_periodic.log -> 201 (8836 bytes)
2026-09-17 01:15:04,867 - DEBUG - [global] log_uploader: STEP 1 (window log) -> https://github.com/StarateJI/L2Mauto/blob/bot-logs/runs/20260917_011502_fail_periodic.log
2026-09-17 01:15:04,868 - DEBUG - [global] log_uploader: STEP 2 SKIP (no PNGs)
2026-09-17 01:15:04,918 - DEBUG - [global] needs_update: jsdelivr → 5.9.0
2026-09-17 01:15:04,918 - DEBUG - [global] needs_update: лучший источник raw → 5.9.0 (из 2)
2026-09-17 01:15:04,919 - INFO - [global] needs_update: local=(5, 7, 1) remote=(5, 9, 0) -> has_update=True
2026-09-17 01:15:04,919 - INFO - [global] Доступна обнова! Спавню кнопку
2026-09-17 01:15:05,795 - DEBUG - [global] _api_put: GET runs/20260917_011502_fail_global.log -> 404
2026-09-17 01:15:07,413 - DEBUG - [global] _api_put: PUT runs/20260917_011502_fail_global.log -> 201 (21745 bytes)
2026-09-17 01:15:07,416 - DEBUG - [global] log_uploader: STEP 3 (global log) -> https://github.com/StarateJI/L2Mauto/blob/bot-logs/runs/20260917_011502_fail_global.log
2026-09-17 01:15:07,417 - DEBUG - [global] log_uploader: END window=periodic
2026-09-17 01:15:07,417 - INFO - [global] LogUploader: upload_run_logs завершён
2026-09-17 01:15:34,937 - INFO - [global] Проверяю обновы...
2026-09-17 01:15:35,601 - DEBUG - [global] needs_update: raw → 5.9.0
2026-09-17 01:15:36,315 - DEBUG - [global] needs_update: API failed: HTTPError: 403 Client Error: rate limit exceeded for url: https://api.github.com/repos/StarateJI/L2Mauto/contents/bot/version.txt?ref=main
2026-09-17 01:15:36,945 - DEBUG - [global] needs_update: jsdelivr → 5.9.0
2026-09-17 01:15:36,945 - DEBUG - [global] needs_update: лучший источник raw → 5.9.0 (из 2)
2026-09-17 01:15:36,947 - INFO - [global] needs_update: local=(5, 7, 1) remote=(5, 9, 0) -> has_update=True
2026-09-17 01:15:36,947 - INFO - [global] Доступна обнова! Спавню кнопку
2026-09-17 01:16:06,963 - INFO - [global] Проверяю обновы...
2026-09-17 01:16:07,449 - INFO - [global] LogUploader: запускаю upload_run_logs...
2026-09-17 01:16:07,449 - DEBUG - [global] log_uploader: START window=periodic made=-1 token=...Rjnfq
2026-09-17 01:16:08,157 - DEBUG - [global] needs_update: raw → 5.9.0
2026-09-17 01:16:08,352 - DEBUG - [global] _api_put: GET runs/20260917_011607_fail_periodic.log -> 404
2026-09-17 01:16:09,011 - DEBUG - [global] needs_update: API failed: HTTPError: 403 Client Error: rate limit exceeded for url: https://api.github.com/repos/StarateJI/L2Mauto/contents/bot/version.txt?ref=main
2026-09-17 01:16:09,628 - DEBUG - [global] needs_update: jsdelivr → 5.9.0
2026-09-17 01:16:09,628 - DEBUG - [global] needs_update: лучший источник raw → 5.9.0 (из 2)
2026-09-17 01:16:09,631 - INFO - [global] needs_update: local=(5, 7, 1) remote=(5, 9, 0) -> has_update=True
2026-09-17 01:16:09,631 - INFO - [global] Доступна обнова! Спавню кнопку
2026-09-17 01:16:10,060 - DEBUG - [global] _api_put: PUT runs/20260917_011607_fail_periodic.log -> 201 (8836 bytes)
2026-09-17 01:16:10,063 - DEBUG - [global] log_uploader: STEP 1 (window log) -> https://github.com/StarateJI/L2Mauto/blob/bot-logs/runs/20260917_011607_fail_periodic.log
2026-09-17 01:16:10,063 - DEBUG - [global] log_uploader: STEP 2 SKIP (no PNGs)
2026-09-17 01:16:11,023 - DEBUG - [global] _api_put: GET runs/20260917_011607_fail_global.log -> 404
2026-09-17 01:16:12,936 - DEBUG - [global] _api_put: PUT runs/20260917_011607_fail_global.log -> 201 (21745 bytes)
2026-09-17 01:16:12,938 - DEBUG - [global] log_uploader: STEP 3 (global log) -> https://github.com/StarateJI/L2Mauto/blob/bot-logs/runs/20260917_011607_fail_global.log
2026-09-17 01:16:12,938 - DEBUG - [global] log_uploader: END window=periodic
2026-09-17 01:16:12,938 - INFO - [global] LogUploader: upload_run_logs завершён
2026-09-17 01:16:39,651 - INFO - [global] Проверяю обновы...
2026-09-17 01:16:40,306 - DEBUG - [global] needs_update: raw → 5.9.0
2026-09-17 01:16:41,001 - DEBUG - [global] needs_update: API failed: HTTPError: 403 Client Error: rate limit exceeded for url: https://api.github.com/repos/StarateJI/L2Mauto/contents/bot/version.txt?ref=main
2026-09-17 01:16:41,566 - DEBUG - [global] needs_update: jsdelivr → 5.9.0
2026-09-17 01:16:41,566 - DEBUG - [global] needs_update: лучший источник raw → 5.9.0 (из 2)
2026-09-17 01:16:41,569 - INFO - [global] needs_update: local=(5, 7, 1) remote=(5, 9, 0) -> has_update=True
2026-09-17 01:16:41,569 - INFO - [global] Доступна обнова! Спавню кнопку
2026-09-17 01:17:11,586 - INFO - [global] Проверяю обновы...
2026-09-17 01:17:12,247 - DEBUG - [global] needs_update: raw → 5.9.0
2026-09-17 01:17:12,939 - DEBUG - [global] needs_update: API failed: HTTPError: 403 Client Error: rate limit exceeded for url: https://api.github.com/repos/StarateJI/L2Mauto/contents/bot/version.txt?ref=main
2026-09-17 01:17:12,975 - INFO - [global] LogUploader: запускаю upload_run_logs...
2026-09-17 01:17:12,976 - DEBUG - [global] log_uploader: START window=periodic made=-1 token=...Rjnfq
2026-09-17 01:17:13,639 - DEBUG - [global] needs_update: jsdelivr → 5.9.0
2026-09-17 01:17:13,639 - DEBUG - [global] needs_update: лучший источник raw → 5.9.0 (из 2)
2026-09-17 01:17:13,640 - INFO - [global] needs_update: local=(5, 7, 1) remote=(5, 9, 0) -> has_update=True
2026-09-17 01:17:13,640 - INFO - [global] Доступна обнова! Спавню кнопку
2026-09-17 01:17:13,986 - DEBUG - [global] _api_put: GET runs/20260917_011712_fail_periodic.log -> 404
2026-09-17 01:17:15,633 - DEBUG - [global] _api_put: PUT runs/20260917_011712_fail_periodic.log -> 201 (8836 bytes)
2026-09-17 01:17:15,634 - DEBUG - [global] log_uploader: STEP 1 (window log) -> https://github.com/StarateJI/L2Mauto/blob/bot-logs/runs/20260917_011712_fail_periodic.log
2026-09-17 01:17:15,634 - DEBUG - [global] log_uploader: STEP 2 SKIP (no PNGs)
