=== Log tail 2026-09-30T22:19:58.610220 | last 200 lines ===
2026-09-30 22:11:03,257 - DEBUG - [global] _api_put: GET runs/20260930_221102_fail_periodic.log -> 404
2026-09-30 22:11:05,548 - DEBUG - [global] _api_put: PUT runs/20260930_221102_fail_periodic.log -> 201 (12833 bytes)
2026-09-30 22:11:05,550 - DEBUG - [global] log_uploader: STEP 1 (window log) -> https://github.com/StarateJI/L2Mauto/blob/bot-logs/runs/20260930_221102_fail_periodic.log
2026-09-30 22:11:05,551 - DEBUG - [global] log_uploader: STEP 2 SKIP (no PNGs)
2026-09-30 22:11:05,818 - INFO - [global] Проверяю обновы...
2026-09-30 22:11:06,687 - DEBUG - [global] _api_put: GET runs/20260930_221102_fail_global.log -> 404
2026-09-30 22:11:06,765 - DEBUG - [global] needs_update: raw → 5.13.09
2026-09-30 22:11:06,973 - DEBUG - [global] needs_update: API → 5.13.09
2026-09-30 22:11:06,974 - DEBUG - [global] needs_update: лучший источник raw → 5.13.09 (из 2)
2026-09-30 22:11:06,974 - INFO - [global] needs_update: local=(5, 13, 7) remote=(5, 13, 9) -> has_update=True
2026-09-30 22:11:06,974 - INFO - [global] Доступна обнова! Спавню кнопку
2026-09-30 22:11:08,939 - DEBUG - [global] _api_put: PUT runs/20260930_221102_fail_global.log -> 201 (20019 bytes)
2026-09-30 22:11:08,941 - DEBUG - [global] log_uploader: STEP 3 (global log) -> https://github.com/StarateJI/L2Mauto/blob/bot-logs/runs/20260930_221102_fail_global.log
2026-09-30 22:11:08,941 - DEBUG - [global] log_uploader: END window=periodic
2026-09-30 22:11:08,941 - INFO - [global] LogUploader: upload_run_logs завершён
2026-09-30 22:11:36,998 - INFO - [global] Проверяю обновы...
2026-09-30 22:11:37,831 - DEBUG - [global] needs_update: raw → 5.13.09
2026-09-30 22:11:38,119 - DEBUG - [global] needs_update: API → 5.13.09
2026-09-30 22:11:38,119 - DEBUG - [global] needs_update: лучший источник raw → 5.13.09 (из 2)
2026-09-30 22:11:38,119 - INFO - [global] needs_update: local=(5, 13, 7) remote=(5, 13, 9) -> has_update=True
2026-09-30 22:11:38,119 - INFO - [global] Доступна обнова! Спавню кнопку
2026-09-30 22:12:08,139 - INFO - [global] Проверяю обновы...
2026-09-30 22:12:08,975 - INFO - [global] LogUploader: запускаю upload_run_logs...
2026-09-30 22:12:08,976 - DEBUG - [global] log_uploader: START window=periodic made=-1 token=...Rjnfq
2026-09-30 22:12:08,984 - DEBUG - [global] needs_update: raw → 5.13.09
2026-09-30 22:12:09,232 - DEBUG - [global] needs_update: API → 5.13.09
2026-09-30 22:12:09,232 - DEBUG - [global] needs_update: лучший источник raw → 5.13.09 (из 2)
2026-09-30 22:12:09,232 - INFO - [global] needs_update: local=(5, 13, 7) remote=(5, 13, 9) -> has_update=True
2026-09-30 22:12:09,233 - INFO - [global] Доступна обнова! Спавню кнопку
2026-09-30 22:12:09,915 - DEBUG - [global] _api_put: GET runs/20260930_221208_fail_periodic.log -> 404
2026-09-30 22:12:12,185 - DEBUG - [global] _api_put: PUT runs/20260930_221208_fail_periodic.log -> 201 (12833 bytes)
2026-09-30 22:12:12,188 - DEBUG - [global] log_uploader: STEP 1 (window log) -> https://github.com/StarateJI/L2Mauto/blob/bot-logs/runs/20260930_221208_fail_periodic.log
2026-09-30 22:12:12,188 - DEBUG - [global] log_uploader: STEP 2 SKIP (no PNGs)
2026-09-30 22:12:13,163 - DEBUG - [global] _api_put: GET runs/20260930_221208_fail_global.log -> 404
2026-09-30 22:12:15,570 - DEBUG - [global] _api_put: PUT runs/20260930_221208_fail_global.log -> 201 (19974 bytes)
2026-09-30 22:12:15,573 - DEBUG - [global] log_uploader: STEP 3 (global log) -> https://github.com/StarateJI/L2Mauto/blob/bot-logs/runs/20260930_221208_fail_global.log
2026-09-30 22:12:15,573 - DEBUG - [global] log_uploader: END window=periodic
2026-09-30 22:12:15,573 - INFO - [global] LogUploader: upload_run_logs завершён
2026-09-30 22:12:39,247 - INFO - [global] Проверяю обновы...
2026-09-30 22:12:40,106 - DEBUG - [global] needs_update: raw → 5.13.09
2026-09-30 22:12:40,307 - DEBUG - [global] needs_update: API → 5.13.09
2026-09-30 22:12:40,307 - DEBUG - [global] needs_update: лучший источник raw → 5.13.09 (из 2)
2026-09-30 22:12:40,308 - INFO - [global] needs_update: local=(5, 13, 7) remote=(5, 13, 9) -> has_update=True
2026-09-30 22:12:40,308 - INFO - [global] Доступна обнова! Спавню кнопку
2026-09-30 22:13:10,325 - INFO - [global] Проверяю обновы...
2026-09-30 22:13:11,398 - DEBUG - [global] needs_update: raw → 5.13.09
2026-09-30 22:13:11,456 - DEBUG - [global] needs_update: API → 5.13.09
2026-09-30 22:13:11,457 - DEBUG - [global] needs_update: лучший источник raw → 5.13.09 (из 2)
2026-09-30 22:13:11,458 - INFO - [global] needs_update: local=(5, 13, 7) remote=(5, 13, 9) -> has_update=True
2026-09-30 22:13:11,458 - INFO - [global] Доступна обнова! Спавню кнопку
2026-09-30 22:13:15,609 - INFO - [global] LogUploader: запускаю upload_run_logs...
2026-09-30 22:13:15,610 - DEBUG - [global] log_uploader: START window=periodic made=-1 token=...Rjnfq
2026-09-30 22:13:16,523 - DEBUG - [global] _api_put: GET runs/20260930_221315_fail_periodic.log -> 404
2026-09-30 22:13:18,797 - DEBUG - [global] _api_put: PUT runs/20260930_221315_fail_periodic.log -> 201 (12833 bytes)
2026-09-30 22:13:18,799 - DEBUG - [global] log_uploader: STEP 1 (window log) -> https://github.com/StarateJI/L2Mauto/blob/bot-logs/runs/20260930_221315_fail_periodic.log
2026-09-30 22:13:18,799 - DEBUG - [global] log_uploader: STEP 2 SKIP (no PNGs)
2026-09-30 22:13:19,780 - DEBUG - [global] _api_put: GET runs/20260930_221315_fail_global.log -> 404
2026-09-30 22:13:22,204 - DEBUG - [global] _api_put: PUT runs/20260930_221315_fail_global.log -> 201 (19974 bytes)
2026-09-30 22:13:22,205 - DEBUG - [global] log_uploader: STEP 3 (global log) -> https://github.com/StarateJI/L2Mauto/blob/bot-logs/runs/20260930_221315_fail_global.log
2026-09-30 22:13:22,205 - DEBUG - [global] log_uploader: END window=periodic
2026-09-30 22:13:22,206 - INFO - [global] LogUploader: upload_run_logs завершён
2026-09-30 22:13:41,481 - INFO - [global] Проверяю обновы...
2026-09-30 22:13:42,365 - DEBUG - [global] needs_update: raw → 5.13.09
2026-09-30 22:13:42,540 - DEBUG - [global] needs_update: API → 5.13.09
2026-09-30 22:13:42,540 - DEBUG - [global] needs_update: лучший источник raw → 5.13.09 (из 2)
2026-09-30 22:13:42,540 - INFO - [global] needs_update: local=(5, 13, 7) remote=(5, 13, 9) -> has_update=True
2026-09-30 22:13:42,540 - INFO - [global] Доступна обнова! Спавню кнопку
2026-09-30 22:14:12,557 - INFO - [global] Проверяю обновы...
2026-09-30 22:14:13,441 - DEBUG - [global] needs_update: raw → 5.13.09
2026-09-30 22:14:13,647 - DEBUG - [global] needs_update: API → 5.13.09
2026-09-30 22:14:13,648 - DEBUG - [global] needs_update: лучший источник raw → 5.13.09 (из 2)
2026-09-30 22:14:13,648 - INFO - [global] needs_update: local=(5, 13, 7) remote=(5, 13, 9) -> has_update=True
2026-09-30 22:14:13,648 - INFO - [global] Доступна обнова! Спавню кнопку
2026-09-30 22:14:22,240 - INFO - [global] LogUploader: запускаю upload_run_logs...
2026-09-30 22:14:22,241 - DEBUG - [global] log_uploader: START window=periodic made=-1 token=...Rjnfq
2026-09-30 22:14:23,182 - DEBUG - [global] _api_put: GET runs/20260930_221422_fail_periodic.log -> 404
2026-09-30 22:14:25,275 - DEBUG - [global] _api_put: PUT runs/20260930_221422_fail_periodic.log -> 201 (12833 bytes)
2026-09-30 22:14:25,277 - DEBUG - [global] log_uploader: STEP 1 (window log) -> https://github.com/StarateJI/L2Mauto/blob/bot-logs/runs/20260930_221422_fail_periodic.log
2026-09-30 22:14:25,278 - DEBUG - [global] log_uploader: STEP 2 SKIP (no PNGs)
2026-09-30 22:14:26,286 - DEBUG - [global] _api_put: GET runs/20260930_221422_fail_global.log -> 404
2026-09-30 22:14:29,253 - DEBUG - [global] _api_put: PUT runs/20260930_221422_fail_global.log -> 201 (19974 bytes)
2026-09-30 22:14:29,254 - DEBUG - [global] log_uploader: STEP 3 (global log) -> https://github.com/StarateJI/L2Mauto/blob/bot-logs/runs/20260930_221422_fail_global.log
2026-09-30 22:14:29,255 - DEBUG - [global] log_uploader: END window=periodic
2026-09-30 22:14:29,255 - INFO - [global] LogUploader: upload_run_logs завершён
2026-09-30 22:14:43,664 - INFO - [global] Проверяю обновы...
2026-09-30 22:14:44,518 - DEBUG - [global] needs_update: raw → 5.13.09
2026-09-30 22:14:44,702 - DEBUG - [global] needs_update: API → 5.13.09
2026-09-30 22:14:44,702 - DEBUG - [global] needs_update: лучший источник raw → 5.13.09 (из 2)
2026-09-30 22:14:44,702 - INFO - [global] needs_update: local=(5, 13, 7) remote=(5, 13, 9) -> has_update=True
2026-09-30 22:14:44,702 - INFO - [global] Доступна обнова! Спавню кнопку
2026-09-30 22:15:14,717 - INFO - [global] Проверяю обновы...
2026-09-30 22:15:15,566 - DEBUG - [global] needs_update: raw → 5.13.09
2026-09-30 22:15:15,847 - DEBUG - [global] needs_update: API → 5.13.09
2026-09-30 22:15:15,849 - DEBUG - [global] needs_update: лучший источник raw → 5.13.09 (из 2)
2026-09-30 22:15:15,849 - INFO - [global] needs_update: local=(5, 13, 7) remote=(5, 13, 9) -> has_update=True
2026-09-30 22:15:15,849 - INFO - [global] Доступна обнова! Спавню кнопку
2026-09-30 22:15:29,297 - INFO - [global] LogUploader: запускаю upload_run_logs...
2026-09-30 22:15:29,298 - DEBUG - [global] log_uploader: START window=periodic made=-1 token=...Rjnfq
2026-09-30 22:15:30,286 - DEBUG - [global] _api_put: GET runs/20260930_221529_fail_periodic.log -> 404
2026-09-30 22:15:32,687 - DEBUG - [global] _api_put: PUT runs/20260930_221529_fail_periodic.log -> 201 (12833 bytes)
2026-09-30 22:15:32,689 - DEBUG - [global] log_uploader: STEP 1 (window log) -> https://github.com/StarateJI/L2Mauto/blob/bot-logs/runs/20260930_221529_fail_periodic.log
2026-09-30 22:15:32,689 - DEBUG - [global] log_uploader: STEP 2 SKIP (no PNGs)
2026-09-30 22:15:33,687 - DEBUG - [global] _api_put: GET runs/20260930_221529_fail_global.log -> 404
2026-09-30 22:15:35,887 - DEBUG - [global] _api_put: PUT runs/20260930_221529_fail_global.log -> 201 (20019 bytes)
2026-09-30 22:15:35,889 - DEBUG - [global] log_uploader: STEP 3 (global log) -> https://github.com/StarateJI/L2Mauto/blob/bot-logs/runs/20260930_221529_fail_global.log
2026-09-30 22:15:35,889 - DEBUG - [global] log_uploader: END window=periodic
2026-09-30 22:15:35,889 - INFO - [global] LogUploader: upload_run_logs завершён
2026-09-30 22:15:45,866 - INFO - [global] Проверяю обновы...
2026-09-30 22:15:46,687 - DEBUG - [global] needs_update: raw → 5.13.09
2026-09-30 22:15:46,985 - DEBUG - [global] needs_update: API → 5.13.09
2026-09-30 22:15:46,986 - DEBUG - [global] needs_update: лучший источник raw → 5.13.09 (из 2)
2026-09-30 22:15:46,986 - INFO - [global] needs_update: local=(5, 13, 7) remote=(5, 13, 9) -> has_update=True
2026-09-30 22:15:46,986 - INFO - [global] Доступна обнова! Спавню кнопку
2026-09-30 22:16:17,000 - INFO - [global] Проверяю обновы...
2026-09-30 22:16:17,885 - DEBUG - [global] needs_update: raw → 5.13.09
2026-09-30 22:16:18,071 - DEBUG - [global] needs_update: API → 5.13.09
2026-09-30 22:16:18,071 - DEBUG - [global] needs_update: лучший источник raw → 5.13.09 (из 2)
2026-09-30 22:16:18,071 - INFO - [global] needs_update: local=(5, 13, 7) remote=(5, 13, 9) -> has_update=True
2026-09-30 22:16:18,071 - INFO - [global] Доступна обнова! Спавню кнопку
2026-09-30 22:16:35,931 - INFO - [global] LogUploader: запускаю upload_run_logs...
2026-09-30 22:16:35,932 - DEBUG - [global] log_uploader: START window=periodic made=-1 token=...Rjnfq
2026-09-30 22:16:36,939 - DEBUG - [global] _api_put: GET runs/20260930_221635_fail_periodic.log -> 404
2026-09-30 22:16:39,460 - DEBUG - [global] _api_put: PUT runs/20260930_221635_fail_periodic.log -> 201 (12833 bytes)
2026-09-30 22:16:39,462 - DEBUG - [global] log_uploader: STEP 1 (window log) -> https://github.com/StarateJI/L2Mauto/blob/bot-logs/runs/20260930_221635_fail_periodic.log
2026-09-30 22:16:39,463 - DEBUG - [global] log_uploader: STEP 2 SKIP (no PNGs)
2026-09-30 22:16:40,490 - DEBUG - [global] _api_put: GET runs/20260930_221635_fail_global.log -> 404
2026-09-30 22:16:42,729 - DEBUG - [global] _api_put: PUT runs/20260930_221635_fail_global.log -> 201 (20019 bytes)
2026-09-30 22:16:42,732 - DEBUG - [global] log_uploader: STEP 3 (global log) -> https://github.com/StarateJI/L2Mauto/blob/bot-logs/runs/20260930_221635_fail_global.log
2026-09-30 22:16:42,732 - DEBUG - [global] log_uploader: END window=periodic
2026-09-30 22:16:42,732 - INFO - [global] LogUploader: upload_run_logs завершён
2026-09-30 22:16:48,091 - INFO - [global] Проверяю обновы...
2026-09-30 22:16:48,938 - DEBUG - [global] needs_update: raw → 5.13.09
2026-09-30 22:16:49,184 - DEBUG - [global] needs_update: API → 5.13.09
2026-09-30 22:16:49,184 - DEBUG - [global] needs_update: лучший источник raw → 5.13.09 (из 2)
2026-09-30 22:16:49,185 - INFO - [global] needs_update: local=(5, 13, 7) remote=(5, 13, 9) -> has_update=True
2026-09-30 22:16:49,185 - INFO - [global] Доступна обнова! Спавню кнопку
2026-09-30 22:17:19,205 - INFO - [global] Проверяю обновы...
2026-09-30 22:17:20,051 - DEBUG - [global] needs_update: raw → 5.13.09
2026-09-30 22:17:20,269 - DEBUG - [global] needs_update: API → 5.13.09
2026-09-30 22:17:20,269 - DEBUG - [global] needs_update: лучший источник raw → 5.13.09 (из 2)
2026-09-30 22:17:20,269 - INFO - [global] needs_update: local=(5, 13, 7) remote=(5, 13, 9) -> has_update=True
2026-09-30 22:17:20,269 - INFO - [global] Доступна обнова! Спавню кнопку
2026-09-30 22:17:42,764 - INFO - [global] LogUploader: запускаю upload_run_logs...
2026-09-30 22:17:42,766 - DEBUG - [global] log_uploader: START window=periodic made=-1 token=...Rjnfq
2026-09-30 22:17:43,748 - DEBUG - [global] _api_put: GET runs/20260930_221742_fail_periodic.log -> 404
2026-09-30 22:17:46,022 - DEBUG - [global] _api_put: PUT runs/20260930_221742_fail_periodic.log -> 201 (12833 bytes)
2026-09-30 22:17:46,024 - DEBUG - [global] log_uploader: STEP 1 (window log) -> https://github.com/StarateJI/L2Mauto/blob/bot-logs/runs/20260930_221742_fail_periodic.log
2026-09-30 22:17:46,024 - DEBUG - [global] log_uploader: STEP 2 SKIP (no PNGs)
2026-09-30 22:17:47,046 - DEBUG - [global] _api_put: GET runs/20260930_221742_fail_global.log -> 404
2026-09-30 22:17:49,287 - DEBUG - [global] _api_put: PUT runs/20260930_221742_fail_global.log -> 201 (20019 bytes)
2026-09-30 22:17:49,290 - DEBUG - [global] log_uploader: STEP 3 (global log) -> https://github.com/StarateJI/L2Mauto/blob/bot-logs/runs/20260930_221742_fail_global.log
2026-09-30 22:17:49,290 - DEBUG - [global] log_uploader: END window=periodic
2026-09-30 22:17:49,290 - INFO - [global] LogUploader: upload_run_logs завершён
2026-09-30 22:17:50,284 - INFO - [global] Проверяю обновы...
2026-09-30 22:17:51,123 - DEBUG - [global] needs_update: raw → 5.13.09
2026-09-30 22:17:51,345 - DEBUG - [global] needs_update: API → 5.13.09
2026-09-30 22:17:51,345 - DEBUG - [global] needs_update: лучший источник raw → 5.13.09 (из 2)
2026-09-30 22:17:51,345 - INFO - [global] needs_update: local=(5, 13, 7) remote=(5, 13, 9) -> has_update=True
2026-09-30 22:17:51,345 - INFO - [global] Доступна обнова! Спавню кнопку
2026-09-30 22:18:21,361 - INFO - [global] Проверяю обновы...
2026-09-30 22:18:22,197 - DEBUG - [global] needs_update: raw → 5.13.09
2026-09-30 22:18:22,431 - DEBUG - [global] needs_update: API → 5.13.09
2026-09-30 22:18:22,432 - DEBUG - [global] needs_update: лучший источник raw → 5.13.09 (из 2)
2026-09-30 22:18:22,432 - INFO - [global] needs_update: local=(5, 13, 7) remote=(5, 13, 9) -> has_update=True
2026-09-30 22:18:22,432 - INFO - [global] Доступна обнова! Спавню кнопку
2026-09-30 22:18:49,327 - INFO - [global] LogUploader: запускаю upload_run_logs...
2026-09-30 22:18:49,328 - DEBUG - [global] log_uploader: START window=periodic made=-1 token=...Rjnfq
2026-09-30 22:18:50,250 - DEBUG - [global] _api_put: GET runs/20260930_221849_fail_periodic.log -> 404
2026-09-30 22:18:52,293 - DEBUG - [global] _api_put: PUT runs/20260930_221849_fail_periodic.log -> 201 (12833 bytes)
2026-09-30 22:18:52,295 - DEBUG - [global] log_uploader: STEP 1 (window log) -> https://github.com/StarateJI/L2Mauto/blob/bot-logs/runs/20260930_221849_fail_periodic.log
2026-09-30 22:18:52,296 - DEBUG - [global] log_uploader: STEP 2 SKIP (no PNGs)
2026-09-30 22:18:52,447 - INFO - [global] Проверяю обновы...
2026-09-30 22:18:53,408 - DEBUG - [global] needs_update: raw → 5.13.09
2026-09-30 22:18:53,497 - DEBUG - [global] _api_put: GET runs/20260930_221849_fail_global.log -> 404
2026-09-30 22:18:53,625 - DEBUG - [global] needs_update: API → 5.13.09
2026-09-30 22:18:53,625 - DEBUG - [global] needs_update: лучший источник raw → 5.13.09 (из 2)
2026-09-30 22:18:53,625 - INFO - [global] needs_update: local=(5, 13, 7) remote=(5, 13, 9) -> has_update=True
2026-09-30 22:18:53,625 - INFO - [global] Доступна обнова! Спавню кнопку
2026-09-30 22:18:55,653 - DEBUG - [global] _api_put: PUT runs/20260930_221849_fail_global.log -> 201 (20019 bytes)
2026-09-30 22:18:55,656 - DEBUG - [global] log_uploader: STEP 3 (global log) -> https://github.com/StarateJI/L2Mauto/blob/bot-logs/runs/20260930_221849_fail_global.log
2026-09-30 22:18:55,656 - DEBUG - [global] log_uploader: END window=periodic
2026-09-30 22:18:55,656 - INFO - [global] LogUploader: upload_run_logs завершён
2026-09-30 22:19:23,645 - INFO - [global] Проверяю обновы...
2026-09-30 22:19:24,493 - DEBUG - [global] needs_update: raw → 5.13.09
2026-09-30 22:19:24,700 - DEBUG - [global] needs_update: API → 5.13.09
2026-09-30 22:19:24,700 - DEBUG - [global] needs_update: лучший источник raw → 5.13.09 (из 2)
2026-09-30 22:19:24,700 - INFO - [global] needs_update: local=(5, 13, 7) remote=(5, 13, 9) -> has_update=True
2026-09-30 22:19:24,700 - INFO - [global] Доступна обнова! Спавню кнопку
2026-09-30 22:19:54,719 - INFO - [global] Проверяю обновы...
2026-09-30 22:19:55,598 - DEBUG - [global] needs_update: raw → 5.13.09
2026-09-30 22:19:55,687 - INFO - [global] LogUploader: запускаю upload_run_logs...
2026-09-30 22:19:55,687 - DEBUG - [global] log_uploader: START window=periodic made=-1 token=...Rjnfq
2026-09-30 22:19:55,856 - DEBUG - [global] needs_update: API → 5.13.09
2026-09-30 22:19:55,856 - DEBUG - [global] needs_update: лучший источник raw → 5.13.09 (из 2)
2026-09-30 22:19:55,856 - INFO - [global] needs_update: local=(5, 13, 7) remote=(5, 13, 9) -> has_update=True
2026-09-30 22:19:55,856 - INFO - [global] Доступна обнова! Спавню кнопку
2026-09-30 22:19:56,619 - DEBUG - [global] _api_put: GET runs/20260930_221955_fail_periodic.log -> 404
2026-09-30 22:19:58,540 - DEBUG - [global] _api_put: PUT runs/20260930_221955_fail_periodic.log -> 201 (12833 bytes)
2026-09-30 22:19:58,543 - DEBUG - [global] log_uploader: STEP 1 (window log) -> https://github.com/StarateJI/L2Mauto/blob/bot-logs/runs/20260930_221955_fail_periodic.log
2026-09-30 22:19:58,544 - DEBUG - [global] log_uploader: STEP 2 SKIP (no PNGs)
