=== Log tail 2026-09-28T15:23:09.903647 | last 200 lines ===
2026-09-28 15:13:42,831 - DEBUG - [global] needs_update: лучший источник raw → 5.13.09 (из 2)
2026-09-28 15:13:42,831 - INFO - [global] needs_update: local=(5, 13, 7) remote=(5, 13, 9) -> has_update=True
2026-09-28 15:13:42,831 - INFO - [global] Доступна обнова! Спавню кнопку
2026-09-28 15:14:00,059 - INFO - [global] LogUploader: запускаю upload_run_logs...
2026-09-28 15:14:00,063 - DEBUG - [global] log_uploader: START window=periodic made=-1 token=...Rjnfq
2026-09-28 15:14:01,451 - DEBUG - [global] _api_put: GET runs/20260928_151400_fail_periodic.log -> 404
2026-09-28 15:14:04,328 - DEBUG - [global] _api_put: PUT runs/20260928_151400_fail_periodic.log -> 201 (14800 bytes)
2026-09-28 15:14:04,330 - DEBUG - [global] log_uploader: STEP 1 (window log) -> https://github.com/StarateJI/L2Mauto/blob/bot-logs/runs/20260928_151400_fail_periodic.log
2026-09-28 15:14:04,331 - DEBUG - [global] log_uploader: STEP 2 SKIP (no PNGs)
2026-09-28 15:14:05,938 - DEBUG - [global] _api_put: GET runs/20260928_151400_fail_global.log -> 404
2026-09-28 15:14:08,614 - DEBUG - [global] _api_put: PUT runs/20260928_151400_fail_global.log -> 201 (20391 bytes)
2026-09-28 15:14:08,619 - DEBUG - [global] log_uploader: STEP 3 (global log) -> https://github.com/StarateJI/L2Mauto/blob/bot-logs/runs/20260928_151400_fail_global.log
2026-09-28 15:14:08,619 - DEBUG - [global] log_uploader: END window=periodic
2026-09-28 15:14:08,619 - INFO - [global] LogUploader: upload_run_logs завершён
2026-09-28 15:14:13,062 - INFO - [global] Проверяю обновы...
2026-09-28 15:14:14,152 - DEBUG - [global] needs_update: raw → 5.13.09
2026-09-28 15:14:14,491 - DEBUG - [global] needs_update: API → 5.13.09
2026-09-28 15:14:14,496 - DEBUG - [global] needs_update: лучший источник raw → 5.13.09 (из 2)
2026-09-28 15:14:14,496 - INFO - [global] needs_update: local=(5, 13, 7) remote=(5, 13, 9) -> has_update=True
2026-09-28 15:14:14,496 - INFO - [global] Доступна обнова! Спавню кнопку
2026-09-28 15:14:44,798 - INFO - [global] Проверяю обновы...
2026-09-28 15:14:45,982 - DEBUG - [global] needs_update: raw → 5.13.09
2026-09-28 15:14:46,368 - DEBUG - [global] needs_update: API → 5.13.09
2026-09-28 15:14:46,374 - DEBUG - [global] needs_update: лучший источник raw → 5.13.09 (из 2)
2026-09-28 15:14:46,374 - INFO - [global] needs_update: local=(5, 13, 7) remote=(5, 13, 9) -> has_update=True
2026-09-28 15:14:46,374 - INFO - [global] Доступна обнова! Спавню кнопку
2026-09-28 15:15:08,873 - INFO - [global] LogUploader: запускаю upload_run_logs...
2026-09-28 15:15:08,877 - DEBUG - [global] log_uploader: START window=periodic made=-1 token=...Rjnfq
2026-09-28 15:15:10,022 - DEBUG - [global] _api_put: GET runs/20260928_151508_fail_periodic.log -> 404
2026-09-28 15:15:12,178 - DEBUG - [global] _api_put: PUT runs/20260928_151508_fail_periodic.log -> 409 (14800 bytes)
2026-09-28 15:15:12,178 - WARNING - [global] _api_put: PUT failed body: {"message":"is at eaebd63921084bb6133bad95c9a6fff6772b34dd but expected 7a9e15871c439f5f9288afb332c71263926deaee","documentation_url":"https://docs.github.com/rest/repos/contents#create-or-update-file
2026-09-28 15:15:12,181 - DEBUG - [global] log_uploader: STEP 1 (window log) -> FAILED
2026-09-28 15:15:12,182 - DEBUG - [global] log_uploader: STEP 2 SKIP (no PNGs)
2026-09-28 15:15:13,571 - DEBUG - [global] _api_put: GET runs/20260928_151508_fail_global.log -> 404
2026-09-28 15:15:16,118 - DEBUG - [global] _api_put: PUT runs/20260928_151508_fail_global.log -> 201 (20490 bytes)
2026-09-28 15:15:16,124 - DEBUG - [global] log_uploader: STEP 3 (global log) -> https://github.com/StarateJI/L2Mauto/blob/bot-logs/runs/20260928_151508_fail_global.log
2026-09-28 15:15:16,124 - DEBUG - [global] log_uploader: END window=periodic
2026-09-28 15:15:16,125 - INFO - [global] LogUploader: upload_run_logs завершён
2026-09-28 15:15:16,441 - INFO - [global] Проверяю обновы...
2026-09-28 15:15:17,490 - DEBUG - [global] needs_update: raw → 5.13.09
2026-09-28 15:15:17,718 - DEBUG - [global] needs_update: API → 5.13.09
2026-09-28 15:15:17,719 - DEBUG - [global] needs_update: лучший источник raw → 5.13.09 (из 2)
2026-09-28 15:15:17,719 - INFO - [global] needs_update: local=(5, 13, 7) remote=(5, 13, 9) -> has_update=True
2026-09-28 15:15:17,719 - INFO - [global] Доступна обнова! Спавню кнопку
2026-09-28 15:15:47,752 - INFO - [global] Проверяю обновы...
2026-09-28 15:15:48,692 - DEBUG - [global] needs_update: raw → 5.13.09
2026-09-28 15:15:49,087 - DEBUG - [global] needs_update: API → 5.13.09
2026-09-28 15:15:49,087 - DEBUG - [global] needs_update: лучший источник raw → 5.13.09 (из 2)
2026-09-28 15:15:49,087 - INFO - [global] needs_update: local=(5, 13, 7) remote=(5, 13, 9) -> has_update=True
2026-09-28 15:15:49,087 - INFO - [global] Доступна обнова! Спавню кнопку
2026-09-28 15:16:16,181 - INFO - [global] LogUploader: запускаю upload_run_logs...
2026-09-28 15:16:16,182 - DEBUG - [global] log_uploader: START window=periodic made=-1 token=...Rjnfq
2026-09-28 15:16:17,895 - DEBUG - [global] _api_put: GET runs/20260928_151616_fail_periodic.log -> 404
2026-09-28 15:16:19,117 - INFO - [global] Проверяю обновы...
2026-09-28 15:16:20,091 - DEBUG - [global] needs_update: raw → 5.13.09
2026-09-28 15:16:20,428 - DEBUG - [global] _api_put: PUT runs/20260928_151616_fail_periodic.log -> 201 (14800 bytes)
2026-09-28 15:16:20,430 - DEBUG - [global] log_uploader: STEP 1 (window log) -> https://github.com/StarateJI/L2Mauto/blob/bot-logs/runs/20260928_151616_fail_periodic.log
2026-09-28 15:16:20,431 - DEBUG - [global] log_uploader: STEP 2 SKIP (no PNGs)
2026-09-28 15:16:20,440 - DEBUG - [global] needs_update: API → 5.13.09
2026-09-28 15:16:20,440 - DEBUG - [global] needs_update: лучший источник raw → 5.13.09 (из 2)
2026-09-28 15:16:20,440 - INFO - [global] needs_update: local=(5, 13, 7) remote=(5, 13, 9) -> has_update=True
2026-09-28 15:16:20,440 - INFO - [global] Доступна обнова! Спавню кнопку
2026-09-28 15:16:21,943 - DEBUG - [global] _api_put: GET runs/20260928_151616_fail_global.log -> 404
2026-09-28 15:16:24,201 - DEBUG - [global] _api_put: PUT runs/20260928_151616_fail_global.log -> 201 (20360 bytes)
2026-09-28 15:16:24,203 - DEBUG - [global] log_uploader: STEP 3 (global log) -> https://github.com/StarateJI/L2Mauto/blob/bot-logs/runs/20260928_151616_fail_global.log
2026-09-28 15:16:24,204 - DEBUG - [global] log_uploader: END window=periodic
2026-09-28 15:16:24,204 - INFO - [global] LogUploader: upload_run_logs завершён
2026-09-28 15:16:50,460 - INFO - [global] Проверяю обновы...
2026-09-28 15:16:51,342 - DEBUG - [global] needs_update: raw → 5.13.09
2026-09-28 15:16:51,607 - DEBUG - [global] needs_update: API → 5.13.09
2026-09-28 15:16:51,607 - DEBUG - [global] needs_update: лучший источник raw → 5.13.09 (из 2)
2026-09-28 15:16:51,608 - INFO - [global] needs_update: local=(5, 13, 7) remote=(5, 13, 9) -> has_update=True
2026-09-28 15:16:51,608 - INFO - [global] Доступна обнова! Спавню кнопку
2026-09-28 15:17:21,628 - INFO - [global] Проверяю обновы...
2026-09-28 15:17:22,581 - DEBUG - [global] needs_update: raw → 5.13.09
2026-09-28 15:17:22,999 - DEBUG - [global] needs_update: API → 5.13.09
2026-09-28 15:17:22,999 - DEBUG - [global] needs_update: лучший источник raw → 5.13.09 (из 2)
2026-09-28 15:17:23,000 - INFO - [global] needs_update: local=(5, 13, 7) remote=(5, 13, 9) -> has_update=True
2026-09-28 15:17:23,000 - INFO - [global] Доступна обнова! Спавню кнопку
2026-09-28 15:17:24,263 - INFO - [global] LogUploader: запускаю upload_run_logs...
2026-09-28 15:17:24,264 - DEBUG - [global] log_uploader: START window=periodic made=-1 token=...Rjnfq
2026-09-28 15:17:25,487 - DEBUG - [global] _api_put: GET runs/20260928_151724_fail_periodic.log -> 404
2026-09-28 15:17:27,914 - DEBUG - [global] _api_put: PUT runs/20260928_151724_fail_periodic.log -> 201 (14800 bytes)
2026-09-28 15:17:27,918 - DEBUG - [global] log_uploader: STEP 1 (window log) -> https://github.com/StarateJI/L2Mauto/blob/bot-logs/runs/20260928_151724_fail_periodic.log
2026-09-28 15:17:27,918 - DEBUG - [global] log_uploader: STEP 2 SKIP (no PNGs)
2026-09-28 15:17:29,213 - DEBUG - [global] _api_put: GET runs/20260928_151724_fail_global.log -> 404
2026-09-28 15:17:31,850 - DEBUG - [global] _api_put: PUT runs/20260928_151724_fail_global.log -> 201 (20360 bytes)
2026-09-28 15:17:31,853 - DEBUG - [global] log_uploader: STEP 3 (global log) -> https://github.com/StarateJI/L2Mauto/blob/bot-logs/runs/20260928_151724_fail_global.log
2026-09-28 15:17:31,853 - DEBUG - [global] log_uploader: END window=periodic
2026-09-28 15:17:31,853 - INFO - [global] LogUploader: upload_run_logs завершён
2026-09-28 15:17:53,031 - INFO - [global] Проверяю обновы...
2026-09-28 15:17:53,974 - DEBUG - [global] needs_update: raw → 5.13.09
2026-09-28 15:17:54,409 - DEBUG - [global] needs_update: API → 5.13.09
2026-09-28 15:17:54,410 - DEBUG - [global] needs_update: лучший источник raw → 5.13.09 (из 2)
2026-09-28 15:17:54,410 - INFO - [global] needs_update: local=(5, 13, 7) remote=(5, 13, 9) -> has_update=True
2026-09-28 15:17:54,410 - INFO - [global] Доступна обнова! Спавню кнопку
2026-09-28 15:18:24,468 - INFO - [global] Проверяю обновы...
2026-09-28 15:18:25,544 - DEBUG - [global] needs_update: raw → 5.13.09
2026-09-28 15:18:25,930 - DEBUG - [global] needs_update: API → 5.13.09
2026-09-28 15:18:25,931 - DEBUG - [global] needs_update: лучший источник raw → 5.13.09 (из 2)
2026-09-28 15:18:25,932 - INFO - [global] needs_update: local=(5, 13, 7) remote=(5, 13, 9) -> has_update=True
2026-09-28 15:18:25,932 - INFO - [global] Доступна обнова! Спавню кнопку
2026-09-28 15:18:32,086 - INFO - [global] LogUploader: запускаю upload_run_logs...
2026-09-28 15:18:32,089 - DEBUG - [global] log_uploader: START window=periodic made=-1 token=...Rjnfq
2026-09-28 15:18:33,351 - DEBUG - [global] _api_put: GET runs/20260928_151832_fail_periodic.log -> 404
2026-09-28 15:18:35,820 - DEBUG - [global] _api_put: PUT runs/20260928_151832_fail_periodic.log -> 201 (14800 bytes)
2026-09-28 15:18:35,823 - DEBUG - [global] log_uploader: STEP 1 (window log) -> https://github.com/StarateJI/L2Mauto/blob/bot-logs/runs/20260928_151832_fail_periodic.log
2026-09-28 15:18:35,824 - DEBUG - [global] log_uploader: STEP 2 SKIP (no PNGs)
2026-09-28 15:18:37,361 - DEBUG - [global] _api_put: GET runs/20260928_151832_fail_global.log -> 404
2026-09-28 15:18:39,786 - DEBUG - [global] _api_put: PUT runs/20260928_151832_fail_global.log -> 201 (20414 bytes)
2026-09-28 15:18:39,788 - DEBUG - [global] log_uploader: STEP 3 (global log) -> https://github.com/StarateJI/L2Mauto/blob/bot-logs/runs/20260928_151832_fail_global.log
2026-09-28 15:18:39,788 - DEBUG - [global] log_uploader: END window=periodic
2026-09-28 15:18:39,788 - INFO - [global] LogUploader: upload_run_logs завершён
2026-09-28 15:18:56,041 - INFO - [global] Проверяю обновы...
2026-09-28 15:18:57,118 - DEBUG - [global] needs_update: raw → 5.13.09
2026-09-28 15:18:58,578 - DEBUG - [global] needs_update: API → 5.13.09
2026-09-28 15:18:58,579 - DEBUG - [global] needs_update: лучший источник raw → 5.13.09 (из 2)
2026-09-28 15:18:58,580 - INFO - [global] needs_update: local=(5, 13, 7) remote=(5, 13, 9) -> has_update=True
2026-09-28 15:18:58,580 - INFO - [global] Доступна обнова! Спавню кнопку
2026-09-28 15:19:28,762 - INFO - [global] Проверяю обновы...
2026-09-28 15:19:30,161 - DEBUG - [global] needs_update: raw → 5.13.09
2026-09-28 15:19:30,451 - DEBUG - [global] needs_update: API → 5.13.09
2026-09-28 15:19:30,464 - DEBUG - [global] needs_update: лучший источник raw → 5.13.09 (из 2)
2026-09-28 15:19:30,465 - INFO - [global] needs_update: local=(5, 13, 7) remote=(5, 13, 9) -> has_update=True
2026-09-28 15:19:30,465 - INFO - [global] Доступна обнова! Спавню кнопку
2026-09-28 15:19:40,121 - INFO - [global] LogUploader: запускаю upload_run_logs...
2026-09-28 15:19:40,128 - DEBUG - [global] log_uploader: START window=periodic made=-1 token=...Rjnfq
2026-09-28 15:19:41,640 - DEBUG - [global] _api_put: GET runs/20260928_151940_fail_periodic.log -> 404
2026-09-28 15:19:44,132 - DEBUG - [global] _api_put: PUT runs/20260928_151940_fail_periodic.log -> 201 (14800 bytes)
2026-09-28 15:19:44,134 - DEBUG - [global] log_uploader: STEP 1 (window log) -> https://github.com/StarateJI/L2Mauto/blob/bot-logs/runs/20260928_151940_fail_periodic.log
2026-09-28 15:19:44,135 - DEBUG - [global] log_uploader: STEP 2 SKIP (no PNGs)
2026-09-28 15:19:45,497 - DEBUG - [global] _api_put: GET runs/20260928_151940_fail_global.log -> 404
2026-09-28 15:19:47,973 - DEBUG - [global] _api_put: PUT runs/20260928_151940_fail_global.log -> 201 (20389 bytes)
2026-09-28 15:19:47,977 - DEBUG - [global] log_uploader: STEP 3 (global log) -> https://github.com/StarateJI/L2Mauto/blob/bot-logs/runs/20260928_151940_fail_global.log
2026-09-28 15:19:47,977 - DEBUG - [global] log_uploader: END window=periodic
2026-09-28 15:19:47,977 - INFO - [global] LogUploader: upload_run_logs завершён
2026-09-28 15:20:00,748 - INFO - [global] Проверяю обновы...
2026-09-28 15:20:01,727 - DEBUG - [global] needs_update: raw → 5.13.09
2026-09-28 15:20:02,084 - DEBUG - [global] needs_update: API → 5.13.09
2026-09-28 15:20:02,085 - DEBUG - [global] needs_update: лучший источник raw → 5.13.09 (из 2)
2026-09-28 15:20:02,085 - INFO - [global] needs_update: local=(5, 13, 7) remote=(5, 13, 9) -> has_update=True
2026-09-28 15:20:02,086 - INFO - [global] Доступна обнова! Спавню кнопку
2026-09-28 15:20:32,381 - INFO - [global] Проверяю обновы...
2026-09-28 15:20:33,419 - DEBUG - [global] needs_update: raw → 5.13.09
2026-09-28 15:20:33,647 - DEBUG - [global] needs_update: API → 5.13.09
2026-09-28 15:20:33,648 - DEBUG - [global] needs_update: лучший источник raw → 5.13.09 (из 2)
2026-09-28 15:20:33,648 - INFO - [global] needs_update: local=(5, 13, 7) remote=(5, 13, 9) -> has_update=True
2026-09-28 15:20:33,648 - INFO - [global] Доступна обнова! Спавню кнопку
2026-09-28 15:20:48,424 - INFO - [global] LogUploader: запускаю upload_run_logs...
2026-09-28 15:20:48,424 - DEBUG - [global] log_uploader: START window=periodic made=-1 token=...Rjnfq
2026-09-28 15:20:49,885 - DEBUG - [global] _api_put: GET runs/20260928_152048_fail_periodic.log -> 404
2026-09-28 15:20:52,326 - DEBUG - [global] _api_put: PUT runs/20260928_152048_fail_periodic.log -> 201 (14800 bytes)
2026-09-28 15:20:52,330 - DEBUG - [global] log_uploader: STEP 1 (window log) -> https://github.com/StarateJI/L2Mauto/blob/bot-logs/runs/20260928_152048_fail_periodic.log
2026-09-28 15:20:52,330 - DEBUG - [global] log_uploader: STEP 2 SKIP (no PNGs)
2026-09-28 15:20:53,645 - DEBUG - [global] _api_put: GET runs/20260928_152048_fail_global.log -> 404
2026-09-28 15:20:56,324 - DEBUG - [global] _api_put: PUT runs/20260928_152048_fail_global.log -> 201 (20296 bytes)
2026-09-28 15:20:56,327 - DEBUG - [global] log_uploader: STEP 3 (global log) -> https://github.com/StarateJI/L2Mauto/blob/bot-logs/runs/20260928_152048_fail_global.log
2026-09-28 15:20:56,328 - DEBUG - [global] log_uploader: END window=periodic
2026-09-28 15:20:56,328 - INFO - [global] LogUploader: upload_run_logs завершён
2026-09-28 15:21:03,759 - INFO - [global] Проверяю обновы...
2026-09-28 15:21:04,763 - DEBUG - [global] needs_update: raw → 5.13.09
2026-09-28 15:21:05,106 - DEBUG - [global] needs_update: API → 5.13.09
2026-09-28 15:21:05,107 - DEBUG - [global] needs_update: лучший источник raw → 5.13.09 (из 2)
2026-09-28 15:21:05,107 - INFO - [global] needs_update: local=(5, 13, 7) remote=(5, 13, 9) -> has_update=True
2026-09-28 15:21:05,107 - INFO - [global] Доступна обнова! Спавню кнопку
2026-09-28 15:21:35,237 - INFO - [global] Проверяю обновы...
2026-09-28 15:21:36,218 - DEBUG - [global] needs_update: raw → 5.13.09
2026-09-28 15:21:36,461 - DEBUG - [global] needs_update: API → 5.13.09
2026-09-28 15:21:36,462 - DEBUG - [global] needs_update: лучший источник raw → 5.13.09 (из 2)
2026-09-28 15:21:36,462 - INFO - [global] needs_update: local=(5, 13, 7) remote=(5, 13, 9) -> has_update=True
2026-09-28 15:21:36,462 - INFO - [global] Доступна обнова! Спавню кнопку
2026-09-28 15:21:56,552 - INFO - [global] LogUploader: запускаю upload_run_logs...
2026-09-28 15:21:56,553 - DEBUG - [global] log_uploader: START window=periodic made=-1 token=...Rjnfq
2026-09-28 15:21:57,793 - DEBUG - [global] _api_put: GET runs/20260928_152156_fail_periodic.log -> 404
2026-09-28 15:22:00,100 - DEBUG - [global] _api_put: PUT runs/20260928_152156_fail_periodic.log -> 201 (14800 bytes)
2026-09-28 15:22:00,103 - DEBUG - [global] log_uploader: STEP 1 (window log) -> https://github.com/StarateJI/L2Mauto/blob/bot-logs/runs/20260928_152156_fail_periodic.log
2026-09-28 15:22:00,105 - DEBUG - [global] log_uploader: STEP 2 SKIP (no PNGs)
2026-09-28 15:22:01,553 - DEBUG - [global] _api_put: GET runs/20260928_152156_fail_global.log -> 404
2026-09-28 15:22:04,497 - DEBUG - [global] _api_put: PUT runs/20260928_152156_fail_global.log -> 201 (20136 bytes)
2026-09-28 15:22:04,499 - DEBUG - [global] log_uploader: STEP 3 (global log) -> https://github.com/StarateJI/L2Mauto/blob/bot-logs/runs/20260928_152156_fail_global.log
2026-09-28 15:22:04,500 - DEBUG - [global] log_uploader: END window=periodic
2026-09-28 15:22:04,500 - INFO - [global] LogUploader: upload_run_logs завершён
2026-09-28 15:22:06,510 - INFO - [global] Проверяю обновы...
2026-09-28 15:22:07,513 - DEBUG - [global] needs_update: raw → 5.13.09
2026-09-28 15:22:07,969 - DEBUG - [global] needs_update: API → 5.13.09
2026-09-28 15:22:07,969 - DEBUG - [global] needs_update: лучший источник raw → 5.13.09 (из 2)
2026-09-28 15:22:07,969 - INFO - [global] needs_update: local=(5, 13, 7) remote=(5, 13, 9) -> has_update=True
2026-09-28 15:22:07,969 - INFO - [global] Доступна обнова! Спавню кнопку
2026-09-28 15:22:38,362 - INFO - [global] Проверяю обновы...
2026-09-28 15:22:39,565 - DEBUG - [global] needs_update: raw → 5.13.09
2026-09-28 15:22:39,851 - DEBUG - [global] needs_update: API → 5.13.09
2026-09-28 15:22:39,852 - DEBUG - [global] needs_update: лучший источник raw → 5.13.09 (из 2)
2026-09-28 15:22:39,852 - INFO - [global] needs_update: local=(5, 13, 7) remote=(5, 13, 9) -> has_update=True
2026-09-28 15:22:39,852 - INFO - [global] Доступна обнова! Спавню кнопку
2026-09-28 15:23:04,941 - INFO - [global] LogUploader: запускаю upload_run_logs...
2026-09-28 15:23:04,943 - DEBUG - [global] log_uploader: START window=periodic made=-1 token=...Rjnfq
2026-09-28 15:23:06,457 - DEBUG - [global] _api_put: GET runs/20260928_152304_fail_periodic.log -> 404
2026-09-28 15:23:09,783 - DEBUG - [global] _api_put: PUT runs/20260928_152304_fail_periodic.log -> 201 (14800 bytes)
2026-09-28 15:23:09,786 - DEBUG - [global] log_uploader: STEP 1 (window log) -> https://github.com/StarateJI/L2Mauto/blob/bot-logs/runs/20260928_152304_fail_periodic.log
2026-09-28 15:23:09,791 - DEBUG - [global] log_uploader: STEP 2 SKIP (no PNGs)
