=== Log tail 2026-09-27T23:15:20.120103 | last 200 lines ===
2026-09-27 23:06:10,565 - DEBUG - [global] needs_update: API → 5.13.09
2026-09-27 23:06:10,566 - DEBUG - [global] needs_update: лучший источник raw → 5.13.09 (из 2)
2026-09-27 23:06:10,566 - INFO - [global] needs_update: local=(5, 13, 7) remote=(5, 13, 9) -> has_update=True
2026-09-27 23:06:10,566 - INFO - [global] Доступна обнова! Спавню кнопку
2026-09-27 23:06:27,568 - INFO - [global] LogUploader: запускаю upload_run_logs...
2026-09-27 23:06:27,568 - DEBUG - [global] log_uploader: START window=periodic made=-1 token=...Rjnfq
2026-09-27 23:06:28,669 - DEBUG - [global] _api_put: GET runs/20260927_230627_fail_periodic.log -> 404
2026-09-27 23:06:30,891 - DEBUG - [global] _api_put: PUT runs/20260927_230627_fail_periodic.log -> 201 (12001 bytes)
2026-09-27 23:06:30,893 - DEBUG - [global] log_uploader: STEP 1 (window log) -> https://github.com/StarateJI/L2Mauto/blob/bot-logs/runs/20260927_230627_fail_periodic.log
2026-09-27 23:06:30,894 - DEBUG - [global] log_uploader: STEP 2 SKIP (no PNGs)
2026-09-27 23:06:32,037 - DEBUG - [global] _api_put: GET runs/20260927_230627_fail_global.log -> 404
2026-09-27 23:06:33,939 - DEBUG - [global] _api_put: PUT runs/20260927_230627_fail_global.log -> 201 (20136 bytes)
2026-09-27 23:06:33,941 - DEBUG - [global] log_uploader: STEP 3 (global log) -> https://github.com/StarateJI/L2Mauto/blob/bot-logs/runs/20260927_230627_fail_global.log
2026-09-27 23:06:33,941 - DEBUG - [global] log_uploader: END window=periodic
2026-09-27 23:06:33,942 - INFO - [global] LogUploader: upload_run_logs завершён
2026-09-27 23:06:40,589 - INFO - [global] Проверяю обновы...
2026-09-27 23:06:41,505 - DEBUG - [global] needs_update: raw → 5.13.09
2026-09-27 23:06:41,753 - DEBUG - [global] needs_update: API → 5.13.09
2026-09-27 23:06:41,753 - DEBUG - [global] needs_update: лучший источник raw → 5.13.09 (из 2)
2026-09-27 23:06:41,753 - INFO - [global] needs_update: local=(5, 13, 7) remote=(5, 13, 9) -> has_update=True
2026-09-27 23:06:41,753 - INFO - [global] Доступна обнова! Спавню кнопку
2026-09-27 23:07:11,776 - INFO - [global] Проверяю обновы...
2026-09-27 23:07:12,736 - DEBUG - [global] needs_update: raw → 5.13.09
2026-09-27 23:07:12,899 - DEBUG - [global] needs_update: API → 5.13.09
2026-09-27 23:07:12,900 - DEBUG - [global] needs_update: лучший источник raw → 5.13.09 (из 2)
2026-09-27 23:07:12,900 - INFO - [global] needs_update: local=(5, 13, 7) remote=(5, 13, 9) -> has_update=True
2026-09-27 23:07:12,900 - INFO - [global] Доступна обнова! Спавню кнопку
2026-09-27 23:07:33,978 - INFO - [global] LogUploader: запускаю upload_run_logs...
2026-09-27 23:07:33,980 - DEBUG - [global] log_uploader: START window=periodic made=-1 token=...Rjnfq
2026-09-27 23:07:35,026 - DEBUG - [global] _api_put: GET runs/20260927_230733_fail_periodic.log -> 404
2026-09-27 23:07:36,975 - DEBUG - [global] _api_put: PUT runs/20260927_230733_fail_periodic.log -> 201 (12001 bytes)
2026-09-27 23:07:36,978 - DEBUG - [global] log_uploader: STEP 1 (window log) -> https://github.com/StarateJI/L2Mauto/blob/bot-logs/runs/20260927_230733_fail_periodic.log
2026-09-27 23:07:36,978 - DEBUG - [global] log_uploader: STEP 2 SKIP (no PNGs)
2026-09-27 23:07:38,137 - DEBUG - [global] _api_put: GET runs/20260927_230733_fail_global.log -> 404
2026-09-27 23:07:40,316 - DEBUG - [global] _api_put: PUT runs/20260927_230733_fail_global.log -> 201 (20136 bytes)
2026-09-27 23:07:40,318 - DEBUG - [global] log_uploader: STEP 3 (global log) -> https://github.com/StarateJI/L2Mauto/blob/bot-logs/runs/20260927_230733_fail_global.log
2026-09-27 23:07:40,318 - DEBUG - [global] log_uploader: END window=periodic
2026-09-27 23:07:40,318 - INFO - [global] LogUploader: upload_run_logs завершён
2026-09-27 23:07:42,919 - INFO - [global] Проверяю обновы...
2026-09-27 23:07:43,887 - DEBUG - [global] needs_update: raw → 5.13.09
2026-09-27 23:07:44,079 - DEBUG - [global] needs_update: API → 5.13.09
2026-09-27 23:07:44,079 - DEBUG - [global] needs_update: лучший источник raw → 5.13.09 (из 2)
2026-09-27 23:07:44,080 - INFO - [global] needs_update: local=(5, 13, 7) remote=(5, 13, 9) -> has_update=True
2026-09-27 23:07:44,080 - INFO - [global] Доступна обнова! Спавню кнопку
2026-09-27 23:08:14,102 - INFO - [global] Проверяю обновы...
2026-09-27 23:08:15,122 - DEBUG - [global] needs_update: raw → 5.13.09
2026-09-27 23:08:15,281 - DEBUG - [global] needs_update: API → 5.13.09
2026-09-27 23:08:15,281 - DEBUG - [global] needs_update: лучший источник raw → 5.13.09 (из 2)
2026-09-27 23:08:15,281 - INFO - [global] needs_update: local=(5, 13, 7) remote=(5, 13, 9) -> has_update=True
2026-09-27 23:08:15,281 - INFO - [global] Доступна обнова! Спавню кнопку
2026-09-27 23:08:40,367 - INFO - [global] LogUploader: запускаю upload_run_logs...
2026-09-27 23:08:40,368 - DEBUG - [global] log_uploader: START window=periodic made=-1 token=...Rjnfq
2026-09-27 23:08:41,440 - DEBUG - [global] _api_put: GET runs/20260927_230840_fail_periodic.log -> 404
2026-09-27 23:08:43,367 - DEBUG - [global] _api_put: PUT runs/20260927_230840_fail_periodic.log -> 201 (12001 bytes)
2026-09-27 23:08:43,370 - DEBUG - [global] log_uploader: STEP 1 (window log) -> https://github.com/StarateJI/L2Mauto/blob/bot-logs/runs/20260927_230840_fail_periodic.log
2026-09-27 23:08:43,370 - DEBUG - [global] log_uploader: STEP 2 SKIP (no PNGs)
2026-09-27 23:08:44,509 - DEBUG - [global] _api_put: GET runs/20260927_230840_fail_global.log -> 404
2026-09-27 23:08:45,302 - INFO - [global] Проверяю обновы...
2026-09-27 23:08:46,334 - DEBUG - [global] needs_update: raw → 5.13.09
2026-09-27 23:08:46,420 - DEBUG - [global] _api_put: PUT runs/20260927_230840_fail_global.log -> 201 (20136 bytes)
2026-09-27 23:08:46,423 - DEBUG - [global] log_uploader: STEP 3 (global log) -> https://github.com/StarateJI/L2Mauto/blob/bot-logs/runs/20260927_230840_fail_global.log
2026-09-27 23:08:46,424 - DEBUG - [global] log_uploader: END window=periodic
2026-09-27 23:08:46,424 - INFO - [global] LogUploader: upload_run_logs завершён
2026-09-27 23:08:46,457 - DEBUG - [global] needs_update: API → 5.13.09
2026-09-27 23:08:46,457 - DEBUG - [global] needs_update: лучший источник raw → 5.13.09 (из 2)
2026-09-27 23:08:46,457 - INFO - [global] needs_update: local=(5, 13, 7) remote=(5, 13, 9) -> has_update=True
2026-09-27 23:08:46,457 - INFO - [global] Доступна обнова! Спавню кнопку
2026-09-27 23:09:16,477 - INFO - [global] Проверяю обновы...
2026-09-27 23:09:17,657 - DEBUG - [global] needs_update: API → 5.13.09
2026-09-27 23:09:17,686 - DEBUG - [global] needs_update: raw → 5.13.09
2026-09-27 23:09:17,686 - DEBUG - [global] needs_update: лучший источник API → 5.13.09 (из 2)
2026-09-27 23:09:17,686 - INFO - [global] needs_update: local=(5, 13, 7) remote=(5, 13, 9) -> has_update=True
2026-09-27 23:09:17,686 - INFO - [global] Доступна обнова! Спавню кнопку
2026-09-27 23:09:46,472 - INFO - [global] LogUploader: запускаю upload_run_logs...
2026-09-27 23:09:46,472 - DEBUG - [global] log_uploader: START window=periodic made=-1 token=...Rjnfq
2026-09-27 23:09:47,584 - DEBUG - [global] _api_put: GET runs/20260927_230946_fail_periodic.log -> 404
2026-09-27 23:09:47,711 - INFO - [global] Проверяю обновы...
2026-09-27 23:09:48,805 - DEBUG - [global] needs_update: raw → 5.13.09
2026-09-27 23:09:48,984 - DEBUG - [global] needs_update: API → 5.13.09
2026-09-27 23:09:48,984 - DEBUG - [global] needs_update: лучший источник raw → 5.13.09 (из 2)
2026-09-27 23:09:48,985 - INFO - [global] needs_update: local=(5, 13, 7) remote=(5, 13, 9) -> has_update=True
2026-09-27 23:09:48,985 - INFO - [global] Доступна обнова! Спавню кнопку
2026-09-27 23:09:49,846 - DEBUG - [global] _api_put: PUT runs/20260927_230946_fail_periodic.log -> 201 (12001 bytes)
2026-09-27 23:09:49,850 - DEBUG - [global] log_uploader: STEP 1 (window log) -> https://github.com/StarateJI/L2Mauto/blob/bot-logs/runs/20260927_230946_fail_periodic.log
2026-09-27 23:09:49,850 - DEBUG - [global] log_uploader: STEP 2 SKIP (no PNGs)
2026-09-27 23:09:51,105 - DEBUG - [global] _api_put: GET runs/20260927_230946_fail_global.log -> 404
2026-09-27 23:09:53,167 - DEBUG - [global] _api_put: PUT runs/20260927_230946_fail_global.log -> 201 (20089 bytes)
2026-09-27 23:09:53,170 - DEBUG - [global] log_uploader: STEP 3 (global log) -> https://github.com/StarateJI/L2Mauto/blob/bot-logs/runs/20260927_230946_fail_global.log
2026-09-27 23:09:53,171 - DEBUG - [global] log_uploader: END window=periodic
2026-09-27 23:09:53,171 - INFO - [global] LogUploader: upload_run_logs завершён
2026-09-27 23:10:19,005 - INFO - [global] Проверяю обновы...
2026-09-27 23:10:19,985 - DEBUG - [global] needs_update: raw → 5.13.09
2026-09-27 23:10:20,144 - DEBUG - [global] needs_update: API → 5.13.09
2026-09-27 23:10:20,144 - DEBUG - [global] needs_update: лучший источник raw → 5.13.09 (из 2)
2026-09-27 23:10:20,145 - INFO - [global] needs_update: local=(5, 13, 7) remote=(5, 13, 9) -> has_update=True
2026-09-27 23:10:20,146 - INFO - [global] Доступна обнова! Спавню кнопку
2026-09-27 23:10:50,177 - INFO - [global] Проверяю обновы...
2026-09-27 23:10:51,189 - DEBUG - [global] needs_update: raw → 5.13.09
2026-09-27 23:10:51,383 - DEBUG - [global] needs_update: API → 5.13.09
2026-09-27 23:10:51,384 - DEBUG - [global] needs_update: лучший источник raw → 5.13.09 (из 2)
2026-09-27 23:10:51,384 - INFO - [global] needs_update: local=(5, 13, 7) remote=(5, 13, 9) -> has_update=True
2026-09-27 23:10:51,384 - INFO - [global] Доступна обнова! Спавню кнопку
2026-09-27 23:10:53,219 - INFO - [global] LogUploader: запускаю upload_run_logs...
2026-09-27 23:10:53,220 - DEBUG - [global] log_uploader: START window=periodic made=-1 token=...Rjnfq
2026-09-27 23:10:54,297 - DEBUG - [global] _api_put: GET runs/20260927_231053_fail_periodic.log -> 200
2026-09-27 23:10:56,117 - DEBUG - [global] _api_put: PUT runs/20260927_231053_fail_periodic.log -> 200 (12001 bytes)
2026-09-27 23:10:56,120 - DEBUG - [global] log_uploader: STEP 1 (window log) -> https://github.com/StarateJI/L2Mauto/blob/bot-logs/runs/20260927_231053_fail_periodic.log
2026-09-27 23:10:56,121 - DEBUG - [global] log_uploader: STEP 2 SKIP (no PNGs)
2026-09-27 23:10:57,415 - DEBUG - [global] _api_put: GET runs/20260927_231053_fail_global.log -> 200
2026-09-27 23:10:59,593 - DEBUG - [global] _api_put: PUT runs/20260927_231053_fail_global.log -> 200 (20136 bytes)
2026-09-27 23:10:59,597 - DEBUG - [global] log_uploader: STEP 3 (global log) -> https://github.com/StarateJI/L2Mauto/blob/bot-logs/runs/20260927_231053_fail_global.log
2026-09-27 23:10:59,597 - DEBUG - [global] log_uploader: END window=periodic
2026-09-27 23:10:59,597 - INFO - [global] LogUploader: upload_run_logs завершён
2026-09-27 23:11:21,402 - INFO - [global] Проверяю обновы...
2026-09-27 23:11:22,346 - DEBUG - [global] needs_update: raw → 5.13.09
2026-09-27 23:11:22,541 - DEBUG - [global] needs_update: API → 5.13.09
2026-09-27 23:11:22,541 - DEBUG - [global] needs_update: лучший источник raw → 5.13.09 (из 2)
2026-09-27 23:11:22,542 - INFO - [global] needs_update: local=(5, 13, 7) remote=(5, 13, 9) -> has_update=True
2026-09-27 23:11:22,542 - INFO - [global] Доступна обнова! Спавню кнопку
2026-09-27 23:11:52,559 - INFO - [global] Проверяю обновы...
2026-09-27 23:11:53,520 - DEBUG - [global] needs_update: raw → 5.13.09
2026-09-27 23:11:53,703 - DEBUG - [global] needs_update: API → 5.13.09
2026-09-27 23:11:53,703 - DEBUG - [global] needs_update: лучший источник raw → 5.13.09 (из 2)
2026-09-27 23:11:53,703 - INFO - [global] needs_update: local=(5, 13, 7) remote=(5, 13, 9) -> has_update=True
2026-09-27 23:11:53,703 - INFO - [global] Доступна обнова! Спавню кнопку
2026-09-27 23:11:59,629 - INFO - [global] LogUploader: запускаю upload_run_logs...
2026-09-27 23:11:59,630 - DEBUG - [global] log_uploader: START window=periodic made=-1 token=...Rjnfq
2026-09-27 23:12:00,711 - DEBUG - [global] _api_put: GET runs/20260927_231159_fail_periodic.log -> 200
2026-09-27 23:12:02,577 - DEBUG - [global] _api_put: PUT runs/20260927_231159_fail_periodic.log -> 200 (12001 bytes)
2026-09-27 23:12:02,579 - DEBUG - [global] log_uploader: STEP 1 (window log) -> https://github.com/StarateJI/L2Mauto/blob/bot-logs/runs/20260927_231159_fail_periodic.log
2026-09-27 23:12:02,579 - DEBUG - [global] log_uploader: STEP 2 SKIP (no PNGs)
2026-09-27 23:12:03,754 - DEBUG - [global] _api_put: GET runs/20260927_231159_fail_global.log -> 200
2026-09-27 23:12:05,592 - DEBUG - [global] _api_put: PUT runs/20260927_231159_fail_global.log -> 200 (20019 bytes)
2026-09-27 23:12:05,594 - DEBUG - [global] log_uploader: STEP 3 (global log) -> https://github.com/StarateJI/L2Mauto/blob/bot-logs/runs/20260927_231159_fail_global.log
2026-09-27 23:12:05,594 - DEBUG - [global] log_uploader: END window=periodic
2026-09-27 23:12:05,594 - INFO - [global] LogUploader: upload_run_logs завершён
2026-09-27 23:12:23,720 - INFO - [global] Проверяю обновы...
2026-09-27 23:12:24,698 - DEBUG - [global] needs_update: raw → 5.13.09
2026-09-27 23:12:25,045 - DEBUG - [global] needs_update: API → 5.13.09
2026-09-27 23:12:25,046 - DEBUG - [global] needs_update: лучший источник raw → 5.13.09 (из 2)
2026-09-27 23:12:25,046 - INFO - [global] needs_update: local=(5, 13, 7) remote=(5, 13, 9) -> has_update=True
2026-09-27 23:12:25,046 - INFO - [global] Доступна обнова! Спавню кнопку
2026-09-27 23:12:55,061 - INFO - [global] Проверяю обновы...
2026-09-27 23:12:56,065 - DEBUG - [global] needs_update: raw → 5.13.09
2026-09-27 23:12:56,227 - DEBUG - [global] needs_update: API → 5.13.09
2026-09-27 23:12:56,228 - DEBUG - [global] needs_update: лучший источник raw → 5.13.09 (из 2)
2026-09-27 23:12:56,228 - INFO - [global] needs_update: local=(5, 13, 7) remote=(5, 13, 9) -> has_update=True
2026-09-27 23:12:56,228 - INFO - [global] Доступна обнова! Спавню кнопку
2026-09-27 23:13:05,634 - INFO - [global] LogUploader: запускаю upload_run_logs...
2026-09-27 23:13:05,635 - DEBUG - [global] log_uploader: START window=periodic made=-1 token=...Rjnfq
2026-09-27 23:13:06,647 - DEBUG - [global] _api_put: GET runs/20260927_231305_fail_periodic.log -> 404
2026-09-27 23:13:08,313 - DEBUG - [global] _api_put: PUT runs/20260927_231305_fail_periodic.log -> 201 (12001 bytes)
2026-09-27 23:13:08,316 - DEBUG - [global] log_uploader: STEP 1 (window log) -> https://github.com/StarateJI/L2Mauto/blob/bot-logs/runs/20260927_231305_fail_periodic.log
2026-09-27 23:13:08,317 - DEBUG - [global] log_uploader: STEP 2 SKIP (no PNGs)
2026-09-27 23:13:09,399 - DEBUG - [global] _api_put: GET runs/20260927_231305_fail_global.log -> 404
2026-09-27 23:13:11,295 - DEBUG - [global] _api_put: PUT runs/20260927_231305_fail_global.log -> 201 (20019 bytes)
2026-09-27 23:13:11,298 - DEBUG - [global] log_uploader: STEP 3 (global log) -> https://github.com/StarateJI/L2Mauto/blob/bot-logs/runs/20260927_231305_fail_global.log
2026-09-27 23:13:11,298 - DEBUG - [global] log_uploader: END window=periodic
2026-09-27 23:13:11,298 - INFO - [global] LogUploader: upload_run_logs завершён
2026-09-27 23:13:26,264 - INFO - [global] Проверяю обновы...
2026-09-27 23:13:27,232 - DEBUG - [global] needs_update: raw → 5.13.09
2026-09-27 23:13:27,371 - DEBUG - [global] needs_update: API → 5.13.09
2026-09-27 23:13:27,371 - DEBUG - [global] needs_update: лучший источник raw → 5.13.09 (из 2)
2026-09-27 23:13:27,371 - INFO - [global] needs_update: local=(5, 13, 7) remote=(5, 13, 9) -> has_update=True
2026-09-27 23:13:27,371 - INFO - [global] Доступна обнова! Спавню кнопку
2026-09-27 23:13:57,387 - INFO - [global] Проверяю обновы...
2026-09-27 23:13:58,343 - DEBUG - [global] needs_update: raw → 5.13.09
2026-09-27 23:13:58,560 - DEBUG - [global] needs_update: API → 5.13.09
2026-09-27 23:13:58,560 - DEBUG - [global] needs_update: лучший источник raw → 5.13.09 (из 2)
2026-09-27 23:13:58,560 - INFO - [global] needs_update: local=(5, 13, 7) remote=(5, 13, 9) -> has_update=True
2026-09-27 23:13:58,560 - INFO - [global] Доступна обнова! Спавню кнопку
2026-09-27 23:14:11,338 - INFO - [global] LogUploader: запускаю upload_run_logs...
2026-09-27 23:14:11,339 - DEBUG - [global] log_uploader: START window=periodic made=-1 token=...Rjnfq
2026-09-27 23:14:12,260 - DEBUG - [global] _api_put: GET runs/20260927_231411_fail_periodic.log -> 404
2026-09-27 23:14:14,132 - DEBUG - [global] _api_put: PUT runs/20260927_231411_fail_periodic.log -> 201 (12001 bytes)
2026-09-27 23:14:14,134 - DEBUG - [global] log_uploader: STEP 1 (window log) -> https://github.com/StarateJI/L2Mauto/blob/bot-logs/runs/20260927_231411_fail_periodic.log
2026-09-27 23:14:14,135 - DEBUG - [global] log_uploader: STEP 2 SKIP (no PNGs)
2026-09-27 23:14:15,135 - DEBUG - [global] _api_put: GET runs/20260927_231411_fail_global.log -> 404
2026-09-27 23:14:17,193 - DEBUG - [global] _api_put: PUT runs/20260927_231411_fail_global.log -> 201 (20019 bytes)
2026-09-27 23:14:17,196 - DEBUG - [global] log_uploader: STEP 3 (global log) -> https://github.com/StarateJI/L2Mauto/blob/bot-logs/runs/20260927_231411_fail_global.log
2026-09-27 23:14:17,196 - DEBUG - [global] log_uploader: END window=periodic
2026-09-27 23:14:17,196 - INFO - [global] LogUploader: upload_run_logs завершён
2026-09-27 23:14:28,577 - INFO - [global] Проверяю обновы...
2026-09-27 23:14:29,636 - DEBUG - [global] needs_update: raw → 5.13.09
2026-09-27 23:14:29,647 - DEBUG - [global] needs_update: API → 5.13.09
2026-09-27 23:14:29,647 - DEBUG - [global] needs_update: лучший источник raw → 5.13.09 (из 2)
2026-09-27 23:14:29,647 - INFO - [global] needs_update: local=(5, 13, 7) remote=(5, 13, 9) -> has_update=True
2026-09-27 23:14:29,648 - INFO - [global] Доступна обнова! Спавню кнопку
2026-09-27 23:14:59,668 - INFO - [global] Проверяю обновы...
2026-09-27 23:15:00,627 - DEBUG - [global] needs_update: raw → 5.13.09
2026-09-27 23:15:00,797 - DEBUG - [global] needs_update: API → 5.13.09
2026-09-27 23:15:00,797 - DEBUG - [global] needs_update: лучший источник raw → 5.13.09 (из 2)
2026-09-27 23:15:00,797 - INFO - [global] needs_update: local=(5, 13, 7) remote=(5, 13, 9) -> has_update=True
2026-09-27 23:15:00,797 - INFO - [global] Доступна обнова! Спавню кнопку
2026-09-27 23:15:17,230 - INFO - [global] LogUploader: запускаю upload_run_logs...
2026-09-27 23:15:17,231 - DEBUG - [global] log_uploader: START window=periodic made=-1 token=...Rjnfq
2026-09-27 23:15:18,171 - DEBUG - [global] _api_put: GET runs/20260927_231517_fail_periodic.log -> 404
2026-09-27 23:15:20,026 - DEBUG - [global] _api_put: PUT runs/20260927_231517_fail_periodic.log -> 201 (12001 bytes)
2026-09-27 23:15:20,030 - DEBUG - [global] log_uploader: STEP 1 (window log) -> https://github.com/StarateJI/L2Mauto/blob/bot-logs/runs/20260927_231517_fail_periodic.log
2026-09-27 23:15:20,030 - DEBUG - [global] log_uploader: STEP 2 SKIP (no PNGs)
