=== Log tail 2026-09-16T23:02:24.110848 | last 200 lines ===
2026-09-16 22:53:44,015 - DEBUG - [global] needs_update: API GitHub → 5.9.0
2026-09-16 22:53:44,737 - DEBUG - [global] needs_update: jsdelivr → 5.7.4
2026-09-16 22:53:44,737 - DEBUG - [global] needs_update: лучший источник raw → 5.9.0 (из 3)
2026-09-16 22:53:44,738 - INFO - [global] needs_update: local=(5, 7, 1) remote=(5, 9, 0) -> has_update=True
2026-09-16 22:53:44,738 - INFO - [global] Доступна обнова! Спавню кнопку
2026-09-16 22:54:14,753 - INFO - [global] Проверяю обновы...
2026-09-16 22:54:15,439 - DEBUG - [global] needs_update: raw → 5.9.0
2026-09-16 22:54:16,119 - DEBUG - [global] needs_update: API GitHub → 5.9.0
2026-09-16 22:54:16,819 - DEBUG - [global] needs_update: jsdelivr → 5.7.4
2026-09-16 22:54:16,820 - DEBUG - [global] needs_update: лучший источник raw → 5.9.0 (из 3)
2026-09-16 22:54:16,821 - INFO - [global] needs_update: local=(5, 7, 1) remote=(5, 9, 0) -> has_update=True
2026-09-16 22:54:16,821 - INFO - [global] Доступна обнова! Спавню кнопку
2026-09-16 22:54:43,555 - INFO - [global] LogUploader: запускаю upload_run_logs...
2026-09-16 22:54:43,556 - DEBUG - [global] log_uploader: START window=periodic made=-1 token=...Rjnfq
2026-09-16 22:54:44,407 - DEBUG - [global] _api_put: GET runs/20260916_225443_fail_periodic.log -> 404
2026-09-16 22:54:45,806 - DEBUG - [global] _api_put: PUT runs/20260916_225443_fail_periodic.log -> 201 (8836 bytes)
2026-09-16 22:54:45,808 - DEBUG - [global] log_uploader: STEP 1 (window log) -> https://github.com/StarateJI/L2Mauto/blob/bot-logs/runs/20260916_225443_fail_periodic.log
2026-09-16 22:54:45,809 - DEBUG - [global] log_uploader: STEP 2 SKIP (no PNGs)
2026-09-16 22:54:46,756 - DEBUG - [global] _api_put: GET runs/20260916_225443_fail_global.log -> 404
2026-09-16 22:54:46,839 - INFO - [global] Проверяю обновы...
2026-09-16 22:54:47,607 - DEBUG - [global] needs_update: raw → 5.9.0
2026-09-16 22:54:48,300 - DEBUG - [global] needs_update: API GitHub → 5.9.0
2026-09-16 22:54:48,365 - DEBUG - [global] _api_put: PUT runs/20260916_225443_fail_global.log -> 201 (20263 bytes)
2026-09-16 22:54:48,369 - DEBUG - [global] log_uploader: STEP 3 (global log) -> https://github.com/StarateJI/L2Mauto/blob/bot-logs/runs/20260916_225443_fail_global.log
2026-09-16 22:54:48,369 - DEBUG - [global] log_uploader: END window=periodic
2026-09-16 22:54:48,369 - INFO - [global] LogUploader: upload_run_logs завершён
2026-09-16 22:54:49,038 - DEBUG - [global] needs_update: jsdelivr → 5.7.4
2026-09-16 22:54:49,038 - DEBUG - [global] needs_update: лучший источник raw → 5.9.0 (из 3)
2026-09-16 22:54:49,040 - INFO - [global] needs_update: local=(5, 7, 1) remote=(5, 9, 0) -> has_update=True
2026-09-16 22:54:49,040 - INFO - [global] Доступна обнова! Спавню кнопку
2026-09-16 22:55:19,055 - INFO - [global] Проверяю обновы...
2026-09-16 22:55:19,726 - DEBUG - [global] needs_update: raw → 5.9.0
2026-09-16 22:55:20,386 - DEBUG - [global] needs_update: API GitHub → 5.9.0
2026-09-16 22:55:21,069 - DEBUG - [global] needs_update: jsdelivr → 5.7.4
2026-09-16 22:55:21,069 - DEBUG - [global] needs_update: лучший источник raw → 5.9.0 (из 3)
2026-09-16 22:55:21,071 - INFO - [global] needs_update: local=(5, 7, 1) remote=(5, 9, 0) -> has_update=True
2026-09-16 22:55:21,071 - INFO - [global] Доступна обнова! Спавню кнопку
2026-09-16 22:55:48,402 - INFO - [global] LogUploader: запускаю upload_run_logs...
2026-09-16 22:55:48,403 - DEBUG - [global] log_uploader: START window=periodic made=-1 token=...Rjnfq
2026-09-16 22:55:49,282 - DEBUG - [global] _api_put: GET runs/20260916_225548_fail_periodic.log -> 404
2026-09-16 22:55:50,667 - DEBUG - [global] _api_put: PUT runs/20260916_225548_fail_periodic.log -> 201 (8836 bytes)
2026-09-16 22:55:50,668 - DEBUG - [global] log_uploader: STEP 1 (window log) -> https://github.com/StarateJI/L2Mauto/blob/bot-logs/runs/20260916_225548_fail_periodic.log
2026-09-16 22:55:50,669 - DEBUG - [global] log_uploader: STEP 2 SKIP (no PNGs)
2026-09-16 22:55:51,089 - INFO - [global] Проверяю обновы...
2026-09-16 22:55:51,634 - DEBUG - [global] _api_put: GET runs/20260916_225548_fail_global.log -> 404
2026-09-16 22:55:51,832 - DEBUG - [global] needs_update: raw → 5.9.0
2026-09-16 22:55:52,604 - DEBUG - [global] needs_update: API GitHub → 5.9.0
2026-09-16 22:55:53,274 - DEBUG - [global] needs_update: jsdelivr → 5.7.4
2026-09-16 22:55:53,274 - DEBUG - [global] needs_update: лучший источник raw → 5.9.0 (из 3)
2026-09-16 22:55:53,276 - INFO - [global] needs_update: local=(5, 7, 1) remote=(5, 9, 0) -> has_update=True
2026-09-16 22:55:53,276 - INFO - [global] Доступна обнова! Спавню кнопку
2026-09-16 22:55:53,413 - DEBUG - [global] _api_put: PUT runs/20260916_225548_fail_global.log -> 201 (20003 bytes)
2026-09-16 22:55:53,416 - DEBUG - [global] log_uploader: STEP 3 (global log) -> https://github.com/StarateJI/L2Mauto/blob/bot-logs/runs/20260916_225548_fail_global.log
2026-09-16 22:55:53,416 - DEBUG - [global] log_uploader: END window=periodic
2026-09-16 22:55:53,416 - INFO - [global] LogUploader: upload_run_logs завершён
2026-09-16 22:56:23,291 - INFO - [global] Проверяю обновы...
2026-09-16 22:56:23,977 - DEBUG - [global] needs_update: raw → 5.9.0
2026-09-16 22:56:24,671 - DEBUG - [global] needs_update: API GitHub → 5.9.0
2026-09-16 22:56:25,335 - DEBUG - [global] needs_update: jsdelivr → 5.7.4
2026-09-16 22:56:25,335 - DEBUG - [global] needs_update: лучший источник raw → 5.9.0 (из 3)
2026-09-16 22:56:25,337 - INFO - [global] needs_update: local=(5, 7, 1) remote=(5, 9, 0) -> has_update=True
2026-09-16 22:56:25,337 - INFO - [global] Доступна обнова! Спавню кнопку
2026-09-16 22:56:53,446 - INFO - [global] LogUploader: запускаю upload_run_logs...
2026-09-16 22:56:53,447 - DEBUG - [global] log_uploader: START window=periodic made=-1 token=...Rjnfq
2026-09-16 22:56:54,374 - DEBUG - [global] _api_put: GET runs/20260916_225653_fail_periodic.log -> 404
2026-09-16 22:56:55,356 - INFO - [global] Проверяю обновы...
2026-09-16 22:56:55,752 - DEBUG - [global] _api_put: PUT runs/20260916_225653_fail_periodic.log -> 201 (8836 bytes)
2026-09-16 22:56:55,754 - DEBUG - [global] log_uploader: STEP 1 (window log) -> https://github.com/StarateJI/L2Mauto/blob/bot-logs/runs/20260916_225653_fail_periodic.log
2026-09-16 22:56:55,754 - DEBUG - [global] log_uploader: STEP 2 SKIP (no PNGs)
2026-09-16 22:56:56,210 - DEBUG - [global] needs_update: raw → 5.9.0
2026-09-16 22:56:56,734 - DEBUG - [global] _api_put: GET runs/20260916_225653_fail_global.log -> 404
2026-09-16 22:56:56,871 - DEBUG - [global] needs_update: API GitHub → 5.9.0
2026-09-16 22:56:57,631 - DEBUG - [global] needs_update: jsdelivr → 5.7.4
2026-09-16 22:56:57,631 - DEBUG - [global] needs_update: лучший источник raw → 5.9.0 (из 3)
2026-09-16 22:56:57,633 - INFO - [global] needs_update: local=(5, 7, 1) remote=(5, 9, 0) -> has_update=True
2026-09-16 22:56:57,634 - INFO - [global] Доступна обнова! Спавню кнопку
2026-09-16 22:56:58,743 - DEBUG - [global] _api_put: PUT runs/20260916_225653_fail_global.log -> 201 (19717 bytes)
2026-09-16 22:56:58,745 - DEBUG - [global] log_uploader: STEP 3 (global log) -> https://github.com/StarateJI/L2Mauto/blob/bot-logs/runs/20260916_225653_fail_global.log
2026-09-16 22:56:58,745 - DEBUG - [global] log_uploader: END window=periodic
2026-09-16 22:56:58,745 - INFO - [global] LogUploader: upload_run_logs завершён
2026-09-16 22:57:27,647 - INFO - [global] Проверяю обновы...
2026-09-16 22:57:28,353 - DEBUG - [global] needs_update: raw → 5.9.0
2026-09-16 22:57:29,018 - DEBUG - [global] needs_update: API GitHub → 5.9.0
2026-09-16 22:57:29,668 - DEBUG - [global] needs_update: jsdelivr → 5.7.4
2026-09-16 22:57:29,668 - DEBUG - [global] needs_update: лучший источник raw → 5.9.0 (из 3)
2026-09-16 22:57:29,670 - INFO - [global] needs_update: local=(5, 7, 1) remote=(5, 9, 0) -> has_update=True
2026-09-16 22:57:29,670 - INFO - [global] Доступна обнова! Спавню кнопку
2026-09-16 22:57:58,778 - INFO - [global] LogUploader: запускаю upload_run_logs...
2026-09-16 22:57:58,779 - DEBUG - [global] log_uploader: START window=periodic made=-1 token=...Rjnfq
2026-09-16 22:57:59,661 - DEBUG - [global] _api_put: GET runs/20260916_225758_fail_periodic.log -> 404
2026-09-16 22:57:59,685 - INFO - [global] Проверяю обновы...
2026-09-16 22:58:00,501 - DEBUG - [global] needs_update: raw → 5.9.0
2026-09-16 22:58:01,149 - DEBUG - [global] needs_update: API GitHub → 5.9.0
2026-09-16 22:58:01,401 - DEBUG - [global] _api_put: PUT runs/20260916_225758_fail_periodic.log -> 201 (8836 bytes)
2026-09-16 22:58:01,403 - DEBUG - [global] log_uploader: STEP 1 (window log) -> https://github.com/StarateJI/L2Mauto/blob/bot-logs/runs/20260916_225758_fail_periodic.log
2026-09-16 22:58:01,404 - DEBUG - [global] log_uploader: STEP 2 SKIP (no PNGs)
2026-09-16 22:58:01,847 - DEBUG - [global] needs_update: jsdelivr → 5.7.4
2026-09-16 22:58:01,847 - DEBUG - [global] needs_update: лучший источник raw → 5.9.0 (из 3)
2026-09-16 22:58:01,848 - INFO - [global] needs_update: local=(5, 7, 1) remote=(5, 9, 0) -> has_update=True
2026-09-16 22:58:01,848 - INFO - [global] Доступна обнова! Спавню кнопку
2026-09-16 22:58:02,403 - DEBUG - [global] _api_put: GET runs/20260916_225758_fail_global.log -> 404
2026-09-16 22:58:04,397 - DEBUG - [global] _api_put: PUT runs/20260916_225758_fail_global.log -> 201 (19453 bytes)
2026-09-16 22:58:04,399 - DEBUG - [global] log_uploader: STEP 3 (global log) -> https://github.com/StarateJI/L2Mauto/blob/bot-logs/runs/20260916_225758_fail_global.log
2026-09-16 22:58:04,399 - DEBUG - [global] log_uploader: END window=periodic
2026-09-16 22:58:04,399 - INFO - [global] LogUploader: upload_run_logs завершён
2026-09-16 22:58:31,864 - INFO - [global] Проверяю обновы...
2026-09-16 22:58:32,535 - DEBUG - [global] needs_update: raw → 5.9.0
2026-09-16 22:58:33,192 - DEBUG - [global] needs_update: API GitHub → 5.9.0
2026-09-16 22:58:33,924 - DEBUG - [global] needs_update: jsdelivr → 5.7.4
2026-09-16 22:58:33,924 - DEBUG - [global] needs_update: лучший источник raw → 5.9.0 (из 3)
2026-09-16 22:58:33,926 - INFO - [global] needs_update: local=(5, 7, 1) remote=(5, 9, 0) -> has_update=True
2026-09-16 22:58:33,926 - INFO - [global] Доступна обнова! Спавню кнопку
2026-09-16 22:59:03,943 - INFO - [global] Проверяю обновы...
2026-09-16 22:59:04,431 - INFO - [global] LogUploader: запускаю upload_run_logs...
2026-09-16 22:59:04,432 - DEBUG - [global] log_uploader: START window=periodic made=-1 token=...Rjnfq
2026-09-16 22:59:04,631 - DEBUG - [global] needs_update: raw → 5.9.0
2026-09-16 22:59:05,388 - DEBUG - [global] needs_update: API GitHub → 5.9.0
2026-09-16 22:59:05,414 - DEBUG - [global] _api_put: GET runs/20260916_225904_fail_periodic.log -> 404
2026-09-16 22:59:06,242 - DEBUG - [global] needs_update: jsdelivr → 5.7.4
2026-09-16 22:59:06,242 - DEBUG - [global] needs_update: лучший источник raw → 5.9.0 (из 3)
2026-09-16 22:59:06,243 - INFO - [global] needs_update: local=(5, 7, 1) remote=(5, 9, 0) -> has_update=True
2026-09-16 22:59:06,244 - INFO - [global] Доступна обнова! Спавню кнопку
2026-09-16 22:59:07,441 - DEBUG - [global] _api_put: PUT runs/20260916_225904_fail_periodic.log -> 201 (8836 bytes)
2026-09-16 22:59:07,443 - DEBUG - [global] log_uploader: STEP 1 (window log) -> https://github.com/StarateJI/L2Mauto/blob/bot-logs/runs/20260916_225904_fail_periodic.log
2026-09-16 22:59:07,443 - DEBUG - [global] log_uploader: STEP 2 SKIP (no PNGs)
2026-09-16 22:59:08,367 - DEBUG - [global] _api_put: GET runs/20260916_225904_fail_global.log -> 404
2026-09-16 22:59:10,257 - DEBUG - [global] _api_put: PUT runs/20260916_225904_fail_global.log -> 201 (19535 bytes)
2026-09-16 22:59:10,258 - DEBUG - [global] log_uploader: STEP 3 (global log) -> https://github.com/StarateJI/L2Mauto/blob/bot-logs/runs/20260916_225904_fail_global.log
2026-09-16 22:59:10,258 - DEBUG - [global] log_uploader: END window=periodic
2026-09-16 22:59:10,258 - INFO - [global] LogUploader: upload_run_logs завершён
2026-09-16 22:59:36,259 - INFO - [global] Проверяю обновы...
2026-09-16 22:59:36,911 - DEBUG - [global] needs_update: raw → 5.9.0
2026-09-16 22:59:37,613 - DEBUG - [global] needs_update: API GitHub → 5.9.0
2026-09-16 22:59:38,307 - DEBUG - [global] needs_update: jsdelivr → 5.7.4
2026-09-16 22:59:38,307 - DEBUG - [global] needs_update: лучший источник raw → 5.9.0 (из 3)
2026-09-16 22:59:38,309 - INFO - [global] needs_update: local=(5, 7, 1) remote=(5, 9, 0) -> has_update=True
2026-09-16 22:59:38,309 - INFO - [global] Доступна обнова! Спавню кнопку
2026-09-16 23:00:08,325 - INFO - [global] Проверяю обновы...
2026-09-16 23:00:08,975 - DEBUG - [global] needs_update: raw → 5.9.0
2026-09-16 23:00:10,289 - INFO - [global] LogUploader: запускаю upload_run_logs...
2026-09-16 23:00:10,290 - DEBUG - [global] log_uploader: START window=periodic made=-1 token=...Rjnfq
2026-09-16 23:00:10,808 - DEBUG - [global] needs_update: API GitHub → 5.9.0
2026-09-16 23:00:11,254 - DEBUG - [global] _api_put: GET runs/20260916_230010_fail_periodic.log -> 404
2026-09-16 23:00:11,557 - DEBUG - [global] needs_update: jsdelivr → 5.7.4
2026-09-16 23:00:11,557 - DEBUG - [global] needs_update: лучший источник raw → 5.9.0 (из 3)
2026-09-16 23:00:11,559 - INFO - [global] needs_update: local=(5, 7, 1) remote=(5, 9, 0) -> has_update=True
2026-09-16 23:00:11,559 - INFO - [global] Доступна обнова! Спавню кнопку
2026-09-16 23:00:12,730 - DEBUG - [global] _api_put: PUT runs/20260916_230010_fail_periodic.log -> 201 (8836 bytes)
2026-09-16 23:00:12,732 - DEBUG - [global] log_uploader: STEP 1 (window log) -> https://github.com/StarateJI/L2Mauto/blob/bot-logs/runs/20260916_230010_fail_periodic.log
2026-09-16 23:00:12,732 - DEBUG - [global] log_uploader: STEP 2 SKIP (no PNGs)
2026-09-16 23:00:13,640 - DEBUG - [global] _api_put: GET runs/20260916_230010_fail_global.log -> 404
2026-09-16 23:00:15,705 - DEBUG - [global] _api_put: PUT runs/20260916_230010_fail_global.log -> 201 (19535 bytes)
2026-09-16 23:00:15,707 - DEBUG - [global] log_uploader: STEP 3 (global log) -> https://github.com/StarateJI/L2Mauto/blob/bot-logs/runs/20260916_230010_fail_global.log
2026-09-16 23:00:15,707 - DEBUG - [global] log_uploader: END window=periodic
2026-09-16 23:00:15,707 - INFO - [global] LogUploader: upload_run_logs завершён
2026-09-16 23:00:41,575 - INFO - [global] Проверяю обновы...
2026-09-16 23:00:42,293 - DEBUG - [global] needs_update: raw → 5.9.0
2026-09-16 23:00:42,988 - DEBUG - [global] needs_update: API GitHub → 5.9.0
2026-09-16 23:00:43,677 - DEBUG - [global] needs_update: jsdelivr → 5.7.4
2026-09-16 23:00:43,677 - DEBUG - [global] needs_update: лучший источник raw → 5.9.0 (из 3)
2026-09-16 23:00:43,679 - INFO - [global] needs_update: local=(5, 7, 1) remote=(5, 9, 0) -> has_update=True
2026-09-16 23:00:43,679 - INFO - [global] Доступна обнова! Спавню кнопку
2026-09-16 23:01:13,696 - INFO - [global] Проверяю обновы...
2026-09-16 23:01:14,400 - DEBUG - [global] needs_update: raw → 5.9.0
2026-09-16 23:01:15,057 - DEBUG - [global] needs_update: API GitHub → 5.9.0
2026-09-16 23:01:15,731 - DEBUG - [global] needs_update: jsdelivr → 5.7.4
2026-09-16 23:01:15,731 - DEBUG - [global] needs_update: лучший источник raw → 5.9.0 (из 3)
2026-09-16 23:01:15,732 - INFO - [global] needs_update: local=(5, 7, 1) remote=(5, 9, 0) -> has_update=True
2026-09-16 23:01:15,732 - INFO - [global] Доступна обнова! Спавню кнопку
2026-09-16 23:01:15,740 - INFO - [global] LogUploader: запускаю upload_run_logs...
2026-09-16 23:01:15,741 - DEBUG - [global] log_uploader: START window=periodic made=-1 token=...Rjnfq
2026-09-16 23:01:16,611 - DEBUG - [global] _api_put: GET runs/20260916_230115_fail_periodic.log -> 404
2026-09-16 23:01:18,899 - DEBUG - [global] _api_put: PUT runs/20260916_230115_fail_periodic.log -> 201 (8836 bytes)
2026-09-16 23:01:18,901 - DEBUG - [global] log_uploader: STEP 1 (window log) -> https://github.com/StarateJI/L2Mauto/blob/bot-logs/runs/20260916_230115_fail_periodic.log
2026-09-16 23:01:18,902 - DEBUG - [global] log_uploader: STEP 2 SKIP (no PNGs)
2026-09-16 23:01:19,838 - DEBUG - [global] _api_put: GET runs/20260916_230115_fail_global.log -> 404
2026-09-16 23:01:21,627 - DEBUG - [global] _api_put: PUT runs/20260916_230115_fail_global.log -> 201 (19535 bytes)
2026-09-16 23:01:21,628 - DEBUG - [global] log_uploader: STEP 3 (global log) -> https://github.com/StarateJI/L2Mauto/blob/bot-logs/runs/20260916_230115_fail_global.log
2026-09-16 23:01:21,628 - DEBUG - [global] log_uploader: END window=periodic
2026-09-16 23:01:21,628 - INFO - [global] LogUploader: upload_run_logs завершён
2026-09-16 23:01:45,747 - INFO - [global] Проверяю обновы...
2026-09-16 23:01:46,420 - DEBUG - [global] needs_update: raw → 5.9.0
2026-09-16 23:01:47,091 - DEBUG - [global] needs_update: API GitHub → 5.9.0
2026-09-16 23:01:47,789 - DEBUG - [global] needs_update: jsdelivr → 5.7.4
2026-09-16 23:01:47,789 - DEBUG - [global] needs_update: лучший источник raw → 5.9.0 (из 3)
2026-09-16 23:01:47,791 - INFO - [global] needs_update: local=(5, 7, 1) remote=(5, 9, 0) -> has_update=True
2026-09-16 23:01:47,791 - INFO - [global] Доступна обнова! Спавню кнопку
2026-09-16 23:02:17,808 - INFO - [global] Проверяю обновы...
2026-09-16 23:02:18,687 - DEBUG - [global] needs_update: raw → 5.9.0
2026-09-16 23:02:19,393 - DEBUG - [global] needs_update: API GitHub → 5.9.0
2026-09-16 23:02:20,118 - DEBUG - [global] needs_update: jsdelivr → 5.7.4
2026-09-16 23:02:20,118 - DEBUG - [global] needs_update: лучший источник raw → 5.9.0 (из 3)
2026-09-16 23:02:20,119 - INFO - [global] needs_update: local=(5, 7, 1) remote=(5, 9, 0) -> has_update=True
2026-09-16 23:02:20,119 - INFO - [global] Доступна обнова! Спавню кнопку
2026-09-16 23:02:21,666 - INFO - [global] LogUploader: запускаю upload_run_logs...
2026-09-16 23:02:21,667 - DEBUG - [global] log_uploader: START window=periodic made=-1 token=...Rjnfq
2026-09-16 23:02:22,527 - DEBUG - [global] _api_put: GET runs/20260916_230221_fail_periodic.log -> 404
2026-09-16 23:02:24,059 - DEBUG - [global] _api_put: PUT runs/20260916_230221_fail_periodic.log -> 201 (8836 bytes)
2026-09-16 23:02:24,061 - DEBUG - [global] log_uploader: STEP 1 (window log) -> https://github.com/StarateJI/L2Mauto/blob/bot-logs/runs/20260916_230221_fail_periodic.log
2026-09-16 23:02:24,062 - DEBUG - [global] log_uploader: STEP 2 SKIP (no PNGs)
