=== Log tail 2026-09-28T14:34:49.127492 | last 200 lines ===
2026-09-28 14:25:53,996 - DEBUG - [global] log_uploader: STEP 2 SKIP (no PNGs)
2026-09-28 14:25:54,902 - DEBUG - [global] _api_put: GET runs/20260928_142550_fail_global.log -> 404
2026-09-28 14:25:55,175 - INFO - [global] Проверяю обновы...
2026-09-28 14:25:56,055 - DEBUG - [global] needs_update: raw → 5.13.09
2026-09-28 14:25:56,393 - DEBUG - [global] needs_update: API → 5.13.09
2026-09-28 14:25:56,393 - DEBUG - [global] needs_update: лучший источник raw → 5.13.09 (из 2)
2026-09-28 14:25:56,393 - INFO - [global] needs_update: local=(5, 13, 7) remote=(5, 13, 9) -> has_update=True
2026-09-28 14:25:56,393 - INFO - [global] Доступна обнова! Спавню кнопку
2026-09-28 14:25:57,272 - DEBUG - [global] _api_put: PUT runs/20260928_142550_fail_global.log -> 201 (20010 bytes)
2026-09-28 14:25:57,275 - DEBUG - [global] log_uploader: STEP 3 (global log) -> https://github.com/StarateJI/L2Mauto/blob/bot-logs/runs/20260928_142550_fail_global.log
2026-09-28 14:25:57,275 - DEBUG - [global] log_uploader: END window=periodic
2026-09-28 14:25:57,275 - INFO - [global] LogUploader: upload_run_logs завершён
2026-09-28 14:26:26,406 - INFO - [global] Проверяю обновы...
2026-09-28 14:26:27,160 - DEBUG - [global] needs_update: raw → 5.13.09
2026-09-28 14:26:27,621 - DEBUG - [global] needs_update: API → 5.13.09
2026-09-28 14:26:27,621 - DEBUG - [global] needs_update: лучший источник raw → 5.13.09 (из 2)
2026-09-28 14:26:27,621 - INFO - [global] needs_update: local=(5, 13, 7) remote=(5, 13, 9) -> has_update=True
2026-09-28 14:26:27,621 - INFO - [global] Доступна обнова! Спавню кнопку
2026-09-28 14:26:57,302 - INFO - [global] LogUploader: запускаю upload_run_logs...
2026-09-28 14:26:57,302 - DEBUG - [global] log_uploader: START window=periodic made=-1 token=...Rjnfq
2026-09-28 14:26:57,635 - INFO - [global] Проверяю обновы...
2026-09-28 14:26:58,458 - DEBUG - [global] needs_update: raw → 5.13.09
2026-09-28 14:26:58,525 - DEBUG - [global] _api_put: GET runs/20260928_142657_fail_periodic.log -> 404
2026-09-28 14:26:58,847 - DEBUG - [global] needs_update: API → 5.13.09
2026-09-28 14:26:58,847 - DEBUG - [global] needs_update: лучший источник raw → 5.13.09 (из 2)
2026-09-28 14:26:58,847 - INFO - [global] needs_update: local=(5, 13, 7) remote=(5, 13, 9) -> has_update=True
2026-09-28 14:26:58,847 - INFO - [global] Доступна обнова! Спавню кнопку
2026-09-28 14:27:00,655 - DEBUG - [global] _api_put: PUT runs/20260928_142657_fail_periodic.log -> 201 (2785 bytes)
2026-09-28 14:27:00,658 - DEBUG - [global] log_uploader: STEP 1 (window log) -> https://github.com/StarateJI/L2Mauto/blob/bot-logs/runs/20260928_142657_fail_periodic.log
2026-09-28 14:27:00,658 - DEBUG - [global] log_uploader: STEP 2 SKIP (no PNGs)
2026-09-28 14:27:01,824 - DEBUG - [global] _api_put: GET runs/20260928_142657_fail_global.log -> 404
2026-09-28 14:27:05,044 - DEBUG - [global] _api_put: PUT runs/20260928_142657_fail_global.log -> 201 (19965 bytes)
2026-09-28 14:27:05,045 - DEBUG - [global] log_uploader: STEP 3 (global log) -> https://github.com/StarateJI/L2Mauto/blob/bot-logs/runs/20260928_142657_fail_global.log
2026-09-28 14:27:05,045 - DEBUG - [global] log_uploader: END window=periodic
2026-09-28 14:27:05,045 - INFO - [global] LogUploader: upload_run_logs завершён
2026-09-28 14:27:28,862 - INFO - [global] Проверяю обновы...
2026-09-28 14:27:29,662 - DEBUG - [global] needs_update: raw → 5.13.09
2026-09-28 14:27:29,903 - DEBUG - [global] needs_update: API → 5.13.09
2026-09-28 14:27:29,903 - DEBUG - [global] needs_update: лучший источник raw → 5.13.09 (из 2)
2026-09-28 14:27:29,904 - INFO - [global] needs_update: local=(5, 13, 7) remote=(5, 13, 9) -> has_update=True
2026-09-28 14:27:29,904 - INFO - [global] Доступна обнова! Спавню кнопку
2026-09-28 14:27:59,919 - INFO - [global] Проверяю обновы...
2026-09-28 14:28:00,740 - DEBUG - [global] needs_update: raw → 5.13.09
2026-09-28 14:28:00,976 - DEBUG - [global] needs_update: API → 5.13.09
2026-09-28 14:28:00,976 - DEBUG - [global] needs_update: лучший источник raw → 5.13.09 (из 2)
2026-09-28 14:28:00,976 - INFO - [global] needs_update: local=(5, 13, 7) remote=(5, 13, 9) -> has_update=True
2026-09-28 14:28:00,976 - INFO - [global] Доступна обнова! Спавню кнопку
2026-09-28 14:28:05,073 - INFO - [global] LogUploader: запускаю upload_run_logs...
2026-09-28 14:28:05,073 - DEBUG - [global] log_uploader: START window=periodic made=-1 token=...Rjnfq
2026-09-28 14:28:06,021 - DEBUG - [global] _api_put: GET runs/20260928_142805_fail_periodic.log -> 404
2026-09-28 14:28:08,266 - DEBUG - [global] _api_put: PUT runs/20260928_142805_fail_periodic.log -> 201 (2785 bytes)
2026-09-28 14:28:08,268 - DEBUG - [global] log_uploader: STEP 1 (window log) -> https://github.com/StarateJI/L2Mauto/blob/bot-logs/runs/20260928_142805_fail_periodic.log
2026-09-28 14:28:08,268 - DEBUG - [global] log_uploader: STEP 2 SKIP (no PNGs)
2026-09-28 14:28:09,318 - DEBUG - [global] _api_put: GET runs/20260928_142805_fail_global.log -> 404
2026-09-28 14:28:12,740 - DEBUG - [global] _api_put: PUT runs/20260928_142805_fail_global.log -> 201 (19992 bytes)
2026-09-28 14:28:12,742 - DEBUG - [global] log_uploader: STEP 3 (global log) -> https://github.com/StarateJI/L2Mauto/blob/bot-logs/runs/20260928_142805_fail_global.log
2026-09-28 14:28:12,742 - DEBUG - [global] log_uploader: END window=periodic
2026-09-28 14:28:12,742 - INFO - [global] LogUploader: upload_run_logs завершён
2026-09-28 14:28:30,989 - INFO - [global] Проверяю обновы...
2026-09-28 14:28:31,742 - DEBUG - [global] needs_update: raw → 5.13.09
2026-09-28 14:28:32,120 - DEBUG - [global] needs_update: API → 5.13.09
2026-09-28 14:28:32,121 - DEBUG - [global] needs_update: лучший источник raw → 5.13.09 (из 2)
2026-09-28 14:28:32,121 - INFO - [global] needs_update: local=(5, 13, 7) remote=(5, 13, 9) -> has_update=True
2026-09-28 14:28:32,121 - INFO - [global] Доступна обнова! Спавню кнопку
2026-09-28 14:29:02,135 - INFO - [global] Проверяю обновы...
2026-09-28 14:29:02,937 - DEBUG - [global] needs_update: raw → 5.13.09
2026-09-28 14:29:03,223 - DEBUG - [global] needs_update: API → 5.13.09
2026-09-28 14:29:03,223 - DEBUG - [global] needs_update: лучший источник raw → 5.13.09 (из 2)
2026-09-28 14:29:03,223 - INFO - [global] needs_update: local=(5, 13, 7) remote=(5, 13, 9) -> has_update=True
2026-09-28 14:29:03,223 - INFO - [global] Доступна обнова! Спавню кнопку
2026-09-28 14:29:12,770 - INFO - [global] LogUploader: запускаю upload_run_logs...
2026-09-28 14:29:12,770 - DEBUG - [global] log_uploader: START window=periodic made=-1 token=...Rjnfq
2026-09-28 14:29:13,880 - DEBUG - [global] _api_put: GET runs/20260928_142912_fail_periodic.log -> 404
2026-09-28 14:29:15,960 - DEBUG - [global] _api_put: PUT runs/20260928_142912_fail_periodic.log -> 201 (2785 bytes)
2026-09-28 14:29:15,962 - DEBUG - [global] log_uploader: STEP 1 (window log) -> https://github.com/StarateJI/L2Mauto/blob/bot-logs/runs/20260928_142912_fail_periodic.log
2026-09-28 14:29:15,962 - DEBUG - [global] log_uploader: STEP 2 SKIP (no PNGs)
2026-09-28 14:29:16,976 - DEBUG - [global] _api_put: GET runs/20260928_142912_fail_global.log -> 404
2026-09-28 14:29:19,176 - DEBUG - [global] _api_put: PUT runs/20260928_142912_fail_global.log -> 201 (20010 bytes)
2026-09-28 14:29:19,178 - DEBUG - [global] log_uploader: STEP 3 (global log) -> https://github.com/StarateJI/L2Mauto/blob/bot-logs/runs/20260928_142912_fail_global.log
2026-09-28 14:29:19,178 - DEBUG - [global] log_uploader: END window=periodic
2026-09-28 14:29:19,178 - INFO - [global] LogUploader: upload_run_logs завершён
2026-09-28 14:29:33,240 - INFO - [global] Проверяю обновы...
2026-09-28 14:29:33,968 - DEBUG - [global] needs_update: raw → 5.13.09
2026-09-28 14:29:34,911 - DEBUG - [global] needs_update: API → 5.13.09
2026-09-28 14:29:34,911 - DEBUG - [global] needs_update: лучший источник raw → 5.13.09 (из 2)
2026-09-28 14:29:34,911 - INFO - [global] needs_update: local=(5, 13, 7) remote=(5, 13, 9) -> has_update=True
2026-09-28 14:29:34,912 - INFO - [global] Доступна обнова! Спавню кнопку
2026-09-28 14:30:04,924 - INFO - [global] Проверяю обновы...
2026-09-28 14:30:05,793 - DEBUG - [global] needs_update: raw → 5.13.09
2026-09-28 14:30:06,094 - DEBUG - [global] needs_update: API → 5.13.09
2026-09-28 14:30:06,095 - DEBUG - [global] needs_update: лучший источник raw → 5.13.09 (из 2)
2026-09-28 14:30:06,095 - INFO - [global] needs_update: local=(5, 13, 7) remote=(5, 13, 9) -> has_update=True
2026-09-28 14:30:06,095 - INFO - [global] Доступна обнова! Спавню кнопку
2026-09-28 14:30:19,206 - INFO - [global] LogUploader: запускаю upload_run_logs...
2026-09-28 14:30:19,206 - DEBUG - [global] log_uploader: START window=periodic made=-1 token=...Rjnfq
2026-09-28 14:30:20,296 - DEBUG - [global] _api_put: GET runs/20260928_143019_fail_periodic.log -> 404
2026-09-28 14:30:22,331 - DEBUG - [global] _api_put: PUT runs/20260928_143019_fail_periodic.log -> 409 (2785 bytes)
2026-09-28 14:30:22,331 - WARNING - [global] _api_put: PUT failed body: {"message":"is at 027f3f9a093cea48054608e93328323c8ce3e6bf but expected 1a94704ef2238e6a4d9e1947cd6c059025520dfb","documentation_url":"https://docs.github.com/rest/repos/contents#create-or-update-file
2026-09-28 14:30:22,333 - DEBUG - [global] log_uploader: STEP 1 (window log) -> FAILED
2026-09-28 14:30:22,333 - DEBUG - [global] log_uploader: STEP 2 SKIP (no PNGs)
2026-09-28 14:30:23,388 - DEBUG - [global] _api_put: GET runs/20260928_143019_fail_global.log -> 404
2026-09-28 14:30:25,583 - DEBUG - [global] _api_put: PUT runs/20260928_143019_fail_global.log -> 201 (20127 bytes)
2026-09-28 14:30:25,584 - DEBUG - [global] log_uploader: STEP 3 (global log) -> https://github.com/StarateJI/L2Mauto/blob/bot-logs/runs/20260928_143019_fail_global.log
2026-09-28 14:30:25,584 - DEBUG - [global] log_uploader: END window=periodic
2026-09-28 14:30:25,584 - INFO - [global] LogUploader: upload_run_logs завершён
2026-09-28 14:30:36,113 - INFO - [global] Проверяю обновы...
2026-09-28 14:30:37,247 - DEBUG - [global] needs_update: raw → 5.13.09
2026-09-28 14:30:37,550 - DEBUG - [global] needs_update: API → 5.13.09
2026-09-28 14:30:37,550 - DEBUG - [global] needs_update: лучший источник raw → 5.13.09 (из 2)
2026-09-28 14:30:37,550 - INFO - [global] needs_update: local=(5, 13, 7) remote=(5, 13, 9) -> has_update=True
2026-09-28 14:30:37,550 - INFO - [global] Доступна обнова! Спавню кнопку
2026-09-28 14:31:07,562 - INFO - [global] Проверяю обновы...
2026-09-28 14:31:08,378 - DEBUG - [global] needs_update: raw → 5.13.09
2026-09-28 14:31:08,715 - DEBUG - [global] needs_update: API → 5.13.09
2026-09-28 14:31:08,716 - DEBUG - [global] needs_update: лучший источник raw → 5.13.09 (из 2)
2026-09-28 14:31:08,716 - INFO - [global] needs_update: local=(5, 13, 7) remote=(5, 13, 9) -> has_update=True
2026-09-28 14:31:08,716 - INFO - [global] Доступна обнова! Спавню кнопку
2026-09-28 14:31:25,611 - INFO - [global] LogUploader: запускаю upload_run_logs...
2026-09-28 14:31:25,611 - DEBUG - [global] log_uploader: START window=periodic made=-1 token=...Rjnfq
2026-09-28 14:31:26,752 - DEBUG - [global] _api_put: GET runs/20260928_143125_fail_periodic.log -> 404
2026-09-28 14:31:28,879 - DEBUG - [global] _api_put: PUT runs/20260928_143125_fail_periodic.log -> 201 (2785 bytes)
2026-09-28 14:31:28,881 - DEBUG - [global] log_uploader: STEP 1 (window log) -> https://github.com/StarateJI/L2Mauto/blob/bot-logs/runs/20260928_143125_fail_periodic.log
2026-09-28 14:31:28,882 - DEBUG - [global] log_uploader: STEP 2 SKIP (no PNGs)
2026-09-28 14:31:29,989 - DEBUG - [global] _api_put: GET runs/20260928_143125_fail_global.log -> 404
2026-09-28 14:31:32,840 - DEBUG - [global] _api_put: PUT runs/20260928_143125_fail_global.log -> 201 (20127 bytes)
2026-09-28 14:31:32,841 - DEBUG - [global] log_uploader: STEP 3 (global log) -> https://github.com/StarateJI/L2Mauto/blob/bot-logs/runs/20260928_143125_fail_global.log
2026-09-28 14:31:32,841 - DEBUG - [global] log_uploader: END window=periodic
2026-09-28 14:31:32,842 - INFO - [global] LogUploader: upload_run_logs завершён
2026-09-28 14:31:38,732 - INFO - [global] Проверяю обновы...
2026-09-28 14:31:39,513 - DEBUG - [global] needs_update: raw → 5.13.09
2026-09-28 14:31:40,061 - DEBUG - [global] needs_update: API → 5.13.09
2026-09-28 14:31:40,061 - DEBUG - [global] needs_update: лучший источник raw → 5.13.09 (из 2)
2026-09-28 14:31:40,061 - INFO - [global] needs_update: local=(5, 13, 7) remote=(5, 13, 9) -> has_update=True
2026-09-28 14:31:40,061 - INFO - [global] Доступна обнова! Спавню кнопку
2026-09-28 14:32:10,076 - INFO - [global] Проверяю обновы...
2026-09-28 14:32:10,871 - DEBUG - [global] needs_update: raw → 5.13.09
2026-09-28 14:32:11,220 - DEBUG - [global] needs_update: API → 5.13.09
2026-09-28 14:32:11,221 - DEBUG - [global] needs_update: лучший источник raw → 5.13.09 (из 2)
2026-09-28 14:32:11,221 - INFO - [global] needs_update: local=(5, 13, 7) remote=(5, 13, 9) -> has_update=True
2026-09-28 14:32:11,221 - INFO - [global] Доступна обнова! Спавню кнопку
2026-09-28 14:32:32,868 - INFO - [global] LogUploader: запускаю upload_run_logs...
2026-09-28 14:32:32,868 - DEBUG - [global] log_uploader: START window=periodic made=-1 token=...Rjnfq
2026-09-28 14:32:33,977 - DEBUG - [global] _api_put: GET runs/20260928_143232_fail_periodic.log -> 404
2026-09-28 14:32:35,706 - DEBUG - [global] _api_put: PUT runs/20260928_143232_fail_periodic.log -> 409 (2785 bytes)
2026-09-28 14:32:35,706 - WARNING - [global] _api_put: PUT failed body: {"message":"is at 59bb6b64269d5dcedf4d0348b7f1a141faacc15f but expected 68e2b971fd67d20ce686b4887ca958d74e81238e","documentation_url":"https://docs.github.com/rest/repos/contents#create-or-update-file
2026-09-28 14:32:35,708 - DEBUG - [global] log_uploader: STEP 1 (window log) -> FAILED
2026-09-28 14:32:35,709 - DEBUG - [global] log_uploader: STEP 2 SKIP (no PNGs)
2026-09-28 14:32:36,959 - DEBUG - [global] _api_put: GET runs/20260928_143232_fail_global.log -> 404
2026-09-28 14:32:39,547 - DEBUG - [global] _api_put: PUT runs/20260928_143232_fail_global.log -> 201 (20205 bytes)
2026-09-28 14:32:39,549 - DEBUG - [global] log_uploader: STEP 3 (global log) -> https://github.com/StarateJI/L2Mauto/blob/bot-logs/runs/20260928_143232_fail_global.log
2026-09-28 14:32:39,549 - DEBUG - [global] log_uploader: END window=periodic
2026-09-28 14:32:39,549 - INFO - [global] LogUploader: upload_run_logs завершён
2026-09-28 14:32:41,237 - INFO - [global] Проверяю обновы...
2026-09-28 14:32:42,068 - DEBUG - [global] needs_update: raw → 5.13.09
2026-09-28 14:32:42,255 - DEBUG - [global] needs_update: API → 5.13.09
2026-09-28 14:32:42,255 - DEBUG - [global] needs_update: лучший источник raw → 5.13.09 (из 2)
2026-09-28 14:32:42,255 - INFO - [global] needs_update: local=(5, 13, 7) remote=(5, 13, 9) -> has_update=True
2026-09-28 14:32:42,255 - INFO - [global] Доступна обнова! Спавню кнопку
2026-09-28 14:33:12,272 - INFO - [global] Проверяю обновы...
2026-09-28 14:33:13,067 - DEBUG - [global] needs_update: raw → 5.13.09
2026-09-28 14:33:13,461 - DEBUG - [global] needs_update: API → 5.13.09
2026-09-28 14:33:13,461 - DEBUG - [global] needs_update: лучший источник raw → 5.13.09 (из 2)
2026-09-28 14:33:13,461 - INFO - [global] needs_update: local=(5, 13, 7) remote=(5, 13, 9) -> has_update=True
2026-09-28 14:33:13,461 - INFO - [global] Доступна обнова! Спавню кнопку
2026-09-28 14:33:39,580 - INFO - [global] LogUploader: запускаю upload_run_logs...
2026-09-28 14:33:39,580 - DEBUG - [global] log_uploader: START window=periodic made=-1 token=...Rjnfq
2026-09-28 14:33:40,612 - DEBUG - [global] _api_put: GET runs/20260928_143339_fail_periodic.log -> 404
2026-09-28 14:33:42,812 - DEBUG - [global] _api_put: PUT runs/20260928_143339_fail_periodic.log -> 201 (2785 bytes)
2026-09-28 14:33:42,814 - DEBUG - [global] log_uploader: STEP 1 (window log) -> https://github.com/StarateJI/L2Mauto/blob/bot-logs/runs/20260928_143339_fail_periodic.log
2026-09-28 14:33:42,815 - DEBUG - [global] log_uploader: STEP 2 SKIP (no PNGs)
2026-09-28 14:33:43,477 - INFO - [global] Проверяю обновы...
2026-09-28 14:33:43,876 - DEBUG - [global] _api_put: GET runs/20260928_143339_fail_global.log -> 404
2026-09-28 14:33:44,336 - DEBUG - [global] needs_update: raw → 5.13.09
2026-09-28 14:33:44,494 - DEBUG - [global] needs_update: API → 5.13.09
2026-09-28 14:33:44,494 - DEBUG - [global] needs_update: лучший источник raw → 5.13.09 (из 2)
2026-09-28 14:33:44,494 - INFO - [global] needs_update: local=(5, 13, 7) remote=(5, 13, 9) -> has_update=True
2026-09-28 14:33:44,494 - INFO - [global] Доступна обнова! Спавню кнопку
2026-09-28 14:33:46,119 - DEBUG - [global] _api_put: PUT runs/20260928_143339_fail_global.log -> 409 (20205 bytes)
2026-09-28 14:33:46,119 - WARNING - [global] _api_put: PUT failed body: {"message":"is at 23a81eeb4ca5e2e07e54c743ec43b16e1fbb7365 but expected cfcc3acc112ee4753a850506bad2a34788ca51ed","documentation_url":"https://docs.github.com/rest/repos/contents#create-or-update-file
2026-09-28 14:33:46,121 - DEBUG - [global] log_uploader: STEP 3 (global log) -> FAILED
2026-09-28 14:33:46,121 - DEBUG - [global] log_uploader: END window=periodic
2026-09-28 14:33:46,121 - INFO - [global] LogUploader: upload_run_logs завершён
2026-09-28 14:34:14,510 - INFO - [global] Проверяю обновы...
2026-09-28 14:34:15,308 - DEBUG - [global] needs_update: raw → 5.13.09
2026-09-28 14:34:15,664 - DEBUG - [global] needs_update: API → 5.13.09
2026-09-28 14:34:15,664 - DEBUG - [global] needs_update: лучший источник raw → 5.13.09 (из 2)
2026-09-28 14:34:15,664 - INFO - [global] needs_update: local=(5, 13, 7) remote=(5, 13, 9) -> has_update=True
2026-09-28 14:34:15,664 - INFO - [global] Доступна обнова! Спавню кнопку
2026-09-28 14:34:45,678 - INFO - [global] Проверяю обновы...
2026-09-28 14:34:46,148 - INFO - [global] LogUploader: запускаю upload_run_logs...
2026-09-28 14:34:46,148 - DEBUG - [global] log_uploader: START window=periodic made=-1 token=...Rjnfq
2026-09-28 14:34:46,556 - DEBUG - [global] needs_update: raw → 5.13.09
2026-09-28 14:34:46,850 - DEBUG - [global] needs_update: API → 5.13.09
2026-09-28 14:34:46,850 - DEBUG - [global] needs_update: лучший источник raw → 5.13.09 (из 2)
2026-09-28 14:34:46,851 - INFO - [global] needs_update: local=(5, 13, 7) remote=(5, 13, 9) -> has_update=True
2026-09-28 14:34:46,851 - INFO - [global] Доступна обнова! Спавню кнопку
2026-09-28 14:34:47,127 - DEBUG - [global] _api_put: GET runs/20260928_143446_fail_periodic.log -> 404
2026-09-28 14:34:49,115 - DEBUG - [global] _api_put: PUT runs/20260928_143446_fail_periodic.log -> 201 (2785 bytes)
2026-09-28 14:34:49,118 - DEBUG - [global] log_uploader: STEP 1 (window log) -> https://github.com/StarateJI/L2Mauto/blob/bot-logs/runs/20260928_143446_fail_periodic.log
2026-09-28 14:34:49,118 - DEBUG - [global] log_uploader: STEP 2 SKIP (no PNGs)
