=== Log tail 2026-09-26T05:16:06.631167 | last 200 lines ===
2026-09-26 05:07:02,530 - DEBUG - [global] needs_update: API → 5.13.09
2026-09-26 05:07:02,530 - DEBUG - [global] needs_update: лучший источник raw → 5.13.09 (из 2)
2026-09-26 05:07:02,530 - INFO - [global] needs_update: local=(5, 13, 7) remote=(5, 13, 9) -> has_update=True
2026-09-26 05:07:02,530 - INFO - [global] Доступна обнова! Спавню кнопку
2026-09-26 05:07:22,425 - INFO - [global] LogUploader: запускаю upload_run_logs...
2026-09-26 05:07:22,425 - DEBUG - [global] log_uploader: START window=periodic made=-1 token=...Rjnfq
2026-09-26 05:07:23,335 - DEBUG - [global] _api_put: GET runs/20260926_050722_fail_periodic.log -> 404
2026-09-26 05:07:24,957 - DEBUG - [global] _api_put: PUT runs/20260926_050722_fail_periodic.log -> 201 (6822 bytes)
2026-09-26 05:07:24,961 - DEBUG - [global] log_uploader: STEP 1 (window log) -> https://github.com/StarateJI/L2Mauto/blob/bot-logs/runs/20260926_050722_fail_periodic.log
2026-09-26 05:07:24,961 - DEBUG - [global] log_uploader: STEP 2 SKIP (no PNGs)
2026-09-26 05:07:26,128 - DEBUG - [global] _api_put: GET runs/20260926_050722_fail_global.log -> 404
2026-09-26 05:07:27,716 - DEBUG - [global] _api_put: PUT runs/20260926_050722_fail_global.log -> 201 (20010 bytes)
2026-09-26 05:07:27,718 - DEBUG - [global] log_uploader: STEP 3 (global log) -> https://github.com/StarateJI/L2Mauto/blob/bot-logs/runs/20260926_050722_fail_global.log
2026-09-26 05:07:27,718 - DEBUG - [global] log_uploader: END window=periodic
2026-09-26 05:07:27,718 - INFO - [global] LogUploader: upload_run_logs завершён
2026-09-26 05:07:32,552 - INFO - [global] Проверяю обновы...
2026-09-26 05:07:33,355 - DEBUG - [global] needs_update: raw → 5.13.09
2026-09-26 05:07:33,538 - DEBUG - [global] needs_update: API → 5.13.09
2026-09-26 05:07:33,538 - DEBUG - [global] needs_update: лучший источник raw → 5.13.09 (из 2)
2026-09-26 05:07:33,538 - INFO - [global] needs_update: local=(5, 13, 7) remote=(5, 13, 9) -> has_update=True
2026-09-26 05:07:33,538 - INFO - [global] Доступна обнова! Спавню кнопку
2026-09-26 05:08:03,558 - INFO - [global] Проверяю обновы...
2026-09-26 05:08:04,349 - DEBUG - [global] needs_update: raw → 5.13.09
2026-09-26 05:08:04,554 - DEBUG - [global] needs_update: API → 5.13.09
2026-09-26 05:08:04,555 - DEBUG - [global] needs_update: лучший источник raw → 5.13.09 (из 2)
2026-09-26 05:08:04,555 - INFO - [global] needs_update: local=(5, 13, 7) remote=(5, 13, 9) -> has_update=True
2026-09-26 05:08:04,555 - INFO - [global] Доступна обнова! Спавню кнопку
2026-09-26 05:08:27,760 - INFO - [global] LogUploader: запускаю upload_run_logs...
2026-09-26 05:08:27,761 - DEBUG - [global] log_uploader: START window=periodic made=-1 token=...Rjnfq
2026-09-26 05:08:28,710 - DEBUG - [global] _api_put: GET runs/20260926_050827_fail_periodic.log -> 404
2026-09-26 05:08:30,170 - DEBUG - [global] _api_put: PUT runs/20260926_050827_fail_periodic.log -> 201 (6822 bytes)
2026-09-26 05:08:30,173 - DEBUG - [global] log_uploader: STEP 1 (window log) -> https://github.com/StarateJI/L2Mauto/blob/bot-logs/runs/20260926_050827_fail_periodic.log
2026-09-26 05:08:30,174 - DEBUG - [global] log_uploader: STEP 2 SKIP (no PNGs)
2026-09-26 05:08:31,220 - DEBUG - [global] _api_put: GET runs/20260926_050827_fail_global.log -> 404
2026-09-26 05:08:32,836 - DEBUG - [global] _api_put: PUT runs/20260926_050827_fail_global.log -> 201 (20010 bytes)
2026-09-26 05:08:32,839 - DEBUG - [global] log_uploader: STEP 3 (global log) -> https://github.com/StarateJI/L2Mauto/blob/bot-logs/runs/20260926_050827_fail_global.log
2026-09-26 05:08:32,839 - DEBUG - [global] log_uploader: END window=periodic
2026-09-26 05:08:32,839 - INFO - [global] LogUploader: upload_run_logs завершён
2026-09-26 05:08:34,577 - INFO - [global] Проверяю обновы...
2026-09-26 05:08:35,426 - DEBUG - [global] needs_update: raw → 5.13.09
2026-09-26 05:08:35,614 - DEBUG - [global] needs_update: API → 5.13.09
2026-09-26 05:08:35,614 - DEBUG - [global] needs_update: лучший источник raw → 5.13.09 (из 2)
2026-09-26 05:08:35,614 - INFO - [global] needs_update: local=(5, 13, 7) remote=(5, 13, 9) -> has_update=True
2026-09-26 05:08:35,614 - INFO - [global] Доступна обнова! Спавню кнопку
2026-09-26 05:09:05,631 - INFO - [global] Проверяю обновы...
2026-09-26 05:09:06,514 - DEBUG - [global] needs_update: raw → 5.13.09
2026-09-26 05:09:06,730 - DEBUG - [global] needs_update: API → 5.13.09
2026-09-26 05:09:06,732 - DEBUG - [global] needs_update: лучший источник raw → 5.13.09 (из 2)
2026-09-26 05:09:06,732 - INFO - [global] needs_update: local=(5, 13, 7) remote=(5, 13, 9) -> has_update=True
2026-09-26 05:09:06,732 - INFO - [global] Доступна обнова! Спавню кнопку
2026-09-26 05:09:32,882 - INFO - [global] LogUploader: запускаю upload_run_logs...
2026-09-26 05:09:32,883 - DEBUG - [global] log_uploader: START window=periodic made=-1 token=...Rjnfq
2026-09-26 05:09:33,845 - DEBUG - [global] _api_put: GET runs/20260926_050932_fail_periodic.log -> 404
2026-09-26 05:09:35,499 - DEBUG - [global] _api_put: PUT runs/20260926_050932_fail_periodic.log -> 201 (6822 bytes)
2026-09-26 05:09:35,502 - DEBUG - [global] log_uploader: STEP 1 (window log) -> https://github.com/StarateJI/L2Mauto/blob/bot-logs/runs/20260926_050932_fail_periodic.log
2026-09-26 05:09:35,502 - DEBUG - [global] log_uploader: STEP 2 SKIP (no PNGs)
2026-09-26 05:09:36,533 - DEBUG - [global] _api_put: GET runs/20260926_050932_fail_global.log -> 404
2026-09-26 05:09:36,752 - INFO - [global] Проверяю обновы...
2026-09-26 05:09:37,659 - DEBUG - [global] needs_update: raw → 5.13.09
2026-09-26 05:09:37,871 - DEBUG - [global] needs_update: API → 5.13.09
2026-09-26 05:09:37,872 - DEBUG - [global] needs_update: лучший источник raw → 5.13.09 (из 2)
2026-09-26 05:09:37,872 - INFO - [global] needs_update: local=(5, 13, 7) remote=(5, 13, 9) -> has_update=True
2026-09-26 05:09:37,872 - INFO - [global] Доступна обнова! Спавню кнопку
2026-09-26 05:09:38,703 - DEBUG - [global] _api_put: PUT runs/20260926_050932_fail_global.log -> 201 (20010 bytes)
2026-09-26 05:09:38,705 - DEBUG - [global] log_uploader: STEP 3 (global log) -> https://github.com/StarateJI/L2Mauto/blob/bot-logs/runs/20260926_050932_fail_global.log
2026-09-26 05:09:38,705 - DEBUG - [global] log_uploader: END window=periodic
2026-09-26 05:09:38,705 - INFO - [global] LogUploader: upload_run_logs завершён
2026-09-26 05:10:07,889 - INFO - [global] Проверяю обновы...
2026-09-26 05:10:08,721 - DEBUG - [global] needs_update: raw → 5.13.09
2026-09-26 05:10:08,955 - DEBUG - [global] needs_update: API → 5.13.09
2026-09-26 05:10:08,956 - DEBUG - [global] needs_update: лучший источник raw → 5.13.09 (из 2)
2026-09-26 05:10:08,956 - INFO - [global] needs_update: local=(5, 13, 7) remote=(5, 13, 9) -> has_update=True
2026-09-26 05:10:08,956 - INFO - [global] Доступна обнова! Спавню кнопку
2026-09-26 05:10:38,737 - INFO - [global] LogUploader: запускаю upload_run_logs...
2026-09-26 05:10:38,738 - DEBUG - [global] log_uploader: START window=periodic made=-1 token=...Rjnfq
2026-09-26 05:10:38,971 - INFO - [global] Проверяю обновы...
2026-09-26 05:10:39,817 - DEBUG - [global] _api_put: GET runs/20260926_051038_fail_periodic.log -> 404
2026-09-26 05:10:39,860 - DEBUG - [global] needs_update: raw → 5.13.09
2026-09-26 05:10:40,059 - DEBUG - [global] needs_update: API → 5.13.09
2026-09-26 05:10:40,060 - DEBUG - [global] needs_update: лучший источник raw → 5.13.09 (из 2)
2026-09-26 05:10:40,060 - INFO - [global] needs_update: local=(5, 13, 7) remote=(5, 13, 9) -> has_update=True
2026-09-26 05:10:40,060 - INFO - [global] Доступна обнова! Спавню кнопку
2026-09-26 05:10:41,338 - DEBUG - [global] _api_put: PUT runs/20260926_051038_fail_periodic.log -> 201 (6822 bytes)
2026-09-26 05:10:41,340 - DEBUG - [global] log_uploader: STEP 1 (window log) -> https://github.com/StarateJI/L2Mauto/blob/bot-logs/runs/20260926_051038_fail_periodic.log
2026-09-26 05:10:41,341 - DEBUG - [global] log_uploader: STEP 2 SKIP (no PNGs)
2026-09-26 05:10:42,368 - DEBUG - [global] _api_put: GET runs/20260926_051038_fail_global.log -> 404
2026-09-26 05:10:44,053 - DEBUG - [global] _api_put: PUT runs/20260926_051038_fail_global.log -> 201 (20010 bytes)
2026-09-26 05:10:44,056 - DEBUG - [global] log_uploader: STEP 3 (global log) -> https://github.com/StarateJI/L2Mauto/blob/bot-logs/runs/20260926_051038_fail_global.log
2026-09-26 05:10:44,056 - DEBUG - [global] log_uploader: END window=periodic
2026-09-26 05:10:44,056 - INFO - [global] LogUploader: upload_run_logs завершён
2026-09-26 05:11:10,079 - INFO - [global] Проверяю обновы...
2026-09-26 05:11:10,878 - DEBUG - [global] needs_update: raw → 5.13.09
2026-09-26 05:11:11,082 - DEBUG - [global] needs_update: API → 5.13.09
2026-09-26 05:11:11,083 - DEBUG - [global] needs_update: лучший источник raw → 5.13.09 (из 2)
2026-09-26 05:11:11,083 - INFO - [global] needs_update: local=(5, 13, 7) remote=(5, 13, 9) -> has_update=True
2026-09-26 05:11:11,083 - INFO - [global] Доступна обнова! Спавню кнопку
2026-09-26 05:11:41,101 - INFO - [global] Проверяю обновы...
2026-09-26 05:11:41,877 - DEBUG - [global] needs_update: raw → 5.13.09
2026-09-26 05:11:42,030 - DEBUG - [global] needs_update: API → 5.13.09
2026-09-26 05:11:42,030 - DEBUG - [global] needs_update: лучший источник raw → 5.13.09 (из 2)
2026-09-26 05:11:42,030 - INFO - [global] needs_update: local=(5, 13, 7) remote=(5, 13, 9) -> has_update=True
2026-09-26 05:11:42,030 - INFO - [global] Доступна обнова! Спавню кнопку
2026-09-26 05:11:44,102 - INFO - [global] LogUploader: запускаю upload_run_logs...
2026-09-26 05:11:44,102 - DEBUG - [global] log_uploader: START window=periodic made=-1 token=...Rjnfq
2026-09-26 05:11:44,937 - DEBUG - [global] _api_put: GET runs/20260926_051144_fail_periodic.log -> 404
2026-09-26 05:11:46,407 - DEBUG - [global] _api_put: PUT runs/20260926_051144_fail_periodic.log -> 201 (6822 bytes)
2026-09-26 05:11:46,409 - DEBUG - [global] log_uploader: STEP 1 (window log) -> https://github.com/StarateJI/L2Mauto/blob/bot-logs/runs/20260926_051144_fail_periodic.log
2026-09-26 05:11:46,409 - DEBUG - [global] log_uploader: STEP 2 SKIP (no PNGs)
2026-09-26 05:11:47,336 - DEBUG - [global] _api_put: GET runs/20260926_051144_fail_global.log -> 404
2026-09-26 05:11:48,915 - DEBUG - [global] _api_put: PUT runs/20260926_051144_fail_global.log -> 201 (20010 bytes)
2026-09-26 05:11:48,916 - DEBUG - [global] log_uploader: STEP 3 (global log) -> https://github.com/StarateJI/L2Mauto/blob/bot-logs/runs/20260926_051144_fail_global.log
2026-09-26 05:11:48,916 - DEBUG - [global] log_uploader: END window=periodic
2026-09-26 05:11:48,916 - INFO - [global] LogUploader: upload_run_logs завершён
2026-09-26 05:12:12,048 - INFO - [global] Проверяю обновы...
2026-09-26 05:12:12,871 - DEBUG - [global] needs_update: raw → 5.13.09
2026-09-26 05:12:13,027 - DEBUG - [global] needs_update: API → 5.13.09
2026-09-26 05:12:13,028 - DEBUG - [global] needs_update: лучший источник raw → 5.13.09 (из 2)
2026-09-26 05:12:13,028 - INFO - [global] needs_update: local=(5, 13, 7) remote=(5, 13, 9) -> has_update=True
2026-09-26 05:12:13,028 - INFO - [global] Доступна обнова! Спавню кнопку
2026-09-26 05:12:43,047 - INFO - [global] Проверяю обновы...
2026-09-26 05:12:43,902 - DEBUG - [global] needs_update: raw → 5.13.09
2026-09-26 05:12:44,000 - DEBUG - [global] needs_update: API → 5.13.09
2026-09-26 05:12:44,001 - DEBUG - [global] needs_update: лучший источник raw → 5.13.09 (из 2)
2026-09-26 05:12:44,001 - INFO - [global] needs_update: local=(5, 13, 7) remote=(5, 13, 9) -> has_update=True
2026-09-26 05:12:44,001 - INFO - [global] Доступна обнова! Спавню кнопку
2026-09-26 05:12:48,951 - INFO - [global] LogUploader: запускаю upload_run_logs...
2026-09-26 05:12:48,952 - DEBUG - [global] log_uploader: START window=periodic made=-1 token=...Rjnfq
2026-09-26 05:12:49,842 - DEBUG - [global] _api_put: GET runs/20260926_051248_fail_periodic.log -> 404
2026-09-26 05:12:51,280 - DEBUG - [global] _api_put: PUT runs/20260926_051248_fail_periodic.log -> 201 (6822 bytes)
2026-09-26 05:12:51,282 - DEBUG - [global] log_uploader: STEP 1 (window log) -> https://github.com/StarateJI/L2Mauto/blob/bot-logs/runs/20260926_051248_fail_periodic.log
2026-09-26 05:12:51,283 - DEBUG - [global] log_uploader: STEP 2 SKIP (no PNGs)
2026-09-26 05:12:52,244 - DEBUG - [global] _api_put: GET runs/20260926_051248_fail_global.log -> 404
2026-09-26 05:12:53,862 - DEBUG - [global] _api_put: PUT runs/20260926_051248_fail_global.log -> 201 (20010 bytes)
2026-09-26 05:12:53,864 - DEBUG - [global] log_uploader: STEP 3 (global log) -> https://github.com/StarateJI/L2Mauto/blob/bot-logs/runs/20260926_051248_fail_global.log
2026-09-26 05:12:53,864 - DEBUG - [global] log_uploader: END window=periodic
2026-09-26 05:12:53,864 - INFO - [global] LogUploader: upload_run_logs завершён
2026-09-26 05:13:14,019 - INFO - [global] Проверяю обновы...
2026-09-26 05:13:14,821 - DEBUG - [global] needs_update: raw → 5.13.09
2026-09-26 05:13:15,008 - DEBUG - [global] needs_update: API → 5.13.09
2026-09-26 05:13:15,009 - DEBUG - [global] needs_update: лучший источник raw → 5.13.09 (из 2)
2026-09-26 05:13:15,009 - INFO - [global] needs_update: local=(5, 13, 7) remote=(5, 13, 9) -> has_update=True
2026-09-26 05:13:15,009 - INFO - [global] Доступна обнова! Спавню кнопку
2026-09-26 05:13:45,029 - INFO - [global] Проверяю обновы...
2026-09-26 05:13:45,805 - DEBUG - [global] needs_update: raw → 5.13.09
2026-09-26 05:13:46,039 - DEBUG - [global] needs_update: API → 5.13.09
2026-09-26 05:13:46,040 - DEBUG - [global] needs_update: лучший источник raw → 5.13.09 (из 2)
2026-09-26 05:13:46,040 - INFO - [global] needs_update: local=(5, 13, 7) remote=(5, 13, 9) -> has_update=True
2026-09-26 05:13:46,040 - INFO - [global] Доступна обнова! Спавню кнопку
2026-09-26 05:13:53,897 - INFO - [global] LogUploader: запускаю upload_run_logs...
2026-09-26 05:13:53,897 - DEBUG - [global] log_uploader: START window=periodic made=-1 token=...Rjnfq
2026-09-26 05:13:54,764 - DEBUG - [global] _api_put: GET runs/20260926_051353_fail_periodic.log -> 404
2026-09-26 05:13:56,271 - DEBUG - [global] _api_put: PUT runs/20260926_051353_fail_periodic.log -> 201 (6822 bytes)
2026-09-26 05:13:56,273 - DEBUG - [global] log_uploader: STEP 1 (window log) -> https://github.com/StarateJI/L2Mauto/blob/bot-logs/runs/20260926_051353_fail_periodic.log
2026-09-26 05:13:56,273 - DEBUG - [global] log_uploader: STEP 2 SKIP (no PNGs)
2026-09-26 05:13:57,254 - DEBUG - [global] _api_put: GET runs/20260926_051353_fail_global.log -> 404
2026-09-26 05:13:59,078 - DEBUG - [global] _api_put: PUT runs/20260926_051353_fail_global.log -> 201 (20010 bytes)
2026-09-26 05:13:59,080 - DEBUG - [global] log_uploader: STEP 3 (global log) -> https://github.com/StarateJI/L2Mauto/blob/bot-logs/runs/20260926_051353_fail_global.log
2026-09-26 05:13:59,080 - DEBUG - [global] log_uploader: END window=periodic
2026-09-26 05:13:59,080 - INFO - [global] LogUploader: upload_run_logs завершён
2026-09-26 05:14:16,057 - INFO - [global] Проверяю обновы...
2026-09-26 05:14:16,888 - DEBUG - [global] needs_update: raw → 5.13.09
2026-09-26 05:14:17,053 - DEBUG - [global] needs_update: API → 5.13.09
2026-09-26 05:14:17,054 - DEBUG - [global] needs_update: лучший источник raw → 5.13.09 (из 2)
2026-09-26 05:14:17,054 - INFO - [global] needs_update: local=(5, 13, 7) remote=(5, 13, 9) -> has_update=True
2026-09-26 05:14:17,054 - INFO - [global] Доступна обнова! Спавню кнопку
2026-09-26 05:14:47,075 - INFO - [global] Проверяю обновы...
2026-09-26 05:14:47,858 - DEBUG - [global] needs_update: raw → 5.13.09
2026-09-26 05:14:48,059 - DEBUG - [global] needs_update: API → 5.13.09
2026-09-26 05:14:48,059 - DEBUG - [global] needs_update: лучший источник raw → 5.13.09 (из 2)
2026-09-26 05:14:48,060 - INFO - [global] needs_update: local=(5, 13, 7) remote=(5, 13, 9) -> has_update=True
2026-09-26 05:14:48,060 - INFO - [global] Доступна обнова! Спавню кнопку
2026-09-26 05:14:59,114 - INFO - [global] LogUploader: запускаю upload_run_logs...
2026-09-26 05:14:59,114 - DEBUG - [global] log_uploader: START window=periodic made=-1 token=...Rjnfq
2026-09-26 05:14:59,992 - DEBUG - [global] _api_put: GET runs/20260926_051459_fail_periodic.log -> 404
2026-09-26 05:15:01,565 - DEBUG - [global] _api_put: PUT runs/20260926_051459_fail_periodic.log -> 201 (6822 bytes)
2026-09-26 05:15:01,567 - DEBUG - [global] log_uploader: STEP 1 (window log) -> https://github.com/StarateJI/L2Mauto/blob/bot-logs/runs/20260926_051459_fail_periodic.log
2026-09-26 05:15:01,567 - DEBUG - [global] log_uploader: STEP 2 SKIP (no PNGs)
2026-09-26 05:15:02,504 - DEBUG - [global] _api_put: GET runs/20260926_051459_fail_global.log -> 404
2026-09-26 05:15:04,226 - DEBUG - [global] _api_put: PUT runs/20260926_051459_fail_global.log -> 201 (20010 bytes)
2026-09-26 05:15:04,228 - DEBUG - [global] log_uploader: STEP 3 (global log) -> https://github.com/StarateJI/L2Mauto/blob/bot-logs/runs/20260926_051459_fail_global.log
2026-09-26 05:15:04,228 - DEBUG - [global] log_uploader: END window=periodic
2026-09-26 05:15:04,228 - INFO - [global] LogUploader: upload_run_logs завершён
2026-09-26 05:15:18,076 - INFO - [global] Проверяю обновы...
2026-09-26 05:15:18,866 - DEBUG - [global] needs_update: raw → 5.13.09
2026-09-26 05:15:19,209 - DEBUG - [global] needs_update: API → 5.13.09
2026-09-26 05:15:19,210 - DEBUG - [global] needs_update: лучший источник raw → 5.13.09 (из 2)
2026-09-26 05:15:19,210 - INFO - [global] needs_update: local=(5, 13, 7) remote=(5, 13, 9) -> has_update=True
2026-09-26 05:15:19,210 - INFO - [global] Доступна обнова! Спавню кнопку
2026-09-26 05:15:49,226 - INFO - [global] Проверяю обновы...
2026-09-26 05:15:50,031 - DEBUG - [global] needs_update: raw → 5.13.09
2026-09-26 05:15:50,179 - DEBUG - [global] needs_update: API → 5.13.09
2026-09-26 05:15:50,179 - DEBUG - [global] needs_update: лучший источник raw → 5.13.09 (из 2)
2026-09-26 05:15:50,179 - INFO - [global] needs_update: local=(5, 13, 7) remote=(5, 13, 9) -> has_update=True
2026-09-26 05:15:50,180 - INFO - [global] Доступна обнова! Спавню кнопку
2026-09-26 05:16:04,261 - INFO - [global] LogUploader: запускаю upload_run_logs...
2026-09-26 05:16:04,261 - DEBUG - [global] log_uploader: START window=periodic made=-1 token=...Rjnfq
2026-09-26 05:16:05,097 - DEBUG - [global] _api_put: GET runs/20260926_051604_fail_periodic.log -> 404
2026-09-26 05:16:06,548 - DEBUG - [global] _api_put: PUT runs/20260926_051604_fail_periodic.log -> 201 (6822 bytes)
2026-09-26 05:16:06,550 - DEBUG - [global] log_uploader: STEP 1 (window log) -> https://github.com/StarateJI/L2Mauto/blob/bot-logs/runs/20260926_051604_fail_periodic.log
2026-09-26 05:16:06,550 - DEBUG - [global] log_uploader: STEP 2 SKIP (no PNGs)
