=== Log tail 2026-09-25T22:44:08.397200 | last 200 lines ===
2026-09-25 22:34:51,307 - DEBUG - [global] needs_update: API → 5.13.09
2026-09-25 22:34:51,307 - DEBUG - [global] needs_update: лучший источник raw → 5.13.09 (из 2)
2026-09-25 22:34:51,307 - INFO - [global] needs_update: local=(5, 13, 7) remote=(5, 13, 9) -> has_update=True
2026-09-25 22:34:51,307 - INFO - [global] Доступна обнова! Спавню кнопку
2026-09-25 22:35:21,323 - INFO - [global] Проверяю обновы...
2026-09-25 22:35:22,136 - DEBUG - [global] needs_update: raw → 5.13.09
2026-09-25 22:35:22,309 - DEBUG - [global] needs_update: API → 5.13.09
2026-09-25 22:35:22,310 - DEBUG - [global] needs_update: лучший источник raw → 5.13.09 (из 2)
2026-09-25 22:35:22,310 - INFO - [global] needs_update: local=(5, 13, 7) remote=(5, 13, 9) -> has_update=True
2026-09-25 22:35:22,310 - INFO - [global] Доступна обнова! Спавню кнопку
2026-09-25 22:35:23,782 - INFO - [global] LogUploader: запускаю upload_run_logs...
2026-09-25 22:35:23,782 - DEBUG - [global] log_uploader: START window=periodic made=-1 token=...Rjnfq
2026-09-25 22:35:24,631 - DEBUG - [global] _api_put: GET runs/20260925_223523_fail_periodic.log -> 404
2026-09-25 22:35:26,307 - DEBUG - [global] _api_put: PUT runs/20260925_223523_fail_periodic.log -> 201 (477 bytes)
2026-09-25 22:35:26,309 - DEBUG - [global] log_uploader: STEP 1 (window log) -> https://github.com/StarateJI/L2Mauto/blob/bot-logs/runs/20260925_223523_fail_periodic.log
2026-09-25 22:35:26,309 - DEBUG - [global] log_uploader: STEP 2 SKIP (no PNGs)
2026-09-25 22:35:27,175 - DEBUG - [global] _api_put: GET runs/20260925_223523_fail_global.log -> 404
2026-09-25 22:35:28,905 - DEBUG - [global] _api_put: PUT runs/20260925_223523_fail_global.log -> 201 (20120 bytes)
2026-09-25 22:35:28,906 - DEBUG - [global] log_uploader: STEP 3 (global log) -> https://github.com/StarateJI/L2Mauto/blob/bot-logs/runs/20260925_223523_fail_global.log
2026-09-25 22:35:28,906 - DEBUG - [global] log_uploader: END window=periodic
2026-09-25 22:35:28,906 - INFO - [global] LogUploader: upload_run_logs завершён
2026-09-25 22:35:52,325 - INFO - [global] Проверяю обновы...
2026-09-25 22:35:53,076 - DEBUG - [global] needs_update: raw → 5.13.09
2026-09-25 22:35:53,323 - DEBUG - [global] needs_update: API → 5.13.09
2026-09-25 22:35:53,324 - DEBUG - [global] needs_update: лучший источник raw → 5.13.09 (из 2)
2026-09-25 22:35:53,324 - INFO - [global] needs_update: local=(5, 13, 7) remote=(5, 13, 9) -> has_update=True
2026-09-25 22:35:53,324 - INFO - [global] Доступна обнова! Спавню кнопку
2026-09-25 22:36:23,338 - INFO - [global] Проверяю обновы...
2026-09-25 22:36:24,097 - DEBUG - [global] needs_update: raw → 5.13.09
2026-09-25 22:36:24,282 - DEBUG - [global] needs_update: API → 5.13.09
2026-09-25 22:36:24,282 - DEBUG - [global] needs_update: лучший источник raw → 5.13.09 (из 2)
2026-09-25 22:36:24,282 - INFO - [global] needs_update: local=(5, 13, 7) remote=(5, 13, 9) -> has_update=True
2026-09-25 22:36:24,282 - INFO - [global] Доступна обнова! Спавню кнопку
2026-09-25 22:36:28,935 - INFO - [global] LogUploader: запускаю upload_run_logs...
2026-09-25 22:36:28,935 - DEBUG - [global] log_uploader: START window=periodic made=-1 token=...Rjnfq
2026-09-25 22:36:29,783 - DEBUG - [global] _api_put: GET runs/20260925_223628_fail_periodic.log -> 404
2026-09-25 22:36:31,425 - DEBUG - [global] _api_put: PUT runs/20260925_223628_fail_periodic.log -> 201 (477 bytes)
2026-09-25 22:36:31,427 - DEBUG - [global] log_uploader: STEP 1 (window log) -> https://github.com/StarateJI/L2Mauto/blob/bot-logs/runs/20260925_223628_fail_periodic.log
2026-09-25 22:36:31,427 - DEBUG - [global] log_uploader: STEP 2 SKIP (no PNGs)
2026-09-25 22:36:32,281 - DEBUG - [global] _api_put: GET runs/20260925_223628_fail_global.log -> 404
2026-09-25 22:36:33,949 - DEBUG - [global] _api_put: PUT runs/20260925_223628_fail_global.log -> 201 (20120 bytes)
2026-09-25 22:36:33,951 - DEBUG - [global] log_uploader: STEP 3 (global log) -> https://github.com/StarateJI/L2Mauto/blob/bot-logs/runs/20260925_223628_fail_global.log
2026-09-25 22:36:33,951 - DEBUG - [global] log_uploader: END window=periodic
2026-09-25 22:36:33,951 - INFO - [global] LogUploader: upload_run_logs завершён
2026-09-25 22:36:54,294 - INFO - [global] Проверяю обновы...
2026-09-25 22:36:55,041 - DEBUG - [global] needs_update: raw → 5.13.09
2026-09-25 22:36:55,327 - DEBUG - [global] needs_update: API → 5.13.09
2026-09-25 22:36:55,328 - DEBUG - [global] needs_update: лучший источник raw → 5.13.09 (из 2)
2026-09-25 22:36:55,328 - INFO - [global] needs_update: local=(5, 13, 7) remote=(5, 13, 9) -> has_update=True
2026-09-25 22:36:55,328 - INFO - [global] Доступна обнова! Спавню кнопку
2026-09-25 22:37:25,340 - INFO - [global] Проверяю обновы...
2026-09-25 22:37:26,123 - DEBUG - [global] needs_update: raw → 5.13.09
2026-09-25 22:37:26,316 - DEBUG - [global] needs_update: API → 5.13.09
2026-09-25 22:37:26,317 - DEBUG - [global] needs_update: лучший источник raw → 5.13.09 (из 2)
2026-09-25 22:37:26,317 - INFO - [global] needs_update: local=(5, 13, 7) remote=(5, 13, 9) -> has_update=True
2026-09-25 22:37:26,317 - INFO - [global] Доступна обнова! Спавню кнопку
2026-09-25 22:37:33,978 - INFO - [global] LogUploader: запускаю upload_run_logs...
2026-09-25 22:37:33,978 - DEBUG - [global] log_uploader: START window=periodic made=-1 token=...Rjnfq
2026-09-25 22:37:34,872 - DEBUG - [global] _api_put: GET runs/20260925_223733_fail_periodic.log -> 404
2026-09-25 22:37:36,489 - DEBUG - [global] _api_put: PUT runs/20260925_223733_fail_periodic.log -> 201 (477 bytes)
2026-09-25 22:37:36,490 - DEBUG - [global] log_uploader: STEP 1 (window log) -> https://github.com/StarateJI/L2Mauto/blob/bot-logs/runs/20260925_223733_fail_periodic.log
2026-09-25 22:37:36,490 - DEBUG - [global] log_uploader: STEP 2 SKIP (no PNGs)
2026-09-25 22:37:37,370 - DEBUG - [global] _api_put: GET runs/20260925_223733_fail_global.log -> 404
2026-09-25 22:37:39,099 - DEBUG - [global] _api_put: PUT runs/20260925_223733_fail_global.log -> 201 (20120 bytes)
2026-09-25 22:37:39,101 - DEBUG - [global] log_uploader: STEP 3 (global log) -> https://github.com/StarateJI/L2Mauto/blob/bot-logs/runs/20260925_223733_fail_global.log
2026-09-25 22:37:39,101 - DEBUG - [global] log_uploader: END window=periodic
2026-09-25 22:37:39,101 - INFO - [global] LogUploader: upload_run_logs завершён
2026-09-25 22:37:56,332 - INFO - [global] Проверяю обновы...
2026-09-25 22:37:57,063 - DEBUG - [global] needs_update: raw → 5.13.09
2026-09-25 22:37:57,353 - DEBUG - [global] needs_update: API → 5.13.09
2026-09-25 22:37:57,353 - DEBUG - [global] needs_update: лучший источник raw → 5.13.09 (из 2)
2026-09-25 22:37:57,353 - INFO - [global] needs_update: local=(5, 13, 7) remote=(5, 13, 9) -> has_update=True
2026-09-25 22:37:57,353 - INFO - [global] Доступна обнова! Спавню кнопку
2026-09-25 22:38:27,369 - INFO - [global] Проверяю обновы...
2026-09-25 22:38:28,148 - DEBUG - [global] needs_update: raw → 5.13.09
2026-09-25 22:38:28,356 - DEBUG - [global] needs_update: API → 5.13.09
2026-09-25 22:38:28,356 - DEBUG - [global] needs_update: лучший источник raw → 5.13.09 (из 2)
2026-09-25 22:38:28,356 - INFO - [global] needs_update: local=(5, 13, 7) remote=(5, 13, 9) -> has_update=True
2026-09-25 22:38:28,356 - INFO - [global] Доступна обнова! Спавню кнопку
2026-09-25 22:38:39,127 - INFO - [global] LogUploader: запускаю upload_run_logs...
2026-09-25 22:38:39,127 - DEBUG - [global] log_uploader: START window=periodic made=-1 token=...Rjnfq
2026-09-25 22:38:40,019 - DEBUG - [global] _api_put: GET runs/20260925_223839_fail_periodic.log -> 404
2026-09-25 22:38:41,570 - DEBUG - [global] _api_put: PUT runs/20260925_223839_fail_periodic.log -> 201 (477 bytes)
2026-09-25 22:38:41,572 - DEBUG - [global] log_uploader: STEP 1 (window log) -> https://github.com/StarateJI/L2Mauto/blob/bot-logs/runs/20260925_223839_fail_periodic.log
2026-09-25 22:38:41,572 - DEBUG - [global] log_uploader: STEP 2 SKIP (no PNGs)
2026-09-25 22:38:42,458 - DEBUG - [global] _api_put: GET runs/20260925_223839_fail_global.log -> 404
2026-09-25 22:38:44,179 - DEBUG - [global] _api_put: PUT runs/20260925_223839_fail_global.log -> 201 (20001 bytes)
2026-09-25 22:38:44,181 - DEBUG - [global] log_uploader: STEP 3 (global log) -> https://github.com/StarateJI/L2Mauto/blob/bot-logs/runs/20260925_223839_fail_global.log
2026-09-25 22:38:44,181 - DEBUG - [global] log_uploader: END window=periodic
2026-09-25 22:38:44,181 - INFO - [global] LogUploader: upload_run_logs завершён
2026-09-25 22:38:58,370 - INFO - [global] Проверяю обновы...
2026-09-25 22:38:59,341 - DEBUG - [global] needs_update: raw → 5.13.09
2026-09-25 22:38:59,369 - DEBUG - [global] needs_update: API → 5.13.09
2026-09-25 22:38:59,369 - DEBUG - [global] needs_update: лучший источник raw → 5.13.09 (из 2)
2026-09-25 22:38:59,370 - INFO - [global] needs_update: local=(5, 13, 7) remote=(5, 13, 9) -> has_update=True
2026-09-25 22:38:59,370 - INFO - [global] Доступна обнова! Спавню кнопку
2026-09-25 22:39:29,381 - INFO - [global] Проверяю обновы...
2026-09-25 22:39:30,117 - DEBUG - [global] needs_update: raw → 5.13.09
2026-09-25 22:39:30,331 - DEBUG - [global] needs_update: API → 5.13.09
2026-09-25 22:39:30,331 - DEBUG - [global] needs_update: лучший источник raw → 5.13.09 (из 2)
2026-09-25 22:39:30,332 - INFO - [global] needs_update: local=(5, 13, 7) remote=(5, 13, 9) -> has_update=True
2026-09-25 22:39:30,332 - INFO - [global] Доступна обнова! Спавню кнопку
2026-09-25 22:39:44,210 - INFO - [global] LogUploader: запускаю upload_run_logs...
2026-09-25 22:39:44,210 - DEBUG - [global] log_uploader: START window=periodic made=-1 token=...Rjnfq
2026-09-25 22:39:45,069 - DEBUG - [global] _api_put: GET runs/20260925_223944_fail_periodic.log -> 404
2026-09-25 22:39:46,675 - DEBUG - [global] _api_put: PUT runs/20260925_223944_fail_periodic.log -> 201 (477 bytes)
2026-09-25 22:39:46,677 - DEBUG - [global] log_uploader: STEP 1 (window log) -> https://github.com/StarateJI/L2Mauto/blob/bot-logs/runs/20260925_223944_fail_periodic.log
2026-09-25 22:39:46,677 - DEBUG - [global] log_uploader: STEP 2 SKIP (no PNGs)
2026-09-25 22:39:47,581 - DEBUG - [global] _api_put: GET runs/20260925_223944_fail_global.log -> 404
2026-09-25 22:39:49,840 - DEBUG - [global] _api_put: PUT runs/20260925_223944_fail_global.log -> 201 (20001 bytes)
2026-09-25 22:39:49,841 - DEBUG - [global] log_uploader: STEP 3 (global log) -> https://github.com/StarateJI/L2Mauto/blob/bot-logs/runs/20260925_223944_fail_global.log
2026-09-25 22:39:49,841 - DEBUG - [global] log_uploader: END window=periodic
2026-09-25 22:39:49,841 - INFO - [global] LogUploader: upload_run_logs завершён
2026-09-25 22:40:00,346 - INFO - [global] Проверяю обновы...
2026-09-25 22:40:01,164 - DEBUG - [global] needs_update: raw → 5.13.09
2026-09-25 22:40:01,341 - DEBUG - [global] needs_update: API → 5.13.09
2026-09-25 22:40:01,342 - DEBUG - [global] needs_update: лучший источник raw → 5.13.09 (из 2)
2026-09-25 22:40:01,342 - INFO - [global] needs_update: local=(5, 13, 7) remote=(5, 13, 9) -> has_update=True
2026-09-25 22:40:01,342 - INFO - [global] Доступна обнова! Спавню кнопку
2026-09-25 22:40:31,358 - INFO - [global] Проверяю обновы...
2026-09-25 22:40:32,166 - DEBUG - [global] needs_update: raw → 5.13.09
2026-09-25 22:40:32,490 - DEBUG - [global] needs_update: API → 5.13.09
2026-09-25 22:40:32,490 - DEBUG - [global] needs_update: лучший источник raw → 5.13.09 (из 2)
2026-09-25 22:40:32,490 - INFO - [global] needs_update: local=(5, 13, 7) remote=(5, 13, 9) -> has_update=True
2026-09-25 22:40:32,490 - INFO - [global] Доступна обнова! Спавню кнопку
2026-09-25 22:40:49,870 - INFO - [global] LogUploader: запускаю upload_run_logs...
2026-09-25 22:40:49,870 - DEBUG - [global] log_uploader: START window=periodic made=-1 token=...Rjnfq
2026-09-25 22:40:50,751 - DEBUG - [global] _api_put: GET runs/20260925_224049_fail_periodic.log -> 404
2026-09-25 22:40:52,476 - DEBUG - [global] _api_put: PUT runs/20260925_224049_fail_periodic.log -> 201 (477 bytes)
2026-09-25 22:40:52,478 - DEBUG - [global] log_uploader: STEP 1 (window log) -> https://github.com/StarateJI/L2Mauto/blob/bot-logs/runs/20260925_224049_fail_periodic.log
2026-09-25 22:40:52,478 - DEBUG - [global] log_uploader: STEP 2 SKIP (no PNGs)
2026-09-25 22:40:53,389 - DEBUG - [global] _api_put: GET runs/20260925_224049_fail_global.log -> 404
2026-09-25 22:40:55,109 - DEBUG - [global] _api_put: PUT runs/20260925_224049_fail_global.log -> 201 (20001 bytes)
2026-09-25 22:40:55,112 - DEBUG - [global] log_uploader: STEP 3 (global log) -> https://github.com/StarateJI/L2Mauto/blob/bot-logs/runs/20260925_224049_fail_global.log
2026-09-25 22:40:55,112 - DEBUG - [global] log_uploader: END window=periodic
2026-09-25 22:40:55,112 - INFO - [global] LogUploader: upload_run_logs завершён
2026-09-25 22:41:02,506 - INFO - [global] Проверяю обновы...
2026-09-25 22:41:03,312 - DEBUG - [global] needs_update: raw → 5.13.09
2026-09-25 22:41:03,538 - DEBUG - [global] needs_update: API → 5.13.09
2026-09-25 22:41:03,538 - DEBUG - [global] needs_update: лучший источник raw → 5.13.09 (из 2)
2026-09-25 22:41:03,538 - INFO - [global] needs_update: local=(5, 13, 7) remote=(5, 13, 9) -> has_update=True
2026-09-25 22:41:03,539 - INFO - [global] Доступна обнова! Спавню кнопку
2026-09-25 22:41:33,554 - INFO - [global] Проверяю обновы...
2026-09-25 22:41:34,332 - DEBUG - [global] needs_update: raw → 5.13.09
2026-09-25 22:41:34,498 - DEBUG - [global] needs_update: API → 5.13.09
2026-09-25 22:41:34,498 - DEBUG - [global] needs_update: лучший источник raw → 5.13.09 (из 2)
2026-09-25 22:41:34,498 - INFO - [global] needs_update: local=(5, 13, 7) remote=(5, 13, 9) -> has_update=True
2026-09-25 22:41:34,498 - INFO - [global] Доступна обнова! Спавню кнопку
2026-09-25 22:41:55,145 - INFO - [global] LogUploader: запускаю upload_run_logs...
2026-09-25 22:41:55,146 - DEBUG - [global] log_uploader: START window=periodic made=-1 token=...Rjnfq
2026-09-25 22:41:56,022 - DEBUG - [global] _api_put: GET runs/20260925_224155_fail_periodic.log -> 404
2026-09-25 22:41:57,891 - DEBUG - [global] _api_put: PUT runs/20260925_224155_fail_periodic.log -> 201 (477 bytes)
2026-09-25 22:41:57,894 - DEBUG - [global] log_uploader: STEP 1 (window log) -> https://github.com/StarateJI/L2Mauto/blob/bot-logs/runs/20260925_224155_fail_periodic.log
2026-09-25 22:41:57,895 - DEBUG - [global] log_uploader: STEP 2 SKIP (no PNGs)
2026-09-25 22:41:58,807 - DEBUG - [global] _api_put: GET runs/20260925_224155_fail_global.log -> 404
2026-09-25 22:42:00,414 - DEBUG - [global] _api_put: PUT runs/20260925_224155_fail_global.log -> 201 (20001 bytes)
2026-09-25 22:42:00,416 - DEBUG - [global] log_uploader: STEP 3 (global log) -> https://github.com/StarateJI/L2Mauto/blob/bot-logs/runs/20260925_224155_fail_global.log
2026-09-25 22:42:00,416 - DEBUG - [global] log_uploader: END window=periodic
2026-09-25 22:42:00,416 - INFO - [global] LogUploader: upload_run_logs завершён
2026-09-25 22:42:04,513 - INFO - [global] Проверяю обновы...
2026-09-25 22:42:05,254 - DEBUG - [global] needs_update: raw → 5.13.09
2026-09-25 22:42:05,522 - DEBUG - [global] needs_update: API → 5.13.09
2026-09-25 22:42:05,523 - DEBUG - [global] needs_update: лучший источник raw → 5.13.09 (из 2)
2026-09-25 22:42:05,523 - INFO - [global] needs_update: local=(5, 13, 7) remote=(5, 13, 9) -> has_update=True
2026-09-25 22:42:05,523 - INFO - [global] Доступна обнова! Спавню кнопку
2026-09-25 22:42:35,537 - INFO - [global] Проверяю обновы...
2026-09-25 22:42:36,292 - DEBUG - [global] needs_update: raw → 5.13.09
2026-09-25 22:42:36,537 - DEBUG - [global] needs_update: API → 5.13.09
2026-09-25 22:42:36,538 - DEBUG - [global] needs_update: лучший источник raw → 5.13.09 (из 2)
2026-09-25 22:42:36,538 - INFO - [global] needs_update: local=(5, 13, 7) remote=(5, 13, 9) -> has_update=True
2026-09-25 22:42:36,538 - INFO - [global] Доступна обнова! Спавню кнопку
2026-09-25 22:43:00,441 - INFO - [global] LogUploader: запускаю upload_run_logs...
2026-09-25 22:43:00,441 - DEBUG - [global] log_uploader: START window=periodic made=-1 token=...Rjnfq
2026-09-25 22:43:01,320 - DEBUG - [global] _api_put: GET runs/20260925_224300_fail_periodic.log -> 404
2026-09-25 22:43:03,125 - DEBUG - [global] _api_put: PUT runs/20260925_224300_fail_periodic.log -> 201 (477 bytes)
2026-09-25 22:43:03,127 - DEBUG - [global] log_uploader: STEP 1 (window log) -> https://github.com/StarateJI/L2Mauto/blob/bot-logs/runs/20260925_224300_fail_periodic.log
2026-09-25 22:43:03,128 - DEBUG - [global] log_uploader: STEP 2 SKIP (no PNGs)
2026-09-25 22:43:03,969 - DEBUG - [global] _api_put: GET runs/20260925_224300_fail_global.log -> 404
2026-09-25 22:43:05,759 - DEBUG - [global] _api_put: PUT runs/20260925_224300_fail_global.log -> 201 (20001 bytes)
2026-09-25 22:43:05,761 - DEBUG - [global] log_uploader: STEP 3 (global log) -> https://github.com/StarateJI/L2Mauto/blob/bot-logs/runs/20260925_224300_fail_global.log
2026-09-25 22:43:05,761 - DEBUG - [global] log_uploader: END window=periodic
2026-09-25 22:43:05,761 - INFO - [global] LogUploader: upload_run_logs завершён
2026-09-25 22:43:06,554 - INFO - [global] Проверяю обновы...
2026-09-25 22:43:07,343 - DEBUG - [global] needs_update: raw → 5.13.09
2026-09-25 22:43:07,607 - DEBUG - [global] needs_update: API → 5.13.09
2026-09-25 22:43:07,608 - DEBUG - [global] needs_update: лучший источник raw → 5.13.09 (из 2)
2026-09-25 22:43:07,608 - INFO - [global] needs_update: local=(5, 13, 7) remote=(5, 13, 9) -> has_update=True
2026-09-25 22:43:07,608 - INFO - [global] Доступна обнова! Спавню кнопку
2026-09-25 22:43:37,621 - INFO - [global] Проверяю обновы...
2026-09-25 22:43:38,430 - DEBUG - [global] needs_update: raw → 5.13.09
2026-09-25 22:43:38,624 - DEBUG - [global] needs_update: API → 5.13.09
2026-09-25 22:43:38,624 - DEBUG - [global] needs_update: лучший источник raw → 5.13.09 (из 2)
2026-09-25 22:43:38,624 - INFO - [global] needs_update: local=(5, 13, 7) remote=(5, 13, 9) -> has_update=True
2026-09-25 22:43:38,624 - INFO - [global] Доступна обнова! Спавню кнопку
2026-09-25 22:44:05,786 - INFO - [global] LogUploader: запускаю upload_run_logs...
2026-09-25 22:44:05,786 - DEBUG - [global] log_uploader: START window=periodic made=-1 token=...Rjnfq
2026-09-25 22:44:06,687 - DEBUG - [global] _api_put: GET runs/20260925_224405_fail_periodic.log -> 404
2026-09-25 22:44:08,369 - DEBUG - [global] _api_put: PUT runs/20260925_224405_fail_periodic.log -> 201 (477 bytes)
2026-09-25 22:44:08,372 - DEBUG - [global] log_uploader: STEP 1 (window log) -> https://github.com/StarateJI/L2Mauto/blob/bot-logs/runs/20260925_224405_fail_periodic.log
2026-09-25 22:44:08,372 - DEBUG - [global] log_uploader: STEP 2 SKIP (no PNGs)
