=== Log tail 2026-09-28T05:10:17.985408 | last 200 lines ===
2026-09-28 05:01:13,253 - INFO - [global] needs_update: local=(5, 13, 7) remote=(5, 13, 9) -> has_update=True
2026-09-28 05:01:13,253 - INFO - [global] Доступна обнова! Спавню кнопку
2026-09-28 05:01:21,082 - INFO - [global] LogUploader: запускаю upload_run_logs...
2026-09-28 05:01:21,084 - DEBUG - [global] log_uploader: START window=periodic made=-1 token=...Rjnfq
2026-09-28 05:01:22,297 - DEBUG - [global] _api_put: GET runs/20260928_050121_fail_periodic.log -> 404
2026-09-28 05:01:24,444 - DEBUG - [global] _api_put: PUT runs/20260928_050121_fail_periodic.log -> 201 (12066 bytes)
2026-09-28 05:01:24,446 - DEBUG - [global] log_uploader: STEP 1 (window log) -> https://github.com/StarateJI/L2Mauto/blob/bot-logs/runs/20260928_050121_fail_periodic.log
2026-09-28 05:01:24,446 - DEBUG - [global] log_uploader: STEP 2 SKIP (no PNGs)
2026-09-28 05:01:25,729 - DEBUG - [global] _api_put: GET runs/20260928_050121_fail_global.log -> 404
2026-09-28 05:01:27,571 - DEBUG - [global] _api_put: PUT runs/20260928_050121_fail_global.log -> 201 (20019 bytes)
2026-09-28 05:01:27,574 - DEBUG - [global] log_uploader: STEP 3 (global log) -> https://github.com/StarateJI/L2Mauto/blob/bot-logs/runs/20260928_050121_fail_global.log
2026-09-28 05:01:27,574 - DEBUG - [global] log_uploader: END window=periodic
2026-09-28 05:01:27,574 - INFO - [global] LogUploader: upload_run_logs завершён
2026-09-28 05:01:43,422 - INFO - [global] Проверяю обновы...
2026-09-28 05:01:44,541 - DEBUG - [global] needs_update: raw → 5.13.09
2026-09-28 05:01:44,632 - DEBUG - [global] needs_update: API → 5.13.09
2026-09-28 05:01:44,634 - DEBUG - [global] needs_update: лучший источник raw → 5.13.09 (из 2)
2026-09-28 05:01:44,637 - INFO - [global] needs_update: local=(5, 13, 7) remote=(5, 13, 9) -> has_update=True
2026-09-28 05:01:44,637 - INFO - [global] Доступна обнова! Спавню кнопку
2026-09-28 05:02:14,776 - INFO - [global] Проверяю обновы...
2026-09-28 05:02:15,786 - DEBUG - [global] needs_update: raw → 5.13.09
2026-09-28 05:02:16,077 - DEBUG - [global] needs_update: API → 5.13.09
2026-09-28 05:02:16,078 - DEBUG - [global] needs_update: лучший источник raw → 5.13.09 (из 2)
2026-09-28 05:02:16,078 - INFO - [global] needs_update: local=(5, 13, 7) remote=(5, 13, 9) -> has_update=True
2026-09-28 05:02:16,078 - INFO - [global] Доступна обнова! Спавню кнопку
2026-09-28 05:02:27,932 - INFO - [global] LogUploader: запускаю upload_run_logs...
2026-09-28 05:02:27,935 - DEBUG - [global] log_uploader: START window=periodic made=-1 token=...Rjnfq
2026-09-28 05:02:29,165 - DEBUG - [global] _api_put: GET runs/20260928_050227_fail_periodic.log -> 404
2026-09-28 05:02:31,258 - DEBUG - [global] _api_put: PUT runs/20260928_050227_fail_periodic.log -> 201 (12066 bytes)
2026-09-28 05:02:31,261 - DEBUG - [global] log_uploader: STEP 1 (window log) -> https://github.com/StarateJI/L2Mauto/blob/bot-logs/runs/20260928_050227_fail_periodic.log
2026-09-28 05:02:31,262 - DEBUG - [global] log_uploader: STEP 2 SKIP (no PNGs)
2026-09-28 05:02:32,691 - DEBUG - [global] _api_put: GET runs/20260928_050227_fail_global.log -> 404
2026-09-28 05:02:34,772 - DEBUG - [global] _api_put: PUT runs/20260928_050227_fail_global.log -> 201 (20019 bytes)
2026-09-28 05:02:34,775 - DEBUG - [global] log_uploader: STEP 3 (global log) -> https://github.com/StarateJI/L2Mauto/blob/bot-logs/runs/20260928_050227_fail_global.log
2026-09-28 05:02:34,775 - DEBUG - [global] log_uploader: END window=periodic
2026-09-28 05:02:34,775 - INFO - [global] LogUploader: upload_run_logs завершён
2026-09-28 05:02:46,425 - INFO - [global] Проверяю обновы...
2026-09-28 05:02:47,476 - DEBUG - [global] needs_update: raw → 5.13.09
2026-09-28 05:02:47,632 - DEBUG - [global] needs_update: API → 5.13.09
2026-09-28 05:02:47,632 - DEBUG - [global] needs_update: лучший источник raw → 5.13.09 (из 2)
2026-09-28 05:02:47,633 - INFO - [global] needs_update: local=(5, 13, 7) remote=(5, 13, 9) -> has_update=True
2026-09-28 05:02:47,633 - INFO - [global] Доступна обнова! Спавню кнопку
2026-09-28 05:03:18,121 - INFO - [global] Проверяю обновы...
2026-09-28 05:03:19,174 - DEBUG - [global] needs_update: raw → 5.13.09
2026-09-28 05:03:19,356 - DEBUG - [global] needs_update: API → 5.13.09
2026-09-28 05:03:19,357 - DEBUG - [global] needs_update: лучший источник raw → 5.13.09 (из 2)
2026-09-28 05:03:19,358 - INFO - [global] needs_update: local=(5, 13, 7) remote=(5, 13, 9) -> has_update=True
2026-09-28 05:03:19,358 - INFO - [global] Доступна обнова! Спавню кнопку
2026-09-28 05:03:35,411 - INFO - [global] LogUploader: запускаю upload_run_logs...
2026-09-28 05:03:35,412 - DEBUG - [global] log_uploader: START window=periodic made=-1 token=...Rjnfq
2026-09-28 05:03:36,701 - DEBUG - [global] _api_put: GET runs/20260928_050335_fail_periodic.log -> 404
2026-09-28 05:03:38,739 - DEBUG - [global] _api_put: PUT runs/20260928_050335_fail_periodic.log -> 201 (12066 bytes)
2026-09-28 05:03:38,741 - DEBUG - [global] log_uploader: STEP 1 (window log) -> https://github.com/StarateJI/L2Mauto/blob/bot-logs/runs/20260928_050335_fail_periodic.log
2026-09-28 05:03:38,741 - DEBUG - [global] log_uploader: STEP 2 SKIP (no PNGs)
2026-09-28 05:03:39,907 - DEBUG - [global] _api_put: GET runs/20260928_050335_fail_global.log -> 404
2026-09-28 05:03:41,924 - DEBUG - [global] _api_put: PUT runs/20260928_050335_fail_global.log -> 201 (20019 bytes)
2026-09-28 05:03:41,927 - DEBUG - [global] log_uploader: STEP 3 (global log) -> https://github.com/StarateJI/L2Mauto/blob/bot-logs/runs/20260928_050335_fail_global.log
2026-09-28 05:03:41,927 - DEBUG - [global] log_uploader: END window=periodic
2026-09-28 05:03:41,928 - INFO - [global] LogUploader: upload_run_logs завершён
2026-09-28 05:03:49,448 - INFO - [global] Проверяю обновы...
2026-09-28 05:03:50,431 - DEBUG - [global] needs_update: raw → 5.13.09
2026-09-28 05:03:50,637 - DEBUG - [global] needs_update: API → 5.13.09
2026-09-28 05:03:50,638 - DEBUG - [global] needs_update: лучший источник raw → 5.13.09 (из 2)
2026-09-28 05:03:50,638 - INFO - [global] needs_update: local=(5, 13, 7) remote=(5, 13, 9) -> has_update=True
2026-09-28 05:03:50,638 - INFO - [global] Доступна обнова! Спавню кнопку
2026-09-28 05:04:20,747 - INFO - [global] Проверяю обновы...
2026-09-28 05:04:21,767 - DEBUG - [global] needs_update: raw → 5.13.09
2026-09-28 05:04:21,962 - DEBUG - [global] needs_update: API → 5.13.09
2026-09-28 05:04:21,965 - DEBUG - [global] needs_update: лучший источник raw → 5.13.09 (из 2)
2026-09-28 05:04:21,965 - INFO - [global] needs_update: local=(5, 13, 7) remote=(5, 13, 9) -> has_update=True
2026-09-28 05:04:21,965 - INFO - [global] Доступна обнова! Спавню кнопку
2026-09-28 05:04:42,151 - INFO - [global] LogUploader: запускаю upload_run_logs...
2026-09-28 05:04:42,151 - DEBUG - [global] log_uploader: START window=periodic made=-1 token=...Rjnfq
2026-09-28 05:04:43,274 - DEBUG - [global] _api_put: GET runs/20260928_050442_fail_periodic.log -> 404
2026-09-28 05:04:45,287 - DEBUG - [global] _api_put: PUT runs/20260928_050442_fail_periodic.log -> 201 (12066 bytes)
2026-09-28 05:04:45,291 - DEBUG - [global] log_uploader: STEP 1 (window log) -> https://github.com/StarateJI/L2Mauto/blob/bot-logs/runs/20260928_050442_fail_periodic.log
2026-09-28 05:04:45,292 - DEBUG - [global] log_uploader: STEP 2 SKIP (no PNGs)
2026-09-28 05:04:46,513 - DEBUG - [global] _api_put: GET runs/20260928_050442_fail_global.log -> 404
2026-09-28 05:04:48,532 - DEBUG - [global] _api_put: PUT runs/20260928_050442_fail_global.log -> 201 (20019 bytes)
2026-09-28 05:04:48,535 - DEBUG - [global] log_uploader: STEP 3 (global log) -> https://github.com/StarateJI/L2Mauto/blob/bot-logs/runs/20260928_050442_fail_global.log
2026-09-28 05:04:48,535 - DEBUG - [global] log_uploader: END window=periodic
2026-09-28 05:04:48,535 - INFO - [global] LogUploader: upload_run_logs завершён
2026-09-28 05:04:51,994 - INFO - [global] Проверяю обновы...
2026-09-28 05:04:53,006 - DEBUG - [global] needs_update: raw → 5.13.09
2026-09-28 05:04:53,201 - DEBUG - [global] needs_update: API → 5.13.09
2026-09-28 05:04:53,201 - DEBUG - [global] needs_update: лучший источник raw → 5.13.09 (из 2)
2026-09-28 05:04:53,202 - INFO - [global] needs_update: local=(5, 13, 7) remote=(5, 13, 9) -> has_update=True
2026-09-28 05:04:53,202 - INFO - [global] Доступна обнова! Спавню кнопку
2026-09-28 05:05:23,231 - INFO - [global] Проверяю обновы...
2026-09-28 05:05:24,176 - DEBUG - [global] needs_update: raw → 5.13.09
2026-09-28 05:05:24,432 - DEBUG - [global] needs_update: API → 5.13.09
2026-09-28 05:05:24,434 - DEBUG - [global] needs_update: лучший источник raw → 5.13.09 (из 2)
2026-09-28 05:05:24,434 - INFO - [global] needs_update: local=(5, 13, 7) remote=(5, 13, 9) -> has_update=True
2026-09-28 05:05:24,434 - INFO - [global] Доступна обнова! Спавню кнопку
2026-09-28 05:05:48,634 - INFO - [global] LogUploader: запускаю upload_run_logs...
2026-09-28 05:05:48,636 - DEBUG - [global] log_uploader: START window=periodic made=-1 token=...Rjnfq
2026-09-28 05:05:49,630 - DEBUG - [global] _api_put: GET runs/20260928_050548_fail_periodic.log -> 404
2026-09-28 05:05:51,962 - DEBUG - [global] _api_put: PUT runs/20260928_050548_fail_periodic.log -> 201 (12066 bytes)
2026-09-28 05:05:51,966 - DEBUG - [global] log_uploader: STEP 1 (window log) -> https://github.com/StarateJI/L2Mauto/blob/bot-logs/runs/20260928_050548_fail_periodic.log
2026-09-28 05:05:51,966 - DEBUG - [global] log_uploader: STEP 2 SKIP (no PNGs)
2026-09-28 05:05:53,055 - DEBUG - [global] _api_put: GET runs/20260928_050548_fail_global.log -> 404
2026-09-28 05:05:54,460 - INFO - [global] Проверяю обновы...
2026-09-28 05:05:54,850 - DEBUG - [global] _api_put: PUT runs/20260928_050548_fail_global.log -> 409 (20019 bytes)
2026-09-28 05:05:54,850 - WARNING - [global] _api_put: PUT failed body: {"message":"is at 1d27ae353cd8884bfb276b7575b921d43f6f6e96 but expected c06488865ea7ebd04059f774fa65ca038b4a816e","documentation_url":"https://docs.github.com/rest/repos/contents#create-or-update-file
2026-09-28 05:05:54,854 - DEBUG - [global] log_uploader: STEP 3 (global log) -> FAILED
2026-09-28 05:05:54,854 - DEBUG - [global] log_uploader: END window=periodic
2026-09-28 05:05:54,854 - INFO - [global] LogUploader: upload_run_logs завершён
2026-09-28 05:05:55,423 - DEBUG - [global] needs_update: raw → 5.13.09
2026-09-28 05:05:55,660 - DEBUG - [global] needs_update: API → 5.13.09
2026-09-28 05:05:55,666 - DEBUG - [global] needs_update: лучший источник raw → 5.13.09 (из 2)
2026-09-28 05:05:55,666 - INFO - [global] needs_update: local=(5, 13, 7) remote=(5, 13, 9) -> has_update=True
2026-09-28 05:05:55,666 - INFO - [global] Доступна обнова! Спавню кнопку
2026-09-28 05:06:25,686 - INFO - [global] Проверяю обновы...
2026-09-28 05:06:26,760 - DEBUG - [global] needs_update: raw → 5.13.09
2026-09-28 05:06:26,796 - DEBUG - [global] needs_update: API → 5.13.09
2026-09-28 05:06:26,796 - DEBUG - [global] needs_update: лучший источник raw → 5.13.09 (из 2)
2026-09-28 05:06:26,796 - INFO - [global] needs_update: local=(5, 13, 7) remote=(5, 13, 9) -> has_update=True
2026-09-28 05:06:26,796 - INFO - [global] Доступна обнова! Спавню кнопку
2026-09-28 05:06:54,904 - INFO - [global] LogUploader: запускаю upload_run_logs...
2026-09-28 05:06:54,906 - DEBUG - [global] log_uploader: START window=periodic made=-1 token=...Rjnfq
2026-09-28 05:06:55,953 - DEBUG - [global] _api_put: GET runs/20260928_050654_fail_periodic.log -> 404
2026-09-28 05:06:56,817 - INFO - [global] Проверяю обновы...
2026-09-28 05:06:57,797 - DEBUG - [global] needs_update: raw → 5.13.09
2026-09-28 05:06:57,964 - DEBUG - [global] _api_put: PUT runs/20260928_050654_fail_periodic.log -> 201 (12066 bytes)
2026-09-28 05:06:57,967 - DEBUG - [global] log_uploader: STEP 1 (window log) -> https://github.com/StarateJI/L2Mauto/blob/bot-logs/runs/20260928_050654_fail_periodic.log
2026-09-28 05:06:57,968 - DEBUG - [global] log_uploader: STEP 2 SKIP (no PNGs)
2026-09-28 05:06:58,001 - DEBUG - [global] needs_update: API → 5.13.09
2026-09-28 05:06:58,003 - DEBUG - [global] needs_update: лучший источник raw → 5.13.09 (из 2)
2026-09-28 05:06:58,003 - INFO - [global] needs_update: local=(5, 13, 7) remote=(5, 13, 9) -> has_update=True
2026-09-28 05:06:58,003 - INFO - [global] Доступна обнова! Спавню кнопку
2026-09-28 05:06:59,098 - DEBUG - [global] _api_put: GET runs/20260928_050654_fail_global.log -> 404
2026-09-28 05:07:01,091 - DEBUG - [global] _api_put: PUT runs/20260928_050654_fail_global.log -> 201 (20063 bytes)
2026-09-28 05:07:01,093 - DEBUG - [global] log_uploader: STEP 3 (global log) -> https://github.com/StarateJI/L2Mauto/blob/bot-logs/runs/20260928_050654_fail_global.log
2026-09-28 05:07:01,093 - DEBUG - [global] log_uploader: END window=periodic
2026-09-28 05:07:01,093 - INFO - [global] LogUploader: upload_run_logs завершён
2026-09-28 05:07:28,036 - INFO - [global] Проверяю обновы...
2026-09-28 05:07:28,988 - DEBUG - [global] needs_update: raw → 5.13.09
2026-09-28 05:07:29,241 - DEBUG - [global] needs_update: API → 5.13.09
2026-09-28 05:07:29,242 - DEBUG - [global] needs_update: лучший источник raw → 5.13.09 (из 2)
2026-09-28 05:07:29,243 - INFO - [global] needs_update: local=(5, 13, 7) remote=(5, 13, 9) -> has_update=True
2026-09-28 05:07:29,243 - INFO - [global] Доступна обнова! Спавню кнопку
2026-09-28 05:07:59,268 - INFO - [global] Проверяю обновы...
2026-09-28 05:08:00,244 - DEBUG - [global] needs_update: raw → 5.13.09
2026-09-28 05:08:00,406 - DEBUG - [global] needs_update: API → 5.13.09
2026-09-28 05:08:00,406 - DEBUG - [global] needs_update: лучший источник raw → 5.13.09 (из 2)
2026-09-28 05:08:00,406 - INFO - [global] needs_update: local=(5, 13, 7) remote=(5, 13, 9) -> has_update=True
2026-09-28 05:08:00,406 - INFO - [global] Доступна обнова! Спавню кнопку
2026-09-28 05:08:01,159 - INFO - [global] LogUploader: запускаю upload_run_logs...
2026-09-28 05:08:01,159 - DEBUG - [global] log_uploader: START window=periodic made=-1 token=...Rjnfq
2026-09-28 05:08:02,157 - DEBUG - [global] _api_put: GET runs/20260928_050801_fail_periodic.log -> 404
2026-09-28 05:08:04,086 - DEBUG - [global] _api_put: PUT runs/20260928_050801_fail_periodic.log -> 201 (12066 bytes)
2026-09-28 05:08:04,088 - DEBUG - [global] log_uploader: STEP 1 (window log) -> https://github.com/StarateJI/L2Mauto/blob/bot-logs/runs/20260928_050801_fail_periodic.log
2026-09-28 05:08:04,088 - DEBUG - [global] log_uploader: STEP 2 SKIP (no PNGs)
2026-09-28 05:08:05,191 - DEBUG - [global] _api_put: GET runs/20260928_050801_fail_global.log -> 404
2026-09-28 05:08:07,148 - DEBUG - [global] _api_put: PUT runs/20260928_050801_fail_global.log -> 201 (20091 bytes)
2026-09-28 05:08:07,150 - DEBUG - [global] log_uploader: STEP 3 (global log) -> https://github.com/StarateJI/L2Mauto/blob/bot-logs/runs/20260928_050801_fail_global.log
2026-09-28 05:08:07,150 - DEBUG - [global] log_uploader: END window=periodic
2026-09-28 05:08:07,150 - INFO - [global] LogUploader: upload_run_logs завершён
2026-09-28 05:08:30,446 - INFO - [global] Проверяю обновы...
2026-09-28 05:08:31,409 - DEBUG - [global] needs_update: raw → 5.13.09
2026-09-28 05:08:31,595 - DEBUG - [global] needs_update: API → 5.13.09
2026-09-28 05:08:31,596 - DEBUG - [global] needs_update: лучший источник raw → 5.13.09 (из 2)
2026-09-28 05:08:31,596 - INFO - [global] needs_update: local=(5, 13, 7) remote=(5, 13, 9) -> has_update=True
2026-09-28 05:08:31,596 - INFO - [global] Доступна обнова! Спавню кнопку
2026-09-28 05:09:01,660 - INFO - [global] Проверяю обновы...
2026-09-28 05:09:02,679 - DEBUG - [global] needs_update: raw → 5.13.09
2026-09-28 05:09:02,830 - DEBUG - [global] needs_update: API → 5.13.09
2026-09-28 05:09:02,831 - DEBUG - [global] needs_update: лучший источник raw → 5.13.09 (из 2)
2026-09-28 05:09:02,831 - INFO - [global] needs_update: local=(5, 13, 7) remote=(5, 13, 9) -> has_update=True
2026-09-28 05:09:02,831 - INFO - [global] Доступна обнова! Спавню кнопку
2026-09-28 05:09:07,208 - INFO - [global] LogUploader: запускаю upload_run_logs...
2026-09-28 05:09:07,209 - DEBUG - [global] log_uploader: START window=periodic made=-1 token=...Rjnfq
2026-09-28 05:09:08,386 - DEBUG - [global] _api_put: GET runs/20260928_050907_fail_periodic.log -> 404
2026-09-28 05:09:10,732 - DEBUG - [global] _api_put: PUT runs/20260928_050907_fail_periodic.log -> 201 (12066 bytes)
2026-09-28 05:09:10,735 - DEBUG - [global] log_uploader: STEP 1 (window log) -> https://github.com/StarateJI/L2Mauto/blob/bot-logs/runs/20260928_050907_fail_periodic.log
2026-09-28 05:09:10,737 - DEBUG - [global] log_uploader: STEP 2 SKIP (no PNGs)
2026-09-28 05:09:11,955 - DEBUG - [global] _api_put: GET runs/20260928_050907_fail_global.log -> 404
2026-09-28 05:09:13,880 - DEBUG - [global] _api_put: PUT runs/20260928_050907_fail_global.log -> 409 (20138 bytes)
2026-09-28 05:09:13,880 - WARNING - [global] _api_put: PUT failed body: {"message":"is at ac5af83bebc2c4fe2b31af6954e91205bfe7eeea but expected 3d057dd6f4d6bf14132546e6516e4a05b14c33d2","documentation_url":"https://docs.github.com/rest/repos/contents#create-or-update-file
2026-09-28 05:09:13,883 - DEBUG - [global] log_uploader: STEP 3 (global log) -> FAILED
2026-09-28 05:09:13,883 - DEBUG - [global] log_uploader: END window=periodic
2026-09-28 05:09:13,883 - INFO - [global] LogUploader: upload_run_logs завершён
2026-09-28 05:09:33,017 - INFO - [global] Проверяю обновы...
2026-09-28 05:09:34,066 - DEBUG - [global] needs_update: raw → 5.13.09
2026-09-28 05:09:34,224 - DEBUG - [global] needs_update: API → 5.13.09
2026-09-28 05:09:34,226 - DEBUG - [global] needs_update: лучший источник raw → 5.13.09 (из 2)
2026-09-28 05:09:34,226 - INFO - [global] needs_update: local=(5, 13, 7) remote=(5, 13, 9) -> has_update=True
2026-09-28 05:09:34,226 - INFO - [global] Доступна обнова! Спавню кнопку
2026-09-28 05:10:04,377 - INFO - [global] Проверяю обновы...
2026-09-28 05:10:05,391 - DEBUG - [global] needs_update: raw → 5.13.09
2026-09-28 05:10:05,656 - DEBUG - [global] needs_update: API → 5.13.09
2026-09-28 05:10:05,661 - DEBUG - [global] needs_update: лучший источник raw → 5.13.09 (из 2)
2026-09-28 05:10:05,661 - INFO - [global] needs_update: local=(5, 13, 7) remote=(5, 13, 9) -> has_update=True
2026-09-28 05:10:05,661 - INFO - [global] Доступна обнова! Спавню кнопку
2026-09-28 05:10:14,420 - INFO - [global] LogUploader: запускаю upload_run_logs...
2026-09-28 05:10:14,420 - DEBUG - [global] log_uploader: START window=periodic made=-1 token=...Rjnfq
2026-09-28 05:10:15,757 - DEBUG - [global] _api_put: GET runs/20260928_051014_fail_periodic.log -> 404
2026-09-28 05:10:17,881 - DEBUG - [global] _api_put: PUT runs/20260928_051014_fail_periodic.log -> 201 (12066 bytes)
2026-09-28 05:10:17,884 - DEBUG - [global] log_uploader: STEP 1 (window log) -> https://github.com/StarateJI/L2Mauto/blob/bot-logs/runs/20260928_051014_fail_periodic.log
2026-09-28 05:10:17,886 - DEBUG - [global] log_uploader: STEP 2 SKIP (no PNGs)
