=== Log tail 2026-10-02T18:57:19.009503 | last 200 lines ===
2026-10-02 18:48:06,516 - DEBUG - [global] _api_put: GET runs/20261002_184805_fail_periodic.log -> 404
2026-10-02 18:48:09,102 - INFO - [global] Проверяю обновы...
2026-10-02 18:48:09,913 - DEBUG - [global] needs_update: raw → 5.13.09
2026-10-02 18:48:10,171 - DEBUG - [global] _api_put: PUT runs/20261002_184805_fail_periodic.log -> 201 (12833 bytes)
2026-10-02 18:48:10,173 - DEBUG - [global] log_uploader: STEP 1 (window log) -> https://github.com/StarateJI/L2Mauto/blob/bot-logs/runs/20261002_184805_fail_periodic.log
2026-10-02 18:48:10,175 - DEBUG - [global] log_uploader: STEP 2 SKIP (no PNGs)
2026-10-02 18:48:10,226 - DEBUG - [global] needs_update: API → 5.13.09
2026-10-02 18:48:10,227 - DEBUG - [global] needs_update: лучший источник raw → 5.13.09 (из 2)
2026-10-02 18:48:10,227 - INFO - [global] needs_update: local=(5, 13, 7) remote=(5, 13, 9) -> has_update=True
2026-10-02 18:48:10,227 - INFO - [global] Доступна обнова! Спавню кнопку
2026-10-02 18:48:11,288 - DEBUG - [global] _api_put: GET runs/20261002_184805_fail_global.log -> 404
2026-10-02 18:48:13,879 - DEBUG - [global] _api_put: PUT runs/20261002_184805_fail_global.log -> 201 (19982 bytes)
2026-10-02 18:48:13,881 - DEBUG - [global] log_uploader: STEP 3 (global log) -> https://github.com/StarateJI/L2Mauto/blob/bot-logs/runs/20261002_184805_fail_global.log
2026-10-02 18:48:13,881 - DEBUG - [global] log_uploader: END window=periodic
2026-10-02 18:48:13,881 - INFO - [global] LogUploader: upload_run_logs завершён
2026-10-02 18:48:40,251 - INFO - [global] Проверяю обновы...
2026-10-02 18:48:41,090 - DEBUG - [global] needs_update: raw → 5.13.09
2026-10-02 18:48:41,400 - DEBUG - [global] needs_update: API → 5.13.09
2026-10-02 18:48:41,400 - DEBUG - [global] needs_update: лучший источник raw → 5.13.09 (из 2)
2026-10-02 18:48:41,400 - INFO - [global] needs_update: local=(5, 13, 7) remote=(5, 13, 9) -> has_update=True
2026-10-02 18:48:41,400 - INFO - [global] Доступна обнова! Спавню кнопку
2026-10-02 18:49:11,418 - INFO - [global] Проверяю обновы...
2026-10-02 18:49:12,287 - DEBUG - [global] needs_update: raw → 5.13.09
2026-10-02 18:49:12,559 - DEBUG - [global] needs_update: API → 5.13.09
2026-10-02 18:49:12,559 - DEBUG - [global] needs_update: лучший источник raw → 5.13.09 (из 2)
2026-10-02 18:49:12,559 - INFO - [global] needs_update: local=(5, 13, 7) remote=(5, 13, 9) -> has_update=True
2026-10-02 18:49:12,559 - INFO - [global] Доступна обнова! Спавню кнопку
2026-10-02 18:49:13,919 - INFO - [global] LogUploader: запускаю upload_run_logs...
2026-10-02 18:49:13,920 - DEBUG - [global] log_uploader: START window=periodic made=-1 token=...Rjnfq
2026-10-02 18:49:16,289 - DEBUG - [global] _api_put: GET runs/20261002_184913_fail_periodic.log -> 404
2026-10-02 18:49:18,741 - DEBUG - [global] _api_put: PUT runs/20261002_184913_fail_periodic.log -> 201 (12833 bytes)
2026-10-02 18:49:18,743 - DEBUG - [global] log_uploader: STEP 1 (window log) -> https://github.com/StarateJI/L2Mauto/blob/bot-logs/runs/20261002_184913_fail_periodic.log
2026-10-02 18:49:18,743 - DEBUG - [global] log_uploader: STEP 2 SKIP (no PNGs)
2026-10-02 18:49:19,856 - DEBUG - [global] _api_put: GET runs/20261002_184913_fail_global.log -> 404
2026-10-02 18:49:22,190 - DEBUG - [global] _api_put: PUT runs/20261002_184913_fail_global.log -> 201 (19974 bytes)
2026-10-02 18:49:22,192 - DEBUG - [global] log_uploader: STEP 3 (global log) -> https://github.com/StarateJI/L2Mauto/blob/bot-logs/runs/20261002_184913_fail_global.log
2026-10-02 18:49:22,193 - DEBUG - [global] log_uploader: END window=periodic
2026-10-02 18:49:22,193 - INFO - [global] LogUploader: upload_run_logs завершён
2026-10-02 18:49:42,576 - INFO - [global] Проверяю обновы...
2026-10-02 18:49:43,441 - DEBUG - [global] needs_update: raw → 5.13.09
2026-10-02 18:49:43,741 - DEBUG - [global] needs_update: API → 5.13.09
2026-10-02 18:49:43,742 - DEBUG - [global] needs_update: лучший источник raw → 5.13.09 (из 2)
2026-10-02 18:49:43,742 - INFO - [global] needs_update: local=(5, 13, 7) remote=(5, 13, 9) -> has_update=True
2026-10-02 18:49:43,742 - INFO - [global] Доступна обнова! Спавню кнопку
2026-10-02 18:50:13,759 - INFO - [global] Проверяю обновы...
2026-10-02 18:50:14,697 - DEBUG - [global] needs_update: raw → 5.13.09
2026-10-02 18:50:14,979 - DEBUG - [global] needs_update: API → 5.13.09
2026-10-02 18:50:14,980 - DEBUG - [global] needs_update: лучший источник raw → 5.13.09 (из 2)
2026-10-02 18:50:14,980 - INFO - [global] needs_update: local=(5, 13, 7) remote=(5, 13, 9) -> has_update=True
2026-10-02 18:50:14,980 - INFO - [global] Доступна обнова! Спавню кнопку
2026-10-02 18:50:22,225 - INFO - [global] LogUploader: запускаю upload_run_logs...
2026-10-02 18:50:22,226 - DEBUG - [global] log_uploader: START window=periodic made=-1 token=...Rjnfq
2026-10-02 18:50:23,333 - DEBUG - [global] _api_put: GET runs/20261002_185022_fail_periodic.log -> 404
2026-10-02 18:50:27,329 - DEBUG - [global] _api_put: PUT runs/20261002_185022_fail_periodic.log -> 201 (12833 bytes)
2026-10-02 18:50:27,332 - DEBUG - [global] log_uploader: STEP 1 (window log) -> https://github.com/StarateJI/L2Mauto/blob/bot-logs/runs/20261002_185022_fail_periodic.log
2026-10-02 18:50:27,332 - DEBUG - [global] log_uploader: STEP 2 SKIP (no PNGs)
2026-10-02 18:50:28,423 - DEBUG - [global] _api_put: GET runs/20261002_185022_fail_global.log -> 404
2026-10-02 18:50:32,153 - DEBUG - [global] _api_put: PUT runs/20261002_185022_fail_global.log -> 201 (20001 bytes)
2026-10-02 18:50:32,156 - DEBUG - [global] log_uploader: STEP 3 (global log) -> https://github.com/StarateJI/L2Mauto/blob/bot-logs/runs/20261002_185022_fail_global.log
2026-10-02 18:50:32,156 - DEBUG - [global] log_uploader: END window=periodic
2026-10-02 18:50:32,157 - INFO - [global] LogUploader: upload_run_logs завершён
2026-10-02 18:50:44,996 - INFO - [global] Проверяю обновы...
2026-10-02 18:50:45,933 - DEBUG - [global] needs_update: raw → 5.13.09
2026-10-02 18:50:46,151 - DEBUG - [global] needs_update: API → 5.13.09
2026-10-02 18:50:46,152 - DEBUG - [global] needs_update: лучший источник raw → 5.13.09 (из 2)
2026-10-02 18:50:46,152 - INFO - [global] needs_update: local=(5, 13, 7) remote=(5, 13, 9) -> has_update=True
2026-10-02 18:50:46,152 - INFO - [global] Доступна обнова! Спавню кнопку
2026-10-02 18:51:16,166 - INFO - [global] Проверяю обновы...
2026-10-02 18:51:17,048 - DEBUG - [global] needs_update: raw → 5.13.09
2026-10-02 18:51:17,312 - DEBUG - [global] needs_update: API → 5.13.09
2026-10-02 18:51:17,312 - DEBUG - [global] needs_update: лучший источник raw → 5.13.09 (из 2)
2026-10-02 18:51:17,313 - INFO - [global] needs_update: local=(5, 13, 7) remote=(5, 13, 9) -> has_update=True
2026-10-02 18:51:17,313 - INFO - [global] Доступна обнова! Спавню кнопку
2026-10-02 18:51:32,197 - INFO - [global] LogUploader: запускаю upload_run_logs...
2026-10-02 18:51:32,198 - DEBUG - [global] log_uploader: START window=periodic made=-1 token=...Rjnfq
2026-10-02 18:51:33,297 - DEBUG - [global] _api_put: GET runs/20261002_185132_fail_periodic.log -> 404
2026-10-02 18:51:35,786 - DEBUG - [global] _api_put: PUT runs/20261002_185132_fail_periodic.log -> 201 (12833 bytes)
2026-10-02 18:51:35,789 - DEBUG - [global] log_uploader: STEP 1 (window log) -> https://github.com/StarateJI/L2Mauto/blob/bot-logs/runs/20261002_185132_fail_periodic.log
2026-10-02 18:51:35,789 - DEBUG - [global] log_uploader: STEP 2 SKIP (no PNGs)
2026-10-02 18:51:36,866 - DEBUG - [global] _api_put: GET runs/20261002_185132_fail_global.log -> 404
2026-10-02 18:51:39,387 - DEBUG - [global] _api_put: PUT runs/20261002_185132_fail_global.log -> 201 (20019 bytes)
2026-10-02 18:51:39,389 - DEBUG - [global] log_uploader: STEP 3 (global log) -> https://github.com/StarateJI/L2Mauto/blob/bot-logs/runs/20261002_185132_fail_global.log
2026-10-02 18:51:39,389 - DEBUG - [global] log_uploader: END window=periodic
2026-10-02 18:51:39,389 - INFO - [global] LogUploader: upload_run_logs завершён
2026-10-02 18:51:47,331 - INFO - [global] Проверяю обновы...
2026-10-02 18:51:48,180 - DEBUG - [global] needs_update: raw → 5.13.09
2026-10-02 18:51:48,547 - DEBUG - [global] needs_update: API → 5.13.09
2026-10-02 18:51:48,549 - DEBUG - [global] needs_update: лучший источник raw → 5.13.09 (из 2)
2026-10-02 18:51:48,549 - INFO - [global] needs_update: local=(5, 13, 7) remote=(5, 13, 9) -> has_update=True
2026-10-02 18:51:48,549 - INFO - [global] Доступна обнова! Спавню кнопку
2026-10-02 18:52:18,568 - INFO - [global] Проверяю обновы...
2026-10-02 18:52:19,455 - DEBUG - [global] needs_update: raw → 5.13.09
2026-10-02 18:52:19,736 - DEBUG - [global] needs_update: API → 5.13.09
2026-10-02 18:52:19,736 - DEBUG - [global] needs_update: лучший источник raw → 5.13.09 (из 2)
2026-10-02 18:52:19,736 - INFO - [global] needs_update: local=(5, 13, 7) remote=(5, 13, 9) -> has_update=True
2026-10-02 18:52:19,736 - INFO - [global] Доступна обнова! Спавню кнопку
2026-10-02 18:52:39,427 - INFO - [global] LogUploader: запускаю upload_run_logs...
2026-10-02 18:52:39,428 - DEBUG - [global] log_uploader: START window=periodic made=-1 token=...Rjnfq
2026-10-02 18:52:40,498 - DEBUG - [global] _api_put: GET runs/20261002_185239_fail_periodic.log -> 404
2026-10-02 18:52:42,695 - DEBUG - [global] _api_put: PUT runs/20261002_185239_fail_periodic.log -> 201 (12833 bytes)
2026-10-02 18:52:42,697 - DEBUG - [global] log_uploader: STEP 1 (window log) -> https://github.com/StarateJI/L2Mauto/blob/bot-logs/runs/20261002_185239_fail_periodic.log
2026-10-02 18:52:42,698 - DEBUG - [global] log_uploader: STEP 2 SKIP (no PNGs)
2026-10-02 18:52:43,785 - DEBUG - [global] _api_put: GET runs/20261002_185239_fail_global.log -> 404
2026-10-02 18:52:46,141 - DEBUG - [global] _api_put: PUT runs/20261002_185239_fail_global.log -> 201 (20019 bytes)
2026-10-02 18:52:46,143 - DEBUG - [global] log_uploader: STEP 3 (global log) -> https://github.com/StarateJI/L2Mauto/blob/bot-logs/runs/20261002_185239_fail_global.log
2026-10-02 18:52:46,144 - DEBUG - [global] log_uploader: END window=periodic
2026-10-02 18:52:46,144 - INFO - [global] LogUploader: upload_run_logs завершён
2026-10-02 18:52:49,751 - INFO - [global] Проверяю обновы...
2026-10-02 18:52:50,504 - DEBUG - [global] needs_update: raw → 5.13.09
2026-10-02 18:52:51,784 - DEBUG - [global] needs_update: API → 5.13.09
2026-10-02 18:52:51,784 - DEBUG - [global] needs_update: лучший источник raw → 5.13.09 (из 2)
2026-10-02 18:52:51,785 - INFO - [global] needs_update: local=(5, 13, 7) remote=(5, 13, 9) -> has_update=True
2026-10-02 18:52:51,785 - INFO - [global] Доступна обнова! Спавню кнопку
2026-10-02 18:53:21,803 - INFO - [global] Проверяю обновы...
2026-10-02 18:53:22,710 - DEBUG - [global] needs_update: raw → 5.13.09
2026-10-02 18:53:23,051 - DEBUG - [global] needs_update: API → 5.13.09
2026-10-02 18:53:23,051 - DEBUG - [global] needs_update: лучший источник raw → 5.13.09 (из 2)
2026-10-02 18:53:23,051 - INFO - [global] needs_update: local=(5, 13, 7) remote=(5, 13, 9) -> has_update=True
2026-10-02 18:53:23,051 - INFO - [global] Доступна обнова! Спавню кнопку
2026-10-02 18:53:46,176 - INFO - [global] LogUploader: запускаю upload_run_logs...
2026-10-02 18:53:46,177 - DEBUG - [global] log_uploader: START window=periodic made=-1 token=...Rjnfq
2026-10-02 18:53:47,240 - DEBUG - [global] _api_put: GET runs/20261002_185346_fail_periodic.log -> 404
2026-10-02 18:53:49,508 - DEBUG - [global] _api_put: PUT runs/20261002_185346_fail_periodic.log -> 201 (12833 bytes)
2026-10-02 18:53:49,510 - DEBUG - [global] log_uploader: STEP 1 (window log) -> https://github.com/StarateJI/L2Mauto/blob/bot-logs/runs/20261002_185346_fail_periodic.log
2026-10-02 18:53:49,511 - DEBUG - [global] log_uploader: STEP 2 SKIP (no PNGs)
2026-10-02 18:53:51,808 - DEBUG - [global] _api_put: GET runs/20261002_185346_fail_global.log -> 404
2026-10-02 18:53:53,067 - INFO - [global] Проверяю обновы...
2026-10-02 18:53:53,961 - DEBUG - [global] needs_update: raw → 5.13.09
2026-10-02 18:53:55,924 - DEBUG - [global] needs_update: API → 5.13.09
2026-10-02 18:53:55,924 - DEBUG - [global] needs_update: лучший источник raw → 5.13.09 (из 2)
2026-10-02 18:53:55,924 - INFO - [global] needs_update: local=(5, 13, 7) remote=(5, 13, 9) -> has_update=True
2026-10-02 18:53:55,924 - INFO - [global] Доступна обнова! Спавню кнопку
2026-10-02 18:53:57,268 - DEBUG - [global] _api_put: PUT runs/20261002_185346_fail_global.log -> 201 (20019 bytes)
2026-10-02 18:53:57,270 - DEBUG - [global] log_uploader: STEP 3 (global log) -> https://github.com/StarateJI/L2Mauto/blob/bot-logs/runs/20261002_185346_fail_global.log
2026-10-02 18:53:57,270 - DEBUG - [global] log_uploader: END window=periodic
2026-10-02 18:53:57,270 - INFO - [global] LogUploader: upload_run_logs завершён
2026-10-02 18:54:25,940 - INFO - [global] Проверяю обновы...
2026-10-02 18:54:26,776 - DEBUG - [global] needs_update: raw → 5.13.09
2026-10-02 18:54:27,100 - DEBUG - [global] needs_update: API → 5.13.09
2026-10-02 18:54:27,100 - DEBUG - [global] needs_update: лучший источник raw → 5.13.09 (из 2)
2026-10-02 18:54:27,100 - INFO - [global] needs_update: local=(5, 13, 7) remote=(5, 13, 9) -> has_update=True
2026-10-02 18:54:27,100 - INFO - [global] Доступна обнова! Спавню кнопку
2026-10-02 18:54:57,121 - INFO - [global] Проверяю обновы...
2026-10-02 18:54:57,304 - INFO - [global] LogUploader: запускаю upload_run_logs...
2026-10-02 18:54:57,305 - DEBUG - [global] log_uploader: START window=periodic made=-1 token=...Rjnfq
2026-10-02 18:54:58,061 - DEBUG - [global] needs_update: raw → 5.13.09
2026-10-02 18:54:58,342 - DEBUG - [global] needs_update: API → 5.13.09
2026-10-02 18:54:58,342 - DEBUG - [global] needs_update: лучший источник raw → 5.13.09 (из 2)
2026-10-02 18:54:58,343 - INFO - [global] needs_update: local=(5, 13, 7) remote=(5, 13, 9) -> has_update=True
2026-10-02 18:54:58,343 - INFO - [global] Доступна обнова! Спавню кнопку
2026-10-02 18:54:58,583 - DEBUG - [global] _api_put: GET runs/20261002_185457_fail_periodic.log -> 404
2026-10-02 18:55:00,905 - DEBUG - [global] _api_put: PUT runs/20261002_185457_fail_periodic.log -> 201 (12833 bytes)
2026-10-02 18:55:00,907 - DEBUG - [global] log_uploader: STEP 1 (window log) -> https://github.com/StarateJI/L2Mauto/blob/bot-logs/runs/20261002_185457_fail_periodic.log
2026-10-02 18:55:00,907 - DEBUG - [global] log_uploader: STEP 2 SKIP (no PNGs)
2026-10-02 18:55:06,403 - DEBUG - [global] _api_put: GET runs/20261002_185457_fail_global.log -> 404
2026-10-02 18:55:08,970 - DEBUG - [global] _api_put: PUT runs/20261002_185457_fail_global.log -> 201 (19974 bytes)
2026-10-02 18:55:08,972 - DEBUG - [global] log_uploader: STEP 3 (global log) -> https://github.com/StarateJI/L2Mauto/blob/bot-logs/runs/20261002_185457_fail_global.log
2026-10-02 18:55:08,972 - DEBUG - [global] log_uploader: END window=periodic
2026-10-02 18:55:08,972 - INFO - [global] LogUploader: upload_run_logs завершён
2026-10-02 18:55:28,360 - INFO - [global] Проверяю обновы...
2026-10-02 18:55:29,310 - DEBUG - [global] needs_update: raw → 5.13.09
2026-10-02 18:55:29,554 - DEBUG - [global] needs_update: API → 5.13.09
2026-10-02 18:55:29,554 - DEBUG - [global] needs_update: лучший источник raw → 5.13.09 (из 2)
2026-10-02 18:55:29,554 - INFO - [global] needs_update: local=(5, 13, 7) remote=(5, 13, 9) -> has_update=True
2026-10-02 18:55:29,554 - INFO - [global] Доступна обнова! Спавню кнопку
2026-10-02 18:55:59,574 - INFO - [global] Проверяю обновы...
2026-10-02 18:56:00,441 - DEBUG - [global] needs_update: raw → 5.13.09
2026-10-02 18:56:00,711 - DEBUG - [global] needs_update: API → 5.13.09
2026-10-02 18:56:00,712 - DEBUG - [global] needs_update: лучший источник raw → 5.13.09 (из 2)
2026-10-02 18:56:00,712 - INFO - [global] needs_update: local=(5, 13, 7) remote=(5, 13, 9) -> has_update=True
2026-10-02 18:56:00,712 - INFO - [global] Доступна обнова! Спавню кнопку
2026-10-02 18:56:09,007 - INFO - [global] LogUploader: запускаю upload_run_logs...
2026-10-02 18:56:09,009 - DEBUG - [global] log_uploader: START window=periodic made=-1 token=...Rjnfq
2026-10-02 18:56:10,035 - DEBUG - [global] _api_put: GET runs/20261002_185609_fail_periodic.log -> 404
2026-10-02 18:56:12,518 - DEBUG - [global] _api_put: PUT runs/20261002_185609_fail_periodic.log -> 201 (12833 bytes)
2026-10-02 18:56:12,519 - DEBUG - [global] log_uploader: STEP 1 (window log) -> https://github.com/StarateJI/L2Mauto/blob/bot-logs/runs/20261002_185609_fail_periodic.log
2026-10-02 18:56:12,520 - DEBUG - [global] log_uploader: STEP 2 SKIP (no PNGs)
2026-10-02 18:56:13,618 - DEBUG - [global] _api_put: GET runs/20261002_185609_fail_global.log -> 404
2026-10-02 18:56:15,669 - DEBUG - [global] _api_put: PUT runs/20261002_185609_fail_global.log -> 201 (19974 bytes)
2026-10-02 18:56:15,672 - DEBUG - [global] log_uploader: STEP 3 (global log) -> https://github.com/StarateJI/L2Mauto/blob/bot-logs/runs/20261002_185609_fail_global.log
2026-10-02 18:56:15,672 - DEBUG - [global] log_uploader: END window=periodic
2026-10-02 18:56:15,673 - INFO - [global] LogUploader: upload_run_logs завершён
2026-10-02 18:56:30,727 - INFO - [global] Проверяю обновы...
2026-10-02 18:56:31,597 - DEBUG - [global] needs_update: raw → 5.13.09
2026-10-02 18:56:31,870 - DEBUG - [global] needs_update: API → 5.13.09
2026-10-02 18:56:31,871 - DEBUG - [global] needs_update: лучший источник raw → 5.13.09 (из 2)
2026-10-02 18:56:31,871 - INFO - [global] needs_update: local=(5, 13, 7) remote=(5, 13, 9) -> has_update=True
2026-10-02 18:56:31,871 - INFO - [global] Доступна обнова! Спавню кнопку
2026-10-02 18:57:01,887 - INFO - [global] Проверяю обновы...
2026-10-02 18:57:02,713 - DEBUG - [global] needs_update: raw → 5.13.09
2026-10-02 18:57:03,026 - DEBUG - [global] needs_update: API → 5.13.09
2026-10-02 18:57:03,027 - DEBUG - [global] needs_update: лучший источник raw → 5.13.09 (из 2)
2026-10-02 18:57:03,027 - INFO - [global] needs_update: local=(5, 13, 7) remote=(5, 13, 9) -> has_update=True
2026-10-02 18:57:03,027 - INFO - [global] Доступна обнова! Спавню кнопку
2026-10-02 18:57:15,705 - INFO - [global] LogUploader: запускаю upload_run_logs...
2026-10-02 18:57:15,707 - DEBUG - [global] log_uploader: START window=periodic made=-1 token=...Rjnfq
2026-10-02 18:57:16,725 - DEBUG - [global] _api_put: GET runs/20261002_185715_fail_periodic.log -> 404
2026-10-02 18:57:18,980 - DEBUG - [global] _api_put: PUT runs/20261002_185715_fail_periodic.log -> 201 (12833 bytes)
2026-10-02 18:57:18,983 - DEBUG - [global] log_uploader: STEP 1 (window log) -> https://github.com/StarateJI/L2Mauto/blob/bot-logs/runs/20261002_185715_fail_periodic.log
2026-10-02 18:57:18,983 - DEBUG - [global] log_uploader: STEP 2 SKIP (no PNGs)
