=== Log tail 2026-10-02T05:50:34.437161 | last 200 lines ===
2026-10-02 05:41:41,447 - INFO - [global] LogUploader: запускаю upload_run_logs...
2026-10-02 05:41:41,447 - DEBUG - [global] needs_update: API → 5.13.09
2026-10-02 05:41:41,447 - DEBUG - [global] needs_update: лучший источник raw → 5.13.09 (из 2)
2026-10-02 05:41:41,447 - INFO - [global] needs_update: local=(5, 13, 7) remote=(5, 13, 9) -> has_update=True
2026-10-02 05:41:41,447 - INFO - [global] Доступна обнова! Спавню кнопку
2026-10-02 05:41:41,448 - DEBUG - [global] log_uploader: START window=periodic made=-1 token=...Rjnfq
2026-10-02 05:41:43,432 - DEBUG - [global] _api_put: GET runs/20261002_054141_fail_periodic.log -> 404
2026-10-02 05:41:45,525 - DEBUG - [global] _api_put: PUT runs/20261002_054141_fail_periodic.log -> 201 (12833 bytes)
2026-10-02 05:41:45,528 - DEBUG - [global] log_uploader: STEP 1 (window log) -> https://github.com/StarateJI/L2Mauto/blob/bot-logs/runs/20261002_054141_fail_periodic.log
2026-10-02 05:41:45,529 - DEBUG - [global] log_uploader: STEP 2 SKIP (no PNGs)
2026-10-02 05:41:46,697 - DEBUG - [global] _api_put: GET runs/20261002_054141_fail_global.log -> 404
2026-10-02 05:41:48,627 - DEBUG - [global] _api_put: PUT runs/20261002_054141_fail_global.log -> 201 (20019 bytes)
2026-10-02 05:41:48,630 - DEBUG - [global] log_uploader: STEP 3 (global log) -> https://github.com/StarateJI/L2Mauto/blob/bot-logs/runs/20261002_054141_fail_global.log
2026-10-02 05:41:48,630 - DEBUG - [global] log_uploader: END window=periodic
2026-10-02 05:41:48,630 - INFO - [global] LogUploader: upload_run_logs завершён
2026-10-02 05:42:11,467 - INFO - [global] Проверяю обновы...
2026-10-02 05:42:12,325 - DEBUG - [global] needs_update: raw → 5.13.09
2026-10-02 05:42:12,506 - DEBUG - [global] needs_update: API → 5.13.09
2026-10-02 05:42:12,506 - DEBUG - [global] needs_update: лучший источник raw → 5.13.09 (из 2)
2026-10-02 05:42:12,506 - INFO - [global] needs_update: local=(5, 13, 7) remote=(5, 13, 9) -> has_update=True
2026-10-02 05:42:12,506 - INFO - [global] Доступна обнова! Спавню кнопку
2026-10-02 05:42:42,524 - INFO - [global] Проверяю обновы...
2026-10-02 05:42:43,392 - DEBUG - [global] needs_update: raw → 5.13.09
2026-10-02 05:42:43,595 - DEBUG - [global] needs_update: API → 5.13.09
2026-10-02 05:42:43,596 - DEBUG - [global] needs_update: лучший источник raw → 5.13.09 (из 2)
2026-10-02 05:42:43,596 - INFO - [global] needs_update: local=(5, 13, 7) remote=(5, 13, 9) -> has_update=True
2026-10-02 05:42:43,596 - INFO - [global] Доступна обнова! Спавню кнопку
2026-10-02 05:42:48,660 - INFO - [global] LogUploader: запускаю upload_run_logs...
2026-10-02 05:42:48,661 - DEBUG - [global] log_uploader: START window=periodic made=-1 token=...Rjnfq
2026-10-02 05:42:49,666 - DEBUG - [global] _api_put: GET runs/20261002_054248_fail_periodic.log -> 404
2026-10-02 05:42:51,696 - DEBUG - [global] _api_put: PUT runs/20261002_054248_fail_periodic.log -> 201 (12833 bytes)
2026-10-02 05:42:51,699 - DEBUG - [global] log_uploader: STEP 1 (window log) -> https://github.com/StarateJI/L2Mauto/blob/bot-logs/runs/20261002_054248_fail_periodic.log
2026-10-02 05:42:51,699 - DEBUG - [global] log_uploader: STEP 2 SKIP (no PNGs)
2026-10-02 05:42:52,770 - DEBUG - [global] _api_put: GET runs/20261002_054248_fail_global.log -> 404
2026-10-02 05:42:54,714 - DEBUG - [global] _api_put: PUT runs/20261002_054248_fail_global.log -> 201 (20019 bytes)
2026-10-02 05:42:54,716 - DEBUG - [global] log_uploader: STEP 3 (global log) -> https://github.com/StarateJI/L2Mauto/blob/bot-logs/runs/20261002_054248_fail_global.log
2026-10-02 05:42:54,716 - DEBUG - [global] log_uploader: END window=periodic
2026-10-02 05:42:54,716 - INFO - [global] LogUploader: upload_run_logs завершён
2026-10-02 05:43:13,614 - INFO - [global] Проверяю обновы...
2026-10-02 05:43:14,525 - DEBUG - [global] needs_update: raw → 5.13.09
2026-10-02 05:43:14,670 - DEBUG - [global] needs_update: API → 5.13.09
2026-10-02 05:43:14,670 - DEBUG - [global] needs_update: лучший источник raw → 5.13.09 (из 2)
2026-10-02 05:43:14,670 - INFO - [global] needs_update: local=(5, 13, 7) remote=(5, 13, 9) -> has_update=True
2026-10-02 05:43:14,670 - INFO - [global] Доступна обнова! Спавню кнопку
2026-10-02 05:43:44,684 - INFO - [global] Проверяю обновы...
2026-10-02 05:43:45,559 - DEBUG - [global] needs_update: raw → 5.13.09
2026-10-02 05:43:45,769 - DEBUG - [global] needs_update: API → 5.13.09
2026-10-02 05:43:45,769 - DEBUG - [global] needs_update: лучший источник raw → 5.13.09 (из 2)
2026-10-02 05:43:45,769 - INFO - [global] needs_update: local=(5, 13, 7) remote=(5, 13, 9) -> has_update=True
2026-10-02 05:43:45,769 - INFO - [global] Доступна обнова! Спавню кнопку
2026-10-02 05:43:54,745 - INFO - [global] LogUploader: запускаю upload_run_logs...
2026-10-02 05:43:54,746 - DEBUG - [global] log_uploader: START window=periodic made=-1 token=...Rjnfq
2026-10-02 05:43:55,711 - DEBUG - [global] _api_put: GET runs/20261002_054354_fail_periodic.log -> 404
2026-10-02 05:43:57,756 - DEBUG - [global] _api_put: PUT runs/20261002_054354_fail_periodic.log -> 201 (12833 bytes)
2026-10-02 05:43:57,759 - DEBUG - [global] log_uploader: STEP 1 (window log) -> https://github.com/StarateJI/L2Mauto/blob/bot-logs/runs/20261002_054354_fail_periodic.log
2026-10-02 05:43:57,760 - DEBUG - [global] log_uploader: STEP 2 SKIP (no PNGs)
2026-10-02 05:43:58,833 - DEBUG - [global] _api_put: GET runs/20261002_054354_fail_global.log -> 404
2026-10-02 05:44:00,885 - DEBUG - [global] _api_put: PUT runs/20261002_054354_fail_global.log -> 201 (20019 bytes)
2026-10-02 05:44:00,887 - DEBUG - [global] log_uploader: STEP 3 (global log) -> https://github.com/StarateJI/L2Mauto/blob/bot-logs/runs/20261002_054354_fail_global.log
2026-10-02 05:44:00,887 - DEBUG - [global] log_uploader: END window=periodic
2026-10-02 05:44:00,887 - INFO - [global] LogUploader: upload_run_logs завершён
2026-10-02 05:44:15,786 - INFO - [global] Проверяю обновы...
2026-10-02 05:44:16,663 - DEBUG - [global] needs_update: raw → 5.13.09
2026-10-02 05:44:16,817 - DEBUG - [global] needs_update: API → 5.13.09
2026-10-02 05:44:16,817 - DEBUG - [global] needs_update: лучший источник raw → 5.13.09 (из 2)
2026-10-02 05:44:16,817 - INFO - [global] needs_update: local=(5, 13, 7) remote=(5, 13, 9) -> has_update=True
2026-10-02 05:44:16,817 - INFO - [global] Доступна обнова! Спавню кнопку
2026-10-02 05:44:46,837 - INFO - [global] Проверяю обновы...
2026-10-02 05:44:47,663 - DEBUG - [global] needs_update: raw → 5.13.09
2026-10-02 05:44:47,902 - DEBUG - [global] needs_update: API → 5.13.09
2026-10-02 05:44:47,903 - DEBUG - [global] needs_update: лучший источник raw → 5.13.09 (из 2)
2026-10-02 05:44:47,903 - INFO - [global] needs_update: local=(5, 13, 7) remote=(5, 13, 9) -> has_update=True
2026-10-02 05:44:47,903 - INFO - [global] Доступна обнова! Спавню кнопку
2026-10-02 05:45:00,923 - INFO - [global] LogUploader: запускаю upload_run_logs...
2026-10-02 05:45:00,924 - DEBUG - [global] log_uploader: START window=periodic made=-1 token=...Rjnfq
2026-10-02 05:45:01,848 - DEBUG - [global] _api_put: GET runs/20261002_054500_fail_periodic.log -> 404
2026-10-02 05:45:03,841 - DEBUG - [global] _api_put: PUT runs/20261002_054500_fail_periodic.log -> 201 (12833 bytes)
2026-10-02 05:45:03,843 - DEBUG - [global] log_uploader: STEP 1 (window log) -> https://github.com/StarateJI/L2Mauto/blob/bot-logs/runs/20261002_054500_fail_periodic.log
2026-10-02 05:45:03,844 - DEBUG - [global] log_uploader: STEP 2 SKIP (no PNGs)
2026-10-02 05:45:04,856 - DEBUG - [global] _api_put: GET runs/20261002_054500_fail_global.log -> 404
2026-10-02 05:45:06,668 - DEBUG - [global] _api_put: PUT runs/20261002_054500_fail_global.log -> 201 (20019 bytes)
2026-10-02 05:45:06,672 - DEBUG - [global] log_uploader: STEP 3 (global log) -> https://github.com/StarateJI/L2Mauto/blob/bot-logs/runs/20261002_054500_fail_global.log
2026-10-02 05:45:06,672 - DEBUG - [global] log_uploader: END window=periodic
2026-10-02 05:45:06,672 - INFO - [global] LogUploader: upload_run_logs завершён
2026-10-02 05:45:17,923 - INFO - [global] Проверяю обновы...
2026-10-02 05:45:18,779 - DEBUG - [global] needs_update: raw → 5.13.09
2026-10-02 05:45:18,984 - DEBUG - [global] needs_update: API → 5.13.09
2026-10-02 05:45:18,985 - DEBUG - [global] needs_update: лучший источник raw → 5.13.09 (из 2)
2026-10-02 05:45:18,985 - INFO - [global] needs_update: local=(5, 13, 7) remote=(5, 13, 9) -> has_update=True
2026-10-02 05:45:18,985 - INFO - [global] Доступна обнова! Спавню кнопку
2026-10-02 05:45:49,003 - INFO - [global] Проверяю обновы...
2026-10-02 05:45:49,860 - DEBUG - [global] needs_update: raw → 5.13.09
2026-10-02 05:45:50,021 - DEBUG - [global] needs_update: API → 5.13.09
2026-10-02 05:45:50,021 - DEBUG - [global] needs_update: лучший источник raw → 5.13.09 (из 2)
2026-10-02 05:45:50,021 - INFO - [global] needs_update: local=(5, 13, 7) remote=(5, 13, 9) -> has_update=True
2026-10-02 05:45:50,021 - INFO - [global] Доступна обнова! Спавню кнопку
2026-10-02 05:46:06,706 - INFO - [global] LogUploader: запускаю upload_run_logs...
2026-10-02 05:46:06,706 - DEBUG - [global] log_uploader: START window=periodic made=-1 token=...Rjnfq
2026-10-02 05:46:07,633 - DEBUG - [global] _api_put: GET runs/20261002_054606_fail_periodic.log -> 404
2026-10-02 05:46:09,650 - DEBUG - [global] _api_put: PUT runs/20261002_054606_fail_periodic.log -> 201 (12833 bytes)
2026-10-02 05:46:09,653 - DEBUG - [global] log_uploader: STEP 1 (window log) -> https://github.com/StarateJI/L2Mauto/blob/bot-logs/runs/20261002_054606_fail_periodic.log
2026-10-02 05:46:09,653 - DEBUG - [global] log_uploader: STEP 2 SKIP (no PNGs)
2026-10-02 05:46:10,701 - DEBUG - [global] _api_put: GET runs/20261002_054606_fail_global.log -> 404
2026-10-02 05:46:12,673 - DEBUG - [global] _api_put: PUT runs/20261002_054606_fail_global.log -> 201 (20019 bytes)
2026-10-02 05:46:12,676 - DEBUG - [global] log_uploader: STEP 3 (global log) -> https://github.com/StarateJI/L2Mauto/blob/bot-logs/runs/20261002_054606_fail_global.log
2026-10-02 05:46:12,676 - DEBUG - [global] log_uploader: END window=periodic
2026-10-02 05:46:12,676 - INFO - [global] LogUploader: upload_run_logs завершён
2026-10-02 05:46:20,037 - INFO - [global] Проверяю обновы...
2026-10-02 05:46:20,910 - DEBUG - [global] needs_update: raw → 5.13.09
2026-10-02 05:46:21,088 - DEBUG - [global] needs_update: API → 5.13.09
2026-10-02 05:46:21,089 - DEBUG - [global] needs_update: лучший источник raw → 5.13.09 (из 2)
2026-10-02 05:46:21,089 - INFO - [global] needs_update: local=(5, 13, 7) remote=(5, 13, 9) -> has_update=True
2026-10-02 05:46:21,089 - INFO - [global] Доступна обнова! Спавню кнопку
2026-10-02 05:46:51,112 - INFO - [global] Проверяю обновы...
2026-10-02 05:46:51,972 - DEBUG - [global] needs_update: raw → 5.13.09
2026-10-02 05:46:52,144 - DEBUG - [global] needs_update: API → 5.13.09
2026-10-02 05:46:52,145 - DEBUG - [global] needs_update: лучший источник raw → 5.13.09 (из 2)
2026-10-02 05:46:52,145 - INFO - [global] needs_update: local=(5, 13, 7) remote=(5, 13, 9) -> has_update=True
2026-10-02 05:46:52,145 - INFO - [global] Доступна обнова! Спавню кнопку
2026-10-02 05:47:12,708 - INFO - [global] LogUploader: запускаю upload_run_logs...
2026-10-02 05:47:12,709 - DEBUG - [global] log_uploader: START window=periodic made=-1 token=...Rjnfq
2026-10-02 05:47:13,642 - DEBUG - [global] _api_put: GET runs/20261002_054712_fail_periodic.log -> 404
2026-10-02 05:47:15,486 - DEBUG - [global] _api_put: PUT runs/20261002_054712_fail_periodic.log -> 201 (12833 bytes)
2026-10-02 05:47:15,488 - DEBUG - [global] log_uploader: STEP 1 (window log) -> https://github.com/StarateJI/L2Mauto/blob/bot-logs/runs/20261002_054712_fail_periodic.log
2026-10-02 05:47:15,488 - DEBUG - [global] log_uploader: STEP 2 SKIP (no PNGs)
2026-10-02 05:47:16,555 - DEBUG - [global] _api_put: GET runs/20261002_054712_fail_global.log -> 404
2026-10-02 05:47:18,550 - DEBUG - [global] _api_put: PUT runs/20261002_054712_fail_global.log -> 201 (20019 bytes)
2026-10-02 05:47:18,551 - DEBUG - [global] log_uploader: STEP 3 (global log) -> https://github.com/StarateJI/L2Mauto/blob/bot-logs/runs/20261002_054712_fail_global.log
2026-10-02 05:47:18,552 - DEBUG - [global] log_uploader: END window=periodic
2026-10-02 05:47:18,552 - INFO - [global] LogUploader: upload_run_logs завершён
2026-10-02 05:47:22,161 - INFO - [global] Проверяю обновы...
2026-10-02 05:47:23,030 - DEBUG - [global] needs_update: raw → 5.13.09
2026-10-02 05:47:23,234 - DEBUG - [global] needs_update: API → 5.13.09
2026-10-02 05:47:23,235 - DEBUG - [global] needs_update: лучший источник raw → 5.13.09 (из 2)
2026-10-02 05:47:23,235 - INFO - [global] needs_update: local=(5, 13, 7) remote=(5, 13, 9) -> has_update=True
2026-10-02 05:47:23,235 - INFO - [global] Доступна обнова! Спавню кнопку
2026-10-02 05:47:53,256 - INFO - [global] Проверяю обновы...
2026-10-02 05:47:54,096 - DEBUG - [global] needs_update: raw → 5.13.09
2026-10-02 05:47:54,279 - DEBUG - [global] needs_update: API → 5.13.09
2026-10-02 05:47:54,279 - DEBUG - [global] needs_update: лучший источник raw → 5.13.09 (из 2)
2026-10-02 05:47:54,280 - INFO - [global] needs_update: local=(5, 13, 7) remote=(5, 13, 9) -> has_update=True
2026-10-02 05:47:54,280 - INFO - [global] Доступна обнова! Спавню кнопку
2026-10-02 05:48:18,586 - INFO - [global] LogUploader: запускаю upload_run_logs...
2026-10-02 05:48:18,587 - DEBUG - [global] log_uploader: START window=periodic made=-1 token=...Rjnfq
2026-10-02 05:48:19,508 - DEBUG - [global] _api_put: GET runs/20261002_054818_fail_periodic.log -> 404
2026-10-02 05:48:21,467 - DEBUG - [global] _api_put: PUT runs/20261002_054818_fail_periodic.log -> 201 (12833 bytes)
2026-10-02 05:48:21,470 - DEBUG - [global] log_uploader: STEP 1 (window log) -> https://github.com/StarateJI/L2Mauto/blob/bot-logs/runs/20261002_054818_fail_periodic.log
2026-10-02 05:48:21,471 - DEBUG - [global] log_uploader: STEP 2 SKIP (no PNGs)
2026-10-02 05:48:22,524 - DEBUG - [global] _api_put: GET runs/20261002_054818_fail_global.log -> 404
2026-10-02 05:48:24,299 - INFO - [global] Проверяю обновы...
2026-10-02 05:48:24,895 - DEBUG - [global] _api_put: PUT runs/20261002_054818_fail_global.log -> 201 (20019 bytes)
2026-10-02 05:48:24,897 - DEBUG - [global] log_uploader: STEP 3 (global log) -> https://github.com/StarateJI/L2Mauto/blob/bot-logs/runs/20261002_054818_fail_global.log
2026-10-02 05:48:24,897 - DEBUG - [global] log_uploader: END window=periodic
2026-10-02 05:48:24,897 - INFO - [global] LogUploader: upload_run_logs завершён
2026-10-02 05:48:25,138 - DEBUG - [global] needs_update: raw → 5.13.09
2026-10-02 05:48:25,314 - DEBUG - [global] needs_update: API → 5.13.09
2026-10-02 05:48:25,314 - DEBUG - [global] needs_update: лучший источник raw → 5.13.09 (из 2)
2026-10-02 05:48:25,314 - INFO - [global] needs_update: local=(5, 13, 7) remote=(5, 13, 9) -> has_update=True
2026-10-02 05:48:25,314 - INFO - [global] Доступна обнова! Спавню кнопку
2026-10-02 05:48:55,332 - INFO - [global] Проверяю обновы...
2026-10-02 05:48:56,184 - DEBUG - [global] needs_update: raw → 5.13.09
2026-10-02 05:48:56,386 - DEBUG - [global] needs_update: API → 5.13.09
2026-10-02 05:48:56,386 - DEBUG - [global] needs_update: лучший источник raw → 5.13.09 (из 2)
2026-10-02 05:48:56,386 - INFO - [global] needs_update: local=(5, 13, 7) remote=(5, 13, 9) -> has_update=True
2026-10-02 05:48:56,386 - INFO - [global] Доступна обнова! Спавню кнопку
2026-10-02 05:49:24,931 - INFO - [global] LogUploader: запускаю upload_run_logs...
2026-10-02 05:49:24,933 - DEBUG - [global] log_uploader: START window=periodic made=-1 token=...Rjnfq
2026-10-02 05:49:25,863 - DEBUG - [global] _api_put: GET runs/20261002_054924_fail_periodic.log -> 404
2026-10-02 05:49:26,405 - INFO - [global] Проверяю обновы...
2026-10-02 05:49:27,321 - DEBUG - [global] needs_update: raw → 5.13.09
2026-10-02 05:49:27,496 - DEBUG - [global] needs_update: API → 5.13.09
2026-10-02 05:49:27,496 - DEBUG - [global] needs_update: лучший источник raw → 5.13.09 (из 2)
2026-10-02 05:49:27,496 - INFO - [global] needs_update: local=(5, 13, 7) remote=(5, 13, 9) -> has_update=True
2026-10-02 05:49:27,497 - INFO - [global] Доступна обнова! Спавню кнопку
2026-10-02 05:49:27,756 - DEBUG - [global] _api_put: PUT runs/20261002_054924_fail_periodic.log -> 201 (12833 bytes)
2026-10-02 05:49:27,758 - DEBUG - [global] log_uploader: STEP 1 (window log) -> https://github.com/StarateJI/L2Mauto/blob/bot-logs/runs/20261002_054924_fail_periodic.log
2026-10-02 05:49:27,758 - DEBUG - [global] log_uploader: STEP 2 SKIP (no PNGs)
2026-10-02 05:49:28,862 - DEBUG - [global] _api_put: GET runs/20261002_054924_fail_global.log -> 404
2026-10-02 05:49:31,252 - DEBUG - [global] _api_put: PUT runs/20261002_054924_fail_global.log -> 201 (19974 bytes)
2026-10-02 05:49:31,255 - DEBUG - [global] log_uploader: STEP 3 (global log) -> https://github.com/StarateJI/L2Mauto/blob/bot-logs/runs/20261002_054924_fail_global.log
2026-10-02 05:49:31,255 - DEBUG - [global] log_uploader: END window=periodic
2026-10-02 05:49:31,255 - INFO - [global] LogUploader: upload_run_logs завершён
2026-10-02 05:49:57,524 - INFO - [global] Проверяю обновы...
2026-10-02 05:49:58,488 - DEBUG - [global] needs_update: raw → 5.13.09
2026-10-02 05:49:58,618 - DEBUG - [global] needs_update: API → 5.13.09
2026-10-02 05:49:58,618 - DEBUG - [global] needs_update: лучший источник raw → 5.13.09 (из 2)
2026-10-02 05:49:58,618 - INFO - [global] needs_update: local=(5, 13, 7) remote=(5, 13, 9) -> has_update=True
2026-10-02 05:49:58,618 - INFO - [global] Доступна обнова! Спавню кнопку
2026-10-02 05:50:28,638 - INFO - [global] Проверяю обновы...
2026-10-02 05:50:29,523 - DEBUG - [global] needs_update: raw → 5.13.09
2026-10-02 05:50:29,704 - DEBUG - [global] needs_update: API → 5.13.09
2026-10-02 05:50:29,705 - DEBUG - [global] needs_update: лучший источник raw → 5.13.09 (из 2)
2026-10-02 05:50:29,705 - INFO - [global] needs_update: local=(5, 13, 7) remote=(5, 13, 9) -> has_update=True
2026-10-02 05:50:29,705 - INFO - [global] Доступна обнова! Спавню кнопку
2026-10-02 05:50:31,290 - INFO - [global] LogUploader: запускаю upload_run_logs...
2026-10-02 05:50:31,291 - DEBUG - [global] log_uploader: START window=periodic made=-1 token=...Rjnfq
2026-10-02 05:50:32,243 - DEBUG - [global] _api_put: GET runs/20261002_055031_fail_periodic.log -> 404
2026-10-02 05:50:34,319 - DEBUG - [global] _api_put: PUT runs/20261002_055031_fail_periodic.log -> 201 (12833 bytes)
2026-10-02 05:50:34,322 - DEBUG - [global] log_uploader: STEP 1 (window log) -> https://github.com/StarateJI/L2Mauto/blob/bot-logs/runs/20261002_055031_fail_periodic.log
2026-10-02 05:50:34,323 - DEBUG - [global] log_uploader: STEP 2 SKIP (no PNGs)
