=== Log tail 2026-09-27T16:50:30.474185 | last 200 lines ===
2026-09-27 16:41:26,000 - INFO - [global] Доступна обнова! Спавню кнопку
2026-09-27 16:41:40,896 - INFO - [global] LogUploader: запускаю upload_run_logs...
2026-09-27 16:41:40,897 - DEBUG - [global] log_uploader: START window=periodic made=-1 token=...Rjnfq
2026-09-27 16:41:41,993 - DEBUG - [global] _api_put: GET runs/20260927_164140_fail_periodic.log -> 404
2026-09-27 16:41:43,868 - DEBUG - [global] _api_put: PUT runs/20260927_164140_fail_periodic.log -> 409 (12066 bytes)
2026-09-27 16:41:43,868 - WARNING - [global] _api_put: PUT failed body: {"message":"is at 65a015ac02210caa7862b6729f7d2171143de5ef but expected 758ab14f45a71f979d19938a7bdb67ebbbfd3609","documentation_url":"https://docs.github.com/rest/repos/contents#create-or-update-file
2026-09-27 16:41:43,870 - DEBUG - [global] log_uploader: STEP 1 (window log) -> FAILED
2026-09-27 16:41:43,871 - DEBUG - [global] log_uploader: STEP 2 SKIP (no PNGs)
2026-09-27 16:41:44,950 - DEBUG - [global] _api_put: GET runs/20260927_164140_fail_global.log -> 404
2026-09-27 16:41:46,789 - DEBUG - [global] _api_put: PUT runs/20260927_164140_fail_global.log -> 409 (20296 bytes)
2026-09-27 16:41:46,790 - WARNING - [global] _api_put: PUT failed body: {"message":"is at 8a4c234d6dd25f2fbe12d89b5f39947fc94ef526 but expected 65a015ac02210caa7862b6729f7d2171143de5ef","documentation_url":"https://docs.github.com/rest/repos/contents#create-or-update-file
2026-09-27 16:41:46,792 - DEBUG - [global] log_uploader: STEP 3 (global log) -> FAILED
2026-09-27 16:41:46,792 - DEBUG - [global] log_uploader: END window=periodic
2026-09-27 16:41:46,792 - INFO - [global] LogUploader: upload_run_logs завершён
2026-09-27 16:41:56,068 - INFO - [global] Проверяю обновы...
2026-09-27 16:41:57,024 - DEBUG - [global] needs_update: raw → 5.13.09
2026-09-27 16:41:57,268 - DEBUG - [global] needs_update: API → 5.13.09
2026-09-27 16:41:57,269 - DEBUG - [global] needs_update: лучший источник raw → 5.13.09 (из 2)
2026-09-27 16:41:57,269 - INFO - [global] needs_update: local=(5, 13, 7) remote=(5, 13, 9) -> has_update=True
2026-09-27 16:41:57,269 - INFO - [global] Доступна обнова! Спавню кнопку
2026-09-27 16:42:27,289 - INFO - [global] Проверяю обновы...
2026-09-27 16:42:28,241 - DEBUG - [global] needs_update: raw → 5.13.09
2026-09-27 16:42:28,472 - DEBUG - [global] needs_update: API → 5.13.09
2026-09-27 16:42:28,473 - DEBUG - [global] needs_update: лучший источник raw → 5.13.09 (из 2)
2026-09-27 16:42:28,473 - INFO - [global] needs_update: local=(5, 13, 7) remote=(5, 13, 9) -> has_update=True
2026-09-27 16:42:28,473 - INFO - [global] Доступна обнова! Спавню кнопку
2026-09-27 16:42:46,847 - INFO - [global] LogUploader: запускаю upload_run_logs...
2026-09-27 16:42:46,848 - DEBUG - [global] log_uploader: START window=periodic made=-1 token=...Rjnfq
2026-09-27 16:42:47,877 - DEBUG - [global] _api_put: GET runs/20260927_164246_fail_periodic.log -> 404
2026-09-27 16:42:49,699 - DEBUG - [global] _api_put: PUT runs/20260927_164246_fail_periodic.log -> 201 (12066 bytes)
2026-09-27 16:42:49,701 - DEBUG - [global] log_uploader: STEP 1 (window log) -> https://github.com/StarateJI/L2Mauto/blob/bot-logs/runs/20260927_164246_fail_periodic.log
2026-09-27 16:42:49,702 - DEBUG - [global] log_uploader: STEP 2 SKIP (no PNGs)
2026-09-27 16:42:50,704 - DEBUG - [global] _api_put: GET runs/20260927_164246_fail_global.log -> 404
2026-09-27 16:42:52,617 - DEBUG - [global] _api_put: PUT runs/20260927_164246_fail_global.log -> 409 (20389 bytes)
2026-09-27 16:42:52,617 - WARNING - [global] _api_put: PUT failed body: {"message":"is at 1dc770312ef507b800b7d22c543f76c8ff4a053f but expected 64391ea79a719c272dc5388b9d707deaa6e55d23","documentation_url":"https://docs.github.com/rest/repos/contents#create-or-update-file
2026-09-27 16:42:52,619 - DEBUG - [global] log_uploader: STEP 3 (global log) -> FAILED
2026-09-27 16:42:52,619 - DEBUG - [global] log_uploader: END window=periodic
2026-09-27 16:42:52,619 - INFO - [global] LogUploader: upload_run_logs завершён
2026-09-27 16:42:58,501 - INFO - [global] Проверяю обновы...
2026-09-27 16:42:59,438 - DEBUG - [global] needs_update: raw → 5.13.09
2026-09-27 16:42:59,576 - DEBUG - [global] needs_update: API → 5.13.09
2026-09-27 16:42:59,577 - DEBUG - [global] needs_update: лучший источник raw → 5.13.09 (из 2)
2026-09-27 16:42:59,577 - INFO - [global] needs_update: local=(5, 13, 7) remote=(5, 13, 9) -> has_update=True
2026-09-27 16:42:59,577 - INFO - [global] Доступна обнова! Спавню кнопку
2026-09-27 16:43:29,596 - INFO - [global] Проверяю обновы...
2026-09-27 16:43:30,478 - DEBUG - [global] needs_update: raw → 5.13.09
2026-09-27 16:43:30,646 - DEBUG - [global] needs_update: API → 5.13.09
2026-09-27 16:43:30,646 - DEBUG - [global] needs_update: лучший источник raw → 5.13.09 (из 2)
2026-09-27 16:43:30,646 - INFO - [global] needs_update: local=(5, 13, 7) remote=(5, 13, 9) -> has_update=True
2026-09-27 16:43:30,646 - INFO - [global] Доступна обнова! Спавню кнопку
2026-09-27 16:43:52,664 - INFO - [global] LogUploader: запускаю upload_run_logs...
2026-09-27 16:43:52,664 - DEBUG - [global] log_uploader: START window=periodic made=-1 token=...Rjnfq
2026-09-27 16:43:53,645 - DEBUG - [global] _api_put: GET runs/20260927_164352_fail_periodic.log -> 404
2026-09-27 16:43:55,420 - DEBUG - [global] _api_put: PUT runs/20260927_164352_fail_periodic.log -> 201 (12066 bytes)
2026-09-27 16:43:55,423 - DEBUG - [global] log_uploader: STEP 1 (window log) -> https://github.com/StarateJI/L2Mauto/blob/bot-logs/runs/20260927_164352_fail_periodic.log
2026-09-27 16:43:55,424 - DEBUG - [global] log_uploader: STEP 2 SKIP (no PNGs)
2026-09-27 16:43:56,458 - DEBUG - [global] _api_put: GET runs/20260927_164352_fail_global.log -> 404
2026-09-27 16:43:58,394 - DEBUG - [global] _api_put: PUT runs/20260927_164352_fail_global.log -> 201 (20490 bytes)
2026-09-27 16:43:58,396 - DEBUG - [global] log_uploader: STEP 3 (global log) -> https://github.com/StarateJI/L2Mauto/blob/bot-logs/runs/20260927_164352_fail_global.log
2026-09-27 16:43:58,396 - DEBUG - [global] log_uploader: END window=periodic
2026-09-27 16:43:58,396 - INFO - [global] LogUploader: upload_run_logs завершён
2026-09-27 16:44:00,668 - INFO - [global] Проверяю обновы...
2026-09-27 16:44:01,503 - DEBUG - [global] needs_update: raw → 5.13.09
2026-09-27 16:44:01,730 - DEBUG - [global] needs_update: API → 5.13.09
2026-09-27 16:44:01,730 - DEBUG - [global] needs_update: лучший источник raw → 5.13.09 (из 2)
2026-09-27 16:44:01,730 - INFO - [global] needs_update: local=(5, 13, 7) remote=(5, 13, 9) -> has_update=True
2026-09-27 16:44:01,730 - INFO - [global] Доступна обнова! Спавню кнопку
2026-09-27 16:44:31,749 - INFO - [global] Проверяю обновы...
2026-09-27 16:44:32,592 - DEBUG - [global] needs_update: raw → 5.13.09
2026-09-27 16:44:32,774 - DEBUG - [global] needs_update: API → 5.13.09
2026-09-27 16:44:32,774 - DEBUG - [global] needs_update: лучший источник raw → 5.13.09 (из 2)
2026-09-27 16:44:32,774 - INFO - [global] needs_update: local=(5, 13, 7) remote=(5, 13, 9) -> has_update=True
2026-09-27 16:44:32,774 - INFO - [global] Доступна обнова! Спавню кнопку
2026-09-27 16:44:58,462 - INFO - [global] LogUploader: запускаю upload_run_logs...
2026-09-27 16:44:58,463 - DEBUG - [global] log_uploader: START window=periodic made=-1 token=...Rjnfq
2026-09-27 16:44:59,406 - DEBUG - [global] _api_put: GET runs/20260927_164458_fail_periodic.log -> 404
2026-09-27 16:45:01,485 - DEBUG - [global] _api_put: PUT runs/20260927_164458_fail_periodic.log -> 201 (12066 bytes)
2026-09-27 16:45:01,487 - DEBUG - [global] log_uploader: STEP 1 (window log) -> https://github.com/StarateJI/L2Mauto/blob/bot-logs/runs/20260927_164458_fail_periodic.log
2026-09-27 16:45:01,488 - DEBUG - [global] log_uploader: STEP 2 SKIP (no PNGs)
2026-09-27 16:45:02,487 - DEBUG - [global] _api_put: GET runs/20260927_164458_fail_global.log -> 404
2026-09-27 16:45:02,793 - INFO - [global] Проверяю обновы...
2026-09-27 16:45:03,695 - DEBUG - [global] needs_update: raw → 5.13.09
2026-09-27 16:45:03,974 - DEBUG - [global] needs_update: API → 5.13.09
2026-09-27 16:45:03,974 - DEBUG - [global] needs_update: лучший источник raw → 5.13.09 (из 2)
2026-09-27 16:45:03,974 - INFO - [global] needs_update: local=(5, 13, 7) remote=(5, 13, 9) -> has_update=True
2026-09-27 16:45:03,974 - INFO - [global] Доступна обнова! Спавню кнопку
2026-09-27 16:45:04,577 - DEBUG - [global] _api_put: PUT runs/20260927_164458_fail_global.log -> 201 (20490 bytes)
2026-09-27 16:45:04,579 - DEBUG - [global] log_uploader: STEP 3 (global log) -> https://github.com/StarateJI/L2Mauto/blob/bot-logs/runs/20260927_164458_fail_global.log
2026-09-27 16:45:04,579 - DEBUG - [global] log_uploader: END window=periodic
2026-09-27 16:45:04,579 - INFO - [global] LogUploader: upload_run_logs завершён
2026-09-27 16:45:33,999 - INFO - [global] Проверяю обновы...
2026-09-27 16:45:34,931 - DEBUG - [global] needs_update: raw → 5.13.09
2026-09-27 16:45:35,115 - DEBUG - [global] needs_update: API → 5.13.09
2026-09-27 16:45:35,117 - DEBUG - [global] needs_update: лучший источник raw → 5.13.09 (из 2)
2026-09-27 16:45:35,117 - INFO - [global] needs_update: local=(5, 13, 7) remote=(5, 13, 9) -> has_update=True
2026-09-27 16:45:35,117 - INFO - [global] Доступна обнова! Спавню кнопку
2026-09-27 16:46:04,619 - INFO - [global] LogUploader: запускаю upload_run_logs...
2026-09-27 16:46:04,619 - DEBUG - [global] log_uploader: START window=periodic made=-1 token=...Rjnfq
2026-09-27 16:46:05,155 - INFO - [global] Проверяю обновы...
2026-09-27 16:46:05,576 - DEBUG - [global] _api_put: GET runs/20260927_164604_fail_periodic.log -> 404
2026-09-27 16:46:06,107 - DEBUG - [global] needs_update: raw → 5.13.09
2026-09-27 16:46:06,261 - DEBUG - [global] needs_update: API → 5.13.09
2026-09-27 16:46:06,262 - DEBUG - [global] needs_update: лучший источник raw → 5.13.09 (из 2)
2026-09-27 16:46:06,262 - INFO - [global] needs_update: local=(5, 13, 7) remote=(5, 13, 9) -> has_update=True
2026-09-27 16:46:06,262 - INFO - [global] Доступна обнова! Спавню кнопку
2026-09-27 16:46:07,436 - DEBUG - [global] _api_put: PUT runs/20260927_164604_fail_periodic.log -> 201 (12066 bytes)
2026-09-27 16:46:07,439 - DEBUG - [global] log_uploader: STEP 1 (window log) -> https://github.com/StarateJI/L2Mauto/blob/bot-logs/runs/20260927_164604_fail_periodic.log
2026-09-27 16:46:07,439 - DEBUG - [global] log_uploader: STEP 2 SKIP (no PNGs)
2026-09-27 16:46:08,413 - DEBUG - [global] _api_put: GET runs/20260927_164604_fail_global.log -> 404
2026-09-27 16:46:10,157 - DEBUG - [global] _api_put: PUT runs/20260927_164604_fail_global.log -> 201 (20487 bytes)
2026-09-27 16:46:10,159 - DEBUG - [global] log_uploader: STEP 3 (global log) -> https://github.com/StarateJI/L2Mauto/blob/bot-logs/runs/20260927_164604_fail_global.log
2026-09-27 16:46:10,160 - DEBUG - [global] log_uploader: END window=periodic
2026-09-27 16:46:10,160 - INFO - [global] LogUploader: upload_run_logs завершён
2026-09-27 16:46:36,282 - INFO - [global] Проверяю обновы...
2026-09-27 16:46:37,214 - DEBUG - [global] needs_update: raw → 5.13.09
2026-09-27 16:46:37,339 - DEBUG - [global] needs_update: API → 5.13.09
2026-09-27 16:46:37,339 - DEBUG - [global] needs_update: лучший источник raw → 5.13.09 (из 2)
2026-09-27 16:46:37,340 - INFO - [global] needs_update: local=(5, 13, 7) remote=(5, 13, 9) -> has_update=True
2026-09-27 16:46:37,340 - INFO - [global] Доступна обнова! Спавню кнопку
2026-09-27 16:47:07,356 - INFO - [global] Проверяю обновы...
2026-09-27 16:47:08,239 - DEBUG - [global] needs_update: raw → 5.13.09
2026-09-27 16:47:08,379 - DEBUG - [global] needs_update: API → 5.13.09
2026-09-27 16:47:08,379 - DEBUG - [global] needs_update: лучший источник raw → 5.13.09 (из 2)
2026-09-27 16:47:08,380 - INFO - [global] needs_update: local=(5, 13, 7) remote=(5, 13, 9) -> has_update=True
2026-09-27 16:47:08,380 - INFO - [global] Доступна обнова! Спавню кнопку
2026-09-27 16:47:10,197 - INFO - [global] LogUploader: запускаю upload_run_logs...
2026-09-27 16:47:10,198 - DEBUG - [global] log_uploader: START window=periodic made=-1 token=...Rjnfq
2026-09-27 16:47:11,154 - DEBUG - [global] _api_put: GET runs/20260927_164710_fail_periodic.log -> 404
2026-09-27 16:47:12,918 - DEBUG - [global] _api_put: PUT runs/20260927_164710_fail_periodic.log -> 201 (12066 bytes)
2026-09-27 16:47:12,919 - DEBUG - [global] log_uploader: STEP 1 (window log) -> https://github.com/StarateJI/L2Mauto/blob/bot-logs/runs/20260927_164710_fail_periodic.log
2026-09-27 16:47:12,920 - DEBUG - [global] log_uploader: STEP 2 SKIP (no PNGs)
2026-09-27 16:47:13,905 - DEBUG - [global] _api_put: GET runs/20260927_164710_fail_global.log -> 404
2026-09-27 16:47:15,688 - DEBUG - [global] _api_put: PUT runs/20260927_164710_fail_global.log -> 201 (20490 bytes)
2026-09-27 16:47:15,690 - DEBUG - [global] log_uploader: STEP 3 (global log) -> https://github.com/StarateJI/L2Mauto/blob/bot-logs/runs/20260927_164710_fail_global.log
2026-09-27 16:47:15,690 - DEBUG - [global] log_uploader: END window=periodic
2026-09-27 16:47:15,690 - INFO - [global] LogUploader: upload_run_logs завершён
2026-09-27 16:47:38,395 - INFO - [global] Проверяю обновы...
2026-09-27 16:47:39,320 - DEBUG - [global] needs_update: raw → 5.13.09
2026-09-27 16:47:39,488 - DEBUG - [global] needs_update: API → 5.13.09
2026-09-27 16:47:39,488 - DEBUG - [global] needs_update: лучший источник raw → 5.13.09 (из 2)
2026-09-27 16:47:39,488 - INFO - [global] needs_update: local=(5, 13, 7) remote=(5, 13, 9) -> has_update=True
2026-09-27 16:47:39,488 - INFO - [global] Доступна обнова! Спавню кнопку
2026-09-27 16:48:09,512 - INFO - [global] Проверяю обновы...
2026-09-27 16:48:10,372 - DEBUG - [global] needs_update: raw → 5.13.09
2026-09-27 16:48:10,586 - DEBUG - [global] needs_update: API → 5.13.09
2026-09-27 16:48:10,587 - DEBUG - [global] needs_update: лучший источник raw → 5.13.09 (из 2)
2026-09-27 16:48:10,587 - INFO - [global] needs_update: local=(5, 13, 7) remote=(5, 13, 9) -> has_update=True
2026-09-27 16:48:10,587 - INFO - [global] Доступна обнова! Спавню кнопку
2026-09-27 16:48:15,726 - INFO - [global] LogUploader: запускаю upload_run_logs...
2026-09-27 16:48:15,727 - DEBUG - [global] log_uploader: START window=periodic made=-1 token=...Rjnfq
2026-09-27 16:48:16,682 - DEBUG - [global] _api_put: GET runs/20260927_164815_fail_periodic.log -> 404
2026-09-27 16:48:18,417 - DEBUG - [global] _api_put: PUT runs/20260927_164815_fail_periodic.log -> 201 (12066 bytes)
2026-09-27 16:48:18,419 - DEBUG - [global] log_uploader: STEP 1 (window log) -> https://github.com/StarateJI/L2Mauto/blob/bot-logs/runs/20260927_164815_fail_periodic.log
2026-09-27 16:48:18,420 - DEBUG - [global] log_uploader: STEP 2 SKIP (no PNGs)
2026-09-27 16:48:19,396 - DEBUG - [global] _api_put: GET runs/20260927_164815_fail_global.log -> 404
2026-09-27 16:48:21,156 - DEBUG - [global] _api_put: PUT runs/20260927_164815_fail_global.log -> 201 (20490 bytes)
2026-09-27 16:48:21,158 - DEBUG - [global] log_uploader: STEP 3 (global log) -> https://github.com/StarateJI/L2Mauto/blob/bot-logs/runs/20260927_164815_fail_global.log
2026-09-27 16:48:21,158 - DEBUG - [global] log_uploader: END window=periodic
2026-09-27 16:48:21,158 - INFO - [global] LogUploader: upload_run_logs завершён
2026-09-27 16:48:40,609 - INFO - [global] Проверяю обновы...
2026-09-27 16:48:41,567 - DEBUG - [global] needs_update: raw → 5.13.09
2026-09-27 16:48:41,716 - DEBUG - [global] needs_update: API → 5.13.09
2026-09-27 16:48:41,718 - DEBUG - [global] needs_update: лучший источник raw → 5.13.09 (из 2)
2026-09-27 16:48:41,719 - INFO - [global] needs_update: local=(5, 13, 7) remote=(5, 13, 9) -> has_update=True
2026-09-27 16:48:41,719 - INFO - [global] Доступна обнова! Спавню кнопку
2026-09-27 16:49:11,748 - INFO - [global] Проверяю обновы...
2026-09-27 16:49:12,652 - DEBUG - [global] needs_update: raw → 5.13.09
2026-09-27 16:49:12,849 - DEBUG - [global] needs_update: API → 5.13.09
2026-09-27 16:49:12,849 - DEBUG - [global] needs_update: лучший источник raw → 5.13.09 (из 2)
2026-09-27 16:49:12,850 - INFO - [global] needs_update: local=(5, 13, 7) remote=(5, 13, 9) -> has_update=True
2026-09-27 16:49:12,850 - INFO - [global] Доступна обнова! Спавню кнопку
2026-09-27 16:49:21,201 - INFO - [global] LogUploader: запускаю upload_run_logs...
2026-09-27 16:49:21,201 - DEBUG - [global] log_uploader: START window=periodic made=-1 token=...Rjnfq
2026-09-27 16:49:22,224 - DEBUG - [global] _api_put: GET runs/20260927_164921_fail_periodic.log -> 404
2026-09-27 16:49:24,413 - DEBUG - [global] _api_put: PUT runs/20260927_164921_fail_periodic.log -> 201 (12066 bytes)
2026-09-27 16:49:24,416 - DEBUG - [global] log_uploader: STEP 1 (window log) -> https://github.com/StarateJI/L2Mauto/blob/bot-logs/runs/20260927_164921_fail_periodic.log
2026-09-27 16:49:24,419 - DEBUG - [global] log_uploader: STEP 2 SKIP (no PNGs)
2026-09-27 16:49:25,485 - DEBUG - [global] _api_put: GET runs/20260927_164921_fail_global.log -> 404
2026-09-27 16:49:27,352 - DEBUG - [global] _api_put: PUT runs/20260927_164921_fail_global.log -> 201 (20490 bytes)
2026-09-27 16:49:27,355 - DEBUG - [global] log_uploader: STEP 3 (global log) -> https://github.com/StarateJI/L2Mauto/blob/bot-logs/runs/20260927_164921_fail_global.log
2026-09-27 16:49:27,355 - DEBUG - [global] log_uploader: END window=periodic
2026-09-27 16:49:27,355 - INFO - [global] LogUploader: upload_run_logs завершён
2026-09-27 16:49:42,886 - INFO - [global] Проверяю обновы...
2026-09-27 16:49:43,901 - DEBUG - [global] needs_update: raw → 5.13.09
2026-09-27 16:49:44,073 - DEBUG - [global] needs_update: API → 5.13.09
2026-09-27 16:49:44,073 - DEBUG - [global] needs_update: лучший источник raw → 5.13.09 (из 2)
2026-09-27 16:49:44,073 - INFO - [global] needs_update: local=(5, 13, 7) remote=(5, 13, 9) -> has_update=True
2026-09-27 16:49:44,073 - INFO - [global] Доступна обнова! Спавню кнопку
2026-09-27 16:50:14,179 - INFO - [global] Проверяю обновы...
2026-09-27 16:50:15,140 - DEBUG - [global] needs_update: raw → 5.13.09
2026-09-27 16:50:15,407 - DEBUG - [global] needs_update: API → 5.13.09
2026-09-27 16:50:15,408 - DEBUG - [global] needs_update: лучший источник raw → 5.13.09 (из 2)
2026-09-27 16:50:15,408 - INFO - [global] needs_update: local=(5, 13, 7) remote=(5, 13, 9) -> has_update=True
2026-09-27 16:50:15,408 - INFO - [global] Доступна обнова! Спавню кнопку
2026-09-27 16:50:27,435 - INFO - [global] LogUploader: запускаю upload_run_logs...
2026-09-27 16:50:27,436 - DEBUG - [global] log_uploader: START window=periodic made=-1 token=...Rjnfq
2026-09-27 16:50:28,545 - DEBUG - [global] _api_put: GET runs/20260927_165027_fail_periodic.log -> 404
2026-09-27 16:50:30,427 - DEBUG - [global] _api_put: PUT runs/20260927_165027_fail_periodic.log -> 201 (12066 bytes)
2026-09-27 16:50:30,429 - DEBUG - [global] log_uploader: STEP 1 (window log) -> https://github.com/StarateJI/L2Mauto/blob/bot-logs/runs/20260927_165027_fail_periodic.log
2026-09-27 16:50:30,430 - DEBUG - [global] log_uploader: STEP 2 SKIP (no PNGs)
