=== Log tail 2026-10-03T23:25:24.621491 | last 200 lines ===
2026-10-03 23:16:23,494 - DEBUG - [global] needs_update: API → 5.13.09
2026-10-03 23:16:23,494 - DEBUG - [global] needs_update: лучший источник raw → 5.13.09 (из 2)
2026-10-03 23:16:23,494 - INFO - [global] needs_update: local=(5, 13, 7) remote=(5, 13, 9) -> has_update=True
2026-10-03 23:16:23,494 - INFO - [global] Доступна обнова! Спавню кнопку
2026-10-03 23:16:35,438 - INFO - [global] LogUploader: запускаю upload_run_logs...
2026-10-03 23:16:35,438 - DEBUG - [global] log_uploader: START window=periodic made=-1 token=...Rjnfq
2026-10-03 23:16:36,317 - DEBUG - [global] _api_put: GET runs/20261003_231635_fail_periodic.log -> 404
2026-10-03 23:16:38,248 - DEBUG - [global] _api_put: PUT runs/20261003_231635_fail_periodic.log -> 201 (13873 bytes)
2026-10-03 23:16:38,250 - DEBUG - [global] log_uploader: STEP 1 (window log) -> https://github.com/StarateJI/L2Mauto/blob/bot-logs/runs/20261003_231635_fail_periodic.log
2026-10-03 23:16:38,250 - DEBUG - [global] log_uploader: STEP 2 SKIP (no PNGs)
2026-10-03 23:16:39,175 - DEBUG - [global] _api_put: GET runs/20261003_231635_fail_global.log -> 404
2026-10-03 23:16:41,225 - DEBUG - [global] _api_put: PUT runs/20261003_231635_fail_global.log -> 201 (20019 bytes)
2026-10-03 23:16:41,228 - DEBUG - [global] log_uploader: STEP 3 (global log) -> https://github.com/StarateJI/L2Mauto/blob/bot-logs/runs/20261003_231635_fail_global.log
2026-10-03 23:16:41,228 - DEBUG - [global] log_uploader: END window=periodic
2026-10-03 23:16:41,228 - INFO - [global] LogUploader: upload_run_logs завершён
2026-10-03 23:16:53,512 - INFO - [global] Проверяю обновы...
2026-10-03 23:16:54,337 - DEBUG - [global] needs_update: raw → 5.13.09
2026-10-03 23:16:54,525 - DEBUG - [global] needs_update: API → 5.13.09
2026-10-03 23:16:54,526 - DEBUG - [global] needs_update: лучший источник raw → 5.13.09 (из 2)
2026-10-03 23:16:54,526 - INFO - [global] needs_update: local=(5, 13, 7) remote=(5, 13, 9) -> has_update=True
2026-10-03 23:16:54,526 - INFO - [global] Доступна обнова! Спавню кнопку
2026-10-03 23:17:24,542 - INFO - [global] Проверяю обновы...
2026-10-03 23:17:25,402 - DEBUG - [global] needs_update: raw → 5.13.09
2026-10-03 23:17:25,571 - DEBUG - [global] needs_update: API → 5.13.09
2026-10-03 23:17:25,571 - DEBUG - [global] needs_update: лучший источник raw → 5.13.09 (из 2)
2026-10-03 23:17:25,571 - INFO - [global] needs_update: local=(5, 13, 7) remote=(5, 13, 9) -> has_update=True
2026-10-03 23:17:25,571 - INFO - [global] Доступна обнова! Спавню кнопку
2026-10-03 23:17:41,259 - INFO - [global] LogUploader: запускаю upload_run_logs...
2026-10-03 23:17:41,260 - DEBUG - [global] log_uploader: START window=periodic made=-1 token=...Rjnfq
2026-10-03 23:17:42,244 - DEBUG - [global] _api_put: GET runs/20261003_231741_fail_periodic.log -> 404
2026-10-03 23:17:44,163 - DEBUG - [global] _api_put: PUT runs/20261003_231741_fail_periodic.log -> 201 (13873 bytes)
2026-10-03 23:17:44,164 - DEBUG - [global] log_uploader: STEP 1 (window log) -> https://github.com/StarateJI/L2Mauto/blob/bot-logs/runs/20261003_231741_fail_periodic.log
2026-10-03 23:17:44,165 - DEBUG - [global] log_uploader: STEP 2 SKIP (no PNGs)
2026-10-03 23:17:45,090 - DEBUG - [global] _api_put: GET runs/20261003_231741_fail_global.log -> 404
2026-10-03 23:17:47,110 - DEBUG - [global] _api_put: PUT runs/20261003_231741_fail_global.log -> 201 (20019 bytes)
2026-10-03 23:17:47,112 - DEBUG - [global] log_uploader: STEP 3 (global log) -> https://github.com/StarateJI/L2Mauto/blob/bot-logs/runs/20261003_231741_fail_global.log
2026-10-03 23:17:47,113 - DEBUG - [global] log_uploader: END window=periodic
2026-10-03 23:17:47,113 - INFO - [global] LogUploader: upload_run_logs завершён
2026-10-03 23:17:55,589 - INFO - [global] Проверяю обновы...
2026-10-03 23:17:56,384 - DEBUG - [global] needs_update: raw → 5.13.09
2026-10-03 23:17:56,759 - DEBUG - [global] needs_update: API → 5.13.09
2026-10-03 23:17:56,760 - DEBUG - [global] needs_update: лучший источник raw → 5.13.09 (из 2)
2026-10-03 23:17:56,760 - INFO - [global] needs_update: local=(5, 13, 7) remote=(5, 13, 9) -> has_update=True
2026-10-03 23:17:56,760 - INFO - [global] Доступна обнова! Спавню кнопку
2026-10-03 23:18:26,781 - INFO - [global] Проверяю обновы...
2026-10-03 23:18:27,595 - DEBUG - [global] needs_update: raw → 5.13.09
2026-10-03 23:18:27,804 - DEBUG - [global] needs_update: API → 5.13.09
2026-10-03 23:18:27,804 - DEBUG - [global] needs_update: лучший источник raw → 5.13.09 (из 2)
2026-10-03 23:18:27,804 - INFO - [global] needs_update: local=(5, 13, 7) remote=(5, 13, 9) -> has_update=True
2026-10-03 23:18:27,804 - INFO - [global] Доступна обнова! Спавню кнопку
2026-10-03 23:18:47,150 - INFO - [global] LogUploader: запускаю upload_run_logs...
2026-10-03 23:18:47,152 - DEBUG - [global] log_uploader: START window=periodic made=-1 token=...Rjnfq
2026-10-03 23:18:48,024 - DEBUG - [global] _api_put: GET runs/20261003_231847_fail_periodic.log -> 404
2026-10-03 23:18:49,920 - DEBUG - [global] _api_put: PUT runs/20261003_231847_fail_periodic.log -> 201 (13873 bytes)
2026-10-03 23:18:49,922 - DEBUG - [global] log_uploader: STEP 1 (window log) -> https://github.com/StarateJI/L2Mauto/blob/bot-logs/runs/20261003_231847_fail_periodic.log
2026-10-03 23:18:49,922 - DEBUG - [global] log_uploader: STEP 2 SKIP (no PNGs)
2026-10-03 23:18:50,837 - DEBUG - [global] _api_put: GET runs/20261003_231847_fail_global.log -> 404
2026-10-03 23:18:52,730 - DEBUG - [global] _api_put: PUT runs/20261003_231847_fail_global.log -> 201 (20019 bytes)
2026-10-03 23:18:52,733 - DEBUG - [global] log_uploader: STEP 3 (global log) -> https://github.com/StarateJI/L2Mauto/blob/bot-logs/runs/20261003_231847_fail_global.log
2026-10-03 23:18:52,733 - DEBUG - [global] log_uploader: END window=periodic
2026-10-03 23:18:52,733 - INFO - [global] LogUploader: upload_run_logs завершён
2026-10-03 23:18:57,819 - INFO - [global] Проверяю обновы...
2026-10-03 23:18:58,644 - DEBUG - [global] needs_update: raw → 5.13.09
2026-10-03 23:18:58,811 - DEBUG - [global] needs_update: API → 5.13.09
2026-10-03 23:18:58,812 - DEBUG - [global] needs_update: лучший источник raw → 5.13.09 (из 2)
2026-10-03 23:18:58,812 - INFO - [global] needs_update: local=(5, 13, 7) remote=(5, 13, 9) -> has_update=True
2026-10-03 23:18:58,812 - INFO - [global] Доступна обнова! Спавню кнопку
2026-10-03 23:19:28,827 - INFO - [global] Проверяю обновы...
2026-10-03 23:19:29,667 - DEBUG - [global] needs_update: raw → 5.13.09
2026-10-03 23:19:29,832 - DEBUG - [global] needs_update: API → 5.13.09
2026-10-03 23:19:29,833 - DEBUG - [global] needs_update: лучший источник raw → 5.13.09 (из 2)
2026-10-03 23:19:29,833 - INFO - [global] needs_update: local=(5, 13, 7) remote=(5, 13, 9) -> has_update=True
2026-10-03 23:19:29,833 - INFO - [global] Доступна обнова! Спавню кнопку
2026-10-03 23:19:52,771 - INFO - [global] LogUploader: запускаю upload_run_logs...
2026-10-03 23:19:52,772 - DEBUG - [global] log_uploader: START window=periodic made=-1 token=...Rjnfq
2026-10-03 23:19:53,675 - DEBUG - [global] _api_put: GET runs/20261003_231952_fail_periodic.log -> 404
2026-10-03 23:19:55,548 - DEBUG - [global] _api_put: PUT runs/20261003_231952_fail_periodic.log -> 201 (13873 bytes)
2026-10-03 23:19:55,550 - DEBUG - [global] log_uploader: STEP 1 (window log) -> https://github.com/StarateJI/L2Mauto/blob/bot-logs/runs/20261003_231952_fail_periodic.log
2026-10-03 23:19:55,551 - DEBUG - [global] log_uploader: STEP 2 SKIP (no PNGs)
2026-10-03 23:19:56,470 - DEBUG - [global] _api_put: GET runs/20261003_231952_fail_global.log -> 404
2026-10-03 23:19:58,360 - DEBUG - [global] _api_put: PUT runs/20261003_231952_fail_global.log -> 201 (20019 bytes)
2026-10-03 23:19:58,362 - DEBUG - [global] log_uploader: STEP 3 (global log) -> https://github.com/StarateJI/L2Mauto/blob/bot-logs/runs/20261003_231952_fail_global.log
2026-10-03 23:19:58,363 - DEBUG - [global] log_uploader: END window=periodic
2026-10-03 23:19:58,363 - INFO - [global] LogUploader: upload_run_logs завершён
2026-10-03 23:19:59,849 - INFO - [global] Проверяю обновы...
2026-10-03 23:20:00,695 - DEBUG - [global] needs_update: raw → 5.13.09
2026-10-03 23:20:00,863 - DEBUG - [global] needs_update: API → 5.13.09
2026-10-03 23:20:00,863 - DEBUG - [global] needs_update: лучший источник raw → 5.13.09 (из 2)
2026-10-03 23:20:00,863 - INFO - [global] needs_update: local=(5, 13, 7) remote=(5, 13, 9) -> has_update=True
2026-10-03 23:20:00,863 - INFO - [global] Доступна обнова! Спавню кнопку
2026-10-03 23:20:30,885 - INFO - [global] Проверяю обновы...
2026-10-03 23:20:31,745 - DEBUG - [global] needs_update: raw → 5.13.09
2026-10-03 23:20:31,908 - DEBUG - [global] needs_update: API → 5.13.09
2026-10-03 23:20:31,908 - DEBUG - [global] needs_update: лучший источник raw → 5.13.09 (из 2)
2026-10-03 23:20:31,908 - INFO - [global] needs_update: local=(5, 13, 7) remote=(5, 13, 9) -> has_update=True
2026-10-03 23:20:31,908 - INFO - [global] Доступна обнова! Спавню кнопку
2026-10-03 23:20:58,399 - INFO - [global] LogUploader: запускаю upload_run_logs...
2026-10-03 23:20:58,400 - DEBUG - [global] log_uploader: START window=periodic made=-1 token=...Rjnfq
2026-10-03 23:20:59,312 - DEBUG - [global] _api_put: GET runs/20261003_232058_fail_periodic.log -> 404
2026-10-03 23:21:01,371 - DEBUG - [global] _api_put: PUT runs/20261003_232058_fail_periodic.log -> 201 (13873 bytes)
2026-10-03 23:21:01,373 - DEBUG - [global] log_uploader: STEP 1 (window log) -> https://github.com/StarateJI/L2Mauto/blob/bot-logs/runs/20261003_232058_fail_periodic.log
2026-10-03 23:21:01,374 - DEBUG - [global] log_uploader: STEP 2 SKIP (no PNGs)
2026-10-03 23:21:01,924 - INFO - [global] Проверяю обновы...
2026-10-03 23:21:02,299 - DEBUG - [global] _api_put: GET runs/20261003_232058_fail_global.log -> 404
2026-10-03 23:21:02,810 - DEBUG - [global] needs_update: raw → 5.13.09
2026-10-03 23:21:03,000 - DEBUG - [global] needs_update: API → 5.13.09
2026-10-03 23:21:03,001 - DEBUG - [global] needs_update: лучший источник raw → 5.13.09 (из 2)
2026-10-03 23:21:03,001 - INFO - [global] needs_update: local=(5, 13, 7) remote=(5, 13, 9) -> has_update=True
2026-10-03 23:21:03,001 - INFO - [global] Доступна обнова! Спавню кнопку
2026-10-03 23:21:04,332 - DEBUG - [global] _api_put: PUT runs/20261003_232058_fail_global.log -> 201 (20019 bytes)
2026-10-03 23:21:04,334 - DEBUG - [global] log_uploader: STEP 3 (global log) -> https://github.com/StarateJI/L2Mauto/blob/bot-logs/runs/20261003_232058_fail_global.log
2026-10-03 23:21:04,334 - DEBUG - [global] log_uploader: END window=periodic
2026-10-03 23:21:04,334 - INFO - [global] LogUploader: upload_run_logs завершён
2026-10-03 23:21:33,019 - INFO - [global] Проверяю обновы...
2026-10-03 23:21:33,878 - DEBUG - [global] needs_update: raw → 5.13.09
2026-10-03 23:21:34,038 - DEBUG - [global] needs_update: API → 5.13.09
2026-10-03 23:21:34,038 - DEBUG - [global] needs_update: лучший источник raw → 5.13.09 (из 2)
2026-10-03 23:21:34,038 - INFO - [global] needs_update: local=(5, 13, 7) remote=(5, 13, 9) -> has_update=True
2026-10-03 23:21:34,038 - INFO - [global] Доступна обнова! Спавню кнопку
2026-10-03 23:22:04,058 - INFO - [global] Проверяю обновы...
2026-10-03 23:22:04,369 - INFO - [global] LogUploader: запускаю upload_run_logs...
2026-10-03 23:22:04,370 - DEBUG - [global] log_uploader: START window=periodic made=-1 token=...Rjnfq
2026-10-03 23:22:04,937 - DEBUG - [global] needs_update: raw → 5.13.09
2026-10-03 23:22:05,135 - DEBUG - [global] needs_update: API → 5.13.09
2026-10-03 23:22:05,136 - DEBUG - [global] needs_update: лучший источник raw → 5.13.09 (из 2)
2026-10-03 23:22:05,136 - INFO - [global] needs_update: local=(5, 13, 7) remote=(5, 13, 9) -> has_update=True
2026-10-03 23:22:05,136 - INFO - [global] Доступна обнова! Спавню кнопку
2026-10-03 23:22:05,429 - DEBUG - [global] _api_put: GET runs/20261003_232204_fail_periodic.log -> 404
2026-10-03 23:22:07,376 - DEBUG - [global] _api_put: PUT runs/20261003_232204_fail_periodic.log -> 201 (13873 bytes)
2026-10-03 23:22:07,378 - DEBUG - [global] log_uploader: STEP 1 (window log) -> https://github.com/StarateJI/L2Mauto/blob/bot-logs/runs/20261003_232204_fail_periodic.log
2026-10-03 23:22:07,378 - DEBUG - [global] log_uploader: STEP 2 SKIP (no PNGs)
2026-10-03 23:22:08,371 - DEBUG - [global] _api_put: GET runs/20261003_232204_fail_global.log -> 404
2026-10-03 23:22:10,291 - DEBUG - [global] _api_put: PUT runs/20261003_232204_fail_global.log -> 201 (20019 bytes)
2026-10-03 23:22:10,293 - DEBUG - [global] log_uploader: STEP 3 (global log) -> https://github.com/StarateJI/L2Mauto/blob/bot-logs/runs/20261003_232204_fail_global.log
2026-10-03 23:22:10,293 - DEBUG - [global] log_uploader: END window=periodic
2026-10-03 23:22:10,293 - INFO - [global] LogUploader: upload_run_logs завершён
2026-10-03 23:22:35,151 - INFO - [global] Проверяю обновы...
2026-10-03 23:22:36,032 - DEBUG - [global] needs_update: raw → 5.13.09
2026-10-03 23:22:36,166 - DEBUG - [global] needs_update: API → 5.13.09
2026-10-03 23:22:36,167 - DEBUG - [global] needs_update: лучший источник raw → 5.13.09 (из 2)
2026-10-03 23:22:36,167 - INFO - [global] needs_update: local=(5, 13, 7) remote=(5, 13, 9) -> has_update=True
2026-10-03 23:22:36,167 - INFO - [global] Доступна обнова! Спавню кнопку
2026-10-03 23:23:06,181 - INFO - [global] Проверяю обновы...
2026-10-03 23:23:07,065 - DEBUG - [global] needs_update: raw → 5.13.09
2026-10-03 23:23:07,224 - DEBUG - [global] needs_update: API → 5.13.09
2026-10-03 23:23:07,225 - DEBUG - [global] needs_update: лучший источник raw → 5.13.09 (из 2)
2026-10-03 23:23:07,225 - INFO - [global] needs_update: local=(5, 13, 7) remote=(5, 13, 9) -> has_update=True
2026-10-03 23:23:07,225 - INFO - [global] Доступна обнова! Спавню кнопку
2026-10-03 23:23:10,322 - INFO - [global] LogUploader: запускаю upload_run_logs...
2026-10-03 23:23:10,323 - DEBUG - [global] log_uploader: START window=periodic made=-1 token=...Rjnfq
2026-10-03 23:23:11,225 - DEBUG - [global] _api_put: GET runs/20261003_232310_fail_periodic.log -> 404
2026-10-03 23:23:12,972 - DEBUG - [global] _api_put: PUT runs/20261003_232310_fail_periodic.log -> 201 (13873 bytes)
2026-10-03 23:23:12,974 - DEBUG - [global] log_uploader: STEP 1 (window log) -> https://github.com/StarateJI/L2Mauto/blob/bot-logs/runs/20261003_232310_fail_periodic.log
2026-10-03 23:23:12,974 - DEBUG - [global] log_uploader: STEP 2 SKIP (no PNGs)
2026-10-03 23:23:13,910 - DEBUG - [global] _api_put: GET runs/20261003_232310_fail_global.log -> 404
2026-10-03 23:23:15,937 - DEBUG - [global] _api_put: PUT runs/20261003_232310_fail_global.log -> 201 (20019 bytes)
2026-10-03 23:23:15,939 - DEBUG - [global] log_uploader: STEP 3 (global log) -> https://github.com/StarateJI/L2Mauto/blob/bot-logs/runs/20261003_232310_fail_global.log
2026-10-03 23:23:15,939 - DEBUG - [global] log_uploader: END window=periodic
2026-10-03 23:23:15,939 - INFO - [global] LogUploader: upload_run_logs завершён
2026-10-03 23:23:37,245 - INFO - [global] Проверяю обновы...
2026-10-03 23:23:38,096 - DEBUG - [global] needs_update: raw → 5.13.09
2026-10-03 23:23:38,266 - DEBUG - [global] needs_update: API → 5.13.09
2026-10-03 23:23:38,267 - DEBUG - [global] needs_update: лучший источник raw → 5.13.09 (из 2)
2026-10-03 23:23:38,267 - INFO - [global] needs_update: local=(5, 13, 7) remote=(5, 13, 9) -> has_update=True
2026-10-03 23:23:38,267 - INFO - [global] Доступна обнова! Спавню кнопку
2026-10-03 23:24:08,283 - INFO - [global] Проверяю обновы...
2026-10-03 23:24:09,126 - DEBUG - [global] needs_update: raw → 5.13.09
2026-10-03 23:24:09,322 - DEBUG - [global] needs_update: API → 5.13.09
2026-10-03 23:24:09,322 - DEBUG - [global] needs_update: лучший источник raw → 5.13.09 (из 2)
2026-10-03 23:24:09,322 - INFO - [global] needs_update: local=(5, 13, 7) remote=(5, 13, 9) -> has_update=True
2026-10-03 23:24:09,322 - INFO - [global] Доступна обнова! Спавню кнопку
2026-10-03 23:24:15,971 - INFO - [global] LogUploader: запускаю upload_run_logs...
2026-10-03 23:24:15,972 - DEBUG - [global] log_uploader: START window=periodic made=-1 token=...Rjnfq
2026-10-03 23:24:16,844 - DEBUG - [global] _api_put: GET runs/20261003_232415_fail_periodic.log -> 404
2026-10-03 23:24:18,916 - DEBUG - [global] _api_put: PUT runs/20261003_232415_fail_periodic.log -> 201 (13873 bytes)
2026-10-03 23:24:18,918 - DEBUG - [global] log_uploader: STEP 1 (window log) -> https://github.com/StarateJI/L2Mauto/blob/bot-logs/runs/20261003_232415_fail_periodic.log
2026-10-03 23:24:18,918 - DEBUG - [global] log_uploader: STEP 2 SKIP (no PNGs)
2026-10-03 23:24:19,867 - DEBUG - [global] _api_put: GET runs/20261003_232415_fail_global.log -> 404
2026-10-03 23:24:21,724 - DEBUG - [global] _api_put: PUT runs/20261003_232415_fail_global.log -> 201 (20019 bytes)
2026-10-03 23:24:21,726 - DEBUG - [global] log_uploader: STEP 3 (global log) -> https://github.com/StarateJI/L2Mauto/blob/bot-logs/runs/20261003_232415_fail_global.log
2026-10-03 23:24:21,726 - DEBUG - [global] log_uploader: END window=periodic
2026-10-03 23:24:21,727 - INFO - [global] LogUploader: upload_run_logs завершён
2026-10-03 23:24:39,341 - INFO - [global] Проверяю обновы...
2026-10-03 23:24:40,170 - DEBUG - [global] needs_update: raw → 5.13.09
2026-10-03 23:24:40,326 - DEBUG - [global] needs_update: API → 5.13.09
2026-10-03 23:24:40,326 - DEBUG - [global] needs_update: лучший источник raw → 5.13.09 (из 2)
2026-10-03 23:24:40,327 - INFO - [global] needs_update: local=(5, 13, 7) remote=(5, 13, 9) -> has_update=True
2026-10-03 23:24:40,327 - INFO - [global] Доступна обнова! Спавню кнопку
2026-10-03 23:25:10,343 - INFO - [global] Проверяю обновы...
2026-10-03 23:25:11,207 - DEBUG - [global] needs_update: raw → 5.13.09
2026-10-03 23:25:11,336 - DEBUG - [global] needs_update: API → 5.13.09
2026-10-03 23:25:11,336 - DEBUG - [global] needs_update: лучший источник raw → 5.13.09 (из 2)
2026-10-03 23:25:11,336 - INFO - [global] needs_update: local=(5, 13, 7) remote=(5, 13, 9) -> has_update=True
2026-10-03 23:25:11,336 - INFO - [global] Доступна обнова! Спавню кнопку
2026-10-03 23:25:21,761 - INFO - [global] LogUploader: запускаю upload_run_logs...
2026-10-03 23:25:21,762 - DEBUG - [global] log_uploader: START window=periodic made=-1 token=...Rjnfq
2026-10-03 23:25:22,635 - DEBUG - [global] _api_put: GET runs/20261003_232521_fail_periodic.log -> 404
2026-10-03 23:25:24,578 - DEBUG - [global] _api_put: PUT runs/20261003_232521_fail_periodic.log -> 201 (13873 bytes)
2026-10-03 23:25:24,580 - DEBUG - [global] log_uploader: STEP 1 (window log) -> https://github.com/StarateJI/L2Mauto/blob/bot-logs/runs/20261003_232521_fail_periodic.log
2026-10-03 23:25:24,580 - DEBUG - [global] log_uploader: STEP 2 SKIP (no PNGs)
