=== Log tail 2026-09-19T14:22:44.348896 | last 200 lines ===
2026-09-19 14:13:15,821 - DEBUG - [global] _api_put: PUT runs/20260919_141312_fail_global.log -> 409 (21399 bytes)
2026-09-19 14:13:15,821 - WARNING - [global] _api_put: PUT failed body: {"message":"is at f0051397ecd08742b92b93d212b9ed7ba90a9663 but expected 8c254e3b8fe64c245204368bea3a0c3e74d0599f","documentation_url":"https://docs.github.com/rest/repos/contents#create-or-update-file
2026-09-19 14:13:15,825 - DEBUG - [global] log_uploader: STEP 3 (global log) -> FAILED
2026-09-19 14:13:15,827 - DEBUG - [global] log_uploader: END window=periodic
2026-09-19 14:13:15,827 - INFO - [global] LogUploader: upload_run_logs завершён
2026-09-19 14:13:16,346 - INFO - [global] Проверяю обновы...
2026-09-19 14:13:17,904 - DEBUG - [global] needs_update: raw → 5.11.22
2026-09-19 14:13:19,514 - DEBUG - [global] needs_update: API failed: HTTPError: 403 Client Error: rate limit exceeded for url: https://api.github.com/repos/StarateJI/L2Mauto/contents/bot/version.txt?ref=main
2026-09-19 14:13:21,282 - DEBUG - [global] needs_update: jsdelivr → 5.11.19
2026-09-19 14:13:21,283 - DEBUG - [global] needs_update: лучший источник raw → 5.11.22 (из 2)
2026-09-19 14:13:21,289 - INFO - [global] needs_update: local=(5, 11, 19) remote=(5, 11, 22) -> has_update=True
2026-09-19 14:13:21,289 - INFO - [global] Доступна обнова! Спавню кнопку
2026-09-19 14:13:51,310 - INFO - [global] Проверяю обновы...
2026-09-19 14:13:52,268 - DEBUG - [global] needs_update: raw → 5.11.22
2026-09-19 14:13:53,508 - DEBUG - [global] needs_update: API failed: HTTPError: 403 Client Error: rate limit exceeded for url: https://api.github.com/repos/StarateJI/L2Mauto/contents/bot/version.txt?ref=main
2026-09-19 14:13:54,794 - DEBUG - [global] needs_update: jsdelivr → 5.11.18
2026-09-19 14:13:54,794 - DEBUG - [global] needs_update: лучший источник raw → 5.11.22 (из 2)
2026-09-19 14:13:54,801 - INFO - [global] needs_update: local=(5, 11, 19) remote=(5, 11, 22) -> has_update=True
2026-09-19 14:13:54,801 - INFO - [global] Доступна обнова! Спавню кнопку
2026-09-19 14:14:15,910 - INFO - [global] LogUploader: запускаю upload_run_logs...
2026-09-19 14:14:15,913 - DEBUG - [global] log_uploader: START window=periodic made=-1 token=...Rjnfq
2026-09-19 14:14:15,913 - DEBUG - [global] log_uploader: STEP 1 SKIP (no C:\Users\PC\Desktop\L2Mauto\logs\periodic.log)
2026-09-19 14:14:15,914 - DEBUG - [global] log_uploader: STEP 2 SKIP (no PNGs)
2026-09-19 14:14:17,137 - DEBUG - [global] _api_put: GET runs/20260919_141415_fail_global.log -> 404
2026-09-19 14:14:19,025 - DEBUG - [global] _api_put: PUT runs/20260919_141415_fail_global.log -> 201 (21490 bytes)
2026-09-19 14:14:19,030 - DEBUG - [global] log_uploader: STEP 3 (global log) -> https://github.com/StarateJI/L2Mauto/blob/bot-logs/runs/20260919_141415_fail_global.log
2026-09-19 14:14:19,030 - DEBUG - [global] log_uploader: END window=periodic
2026-09-19 14:14:19,030 - INFO - [global] LogUploader: upload_run_logs завершён
2026-09-19 14:14:24,827 - INFO - [global] Проверяю обновы...
2026-09-19 14:14:26,022 - DEBUG - [global] needs_update: raw → 5.11.22
2026-09-19 14:14:27,014 - DEBUG - [global] needs_update: API failed: HTTPError: 403 Client Error: rate limit exceeded for url: https://api.github.com/repos/StarateJI/L2Mauto/contents/bot/version.txt?ref=main
2026-09-19 14:14:27,972 - DEBUG - [global] needs_update: jsdelivr → 5.11.18
2026-09-19 14:14:27,972 - DEBUG - [global] needs_update: лучший источник raw → 5.11.22 (из 2)
2026-09-19 14:14:27,977 - INFO - [global] needs_update: local=(5, 11, 19) remote=(5, 11, 22) -> has_update=True
2026-09-19 14:14:27,977 - INFO - [global] Доступна обнова! Спавню кнопку
2026-09-19 14:14:58,003 - INFO - [global] Проверяю обновы...
2026-09-19 14:14:59,031 - DEBUG - [global] needs_update: raw → 5.11.22
2026-09-19 14:15:00,208 - DEBUG - [global] needs_update: API failed: HTTPError: 403 Client Error: rate limit exceeded for url: https://api.github.com/repos/StarateJI/L2Mauto/contents/bot/version.txt?ref=main
2026-09-19 14:15:01,434 - DEBUG - [global] needs_update: jsdelivr → 5.11.18
2026-09-19 14:15:01,434 - DEBUG - [global] needs_update: лучший источник raw → 5.11.22 (из 2)
2026-09-19 14:15:01,438 - INFO - [global] needs_update: local=(5, 11, 19) remote=(5, 11, 22) -> has_update=True
2026-09-19 14:15:01,438 - INFO - [global] Доступна обнова! Спавню кнопку
2026-09-19 14:15:19,075 - INFO - [global] LogUploader: запускаю upload_run_logs...
2026-09-19 14:15:19,077 - DEBUG - [global] log_uploader: START window=periodic made=-1 token=...Rjnfq
2026-09-19 14:15:19,077 - DEBUG - [global] log_uploader: STEP 1 SKIP (no C:\Users\PC\Desktop\L2Mauto\logs\periodic.log)
2026-09-19 14:15:19,078 - DEBUG - [global] log_uploader: STEP 2 SKIP (no PNGs)
2026-09-19 14:15:20,322 - DEBUG - [global] _api_put: GET runs/20260919_141519_fail_global.log -> 404
2026-09-19 14:15:22,189 - DEBUG - [global] _api_put: PUT runs/20260919_141519_fail_global.log -> 201 (21490 bytes)
2026-09-19 14:15:22,194 - DEBUG - [global] log_uploader: STEP 3 (global log) -> https://github.com/StarateJI/L2Mauto/blob/bot-logs/runs/20260919_141519_fail_global.log
2026-09-19 14:15:22,194 - DEBUG - [global] log_uploader: END window=periodic
2026-09-19 14:15:22,194 - INFO - [global] LogUploader: upload_run_logs завершён
2026-09-19 14:15:31,459 - INFO - [global] Проверяю обновы...
2026-09-19 14:15:32,462 - DEBUG - [global] needs_update: raw → 5.11.22
2026-09-19 14:15:33,561 - DEBUG - [global] needs_update: API failed: HTTPError: 403 Client Error: rate limit exceeded for url: https://api.github.com/repos/StarateJI/L2Mauto/contents/bot/version.txt?ref=main
2026-09-19 14:15:34,911 - DEBUG - [global] needs_update: jsdelivr → 5.11.18
2026-09-19 14:15:34,911 - DEBUG - [global] needs_update: лучший источник raw → 5.11.22 (из 2)
2026-09-19 14:15:34,917 - INFO - [global] needs_update: local=(5, 11, 19) remote=(5, 11, 22) -> has_update=True
2026-09-19 14:15:34,917 - INFO - [global] Доступна обнова! Спавню кнопку
2026-09-19 14:16:04,943 - INFO - [global] Проверяю обновы...
2026-09-19 14:16:05,910 - DEBUG - [global] needs_update: raw → 5.11.22
2026-09-19 14:16:07,019 - DEBUG - [global] needs_update: API failed: HTTPError: 403 Client Error: rate limit exceeded for url: https://api.github.com/repos/StarateJI/L2Mauto/contents/bot/version.txt?ref=main
2026-09-19 14:16:08,263 - DEBUG - [global] needs_update: jsdelivr → 5.11.18
2026-09-19 14:16:08,263 - DEBUG - [global] needs_update: лучший источник raw → 5.11.22 (из 2)
2026-09-19 14:16:08,269 - INFO - [global] needs_update: local=(5, 11, 19) remote=(5, 11, 22) -> has_update=True
2026-09-19 14:16:08,269 - INFO - [global] Доступна обнова! Спавню кнопку
2026-09-19 14:16:22,245 - INFO - [global] LogUploader: запускаю upload_run_logs...
2026-09-19 14:16:22,247 - DEBUG - [global] log_uploader: START window=periodic made=-1 token=...Rjnfq
2026-09-19 14:16:22,248 - DEBUG - [global] log_uploader: STEP 1 SKIP (no C:\Users\PC\Desktop\L2Mauto\logs\periodic.log)
2026-09-19 14:16:22,249 - DEBUG - [global] log_uploader: STEP 2 SKIP (no PNGs)
2026-09-19 14:16:23,672 - DEBUG - [global] _api_put: GET runs/20260919_141622_fail_global.log -> 404
2026-09-19 14:16:26,174 - DEBUG - [global] _api_put: PUT runs/20260919_141622_fail_global.log -> 201 (21490 bytes)
2026-09-19 14:16:26,179 - DEBUG - [global] log_uploader: STEP 3 (global log) -> https://github.com/StarateJI/L2Mauto/blob/bot-logs/runs/20260919_141622_fail_global.log
2026-09-19 14:16:26,180 - DEBUG - [global] log_uploader: END window=periodic
2026-09-19 14:16:26,180 - INFO - [global] LogUploader: upload_run_logs завершён
2026-09-19 14:16:38,326 - INFO - [global] Проверяю обновы...
2026-09-19 14:16:39,306 - DEBUG - [global] needs_update: raw → 5.11.22
2026-09-19 14:16:40,335 - DEBUG - [global] needs_update: API failed: HTTPError: 403 Client Error: rate limit exceeded for url: https://api.github.com/repos/StarateJI/L2Mauto/contents/bot/version.txt?ref=main
2026-09-19 14:16:41,590 - DEBUG - [global] needs_update: jsdelivr → 5.11.18
2026-09-19 14:16:41,591 - DEBUG - [global] needs_update: лучший источник raw → 5.11.22 (из 2)
2026-09-19 14:16:41,597 - INFO - [global] needs_update: local=(5, 11, 19) remote=(5, 11, 22) -> has_update=True
2026-09-19 14:16:41,597 - INFO - [global] Доступна обнова! Спавню кнопку
2026-09-19 14:17:11,616 - INFO - [global] Проверяю обновы...
2026-09-19 14:17:12,583 - DEBUG - [global] needs_update: raw → 5.11.22
2026-09-19 14:17:13,870 - DEBUG - [global] needs_update: API failed: HTTPError: 403 Client Error: rate limit exceeded for url: https://api.github.com/repos/StarateJI/L2Mauto/contents/bot/version.txt?ref=main
2026-09-19 14:17:15,106 - DEBUG - [global] needs_update: jsdelivr → 5.11.18
2026-09-19 14:17:15,106 - DEBUG - [global] needs_update: лучший источник raw → 5.11.22 (из 2)
2026-09-19 14:17:15,111 - INFO - [global] needs_update: local=(5, 11, 19) remote=(5, 11, 22) -> has_update=True
2026-09-19 14:17:15,112 - INFO - [global] Доступна обнова! Спавню кнопку
2026-09-19 14:17:26,229 - INFO - [global] LogUploader: запускаю upload_run_logs...
2026-09-19 14:17:26,231 - DEBUG - [global] log_uploader: START window=periodic made=-1 token=...Rjnfq
2026-09-19 14:17:26,231 - DEBUG - [global] log_uploader: STEP 1 SKIP (no C:\Users\PC\Desktop\L2Mauto\logs\periodic.log)
2026-09-19 14:17:26,232 - DEBUG - [global] log_uploader: STEP 2 SKIP (no PNGs)
2026-09-19 14:17:27,467 - DEBUG - [global] _api_put: GET runs/20260919_141726_fail_global.log -> 404
2026-09-19 14:17:29,365 - DEBUG - [global] _api_put: PUT runs/20260919_141726_fail_global.log -> 201 (21490 bytes)
2026-09-19 14:17:29,370 - DEBUG - [global] log_uploader: STEP 3 (global log) -> https://github.com/StarateJI/L2Mauto/blob/bot-logs/runs/20260919_141726_fail_global.log
2026-09-19 14:17:29,370 - DEBUG - [global] log_uploader: END window=periodic
2026-09-19 14:17:29,371 - INFO - [global] LogUploader: upload_run_logs завершён
2026-09-19 14:17:45,154 - INFO - [global] Проверяю обновы...
2026-09-19 14:17:46,140 - DEBUG - [global] needs_update: raw → 5.11.22
2026-09-19 14:17:47,414 - DEBUG - [global] needs_update: API failed: HTTPError: 403 Client Error: rate limit exceeded for url: https://api.github.com/repos/StarateJI/L2Mauto/contents/bot/version.txt?ref=main
2026-09-19 14:17:48,634 - DEBUG - [global] needs_update: jsdelivr → 5.11.18
2026-09-19 14:17:48,634 - DEBUG - [global] needs_update: лучший источник raw → 5.11.22 (из 2)
2026-09-19 14:17:48,641 - INFO - [global] needs_update: local=(5, 11, 19) remote=(5, 11, 22) -> has_update=True
2026-09-19 14:17:48,641 - INFO - [global] Доступна обнова! Спавню кнопку
2026-09-19 14:18:18,663 - INFO - [global] Проверяю обновы...
2026-09-19 14:18:19,654 - DEBUG - [global] needs_update: raw → 5.11.22
2026-09-19 14:18:21,046 - DEBUG - [global] needs_update: API GitHub → 5.11.22
2026-09-19 14:18:22,270 - DEBUG - [global] needs_update: jsdelivr → 5.11.18
2026-09-19 14:18:22,270 - DEBUG - [global] needs_update: лучший источник raw → 5.11.22 (из 3)
2026-09-19 14:18:22,277 - INFO - [global] needs_update: local=(5, 11, 19) remote=(5, 11, 22) -> has_update=True
2026-09-19 14:18:22,277 - INFO - [global] Доступна обнова! Спавню кнопку
2026-09-19 14:18:29,441 - INFO - [global] LogUploader: запускаю upload_run_logs...
2026-09-19 14:18:29,444 - DEBUG - [global] log_uploader: START window=periodic made=-1 token=...Rjnfq
2026-09-19 14:18:29,445 - DEBUG - [global] log_uploader: STEP 1 SKIP (no C:\Users\PC\Desktop\L2Mauto\logs\periodic.log)
2026-09-19 14:18:29,445 - DEBUG - [global] log_uploader: STEP 2 SKIP (no PNGs)
2026-09-19 14:18:30,714 - DEBUG - [global] _api_put: GET runs/20260919_141829_fail_global.log -> 404
2026-09-19 14:18:33,005 - DEBUG - [global] _api_put: PUT runs/20260919_141829_fail_global.log -> 201 (21362 bytes)
2026-09-19 14:18:33,011 - DEBUG - [global] log_uploader: STEP 3 (global log) -> https://github.com/StarateJI/L2Mauto/blob/bot-logs/runs/20260919_141829_fail_global.log
2026-09-19 14:18:33,012 - DEBUG - [global] log_uploader: END window=periodic
2026-09-19 14:18:33,012 - INFO - [global] LogUploader: upload_run_logs завершён
2026-09-19 14:18:52,296 - INFO - [global] Проверяю обновы...
2026-09-19 14:18:53,293 - DEBUG - [global] needs_update: raw → 5.11.22
2026-09-19 14:18:54,490 - DEBUG - [global] needs_update: API GitHub → 5.11.22
2026-09-19 14:18:55,780 - DEBUG - [global] needs_update: jsdelivr → 5.11.18
2026-09-19 14:18:55,783 - DEBUG - [global] needs_update: лучший источник raw → 5.11.22 (из 3)
2026-09-19 14:18:55,792 - INFO - [global] needs_update: local=(5, 11, 19) remote=(5, 11, 22) -> has_update=True
2026-09-19 14:18:55,793 - INFO - [global] Доступна обнова! Спавню кнопку
2026-09-19 14:19:25,814 - INFO - [global] Проверяю обновы...
2026-09-19 14:19:26,983 - DEBUG - [global] needs_update: raw → 5.11.22
2026-09-19 14:19:27,993 - DEBUG - [global] needs_update: API GitHub → 5.11.22
2026-09-19 14:19:29,283 - DEBUG - [global] needs_update: jsdelivr → 5.11.18
2026-09-19 14:19:29,284 - DEBUG - [global] needs_update: лучший источник raw → 5.11.22 (из 3)
2026-09-19 14:19:29,291 - INFO - [global] needs_update: local=(5, 11, 19) remote=(5, 11, 22) -> has_update=True
2026-09-19 14:19:29,292 - INFO - [global] Доступна обнова! Спавню кнопку
2026-09-19 14:19:33,065 - INFO - [global] LogUploader: запускаю upload_run_logs...
2026-09-19 14:19:33,068 - DEBUG - [global] log_uploader: START window=periodic made=-1 token=...Rjnfq
2026-09-19 14:19:33,068 - DEBUG - [global] log_uploader: STEP 1 SKIP (no C:\Users\PC\Desktop\L2Mauto\logs\periodic.log)
2026-09-19 14:19:33,069 - DEBUG - [global] log_uploader: STEP 2 SKIP (no PNGs)
2026-09-19 14:19:34,294 - DEBUG - [global] _api_put: GET runs/20260919_141933_fail_global.log -> 404
2026-09-19 14:19:36,337 - DEBUG - [global] _api_put: PUT runs/20260919_141933_fail_global.log -> 201 (21106 bytes)
2026-09-19 14:19:36,342 - DEBUG - [global] log_uploader: STEP 3 (global log) -> https://github.com/StarateJI/L2Mauto/blob/bot-logs/runs/20260919_141933_fail_global.log
2026-09-19 14:19:36,343 - DEBUG - [global] log_uploader: END window=periodic
2026-09-19 14:19:36,343 - INFO - [global] LogUploader: upload_run_logs завершён
2026-09-19 14:19:59,313 - INFO - [global] Проверяю обновы...
2026-09-19 14:20:00,317 - DEBUG - [global] needs_update: raw → 5.11.22
2026-09-19 14:20:01,487 - DEBUG - [global] needs_update: API GitHub → 5.11.22
2026-09-19 14:20:02,664 - DEBUG - [global] needs_update: jsdelivr → 5.11.18
2026-09-19 14:20:02,665 - DEBUG - [global] needs_update: лучший источник raw → 5.11.22 (из 3)
2026-09-19 14:20:02,672 - INFO - [global] needs_update: local=(5, 11, 19) remote=(5, 11, 22) -> has_update=True
2026-09-19 14:20:02,672 - INFO - [global] Доступна обнова! Спавню кнопку
2026-09-19 14:20:32,693 - INFO - [global] Проверяю обновы...
2026-09-19 14:20:33,669 - DEBUG - [global] needs_update: raw → 5.11.22
2026-09-19 14:20:34,821 - DEBUG - [global] needs_update: API GitHub → 5.11.22
2026-09-19 14:20:36,053 - DEBUG - [global] needs_update: jsdelivr → 5.11.18
2026-09-19 14:20:36,053 - DEBUG - [global] needs_update: лучший источник raw → 5.11.22 (из 3)
2026-09-19 14:20:36,058 - INFO - [global] needs_update: local=(5, 11, 19) remote=(5, 11, 22) -> has_update=True
2026-09-19 14:20:36,058 - INFO - [global] Доступна обнова! Спавню кнопку
2026-09-19 14:20:36,387 - INFO - [global] LogUploader: запускаю upload_run_logs...
2026-09-19 14:20:36,390 - DEBUG - [global] log_uploader: START window=periodic made=-1 token=...Rjnfq
2026-09-19 14:20:36,391 - DEBUG - [global] log_uploader: STEP 1 SKIP (no C:\Users\PC\Desktop\L2Mauto\logs\periodic.log)
2026-09-19 14:20:36,394 - DEBUG - [global] log_uploader: STEP 2 SKIP (no PNGs)
2026-09-19 14:20:37,904 - DEBUG - [global] _api_put: GET runs/20260919_142036_fail_global.log -> 404
2026-09-19 14:20:40,084 - DEBUG - [global] _api_put: PUT runs/20260919_142036_fail_global.log -> 201 (20850 bytes)
2026-09-19 14:20:40,092 - DEBUG - [global] log_uploader: STEP 3 (global log) -> https://github.com/StarateJI/L2Mauto/blob/bot-logs/runs/20260919_142036_fail_global.log
2026-09-19 14:20:40,092 - DEBUG - [global] log_uploader: END window=periodic
2026-09-19 14:20:40,093 - INFO - [global] LogUploader: upload_run_logs завершён
2026-09-19 14:21:06,081 - INFO - [global] Проверяю обновы...
2026-09-19 14:21:07,060 - DEBUG - [global] needs_update: raw → 5.11.22
2026-09-19 14:21:08,113 - DEBUG - [global] needs_update: API GitHub → 5.11.22
2026-09-19 14:21:09,324 - DEBUG - [global] needs_update: jsdelivr → 5.11.18
2026-09-19 14:21:09,325 - DEBUG - [global] needs_update: лучший источник raw → 5.11.22 (из 3)
2026-09-19 14:21:09,330 - INFO - [global] needs_update: local=(5, 11, 19) remote=(5, 11, 22) -> has_update=True
2026-09-19 14:21:09,330 - INFO - [global] Доступна обнова! Спавню кнопку
2026-09-19 14:21:39,356 - INFO - [global] Проверяю обновы...
2026-09-19 14:21:40,140 - INFO - [global] LogUploader: запускаю upload_run_logs...
2026-09-19 14:21:40,142 - DEBUG - [global] log_uploader: START window=periodic made=-1 token=...Rjnfq
2026-09-19 14:21:40,143 - DEBUG - [global] log_uploader: STEP 1 SKIP (no C:\Users\PC\Desktop\L2Mauto\logs\periodic.log)
2026-09-19 14:21:40,143 - DEBUG - [global] log_uploader: STEP 2 SKIP (no PNGs)
2026-09-19 14:21:40,341 - DEBUG - [global] needs_update: raw → 5.11.22
2026-09-19 14:21:41,735 - DEBUG - [global] needs_update: API GitHub → 5.11.22
2026-09-19 14:21:41,846 - DEBUG - [global] _api_put: GET runs/20260919_142140_fail_global.log -> 404
2026-09-19 14:21:43,214 - DEBUG - [global] needs_update: jsdelivr → 5.11.18
2026-09-19 14:21:43,215 - DEBUG - [global] needs_update: лучший источник raw → 5.11.22 (из 3)
2026-09-19 14:21:43,221 - INFO - [global] needs_update: local=(5, 11, 19) remote=(5, 11, 22) -> has_update=True
2026-09-19 14:21:43,222 - INFO - [global] Доступна обнова! Спавню кнопку
2026-09-19 14:21:44,242 - DEBUG - [global] _api_put: PUT runs/20260919_142140_fail_global.log -> 201 (20750 bytes)
2026-09-19 14:21:44,249 - DEBUG - [global] log_uploader: STEP 3 (global log) -> https://github.com/StarateJI/L2Mauto/blob/bot-logs/runs/20260919_142140_fail_global.log
2026-09-19 14:21:44,249 - DEBUG - [global] log_uploader: END window=periodic
2026-09-19 14:21:44,249 - INFO - [global] LogUploader: upload_run_logs завершён
2026-09-19 14:22:13,250 - INFO - [global] Проверяю обновы...
2026-09-19 14:22:14,268 - DEBUG - [global] needs_update: raw → 5.11.22
2026-09-19 14:22:15,418 - DEBUG - [global] needs_update: API GitHub → 5.11.22
2026-09-19 14:22:16,795 - DEBUG - [global] needs_update: jsdelivr → 5.11.18
2026-09-19 14:22:16,795 - DEBUG - [global] needs_update: лучший источник raw → 5.11.22 (из 3)
2026-09-19 14:22:16,800 - INFO - [global] needs_update: local=(5, 11, 19) remote=(5, 11, 22) -> has_update=True
2026-09-19 14:22:16,801 - INFO - [global] Доступна обнова! Спавню кнопку
2026-09-19 14:22:44,304 - INFO - [global] LogUploader: запускаю upload_run_logs...
2026-09-19 14:22:44,306 - DEBUG - [global] log_uploader: START window=periodic made=-1 token=...Rjnfq
2026-09-19 14:22:44,307 - DEBUG - [global] log_uploader: STEP 1 SKIP (no C:\Users\PC\Desktop\L2Mauto\logs\periodic.log)
2026-09-19 14:22:44,308 - DEBUG - [global] log_uploader: STEP 2 SKIP (no PNGs)
