=== Log tail 2026-09-30T00:08:15.161969 | last 200 lines ===
2026-09-29 23:59:00,154 - DEBUG - [global] _api_put: PUT runs/20260929_235856_fail_periodic.log -> 201 (19392 bytes)
2026-09-29 23:59:00,156 - DEBUG - [global] log_uploader: STEP 1 (window log) -> https://github.com/StarateJI/L2Mauto/blob/bot-logs/runs/20260929_235856_fail_periodic.log
2026-09-29 23:59:00,159 - DEBUG - [global] log_uploader: STEP 2 SKIP (no PNGs)
2026-09-29 23:59:01,734 - DEBUG - [global] _api_put: GET runs/20260929_235856_fail_global.log -> 404
2026-09-29 23:59:04,735 - DEBUG - [global] _api_put: PUT runs/20260929_235856_fail_global.log -> 201 (20019 bytes)
2026-09-29 23:59:04,738 - DEBUG - [global] log_uploader: STEP 3 (global log) -> https://github.com/StarateJI/L2Mauto/blob/bot-logs/runs/20260929_235856_fail_global.log
2026-09-29 23:59:04,738 - DEBUG - [global] log_uploader: END window=periodic
2026-09-29 23:59:04,738 - INFO - [global] LogUploader: upload_run_logs завершён
2026-09-29 23:59:13,663 - INFO - [global] Проверяю обновы...
2026-09-29 23:59:14,622 - DEBUG - [global] needs_update: raw → 5.13.09
2026-09-29 23:59:14,792 - DEBUG - [global] needs_update: API → 5.13.09
2026-09-29 23:59:14,792 - DEBUG - [global] needs_update: лучший источник raw → 5.13.09 (из 2)
2026-09-29 23:59:14,792 - INFO - [global] needs_update: local=(5, 13, 7) remote=(5, 13, 9) -> has_update=True
2026-09-29 23:59:14,793 - INFO - [global] Доступна обнова! Спавню кнопку
2026-09-29 23:59:45,217 - INFO - [global] Проверяю обновы...
2026-09-29 23:59:46,233 - DEBUG - [global] needs_update: raw → 5.13.09
2026-09-29 23:59:46,434 - DEBUG - [global] needs_update: API → 5.13.09
2026-09-29 23:59:46,435 - DEBUG - [global] needs_update: лучший источник raw → 5.13.09 (из 2)
2026-09-29 23:59:46,435 - INFO - [global] needs_update: local=(5, 13, 7) remote=(5, 13, 9) -> has_update=True
2026-09-29 23:59:46,435 - INFO - [global] Доступна обнова! Спавню кнопку
2026-09-30 00:00:05,734 - INFO - [global] LogUploader: запускаю upload_run_logs...
2026-09-30 00:00:05,735 - DEBUG - [global] log_uploader: START window=periodic made=-1 token=...Rjnfq
2026-09-30 00:00:07,153 - DEBUG - [global] _api_put: GET runs/20260930_000005_fail_periodic.log -> 404
2026-09-30 00:00:09,733 - DEBUG - [global] _api_put: PUT runs/20260930_000005_fail_periodic.log -> 201 (19392 bytes)
2026-09-30 00:00:09,735 - DEBUG - [global] log_uploader: STEP 1 (window log) -> https://github.com/StarateJI/L2Mauto/blob/bot-logs/runs/20260930_000005_fail_periodic.log
2026-09-30 00:00:09,736 - DEBUG - [global] log_uploader: STEP 2 SKIP (no PNGs)
2026-09-30 00:00:11,660 - DEBUG - [global] _api_put: GET runs/20260930_000005_fail_global.log -> 404
2026-09-30 00:00:14,500 - DEBUG - [global] _api_put: PUT runs/20260930_000005_fail_global.log -> 201 (20019 bytes)
2026-09-30 00:00:14,504 - DEBUG - [global] log_uploader: STEP 3 (global log) -> https://github.com/StarateJI/L2Mauto/blob/bot-logs/runs/20260930_000005_fail_global.log
2026-09-30 00:00:14,504 - DEBUG - [global] log_uploader: END window=periodic
2026-09-30 00:00:14,504 - INFO - [global] LogUploader: upload_run_logs завершён
2026-09-30 00:00:16,926 - INFO - [global] Проверяю обновы...
2026-09-30 00:00:18,158 - DEBUG - [global] needs_update: raw → 5.13.09
2026-09-30 00:00:18,383 - DEBUG - [global] needs_update: API → 5.13.09
2026-09-30 00:00:18,383 - DEBUG - [global] needs_update: лучший источник raw → 5.13.09 (из 2)
2026-09-30 00:00:18,384 - INFO - [global] needs_update: local=(5, 13, 7) remote=(5, 13, 9) -> has_update=True
2026-09-30 00:00:18,384 - INFO - [global] Доступна обнова! Спавню кнопку
2026-09-30 00:00:48,746 - INFO - [global] Проверяю обновы...
2026-09-30 00:00:49,932 - DEBUG - [global] needs_update: raw → 5.13.09
2026-09-30 00:00:50,203 - DEBUG - [global] needs_update: API → 5.13.09
2026-09-30 00:00:50,206 - DEBUG - [global] needs_update: лучший источник raw → 5.13.09 (из 2)
2026-09-30 00:00:50,218 - INFO - [global] needs_update: local=(5, 13, 7) remote=(5, 13, 9) -> has_update=True
2026-09-30 00:00:50,218 - INFO - [global] Доступна обнова! Спавню кнопку
2026-09-30 00:01:15,417 - INFO - [global] LogUploader: запускаю upload_run_logs...
2026-09-30 00:01:15,418 - DEBUG - [global] log_uploader: START window=periodic made=-1 token=...Rjnfq
2026-09-30 00:01:17,297 - DEBUG - [global] _api_put: GET runs/20260930_000115_fail_periodic.log -> 404
2026-09-30 00:01:20,527 - DEBUG - [global] _api_put: PUT runs/20260930_000115_fail_periodic.log -> 201 (19392 bytes)
2026-09-30 00:01:20,530 - DEBUG - [global] log_uploader: STEP 1 (window log) -> https://github.com/StarateJI/L2Mauto/blob/bot-logs/runs/20260930_000115_fail_periodic.log
2026-09-30 00:01:20,531 - DEBUG - [global] log_uploader: STEP 2 SKIP (no PNGs)
2026-09-30 00:01:20,689 - INFO - [global] Проверяю обновы...
2026-09-30 00:01:21,874 - DEBUG - [global] needs_update: raw → 5.13.09
2026-09-30 00:01:22,076 - DEBUG - [global] needs_update: API → 5.13.09
2026-09-30 00:01:22,088 - DEBUG - [global] needs_update: лучший источник raw → 5.13.09 (из 2)
2026-09-30 00:01:22,088 - INFO - [global] needs_update: local=(5, 13, 7) remote=(5, 13, 9) -> has_update=True
2026-09-30 00:01:22,088 - INFO - [global] Доступна обнова! Спавню кнопку
2026-09-30 00:01:22,986 - DEBUG - [global] _api_put: GET runs/20260930_000115_fail_global.log -> 404
2026-09-30 00:01:26,207 - DEBUG - [global] _api_put: PUT runs/20260930_000115_fail_global.log -> 201 (20019 bytes)
2026-09-30 00:01:26,210 - DEBUG - [global] log_uploader: STEP 3 (global log) -> https://github.com/StarateJI/L2Mauto/blob/bot-logs/runs/20260930_000115_fail_global.log
2026-09-30 00:01:26,210 - DEBUG - [global] log_uploader: END window=periodic
2026-09-30 00:01:26,210 - INFO - [global] LogUploader: upload_run_logs завершён
2026-09-30 00:01:52,536 - INFO - [global] Проверяю обновы...
2026-09-30 00:01:54,084 - DEBUG - [global] needs_update: raw → 5.13.09
2026-09-30 00:01:54,253 - DEBUG - [global] needs_update: API → 5.13.09
2026-09-30 00:01:54,254 - DEBUG - [global] needs_update: лучший источник raw → 5.13.09 (из 2)
2026-09-30 00:01:54,254 - INFO - [global] needs_update: local=(5, 13, 7) remote=(5, 13, 9) -> has_update=True
2026-09-30 00:01:54,255 - INFO - [global] Доступна обнова! Спавню кнопку
2026-09-30 00:02:24,645 - INFO - [global] Проверяю обновы...
2026-09-30 00:02:25,694 - DEBUG - [global] needs_update: raw → 5.13.09
2026-09-30 00:02:25,875 - DEBUG - [global] needs_update: API → 5.13.09
2026-09-30 00:02:25,880 - DEBUG - [global] needs_update: лучший источник raw → 5.13.09 (из 2)
2026-09-30 00:02:25,880 - INFO - [global] needs_update: local=(5, 13, 7) remote=(5, 13, 9) -> has_update=True
2026-09-30 00:02:25,880 - INFO - [global] Доступна обнова! Спавню кнопку
2026-09-30 00:02:27,126 - INFO - [global] LogUploader: запускаю upload_run_logs...
2026-09-30 00:02:27,127 - DEBUG - [global] log_uploader: START window=periodic made=-1 token=...Rjnfq
2026-09-30 00:02:28,361 - DEBUG - [global] _api_put: GET runs/20260930_000227_fail_periodic.log -> 404
2026-09-30 00:02:30,735 - DEBUG - [global] _api_put: PUT runs/20260930_000227_fail_periodic.log -> 201 (19392 bytes)
2026-09-30 00:02:30,738 - DEBUG - [global] log_uploader: STEP 1 (window log) -> https://github.com/StarateJI/L2Mauto/blob/bot-logs/runs/20260930_000227_fail_periodic.log
2026-09-30 00:02:30,738 - DEBUG - [global] log_uploader: STEP 2 SKIP (no PNGs)
2026-09-30 00:02:32,268 - DEBUG - [global] _api_put: GET runs/20260930_000227_fail_global.log -> 404
2026-09-30 00:02:34,666 - DEBUG - [global] _api_put: PUT runs/20260930_000227_fail_global.log -> 201 (19974 bytes)
2026-09-30 00:02:34,668 - DEBUG - [global] log_uploader: STEP 3 (global log) -> https://github.com/StarateJI/L2Mauto/blob/bot-logs/runs/20260930_000227_fail_global.log
2026-09-30 00:02:34,668 - DEBUG - [global] log_uploader: END window=periodic
2026-09-30 00:02:34,668 - INFO - [global] LogUploader: upload_run_logs завершён
2026-09-30 00:02:56,391 - INFO - [global] Проверяю обновы...
2026-09-30 00:02:57,426 - DEBUG - [global] needs_update: raw → 5.13.09
2026-09-30 00:02:57,622 - DEBUG - [global] needs_update: API → 5.13.09
2026-09-30 00:02:57,623 - DEBUG - [global] needs_update: лучший источник raw → 5.13.09 (из 2)
2026-09-30 00:02:57,624 - INFO - [global] needs_update: local=(5, 13, 7) remote=(5, 13, 9) -> has_update=True
2026-09-30 00:02:57,624 - INFO - [global] Доступна обнова! Спавню кнопку
2026-09-30 00:03:28,035 - INFO - [global] Проверяю обновы...
2026-09-30 00:03:29,079 - DEBUG - [global] needs_update: raw → 5.13.09
2026-09-30 00:03:29,201 - DEBUG - [global] needs_update: API → 5.13.09
2026-09-30 00:03:29,203 - DEBUG - [global] needs_update: лучший источник raw → 5.13.09 (из 2)
2026-09-30 00:03:29,203 - INFO - [global] needs_update: local=(5, 13, 7) remote=(5, 13, 9) -> has_update=True
2026-09-30 00:03:29,203 - INFO - [global] Доступна обнова! Спавню кнопку
2026-09-30 00:03:35,574 - INFO - [global] LogUploader: запускаю upload_run_logs...
2026-09-30 00:03:35,576 - DEBUG - [global] log_uploader: START window=periodic made=-1 token=...Rjnfq
2026-09-30 00:03:36,830 - DEBUG - [global] _api_put: GET runs/20260930_000335_fail_periodic.log -> 404
2026-09-30 00:03:39,644 - DEBUG - [global] _api_put: PUT runs/20260930_000335_fail_periodic.log -> 201 (19392 bytes)
2026-09-30 00:03:39,647 - DEBUG - [global] log_uploader: STEP 1 (window log) -> https://github.com/StarateJI/L2Mauto/blob/bot-logs/runs/20260930_000335_fail_periodic.log
2026-09-30 00:03:39,648 - DEBUG - [global] log_uploader: STEP 2 SKIP (no PNGs)
2026-09-30 00:03:41,285 - DEBUG - [global] _api_put: GET runs/20260930_000335_fail_global.log -> 404
2026-09-30 00:03:43,949 - DEBUG - [global] _api_put: PUT runs/20260930_000335_fail_global.log -> 201 (19974 bytes)
2026-09-30 00:03:43,952 - DEBUG - [global] log_uploader: STEP 3 (global log) -> https://github.com/StarateJI/L2Mauto/blob/bot-logs/runs/20260930_000335_fail_global.log
2026-09-30 00:03:43,952 - DEBUG - [global] log_uploader: END window=periodic
2026-09-30 00:03:43,952 - INFO - [global] LogUploader: upload_run_logs завершён
2026-09-30 00:03:59,531 - INFO - [global] Проверяю обновы...
2026-09-30 00:04:00,575 - DEBUG - [global] needs_update: raw → 5.13.09
2026-09-30 00:04:00,765 - DEBUG - [global] needs_update: API → 5.13.09
2026-09-30 00:04:00,779 - DEBUG - [global] needs_update: лучший источник raw → 5.13.09 (из 2)
2026-09-30 00:04:00,779 - INFO - [global] needs_update: local=(5, 13, 7) remote=(5, 13, 9) -> has_update=True
2026-09-30 00:04:00,779 - INFO - [global] Доступна обнова! Спавню кнопку
2026-09-30 00:04:31,217 - INFO - [global] Проверяю обновы...
2026-09-30 00:04:32,256 - DEBUG - [global] needs_update: raw → 5.13.09
2026-09-30 00:04:32,436 - DEBUG - [global] needs_update: API → 5.13.09
2026-09-30 00:04:32,437 - DEBUG - [global] needs_update: лучший источник raw → 5.13.09 (из 2)
2026-09-30 00:04:32,437 - INFO - [global] needs_update: local=(5, 13, 7) remote=(5, 13, 9) -> has_update=True
2026-09-30 00:04:32,437 - INFO - [global] Доступна обнова! Спавню кнопку
2026-09-30 00:04:44,882 - INFO - [global] LogUploader: запускаю upload_run_logs...
2026-09-30 00:04:44,886 - DEBUG - [global] log_uploader: START window=periodic made=-1 token=...Rjnfq
2026-09-30 00:04:46,184 - DEBUG - [global] _api_put: GET runs/20260930_000444_fail_periodic.log -> 404
2026-09-30 00:04:48,753 - DEBUG - [global] _api_put: PUT runs/20260930_000444_fail_periodic.log -> 201 (19392 bytes)
2026-09-30 00:04:48,756 - DEBUG - [global] log_uploader: STEP 1 (window log) -> https://github.com/StarateJI/L2Mauto/blob/bot-logs/runs/20260930_000444_fail_periodic.log
2026-09-30 00:04:48,757 - DEBUG - [global] log_uploader: STEP 2 SKIP (no PNGs)
2026-09-30 00:04:50,270 - DEBUG - [global] _api_put: GET runs/20260930_000444_fail_global.log -> 404
2026-09-30 00:04:53,080 - DEBUG - [global] _api_put: PUT runs/20260930_000444_fail_global.log -> 201 (19974 bytes)
2026-09-30 00:04:53,082 - DEBUG - [global] log_uploader: STEP 3 (global log) -> https://github.com/StarateJI/L2Mauto/blob/bot-logs/runs/20260930_000444_fail_global.log
2026-09-30 00:04:53,083 - DEBUG - [global] log_uploader: END window=periodic
2026-09-30 00:04:53,083 - INFO - [global] LogUploader: upload_run_logs завершён
2026-09-30 00:05:02,940 - INFO - [global] Проверяю обновы...
2026-09-30 00:05:04,069 - DEBUG - [global] needs_update: raw → 5.13.09
2026-09-30 00:05:04,291 - DEBUG - [global] needs_update: API → 5.13.09
2026-09-30 00:05:04,296 - DEBUG - [global] needs_update: лучший источник raw → 5.13.09 (из 2)
2026-09-30 00:05:04,296 - INFO - [global] needs_update: local=(5, 13, 7) remote=(5, 13, 9) -> has_update=True
2026-09-30 00:05:04,296 - INFO - [global] Доступна обнова! Спавню кнопку
2026-09-30 00:05:34,830 - INFO - [global] Проверяю обновы...
2026-09-30 00:05:36,025 - DEBUG - [global] needs_update: raw → 5.13.09
2026-09-30 00:05:36,215 - DEBUG - [global] needs_update: API → 5.13.09
2026-09-30 00:05:36,216 - DEBUG - [global] needs_update: лучший источник raw → 5.13.09 (из 2)
2026-09-30 00:05:36,216 - INFO - [global] needs_update: local=(5, 13, 7) remote=(5, 13, 9) -> has_update=True
2026-09-30 00:05:36,217 - INFO - [global] Доступна обнова! Спавню кнопку
2026-09-30 00:05:53,953 - INFO - [global] LogUploader: запускаю upload_run_logs...
2026-09-30 00:05:53,954 - DEBUG - [global] log_uploader: START window=periodic made=-1 token=...Rjnfq
2026-09-30 00:05:55,682 - DEBUG - [global] _api_put: GET runs/20260930_000553_fail_periodic.log -> 404
2026-09-30 00:05:58,372 - DEBUG - [global] _api_put: PUT runs/20260930_000553_fail_periodic.log -> 201 (19392 bytes)
2026-09-30 00:05:58,374 - DEBUG - [global] log_uploader: STEP 1 (window log) -> https://github.com/StarateJI/L2Mauto/blob/bot-logs/runs/20260930_000553_fail_periodic.log
2026-09-30 00:05:58,376 - DEBUG - [global] log_uploader: STEP 2 SKIP (no PNGs)
2026-09-30 00:06:00,138 - DEBUG - [global] _api_put: GET runs/20260930_000553_fail_global.log -> 404
2026-09-30 00:06:02,602 - DEBUG - [global] _api_put: PUT runs/20260930_000553_fail_global.log -> 201 (20019 bytes)
2026-09-30 00:06:02,605 - DEBUG - [global] log_uploader: STEP 3 (global log) -> https://github.com/StarateJI/L2Mauto/blob/bot-logs/runs/20260930_000553_fail_global.log
2026-09-30 00:06:02,605 - DEBUG - [global] log_uploader: END window=periodic
2026-09-30 00:06:02,605 - INFO - [global] LogUploader: upload_run_logs завершён
2026-09-30 00:06:06,742 - INFO - [global] Проверяю обновы...
2026-09-30 00:06:07,971 - DEBUG - [global] needs_update: raw → 5.13.09
2026-09-30 00:06:08,379 - DEBUG - [global] needs_update: API → 5.13.09
2026-09-30 00:06:08,379 - DEBUG - [global] needs_update: лучший источник raw → 5.13.09 (из 2)
2026-09-30 00:06:08,380 - INFO - [global] needs_update: local=(5, 13, 7) remote=(5, 13, 9) -> has_update=True
2026-09-30 00:06:08,380 - INFO - [global] Доступна обнова! Спавню кнопку
2026-09-30 00:06:38,768 - INFO - [global] Проверяю обновы...
2026-09-30 00:06:39,979 - DEBUG - [global] needs_update: raw → 5.13.09
2026-09-30 00:06:40,164 - DEBUG - [global] needs_update: API → 5.13.09
2026-09-30 00:06:40,166 - DEBUG - [global] needs_update: лучший источник raw → 5.13.09 (из 2)
2026-09-30 00:06:40,167 - INFO - [global] needs_update: local=(5, 13, 7) remote=(5, 13, 9) -> has_update=True
2026-09-30 00:06:40,167 - INFO - [global] Доступна обнова! Спавню кнопку
2026-09-30 00:07:03,428 - INFO - [global] LogUploader: запускаю upload_run_logs...
2026-09-30 00:07:03,443 - DEBUG - [global] log_uploader: START window=periodic made=-1 token=...Rjnfq
2026-09-30 00:07:04,822 - DEBUG - [global] _api_put: GET runs/20260930_000703_fail_periodic.log -> 404
2026-09-30 00:07:06,828 - DEBUG - [global] _api_put: PUT runs/20260930_000703_fail_periodic.log -> 409 (19392 bytes)
2026-09-30 00:07:06,828 - WARNING - [global] _api_put: PUT failed body: {"message":"is at 1a64711f58753e951b73e4335d0599e2b0cd74ae but expected 0804c6516062a6bd4d2be7288268a4365bf2691a","documentation_url":"https://docs.github.com/rest/repos/contents#create-or-update-file
2026-09-30 00:07:06,831 - DEBUG - [global] log_uploader: STEP 1 (window log) -> FAILED
2026-09-30 00:07:06,831 - DEBUG - [global] log_uploader: STEP 2 SKIP (no PNGs)
2026-09-30 00:07:08,218 - DEBUG - [global] _api_put: GET runs/20260930_000703_fail_global.log -> 404
2026-09-30 00:07:10,388 - DEBUG - [global] _api_put: PUT runs/20260930_000703_fail_global.log -> 201 (20136 bytes)
2026-09-30 00:07:10,392 - DEBUG - [global] log_uploader: STEP 3 (global log) -> https://github.com/StarateJI/L2Mauto/blob/bot-logs/runs/20260930_000703_fail_global.log
2026-09-30 00:07:10,392 - DEBUG - [global] log_uploader: END window=periodic
2026-09-30 00:07:10,392 - INFO - [global] LogUploader: upload_run_logs завершён
2026-09-30 00:07:10,514 - INFO - [global] Проверяю обновы...
2026-09-30 00:07:11,563 - DEBUG - [global] needs_update: raw → 5.13.09
2026-09-30 00:07:11,664 - DEBUG - [global] needs_update: API → 5.13.09
2026-09-30 00:07:11,668 - DEBUG - [global] needs_update: лучший источник raw → 5.13.09 (из 2)
2026-09-30 00:07:11,668 - INFO - [global] needs_update: local=(5, 13, 7) remote=(5, 13, 9) -> has_update=True
2026-09-30 00:07:11,668 - INFO - [global] Доступна обнова! Спавню кнопку
2026-09-30 00:07:41,835 - INFO - [global] Проверяю обновы...
2026-09-30 00:07:42,866 - DEBUG - [global] needs_update: raw → 5.13.09
2026-09-30 00:07:43,012 - DEBUG - [global] needs_update: API → 5.13.09
2026-09-30 00:07:43,013 - DEBUG - [global] needs_update: лучший источник raw → 5.13.09 (из 2)
2026-09-30 00:07:43,013 - INFO - [global] needs_update: local=(5, 13, 7) remote=(5, 13, 9) -> has_update=True
2026-09-30 00:07:43,014 - INFO - [global] Доступна обнова! Спавню кнопку
2026-09-30 00:08:10,832 - INFO - [global] LogUploader: запускаю upload_run_logs...
2026-09-30 00:08:10,835 - DEBUG - [global] log_uploader: START window=periodic made=-1 token=...Rjnfq
2026-09-30 00:08:12,206 - DEBUG - [global] _api_put: GET runs/20260930_000810_fail_periodic.log -> 404
2026-09-30 00:08:13,165 - INFO - [global] Проверяю обновы...
2026-09-30 00:08:14,222 - DEBUG - [global] needs_update: raw → 5.13.09
2026-09-30 00:08:14,343 - DEBUG - [global] needs_update: API → 5.13.09
2026-09-30 00:08:14,347 - DEBUG - [global] needs_update: лучший источник raw → 5.13.09 (из 2)
2026-09-30 00:08:14,347 - INFO - [global] needs_update: local=(5, 13, 7) remote=(5, 13, 9) -> has_update=True
2026-09-30 00:08:14,347 - INFO - [global] Доступна обнова! Спавню кнопку
2026-09-30 00:08:14,958 - DEBUG - [global] _api_put: PUT runs/20260930_000810_fail_periodic.log -> 201 (19392 bytes)
2026-09-30 00:08:14,960 - DEBUG - [global] log_uploader: STEP 1 (window log) -> https://github.com/StarateJI/L2Mauto/blob/bot-logs/runs/20260930_000810_fail_periodic.log
2026-09-30 00:08:14,962 - DEBUG - [global] log_uploader: STEP 2 SKIP (no PNGs)
