=== Log tail 2026-09-23T19:22:23.652900 | last 200 lines ===
2026-09-23 19:13:31,508 - DEBUG - [global] _api_put: GET runs/20260923_191326_fail_global.log -> 404
2026-09-23 19:13:34,095 - DEBUG - [global] _api_put: PUT runs/20260923_191326_fail_global.log -> 201 (19797 bytes)
2026-09-23 19:13:34,108 - DEBUG - [global] log_uploader: STEP 3 (global log) -> https://github.com/StarateJI/L2Mauto/blob/bot-logs/runs/20260923_191326_fail_global.log
2026-09-23 19:13:34,109 - DEBUG - [global] log_uploader: END window=periodic
2026-09-23 19:13:34,109 - INFO - [global] LogUploader: upload_run_logs завершён
2026-09-23 19:13:43,463 - INFO - [global] Проверяю обновы...
2026-09-23 19:13:44,676 - DEBUG - [global] needs_update: API GitHub → 5.11.69
2026-09-23 19:13:45,733 - DEBUG - [global] needs_update: raw → 5.11.69
2026-09-23 19:13:47,176 - DEBUG - [global] needs_update: jsdelivr → 5.11.67
2026-09-23 19:13:47,177 - DEBUG - [global] needs_update: лучший источник API → 5.11.69 (из 3)
2026-09-23 19:13:47,184 - INFO - [global] needs_update: local=(5, 11, 67) remote=(5, 11, 69) -> has_update=True
2026-09-23 19:13:47,185 - INFO - [global] Доступна обнова! Спавню кнопку
2026-09-23 19:14:17,209 - INFO - [global] Проверяю обновы...
2026-09-23 19:14:18,383 - DEBUG - [global] needs_update: API GitHub → 5.11.69
2026-09-23 19:14:20,517 - DEBUG - [global] needs_update: raw → 5.11.69
2026-09-23 19:14:21,590 - DEBUG - [global] needs_update: jsdelivr → 5.11.67
2026-09-23 19:14:21,592 - DEBUG - [global] needs_update: лучший источник API → 5.11.69 (из 3)
2026-09-23 19:14:21,606 - INFO - [global] needs_update: local=(5, 11, 67) remote=(5, 11, 69) -> has_update=True
2026-09-23 19:14:21,606 - INFO - [global] Доступна обнова! Спавню кнопку
2026-09-23 19:14:34,174 - INFO - [global] LogUploader: запускаю upload_run_logs...
2026-09-23 19:14:34,176 - DEBUG - [global] log_uploader: START window=periodic made=-1 token=...Rjnfq
2026-09-23 19:14:35,364 - DEBUG - [global] _api_put: GET runs/20260923_191434_fail_periodic.log -> 404
2026-09-23 19:14:37,315 - DEBUG - [global] _api_put: PUT runs/20260923_191434_fail_periodic.log -> 201 (923 bytes)
2026-09-23 19:14:37,319 - DEBUG - [global] log_uploader: STEP 1 (window log) -> https://github.com/StarateJI/L2Mauto/blob/bot-logs/runs/20260923_191434_fail_periodic.log
2026-09-23 19:14:37,322 - DEBUG - [global] log_uploader: STEP 2 SKIP (no PNGs)
2026-09-23 19:14:38,654 - DEBUG - [global] _api_put: GET runs/20260923_191434_fail_global.log -> 404
2026-09-23 19:14:40,734 - DEBUG - [global] _api_put: PUT runs/20260923_191434_fail_global.log -> 201 (19797 bytes)
2026-09-23 19:14:40,740 - DEBUG - [global] log_uploader: STEP 3 (global log) -> https://github.com/StarateJI/L2Mauto/blob/bot-logs/runs/20260923_191434_fail_global.log
2026-09-23 19:14:40,740 - DEBUG - [global] log_uploader: END window=periodic
2026-09-23 19:14:40,740 - INFO - [global] LogUploader: upload_run_logs завершён
2026-09-23 19:14:51,625 - INFO - [global] Проверяю обновы...
2026-09-23 19:14:52,824 - DEBUG - [global] needs_update: API GitHub → 5.11.69
2026-09-23 19:14:54,176 - DEBUG - [global] needs_update: raw → 5.11.69
2026-09-23 19:14:55,456 - DEBUG - [global] needs_update: jsdelivr → 5.11.67
2026-09-23 19:14:55,457 - DEBUG - [global] needs_update: лучший источник API → 5.11.69 (из 3)
2026-09-23 19:14:55,463 - INFO - [global] needs_update: local=(5, 11, 67) remote=(5, 11, 69) -> has_update=True
2026-09-23 19:14:55,463 - INFO - [global] Доступна обнова! Спавню кнопку
2026-09-23 19:15:25,486 - INFO - [global] Проверяю обновы...
2026-09-23 19:15:26,724 - DEBUG - [global] needs_update: API GitHub → 5.11.69
2026-09-23 19:15:27,694 - DEBUG - [global] needs_update: raw → 5.11.69
2026-09-23 19:15:28,814 - DEBUG - [global] needs_update: jsdelivr → 5.11.67
2026-09-23 19:15:28,814 - DEBUG - [global] needs_update: лучший источник API → 5.11.69 (из 3)
2026-09-23 19:15:28,821 - INFO - [global] needs_update: local=(5, 11, 67) remote=(5, 11, 69) -> has_update=True
2026-09-23 19:15:28,821 - INFO - [global] Доступна обнова! Спавню кнопку
2026-09-23 19:15:40,798 - INFO - [global] LogUploader: запускаю upload_run_logs...
2026-09-23 19:15:40,802 - DEBUG - [global] log_uploader: START window=periodic made=-1 token=...Rjnfq
2026-09-23 19:15:42,002 - DEBUG - [global] _api_put: GET runs/20260923_191540_fail_periodic.log -> 404
2026-09-23 19:15:44,437 - DEBUG - [global] _api_put: PUT runs/20260923_191540_fail_periodic.log -> 201 (923 bytes)
2026-09-23 19:15:44,443 - DEBUG - [global] log_uploader: STEP 1 (window log) -> https://github.com/StarateJI/L2Mauto/blob/bot-logs/runs/20260923_191540_fail_periodic.log
2026-09-23 19:15:44,445 - DEBUG - [global] log_uploader: STEP 2 SKIP (no PNGs)
2026-09-23 19:15:45,766 - DEBUG - [global] _api_put: GET runs/20260923_191540_fail_global.log -> 404
2026-09-23 19:15:47,815 - DEBUG - [global] _api_put: PUT runs/20260923_191540_fail_global.log -> 201 (19797 bytes)
2026-09-23 19:15:47,821 - DEBUG - [global] log_uploader: STEP 3 (global log) -> https://github.com/StarateJI/L2Mauto/blob/bot-logs/runs/20260923_191540_fail_global.log
2026-09-23 19:15:47,821 - DEBUG - [global] log_uploader: END window=periodic
2026-09-23 19:15:47,821 - INFO - [global] LogUploader: upload_run_logs завершён
2026-09-23 19:15:58,848 - INFO - [global] Проверяю обновы...
2026-09-23 19:16:00,039 - DEBUG - [global] needs_update: API GitHub → 5.11.69
2026-09-23 19:16:01,043 - DEBUG - [global] needs_update: raw → 5.11.69
2026-09-23 19:16:02,230 - DEBUG - [global] needs_update: jsdelivr → 5.11.59
2026-09-23 19:16:02,231 - DEBUG - [global] needs_update: лучший источник API → 5.11.69 (из 3)
2026-09-23 19:16:02,237 - INFO - [global] needs_update: local=(5, 11, 67) remote=(5, 11, 69) -> has_update=True
2026-09-23 19:16:02,238 - INFO - [global] Доступна обнова! Спавню кнопку
2026-09-23 19:16:32,263 - INFO - [global] Проверяю обновы...
2026-09-23 19:16:33,486 - DEBUG - [global] needs_update: API GitHub → 5.11.69
2026-09-23 19:16:34,526 - DEBUG - [global] needs_update: raw → 5.11.69
2026-09-23 19:16:35,617 - DEBUG - [global] needs_update: jsdelivr → 5.11.59
2026-09-23 19:16:35,617 - DEBUG - [global] needs_update: лучший источник API → 5.11.69 (из 3)
2026-09-23 19:16:35,625 - INFO - [global] needs_update: local=(5, 11, 67) remote=(5, 11, 69) -> has_update=True
2026-09-23 19:16:35,625 - INFO - [global] Доступна обнова! Спавню кнопку
2026-09-23 19:16:47,899 - INFO - [global] LogUploader: запускаю upload_run_logs...
2026-09-23 19:16:47,901 - DEBUG - [global] log_uploader: START window=periodic made=-1 token=...Rjnfq
2026-09-23 19:16:49,095 - DEBUG - [global] _api_put: GET runs/20260923_191647_fail_periodic.log -> 404
2026-09-23 19:16:50,991 - DEBUG - [global] _api_put: PUT runs/20260923_191647_fail_periodic.log -> 201 (923 bytes)
2026-09-23 19:16:50,996 - DEBUG - [global] log_uploader: STEP 1 (window log) -> https://github.com/StarateJI/L2Mauto/blob/bot-logs/runs/20260923_191647_fail_periodic.log
2026-09-23 19:16:50,997 - DEBUG - [global] log_uploader: STEP 2 SKIP (no PNGs)
2026-09-23 19:16:52,323 - DEBUG - [global] _api_put: GET runs/20260923_191647_fail_global.log -> 404
2026-09-23 19:16:54,271 - DEBUG - [global] _api_put: PUT runs/20260923_191647_fail_global.log -> 201 (19797 bytes)
2026-09-23 19:16:54,276 - DEBUG - [global] log_uploader: STEP 3 (global log) -> https://github.com/StarateJI/L2Mauto/blob/bot-logs/runs/20260923_191647_fail_global.log
2026-09-23 19:16:54,276 - DEBUG - [global] log_uploader: END window=periodic
2026-09-23 19:16:54,276 - INFO - [global] LogUploader: upload_run_logs завершён
2026-09-23 19:17:05,648 - INFO - [global] Проверяю обновы...
2026-09-23 19:17:06,822 - DEBUG - [global] needs_update: API GitHub → 5.11.69
2026-09-23 19:17:07,809 - DEBUG - [global] needs_update: raw → 5.11.69
2026-09-23 19:17:08,867 - DEBUG - [global] needs_update: jsdelivr → 5.11.59
2026-09-23 19:17:08,868 - DEBUG - [global] needs_update: лучший источник API → 5.11.69 (из 3)
2026-09-23 19:17:08,873 - INFO - [global] needs_update: local=(5, 11, 67) remote=(5, 11, 69) -> has_update=True
2026-09-23 19:17:08,873 - INFO - [global] Доступна обнова! Спавню кнопку
2026-09-23 19:17:38,898 - INFO - [global] Проверяю обновы...
2026-09-23 19:17:40,121 - DEBUG - [global] needs_update: API GitHub → 5.11.69
2026-09-23 19:17:41,545 - DEBUG - [global] needs_update: raw → 5.11.69
2026-09-23 19:17:43,007 - DEBUG - [global] needs_update: jsdelivr → 5.11.59
2026-09-23 19:17:43,008 - DEBUG - [global] needs_update: лучший источник API → 5.11.69 (из 3)
2026-09-23 19:17:43,015 - INFO - [global] needs_update: local=(5, 11, 67) remote=(5, 11, 69) -> has_update=True
2026-09-23 19:17:43,015 - INFO - [global] Доступна обнова! Спавню кнопку
2026-09-23 19:17:54,367 - INFO - [global] LogUploader: запускаю upload_run_logs...
2026-09-23 19:17:54,370 - DEBUG - [global] log_uploader: START window=periodic made=-1 token=...Rjnfq
2026-09-23 19:17:55,532 - DEBUG - [global] _api_put: GET runs/20260923_191754_fail_periodic.log -> 404
2026-09-23 19:17:57,498 - DEBUG - [global] _api_put: PUT runs/20260923_191754_fail_periodic.log -> 201 (923 bytes)
2026-09-23 19:17:57,504 - DEBUG - [global] log_uploader: STEP 1 (window log) -> https://github.com/StarateJI/L2Mauto/blob/bot-logs/runs/20260923_191754_fail_periodic.log
2026-09-23 19:17:57,505 - DEBUG - [global] log_uploader: STEP 2 SKIP (no PNGs)
2026-09-23 19:17:58,870 - DEBUG - [global] _api_put: GET runs/20260923_191754_fail_global.log -> 404
2026-09-23 19:18:00,886 - DEBUG - [global] _api_put: PUT runs/20260923_191754_fail_global.log -> 201 (19797 bytes)
2026-09-23 19:18:00,891 - DEBUG - [global] log_uploader: STEP 3 (global log) -> https://github.com/StarateJI/L2Mauto/blob/bot-logs/runs/20260923_191754_fail_global.log
2026-09-23 19:18:00,892 - DEBUG - [global] log_uploader: END window=periodic
2026-09-23 19:18:00,892 - INFO - [global] LogUploader: upload_run_logs завершён
2026-09-23 19:18:13,057 - INFO - [global] Проверяю обновы...
2026-09-23 19:18:14,239 - DEBUG - [global] needs_update: API GitHub → 5.11.69
2026-09-23 19:18:15,229 - DEBUG - [global] needs_update: raw → 5.11.69
2026-09-23 19:18:16,604 - DEBUG - [global] needs_update: jsdelivr → 5.11.59
2026-09-23 19:18:16,605 - DEBUG - [global] needs_update: лучший источник API → 5.11.69 (из 3)
2026-09-23 19:18:16,609 - INFO - [global] needs_update: local=(5, 11, 67) remote=(5, 11, 69) -> has_update=True
2026-09-23 19:18:16,610 - INFO - [global] Доступна обнова! Спавню кнопку
2026-09-23 19:18:46,635 - INFO - [global] Проверяю обновы...
2026-09-23 19:18:47,812 - DEBUG - [global] needs_update: API GitHub → 5.11.69
2026-09-23 19:18:48,990 - DEBUG - [global] needs_update: raw → 5.11.69
2026-09-23 19:18:50,002 - DEBUG - [global] needs_update: jsdelivr → 5.11.59
2026-09-23 19:18:50,003 - DEBUG - [global] needs_update: лучший источник API → 5.11.69 (из 3)
2026-09-23 19:18:50,008 - INFO - [global] needs_update: local=(5, 11, 67) remote=(5, 11, 69) -> has_update=True
2026-09-23 19:18:50,008 - INFO - [global] Доступна обнова! Спавню кнопку
2026-09-23 19:19:00,983 - INFO - [global] LogUploader: запускаю upload_run_logs...
2026-09-23 19:19:00,984 - DEBUG - [global] log_uploader: START window=periodic made=-1 token=...Rjnfq
2026-09-23 19:19:01,837 - DEBUG - [global] _api_put: GET runs/20260923_191900_fail_periodic.log -> 404
2026-09-23 19:19:03,444 - DEBUG - [global] _api_put: PUT runs/20260923_191900_fail_periodic.log -> 201 (923 bytes)
2026-09-23 19:19:03,446 - DEBUG - [global] log_uploader: STEP 1 (window log) -> https://github.com/StarateJI/L2Mauto/blob/bot-logs/runs/20260923_191900_fail_periodic.log
2026-09-23 19:19:03,446 - DEBUG - [global] log_uploader: STEP 2 SKIP (no PNGs)
2026-09-23 19:19:04,366 - DEBUG - [global] _api_put: GET runs/20260923_191900_fail_global.log -> 404
2026-09-23 19:19:06,066 - DEBUG - [global] _api_put: PUT runs/20260923_191900_fail_global.log -> 201 (19797 bytes)
2026-09-23 19:19:06,067 - DEBUG - [global] log_uploader: STEP 3 (global log) -> https://github.com/StarateJI/L2Mauto/blob/bot-logs/runs/20260923_191900_fail_global.log
2026-09-23 19:19:06,067 - DEBUG - [global] log_uploader: END window=periodic
2026-09-23 19:19:06,067 - INFO - [global] LogUploader: upload_run_logs завершён
2026-09-23 19:19:20,027 - INFO - [global] Проверяю обновы...
2026-09-23 19:19:21,211 - DEBUG - [global] needs_update: API GitHub → 5.11.69
2026-09-23 19:19:22,241 - DEBUG - [global] needs_update: raw → 5.11.69
2026-09-23 19:19:23,565 - DEBUG - [global] needs_update: jsdelivr → 5.11.59
2026-09-23 19:19:23,567 - DEBUG - [global] needs_update: лучший источник API → 5.11.69 (из 3)
2026-09-23 19:19:23,573 - INFO - [global] needs_update: local=(5, 11, 67) remote=(5, 11, 69) -> has_update=True
2026-09-23 19:19:23,573 - INFO - [global] Доступна обнова! Спавню кнопку
2026-09-23 19:19:53,598 - INFO - [global] Проверяю обновы...
2026-09-23 19:19:54,825 - DEBUG - [global] needs_update: API GitHub → 5.11.69
2026-09-23 19:19:55,793 - DEBUG - [global] needs_update: raw → 5.11.69
2026-09-23 19:19:56,804 - DEBUG - [global] needs_update: jsdelivr → 5.11.59
2026-09-23 19:19:56,805 - DEBUG - [global] needs_update: лучший источник API → 5.11.69 (из 3)
2026-09-23 19:19:56,811 - INFO - [global] needs_update: local=(5, 11, 67) remote=(5, 11, 69) -> has_update=True
2026-09-23 19:19:56,811 - INFO - [global] Доступна обнова! Спавню кнопку
2026-09-23 19:20:06,117 - INFO - [global] LogUploader: запускаю upload_run_logs...
2026-09-23 19:20:06,120 - DEBUG - [global] log_uploader: START window=periodic made=-1 token=...Rjnfq
2026-09-23 19:20:07,332 - DEBUG - [global] _api_put: GET runs/20260923_192006_fail_periodic.log -> 404
2026-09-23 19:20:09,350 - DEBUG - [global] _api_put: PUT runs/20260923_192006_fail_periodic.log -> 201 (923 bytes)
2026-09-23 19:20:09,356 - DEBUG - [global] log_uploader: STEP 1 (window log) -> https://github.com/StarateJI/L2Mauto/blob/bot-logs/runs/20260923_192006_fail_periodic.log
2026-09-23 19:20:09,357 - DEBUG - [global] log_uploader: STEP 2 SKIP (no PNGs)
2026-09-23 19:20:10,674 - DEBUG - [global] _api_put: GET runs/20260923_192006_fail_global.log -> 404
2026-09-23 19:20:13,230 - DEBUG - [global] _api_put: PUT runs/20260923_192006_fail_global.log -> 201 (19797 bytes)
2026-09-23 19:20:13,236 - DEBUG - [global] log_uploader: STEP 3 (global log) -> https://github.com/StarateJI/L2Mauto/blob/bot-logs/runs/20260923_192006_fail_global.log
2026-09-23 19:20:13,236 - DEBUG - [global] log_uploader: END window=periodic
2026-09-23 19:20:13,236 - INFO - [global] LogUploader: upload_run_logs завершён
2026-09-23 19:20:26,832 - INFO - [global] Проверяю обновы...
2026-09-23 19:20:28,026 - DEBUG - [global] needs_update: API GitHub → 5.11.69
2026-09-23 19:20:29,011 - DEBUG - [global] needs_update: raw → 5.11.69
2026-09-23 19:20:30,296 - DEBUG - [global] needs_update: jsdelivr → 5.11.67
2026-09-23 19:20:30,296 - DEBUG - [global] needs_update: лучший источник API → 5.11.69 (из 3)
2026-09-23 19:20:30,303 - INFO - [global] needs_update: local=(5, 11, 67) remote=(5, 11, 69) -> has_update=True
2026-09-23 19:20:30,303 - INFO - [global] Доступна обнова! Спавню кнопку
2026-09-23 19:21:00,332 - INFO - [global] Проверяю обновы...
2026-09-23 19:21:01,495 - DEBUG - [global] needs_update: API GitHub → 5.11.69
2026-09-23 19:21:02,491 - DEBUG - [global] needs_update: raw → 5.11.69
2026-09-23 19:21:03,640 - DEBUG - [global] needs_update: jsdelivr → 5.11.67
2026-09-23 19:21:03,640 - DEBUG - [global] needs_update: лучший источник API → 5.11.69 (из 3)
2026-09-23 19:21:03,645 - INFO - [global] needs_update: local=(5, 11, 67) remote=(5, 11, 69) -> has_update=True
2026-09-23 19:21:03,645 - INFO - [global] Доступна обнова! Спавню кнопку
2026-09-23 19:21:13,286 - INFO - [global] LogUploader: запускаю upload_run_logs...
2026-09-23 19:21:13,288 - DEBUG - [global] log_uploader: START window=periodic made=-1 token=...Rjnfq
2026-09-23 19:21:14,460 - DEBUG - [global] _api_put: GET runs/20260923_192113_fail_periodic.log -> 404
2026-09-23 19:21:16,593 - DEBUG - [global] _api_put: PUT runs/20260923_192113_fail_periodic.log -> 201 (923 bytes)
2026-09-23 19:21:16,599 - DEBUG - [global] log_uploader: STEP 1 (window log) -> https://github.com/StarateJI/L2Mauto/blob/bot-logs/runs/20260923_192113_fail_periodic.log
2026-09-23 19:21:16,599 - DEBUG - [global] log_uploader: STEP 2 SKIP (no PNGs)
2026-09-23 19:21:17,956 - DEBUG - [global] _api_put: GET runs/20260923_192113_fail_global.log -> 404
2026-09-23 19:21:19,936 - DEBUG - [global] _api_put: PUT runs/20260923_192113_fail_global.log -> 201 (19797 bytes)
2026-09-23 19:21:19,941 - DEBUG - [global] log_uploader: STEP 3 (global log) -> https://github.com/StarateJI/L2Mauto/blob/bot-logs/runs/20260923_192113_fail_global.log
2026-09-23 19:21:19,941 - DEBUG - [global] log_uploader: END window=periodic
2026-09-23 19:21:19,942 - INFO - [global] LogUploader: upload_run_logs завершён
2026-09-23 19:21:33,669 - INFO - [global] Проверяю обновы...
2026-09-23 19:21:34,858 - DEBUG - [global] needs_update: API GitHub → 5.11.69
2026-09-23 19:21:35,892 - DEBUG - [global] needs_update: raw → 5.11.69
2026-09-23 19:21:37,183 - DEBUG - [global] needs_update: jsdelivr → 5.11.67
2026-09-23 19:21:37,184 - DEBUG - [global] needs_update: лучший источник API → 5.11.69 (из 3)
2026-09-23 19:21:37,188 - INFO - [global] needs_update: local=(5, 11, 67) remote=(5, 11, 69) -> has_update=True
2026-09-23 19:21:37,190 - INFO - [global] Доступна обнова! Спавню кнопку
2026-09-23 19:22:07,218 - INFO - [global] Проверяю обновы...
2026-09-23 19:22:08,413 - DEBUG - [global] needs_update: API GitHub → 5.11.69
2026-09-23 19:22:09,415 - DEBUG - [global] needs_update: raw → 5.11.69
2026-09-23 19:22:10,374 - DEBUG - [global] needs_update: jsdelivr → 5.11.67
2026-09-23 19:22:10,374 - DEBUG - [global] needs_update: лучший источник API → 5.11.69 (из 3)
2026-09-23 19:22:10,378 - INFO - [global] needs_update: local=(5, 11, 67) remote=(5, 11, 69) -> has_update=True
2026-09-23 19:22:10,379 - INFO - [global] Доступна обнова! Спавню кнопку
2026-09-23 19:22:20,006 - INFO - [global] LogUploader: запускаю upload_run_logs...
2026-09-23 19:22:20,009 - DEBUG - [global] log_uploader: START window=periodic made=-1 token=...Rjnfq
2026-09-23 19:22:21,246 - DEBUG - [global] _api_put: GET runs/20260923_192220_fail_periodic.log -> 404
2026-09-23 19:22:23,477 - DEBUG - [global] _api_put: PUT runs/20260923_192220_fail_periodic.log -> 201 (923 bytes)
2026-09-23 19:22:23,488 - DEBUG - [global] log_uploader: STEP 1 (window log) -> https://github.com/StarateJI/L2Mauto/blob/bot-logs/runs/20260923_192220_fail_periodic.log
2026-09-23 19:22:23,489 - DEBUG - [global] log_uploader: STEP 2 SKIP (no PNGs)
