=== Log tail 2026-09-28T11:45:36.766544 | last 200 lines ===
2026-09-28 11:36:19,285 - DEBUG - [global] needs_update: API → 5.13.09
2026-09-28 11:36:19,287 - DEBUG - [global] needs_update: лучший источник raw → 5.13.09 (из 2)
2026-09-28 11:36:19,287 - INFO - [global] needs_update: local=(5, 13, 7) remote=(5, 13, 9) -> has_update=True
2026-09-28 11:36:19,287 - INFO - [global] Доступна обнова! Спавню кнопку
2026-09-28 11:36:35,356 - INFO - [global] LogUploader: запускаю upload_run_logs...
2026-09-28 11:36:35,358 - DEBUG - [global] log_uploader: START window=periodic made=-1 token=...Rjnfq
2026-09-28 11:36:36,534 - DEBUG - [global] _api_put: GET runs/20260928_113635_fail_periodic.log -> 404
2026-09-28 11:36:38,615 - DEBUG - [global] _api_put: PUT runs/20260928_113635_fail_periodic.log -> 201 (12417 bytes)
2026-09-28 11:36:38,619 - DEBUG - [global] log_uploader: STEP 1 (window log) -> https://github.com/StarateJI/L2Mauto/blob/bot-logs/runs/20260928_113635_fail_periodic.log
2026-09-28 11:36:38,619 - DEBUG - [global] log_uploader: STEP 2 SKIP (no PNGs)
2026-09-28 11:36:39,889 - DEBUG - [global] _api_put: GET runs/20260928_113635_fail_global.log -> 404
2026-09-28 11:36:41,923 - DEBUG - [global] _api_put: PUT runs/20260928_113635_fail_global.log -> 201 (20138 bytes)
2026-09-28 11:36:41,926 - DEBUG - [global] log_uploader: STEP 3 (global log) -> https://github.com/StarateJI/L2Mauto/blob/bot-logs/runs/20260928_113635_fail_global.log
2026-09-28 11:36:41,926 - DEBUG - [global] log_uploader: END window=periodic
2026-09-28 11:36:41,926 - INFO - [global] LogUploader: upload_run_logs завершён
2026-09-28 11:36:49,315 - INFO - [global] Проверяю обновы...
2026-09-28 11:36:50,362 - DEBUG - [global] needs_update: raw → 5.13.09
2026-09-28 11:36:50,538 - DEBUG - [global] needs_update: API → 5.13.09
2026-09-28 11:36:50,539 - DEBUG - [global] needs_update: лучший источник raw → 5.13.09 (из 2)
2026-09-28 11:36:50,539 - INFO - [global] needs_update: local=(5, 13, 7) remote=(5, 13, 9) -> has_update=True
2026-09-28 11:36:50,539 - INFO - [global] Доступна обнова! Спавню кнопку
2026-09-28 11:37:20,560 - INFO - [global] Проверяю обновы...
2026-09-28 11:37:21,597 - DEBUG - [global] needs_update: raw → 5.13.09
2026-09-28 11:37:21,803 - DEBUG - [global] needs_update: API → 5.13.09
2026-09-28 11:37:21,803 - DEBUG - [global] needs_update: лучший источник raw → 5.13.09 (из 2)
2026-09-28 11:37:21,803 - INFO - [global] needs_update: local=(5, 13, 7) remote=(5, 13, 9) -> has_update=True
2026-09-28 11:37:21,804 - INFO - [global] Доступна обнова! Спавню кнопку
2026-09-28 11:37:41,973 - INFO - [global] LogUploader: запускаю upload_run_logs...
2026-09-28 11:37:41,975 - DEBUG - [global] log_uploader: START window=periodic made=-1 token=...Rjnfq
2026-09-28 11:37:43,132 - DEBUG - [global] _api_put: GET runs/20260928_113741_fail_periodic.log -> 404
2026-09-28 11:37:45,206 - DEBUG - [global] _api_put: PUT runs/20260928_113741_fail_periodic.log -> 201 (12417 bytes)
2026-09-28 11:37:45,208 - DEBUG - [global] log_uploader: STEP 1 (window log) -> https://github.com/StarateJI/L2Mauto/blob/bot-logs/runs/20260928_113741_fail_periodic.log
2026-09-28 11:37:45,209 - DEBUG - [global] log_uploader: STEP 2 SKIP (no PNGs)
2026-09-28 11:37:46,553 - DEBUG - [global] _api_put: GET runs/20260928_113741_fail_global.log -> 404
2026-09-28 11:37:48,702 - DEBUG - [global] _api_put: PUT runs/20260928_113741_fail_global.log -> 201 (20138 bytes)
2026-09-28 11:37:48,706 - DEBUG - [global] log_uploader: STEP 3 (global log) -> https://github.com/StarateJI/L2Mauto/blob/bot-logs/runs/20260928_113741_fail_global.log
2026-09-28 11:37:48,707 - DEBUG - [global] log_uploader: END window=periodic
2026-09-28 11:37:48,707 - INFO - [global] LogUploader: upload_run_logs завершён
2026-09-28 11:37:51,829 - INFO - [global] Проверяю обновы...
2026-09-28 11:37:52,961 - DEBUG - [global] needs_update: raw → 5.13.09
2026-09-28 11:37:53,130 - DEBUG - [global] needs_update: API → 5.13.09
2026-09-28 11:37:53,131 - DEBUG - [global] needs_update: лучший источник raw → 5.13.09 (из 2)
2026-09-28 11:37:53,131 - INFO - [global] needs_update: local=(5, 13, 7) remote=(5, 13, 9) -> has_update=True
2026-09-28 11:37:53,131 - INFO - [global] Доступна обнова! Спавню кнопку
2026-09-28 11:38:23,155 - INFO - [global] Проверяю обновы...
2026-09-28 11:38:24,217 - DEBUG - [global] needs_update: raw → 5.13.09
2026-09-28 11:38:24,365 - DEBUG - [global] needs_update: API → 5.13.09
2026-09-28 11:38:24,366 - DEBUG - [global] needs_update: лучший источник raw → 5.13.09 (из 2)
2026-09-28 11:38:24,366 - INFO - [global] needs_update: local=(5, 13, 7) remote=(5, 13, 9) -> has_update=True
2026-09-28 11:38:24,366 - INFO - [global] Доступна обнова! Спавню кнопку
2026-09-28 11:38:48,788 - INFO - [global] LogUploader: запускаю upload_run_logs...
2026-09-28 11:38:48,790 - DEBUG - [global] log_uploader: START window=periodic made=-1 token=...Rjnfq
2026-09-28 11:38:49,955 - DEBUG - [global] _api_put: GET runs/20260928_113848_fail_periodic.log -> 404
2026-09-28 11:38:52,550 - DEBUG - [global] _api_put: PUT runs/20260928_113848_fail_periodic.log -> 201 (12417 bytes)
2026-09-28 11:38:52,554 - DEBUG - [global] log_uploader: STEP 1 (window log) -> https://github.com/StarateJI/L2Mauto/blob/bot-logs/runs/20260928_113848_fail_periodic.log
2026-09-28 11:38:52,554 - DEBUG - [global] log_uploader: STEP 2 SKIP (no PNGs)
2026-09-28 11:38:53,848 - DEBUG - [global] _api_put: GET runs/20260928_113848_fail_global.log -> 404
2026-09-28 11:38:54,402 - INFO - [global] Проверяю обновы...
2026-09-28 11:38:55,699 - DEBUG - [global] needs_update: API → 5.13.09
2026-09-28 11:38:55,708 - DEBUG - [global] needs_update: raw → 5.13.09
2026-09-28 11:38:55,709 - DEBUG - [global] needs_update: лучший источник API → 5.13.09 (из 2)
2026-09-28 11:38:55,709 - INFO - [global] needs_update: local=(5, 13, 7) remote=(5, 13, 9) -> has_update=True
2026-09-28 11:38:55,709 - INFO - [global] Доступна обнова! Спавню кнопку
2026-09-28 11:38:56,629 - DEBUG - [global] _api_put: PUT runs/20260928_113848_fail_global.log -> 201 (20138 bytes)
2026-09-28 11:38:56,637 - DEBUG - [global] log_uploader: STEP 3 (global log) -> https://github.com/StarateJI/L2Mauto/blob/bot-logs/runs/20260928_113848_fail_global.log
2026-09-28 11:38:56,637 - DEBUG - [global] log_uploader: END window=periodic
2026-09-28 11:38:56,637 - INFO - [global] LogUploader: upload_run_logs завершён
2026-09-28 11:39:25,743 - INFO - [global] Проверяю обновы...
2026-09-28 11:39:26,753 - DEBUG - [global] needs_update: raw → 5.13.09
2026-09-28 11:39:26,989 - DEBUG - [global] needs_update: API → 5.13.09
2026-09-28 11:39:26,990 - DEBUG - [global] needs_update: лучший источник raw → 5.13.09 (из 2)
2026-09-28 11:39:26,991 - INFO - [global] needs_update: local=(5, 13, 7) remote=(5, 13, 9) -> has_update=True
2026-09-28 11:39:26,991 - INFO - [global] Доступна обнова! Спавню кнопку
2026-09-28 11:39:56,714 - INFO - [global] LogUploader: запускаю upload_run_logs...
2026-09-28 11:39:56,717 - DEBUG - [global] log_uploader: START window=periodic made=-1 token=...Rjnfq
2026-09-28 11:39:57,036 - INFO - [global] Проверяю обновы...
2026-09-28 11:39:58,135 - DEBUG - [global] _api_put: GET runs/20260928_113956_fail_periodic.log -> 404
2026-09-28 11:39:58,190 - DEBUG - [global] needs_update: raw → 5.13.09
2026-09-28 11:39:58,424 - DEBUG - [global] needs_update: API → 5.13.09
2026-09-28 11:39:58,428 - DEBUG - [global] needs_update: лучший источник raw → 5.13.09 (из 2)
2026-09-28 11:39:58,428 - INFO - [global] needs_update: local=(5, 13, 7) remote=(5, 13, 9) -> has_update=True
2026-09-28 11:39:58,428 - INFO - [global] Доступна обнова! Спавню кнопку
2026-09-28 11:40:00,777 - DEBUG - [global] _api_put: PUT runs/20260928_113956_fail_periodic.log -> 201 (12417 bytes)
2026-09-28 11:40:00,781 - DEBUG - [global] log_uploader: STEP 1 (window log) -> https://github.com/StarateJI/L2Mauto/blob/bot-logs/runs/20260928_113956_fail_periodic.log
2026-09-28 11:40:00,782 - DEBUG - [global] log_uploader: STEP 2 SKIP (no PNGs)
2026-09-28 11:40:02,463 - DEBUG - [global] _api_put: GET runs/20260928_113956_fail_global.log -> 404
2026-09-28 11:40:05,123 - DEBUG - [global] _api_put: PUT runs/20260928_113956_fail_global.log -> 201 (20063 bytes)
2026-09-28 11:40:05,126 - DEBUG - [global] log_uploader: STEP 3 (global log) -> https://github.com/StarateJI/L2Mauto/blob/bot-logs/runs/20260928_113956_fail_global.log
2026-09-28 11:40:05,126 - DEBUG - [global] log_uploader: END window=periodic
2026-09-28 11:40:05,126 - INFO - [global] LogUploader: upload_run_logs завершён
2026-09-28 11:40:28,477 - INFO - [global] Проверяю обновы...
2026-09-28 11:40:29,594 - DEBUG - [global] needs_update: raw → 5.13.09
2026-09-28 11:40:29,836 - DEBUG - [global] needs_update: API → 5.13.09
2026-09-28 11:40:29,838 - DEBUG - [global] needs_update: лучший источник raw → 5.13.09 (из 2)
2026-09-28 11:40:29,840 - INFO - [global] needs_update: local=(5, 13, 7) remote=(5, 13, 9) -> has_update=True
2026-09-28 11:40:29,840 - INFO - [global] Доступна обнова! Спавню кнопку
2026-09-28 11:40:59,862 - INFO - [global] Проверяю обновы...
2026-09-28 11:41:00,911 - DEBUG - [global] needs_update: raw → 5.13.09
2026-09-28 11:41:01,123 - DEBUG - [global] needs_update: API → 5.13.09
2026-09-28 11:41:01,124 - DEBUG - [global] needs_update: лучший источник raw → 5.13.09 (из 2)
2026-09-28 11:41:01,124 - INFO - [global] needs_update: local=(5, 13, 7) remote=(5, 13, 9) -> has_update=True
2026-09-28 11:41:01,124 - INFO - [global] Доступна обнова! Спавню кнопку
2026-09-28 11:41:05,199 - INFO - [global] LogUploader: запускаю upload_run_logs...
2026-09-28 11:41:05,206 - DEBUG - [global] log_uploader: START window=periodic made=-1 token=...Rjnfq
2026-09-28 11:41:06,505 - DEBUG - [global] _api_put: GET runs/20260928_114105_fail_periodic.log -> 404
2026-09-28 11:41:08,949 - DEBUG - [global] _api_put: PUT runs/20260928_114105_fail_periodic.log -> 201 (12417 bytes)
2026-09-28 11:41:08,952 - DEBUG - [global] log_uploader: STEP 1 (window log) -> https://github.com/StarateJI/L2Mauto/blob/bot-logs/runs/20260928_114105_fail_periodic.log
2026-09-28 11:41:08,953 - DEBUG - [global] log_uploader: STEP 2 SKIP (no PNGs)
2026-09-28 11:41:10,218 - DEBUG - [global] _api_put: GET runs/20260928_114105_fail_global.log -> 404
2026-09-28 11:41:12,402 - DEBUG - [global] _api_put: PUT runs/20260928_114105_fail_global.log -> 201 (19974 bytes)
2026-09-28 11:41:12,404 - DEBUG - [global] log_uploader: STEP 3 (global log) -> https://github.com/StarateJI/L2Mauto/blob/bot-logs/runs/20260928_114105_fail_global.log
2026-09-28 11:41:12,404 - DEBUG - [global] log_uploader: END window=periodic
2026-09-28 11:41:12,405 - INFO - [global] LogUploader: upload_run_logs завершён
2026-09-28 11:41:31,159 - INFO - [global] Проверяю обновы...
2026-09-28 11:41:32,233 - DEBUG - [global] needs_update: raw → 5.13.09
2026-09-28 11:41:32,384 - DEBUG - [global] needs_update: API → 5.13.09
2026-09-28 11:41:32,385 - DEBUG - [global] needs_update: лучший источник raw → 5.13.09 (из 2)
2026-09-28 11:41:32,385 - INFO - [global] needs_update: local=(5, 13, 7) remote=(5, 13, 9) -> has_update=True
2026-09-28 11:41:32,386 - INFO - [global] Доступна обнова! Спавню кнопку
2026-09-28 11:42:02,410 - INFO - [global] Проверяю обновы...
2026-09-28 11:42:03,407 - DEBUG - [global] needs_update: raw → 5.13.09
2026-09-28 11:42:03,665 - DEBUG - [global] needs_update: API → 5.13.09
2026-09-28 11:42:03,666 - DEBUG - [global] needs_update: лучший источник raw → 5.13.09 (из 2)
2026-09-28 11:42:03,666 - INFO - [global] needs_update: local=(5, 13, 7) remote=(5, 13, 9) -> has_update=True
2026-09-28 11:42:03,666 - INFO - [global] Доступна обнова! Спавню кнопку
2026-09-28 11:42:12,467 - INFO - [global] LogUploader: запускаю upload_run_logs...
2026-09-28 11:42:12,469 - DEBUG - [global] log_uploader: START window=periodic made=-1 token=...Rjnfq
2026-09-28 11:42:13,618 - DEBUG - [global] _api_put: GET runs/20260928_114212_fail_periodic.log -> 404
2026-09-28 11:42:16,046 - DEBUG - [global] _api_put: PUT runs/20260928_114212_fail_periodic.log -> 201 (12417 bytes)
2026-09-28 11:42:16,049 - DEBUG - [global] log_uploader: STEP 1 (window log) -> https://github.com/StarateJI/L2Mauto/blob/bot-logs/runs/20260928_114212_fail_periodic.log
2026-09-28 11:42:16,050 - DEBUG - [global] log_uploader: STEP 2 SKIP (no PNGs)
2026-09-28 11:42:17,332 - DEBUG - [global] _api_put: GET runs/20260928_114212_fail_global.log -> 404
2026-09-28 11:42:19,483 - DEBUG - [global] _api_put: PUT runs/20260928_114212_fail_global.log -> 201 (20019 bytes)
2026-09-28 11:42:19,487 - DEBUG - [global] log_uploader: STEP 3 (global log) -> https://github.com/StarateJI/L2Mauto/blob/bot-logs/runs/20260928_114212_fail_global.log
2026-09-28 11:42:19,487 - DEBUG - [global] log_uploader: END window=periodic
2026-09-28 11:42:19,487 - INFO - [global] LogUploader: upload_run_logs завершён
2026-09-28 11:42:33,691 - INFO - [global] Проверяю обновы...
2026-09-28 11:42:34,696 - DEBUG - [global] needs_update: raw → 5.13.09
2026-09-28 11:42:34,919 - DEBUG - [global] needs_update: API → 5.13.09
2026-09-28 11:42:34,920 - DEBUG - [global] needs_update: лучший источник raw → 5.13.09 (из 2)
2026-09-28 11:42:34,920 - INFO - [global] needs_update: local=(5, 13, 7) remote=(5, 13, 9) -> has_update=True
2026-09-28 11:42:34,920 - INFO - [global] Доступна обнова! Спавню кнопку
2026-09-28 11:43:04,940 - INFO - [global] Проверяю обновы...
2026-09-28 11:43:05,968 - DEBUG - [global] needs_update: raw → 5.13.09
2026-09-28 11:43:06,157 - DEBUG - [global] needs_update: API → 5.13.09
2026-09-28 11:43:06,158 - DEBUG - [global] needs_update: лучший источник raw → 5.13.09 (из 2)
2026-09-28 11:43:06,158 - INFO - [global] needs_update: local=(5, 13, 7) remote=(5, 13, 9) -> has_update=True
2026-09-28 11:43:06,158 - INFO - [global] Доступна обнова! Спавню кнопку
2026-09-28 11:43:19,538 - INFO - [global] LogUploader: запускаю upload_run_logs...
2026-09-28 11:43:19,540 - DEBUG - [global] log_uploader: START window=periodic made=-1 token=...Rjnfq
2026-09-28 11:43:20,609 - DEBUG - [global] _api_put: GET runs/20260928_114319_fail_periodic.log -> 404
2026-09-28 11:43:23,457 - DEBUG - [global] _api_put: PUT runs/20260928_114319_fail_periodic.log -> 201 (12417 bytes)
2026-09-28 11:43:23,461 - DEBUG - [global] log_uploader: STEP 1 (window log) -> https://github.com/StarateJI/L2Mauto/blob/bot-logs/runs/20260928_114319_fail_periodic.log
2026-09-28 11:43:23,461 - DEBUG - [global] log_uploader: STEP 2 SKIP (no PNGs)
2026-09-28 11:43:24,713 - DEBUG - [global] _api_put: GET runs/20260928_114319_fail_global.log -> 404
2026-09-28 11:43:26,964 - DEBUG - [global] _api_put: PUT runs/20260928_114319_fail_global.log -> 201 (20019 bytes)
2026-09-28 11:43:26,968 - DEBUG - [global] log_uploader: STEP 3 (global log) -> https://github.com/StarateJI/L2Mauto/blob/bot-logs/runs/20260928_114319_fail_global.log
2026-09-28 11:43:26,969 - DEBUG - [global] log_uploader: END window=periodic
2026-09-28 11:43:26,969 - INFO - [global] LogUploader: upload_run_logs завершён
2026-09-28 11:43:36,175 - INFO - [global] Проверяю обновы...
2026-09-28 11:43:37,209 - DEBUG - [global] needs_update: raw → 5.13.09
2026-09-28 11:43:37,405 - DEBUG - [global] needs_update: API → 5.13.09
2026-09-28 11:43:37,407 - DEBUG - [global] needs_update: лучший источник raw → 5.13.09 (из 2)
2026-09-28 11:43:37,407 - INFO - [global] needs_update: local=(5, 13, 7) remote=(5, 13, 9) -> has_update=True
2026-09-28 11:43:37,407 - INFO - [global] Доступна обнова! Спавню кнопку
2026-09-28 11:44:07,436 - INFO - [global] Проверяю обновы...
2026-09-28 11:44:08,369 - DEBUG - [global] needs_update: raw → 5.13.09
2026-09-28 11:44:08,584 - DEBUG - [global] needs_update: API → 5.13.09
2026-09-28 11:44:08,584 - DEBUG - [global] needs_update: лучший источник raw → 5.13.09 (из 2)
2026-09-28 11:44:08,584 - INFO - [global] needs_update: local=(5, 13, 7) remote=(5, 13, 9) -> has_update=True
2026-09-28 11:44:08,584 - INFO - [global] Доступна обнова! Спавню кнопку
2026-09-28 11:44:27,021 - INFO - [global] LogUploader: запускаю upload_run_logs...
2026-09-28 11:44:27,022 - DEBUG - [global] log_uploader: START window=periodic made=-1 token=...Rjnfq
2026-09-28 11:44:28,102 - DEBUG - [global] _api_put: GET runs/20260928_114427_fail_periodic.log -> 404
2026-09-28 11:44:30,259 - DEBUG - [global] _api_put: PUT runs/20260928_114427_fail_periodic.log -> 201 (12417 bytes)
2026-09-28 11:44:30,262 - DEBUG - [global] log_uploader: STEP 1 (window log) -> https://github.com/StarateJI/L2Mauto/blob/bot-logs/runs/20260928_114427_fail_periodic.log
2026-09-28 11:44:30,263 - DEBUG - [global] log_uploader: STEP 2 SKIP (no PNGs)
2026-09-28 11:44:31,442 - DEBUG - [global] _api_put: GET runs/20260928_114427_fail_global.log -> 404
2026-09-28 11:44:33,479 - DEBUG - [global] _api_put: PUT runs/20260928_114427_fail_global.log -> 201 (20019 bytes)
2026-09-28 11:44:33,481 - DEBUG - [global] log_uploader: STEP 3 (global log) -> https://github.com/StarateJI/L2Mauto/blob/bot-logs/runs/20260928_114427_fail_global.log
2026-09-28 11:44:33,481 - DEBUG - [global] log_uploader: END window=periodic
2026-09-28 11:44:33,481 - INFO - [global] LogUploader: upload_run_logs завершён
2026-09-28 11:44:38,604 - INFO - [global] Проверяю обновы...
2026-09-28 11:44:39,592 - DEBUG - [global] needs_update: raw → 5.13.09
2026-09-28 11:44:39,745 - DEBUG - [global] needs_update: API → 5.13.09
2026-09-28 11:44:39,746 - DEBUG - [global] needs_update: лучший источник raw → 5.13.09 (из 2)
2026-09-28 11:44:39,746 - INFO - [global] needs_update: local=(5, 13, 7) remote=(5, 13, 9) -> has_update=True
2026-09-28 11:44:39,746 - INFO - [global] Доступна обнова! Спавню кнопку
2026-09-28 11:45:09,764 - INFO - [global] Проверяю обновы...
2026-09-28 11:45:10,714 - DEBUG - [global] needs_update: raw → 5.13.09
2026-09-28 11:45:10,927 - DEBUG - [global] needs_update: API → 5.13.09
2026-09-28 11:45:10,928 - DEBUG - [global] needs_update: лучший источник raw → 5.13.09 (из 2)
2026-09-28 11:45:10,928 - INFO - [global] needs_update: local=(5, 13, 7) remote=(5, 13, 9) -> has_update=True
2026-09-28 11:45:10,929 - INFO - [global] Доступна обнова! Спавню кнопку
2026-09-28 11:45:33,519 - INFO - [global] LogUploader: запускаю upload_run_logs...
2026-09-28 11:45:33,521 - DEBUG - [global] log_uploader: START window=periodic made=-1 token=...Rjnfq
2026-09-28 11:45:34,593 - DEBUG - [global] _api_put: GET runs/20260928_114533_fail_periodic.log -> 404
2026-09-28 11:45:36,637 - DEBUG - [global] _api_put: PUT runs/20260928_114533_fail_periodic.log -> 201 (12417 bytes)
2026-09-28 11:45:36,639 - DEBUG - [global] log_uploader: STEP 1 (window log) -> https://github.com/StarateJI/L2Mauto/blob/bot-logs/runs/20260928_114533_fail_periodic.log
2026-09-28 11:45:36,640 - DEBUG - [global] log_uploader: STEP 2 SKIP (no PNGs)
