=== Log tail 2026-09-27T19:41:56.149663 | last 200 lines ===
2026-09-27 19:32:44,195 - DEBUG - [global] needs_update: лучший источник raw → 5.13.09 (из 2)
2026-09-27 19:32:44,195 - INFO - [global] needs_update: local=(5, 13, 7) remote=(5, 13, 9) -> has_update=True
2026-09-27 19:32:44,195 - INFO - [global] Доступна обнова! Спавню кнопку
2026-09-27 19:33:03,018 - INFO - [global] LogUploader: запускаю upload_run_logs...
2026-09-27 19:33:03,019 - DEBUG - [global] log_uploader: START window=periodic made=-1 token=...Rjnfq
2026-09-27 19:33:04,054 - DEBUG - [global] _api_put: GET runs/20260927_193303_fail_periodic.log -> 404
2026-09-27 19:33:06,054 - DEBUG - [global] _api_put: PUT runs/20260927_193303_fail_periodic.log -> 201 (12066 bytes)
2026-09-27 19:33:06,055 - DEBUG - [global] log_uploader: STEP 1 (window log) -> https://github.com/StarateJI/L2Mauto/blob/bot-logs/runs/20260927_193303_fail_periodic.log
2026-09-27 19:33:06,056 - DEBUG - [global] log_uploader: STEP 2 SKIP (no PNGs)
2026-09-27 19:33:07,117 - DEBUG - [global] _api_put: GET runs/20260927_193303_fail_global.log -> 404
2026-09-27 19:33:09,151 - DEBUG - [global] _api_put: PUT runs/20260927_193303_fail_global.log -> 201 (20019 bytes)
2026-09-27 19:33:09,154 - DEBUG - [global] log_uploader: STEP 3 (global log) -> https://github.com/StarateJI/L2Mauto/blob/bot-logs/runs/20260927_193303_fail_global.log
2026-09-27 19:33:09,154 - DEBUG - [global] log_uploader: END window=periodic
2026-09-27 19:33:09,154 - INFO - [global] LogUploader: upload_run_logs завершён
2026-09-27 19:33:14,287 - INFO - [global] Проверяю обновы...
2026-09-27 19:33:15,270 - DEBUG - [global] needs_update: raw → 5.13.09
2026-09-27 19:33:15,436 - DEBUG - [global] needs_update: API → 5.13.09
2026-09-27 19:33:15,436 - DEBUG - [global] needs_update: лучший источник raw → 5.13.09 (из 2)
2026-09-27 19:33:15,436 - INFO - [global] needs_update: local=(5, 13, 7) remote=(5, 13, 9) -> has_update=True
2026-09-27 19:33:15,436 - INFO - [global] Доступна обнова! Спавню кнопку
2026-09-27 19:33:45,485 - INFO - [global] Проверяю обновы...
2026-09-27 19:33:46,554 - DEBUG - [global] needs_update: raw → 5.13.09
2026-09-27 19:33:46,793 - DEBUG - [global] needs_update: API → 5.13.09
2026-09-27 19:33:46,793 - DEBUG - [global] needs_update: лучший источник raw → 5.13.09 (из 2)
2026-09-27 19:33:46,793 - INFO - [global] needs_update: local=(5, 13, 7) remote=(5, 13, 9) -> has_update=True
2026-09-27 19:33:46,793 - INFO - [global] Доступна обнова! Спавню кнопку
2026-09-27 19:34:09,248 - INFO - [global] LogUploader: запускаю upload_run_logs...
2026-09-27 19:34:09,248 - DEBUG - [global] log_uploader: START window=periodic made=-1 token=...Rjnfq
2026-09-27 19:34:10,244 - DEBUG - [global] _api_put: GET runs/20260927_193409_fail_periodic.log -> 404
2026-09-27 19:34:12,131 - DEBUG - [global] _api_put: PUT runs/20260927_193409_fail_periodic.log -> 201 (12066 bytes)
2026-09-27 19:34:12,134 - DEBUG - [global] log_uploader: STEP 1 (window log) -> https://github.com/StarateJI/L2Mauto/blob/bot-logs/runs/20260927_193409_fail_periodic.log
2026-09-27 19:34:12,134 - DEBUG - [global] log_uploader: STEP 2 SKIP (no PNGs)
2026-09-27 19:34:13,238 - DEBUG - [global] _api_put: GET runs/20260927_193409_fail_global.log -> 404
2026-09-27 19:34:15,110 - DEBUG - [global] _api_put: PUT runs/20260927_193409_fail_global.log -> 201 (20019 bytes)
2026-09-27 19:34:15,113 - DEBUG - [global] log_uploader: STEP 3 (global log) -> https://github.com/StarateJI/L2Mauto/blob/bot-logs/runs/20260927_193409_fail_global.log
2026-09-27 19:34:15,113 - DEBUG - [global] log_uploader: END window=periodic
2026-09-27 19:34:15,113 - INFO - [global] LogUploader: upload_run_logs завершён
2026-09-27 19:34:16,857 - INFO - [global] Проверяю обновы...
2026-09-27 19:34:17,911 - DEBUG - [global] needs_update: raw → 5.13.09
2026-09-27 19:34:18,024 - DEBUG - [global] needs_update: API → 5.13.09
2026-09-27 19:34:18,024 - DEBUG - [global] needs_update: лучший источник raw → 5.13.09 (из 2)
2026-09-27 19:34:18,025 - INFO - [global] needs_update: local=(5, 13, 7) remote=(5, 13, 9) -> has_update=True
2026-09-27 19:34:18,025 - INFO - [global] Доступна обнова! Спавню кнопку
2026-09-27 19:34:48,046 - INFO - [global] Проверяю обновы...
2026-09-27 19:34:48,919 - DEBUG - [global] needs_update: raw → 5.13.09
2026-09-27 19:34:49,149 - DEBUG - [global] needs_update: API → 5.13.09
2026-09-27 19:34:49,149 - DEBUG - [global] needs_update: лучший источник raw → 5.13.09 (из 2)
2026-09-27 19:34:49,150 - INFO - [global] needs_update: local=(5, 13, 7) remote=(5, 13, 9) -> has_update=True
2026-09-27 19:34:49,150 - INFO - [global] Доступна обнова! Спавню кнопку
2026-09-27 19:35:15,173 - INFO - [global] LogUploader: запускаю upload_run_logs...
2026-09-27 19:35:15,173 - DEBUG - [global] log_uploader: START window=periodic made=-1 token=...Rjnfq
2026-09-27 19:35:16,091 - DEBUG - [global] _api_put: GET runs/20260927_193515_fail_periodic.log -> 404
2026-09-27 19:35:17,851 - DEBUG - [global] _api_put: PUT runs/20260927_193515_fail_periodic.log -> 201 (12066 bytes)
2026-09-27 19:35:17,853 - DEBUG - [global] log_uploader: STEP 1 (window log) -> https://github.com/StarateJI/L2Mauto/blob/bot-logs/runs/20260927_193515_fail_periodic.log
2026-09-27 19:35:17,853 - DEBUG - [global] log_uploader: STEP 2 SKIP (no PNGs)
2026-09-27 19:35:18,845 - DEBUG - [global] _api_put: GET runs/20260927_193515_fail_global.log -> 404
2026-09-27 19:35:19,172 - INFO - [global] Проверяю обновы...
2026-09-27 19:35:20,036 - DEBUG - [global] needs_update: raw → 5.13.09
2026-09-27 19:35:20,229 - DEBUG - [global] needs_update: API → 5.13.09
2026-09-27 19:35:20,229 - DEBUG - [global] needs_update: лучший источник raw → 5.13.09 (из 2)
2026-09-27 19:35:20,229 - INFO - [global] needs_update: local=(5, 13, 7) remote=(5, 13, 9) -> has_update=True
2026-09-27 19:35:20,230 - INFO - [global] Доступна обнова! Спавню кнопку
2026-09-27 19:35:20,944 - DEBUG - [global] _api_put: PUT runs/20260927_193515_fail_global.log -> 201 (20019 bytes)
2026-09-27 19:35:20,947 - DEBUG - [global] log_uploader: STEP 3 (global log) -> https://github.com/StarateJI/L2Mauto/blob/bot-logs/runs/20260927_193515_fail_global.log
2026-09-27 19:35:20,947 - DEBUG - [global] log_uploader: END window=periodic
2026-09-27 19:35:20,947 - INFO - [global] LogUploader: upload_run_logs завершён
2026-09-27 19:35:50,260 - INFO - [global] Проверяю обновы...
2026-09-27 19:35:51,155 - DEBUG - [global] needs_update: raw → 5.13.09
2026-09-27 19:35:51,353 - DEBUG - [global] needs_update: API → 5.13.09
2026-09-27 19:35:51,353 - DEBUG - [global] needs_update: лучший источник raw → 5.13.09 (из 2)
2026-09-27 19:35:51,353 - INFO - [global] needs_update: local=(5, 13, 7) remote=(5, 13, 9) -> has_update=True
2026-09-27 19:35:51,353 - INFO - [global] Доступна обнова! Спавню кнопку
2026-09-27 19:36:20,987 - INFO - [global] LogUploader: запускаю upload_run_logs...
2026-09-27 19:36:20,987 - DEBUG - [global] log_uploader: START window=periodic made=-1 token=...Rjnfq
2026-09-27 19:36:21,385 - INFO - [global] Проверяю обновы...
2026-09-27 19:36:22,010 - DEBUG - [global] _api_put: GET runs/20260927_193620_fail_periodic.log -> 404
2026-09-27 19:36:22,299 - DEBUG - [global] needs_update: raw → 5.13.09
2026-09-27 19:36:22,480 - DEBUG - [global] needs_update: API → 5.13.09
2026-09-27 19:36:22,480 - DEBUG - [global] needs_update: лучший источник raw → 5.13.09 (из 2)
2026-09-27 19:36:22,480 - INFO - [global] needs_update: local=(5, 13, 7) remote=(5, 13, 9) -> has_update=True
2026-09-27 19:36:22,480 - INFO - [global] Доступна обнова! Спавню кнопку
2026-09-27 19:36:23,959 - DEBUG - [global] _api_put: PUT runs/20260927_193620_fail_periodic.log -> 201 (12066 bytes)
2026-09-27 19:36:23,962 - DEBUG - [global] log_uploader: STEP 1 (window log) -> https://github.com/StarateJI/L2Mauto/blob/bot-logs/runs/20260927_193620_fail_periodic.log
2026-09-27 19:36:23,963 - DEBUG - [global] log_uploader: STEP 2 SKIP (no PNGs)
2026-09-27 19:36:24,969 - DEBUG - [global] _api_put: GET runs/20260927_193620_fail_global.log -> 404
2026-09-27 19:36:27,040 - DEBUG - [global] _api_put: PUT runs/20260927_193620_fail_global.log -> 201 (20001 bytes)
2026-09-27 19:36:27,042 - DEBUG - [global] log_uploader: STEP 3 (global log) -> https://github.com/StarateJI/L2Mauto/blob/bot-logs/runs/20260927_193620_fail_global.log
2026-09-27 19:36:27,043 - DEBUG - [global] log_uploader: END window=periodic
2026-09-27 19:36:27,043 - INFO - [global] LogUploader: upload_run_logs завершён
2026-09-27 19:36:52,499 - INFO - [global] Проверяю обновы...
2026-09-27 19:36:53,413 - DEBUG - [global] needs_update: raw → 5.13.09
2026-09-27 19:36:53,588 - DEBUG - [global] needs_update: API → 5.13.09
2026-09-27 19:36:53,589 - DEBUG - [global] needs_update: лучший источник raw → 5.13.09 (из 2)
2026-09-27 19:36:53,589 - INFO - [global] needs_update: local=(5, 13, 7) remote=(5, 13, 9) -> has_update=True
2026-09-27 19:36:53,589 - INFO - [global] Доступна обнова! Спавню кнопку
2026-09-27 19:37:23,608 - INFO - [global] Проверяю обновы...
2026-09-27 19:37:24,494 - DEBUG - [global] needs_update: raw → 5.13.09
2026-09-27 19:37:24,683 - DEBUG - [global] needs_update: API → 5.13.09
2026-09-27 19:37:24,685 - DEBUG - [global] needs_update: лучший источник raw → 5.13.09 (из 2)
2026-09-27 19:37:24,685 - INFO - [global] needs_update: local=(5, 13, 7) remote=(5, 13, 9) -> has_update=True
2026-09-27 19:37:24,685 - INFO - [global] Доступна обнова! Спавню кнопку
2026-09-27 19:37:27,085 - INFO - [global] LogUploader: запускаю upload_run_logs...
2026-09-27 19:37:27,086 - DEBUG - [global] log_uploader: START window=periodic made=-1 token=...Rjnfq
2026-09-27 19:37:28,090 - DEBUG - [global] _api_put: GET runs/20260927_193727_fail_periodic.log -> 404
2026-09-27 19:37:29,983 - DEBUG - [global] _api_put: PUT runs/20260927_193727_fail_periodic.log -> 201 (12066 bytes)
2026-09-27 19:37:29,985 - DEBUG - [global] log_uploader: STEP 1 (window log) -> https://github.com/StarateJI/L2Mauto/blob/bot-logs/runs/20260927_193727_fail_periodic.log
2026-09-27 19:37:29,986 - DEBUG - [global] log_uploader: STEP 2 SKIP (no PNGs)
2026-09-27 19:37:31,014 - DEBUG - [global] _api_put: GET runs/20260927_193727_fail_global.log -> 404
2026-09-27 19:37:32,833 - DEBUG - [global] _api_put: PUT runs/20260927_193727_fail_global.log -> 201 (20019 bytes)
2026-09-27 19:37:32,836 - DEBUG - [global] log_uploader: STEP 3 (global log) -> https://github.com/StarateJI/L2Mauto/blob/bot-logs/runs/20260927_193727_fail_global.log
2026-09-27 19:37:32,836 - DEBUG - [global] log_uploader: END window=periodic
2026-09-27 19:37:32,836 - INFO - [global] LogUploader: upload_run_logs завершён
2026-09-27 19:37:54,709 - INFO - [global] Проверяю обновы...
2026-09-27 19:37:55,696 - DEBUG - [global] needs_update: raw → 5.13.09
2026-09-27 19:37:55,879 - DEBUG - [global] needs_update: API → 5.13.09
2026-09-27 19:37:55,880 - DEBUG - [global] needs_update: лучший источник raw → 5.13.09 (из 2)
2026-09-27 19:37:55,880 - INFO - [global] needs_update: local=(5, 13, 7) remote=(5, 13, 9) -> has_update=True
2026-09-27 19:37:55,880 - INFO - [global] Доступна обнова! Спавню кнопку
2026-09-27 19:38:25,909 - INFO - [global] Проверяю обновы...
2026-09-27 19:38:26,843 - DEBUG - [global] needs_update: raw → 5.13.09
2026-09-27 19:38:27,022 - DEBUG - [global] needs_update: API → 5.13.09
2026-09-27 19:38:27,023 - DEBUG - [global] needs_update: лучший источник raw → 5.13.09 (из 2)
2026-09-27 19:38:27,023 - INFO - [global] needs_update: local=(5, 13, 7) remote=(5, 13, 9) -> has_update=True
2026-09-27 19:38:27,023 - INFO - [global] Доступна обнова! Спавню кнопку
2026-09-27 19:38:32,908 - INFO - [global] LogUploader: запускаю upload_run_logs...
2026-09-27 19:38:32,909 - DEBUG - [global] log_uploader: START window=periodic made=-1 token=...Rjnfq
2026-09-27 19:38:33,960 - DEBUG - [global] _api_put: GET runs/20260927_193832_fail_periodic.log -> 404
2026-09-27 19:38:35,980 - DEBUG - [global] _api_put: PUT runs/20260927_193832_fail_periodic.log -> 201 (12066 bytes)
2026-09-27 19:38:35,984 - DEBUG - [global] log_uploader: STEP 1 (window log) -> https://github.com/StarateJI/L2Mauto/blob/bot-logs/runs/20260927_193832_fail_periodic.log
2026-09-27 19:38:35,984 - DEBUG - [global] log_uploader: STEP 2 SKIP (no PNGs)
2026-09-27 19:38:37,086 - DEBUG - [global] _api_put: GET runs/20260927_193832_fail_global.log -> 404
2026-09-27 19:38:39,009 - DEBUG - [global] _api_put: PUT runs/20260927_193832_fail_global.log -> 201 (20019 bytes)
2026-09-27 19:38:39,012 - DEBUG - [global] log_uploader: STEP 3 (global log) -> https://github.com/StarateJI/L2Mauto/blob/bot-logs/runs/20260927_193832_fail_global.log
2026-09-27 19:38:39,012 - DEBUG - [global] log_uploader: END window=periodic
2026-09-27 19:38:39,012 - INFO - [global] LogUploader: upload_run_logs завершён
2026-09-27 19:38:57,048 - INFO - [global] Проверяю обновы...
2026-09-27 19:38:57,996 - DEBUG - [global] needs_update: raw → 5.13.09
2026-09-27 19:38:58,209 - DEBUG - [global] needs_update: API → 5.13.09
2026-09-27 19:38:58,209 - DEBUG - [global] needs_update: лучший источник raw → 5.13.09 (из 2)
2026-09-27 19:38:58,209 - INFO - [global] needs_update: local=(5, 13, 7) remote=(5, 13, 9) -> has_update=True
2026-09-27 19:38:58,210 - INFO - [global] Доступна обнова! Спавню кнопку
2026-09-27 19:39:28,243 - INFO - [global] Проверяю обновы...
2026-09-27 19:39:29,184 - DEBUG - [global] needs_update: raw → 5.13.09
2026-09-27 19:39:29,371 - DEBUG - [global] needs_update: API → 5.13.09
2026-09-27 19:39:29,372 - DEBUG - [global] needs_update: лучший источник raw → 5.13.09 (из 2)
2026-09-27 19:39:29,372 - INFO - [global] needs_update: local=(5, 13, 7) remote=(5, 13, 9) -> has_update=True
2026-09-27 19:39:29,372 - INFO - [global] Доступна обнова! Спавню кнопку
2026-09-27 19:39:39,070 - INFO - [global] LogUploader: запускаю upload_run_logs...
2026-09-27 19:39:39,071 - DEBUG - [global] log_uploader: START window=periodic made=-1 token=...Rjnfq
2026-09-27 19:39:40,208 - DEBUG - [global] _api_put: GET runs/20260927_193939_fail_periodic.log -> 404
2026-09-27 19:39:42,287 - DEBUG - [global] _api_put: PUT runs/20260927_193939_fail_periodic.log -> 201 (12066 bytes)
2026-09-27 19:39:42,289 - DEBUG - [global] log_uploader: STEP 1 (window log) -> https://github.com/StarateJI/L2Mauto/blob/bot-logs/runs/20260927_193939_fail_periodic.log
2026-09-27 19:39:42,290 - DEBUG - [global] log_uploader: STEP 2 SKIP (no PNGs)
2026-09-27 19:39:43,653 - DEBUG - [global] _api_put: GET runs/20260927_193939_fail_global.log -> 404
2026-09-27 19:39:45,778 - DEBUG - [global] _api_put: PUT runs/20260927_193939_fail_global.log -> 201 (20019 bytes)
2026-09-27 19:39:45,781 - DEBUG - [global] log_uploader: STEP 3 (global log) -> https://github.com/StarateJI/L2Mauto/blob/bot-logs/runs/20260927_193939_fail_global.log
2026-09-27 19:39:45,781 - DEBUG - [global] log_uploader: END window=periodic
2026-09-27 19:39:45,781 - INFO - [global] LogUploader: upload_run_logs завершён
2026-09-27 19:39:59,463 - INFO - [global] Проверяю обновы...
2026-09-27 19:40:00,592 - DEBUG - [global] needs_update: raw → 5.13.09
2026-09-27 19:40:00,700 - DEBUG - [global] needs_update: API → 5.13.09
2026-09-27 19:40:00,702 - DEBUG - [global] needs_update: лучший источник raw → 5.13.09 (из 2)
2026-09-27 19:40:00,702 - INFO - [global] needs_update: local=(5, 13, 7) remote=(5, 13, 9) -> has_update=True
2026-09-27 19:40:00,702 - INFO - [global] Доступна обнова! Спавню кнопку
2026-09-27 19:40:30,757 - INFO - [global] Проверяю обновы...
2026-09-27 19:40:31,734 - DEBUG - [global] needs_update: raw → 5.13.09
2026-09-27 19:40:31,887 - DEBUG - [global] needs_update: API → 5.13.09
2026-09-27 19:40:31,888 - DEBUG - [global] needs_update: лучший источник raw → 5.13.09 (из 2)
2026-09-27 19:40:31,888 - INFO - [global] needs_update: local=(5, 13, 7) remote=(5, 13, 9) -> has_update=True
2026-09-27 19:40:31,888 - INFO - [global] Доступна обнова! Спавню кнопку
2026-09-27 19:40:46,026 - INFO - [global] LogUploader: запускаю upload_run_logs...
2026-09-27 19:40:46,036 - DEBUG - [global] log_uploader: START window=periodic made=-1 token=...Rjnfq
2026-09-27 19:40:47,374 - DEBUG - [global] _api_put: GET runs/20260927_194046_fail_periodic.log -> 404
2026-09-27 19:40:49,612 - DEBUG - [global] _api_put: PUT runs/20260927_194046_fail_periodic.log -> 201 (12066 bytes)
2026-09-27 19:40:49,615 - DEBUG - [global] log_uploader: STEP 1 (window log) -> https://github.com/StarateJI/L2Mauto/blob/bot-logs/runs/20260927_194046_fail_periodic.log
2026-09-27 19:40:49,615 - DEBUG - [global] log_uploader: STEP 2 SKIP (no PNGs)
2026-09-27 19:40:50,787 - DEBUG - [global] _api_put: GET runs/20260927_194046_fail_global.log -> 404
2026-09-27 19:40:52,625 - DEBUG - [global] _api_put: PUT runs/20260927_194046_fail_global.log -> 409 (20019 bytes)
2026-09-27 19:40:52,625 - WARNING - [global] _api_put: PUT failed body: {"message":"is at c990dbcd2916cf0f808a52d7e9ad8777cda754e4 but expected 97a3137bee47b86cae28d8d6bad60cf16a76cc55","documentation_url":"https://docs.github.com/rest/repos/contents#create-or-update-file
2026-09-27 19:40:52,628 - DEBUG - [global] log_uploader: STEP 3 (global log) -> FAILED
2026-09-27 19:40:52,628 - DEBUG - [global] log_uploader: END window=periodic
2026-09-27 19:40:52,628 - INFO - [global] LogUploader: upload_run_logs завершён
2026-09-27 19:41:02,079 - INFO - [global] Проверяю обновы...
2026-09-27 19:41:03,062 - DEBUG - [global] needs_update: raw → 5.13.09
2026-09-27 19:41:03,255 - DEBUG - [global] needs_update: API → 5.13.09
2026-09-27 19:41:03,255 - DEBUG - [global] needs_update: лучший источник raw → 5.13.09 (из 2)
2026-09-27 19:41:03,256 - INFO - [global] needs_update: local=(5, 13, 7) remote=(5, 13, 9) -> has_update=True
2026-09-27 19:41:03,256 - INFO - [global] Доступна обнова! Спавню кнопку
2026-09-27 19:41:33,320 - INFO - [global] Проверяю обновы...
2026-09-27 19:41:34,275 - DEBUG - [global] needs_update: raw → 5.13.09
2026-09-27 19:41:34,474 - DEBUG - [global] needs_update: API → 5.13.09
2026-09-27 19:41:34,474 - DEBUG - [global] needs_update: лучший источник raw → 5.13.09 (из 2)
2026-09-27 19:41:34,474 - INFO - [global] needs_update: local=(5, 13, 7) remote=(5, 13, 9) -> has_update=True
2026-09-27 19:41:34,474 - INFO - [global] Доступна обнова! Спавню кнопку
2026-09-27 19:41:52,713 - INFO - [global] LogUploader: запускаю upload_run_logs...
2026-09-27 19:41:52,713 - DEBUG - [global] log_uploader: START window=periodic made=-1 token=...Rjnfq
2026-09-27 19:41:53,851 - DEBUG - [global] _api_put: GET runs/20260927_194152_fail_periodic.log -> 404
2026-09-27 19:41:56,094 - DEBUG - [global] _api_put: PUT runs/20260927_194152_fail_periodic.log -> 201 (12066 bytes)
2026-09-27 19:41:56,097 - DEBUG - [global] log_uploader: STEP 1 (window log) -> https://github.com/StarateJI/L2Mauto/blob/bot-logs/runs/20260927_194152_fail_periodic.log
2026-09-27 19:41:56,098 - DEBUG - [global] log_uploader: STEP 2 SKIP (no PNGs)
