=== Log tail 2026-09-15T06:15:08.119655 | last 200 lines ===
2026-09-15 06:05:41,922 - INFO - [global] LogUploader: upload_run_logs завершён
2026-09-15 06:05:42,601 - DEBUG - [global] needs_update: jsdelivr → 5.2.2
2026-09-15 06:05:42,602 - DEBUG - [global] needs_update: лучший источник raw → 5.4.1 (из 2)
2026-09-15 06:05:42,606 - INFO - [global] needs_update: local=(5, 4, 1) remote=(5, 4, 1) -> has_update=False
2026-09-15 06:05:42,607 - INFO - [global] Установлена последняя версия бота | 5.4.1
2026-09-15 06:06:12,629 - INFO - [global] Проверяю обновы...
2026-09-15 06:06:13,613 - DEBUG - [global] needs_update: raw → 5.4.1
2026-09-15 06:06:14,631 - DEBUG - [global] needs_update: API failed: HTTPError: 403 Client Error: rate limit exceeded for url: https://api.github.com/repos/StarateJI/L2Mauto/contents/bot/version.txt?ref=main
2026-09-15 06:06:15,695 - DEBUG - [global] needs_update: jsdelivr → 5.2.2
2026-09-15 06:06:15,696 - DEBUG - [global] needs_update: лучший источник raw → 5.4.1 (из 2)
2026-09-15 06:06:15,700 - INFO - [global] needs_update: local=(5, 4, 1) remote=(5, 4, 1) -> has_update=False
2026-09-15 06:06:15,701 - INFO - [global] Установлена последняя версия бота | 5.4.1
2026-09-15 06:06:41,954 - INFO - [global] LogUploader: запускаю upload_run_logs...
2026-09-15 06:06:41,956 - DEBUG - [global] log_uploader: START window=periodic made=-1 token=...Rjnfq
2026-09-15 06:06:41,956 - DEBUG - [global] log_uploader: STEP 1 SKIP (no C:\Users\PC\Desktop\L2Mauto\logs\periodic.log)
2026-09-15 06:06:41,957 - DEBUG - [global] log_uploader: STEP 2 SKIP (no PNGs)
2026-09-15 06:06:43,190 - DEBUG - [global] _api_put: GET runs/20260915_060641_fail_global.log -> 404
2026-09-15 06:06:45,248 - DEBUG - [global] _api_put: PUT runs/20260915_060641_fail_global.log -> 201 (21501 bytes)
2026-09-15 06:06:45,252 - DEBUG - [global] log_uploader: STEP 3 (global log) -> https://github.com/StarateJI/L2Mauto/blob/bot-logs/runs/20260915_060641_fail_global.log
2026-09-15 06:06:45,252 - DEBUG - [global] log_uploader: END window=periodic
2026-09-15 06:06:45,253 - INFO - [global] LogUploader: upload_run_logs завершён
2026-09-15 06:06:45,716 - INFO - [global] Проверяю обновы...
2026-09-15 06:06:46,700 - DEBUG - [global] needs_update: raw → 5.4.1
2026-09-15 06:06:47,736 - DEBUG - [global] needs_update: API failed: HTTPError: 403 Client Error: rate limit exceeded for url: https://api.github.com/repos/StarateJI/L2Mauto/contents/bot/version.txt?ref=main
2026-09-15 06:06:48,765 - DEBUG - [global] needs_update: jsdelivr → 5.2.2
2026-09-15 06:06:48,765 - DEBUG - [global] needs_update: лучший источник raw → 5.4.1 (из 2)
2026-09-15 06:06:48,770 - INFO - [global] needs_update: local=(5, 4, 1) remote=(5, 4, 1) -> has_update=False
2026-09-15 06:06:48,770 - INFO - [global] Установлена последняя версия бота | 5.4.1
2026-09-15 06:07:18,787 - INFO - [global] Проверяю обновы...
2026-09-15 06:07:19,776 - DEBUG - [global] needs_update: raw → 5.4.1
2026-09-15 06:07:20,751 - DEBUG - [global] needs_update: API failed: HTTPError: 403 Client Error: rate limit exceeded for url: https://api.github.com/repos/StarateJI/L2Mauto/contents/bot/version.txt?ref=main
2026-09-15 06:07:21,767 - DEBUG - [global] needs_update: jsdelivr → 5.2.2
2026-09-15 06:07:21,767 - DEBUG - [global] needs_update: лучший источник raw → 5.4.1 (из 2)
2026-09-15 06:07:21,772 - INFO - [global] needs_update: local=(5, 4, 1) remote=(5, 4, 1) -> has_update=False
2026-09-15 06:07:21,774 - INFO - [global] Установлена последняя версия бота | 5.4.1
2026-09-15 06:07:45,292 - INFO - [global] LogUploader: запускаю upload_run_logs...
2026-09-15 06:07:45,294 - DEBUG - [global] log_uploader: START window=periodic made=-1 token=...Rjnfq
2026-09-15 06:07:45,295 - DEBUG - [global] log_uploader: STEP 1 SKIP (no C:\Users\PC\Desktop\L2Mauto\logs\periodic.log)
2026-09-15 06:07:45,296 - DEBUG - [global] log_uploader: STEP 2 SKIP (no PNGs)
2026-09-15 06:07:46,566 - DEBUG - [global] _api_put: GET runs/20260915_060745_fail_global.log -> 404
2026-09-15 06:07:48,835 - DEBUG - [global] _api_put: PUT runs/20260915_060745_fail_global.log -> 201 (21501 bytes)
2026-09-15 06:07:48,839 - DEBUG - [global] log_uploader: STEP 3 (global log) -> https://github.com/StarateJI/L2Mauto/blob/bot-logs/runs/20260915_060745_fail_global.log
2026-09-15 06:07:48,840 - DEBUG - [global] log_uploader: END window=periodic
2026-09-15 06:07:48,840 - INFO - [global] LogUploader: upload_run_logs завершён
2026-09-15 06:07:51,790 - INFO - [global] Проверяю обновы...
2026-09-15 06:07:52,793 - DEBUG - [global] needs_update: raw → 5.4.1
2026-09-15 06:07:53,785 - DEBUG - [global] needs_update: API failed: HTTPError: 403 Client Error: rate limit exceeded for url: https://api.github.com/repos/StarateJI/L2Mauto/contents/bot/version.txt?ref=main
2026-09-15 06:07:54,768 - DEBUG - [global] needs_update: jsdelivr → 5.2.2
2026-09-15 06:07:54,769 - DEBUG - [global] needs_update: лучший источник raw → 5.4.1 (из 2)
2026-09-15 06:07:54,772 - INFO - [global] needs_update: local=(5, 4, 1) remote=(5, 4, 1) -> has_update=False
2026-09-15 06:07:54,774 - INFO - [global] Установлена последняя версия бота | 5.4.1
2026-09-15 06:08:24,793 - INFO - [global] Проверяю обновы...
2026-09-15 06:08:25,823 - DEBUG - [global] needs_update: raw → 5.4.1
2026-09-15 06:08:26,828 - DEBUG - [global] needs_update: API failed: HTTPError: 403 Client Error: rate limit exceeded for url: https://api.github.com/repos/StarateJI/L2Mauto/contents/bot/version.txt?ref=main
2026-09-15 06:08:27,862 - DEBUG - [global] needs_update: jsdelivr → 5.2.2
2026-09-15 06:08:27,862 - DEBUG - [global] needs_update: лучший источник raw → 5.4.1 (из 2)
2026-09-15 06:08:27,866 - INFO - [global] needs_update: local=(5, 4, 1) remote=(5, 4, 1) -> has_update=False
2026-09-15 06:08:27,867 - INFO - [global] Установлена последняя версия бота | 5.4.1
2026-09-15 06:08:48,878 - INFO - [global] LogUploader: запускаю upload_run_logs...
2026-09-15 06:08:48,880 - DEBUG - [global] log_uploader: START window=periodic made=-1 token=...Rjnfq
2026-09-15 06:08:48,881 - DEBUG - [global] log_uploader: STEP 1 SKIP (no C:\Users\PC\Desktop\L2Mauto\logs\periodic.log)
2026-09-15 06:08:48,882 - DEBUG - [global] log_uploader: STEP 2 SKIP (no PNGs)
2026-09-15 06:08:50,062 - DEBUG - [global] _api_put: GET runs/20260915_060848_fail_global.log -> 404
2026-09-15 06:08:51,924 - DEBUG - [global] _api_put: PUT runs/20260915_060848_fail_global.log -> 201 (21501 bytes)
2026-09-15 06:08:51,928 - DEBUG - [global] log_uploader: STEP 3 (global log) -> https://github.com/StarateJI/L2Mauto/blob/bot-logs/runs/20260915_060848_fail_global.log
2026-09-15 06:08:51,929 - DEBUG - [global] log_uploader: END window=periodic
2026-09-15 06:08:51,929 - INFO - [global] LogUploader: upload_run_logs завершён
2026-09-15 06:08:57,888 - INFO - [global] Проверяю обновы...
2026-09-15 06:08:58,964 - DEBUG - [global] needs_update: raw → 5.4.1
2026-09-15 06:08:59,953 - DEBUG - [global] needs_update: API failed: HTTPError: 403 Client Error: rate limit exceeded for url: https://api.github.com/repos/StarateJI/L2Mauto/contents/bot/version.txt?ref=main
2026-09-15 06:09:00,937 - DEBUG - [global] needs_update: jsdelivr → 5.2.2
2026-09-15 06:09:00,938 - DEBUG - [global] needs_update: лучший источник raw → 5.4.1 (из 2)
2026-09-15 06:09:00,943 - INFO - [global] needs_update: local=(5, 4, 1) remote=(5, 4, 1) -> has_update=False
2026-09-15 06:09:00,944 - INFO - [global] Установлена последняя версия бота | 5.4.1
2026-09-15 06:09:30,961 - INFO - [global] Проверяю обновы...
2026-09-15 06:09:31,970 - DEBUG - [global] needs_update: raw → 5.4.1
2026-09-15 06:09:32,934 - DEBUG - [global] needs_update: API failed: HTTPError: 403 Client Error: rate limit exceeded for url: https://api.github.com/repos/StarateJI/L2Mauto/contents/bot/version.txt?ref=main
2026-09-15 06:09:33,943 - DEBUG - [global] needs_update: jsdelivr → 5.2.2
2026-09-15 06:09:33,943 - DEBUG - [global] needs_update: лучший источник raw → 5.4.1 (из 2)
2026-09-15 06:09:33,946 - INFO - [global] needs_update: local=(5, 4, 1) remote=(5, 4, 1) -> has_update=False
2026-09-15 06:09:33,948 - INFO - [global] Установлена последняя версия бота | 5.4.1
2026-09-15 06:09:51,965 - INFO - [global] LogUploader: запускаю upload_run_logs...
2026-09-15 06:09:51,968 - DEBUG - [global] log_uploader: START window=periodic made=-1 token=...Rjnfq
2026-09-15 06:09:51,968 - DEBUG - [global] log_uploader: STEP 1 SKIP (no C:\Users\PC\Desktop\L2Mauto\logs\periodic.log)
2026-09-15 06:09:51,969 - DEBUG - [global] log_uploader: STEP 2 SKIP (no PNGs)
2026-09-15 06:09:53,279 - DEBUG - [global] _api_put: GET runs/20260915_060951_fail_global.log -> 404
2026-09-15 06:09:55,202 - DEBUG - [global] _api_put: PUT runs/20260915_060951_fail_global.log -> 201 (21501 bytes)
2026-09-15 06:09:55,207 - DEBUG - [global] log_uploader: STEP 3 (global log) -> https://github.com/StarateJI/L2Mauto/blob/bot-logs/runs/20260915_060951_fail_global.log
2026-09-15 06:09:55,207 - DEBUG - [global] log_uploader: END window=periodic
2026-09-15 06:09:55,207 - INFO - [global] LogUploader: upload_run_logs завершён
2026-09-15 06:10:03,966 - INFO - [global] Проверяю обновы...
2026-09-15 06:10:04,974 - DEBUG - [global] needs_update: raw → 5.4.1
2026-09-15 06:10:05,972 - DEBUG - [global] needs_update: API failed: HTTPError: 403 Client Error: rate limit exceeded for url: https://api.github.com/repos/StarateJI/L2Mauto/contents/bot/version.txt?ref=main
2026-09-15 06:10:06,974 - DEBUG - [global] needs_update: jsdelivr → 5.2.2
2026-09-15 06:10:06,974 - DEBUG - [global] needs_update: лучший источник raw → 5.4.1 (из 2)
2026-09-15 06:10:06,980 - INFO - [global] needs_update: local=(5, 4, 1) remote=(5, 4, 1) -> has_update=False
2026-09-15 06:10:06,982 - INFO - [global] Установлена последняя версия бота | 5.4.1
2026-09-15 06:10:36,997 - INFO - [global] Проверяю обновы...
2026-09-15 06:10:38,013 - DEBUG - [global] needs_update: raw → 5.4.1
2026-09-15 06:10:39,038 - DEBUG - [global] needs_update: API failed: HTTPError: 403 Client Error: rate limit exceeded for url: https://api.github.com/repos/StarateJI/L2Mauto/contents/bot/version.txt?ref=main
2026-09-15 06:10:40,042 - DEBUG - [global] needs_update: jsdelivr → 5.2.2
2026-09-15 06:10:40,042 - DEBUG - [global] needs_update: лучший источник raw → 5.4.1 (из 2)
2026-09-15 06:10:40,046 - INFO - [global] needs_update: local=(5, 4, 1) remote=(5, 4, 1) -> has_update=False
2026-09-15 06:10:40,048 - INFO - [global] Установлена последняя версия бота | 5.4.1
2026-09-15 06:10:55,246 - INFO - [global] LogUploader: запускаю upload_run_logs...
2026-09-15 06:10:55,249 - DEBUG - [global] log_uploader: START window=periodic made=-1 token=...Rjnfq
2026-09-15 06:10:55,249 - DEBUG - [global] log_uploader: STEP 1 SKIP (no C:\Users\PC\Desktop\L2Mauto\logs\periodic.log)
2026-09-15 06:10:55,250 - DEBUG - [global] log_uploader: STEP 2 SKIP (no PNGs)
2026-09-15 06:10:56,502 - DEBUG - [global] _api_put: GET runs/20260915_061055_fail_global.log -> 404
2026-09-15 06:10:58,323 - DEBUG - [global] _api_put: PUT runs/20260915_061055_fail_global.log -> 201 (21501 bytes)
2026-09-15 06:10:58,328 - DEBUG - [global] log_uploader: STEP 3 (global log) -> https://github.com/StarateJI/L2Mauto/blob/bot-logs/runs/20260915_061055_fail_global.log
2026-09-15 06:10:58,328 - DEBUG - [global] log_uploader: END window=periodic
2026-09-15 06:10:58,328 - INFO - [global] LogUploader: upload_run_logs завершён
2026-09-15 06:11:10,068 - INFO - [global] Проверяю обновы...
2026-09-15 06:11:11,084 - DEBUG - [global] needs_update: raw → 5.4.1
2026-09-15 06:11:12,095 - DEBUG - [global] needs_update: API failed: HTTPError: 403 Client Error: rate limit exceeded for url: https://api.github.com/repos/StarateJI/L2Mauto/contents/bot/version.txt?ref=main
2026-09-15 06:11:13,100 - DEBUG - [global] needs_update: jsdelivr → 5.2.2
2026-09-15 06:11:13,100 - DEBUG - [global] needs_update: лучший источник raw → 5.4.1 (из 2)
2026-09-15 06:11:13,105 - INFO - [global] needs_update: local=(5, 4, 1) remote=(5, 4, 1) -> has_update=False
2026-09-15 06:11:13,107 - INFO - [global] Установлена последняя версия бота | 5.4.1
2026-09-15 06:11:43,124 - INFO - [global] Проверяю обновы...
2026-09-15 06:11:44,118 - DEBUG - [global] needs_update: raw → 5.4.1
2026-09-15 06:11:45,115 - DEBUG - [global] needs_update: API failed: HTTPError: 403 Client Error: rate limit exceeded for url: https://api.github.com/repos/StarateJI/L2Mauto/contents/bot/version.txt?ref=main
2026-09-15 06:11:46,153 - DEBUG - [global] needs_update: jsdelivr → 5.2.2
2026-09-15 06:11:46,153 - DEBUG - [global] needs_update: лучший источник raw → 5.4.1 (из 2)
2026-09-15 06:11:46,157 - INFO - [global] needs_update: local=(5, 4, 1) remote=(5, 4, 1) -> has_update=False
2026-09-15 06:11:46,159 - INFO - [global] Установлена последняя версия бота | 5.4.1
2026-09-15 06:11:58,357 - INFO - [global] LogUploader: запускаю upload_run_logs...
2026-09-15 06:11:58,359 - DEBUG - [global] log_uploader: START window=periodic made=-1 token=...Rjnfq
2026-09-15 06:11:58,359 - DEBUG - [global] log_uploader: STEP 1 SKIP (no C:\Users\PC\Desktop\L2Mauto\logs\periodic.log)
2026-09-15 06:11:58,361 - DEBUG - [global] log_uploader: STEP 2 SKIP (no PNGs)
2026-09-15 06:11:59,661 - DEBUG - [global] _api_put: GET runs/20260915_061158_fail_global.log -> 404
2026-09-15 06:12:01,603 - DEBUG - [global] _api_put: PUT runs/20260915_061158_fail_global.log -> 201 (21501 bytes)
2026-09-15 06:12:01,607 - DEBUG - [global] log_uploader: STEP 3 (global log) -> https://github.com/StarateJI/L2Mauto/blob/bot-logs/runs/20260915_061158_fail_global.log
2026-09-15 06:12:01,608 - DEBUG - [global] log_uploader: END window=periodic
2026-09-15 06:12:01,608 - INFO - [global] LogUploader: upload_run_logs завершён
2026-09-15 06:12:16,179 - INFO - [global] Проверяю обновы...
2026-09-15 06:12:17,234 - DEBUG - [global] needs_update: raw → 5.4.1
2026-09-15 06:12:18,243 - DEBUG - [global] needs_update: API failed: HTTPError: 403 Client Error: rate limit exceeded for url: https://api.github.com/repos/StarateJI/L2Mauto/contents/bot/version.txt?ref=main
2026-09-15 06:12:19,260 - DEBUG - [global] needs_update: jsdelivr → 5.2.2
2026-09-15 06:12:19,260 - DEBUG - [global] needs_update: лучший источник raw → 5.4.1 (из 2)
2026-09-15 06:12:19,264 - INFO - [global] needs_update: local=(5, 4, 1) remote=(5, 4, 1) -> has_update=False
2026-09-15 06:12:19,266 - INFO - [global] Установлена последняя версия бота | 5.4.1
2026-09-15 06:12:49,287 - INFO - [global] Проверяю обновы...
2026-09-15 06:12:50,297 - DEBUG - [global] needs_update: raw → 5.4.1
2026-09-15 06:12:51,286 - DEBUG - [global] needs_update: API failed: HTTPError: 403 Client Error: rate limit exceeded for url: https://api.github.com/repos/StarateJI/L2Mauto/contents/bot/version.txt?ref=main
2026-09-15 06:12:52,290 - DEBUG - [global] needs_update: jsdelivr → 5.2.2
2026-09-15 06:12:52,291 - DEBUG - [global] needs_update: лучший источник raw → 5.4.1 (из 2)
2026-09-15 06:12:52,295 - INFO - [global] needs_update: local=(5, 4, 1) remote=(5, 4, 1) -> has_update=False
2026-09-15 06:12:52,296 - INFO - [global] Установлена последняя версия бота | 5.4.1
2026-09-15 06:13:01,638 - INFO - [global] LogUploader: запускаю upload_run_logs...
2026-09-15 06:13:01,640 - DEBUG - [global] log_uploader: START window=periodic made=-1 token=...Rjnfq
2026-09-15 06:13:01,641 - DEBUG - [global] log_uploader: STEP 1 SKIP (no C:\Users\PC\Desktop\L2Mauto\logs\periodic.log)
2026-09-15 06:13:01,641 - DEBUG - [global] log_uploader: STEP 2 SKIP (no PNGs)
2026-09-15 06:13:02,941 - DEBUG - [global] _api_put: GET runs/20260915_061301_fail_global.log -> 404
2026-09-15 06:13:04,932 - DEBUG - [global] _api_put: PUT runs/20260915_061301_fail_global.log -> 201 (21501 bytes)
2026-09-15 06:13:04,936 - DEBUG - [global] log_uploader: STEP 3 (global log) -> https://github.com/StarateJI/L2Mauto/blob/bot-logs/runs/20260915_061301_fail_global.log
2026-09-15 06:13:04,937 - DEBUG - [global] log_uploader: END window=periodic
2026-09-15 06:13:04,937 - INFO - [global] LogUploader: upload_run_logs завершён
2026-09-15 06:13:22,316 - INFO - [global] Проверяю обновы...
2026-09-15 06:13:23,321 - DEBUG - [global] needs_update: raw → 5.4.1
2026-09-15 06:13:24,310 - DEBUG - [global] needs_update: API failed: HTTPError: 403 Client Error: rate limit exceeded for url: https://api.github.com/repos/StarateJI/L2Mauto/contents/bot/version.txt?ref=main
2026-09-15 06:13:25,362 - DEBUG - [global] needs_update: jsdelivr → 5.2.2
2026-09-15 06:13:25,362 - DEBUG - [global] needs_update: лучший источник raw → 5.4.1 (из 2)
2026-09-15 06:13:25,366 - INFO - [global] needs_update: local=(5, 4, 1) remote=(5, 4, 1) -> has_update=False
2026-09-15 06:13:25,368 - INFO - [global] Установлена последняя версия бота | 5.4.1
2026-09-15 06:13:55,392 - INFO - [global] Проверяю обновы...
2026-09-15 06:13:56,418 - DEBUG - [global] needs_update: raw → 5.4.1
2026-09-15 06:13:57,434 - DEBUG - [global] needs_update: API failed: HTTPError: 403 Client Error: rate limit exceeded for url: https://api.github.com/repos/StarateJI/L2Mauto/contents/bot/version.txt?ref=main
2026-09-15 06:13:58,434 - DEBUG - [global] needs_update: jsdelivr → 5.2.2
2026-09-15 06:13:58,434 - DEBUG - [global] needs_update: лучший источник raw → 5.4.1 (из 2)
2026-09-15 06:13:58,439 - INFO - [global] needs_update: local=(5, 4, 1) remote=(5, 4, 1) -> has_update=False
2026-09-15 06:13:58,441 - INFO - [global] Установлена последняя версия бота | 5.4.1
2026-09-15 06:14:04,972 - INFO - [global] LogUploader: запускаю upload_run_logs...
2026-09-15 06:14:04,974 - DEBUG - [global] log_uploader: START window=periodic made=-1 token=...Rjnfq
2026-09-15 06:14:04,975 - DEBUG - [global] log_uploader: STEP 1 SKIP (no C:\Users\PC\Desktop\L2Mauto\logs\periodic.log)
2026-09-15 06:14:04,975 - DEBUG - [global] log_uploader: STEP 2 SKIP (no PNGs)
2026-09-15 06:14:06,249 - DEBUG - [global] _api_put: GET runs/20260915_061404_fail_global.log -> 404
2026-09-15 06:14:08,056 - DEBUG - [global] _api_put: PUT runs/20260915_061404_fail_global.log -> 201 (21501 bytes)
2026-09-15 06:14:08,061 - DEBUG - [global] log_uploader: STEP 3 (global log) -> https://github.com/StarateJI/L2Mauto/blob/bot-logs/runs/20260915_061404_fail_global.log
2026-09-15 06:14:08,061 - DEBUG - [global] log_uploader: END window=periodic
2026-09-15 06:14:08,062 - INFO - [global] LogUploader: upload_run_logs завершён
2026-09-15 06:14:28,458 - INFO - [global] Проверяю обновы...
2026-09-15 06:14:29,501 - DEBUG - [global] needs_update: raw → 5.4.1
2026-09-15 06:14:30,531 - DEBUG - [global] needs_update: API failed: HTTPError: 403 Client Error: rate limit exceeded for url: https://api.github.com/repos/StarateJI/L2Mauto/contents/bot/version.txt?ref=main
2026-09-15 06:14:31,543 - DEBUG - [global] needs_update: jsdelivr → 5.2.2
2026-09-15 06:14:31,543 - DEBUG - [global] needs_update: лучший источник raw → 5.4.1 (из 2)
2026-09-15 06:14:31,549 - INFO - [global] needs_update: local=(5, 4, 1) remote=(5, 4, 1) -> has_update=False
2026-09-15 06:14:31,551 - INFO - [global] Установлена последняя версия бота | 5.4.1
2026-09-15 06:15:01,566 - INFO - [global] Проверяю обновы...
2026-09-15 06:15:02,597 - DEBUG - [global] needs_update: raw → 5.4.1
2026-09-15 06:15:03,572 - DEBUG - [global] needs_update: API failed: HTTPError: 403 Client Error: rate limit exceeded for url: https://api.github.com/repos/StarateJI/L2Mauto/contents/bot/version.txt?ref=main
2026-09-15 06:15:04,594 - DEBUG - [global] needs_update: jsdelivr → 5.2.2
2026-09-15 06:15:04,595 - DEBUG - [global] needs_update: лучший источник raw → 5.4.1 (из 2)
2026-09-15 06:15:04,600 - INFO - [global] needs_update: local=(5, 4, 1) remote=(5, 4, 1) -> has_update=False
2026-09-15 06:15:04,601 - INFO - [global] Установлена последняя версия бота | 5.4.1
2026-09-15 06:15:08,098 - INFO - [global] LogUploader: запускаю upload_run_logs...
2026-09-15 06:15:08,101 - DEBUG - [global] log_uploader: START window=periodic made=-1 token=...Rjnfq
2026-09-15 06:15:08,101 - DEBUG - [global] log_uploader: STEP 1 SKIP (no C:\Users\PC\Desktop\L2Mauto\logs\periodic.log)
2026-09-15 06:15:08,102 - DEBUG - [global] log_uploader: STEP 2 SKIP (no PNGs)
