=== Log tail 2026-09-15T09:09:58.429668 | last 200 lines ===
2026-09-15 09:00:31,300 - DEBUG - [global] _api_put: GET runs/20260915_090030_fail_global.log -> 404
2026-09-15 09:00:33,194 - DEBUG - [global] _api_put: PUT runs/20260915_090030_fail_global.log -> 201 (21293 bytes)
2026-09-15 09:00:33,199 - DEBUG - [global] log_uploader: STEP 3 (global log) -> https://github.com/StarateJI/L2Mauto/blob/bot-logs/runs/20260915_090030_fail_global.log
2026-09-15 09:00:33,199 - DEBUG - [global] log_uploader: END window=periodic
2026-09-15 09:00:33,200 - INFO - [global] LogUploader: upload_run_logs завершён
2026-09-15 09:00:56,259 - INFO - [global] Проверяю обновы...
2026-09-15 09:00:57,266 - DEBUG - [global] needs_update: raw → 5.4.1
2026-09-15 09:00:58,253 - DEBUG - [global] needs_update: API failed: HTTPError: 403 Client Error: rate limit exceeded for url: https://api.github.com/repos/StarateJI/L2Mauto/contents/bot/version.txt?ref=main
2026-09-15 09:00:59,217 - DEBUG - [global] needs_update: jsdelivr → 5.1.7
2026-09-15 09:00:59,217 - DEBUG - [global] needs_update: лучший источник raw → 5.4.1 (из 2)
2026-09-15 09:00:59,223 - INFO - [global] needs_update: local=(5, 4, 1) remote=(5, 4, 1) -> has_update=False
2026-09-15 09:00:59,224 - INFO - [global] Установлена последняя версия бота | 5.4.1
2026-09-15 09:01:29,245 - INFO - [global] Проверяю обновы...
2026-09-15 09:01:30,254 - DEBUG - [global] needs_update: raw → 5.4.1
2026-09-15 09:01:31,273 - DEBUG - [global] needs_update: API failed: HTTPError: 403 Client Error: rate limit exceeded for url: https://api.github.com/repos/StarateJI/L2Mauto/contents/bot/version.txt?ref=main
2026-09-15 09:01:32,219 - DEBUG - [global] needs_update: jsdelivr → 5.1.7
2026-09-15 09:01:32,219 - DEBUG - [global] needs_update: лучший источник raw → 5.4.1 (из 2)
2026-09-15 09:01:32,224 - INFO - [global] needs_update: local=(5, 4, 1) remote=(5, 4, 1) -> has_update=False
2026-09-15 09:01:32,226 - INFO - [global] Установлена последняя версия бота | 5.4.1
2026-09-15 09:01:33,238 - INFO - [global] LogUploader: запускаю upload_run_logs...
2026-09-15 09:01:33,241 - DEBUG - [global] log_uploader: START window=periodic made=-1 token=...Rjnfq
2026-09-15 09:01:33,242 - DEBUG - [global] log_uploader: STEP 1 SKIP (no C:\Users\PC\Desktop\L2Mauto\logs\periodic.log)
2026-09-15 09:01:33,242 - DEBUG - [global] log_uploader: STEP 2 SKIP (no PNGs)
2026-09-15 09:01:34,453 - DEBUG - [global] _api_put: GET runs/20260915_090133_fail_global.log -> 404
2026-09-15 09:01:36,249 - DEBUG - [global] _api_put: PUT runs/20260915_090133_fail_global.log -> 201 (21439 bytes)
2026-09-15 09:01:36,253 - DEBUG - [global] log_uploader: STEP 3 (global log) -> https://github.com/StarateJI/L2Mauto/blob/bot-logs/runs/20260915_090133_fail_global.log
2026-09-15 09:01:36,254 - DEBUG - [global] log_uploader: END window=periodic
2026-09-15 09:01:36,254 - INFO - [global] LogUploader: upload_run_logs завершён
2026-09-15 09:02:02,246 - INFO - [global] Проверяю обновы...
2026-09-15 09:02:03,239 - DEBUG - [global] needs_update: raw → 5.4.1
2026-09-15 09:02:04,259 - DEBUG - [global] needs_update: API failed: HTTPError: 403 Client Error: rate limit exceeded for url: https://api.github.com/repos/StarateJI/L2Mauto/contents/bot/version.txt?ref=main
2026-09-15 09:02:05,291 - DEBUG - [global] needs_update: jsdelivr → 5.2.2
2026-09-15 09:02:05,292 - DEBUG - [global] needs_update: лучший источник raw → 5.4.1 (из 2)
2026-09-15 09:02:05,296 - INFO - [global] needs_update: local=(5, 4, 1) remote=(5, 4, 1) -> has_update=False
2026-09-15 09:02:05,297 - INFO - [global] Установлена последняя версия бота | 5.4.1
2026-09-15 09:02:35,319 - INFO - [global] Проверяю обновы...
2026-09-15 09:02:36,289 - INFO - [global] LogUploader: запускаю upload_run_logs...
2026-09-15 09:02:36,291 - DEBUG - [global] log_uploader: START window=periodic made=-1 token=...Rjnfq
2026-09-15 09:02:36,292 - DEBUG - [global] log_uploader: STEP 1 SKIP (no C:\Users\PC\Desktop\L2Mauto\logs\periodic.log)
2026-09-15 09:02:36,292 - DEBUG - [global] log_uploader: STEP 2 SKIP (no PNGs)
2026-09-15 09:02:36,358 - DEBUG - [global] needs_update: raw → 5.4.1
2026-09-15 09:02:37,465 - DEBUG - [global] needs_update: API failed: HTTPError: 403 Client Error: rate limit exceeded for url: https://api.github.com/repos/StarateJI/L2Mauto/contents/bot/version.txt?ref=main
2026-09-15 09:02:37,615 - DEBUG - [global] _api_put: GET runs/20260915_090236_fail_global.log -> 404
2026-09-15 09:02:38,551 - DEBUG - [global] needs_update: jsdelivr → 5.2.2
2026-09-15 09:02:38,552 - DEBUG - [global] needs_update: лучший источник raw → 5.4.1 (из 2)
2026-09-15 09:02:38,555 - INFO - [global] needs_update: local=(5, 4, 1) remote=(5, 4, 1) -> has_update=False
2026-09-15 09:02:38,557 - INFO - [global] Установлена последняя версия бота | 5.4.1
2026-09-15 09:02:39,487 - DEBUG - [global] _api_put: PUT runs/20260915_090236_fail_global.log -> 201 (21475 bytes)
2026-09-15 09:02:39,491 - DEBUG - [global] log_uploader: STEP 3 (global log) -> https://github.com/StarateJI/L2Mauto/blob/bot-logs/runs/20260915_090236_fail_global.log
2026-09-15 09:02:39,491 - DEBUG - [global] log_uploader: END window=periodic
2026-09-15 09:02:39,491 - INFO - [global] LogUploader: upload_run_logs завершён
2026-09-15 09:03:08,574 - INFO - [global] Проверяю обновы...
2026-09-15 09:03:09,741 - DEBUG - [global] needs_update: raw → 5.4.1
2026-09-15 09:03:10,734 - DEBUG - [global] needs_update: API failed: HTTPError: 403 Client Error: rate limit exceeded for url: https://api.github.com/repos/StarateJI/L2Mauto/contents/bot/version.txt?ref=main
2026-09-15 09:03:11,736 - DEBUG - [global] needs_update: jsdelivr → 5.2.2
2026-09-15 09:03:11,737 - DEBUG - [global] needs_update: лучший источник raw → 5.4.1 (из 2)
2026-09-15 09:03:11,740 - INFO - [global] needs_update: local=(5, 4, 1) remote=(5, 4, 1) -> has_update=False
2026-09-15 09:03:11,742 - INFO - [global] Установлена последняя версия бота | 5.4.1
2026-09-15 09:03:39,527 - INFO - [global] LogUploader: запускаю upload_run_logs...
2026-09-15 09:03:39,530 - DEBUG - [global] log_uploader: START window=periodic made=-1 token=...Rjnfq
2026-09-15 09:03:39,530 - DEBUG - [global] log_uploader: STEP 1 SKIP (no C:\Users\PC\Desktop\L2Mauto\logs\periodic.log)
2026-09-15 09:03:39,531 - DEBUG - [global] log_uploader: STEP 2 SKIP (no PNGs)
2026-09-15 09:03:40,742 - DEBUG - [global] _api_put: GET runs/20260915_090339_fail_global.log -> 404
2026-09-15 09:03:41,758 - INFO - [global] Проверяю обновы...
2026-09-15 09:03:42,438 - DEBUG - [global] _api_put: PUT runs/20260915_090339_fail_global.log -> 201 (21501 bytes)
2026-09-15 09:03:42,442 - DEBUG - [global] log_uploader: STEP 3 (global log) -> https://github.com/StarateJI/L2Mauto/blob/bot-logs/runs/20260915_090339_fail_global.log
2026-09-15 09:03:42,443 - DEBUG - [global] log_uploader: END window=periodic
2026-09-15 09:03:42,443 - INFO - [global] LogUploader: upload_run_logs завершён
2026-09-15 09:03:42,740 - DEBUG - [global] needs_update: raw → 5.4.1
2026-09-15 09:03:43,738 - DEBUG - [global] needs_update: API failed: HTTPError: 403 Client Error: rate limit exceeded for url: https://api.github.com/repos/StarateJI/L2Mauto/contents/bot/version.txt?ref=main
2026-09-15 09:03:44,714 - DEBUG - [global] needs_update: jsdelivr → 5.2.2
2026-09-15 09:03:44,714 - DEBUG - [global] needs_update: лучший источник raw → 5.4.1 (из 2)
2026-09-15 09:03:44,718 - INFO - [global] needs_update: local=(5, 4, 1) remote=(5, 4, 1) -> has_update=False
2026-09-15 09:03:44,720 - INFO - [global] Установлена последняя версия бота | 5.4.1
2026-09-15 09:04:14,737 - INFO - [global] Проверяю обновы...
2026-09-15 09:04:15,758 - DEBUG - [global] needs_update: raw → 5.4.1
2026-09-15 09:04:16,791 - DEBUG - [global] needs_update: API failed: HTTPError: 403 Client Error: rate limit exceeded for url: https://api.github.com/repos/StarateJI/L2Mauto/contents/bot/version.txt?ref=main
2026-09-15 09:04:17,826 - DEBUG - [global] needs_update: jsdelivr → 5.2.2
2026-09-15 09:04:17,826 - DEBUG - [global] needs_update: лучший источник raw → 5.4.1 (из 2)
2026-09-15 09:04:17,831 - INFO - [global] needs_update: local=(5, 4, 1) remote=(5, 4, 1) -> has_update=False
2026-09-15 09:04:17,832 - INFO - [global] Установлена последняя версия бота | 5.4.1
2026-09-15 09:04:42,482 - INFO - [global] LogUploader: запускаю upload_run_logs...
2026-09-15 09:04:42,485 - DEBUG - [global] log_uploader: START window=periodic made=-1 token=...Rjnfq
2026-09-15 09:04:42,486 - DEBUG - [global] log_uploader: STEP 1 SKIP (no C:\Users\PC\Desktop\L2Mauto\logs\periodic.log)
2026-09-15 09:04:42,487 - DEBUG - [global] log_uploader: STEP 2 SKIP (no PNGs)
2026-09-15 09:04:43,771 - DEBUG - [global] _api_put: GET runs/20260915_090442_fail_global.log -> 404
2026-09-15 09:04:45,581 - DEBUG - [global] _api_put: PUT runs/20260915_090442_fail_global.log -> 201 (21501 bytes)
2026-09-15 09:04:45,588 - DEBUG - [global] log_uploader: STEP 3 (global log) -> https://github.com/StarateJI/L2Mauto/blob/bot-logs/runs/20260915_090442_fail_global.log
2026-09-15 09:04:45,589 - DEBUG - [global] log_uploader: END window=periodic
2026-09-15 09:04:45,589 - INFO - [global] LogUploader: upload_run_logs завершён
2026-09-15 09:04:47,854 - INFO - [global] Проверяю обновы...
2026-09-15 09:04:48,865 - DEBUG - [global] needs_update: raw → 5.4.1
2026-09-15 09:04:49,857 - DEBUG - [global] needs_update: API failed: HTTPError: 403 Client Error: rate limit exceeded for url: https://api.github.com/repos/StarateJI/L2Mauto/contents/bot/version.txt?ref=main
2026-09-15 09:04:50,858 - DEBUG - [global] needs_update: jsdelivr → 5.2.2
2026-09-15 09:04:50,858 - DEBUG - [global] needs_update: лучший источник raw → 5.4.1 (из 2)
2026-09-15 09:04:50,863 - INFO - [global] needs_update: local=(5, 4, 1) remote=(5, 4, 1) -> has_update=False
2026-09-15 09:04:50,865 - INFO - [global] Установлена последняя версия бота | 5.4.1
2026-09-15 09:05:20,883 - INFO - [global] Проверяю обновы...
2026-09-15 09:05:21,901 - DEBUG - [global] needs_update: raw → 5.4.1
2026-09-15 09:05:22,904 - DEBUG - [global] needs_update: API failed: HTTPError: 403 Client Error: rate limit exceeded for url: https://api.github.com/repos/StarateJI/L2Mauto/contents/bot/version.txt?ref=main
2026-09-15 09:05:23,924 - DEBUG - [global] needs_update: jsdelivr → 5.2.2
2026-09-15 09:05:23,924 - DEBUG - [global] needs_update: лучший источник raw → 5.4.1 (из 2)
2026-09-15 09:05:23,929 - INFO - [global] needs_update: local=(5, 4, 1) remote=(5, 4, 1) -> has_update=False
2026-09-15 09:05:23,931 - INFO - [global] Установлена последняя версия бота | 5.4.1
2026-09-15 09:05:45,619 - INFO - [global] LogUploader: запускаю upload_run_logs...
2026-09-15 09:05:45,623 - DEBUG - [global] log_uploader: START window=periodic made=-1 token=...Rjnfq
2026-09-15 09:05:45,624 - DEBUG - [global] log_uploader: STEP 1 SKIP (no C:\Users\PC\Desktop\L2Mauto\logs\periodic.log)
2026-09-15 09:05:45,625 - DEBUG - [global] log_uploader: STEP 2 SKIP (no PNGs)
2026-09-15 09:05:46,938 - DEBUG - [global] _api_put: GET runs/20260915_090545_fail_global.log -> 404
2026-09-15 09:05:48,725 - DEBUG - [global] _api_put: PUT runs/20260915_090545_fail_global.log -> 201 (21501 bytes)
2026-09-15 09:05:48,730 - DEBUG - [global] log_uploader: STEP 3 (global log) -> https://github.com/StarateJI/L2Mauto/blob/bot-logs/runs/20260915_090545_fail_global.log
2026-09-15 09:05:48,730 - DEBUG - [global] log_uploader: END window=periodic
2026-09-15 09:05:48,730 - INFO - [global] LogUploader: upload_run_logs завершён
2026-09-15 09:05:53,948 - INFO - [global] Проверяю обновы...
2026-09-15 09:05:54,944 - DEBUG - [global] needs_update: raw → 5.4.1
2026-09-15 09:05:55,970 - DEBUG - [global] needs_update: API failed: HTTPError: 403 Client Error: rate limit exceeded for url: https://api.github.com/repos/StarateJI/L2Mauto/contents/bot/version.txt?ref=main
2026-09-15 09:05:56,961 - DEBUG - [global] needs_update: jsdelivr → 5.2.2
2026-09-15 09:05:56,961 - DEBUG - [global] needs_update: лучший источник raw → 5.4.1 (из 2)
2026-09-15 09:05:56,965 - INFO - [global] needs_update: local=(5, 4, 1) remote=(5, 4, 1) -> has_update=False
2026-09-15 09:05:56,966 - INFO - [global] Установлена последняя версия бота | 5.4.1
2026-09-15 09:06:26,985 - INFO - [global] Проверяю обновы...
2026-09-15 09:06:27,993 - DEBUG - [global] needs_update: raw → 5.4.1
2026-09-15 09:06:28,998 - DEBUG - [global] needs_update: API failed: HTTPError: 403 Client Error: rate limit exceeded for url: https://api.github.com/repos/StarateJI/L2Mauto/contents/bot/version.txt?ref=main
2026-09-15 09:06:30,015 - DEBUG - [global] needs_update: jsdelivr → 5.2.2
2026-09-15 09:06:30,015 - DEBUG - [global] needs_update: лучший источник raw → 5.4.1 (из 2)
2026-09-15 09:06:30,019 - INFO - [global] needs_update: local=(5, 4, 1) remote=(5, 4, 1) -> has_update=False
2026-09-15 09:06:30,021 - INFO - [global] Установлена последняя версия бота | 5.4.1
2026-09-15 09:06:48,767 - INFO - [global] LogUploader: запускаю upload_run_logs...
2026-09-15 09:06:48,769 - DEBUG - [global] log_uploader: START window=periodic made=-1 token=...Rjnfq
2026-09-15 09:06:48,769 - DEBUG - [global] log_uploader: STEP 1 SKIP (no C:\Users\PC\Desktop\L2Mauto\logs\periodic.log)
2026-09-15 09:06:48,770 - DEBUG - [global] log_uploader: STEP 2 SKIP (no PNGs)
2026-09-15 09:06:50,039 - DEBUG - [global] _api_put: GET runs/20260915_090648_fail_global.log -> 404
2026-09-15 09:06:51,953 - DEBUG - [global] _api_put: PUT runs/20260915_090648_fail_global.log -> 201 (21501 bytes)
2026-09-15 09:06:51,957 - DEBUG - [global] log_uploader: STEP 3 (global log) -> https://github.com/StarateJI/L2Mauto/blob/bot-logs/runs/20260915_090648_fail_global.log
2026-09-15 09:06:51,957 - DEBUG - [global] log_uploader: END window=periodic
2026-09-15 09:06:51,957 - INFO - [global] LogUploader: upload_run_logs завершён
2026-09-15 09:07:00,036 - INFO - [global] Проверяю обновы...
2026-09-15 09:07:01,058 - DEBUG - [global] needs_update: raw → 5.4.1
2026-09-15 09:07:02,048 - DEBUG - [global] needs_update: API failed: HTTPError: 403 Client Error: rate limit exceeded for url: https://api.github.com/repos/StarateJI/L2Mauto/contents/bot/version.txt?ref=main
2026-09-15 09:07:03,061 - DEBUG - [global] needs_update: jsdelivr → 5.2.2
2026-09-15 09:07:03,061 - DEBUG - [global] needs_update: лучший источник raw → 5.4.1 (из 2)
2026-09-15 09:07:03,066 - INFO - [global] needs_update: local=(5, 4, 1) remote=(5, 4, 1) -> has_update=False
2026-09-15 09:07:03,067 - INFO - [global] Установлена последняя версия бота | 5.4.1
2026-09-15 09:07:33,085 - INFO - [global] Проверяю обновы...
2026-09-15 09:07:34,103 - DEBUG - [global] needs_update: raw → 5.4.1
2026-09-15 09:07:35,074 - DEBUG - [global] needs_update: API failed: HTTPError: 403 Client Error: rate limit exceeded for url: https://api.github.com/repos/StarateJI/L2Mauto/contents/bot/version.txt?ref=main
2026-09-15 09:07:36,092 - DEBUG - [global] needs_update: jsdelivr → 5.2.2
2026-09-15 09:07:36,093 - DEBUG - [global] needs_update: лучший источник raw → 5.4.1 (из 2)
2026-09-15 09:07:36,098 - INFO - [global] needs_update: local=(5, 4, 1) remote=(5, 4, 1) -> has_update=False
2026-09-15 09:07:36,099 - INFO - [global] Установлена последняя версия бота | 5.4.1
2026-09-15 09:07:51,990 - INFO - [global] LogUploader: запускаю upload_run_logs...
2026-09-15 09:07:51,993 - DEBUG - [global] log_uploader: START window=periodic made=-1 token=...Rjnfq
2026-09-15 09:07:51,993 - DEBUG - [global] log_uploader: STEP 1 SKIP (no C:\Users\PC\Desktop\L2Mauto\logs\periodic.log)
2026-09-15 09:07:51,994 - DEBUG - [global] log_uploader: STEP 2 SKIP (no PNGs)
2026-09-15 09:07:53,251 - DEBUG - [global] _api_put: GET runs/20260915_090751_fail_global.log -> 404
2026-09-15 09:07:55,071 - DEBUG - [global] _api_put: PUT runs/20260915_090751_fail_global.log -> 201 (21501 bytes)
2026-09-15 09:07:55,076 - DEBUG - [global] log_uploader: STEP 3 (global log) -> https://github.com/StarateJI/L2Mauto/blob/bot-logs/runs/20260915_090751_fail_global.log
2026-09-15 09:07:55,076 - DEBUG - [global] log_uploader: END window=periodic
2026-09-15 09:07:55,076 - INFO - [global] LogUploader: upload_run_logs завершён
2026-09-15 09:08:06,116 - INFO - [global] Проверяю обновы...
2026-09-15 09:08:07,107 - DEBUG - [global] needs_update: raw → 5.4.1
2026-09-15 09:08:08,094 - DEBUG - [global] needs_update: API failed: HTTPError: 403 Client Error: rate limit exceeded for url: https://api.github.com/repos/StarateJI/L2Mauto/contents/bot/version.txt?ref=main
2026-09-15 09:08:09,094 - DEBUG - [global] needs_update: jsdelivr → 5.2.2
2026-09-15 09:08:09,094 - DEBUG - [global] needs_update: лучший источник raw → 5.4.1 (из 2)
2026-09-15 09:08:09,097 - INFO - [global] needs_update: local=(5, 4, 1) remote=(5, 4, 1) -> has_update=False
2026-09-15 09:08:09,099 - INFO - [global] Установлена последняя версия бота | 5.4.1
2026-09-15 09:08:39,118 - INFO - [global] Проверяю обновы...
2026-09-15 09:08:40,166 - DEBUG - [global] needs_update: raw → 5.4.1
2026-09-15 09:08:41,159 - DEBUG - [global] needs_update: API failed: HTTPError: 403 Client Error: rate limit exceeded for url: https://api.github.com/repos/StarateJI/L2Mauto/contents/bot/version.txt?ref=main
2026-09-15 09:08:42,163 - DEBUG - [global] needs_update: jsdelivr → 5.2.2
2026-09-15 09:08:42,163 - DEBUG - [global] needs_update: лучший источник raw → 5.4.1 (из 2)
2026-09-15 09:08:42,168 - INFO - [global] needs_update: local=(5, 4, 1) remote=(5, 4, 1) -> has_update=False
2026-09-15 09:08:42,169 - INFO - [global] Установлена последняя версия бота | 5.4.1
2026-09-15 09:08:55,114 - INFO - [global] LogUploader: запускаю upload_run_logs...
2026-09-15 09:08:55,116 - DEBUG - [global] log_uploader: START window=periodic made=-1 token=...Rjnfq
2026-09-15 09:08:55,116 - DEBUG - [global] log_uploader: STEP 1 SKIP (no C:\Users\PC\Desktop\L2Mauto\logs\periodic.log)
2026-09-15 09:08:55,117 - DEBUG - [global] log_uploader: STEP 2 SKIP (no PNGs)
2026-09-15 09:08:56,390 - DEBUG - [global] _api_put: GET runs/20260915_090855_fail_global.log -> 404
2026-09-15 09:08:58,374 - DEBUG - [global] _api_put: PUT runs/20260915_090855_fail_global.log -> 201 (21501 bytes)
2026-09-15 09:08:58,378 - DEBUG - [global] log_uploader: STEP 3 (global log) -> https://github.com/StarateJI/L2Mauto/blob/bot-logs/runs/20260915_090855_fail_global.log
2026-09-15 09:08:58,378 - DEBUG - [global] log_uploader: END window=periodic
2026-09-15 09:08:58,378 - INFO - [global] LogUploader: upload_run_logs завершён
2026-09-15 09:09:12,184 - INFO - [global] Проверяю обновы...
2026-09-15 09:09:13,198 - DEBUG - [global] needs_update: raw → 5.4.1
2026-09-15 09:09:14,184 - DEBUG - [global] needs_update: API failed: HTTPError: 403 Client Error: rate limit exceeded for url: https://api.github.com/repos/StarateJI/L2Mauto/contents/bot/version.txt?ref=main
2026-09-15 09:09:15,200 - DEBUG - [global] needs_update: jsdelivr → 5.2.2
2026-09-15 09:09:15,200 - DEBUG - [global] needs_update: лучший источник raw → 5.4.1 (из 2)
2026-09-15 09:09:15,204 - INFO - [global] needs_update: local=(5, 4, 1) remote=(5, 4, 1) -> has_update=False
2026-09-15 09:09:15,205 - INFO - [global] Установлена последняя версия бота | 5.4.1
2026-09-15 09:09:45,222 - INFO - [global] Проверяю обновы...
2026-09-15 09:09:46,254 - DEBUG - [global] needs_update: raw → 5.4.1
2026-09-15 09:09:47,252 - DEBUG - [global] needs_update: API failed: HTTPError: 403 Client Error: rate limit exceeded for url: https://api.github.com/repos/StarateJI/L2Mauto/contents/bot/version.txt?ref=main
2026-09-15 09:09:48,264 - DEBUG - [global] needs_update: jsdelivr → 5.2.2
2026-09-15 09:09:48,264 - DEBUG - [global] needs_update: лучший источник raw → 5.4.1 (из 2)
2026-09-15 09:09:48,268 - INFO - [global] needs_update: local=(5, 4, 1) remote=(5, 4, 1) -> has_update=False
2026-09-15 09:09:48,269 - INFO - [global] Установлена последняя версия бота | 5.4.1
2026-09-15 09:09:58,407 - INFO - [global] LogUploader: запускаю upload_run_logs...
2026-09-15 09:09:58,410 - DEBUG - [global] log_uploader: START window=periodic made=-1 token=...Rjnfq
2026-09-15 09:09:58,410 - DEBUG - [global] log_uploader: STEP 1 SKIP (no C:\Users\PC\Desktop\L2Mauto\logs\periodic.log)
2026-09-15 09:09:58,411 - DEBUG - [global] log_uploader: STEP 2 SKIP (no PNGs)
