=== Log tail 2026-09-29T18:14:58.106778 | last 200 lines ===
2026-09-29 18:05:47,739 - DEBUG - [global] needs_update: API → 5.13.09
2026-09-29 18:05:47,740 - DEBUG - [global] needs_update: лучший источник raw → 5.13.09 (из 2)
2026-09-29 18:05:47,740 - INFO - [global] needs_update: local=(5, 13, 7) remote=(5, 13, 9) -> has_update=True
2026-09-29 18:05:47,740 - INFO - [global] Доступна обнова! Спавню кнопку
2026-09-29 18:05:49,263 - INFO - [global] LogUploader: запускаю upload_run_logs...
2026-09-29 18:05:49,268 - DEBUG - [global] log_uploader: START window=periodic made=-1 token=...Rjnfq
2026-09-29 18:05:50,452 - DEBUG - [global] _api_put: GET runs/20260929_180549_fail_periodic.log -> 404
2026-09-29 18:05:53,566 - DEBUG - [global] _api_put: PUT runs/20260929_180549_fail_periodic.log -> 201 (19392 bytes)
2026-09-29 18:05:53,568 - DEBUG - [global] log_uploader: STEP 1 (window log) -> https://github.com/StarateJI/L2Mauto/blob/bot-logs/runs/20260929_180549_fail_periodic.log
2026-09-29 18:05:53,569 - DEBUG - [global] log_uploader: STEP 2 SKIP (no PNGs)
2026-09-29 18:05:54,788 - DEBUG - [global] _api_put: GET runs/20260929_180549_fail_global.log -> 404
2026-09-29 18:05:57,199 - DEBUG - [global] _api_put: PUT runs/20260929_180549_fail_global.log -> 201 (20156 bytes)
2026-09-29 18:05:57,202 - DEBUG - [global] log_uploader: STEP 3 (global log) -> https://github.com/StarateJI/L2Mauto/blob/bot-logs/runs/20260929_180549_fail_global.log
2026-09-29 18:05:57,202 - DEBUG - [global] log_uploader: END window=periodic
2026-09-29 18:05:57,202 - INFO - [global] LogUploader: upload_run_logs завершён
2026-09-29 18:06:17,778 - INFO - [global] Проверяю обновы...
2026-09-29 18:06:18,726 - DEBUG - [global] needs_update: raw → 5.13.09
2026-09-29 18:06:18,943 - DEBUG - [global] needs_update: API → 5.13.09
2026-09-29 18:06:18,943 - DEBUG - [global] needs_update: лучший источник raw → 5.13.09 (из 2)
2026-09-29 18:06:18,944 - INFO - [global] needs_update: local=(5, 13, 7) remote=(5, 13, 9) -> has_update=True
2026-09-29 18:06:18,944 - INFO - [global] Доступна обнова! Спавню кнопку
2026-09-29 18:06:48,968 - INFO - [global] Проверяю обновы...
2026-09-29 18:06:50,044 - DEBUG - [global] needs_update: API → 5.13.09
2026-09-29 18:06:50,082 - DEBUG - [global] needs_update: raw → 5.13.09
2026-09-29 18:06:50,082 - DEBUG - [global] needs_update: лучший источник API → 5.13.09 (из 2)
2026-09-29 18:06:50,082 - INFO - [global] needs_update: local=(5, 13, 7) remote=(5, 13, 9) -> has_update=True
2026-09-29 18:06:50,082 - INFO - [global] Доступна обнова! Спавню кнопку
2026-09-29 18:06:57,237 - INFO - [global] LogUploader: запускаю upload_run_logs...
2026-09-29 18:06:57,237 - DEBUG - [global] log_uploader: START window=periodic made=-1 token=...Rjnfq
2026-09-29 18:06:58,314 - DEBUG - [global] _api_put: GET runs/20260929_180657_fail_periodic.log -> 404
2026-09-29 18:07:00,220 - DEBUG - [global] _api_put: PUT runs/20260929_180657_fail_periodic.log -> 201 (19392 bytes)
2026-09-29 18:07:00,221 - DEBUG - [global] log_uploader: STEP 1 (window log) -> https://github.com/StarateJI/L2Mauto/blob/bot-logs/runs/20260929_180657_fail_periodic.log
2026-09-29 18:07:00,221 - DEBUG - [global] log_uploader: STEP 2 SKIP (no PNGs)
2026-09-29 18:07:01,400 - DEBUG - [global] _api_put: GET runs/20260929_180657_fail_global.log -> 404
2026-09-29 18:07:03,757 - DEBUG - [global] _api_put: PUT runs/20260929_180657_fail_global.log -> 201 (20176 bytes)
2026-09-29 18:07:03,760 - DEBUG - [global] log_uploader: STEP 3 (global log) -> https://github.com/StarateJI/L2Mauto/blob/bot-logs/runs/20260929_180657_fail_global.log
2026-09-29 18:07:03,760 - DEBUG - [global] log_uploader: END window=periodic
2026-09-29 18:07:03,760 - INFO - [global] LogUploader: upload_run_logs завершён
2026-09-29 18:07:20,102 - INFO - [global] Проверяю обновы...
2026-09-29 18:07:21,053 - DEBUG - [global] needs_update: raw → 5.13.09
2026-09-29 18:07:21,234 - DEBUG - [global] needs_update: API → 5.13.09
2026-09-29 18:07:21,235 - DEBUG - [global] needs_update: лучший источник raw → 5.13.09 (из 2)
2026-09-29 18:07:21,235 - INFO - [global] needs_update: local=(5, 13, 7) remote=(5, 13, 9) -> has_update=True
2026-09-29 18:07:21,235 - INFO - [global] Доступна обнова! Спавню кнопку
2026-09-29 18:07:51,263 - INFO - [global] Проверяю обновы...
2026-09-29 18:07:52,163 - DEBUG - [global] needs_update: raw → 5.13.09
2026-09-29 18:07:52,437 - DEBUG - [global] needs_update: API → 5.13.09
2026-09-29 18:07:52,437 - DEBUG - [global] needs_update: лучший источник raw → 5.13.09 (из 2)
2026-09-29 18:07:52,437 - INFO - [global] needs_update: local=(5, 13, 7) remote=(5, 13, 9) -> has_update=True
2026-09-29 18:07:52,437 - INFO - [global] Доступна обнова! Спавню кнопку
2026-09-29 18:08:03,817 - INFO - [global] LogUploader: запускаю upload_run_logs...
2026-09-29 18:08:03,817 - DEBUG - [global] log_uploader: START window=periodic made=-1 token=...Rjnfq
2026-09-29 18:08:04,808 - DEBUG - [global] _api_put: GET runs/20260929_180803_fail_periodic.log -> 404
2026-09-29 18:08:07,465 - DEBUG - [global] _api_put: PUT runs/20260929_180803_fail_periodic.log -> 201 (19392 bytes)
2026-09-29 18:08:07,468 - DEBUG - [global] log_uploader: STEP 1 (window log) -> https://github.com/StarateJI/L2Mauto/blob/bot-logs/runs/20260929_180803_fail_periodic.log
2026-09-29 18:08:07,468 - DEBUG - [global] log_uploader: STEP 2 SKIP (no PNGs)
2026-09-29 18:08:08,586 - DEBUG - [global] _api_put: GET runs/20260929_180803_fail_global.log -> 404
2026-09-29 18:08:11,387 - DEBUG - [global] _api_put: PUT runs/20260929_180803_fail_global.log -> 201 (20214 bytes)
2026-09-29 18:08:11,389 - DEBUG - [global] log_uploader: STEP 3 (global log) -> https://github.com/StarateJI/L2Mauto/blob/bot-logs/runs/20260929_180803_fail_global.log
2026-09-29 18:08:11,389 - DEBUG - [global] log_uploader: END window=periodic
2026-09-29 18:08:11,389 - INFO - [global] LogUploader: upload_run_logs завершён
2026-09-29 18:08:22,456 - INFO - [global] Проверяю обновы...
2026-09-29 18:08:23,369 - DEBUG - [global] needs_update: raw → 5.13.09
2026-09-29 18:08:23,548 - DEBUG - [global] needs_update: API → 5.13.09
2026-09-29 18:08:23,548 - DEBUG - [global] needs_update: лучший источник raw → 5.13.09 (из 2)
2026-09-29 18:08:23,548 - INFO - [global] needs_update: local=(5, 13, 7) remote=(5, 13, 9) -> has_update=True
2026-09-29 18:08:23,548 - INFO - [global] Доступна обнова! Спавню кнопку
2026-09-29 18:08:53,625 - INFO - [global] Проверяю обновы...
2026-09-29 18:08:54,640 - DEBUG - [global] needs_update: raw → 5.13.09
2026-09-29 18:08:54,877 - DEBUG - [global] needs_update: API → 5.13.09
2026-09-29 18:08:54,877 - DEBUG - [global] needs_update: лучший источник raw → 5.13.09 (из 2)
2026-09-29 18:08:54,877 - INFO - [global] needs_update: local=(5, 13, 7) remote=(5, 13, 9) -> has_update=True
2026-09-29 18:08:54,877 - INFO - [global] Доступна обнова! Спавню кнопку
2026-09-29 18:09:11,440 - INFO - [global] LogUploader: запускаю upload_run_logs...
2026-09-29 18:09:11,441 - DEBUG - [global] log_uploader: START window=periodic made=-1 token=...Rjnfq
2026-09-29 18:09:12,505 - DEBUG - [global] _api_put: GET runs/20260929_180911_fail_periodic.log -> 404
2026-09-29 18:09:15,209 - DEBUG - [global] _api_put: PUT runs/20260929_180911_fail_periodic.log -> 201 (19392 bytes)
2026-09-29 18:09:15,211 - DEBUG - [global] log_uploader: STEP 1 (window log) -> https://github.com/StarateJI/L2Mauto/blob/bot-logs/runs/20260929_180911_fail_periodic.log
2026-09-29 18:09:15,212 - DEBUG - [global] log_uploader: STEP 2 SKIP (no PNGs)
2026-09-29 18:09:16,488 - DEBUG - [global] _api_put: GET runs/20260929_180911_fail_global.log -> 404
2026-09-29 18:09:20,563 - DEBUG - [global] _api_put: PUT runs/20260929_180911_fail_global.log -> 201 (20214 bytes)
2026-09-29 18:09:20,566 - DEBUG - [global] log_uploader: STEP 3 (global log) -> https://github.com/StarateJI/L2Mauto/blob/bot-logs/runs/20260929_180911_fail_global.log
2026-09-29 18:09:20,566 - DEBUG - [global] log_uploader: END window=periodic
2026-09-29 18:09:20,566 - INFO - [global] LogUploader: upload_run_logs завершён
2026-09-29 18:09:24,916 - INFO - [global] Проверяю обновы...
2026-09-29 18:09:26,028 - DEBUG - [global] needs_update: raw → 5.13.09
2026-09-29 18:09:26,240 - DEBUG - [global] needs_update: API → 5.13.09
2026-09-29 18:09:26,240 - DEBUG - [global] needs_update: лучший источник raw → 5.13.09 (из 2)
2026-09-29 18:09:26,240 - INFO - [global] needs_update: local=(5, 13, 7) remote=(5, 13, 9) -> has_update=True
2026-09-29 18:09:26,240 - INFO - [global] Доступна обнова! Спавню кнопку
2026-09-29 18:09:56,404 - INFO - [global] Проверяю обновы...
2026-09-29 18:09:57,489 - DEBUG - [global] needs_update: raw → 5.13.09
2026-09-29 18:09:57,734 - DEBUG - [global] needs_update: API → 5.13.09
2026-09-29 18:09:57,734 - DEBUG - [global] needs_update: лучший источник raw → 5.13.09 (из 2)
2026-09-29 18:09:57,735 - INFO - [global] needs_update: local=(5, 13, 7) remote=(5, 13, 9) -> has_update=True
2026-09-29 18:09:57,735 - INFO - [global] Доступна обнова! Спавню кнопку
2026-09-29 18:10:20,881 - INFO - [global] LogUploader: запускаю upload_run_logs...
2026-09-29 18:10:20,882 - DEBUG - [global] log_uploader: START window=periodic made=-1 token=...Rjnfq
2026-09-29 18:10:21,942 - DEBUG - [global] _api_put: GET runs/20260929_181020_fail_periodic.log -> 404
2026-09-29 18:10:24,359 - DEBUG - [global] _api_put: PUT runs/20260929_181020_fail_periodic.log -> 201 (19392 bytes)
2026-09-29 18:10:24,362 - DEBUG - [global] log_uploader: STEP 1 (window log) -> https://github.com/StarateJI/L2Mauto/blob/bot-logs/runs/20260929_181020_fail_periodic.log
2026-09-29 18:10:24,363 - DEBUG - [global] log_uploader: STEP 2 SKIP (no PNGs)
2026-09-29 18:10:25,619 - DEBUG - [global] _api_put: GET runs/20260929_181020_fail_global.log -> 404
2026-09-29 18:10:27,795 - INFO - [global] Проверяю обновы...
2026-09-29 18:10:27,992 - DEBUG - [global] _api_put: PUT runs/20260929_181020_fail_global.log -> 201 (20136 bytes)
2026-09-29 18:10:27,994 - DEBUG - [global] log_uploader: STEP 3 (global log) -> https://github.com/StarateJI/L2Mauto/blob/bot-logs/runs/20260929_181020_fail_global.log
2026-09-29 18:10:27,994 - DEBUG - [global] log_uploader: END window=periodic
2026-09-29 18:10:27,994 - INFO - [global] LogUploader: upload_run_logs завершён
2026-09-29 18:10:28,819 - DEBUG - [global] needs_update: raw → 5.13.09
2026-09-29 18:10:29,067 - DEBUG - [global] needs_update: API → 5.13.09
2026-09-29 18:10:29,067 - DEBUG - [global] needs_update: лучший источник raw → 5.13.09 (из 2)
2026-09-29 18:10:29,067 - INFO - [global] needs_update: local=(5, 13, 7) remote=(5, 13, 9) -> has_update=True
2026-09-29 18:10:29,067 - INFO - [global] Доступна обнова! Спавню кнопку
2026-09-29 18:10:59,178 - INFO - [global] Проверяю обновы...
2026-09-29 18:11:00,117 - DEBUG - [global] needs_update: raw → 5.13.09
2026-09-29 18:11:00,394 - DEBUG - [global] needs_update: API → 5.13.09
2026-09-29 18:11:00,395 - DEBUG - [global] needs_update: лучший источник raw → 5.13.09 (из 2)
2026-09-29 18:11:00,395 - INFO - [global] needs_update: local=(5, 13, 7) remote=(5, 13, 9) -> has_update=True
2026-09-29 18:11:00,395 - INFO - [global] Доступна обнова! Спавню кнопку
2026-09-29 18:11:28,091 - INFO - [global] LogUploader: запускаю upload_run_logs...
2026-09-29 18:11:28,091 - DEBUG - [global] log_uploader: START window=periodic made=-1 token=...Rjnfq
2026-09-29 18:11:29,123 - DEBUG - [global] _api_put: GET runs/20260929_181128_fail_periodic.log -> 404
2026-09-29 18:11:30,424 - INFO - [global] Проверяю обновы...
2026-09-29 18:11:31,355 - DEBUG - [global] needs_update: raw → 5.13.09
2026-09-29 18:11:31,587 - DEBUG - [global] needs_update: API → 5.13.09
2026-09-29 18:11:31,594 - DEBUG - [global] needs_update: лучший источник raw → 5.13.09 (из 2)
2026-09-29 18:11:31,594 - INFO - [global] needs_update: local=(5, 13, 7) remote=(5, 13, 9) -> has_update=True
2026-09-29 18:11:31,594 - INFO - [global] Доступна обнова! Спавню кнопку
2026-09-29 18:11:31,814 - DEBUG - [global] _api_put: PUT runs/20260929_181128_fail_periodic.log -> 201 (19392 bytes)
2026-09-29 18:11:31,817 - DEBUG - [global] log_uploader: STEP 1 (window log) -> https://github.com/StarateJI/L2Mauto/blob/bot-logs/runs/20260929_181128_fail_periodic.log
2026-09-29 18:11:31,818 - DEBUG - [global] log_uploader: STEP 2 SKIP (no PNGs)
2026-09-29 18:11:33,168 - DEBUG - [global] _api_put: GET runs/20260929_181128_fail_global.log -> 404
2026-09-29 18:11:36,458 - DEBUG - [global] _api_put: PUT runs/20260929_181128_fail_global.log -> 201 (20061 bytes)
2026-09-29 18:11:36,460 - DEBUG - [global] log_uploader: STEP 3 (global log) -> https://github.com/StarateJI/L2Mauto/blob/bot-logs/runs/20260929_181128_fail_global.log
2026-09-29 18:11:36,460 - DEBUG - [global] log_uploader: END window=periodic
2026-09-29 18:11:36,460 - INFO - [global] LogUploader: upload_run_logs завершён
2026-09-29 18:12:01,642 - INFO - [global] Проверяю обновы...
2026-09-29 18:12:02,576 - DEBUG - [global] needs_update: raw → 5.13.09
2026-09-29 18:12:02,799 - DEBUG - [global] needs_update: API → 5.13.09
2026-09-29 18:12:02,799 - DEBUG - [global] needs_update: лучший источник raw → 5.13.09 (из 2)
2026-09-29 18:12:02,799 - INFO - [global] needs_update: local=(5, 13, 7) remote=(5, 13, 9) -> has_update=True
2026-09-29 18:12:02,800 - INFO - [global] Доступна обнова! Спавню кнопку
2026-09-29 18:12:32,825 - INFO - [global] Проверяю обновы...
2026-09-29 18:12:33,782 - DEBUG - [global] needs_update: raw → 5.13.09
2026-09-29 18:12:33,982 - DEBUG - [global] needs_update: API → 5.13.09
2026-09-29 18:12:33,983 - DEBUG - [global] needs_update: лучший источник raw → 5.13.09 (из 2)
2026-09-29 18:12:33,983 - INFO - [global] needs_update: local=(5, 13, 7) remote=(5, 13, 9) -> has_update=True
2026-09-29 18:12:33,983 - INFO - [global] Доступна обнова! Спавню кнопку
2026-09-29 18:12:36,531 - INFO - [global] LogUploader: запускаю upload_run_logs...
2026-09-29 18:12:36,531 - DEBUG - [global] log_uploader: START window=periodic made=-1 token=...Rjnfq
2026-09-29 18:12:37,562 - DEBUG - [global] _api_put: GET runs/20260929_181236_fail_periodic.log -> 404
2026-09-29 18:12:40,183 - DEBUG - [global] _api_put: PUT runs/20260929_181236_fail_periodic.log -> 201 (19392 bytes)
2026-09-29 18:12:40,186 - DEBUG - [global] log_uploader: STEP 1 (window log) -> https://github.com/StarateJI/L2Mauto/blob/bot-logs/runs/20260929_181236_fail_periodic.log
2026-09-29 18:12:40,191 - DEBUG - [global] log_uploader: STEP 2 SKIP (no PNGs)
2026-09-29 18:12:41,511 - DEBUG - [global] _api_put: GET runs/20260929_181236_fail_global.log -> 404
2026-09-29 18:12:44,952 - DEBUG - [global] _api_put: PUT runs/20260929_181236_fail_global.log -> 201 (20061 bytes)
2026-09-29 18:12:44,955 - DEBUG - [global] log_uploader: STEP 3 (global log) -> https://github.com/StarateJI/L2Mauto/blob/bot-logs/runs/20260929_181236_fail_global.log
2026-09-29 18:12:44,955 - DEBUG - [global] log_uploader: END window=periodic
2026-09-29 18:12:44,956 - INFO - [global] LogUploader: upload_run_logs завершён
2026-09-29 18:13:04,257 - INFO - [global] Проверяю обновы...
2026-09-29 18:13:05,251 - DEBUG - [global] needs_update: raw → 5.13.09
2026-09-29 18:13:05,462 - DEBUG - [global] needs_update: API → 5.13.09
2026-09-29 18:13:05,463 - DEBUG - [global] needs_update: лучший источник raw → 5.13.09 (из 2)
2026-09-29 18:13:05,463 - INFO - [global] needs_update: local=(5, 13, 7) remote=(5, 13, 9) -> has_update=True
2026-09-29 18:13:05,463 - INFO - [global] Доступна обнова! Спавню кнопку
2026-09-29 18:13:35,488 - INFO - [global] Проверяю обновы...
2026-09-29 18:13:36,465 - DEBUG - [global] needs_update: raw → 5.13.09
2026-09-29 18:13:36,670 - DEBUG - [global] needs_update: API → 5.13.09
2026-09-29 18:13:36,670 - DEBUG - [global] needs_update: лучший источник raw → 5.13.09 (из 2)
2026-09-29 18:13:36,671 - INFO - [global] needs_update: local=(5, 13, 7) remote=(5, 13, 9) -> has_update=True
2026-09-29 18:13:36,671 - INFO - [global] Доступна обнова! Спавню кнопку
2026-09-29 18:13:45,090 - INFO - [global] LogUploader: запускаю upload_run_logs...
2026-09-29 18:13:45,091 - DEBUG - [global] log_uploader: START window=periodic made=-1 token=...Rjnfq
2026-09-29 18:13:46,204 - DEBUG - [global] _api_put: GET runs/20260929_181345_fail_periodic.log -> 404
2026-09-29 18:13:48,629 - DEBUG - [global] _api_put: PUT runs/20260929_181345_fail_periodic.log -> 201 (19392 bytes)
2026-09-29 18:13:48,631 - DEBUG - [global] log_uploader: STEP 1 (window log) -> https://github.com/StarateJI/L2Mauto/blob/bot-logs/runs/20260929_181345_fail_periodic.log
2026-09-29 18:13:48,632 - DEBUG - [global] log_uploader: STEP 2 SKIP (no PNGs)
2026-09-29 18:13:49,965 - DEBUG - [global] _api_put: GET runs/20260929_181345_fail_global.log -> 404
2026-09-29 18:13:52,431 - DEBUG - [global] _api_put: PUT runs/20260929_181345_fail_global.log -> 201 (19974 bytes)
2026-09-29 18:13:52,434 - DEBUG - [global] log_uploader: STEP 3 (global log) -> https://github.com/StarateJI/L2Mauto/blob/bot-logs/runs/20260929_181345_fail_global.log
2026-09-29 18:13:52,434 - DEBUG - [global] log_uploader: END window=periodic
2026-09-29 18:13:52,434 - INFO - [global] LogUploader: upload_run_logs завершён
2026-09-29 18:14:06,709 - INFO - [global] Проверяю обновы...
2026-09-29 18:14:07,731 - DEBUG - [global] needs_update: raw → 5.13.09
2026-09-29 18:14:07,858 - DEBUG - [global] needs_update: API → 5.13.09
2026-09-29 18:14:07,859 - DEBUG - [global] needs_update: лучший источник raw → 5.13.09 (из 2)
2026-09-29 18:14:07,859 - INFO - [global] needs_update: local=(5, 13, 7) remote=(5, 13, 9) -> has_update=True
2026-09-29 18:14:07,859 - INFO - [global] Доступна обнова! Спавню кнопку
2026-09-29 18:14:37,907 - INFO - [global] Проверяю обновы...
2026-09-29 18:14:38,888 - DEBUG - [global] needs_update: raw → 5.13.09
2026-09-29 18:14:39,253 - DEBUG - [global] needs_update: API → 5.13.09
2026-09-29 18:14:39,253 - DEBUG - [global] needs_update: лучший источник raw → 5.13.09 (из 2)
2026-09-29 18:14:39,253 - INFO - [global] needs_update: local=(5, 13, 7) remote=(5, 13, 9) -> has_update=True
2026-09-29 18:14:39,253 - INFO - [global] Доступна обнова! Спавню кнопку
2026-09-29 18:14:52,612 - INFO - [global] LogUploader: запускаю upload_run_logs...
2026-09-29 18:14:52,615 - DEBUG - [global] log_uploader: START window=periodic made=-1 token=...Rjnfq
2026-09-29 18:14:54,178 - DEBUG - [global] _api_put: GET runs/20260929_181452_fail_periodic.log -> 404
2026-09-29 18:14:57,903 - DEBUG - [global] _api_put: PUT runs/20260929_181452_fail_periodic.log -> 201 (19392 bytes)
2026-09-29 18:14:57,907 - DEBUG - [global] log_uploader: STEP 1 (window log) -> https://github.com/StarateJI/L2Mauto/blob/bot-logs/runs/20260929_181452_fail_periodic.log
2026-09-29 18:14:57,907 - DEBUG - [global] log_uploader: STEP 2 SKIP (no PNGs)
