=== Log tail 2026-09-27T05:29:04.830963 | last 200 lines ===
2026-09-27 05:20:07,431 - DEBUG - [global] needs_update: API → 5.13.09
2026-09-27 05:20:07,431 - DEBUG - [global] needs_update: лучший источник raw → 5.13.09 (из 2)
2026-09-27 05:20:07,431 - INFO - [global] needs_update: local=(5, 13, 7) remote=(5, 13, 9) -> has_update=True
2026-09-27 05:20:07,431 - INFO - [global] Доступна обнова! Спавню кнопку
2026-09-27 05:20:13,533 - INFO - [global] LogUploader: запускаю upload_run_logs...
2026-09-27 05:20:13,534 - DEBUG - [global] log_uploader: START window=periodic made=-1 token=...Rjnfq
2026-09-27 05:20:14,507 - DEBUG - [global] _api_put: GET runs/20260927_052013_fail_periodic.log -> 404
2026-09-27 05:20:16,541 - DEBUG - [global] _api_put: PUT runs/20260927_052013_fail_periodic.log -> 201 (11793 bytes)
2026-09-27 05:20:16,543 - DEBUG - [global] log_uploader: STEP 1 (window log) -> https://github.com/StarateJI/L2Mauto/blob/bot-logs/runs/20260927_052013_fail_periodic.log
2026-09-27 05:20:16,544 - DEBUG - [global] log_uploader: STEP 2 SKIP (no PNGs)
2026-09-27 05:20:17,643 - DEBUG - [global] _api_put: GET runs/20260927_052013_fail_global.log -> 404
2026-09-27 05:20:19,460 - DEBUG - [global] _api_put: PUT runs/20260927_052013_fail_global.log -> 201 (20019 bytes)
2026-09-27 05:20:19,462 - DEBUG - [global] log_uploader: STEP 3 (global log) -> https://github.com/StarateJI/L2Mauto/blob/bot-logs/runs/20260927_052013_fail_global.log
2026-09-27 05:20:19,462 - DEBUG - [global] log_uploader: END window=periodic
2026-09-27 05:20:19,462 - INFO - [global] LogUploader: upload_run_logs завершён
2026-09-27 05:20:37,452 - INFO - [global] Проверяю обновы...
2026-09-27 05:20:38,331 - DEBUG - [global] needs_update: raw → 5.13.09
2026-09-27 05:20:38,624 - DEBUG - [global] needs_update: API → 5.13.09
2026-09-27 05:20:38,624 - DEBUG - [global] needs_update: лучший источник raw → 5.13.09 (из 2)
2026-09-27 05:20:38,624 - INFO - [global] needs_update: local=(5, 13, 7) remote=(5, 13, 9) -> has_update=True
2026-09-27 05:20:38,624 - INFO - [global] Доступна обнова! Спавню кнопку
2026-09-27 05:21:08,646 - INFO - [global] Проверяю обновы...
2026-09-27 05:21:09,517 - DEBUG - [global] needs_update: raw → 5.13.09
2026-09-27 05:21:09,725 - DEBUG - [global] needs_update: API → 5.13.09
2026-09-27 05:21:09,726 - DEBUG - [global] needs_update: лучший источник raw → 5.13.09 (из 2)
2026-09-27 05:21:09,726 - INFO - [global] needs_update: local=(5, 13, 7) remote=(5, 13, 9) -> has_update=True
2026-09-27 05:21:09,726 - INFO - [global] Доступна обнова! Спавню кнопку
2026-09-27 05:21:19,497 - INFO - [global] LogUploader: запускаю upload_run_logs...
2026-09-27 05:21:19,499 - DEBUG - [global] log_uploader: START window=periodic made=-1 token=...Rjnfq
2026-09-27 05:21:20,484 - DEBUG - [global] _api_put: GET runs/20260927_052119_fail_periodic.log -> 404
2026-09-27 05:21:22,398 - DEBUG - [global] _api_put: PUT runs/20260927_052119_fail_periodic.log -> 201 (11793 bytes)
2026-09-27 05:21:22,400 - DEBUG - [global] log_uploader: STEP 1 (window log) -> https://github.com/StarateJI/L2Mauto/blob/bot-logs/runs/20260927_052119_fail_periodic.log
2026-09-27 05:21:22,400 - DEBUG - [global] log_uploader: STEP 2 SKIP (no PNGs)
2026-09-27 05:21:23,486 - DEBUG - [global] _api_put: GET runs/20260927_052119_fail_global.log -> 404
2026-09-27 05:21:25,392 - DEBUG - [global] _api_put: PUT runs/20260927_052119_fail_global.log -> 201 (20019 bytes)
2026-09-27 05:21:25,394 - DEBUG - [global] log_uploader: STEP 3 (global log) -> https://github.com/StarateJI/L2Mauto/blob/bot-logs/runs/20260927_052119_fail_global.log
2026-09-27 05:21:25,395 - DEBUG - [global] log_uploader: END window=periodic
2026-09-27 05:21:25,395 - INFO - [global] LogUploader: upload_run_logs завершён
2026-09-27 05:21:39,745 - INFO - [global] Проверяю обновы...
2026-09-27 05:21:40,618 - DEBUG - [global] needs_update: raw → 5.13.09
2026-09-27 05:21:40,837 - DEBUG - [global] needs_update: API → 5.13.09
2026-09-27 05:21:40,837 - DEBUG - [global] needs_update: лучший источник raw → 5.13.09 (из 2)
2026-09-27 05:21:40,838 - INFO - [global] needs_update: local=(5, 13, 7) remote=(5, 13, 9) -> has_update=True
2026-09-27 05:21:40,838 - INFO - [global] Доступна обнова! Спавню кнопку
2026-09-27 05:22:10,854 - INFO - [global] Проверяю обновы...
2026-09-27 05:22:11,750 - DEBUG - [global] needs_update: raw → 5.13.09
2026-09-27 05:22:11,900 - DEBUG - [global] needs_update: API → 5.13.09
2026-09-27 05:22:11,901 - DEBUG - [global] needs_update: лучший источник raw → 5.13.09 (из 2)
2026-09-27 05:22:11,901 - INFO - [global] needs_update: local=(5, 13, 7) remote=(5, 13, 9) -> has_update=True
2026-09-27 05:22:11,901 - INFO - [global] Доступна обнова! Спавню кнопку
2026-09-27 05:22:25,427 - INFO - [global] LogUploader: запускаю upload_run_logs...
2026-09-27 05:22:25,428 - DEBUG - [global] log_uploader: START window=periodic made=-1 token=...Rjnfq
2026-09-27 05:22:26,369 - DEBUG - [global] _api_put: GET runs/20260927_052225_fail_periodic.log -> 404
2026-09-27 05:22:28,023 - DEBUG - [global] _api_put: PUT runs/20260927_052225_fail_periodic.log -> 201 (11793 bytes)
2026-09-27 05:22:28,024 - DEBUG - [global] log_uploader: STEP 1 (window log) -> https://github.com/StarateJI/L2Mauto/blob/bot-logs/runs/20260927_052225_fail_periodic.log
2026-09-27 05:22:28,024 - DEBUG - [global] log_uploader: STEP 2 SKIP (no PNGs)
2026-09-27 05:22:29,121 - DEBUG - [global] _api_put: GET runs/20260927_052225_fail_global.log -> 404
2026-09-27 05:22:31,658 - DEBUG - [global] _api_put: PUT runs/20260927_052225_fail_global.log -> 201 (20019 bytes)
2026-09-27 05:22:31,661 - DEBUG - [global] log_uploader: STEP 3 (global log) -> https://github.com/StarateJI/L2Mauto/blob/bot-logs/runs/20260927_052225_fail_global.log
2026-09-27 05:22:31,661 - DEBUG - [global] log_uploader: END window=periodic
2026-09-27 05:22:31,661 - INFO - [global] LogUploader: upload_run_logs завершён
2026-09-27 05:22:41,918 - INFO - [global] Проверяю обновы...
2026-09-27 05:22:42,788 - DEBUG - [global] needs_update: raw → 5.13.09
2026-09-27 05:22:43,052 - DEBUG - [global] needs_update: API → 5.13.09
2026-09-27 05:22:43,053 - DEBUG - [global] needs_update: лучший источник raw → 5.13.09 (из 2)
2026-09-27 05:22:43,053 - INFO - [global] needs_update: local=(5, 13, 7) remote=(5, 13, 9) -> has_update=True
2026-09-27 05:22:43,054 - INFO - [global] Доступна обнова! Спавню кнопку
2026-09-27 05:23:13,073 - INFO - [global] Проверяю обновы...
2026-09-27 05:23:14,114 - DEBUG - [global] needs_update: raw → 5.13.09
2026-09-27 05:23:14,193 - DEBUG - [global] needs_update: API → 5.13.09
2026-09-27 05:23:14,193 - DEBUG - [global] needs_update: лучший источник raw → 5.13.09 (из 2)
2026-09-27 05:23:14,194 - INFO - [global] needs_update: local=(5, 13, 7) remote=(5, 13, 9) -> has_update=True
2026-09-27 05:23:14,194 - INFO - [global] Доступна обнова! Спавню кнопку
2026-09-27 05:23:31,692 - INFO - [global] LogUploader: запускаю upload_run_logs...
2026-09-27 05:23:31,693 - DEBUG - [global] log_uploader: START window=periodic made=-1 token=...Rjnfq
2026-09-27 05:23:32,623 - DEBUG - [global] _api_put: GET runs/20260927_052331_fail_periodic.log -> 404
2026-09-27 05:23:34,578 - DEBUG - [global] _api_put: PUT runs/20260927_052331_fail_periodic.log -> 201 (11793 bytes)
2026-09-27 05:23:34,579 - DEBUG - [global] log_uploader: STEP 1 (window log) -> https://github.com/StarateJI/L2Mauto/blob/bot-logs/runs/20260927_052331_fail_periodic.log
2026-09-27 05:23:34,580 - DEBUG - [global] log_uploader: STEP 2 SKIP (no PNGs)
2026-09-27 05:23:35,597 - DEBUG - [global] _api_put: GET runs/20260927_052331_fail_global.log -> 404
2026-09-27 05:23:37,657 - DEBUG - [global] _api_put: PUT runs/20260927_052331_fail_global.log -> 201 (20019 bytes)
2026-09-27 05:23:37,660 - DEBUG - [global] log_uploader: STEP 3 (global log) -> https://github.com/StarateJI/L2Mauto/blob/bot-logs/runs/20260927_052331_fail_global.log
2026-09-27 05:23:37,660 - DEBUG - [global] log_uploader: END window=periodic
2026-09-27 05:23:37,660 - INFO - [global] LogUploader: upload_run_logs завершён
2026-09-27 05:23:44,207 - INFO - [global] Проверяю обновы...
2026-09-27 05:23:45,084 - DEBUG - [global] needs_update: raw → 5.13.09
2026-09-27 05:23:45,306 - DEBUG - [global] needs_update: API → 5.13.09
2026-09-27 05:23:45,307 - DEBUG - [global] needs_update: лучший источник raw → 5.13.09 (из 2)
2026-09-27 05:23:45,307 - INFO - [global] needs_update: local=(5, 13, 7) remote=(5, 13, 9) -> has_update=True
2026-09-27 05:23:45,307 - INFO - [global] Доступна обнова! Спавню кнопку
2026-09-27 05:24:15,328 - INFO - [global] Проверяю обновы...
2026-09-27 05:24:16,191 - DEBUG - [global] needs_update: raw → 5.13.09
2026-09-27 05:24:16,391 - DEBUG - [global] needs_update: API → 5.13.09
2026-09-27 05:24:16,391 - DEBUG - [global] needs_update: лучший источник raw → 5.13.09 (из 2)
2026-09-27 05:24:16,392 - INFO - [global] needs_update: local=(5, 13, 7) remote=(5, 13, 9) -> has_update=True
2026-09-27 05:24:16,392 - INFO - [global] Доступна обнова! Спавню кнопку
2026-09-27 05:24:37,691 - INFO - [global] LogUploader: запускаю upload_run_logs...
2026-09-27 05:24:37,693 - DEBUG - [global] log_uploader: START window=periodic made=-1 token=...Rjnfq
2026-09-27 05:24:38,604 - DEBUG - [global] _api_put: GET runs/20260927_052437_fail_periodic.log -> 404
2026-09-27 05:24:40,679 - DEBUG - [global] _api_put: PUT runs/20260927_052437_fail_periodic.log -> 201 (11793 bytes)
2026-09-27 05:24:40,681 - DEBUG - [global] log_uploader: STEP 1 (window log) -> https://github.com/StarateJI/L2Mauto/blob/bot-logs/runs/20260927_052437_fail_periodic.log
2026-09-27 05:24:40,681 - DEBUG - [global] log_uploader: STEP 2 SKIP (no PNGs)
2026-09-27 05:24:41,748 - DEBUG - [global] _api_put: GET runs/20260927_052437_fail_global.log -> 404
2026-09-27 05:24:43,576 - DEBUG - [global] _api_put: PUT runs/20260927_052437_fail_global.log -> 201 (20019 bytes)
2026-09-27 05:24:43,578 - DEBUG - [global] log_uploader: STEP 3 (global log) -> https://github.com/StarateJI/L2Mauto/blob/bot-logs/runs/20260927_052437_fail_global.log
2026-09-27 05:24:43,579 - DEBUG - [global] log_uploader: END window=periodic
2026-09-27 05:24:43,579 - INFO - [global] LogUploader: upload_run_logs завершён
2026-09-27 05:24:46,409 - INFO - [global] Проверяю обновы...
2026-09-27 05:24:47,281 - DEBUG - [global] needs_update: raw → 5.13.09
2026-09-27 05:24:47,484 - DEBUG - [global] needs_update: API → 5.13.09
2026-09-27 05:24:47,484 - DEBUG - [global] needs_update: лучший источник raw → 5.13.09 (из 2)
2026-09-27 05:24:47,484 - INFO - [global] needs_update: local=(5, 13, 7) remote=(5, 13, 9) -> has_update=True
2026-09-27 05:24:47,484 - INFO - [global] Доступна обнова! Спавню кнопку
2026-09-27 05:25:17,501 - INFO - [global] Проверяю обновы...
2026-09-27 05:25:18,386 - DEBUG - [global] needs_update: raw → 5.13.09
2026-09-27 05:25:18,568 - DEBUG - [global] needs_update: API → 5.13.09
2026-09-27 05:25:18,568 - DEBUG - [global] needs_update: лучший источник raw → 5.13.09 (из 2)
2026-09-27 05:25:18,568 - INFO - [global] needs_update: local=(5, 13, 7) remote=(5, 13, 9) -> has_update=True
2026-09-27 05:25:18,569 - INFO - [global] Доступна обнова! Спавню кнопку
2026-09-27 05:25:43,617 - INFO - [global] LogUploader: запускаю upload_run_logs...
2026-09-27 05:25:43,617 - DEBUG - [global] log_uploader: START window=periodic made=-1 token=...Rjnfq
2026-09-27 05:25:44,618 - DEBUG - [global] _api_put: GET runs/20260927_052543_fail_periodic.log -> 404
2026-09-27 05:25:46,415 - DEBUG - [global] _api_put: PUT runs/20260927_052543_fail_periodic.log -> 201 (11793 bytes)
2026-09-27 05:25:46,419 - DEBUG - [global] log_uploader: STEP 1 (window log) -> https://github.com/StarateJI/L2Mauto/blob/bot-logs/runs/20260927_052543_fail_periodic.log
2026-09-27 05:25:46,419 - DEBUG - [global] log_uploader: STEP 2 SKIP (no PNGs)
2026-09-27 05:25:47,449 - DEBUG - [global] _api_put: GET runs/20260927_052543_fail_global.log -> 404
2026-09-27 05:25:48,584 - INFO - [global] Проверяю обновы...
2026-09-27 05:25:49,269 - DEBUG - [global] _api_put: PUT runs/20260927_052543_fail_global.log -> 201 (20019 bytes)
2026-09-27 05:25:49,271 - DEBUG - [global] log_uploader: STEP 3 (global log) -> https://github.com/StarateJI/L2Mauto/blob/bot-logs/runs/20260927_052543_fail_global.log
2026-09-27 05:25:49,272 - DEBUG - [global] log_uploader: END window=periodic
2026-09-27 05:25:49,272 - INFO - [global] LogUploader: upload_run_logs завершён
2026-09-27 05:25:49,524 - DEBUG - [global] needs_update: raw → 5.13.09
2026-09-27 05:25:49,722 - DEBUG - [global] needs_update: API → 5.13.09
2026-09-27 05:25:49,723 - DEBUG - [global] needs_update: лучший источник raw → 5.13.09 (из 2)
2026-09-27 05:25:49,723 - INFO - [global] needs_update: local=(5, 13, 7) remote=(5, 13, 9) -> has_update=True
2026-09-27 05:25:49,723 - INFO - [global] Доступна обнова! Спавню кнопку
2026-09-27 05:26:19,741 - INFO - [global] Проверяю обновы...
2026-09-27 05:26:20,691 - DEBUG - [global] needs_update: raw → 5.13.09
2026-09-27 05:26:20,915 - DEBUG - [global] needs_update: API → 5.13.09
2026-09-27 05:26:20,916 - DEBUG - [global] needs_update: лучший источник raw → 5.13.09 (из 2)
2026-09-27 05:26:20,916 - INFO - [global] needs_update: local=(5, 13, 7) remote=(5, 13, 9) -> has_update=True
2026-09-27 05:26:20,916 - INFO - [global] Доступна обнова! Спавню кнопку
2026-09-27 05:26:49,304 - INFO - [global] LogUploader: запускаю upload_run_logs...
2026-09-27 05:26:49,305 - DEBUG - [global] log_uploader: START window=periodic made=-1 token=...Rjnfq
2026-09-27 05:26:50,392 - DEBUG - [global] _api_put: GET runs/20260927_052649_fail_periodic.log -> 404
2026-09-27 05:26:50,932 - INFO - [global] Проверяю обновы...
2026-09-27 05:26:51,878 - DEBUG - [global] needs_update: raw → 5.13.09
2026-09-27 05:26:52,061 - DEBUG - [global] needs_update: API → 5.13.09
2026-09-27 05:26:52,061 - DEBUG - [global] needs_update: лучший источник raw → 5.13.09 (из 2)
2026-09-27 05:26:52,061 - INFO - [global] needs_update: local=(5, 13, 7) remote=(5, 13, 9) -> has_update=True
2026-09-27 05:26:52,061 - INFO - [global] Доступна обнова! Спавню кнопку
2026-09-27 05:26:52,205 - DEBUG - [global] _api_put: PUT runs/20260927_052649_fail_periodic.log -> 201 (11793 bytes)
2026-09-27 05:26:52,208 - DEBUG - [global] log_uploader: STEP 1 (window log) -> https://github.com/StarateJI/L2Mauto/blob/bot-logs/runs/20260927_052649_fail_periodic.log
2026-09-27 05:26:52,209 - DEBUG - [global] log_uploader: STEP 2 SKIP (no PNGs)
2026-09-27 05:26:53,275 - DEBUG - [global] _api_put: GET runs/20260927_052649_fail_global.log -> 404
2026-09-27 05:26:55,279 - DEBUG - [global] _api_put: PUT runs/20260927_052649_fail_global.log -> 201 (19974 bytes)
2026-09-27 05:26:55,282 - DEBUG - [global] log_uploader: STEP 3 (global log) -> https://github.com/StarateJI/L2Mauto/blob/bot-logs/runs/20260927_052649_fail_global.log
2026-09-27 05:26:55,282 - DEBUG - [global] log_uploader: END window=periodic
2026-09-27 05:26:55,282 - INFO - [global] LogUploader: upload_run_logs завершён
2026-09-27 05:27:22,083 - INFO - [global] Проверяю обновы...
2026-09-27 05:27:23,029 - DEBUG - [global] needs_update: raw → 5.13.09
2026-09-27 05:27:23,185 - DEBUG - [global] needs_update: API → 5.13.09
2026-09-27 05:27:23,185 - DEBUG - [global] needs_update: лучший источник raw → 5.13.09 (из 2)
2026-09-27 05:27:23,185 - INFO - [global] needs_update: local=(5, 13, 7) remote=(5, 13, 9) -> has_update=True
2026-09-27 05:27:23,185 - INFO - [global] Доступна обнова! Спавню кнопку
2026-09-27 05:27:53,201 - INFO - [global] Проверяю обновы...
2026-09-27 05:27:54,140 - DEBUG - [global] needs_update: raw → 5.13.09
2026-09-27 05:27:54,417 - DEBUG - [global] needs_update: API → 5.13.09
2026-09-27 05:27:54,417 - DEBUG - [global] needs_update: лучший источник raw → 5.13.09 (из 2)
2026-09-27 05:27:54,418 - INFO - [global] needs_update: local=(5, 13, 7) remote=(5, 13, 9) -> has_update=True
2026-09-27 05:27:54,418 - INFO - [global] Доступна обнова! Спавню кнопку
2026-09-27 05:27:55,313 - INFO - [global] LogUploader: запускаю upload_run_logs...
2026-09-27 05:27:55,314 - DEBUG - [global] log_uploader: START window=periodic made=-1 token=...Rjnfq
2026-09-27 05:27:56,350 - DEBUG - [global] _api_put: GET runs/20260927_052755_fail_periodic.log -> 404
2026-09-27 05:27:58,519 - DEBUG - [global] _api_put: PUT runs/20260927_052755_fail_periodic.log -> 201 (11793 bytes)
2026-09-27 05:27:58,522 - DEBUG - [global] log_uploader: STEP 1 (window log) -> https://github.com/StarateJI/L2Mauto/blob/bot-logs/runs/20260927_052755_fail_periodic.log
2026-09-27 05:27:58,523 - DEBUG - [global] log_uploader: STEP 2 SKIP (no PNGs)
2026-09-27 05:27:59,607 - DEBUG - [global] _api_put: GET runs/20260927_052755_fail_global.log -> 404
2026-09-27 05:28:01,855 - DEBUG - [global] _api_put: PUT runs/20260927_052755_fail_global.log -> 201 (20019 bytes)
2026-09-27 05:28:01,857 - DEBUG - [global] log_uploader: STEP 3 (global log) -> https://github.com/StarateJI/L2Mauto/blob/bot-logs/runs/20260927_052755_fail_global.log
2026-09-27 05:28:01,857 - DEBUG - [global] log_uploader: END window=periodic
2026-09-27 05:28:01,857 - INFO - [global] LogUploader: upload_run_logs завершён
2026-09-27 05:28:24,436 - INFO - [global] Проверяю обновы...
2026-09-27 05:28:25,606 - DEBUG - [global] needs_update: API → 5.13.09
2026-09-27 05:28:25,694 - DEBUG - [global] needs_update: raw → 5.13.09
2026-09-27 05:28:25,694 - DEBUG - [global] needs_update: лучший источник API → 5.13.09 (из 2)
2026-09-27 05:28:25,694 - INFO - [global] needs_update: local=(5, 13, 7) remote=(5, 13, 9) -> has_update=True
2026-09-27 05:28:25,694 - INFO - [global] Доступна обнова! Спавню кнопку
2026-09-27 05:28:55,710 - INFO - [global] Проверяю обновы...
2026-09-27 05:28:56,581 - DEBUG - [global] needs_update: raw → 5.13.09
2026-09-27 05:28:56,869 - DEBUG - [global] needs_update: API → 5.13.09
2026-09-27 05:28:56,869 - DEBUG - [global] needs_update: лучший источник raw → 5.13.09 (из 2)
2026-09-27 05:28:56,870 - INFO - [global] needs_update: local=(5, 13, 7) remote=(5, 13, 9) -> has_update=True
2026-09-27 05:28:56,870 - INFO - [global] Доступна обнова! Спавню кнопку
2026-09-27 05:29:01,893 - INFO - [global] LogUploader: запускаю upload_run_logs...
2026-09-27 05:29:01,894 - DEBUG - [global] log_uploader: START window=periodic made=-1 token=...Rjnfq
2026-09-27 05:29:02,863 - DEBUG - [global] _api_put: GET runs/20260927_052901_fail_periodic.log -> 404
2026-09-27 05:29:04,766 - DEBUG - [global] _api_put: PUT runs/20260927_052901_fail_periodic.log -> 201 (11793 bytes)
2026-09-27 05:29:04,769 - DEBUG - [global] log_uploader: STEP 1 (window log) -> https://github.com/StarateJI/L2Mauto/blob/bot-logs/runs/20260927_052901_fail_periodic.log
2026-09-27 05:29:04,769 - DEBUG - [global] log_uploader: STEP 2 SKIP (no PNGs)
