=== Log tail 2026-09-17T01:32:09.299612 | last 200 lines ===
2026-09-17 01:23:31,223 - DEBUG - [global] _api_put: GET runs/20260917_012327_fail_global.log -> 404
2026-09-17 01:23:32,878 - DEBUG - [global] _api_put: PUT runs/20260917_012327_fail_global.log -> 201 (19621 bytes)
2026-09-17 01:23:32,880 - DEBUG - [global] log_uploader: STEP 3 (global log) -> https://github.com/StarateJI/L2Mauto/blob/bot-logs/runs/20260917_012327_fail_global.log
2026-09-17 01:23:32,880 - DEBUG - [global] log_uploader: END window=periodic
2026-09-17 01:23:32,880 - INFO - [global] LogUploader: upload_run_logs завершён
2026-09-17 01:23:51,546 - INFO - [global] Проверяю обновы...
2026-09-17 01:23:52,206 - DEBUG - [global] needs_update: raw → 5.9.0
2026-09-17 01:23:53,052 - DEBUG - [global] needs_update: API GitHub → 5.9.0
2026-09-17 01:23:53,612 - DEBUG - [global] needs_update: jsdelivr → 5.9.0
2026-09-17 01:23:53,612 - DEBUG - [global] needs_update: лучший источник raw → 5.9.0 (из 3)
2026-09-17 01:23:53,614 - INFO - [global] needs_update: local=(5, 8, 2) remote=(5, 9, 0) -> has_update=True
2026-09-17 01:23:53,614 - INFO - [global] Доступна обнова! Спавню кнопку
2026-09-17 01:24:23,630 - INFO - [global] Проверяю обновы...
2026-09-17 01:24:24,255 - DEBUG - [global] needs_update: raw → 5.9.0
2026-09-17 01:24:25,054 - DEBUG - [global] needs_update: API GitHub → 5.9.0
2026-09-17 01:24:25,609 - DEBUG - [global] needs_update: jsdelivr → 5.9.0
2026-09-17 01:24:25,609 - DEBUG - [global] needs_update: лучший источник raw → 5.9.0 (из 3)
2026-09-17 01:24:25,611 - INFO - [global] needs_update: local=(5, 8, 2) remote=(5, 9, 0) -> has_update=True
2026-09-17 01:24:25,611 - INFO - [global] Доступна обнова! Спавню кнопку
2026-09-17 01:24:32,909 - INFO - [global] LogUploader: запускаю upload_run_logs...
2026-09-17 01:24:32,909 - DEBUG - [global] log_uploader: START window=periodic made=-1 token=...Rjnfq
2026-09-17 01:24:33,759 - DEBUG - [global] _api_put: GET runs/20260917_012432_fail_periodic.log -> 404
2026-09-17 01:24:35,121 - DEBUG - [global] _api_put: PUT runs/20260917_012432_fail_periodic.log -> 201 (10182 bytes)
2026-09-17 01:24:35,125 - DEBUG - [global] log_uploader: STEP 1 (window log) -> https://github.com/StarateJI/L2Mauto/blob/bot-logs/runs/20260917_012432_fail_periodic.log
2026-09-17 01:24:35,126 - DEBUG - [global] log_uploader: STEP 2 SKIP (no PNGs)
2026-09-17 01:24:36,141 - DEBUG - [global] _api_put: GET runs/20260917_012432_fail_global.log -> 404
2026-09-17 01:24:37,731 - DEBUG - [global] _api_put: PUT runs/20260917_012432_fail_global.log -> 201 (19621 bytes)
2026-09-17 01:24:37,733 - DEBUG - [global] log_uploader: STEP 3 (global log) -> https://github.com/StarateJI/L2Mauto/blob/bot-logs/runs/20260917_012432_fail_global.log
2026-09-17 01:24:37,733 - DEBUG - [global] log_uploader: END window=periodic
2026-09-17 01:24:37,733 - INFO - [global] LogUploader: upload_run_logs завершён
2026-09-17 01:24:55,627 - INFO - [global] Проверяю обновы...
2026-09-17 01:24:56,213 - DEBUG - [global] needs_update: raw → 5.9.0
2026-09-17 01:24:57,035 - DEBUG - [global] needs_update: API GitHub → 5.9.0
2026-09-17 01:24:57,616 - DEBUG - [global] needs_update: jsdelivr → 5.9.0
2026-09-17 01:24:57,617 - DEBUG - [global] needs_update: лучший источник raw → 5.9.0 (из 3)
2026-09-17 01:24:57,621 - INFO - [global] needs_update: local=(5, 8, 2) remote=(5, 9, 0) -> has_update=True
2026-09-17 01:24:57,621 - INFO - [global] Доступна обнова! Спавню кнопку
2026-09-17 01:25:27,639 - INFO - [global] Проверяю обновы...
2026-09-17 01:25:28,260 - DEBUG - [global] needs_update: raw → 5.9.0
2026-09-17 01:25:29,160 - DEBUG - [global] needs_update: API GitHub → 5.9.0
2026-09-17 01:25:29,727 - DEBUG - [global] needs_update: jsdelivr → 5.9.0
2026-09-17 01:25:29,727 - DEBUG - [global] needs_update: лучший источник raw → 5.9.0 (из 3)
2026-09-17 01:25:29,730 - INFO - [global] needs_update: local=(5, 8, 2) remote=(5, 9, 0) -> has_update=True
2026-09-17 01:25:29,730 - INFO - [global] Доступна обнова! Спавню кнопку
2026-09-17 01:25:37,770 - INFO - [global] LogUploader: запускаю upload_run_logs...
2026-09-17 01:25:37,771 - DEBUG - [global] log_uploader: START window=periodic made=-1 token=...Rjnfq
2026-09-17 01:25:38,608 - DEBUG - [global] _api_put: GET runs/20260917_012537_fail_periodic.log -> 404
2026-09-17 01:25:40,022 - DEBUG - [global] _api_put: PUT runs/20260917_012537_fail_periodic.log -> 201 (10182 bytes)
2026-09-17 01:25:40,025 - DEBUG - [global] log_uploader: STEP 1 (window log) -> https://github.com/StarateJI/L2Mauto/blob/bot-logs/runs/20260917_012537_fail_periodic.log
2026-09-17 01:25:40,025 - DEBUG - [global] log_uploader: STEP 2 SKIP (no PNGs)
2026-09-17 01:25:40,929 - DEBUG - [global] _api_put: GET runs/20260917_012537_fail_global.log -> 404
2026-09-17 01:25:42,533 - DEBUG - [global] _api_put: PUT runs/20260917_012537_fail_global.log -> 201 (19621 bytes)
2026-09-17 01:25:42,536 - DEBUG - [global] log_uploader: STEP 3 (global log) -> https://github.com/StarateJI/L2Mauto/blob/bot-logs/runs/20260917_012537_fail_global.log
2026-09-17 01:25:42,536 - DEBUG - [global] log_uploader: END window=periodic
2026-09-17 01:25:42,536 - INFO - [global] LogUploader: upload_run_logs завершён
2026-09-17 01:25:59,748 - INFO - [global] Проверяю обновы...
2026-09-17 01:26:00,405 - DEBUG - [global] needs_update: raw → 5.9.0
2026-09-17 01:26:01,239 - DEBUG - [global] needs_update: API GitHub → 5.9.0
2026-09-17 01:26:01,804 - DEBUG - [global] needs_update: jsdelivr → 5.9.0
2026-09-17 01:26:01,804 - DEBUG - [global] needs_update: лучший источник raw → 5.9.0 (из 3)
2026-09-17 01:26:01,807 - INFO - [global] needs_update: local=(5, 8, 2) remote=(5, 9, 0) -> has_update=True
2026-09-17 01:26:01,807 - INFO - [global] Доступна обнова! Спавню кнопку
2026-09-17 01:26:31,825 - INFO - [global] Проверяю обновы...
2026-09-17 01:26:32,500 - DEBUG - [global] needs_update: raw → 5.9.0
2026-09-17 01:26:33,340 - DEBUG - [global] needs_update: API GitHub → 5.9.0
2026-09-17 01:26:33,961 - DEBUG - [global] needs_update: jsdelivr → 5.9.0
2026-09-17 01:26:33,961 - DEBUG - [global] needs_update: лучший источник raw → 5.9.0 (из 3)
2026-09-17 01:26:33,962 - INFO - [global] needs_update: local=(5, 8, 2) remote=(5, 9, 0) -> has_update=True
2026-09-17 01:26:33,962 - INFO - [global] Доступна обнова! Спавню кнопку
2026-09-17 01:26:42,569 - INFO - [global] LogUploader: запускаю upload_run_logs...
2026-09-17 01:26:42,569 - DEBUG - [global] log_uploader: START window=periodic made=-1 token=...Rjnfq
2026-09-17 01:26:43,413 - DEBUG - [global] _api_put: GET runs/20260917_012642_fail_periodic.log -> 404
2026-09-17 01:26:44,781 - DEBUG - [global] _api_put: PUT runs/20260917_012642_fail_periodic.log -> 201 (10182 bytes)
2026-09-17 01:26:44,785 - DEBUG - [global] log_uploader: STEP 1 (window log) -> https://github.com/StarateJI/L2Mauto/blob/bot-logs/runs/20260917_012642_fail_periodic.log
2026-09-17 01:26:44,786 - DEBUG - [global] log_uploader: STEP 2 SKIP (no PNGs)
2026-09-17 01:26:45,841 - DEBUG - [global] _api_put: GET runs/20260917_012642_fail_global.log -> 404
2026-09-17 01:26:47,312 - DEBUG - [global] _api_put: PUT runs/20260917_012642_fail_global.log -> 201 (19621 bytes)
2026-09-17 01:26:47,315 - DEBUG - [global] log_uploader: STEP 3 (global log) -> https://github.com/StarateJI/L2Mauto/blob/bot-logs/runs/20260917_012642_fail_global.log
2026-09-17 01:26:47,316 - DEBUG - [global] log_uploader: END window=periodic
2026-09-17 01:26:47,316 - INFO - [global] LogUploader: upload_run_logs завершён
2026-09-17 01:27:03,982 - INFO - [global] Проверяю обновы...
2026-09-17 01:27:04,644 - DEBUG - [global] needs_update: raw → 5.9.0
2026-09-17 01:27:05,545 - DEBUG - [global] needs_update: API GitHub → 5.9.0
2026-09-17 01:27:06,112 - DEBUG - [global] needs_update: jsdelivr → 5.9.0
2026-09-17 01:27:06,113 - DEBUG - [global] needs_update: лучший источник raw → 5.9.0 (из 3)
2026-09-17 01:27:06,115 - INFO - [global] needs_update: local=(5, 8, 2) remote=(5, 9, 0) -> has_update=True
2026-09-17 01:27:06,115 - INFO - [global] Доступна обнова! Спавню кнопку
2026-09-17 01:27:36,133 - INFO - [global] Проверяю обновы...
2026-09-17 01:27:36,939 - DEBUG - [global] needs_update: raw → 5.9.0
2026-09-17 01:27:37,801 - DEBUG - [global] needs_update: API GitHub → 5.9.0
2026-09-17 01:27:38,323 - DEBUG - [global] needs_update: jsdelivr → 5.9.0
2026-09-17 01:27:38,323 - DEBUG - [global] needs_update: лучший источник raw → 5.9.0 (из 3)
2026-09-17 01:27:38,327 - INFO - [global] needs_update: local=(5, 8, 2) remote=(5, 9, 0) -> has_update=True
2026-09-17 01:27:38,327 - INFO - [global] Доступна обнова! Спавню кнопку
2026-09-17 01:27:47,348 - INFO - [global] LogUploader: запускаю upload_run_logs...
2026-09-17 01:27:47,349 - DEBUG - [global] log_uploader: START window=periodic made=-1 token=...Rjnfq
2026-09-17 01:27:48,194 - DEBUG - [global] _api_put: GET runs/20260917_012747_fail_periodic.log -> 404
2026-09-17 01:27:49,669 - DEBUG - [global] _api_put: PUT runs/20260917_012747_fail_periodic.log -> 201 (10182 bytes)
2026-09-17 01:27:49,672 - DEBUG - [global] log_uploader: STEP 1 (window log) -> https://github.com/StarateJI/L2Mauto/blob/bot-logs/runs/20260917_012747_fail_periodic.log
2026-09-17 01:27:49,674 - DEBUG - [global] log_uploader: STEP 2 SKIP (no PNGs)
2026-09-17 01:27:50,575 - DEBUG - [global] _api_put: GET runs/20260917_012747_fail_global.log -> 404
2026-09-17 01:27:52,179 - DEBUG - [global] _api_put: PUT runs/20260917_012747_fail_global.log -> 201 (19621 bytes)
2026-09-17 01:27:52,181 - DEBUG - [global] log_uploader: STEP 3 (global log) -> https://github.com/StarateJI/L2Mauto/blob/bot-logs/runs/20260917_012747_fail_global.log
2026-09-17 01:27:52,181 - DEBUG - [global] log_uploader: END window=periodic
2026-09-17 01:27:52,181 - INFO - [global] LogUploader: upload_run_logs завершён
2026-09-17 01:28:08,344 - INFO - [global] Проверяю обновы...
2026-09-17 01:28:08,962 - DEBUG - [global] needs_update: raw → 5.9.0
2026-09-17 01:28:09,939 - DEBUG - [global] needs_update: API GitHub → 5.9.0
2026-09-17 01:28:10,518 - DEBUG - [global] needs_update: jsdelivr → 5.9.0
2026-09-17 01:28:10,518 - DEBUG - [global] needs_update: лучший источник raw → 5.9.0 (из 3)
2026-09-17 01:28:10,519 - INFO - [global] needs_update: local=(5, 8, 2) remote=(5, 9, 0) -> has_update=True
2026-09-17 01:28:10,519 - INFO - [global] Доступна обнова! Спавню кнопку
2026-09-17 01:28:40,534 - INFO - [global] Проверяю обновы...
2026-09-17 01:28:41,163 - DEBUG - [global] needs_update: raw → 5.9.0
2026-09-17 01:28:41,980 - DEBUG - [global] needs_update: API GitHub → 5.9.0
2026-09-17 01:28:42,533 - DEBUG - [global] needs_update: jsdelivr → 5.9.0
2026-09-17 01:28:42,533 - DEBUG - [global] needs_update: лучший источник raw → 5.9.0 (из 3)
2026-09-17 01:28:42,535 - INFO - [global] needs_update: local=(5, 8, 2) remote=(5, 9, 0) -> has_update=True
2026-09-17 01:28:42,535 - INFO - [global] Доступна обнова! Спавню кнопку
2026-09-17 01:28:52,220 - INFO - [global] LogUploader: запускаю upload_run_logs...
2026-09-17 01:28:52,220 - DEBUG - [global] log_uploader: START window=periodic made=-1 token=...Rjnfq
2026-09-17 01:28:53,135 - DEBUG - [global] _api_put: GET runs/20260917_012852_fail_periodic.log -> 404
2026-09-17 01:28:54,517 - DEBUG - [global] _api_put: PUT runs/20260917_012852_fail_periodic.log -> 201 (10182 bytes)
2026-09-17 01:28:54,519 - DEBUG - [global] log_uploader: STEP 1 (window log) -> https://github.com/StarateJI/L2Mauto/blob/bot-logs/runs/20260917_012852_fail_periodic.log
2026-09-17 01:28:54,520 - DEBUG - [global] log_uploader: STEP 2 SKIP (no PNGs)
2026-09-17 01:28:55,448 - DEBUG - [global] _api_put: GET runs/20260917_012852_fail_global.log -> 404
2026-09-17 01:28:57,113 - DEBUG - [global] _api_put: PUT runs/20260917_012852_fail_global.log -> 201 (19621 bytes)
2026-09-17 01:28:57,115 - DEBUG - [global] log_uploader: STEP 3 (global log) -> https://github.com/StarateJI/L2Mauto/blob/bot-logs/runs/20260917_012852_fail_global.log
2026-09-17 01:28:57,115 - DEBUG - [global] log_uploader: END window=periodic
2026-09-17 01:28:57,115 - INFO - [global] LogUploader: upload_run_logs завершён
2026-09-17 01:29:12,552 - INFO - [global] Проверяю обновы...
2026-09-17 01:29:13,209 - DEBUG - [global] needs_update: raw → 5.9.0
2026-09-17 01:29:14,061 - DEBUG - [global] needs_update: API GitHub → 5.9.0
2026-09-17 01:29:14,613 - DEBUG - [global] needs_update: jsdelivr → 5.9.0
2026-09-17 01:29:14,613 - DEBUG - [global] needs_update: лучший источник raw → 5.9.0 (из 3)
2026-09-17 01:29:14,614 - INFO - [global] needs_update: local=(5, 8, 2) remote=(5, 9, 0) -> has_update=True
2026-09-17 01:29:14,614 - INFO - [global] Доступна обнова! Спавню кнопку
2026-09-17 01:29:44,632 - INFO - [global] Проверяю обновы...
2026-09-17 01:29:45,243 - DEBUG - [global] needs_update: raw → 5.9.0
2026-09-17 01:29:46,022 - DEBUG - [global] needs_update: API GitHub → 5.9.0
2026-09-17 01:29:46,583 - DEBUG - [global] needs_update: jsdelivr → 5.9.0
2026-09-17 01:29:46,583 - DEBUG - [global] needs_update: лучший источник raw → 5.9.0 (из 3)
2026-09-17 01:29:46,587 - INFO - [global] needs_update: local=(5, 8, 2) remote=(5, 9, 0) -> has_update=True
2026-09-17 01:29:46,587 - INFO - [global] Доступна обнова! Спавню кнопку
2026-09-17 01:29:57,153 - INFO - [global] LogUploader: запускаю upload_run_logs...
2026-09-17 01:29:57,154 - DEBUG - [global] log_uploader: START window=periodic made=-1 token=...Rjnfq
2026-09-17 01:29:57,974 - DEBUG - [global] _api_put: GET runs/20260917_012957_fail_periodic.log -> 404
2026-09-17 01:29:59,442 - DEBUG - [global] _api_put: PUT runs/20260917_012957_fail_periodic.log -> 201 (10182 bytes)
2026-09-17 01:29:59,443 - DEBUG - [global] log_uploader: STEP 1 (window log) -> https://github.com/StarateJI/L2Mauto/blob/bot-logs/runs/20260917_012957_fail_periodic.log
2026-09-17 01:29:59,443 - DEBUG - [global] log_uploader: STEP 2 SKIP (no PNGs)
2026-09-17 01:30:00,334 - DEBUG - [global] _api_put: GET runs/20260917_012957_fail_global.log -> 404
2026-09-17 01:30:01,936 - DEBUG - [global] _api_put: PUT runs/20260917_012957_fail_global.log -> 201 (19621 bytes)
2026-09-17 01:30:01,938 - DEBUG - [global] log_uploader: STEP 3 (global log) -> https://github.com/StarateJI/L2Mauto/blob/bot-logs/runs/20260917_012957_fail_global.log
2026-09-17 01:30:01,938 - DEBUG - [global] log_uploader: END window=periodic
2026-09-17 01:30:01,938 - INFO - [global] LogUploader: upload_run_logs завершён
2026-09-17 01:30:16,606 - INFO - [global] Проверяю обновы...
2026-09-17 01:30:17,247 - DEBUG - [global] needs_update: raw → 5.9.0
2026-09-17 01:30:18,122 - DEBUG - [global] needs_update: API GitHub → 5.9.0
2026-09-17 01:30:18,640 - DEBUG - [global] needs_update: jsdelivr → 5.9.0
2026-09-17 01:30:18,640 - DEBUG - [global] needs_update: лучший источник raw → 5.9.0 (из 3)
2026-09-17 01:30:18,642 - INFO - [global] needs_update: local=(5, 8, 2) remote=(5, 9, 0) -> has_update=True
2026-09-17 01:30:18,642 - INFO - [global] Доступна обнова! Спавню кнопку
2026-09-17 01:30:48,662 - INFO - [global] Проверяю обновы...
2026-09-17 01:30:49,279 - DEBUG - [global] needs_update: raw → 5.9.0
2026-09-17 01:30:50,112 - DEBUG - [global] needs_update: API GitHub → 5.9.0
2026-09-17 01:30:50,636 - DEBUG - [global] needs_update: jsdelivr → 5.9.0
2026-09-17 01:30:50,636 - DEBUG - [global] needs_update: лучший источник raw → 5.9.0 (из 3)
2026-09-17 01:30:50,638 - INFO - [global] needs_update: local=(5, 8, 2) remote=(5, 9, 0) -> has_update=True
2026-09-17 01:30:50,638 - INFO - [global] Доступна обнова! Спавню кнопку
2026-09-17 01:31:01,970 - INFO - [global] LogUploader: запускаю upload_run_logs...
2026-09-17 01:31:01,971 - DEBUG - [global] log_uploader: START window=periodic made=-1 token=...Rjnfq
2026-09-17 01:31:02,839 - DEBUG - [global] _api_put: GET runs/20260917_013101_fail_periodic.log -> 404
2026-09-17 01:31:04,244 - DEBUG - [global] _api_put: PUT runs/20260917_013101_fail_periodic.log -> 201 (10182 bytes)
2026-09-17 01:31:04,246 - DEBUG - [global] log_uploader: STEP 1 (window log) -> https://github.com/StarateJI/L2Mauto/blob/bot-logs/runs/20260917_013101_fail_periodic.log
2026-09-17 01:31:04,246 - DEBUG - [global] log_uploader: STEP 2 SKIP (no PNGs)
2026-09-17 01:31:05,213 - DEBUG - [global] _api_put: GET runs/20260917_013101_fail_global.log -> 404
2026-09-17 01:31:06,836 - DEBUG - [global] _api_put: PUT runs/20260917_013101_fail_global.log -> 201 (19621 bytes)
2026-09-17 01:31:06,837 - DEBUG - [global] log_uploader: STEP 3 (global log) -> https://github.com/StarateJI/L2Mauto/blob/bot-logs/runs/20260917_013101_fail_global.log
2026-09-17 01:31:06,837 - DEBUG - [global] log_uploader: END window=periodic
2026-09-17 01:31:06,838 - INFO - [global] LogUploader: upload_run_logs завершён
2026-09-17 01:31:20,657 - INFO - [global] Проверяю обновы...
2026-09-17 01:31:21,357 - DEBUG - [global] needs_update: raw → 5.9.0
2026-09-17 01:31:22,224 - DEBUG - [global] needs_update: API GitHub → 5.9.0
2026-09-17 01:31:22,763 - DEBUG - [global] needs_update: jsdelivr → 5.9.0
2026-09-17 01:31:22,763 - DEBUG - [global] needs_update: лучший источник raw → 5.9.0 (из 3)
2026-09-17 01:31:22,764 - INFO - [global] needs_update: local=(5, 8, 2) remote=(5, 9, 0) -> has_update=True
2026-09-17 01:31:22,764 - INFO - [global] Доступна обнова! Спавню кнопку
2026-09-17 01:31:52,785 - INFO - [global] Проверяю обновы...
2026-09-17 01:31:53,432 - DEBUG - [global] needs_update: raw → 5.9.0
2026-09-17 01:31:54,259 - DEBUG - [global] needs_update: API GitHub → 5.9.0
2026-09-17 01:31:54,828 - DEBUG - [global] needs_update: jsdelivr → 5.9.0
2026-09-17 01:31:54,828 - DEBUG - [global] needs_update: лучший источник raw → 5.9.0 (из 3)
2026-09-17 01:31:54,832 - INFO - [global] needs_update: local=(5, 8, 2) remote=(5, 9, 0) -> has_update=True
2026-09-17 01:31:54,833 - INFO - [global] Доступна обнова! Спавню кнопку
2026-09-17 01:32:06,872 - INFO - [global] LogUploader: запускаю upload_run_logs...
2026-09-17 01:32:06,872 - DEBUG - [global] log_uploader: START window=periodic made=-1 token=...Rjnfq
2026-09-17 01:32:07,753 - DEBUG - [global] _api_put: GET runs/20260917_013206_fail_periodic.log -> 404
2026-09-17 01:32:09,207 - DEBUG - [global] _api_put: PUT runs/20260917_013206_fail_periodic.log -> 201 (10182 bytes)
2026-09-17 01:32:09,208 - DEBUG - [global] log_uploader: STEP 1 (window log) -> https://github.com/StarateJI/L2Mauto/blob/bot-logs/runs/20260917_013206_fail_periodic.log
2026-09-17 01:32:09,209 - DEBUG - [global] log_uploader: STEP 2 SKIP (no PNGs)
