=== Log tail 2026-09-19T10:34:03.924715 | last 200 lines ===
2026-09-19 10:25:27,709 - DEBUG - [global] needs_update: API GitHub → 5.11.19
2026-09-19 10:25:28,351 - DEBUG - [global] needs_update: jsdelivr → 5.11.18
2026-09-19 10:25:28,352 - DEBUG - [global] needs_update: лучший источник raw → 5.11.19 (из 3)
2026-09-19 10:25:28,354 - INFO - [global] needs_update: local=(5, 11, 19) remote=(5, 11, 19) -> has_update=False
2026-09-19 10:25:28,354 - INFO - [global] Установлена последняя версия бота | 5.11.19
2026-09-19 10:25:58,372 - INFO - [global] Проверяю обновы...
2026-09-19 10:25:59,022 - DEBUG - [global] needs_update: raw → 5.11.19
2026-09-19 10:25:59,879 - DEBUG - [global] needs_update: API GitHub → 5.11.19
2026-09-19 10:26:00,550 - DEBUG - [global] needs_update: jsdelivr → 5.11.18
2026-09-19 10:26:00,550 - DEBUG - [global] needs_update: лучший источник raw → 5.11.19 (из 3)
2026-09-19 10:26:00,552 - INFO - [global] needs_update: local=(5, 11, 19) remote=(5, 11, 19) -> has_update=False
2026-09-19 10:26:00,553 - INFO - [global] Установлена последняя версия бота | 5.11.19
2026-09-19 10:26:25,308 - INFO - [global] LogUploader: запускаю upload_run_logs...
2026-09-19 10:26:25,308 - DEBUG - [global] log_uploader: START window=periodic made=-1 token=...Rjnfq
2026-09-19 10:26:26,247 - DEBUG - [global] _api_put: GET runs/20260919_102625_fail_periodic.log -> 404
2026-09-19 10:26:27,774 - DEBUG - [global] _api_put: PUT runs/20260919_102625_fail_periodic.log -> 201 (10405 bytes)
2026-09-19 10:26:27,775 - DEBUG - [global] log_uploader: STEP 1 (window log) -> https://github.com/StarateJI/L2Mauto/blob/bot-logs/runs/20260919_102625_fail_periodic.log
2026-09-19 10:26:27,776 - DEBUG - [global] log_uploader: STEP 2 SKIP (no PNGs)
2026-09-19 10:26:28,710 - DEBUG - [global] _api_put: GET runs/20260919_102625_fail_global.log -> 404
2026-09-19 10:26:30,336 - DEBUG - [global] _api_put: PUT runs/20260919_102625_fail_global.log -> 201 (20192 bytes)
2026-09-19 10:26:30,338 - DEBUG - [global] log_uploader: STEP 3 (global log) -> https://github.com/StarateJI/L2Mauto/blob/bot-logs/runs/20260919_102625_fail_global.log
2026-09-19 10:26:30,338 - DEBUG - [global] log_uploader: END window=periodic
2026-09-19 10:26:30,338 - INFO - [global] LogUploader: upload_run_logs завершён
2026-09-19 10:26:30,571 - INFO - [global] Проверяю обновы...
2026-09-19 10:26:31,196 - DEBUG - [global] needs_update: raw → 5.11.19
2026-09-19 10:26:32,010 - DEBUG - [global] needs_update: API GitHub → 5.11.19
2026-09-19 10:26:32,637 - DEBUG - [global] needs_update: jsdelivr → 5.11.18
2026-09-19 10:26:32,637 - DEBUG - [global] needs_update: лучший источник raw → 5.11.19 (из 3)
2026-09-19 10:26:32,638 - INFO - [global] needs_update: local=(5, 11, 19) remote=(5, 11, 19) -> has_update=False
2026-09-19 10:26:32,639 - INFO - [global] Установлена последняя версия бота | 5.11.19
2026-09-19 10:27:02,656 - INFO - [global] Проверяю обновы...
2026-09-19 10:27:03,294 - DEBUG - [global] needs_update: raw → 5.11.19
2026-09-19 10:27:04,135 - DEBUG - [global] needs_update: API GitHub → 5.11.19
2026-09-19 10:27:04,790 - DEBUG - [global] needs_update: jsdelivr → 5.11.18
2026-09-19 10:27:04,790 - DEBUG - [global] needs_update: лучший источник raw → 5.11.19 (из 3)
2026-09-19 10:27:04,791 - INFO - [global] needs_update: local=(5, 11, 19) remote=(5, 11, 19) -> has_update=False
2026-09-19 10:27:04,792 - INFO - [global] Установлена последняя версия бота | 5.11.19
2026-09-19 10:27:30,370 - INFO - [global] LogUploader: запускаю upload_run_logs...
2026-09-19 10:27:30,371 - DEBUG - [global] log_uploader: START window=periodic made=-1 token=...Rjnfq
2026-09-19 10:27:31,254 - DEBUG - [global] _api_put: GET runs/20260919_102730_fail_periodic.log -> 404
2026-09-19 10:27:32,804 - DEBUG - [global] _api_put: PUT runs/20260919_102730_fail_periodic.log -> 201 (10405 bytes)
2026-09-19 10:27:32,805 - DEBUG - [global] log_uploader: STEP 1 (window log) -> https://github.com/StarateJI/L2Mauto/blob/bot-logs/runs/20260919_102730_fail_periodic.log
2026-09-19 10:27:32,806 - DEBUG - [global] log_uploader: STEP 2 SKIP (no PNGs)
2026-09-19 10:27:33,757 - DEBUG - [global] _api_put: GET runs/20260919_102730_fail_global.log -> 404
2026-09-19 10:27:34,811 - INFO - [global] Проверяю обновы...
2026-09-19 10:27:35,442 - DEBUG - [global] _api_put: PUT runs/20260919_102730_fail_global.log -> 201 (20192 bytes)
2026-09-19 10:27:35,444 - DEBUG - [global] log_uploader: STEP 3 (global log) -> https://github.com/StarateJI/L2Mauto/blob/bot-logs/runs/20260919_102730_fail_global.log
2026-09-19 10:27:35,444 - DEBUG - [global] log_uploader: END window=periodic
2026-09-19 10:27:35,444 - INFO - [global] LogUploader: upload_run_logs завершён
2026-09-19 10:27:35,474 - DEBUG - [global] needs_update: raw → 5.11.19
2026-09-19 10:27:36,516 - DEBUG - [global] needs_update: API GitHub → 5.11.19
2026-09-19 10:27:37,205 - DEBUG - [global] needs_update: jsdelivr → 5.11.18
2026-09-19 10:27:37,206 - DEBUG - [global] needs_update: лучший источник raw → 5.11.19 (из 3)
2026-09-19 10:27:37,209 - INFO - [global] needs_update: local=(5, 11, 19) remote=(5, 11, 19) -> has_update=False
2026-09-19 10:27:37,209 - INFO - [global] Установлена последняя версия бота | 5.11.19
2026-09-19 10:28:07,228 - INFO - [global] Проверяю обновы...
2026-09-19 10:28:07,854 - DEBUG - [global] needs_update: raw → 5.11.19
2026-09-19 10:28:08,682 - DEBUG - [global] needs_update: API GitHub → 5.11.19
2026-09-19 10:28:09,345 - DEBUG - [global] needs_update: jsdelivr → 5.11.18
2026-09-19 10:28:09,345 - DEBUG - [global] needs_update: лучший источник raw → 5.11.19 (из 3)
2026-09-19 10:28:09,347 - INFO - [global] needs_update: local=(5, 11, 19) remote=(5, 11, 19) -> has_update=False
2026-09-19 10:28:09,347 - INFO - [global] Установлена последняя версия бота | 5.11.19
2026-09-19 10:28:35,478 - INFO - [global] LogUploader: запускаю upload_run_logs...
2026-09-19 10:28:35,479 - DEBUG - [global] log_uploader: START window=periodic made=-1 token=...Rjnfq
2026-09-19 10:28:36,347 - DEBUG - [global] _api_put: GET runs/20260919_102835_fail_periodic.log -> 404
2026-09-19 10:28:37,918 - DEBUG - [global] _api_put: PUT runs/20260919_102835_fail_periodic.log -> 201 (10405 bytes)
2026-09-19 10:28:37,920 - DEBUG - [global] log_uploader: STEP 1 (window log) -> https://github.com/StarateJI/L2Mauto/blob/bot-logs/runs/20260919_102835_fail_periodic.log
2026-09-19 10:28:37,920 - DEBUG - [global] log_uploader: STEP 2 SKIP (no PNGs)
2026-09-19 10:28:39,031 - DEBUG - [global] _api_put: GET runs/20260919_102835_fail_global.log -> 404
2026-09-19 10:28:39,361 - INFO - [global] Проверяю обновы...
2026-09-19 10:28:40,058 - DEBUG - [global] needs_update: raw → 5.11.19
2026-09-19 10:28:40,830 - DEBUG - [global] _api_put: PUT runs/20260919_102835_fail_global.log -> 201 (20101 bytes)
2026-09-19 10:28:40,832 - DEBUG - [global] log_uploader: STEP 3 (global log) -> https://github.com/StarateJI/L2Mauto/blob/bot-logs/runs/20260919_102835_fail_global.log
2026-09-19 10:28:40,832 - DEBUG - [global] log_uploader: END window=periodic
2026-09-19 10:28:40,832 - INFO - [global] LogUploader: upload_run_logs завершён
2026-09-19 10:28:40,915 - DEBUG - [global] needs_update: API GitHub → 5.11.19
2026-09-19 10:28:41,545 - DEBUG - [global] needs_update: jsdelivr → 5.11.18
2026-09-19 10:28:41,545 - DEBUG - [global] needs_update: лучший источник raw → 5.11.19 (из 3)
2026-09-19 10:28:41,547 - INFO - [global] needs_update: local=(5, 11, 19) remote=(5, 11, 19) -> has_update=False
2026-09-19 10:28:41,547 - INFO - [global] Установлена последняя версия бота | 5.11.19
2026-09-19 10:29:11,566 - INFO - [global] Проверяю обновы...
2026-09-19 10:29:12,202 - DEBUG - [global] needs_update: raw → 5.11.19
2026-09-19 10:29:13,078 - DEBUG - [global] needs_update: API GitHub → 5.11.19
2026-09-19 10:29:13,695 - DEBUG - [global] needs_update: jsdelivr → 5.11.18
2026-09-19 10:29:13,695 - DEBUG - [global] needs_update: лучший источник raw → 5.11.19 (из 3)
2026-09-19 10:29:13,697 - INFO - [global] needs_update: local=(5, 11, 19) remote=(5, 11, 19) -> has_update=False
2026-09-19 10:29:13,698 - INFO - [global] Установлена последняя версия бота | 5.11.19
2026-09-19 10:29:40,864 - INFO - [global] LogUploader: запускаю upload_run_logs...
2026-09-19 10:29:40,865 - DEBUG - [global] log_uploader: START window=periodic made=-1 token=...Rjnfq
2026-09-19 10:29:41,774 - DEBUG - [global] _api_put: GET runs/20260919_102940_fail_periodic.log -> 404
2026-09-19 10:29:43,366 - DEBUG - [global] _api_put: PUT runs/20260919_102940_fail_periodic.log -> 201 (10405 bytes)
2026-09-19 10:29:43,368 - DEBUG - [global] log_uploader: STEP 1 (window log) -> https://github.com/StarateJI/L2Mauto/blob/bot-logs/runs/20260919_102940_fail_periodic.log
2026-09-19 10:29:43,368 - DEBUG - [global] log_uploader: STEP 2 SKIP (no PNGs)
2026-09-19 10:29:43,714 - INFO - [global] Проверяю обновы...
2026-09-19 10:29:44,404 - DEBUG - [global] _api_put: GET runs/20260919_102940_fail_global.log -> 404
2026-09-19 10:29:44,608 - DEBUG - [global] needs_update: raw → 5.11.19
2026-09-19 10:29:45,580 - DEBUG - [global] needs_update: API GitHub → 5.11.19
2026-09-19 10:29:46,197 - DEBUG - [global] needs_update: jsdelivr → 5.11.18
2026-09-19 10:29:46,197 - DEBUG - [global] needs_update: лучший источник raw → 5.11.19 (из 3)
2026-09-19 10:29:46,199 - INFO - [global] needs_update: local=(5, 11, 19) remote=(5, 11, 19) -> has_update=False
2026-09-19 10:29:46,199 - INFO - [global] Установлена последняя версия бота | 5.11.19
2026-09-19 10:29:46,220 - DEBUG - [global] _api_put: PUT runs/20260919_102940_fail_global.log -> 201 (20101 bytes)
2026-09-19 10:29:46,222 - DEBUG - [global] log_uploader: STEP 3 (global log) -> https://github.com/StarateJI/L2Mauto/blob/bot-logs/runs/20260919_102940_fail_global.log
2026-09-19 10:29:46,222 - DEBUG - [global] log_uploader: END window=periodic
2026-09-19 10:29:46,222 - INFO - [global] LogUploader: upload_run_logs завершён
2026-09-19 10:30:16,221 - INFO - [global] Проверяю обновы...
2026-09-19 10:30:16,891 - DEBUG - [global] needs_update: raw → 5.11.19
2026-09-19 10:30:17,764 - DEBUG - [global] needs_update: API GitHub → 5.11.19
2026-09-19 10:30:18,372 - DEBUG - [global] needs_update: jsdelivr → 5.11.18
2026-09-19 10:30:18,372 - DEBUG - [global] needs_update: лучший источник raw → 5.11.19 (из 3)
2026-09-19 10:30:18,375 - INFO - [global] needs_update: local=(5, 11, 19) remote=(5, 11, 19) -> has_update=False
2026-09-19 10:30:18,376 - INFO - [global] Установлена последняя версия бота | 5.11.19
2026-09-19 10:30:46,252 - INFO - [global] LogUploader: запускаю upload_run_logs...
2026-09-19 10:30:46,252 - DEBUG - [global] log_uploader: START window=periodic made=-1 token=...Rjnfq
2026-09-19 10:30:47,116 - DEBUG - [global] _api_put: GET runs/20260919_103046_fail_periodic.log -> 404
2026-09-19 10:30:48,393 - INFO - [global] Проверяю обновы...
2026-09-19 10:30:48,644 - DEBUG - [global] _api_put: PUT runs/20260919_103046_fail_periodic.log -> 201 (10405 bytes)
2026-09-19 10:30:48,646 - DEBUG - [global] log_uploader: STEP 1 (window log) -> https://github.com/StarateJI/L2Mauto/blob/bot-logs/runs/20260919_103046_fail_periodic.log
2026-09-19 10:30:48,647 - DEBUG - [global] log_uploader: STEP 2 SKIP (no PNGs)
2026-09-19 10:30:49,104 - DEBUG - [global] needs_update: raw → 5.11.19
2026-09-19 10:30:49,631 - DEBUG - [global] _api_put: GET runs/20260919_103046_fail_global.log -> 404
2026-09-19 10:30:50,056 - DEBUG - [global] needs_update: API GitHub → 5.11.19
2026-09-19 10:30:50,677 - DEBUG - [global] needs_update: jsdelivr → 5.11.18
2026-09-19 10:30:50,678 - DEBUG - [global] needs_update: лучший источник raw → 5.11.19 (из 3)
2026-09-19 10:30:50,680 - INFO - [global] needs_update: local=(5, 11, 19) remote=(5, 11, 19) -> has_update=False
2026-09-19 10:30:50,680 - INFO - [global] Установлена последняя версия бота | 5.11.19
2026-09-19 10:30:51,425 - DEBUG - [global] _api_put: PUT runs/20260919_103046_fail_global.log -> 201 (20075 bytes)
2026-09-19 10:30:51,427 - DEBUG - [global] log_uploader: STEP 3 (global log) -> https://github.com/StarateJI/L2Mauto/blob/bot-logs/runs/20260919_103046_fail_global.log
2026-09-19 10:30:51,427 - DEBUG - [global] log_uploader: END window=periodic
2026-09-19 10:30:51,427 - INFO - [global] LogUploader: upload_run_logs завершён
2026-09-19 10:31:20,704 - INFO - [global] Проверяю обновы...
2026-09-19 10:31:21,360 - DEBUG - [global] needs_update: raw → 5.11.19
2026-09-19 10:31:22,230 - DEBUG - [global] needs_update: API GitHub → 5.11.19
2026-09-19 10:31:22,887 - DEBUG - [global] needs_update: jsdelivr → 5.11.18
2026-09-19 10:31:22,887 - DEBUG - [global] needs_update: лучший источник raw → 5.11.19 (из 3)
2026-09-19 10:31:22,889 - INFO - [global] needs_update: local=(5, 11, 19) remote=(5, 11, 19) -> has_update=False
2026-09-19 10:31:22,889 - INFO - [global] Установлена последняя версия бота | 5.11.19
2026-09-19 10:31:51,466 - INFO - [global] LogUploader: запускаю upload_run_logs...
2026-09-19 10:31:51,466 - DEBUG - [global] log_uploader: START window=periodic made=-1 token=...Rjnfq
2026-09-19 10:31:52,300 - DEBUG - [global] _api_put: GET runs/20260919_103151_fail_periodic.log -> 404
2026-09-19 10:31:52,909 - INFO - [global] Проверяю обновы...
2026-09-19 10:31:53,509 - DEBUG - [global] needs_update: raw → 5.11.19
2026-09-19 10:31:53,929 - DEBUG - [global] _api_put: PUT runs/20260919_103151_fail_periodic.log -> 201 (10405 bytes)
2026-09-19 10:31:53,931 - DEBUG - [global] log_uploader: STEP 1 (window log) -> https://github.com/StarateJI/L2Mauto/blob/bot-logs/runs/20260919_103151_fail_periodic.log
2026-09-19 10:31:53,931 - DEBUG - [global] log_uploader: STEP 2 SKIP (no PNGs)
2026-09-19 10:31:54,333 - DEBUG - [global] needs_update: API GitHub → 5.11.19
2026-09-19 10:31:54,847 - DEBUG - [global] _api_put: GET runs/20260919_103151_fail_global.log -> 404
2026-09-19 10:31:54,995 - DEBUG - [global] needs_update: jsdelivr → 5.11.18
2026-09-19 10:31:54,995 - DEBUG - [global] needs_update: лучший источник raw → 5.11.19 (из 3)
2026-09-19 10:31:54,997 - INFO - [global] needs_update: local=(5, 11, 19) remote=(5, 11, 19) -> has_update=False
2026-09-19 10:31:54,997 - INFO - [global] Установлена последняя версия бота | 5.11.19
2026-09-19 10:31:56,530 - DEBUG - [global] _api_put: PUT runs/20260919_103151_fail_global.log -> 201 (20033 bytes)
2026-09-19 10:31:56,532 - DEBUG - [global] log_uploader: STEP 3 (global log) -> https://github.com/StarateJI/L2Mauto/blob/bot-logs/runs/20260919_103151_fail_global.log
2026-09-19 10:31:56,532 - DEBUG - [global] log_uploader: END window=periodic
2026-09-19 10:31:56,532 - INFO - [global] LogUploader: upload_run_logs завершён
2026-09-19 10:32:25,018 - INFO - [global] Проверяю обновы...
2026-09-19 10:32:25,631 - DEBUG - [global] needs_update: raw → 5.11.19
2026-09-19 10:32:26,448 - DEBUG - [global] needs_update: API GitHub → 5.11.19
2026-09-19 10:32:27,078 - DEBUG - [global] needs_update: jsdelivr → 5.11.18
2026-09-19 10:32:27,079 - DEBUG - [global] needs_update: лучший источник raw → 5.11.19 (из 3)
2026-09-19 10:32:27,080 - INFO - [global] needs_update: local=(5, 11, 19) remote=(5, 11, 19) -> has_update=False
2026-09-19 10:32:27,080 - INFO - [global] Установлена последняя версия бота | 5.11.19
2026-09-19 10:32:56,565 - INFO - [global] LogUploader: запускаю upload_run_logs...
2026-09-19 10:32:56,565 - DEBUG - [global] log_uploader: START window=periodic made=-1 token=...Rjnfq
2026-09-19 10:32:57,096 - INFO - [global] Проверяю обновы...
2026-09-19 10:32:57,378 - DEBUG - [global] _api_put: GET runs/20260919_103256_fail_periodic.log -> 404
2026-09-19 10:32:57,703 - DEBUG - [global] needs_update: raw → 5.11.19
2026-09-19 10:32:58,543 - DEBUG - [global] needs_update: API GitHub → 5.11.19
2026-09-19 10:32:58,945 - DEBUG - [global] _api_put: PUT runs/20260919_103256_fail_periodic.log -> 201 (10405 bytes)
2026-09-19 10:32:58,946 - DEBUG - [global] log_uploader: STEP 1 (window log) -> https://github.com/StarateJI/L2Mauto/blob/bot-logs/runs/20260919_103256_fail_periodic.log
2026-09-19 10:32:58,947 - DEBUG - [global] log_uploader: STEP 2 SKIP (no PNGs)
2026-09-19 10:32:59,147 - DEBUG - [global] needs_update: jsdelivr → 5.11.18
2026-09-19 10:32:59,148 - DEBUG - [global] needs_update: лучший источник raw → 5.11.19 (из 3)
2026-09-19 10:32:59,149 - INFO - [global] needs_update: local=(5, 11, 19) remote=(5, 11, 19) -> has_update=False
2026-09-19 10:32:59,150 - INFO - [global] Установлена последняя версия бота | 5.11.19
2026-09-19 10:32:59,815 - DEBUG - [global] _api_put: GET runs/20260919_103256_fail_global.log -> 404
2026-09-19 10:33:01,427 - DEBUG - [global] _api_put: PUT runs/20260919_103256_fail_global.log -> 201 (19945 bytes)
2026-09-19 10:33:01,429 - DEBUG - [global] log_uploader: STEP 3 (global log) -> https://github.com/StarateJI/L2Mauto/blob/bot-logs/runs/20260919_103256_fail_global.log
2026-09-19 10:33:01,429 - DEBUG - [global] log_uploader: END window=periodic
2026-09-19 10:33:01,429 - INFO - [global] LogUploader: upload_run_logs завершён
2026-09-19 10:33:29,169 - INFO - [global] Проверяю обновы...
2026-09-19 10:33:29,746 - DEBUG - [global] needs_update: raw → 5.11.19
2026-09-19 10:33:30,559 - DEBUG - [global] needs_update: API GitHub → 5.11.19
2026-09-19 10:33:31,174 - DEBUG - [global] needs_update: jsdelivr → 5.11.18
2026-09-19 10:33:31,174 - DEBUG - [global] needs_update: лучший источник raw → 5.11.19 (из 3)
2026-09-19 10:33:31,177 - INFO - [global] needs_update: local=(5, 11, 19) remote=(5, 11, 19) -> has_update=False
2026-09-19 10:33:31,177 - INFO - [global] Установлена последняя версия бота | 5.11.19
2026-09-19 10:34:01,196 - INFO - [global] Проверяю обновы...
2026-09-19 10:34:01,468 - INFO - [global] LogUploader: запускаю upload_run_logs...
2026-09-19 10:34:01,468 - DEBUG - [global] log_uploader: START window=periodic made=-1 token=...Rjnfq
2026-09-19 10:34:01,785 - DEBUG - [global] needs_update: raw → 5.11.19
2026-09-19 10:34:02,359 - DEBUG - [global] _api_put: GET runs/20260919_103401_fail_periodic.log -> 404
2026-09-19 10:34:02,811 - DEBUG - [global] needs_update: API GitHub → 5.11.19
2026-09-19 10:34:03,456 - DEBUG - [global] needs_update: jsdelivr → 5.11.18
2026-09-19 10:34:03,456 - DEBUG - [global] needs_update: лучший источник raw → 5.11.19 (из 3)
2026-09-19 10:34:03,457 - INFO - [global] needs_update: local=(5, 11, 19) remote=(5, 11, 19) -> has_update=False
2026-09-19 10:34:03,458 - INFO - [global] Установлена последняя версия бота | 5.11.19
2026-09-19 10:34:03,867 - DEBUG - [global] _api_put: PUT runs/20260919_103401_fail_periodic.log -> 201 (10405 bytes)
2026-09-19 10:34:03,869 - DEBUG - [global] log_uploader: STEP 1 (window log) -> https://github.com/StarateJI/L2Mauto/blob/bot-logs/runs/20260919_103401_fail_periodic.log
2026-09-19 10:34:03,870 - DEBUG - [global] log_uploader: STEP 2 SKIP (no PNGs)
