=== Log tail 2026-09-25T08:10:39.516160 | last 200 lines ===
2026-09-25 08:00:27,921 - INFO - [global] Установлена последняя версия бота | 5.13.07
2026-09-25 08:00:57,936 - INFO - [global] Проверяю обновы...
2026-09-25 08:00:58,693 - DEBUG - [global] needs_update: raw → 5.13.07
2026-09-25 08:00:58,890 - DEBUG - [global] needs_update: API → 5.13.07
2026-09-25 08:00:58,890 - DEBUG - [global] needs_update: лучший источник raw → 5.13.07 (из 2)
2026-09-25 08:00:58,890 - INFO - [global] needs_update: local=(5, 13, 7) remote=(5, 13, 7) -> has_update=False
2026-09-25 08:00:58,891 - INFO - [global] Установлена последняя версия бота | 5.13.07
2026-09-25 08:01:15,597 - INFO - [global] LogUploader: запускаю upload_run_logs...
2026-09-25 08:01:15,597 - DEBUG - [global] log_uploader: START window=periodic made=-1 token=...Rjnfq
2026-09-25 08:01:15,597 - DEBUG - [global] log_uploader: STEP 1 SKIP (no C:\Users\PC\Desktop\L2Mauto\logs\periodic.log)
2026-09-25 08:01:15,598 - DEBUG - [global] log_uploader: STEP 2 SKIP (no PNGs)
2026-09-25 08:01:16,403 - DEBUG - [global] _api_put: GET runs/20260925_080115_fail_global.log -> 404
2026-09-25 08:01:18,173 - DEBUG - [global] _api_put: PUT runs/20260925_080115_fail_global.log -> 201 (19678 bytes)
2026-09-25 08:01:18,175 - DEBUG - [global] log_uploader: STEP 3 (global log) -> https://github.com/StarateJI/L2Mauto/blob/bot-logs/runs/20260925_080115_fail_global.log
2026-09-25 08:01:18,175 - DEBUG - [global] log_uploader: END window=periodic
2026-09-25 08:01:18,175 - INFO - [global] LogUploader: upload_run_logs завершён
2026-09-25 08:01:28,904 - INFO - [global] Проверяю обновы...
2026-09-25 08:01:29,696 - DEBUG - [global] needs_update: raw → 5.13.07
2026-09-25 08:01:29,866 - DEBUG - [global] needs_update: API → 5.13.07
2026-09-25 08:01:29,866 - DEBUG - [global] needs_update: лучший источник raw → 5.13.07 (из 2)
2026-09-25 08:01:29,866 - INFO - [global] needs_update: local=(5, 13, 7) remote=(5, 13, 7) -> has_update=False
2026-09-25 08:01:29,866 - INFO - [global] Установлена последняя версия бота | 5.13.07
2026-09-25 08:01:59,879 - INFO - [global] Проверяю обновы...
2026-09-25 08:02:00,674 - DEBUG - [global] needs_update: raw → 5.13.07
2026-09-25 08:02:00,865 - DEBUG - [global] needs_update: API → 5.13.07
2026-09-25 08:02:00,865 - DEBUG - [global] needs_update: лучший источник raw → 5.13.07 (из 2)
2026-09-25 08:02:00,865 - INFO - [global] needs_update: local=(5, 13, 7) remote=(5, 13, 7) -> has_update=False
2026-09-25 08:02:00,866 - INFO - [global] Установлена последняя версия бота | 5.13.07
2026-09-25 08:02:18,208 - INFO - [global] LogUploader: запускаю upload_run_logs...
2026-09-25 08:02:18,208 - DEBUG - [global] log_uploader: START window=periodic made=-1 token=...Rjnfq
2026-09-25 08:02:18,208 - DEBUG - [global] log_uploader: STEP 1 SKIP (no C:\Users\PC\Desktop\L2Mauto\logs\periodic.log)
2026-09-25 08:02:18,209 - DEBUG - [global] log_uploader: STEP 2 SKIP (no PNGs)
2026-09-25 08:02:19,031 - DEBUG - [global] _api_put: GET runs/20260925_080218_fail_global.log -> 404
2026-09-25 08:02:20,701 - DEBUG - [global] _api_put: PUT runs/20260925_080218_fail_global.log -> 201 (19678 bytes)
2026-09-25 08:02:20,703 - DEBUG - [global] log_uploader: STEP 3 (global log) -> https://github.com/StarateJI/L2Mauto/blob/bot-logs/runs/20260925_080218_fail_global.log
2026-09-25 08:02:20,703 - DEBUG - [global] log_uploader: END window=periodic
2026-09-25 08:02:20,703 - INFO - [global] LogUploader: upload_run_logs завершён
2026-09-25 08:02:30,882 - INFO - [global] Проверяю обновы...
2026-09-25 08:02:31,675 - DEBUG - [global] needs_update: raw → 5.13.07
2026-09-25 08:02:31,854 - DEBUG - [global] needs_update: API → 5.13.07
2026-09-25 08:02:31,854 - DEBUG - [global] needs_update: лучший источник raw → 5.13.07 (из 2)
2026-09-25 08:02:31,854 - INFO - [global] needs_update: local=(5, 13, 7) remote=(5, 13, 7) -> has_update=False
2026-09-25 08:02:31,855 - INFO - [global] Установлена последняя версия бота | 5.13.07
2026-09-25 08:03:01,872 - INFO - [global] Проверяю обновы...
2026-09-25 08:03:02,670 - DEBUG - [global] needs_update: raw → 5.13.07
2026-09-25 08:03:02,966 - DEBUG - [global] needs_update: API → 5.13.07
2026-09-25 08:03:02,966 - DEBUG - [global] needs_update: лучший источник raw → 5.13.07 (из 2)
2026-09-25 08:03:02,966 - INFO - [global] needs_update: local=(5, 13, 7) remote=(5, 13, 7) -> has_update=False
2026-09-25 08:03:02,966 - INFO - [global] Установлена последняя версия бота | 5.13.07
2026-09-25 08:03:20,730 - INFO - [global] LogUploader: запускаю upload_run_logs...
2026-09-25 08:03:20,730 - DEBUG - [global] log_uploader: START window=periodic made=-1 token=...Rjnfq
2026-09-25 08:03:20,730 - DEBUG - [global] log_uploader: STEP 1 SKIP (no C:\Users\PC\Desktop\L2Mauto\logs\periodic.log)
2026-09-25 08:03:20,730 - DEBUG - [global] log_uploader: STEP 2 SKIP (no PNGs)
2026-09-25 08:03:21,552 - DEBUG - [global] _api_put: GET runs/20260925_080320_fail_global.log -> 404
2026-09-25 08:03:23,103 - DEBUG - [global] _api_put: PUT runs/20260925_080320_fail_global.log -> 201 (19678 bytes)
2026-09-25 08:03:23,104 - DEBUG - [global] log_uploader: STEP 3 (global log) -> https://github.com/StarateJI/L2Mauto/blob/bot-logs/runs/20260925_080320_fail_global.log
2026-09-25 08:03:23,104 - DEBUG - [global] log_uploader: END window=periodic
2026-09-25 08:03:23,104 - INFO - [global] LogUploader: upload_run_logs завершён
2026-09-25 08:03:32,980 - INFO - [global] Проверяю обновы...
2026-09-25 08:03:33,806 - DEBUG - [global] needs_update: raw → 5.13.07
2026-09-25 08:03:33,907 - DEBUG - [global] needs_update: API → 5.13.07
2026-09-25 08:03:33,907 - DEBUG - [global] needs_update: лучший источник raw → 5.13.07 (из 2)
2026-09-25 08:03:33,908 - INFO - [global] needs_update: local=(5, 13, 7) remote=(5, 13, 7) -> has_update=False
2026-09-25 08:03:33,908 - INFO - [global] Установлена последняя версия бота | 5.13.07
2026-09-25 08:04:03,920 - INFO - [global] Проверяю обновы...
2026-09-25 08:04:04,677 - DEBUG - [global] needs_update: raw → 5.13.07
2026-09-25 08:04:04,854 - DEBUG - [global] needs_update: API → 5.13.07
2026-09-25 08:04:04,854 - DEBUG - [global] needs_update: лучший источник raw → 5.13.07 (из 2)
2026-09-25 08:04:04,854 - INFO - [global] needs_update: local=(5, 13, 7) remote=(5, 13, 7) -> has_update=False
2026-09-25 08:04:04,854 - INFO - [global] Установлена последняя версия бота | 5.13.07
2026-09-25 08:04:23,129 - INFO - [global] LogUploader: запускаю upload_run_logs...
2026-09-25 08:04:23,129 - DEBUG - [global] log_uploader: START window=periodic made=-1 token=...Rjnfq
2026-09-25 08:04:23,129 - DEBUG - [global] log_uploader: STEP 1 SKIP (no C:\Users\PC\Desktop\L2Mauto\logs\periodic.log)
2026-09-25 08:04:23,130 - DEBUG - [global] log_uploader: STEP 2 SKIP (no PNGs)
2026-09-25 08:04:23,983 - DEBUG - [global] _api_put: GET runs/20260925_080423_fail_global.log -> 404
2026-09-25 08:04:25,605 - DEBUG - [global] _api_put: PUT runs/20260925_080423_fail_global.log -> 201 (19678 bytes)
2026-09-25 08:04:25,607 - DEBUG - [global] log_uploader: STEP 3 (global log) -> https://github.com/StarateJI/L2Mauto/blob/bot-logs/runs/20260925_080423_fail_global.log
2026-09-25 08:04:25,607 - DEBUG - [global] log_uploader: END window=periodic
2026-09-25 08:04:25,607 - INFO - [global] LogUploader: upload_run_logs завершён
2026-09-25 08:04:34,869 - INFO - [global] Проверяю обновы...
2026-09-25 08:04:35,690 - DEBUG - [global] needs_update: raw → 5.13.07
2026-09-25 08:04:35,848 - DEBUG - [global] needs_update: API → 5.13.07
2026-09-25 08:04:35,848 - DEBUG - [global] needs_update: лучший источник raw → 5.13.07 (из 2)
2026-09-25 08:04:35,848 - INFO - [global] needs_update: local=(5, 13, 7) remote=(5, 13, 7) -> has_update=False
2026-09-25 08:04:35,848 - INFO - [global] Установлена последняя версия бота | 5.13.07
2026-09-25 08:05:05,860 - INFO - [global] Проверяю обновы...
2026-09-25 08:05:06,649 - DEBUG - [global] needs_update: raw → 5.13.07
2026-09-25 08:05:06,829 - DEBUG - [global] needs_update: API → 5.13.07
2026-09-25 08:05:06,829 - DEBUG - [global] needs_update: лучший источник raw → 5.13.07 (из 2)
2026-09-25 08:05:06,829 - INFO - [global] needs_update: local=(5, 13, 7) remote=(5, 13, 7) -> has_update=False
2026-09-25 08:05:06,829 - INFO - [global] Установлена последняя версия бота | 5.13.07
2026-09-25 08:05:25,634 - INFO - [global] LogUploader: запускаю upload_run_logs...
2026-09-25 08:05:25,634 - DEBUG - [global] log_uploader: START window=periodic made=-1 token=...Rjnfq
2026-09-25 08:05:25,635 - DEBUG - [global] log_uploader: STEP 1 SKIP (no C:\Users\PC\Desktop\L2Mauto\logs\periodic.log)
2026-09-25 08:05:25,635 - DEBUG - [global] log_uploader: STEP 2 SKIP (no PNGs)
2026-09-25 08:05:26,490 - DEBUG - [global] _api_put: GET runs/20260925_080525_fail_global.log -> 404
2026-09-25 08:05:28,261 - DEBUG - [global] _api_put: PUT runs/20260925_080525_fail_global.log -> 201 (19678 bytes)
2026-09-25 08:05:28,264 - DEBUG - [global] log_uploader: STEP 3 (global log) -> https://github.com/StarateJI/L2Mauto/blob/bot-logs/runs/20260925_080525_fail_global.log
2026-09-25 08:05:28,264 - DEBUG - [global] log_uploader: END window=periodic
2026-09-25 08:05:28,264 - INFO - [global] LogUploader: upload_run_logs завершён
2026-09-25 08:05:36,846 - INFO - [global] Проверяю обновы...
2026-09-25 08:05:37,636 - DEBUG - [global] needs_update: raw → 5.13.07
2026-09-25 08:05:37,824 - DEBUG - [global] needs_update: API → 5.13.07
2026-09-25 08:05:37,824 - DEBUG - [global] needs_update: лучший источник raw → 5.13.07 (из 2)
2026-09-25 08:05:37,824 - INFO - [global] needs_update: local=(5, 13, 7) remote=(5, 13, 7) -> has_update=False
2026-09-25 08:05:37,824 - INFO - [global] Установлена последняя версия бота | 5.13.07
2026-09-25 08:06:07,838 - INFO - [global] Проверяю обновы...
2026-09-25 08:06:08,612 - DEBUG - [global] needs_update: raw → 5.13.07
2026-09-25 08:06:08,818 - DEBUG - [global] needs_update: API → 5.13.07
2026-09-25 08:06:08,818 - DEBUG - [global] needs_update: лучший источник raw → 5.13.07 (из 2)
2026-09-25 08:06:08,818 - INFO - [global] needs_update: local=(5, 13, 7) remote=(5, 13, 7) -> has_update=False
2026-09-25 08:06:08,818 - INFO - [global] Установлена последняя версия бота | 5.13.07
2026-09-25 08:06:28,292 - INFO - [global] LogUploader: запускаю upload_run_logs...
2026-09-25 08:06:28,292 - DEBUG - [global] log_uploader: START window=periodic made=-1 token=...Rjnfq
2026-09-25 08:06:28,292 - DEBUG - [global] log_uploader: STEP 1 SKIP (no C:\Users\PC\Desktop\L2Mauto\logs\periodic.log)
2026-09-25 08:06:28,293 - DEBUG - [global] log_uploader: STEP 2 SKIP (no PNGs)
2026-09-25 08:06:29,143 - DEBUG - [global] _api_put: GET runs/20260925_080628_fail_global.log -> 404
2026-09-25 08:06:30,782 - DEBUG - [global] _api_put: PUT runs/20260925_080628_fail_global.log -> 201 (19678 bytes)
2026-09-25 08:06:30,784 - DEBUG - [global] log_uploader: STEP 3 (global log) -> https://github.com/StarateJI/L2Mauto/blob/bot-logs/runs/20260925_080628_fail_global.log
2026-09-25 08:06:30,784 - DEBUG - [global] log_uploader: END window=periodic
2026-09-25 08:06:30,784 - INFO - [global] LogUploader: upload_run_logs завершён
2026-09-25 08:06:38,832 - INFO - [global] Проверяю обновы...
2026-09-25 08:06:39,619 - DEBUG - [global] needs_update: raw → 5.13.07
2026-09-25 08:06:39,849 - DEBUG - [global] needs_update: API → 5.13.07
2026-09-25 08:06:39,849 - DEBUG - [global] needs_update: лучший источник raw → 5.13.07 (из 2)
2026-09-25 08:06:39,849 - INFO - [global] needs_update: local=(5, 13, 7) remote=(5, 13, 7) -> has_update=False
2026-09-25 08:06:39,849 - INFO - [global] Установлена последняя версия бота | 5.13.07
2026-09-25 08:07:09,866 - INFO - [global] Проверяю обновы...
2026-09-25 08:07:10,671 - DEBUG - [global] needs_update: raw → 5.13.07
2026-09-25 08:07:10,835 - DEBUG - [global] needs_update: API → 5.13.07
2026-09-25 08:07:10,836 - DEBUG - [global] needs_update: лучший источник raw → 5.13.07 (из 2)
2026-09-25 08:07:10,836 - INFO - [global] needs_update: local=(5, 13, 7) remote=(5, 13, 7) -> has_update=False
2026-09-25 08:07:10,836 - INFO - [global] Установлена последняя версия бота | 5.13.07
2026-09-25 08:07:30,813 - INFO - [global] LogUploader: запускаю upload_run_logs...
2026-09-25 08:07:30,813 - DEBUG - [global] log_uploader: START window=periodic made=-1 token=...Rjnfq
2026-09-25 08:07:30,813 - DEBUG - [global] log_uploader: STEP 1 SKIP (no C:\Users\PC\Desktop\L2Mauto\logs\periodic.log)
2026-09-25 08:07:30,813 - DEBUG - [global] log_uploader: STEP 2 SKIP (no PNGs)
2026-09-25 08:07:31,651 - DEBUG - [global] _api_put: GET runs/20260925_080730_fail_global.log -> 404
2026-09-25 08:07:33,351 - DEBUG - [global] _api_put: PUT runs/20260925_080730_fail_global.log -> 201 (19678 bytes)
2026-09-25 08:07:33,353 - DEBUG - [global] log_uploader: STEP 3 (global log) -> https://github.com/StarateJI/L2Mauto/blob/bot-logs/runs/20260925_080730_fail_global.log
2026-09-25 08:07:33,353 - DEBUG - [global] log_uploader: END window=periodic
2026-09-25 08:07:33,353 - INFO - [global] LogUploader: upload_run_logs завершён
2026-09-25 08:07:40,851 - INFO - [global] Проверяю обновы...
2026-09-25 08:07:41,691 - DEBUG - [global] needs_update: raw → 5.13.07
2026-09-25 08:07:41,775 - DEBUG - [global] needs_update: API → 5.13.07
2026-09-25 08:07:41,775 - DEBUG - [global] needs_update: лучший источник raw → 5.13.07 (из 2)
2026-09-25 08:07:41,775 - INFO - [global] needs_update: local=(5, 13, 7) remote=(5, 13, 7) -> has_update=False
2026-09-25 08:07:41,775 - INFO - [global] Установлена последняя версия бота | 5.13.07
2026-09-25 08:08:11,793 - INFO - [global] Проверяю обновы...
2026-09-25 08:08:12,637 - DEBUG - [global] needs_update: raw → 5.13.07
2026-09-25 08:08:12,764 - DEBUG - [global] needs_update: API → 5.13.07
2026-09-25 08:08:12,764 - DEBUG - [global] needs_update: лучший источник raw → 5.13.07 (из 2)
2026-09-25 08:08:12,764 - INFO - [global] needs_update: local=(5, 13, 7) remote=(5, 13, 7) -> has_update=False
2026-09-25 08:08:12,765 - INFO - [global] Установлена последняя версия бота | 5.13.07
2026-09-25 08:08:33,379 - INFO - [global] LogUploader: запускаю upload_run_logs...
2026-09-25 08:08:33,379 - DEBUG - [global] log_uploader: START window=periodic made=-1 token=...Rjnfq
2026-09-25 08:08:33,379 - DEBUG - [global] log_uploader: STEP 1 SKIP (no C:\Users\PC\Desktop\L2Mauto\logs\periodic.log)
2026-09-25 08:08:33,380 - DEBUG - [global] log_uploader: STEP 2 SKIP (no PNGs)
2026-09-25 08:08:34,278 - DEBUG - [global] _api_put: GET runs/20260925_080833_fail_global.log -> 404
2026-09-25 08:08:36,052 - DEBUG - [global] _api_put: PUT runs/20260925_080833_fail_global.log -> 201 (19678 bytes)
2026-09-25 08:08:36,054 - DEBUG - [global] log_uploader: STEP 3 (global log) -> https://github.com/StarateJI/L2Mauto/blob/bot-logs/runs/20260925_080833_fail_global.log
2026-09-25 08:08:36,054 - DEBUG - [global] log_uploader: END window=periodic
2026-09-25 08:08:36,054 - INFO - [global] LogUploader: upload_run_logs завершён
2026-09-25 08:08:42,782 - INFO - [global] Проверяю обновы...
2026-09-25 08:08:43,556 - DEBUG - [global] needs_update: raw → 5.13.07
2026-09-25 08:08:43,775 - DEBUG - [global] needs_update: API → 5.13.07
2026-09-25 08:08:43,776 - DEBUG - [global] needs_update: лучший источник raw → 5.13.07 (из 2)
2026-09-25 08:08:43,776 - INFO - [global] needs_update: local=(5, 13, 7) remote=(5, 13, 7) -> has_update=False
2026-09-25 08:08:43,776 - INFO - [global] Установлена последняя версия бота | 5.13.07
2026-09-25 08:09:13,793 - INFO - [global] Проверяю обновы...
2026-09-25 08:09:14,559 - DEBUG - [global] needs_update: raw → 5.13.07
2026-09-25 08:09:14,746 - DEBUG - [global] needs_update: API → 5.13.07
2026-09-25 08:09:14,746 - DEBUG - [global] needs_update: лучший источник raw → 5.13.07 (из 2)
2026-09-25 08:09:14,746 - INFO - [global] needs_update: local=(5, 13, 7) remote=(5, 13, 7) -> has_update=False
2026-09-25 08:09:14,746 - INFO - [global] Установлена последняя версия бота | 5.13.07
2026-09-25 08:09:36,081 - INFO - [global] LogUploader: запускаю upload_run_logs...
2026-09-25 08:09:36,081 - DEBUG - [global] log_uploader: START window=periodic made=-1 token=...Rjnfq
2026-09-25 08:09:36,082 - DEBUG - [global] log_uploader: STEP 1 SKIP (no C:\Users\PC\Desktop\L2Mauto\logs\periodic.log)
2026-09-25 08:09:36,082 - DEBUG - [global] log_uploader: STEP 2 SKIP (no PNGs)
2026-09-25 08:09:36,914 - DEBUG - [global] _api_put: GET runs/20260925_080936_fail_global.log -> 404
2026-09-25 08:09:39,471 - DEBUG - [global] _api_put: PUT runs/20260925_080936_fail_global.log -> 201 (19678 bytes)
2026-09-25 08:09:39,474 - DEBUG - [global] log_uploader: STEP 3 (global log) -> https://github.com/StarateJI/L2Mauto/blob/bot-logs/runs/20260925_080936_fail_global.log
2026-09-25 08:09:39,474 - DEBUG - [global] log_uploader: END window=periodic
2026-09-25 08:09:39,474 - INFO - [global] LogUploader: upload_run_logs завершён
2026-09-25 08:09:44,758 - INFO - [global] Проверяю обновы...
2026-09-25 08:09:45,557 - DEBUG - [global] needs_update: raw → 5.13.07
2026-09-25 08:09:45,736 - DEBUG - [global] needs_update: API → 5.13.07
2026-09-25 08:09:45,736 - DEBUG - [global] needs_update: лучший источник raw → 5.13.07 (из 2)
2026-09-25 08:09:45,736 - INFO - [global] needs_update: local=(5, 13, 7) remote=(5, 13, 7) -> has_update=False
2026-09-25 08:09:45,737 - INFO - [global] Установлена последняя версия бота | 5.13.07
2026-09-25 08:10:15,750 - INFO - [global] Проверяю обновы...
2026-09-25 08:10:16,549 - DEBUG - [global] needs_update: raw → 5.13.07
2026-09-25 08:10:16,713 - DEBUG - [global] needs_update: API → 5.13.07
2026-09-25 08:10:16,713 - DEBUG - [global] needs_update: лучший источник raw → 5.13.07 (из 2)
2026-09-25 08:10:16,713 - INFO - [global] needs_update: local=(5, 13, 7) remote=(5, 13, 7) -> has_update=False
2026-09-25 08:10:16,714 - INFO - [global] Установлена последняя версия бота | 5.13.07
2026-09-25 08:10:39,503 - INFO - [global] LogUploader: запускаю upload_run_logs...
2026-09-25 08:10:39,503 - DEBUG - [global] log_uploader: START window=periodic made=-1 token=...Rjnfq
2026-09-25 08:10:39,503 - DEBUG - [global] log_uploader: STEP 1 SKIP (no C:\Users\PC\Desktop\L2Mauto\logs\periodic.log)
2026-09-25 08:10:39,503 - DEBUG - [global] log_uploader: STEP 2 SKIP (no PNGs)
