=== Log tail 2026-09-18T18:13:40.156353 | last 200 lines ===
2026-09-18 18:09:59,887 - INFO - [global] Доступна обнова! Спавню кнопку
2026-09-18 18:10:29,451 - INFO - [global] LogUploader: запускаю upload_run_logs...
2026-09-18 18:10:29,454 - DEBUG - [global] log_uploader: START window=periodic made=-1 token=...Rjnfq
2026-09-18 18:10:29,454 - DEBUG - [global] log_uploader: STEP 1 SKIP (no C:\Users\PC\Desktop\L2Mauto\logs\periodic.log)
2026-09-18 18:10:29,454 - DEBUG - [global] log_uploader: STEP 2 SKIP (no PNGs)
2026-09-18 18:10:29,903 - INFO - [global] Проверяю обновы...
2026-09-18 18:10:30,775 - DEBUG - [global] _api_put: GET runs/20260918_181029_fail_global.log -> 404
2026-09-18 18:10:30,960 - DEBUG - [global] needs_update: raw → 5.11.7
2026-09-18 18:10:32,411 - DEBUG - [global] needs_update: API GitHub → 5.11.7
2026-09-18 18:10:33,138 - DEBUG - [global] _api_put: PUT runs/20260918_181029_fail_global.log -> 201 (552 bytes)
2026-09-18 18:10:33,145 - DEBUG - [global] log_uploader: STEP 3 (global log) -> https://github.com/StarateJI/L2Mauto/blob/bot-logs/runs/20260918_181029_fail_global.log
2026-09-18 18:10:33,145 - DEBUG - [global] log_uploader: END window=periodic
2026-09-18 18:10:33,145 - INFO - [global] LogUploader: upload_run_logs завершён
2026-09-18 18:10:33,745 - DEBUG - [global] needs_update: jsdelivr → 5.10.2
2026-09-18 18:10:33,745 - DEBUG - [global] needs_update: лучший источник raw → 5.11.7 (из 3)
2026-09-18 18:10:33,750 - INFO - [global] needs_update: local=(5, 10, 9) remote=(5, 11, 7) -> has_update=True
2026-09-18 18:10:33,750 - INFO - [global] Доступна обнова! Спавню кнопку
2026-09-18 18:11:03,773 - INFO - [global] Проверяю обновы...
2026-09-18 18:11:04,759 - DEBUG - [global] needs_update: raw → 5.11.7
2026-09-18 18:11:05,811 - DEBUG - [global] needs_update: API GitHub → 5.11.7
2026-09-18 18:11:07,136 - DEBUG - [global] needs_update: jsdelivr → 5.10.2
2026-09-18 18:11:07,137 - DEBUG - [global] needs_update: лучший источник raw → 5.11.7 (из 3)
2026-09-18 18:11:07,152 - INFO - [global] needs_update: local=(5, 10, 9) remote=(5, 11, 7) -> has_update=True
2026-09-18 18:11:07,153 - INFO - [global] Доступна обнова! Спавню кнопку
2026-09-18 18:11:33,205 - INFO - [global] LogUploader: запускаю upload_run_logs...
2026-09-18 18:11:33,208 - DEBUG - [global] log_uploader: START window=periodic made=-1 token=...Rjnfq
2026-09-18 18:11:33,208 - DEBUG - [global] log_uploader: STEP 1 SKIP (no C:\Users\PC\Desktop\L2Mauto\logs\periodic.log)
2026-09-18 18:11:33,209 - DEBUG - [global] log_uploader: STEP 2 SKIP (no PNGs)
2026-09-18 18:11:34,482 - DEBUG - [global] _api_put: GET runs/20260918_181133_fail_global.log -> 404
2026-09-18 18:11:36,444 - DEBUG - [global] _api_put: PUT runs/20260918_181133_fail_global.log -> 201 (2737 bytes)
2026-09-18 18:11:36,450 - DEBUG - [global] log_uploader: STEP 3 (global log) -> https://github.com/StarateJI/L2Mauto/blob/bot-logs/runs/20260918_181133_fail_global.log
2026-09-18 18:11:36,450 - DEBUG - [global] log_uploader: END window=periodic
2026-09-18 18:11:36,450 - INFO - [global] LogUploader: upload_run_logs завершён
2026-09-18 18:11:37,179 - INFO - [global] Проверяю обновы...
2026-09-18 18:11:38,202 - DEBUG - [global] needs_update: raw → 5.11.7
2026-09-18 18:11:39,525 - DEBUG - [global] needs_update: API GitHub → 5.11.7
2026-09-18 18:11:40,911 - DEBUG - [global] needs_update: jsdelivr → 5.10.2
2026-09-18 18:11:40,912 - DEBUG - [global] needs_update: лучший источник raw → 5.11.7 (из 3)
2026-09-18 18:11:40,919 - INFO - [global] needs_update: local=(5, 10, 9) remote=(5, 11, 7) -> has_update=True
2026-09-18 18:11:40,920 - INFO - [global] Доступна обнова! Спавню кнопку
2026-09-18 18:12:10,954 - INFO - [global] Проверяю обновы...
2026-09-18 18:12:11,944 - DEBUG - [global] needs_update: raw → 5.11.7
2026-09-18 18:12:13,012 - DEBUG - [global] needs_update: API GitHub → 5.11.7
2026-09-18 18:12:14,360 - DEBUG - [global] needs_update: jsdelivr → 5.10.2
2026-09-18 18:12:14,361 - DEBUG - [global] needs_update: лучший источник raw → 5.11.7 (из 3)
2026-09-18 18:12:14,371 - INFO - [global] needs_update: local=(5, 10, 9) remote=(5, 11, 7) -> has_update=True
2026-09-18 18:12:14,371 - INFO - [global] Доступна обнова! Спавню кнопку
2026-09-18 18:12:36,511 - INFO - [global] LogUploader: запускаю upload_run_logs...
2026-09-18 18:12:36,513 - DEBUG - [global] log_uploader: START window=periodic made=-1 token=...Rjnfq
2026-09-18 18:12:36,514 - DEBUG - [global] log_uploader: STEP 1 SKIP (no C:\Users\PC\Desktop\L2Mauto\logs\periodic.log)
2026-09-18 18:12:36,515 - DEBUG - [global] log_uploader: STEP 2 SKIP (no PNGs)
2026-09-18 18:12:37,761 - DEBUG - [global] _api_put: GET runs/20260918_181236_fail_global.log -> 404
2026-09-18 18:12:40,021 - DEBUG - [global] _api_put: PUT runs/20260918_181236_fail_global.log -> 201 (4923 bytes)
2026-09-18 18:12:40,031 - DEBUG - [global] log_uploader: STEP 3 (global log) -> https://github.com/StarateJI/L2Mauto/blob/bot-logs/runs/20260918_181236_fail_global.log
2026-09-18 18:12:40,031 - DEBUG - [global] log_uploader: END window=periodic
2026-09-18 18:12:40,032 - INFO - [global] LogUploader: upload_run_logs завершён
2026-09-18 18:12:44,471 - INFO - [global] Проверяю обновы...
2026-09-18 18:12:45,507 - DEBUG - [global] needs_update: raw → 5.11.7
2026-09-18 18:12:46,596 - DEBUG - [global] needs_update: API GitHub → 5.11.7
2026-09-18 18:12:48,147 - DEBUG - [global] needs_update: jsdelivr → 5.10.2
2026-09-18 18:12:48,147 - DEBUG - [global] needs_update: лучший источник raw → 5.11.7 (из 3)
2026-09-18 18:12:48,152 - INFO - [global] needs_update: local=(5, 10, 9) remote=(5, 11, 7) -> has_update=True
2026-09-18 18:12:48,153 - INFO - [global] Доступна обнова! Спавню кнопку
2026-09-18 18:13:18,184 - INFO - [global] Проверяю обновы...
2026-09-18 18:13:19,190 - DEBUG - [global] needs_update: raw → 5.11.7
2026-09-18 18:13:20,251 - DEBUG - [global] needs_update: API GitHub → 5.11.7
2026-09-18 18:13:21,408 - DEBUG - [global] needs_update: jsdelivr → 5.10.2
2026-09-18 18:13:21,409 - DEBUG - [global] needs_update: лучший источник raw → 5.11.7 (из 3)
2026-09-18 18:13:21,414 - INFO - [global] needs_update: local=(5, 10, 9) remote=(5, 11, 7) -> has_update=True
2026-09-18 18:13:21,415 - INFO - [global] Доступна обнова! Спавню кнопку
2026-09-18 18:13:40,151 - INFO - [global] LogUploader: запускаю upload_run_logs...
2026-09-18 18:13:40,153 - DEBUG - [global] log_uploader: START window=periodic made=-1 token=...Rjnfq
2026-09-18 18:13:40,154 - DEBUG - [global] log_uploader: STEP 1 SKIP (no C:\Users\PC\Desktop\L2Mauto\logs\periodic.log)
2026-09-18 18:13:40,155 - DEBUG - [global] log_uploader: STEP 2 SKIP (no PNGs)
