=== Log tail 2026-09-19T05:27:47.773683 | last 200 lines ===
2026-09-19 05:19:07,435 - DEBUG - [global] _api_put: GET runs/20260919_051903_fail_global.log -> 404
2026-09-19 05:19:09,132 - DEBUG - [global] _api_put: PUT runs/20260919_051903_fail_global.log -> 201 (19759 bytes)
2026-09-19 05:19:09,134 - DEBUG - [global] log_uploader: STEP 3 (global log) -> https://github.com/StarateJI/L2Mauto/blob/bot-logs/runs/20260919_051903_fail_global.log
2026-09-19 05:19:09,134 - DEBUG - [global] log_uploader: END window=periodic
2026-09-19 05:19:09,134 - INFO - [global] LogUploader: upload_run_logs завершён
2026-09-19 05:19:22,259 - INFO - [global] Проверяю обновы...
2026-09-19 05:19:23,343 - DEBUG - [global] needs_update: API GitHub → 5.11.18
2026-09-19 05:19:24,069 - DEBUG - [global] needs_update: raw → 5.11.18
2026-09-19 05:19:24,705 - DEBUG - [global] needs_update: jsdelivr → 5.11.7
2026-09-19 05:19:24,705 - DEBUG - [global] needs_update: лучший источник API → 5.11.18 (из 3)
2026-09-19 05:19:24,707 - INFO - [global] needs_update: local=(5, 9, 1) remote=(5, 11, 18) -> has_update=True
2026-09-19 05:19:24,707 - INFO - [global] Доступна обнова! Спавню кнопку
2026-09-19 05:19:54,724 - INFO - [global] Проверяю обновы...
2026-09-19 05:19:55,669 - DEBUG - [global] needs_update: API GitHub → 5.11.18
2026-09-19 05:19:56,454 - DEBUG - [global] needs_update: raw → 5.11.18
2026-09-19 05:19:57,175 - DEBUG - [global] needs_update: jsdelivr → 5.11.7
2026-09-19 05:19:57,175 - DEBUG - [global] needs_update: лучший источник API → 5.11.18 (из 3)
2026-09-19 05:19:57,178 - INFO - [global] needs_update: local=(5, 9, 1) remote=(5, 11, 18) -> has_update=True
2026-09-19 05:19:57,179 - INFO - [global] Доступна обнова! Спавню кнопку
2026-09-19 05:20:09,167 - INFO - [global] LogUploader: запускаю upload_run_logs...
2026-09-19 05:20:09,168 - DEBUG - [global] log_uploader: START window=periodic made=-1 token=...Rjnfq
2026-09-19 05:20:10,105 - DEBUG - [global] _api_put: GET runs/20260919_052009_fail_periodic.log -> 404
2026-09-19 05:20:11,587 - DEBUG - [global] _api_put: PUT runs/20260919_052009_fail_periodic.log -> 201 (8836 bytes)
2026-09-19 05:20:11,589 - DEBUG - [global] log_uploader: STEP 1 (window log) -> https://github.com/StarateJI/L2Mauto/blob/bot-logs/runs/20260919_052009_fail_periodic.log
2026-09-19 05:20:11,590 - DEBUG - [global] log_uploader: STEP 2 SKIP (no PNGs)
2026-09-19 05:20:12,586 - DEBUG - [global] _api_put: GET runs/20260919_052009_fail_global.log -> 404
2026-09-19 05:20:14,278 - DEBUG - [global] _api_put: PUT runs/20260919_052009_fail_global.log -> 201 (19757 bytes)
2026-09-19 05:20:14,281 - DEBUG - [global] log_uploader: STEP 3 (global log) -> https://github.com/StarateJI/L2Mauto/blob/bot-logs/runs/20260919_052009_fail_global.log
2026-09-19 05:20:14,281 - DEBUG - [global] log_uploader: END window=periodic
2026-09-19 05:20:14,281 - INFO - [global] LogUploader: upload_run_logs завершён
2026-09-19 05:20:27,194 - INFO - [global] Проверяю обновы...
2026-09-19 05:20:28,287 - DEBUG - [global] needs_update: API GitHub → 5.11.18
2026-09-19 05:20:29,070 - DEBUG - [global] needs_update: raw → 5.11.18
2026-09-19 05:20:29,890 - DEBUG - [global] needs_update: jsdelivr → 5.11.18
2026-09-19 05:20:29,890 - DEBUG - [global] needs_update: лучший источник API → 5.11.18 (из 3)
2026-09-19 05:20:29,892 - INFO - [global] needs_update: local=(5, 9, 1) remote=(5, 11, 18) -> has_update=True
2026-09-19 05:20:29,893 - INFO - [global] Доступна обнова! Спавню кнопку
2026-09-19 05:20:59,907 - INFO - [global] Проверяю обновы...
2026-09-19 05:21:00,861 - DEBUG - [global] needs_update: API GitHub → 5.11.18
2026-09-19 05:21:01,603 - DEBUG - [global] needs_update: raw → 5.11.18
2026-09-19 05:21:02,393 - DEBUG - [global] needs_update: jsdelivr → 5.11.18
2026-09-19 05:21:02,393 - DEBUG - [global] needs_update: лучший источник API → 5.11.18 (из 3)
2026-09-19 05:21:02,394 - INFO - [global] needs_update: local=(5, 9, 1) remote=(5, 11, 18) -> has_update=True
2026-09-19 05:21:02,394 - INFO - [global] Доступна обнова! Спавню кнопку
2026-09-19 05:21:14,317 - INFO - [global] LogUploader: запускаю upload_run_logs...
2026-09-19 05:21:14,318 - DEBUG - [global] log_uploader: START window=periodic made=-1 token=...Rjnfq
2026-09-19 05:21:15,258 - DEBUG - [global] _api_put: GET runs/20260919_052114_fail_periodic.log -> 404
2026-09-19 05:21:16,743 - DEBUG - [global] _api_put: PUT runs/20260919_052114_fail_periodic.log -> 201 (8836 bytes)
2026-09-19 05:21:16,746 - DEBUG - [global] log_uploader: STEP 1 (window log) -> https://github.com/StarateJI/L2Mauto/blob/bot-logs/runs/20260919_052114_fail_periodic.log
2026-09-19 05:21:16,746 - DEBUG - [global] log_uploader: STEP 2 SKIP (no PNGs)
2026-09-19 05:21:17,751 - DEBUG - [global] _api_put: GET runs/20260919_052114_fail_global.log -> 404
2026-09-19 05:21:19,278 - DEBUG - [global] _api_put: PUT runs/20260919_052114_fail_global.log -> 201 (19759 bytes)
2026-09-19 05:21:19,281 - DEBUG - [global] log_uploader: STEP 3 (global log) -> https://github.com/StarateJI/L2Mauto/blob/bot-logs/runs/20260919_052114_fail_global.log
2026-09-19 05:21:19,281 - DEBUG - [global] log_uploader: END window=periodic
2026-09-19 05:21:19,281 - INFO - [global] LogUploader: upload_run_logs завершён
2026-09-19 05:21:32,409 - INFO - [global] Проверяю обновы...
2026-09-19 05:21:33,301 - DEBUG - [global] needs_update: API GitHub → 5.11.18
2026-09-19 05:21:34,045 - DEBUG - [global] needs_update: raw → 5.11.18
2026-09-19 05:21:34,812 - DEBUG - [global] needs_update: jsdelivr → 5.11.18
2026-09-19 05:21:34,812 - DEBUG - [global] needs_update: лучший источник API → 5.11.18 (из 3)
2026-09-19 05:21:34,813 - INFO - [global] needs_update: local=(5, 9, 1) remote=(5, 11, 18) -> has_update=True
2026-09-19 05:21:34,813 - INFO - [global] Доступна обнова! Спавню кнопку
2026-09-19 05:22:04,829 - INFO - [global] Проверяю обновы...
2026-09-19 05:22:05,773 - DEBUG - [global] needs_update: API GitHub → 5.11.18
2026-09-19 05:22:06,521 - DEBUG - [global] needs_update: raw → 5.11.18
2026-09-19 05:22:07,274 - DEBUG - [global] needs_update: jsdelivr → 5.11.18
2026-09-19 05:22:07,274 - DEBUG - [global] needs_update: лучший источник API → 5.11.18 (из 3)
2026-09-19 05:22:07,276 - INFO - [global] needs_update: local=(5, 9, 1) remote=(5, 11, 18) -> has_update=True
2026-09-19 05:22:07,276 - INFO - [global] Доступна обнова! Спавню кнопку
2026-09-19 05:22:19,314 - INFO - [global] LogUploader: запускаю upload_run_logs...
2026-09-19 05:22:19,316 - DEBUG - [global] log_uploader: START window=periodic made=-1 token=...Rjnfq
2026-09-19 05:22:20,238 - DEBUG - [global] _api_put: GET runs/20260919_052219_fail_periodic.log -> 404
2026-09-19 05:22:21,751 - DEBUG - [global] _api_put: PUT runs/20260919_052219_fail_periodic.log -> 201 (8836 bytes)
2026-09-19 05:22:21,754 - DEBUG - [global] log_uploader: STEP 1 (window log) -> https://github.com/StarateJI/L2Mauto/blob/bot-logs/runs/20260919_052219_fail_periodic.log
2026-09-19 05:22:21,754 - DEBUG - [global] log_uploader: STEP 2 SKIP (no PNGs)
2026-09-19 05:22:22,724 - DEBUG - [global] _api_put: GET runs/20260919_052219_fail_global.log -> 404
2026-09-19 05:22:24,590 - DEBUG - [global] _api_put: PUT runs/20260919_052219_fail_global.log -> 201 (19761 bytes)
2026-09-19 05:22:24,594 - DEBUG - [global] log_uploader: STEP 3 (global log) -> https://github.com/StarateJI/L2Mauto/blob/bot-logs/runs/20260919_052219_fail_global.log
2026-09-19 05:22:24,594 - DEBUG - [global] log_uploader: END window=periodic
2026-09-19 05:22:24,594 - INFO - [global] LogUploader: upload_run_logs завершён
2026-09-19 05:22:37,291 - INFO - [global] Проверяю обновы...
2026-09-19 05:22:38,256 - DEBUG - [global] needs_update: API GitHub → 5.11.18
2026-09-19 05:22:38,985 - DEBUG - [global] needs_update: raw → 5.11.18
2026-09-19 05:22:39,688 - DEBUG - [global] needs_update: jsdelivr → 5.11.18
2026-09-19 05:22:39,688 - DEBUG - [global] needs_update: лучший источник API → 5.11.18 (из 3)
2026-09-19 05:22:39,691 - INFO - [global] needs_update: local=(5, 9, 1) remote=(5, 11, 18) -> has_update=True
2026-09-19 05:22:39,691 - INFO - [global] Доступна обнова! Спавню кнопку
2026-09-19 05:23:09,708 - INFO - [global] Проверяю обновы...
2026-09-19 05:23:10,636 - DEBUG - [global] needs_update: API GitHub → 5.11.18
2026-09-19 05:23:11,486 - DEBUG - [global] needs_update: raw → 5.11.18
2026-09-19 05:23:12,182 - DEBUG - [global] needs_update: jsdelivr → 5.11.18
2026-09-19 05:23:12,183 - DEBUG - [global] needs_update: лучший источник API → 5.11.18 (из 3)
2026-09-19 05:23:12,185 - INFO - [global] needs_update: local=(5, 9, 1) remote=(5, 11, 18) -> has_update=True
2026-09-19 05:23:12,185 - INFO - [global] Доступна обнова! Спавню кнопку
2026-09-19 05:23:24,631 - INFO - [global] LogUploader: запускаю upload_run_logs...
2026-09-19 05:23:24,633 - DEBUG - [global] log_uploader: START window=periodic made=-1 token=...Rjnfq
2026-09-19 05:23:25,536 - DEBUG - [global] _api_put: GET runs/20260919_052324_fail_periodic.log -> 404
2026-09-19 05:23:27,044 - DEBUG - [global] _api_put: PUT runs/20260919_052324_fail_periodic.log -> 201 (8836 bytes)
2026-09-19 05:23:27,046 - DEBUG - [global] log_uploader: STEP 1 (window log) -> https://github.com/StarateJI/L2Mauto/blob/bot-logs/runs/20260919_052324_fail_periodic.log
2026-09-19 05:23:27,047 - DEBUG - [global] log_uploader: STEP 2 SKIP (no PNGs)
2026-09-19 05:23:27,996 - DEBUG - [global] _api_put: GET runs/20260919_052324_fail_global.log -> 404
2026-09-19 05:23:29,630 - DEBUG - [global] _api_put: PUT runs/20260919_052324_fail_global.log -> 201 (19763 bytes)
2026-09-19 05:23:29,633 - DEBUG - [global] log_uploader: STEP 3 (global log) -> https://github.com/StarateJI/L2Mauto/blob/bot-logs/runs/20260919_052324_fail_global.log
2026-09-19 05:23:29,633 - DEBUG - [global] log_uploader: END window=periodic
2026-09-19 05:23:29,633 - INFO - [global] LogUploader: upload_run_logs завершён
2026-09-19 05:23:42,201 - INFO - [global] Проверяю обновы...
2026-09-19 05:23:43,064 - DEBUG - [global] needs_update: API GitHub → 5.11.18
2026-09-19 05:23:43,761 - DEBUG - [global] needs_update: raw → 5.11.18
2026-09-19 05:23:44,461 - DEBUG - [global] needs_update: jsdelivr → 5.11.18
2026-09-19 05:23:44,461 - DEBUG - [global] needs_update: лучший источник API → 5.11.18 (из 3)
2026-09-19 05:23:44,462 - INFO - [global] needs_update: local=(5, 9, 1) remote=(5, 11, 18) -> has_update=True
2026-09-19 05:23:44,462 - INFO - [global] Доступна обнова! Спавню кнопку
2026-09-19 05:24:14,479 - INFO - [global] Проверяю обновы...
2026-09-19 05:24:15,351 - DEBUG - [global] needs_update: API GitHub → 5.11.18
2026-09-19 05:24:16,055 - DEBUG - [global] needs_update: raw → 5.11.18
2026-09-19 05:24:16,736 - DEBUG - [global] needs_update: jsdelivr → 5.11.18
2026-09-19 05:24:16,736 - DEBUG - [global] needs_update: лучший источник API → 5.11.18 (из 3)
2026-09-19 05:24:16,738 - INFO - [global] needs_update: local=(5, 9, 1) remote=(5, 11, 18) -> has_update=True
2026-09-19 05:24:16,738 - INFO - [global] Доступна обнова! Спавню кнопку
2026-09-19 05:24:29,664 - INFO - [global] LogUploader: запускаю upload_run_logs...
2026-09-19 05:24:29,665 - DEBUG - [global] log_uploader: START window=periodic made=-1 token=...Rjnfq
2026-09-19 05:24:30,538 - DEBUG - [global] _api_put: GET runs/20260919_052429_fail_periodic.log -> 404
2026-09-19 05:24:32,020 - DEBUG - [global] _api_put: PUT runs/20260919_052429_fail_periodic.log -> 201 (8836 bytes)
2026-09-19 05:24:32,024 - DEBUG - [global] log_uploader: STEP 1 (window log) -> https://github.com/StarateJI/L2Mauto/blob/bot-logs/runs/20260919_052429_fail_periodic.log
2026-09-19 05:24:32,024 - DEBUG - [global] log_uploader: STEP 2 SKIP (no PNGs)
2026-09-19 05:24:32,915 - DEBUG - [global] _api_put: GET runs/20260919_052429_fail_global.log -> 404
2026-09-19 05:24:34,772 - DEBUG - [global] _api_put: PUT runs/20260919_052429_fail_global.log -> 201 (19765 bytes)
2026-09-19 05:24:34,775 - DEBUG - [global] log_uploader: STEP 3 (global log) -> https://github.com/StarateJI/L2Mauto/blob/bot-logs/runs/20260919_052429_fail_global.log
2026-09-19 05:24:34,775 - DEBUG - [global] log_uploader: END window=periodic
2026-09-19 05:24:34,775 - INFO - [global] LogUploader: upload_run_logs завершён
2026-09-19 05:24:46,758 - INFO - [global] Проверяю обновы...
2026-09-19 05:24:47,647 - DEBUG - [global] needs_update: API GitHub → 5.11.18
2026-09-19 05:24:48,354 - DEBUG - [global] needs_update: raw → 5.11.18
2026-09-19 05:24:49,088 - DEBUG - [global] needs_update: jsdelivr → 5.11.18
2026-09-19 05:24:49,088 - DEBUG - [global] needs_update: лучший источник API → 5.11.18 (из 3)
2026-09-19 05:24:49,090 - INFO - [global] needs_update: local=(5, 9, 1) remote=(5, 11, 18) -> has_update=True
2026-09-19 05:24:49,090 - INFO - [global] Доступна обнова! Спавню кнопку
2026-09-19 05:25:19,108 - INFO - [global] Проверяю обновы...
2026-09-19 05:25:19,970 - DEBUG - [global] needs_update: API GitHub → 5.11.18
2026-09-19 05:25:20,671 - DEBUG - [global] needs_update: raw → 5.11.18
2026-09-19 05:25:21,396 - DEBUG - [global] needs_update: jsdelivr → 5.11.7
2026-09-19 05:25:21,396 - DEBUG - [global] needs_update: лучший источник API → 5.11.18 (из 3)
2026-09-19 05:25:21,398 - INFO - [global] needs_update: local=(5, 9, 1) remote=(5, 11, 18) -> has_update=True
2026-09-19 05:25:21,398 - INFO - [global] Доступна обнова! Спавню кнопку
2026-09-19 05:25:34,809 - INFO - [global] LogUploader: запускаю upload_run_logs...
2026-09-19 05:25:34,811 - DEBUG - [global] log_uploader: START window=periodic made=-1 token=...Rjnfq
2026-09-19 05:25:35,676 - DEBUG - [global] _api_put: GET runs/20260919_052534_fail_periodic.log -> 404
2026-09-19 05:25:37,212 - DEBUG - [global] _api_put: PUT runs/20260919_052534_fail_periodic.log -> 201 (8836 bytes)
2026-09-19 05:25:37,214 - DEBUG - [global] log_uploader: STEP 1 (window log) -> https://github.com/StarateJI/L2Mauto/blob/bot-logs/runs/20260919_052534_fail_periodic.log
2026-09-19 05:25:37,215 - DEBUG - [global] log_uploader: STEP 2 SKIP (no PNGs)
2026-09-19 05:25:38,150 - DEBUG - [global] _api_put: GET runs/20260919_052534_fail_global.log -> 404
2026-09-19 05:25:39,768 - DEBUG - [global] _api_put: PUT runs/20260919_052534_fail_global.log -> 201 (19766 bytes)
2026-09-19 05:25:39,771 - DEBUG - [global] log_uploader: STEP 3 (global log) -> https://github.com/StarateJI/L2Mauto/blob/bot-logs/runs/20260919_052534_fail_global.log
2026-09-19 05:25:39,771 - DEBUG - [global] log_uploader: END window=periodic
2026-09-19 05:25:39,771 - INFO - [global] LogUploader: upload_run_logs завершён
2026-09-19 05:25:51,414 - INFO - [global] Проверяю обновы...
2026-09-19 05:25:52,325 - DEBUG - [global] needs_update: API GitHub → 5.11.18
2026-09-19 05:25:53,024 - DEBUG - [global] needs_update: raw → 5.11.18
2026-09-19 05:25:53,638 - DEBUG - [global] needs_update: jsdelivr → 5.11.7
2026-09-19 05:25:53,638 - DEBUG - [global] needs_update: лучший источник API → 5.11.18 (из 3)
2026-09-19 05:25:53,640 - INFO - [global] needs_update: local=(5, 9, 1) remote=(5, 11, 18) -> has_update=True
2026-09-19 05:25:53,640 - INFO - [global] Доступна обнова! Спавню кнопку
2026-09-19 05:26:23,661 - INFO - [global] Проверяю обновы...
2026-09-19 05:26:24,836 - DEBUG - [global] needs_update: API GitHub → 5.11.18
2026-09-19 05:26:25,601 - DEBUG - [global] needs_update: raw → 5.11.18
2026-09-19 05:26:26,272 - DEBUG - [global] needs_update: jsdelivr → 5.11.7
2026-09-19 05:26:26,272 - DEBUG - [global] needs_update: лучший источник API → 5.11.18 (из 3)
2026-09-19 05:26:26,275 - INFO - [global] needs_update: local=(5, 9, 1) remote=(5, 11, 18) -> has_update=True
2026-09-19 05:26:26,275 - INFO - [global] Доступна обнова! Спавню кнопку
2026-09-19 05:26:39,807 - INFO - [global] LogUploader: запускаю upload_run_logs...
2026-09-19 05:26:39,808 - DEBUG - [global] log_uploader: START window=periodic made=-1 token=...Rjnfq
2026-09-19 05:26:40,763 - DEBUG - [global] _api_put: GET runs/20260919_052639_fail_periodic.log -> 404
2026-09-19 05:26:42,446 - DEBUG - [global] _api_put: PUT runs/20260919_052639_fail_periodic.log -> 201 (8836 bytes)
2026-09-19 05:26:42,449 - DEBUG - [global] log_uploader: STEP 1 (window log) -> https://github.com/StarateJI/L2Mauto/blob/bot-logs/runs/20260919_052639_fail_periodic.log
2026-09-19 05:26:42,449 - DEBUG - [global] log_uploader: STEP 2 SKIP (no PNGs)
2026-09-19 05:26:43,504 - DEBUG - [global] _api_put: GET runs/20260919_052639_fail_global.log -> 404
2026-09-19 05:26:45,229 - DEBUG - [global] _api_put: PUT runs/20260919_052639_fail_global.log -> 201 (19766 bytes)
2026-09-19 05:26:45,232 - DEBUG - [global] log_uploader: STEP 3 (global log) -> https://github.com/StarateJI/L2Mauto/blob/bot-logs/runs/20260919_052639_fail_global.log
2026-09-19 05:26:45,232 - DEBUG - [global] log_uploader: END window=periodic
2026-09-19 05:26:45,232 - INFO - [global] LogUploader: upload_run_logs завершён
2026-09-19 05:26:56,291 - INFO - [global] Проверяю обновы...
2026-09-19 05:26:57,231 - DEBUG - [global] needs_update: API GitHub → 5.11.18
2026-09-19 05:26:57,940 - DEBUG - [global] needs_update: raw → 5.11.18
2026-09-19 05:26:58,570 - DEBUG - [global] needs_update: jsdelivr → 5.11.7
2026-09-19 05:26:58,570 - DEBUG - [global] needs_update: лучший источник API → 5.11.18 (из 3)
2026-09-19 05:26:58,573 - INFO - [global] needs_update: local=(5, 9, 1) remote=(5, 11, 18) -> has_update=True
2026-09-19 05:26:58,573 - INFO - [global] Доступна обнова! Спавню кнопку
2026-09-19 05:27:28,592 - INFO - [global] Проверяю обновы...
2026-09-19 05:27:29,444 - DEBUG - [global] needs_update: API GitHub → 5.11.18
2026-09-19 05:27:30,125 - DEBUG - [global] needs_update: raw → 5.11.18
2026-09-19 05:27:30,723 - DEBUG - [global] needs_update: jsdelivr → 5.11.7
2026-09-19 05:27:30,724 - DEBUG - [global] needs_update: лучший источник API → 5.11.18 (из 3)
2026-09-19 05:27:30,726 - INFO - [global] needs_update: local=(5, 9, 1) remote=(5, 11, 18) -> has_update=True
2026-09-19 05:27:30,726 - INFO - [global] Доступна обнова! Спавню кнопку
2026-09-19 05:27:45,268 - INFO - [global] LogUploader: запускаю upload_run_logs...
2026-09-19 05:27:45,269 - DEBUG - [global] log_uploader: START window=periodic made=-1 token=...Rjnfq
2026-09-19 05:27:46,160 - DEBUG - [global] _api_put: GET runs/20260919_052745_fail_periodic.log -> 404
2026-09-19 05:27:47,738 - DEBUG - [global] _api_put: PUT runs/20260919_052745_fail_periodic.log -> 201 (8836 bytes)
2026-09-19 05:27:47,740 - DEBUG - [global] log_uploader: STEP 1 (window log) -> https://github.com/StarateJI/L2Mauto/blob/bot-logs/runs/20260919_052745_fail_periodic.log
2026-09-19 05:27:47,741 - DEBUG - [global] log_uploader: STEP 2 SKIP (no PNGs)
