=== Log tail 2026-09-17T03:09:43.132057 | last 200 lines ===
2026-09-17 03:01:03,898 - DEBUG - [global] _api_put: GET runs/20260917_030100_fail_global.log -> 404
2026-09-17 03:01:05,465 - DEBUG - [global] _api_put: PUT runs/20260917_030100_fail_global.log -> 201 (19621 bytes)
2026-09-17 03:01:05,467 - DEBUG - [global] log_uploader: STEP 3 (global log) -> https://github.com/StarateJI/L2Mauto/blob/bot-logs/runs/20260917_030100_fail_global.log
2026-09-17 03:01:05,467 - DEBUG - [global] log_uploader: END window=periodic
2026-09-17 03:01:05,467 - INFO - [global] LogUploader: upload_run_logs завершён
2026-09-17 03:01:27,552 - INFO - [global] Проверяю обновы...
2026-09-17 03:01:28,405 - DEBUG - [global] needs_update: raw → 5.9.0
2026-09-17 03:01:29,305 - DEBUG - [global] needs_update: API GitHub → 5.9.0
2026-09-17 03:01:29,905 - DEBUG - [global] needs_update: jsdelivr → 5.9.0
2026-09-17 03:01:29,906 - DEBUG - [global] needs_update: лучший источник raw → 5.9.0 (из 3)
2026-09-17 03:01:29,908 - INFO - [global] needs_update: local=(5, 8, 2) remote=(5, 9, 0) -> has_update=True
2026-09-17 03:01:29,909 - INFO - [global] Доступна обнова! Спавню кнопку
2026-09-17 03:01:59,929 - INFO - [global] Проверяю обновы...
2026-09-17 03:02:00,586 - DEBUG - [global] needs_update: raw → 5.9.0
2026-09-17 03:02:01,491 - DEBUG - [global] needs_update: API GitHub → 5.9.0
2026-09-17 03:02:02,108 - DEBUG - [global] needs_update: jsdelivr → 5.9.0
2026-09-17 03:02:02,108 - DEBUG - [global] needs_update: лучший источник raw → 5.9.0 (из 3)
2026-09-17 03:02:02,111 - INFO - [global] needs_update: local=(5, 8, 2) remote=(5, 9, 0) -> has_update=True
2026-09-17 03:02:02,111 - INFO - [global] Доступна обнова! Спавню кнопку
2026-09-17 03:02:05,500 - INFO - [global] LogUploader: запускаю upload_run_logs...
2026-09-17 03:02:05,502 - DEBUG - [global] log_uploader: START window=periodic made=-1 token=...Rjnfq
2026-09-17 03:02:06,345 - DEBUG - [global] _api_put: GET runs/20260917_030205_fail_periodic.log -> 404
2026-09-17 03:02:07,908 - DEBUG - [global] _api_put: PUT runs/20260917_030205_fail_periodic.log -> 201 (10182 bytes)
2026-09-17 03:02:07,911 - DEBUG - [global] log_uploader: STEP 1 (window log) -> https://github.com/StarateJI/L2Mauto/blob/bot-logs/runs/20260917_030205_fail_periodic.log
2026-09-17 03:02:07,911 - DEBUG - [global] log_uploader: STEP 2 SKIP (no PNGs)
2026-09-17 03:02:08,877 - DEBUG - [global] _api_put: GET runs/20260917_030205_fail_global.log -> 404
2026-09-17 03:02:10,537 - DEBUG - [global] _api_put: PUT runs/20260917_030205_fail_global.log -> 201 (19621 bytes)
2026-09-17 03:02:10,540 - DEBUG - [global] log_uploader: STEP 3 (global log) -> https://github.com/StarateJI/L2Mauto/blob/bot-logs/runs/20260917_030205_fail_global.log
2026-09-17 03:02:10,540 - DEBUG - [global] log_uploader: END window=periodic
2026-09-17 03:02:10,540 - INFO - [global] LogUploader: upload_run_logs завершён
2026-09-17 03:02:32,129 - INFO - [global] Проверяю обновы...
2026-09-17 03:02:32,768 - DEBUG - [global] needs_update: raw → 5.9.0
2026-09-17 03:02:33,643 - DEBUG - [global] needs_update: API GitHub → 5.9.0
2026-09-17 03:02:34,190 - DEBUG - [global] needs_update: jsdelivr → 5.9.0
2026-09-17 03:02:34,190 - DEBUG - [global] needs_update: лучший источник raw → 5.9.0 (из 3)
2026-09-17 03:02:34,192 - INFO - [global] needs_update: local=(5, 8, 2) remote=(5, 9, 0) -> has_update=True
2026-09-17 03:02:34,192 - INFO - [global] Доступна обнова! Спавню кнопку
2026-09-17 03:03:04,210 - INFO - [global] Проверяю обновы...
2026-09-17 03:03:04,856 - DEBUG - [global] needs_update: raw → 5.9.0
2026-09-17 03:03:05,706 - DEBUG - [global] needs_update: API GitHub → 5.9.0
2026-09-17 03:03:06,353 - DEBUG - [global] needs_update: jsdelivr → 5.9.0
2026-09-17 03:03:06,354 - DEBUG - [global] needs_update: лучший источник raw → 5.9.0 (из 3)
2026-09-17 03:03:06,355 - INFO - [global] needs_update: local=(5, 8, 2) remote=(5, 9, 0) -> has_update=True
2026-09-17 03:03:06,355 - INFO - [global] Доступна обнова! Спавню кнопку
2026-09-17 03:03:10,583 - INFO - [global] LogUploader: запускаю upload_run_logs...
2026-09-17 03:03:10,584 - DEBUG - [global] log_uploader: START window=periodic made=-1 token=...Rjnfq
2026-09-17 03:03:11,471 - DEBUG - [global] _api_put: GET runs/20260917_030310_fail_periodic.log -> 404
2026-09-17 03:03:12,795 - DEBUG - [global] _api_put: PUT runs/20260917_030310_fail_periodic.log -> 201 (10182 bytes)
2026-09-17 03:03:12,800 - DEBUG - [global] log_uploader: STEP 1 (window log) -> https://github.com/StarateJI/L2Mauto/blob/bot-logs/runs/20260917_030310_fail_periodic.log
2026-09-17 03:03:12,801 - DEBUG - [global] log_uploader: STEP 2 SKIP (no PNGs)
2026-09-17 03:03:13,771 - DEBUG - [global] _api_put: GET runs/20260917_030310_fail_global.log -> 404
2026-09-17 03:03:15,321 - DEBUG - [global] _api_put: PUT runs/20260917_030310_fail_global.log -> 201 (19621 bytes)
2026-09-17 03:03:15,325 - DEBUG - [global] log_uploader: STEP 3 (global log) -> https://github.com/StarateJI/L2Mauto/blob/bot-logs/runs/20260917_030310_fail_global.log
2026-09-17 03:03:15,325 - DEBUG - [global] log_uploader: END window=periodic
2026-09-17 03:03:15,325 - INFO - [global] LogUploader: upload_run_logs завершён
2026-09-17 03:03:36,374 - INFO - [global] Проверяю обновы...
2026-09-17 03:03:37,065 - DEBUG - [global] needs_update: raw → 5.9.0
2026-09-17 03:03:37,999 - DEBUG - [global] needs_update: API GitHub → 5.9.0
2026-09-17 03:03:38,603 - DEBUG - [global] needs_update: jsdelivr → 5.9.0
2026-09-17 03:03:38,603 - DEBUG - [global] needs_update: лучший источник raw → 5.9.0 (из 3)
2026-09-17 03:03:38,607 - INFO - [global] needs_update: local=(5, 8, 2) remote=(5, 9, 0) -> has_update=True
2026-09-17 03:03:38,607 - INFO - [global] Доступна обнова! Спавню кнопку
2026-09-17 03:04:08,625 - INFO - [global] Проверяю обновы...
2026-09-17 03:04:09,243 - DEBUG - [global] needs_update: raw → 5.9.0
2026-09-17 03:04:10,143 - DEBUG - [global] needs_update: API GitHub → 5.9.0
2026-09-17 03:04:10,704 - DEBUG - [global] needs_update: jsdelivr → 5.9.0
2026-09-17 03:04:10,705 - DEBUG - [global] needs_update: лучший источник raw → 5.9.0 (из 3)
2026-09-17 03:04:10,706 - INFO - [global] needs_update: local=(5, 8, 2) remote=(5, 9, 0) -> has_update=True
2026-09-17 03:04:10,707 - INFO - [global] Доступна обнова! Спавню кнопку
2026-09-17 03:04:15,362 - INFO - [global] LogUploader: запускаю upload_run_logs...
2026-09-17 03:04:15,362 - DEBUG - [global] log_uploader: START window=periodic made=-1 token=...Rjnfq
2026-09-17 03:04:16,188 - DEBUG - [global] _api_put: GET runs/20260917_030415_fail_periodic.log -> 404
2026-09-17 03:04:17,616 - DEBUG - [global] _api_put: PUT runs/20260917_030415_fail_periodic.log -> 201 (10182 bytes)
2026-09-17 03:04:17,619 - DEBUG - [global] log_uploader: STEP 1 (window log) -> https://github.com/StarateJI/L2Mauto/blob/bot-logs/runs/20260917_030415_fail_periodic.log
2026-09-17 03:04:17,619 - DEBUG - [global] log_uploader: STEP 2 SKIP (no PNGs)
2026-09-17 03:04:18,590 - DEBUG - [global] _api_put: GET runs/20260917_030415_fail_global.log -> 404
2026-09-17 03:04:20,184 - DEBUG - [global] _api_put: PUT runs/20260917_030415_fail_global.log -> 201 (19621 bytes)
2026-09-17 03:04:20,186 - DEBUG - [global] log_uploader: STEP 3 (global log) -> https://github.com/StarateJI/L2Mauto/blob/bot-logs/runs/20260917_030415_fail_global.log
2026-09-17 03:04:20,186 - DEBUG - [global] log_uploader: END window=periodic
2026-09-17 03:04:20,186 - INFO - [global] LogUploader: upload_run_logs завершён
2026-09-17 03:04:40,724 - INFO - [global] Проверяю обновы...
2026-09-17 03:04:41,384 - DEBUG - [global] needs_update: raw → 5.9.0
2026-09-17 03:04:42,210 - DEBUG - [global] needs_update: API GitHub → 5.9.0
2026-09-17 03:04:42,742 - DEBUG - [global] needs_update: jsdelivr → 5.9.0
2026-09-17 03:04:42,742 - DEBUG - [global] needs_update: лучший источник raw → 5.9.0 (из 3)
2026-09-17 03:04:42,745 - INFO - [global] needs_update: local=(5, 8, 2) remote=(5, 9, 0) -> has_update=True
2026-09-17 03:04:42,745 - INFO - [global] Доступна обнова! Спавню кнопку
2026-09-17 03:05:12,764 - INFO - [global] Проверяю обновы...
2026-09-17 03:05:13,405 - DEBUG - [global] needs_update: raw → 5.9.0
2026-09-17 03:05:14,254 - DEBUG - [global] needs_update: API GitHub → 5.9.0
2026-09-17 03:05:14,812 - DEBUG - [global] needs_update: jsdelivr → 5.9.0
2026-09-17 03:05:14,812 - DEBUG - [global] needs_update: лучший источник raw → 5.9.0 (из 3)
2026-09-17 03:05:14,816 - INFO - [global] needs_update: local=(5, 8, 2) remote=(5, 9, 0) -> has_update=True
2026-09-17 03:05:14,816 - INFO - [global] Доступна обнова! Спавню кнопку
2026-09-17 03:05:20,223 - INFO - [global] LogUploader: запускаю upload_run_logs...
2026-09-17 03:05:20,223 - DEBUG - [global] log_uploader: START window=periodic made=-1 token=...Rjnfq
2026-09-17 03:05:21,101 - DEBUG - [global] _api_put: GET runs/20260917_030520_fail_periodic.log -> 404
2026-09-17 03:05:22,650 - DEBUG - [global] _api_put: PUT runs/20260917_030520_fail_periodic.log -> 201 (10182 bytes)
2026-09-17 03:05:22,651 - DEBUG - [global] log_uploader: STEP 1 (window log) -> https://github.com/StarateJI/L2Mauto/blob/bot-logs/runs/20260917_030520_fail_periodic.log
2026-09-17 03:05:22,652 - DEBUG - [global] log_uploader: STEP 2 SKIP (no PNGs)
2026-09-17 03:05:23,632 - DEBUG - [global] _api_put: GET runs/20260917_030520_fail_global.log -> 404
2026-09-17 03:05:25,320 - DEBUG - [global] _api_put: PUT runs/20260917_030520_fail_global.log -> 201 (19621 bytes)
2026-09-17 03:05:25,321 - DEBUG - [global] log_uploader: STEP 3 (global log) -> https://github.com/StarateJI/L2Mauto/blob/bot-logs/runs/20260917_030520_fail_global.log
2026-09-17 03:05:25,321 - DEBUG - [global] log_uploader: END window=periodic
2026-09-17 03:05:25,321 - INFO - [global] LogUploader: upload_run_logs завершён
2026-09-17 03:05:44,834 - INFO - [global] Проверяю обновы...
2026-09-17 03:05:45,563 - DEBUG - [global] needs_update: raw → 5.9.0
2026-09-17 03:05:46,411 - DEBUG - [global] needs_update: API GitHub → 5.9.0
2026-09-17 03:05:46,964 - DEBUG - [global] needs_update: jsdelivr → 5.9.0
2026-09-17 03:05:46,964 - DEBUG - [global] needs_update: лучший источник raw → 5.9.0 (из 3)
2026-09-17 03:05:46,966 - INFO - [global] needs_update: local=(5, 8, 2) remote=(5, 9, 0) -> has_update=True
2026-09-17 03:05:46,966 - INFO - [global] Доступна обнова! Спавню кнопку
2026-09-17 03:06:16,981 - INFO - [global] Проверяю обновы...
2026-09-17 03:06:17,703 - DEBUG - [global] needs_update: raw → 5.9.0
2026-09-17 03:06:18,548 - DEBUG - [global] needs_update: API GitHub → 5.9.0
2026-09-17 03:06:19,133 - DEBUG - [global] needs_update: jsdelivr → 5.9.0
2026-09-17 03:06:19,134 - DEBUG - [global] needs_update: лучший источник raw → 5.9.0 (из 3)
2026-09-17 03:06:19,135 - INFO - [global] needs_update: local=(5, 8, 2) remote=(5, 9, 0) -> has_update=True
2026-09-17 03:06:19,135 - INFO - [global] Доступна обнова! Спавню кнопку
2026-09-17 03:06:25,355 - INFO - [global] LogUploader: запускаю upload_run_logs...
2026-09-17 03:06:25,357 - DEBUG - [global] log_uploader: START window=periodic made=-1 token=...Rjnfq
2026-09-17 03:06:26,276 - DEBUG - [global] _api_put: GET runs/20260917_030625_fail_periodic.log -> 404
2026-09-17 03:06:27,764 - DEBUG - [global] _api_put: PUT runs/20260917_030625_fail_periodic.log -> 201 (10182 bytes)
2026-09-17 03:06:27,767 - DEBUG - [global] log_uploader: STEP 1 (window log) -> https://github.com/StarateJI/L2Mauto/blob/bot-logs/runs/20260917_030625_fail_periodic.log
2026-09-17 03:06:27,767 - DEBUG - [global] log_uploader: STEP 2 SKIP (no PNGs)
2026-09-17 03:06:28,772 - DEBUG - [global] _api_put: GET runs/20260917_030625_fail_global.log -> 404
2026-09-17 03:06:30,320 - DEBUG - [global] _api_put: PUT runs/20260917_030625_fail_global.log -> 201 (19621 bytes)
2026-09-17 03:06:30,323 - DEBUG - [global] log_uploader: STEP 3 (global log) -> https://github.com/StarateJI/L2Mauto/blob/bot-logs/runs/20260917_030625_fail_global.log
2026-09-17 03:06:30,324 - DEBUG - [global] log_uploader: END window=periodic
2026-09-17 03:06:30,324 - INFO - [global] LogUploader: upload_run_logs завершён
2026-09-17 03:06:49,152 - INFO - [global] Проверяю обновы...
2026-09-17 03:06:49,816 - DEBUG - [global] needs_update: raw → 5.9.0
2026-09-17 03:06:50,782 - DEBUG - [global] needs_update: API GitHub → 5.9.0
2026-09-17 03:06:51,400 - DEBUG - [global] needs_update: jsdelivr → 5.9.0
2026-09-17 03:06:51,400 - DEBUG - [global] needs_update: лучший источник raw → 5.9.0 (из 3)
2026-09-17 03:06:51,402 - INFO - [global] needs_update: local=(5, 8, 2) remote=(5, 9, 0) -> has_update=True
2026-09-17 03:06:51,402 - INFO - [global] Доступна обнова! Спавню кнопку
2026-09-17 03:07:21,419 - INFO - [global] Проверяю обновы...
2026-09-17 03:07:22,077 - DEBUG - [global] needs_update: raw → 5.9.0
2026-09-17 03:07:22,919 - DEBUG - [global] needs_update: API GitHub → 5.9.0
2026-09-17 03:07:23,521 - DEBUG - [global] needs_update: jsdelivr → 5.9.0
2026-09-17 03:07:23,521 - DEBUG - [global] needs_update: лучший источник raw → 5.9.0 (из 3)
2026-09-17 03:07:23,523 - INFO - [global] needs_update: local=(5, 8, 2) remote=(5, 9, 0) -> has_update=True
2026-09-17 03:07:23,523 - INFO - [global] Доступна обнова! Спавню кнопку
2026-09-17 03:07:30,357 - INFO - [global] LogUploader: запускаю upload_run_logs...
2026-09-17 03:07:30,358 - DEBUG - [global] log_uploader: START window=periodic made=-1 token=...Rjnfq
2026-09-17 03:07:31,290 - DEBUG - [global] _api_put: GET runs/20260917_030730_fail_periodic.log -> 404
2026-09-17 03:07:32,685 - DEBUG - [global] _api_put: PUT runs/20260917_030730_fail_periodic.log -> 201 (10182 bytes)
2026-09-17 03:07:32,688 - DEBUG - [global] log_uploader: STEP 1 (window log) -> https://github.com/StarateJI/L2Mauto/blob/bot-logs/runs/20260917_030730_fail_periodic.log
2026-09-17 03:07:32,689 - DEBUG - [global] log_uploader: STEP 2 SKIP (no PNGs)
2026-09-17 03:07:33,674 - DEBUG - [global] _api_put: GET runs/20260917_030730_fail_global.log -> 404
2026-09-17 03:07:35,226 - DEBUG - [global] _api_put: PUT runs/20260917_030730_fail_global.log -> 201 (19621 bytes)
2026-09-17 03:07:35,229 - DEBUG - [global] log_uploader: STEP 3 (global log) -> https://github.com/StarateJI/L2Mauto/blob/bot-logs/runs/20260917_030730_fail_global.log
2026-09-17 03:07:35,229 - DEBUG - [global] log_uploader: END window=periodic
2026-09-17 03:07:35,229 - INFO - [global] LogUploader: upload_run_logs завершён
2026-09-17 03:07:53,540 - INFO - [global] Проверяю обновы...
2026-09-17 03:07:54,161 - DEBUG - [global] needs_update: raw → 5.9.0
2026-09-17 03:07:55,026 - DEBUG - [global] needs_update: API GitHub → 5.9.0
2026-09-17 03:07:55,736 - DEBUG - [global] needs_update: jsdelivr → 5.9.0
2026-09-17 03:07:55,736 - DEBUG - [global] needs_update: лучший источник raw → 5.9.0 (из 3)
2026-09-17 03:07:55,738 - INFO - [global] needs_update: local=(5, 8, 2) remote=(5, 9, 0) -> has_update=True
2026-09-17 03:07:55,738 - INFO - [global] Доступна обнова! Спавню кнопку
2026-09-17 03:08:25,755 - INFO - [global] Проверяю обновы...
2026-09-17 03:08:26,403 - DEBUG - [global] needs_update: raw → 5.9.0
2026-09-17 03:08:27,284 - DEBUG - [global] needs_update: API GitHub → 5.9.0
2026-09-17 03:08:28,047 - DEBUG - [global] needs_update: jsdelivr → 5.9.0
2026-09-17 03:08:28,047 - DEBUG - [global] needs_update: лучший источник raw → 5.9.0 (из 3)
2026-09-17 03:08:28,051 - INFO - [global] needs_update: local=(5, 8, 2) remote=(5, 9, 0) -> has_update=True
2026-09-17 03:08:28,051 - INFO - [global] Доступна обнова! Спавню кнопку
2026-09-17 03:08:35,263 - INFO - [global] LogUploader: запускаю upload_run_logs...
2026-09-17 03:08:35,263 - DEBUG - [global] log_uploader: START window=periodic made=-1 token=...Rjnfq
2026-09-17 03:08:36,126 - DEBUG - [global] _api_put: GET runs/20260917_030835_fail_periodic.log -> 404
2026-09-17 03:08:37,610 - DEBUG - [global] _api_put: PUT runs/20260917_030835_fail_periodic.log -> 201 (10182 bytes)
2026-09-17 03:08:37,611 - DEBUG - [global] log_uploader: STEP 1 (window log) -> https://github.com/StarateJI/L2Mauto/blob/bot-logs/runs/20260917_030835_fail_periodic.log
2026-09-17 03:08:37,612 - DEBUG - [global] log_uploader: STEP 2 SKIP (no PNGs)
2026-09-17 03:08:38,661 - DEBUG - [global] _api_put: GET runs/20260917_030835_fail_global.log -> 404
2026-09-17 03:08:40,403 - DEBUG - [global] _api_put: PUT runs/20260917_030835_fail_global.log -> 201 (19621 bytes)
2026-09-17 03:08:40,406 - DEBUG - [global] log_uploader: STEP 3 (global log) -> https://github.com/StarateJI/L2Mauto/blob/bot-logs/runs/20260917_030835_fail_global.log
2026-09-17 03:08:40,406 - DEBUG - [global] log_uploader: END window=periodic
2026-09-17 03:08:40,406 - INFO - [global] LogUploader: upload_run_logs завершён
2026-09-17 03:08:58,068 - INFO - [global] Проверяю обновы...
2026-09-17 03:08:58,734 - DEBUG - [global] needs_update: raw → 5.9.0
2026-09-17 03:08:59,590 - DEBUG - [global] needs_update: API GitHub → 5.9.0
2026-09-17 03:09:00,238 - DEBUG - [global] needs_update: jsdelivr → 5.9.0
2026-09-17 03:09:00,239 - DEBUG - [global] needs_update: лучший источник raw → 5.9.0 (из 3)
2026-09-17 03:09:00,241 - INFO - [global] needs_update: local=(5, 8, 2) remote=(5, 9, 0) -> has_update=True
2026-09-17 03:09:00,241 - INFO - [global] Доступна обнова! Спавню кнопку
2026-09-17 03:09:30,264 - INFO - [global] Проверяю обновы...
2026-09-17 03:09:30,927 - DEBUG - [global] needs_update: raw → 5.9.0
2026-09-17 03:09:31,809 - DEBUG - [global] needs_update: API GitHub → 5.9.0
2026-09-17 03:09:32,469 - DEBUG - [global] needs_update: jsdelivr → 5.9.0
2026-09-17 03:09:32,469 - DEBUG - [global] needs_update: лучший источник raw → 5.9.0 (из 3)
2026-09-17 03:09:32,472 - INFO - [global] needs_update: local=(5, 8, 2) remote=(5, 9, 0) -> has_update=True
2026-09-17 03:09:32,472 - INFO - [global] Доступна обнова! Спавню кнопку
2026-09-17 03:09:40,441 - INFO - [global] LogUploader: запускаю upload_run_logs...
2026-09-17 03:09:40,441 - DEBUG - [global] log_uploader: START window=periodic made=-1 token=...Rjnfq
2026-09-17 03:09:41,324 - DEBUG - [global] _api_put: GET runs/20260917_030940_fail_periodic.log -> 404
2026-09-17 03:09:43,024 - DEBUG - [global] _api_put: PUT runs/20260917_030940_fail_periodic.log -> 201 (10182 bytes)
2026-09-17 03:09:43,026 - DEBUG - [global] log_uploader: STEP 1 (window log) -> https://github.com/StarateJI/L2Mauto/blob/bot-logs/runs/20260917_030940_fail_periodic.log
2026-09-17 03:09:43,026 - DEBUG - [global] log_uploader: STEP 2 SKIP (no PNGs)
