=== Log tail 2026-09-28T03:40:12.052011 | last 200 lines ===
2026-09-28 03:30:52,182 - DEBUG - [global] needs_update: API → 5.13.09
2026-09-28 03:30:52,183 - DEBUG - [global] needs_update: лучший источник raw → 5.13.09 (из 2)
2026-09-28 03:30:52,183 - INFO - [global] needs_update: local=(5, 13, 7) remote=(5, 13, 9) -> has_update=True
2026-09-28 03:30:52,183 - INFO - [global] Доступна обнова! Спавню кнопку
2026-09-28 03:31:15,173 - INFO - [global] LogUploader: запускаю upload_run_logs...
2026-09-28 03:31:15,173 - DEBUG - [global] log_uploader: START window=periodic made=-1 token=...Rjnfq
2026-09-28 03:31:16,360 - DEBUG - [global] _api_put: GET runs/20260928_033115_fail_periodic.log -> 404
2026-09-28 03:31:18,377 - DEBUG - [global] _api_put: PUT runs/20260928_033115_fail_periodic.log -> 201 (12066 bytes)
2026-09-28 03:31:18,380 - DEBUG - [global] log_uploader: STEP 1 (window log) -> https://github.com/StarateJI/L2Mauto/blob/bot-logs/runs/20260928_033115_fail_periodic.log
2026-09-28 03:31:18,381 - DEBUG - [global] log_uploader: STEP 2 SKIP (no PNGs)
2026-09-28 03:31:19,574 - DEBUG - [global] _api_put: GET runs/20260928_033115_fail_global.log -> 404
2026-09-28 03:31:21,686 - DEBUG - [global] _api_put: PUT runs/20260928_033115_fail_global.log -> 201 (20019 bytes)
2026-09-28 03:31:21,689 - DEBUG - [global] log_uploader: STEP 3 (global log) -> https://github.com/StarateJI/L2Mauto/blob/bot-logs/runs/20260928_033115_fail_global.log
2026-09-28 03:31:21,689 - DEBUG - [global] log_uploader: END window=periodic
2026-09-28 03:31:21,690 - INFO - [global] LogUploader: upload_run_logs завершён
2026-09-28 03:31:22,367 - INFO - [global] Проверяю обновы...
2026-09-28 03:31:23,317 - DEBUG - [global] needs_update: raw → 5.13.09
2026-09-28 03:31:23,554 - DEBUG - [global] needs_update: API → 5.13.09
2026-09-28 03:31:23,554 - DEBUG - [global] needs_update: лучший источник raw → 5.13.09 (из 2)
2026-09-28 03:31:23,555 - INFO - [global] needs_update: local=(5, 13, 7) remote=(5, 13, 9) -> has_update=True
2026-09-28 03:31:23,555 - INFO - [global] Доступна обнова! Спавню кнопку
2026-09-28 03:31:53,701 - INFO - [global] Проверяю обновы...
2026-09-28 03:31:54,783 - DEBUG - [global] needs_update: raw → 5.13.09
2026-09-28 03:31:55,221 - DEBUG - [global] needs_update: API → 5.13.09
2026-09-28 03:31:55,222 - DEBUG - [global] needs_update: лучший источник raw → 5.13.09 (из 2)
2026-09-28 03:31:55,222 - INFO - [global] needs_update: local=(5, 13, 7) remote=(5, 13, 9) -> has_update=True
2026-09-28 03:31:55,222 - INFO - [global] Доступна обнова! Спавню кнопку
2026-09-28 03:32:21,923 - INFO - [global] LogUploader: запускаю upload_run_logs...
2026-09-28 03:32:21,953 - DEBUG - [global] log_uploader: START window=periodic made=-1 token=...Rjnfq
2026-09-28 03:32:23,268 - DEBUG - [global] _api_put: GET runs/20260928_033221_fail_periodic.log -> 404
2026-09-28 03:32:25,367 - INFO - [global] Проверяю обновы...
2026-09-28 03:32:25,515 - DEBUG - [global] _api_put: PUT runs/20260928_033221_fail_periodic.log -> 201 (12066 bytes)
2026-09-28 03:32:25,518 - DEBUG - [global] log_uploader: STEP 1 (window log) -> https://github.com/StarateJI/L2Mauto/blob/bot-logs/runs/20260928_033221_fail_periodic.log
2026-09-28 03:32:25,518 - DEBUG - [global] log_uploader: STEP 2 SKIP (no PNGs)
2026-09-28 03:32:26,912 - DEBUG - [global] needs_update: API → 5.13.09
2026-09-28 03:32:27,012 - DEBUG - [global] needs_update: raw → 5.13.09
2026-09-28 03:32:27,013 - DEBUG - [global] needs_update: лучший источник API → 5.13.09 (из 2)
2026-09-28 03:32:27,013 - INFO - [global] needs_update: local=(5, 13, 7) remote=(5, 13, 9) -> has_update=True
2026-09-28 03:32:27,013 - INFO - [global] Доступна обнова! Спавню кнопку
2026-09-28 03:32:27,368 - DEBUG - [global] _api_put: GET runs/20260928_033221_fail_global.log -> 404
2026-09-28 03:32:29,540 - DEBUG - [global] _api_put: PUT runs/20260928_033221_fail_global.log -> 201 (20021 bytes)
2026-09-28 03:32:29,543 - DEBUG - [global] log_uploader: STEP 3 (global log) -> https://github.com/StarateJI/L2Mauto/blob/bot-logs/runs/20260928_033221_fail_global.log
2026-09-28 03:32:29,543 - DEBUG - [global] log_uploader: END window=periodic
2026-09-28 03:32:29,543 - INFO - [global] LogUploader: upload_run_logs завершён
2026-09-28 03:32:57,508 - INFO - [global] Проверяю обновы...
2026-09-28 03:32:58,550 - DEBUG - [global] needs_update: raw → 5.13.09
2026-09-28 03:32:58,755 - DEBUG - [global] needs_update: API → 5.13.09
2026-09-28 03:32:58,755 - DEBUG - [global] needs_update: лучший источник raw → 5.13.09 (из 2)
2026-09-28 03:32:58,755 - INFO - [global] needs_update: local=(5, 13, 7) remote=(5, 13, 9) -> has_update=True
2026-09-28 03:32:58,756 - INFO - [global] Доступна обнова! Спавню кнопку
2026-09-28 03:33:29,015 - INFO - [global] Проверяю обновы...
2026-09-28 03:33:30,035 - DEBUG - [global] needs_update: raw → 5.13.09
2026-09-28 03:33:30,165 - INFO - [global] LogUploader: запускаю upload_run_logs...
2026-09-28 03:33:30,166 - DEBUG - [global] log_uploader: START window=periodic made=-1 token=...Rjnfq
2026-09-28 03:33:30,225 - DEBUG - [global] needs_update: API → 5.13.09
2026-09-28 03:33:30,225 - DEBUG - [global] needs_update: лучший источник raw → 5.13.09 (из 2)
2026-09-28 03:33:30,226 - INFO - [global] needs_update: local=(5, 13, 7) remote=(5, 13, 9) -> has_update=True
2026-09-28 03:33:30,226 - INFO - [global] Доступна обнова! Спавню кнопку
2026-09-28 03:33:31,400 - DEBUG - [global] _api_put: GET runs/20260928_033330_fail_periodic.log -> 404
2026-09-28 03:33:33,512 - DEBUG - [global] _api_put: PUT runs/20260928_033330_fail_periodic.log -> 201 (12066 bytes)
2026-09-28 03:33:33,516 - DEBUG - [global] log_uploader: STEP 1 (window log) -> https://github.com/StarateJI/L2Mauto/blob/bot-logs/runs/20260928_033330_fail_periodic.log
2026-09-28 03:33:33,516 - DEBUG - [global] log_uploader: STEP 2 SKIP (no PNGs)
2026-09-28 03:33:35,112 - DEBUG - [global] _api_put: GET runs/20260928_033330_fail_global.log -> 404
2026-09-28 03:33:37,136 - DEBUG - [global] _api_put: PUT runs/20260928_033330_fail_global.log -> 201 (20001 bytes)
2026-09-28 03:33:37,140 - DEBUG - [global] log_uploader: STEP 3 (global log) -> https://github.com/StarateJI/L2Mauto/blob/bot-logs/runs/20260928_033330_fail_global.log
2026-09-28 03:33:37,140 - DEBUG - [global] log_uploader: END window=periodic
2026-09-28 03:33:37,140 - INFO - [global] LogUploader: upload_run_logs завершён
2026-09-28 03:34:00,327 - INFO - [global] Проверяю обновы...
2026-09-28 03:34:01,374 - DEBUG - [global] needs_update: raw → 5.13.09
2026-09-28 03:34:01,554 - DEBUG - [global] needs_update: API → 5.13.09
2026-09-28 03:34:01,555 - DEBUG - [global] needs_update: лучший источник raw → 5.13.09 (из 2)
2026-09-28 03:34:01,556 - INFO - [global] needs_update: local=(5, 13, 7) remote=(5, 13, 9) -> has_update=True
2026-09-28 03:34:01,556 - INFO - [global] Доступна обнова! Спавню кнопку
2026-09-28 03:34:31,647 - INFO - [global] Проверяю обновы...
2026-09-28 03:34:32,675 - DEBUG - [global] needs_update: raw → 5.13.09
2026-09-28 03:34:32,829 - DEBUG - [global] needs_update: API → 5.13.09
2026-09-28 03:34:32,829 - DEBUG - [global] needs_update: лучший источник raw → 5.13.09 (из 2)
2026-09-28 03:34:32,829 - INFO - [global] needs_update: local=(5, 13, 7) remote=(5, 13, 9) -> has_update=True
2026-09-28 03:34:32,830 - INFO - [global] Доступна обнова! Спавню кнопку
2026-09-28 03:34:37,264 - INFO - [global] LogUploader: запускаю upload_run_logs...
2026-09-28 03:34:37,265 - DEBUG - [global] log_uploader: START window=periodic made=-1 token=...Rjnfq
2026-09-28 03:34:38,431 - DEBUG - [global] _api_put: GET runs/20260928_033437_fail_periodic.log -> 404
2026-09-28 03:34:40,413 - DEBUG - [global] _api_put: PUT runs/20260928_033437_fail_periodic.log -> 201 (12066 bytes)
2026-09-28 03:34:40,416 - DEBUG - [global] log_uploader: STEP 1 (window log) -> https://github.com/StarateJI/L2Mauto/blob/bot-logs/runs/20260928_033437_fail_periodic.log
2026-09-28 03:34:40,417 - DEBUG - [global] log_uploader: STEP 2 SKIP (no PNGs)
2026-09-28 03:34:41,759 - DEBUG - [global] _api_put: GET runs/20260928_033437_fail_global.log -> 404
2026-09-28 03:34:43,945 - DEBUG - [global] _api_put: PUT runs/20260928_033437_fail_global.log -> 201 (20019 bytes)
2026-09-28 03:34:43,948 - DEBUG - [global] log_uploader: STEP 3 (global log) -> https://github.com/StarateJI/L2Mauto/blob/bot-logs/runs/20260928_033437_fail_global.log
2026-09-28 03:34:43,948 - DEBUG - [global] log_uploader: END window=periodic
2026-09-28 03:34:43,948 - INFO - [global] LogUploader: upload_run_logs завершён
2026-09-28 03:35:02,962 - INFO - [global] Проверяю обновы...
2026-09-28 03:35:03,915 - DEBUG - [global] needs_update: raw → 5.13.09
2026-09-28 03:35:04,086 - DEBUG - [global] needs_update: API → 5.13.09
2026-09-28 03:35:04,087 - DEBUG - [global] needs_update: лучший источник raw → 5.13.09 (из 2)
2026-09-28 03:35:04,087 - INFO - [global] needs_update: local=(5, 13, 7) remote=(5, 13, 9) -> has_update=True
2026-09-28 03:35:04,087 - INFO - [global] Доступна обнова! Спавню кнопку
2026-09-28 03:35:34,134 - INFO - [global] Проверяю обновы...
2026-09-28 03:35:35,078 - DEBUG - [global] needs_update: raw → 5.13.09
2026-09-28 03:35:35,302 - DEBUG - [global] needs_update: API → 5.13.09
2026-09-28 03:35:35,304 - DEBUG - [global] needs_update: лучший источник raw → 5.13.09 (из 2)
2026-09-28 03:35:35,304 - INFO - [global] needs_update: local=(5, 13, 7) remote=(5, 13, 9) -> has_update=True
2026-09-28 03:35:35,304 - INFO - [global] Доступна обнова! Спавню кнопку
2026-09-28 03:35:44,004 - INFO - [global] LogUploader: запускаю upload_run_logs...
2026-09-28 03:35:44,006 - DEBUG - [global] log_uploader: START window=periodic made=-1 token=...Rjnfq
2026-09-28 03:35:45,064 - DEBUG - [global] _api_put: GET runs/20260928_033544_fail_periodic.log -> 404
2026-09-28 03:35:46,982 - DEBUG - [global] _api_put: PUT runs/20260928_033544_fail_periodic.log -> 201 (12066 bytes)
2026-09-28 03:35:46,985 - DEBUG - [global] log_uploader: STEP 1 (window log) -> https://github.com/StarateJI/L2Mauto/blob/bot-logs/runs/20260928_033544_fail_periodic.log
2026-09-28 03:35:46,985 - DEBUG - [global] log_uploader: STEP 2 SKIP (no PNGs)
2026-09-28 03:35:48,043 - DEBUG - [global] _api_put: GET runs/20260928_033544_fail_global.log -> 404
2026-09-28 03:35:49,938 - DEBUG - [global] _api_put: PUT runs/20260928_033544_fail_global.log -> 201 (20019 bytes)
2026-09-28 03:35:49,941 - DEBUG - [global] log_uploader: STEP 3 (global log) -> https://github.com/StarateJI/L2Mauto/blob/bot-logs/runs/20260928_033544_fail_global.log
2026-09-28 03:35:49,942 - DEBUG - [global] log_uploader: END window=periodic
2026-09-28 03:35:49,942 - INFO - [global] LogUploader: upload_run_logs завершён
2026-09-28 03:36:05,327 - INFO - [global] Проверяю обновы...
2026-09-28 03:36:06,223 - DEBUG - [global] needs_update: raw → 5.13.09
2026-09-28 03:36:06,574 - DEBUG - [global] needs_update: API → 5.13.09
2026-09-28 03:36:06,574 - DEBUG - [global] needs_update: лучший источник raw → 5.13.09 (из 2)
2026-09-28 03:36:06,574 - INFO - [global] needs_update: local=(5, 13, 7) remote=(5, 13, 9) -> has_update=True
2026-09-28 03:36:06,574 - INFO - [global] Доступна обнова! Спавню кнопку
2026-09-28 03:36:36,599 - INFO - [global] Проверяю обновы...
2026-09-28 03:36:37,569 - DEBUG - [global] needs_update: raw → 5.13.09
2026-09-28 03:36:37,806 - DEBUG - [global] needs_update: API → 5.13.09
2026-09-28 03:36:37,806 - DEBUG - [global] needs_update: лучший источник raw → 5.13.09 (из 2)
2026-09-28 03:36:37,806 - INFO - [global] needs_update: local=(5, 13, 7) remote=(5, 13, 9) -> has_update=True
2026-09-28 03:36:37,806 - INFO - [global] Доступна обнова! Спавню кнопку
2026-09-28 03:36:49,985 - INFO - [global] LogUploader: запускаю upload_run_logs...
2026-09-28 03:36:49,986 - DEBUG - [global] log_uploader: START window=periodic made=-1 token=...Rjnfq
2026-09-28 03:36:51,003 - DEBUG - [global] _api_put: GET runs/20260928_033649_fail_periodic.log -> 404
2026-09-28 03:36:52,835 - DEBUG - [global] _api_put: PUT runs/20260928_033649_fail_periodic.log -> 201 (12066 bytes)
2026-09-28 03:36:52,837 - DEBUG - [global] log_uploader: STEP 1 (window log) -> https://github.com/StarateJI/L2Mauto/blob/bot-logs/runs/20260928_033649_fail_periodic.log
2026-09-28 03:36:52,838 - DEBUG - [global] log_uploader: STEP 2 SKIP (no PNGs)
2026-09-28 03:36:53,874 - DEBUG - [global] _api_put: GET runs/20260928_033649_fail_global.log -> 404
2026-09-28 03:36:55,708 - DEBUG - [global] _api_put: PUT runs/20260928_033649_fail_global.log -> 201 (20019 bytes)
2026-09-28 03:36:55,711 - DEBUG - [global] log_uploader: STEP 3 (global log) -> https://github.com/StarateJI/L2Mauto/blob/bot-logs/runs/20260928_033649_fail_global.log
2026-09-28 03:36:55,711 - DEBUG - [global] log_uploader: END window=periodic
2026-09-28 03:36:55,711 - INFO - [global] LogUploader: upload_run_logs завершён
2026-09-28 03:37:07,831 - INFO - [global] Проверяю обновы...
2026-09-28 03:37:08,809 - DEBUG - [global] needs_update: raw → 5.13.09
2026-09-28 03:37:09,003 - DEBUG - [global] needs_update: API → 5.13.09
2026-09-28 03:37:09,003 - DEBUG - [global] needs_update: лучший источник raw → 5.13.09 (из 2)
2026-09-28 03:37:09,003 - INFO - [global] needs_update: local=(5, 13, 7) remote=(5, 13, 9) -> has_update=True
2026-09-28 03:37:09,003 - INFO - [global] Доступна обнова! Спавню кнопку
2026-09-28 03:37:39,026 - INFO - [global] Проверяю обновы...
2026-09-28 03:37:40,041 - DEBUG - [global] needs_update: raw → 5.13.09
2026-09-28 03:37:40,186 - DEBUG - [global] needs_update: API → 5.13.09
2026-09-28 03:37:40,187 - DEBUG - [global] needs_update: лучший источник raw → 5.13.09 (из 2)
2026-09-28 03:37:40,187 - INFO - [global] needs_update: local=(5, 13, 7) remote=(5, 13, 9) -> has_update=True
2026-09-28 03:37:40,187 - INFO - [global] Доступна обнова! Спавню кнопку
2026-09-28 03:37:55,762 - INFO - [global] LogUploader: запускаю upload_run_logs...
2026-09-28 03:37:55,763 - DEBUG - [global] log_uploader: START window=periodic made=-1 token=...Rjnfq
2026-09-28 03:37:56,803 - DEBUG - [global] _api_put: GET runs/20260928_033755_fail_periodic.log -> 404
2026-09-28 03:37:58,975 - DEBUG - [global] _api_put: PUT runs/20260928_033755_fail_periodic.log -> 201 (12066 bytes)
2026-09-28 03:37:58,976 - DEBUG - [global] log_uploader: STEP 1 (window log) -> https://github.com/StarateJI/L2Mauto/blob/bot-logs/runs/20260928_033755_fail_periodic.log
2026-09-28 03:37:58,977 - DEBUG - [global] log_uploader: STEP 2 SKIP (no PNGs)
2026-09-28 03:38:00,065 - DEBUG - [global] _api_put: GET runs/20260928_033755_fail_global.log -> 404
2026-09-28 03:38:02,001 - DEBUG - [global] _api_put: PUT runs/20260928_033755_fail_global.log -> 201 (20019 bytes)
2026-09-28 03:38:02,003 - DEBUG - [global] log_uploader: STEP 3 (global log) -> https://github.com/StarateJI/L2Mauto/blob/bot-logs/runs/20260928_033755_fail_global.log
2026-09-28 03:38:02,004 - DEBUG - [global] log_uploader: END window=periodic
2026-09-28 03:38:02,004 - INFO - [global] LogUploader: upload_run_logs завершён
2026-09-28 03:38:10,209 - INFO - [global] Проверяю обновы...
2026-09-28 03:38:11,106 - DEBUG - [global] needs_update: raw → 5.13.09
2026-09-28 03:38:11,366 - DEBUG - [global] needs_update: API → 5.13.09
2026-09-28 03:38:11,369 - DEBUG - [global] needs_update: лучший источник raw → 5.13.09 (из 2)
2026-09-28 03:38:11,369 - INFO - [global] needs_update: local=(5, 13, 7) remote=(5, 13, 9) -> has_update=True
2026-09-28 03:38:11,369 - INFO - [global] Доступна обнова! Спавню кнопку
2026-09-28 03:38:41,404 - INFO - [global] Проверяю обновы...
2026-09-28 03:38:42,376 - DEBUG - [global] needs_update: raw → 5.13.09
2026-09-28 03:38:42,714 - DEBUG - [global] needs_update: API → 5.13.09
2026-09-28 03:38:42,715 - DEBUG - [global] needs_update: лучший источник raw → 5.13.09 (из 2)
2026-09-28 03:38:42,715 - INFO - [global] needs_update: local=(5, 13, 7) remote=(5, 13, 9) -> has_update=True
2026-09-28 03:38:42,715 - INFO - [global] Доступна обнова! Спавню кнопку
2026-09-28 03:39:02,087 - INFO - [global] LogUploader: запускаю upload_run_logs...
2026-09-28 03:39:02,088 - DEBUG - [global] log_uploader: START window=periodic made=-1 token=...Rjnfq
2026-09-28 03:39:03,140 - DEBUG - [global] _api_put: GET runs/20260928_033902_fail_periodic.log -> 404
2026-09-28 03:39:05,073 - DEBUG - [global] _api_put: PUT runs/20260928_033902_fail_periodic.log -> 201 (12066 bytes)
2026-09-28 03:39:05,076 - DEBUG - [global] log_uploader: STEP 1 (window log) -> https://github.com/StarateJI/L2Mauto/blob/bot-logs/runs/20260928_033902_fail_periodic.log
2026-09-28 03:39:05,076 - DEBUG - [global] log_uploader: STEP 2 SKIP (no PNGs)
2026-09-28 03:39:06,301 - DEBUG - [global] _api_put: GET runs/20260928_033902_fail_global.log -> 404
2026-09-28 03:39:08,482 - DEBUG - [global] _api_put: PUT runs/20260928_033902_fail_global.log -> 201 (20019 bytes)
2026-09-28 03:39:08,486 - DEBUG - [global] log_uploader: STEP 3 (global log) -> https://github.com/StarateJI/L2Mauto/blob/bot-logs/runs/20260928_033902_fail_global.log
2026-09-28 03:39:08,486 - DEBUG - [global] log_uploader: END window=periodic
2026-09-28 03:39:08,486 - INFO - [global] LogUploader: upload_run_logs завершён
2026-09-28 03:39:12,758 - INFO - [global] Проверяю обновы...
2026-09-28 03:39:13,765 - DEBUG - [global] needs_update: raw → 5.13.09
2026-09-28 03:39:13,940 - DEBUG - [global] needs_update: API → 5.13.09
2026-09-28 03:39:13,941 - DEBUG - [global] needs_update: лучший источник raw → 5.13.09 (из 2)
2026-09-28 03:39:13,942 - INFO - [global] needs_update: local=(5, 13, 7) remote=(5, 13, 9) -> has_update=True
2026-09-28 03:39:13,942 - INFO - [global] Доступна обнова! Спавню кнопку
2026-09-28 03:39:44,063 - INFO - [global] Проверяю обновы...
2026-09-28 03:39:45,032 - DEBUG - [global] needs_update: raw → 5.13.09
2026-09-28 03:39:45,229 - DEBUG - [global] needs_update: API → 5.13.09
2026-09-28 03:39:45,229 - DEBUG - [global] needs_update: лучший источник raw → 5.13.09 (из 2)
2026-09-28 03:39:45,229 - INFO - [global] needs_update: local=(5, 13, 7) remote=(5, 13, 9) -> has_update=True
2026-09-28 03:39:45,229 - INFO - [global] Доступна обнова! Спавню кнопку
2026-09-28 03:40:08,878 - INFO - [global] LogUploader: запускаю upload_run_logs...
2026-09-28 03:40:08,879 - DEBUG - [global] log_uploader: START window=periodic made=-1 token=...Rjnfq
2026-09-28 03:40:09,981 - DEBUG - [global] _api_put: GET runs/20260928_034008_fail_periodic.log -> 404
2026-09-28 03:40:11,978 - DEBUG - [global] _api_put: PUT runs/20260928_034008_fail_periodic.log -> 201 (12066 bytes)
2026-09-28 03:40:11,981 - DEBUG - [global] log_uploader: STEP 1 (window log) -> https://github.com/StarateJI/L2Mauto/blob/bot-logs/runs/20260928_034008_fail_periodic.log
2026-09-28 03:40:11,982 - DEBUG - [global] log_uploader: STEP 2 SKIP (no PNGs)
