=== Log tail 2026-10-03T02:10:35.277045 | last 200 lines ===
2026-10-03 02:01:33,519 - INFO - [global] Доступна обнова! Спавню кнопку
2026-10-03 02:01:45,978 - INFO - [global] LogUploader: запускаю upload_run_logs...
2026-10-03 02:01:45,978 - DEBUG - [global] log_uploader: START window=periodic made=-1 token=...Rjnfq
2026-10-03 02:01:46,836 - DEBUG - [global] _api_put: GET runs/20261003_020145_fail_periodic.log -> 404
2026-10-03 02:01:48,629 - DEBUG - [global] _api_put: PUT runs/20261003_020145_fail_periodic.log -> 201 (3411 bytes)
2026-10-03 02:01:48,631 - DEBUG - [global] log_uploader: STEP 1 (window log) -> https://github.com/StarateJI/L2Mauto/blob/bot-logs/runs/20261003_020145_fail_periodic.log
2026-10-03 02:01:48,631 - DEBUG - [global] log_uploader: STEP 2 SKIP (no PNGs)
2026-10-03 02:01:49,515 - DEBUG - [global] _api_put: GET runs/20261003_020145_fail_global.log -> 404
2026-10-03 02:01:51,554 - DEBUG - [global] _api_put: PUT runs/20261003_020145_fail_global.log -> 201 (20010 bytes)
2026-10-03 02:01:51,556 - DEBUG - [global] log_uploader: STEP 3 (global log) -> https://github.com/StarateJI/L2Mauto/blob/bot-logs/runs/20261003_020145_fail_global.log
2026-10-03 02:01:51,556 - DEBUG - [global] log_uploader: END window=periodic
2026-10-03 02:01:51,556 - INFO - [global] LogUploader: upload_run_logs завершён
2026-10-03 02:02:03,533 - INFO - [global] Проверяю обновы...
2026-10-03 02:02:04,333 - DEBUG - [global] needs_update: raw → 5.13.09
2026-10-03 02:02:04,492 - DEBUG - [global] needs_update: API → 5.13.09
2026-10-03 02:02:04,492 - DEBUG - [global] needs_update: лучший источник raw → 5.13.09 (из 2)
2026-10-03 02:02:04,492 - INFO - [global] needs_update: local=(5, 13, 7) remote=(5, 13, 9) -> has_update=True
2026-10-03 02:02:04,492 - INFO - [global] Доступна обнова! Спавню кнопку
2026-10-03 02:02:34,507 - INFO - [global] Проверяю обновы...
2026-10-03 02:02:35,255 - DEBUG - [global] needs_update: raw → 5.13.09
2026-10-03 02:02:35,511 - DEBUG - [global] needs_update: API → 5.13.09
2026-10-03 02:02:35,511 - DEBUG - [global] needs_update: лучший источник raw → 5.13.09 (из 2)
2026-10-03 02:02:35,511 - INFO - [global] needs_update: local=(5, 13, 7) remote=(5, 13, 9) -> has_update=True
2026-10-03 02:02:35,511 - INFO - [global] Доступна обнова! Спавню кнопку
2026-10-03 02:02:51,583 - INFO - [global] LogUploader: запускаю upload_run_logs...
2026-10-03 02:02:51,583 - DEBUG - [global] log_uploader: START window=periodic made=-1 token=...Rjnfq
2026-10-03 02:02:52,445 - DEBUG - [global] _api_put: GET runs/20261003_020251_fail_periodic.log -> 404
2026-10-03 02:02:55,183 - DEBUG - [global] _api_put: PUT runs/20261003_020251_fail_periodic.log -> 409 (3411 bytes)
2026-10-03 02:02:55,183 - WARNING - [global] _api_put: PUT failed body: {"message":"is at 99d6fd6376c2de932f398975aa283431a55752b1 but expected b443d4c0bc7961a07266b1eb4c4218bfa8d45e61","documentation_url":"https://docs.github.com/rest/repos/contents#create-or-update-file
2026-10-03 02:02:55,185 - DEBUG - [global] log_uploader: STEP 1 (window log) -> FAILED
2026-10-03 02:02:55,185 - DEBUG - [global] log_uploader: STEP 2 SKIP (no PNGs)
2026-10-03 02:02:56,096 - DEBUG - [global] _api_put: GET runs/20261003_020251_fail_global.log -> 404
2026-10-03 02:02:58,346 - DEBUG - [global] _api_put: PUT runs/20261003_020251_fail_global.log -> 201 (20127 bytes)
2026-10-03 02:02:58,349 - DEBUG - [global] log_uploader: STEP 3 (global log) -> https://github.com/StarateJI/L2Mauto/blob/bot-logs/runs/20261003_020251_fail_global.log
2026-10-03 02:02:58,349 - DEBUG - [global] log_uploader: END window=periodic
2026-10-03 02:02:58,349 - INFO - [global] LogUploader: upload_run_logs завершён
2026-10-03 02:03:05,528 - INFO - [global] Проверяю обновы...
2026-10-03 02:03:06,321 - DEBUG - [global] needs_update: raw → 5.13.09
2026-10-03 02:03:06,504 - DEBUG - [global] needs_update: API → 5.13.09
2026-10-03 02:03:06,504 - DEBUG - [global] needs_update: лучший источник raw → 5.13.09 (из 2)
2026-10-03 02:03:06,505 - INFO - [global] needs_update: local=(5, 13, 7) remote=(5, 13, 9) -> has_update=True
2026-10-03 02:03:06,505 - INFO - [global] Доступна обнова! Спавню кнопку
2026-10-03 02:03:36,520 - INFO - [global] Проверяю обновы...
2026-10-03 02:03:37,266 - DEBUG - [global] needs_update: raw → 5.13.09
2026-10-03 02:03:37,552 - DEBUG - [global] needs_update: API → 5.13.09
2026-10-03 02:03:37,552 - DEBUG - [global] needs_update: лучший источник raw → 5.13.09 (из 2)
2026-10-03 02:03:37,552 - INFO - [global] needs_update: local=(5, 13, 7) remote=(5, 13, 9) -> has_update=True
2026-10-03 02:03:37,552 - INFO - [global] Доступна обнова! Спавню кнопку
2026-10-03 02:03:58,378 - INFO - [global] LogUploader: запускаю upload_run_logs...
2026-10-03 02:03:58,378 - DEBUG - [global] log_uploader: START window=periodic made=-1 token=...Rjnfq
2026-10-03 02:03:59,220 - DEBUG - [global] _api_put: GET runs/20261003_020358_fail_periodic.log -> 404
2026-10-03 02:04:01,032 - DEBUG - [global] _api_put: PUT runs/20261003_020358_fail_periodic.log -> 409 (3411 bytes)
2026-10-03 02:04:01,032 - WARNING - [global] _api_put: PUT failed body: {"message":"is at 0cc437fa9f79cdfb73345b0ac08953cb9ec9ec5b but expected 1f5e9c905e91d1bb83c18e7b0bfe9565f28d60fb","documentation_url":"https://docs.github.com/rest/repos/contents#create-or-update-file
2026-10-03 02:04:01,034 - DEBUG - [global] log_uploader: STEP 1 (window log) -> FAILED
2026-10-03 02:04:01,035 - DEBUG - [global] log_uploader: STEP 2 SKIP (no PNGs)
2026-10-03 02:04:01,947 - DEBUG - [global] _api_put: GET runs/20261003_020358_fail_global.log -> 404
2026-10-03 02:04:03,896 - DEBUG - [global] _api_put: PUT runs/20261003_020358_fail_global.log -> 201 (20205 bytes)
2026-10-03 02:04:03,897 - DEBUG - [global] log_uploader: STEP 3 (global log) -> https://github.com/StarateJI/L2Mauto/blob/bot-logs/runs/20261003_020358_fail_global.log
2026-10-03 02:04:03,897 - DEBUG - [global] log_uploader: END window=periodic
2026-10-03 02:04:03,897 - INFO - [global] LogUploader: upload_run_logs завершён
2026-10-03 02:04:07,563 - INFO - [global] Проверяю обновы...
2026-10-03 02:04:08,323 - DEBUG - [global] needs_update: raw → 5.13.09
2026-10-03 02:04:08,503 - DEBUG - [global] needs_update: API → 5.13.09
2026-10-03 02:04:08,503 - DEBUG - [global] needs_update: лучший источник raw → 5.13.09 (из 2)
2026-10-03 02:04:08,503 - INFO - [global] needs_update: local=(5, 13, 7) remote=(5, 13, 9) -> has_update=True
2026-10-03 02:04:08,503 - INFO - [global] Доступна обнова! Спавню кнопку
2026-10-03 02:04:38,518 - INFO - [global] Проверяю обновы...
2026-10-03 02:04:39,243 - DEBUG - [global] needs_update: raw → 5.13.09
2026-10-03 02:04:39,513 - DEBUG - [global] needs_update: API → 5.13.09
2026-10-03 02:04:39,514 - DEBUG - [global] needs_update: лучший источник raw → 5.13.09 (из 2)
2026-10-03 02:04:39,514 - INFO - [global] needs_update: local=(5, 13, 7) remote=(5, 13, 9) -> has_update=True
2026-10-03 02:04:39,514 - INFO - [global] Доступна обнова! Спавню кнопку
2026-10-03 02:05:03,931 - INFO - [global] LogUploader: запускаю upload_run_logs...
2026-10-03 02:05:03,931 - DEBUG - [global] log_uploader: START window=periodic made=-1 token=...Rjnfq
2026-10-03 02:05:04,793 - DEBUG - [global] _api_put: GET runs/20261003_020503_fail_periodic.log -> 404
2026-10-03 02:05:06,718 - DEBUG - [global] _api_put: PUT runs/20261003_020503_fail_periodic.log -> 409 (3411 bytes)
2026-10-03 02:05:06,718 - WARNING - [global] _api_put: PUT failed body: {"message":"is at e3a87dbfad91b7ae6bd8d12a7477f30630be1194 but expected 34bb88ea1a8a128fd8cbc856d8c28a587147fa95","documentation_url":"https://docs.github.com/rest/repos/contents#create-or-update-file
2026-10-03 02:05:06,720 - DEBUG - [global] log_uploader: STEP 1 (window log) -> FAILED
2026-10-03 02:05:06,720 - DEBUG - [global] log_uploader: STEP 2 SKIP (no PNGs)
2026-10-03 02:05:07,608 - DEBUG - [global] _api_put: GET runs/20261003_020503_fail_global.log -> 404
2026-10-03 02:05:09,440 - DEBUG - [global] _api_put: PUT runs/20261003_020503_fail_global.log -> 201 (20285 bytes)
2026-10-03 02:05:09,442 - DEBUG - [global] log_uploader: STEP 3 (global log) -> https://github.com/StarateJI/L2Mauto/blob/bot-logs/runs/20261003_020503_fail_global.log
2026-10-03 02:05:09,442 - DEBUG - [global] log_uploader: END window=periodic
2026-10-03 02:05:09,442 - INFO - [global] LogUploader: upload_run_logs завершён
2026-10-03 02:05:09,528 - INFO - [global] Проверяю обновы...
2026-10-03 02:05:10,274 - DEBUG - [global] needs_update: raw → 5.13.09
2026-10-03 02:05:10,499 - DEBUG - [global] needs_update: API → 5.13.09
2026-10-03 02:05:10,499 - DEBUG - [global] needs_update: лучший источник raw → 5.13.09 (из 2)
2026-10-03 02:05:10,499 - INFO - [global] needs_update: local=(5, 13, 7) remote=(5, 13, 9) -> has_update=True
2026-10-03 02:05:10,499 - INFO - [global] Доступна обнова! Спавню кнопку
2026-10-03 02:05:40,513 - INFO - [global] Проверяю обновы...
2026-10-03 02:05:41,418 - DEBUG - [global] needs_update: raw → 5.13.09
2026-10-03 02:05:41,530 - DEBUG - [global] needs_update: API → 5.13.09
2026-10-03 02:05:41,530 - DEBUG - [global] needs_update: лучший источник raw → 5.13.09 (из 2)
2026-10-03 02:05:41,530 - INFO - [global] needs_update: local=(5, 13, 7) remote=(5, 13, 9) -> has_update=True
2026-10-03 02:05:41,530 - INFO - [global] Доступна обнова! Спавню кнопку
2026-10-03 02:06:09,476 - INFO - [global] LogUploader: запускаю upload_run_logs...
2026-10-03 02:06:09,476 - DEBUG - [global] log_uploader: START window=periodic made=-1 token=...Rjnfq
2026-10-03 02:06:10,411 - DEBUG - [global] _api_put: GET runs/20261003_020609_fail_periodic.log -> 404
2026-10-03 02:06:11,547 - INFO - [global] Проверяю обновы...
2026-10-03 02:06:12,352 - DEBUG - [global] needs_update: raw → 5.13.09
2026-10-03 02:06:12,358 - DEBUG - [global] _api_put: PUT runs/20261003_020609_fail_periodic.log -> 201 (3411 bytes)
2026-10-03 02:06:12,359 - DEBUG - [global] log_uploader: STEP 1 (window log) -> https://github.com/StarateJI/L2Mauto/blob/bot-logs/runs/20261003_020609_fail_periodic.log
2026-10-03 02:06:12,360 - DEBUG - [global] log_uploader: STEP 2 SKIP (no PNGs)
2026-10-03 02:06:12,512 - DEBUG - [global] needs_update: API → 5.13.09
2026-10-03 02:06:12,512 - DEBUG - [global] needs_update: лучший источник raw → 5.13.09 (из 2)
2026-10-03 02:06:12,512 - INFO - [global] needs_update: local=(5, 13, 7) remote=(5, 13, 9) -> has_update=True
2026-10-03 02:06:12,512 - INFO - [global] Доступна обнова! Спавню кнопку
2026-10-03 02:06:13,249 - DEBUG - [global] _api_put: GET runs/20261003_020609_fail_global.log -> 404
2026-10-03 02:06:15,436 - DEBUG - [global] _api_put: PUT runs/20261003_020609_fail_global.log -> 201 (20243 bytes)
2026-10-03 02:06:15,437 - DEBUG - [global] log_uploader: STEP 3 (global log) -> https://github.com/StarateJI/L2Mauto/blob/bot-logs/runs/20261003_020609_fail_global.log
2026-10-03 02:06:15,437 - DEBUG - [global] log_uploader: END window=periodic
2026-10-03 02:06:15,437 - INFO - [global] LogUploader: upload_run_logs завершён
2026-10-03 02:06:42,529 - INFO - [global] Проверяю обновы...
2026-10-03 02:06:43,297 - DEBUG - [global] needs_update: raw → 5.13.09
2026-10-03 02:06:43,594 - DEBUG - [global] needs_update: API → 5.13.09
2026-10-03 02:06:43,594 - DEBUG - [global] needs_update: лучший источник raw → 5.13.09 (из 2)
2026-10-03 02:06:43,595 - INFO - [global] needs_update: local=(5, 13, 7) remote=(5, 13, 9) -> has_update=True
2026-10-03 02:06:43,595 - INFO - [global] Доступна обнова! Спавню кнопку
2026-10-03 02:07:13,608 - INFO - [global] Проверяю обновы...
2026-10-03 02:07:14,371 - DEBUG - [global] needs_update: raw → 5.13.09
2026-10-03 02:07:14,589 - DEBUG - [global] needs_update: API → 5.13.09
2026-10-03 02:07:14,590 - DEBUG - [global] needs_update: лучший источник raw → 5.13.09 (из 2)
2026-10-03 02:07:14,590 - INFO - [global] needs_update: local=(5, 13, 7) remote=(5, 13, 9) -> has_update=True
2026-10-03 02:07:14,590 - INFO - [global] Доступна обнова! Спавню кнопку
2026-10-03 02:07:15,467 - INFO - [global] LogUploader: запускаю upload_run_logs...
2026-10-03 02:07:15,467 - DEBUG - [global] log_uploader: START window=periodic made=-1 token=...Rjnfq
2026-10-03 02:07:16,326 - DEBUG - [global] _api_put: GET runs/20261003_020715_fail_periodic.log -> 404
2026-10-03 02:07:18,101 - DEBUG - [global] _api_put: PUT runs/20261003_020715_fail_periodic.log -> 201 (3411 bytes)
2026-10-03 02:07:18,104 - DEBUG - [global] log_uploader: STEP 1 (window log) -> https://github.com/StarateJI/L2Mauto/blob/bot-logs/runs/20261003_020715_fail_periodic.log
2026-10-03 02:07:18,105 - DEBUG - [global] log_uploader: STEP 2 SKIP (no PNGs)
2026-10-03 02:07:19,172 - DEBUG - [global] _api_put: GET runs/20261003_020715_fail_global.log -> 404
2026-10-03 02:07:21,226 - DEBUG - [global] _api_put: PUT runs/20261003_020715_fail_global.log -> 201 (20285 bytes)
2026-10-03 02:07:21,227 - DEBUG - [global] log_uploader: STEP 3 (global log) -> https://github.com/StarateJI/L2Mauto/blob/bot-logs/runs/20261003_020715_fail_global.log
2026-10-03 02:07:21,228 - DEBUG - [global] log_uploader: END window=periodic
2026-10-03 02:07:21,228 - INFO - [global] LogUploader: upload_run_logs завершён
2026-10-03 02:07:44,605 - INFO - [global] Проверяю обновы...
2026-10-03 02:07:45,351 - DEBUG - [global] needs_update: raw → 5.13.09
2026-10-03 02:07:45,652 - DEBUG - [global] needs_update: API → 5.13.09
2026-10-03 02:07:45,652 - DEBUG - [global] needs_update: лучший источник raw → 5.13.09 (из 2)
2026-10-03 02:07:45,652 - INFO - [global] needs_update: local=(5, 13, 7) remote=(5, 13, 9) -> has_update=True
2026-10-03 02:07:45,652 - INFO - [global] Доступна обнова! Спавню кнопку
2026-10-03 02:08:15,669 - INFO - [global] Проверяю обновы...
2026-10-03 02:08:16,420 - DEBUG - [global] needs_update: raw → 5.13.09
2026-10-03 02:08:16,618 - DEBUG - [global] needs_update: API → 5.13.09
2026-10-03 02:08:16,619 - DEBUG - [global] needs_update: лучший источник raw → 5.13.09 (из 2)
2026-10-03 02:08:16,619 - INFO - [global] needs_update: local=(5, 13, 7) remote=(5, 13, 9) -> has_update=True
2026-10-03 02:08:16,619 - INFO - [global] Доступна обнова! Спавню кнопку
2026-10-03 02:08:21,256 - INFO - [global] LogUploader: запускаю upload_run_logs...
2026-10-03 02:08:21,256 - DEBUG - [global] log_uploader: START window=periodic made=-1 token=...Rjnfq
2026-10-03 02:08:22,108 - DEBUG - [global] _api_put: GET runs/20261003_020821_fail_periodic.log -> 404
2026-10-03 02:08:23,862 - DEBUG - [global] _api_put: PUT runs/20261003_020821_fail_periodic.log -> 201 (3411 bytes)
2026-10-03 02:08:23,864 - DEBUG - [global] log_uploader: STEP 1 (window log) -> https://github.com/StarateJI/L2Mauto/blob/bot-logs/runs/20261003_020821_fail_periodic.log
2026-10-03 02:08:23,864 - DEBUG - [global] log_uploader: STEP 2 SKIP (no PNGs)
2026-10-03 02:08:24,762 - DEBUG - [global] _api_put: GET runs/20261003_020821_fail_global.log -> 404
2026-10-03 02:08:26,816 - DEBUG - [global] _api_put: PUT runs/20261003_020821_fail_global.log -> 201 (20285 bytes)
2026-10-03 02:08:26,818 - DEBUG - [global] log_uploader: STEP 3 (global log) -> https://github.com/StarateJI/L2Mauto/blob/bot-logs/runs/20261003_020821_fail_global.log
2026-10-03 02:08:26,818 - DEBUG - [global] log_uploader: END window=periodic
2026-10-03 02:08:26,818 - INFO - [global] LogUploader: upload_run_logs завершён
2026-10-03 02:08:46,634 - INFO - [global] Проверяю обновы...
2026-10-03 02:08:47,406 - DEBUG - [global] needs_update: raw → 5.13.09
2026-10-03 02:08:47,668 - DEBUG - [global] needs_update: API → 5.13.09
2026-10-03 02:08:47,669 - DEBUG - [global] needs_update: лучший источник raw → 5.13.09 (из 2)
2026-10-03 02:08:47,669 - INFO - [global] needs_update: local=(5, 13, 7) remote=(5, 13, 9) -> has_update=True
2026-10-03 02:08:47,669 - INFO - [global] Доступна обнова! Спавню кнопку
2026-10-03 02:09:17,682 - INFO - [global] Проверяю обновы...
2026-10-03 02:09:18,400 - DEBUG - [global] needs_update: raw → 5.13.09
2026-10-03 02:09:18,650 - DEBUG - [global] needs_update: API → 5.13.09
2026-10-03 02:09:18,650 - DEBUG - [global] needs_update: лучший источник raw → 5.13.09 (из 2)
2026-10-03 02:09:18,650 - INFO - [global] needs_update: local=(5, 13, 7) remote=(5, 13, 9) -> has_update=True
2026-10-03 02:09:18,650 - INFO - [global] Доступна обнова! Спавню кнопку
2026-10-03 02:09:26,849 - INFO - [global] LogUploader: запускаю upload_run_logs...
2026-10-03 02:09:26,849 - DEBUG - [global] log_uploader: START window=periodic made=-1 token=...Rjnfq
2026-10-03 02:09:27,712 - DEBUG - [global] _api_put: GET runs/20261003_020926_fail_periodic.log -> 404
2026-10-03 02:09:29,757 - DEBUG - [global] _api_put: PUT runs/20261003_020926_fail_periodic.log -> 201 (3411 bytes)
2026-10-03 02:09:29,759 - DEBUG - [global] log_uploader: STEP 1 (window log) -> https://github.com/StarateJI/L2Mauto/blob/bot-logs/runs/20261003_020926_fail_periodic.log
2026-10-03 02:09:29,760 - DEBUG - [global] log_uploader: STEP 2 SKIP (no PNGs)
2026-10-03 02:09:30,664 - DEBUG - [global] _api_put: GET runs/20261003_020926_fail_global.log -> 404
2026-10-03 02:09:32,496 - DEBUG - [global] _api_put: PUT runs/20261003_020926_fail_global.log -> 201 (20285 bytes)
2026-10-03 02:09:32,498 - DEBUG - [global] log_uploader: STEP 3 (global log) -> https://github.com/StarateJI/L2Mauto/blob/bot-logs/runs/20261003_020926_fail_global.log
2026-10-03 02:09:32,498 - DEBUG - [global] log_uploader: END window=periodic
2026-10-03 02:09:32,498 - INFO - [global] LogUploader: upload_run_logs завершён
2026-10-03 02:09:48,665 - INFO - [global] Проверяю обновы...
2026-10-03 02:09:49,414 - DEBUG - [global] needs_update: raw → 5.13.09
2026-10-03 02:09:49,688 - DEBUG - [global] needs_update: API → 5.13.09
2026-10-03 02:09:49,688 - DEBUG - [global] needs_update: лучший источник raw → 5.13.09 (из 2)
2026-10-03 02:09:49,688 - INFO - [global] needs_update: local=(5, 13, 7) remote=(5, 13, 9) -> has_update=True
2026-10-03 02:09:49,688 - INFO - [global] Доступна обнова! Спавню кнопку
2026-10-03 02:10:19,701 - INFO - [global] Проверяю обновы...
2026-10-03 02:10:20,492 - DEBUG - [global] needs_update: raw → 5.13.09
2026-10-03 02:10:20,659 - DEBUG - [global] needs_update: API → 5.13.09
2026-10-03 02:10:20,659 - DEBUG - [global] needs_update: лучший источник raw → 5.13.09 (из 2)
2026-10-03 02:10:20,659 - INFO - [global] needs_update: local=(5, 13, 7) remote=(5, 13, 9) -> has_update=True
2026-10-03 02:10:20,659 - INFO - [global] Доступна обнова! Спавню кнопку
2026-10-03 02:10:32,529 - INFO - [global] LogUploader: запускаю upload_run_logs...
2026-10-03 02:10:32,529 - DEBUG - [global] log_uploader: START window=periodic made=-1 token=...Rjnfq
2026-10-03 02:10:33,387 - DEBUG - [global] _api_put: GET runs/20261003_021032_fail_periodic.log -> 404
2026-10-03 02:10:35,236 - DEBUG - [global] _api_put: PUT runs/20261003_021032_fail_periodic.log -> 201 (3411 bytes)
2026-10-03 02:10:35,238 - DEBUG - [global] log_uploader: STEP 1 (window log) -> https://github.com/StarateJI/L2Mauto/blob/bot-logs/runs/20261003_021032_fail_periodic.log
2026-10-03 02:10:35,239 - DEBUG - [global] log_uploader: STEP 2 SKIP (no PNGs)
