=== Log tail 2026-09-15T17:03:38.482757 | last 200 lines ===
2026-09-15 16:58:58,395 - DEBUG - [global] _api_put: PUT debug/Керриганн/au_final_fullscreen.png -> 201 (2293989 bytes)
2026-09-15 16:58:59,355 - DEBUG - [global] _api_put: GET debug/Керриганн/au_lot_zone.png -> 200
2026-09-15 16:59:00,812 - DEBUG - [global] _api_put: PUT debug/Керриганн/au_lot_zone.png -> 200 (1147 bytes)
2026-09-15 16:59:00,815 - DEBUG - [global] log_uploader: STEP 2 (PNGs) -> 3/5 (удалено с диска: 3)
2026-09-15 16:59:01,762 - DEBUG - [global] _api_put: GET runs/20260915_165847_fail_global.log -> 404
2026-09-15 16:59:03,614 - DEBUG - [global] _api_put: PUT runs/20260915_165847_fail_global.log -> 201 (21583 bytes)
2026-09-15 16:59:03,616 - DEBUG - [global] log_uploader: STEP 3 (global log) -> https://github.com/StarateJI/L2Mauto/blob/bot-logs/runs/20260915_165847_fail_global.log
2026-09-15 16:59:03,617 - DEBUG - [global] log_uploader: END window=Керриганн
2026-09-15 16:59:08,993 - INFO - [global] Ошибка отправки в тг | 380371690 | HTTP Client says - ClientConnectorError: Cannot connect to host api.telegram.org:443 ssl:default [Превышен таймаут семафора]
2026-09-15 16:59:17,089 - INFO - [global] Проверяю обновы...
2026-09-15 16:59:17,840 - DEBUG - [global] needs_update: raw → 5.6.13
2026-09-15 16:59:18,783 - DEBUG - [global] needs_update: API GitHub → 5.6.13
2026-09-15 16:59:19,525 - DEBUG - [global] needs_update: jsdelivr → 5.4.2
2026-09-15 16:59:19,525 - DEBUG - [global] needs_update: лучший источник raw → 5.6.13 (из 3)
2026-09-15 16:59:19,528 - INFO - [global] needs_update: local=(5, 6, 13) remote=(5, 6, 13) -> has_update=False
2026-09-15 16:59:19,528 - INFO - [global] Установлена последняя версия бота | 5.6.13
2026-09-15 16:59:25,616 - INFO - [global] LogUploader: запускаю upload_run_logs...
2026-09-15 16:59:25,616 - DEBUG - [global] log_uploader: START window=periodic made=-1 token=...Rjnfq
2026-09-15 16:59:26,540 - DEBUG - [global] _api_put: GET runs/20260915_165925_fail_periodic.log -> 404
2026-09-15 16:59:28,109 - DEBUG - [global] _api_put: PUT runs/20260915_165925_fail_periodic.log -> 409 (8286 bytes)
2026-09-15 16:59:28,109 - WARNING - [global] _api_put: PUT failed body: {"message":"is at a5f3f3500f63b6741cc79de485c2e8185101759a but expected d3eacec3363ea33ec8e682c087ab1adf0f881ea4","documentation_url":"https://docs.github.com/rest/repos/contents#create-or-update-file
2026-09-15 16:59:28,111 - DEBUG - [global] log_uploader: STEP 1 (window log) -> FAILED
2026-09-15 16:59:28,112 - DEBUG - [global] log_uploader: STEP 2 SKIP (no PNGs)
2026-09-15 16:59:29,128 - DEBUG - [global] _api_put: GET runs/20260915_165925_fail_global.log -> 404
2026-09-15 16:59:30,910 - DEBUG - [global] _api_put: PUT runs/20260915_165925_fail_global.log -> 201 (21926 bytes)
2026-09-15 16:59:30,913 - DEBUG - [global] log_uploader: STEP 3 (global log) -> https://github.com/StarateJI/L2Mauto/blob/bot-logs/runs/20260915_165925_fail_global.log
2026-09-15 16:59:30,913 - DEBUG - [global] log_uploader: END window=periodic
2026-09-15 16:59:30,913 - INFO - [global] LogUploader: upload_run_logs завершён
2026-09-15 16:59:49,557 - INFO - [global] Проверяю обновы...
2026-09-15 16:59:50,304 - DEBUG - [global] needs_update: raw → 5.6.13
2026-09-15 16:59:51,229 - DEBUG - [global] needs_update: API GitHub → 5.6.13
2026-09-15 16:59:51,982 - DEBUG - [global] needs_update: jsdelivr → 5.4.2
2026-09-15 16:59:51,982 - DEBUG - [global] needs_update: лучший источник raw → 5.6.13 (из 3)
2026-09-15 16:59:51,984 - INFO - [global] needs_update: local=(5, 6, 13) remote=(5, 6, 13) -> has_update=False
2026-09-15 16:59:51,985 - INFO - [global] Установлена последняя версия бота | 5.6.13
2026-09-15 17:00:22,005 - INFO - [global] Проверяю обновы...
2026-09-15 17:00:22,710 - DEBUG - [global] needs_update: raw → 5.6.13
2026-09-15 17:00:23,634 - DEBUG - [global] needs_update: API GitHub → 5.6.13
2026-09-15 17:00:24,359 - DEBUG - [global] needs_update: jsdelivr → 5.4.2
2026-09-15 17:00:24,359 - DEBUG - [global] needs_update: лучший источник raw → 5.6.13 (из 3)
2026-09-15 17:00:24,362 - INFO - [global] needs_update: local=(5, 6, 13) remote=(5, 6, 13) -> has_update=False
2026-09-15 17:00:24,362 - INFO - [global] Установлена последняя версия бота | 5.6.13
2026-09-15 17:00:30,956 - INFO - [global] LogUploader: запускаю upload_run_logs...
2026-09-15 17:00:30,957 - DEBUG - [global] log_uploader: START window=periodic made=-1 token=...Rjnfq
2026-09-15 17:00:31,873 - DEBUG - [global] _api_put: GET runs/20260915_170030_fail_periodic.log -> 404
2026-09-15 17:00:33,363 - DEBUG - [global] _api_put: PUT runs/20260915_170030_fail_periodic.log -> 201 (8286 bytes)
2026-09-15 17:00:33,365 - DEBUG - [global] log_uploader: STEP 1 (window log) -> https://github.com/StarateJI/L2Mauto/blob/bot-logs/runs/20260915_170030_fail_periodic.log
2026-09-15 17:00:33,365 - DEBUG - [global] log_uploader: STEP 2 SKIP (no PNGs)
2026-09-15 17:00:34,345 - DEBUG - [global] _api_put: GET runs/20260915_170030_fail_global.log -> 404
2026-09-15 17:00:35,890 - DEBUG - [global] _api_put: PUT runs/20260915_170030_fail_global.log -> 201 (21857 bytes)
2026-09-15 17:00:35,892 - DEBUG - [global] log_uploader: STEP 3 (global log) -> https://github.com/StarateJI/L2Mauto/blob/bot-logs/runs/20260915_170030_fail_global.log
2026-09-15 17:00:35,892 - DEBUG - [global] log_uploader: END window=periodic
2026-09-15 17:00:35,892 - INFO - [global] LogUploader: upload_run_logs завершён
2026-09-15 17:00:54,388 - INFO - [global] Проверяю обновы...
2026-09-15 17:00:55,103 - DEBUG - [global] needs_update: raw → 5.6.13
2026-09-15 17:00:56,028 - DEBUG - [global] needs_update: API GitHub → 5.6.13
2026-09-15 17:00:56,769 - DEBUG - [global] needs_update: jsdelivr → 5.4.2
2026-09-15 17:00:56,769 - DEBUG - [global] needs_update: лучший источник raw → 5.6.13 (из 3)
2026-09-15 17:00:56,771 - INFO - [global] needs_update: local=(5, 6, 13) remote=(5, 6, 13) -> has_update=False
2026-09-15 17:00:56,772 - INFO - [global] Установлена последняя версия бота | 5.6.13
2026-09-15 17:01:19,909 - INFO - [global] [-BaseProfile-] Остановил слушалку
2026-09-15 17:01:19,911 - DEBUG - [global] log_uploader: START window=Снегопад made=0 token=...Rjnfq
2026-09-15 17:01:20,504 - INFO - [global] Пачка 5/20: завершена за 145с
2026-09-15 17:01:20,835 - DEBUG - [global] _api_put: GET runs/20260915_170119_fail_Снегопад.log -> 404
2026-09-15 17:01:21,505 - INFO - [global] Пачка 6/20: старт (1 окон: ['Acura'])
2026-09-15 17:01:21,505 - INFO - [global] Запуск через 3 сек. | ['Acura']
2026-09-15 17:01:22,717 - DEBUG - [global] _api_put: PUT runs/20260915_170119_fail_Снегопад.log -> 201 (51222 bytes)
2026-09-15 17:01:22,719 - DEBUG - [global] log_uploader: STEP 1 (window log) -> https://github.com/StarateJI/L2Mauto/blob/bot-logs/runs/20260915_170119_fail_%D0%A1%D0%BD%D0%B5%D0%B3%D0%BE%D0%BF%D0%B0%D0%B4.log
2026-09-15 17:01:23,726 - DEBUG - [global] _api_put: GET debug/Снегопад/au_final_fullscreen.png -> 200
2026-09-15 17:01:26,793 - INFO - [global] Проверяю обновы...
2026-09-15 17:01:27,111 - DEBUG - [global] _api_put: PUT debug/Снегопад/au_final_fullscreen.png -> 200 (2298935 bytes)
2026-09-15 17:01:27,117 - DEBUG - [global] log_uploader: STEP 2 (PNGs) -> 1/1 (удалено с диска: 1)
2026-09-15 17:01:27,582 - DEBUG - [global] needs_update: raw → 5.6.13
2026-09-15 17:01:28,165 - DEBUG - [global] _api_put: GET runs/20260915_170119_fail_global.log -> 404
2026-09-15 17:01:28,564 - DEBUG - [global] needs_update: API GitHub → 5.6.13
2026-09-15 17:01:29,403 - DEBUG - [global] needs_update: jsdelivr → 5.4.2
2026-09-15 17:01:29,403 - DEBUG - [global] needs_update: лучший источник raw → 5.6.13 (из 3)
2026-09-15 17:01:29,406 - INFO - [global] needs_update: local=(5, 6, 13) remote=(5, 6, 13) -> has_update=False
2026-09-15 17:01:29,407 - INFO - [global] Установлена последняя версия бота | 5.6.13
2026-09-15 17:01:29,759 - DEBUG - [global] _api_put: PUT runs/20260915_170119_fail_global.log -> 201 (21966 bytes)
2026-09-15 17:01:29,762 - DEBUG - [global] log_uploader: STEP 3 (global log) -> https://github.com/StarateJI/L2Mauto/blob/bot-logs/runs/20260915_170119_fail_global.log
2026-09-15 17:01:29,762 - DEBUG - [global] log_uploader: END window=Снегопад
2026-09-15 17:01:35,938 - INFO - [global] LogUploader: запускаю upload_run_logs...
2026-09-15 17:01:35,939 - DEBUG - [global] log_uploader: START window=periodic made=-1 token=...Rjnfq
2026-09-15 17:01:36,907 - DEBUG - [global] _api_put: GET runs/20260915_170135_fail_periodic.log -> 200
2026-09-15 17:01:38,309 - DEBUG - [global] _api_put: PUT runs/20260915_170135_fail_periodic.log -> 200 (8286 bytes)
2026-09-15 17:01:38,311 - DEBUG - [global] log_uploader: STEP 1 (window log) -> https://github.com/StarateJI/L2Mauto/blob/bot-logs/runs/20260915_170135_fail_periodic.log
2026-09-15 17:01:38,311 - DEBUG - [global] log_uploader: STEP 2 SKIP (no PNGs)
2026-09-15 17:01:39,282 - DEBUG - [global] _api_put: GET runs/20260915_170135_fail_global.log -> 404
2026-09-15 17:01:40,372 - DEBUG - [global] _api_put: PUT runs/20260915_170135_fail_global.log -> 422 (21941 bytes)
2026-09-15 17:01:40,372 - WARNING - [global] _api_put: PUT failed body: {"message":"Invalid request.\n\n\"sha\" wasn't supplied.","documentation_url":"https://docs.github.com/rest/repos/contents#create-or-update-file-contents","status":"422"}
2026-09-15 17:01:40,373 - DEBUG - [global] log_uploader: STEP 3 (global log) -> FAILED
2026-09-15 17:01:40,373 - DEBUG - [global] log_uploader: END window=periodic
2026-09-15 17:01:40,373 - INFO - [global] LogUploader: upload_run_logs завершён
2026-09-15 17:01:41,217 - INFO - [global] Ошибка отправки в тг | 380371690 | HTTP Client says - ClientConnectorError: Cannot connect to host api.telegram.org:443 ssl:default [Превышен таймаут семафора]
2026-09-15 17:01:56,545 - DEBUG - [global] log_uploader: START window=Acura made=0 token=...Rjnfq
2026-09-15 17:01:57,582 - DEBUG - [global] _api_put: GET runs/20260915_170156_fail_Acura.log -> 404
2026-09-15 17:01:59,429 - INFO - [global] Проверяю обновы...
2026-09-15 17:01:59,526 - DEBUG - [global] _api_put: PUT runs/20260915_170156_fail_Acura.log -> 201 (49420 bytes)
2026-09-15 17:01:59,528 - DEBUG - [global] log_uploader: STEP 1 (window log) -> https://github.com/StarateJI/L2Mauto/blob/bot-logs/runs/20260915_170156_fail_Acura.log
2026-09-15 17:02:00,437 - DEBUG - [global] needs_update: raw → 5.6.13
2026-09-15 17:02:00,644 - DEBUG - [global] _api_put: GET debug/Acura/au_after_tab_sell.png -> 200
2026-09-15 17:02:01,549 - DEBUG - [global] needs_update: API GitHub → 5.6.13
2026-09-15 17:02:02,316 - DEBUG - [global] needs_update: jsdelivr → 5.4.2
2026-09-15 17:02:02,317 - DEBUG - [global] needs_update: лучший источник raw → 5.6.13 (из 3)
2026-09-15 17:02:02,319 - INFO - [global] needs_update: local=(5, 6, 13) remote=(5, 6, 13) -> has_update=False
2026-09-15 17:02:02,320 - INFO - [global] Установлена последняя версия бота | 5.6.13
2026-09-15 17:02:02,662 - INFO - [global] [-BaseProfile-] Остановил слушалку
2026-09-15 17:02:03,043 - INFO - [global] Пачка 6/20: завершена за 42с
2026-09-15 17:02:04,043 - INFO - [global] Пачка 7/20: старт (1 окон: ['AE86'])
2026-09-15 17:02:04,044 - INFO - [global] Запуск через 3 сек. | ['AE86']
2026-09-15 17:02:04,333 - DEBUG - [global] _api_put: PUT debug/Acura/au_after_tab_sell.png -> 200 (2438178 bytes)
2026-09-15 17:02:05,404 - DEBUG - [global] _api_put: GET debug/Acura/au_final_fullscreen.png -> 200
2026-09-15 17:02:08,724 - DEBUG - [global] _api_put: PUT debug/Acura/au_final_fullscreen.png -> 200 (2290425 bytes)
2026-09-15 17:02:09,675 - DEBUG - [global] _api_put: GET debug/Acura/au_lot_zone.png -> 200
2026-09-15 17:02:11,224 - DEBUG - [global] _api_put: PUT debug/Acura/au_lot_zone.png -> 200 (1146 bytes)
2026-09-15 17:02:11,228 - DEBUG - [global] log_uploader: STEP 2 (PNGs) -> 3/5 (удалено с диска: 3)
2026-09-15 17:02:12,186 - DEBUG - [global] _api_put: GET runs/20260915_170156_fail_global.log -> 404
2026-09-15 17:02:13,998 - DEBUG - [global] _api_put: PUT runs/20260915_170156_fail_global.log -> 201 (22014 bytes)
2026-09-15 17:02:14,000 - DEBUG - [global] log_uploader: STEP 3 (global log) -> https://github.com/StarateJI/L2Mauto/blob/bot-logs/runs/20260915_170156_fail_global.log
2026-09-15 17:02:14,000 - DEBUG - [global] log_uploader: END window=Acura
2026-09-15 17:02:18,028 - INFO - [global] Ошибка отправки в тг | 380371690 | HTTP Client says - ClientConnectorError: Cannot connect to host api.telegram.org:443 ssl:default [Превышен таймаут семафора]
2026-09-15 17:02:32,340 - INFO - [global] Проверяю обновы...
2026-09-15 17:02:33,121 - DEBUG - [global] needs_update: raw → 5.6.13
2026-09-15 17:02:34,011 - DEBUG - [global] needs_update: API GitHub → 5.6.13
2026-09-15 17:02:34,759 - DEBUG - [global] needs_update: jsdelivr → 5.4.1
2026-09-15 17:02:34,759 - DEBUG - [global] needs_update: лучший источник raw → 5.6.13 (из 3)
2026-09-15 17:02:34,761 - INFO - [global] needs_update: local=(5, 6, 13) remote=(5, 6, 13) -> has_update=False
2026-09-15 17:02:34,763 - INFO - [global] Установлена последняя версия бота | 5.6.13
2026-09-15 17:02:39,186 - DEBUG - [global] log_uploader: START window=AE86 made=0 token=...Rjnfq
2026-09-15 17:02:40,068 - DEBUG - [global] _api_put: GET runs/20260915_170239_fail_AE86.log -> 404
2026-09-15 17:02:40,421 - INFO - [global] LogUploader: запускаю upload_run_logs...
2026-09-15 17:02:40,421 - DEBUG - [global] log_uploader: START window=periodic made=-1 token=...Rjnfq
2026-09-15 17:02:41,333 - DEBUG - [global] _api_put: GET runs/20260915_170240_fail_periodic.log -> 404
2026-09-15 17:02:41,809 - DEBUG - [global] _api_put: PUT runs/20260915_170239_fail_AE86.log -> 201 (49588 bytes)
2026-09-15 17:02:41,812 - DEBUG - [global] log_uploader: STEP 1 (window log) -> https://github.com/StarateJI/L2Mauto/blob/bot-logs/runs/20260915_170239_fail_AE86.log
2026-09-15 17:02:42,659 - DEBUG - [global] _api_put: PUT runs/20260915_170240_fail_periodic.log -> 409 (8286 bytes)
2026-09-15 17:02:42,660 - WARNING - [global] _api_put: PUT failed body: {"message":"is at 1880ddd9862e6cf381a06d5658e76e53a5c331b0 but expected 4f15e7755854250a36735b8e1ae3449f17d15fd9","documentation_url":"https://docs.github.com/rest/repos/contents#create-or-update-file
2026-09-15 17:02:42,661 - DEBUG - [global] log_uploader: STEP 1 (window log) -> FAILED
2026-09-15 17:02:42,767 - DEBUG - [global] _api_put: GET debug/AE86/au_after_tab_sell.png -> 200
2026-09-15 17:02:43,743 - DEBUG - [global] _api_put: GET debug/periodic/au_after_tab_sell.png -> 200
2026-09-15 17:02:45,311 - INFO - [global] [-BaseProfile-] Остановил слушалку
2026-09-15 17:02:45,587 - INFO - [global] Пачка 7/20: завершена за 42с
2026-09-15 17:02:46,154 - DEBUG - [global] _api_put: PUT debug/AE86/au_after_tab_sell.png -> 409 (2389194 bytes)
2026-09-15 17:02:46,154 - WARNING - [global] _api_put: PUT failed body: {"message":"is at f39a01c65f38c22a0787aaa1b35a7b834b89cdfc but expected 1880ddd9862e6cf381a06d5658e76e53a5c331b0","documentation_url":"https://docs.github.com/rest/repos/contents#create-or-update-file
2026-09-15 17:02:46,588 - INFO - [global] Пачка 8/20: старт (1 окон: ['Submariner'])
2026-09-15 17:02:46,588 - INFO - [global] Запуск через 3 сек. | ['Submariner']
2026-09-15 17:02:46,892 - DEBUG - [global] _api_put: PUT debug/periodic/au_after_tab_sell.png -> 409 (2389194 bytes)
2026-09-15 17:02:46,892 - WARNING - [global] _api_put: PUT failed body: {"message":"is at f39a01c65f38c22a0787aaa1b35a7b834b89cdfc but expected 1880ddd9862e6cf381a06d5658e76e53a5c331b0","documentation_url":"https://docs.github.com/rest/repos/contents#create-or-update-file
2026-09-15 17:02:47,109 - DEBUG - [global] _api_put: GET debug/AE86/au_final_fullscreen.png -> 200
2026-09-15 17:02:47,935 - DEBUG - [global] _api_put: GET debug/periodic/au_final_fullscreen.png -> 200
2026-09-15 17:02:49,841 - DEBUG - [global] _api_put: PUT debug/AE86/au_final_fullscreen.png -> 200 (2286883 bytes)
2026-09-15 17:02:50,403 - DEBUG - [global] _api_put: PUT debug/periodic/au_final_fullscreen.png -> 409 (2286883 bytes)
2026-09-15 17:02:50,404 - WARNING - [global] _api_put: PUT failed body: {"message":"is at 9d1fe5477f0ce688a50668fa914d38c1ebb34642 but expected f39a01c65f38c22a0787aaa1b35a7b834b89cdfc","documentation_url":"https://docs.github.com/rest/repos/contents#create-or-update-file
2026-09-15 17:02:50,742 - DEBUG - [global] _api_put: GET debug/AE86/au_lot_zone.png -> 200
2026-09-15 17:02:51,385 - DEBUG - [global] _api_put: GET debug/periodic/au_lot_zone.png -> 200
2026-09-15 17:02:52,134 - DEBUG - [global] _api_put: PUT debug/AE86/au_lot_zone.png -> 200 (1188 bytes)
2026-09-15 17:02:52,779 - DEBUG - [global] _api_put: PUT debug/periodic/au_lot_zone.png -> 200 (1188 bytes)
2026-09-15 17:02:53,033 - DEBUG - [global] _api_put: GET debug/AE86/au_sample.png -> 200
2026-09-15 17:02:53,759 - DEBUG - [global] _api_put: GET debug/periodic/au_sample.png -> 200
2026-09-15 17:02:54,568 - DEBUG - [global] _api_put: PUT debug/AE86/au_sample.png -> 200 (1188 bytes)
2026-09-15 17:02:54,570 - DEBUG - [global] log_uploader: STEP 2 (PNGs) -> 3/5 (удалено с диска: 3)
2026-09-15 17:02:55,313 - DEBUG - [global] _api_put: PUT debug/periodic/au_sample.png -> 200 (1188 bytes)
2026-09-15 17:02:55,318 - DEBUG - [global] log_uploader: STEP 2 (PNGs) -> 2/5 (удалено с диска: 2)
2026-09-15 17:02:55,520 - DEBUG - [global] _api_put: GET runs/20260915_170239_fail_global.log -> 404
2026-09-15 17:02:56,365 - DEBUG - [global] _api_put: GET runs/20260915_170240_fail_global.log -> 404
2026-09-15 17:02:57,271 - DEBUG - [global] _api_put: PUT runs/20260915_170239_fail_global.log -> 201 (22448 bytes)
2026-09-15 17:02:57,273 - DEBUG - [global] log_uploader: STEP 3 (global log) -> https://github.com/StarateJI/L2Mauto/blob/bot-logs/runs/20260915_170239_fail_global.log
2026-09-15 17:02:57,273 - DEBUG - [global] log_uploader: END window=AE86
2026-09-15 17:02:58,085 - DEBUG - [global] _api_put: PUT runs/20260915_170240_fail_global.log -> 201 (22440 bytes)
2026-09-15 17:02:58,087 - DEBUG - [global] log_uploader: STEP 3 (global log) -> https://github.com/StarateJI/L2Mauto/blob/bot-logs/runs/20260915_170240_fail_global.log
2026-09-15 17:02:58,087 - DEBUG - [global] log_uploader: END window=periodic
2026-09-15 17:02:58,087 - INFO - [global] LogUploader: upload_run_logs завершён
2026-09-15 17:03:00,456 - INFO - [global] Ошибка отправки в тг | 380371690 | HTTP Client says - ClientConnectorError: Cannot connect to host api.telegram.org:443 ssl:default [Превышен таймаут семафора]
2026-09-15 17:03:04,779 - INFO - [global] Проверяю обновы...
2026-09-15 17:03:05,480 - DEBUG - [global] needs_update: raw → 5.6.13
2026-09-15 17:03:06,400 - DEBUG - [global] needs_update: API GitHub → 5.6.13
2026-09-15 17:03:07,155 - DEBUG - [global] needs_update: jsdelivr → 5.4.1
2026-09-15 17:03:07,155 - DEBUG - [global] needs_update: лучший источник raw → 5.6.13 (из 3)
2026-09-15 17:03:07,157 - INFO - [global] needs_update: local=(5, 6, 13) remote=(5, 6, 13) -> has_update=False
2026-09-15 17:03:07,158 - INFO - [global] Установлена последняя версия бота | 5.6.13
2026-09-15 17:03:22,021 - DEBUG - [global] log_uploader: START window=Submariner made=0 token=...Rjnfq
2026-09-15 17:03:22,911 - DEBUG - [global] _api_put: GET runs/20260915_170322_fail_Submariner.log -> 404
2026-09-15 17:03:24,787 - DEBUG - [global] _api_put: PUT runs/20260915_170322_fail_Submariner.log -> 201 (52189 bytes)
2026-09-15 17:03:24,790 - DEBUG - [global] log_uploader: STEP 1 (window log) -> https://github.com/StarateJI/L2Mauto/blob/bot-logs/runs/20260915_170322_fail_Submariner.log
2026-09-15 17:03:25,756 - DEBUG - [global] _api_put: GET debug/Submariner/au_after_tab_sell.png -> 200
2026-09-15 17:03:28,894 - DEBUG - [global] _api_put: PUT debug/Submariner/au_after_tab_sell.png -> 200 (2377677 bytes)
2026-09-15 17:03:29,151 - INFO - [global] [-BaseProfile-] Остановил слушалку
2026-09-15 17:03:29,865 - DEBUG - [global] _api_put: GET debug/Submariner/au_final_fullscreen.png -> 200
2026-09-15 17:03:30,124 - INFO - [global] Пачка 8/20: завершена за 44с
2026-09-15 17:03:31,126 - INFO - [global] Пачка 9/20: старт (1 окон: ['Floky'])
2026-09-15 17:03:31,126 - INFO - [global] Запуск через 3 сек. | ['Floky']
2026-09-15 17:03:33,333 - DEBUG - [global] _api_put: PUT debug/Submariner/au_final_fullscreen.png -> 200 (2284237 bytes)
2026-09-15 17:03:34,223 - DEBUG - [global] _api_put: GET debug/Submariner/au_lot_zone.png -> 200
2026-09-15 17:03:35,995 - DEBUG - [global] _api_put: PUT debug/Submariner/au_lot_zone.png -> 200 (1218 bytes)
2026-09-15 17:03:36,915 - DEBUG - [global] _api_put: GET debug/Submariner/au_sample.png -> 200
2026-09-15 17:03:37,177 - INFO - [global] Проверяю обновы...
2026-09-15 17:03:38,107 - DEBUG - [global] needs_update: raw → 5.6.13
2026-09-15 17:03:38,426 - DEBUG - [global] _api_put: PUT debug/Submariner/au_sample.png -> 200 (1218 bytes)
2026-09-15 17:03:38,428 - DEBUG - [global] log_uploader: STEP 2 (PNGs) -> 4/5 (удалено с диска: 4)
