=== Log tail 2026-10-03T08:44:13.805655 | last 200 lines ===
2026-10-03 08:34:56,605 - DEBUG - [global] needs_update: API → 5.13.09
2026-10-03 08:34:56,606 - DEBUG - [global] needs_update: лучший источник raw → 5.13.09 (из 2)
2026-10-03 08:34:56,606 - INFO - [global] needs_update: local=(5, 13, 7) remote=(5, 13, 9) -> has_update=True
2026-10-03 08:34:56,606 - INFO - [global] Доступна обнова! Спавню кнопку
2026-10-03 08:35:22,392 - INFO - [global] LogUploader: запускаю upload_run_logs...
2026-10-03 08:35:22,393 - DEBUG - [global] log_uploader: START window=periodic made=-1 token=...Rjnfq
2026-10-03 08:35:23,361 - DEBUG - [global] _api_put: GET runs/20261003_083522_fail_periodic.log -> 404
2026-10-03 08:35:25,381 - DEBUG - [global] _api_put: PUT runs/20261003_083522_fail_periodic.log -> 201 (12833 bytes)
2026-10-03 08:35:25,383 - DEBUG - [global] log_uploader: STEP 1 (window log) -> https://github.com/StarateJI/L2Mauto/blob/bot-logs/runs/20261003_083522_fail_periodic.log
2026-10-03 08:35:25,384 - DEBUG - [global] log_uploader: STEP 2 SKIP (no PNGs)
2026-10-03 08:35:26,388 - DEBUG - [global] _api_put: GET runs/20261003_083522_fail_global.log -> 404
2026-10-03 08:35:26,623 - INFO - [global] Проверяю обновы...
2026-10-03 08:35:27,507 - DEBUG - [global] needs_update: raw → 5.13.09
2026-10-03 08:35:27,730 - DEBUG - [global] needs_update: API → 5.13.09
2026-10-03 08:35:27,730 - DEBUG - [global] needs_update: лучший источник raw → 5.13.09 (из 2)
2026-10-03 08:35:27,731 - INFO - [global] needs_update: local=(5, 13, 7) remote=(5, 13, 9) -> has_update=True
2026-10-03 08:35:27,731 - INFO - [global] Доступна обнова! Спавню кнопку
2026-10-03 08:35:28,625 - DEBUG - [global] _api_put: PUT runs/20261003_083522_fail_global.log -> 201 (20019 bytes)
2026-10-03 08:35:28,628 - DEBUG - [global] log_uploader: STEP 3 (global log) -> https://github.com/StarateJI/L2Mauto/blob/bot-logs/runs/20261003_083522_fail_global.log
2026-10-03 08:35:28,628 - DEBUG - [global] log_uploader: END window=periodic
2026-10-03 08:35:28,628 - INFO - [global] LogUploader: upload_run_logs завершён
2026-10-03 08:35:57,746 - INFO - [global] Проверяю обновы...
2026-10-03 08:35:58,579 - DEBUG - [global] needs_update: raw → 5.13.09
2026-10-03 08:35:58,748 - DEBUG - [global] needs_update: API → 5.13.09
2026-10-03 08:35:58,749 - DEBUG - [global] needs_update: лучший источник raw → 5.13.09 (из 2)
2026-10-03 08:35:58,749 - INFO - [global] needs_update: local=(5, 13, 7) remote=(5, 13, 9) -> has_update=True
2026-10-03 08:35:58,749 - INFO - [global] Доступна обнова! Спавню кнопку
2026-10-03 08:36:28,653 - INFO - [global] LogUploader: запускаю upload_run_logs...
2026-10-03 08:36:28,653 - DEBUG - [global] log_uploader: START window=periodic made=-1 token=...Rjnfq
2026-10-03 08:36:28,769 - INFO - [global] Проверяю обновы...
2026-10-03 08:36:29,653 - DEBUG - [global] needs_update: raw → 5.13.09
2026-10-03 08:36:29,769 - DEBUG - [global] _api_put: GET runs/20261003_083628_fail_periodic.log -> 404
2026-10-03 08:36:29,873 - DEBUG - [global] needs_update: API → 5.13.09
2026-10-03 08:36:29,873 - DEBUG - [global] needs_update: лучший источник raw → 5.13.09 (из 2)
2026-10-03 08:36:29,873 - INFO - [global] needs_update: local=(5, 13, 7) remote=(5, 13, 9) -> has_update=True
2026-10-03 08:36:29,873 - INFO - [global] Доступна обнова! Спавню кнопку
2026-10-03 08:36:31,787 - DEBUG - [global] _api_put: PUT runs/20261003_083628_fail_periodic.log -> 201 (12833 bytes)
2026-10-03 08:36:31,788 - DEBUG - [global] log_uploader: STEP 1 (window log) -> https://github.com/StarateJI/L2Mauto/blob/bot-logs/runs/20261003_083628_fail_periodic.log
2026-10-03 08:36:31,789 - DEBUG - [global] log_uploader: STEP 2 SKIP (no PNGs)
2026-10-03 08:36:32,741 - DEBUG - [global] _api_put: GET runs/20261003_083628_fail_global.log -> 404
2026-10-03 08:36:34,666 - DEBUG - [global] _api_put: PUT runs/20261003_083628_fail_global.log -> 201 (19974 bytes)
2026-10-03 08:36:34,667 - DEBUG - [global] log_uploader: STEP 3 (global log) -> https://github.com/StarateJI/L2Mauto/blob/bot-logs/runs/20261003_083628_fail_global.log
2026-10-03 08:36:34,668 - DEBUG - [global] log_uploader: END window=periodic
2026-10-03 08:36:34,668 - INFO - [global] LogUploader: upload_run_logs завершён
2026-10-03 08:36:59,889 - INFO - [global] Проверяю обновы...
2026-10-03 08:37:00,723 - DEBUG - [global] needs_update: raw → 5.13.09
2026-10-03 08:37:00,913 - DEBUG - [global] needs_update: API → 5.13.09
2026-10-03 08:37:00,913 - DEBUG - [global] needs_update: лучший источник raw → 5.13.09 (из 2)
2026-10-03 08:37:00,913 - INFO - [global] needs_update: local=(5, 13, 7) remote=(5, 13, 9) -> has_update=True
2026-10-03 08:37:00,913 - INFO - [global] Доступна обнова! Спавню кнопку
2026-10-03 08:37:30,929 - INFO - [global] Проверяю обновы...
2026-10-03 08:37:31,739 - DEBUG - [global] needs_update: raw → 5.13.09
2026-10-03 08:37:32,000 - DEBUG - [global] needs_update: API → 5.13.09
2026-10-03 08:37:32,000 - DEBUG - [global] needs_update: лучший источник raw → 5.13.09 (из 2)
2026-10-03 08:37:32,000 - INFO - [global] needs_update: local=(5, 13, 7) remote=(5, 13, 9) -> has_update=True
2026-10-03 08:37:32,000 - INFO - [global] Доступна обнова! Спавню кнопку
2026-10-03 08:37:34,699 - INFO - [global] LogUploader: запускаю upload_run_logs...
2026-10-03 08:37:34,699 - DEBUG - [global] log_uploader: START window=periodic made=-1 token=...Rjnfq
2026-10-03 08:37:35,655 - DEBUG - [global] _api_put: GET runs/20261003_083734_fail_periodic.log -> 200
2026-10-03 08:37:37,462 - DEBUG - [global] _api_put: PUT runs/20261003_083734_fail_periodic.log -> 200 (12833 bytes)
2026-10-03 08:37:37,463 - DEBUG - [global] log_uploader: STEP 1 (window log) -> https://github.com/StarateJI/L2Mauto/blob/bot-logs/runs/20261003_083734_fail_periodic.log
2026-10-03 08:37:37,464 - DEBUG - [global] log_uploader: STEP 2 SKIP (no PNGs)
2026-10-03 08:37:38,544 - DEBUG - [global] _api_put: GET runs/20261003_083734_fail_global.log -> 200
2026-10-03 08:37:40,398 - DEBUG - [global] _api_put: PUT runs/20261003_083734_fail_global.log -> 200 (20019 bytes)
2026-10-03 08:37:40,400 - DEBUG - [global] log_uploader: STEP 3 (global log) -> https://github.com/StarateJI/L2Mauto/blob/bot-logs/runs/20261003_083734_fail_global.log
2026-10-03 08:37:40,400 - DEBUG - [global] log_uploader: END window=periodic
2026-10-03 08:37:40,400 - INFO - [global] LogUploader: upload_run_logs завершён
2026-10-03 08:38:02,015 - INFO - [global] Проверяю обновы...
2026-10-03 08:38:03,011 - DEBUG - [global] needs_update: raw → 5.13.09
2026-10-03 08:38:03,011 - DEBUG - [global] needs_update: API → 5.13.09
2026-10-03 08:38:03,011 - DEBUG - [global] needs_update: лучший источник raw → 5.13.09 (из 2)
2026-10-03 08:38:03,011 - INFO - [global] needs_update: local=(5, 13, 7) remote=(5, 13, 9) -> has_update=True
2026-10-03 08:38:03,011 - INFO - [global] Доступна обнова! Спавню кнопку
2026-10-03 08:38:33,027 - INFO - [global] Проверяю обновы...
2026-10-03 08:38:33,815 - DEBUG - [global] needs_update: raw → 5.13.09
2026-10-03 08:38:34,070 - DEBUG - [global] needs_update: API → 5.13.09
2026-10-03 08:38:34,070 - DEBUG - [global] needs_update: лучший источник raw → 5.13.09 (из 2)
2026-10-03 08:38:34,070 - INFO - [global] needs_update: local=(5, 13, 7) remote=(5, 13, 9) -> has_update=True
2026-10-03 08:38:34,070 - INFO - [global] Доступна обнова! Спавню кнопку
2026-10-03 08:38:40,432 - INFO - [global] LogUploader: запускаю upload_run_logs...
2026-10-03 08:38:40,433 - DEBUG - [global] log_uploader: START window=periodic made=-1 token=...Rjnfq
2026-10-03 08:38:41,377 - DEBUG - [global] _api_put: GET runs/20261003_083840_fail_periodic.log -> 200
2026-10-03 08:38:43,440 - DEBUG - [global] _api_put: PUT runs/20261003_083840_fail_periodic.log -> 200 (12833 bytes)
2026-10-03 08:38:43,442 - DEBUG - [global] log_uploader: STEP 1 (window log) -> https://github.com/StarateJI/L2Mauto/blob/bot-logs/runs/20261003_083840_fail_periodic.log
2026-10-03 08:38:43,443 - DEBUG - [global] log_uploader: STEP 2 SKIP (no PNGs)
2026-10-03 08:38:44,715 - DEBUG - [global] _api_put: GET runs/20261003_083840_fail_global.log -> 200
2026-10-03 08:38:46,691 - DEBUG - [global] _api_put: PUT runs/20261003_083840_fail_global.log -> 200 (20019 bytes)
2026-10-03 08:38:46,693 - DEBUG - [global] log_uploader: STEP 3 (global log) -> https://github.com/StarateJI/L2Mauto/blob/bot-logs/runs/20261003_083840_fail_global.log
2026-10-03 08:38:46,693 - DEBUG - [global] log_uploader: END window=periodic
2026-10-03 08:38:46,693 - INFO - [global] LogUploader: upload_run_logs завершён
2026-10-03 08:39:04,086 - INFO - [global] Проверяю обновы...
2026-10-03 08:39:04,924 - DEBUG - [global] needs_update: raw → 5.13.09
2026-10-03 08:39:05,111 - DEBUG - [global] needs_update: API → 5.13.09
2026-10-03 08:39:05,111 - DEBUG - [global] needs_update: лучший источник raw → 5.13.09 (из 2)
2026-10-03 08:39:05,111 - INFO - [global] needs_update: local=(5, 13, 7) remote=(5, 13, 9) -> has_update=True
2026-10-03 08:39:05,111 - INFO - [global] Доступна обнова! Спавню кнопку
2026-10-03 08:39:35,129 - INFO - [global] Проверяю обновы...
2026-10-03 08:39:35,952 - DEBUG - [global] needs_update: raw → 5.13.09
2026-10-03 08:39:36,184 - DEBUG - [global] needs_update: API → 5.13.09
2026-10-03 08:39:36,185 - DEBUG - [global] needs_update: лучший источник raw → 5.13.09 (из 2)
2026-10-03 08:39:36,185 - INFO - [global] needs_update: local=(5, 13, 7) remote=(5, 13, 9) -> has_update=True
2026-10-03 08:39:36,185 - INFO - [global] Доступна обнова! Спавню кнопку
2026-10-03 08:39:46,723 - INFO - [global] LogUploader: запускаю upload_run_logs...
2026-10-03 08:39:46,724 - DEBUG - [global] log_uploader: START window=periodic made=-1 token=...Rjnfq
2026-10-03 08:39:47,655 - DEBUG - [global] _api_put: GET runs/20261003_083946_fail_periodic.log -> 404
2026-10-03 08:39:49,705 - DEBUG - [global] _api_put: PUT runs/20261003_083946_fail_periodic.log -> 201 (12833 bytes)
2026-10-03 08:39:49,708 - DEBUG - [global] log_uploader: STEP 1 (window log) -> https://github.com/StarateJI/L2Mauto/blob/bot-logs/runs/20261003_083946_fail_periodic.log
2026-10-03 08:39:49,709 - DEBUG - [global] log_uploader: STEP 2 SKIP (no PNGs)
2026-10-03 08:39:50,746 - DEBUG - [global] _api_put: GET runs/20261003_083946_fail_global.log -> 404
2026-10-03 08:39:52,735 - DEBUG - [global] _api_put: PUT runs/20261003_083946_fail_global.log -> 201 (20019 bytes)
2026-10-03 08:39:52,737 - DEBUG - [global] log_uploader: STEP 3 (global log) -> https://github.com/StarateJI/L2Mauto/blob/bot-logs/runs/20261003_083946_fail_global.log
2026-10-03 08:39:52,737 - DEBUG - [global] log_uploader: END window=periodic
2026-10-03 08:39:52,737 - INFO - [global] LogUploader: upload_run_logs завершён
2026-10-03 08:40:06,203 - INFO - [global] Проверяю обновы...
2026-10-03 08:40:07,036 - DEBUG - [global] needs_update: raw → 5.13.09
2026-10-03 08:40:07,240 - DEBUG - [global] needs_update: API → 5.13.09
2026-10-03 08:40:07,240 - DEBUG - [global] needs_update: лучший источник raw → 5.13.09 (из 2)
2026-10-03 08:40:07,240 - INFO - [global] needs_update: local=(5, 13, 7) remote=(5, 13, 9) -> has_update=True
2026-10-03 08:40:07,240 - INFO - [global] Доступна обнова! Спавню кнопку
2026-10-03 08:40:37,258 - INFO - [global] Проверяю обновы...
2026-10-03 08:40:38,138 - DEBUG - [global] needs_update: raw → 5.13.09
2026-10-03 08:40:38,352 - DEBUG - [global] needs_update: API → 5.13.09
2026-10-03 08:40:38,352 - DEBUG - [global] needs_update: лучший источник raw → 5.13.09 (из 2)
2026-10-03 08:40:38,352 - INFO - [global] needs_update: local=(5, 13, 7) remote=(5, 13, 9) -> has_update=True
2026-10-03 08:40:38,352 - INFO - [global] Доступна обнова! Спавню кнопку
2026-10-03 08:40:52,767 - INFO - [global] LogUploader: запускаю upload_run_logs...
2026-10-03 08:40:52,768 - DEBUG - [global] log_uploader: START window=periodic made=-1 token=...Rjnfq
2026-10-03 08:40:53,714 - DEBUG - [global] _api_put: GET runs/20261003_084052_fail_periodic.log -> 404
2026-10-03 08:40:55,633 - DEBUG - [global] _api_put: PUT runs/20261003_084052_fail_periodic.log -> 201 (12833 bytes)
2026-10-03 08:40:55,636 - DEBUG - [global] log_uploader: STEP 1 (window log) -> https://github.com/StarateJI/L2Mauto/blob/bot-logs/runs/20261003_084052_fail_periodic.log
2026-10-03 08:40:55,637 - DEBUG - [global] log_uploader: STEP 2 SKIP (no PNGs)
2026-10-03 08:40:56,596 - DEBUG - [global] _api_put: GET runs/20261003_084052_fail_global.log -> 404
2026-10-03 08:40:58,659 - DEBUG - [global] _api_put: PUT runs/20261003_084052_fail_global.log -> 201 (20019 bytes)
2026-10-03 08:40:58,660 - DEBUG - [global] log_uploader: STEP 3 (global log) -> https://github.com/StarateJI/L2Mauto/blob/bot-logs/runs/20261003_084052_fail_global.log
2026-10-03 08:40:58,660 - DEBUG - [global] log_uploader: END window=periodic
2026-10-03 08:40:58,660 - INFO - [global] LogUploader: upload_run_logs завершён
2026-10-03 08:41:08,369 - INFO - [global] Проверяю обновы...
2026-10-03 08:41:09,212 - DEBUG - [global] needs_update: raw → 5.13.09
2026-10-03 08:41:09,403 - DEBUG - [global] needs_update: API → 5.13.09
2026-10-03 08:41:09,404 - DEBUG - [global] needs_update: лучший источник raw → 5.13.09 (из 2)
2026-10-03 08:41:09,404 - INFO - [global] needs_update: local=(5, 13, 7) remote=(5, 13, 9) -> has_update=True
2026-10-03 08:41:09,404 - INFO - [global] Доступна обнова! Спавню кнопку
2026-10-03 08:41:39,419 - INFO - [global] Проверяю обновы...
2026-10-03 08:41:40,237 - DEBUG - [global] needs_update: raw → 5.13.09
2026-10-03 08:41:40,495 - DEBUG - [global] needs_update: API → 5.13.09
2026-10-03 08:41:40,496 - DEBUG - [global] needs_update: лучший источник raw → 5.13.09 (из 2)
2026-10-03 08:41:40,496 - INFO - [global] needs_update: local=(5, 13, 7) remote=(5, 13, 9) -> has_update=True
2026-10-03 08:41:40,496 - INFO - [global] Доступна обнова! Спавню кнопку
2026-10-03 08:41:58,688 - INFO - [global] LogUploader: запускаю upload_run_logs...
2026-10-03 08:41:58,689 - DEBUG - [global] log_uploader: START window=periodic made=-1 token=...Rjnfq
2026-10-03 08:41:59,687 - DEBUG - [global] _api_put: GET runs/20261003_084158_fail_periodic.log -> 404
2026-10-03 08:42:01,624 - DEBUG - [global] _api_put: PUT runs/20261003_084158_fail_periodic.log -> 201 (12833 bytes)
2026-10-03 08:42:01,626 - DEBUG - [global] log_uploader: STEP 1 (window log) -> https://github.com/StarateJI/L2Mauto/blob/bot-logs/runs/20261003_084158_fail_periodic.log
2026-10-03 08:42:01,626 - DEBUG - [global] log_uploader: STEP 2 SKIP (no PNGs)
2026-10-03 08:42:02,602 - DEBUG - [global] _api_put: GET runs/20261003_084158_fail_global.log -> 404
2026-10-03 08:42:04,435 - DEBUG - [global] _api_put: PUT runs/20261003_084158_fail_global.log -> 201 (20019 bytes)
2026-10-03 08:42:04,437 - DEBUG - [global] log_uploader: STEP 3 (global log) -> https://github.com/StarateJI/L2Mauto/blob/bot-logs/runs/20261003_084158_fail_global.log
2026-10-03 08:42:04,437 - DEBUG - [global] log_uploader: END window=periodic
2026-10-03 08:42:04,437 - INFO - [global] LogUploader: upload_run_logs завершён
2026-10-03 08:42:10,511 - INFO - [global] Проверяю обновы...
2026-10-03 08:42:11,287 - DEBUG - [global] needs_update: raw → 5.13.09
2026-10-03 08:42:11,527 - DEBUG - [global] needs_update: API → 5.13.09
2026-10-03 08:42:11,527 - DEBUG - [global] needs_update: лучший источник raw → 5.13.09 (из 2)
2026-10-03 08:42:11,527 - INFO - [global] needs_update: local=(5, 13, 7) remote=(5, 13, 9) -> has_update=True
2026-10-03 08:42:11,527 - INFO - [global] Доступна обнова! Спавню кнопку
2026-10-03 08:42:41,542 - INFO - [global] Проверяю обновы...
2026-10-03 08:42:42,443 - DEBUG - [global] needs_update: raw → 5.13.09
2026-10-03 08:42:42,632 - DEBUG - [global] needs_update: API → 5.13.09
2026-10-03 08:42:42,633 - DEBUG - [global] needs_update: лучший источник raw → 5.13.09 (из 2)
2026-10-03 08:42:42,633 - INFO - [global] needs_update: local=(5, 13, 7) remote=(5, 13, 9) -> has_update=True
2026-10-03 08:42:42,633 - INFO - [global] Доступна обнова! Спавню кнопку
2026-10-03 08:43:04,472 - INFO - [global] LogUploader: запускаю upload_run_logs...
2026-10-03 08:43:04,473 - DEBUG - [global] log_uploader: START window=periodic made=-1 token=...Rjnfq
2026-10-03 08:43:05,446 - DEBUG - [global] _api_put: GET runs/20261003_084304_fail_periodic.log -> 404
2026-10-03 08:43:07,424 - DEBUG - [global] _api_put: PUT runs/20261003_084304_fail_periodic.log -> 201 (12833 bytes)
2026-10-03 08:43:07,427 - DEBUG - [global] log_uploader: STEP 1 (window log) -> https://github.com/StarateJI/L2Mauto/blob/bot-logs/runs/20261003_084304_fail_periodic.log
2026-10-03 08:43:07,427 - DEBUG - [global] log_uploader: STEP 2 SKIP (no PNGs)
2026-10-03 08:43:08,393 - DEBUG - [global] _api_put: GET runs/20261003_084304_fail_global.log -> 404
2026-10-03 08:43:10,475 - DEBUG - [global] _api_put: PUT runs/20261003_084304_fail_global.log -> 201 (20019 bytes)
2026-10-03 08:43:10,476 - DEBUG - [global] log_uploader: STEP 3 (global log) -> https://github.com/StarateJI/L2Mauto/blob/bot-logs/runs/20261003_084304_fail_global.log
2026-10-03 08:43:10,477 - DEBUG - [global] log_uploader: END window=periodic
2026-10-03 08:43:10,477 - INFO - [global] LogUploader: upload_run_logs завершён
2026-10-03 08:43:12,650 - INFO - [global] Проверяю обновы...
2026-10-03 08:43:13,714 - DEBUG - [global] needs_update: raw → 5.13.09
2026-10-03 08:43:13,734 - DEBUG - [global] needs_update: API → 5.13.09
2026-10-03 08:43:13,734 - DEBUG - [global] needs_update: лучший источник raw → 5.13.09 (из 2)
2026-10-03 08:43:13,734 - INFO - [global] needs_update: local=(5, 13, 7) remote=(5, 13, 9) -> has_update=True
2026-10-03 08:43:13,734 - INFO - [global] Доступна обнова! Спавню кнопку
2026-10-03 08:43:43,752 - INFO - [global] Проверяю обновы...
2026-10-03 08:43:44,619 - DEBUG - [global] needs_update: raw → 5.13.09
2026-10-03 08:43:44,873 - DEBUG - [global] needs_update: API → 5.13.09
2026-10-03 08:43:44,873 - DEBUG - [global] needs_update: лучший источник raw → 5.13.09 (из 2)
2026-10-03 08:43:44,873 - INFO - [global] needs_update: local=(5, 13, 7) remote=(5, 13, 9) -> has_update=True
2026-10-03 08:43:44,873 - INFO - [global] Доступна обнова! Спавню кнопку
2026-10-03 08:44:10,515 - INFO - [global] LogUploader: запускаю upload_run_logs...
2026-10-03 08:44:10,516 - DEBUG - [global] log_uploader: START window=periodic made=-1 token=...Rjnfq
2026-10-03 08:44:11,477 - DEBUG - [global] _api_put: GET runs/20261003_084410_fail_periodic.log -> 404
2026-10-03 08:44:13,760 - DEBUG - [global] _api_put: PUT runs/20261003_084410_fail_periodic.log -> 201 (12833 bytes)
2026-10-03 08:44:13,762 - DEBUG - [global] log_uploader: STEP 1 (window log) -> https://github.com/StarateJI/L2Mauto/blob/bot-logs/runs/20261003_084410_fail_periodic.log
2026-10-03 08:44:13,762 - DEBUG - [global] log_uploader: STEP 2 SKIP (no PNGs)
