=== Log tail 2026-09-26T12:15:20.484047 | last 200 lines ===
2026-09-26 12:06:15,085 - DEBUG - [global] needs_update: API → 5.13.09
2026-09-26 12:06:15,085 - DEBUG - [global] needs_update: лучший источник raw → 5.13.09 (из 2)
2026-09-26 12:06:15,085 - INFO - [global] needs_update: local=(5, 13, 7) remote=(5, 13, 9) -> has_update=True
2026-09-26 12:06:15,085 - INFO - [global] Доступна обнова! Спавню кнопку
2026-09-26 12:06:37,428 - INFO - [global] LogUploader: запускаю upload_run_logs...
2026-09-26 12:06:37,428 - DEBUG - [global] log_uploader: START window=periodic made=-1 token=...Rjnfq
2026-09-26 12:06:38,257 - DEBUG - [global] _api_put: GET runs/20260926_120637_fail_periodic.log -> 404
2026-09-26 12:06:39,641 - DEBUG - [global] _api_put: PUT runs/20260926_120637_fail_periodic.log -> 201 (1517 bytes)
2026-09-26 12:06:39,642 - DEBUG - [global] log_uploader: STEP 1 (window log) -> https://github.com/StarateJI/L2Mauto/blob/bot-logs/runs/20260926_120637_fail_periodic.log
2026-09-26 12:06:39,643 - DEBUG - [global] log_uploader: STEP 2 SKIP (no PNGs)
2026-09-26 12:06:40,549 - DEBUG - [global] _api_put: GET runs/20260926_120637_fail_global.log -> 404
2026-09-26 12:06:42,504 - DEBUG - [global] _api_put: PUT runs/20260926_120637_fail_global.log -> 201 (20010 bytes)
2026-09-26 12:06:42,505 - DEBUG - [global] log_uploader: STEP 3 (global log) -> https://github.com/StarateJI/L2Mauto/blob/bot-logs/runs/20260926_120637_fail_global.log
2026-09-26 12:06:42,505 - DEBUG - [global] log_uploader: END window=periodic
2026-09-26 12:06:42,505 - INFO - [global] LogUploader: upload_run_logs завершён
2026-09-26 12:06:45,100 - INFO - [global] Проверяю обновы...
2026-09-26 12:06:45,889 - DEBUG - [global] needs_update: raw → 5.13.09
2026-09-26 12:06:46,059 - DEBUG - [global] needs_update: API → 5.13.09
2026-09-26 12:06:46,059 - DEBUG - [global] needs_update: лучший источник raw → 5.13.09 (из 2)
2026-09-26 12:06:46,059 - INFO - [global] needs_update: local=(5, 13, 7) remote=(5, 13, 9) -> has_update=True
2026-09-26 12:06:46,060 - INFO - [global] Доступна обнова! Спавню кнопку
2026-09-26 12:07:16,074 - INFO - [global] Проверяю обновы...
2026-09-26 12:07:16,823 - DEBUG - [global] needs_update: raw → 5.13.09
2026-09-26 12:07:17,085 - DEBUG - [global] needs_update: API → 5.13.09
2026-09-26 12:07:17,086 - DEBUG - [global] needs_update: лучший источник raw → 5.13.09 (из 2)
2026-09-26 12:07:17,086 - INFO - [global] needs_update: local=(5, 13, 7) remote=(5, 13, 9) -> has_update=True
2026-09-26 12:07:17,086 - INFO - [global] Доступна обнова! Спавню кнопку
2026-09-26 12:07:42,536 - INFO - [global] LogUploader: запускаю upload_run_logs...
2026-09-26 12:07:42,536 - DEBUG - [global] log_uploader: START window=periodic made=-1 token=...Rjnfq
2026-09-26 12:07:43,370 - DEBUG - [global] _api_put: GET runs/20260926_120742_fail_periodic.log -> 404
2026-09-26 12:07:44,934 - DEBUG - [global] _api_put: PUT runs/20260926_120742_fail_periodic.log -> 201 (1517 bytes)
2026-09-26 12:07:44,936 - DEBUG - [global] log_uploader: STEP 1 (window log) -> https://github.com/StarateJI/L2Mauto/blob/bot-logs/runs/20260926_120742_fail_periodic.log
2026-09-26 12:07:44,936 - DEBUG - [global] log_uploader: STEP 2 SKIP (no PNGs)
2026-09-26 12:07:45,822 - DEBUG - [global] _api_put: GET runs/20260926_120742_fail_global.log -> 404
2026-09-26 12:07:47,100 - INFO - [global] Проверяю обновы...
2026-09-26 12:07:47,695 - DEBUG - [global] _api_put: PUT runs/20260926_120742_fail_global.log -> 201 (20010 bytes)
2026-09-26 12:07:47,697 - DEBUG - [global] log_uploader: STEP 3 (global log) -> https://github.com/StarateJI/L2Mauto/blob/bot-logs/runs/20260926_120742_fail_global.log
2026-09-26 12:07:47,697 - DEBUG - [global] log_uploader: END window=periodic
2026-09-26 12:07:47,697 - INFO - [global] LogUploader: upload_run_logs завершён
2026-09-26 12:07:47,857 - DEBUG - [global] needs_update: raw → 5.13.09
2026-09-26 12:07:48,061 - DEBUG - [global] needs_update: API → 5.13.09
2026-09-26 12:07:48,061 - DEBUG - [global] needs_update: лучший источник raw → 5.13.09 (из 2)
2026-09-26 12:07:48,061 - INFO - [global] needs_update: local=(5, 13, 7) remote=(5, 13, 9) -> has_update=True
2026-09-26 12:07:48,061 - INFO - [global] Доступна обнова! Спавню кнопку
2026-09-26 12:08:18,077 - INFO - [global] Проверяю обновы...
2026-09-26 12:08:18,896 - DEBUG - [global] needs_update: raw → 5.13.09
2026-09-26 12:08:19,095 - DEBUG - [global] needs_update: API → 5.13.09
2026-09-26 12:08:19,096 - DEBUG - [global] needs_update: лучший источник raw → 5.13.09 (из 2)
2026-09-26 12:08:19,096 - INFO - [global] needs_update: local=(5, 13, 7) remote=(5, 13, 9) -> has_update=True
2026-09-26 12:08:19,096 - INFO - [global] Доступна обнова! Спавню кнопку
2026-09-26 12:08:47,728 - INFO - [global] LogUploader: запускаю upload_run_logs...
2026-09-26 12:08:47,728 - DEBUG - [global] log_uploader: START window=periodic made=-1 token=...Rjnfq
2026-09-26 12:08:48,588 - DEBUG - [global] _api_put: GET runs/20260926_120847_fail_periodic.log -> 404
2026-09-26 12:08:49,108 - INFO - [global] Проверяю обновы...
2026-09-26 12:08:49,899 - DEBUG - [global] needs_update: raw → 5.13.09
2026-09-26 12:08:50,052 - DEBUG - [global] needs_update: API → 5.13.09
2026-09-26 12:08:50,053 - DEBUG - [global] needs_update: лучший источник raw → 5.13.09 (из 2)
2026-09-26 12:08:50,053 - INFO - [global] needs_update: local=(5, 13, 7) remote=(5, 13, 9) -> has_update=True
2026-09-26 12:08:50,053 - INFO - [global] Доступна обнова! Спавню кнопку
2026-09-26 12:08:50,274 - DEBUG - [global] _api_put: PUT runs/20260926_120847_fail_periodic.log -> 201 (1517 bytes)
2026-09-26 12:08:50,277 - DEBUG - [global] log_uploader: STEP 1 (window log) -> https://github.com/StarateJI/L2Mauto/blob/bot-logs/runs/20260926_120847_fail_periodic.log
2026-09-26 12:08:50,277 - DEBUG - [global] log_uploader: STEP 2 SKIP (no PNGs)
2026-09-26 12:08:51,145 - DEBUG - [global] _api_put: GET runs/20260926_120847_fail_global.log -> 404
2026-09-26 12:08:52,767 - DEBUG - [global] _api_put: PUT runs/20260926_120847_fail_global.log -> 201 (20010 bytes)
2026-09-26 12:08:52,770 - DEBUG - [global] log_uploader: STEP 3 (global log) -> https://github.com/StarateJI/L2Mauto/blob/bot-logs/runs/20260926_120847_fail_global.log
2026-09-26 12:08:52,770 - DEBUG - [global] log_uploader: END window=periodic
2026-09-26 12:08:52,770 - INFO - [global] LogUploader: upload_run_logs завершён
2026-09-26 12:09:20,071 - INFO - [global] Проверяю обновы...
2026-09-26 12:09:20,880 - DEBUG - [global] needs_update: raw → 5.13.09
2026-09-26 12:09:21,071 - DEBUG - [global] needs_update: API → 5.13.09
2026-09-26 12:09:21,072 - DEBUG - [global] needs_update: лучший источник raw → 5.13.09 (из 2)
2026-09-26 12:09:21,072 - INFO - [global] needs_update: local=(5, 13, 7) remote=(5, 13, 9) -> has_update=True
2026-09-26 12:09:21,072 - INFO - [global] Доступна обнова! Спавню кнопку
2026-09-26 12:09:51,087 - INFO - [global] Проверяю обновы...
2026-09-26 12:09:52,054 - DEBUG - [global] needs_update: raw → 5.13.09
2026-09-26 12:09:52,071 - DEBUG - [global] needs_update: API → 5.13.09
2026-09-26 12:09:52,071 - DEBUG - [global] needs_update: лучший источник raw → 5.13.09 (из 2)
2026-09-26 12:09:52,071 - INFO - [global] needs_update: local=(5, 13, 7) remote=(5, 13, 9) -> has_update=True
2026-09-26 12:09:52,071 - INFO - [global] Доступна обнова! Спавню кнопку
2026-09-26 12:09:52,796 - INFO - [global] LogUploader: запускаю upload_run_logs...
2026-09-26 12:09:52,797 - DEBUG - [global] log_uploader: START window=periodic made=-1 token=...Rjnfq
2026-09-26 12:09:53,650 - DEBUG - [global] _api_put: GET runs/20260926_120952_fail_periodic.log -> 404
2026-09-26 12:09:55,275 - DEBUG - [global] _api_put: PUT runs/20260926_120952_fail_periodic.log -> 201 (1517 bytes)
2026-09-26 12:09:55,277 - DEBUG - [global] log_uploader: STEP 1 (window log) -> https://github.com/StarateJI/L2Mauto/blob/bot-logs/runs/20260926_120952_fail_periodic.log
2026-09-26 12:09:55,277 - DEBUG - [global] log_uploader: STEP 2 SKIP (no PNGs)
2026-09-26 12:09:56,152 - DEBUG - [global] _api_put: GET runs/20260926_120952_fail_global.log -> 404
2026-09-26 12:09:57,930 - DEBUG - [global] _api_put: PUT runs/20260926_120952_fail_global.log -> 201 (20010 bytes)
2026-09-26 12:09:57,931 - DEBUG - [global] log_uploader: STEP 3 (global log) -> https://github.com/StarateJI/L2Mauto/blob/bot-logs/runs/20260926_120952_fail_global.log
2026-09-26 12:09:57,931 - DEBUG - [global] log_uploader: END window=periodic
2026-09-26 12:09:57,932 - INFO - [global] LogUploader: upload_run_logs завершён
2026-09-26 12:10:22,088 - INFO - [global] Проверяю обновы...
2026-09-26 12:10:22,866 - DEBUG - [global] needs_update: raw → 5.13.09
2026-09-26 12:10:23,071 - DEBUG - [global] needs_update: API → 5.13.09
2026-09-26 12:10:23,071 - DEBUG - [global] needs_update: лучший источник raw → 5.13.09 (из 2)
2026-09-26 12:10:23,071 - INFO - [global] needs_update: local=(5, 13, 7) remote=(5, 13, 9) -> has_update=True
2026-09-26 12:10:23,071 - INFO - [global] Доступна обнова! Спавню кнопку
2026-09-26 12:10:53,088 - INFO - [global] Проверяю обновы...
2026-09-26 12:10:53,844 - DEBUG - [global] needs_update: raw → 5.13.09
2026-09-26 12:10:54,045 - DEBUG - [global] needs_update: API → 5.13.09
2026-09-26 12:10:54,046 - DEBUG - [global] needs_update: лучший источник raw → 5.13.09 (из 2)
2026-09-26 12:10:54,046 - INFO - [global] needs_update: local=(5, 13, 7) remote=(5, 13, 9) -> has_update=True
2026-09-26 12:10:54,046 - INFO - [global] Доступна обнова! Спавню кнопку
2026-09-26 12:10:57,959 - INFO - [global] LogUploader: запускаю upload_run_logs...
2026-09-26 12:10:57,960 - DEBUG - [global] log_uploader: START window=periodic made=-1 token=...Rjnfq
2026-09-26 12:10:58,771 - DEBUG - [global] _api_put: GET runs/20260926_121057_fail_periodic.log -> 404
2026-09-26 12:11:00,276 - DEBUG - [global] _api_put: PUT runs/20260926_121057_fail_periodic.log -> 201 (1517 bytes)
2026-09-26 12:11:00,278 - DEBUG - [global] log_uploader: STEP 1 (window log) -> https://github.com/StarateJI/L2Mauto/blob/bot-logs/runs/20260926_121057_fail_periodic.log
2026-09-26 12:11:00,279 - DEBUG - [global] log_uploader: STEP 2 SKIP (no PNGs)
2026-09-26 12:11:01,170 - DEBUG - [global] _api_put: GET runs/20260926_121057_fail_global.log -> 404
2026-09-26 12:11:02,979 - DEBUG - [global] _api_put: PUT runs/20260926_121057_fail_global.log -> 201 (20010 bytes)
2026-09-26 12:11:02,980 - DEBUG - [global] log_uploader: STEP 3 (global log) -> https://github.com/StarateJI/L2Mauto/blob/bot-logs/runs/20260926_121057_fail_global.log
2026-09-26 12:11:02,980 - DEBUG - [global] log_uploader: END window=periodic
2026-09-26 12:11:02,980 - INFO - [global] LogUploader: upload_run_logs завершён
2026-09-26 12:11:24,060 - INFO - [global] Проверяю обновы...
2026-09-26 12:11:24,842 - DEBUG - [global] needs_update: raw → 5.13.09
2026-09-26 12:11:25,042 - DEBUG - [global] needs_update: API → 5.13.09
2026-09-26 12:11:25,042 - DEBUG - [global] needs_update: лучший источник raw → 5.13.09 (из 2)
2026-09-26 12:11:25,042 - INFO - [global] needs_update: local=(5, 13, 7) remote=(5, 13, 9) -> has_update=True
2026-09-26 12:11:25,042 - INFO - [global] Доступна обнова! Спавню кнопку
2026-09-26 12:11:55,059 - INFO - [global] Проверяю обновы...
2026-09-26 12:11:55,879 - DEBUG - [global] needs_update: raw → 5.13.09
2026-09-26 12:11:56,054 - DEBUG - [global] needs_update: API → 5.13.09
2026-09-26 12:11:56,054 - DEBUG - [global] needs_update: лучший источник raw → 5.13.09 (из 2)
2026-09-26 12:11:56,054 - INFO - [global] needs_update: local=(5, 13, 7) remote=(5, 13, 9) -> has_update=True
2026-09-26 12:11:56,054 - INFO - [global] Доступна обнова! Спавню кнопку
2026-09-26 12:12:03,006 - INFO - [global] LogUploader: запускаю upload_run_logs...
2026-09-26 12:12:03,006 - DEBUG - [global] log_uploader: START window=periodic made=-1 token=...Rjnfq
2026-09-26 12:12:03,836 - DEBUG - [global] _api_put: GET runs/20260926_121203_fail_periodic.log -> 404
2026-09-26 12:12:05,314 - DEBUG - [global] _api_put: PUT runs/20260926_121203_fail_periodic.log -> 201 (1517 bytes)
2026-09-26 12:12:05,316 - DEBUG - [global] log_uploader: STEP 1 (window log) -> https://github.com/StarateJI/L2Mauto/blob/bot-logs/runs/20260926_121203_fail_periodic.log
2026-09-26 12:12:05,316 - DEBUG - [global] log_uploader: STEP 2 SKIP (no PNGs)
2026-09-26 12:12:06,204 - DEBUG - [global] _api_put: GET runs/20260926_121203_fail_global.log -> 404
2026-09-26 12:12:07,835 - DEBUG - [global] _api_put: PUT runs/20260926_121203_fail_global.log -> 201 (20010 bytes)
2026-09-26 12:12:07,837 - DEBUG - [global] log_uploader: STEP 3 (global log) -> https://github.com/StarateJI/L2Mauto/blob/bot-logs/runs/20260926_121203_fail_global.log
2026-09-26 12:12:07,837 - DEBUG - [global] log_uploader: END window=periodic
2026-09-26 12:12:07,837 - INFO - [global] LogUploader: upload_run_logs завершён
2026-09-26 12:12:26,069 - INFO - [global] Проверяю обновы...
2026-09-26 12:12:26,845 - DEBUG - [global] needs_update: raw → 5.13.09
2026-09-26 12:12:27,113 - DEBUG - [global] needs_update: API → 5.13.09
2026-09-26 12:12:27,114 - DEBUG - [global] needs_update: лучший источник raw → 5.13.09 (из 2)
2026-09-26 12:12:27,114 - INFO - [global] needs_update: local=(5, 13, 7) remote=(5, 13, 9) -> has_update=True
2026-09-26 12:12:27,114 - INFO - [global] Доступна обнова! Спавню кнопку
2026-09-26 12:12:57,127 - INFO - [global] Проверяю обновы...
2026-09-26 12:12:57,934 - DEBUG - [global] needs_update: raw → 5.13.09
2026-09-26 12:12:58,119 - DEBUG - [global] needs_update: API → 5.13.09
2026-09-26 12:12:58,119 - DEBUG - [global] needs_update: лучший источник raw → 5.13.09 (из 2)
2026-09-26 12:12:58,119 - INFO - [global] needs_update: local=(5, 13, 7) remote=(5, 13, 9) -> has_update=True
2026-09-26 12:12:58,119 - INFO - [global] Доступна обнова! Спавню кнопку
2026-09-26 12:13:07,869 - INFO - [global] LogUploader: запускаю upload_run_logs...
2026-09-26 12:13:07,870 - DEBUG - [global] log_uploader: START window=periodic made=-1 token=...Rjnfq
2026-09-26 12:13:08,750 - DEBUG - [global] _api_put: GET runs/20260926_121307_fail_periodic.log -> 404
2026-09-26 12:13:10,245 - DEBUG - [global] _api_put: PUT runs/20260926_121307_fail_periodic.log -> 201 (1517 bytes)
2026-09-26 12:13:10,246 - DEBUG - [global] log_uploader: STEP 1 (window log) -> https://github.com/StarateJI/L2Mauto/blob/bot-logs/runs/20260926_121307_fail_periodic.log
2026-09-26 12:13:10,247 - DEBUG - [global] log_uploader: STEP 2 SKIP (no PNGs)
2026-09-26 12:13:11,224 - DEBUG - [global] _api_put: GET runs/20260926_121307_fail_global.log -> 404
2026-09-26 12:13:12,951 - DEBUG - [global] _api_put: PUT runs/20260926_121307_fail_global.log -> 201 (20010 bytes)
2026-09-26 12:13:12,952 - DEBUG - [global] log_uploader: STEP 3 (global log) -> https://github.com/StarateJI/L2Mauto/blob/bot-logs/runs/20260926_121307_fail_global.log
2026-09-26 12:13:12,953 - DEBUG - [global] log_uploader: END window=periodic
2026-09-26 12:13:12,953 - INFO - [global] LogUploader: upload_run_logs завершён
2026-09-26 12:13:28,134 - INFO - [global] Проверяю обновы...
2026-09-26 12:13:28,895 - DEBUG - [global] needs_update: raw → 5.13.09
2026-09-26 12:13:29,185 - DEBUG - [global] needs_update: API → 5.13.09
2026-09-26 12:13:29,185 - DEBUG - [global] needs_update: лучший источник raw → 5.13.09 (из 2)
2026-09-26 12:13:29,185 - INFO - [global] needs_update: local=(5, 13, 7) remote=(5, 13, 9) -> has_update=True
2026-09-26 12:13:29,186 - INFO - [global] Доступна обнова! Спавню кнопку
2026-09-26 12:13:59,203 - INFO - [global] Проверяю обновы...
2026-09-26 12:14:00,000 - DEBUG - [global] needs_update: raw → 5.13.09
2026-09-26 12:14:00,183 - DEBUG - [global] needs_update: API → 5.13.09
2026-09-26 12:14:00,184 - DEBUG - [global] needs_update: лучший источник raw → 5.13.09 (из 2)
2026-09-26 12:14:00,184 - INFO - [global] needs_update: local=(5, 13, 7) remote=(5, 13, 9) -> has_update=True
2026-09-26 12:14:00,184 - INFO - [global] Доступна обнова! Спавню кнопку
2026-09-26 12:14:12,982 - INFO - [global] LogUploader: запускаю upload_run_logs...
2026-09-26 12:14:12,982 - DEBUG - [global] log_uploader: START window=periodic made=-1 token=...Rjnfq
2026-09-26 12:14:13,836 - DEBUG - [global] _api_put: GET runs/20260926_121412_fail_periodic.log -> 404
2026-09-26 12:14:15,331 - DEBUG - [global] _api_put: PUT runs/20260926_121412_fail_periodic.log -> 201 (1517 bytes)
2026-09-26 12:14:15,332 - DEBUG - [global] log_uploader: STEP 1 (window log) -> https://github.com/StarateJI/L2Mauto/blob/bot-logs/runs/20260926_121412_fail_periodic.log
2026-09-26 12:14:15,333 - DEBUG - [global] log_uploader: STEP 2 SKIP (no PNGs)
2026-09-26 12:14:16,231 - DEBUG - [global] _api_put: GET runs/20260926_121412_fail_global.log -> 404
2026-09-26 12:14:18,100 - DEBUG - [global] _api_put: PUT runs/20260926_121412_fail_global.log -> 201 (20010 bytes)
2026-09-26 12:14:18,102 - DEBUG - [global] log_uploader: STEP 3 (global log) -> https://github.com/StarateJI/L2Mauto/blob/bot-logs/runs/20260926_121412_fail_global.log
2026-09-26 12:14:18,102 - DEBUG - [global] log_uploader: END window=periodic
2026-09-26 12:14:18,102 - INFO - [global] LogUploader: upload_run_logs завершён
2026-09-26 12:14:30,198 - INFO - [global] Проверяю обновы...
2026-09-26 12:14:30,960 - DEBUG - [global] needs_update: raw → 5.13.09
2026-09-26 12:14:31,154 - DEBUG - [global] needs_update: API → 5.13.09
2026-09-26 12:14:31,154 - DEBUG - [global] needs_update: лучший источник raw → 5.13.09 (из 2)
2026-09-26 12:14:31,154 - INFO - [global] needs_update: local=(5, 13, 7) remote=(5, 13, 9) -> has_update=True
2026-09-26 12:14:31,154 - INFO - [global] Доступна обнова! Спавню кнопку
2026-09-26 12:15:01,169 - INFO - [global] Проверяю обновы...
2026-09-26 12:15:02,144 - DEBUG - [global] needs_update: API → 5.13.09
2026-09-26 12:15:02,175 - DEBUG - [global] needs_update: raw → 5.13.09
2026-09-26 12:15:02,175 - DEBUG - [global] needs_update: лучший источник API → 5.13.09 (из 2)
2026-09-26 12:15:02,175 - INFO - [global] needs_update: local=(5, 13, 7) remote=(5, 13, 9) -> has_update=True
2026-09-26 12:15:02,175 - INFO - [global] Доступна обнова! Спавню кнопку
2026-09-26 12:15:18,127 - INFO - [global] LogUploader: запускаю upload_run_logs...
2026-09-26 12:15:18,127 - DEBUG - [global] log_uploader: START window=periodic made=-1 token=...Rjnfq
2026-09-26 12:15:18,954 - DEBUG - [global] _api_put: GET runs/20260926_121518_fail_periodic.log -> 404
2026-09-26 12:15:20,440 - DEBUG - [global] _api_put: PUT runs/20260926_121518_fail_periodic.log -> 201 (1517 bytes)
2026-09-26 12:15:20,442 - DEBUG - [global] log_uploader: STEP 1 (window log) -> https://github.com/StarateJI/L2Mauto/blob/bot-logs/runs/20260926_121518_fail_periodic.log
2026-09-26 12:15:20,442 - DEBUG - [global] log_uploader: STEP 2 SKIP (no PNGs)
