=== Log tail 2026-09-26T03:17:29.892190 | last 200 lines ===
2026-09-26 03:08:33,343 - DEBUG - [global] needs_update: API → 5.13.09
2026-09-26 03:08:33,343 - DEBUG - [global] needs_update: лучший источник raw → 5.13.09 (из 2)
2026-09-26 03:08:33,343 - INFO - [global] needs_update: local=(5, 13, 7) remote=(5, 13, 9) -> has_update=True
2026-09-26 03:08:33,343 - INFO - [global] Доступна обнова! Спавню кнопку
2026-09-26 03:08:44,761 - INFO - [global] LogUploader: запускаю upload_run_logs...
2026-09-26 03:08:44,762 - DEBUG - [global] log_uploader: START window=periodic made=-1 token=...Rjnfq
2026-09-26 03:08:45,667 - DEBUG - [global] _api_put: GET runs/20260926_030844_fail_periodic.log -> 404
2026-09-26 03:08:47,135 - DEBUG - [global] _api_put: PUT runs/20260926_030844_fail_periodic.log -> 201 (6822 bytes)
2026-09-26 03:08:47,137 - DEBUG - [global] log_uploader: STEP 1 (window log) -> https://github.com/StarateJI/L2Mauto/blob/bot-logs/runs/20260926_030844_fail_periodic.log
2026-09-26 03:08:47,137 - DEBUG - [global] log_uploader: STEP 2 SKIP (no PNGs)
2026-09-26 03:08:48,159 - DEBUG - [global] _api_put: GET runs/20260926_030844_fail_global.log -> 404
2026-09-26 03:08:49,964 - DEBUG - [global] _api_put: PUT runs/20260926_030844_fail_global.log -> 201 (20127 bytes)
2026-09-26 03:08:49,966 - DEBUG - [global] log_uploader: STEP 3 (global log) -> https://github.com/StarateJI/L2Mauto/blob/bot-logs/runs/20260926_030844_fail_global.log
2026-09-26 03:08:49,966 - DEBUG - [global] log_uploader: END window=periodic
2026-09-26 03:08:49,966 - INFO - [global] LogUploader: upload_run_logs завершён
2026-09-26 03:09:03,360 - INFO - [global] Проверяю обновы...
2026-09-26 03:09:04,197 - DEBUG - [global] needs_update: raw → 5.13.09
2026-09-26 03:09:04,483 - DEBUG - [global] needs_update: API → 5.13.09
2026-09-26 03:09:04,484 - DEBUG - [global] needs_update: лучший источник raw → 5.13.09 (из 2)
2026-09-26 03:09:04,484 - INFO - [global] needs_update: local=(5, 13, 7) remote=(5, 13, 9) -> has_update=True
2026-09-26 03:09:04,484 - INFO - [global] Доступна обнова! Спавню кнопку
2026-09-26 03:09:34,503 - INFO - [global] Проверяю обновы...
2026-09-26 03:09:35,386 - DEBUG - [global] needs_update: raw → 5.13.09
2026-09-26 03:09:35,536 - DEBUG - [global] needs_update: API → 5.13.09
2026-09-26 03:09:35,536 - DEBUG - [global] needs_update: лучший источник raw → 5.13.09 (из 2)
2026-09-26 03:09:35,536 - INFO - [global] needs_update: local=(5, 13, 7) remote=(5, 13, 9) -> has_update=True
2026-09-26 03:09:35,536 - INFO - [global] Доступна обнова! Спавню кнопку
2026-09-26 03:09:50,006 - INFO - [global] LogUploader: запускаю upload_run_logs...
2026-09-26 03:09:50,007 - DEBUG - [global] log_uploader: START window=periodic made=-1 token=...Rjnfq
2026-09-26 03:09:50,877 - DEBUG - [global] _api_put: GET runs/20260926_030950_fail_periodic.log -> 404
2026-09-26 03:09:52,429 - DEBUG - [global] _api_put: PUT runs/20260926_030950_fail_periodic.log -> 201 (6822 bytes)
2026-09-26 03:09:52,431 - DEBUG - [global] log_uploader: STEP 1 (window log) -> https://github.com/StarateJI/L2Mauto/blob/bot-logs/runs/20260926_030950_fail_periodic.log
2026-09-26 03:09:52,432 - DEBUG - [global] log_uploader: STEP 2 SKIP (no PNGs)
2026-09-26 03:09:53,379 - DEBUG - [global] _api_put: GET runs/20260926_030950_fail_global.log -> 404
2026-09-26 03:09:55,155 - DEBUG - [global] _api_put: PUT runs/20260926_030950_fail_global.log -> 201 (20010 bytes)
2026-09-26 03:09:55,158 - DEBUG - [global] log_uploader: STEP 3 (global log) -> https://github.com/StarateJI/L2Mauto/blob/bot-logs/runs/20260926_030950_fail_global.log
2026-09-26 03:09:55,158 - DEBUG - [global] log_uploader: END window=periodic
2026-09-26 03:09:55,158 - INFO - [global] LogUploader: upload_run_logs завершён
2026-09-26 03:10:05,555 - INFO - [global] Проверяю обновы...
2026-09-26 03:10:06,422 - DEBUG - [global] needs_update: raw → 5.13.09
2026-09-26 03:10:06,618 - DEBUG - [global] needs_update: API → 5.13.09
2026-09-26 03:10:06,618 - DEBUG - [global] needs_update: лучший источник raw → 5.13.09 (из 2)
2026-09-26 03:10:06,618 - INFO - [global] needs_update: local=(5, 13, 7) remote=(5, 13, 9) -> has_update=True
2026-09-26 03:10:06,618 - INFO - [global] Доступна обнова! Спавню кнопку
2026-09-26 03:10:36,636 - INFO - [global] Проверяю обновы...
2026-09-26 03:10:37,455 - DEBUG - [global] needs_update: raw → 5.13.09
2026-09-26 03:10:37,699 - DEBUG - [global] needs_update: API → 5.13.09
2026-09-26 03:10:37,700 - DEBUG - [global] needs_update: лучший источник raw → 5.13.09 (из 2)
2026-09-26 03:10:37,700 - INFO - [global] needs_update: local=(5, 13, 7) remote=(5, 13, 9) -> has_update=True
2026-09-26 03:10:37,700 - INFO - [global] Доступна обнова! Спавню кнопку
2026-09-26 03:10:55,191 - INFO - [global] LogUploader: запускаю upload_run_logs...
2026-09-26 03:10:55,191 - DEBUG - [global] log_uploader: START window=periodic made=-1 token=...Rjnfq
2026-09-26 03:10:56,068 - DEBUG - [global] _api_put: GET runs/20260926_031055_fail_periodic.log -> 404
2026-09-26 03:10:57,626 - DEBUG - [global] _api_put: PUT runs/20260926_031055_fail_periodic.log -> 201 (6822 bytes)
2026-09-26 03:10:57,628 - DEBUG - [global] log_uploader: STEP 1 (window log) -> https://github.com/StarateJI/L2Mauto/blob/bot-logs/runs/20260926_031055_fail_periodic.log
2026-09-26 03:10:57,628 - DEBUG - [global] log_uploader: STEP 2 SKIP (no PNGs)
2026-09-26 03:10:58,560 - DEBUG - [global] _api_put: GET runs/20260926_031055_fail_global.log -> 404
2026-09-26 03:11:00,490 - DEBUG - [global] _api_put: PUT runs/20260926_031055_fail_global.log -> 201 (20010 bytes)
2026-09-26 03:11:00,492 - DEBUG - [global] log_uploader: STEP 3 (global log) -> https://github.com/StarateJI/L2Mauto/blob/bot-logs/runs/20260926_031055_fail_global.log
2026-09-26 03:11:00,492 - DEBUG - [global] log_uploader: END window=periodic
2026-09-26 03:11:00,492 - INFO - [global] LogUploader: upload_run_logs завершён
2026-09-26 03:11:07,717 - INFO - [global] Проверяю обновы...
2026-09-26 03:11:08,474 - DEBUG - [global] needs_update: raw → 5.13.09
2026-09-26 03:11:08,727 - DEBUG - [global] needs_update: API → 5.13.09
2026-09-26 03:11:08,727 - DEBUG - [global] needs_update: лучший источник raw → 5.13.09 (из 2)
2026-09-26 03:11:08,728 - INFO - [global] needs_update: local=(5, 13, 7) remote=(5, 13, 9) -> has_update=True
2026-09-26 03:11:08,728 - INFO - [global] Доступна обнова! Спавню кнопку
2026-09-26 03:11:38,746 - INFO - [global] Проверяю обновы...
2026-09-26 03:11:39,512 - DEBUG - [global] needs_update: raw → 5.13.09
2026-09-26 03:11:39,654 - DEBUG - [global] needs_update: API → 5.13.09
2026-09-26 03:11:39,654 - DEBUG - [global] needs_update: лучший источник raw → 5.13.09 (из 2)
2026-09-26 03:11:39,654 - INFO - [global] needs_update: local=(5, 13, 7) remote=(5, 13, 9) -> has_update=True
2026-09-26 03:11:39,654 - INFO - [global] Доступна обнова! Спавню кнопку
2026-09-26 03:12:00,538 - INFO - [global] LogUploader: запускаю upload_run_logs...
2026-09-26 03:12:00,539 - DEBUG - [global] log_uploader: START window=periodic made=-1 token=...Rjnfq
2026-09-26 03:12:01,434 - DEBUG - [global] _api_put: GET runs/20260926_031200_fail_periodic.log -> 404
2026-09-26 03:12:03,084 - DEBUG - [global] _api_put: PUT runs/20260926_031200_fail_periodic.log -> 201 (6822 bytes)
2026-09-26 03:12:03,085 - DEBUG - [global] log_uploader: STEP 1 (window log) -> https://github.com/StarateJI/L2Mauto/blob/bot-logs/runs/20260926_031200_fail_periodic.log
2026-09-26 03:12:03,086 - DEBUG - [global] log_uploader: STEP 2 SKIP (no PNGs)
2026-09-26 03:12:04,039 - DEBUG - [global] _api_put: GET runs/20260926_031200_fail_global.log -> 404
2026-09-26 03:12:05,767 - DEBUG - [global] _api_put: PUT runs/20260926_031200_fail_global.log -> 201 (20010 bytes)
2026-09-26 03:12:05,768 - DEBUG - [global] log_uploader: STEP 3 (global log) -> https://github.com/StarateJI/L2Mauto/blob/bot-logs/runs/20260926_031200_fail_global.log
2026-09-26 03:12:05,768 - DEBUG - [global] log_uploader: END window=periodic
2026-09-26 03:12:05,769 - INFO - [global] LogUploader: upload_run_logs завершён
2026-09-26 03:12:09,672 - INFO - [global] Проверяю обновы...
2026-09-26 03:12:10,418 - DEBUG - [global] needs_update: raw → 5.13.09
2026-09-26 03:12:10,710 - DEBUG - [global] needs_update: API → 5.13.09
2026-09-26 03:12:10,710 - DEBUG - [global] needs_update: лучший источник raw → 5.13.09 (из 2)
2026-09-26 03:12:10,710 - INFO - [global] needs_update: local=(5, 13, 7) remote=(5, 13, 9) -> has_update=True
2026-09-26 03:12:10,710 - INFO - [global] Доступна обнова! Спавню кнопку
2026-09-26 03:12:40,730 - INFO - [global] Проверяю обновы...
2026-09-26 03:12:41,700 - DEBUG - [global] needs_update: raw → 5.13.09
2026-09-26 03:12:41,714 - DEBUG - [global] needs_update: API → 5.13.09
2026-09-26 03:12:41,715 - DEBUG - [global] needs_update: лучший источник raw → 5.13.09 (из 2)
2026-09-26 03:12:41,715 - INFO - [global] needs_update: local=(5, 13, 7) remote=(5, 13, 9) -> has_update=True
2026-09-26 03:12:41,715 - INFO - [global] Доступна обнова! Спавню кнопку
2026-09-26 03:13:05,800 - INFO - [global] LogUploader: запускаю upload_run_logs...
2026-09-26 03:13:05,800 - DEBUG - [global] log_uploader: START window=periodic made=-1 token=...Rjnfq
2026-09-26 03:13:06,712 - DEBUG - [global] _api_put: GET runs/20260926_031305_fail_periodic.log -> 404
2026-09-26 03:13:08,272 - DEBUG - [global] _api_put: PUT runs/20260926_031305_fail_periodic.log -> 201 (6822 bytes)
2026-09-26 03:13:08,274 - DEBUG - [global] log_uploader: STEP 1 (window log) -> https://github.com/StarateJI/L2Mauto/blob/bot-logs/runs/20260926_031305_fail_periodic.log
2026-09-26 03:13:08,274 - DEBUG - [global] log_uploader: STEP 2 SKIP (no PNGs)
2026-09-26 03:13:09,254 - DEBUG - [global] _api_put: GET runs/20260926_031305_fail_global.log -> 404
2026-09-26 03:13:10,984 - DEBUG - [global] _api_put: PUT runs/20260926_031305_fail_global.log -> 201 (20010 bytes)
2026-09-26 03:13:10,987 - DEBUG - [global] log_uploader: STEP 3 (global log) -> https://github.com/StarateJI/L2Mauto/blob/bot-logs/runs/20260926_031305_fail_global.log
2026-09-26 03:13:10,987 - DEBUG - [global] log_uploader: END window=periodic
2026-09-26 03:13:10,987 - INFO - [global] LogUploader: upload_run_logs завершён
2026-09-26 03:13:11,732 - INFO - [global] Проверяю обновы...
2026-09-26 03:13:12,515 - DEBUG - [global] needs_update: raw → 5.13.09
2026-09-26 03:13:12,743 - DEBUG - [global] needs_update: API → 5.13.09
2026-09-26 03:13:12,743 - DEBUG - [global] needs_update: лучший источник raw → 5.13.09 (из 2)
2026-09-26 03:13:12,744 - INFO - [global] needs_update: local=(5, 13, 7) remote=(5, 13, 9) -> has_update=True
2026-09-26 03:13:12,744 - INFO - [global] Доступна обнова! Спавню кнопку
2026-09-26 03:13:42,763 - INFO - [global] Проверяю обновы...
2026-09-26 03:13:43,536 - DEBUG - [global] needs_update: raw → 5.13.09
2026-09-26 03:13:43,754 - DEBUG - [global] needs_update: API → 5.13.09
2026-09-26 03:13:43,755 - DEBUG - [global] needs_update: лучший источник raw → 5.13.09 (из 2)
2026-09-26 03:13:43,755 - INFO - [global] needs_update: local=(5, 13, 7) remote=(5, 13, 9) -> has_update=True
2026-09-26 03:13:43,755 - INFO - [global] Доступна обнова! Спавню кнопку
2026-09-26 03:14:11,025 - INFO - [global] LogUploader: запускаю upload_run_logs...
2026-09-26 03:14:11,025 - DEBUG - [global] log_uploader: START window=periodic made=-1 token=...Rjnfq
2026-09-26 03:14:11,988 - DEBUG - [global] _api_put: GET runs/20260926_031411_fail_periodic.log -> 404
2026-09-26 03:14:13,644 - DEBUG - [global] _api_put: PUT runs/20260926_031411_fail_periodic.log -> 201 (6822 bytes)
2026-09-26 03:14:13,645 - DEBUG - [global] log_uploader: STEP 1 (window log) -> https://github.com/StarateJI/L2Mauto/blob/bot-logs/runs/20260926_031411_fail_periodic.log
2026-09-26 03:14:13,646 - DEBUG - [global] log_uploader: STEP 2 SKIP (no PNGs)
2026-09-26 03:14:13,771 - INFO - [global] Проверяю обновы...
2026-09-26 03:14:14,681 - DEBUG - [global] needs_update: raw → 5.13.09
2026-09-26 03:14:14,861 - DEBUG - [global] _api_put: GET runs/20260926_031411_fail_global.log -> 404
2026-09-26 03:14:14,861 - DEBUG - [global] needs_update: API → 5.13.09
2026-09-26 03:14:14,862 - DEBUG - [global] needs_update: лучший источник raw → 5.13.09 (из 2)
2026-09-26 03:14:14,863 - INFO - [global] needs_update: local=(5, 13, 7) remote=(5, 13, 9) -> has_update=True
2026-09-26 03:14:14,863 - INFO - [global] Доступна обнова! Спавню кнопку
2026-09-26 03:14:16,436 - DEBUG - [global] _api_put: PUT runs/20260926_031411_fail_global.log -> 201 (20010 bytes)
2026-09-26 03:14:16,438 - DEBUG - [global] log_uploader: STEP 3 (global log) -> https://github.com/StarateJI/L2Mauto/blob/bot-logs/runs/20260926_031411_fail_global.log
2026-09-26 03:14:16,438 - DEBUG - [global] log_uploader: END window=periodic
2026-09-26 03:14:16,438 - INFO - [global] LogUploader: upload_run_logs завершён
2026-09-26 03:14:44,884 - INFO - [global] Проверяю обновы...
2026-09-26 03:14:45,673 - DEBUG - [global] needs_update: raw → 5.13.09
2026-09-26 03:14:45,874 - DEBUG - [global] needs_update: API → 5.13.09
2026-09-26 03:14:45,874 - DEBUG - [global] needs_update: лучший источник raw → 5.13.09 (из 2)
2026-09-26 03:14:45,875 - INFO - [global] needs_update: local=(5, 13, 7) remote=(5, 13, 9) -> has_update=True
2026-09-26 03:14:45,875 - INFO - [global] Доступна обнова! Спавню кнопку
2026-09-26 03:15:15,893 - INFO - [global] Проверяю обновы...
2026-09-26 03:15:16,480 - INFO - [global] LogUploader: запускаю upload_run_logs...
2026-09-26 03:15:16,480 - DEBUG - [global] log_uploader: START window=periodic made=-1 token=...Rjnfq
2026-09-26 03:15:16,659 - DEBUG - [global] needs_update: raw → 5.13.09
2026-09-26 03:15:16,921 - DEBUG - [global] needs_update: API → 5.13.09
2026-09-26 03:15:16,922 - DEBUG - [global] needs_update: лучший источник raw → 5.13.09 (из 2)
2026-09-26 03:15:16,922 - INFO - [global] needs_update: local=(5, 13, 7) remote=(5, 13, 9) -> has_update=True
2026-09-26 03:15:16,922 - INFO - [global] Доступна обнова! Спавню кнопку
2026-09-26 03:15:17,347 - DEBUG - [global] _api_put: GET runs/20260926_031516_fail_periodic.log -> 404
2026-09-26 03:15:18,835 - DEBUG - [global] _api_put: PUT runs/20260926_031516_fail_periodic.log -> 201 (6822 bytes)
2026-09-26 03:15:18,836 - DEBUG - [global] log_uploader: STEP 1 (window log) -> https://github.com/StarateJI/L2Mauto/blob/bot-logs/runs/20260926_031516_fail_periodic.log
2026-09-26 03:15:18,837 - DEBUG - [global] log_uploader: STEP 2 SKIP (no PNGs)
2026-09-26 03:15:19,839 - DEBUG - [global] _api_put: GET runs/20260926_031516_fail_global.log -> 404
2026-09-26 03:15:21,624 - DEBUG - [global] _api_put: PUT runs/20260926_031516_fail_global.log -> 201 (20010 bytes)
2026-09-26 03:15:21,626 - DEBUG - [global] log_uploader: STEP 3 (global log) -> https://github.com/StarateJI/L2Mauto/blob/bot-logs/runs/20260926_031516_fail_global.log
2026-09-26 03:15:21,626 - DEBUG - [global] log_uploader: END window=periodic
2026-09-26 03:15:21,626 - INFO - [global] LogUploader: upload_run_logs завершён
2026-09-26 03:15:46,941 - INFO - [global] Проверяю обновы...
2026-09-26 03:15:47,690 - DEBUG - [global] needs_update: raw → 5.13.09
2026-09-26 03:15:47,934 - DEBUG - [global] needs_update: API → 5.13.09
2026-09-26 03:15:47,934 - DEBUG - [global] needs_update: лучший источник raw → 5.13.09 (из 2)
2026-09-26 03:15:47,934 - INFO - [global] needs_update: local=(5, 13, 7) remote=(5, 13, 9) -> has_update=True
2026-09-26 03:15:47,934 - INFO - [global] Доступна обнова! Спавню кнопку
2026-09-26 03:16:17,952 - INFO - [global] Проверяю обновы...
2026-09-26 03:16:18,771 - DEBUG - [global] needs_update: raw → 5.13.09
2026-09-26 03:16:18,925 - DEBUG - [global] needs_update: API → 5.13.09
2026-09-26 03:16:18,925 - DEBUG - [global] needs_update: лучший источник raw → 5.13.09 (из 2)
2026-09-26 03:16:18,925 - INFO - [global] needs_update: local=(5, 13, 7) remote=(5, 13, 9) -> has_update=True
2026-09-26 03:16:18,925 - INFO - [global] Доступна обнова! Спавню кнопку
2026-09-26 03:16:21,663 - INFO - [global] LogUploader: запускаю upload_run_logs...
2026-09-26 03:16:21,663 - DEBUG - [global] log_uploader: START window=periodic made=-1 token=...Rjnfq
2026-09-26 03:16:22,518 - DEBUG - [global] _api_put: GET runs/20260926_031621_fail_periodic.log -> 404
2026-09-26 03:16:24,339 - DEBUG - [global] _api_put: PUT runs/20260926_031621_fail_periodic.log -> 201 (6822 bytes)
2026-09-26 03:16:24,341 - DEBUG - [global] log_uploader: STEP 1 (window log) -> https://github.com/StarateJI/L2Mauto/blob/bot-logs/runs/20260926_031621_fail_periodic.log
2026-09-26 03:16:24,342 - DEBUG - [global] log_uploader: STEP 2 SKIP (no PNGs)
2026-09-26 03:16:25,303 - DEBUG - [global] _api_put: GET runs/20260926_031621_fail_global.log -> 404
2026-09-26 03:16:27,240 - DEBUG - [global] _api_put: PUT runs/20260926_031621_fail_global.log -> 201 (20010 bytes)
2026-09-26 03:16:27,242 - DEBUG - [global] log_uploader: STEP 3 (global log) -> https://github.com/StarateJI/L2Mauto/blob/bot-logs/runs/20260926_031621_fail_global.log
2026-09-26 03:16:27,242 - DEBUG - [global] log_uploader: END window=periodic
2026-09-26 03:16:27,242 - INFO - [global] LogUploader: upload_run_logs завершён
2026-09-26 03:16:48,942 - INFO - [global] Проверяю обновы...
2026-09-26 03:16:49,721 - DEBUG - [global] needs_update: raw → 5.13.09
2026-09-26 03:16:49,876 - DEBUG - [global] needs_update: API → 5.13.09
2026-09-26 03:16:49,877 - DEBUG - [global] needs_update: лучший источник raw → 5.13.09 (из 2)
2026-09-26 03:16:49,877 - INFO - [global] needs_update: local=(5, 13, 7) remote=(5, 13, 9) -> has_update=True
2026-09-26 03:16:49,877 - INFO - [global] Доступна обнова! Спавню кнопку
2026-09-26 03:17:19,893 - INFO - [global] Проверяю обновы...
2026-09-26 03:17:20,744 - DEBUG - [global] needs_update: raw → 5.13.09
2026-09-26 03:17:20,913 - DEBUG - [global] needs_update: API → 5.13.09
2026-09-26 03:17:20,913 - DEBUG - [global] needs_update: лучший источник raw → 5.13.09 (из 2)
2026-09-26 03:17:20,913 - INFO - [global] needs_update: local=(5, 13, 7) remote=(5, 13, 9) -> has_update=True
2026-09-26 03:17:20,913 - INFO - [global] Доступна обнова! Спавню кнопку
2026-09-26 03:17:27,280 - INFO - [global] LogUploader: запускаю upload_run_logs...
2026-09-26 03:17:27,280 - DEBUG - [global] log_uploader: START window=periodic made=-1 token=...Rjnfq
2026-09-26 03:17:28,203 - DEBUG - [global] _api_put: GET runs/20260926_031727_fail_periodic.log -> 404
2026-09-26 03:17:29,809 - DEBUG - [global] _api_put: PUT runs/20260926_031727_fail_periodic.log -> 201 (6822 bytes)
2026-09-26 03:17:29,811 - DEBUG - [global] log_uploader: STEP 1 (window log) -> https://github.com/StarateJI/L2Mauto/blob/bot-logs/runs/20260926_031727_fail_periodic.log
2026-09-26 03:17:29,812 - DEBUG - [global] log_uploader: STEP 2 SKIP (no PNGs)
