=== Log tail 2026-10-02T05:14:11.469557 | last 200 lines ===
2026-10-02 05:04:51,724 - INFO - [global] needs_update: local=(5, 13, 7) remote=(5, 13, 9) -> has_update=True
2026-10-02 05:04:51,724 - INFO - [global] Доступна обнова! Спавню кнопку
2026-10-02 05:05:19,171 - INFO - [global] LogUploader: запускаю upload_run_logs...
2026-10-02 05:05:19,172 - DEBUG - [global] log_uploader: START window=periodic made=-1 token=...Rjnfq
2026-10-02 05:05:20,153 - DEBUG - [global] _api_put: GET runs/20261002_050519_fail_periodic.log -> 404
2026-10-02 05:05:21,742 - INFO - [global] Проверяю обновы...
2026-10-02 05:05:22,062 - DEBUG - [global] _api_put: PUT runs/20261002_050519_fail_periodic.log -> 201 (12833 bytes)
2026-10-02 05:05:22,064 - DEBUG - [global] log_uploader: STEP 1 (window log) -> https://github.com/StarateJI/L2Mauto/blob/bot-logs/runs/20261002_050519_fail_periodic.log
2026-10-02 05:05:22,065 - DEBUG - [global] log_uploader: STEP 2 SKIP (no PNGs)
2026-10-02 05:05:22,663 - DEBUG - [global] needs_update: raw → 5.13.09
2026-10-02 05:05:22,908 - DEBUG - [global] needs_update: API → 5.13.09
2026-10-02 05:05:22,908 - DEBUG - [global] needs_update: лучший источник raw → 5.13.09 (из 2)
2026-10-02 05:05:22,908 - INFO - [global] needs_update: local=(5, 13, 7) remote=(5, 13, 9) -> has_update=True
2026-10-02 05:05:22,908 - INFO - [global] Доступна обнова! Спавню кнопку
2026-10-02 05:05:23,258 - DEBUG - [global] _api_put: GET runs/20261002_050519_fail_global.log -> 404
2026-10-02 05:05:25,851 - DEBUG - [global] _api_put: PUT runs/20261002_050519_fail_global.log -> 201 (20021 bytes)
2026-10-02 05:05:25,854 - DEBUG - [global] log_uploader: STEP 3 (global log) -> https://github.com/StarateJI/L2Mauto/blob/bot-logs/runs/20261002_050519_fail_global.log
2026-10-02 05:05:25,854 - DEBUG - [global] log_uploader: END window=periodic
2026-10-02 05:05:25,854 - INFO - [global] LogUploader: upload_run_logs завершён
2026-10-02 05:05:52,928 - INFO - [global] Проверяю обновы...
2026-10-02 05:05:53,781 - DEBUG - [global] needs_update: raw → 5.13.09
2026-10-02 05:05:53,957 - DEBUG - [global] needs_update: API → 5.13.09
2026-10-02 05:05:53,957 - DEBUG - [global] needs_update: лучший источник raw → 5.13.09 (из 2)
2026-10-02 05:05:53,957 - INFO - [global] needs_update: local=(5, 13, 7) remote=(5, 13, 9) -> has_update=True
2026-10-02 05:05:53,957 - INFO - [global] Доступна обнова! Спавню кнопку
2026-10-02 05:06:23,979 - INFO - [global] Проверяю обновы...
2026-10-02 05:06:24,853 - DEBUG - [global] needs_update: raw → 5.13.09
2026-10-02 05:06:25,012 - DEBUG - [global] needs_update: API → 5.13.09
2026-10-02 05:06:25,012 - DEBUG - [global] needs_update: лучший источник raw → 5.13.09 (из 2)
2026-10-02 05:06:25,012 - INFO - [global] needs_update: local=(5, 13, 7) remote=(5, 13, 9) -> has_update=True
2026-10-02 05:06:25,012 - INFO - [global] Доступна обнова! Спавню кнопку
2026-10-02 05:06:25,889 - INFO - [global] LogUploader: запускаю upload_run_logs...
2026-10-02 05:06:25,890 - DEBUG - [global] log_uploader: START window=periodic made=-1 token=...Rjnfq
2026-10-02 05:06:26,827 - DEBUG - [global] _api_put: GET runs/20261002_050625_fail_periodic.log -> 404
2026-10-02 05:06:28,614 - DEBUG - [global] _api_put: PUT runs/20261002_050625_fail_periodic.log -> 201 (12833 bytes)
2026-10-02 05:06:28,616 - DEBUG - [global] log_uploader: STEP 1 (window log) -> https://github.com/StarateJI/L2Mauto/blob/bot-logs/runs/20261002_050625_fail_periodic.log
2026-10-02 05:06:28,616 - DEBUG - [global] log_uploader: STEP 2 SKIP (no PNGs)
2026-10-02 05:06:29,638 - DEBUG - [global] _api_put: GET runs/20261002_050625_fail_global.log -> 404
2026-10-02 05:06:31,617 - DEBUG - [global] _api_put: PUT runs/20261002_050625_fail_global.log -> 201 (20001 bytes)
2026-10-02 05:06:31,620 - DEBUG - [global] log_uploader: STEP 3 (global log) -> https://github.com/StarateJI/L2Mauto/blob/bot-logs/runs/20261002_050625_fail_global.log
2026-10-02 05:06:31,620 - DEBUG - [global] log_uploader: END window=periodic
2026-10-02 05:06:31,620 - INFO - [global] LogUploader: upload_run_logs завершён
2026-10-02 05:06:55,029 - INFO - [global] Проверяю обновы...
2026-10-02 05:06:55,886 - DEBUG - [global] needs_update: raw → 5.13.09
2026-10-02 05:06:56,253 - DEBUG - [global] needs_update: API → 5.13.09
2026-10-02 05:06:56,254 - DEBUG - [global] needs_update: лучший источник raw → 5.13.09 (из 2)
2026-10-02 05:06:56,254 - INFO - [global] needs_update: local=(5, 13, 7) remote=(5, 13, 9) -> has_update=True
2026-10-02 05:06:56,254 - INFO - [global] Доступна обнова! Спавню кнопку
2026-10-02 05:07:26,272 - INFO - [global] Проверяю обновы...
2026-10-02 05:07:27,132 - DEBUG - [global] needs_update: raw → 5.13.09
2026-10-02 05:07:27,317 - DEBUG - [global] needs_update: API → 5.13.09
2026-10-02 05:07:27,317 - DEBUG - [global] needs_update: лучший источник raw → 5.13.09 (из 2)
2026-10-02 05:07:27,317 - INFO - [global] needs_update: local=(5, 13, 7) remote=(5, 13, 9) -> has_update=True
2026-10-02 05:07:27,317 - INFO - [global] Доступна обнова! Спавню кнопку
2026-10-02 05:07:31,658 - INFO - [global] LogUploader: запускаю upload_run_logs...
2026-10-02 05:07:31,659 - DEBUG - [global] log_uploader: START window=periodic made=-1 token=...Rjnfq
2026-10-02 05:07:32,663 - DEBUG - [global] _api_put: GET runs/20261002_050731_fail_periodic.log -> 404
2026-10-02 05:07:34,829 - DEBUG - [global] _api_put: PUT runs/20261002_050731_fail_periodic.log -> 201 (12833 bytes)
2026-10-02 05:07:34,831 - DEBUG - [global] log_uploader: STEP 1 (window log) -> https://github.com/StarateJI/L2Mauto/blob/bot-logs/runs/20261002_050731_fail_periodic.log
2026-10-02 05:07:34,832 - DEBUG - [global] log_uploader: STEP 2 SKIP (no PNGs)
2026-10-02 05:07:35,848 - DEBUG - [global] _api_put: GET runs/20261002_050731_fail_global.log -> 404
2026-10-02 05:07:37,957 - DEBUG - [global] _api_put: PUT runs/20261002_050731_fail_global.log -> 201 (20019 bytes)
2026-10-02 05:07:37,960 - DEBUG - [global] log_uploader: STEP 3 (global log) -> https://github.com/StarateJI/L2Mauto/blob/bot-logs/runs/20261002_050731_fail_global.log
2026-10-02 05:07:37,960 - DEBUG - [global] log_uploader: END window=periodic
2026-10-02 05:07:37,960 - INFO - [global] LogUploader: upload_run_logs завершён
2026-10-02 05:07:57,338 - INFO - [global] Проверяю обновы...
2026-10-02 05:07:58,197 - DEBUG - [global] needs_update: raw → 5.13.09
2026-10-02 05:07:58,409 - DEBUG - [global] needs_update: API → 5.13.09
2026-10-02 05:07:58,409 - DEBUG - [global] needs_update: лучший источник raw → 5.13.09 (из 2)
2026-10-02 05:07:58,409 - INFO - [global] needs_update: local=(5, 13, 7) remote=(5, 13, 9) -> has_update=True
2026-10-02 05:07:58,409 - INFO - [global] Доступна обнова! Спавню кнопку
2026-10-02 05:08:28,424 - INFO - [global] Проверяю обновы...
2026-10-02 05:08:29,249 - DEBUG - [global] needs_update: raw → 5.13.09
2026-10-02 05:08:29,470 - DEBUG - [global] needs_update: API → 5.13.09
2026-10-02 05:08:29,471 - DEBUG - [global] needs_update: лучший источник raw → 5.13.09 (из 2)
2026-10-02 05:08:29,471 - INFO - [global] needs_update: local=(5, 13, 7) remote=(5, 13, 9) -> has_update=True
2026-10-02 05:08:29,471 - INFO - [global] Доступна обнова! Спавню кнопку
2026-10-02 05:08:37,998 - INFO - [global] LogUploader: запускаю upload_run_logs...
2026-10-02 05:08:37,999 - DEBUG - [global] log_uploader: START window=periodic made=-1 token=...Rjnfq
2026-10-02 05:08:38,920 - DEBUG - [global] _api_put: GET runs/20261002_050837_fail_periodic.log -> 404
2026-10-02 05:08:40,744 - DEBUG - [global] _api_put: PUT runs/20261002_050837_fail_periodic.log -> 201 (12833 bytes)
2026-10-02 05:08:40,746 - DEBUG - [global] log_uploader: STEP 1 (window log) -> https://github.com/StarateJI/L2Mauto/blob/bot-logs/runs/20261002_050837_fail_periodic.log
2026-10-02 05:08:40,747 - DEBUG - [global] log_uploader: STEP 2 SKIP (no PNGs)
2026-10-02 05:08:41,863 - DEBUG - [global] _api_put: GET runs/20261002_050837_fail_global.log -> 404
2026-10-02 05:08:43,934 - DEBUG - [global] _api_put: PUT runs/20261002_050837_fail_global.log -> 201 (20019 bytes)
2026-10-02 05:08:43,935 - DEBUG - [global] log_uploader: STEP 3 (global log) -> https://github.com/StarateJI/L2Mauto/blob/bot-logs/runs/20261002_050837_fail_global.log
2026-10-02 05:08:43,936 - DEBUG - [global] log_uploader: END window=periodic
2026-10-02 05:08:43,936 - INFO - [global] LogUploader: upload_run_logs завершён
2026-10-02 05:08:59,493 - INFO - [global] Проверяю обновы...
2026-10-02 05:09:00,351 - DEBUG - [global] needs_update: raw → 5.13.09
2026-10-02 05:09:00,557 - DEBUG - [global] needs_update: API → 5.13.09
2026-10-02 05:09:00,558 - DEBUG - [global] needs_update: лучший источник raw → 5.13.09 (из 2)
2026-10-02 05:09:00,558 - INFO - [global] needs_update: local=(5, 13, 7) remote=(5, 13, 9) -> has_update=True
2026-10-02 05:09:00,558 - INFO - [global] Доступна обнова! Спавню кнопку
2026-10-02 05:09:30,579 - INFO - [global] Проверяю обновы...
2026-10-02 05:09:31,630 - DEBUG - [global] needs_update: raw → 5.13.09
2026-10-02 05:09:31,666 - DEBUG - [global] needs_update: API → 5.13.09
2026-10-02 05:09:31,666 - DEBUG - [global] needs_update: лучший источник raw → 5.13.09 (из 2)
2026-10-02 05:09:31,666 - INFO - [global] needs_update: local=(5, 13, 7) remote=(5, 13, 9) -> has_update=True
2026-10-02 05:09:31,666 - INFO - [global] Доступна обнова! Спавню кнопку
2026-10-02 05:09:43,966 - INFO - [global] LogUploader: запускаю upload_run_logs...
2026-10-02 05:09:43,967 - DEBUG - [global] log_uploader: START window=periodic made=-1 token=...Rjnfq
2026-10-02 05:09:44,967 - DEBUG - [global] _api_put: GET runs/20261002_050943_fail_periodic.log -> 404
2026-10-02 05:09:47,146 - DEBUG - [global] _api_put: PUT runs/20261002_050943_fail_periodic.log -> 201 (12833 bytes)
2026-10-02 05:09:47,148 - DEBUG - [global] log_uploader: STEP 1 (window log) -> https://github.com/StarateJI/L2Mauto/blob/bot-logs/runs/20261002_050943_fail_periodic.log
2026-10-02 05:09:47,148 - DEBUG - [global] log_uploader: STEP 2 SKIP (no PNGs)
2026-10-02 05:09:48,223 - DEBUG - [global] _api_put: GET runs/20261002_050943_fail_global.log -> 404
2026-10-02 05:09:50,262 - DEBUG - [global] _api_put: PUT runs/20261002_050943_fail_global.log -> 201 (20019 bytes)
2026-10-02 05:09:50,265 - DEBUG - [global] log_uploader: STEP 3 (global log) -> https://github.com/StarateJI/L2Mauto/blob/bot-logs/runs/20261002_050943_fail_global.log
2026-10-02 05:09:50,266 - DEBUG - [global] log_uploader: END window=periodic
2026-10-02 05:09:50,266 - INFO - [global] LogUploader: upload_run_logs завершён
2026-10-02 05:10:01,682 - INFO - [global] Проверяю обновы...
2026-10-02 05:10:02,548 - DEBUG - [global] needs_update: raw → 5.13.09
2026-10-02 05:10:02,829 - DEBUG - [global] needs_update: API → 5.13.09
2026-10-02 05:10:02,829 - DEBUG - [global] needs_update: лучший источник raw → 5.13.09 (из 2)
2026-10-02 05:10:02,829 - INFO - [global] needs_update: local=(5, 13, 7) remote=(5, 13, 9) -> has_update=True
2026-10-02 05:10:02,829 - INFO - [global] Доступна обнова! Спавню кнопку
2026-10-02 05:10:32,849 - INFO - [global] Проверяю обновы...
2026-10-02 05:10:33,706 - DEBUG - [global] needs_update: raw → 5.13.09
2026-10-02 05:10:33,921 - DEBUG - [global] needs_update: API → 5.13.09
2026-10-02 05:10:33,921 - DEBUG - [global] needs_update: лучший источник raw → 5.13.09 (из 2)
2026-10-02 05:10:33,922 - INFO - [global] needs_update: local=(5, 13, 7) remote=(5, 13, 9) -> has_update=True
2026-10-02 05:10:33,922 - INFO - [global] Доступна обнова! Спавню кнопку
2026-10-02 05:10:50,303 - INFO - [global] LogUploader: запускаю upload_run_logs...
2026-10-02 05:10:50,303 - DEBUG - [global] log_uploader: START window=periodic made=-1 token=...Rjnfq
2026-10-02 05:10:51,294 - DEBUG - [global] _api_put: GET runs/20261002_051050_fail_periodic.log -> 404
2026-10-02 05:10:53,277 - DEBUG - [global] _api_put: PUT runs/20261002_051050_fail_periodic.log -> 201 (12833 bytes)
2026-10-02 05:10:53,280 - DEBUG - [global] log_uploader: STEP 1 (window log) -> https://github.com/StarateJI/L2Mauto/blob/bot-logs/runs/20261002_051050_fail_periodic.log
2026-10-02 05:10:53,281 - DEBUG - [global] log_uploader: STEP 2 SKIP (no PNGs)
2026-10-02 05:10:54,356 - DEBUG - [global] _api_put: GET runs/20261002_051050_fail_global.log -> 404
2026-10-02 05:10:56,342 - DEBUG - [global] _api_put: PUT runs/20261002_051050_fail_global.log -> 201 (20019 bytes)
2026-10-02 05:10:56,344 - DEBUG - [global] log_uploader: STEP 3 (global log) -> https://github.com/StarateJI/L2Mauto/blob/bot-logs/runs/20261002_051050_fail_global.log
2026-10-02 05:10:56,344 - DEBUG - [global] log_uploader: END window=periodic
2026-10-02 05:10:56,344 - INFO - [global] LogUploader: upload_run_logs завершён
2026-10-02 05:11:03,939 - INFO - [global] Проверяю обновы...
2026-10-02 05:11:04,859 - DEBUG - [global] needs_update: raw → 5.13.09
2026-10-02 05:11:05,020 - DEBUG - [global] needs_update: API → 5.13.09
2026-10-02 05:11:05,020 - DEBUG - [global] needs_update: лучший источник raw → 5.13.09 (из 2)
2026-10-02 05:11:05,021 - INFO - [global] needs_update: local=(5, 13, 7) remote=(5, 13, 9) -> has_update=True
2026-10-02 05:11:05,021 - INFO - [global] Доступна обнова! Спавню кнопку
2026-10-02 05:11:35,037 - INFO - [global] Проверяю обновы...
2026-10-02 05:11:35,873 - DEBUG - [global] needs_update: raw → 5.13.09
2026-10-02 05:11:36,062 - DEBUG - [global] needs_update: API → 5.13.09
2026-10-02 05:11:36,063 - DEBUG - [global] needs_update: лучший источник raw → 5.13.09 (из 2)
2026-10-02 05:11:36,063 - INFO - [global] needs_update: local=(5, 13, 7) remote=(5, 13, 9) -> has_update=True
2026-10-02 05:11:36,063 - INFO - [global] Доступна обнова! Спавню кнопку
2026-10-02 05:11:56,380 - INFO - [global] LogUploader: запускаю upload_run_logs...
2026-10-02 05:11:56,381 - DEBUG - [global] log_uploader: START window=periodic made=-1 token=...Rjnfq
2026-10-02 05:11:57,318 - DEBUG - [global] _api_put: GET runs/20261002_051156_fail_periodic.log -> 404
2026-10-02 05:11:59,263 - DEBUG - [global] _api_put: PUT runs/20261002_051156_fail_periodic.log -> 201 (12833 bytes)
2026-10-02 05:11:59,265 - DEBUG - [global] log_uploader: STEP 1 (window log) -> https://github.com/StarateJI/L2Mauto/blob/bot-logs/runs/20261002_051156_fail_periodic.log
2026-10-02 05:11:59,266 - DEBUG - [global] log_uploader: STEP 2 SKIP (no PNGs)
2026-10-02 05:12:00,283 - DEBUG - [global] _api_put: GET runs/20261002_051156_fail_global.log -> 404
2026-10-02 05:12:02,205 - DEBUG - [global] _api_put: PUT runs/20261002_051156_fail_global.log -> 201 (20019 bytes)
2026-10-02 05:12:02,207 - DEBUG - [global] log_uploader: STEP 3 (global log) -> https://github.com/StarateJI/L2Mauto/blob/bot-logs/runs/20261002_051156_fail_global.log
2026-10-02 05:12:02,207 - DEBUG - [global] log_uploader: END window=periodic
2026-10-02 05:12:02,207 - INFO - [global] LogUploader: upload_run_logs завершён
2026-10-02 05:12:06,077 - INFO - [global] Проверяю обновы...
2026-10-02 05:12:06,895 - DEBUG - [global] needs_update: raw → 5.13.09
2026-10-02 05:12:07,130 - DEBUG - [global] needs_update: API → 5.13.09
2026-10-02 05:12:07,130 - DEBUG - [global] needs_update: лучший источник raw → 5.13.09 (из 2)
2026-10-02 05:12:07,130 - INFO - [global] needs_update: local=(5, 13, 7) remote=(5, 13, 9) -> has_update=True
2026-10-02 05:12:07,130 - INFO - [global] Доступна обнова! Спавню кнопку
2026-10-02 05:12:37,144 - INFO - [global] Проверяю обновы...
2026-10-02 05:12:38,026 - DEBUG - [global] needs_update: raw → 5.13.09
2026-10-02 05:12:38,217 - DEBUG - [global] needs_update: API → 5.13.09
2026-10-02 05:12:38,217 - DEBUG - [global] needs_update: лучший источник raw → 5.13.09 (из 2)
2026-10-02 05:12:38,217 - INFO - [global] needs_update: local=(5, 13, 7) remote=(5, 13, 9) -> has_update=True
2026-10-02 05:12:38,217 - INFO - [global] Доступна обнова! Спавню кнопку
2026-10-02 05:13:02,243 - INFO - [global] LogUploader: запускаю upload_run_logs...
2026-10-02 05:13:02,245 - DEBUG - [global] log_uploader: START window=periodic made=-1 token=...Rjnfq
2026-10-02 05:13:03,208 - DEBUG - [global] _api_put: GET runs/20261002_051302_fail_periodic.log -> 404
2026-10-02 05:13:05,245 - DEBUG - [global] _api_put: PUT runs/20261002_051302_fail_periodic.log -> 201 (12833 bytes)
2026-10-02 05:13:05,249 - DEBUG - [global] log_uploader: STEP 1 (window log) -> https://github.com/StarateJI/L2Mauto/blob/bot-logs/runs/20261002_051302_fail_periodic.log
2026-10-02 05:13:05,249 - DEBUG - [global] log_uploader: STEP 2 SKIP (no PNGs)
2026-10-02 05:13:06,350 - DEBUG - [global] _api_put: GET runs/20261002_051302_fail_global.log -> 404
2026-10-02 05:13:08,232 - INFO - [global] Проверяю обновы...
2026-10-02 05:13:08,254 - DEBUG - [global] _api_put: PUT runs/20261002_051302_fail_global.log -> 201 (20019 bytes)
2026-10-02 05:13:08,256 - DEBUG - [global] log_uploader: STEP 3 (global log) -> https://github.com/StarateJI/L2Mauto/blob/bot-logs/runs/20261002_051302_fail_global.log
2026-10-02 05:13:08,257 - DEBUG - [global] log_uploader: END window=periodic
2026-10-02 05:13:08,257 - INFO - [global] LogUploader: upload_run_logs завершён
2026-10-02 05:13:09,098 - DEBUG - [global] needs_update: raw → 5.13.09
2026-10-02 05:13:09,306 - DEBUG - [global] needs_update: API → 5.13.09
2026-10-02 05:13:09,306 - DEBUG - [global] needs_update: лучший источник raw → 5.13.09 (из 2)
2026-10-02 05:13:09,307 - INFO - [global] needs_update: local=(5, 13, 7) remote=(5, 13, 9) -> has_update=True
2026-10-02 05:13:09,307 - INFO - [global] Доступна обнова! Спавню кнопку
2026-10-02 05:13:39,327 - INFO - [global] Проверяю обновы...
2026-10-02 05:13:40,191 - DEBUG - [global] needs_update: raw → 5.13.09
2026-10-02 05:13:40,387 - DEBUG - [global] needs_update: API → 5.13.09
2026-10-02 05:13:40,388 - DEBUG - [global] needs_update: лучший источник raw → 5.13.09 (из 2)
2026-10-02 05:13:40,388 - INFO - [global] needs_update: local=(5, 13, 7) remote=(5, 13, 9) -> has_update=True
2026-10-02 05:13:40,388 - INFO - [global] Доступна обнова! Спавню кнопку
2026-10-02 05:14:08,289 - INFO - [global] LogUploader: запускаю upload_run_logs...
2026-10-02 05:14:08,290 - DEBUG - [global] log_uploader: START window=periodic made=-1 token=...Rjnfq
2026-10-02 05:14:09,255 - DEBUG - [global] _api_put: GET runs/20261002_051408_fail_periodic.log -> 404
2026-10-02 05:14:10,410 - INFO - [global] Проверяю обновы...
2026-10-02 05:14:11,319 - DEBUG - [global] needs_update: raw → 5.13.09
2026-10-02 05:14:11,358 - DEBUG - [global] _api_put: PUT runs/20261002_051408_fail_periodic.log -> 201 (12833 bytes)
2026-10-02 05:14:11,361 - DEBUG - [global] log_uploader: STEP 1 (window log) -> https://github.com/StarateJI/L2Mauto/blob/bot-logs/runs/20261002_051408_fail_periodic.log
2026-10-02 05:14:11,362 - DEBUG - [global] log_uploader: STEP 2 SKIP (no PNGs)
