=== Log tail 2026-09-16T07:05:05.910694 | last 200 lines ===
2026-09-16 06:56:18,322 - DEBUG - [global] _api_put: GET runs/20260916_065613_fail_global.log -> 404
2026-09-16 06:56:20,203 - DEBUG - [global] _api_put: PUT runs/20260916_065613_fail_global.log -> 201 (19956 bytes)
2026-09-16 06:56:20,206 - DEBUG - [global] log_uploader: STEP 3 (global log) -> https://github.com/StarateJI/L2Mauto/blob/bot-logs/runs/20260916_065613_fail_global.log
2026-09-16 06:56:20,206 - DEBUG - [global] log_uploader: END window=periodic
2026-09-16 06:56:20,206 - INFO - [global] LogUploader: upload_run_logs завершён
2026-09-16 06:56:21,370 - INFO - [global] Проверяю обновы...
2026-09-16 06:56:22,492 - DEBUG - [global] needs_update: raw → 5.7.2
2026-09-16 06:56:23,644 - DEBUG - [global] needs_update: API GitHub → 5.7.2
2026-09-16 06:56:24,681 - DEBUG - [global] needs_update: jsdelivr → 5.6.38
2026-09-16 06:56:24,682 - DEBUG - [global] needs_update: лучший источник raw → 5.7.2 (из 3)
2026-09-16 06:56:24,684 - INFO - [global] needs_update: local=(5, 7, 1) remote=(5, 7, 2) -> has_update=True
2026-09-16 06:56:24,685 - INFO - [global] Доступна обнова! Спавню кнопку
2026-09-16 06:56:54,876 - INFO - [global] Проверяю обновы...
2026-09-16 06:56:55,792 - DEBUG - [global] needs_update: raw → 5.7.2
2026-09-16 06:56:56,794 - DEBUG - [global] needs_update: API GitHub → 5.7.2
2026-09-16 06:56:57,732 - DEBUG - [global] needs_update: jsdelivr → 5.6.38
2026-09-16 06:56:57,732 - DEBUG - [global] needs_update: лучший источник raw → 5.7.2 (из 3)
2026-09-16 06:56:57,735 - INFO - [global] needs_update: local=(5, 7, 1) remote=(5, 7, 2) -> has_update=True
2026-09-16 06:56:57,735 - INFO - [global] Доступна обнова! Спавню кнопку
2026-09-16 06:57:20,415 - INFO - [global] LogUploader: запускаю upload_run_logs...
2026-09-16 06:57:20,417 - DEBUG - [global] log_uploader: START window=periodic made=-1 token=...Rjnfq
2026-09-16 06:57:21,480 - DEBUG - [global] _api_put: GET runs/20260916_065720_fail_periodic.log -> 404
2026-09-16 06:57:23,158 - DEBUG - [global] _api_put: PUT runs/20260916_065720_fail_periodic.log -> 201 (10182 bytes)
2026-09-16 06:57:23,161 - DEBUG - [global] log_uploader: STEP 1 (window log) -> https://github.com/StarateJI/L2Mauto/blob/bot-logs/runs/20260916_065720_fail_periodic.log
2026-09-16 06:57:23,162 - DEBUG - [global] log_uploader: STEP 2 SKIP (no PNGs)
2026-09-16 06:57:24,281 - DEBUG - [global] _api_put: GET runs/20260916_065720_fail_global.log -> 404
2026-09-16 06:57:25,955 - DEBUG - [global] _api_put: PUT runs/20260916_065720_fail_global.log -> 201 (19874 bytes)
2026-09-16 06:57:25,958 - DEBUG - [global] log_uploader: STEP 3 (global log) -> https://github.com/StarateJI/L2Mauto/blob/bot-logs/runs/20260916_065720_fail_global.log
2026-09-16 06:57:25,959 - DEBUG - [global] log_uploader: END window=periodic
2026-09-16 06:57:25,959 - INFO - [global] LogUploader: upload_run_logs завершён
2026-09-16 06:57:27,827 - INFO - [global] Проверяю обновы...
2026-09-16 06:57:28,729 - DEBUG - [global] needs_update: raw → 5.7.2
2026-09-16 06:57:29,852 - DEBUG - [global] needs_update: API GitHub → 5.7.2
2026-09-16 06:57:30,867 - DEBUG - [global] needs_update: jsdelivr → 5.6.38
2026-09-16 06:57:30,867 - DEBUG - [global] needs_update: лучший источник raw → 5.7.2 (из 3)
2026-09-16 06:57:30,872 - INFO - [global] needs_update: local=(5, 7, 1) remote=(5, 7, 2) -> has_update=True
2026-09-16 06:57:30,872 - INFO - [global] Доступна обнова! Спавню кнопку
2026-09-16 06:58:01,091 - INFO - [global] Проверяю обновы...
2026-09-16 06:58:02,174 - DEBUG - [global] needs_update: raw → 5.7.2
2026-09-16 06:58:03,234 - DEBUG - [global] needs_update: API GitHub → 5.7.2
2026-09-16 06:58:04,179 - DEBUG - [global] needs_update: jsdelivr → 5.6.38
2026-09-16 06:58:04,179 - DEBUG - [global] needs_update: лучший источник raw → 5.7.2 (из 3)
2026-09-16 06:58:04,182 - INFO - [global] needs_update: local=(5, 7, 1) remote=(5, 7, 2) -> has_update=True
2026-09-16 06:58:04,182 - INFO - [global] Доступна обнова! Спавню кнопку
2026-09-16 06:58:26,501 - INFO - [global] LogUploader: запускаю upload_run_logs...
2026-09-16 06:58:26,502 - DEBUG - [global] log_uploader: START window=periodic made=-1 token=...Rjnfq
2026-09-16 06:58:27,617 - DEBUG - [global] _api_put: GET runs/20260916_065826_fail_periodic.log -> 404
2026-09-16 06:58:29,210 - DEBUG - [global] _api_put: PUT runs/20260916_065826_fail_periodic.log -> 201 (10182 bytes)
2026-09-16 06:58:29,212 - DEBUG - [global] log_uploader: STEP 1 (window log) -> https://github.com/StarateJI/L2Mauto/blob/bot-logs/runs/20260916_065826_fail_periodic.log
2026-09-16 06:58:29,214 - DEBUG - [global] log_uploader: STEP 2 SKIP (no PNGs)
2026-09-16 06:58:30,413 - DEBUG - [global] _api_put: GET runs/20260916_065826_fail_global.log -> 404
2026-09-16 06:58:32,176 - DEBUG - [global] _api_put: PUT runs/20260916_065826_fail_global.log -> 201 (19783 bytes)
2026-09-16 06:58:32,179 - DEBUG - [global] log_uploader: STEP 3 (global log) -> https://github.com/StarateJI/L2Mauto/blob/bot-logs/runs/20260916_065826_fail_global.log
2026-09-16 06:58:32,179 - DEBUG - [global] log_uploader: END window=periodic
2026-09-16 06:58:32,179 - INFO - [global] LogUploader: upload_run_logs завершён
2026-09-16 06:58:34,337 - INFO - [global] Проверяю обновы...
2026-09-16 06:58:35,229 - DEBUG - [global] needs_update: raw → 5.7.2
2026-09-16 06:58:36,407 - DEBUG - [global] needs_update: API GitHub → 5.7.2
2026-09-16 06:58:37,386 - DEBUG - [global] needs_update: jsdelivr → 5.6.42
2026-09-16 06:58:37,386 - DEBUG - [global] needs_update: лучший источник raw → 5.7.2 (из 3)
2026-09-16 06:58:37,389 - INFO - [global] needs_update: local=(5, 7, 1) remote=(5, 7, 2) -> has_update=True
2026-09-16 06:58:37,389 - INFO - [global] Доступна обнова! Спавню кнопку
2026-09-16 06:59:07,591 - INFO - [global] Проверяю обновы...
2026-09-16 06:59:08,668 - DEBUG - [global] needs_update: raw → 5.7.2
2026-09-16 06:59:09,884 - DEBUG - [global] needs_update: API GitHub → 5.7.2
2026-09-16 06:59:10,885 - DEBUG - [global] needs_update: jsdelivr → 5.6.42
2026-09-16 06:59:10,886 - DEBUG - [global] needs_update: лучший источник raw → 5.7.2 (из 3)
2026-09-16 06:59:10,889 - INFO - [global] needs_update: local=(5, 7, 1) remote=(5, 7, 2) -> has_update=True
2026-09-16 06:59:10,889 - INFO - [global] Доступна обнова! Спавню кнопку
2026-09-16 06:59:32,837 - INFO - [global] LogUploader: запускаю upload_run_logs...
2026-09-16 06:59:32,842 - DEBUG - [global] log_uploader: START window=periodic made=-1 token=...Rjnfq
2026-09-16 06:59:34,003 - DEBUG - [global] _api_put: GET runs/20260916_065932_fail_periodic.log -> 404
2026-09-16 06:59:35,613 - DEBUG - [global] _api_put: PUT runs/20260916_065932_fail_periodic.log -> 201 (10182 bytes)
2026-09-16 06:59:35,616 - DEBUG - [global] log_uploader: STEP 1 (window log) -> https://github.com/StarateJI/L2Mauto/blob/bot-logs/runs/20260916_065932_fail_periodic.log
2026-09-16 06:59:35,617 - DEBUG - [global] log_uploader: STEP 2 SKIP (no PNGs)
2026-09-16 06:59:36,759 - DEBUG - [global] _api_put: GET runs/20260916_065932_fail_global.log -> 404
2026-09-16 06:59:38,520 - DEBUG - [global] _api_put: PUT runs/20260916_065932_fail_global.log -> 201 (19783 bytes)
2026-09-16 06:59:38,522 - DEBUG - [global] log_uploader: STEP 3 (global log) -> https://github.com/StarateJI/L2Mauto/blob/bot-logs/runs/20260916_065932_fail_global.log
2026-09-16 06:59:38,523 - DEBUG - [global] log_uploader: END window=periodic
2026-09-16 06:59:38,523 - INFO - [global] LogUploader: upload_run_logs завершён
2026-09-16 06:59:41,242 - INFO - [global] Проверяю обновы...
2026-09-16 06:59:42,133 - DEBUG - [global] needs_update: raw → 5.7.2
2026-09-16 06:59:43,172 - DEBUG - [global] needs_update: API GitHub → 5.7.2
2026-09-16 06:59:44,021 - DEBUG - [global] needs_update: jsdelivr → 5.6.42
2026-09-16 06:59:44,022 - DEBUG - [global] needs_update: лучший источник raw → 5.7.2 (из 3)
2026-09-16 06:59:44,025 - INFO - [global] needs_update: local=(5, 7, 1) remote=(5, 7, 2) -> has_update=True
2026-09-16 06:59:44,025 - INFO - [global] Доступна обнова! Спавню кнопку
2026-09-16 07:00:14,076 - INFO - [global] Проверяю обновы...
2026-09-16 07:00:14,949 - DEBUG - [global] needs_update: raw → 5.7.2
2026-09-16 07:00:15,897 - DEBUG - [global] needs_update: API GitHub → 5.7.2
2026-09-16 07:00:16,721 - DEBUG - [global] needs_update: jsdelivr → 5.6.42
2026-09-16 07:00:16,722 - DEBUG - [global] needs_update: лучший источник raw → 5.7.2 (из 3)
2026-09-16 07:00:16,724 - INFO - [global] needs_update: local=(5, 7, 1) remote=(5, 7, 2) -> has_update=True
2026-09-16 07:00:16,724 - INFO - [global] Доступна обнова! Спавню кнопку
2026-09-16 07:00:38,637 - INFO - [global] LogUploader: запускаю upload_run_logs...
2026-09-16 07:00:38,638 - DEBUG - [global] log_uploader: START window=periodic made=-1 token=...Rjnfq
2026-09-16 07:00:39,626 - DEBUG - [global] _api_put: GET runs/20260916_070038_fail_periodic.log -> 404
2026-09-16 07:00:41,218 - DEBUG - [global] _api_put: PUT runs/20260916_070038_fail_periodic.log -> 201 (10182 bytes)
2026-09-16 07:00:41,221 - DEBUG - [global] log_uploader: STEP 1 (window log) -> https://github.com/StarateJI/L2Mauto/blob/bot-logs/runs/20260916_070038_fail_periodic.log
2026-09-16 07:00:41,222 - DEBUG - [global] log_uploader: STEP 2 SKIP (no PNGs)
2026-09-16 07:00:42,284 - DEBUG - [global] _api_put: GET runs/20260916_070038_fail_global.log -> 404
2026-09-16 07:00:43,997 - DEBUG - [global] _api_put: PUT runs/20260916_070038_fail_global.log -> 201 (19724 bytes)
2026-09-16 07:00:43,999 - DEBUG - [global] log_uploader: STEP 3 (global log) -> https://github.com/StarateJI/L2Mauto/blob/bot-logs/runs/20260916_070038_fail_global.log
2026-09-16 07:00:44,000 - DEBUG - [global] log_uploader: END window=periodic
2026-09-16 07:00:44,000 - INFO - [global] LogUploader: upload_run_logs завершён
2026-09-16 07:00:46,763 - INFO - [global] Проверяю обновы...
2026-09-16 07:00:47,619 - DEBUG - [global] needs_update: raw → 5.7.2
2026-09-16 07:00:48,628 - DEBUG - [global] needs_update: API GitHub → 5.7.2
2026-09-16 07:00:49,490 - DEBUG - [global] needs_update: jsdelivr → 5.6.42
2026-09-16 07:00:49,490 - DEBUG - [global] needs_update: лучший источник raw → 5.7.2 (из 3)
2026-09-16 07:00:49,493 - INFO - [global] needs_update: local=(5, 7, 1) remote=(5, 7, 2) -> has_update=True
2026-09-16 07:00:49,493 - INFO - [global] Доступна обнова! Спавню кнопку
2026-09-16 07:01:19,543 - INFO - [global] Проверяю обновы...
2026-09-16 07:01:20,472 - DEBUG - [global] needs_update: raw → 5.7.2
2026-09-16 07:01:21,443 - DEBUG - [global] needs_update: API GitHub → 5.7.2
2026-09-16 07:01:22,252 - DEBUG - [global] needs_update: jsdelivr → 5.6.42
2026-09-16 07:01:22,252 - DEBUG - [global] needs_update: лучший источник raw → 5.7.2 (из 3)
2026-09-16 07:01:22,256 - INFO - [global] needs_update: local=(5, 7, 1) remote=(5, 7, 2) -> has_update=True
2026-09-16 07:01:22,256 - INFO - [global] Доступна обнова! Спавню кнопку
2026-09-16 07:01:44,091 - INFO - [global] LogUploader: запускаю upload_run_logs...
2026-09-16 07:01:44,092 - DEBUG - [global] log_uploader: START window=periodic made=-1 token=...Rjnfq
2026-09-16 07:01:45,285 - DEBUG - [global] _api_put: GET runs/20260916_070144_fail_periodic.log -> 404
2026-09-16 07:01:47,137 - DEBUG - [global] _api_put: PUT runs/20260916_070144_fail_periodic.log -> 201 (10182 bytes)
2026-09-16 07:01:47,140 - DEBUG - [global] log_uploader: STEP 1 (window log) -> https://github.com/StarateJI/L2Mauto/blob/bot-logs/runs/20260916_070144_fail_periodic.log
2026-09-16 07:01:47,141 - DEBUG - [global] log_uploader: STEP 2 SKIP (no PNGs)
2026-09-16 07:01:48,445 - DEBUG - [global] _api_put: GET runs/20260916_070144_fail_global.log -> 404
2026-09-16 07:01:50,194 - DEBUG - [global] _api_put: PUT runs/20260916_070144_fail_global.log -> 201 (19637 bytes)
2026-09-16 07:01:50,197 - DEBUG - [global] log_uploader: STEP 3 (global log) -> https://github.com/StarateJI/L2Mauto/blob/bot-logs/runs/20260916_070144_fail_global.log
2026-09-16 07:01:50,197 - DEBUG - [global] log_uploader: END window=periodic
2026-09-16 07:01:50,197 - INFO - [global] LogUploader: upload_run_logs завершён
2026-09-16 07:01:52,360 - INFO - [global] Проверяю обновы...
2026-09-16 07:01:53,221 - DEBUG - [global] needs_update: raw → 5.7.2
2026-09-16 07:01:54,273 - DEBUG - [global] needs_update: API GitHub → 5.7.3
2026-09-16 07:01:55,187 - DEBUG - [global] needs_update: jsdelivr → 5.6.42
2026-09-16 07:01:55,188 - DEBUG - [global] needs_update: лучший источник API → 5.7.3 (из 3)
2026-09-16 07:01:55,190 - INFO - [global] needs_update: local=(5, 7, 1) remote=(5, 7, 3) -> has_update=True
2026-09-16 07:01:55,190 - INFO - [global] Доступна обнова! Спавню кнопку
2026-09-16 07:02:25,273 - INFO - [global] Проверяю обновы...
2026-09-16 07:02:26,251 - DEBUG - [global] needs_update: raw → 5.7.2
2026-09-16 07:02:27,351 - DEBUG - [global] needs_update: API GitHub → 5.7.3
2026-09-16 07:02:28,195 - DEBUG - [global] needs_update: jsdelivr → 5.6.42
2026-09-16 07:02:28,196 - DEBUG - [global] needs_update: лучший источник API → 5.7.3 (из 3)
2026-09-16 07:02:28,198 - INFO - [global] needs_update: local=(5, 7, 1) remote=(5, 7, 3) -> has_update=True
2026-09-16 07:02:28,198 - INFO - [global] Доступна обнова! Спавню кнопку
2026-09-16 07:02:50,422 - INFO - [global] LogUploader: запускаю upload_run_logs...
2026-09-16 07:02:50,424 - DEBUG - [global] log_uploader: START window=periodic made=-1 token=...Rjnfq
2026-09-16 07:02:51,481 - DEBUG - [global] _api_put: GET runs/20260916_070250_fail_periodic.log -> 404
2026-09-16 07:02:53,225 - DEBUG - [global] _api_put: PUT runs/20260916_070250_fail_periodic.log -> 201 (10182 bytes)
2026-09-16 07:02:53,228 - DEBUG - [global] log_uploader: STEP 1 (window log) -> https://github.com/StarateJI/L2Mauto/blob/bot-logs/runs/20260916_070250_fail_periodic.log
2026-09-16 07:02:53,229 - DEBUG - [global] log_uploader: STEP 2 SKIP (no PNGs)
2026-09-16 07:02:54,484 - DEBUG - [global] _api_put: GET runs/20260916_070250_fail_global.log -> 404
2026-09-16 07:02:56,214 - DEBUG - [global] _api_put: PUT runs/20260916_070250_fail_global.log -> 201 (19637 bytes)
2026-09-16 07:02:56,217 - DEBUG - [global] log_uploader: STEP 3 (global log) -> https://github.com/StarateJI/L2Mauto/blob/bot-logs/runs/20260916_070250_fail_global.log
2026-09-16 07:02:56,217 - DEBUG - [global] log_uploader: END window=periodic
2026-09-16 07:02:56,217 - INFO - [global] LogUploader: upload_run_logs завершён
2026-09-16 07:02:58,378 - INFO - [global] Проверяю обновы...
2026-09-16 07:02:59,394 - DEBUG - [global] needs_update: raw → 5.7.2
2026-09-16 07:03:00,501 - DEBUG - [global] needs_update: API GitHub → 5.7.3
2026-09-16 07:03:01,528 - DEBUG - [global] needs_update: jsdelivr → 5.6.42
2026-09-16 07:03:01,528 - DEBUG - [global] needs_update: лучший источник API → 5.7.3 (из 3)
2026-09-16 07:03:01,531 - INFO - [global] needs_update: local=(5, 7, 1) remote=(5, 7, 3) -> has_update=True
2026-09-16 07:03:01,531 - INFO - [global] Доступна обнова! Спавню кнопку
2026-09-16 07:03:31,647 - INFO - [global] Проверяю обновы...
2026-09-16 07:03:32,912 - DEBUG - [global] needs_update: raw → 5.7.3
2026-09-16 07:03:34,045 - DEBUG - [global] needs_update: API GitHub → 5.7.3
2026-09-16 07:03:34,998 - DEBUG - [global] needs_update: jsdelivr → 5.6.42
2026-09-16 07:03:34,998 - DEBUG - [global] needs_update: лучший источник raw → 5.7.3 (из 3)
2026-09-16 07:03:35,002 - INFO - [global] needs_update: local=(5, 7, 1) remote=(5, 7, 3) -> has_update=True
2026-09-16 07:03:35,002 - INFO - [global] Доступна обнова! Спавню кнопку
2026-09-16 07:03:56,614 - INFO - [global] LogUploader: запускаю upload_run_logs...
2026-09-16 07:03:56,619 - DEBUG - [global] log_uploader: START window=periodic made=-1 token=...Rjnfq
2026-09-16 07:03:57,904 - DEBUG - [global] _api_put: GET runs/20260916_070356_fail_periodic.log -> 404
2026-09-16 07:03:59,671 - DEBUG - [global] _api_put: PUT runs/20260916_070356_fail_periodic.log -> 201 (10182 bytes)
2026-09-16 07:03:59,674 - DEBUG - [global] log_uploader: STEP 1 (window log) -> https://github.com/StarateJI/L2Mauto/blob/bot-logs/runs/20260916_070356_fail_periodic.log
2026-09-16 07:03:59,674 - DEBUG - [global] log_uploader: STEP 2 SKIP (no PNGs)
2026-09-16 07:04:00,823 - DEBUG - [global] _api_put: GET runs/20260916_070356_fail_global.log -> 404
2026-09-16 07:04:02,638 - DEBUG - [global] _api_put: PUT runs/20260916_070356_fail_global.log -> 201 (19637 bytes)
2026-09-16 07:04:02,641 - DEBUG - [global] log_uploader: STEP 3 (global log) -> https://github.com/StarateJI/L2Mauto/blob/bot-logs/runs/20260916_070356_fail_global.log
2026-09-16 07:04:02,641 - DEBUG - [global] log_uploader: END window=periodic
2026-09-16 07:04:02,641 - INFO - [global] LogUploader: upload_run_logs завершён
2026-09-16 07:04:05,202 - INFO - [global] Проверяю обновы...
2026-09-16 07:04:06,024 - DEBUG - [global] needs_update: raw → 5.7.3
2026-09-16 07:04:07,002 - DEBUG - [global] needs_update: API GitHub → 5.7.3
2026-09-16 07:04:07,841 - DEBUG - [global] needs_update: jsdelivr → 5.6.42
2026-09-16 07:04:07,841 - DEBUG - [global] needs_update: лучший источник raw → 5.7.3 (из 3)
2026-09-16 07:04:07,844 - INFO - [global] needs_update: local=(5, 7, 1) remote=(5, 7, 3) -> has_update=True
2026-09-16 07:04:07,844 - INFO - [global] Доступна обнова! Спавню кнопку
2026-09-16 07:04:37,892 - INFO - [global] Проверяю обновы...
2026-09-16 07:04:38,936 - DEBUG - [global] needs_update: raw → 5.7.3
2026-09-16 07:04:40,027 - DEBUG - [global] needs_update: API GitHub → 5.7.3
2026-09-16 07:04:40,951 - DEBUG - [global] needs_update: jsdelivr → 5.6.42
2026-09-16 07:04:40,952 - DEBUG - [global] needs_update: лучший источник raw → 5.7.3 (из 3)
2026-09-16 07:04:40,954 - INFO - [global] needs_update: local=(5, 7, 1) remote=(5, 7, 3) -> has_update=True
2026-09-16 07:04:40,954 - INFO - [global] Доступна обнова! Спавню кнопку
2026-09-16 07:05:02,931 - INFO - [global] LogUploader: запускаю upload_run_logs...
2026-09-16 07:05:02,933 - DEBUG - [global] log_uploader: START window=periodic made=-1 token=...Rjnfq
2026-09-16 07:05:04,048 - DEBUG - [global] _api_put: GET runs/20260916_070502_fail_periodic.log -> 404
2026-09-16 07:05:05,815 - DEBUG - [global] _api_put: PUT runs/20260916_070502_fail_periodic.log -> 201 (10182 bytes)
2026-09-16 07:05:05,818 - DEBUG - [global] log_uploader: STEP 1 (window log) -> https://github.com/StarateJI/L2Mauto/blob/bot-logs/runs/20260916_070502_fail_periodic.log
2026-09-16 07:05:05,819 - DEBUG - [global] log_uploader: STEP 2 SKIP (no PNGs)
