=== Log tail 2026-09-25T21:01:37.082255 | last 200 lines ===
2026-09-25 20:52:47,951 - DEBUG - [global] needs_update: лучший источник raw → 5.13.09 (из 2)
2026-09-25 20:52:47,951 - INFO - [global] needs_update: local=(5, 13, 7) remote=(5, 13, 9) -> has_update=True
2026-09-25 20:52:47,951 - INFO - [global] Доступна обнова! Спавню кнопку
2026-09-25 20:52:50,707 - INFO - [global] LogUploader: запускаю upload_run_logs...
2026-09-25 20:52:50,708 - DEBUG - [global] log_uploader: START window=periodic made=-1 token=...Rjnfq
2026-09-25 20:52:51,546 - DEBUG - [global] _api_put: GET runs/20260925_205250_fail_periodic.log -> 404
2026-09-25 20:52:53,119 - DEBUG - [global] _api_put: PUT runs/20260925_205250_fail_periodic.log -> 201 (477 bytes)
2026-09-25 20:52:53,122 - DEBUG - [global] log_uploader: STEP 1 (window log) -> https://github.com/StarateJI/L2Mauto/blob/bot-logs/runs/20260925_205250_fail_periodic.log
2026-09-25 20:52:53,122 - DEBUG - [global] log_uploader: STEP 2 SKIP (no PNGs)
2026-09-25 20:52:54,023 - DEBUG - [global] _api_put: GET runs/20260925_205250_fail_global.log -> 404
2026-09-25 20:52:55,921 - DEBUG - [global] _api_put: PUT runs/20260925_205250_fail_global.log -> 201 (20001 bytes)
2026-09-25 20:52:55,923 - DEBUG - [global] log_uploader: STEP 3 (global log) -> https://github.com/StarateJI/L2Mauto/blob/bot-logs/runs/20260925_205250_fail_global.log
2026-09-25 20:52:55,923 - DEBUG - [global] log_uploader: END window=periodic
2026-09-25 20:52:55,923 - INFO - [global] LogUploader: upload_run_logs завершён
2026-09-25 20:53:17,965 - INFO - [global] Проверяю обновы...
2026-09-25 20:53:18,788 - DEBUG - [global] needs_update: raw → 5.13.09
2026-09-25 20:53:19,125 - DEBUG - [global] needs_update: API → 5.13.09
2026-09-25 20:53:19,126 - DEBUG - [global] needs_update: лучший источник raw → 5.13.09 (из 2)
2026-09-25 20:53:19,126 - INFO - [global] needs_update: local=(5, 13, 7) remote=(5, 13, 9) -> has_update=True
2026-09-25 20:53:19,126 - INFO - [global] Доступна обнова! Спавню кнопку
2026-09-25 20:53:49,141 - INFO - [global] Проверяю обновы...
2026-09-25 20:53:49,913 - DEBUG - [global] needs_update: raw → 5.13.09
2026-09-25 20:53:50,142 - DEBUG - [global] needs_update: API → 5.13.09
2026-09-25 20:53:50,142 - DEBUG - [global] needs_update: лучший источник raw → 5.13.09 (из 2)
2026-09-25 20:53:50,142 - INFO - [global] needs_update: local=(5, 13, 7) remote=(5, 13, 9) -> has_update=True
2026-09-25 20:53:50,142 - INFO - [global] Доступна обнова! Спавню кнопку
2026-09-25 20:53:55,951 - INFO - [global] LogUploader: запускаю upload_run_logs...
2026-09-25 20:53:55,951 - DEBUG - [global] log_uploader: START window=periodic made=-1 token=...Rjnfq
2026-09-25 20:53:56,829 - DEBUG - [global] _api_put: GET runs/20260925_205355_fail_periodic.log -> 404
2026-09-25 20:53:58,411 - DEBUG - [global] _api_put: PUT runs/20260925_205355_fail_periodic.log -> 201 (477 bytes)
2026-09-25 20:53:58,413 - DEBUG - [global] log_uploader: STEP 1 (window log) -> https://github.com/StarateJI/L2Mauto/blob/bot-logs/runs/20260925_205355_fail_periodic.log
2026-09-25 20:53:58,414 - DEBUG - [global] log_uploader: STEP 2 SKIP (no PNGs)
2026-09-25 20:53:59,306 - DEBUG - [global] _api_put: GET runs/20260925_205355_fail_global.log -> 404
2026-09-25 20:54:01,156 - DEBUG - [global] _api_put: PUT runs/20260925_205355_fail_global.log -> 201 (20001 bytes)
2026-09-25 20:54:01,157 - DEBUG - [global] log_uploader: STEP 3 (global log) -> https://github.com/StarateJI/L2Mauto/blob/bot-logs/runs/20260925_205355_fail_global.log
2026-09-25 20:54:01,157 - DEBUG - [global] log_uploader: END window=periodic
2026-09-25 20:54:01,158 - INFO - [global] LogUploader: upload_run_logs завершён
2026-09-25 20:54:20,156 - INFO - [global] Проверяю обновы...
2026-09-25 20:54:20,921 - DEBUG - [global] needs_update: raw → 5.13.09
2026-09-25 20:54:21,126 - DEBUG - [global] needs_update: API → 5.13.09
2026-09-25 20:54:21,126 - DEBUG - [global] needs_update: лучший источник raw → 5.13.09 (из 2)
2026-09-25 20:54:21,126 - INFO - [global] needs_update: local=(5, 13, 7) remote=(5, 13, 9) -> has_update=True
2026-09-25 20:54:21,126 - INFO - [global] Доступна обнова! Спавню кнопку
2026-09-25 20:54:51,142 - INFO - [global] Проверяю обновы...
2026-09-25 20:54:51,918 - DEBUG - [global] needs_update: raw → 5.13.09
2026-09-25 20:54:52,153 - DEBUG - [global] needs_update: API → 5.13.09
2026-09-25 20:54:52,153 - DEBUG - [global] needs_update: лучший источник raw → 5.13.09 (из 2)
2026-09-25 20:54:52,153 - INFO - [global] needs_update: local=(5, 13, 7) remote=(5, 13, 9) -> has_update=True
2026-09-25 20:54:52,153 - INFO - [global] Доступна обнова! Спавню кнопку
2026-09-25 20:55:01,186 - INFO - [global] LogUploader: запускаю upload_run_logs...
2026-09-25 20:55:01,186 - DEBUG - [global] log_uploader: START window=periodic made=-1 token=...Rjnfq
2026-09-25 20:55:02,016 - DEBUG - [global] _api_put: GET runs/20260925_205501_fail_periodic.log -> 404
2026-09-25 20:55:03,861 - DEBUG - [global] _api_put: PUT runs/20260925_205501_fail_periodic.log -> 201 (477 bytes)
2026-09-25 20:55:03,863 - DEBUG - [global] log_uploader: STEP 1 (window log) -> https://github.com/StarateJI/L2Mauto/blob/bot-logs/runs/20260925_205501_fail_periodic.log
2026-09-25 20:55:03,863 - DEBUG - [global] log_uploader: STEP 2 SKIP (no PNGs)
2026-09-25 20:55:04,747 - DEBUG - [global] _api_put: GET runs/20260925_205501_fail_global.log -> 404
2026-09-25 20:55:06,868 - DEBUG - [global] _api_put: PUT runs/20260925_205501_fail_global.log -> 201 (20001 bytes)
2026-09-25 20:55:06,870 - DEBUG - [global] log_uploader: STEP 3 (global log) -> https://github.com/StarateJI/L2Mauto/blob/bot-logs/runs/20260925_205501_fail_global.log
2026-09-25 20:55:06,870 - DEBUG - [global] log_uploader: END window=periodic
2026-09-25 20:55:06,870 - INFO - [global] LogUploader: upload_run_logs завершён
2026-09-25 20:55:22,167 - INFO - [global] Проверяю обновы...
2026-09-25 20:55:22,966 - DEBUG - [global] needs_update: raw → 5.13.09
2026-09-25 20:55:23,122 - DEBUG - [global] needs_update: API → 5.13.09
2026-09-25 20:55:23,122 - DEBUG - [global] needs_update: лучший источник raw → 5.13.09 (из 2)
2026-09-25 20:55:23,123 - INFO - [global] needs_update: local=(5, 13, 7) remote=(5, 13, 9) -> has_update=True
2026-09-25 20:55:23,123 - INFO - [global] Доступна обнова! Спавню кнопку
2026-09-25 20:55:53,139 - INFO - [global] Проверяю обновы...
2026-09-25 20:55:53,915 - DEBUG - [global] needs_update: raw → 5.13.09
2026-09-25 20:55:54,120 - DEBUG - [global] needs_update: API → 5.13.09
2026-09-25 20:55:54,120 - DEBUG - [global] needs_update: лучший источник raw → 5.13.09 (из 2)
2026-09-25 20:55:54,120 - INFO - [global] needs_update: local=(5, 13, 7) remote=(5, 13, 9) -> has_update=True
2026-09-25 20:55:54,121 - INFO - [global] Доступна обнова! Спавню кнопку
2026-09-25 20:56:06,905 - INFO - [global] LogUploader: запускаю upload_run_logs...
2026-09-25 20:56:06,905 - DEBUG - [global] log_uploader: START window=periodic made=-1 token=...Rjnfq
2026-09-25 20:56:07,765 - DEBUG - [global] _api_put: GET runs/20260925_205606_fail_periodic.log -> 404
2026-09-25 20:56:09,576 - DEBUG - [global] _api_put: PUT runs/20260925_205606_fail_periodic.log -> 201 (477 bytes)
2026-09-25 20:56:09,578 - DEBUG - [global] log_uploader: STEP 1 (window log) -> https://github.com/StarateJI/L2Mauto/blob/bot-logs/runs/20260925_205606_fail_periodic.log
2026-09-25 20:56:09,578 - DEBUG - [global] log_uploader: STEP 2 SKIP (no PNGs)
2026-09-25 20:56:10,448 - DEBUG - [global] _api_put: GET runs/20260925_205606_fail_global.log -> 404
2026-09-25 20:56:12,143 - DEBUG - [global] _api_put: PUT runs/20260925_205606_fail_global.log -> 201 (20001 bytes)
2026-09-25 20:56:12,146 - DEBUG - [global] log_uploader: STEP 3 (global log) -> https://github.com/StarateJI/L2Mauto/blob/bot-logs/runs/20260925_205606_fail_global.log
2026-09-25 20:56:12,146 - DEBUG - [global] log_uploader: END window=periodic
2026-09-25 20:56:12,146 - INFO - [global] LogUploader: upload_run_logs завершён
2026-09-25 20:56:24,134 - INFO - [global] Проверяю обновы...
2026-09-25 20:56:24,882 - DEBUG - [global] needs_update: raw → 5.13.09
2026-09-25 20:56:25,089 - DEBUG - [global] needs_update: API → 5.13.09
2026-09-25 20:56:25,089 - DEBUG - [global] needs_update: лучший источник raw → 5.13.09 (из 2)
2026-09-25 20:56:25,089 - INFO - [global] needs_update: local=(5, 13, 7) remote=(5, 13, 9) -> has_update=True
2026-09-25 20:56:25,090 - INFO - [global] Доступна обнова! Спавню кнопку
2026-09-25 20:56:55,104 - INFO - [global] Проверяю обновы...
2026-09-25 20:56:55,858 - DEBUG - [global] needs_update: raw → 5.13.09
2026-09-25 20:56:56,068 - DEBUG - [global] needs_update: API → 5.13.09
2026-09-25 20:56:56,068 - DEBUG - [global] needs_update: лучший источник raw → 5.13.09 (из 2)
2026-09-25 20:56:56,068 - INFO - [global] needs_update: local=(5, 13, 7) remote=(5, 13, 9) -> has_update=True
2026-09-25 20:56:56,068 - INFO - [global] Доступна обнова! Спавню кнопку
2026-09-25 20:57:12,173 - INFO - [global] LogUploader: запускаю upload_run_logs...
2026-09-25 20:57:12,173 - DEBUG - [global] log_uploader: START window=periodic made=-1 token=...Rjnfq
2026-09-25 20:57:13,036 - DEBUG - [global] _api_put: GET runs/20260925_205712_fail_periodic.log -> 404
2026-09-25 20:57:14,581 - DEBUG - [global] _api_put: PUT runs/20260925_205712_fail_periodic.log -> 201 (477 bytes)
2026-09-25 20:57:14,583 - DEBUG - [global] log_uploader: STEP 1 (window log) -> https://github.com/StarateJI/L2Mauto/blob/bot-logs/runs/20260925_205712_fail_periodic.log
2026-09-25 20:57:14,583 - DEBUG - [global] log_uploader: STEP 2 SKIP (no PNGs)
2026-09-25 20:57:15,483 - DEBUG - [global] _api_put: GET runs/20260925_205712_fail_global.log -> 404
2026-09-25 20:57:17,120 - DEBUG - [global] _api_put: PUT runs/20260925_205712_fail_global.log -> 201 (20001 bytes)
2026-09-25 20:57:17,123 - DEBUG - [global] log_uploader: STEP 3 (global log) -> https://github.com/StarateJI/L2Mauto/blob/bot-logs/runs/20260925_205712_fail_global.log
2026-09-25 20:57:17,123 - DEBUG - [global] log_uploader: END window=periodic
2026-09-25 20:57:17,123 - INFO - [global] LogUploader: upload_run_logs завершён
2026-09-25 20:57:26,084 - INFO - [global] Проверяю обновы...
2026-09-25 20:57:26,867 - DEBUG - [global] needs_update: raw → 5.13.09
2026-09-25 20:57:27,339 - DEBUG - [global] needs_update: API → 5.13.09
2026-09-25 20:57:27,339 - DEBUG - [global] needs_update: лучший источник raw → 5.13.09 (из 2)
2026-09-25 20:57:27,339 - INFO - [global] needs_update: local=(5, 13, 7) remote=(5, 13, 9) -> has_update=True
2026-09-25 20:57:27,339 - INFO - [global] Доступна обнова! Спавню кнопку
2026-09-25 20:57:57,354 - INFO - [global] Проверяю обновы...
2026-09-25 20:57:58,122 - DEBUG - [global] needs_update: raw → 5.13.09
2026-09-25 20:57:58,293 - DEBUG - [global] needs_update: API → 5.13.09
2026-09-25 20:57:58,293 - DEBUG - [global] needs_update: лучший источник raw → 5.13.09 (из 2)
2026-09-25 20:57:58,293 - INFO - [global] needs_update: local=(5, 13, 7) remote=(5, 13, 9) -> has_update=True
2026-09-25 20:57:58,293 - INFO - [global] Доступна обнова! Спавню кнопку
2026-09-25 20:58:17,151 - INFO - [global] LogUploader: запускаю upload_run_logs...
2026-09-25 20:58:17,151 - DEBUG - [global] log_uploader: START window=periodic made=-1 token=...Rjnfq
2026-09-25 20:58:18,088 - DEBUG - [global] _api_put: GET runs/20260925_205817_fail_periodic.log -> 404
2026-09-25 20:58:20,227 - DEBUG - [global] _api_put: PUT runs/20260925_205817_fail_periodic.log -> 201 (477 bytes)
2026-09-25 20:58:20,229 - DEBUG - [global] log_uploader: STEP 1 (window log) -> https://github.com/StarateJI/L2Mauto/blob/bot-logs/runs/20260925_205817_fail_periodic.log
2026-09-25 20:58:20,229 - DEBUG - [global] log_uploader: STEP 2 SKIP (no PNGs)
2026-09-25 20:58:21,093 - DEBUG - [global] _api_put: GET runs/20260925_205817_fail_global.log -> 404
2026-09-25 20:58:22,947 - DEBUG - [global] _api_put: PUT runs/20260925_205817_fail_global.log -> 201 (20001 bytes)
2026-09-25 20:58:22,949 - DEBUG - [global] log_uploader: STEP 3 (global log) -> https://github.com/StarateJI/L2Mauto/blob/bot-logs/runs/20260925_205817_fail_global.log
2026-09-25 20:58:22,950 - DEBUG - [global] log_uploader: END window=periodic
2026-09-25 20:58:22,950 - INFO - [global] LogUploader: upload_run_logs завершён
2026-09-25 20:58:28,308 - INFO - [global] Проверяю обновы...
2026-09-25 20:58:29,085 - DEBUG - [global] needs_update: raw → 5.13.09
2026-09-25 20:58:29,250 - DEBUG - [global] needs_update: API → 5.13.09
2026-09-25 20:58:29,250 - DEBUG - [global] needs_update: лучший источник raw → 5.13.09 (из 2)
2026-09-25 20:58:29,250 - INFO - [global] needs_update: local=(5, 13, 7) remote=(5, 13, 9) -> has_update=True
2026-09-25 20:58:29,250 - INFO - [global] Доступна обнова! Спавню кнопку
2026-09-25 20:58:59,269 - INFO - [global] Проверяю обновы...
2026-09-25 20:59:00,090 - DEBUG - [global] needs_update: raw → 5.13.09
2026-09-25 20:59:00,236 - DEBUG - [global] needs_update: API → 5.13.09
2026-09-25 20:59:00,236 - DEBUG - [global] needs_update: лучший источник raw → 5.13.09 (из 2)
2026-09-25 20:59:00,237 - INFO - [global] needs_update: local=(5, 13, 7) remote=(5, 13, 9) -> has_update=True
2026-09-25 20:59:00,237 - INFO - [global] Доступна обнова! Спавню кнопку
2026-09-25 20:59:22,979 - INFO - [global] LogUploader: запускаю upload_run_logs...
2026-09-25 20:59:22,979 - DEBUG - [global] log_uploader: START window=periodic made=-1 token=...Rjnfq
2026-09-25 20:59:23,829 - DEBUG - [global] _api_put: GET runs/20260925_205922_fail_periodic.log -> 404
2026-09-25 20:59:25,593 - DEBUG - [global] _api_put: PUT runs/20260925_205922_fail_periodic.log -> 201 (477 bytes)
2026-09-25 20:59:25,594 - DEBUG - [global] log_uploader: STEP 1 (window log) -> https://github.com/StarateJI/L2Mauto/blob/bot-logs/runs/20260925_205922_fail_periodic.log
2026-09-25 20:59:25,594 - DEBUG - [global] log_uploader: STEP 2 SKIP (no PNGs)
2026-09-25 20:59:26,458 - DEBUG - [global] _api_put: GET runs/20260925_205922_fail_global.log -> 404
2026-09-25 20:59:28,173 - DEBUG - [global] _api_put: PUT runs/20260925_205922_fail_global.log -> 201 (20001 bytes)
2026-09-25 20:59:28,174 - DEBUG - [global] log_uploader: STEP 3 (global log) -> https://github.com/StarateJI/L2Mauto/blob/bot-logs/runs/20260925_205922_fail_global.log
2026-09-25 20:59:28,174 - DEBUG - [global] log_uploader: END window=periodic
2026-09-25 20:59:28,174 - INFO - [global] LogUploader: upload_run_logs завершён
2026-09-25 20:59:30,249 - INFO - [global] Проверяю обновы...
2026-09-25 20:59:31,047 - DEBUG - [global] needs_update: raw → 5.13.09
2026-09-25 20:59:31,256 - DEBUG - [global] needs_update: API → 5.13.09
2026-09-25 20:59:31,257 - DEBUG - [global] needs_update: лучший источник raw → 5.13.09 (из 2)
2026-09-25 20:59:31,257 - INFO - [global] needs_update: local=(5, 13, 7) remote=(5, 13, 9) -> has_update=True
2026-09-25 20:59:31,257 - INFO - [global] Доступна обнова! Спавню кнопку
2026-09-25 21:00:01,272 - INFO - [global] Проверяю обновы...
2026-09-25 21:00:02,072 - DEBUG - [global] needs_update: raw → 5.13.09
2026-09-25 21:00:02,219 - DEBUG - [global] needs_update: API → 5.13.09
2026-09-25 21:00:02,219 - DEBUG - [global] needs_update: лучший источник raw → 5.13.09 (из 2)
2026-09-25 21:00:02,220 - INFO - [global] needs_update: local=(5, 13, 7) remote=(5, 13, 9) -> has_update=True
2026-09-25 21:00:02,220 - INFO - [global] Доступна обнова! Спавню кнопку
2026-09-25 21:00:28,203 - INFO - [global] LogUploader: запускаю upload_run_logs...
2026-09-25 21:00:28,203 - DEBUG - [global] log_uploader: START window=periodic made=-1 token=...Rjnfq
2026-09-25 21:00:29,054 - DEBUG - [global] _api_put: GET runs/20260925_210028_fail_periodic.log -> 404
2026-09-25 21:00:31,249 - DEBUG - [global] _api_put: PUT runs/20260925_210028_fail_periodic.log -> 201 (477 bytes)
2026-09-25 21:00:31,251 - DEBUG - [global] log_uploader: STEP 1 (window log) -> https://github.com/StarateJI/L2Mauto/blob/bot-logs/runs/20260925_210028_fail_periodic.log
2026-09-25 21:00:31,251 - DEBUG - [global] log_uploader: STEP 2 SKIP (no PNGs)
2026-09-25 21:00:32,137 - DEBUG - [global] _api_put: GET runs/20260925_210028_fail_global.log -> 404
2026-09-25 21:00:32,235 - INFO - [global] Проверяю обновы...
2026-09-25 21:00:33,126 - DEBUG - [global] needs_update: raw → 5.13.09
2026-09-25 21:00:33,309 - DEBUG - [global] needs_update: API → 5.13.09
2026-09-25 21:00:33,309 - DEBUG - [global] needs_update: лучший источник raw → 5.13.09 (из 2)
2026-09-25 21:00:33,309 - INFO - [global] needs_update: local=(5, 13, 7) remote=(5, 13, 9) -> has_update=True
2026-09-25 21:00:33,309 - INFO - [global] Доступна обнова! Спавню кнопку
2026-09-25 21:00:34,187 - DEBUG - [global] _api_put: PUT runs/20260925_210028_fail_global.log -> 409 (20001 bytes)
2026-09-25 21:00:34,187 - WARNING - [global] _api_put: PUT failed body: {"message":"is at 97bd5b59c5c73258237bd653b453097e817d1764 but expected 8be6620ed38cade3f962632b8fe34a6088fc7865","documentation_url":"https://docs.github.com/rest/repos/contents#create-or-update-file
2026-09-25 21:00:34,190 - DEBUG - [global] log_uploader: STEP 3 (global log) -> FAILED
2026-09-25 21:00:34,190 - DEBUG - [global] log_uploader: END window=periodic
2026-09-25 21:00:34,190 - INFO - [global] LogUploader: upload_run_logs завершён
2026-09-25 21:01:03,324 - INFO - [global] Проверяю обновы...
2026-09-25 21:01:04,123 - DEBUG - [global] needs_update: raw → 5.13.09
2026-09-25 21:01:04,359 - DEBUG - [global] needs_update: API → 5.13.09
2026-09-25 21:01:04,359 - DEBUG - [global] needs_update: лучший источник raw → 5.13.09 (из 2)
2026-09-25 21:01:04,359 - INFO - [global] needs_update: local=(5, 13, 7) remote=(5, 13, 9) -> has_update=True
2026-09-25 21:01:04,360 - INFO - [global] Доступна обнова! Спавню кнопку
2026-09-25 21:01:34,220 - INFO - [global] LogUploader: запускаю upload_run_logs...
2026-09-25 21:01:34,220 - DEBUG - [global] log_uploader: START window=periodic made=-1 token=...Rjnfq
2026-09-25 21:01:34,374 - INFO - [global] Проверяю обновы...
2026-09-25 21:01:35,210 - DEBUG - [global] needs_update: raw → 5.13.09
2026-09-25 21:01:35,265 - DEBUG - [global] _api_put: GET runs/20260925_210134_fail_periodic.log -> 404
2026-09-25 21:01:35,467 - DEBUG - [global] needs_update: API → 5.13.09
2026-09-25 21:01:35,467 - DEBUG - [global] needs_update: лучший источник raw → 5.13.09 (из 2)
2026-09-25 21:01:35,467 - INFO - [global] needs_update: local=(5, 13, 7) remote=(5, 13, 9) -> has_update=True
2026-09-25 21:01:35,467 - INFO - [global] Доступна обнова! Спавню кнопку
2026-09-25 21:01:37,055 - DEBUG - [global] _api_put: PUT runs/20260925_210134_fail_periodic.log -> 201 (477 bytes)
2026-09-25 21:01:37,058 - DEBUG - [global] log_uploader: STEP 1 (window log) -> https://github.com/StarateJI/L2Mauto/blob/bot-logs/runs/20260925_210134_fail_periodic.log
2026-09-25 21:01:37,058 - DEBUG - [global] log_uploader: STEP 2 SKIP (no PNGs)
