=== Log tail 2026-09-23T17:26:21.033007 | last 200 lines ===
2026-09-23 17:17:46,379 - DEBUG - [global] needs_update: raw → 5.11.67
2026-09-23 17:17:46,954 - DEBUG - [global] needs_update: jsdelivr → 5.11.67
2026-09-23 17:17:46,955 - DEBUG - [global] needs_update: лучший источник API → 5.11.67 (из 3)
2026-09-23 17:17:46,957 - INFO - [global] needs_update: local=(5, 11, 67) remote=(5, 11, 67) -> has_update=False
2026-09-23 17:17:46,957 - INFO - [global] Установлена последняя версия бота | 5.11.67
2026-09-23 17:18:16,969 - INFO - [global] Проверяю обновы...
2026-09-23 17:18:17,789 - DEBUG - [global] needs_update: API GitHub → 5.11.67
2026-09-23 17:18:18,427 - DEBUG - [global] needs_update: raw → 5.11.67
2026-09-23 17:18:19,005 - DEBUG - [global] needs_update: jsdelivr → 5.11.67
2026-09-23 17:18:19,005 - DEBUG - [global] needs_update: лучший источник API → 5.11.67 (из 3)
2026-09-23 17:18:19,007 - INFO - [global] needs_update: local=(5, 11, 67) remote=(5, 11, 67) -> has_update=False
2026-09-23 17:18:19,008 - INFO - [global] Установлена последняя версия бота | 5.11.67
2026-09-23 17:18:43,241 - INFO - [global] LogUploader: запускаю upload_run_logs...
2026-09-23 17:18:43,242 - DEBUG - [global] log_uploader: START window=periodic made=-1 token=...Rjnfq
2026-09-23 17:18:44,102 - DEBUG - [global] _api_put: GET runs/20260923_171843_fail_periodic.log -> 404
2026-09-23 17:18:45,570 - DEBUG - [global] _api_put: PUT runs/20260923_171843_fail_periodic.log -> 201 (2418 bytes)
2026-09-23 17:18:45,571 - DEBUG - [global] log_uploader: STEP 1 (window log) -> https://github.com/StarateJI/L2Mauto/blob/bot-logs/runs/20260923_171843_fail_periodic.log
2026-09-23 17:18:45,572 - DEBUG - [global] log_uploader: STEP 2 SKIP (no PNGs)
2026-09-23 17:18:46,474 - DEBUG - [global] _api_put: GET runs/20260923_171843_fail_global.log -> 404
2026-09-23 17:18:48,224 - DEBUG - [global] _api_put: PUT runs/20260923_171843_fail_global.log -> 201 (19530 bytes)
2026-09-23 17:18:48,226 - DEBUG - [global] log_uploader: STEP 3 (global log) -> https://github.com/StarateJI/L2Mauto/blob/bot-logs/runs/20260923_171843_fail_global.log
2026-09-23 17:18:48,226 - DEBUG - [global] log_uploader: END window=periodic
2026-09-23 17:18:48,226 - INFO - [global] LogUploader: upload_run_logs завершён
2026-09-23 17:18:49,027 - INFO - [global] Проверяю обновы...
2026-09-23 17:18:49,837 - DEBUG - [global] needs_update: API GitHub → 5.11.67
2026-09-23 17:18:50,442 - DEBUG - [global] needs_update: raw → 5.11.67
2026-09-23 17:18:51,058 - DEBUG - [global] needs_update: jsdelivr → 5.11.59
2026-09-23 17:18:51,058 - DEBUG - [global] needs_update: лучший источник API → 5.11.67 (из 3)
2026-09-23 17:18:51,060 - INFO - [global] needs_update: local=(5, 11, 67) remote=(5, 11, 67) -> has_update=False
2026-09-23 17:18:51,060 - INFO - [global] Установлена последняя версия бота | 5.11.67
2026-09-23 17:19:21,077 - INFO - [global] Проверяю обновы...
2026-09-23 17:19:21,918 - DEBUG - [global] needs_update: API GitHub → 5.11.67
2026-09-23 17:19:22,529 - DEBUG - [global] needs_update: raw → 5.11.67
2026-09-23 17:19:23,100 - DEBUG - [global] needs_update: jsdelivr → 5.11.59
2026-09-23 17:19:23,100 - DEBUG - [global] needs_update: лучший источник API → 5.11.67 (из 3)
2026-09-23 17:19:23,102 - INFO - [global] needs_update: local=(5, 11, 67) remote=(5, 11, 67) -> has_update=False
2026-09-23 17:19:23,103 - INFO - [global] Установлена последняя версия бота | 5.11.67
2026-09-23 17:19:48,260 - INFO - [global] LogUploader: запускаю upload_run_logs...
2026-09-23 17:19:48,260 - DEBUG - [global] log_uploader: START window=periodic made=-1 token=...Rjnfq
2026-09-23 17:19:49,039 - DEBUG - [global] _api_put: GET runs/20260923_171948_fail_periodic.log -> 404
2026-09-23 17:19:50,608 - DEBUG - [global] _api_put: PUT runs/20260923_171948_fail_periodic.log -> 201 (2418 bytes)
2026-09-23 17:19:50,609 - DEBUG - [global] log_uploader: STEP 1 (window log) -> https://github.com/StarateJI/L2Mauto/blob/bot-logs/runs/20260923_171948_fail_periodic.log
2026-09-23 17:19:50,610 - DEBUG - [global] log_uploader: STEP 2 SKIP (no PNGs)
2026-09-23 17:19:51,459 - DEBUG - [global] _api_put: GET runs/20260923_171948_fail_global.log -> 404
2026-09-23 17:19:53,118 - INFO - [global] Проверяю обновы...
2026-09-23 17:19:53,176 - DEBUG - [global] _api_put: PUT runs/20260923_171948_fail_global.log -> 201 (19908 bytes)
2026-09-23 17:19:53,177 - DEBUG - [global] log_uploader: STEP 3 (global log) -> https://github.com/StarateJI/L2Mauto/blob/bot-logs/runs/20260923_171948_fail_global.log
2026-09-23 17:19:53,177 - DEBUG - [global] log_uploader: END window=periodic
2026-09-23 17:19:53,177 - INFO - [global] LogUploader: upload_run_logs завершён
2026-09-23 17:19:53,987 - DEBUG - [global] needs_update: API GitHub → 5.11.67
2026-09-23 17:19:54,569 - DEBUG - [global] needs_update: raw → 5.11.67
2026-09-23 17:19:55,233 - DEBUG - [global] needs_update: jsdelivr → 5.11.59
2026-09-23 17:19:55,233 - DEBUG - [global] needs_update: лучший источник API → 5.11.67 (из 3)
2026-09-23 17:19:55,234 - INFO - [global] needs_update: local=(5, 11, 67) remote=(5, 11, 67) -> has_update=False
2026-09-23 17:19:55,235 - INFO - [global] Установлена последняя версия бота | 5.11.67
2026-09-23 17:20:25,252 - INFO - [global] Проверяю обновы...
2026-09-23 17:20:26,070 - DEBUG - [global] needs_update: API GitHub → 5.11.67
2026-09-23 17:20:26,655 - DEBUG - [global] needs_update: raw → 5.11.67
2026-09-23 17:20:27,243 - DEBUG - [global] needs_update: jsdelivr → 5.11.59
2026-09-23 17:20:27,243 - DEBUG - [global] needs_update: лучший источник API → 5.11.67 (из 3)
2026-09-23 17:20:27,244 - INFO - [global] needs_update: local=(5, 11, 67) remote=(5, 11, 67) -> has_update=False
2026-09-23 17:20:27,245 - INFO - [global] Установлена последняя версия бота | 5.11.67
2026-09-23 17:20:53,214 - INFO - [global] LogUploader: запускаю upload_run_logs...
2026-09-23 17:20:53,214 - DEBUG - [global] log_uploader: START window=periodic made=-1 token=...Rjnfq
2026-09-23 17:20:54,106 - DEBUG - [global] _api_put: GET runs/20260923_172053_fail_periodic.log -> 404
2026-09-23 17:20:55,560 - DEBUG - [global] _api_put: PUT runs/20260923_172053_fail_periodic.log -> 201 (2418 bytes)
2026-09-23 17:20:55,563 - DEBUG - [global] log_uploader: STEP 1 (window log) -> https://github.com/StarateJI/L2Mauto/blob/bot-logs/runs/20260923_172053_fail_periodic.log
2026-09-23 17:20:55,563 - DEBUG - [global] log_uploader: STEP 2 SKIP (no PNGs)
2026-09-23 17:20:56,406 - DEBUG - [global] _api_put: GET runs/20260923_172053_fail_global.log -> 404
2026-09-23 17:20:57,260 - INFO - [global] Проверяю обновы...
2026-09-23 17:20:58,040 - DEBUG - [global] _api_put: PUT runs/20260923_172053_fail_global.log -> 201 (20022 bytes)
2026-09-23 17:20:58,042 - DEBUG - [global] log_uploader: STEP 3 (global log) -> https://github.com/StarateJI/L2Mauto/blob/bot-logs/runs/20260923_172053_fail_global.log
2026-09-23 17:20:58,042 - DEBUG - [global] log_uploader: END window=periodic
2026-09-23 17:20:58,042 - INFO - [global] LogUploader: upload_run_logs завершён
2026-09-23 17:20:58,250 - DEBUG - [global] needs_update: API GitHub → 5.11.67
2026-09-23 17:20:58,871 - DEBUG - [global] needs_update: raw → 5.11.67
2026-09-23 17:20:59,438 - DEBUG - [global] needs_update: jsdelivr → 5.11.59
2026-09-23 17:20:59,438 - DEBUG - [global] needs_update: лучший источник API → 5.11.67 (из 3)
2026-09-23 17:20:59,440 - INFO - [global] needs_update: local=(5, 11, 67) remote=(5, 11, 67) -> has_update=False
2026-09-23 17:20:59,441 - INFO - [global] Установлена последняя версия бота | 5.11.67
2026-09-23 17:21:29,459 - INFO - [global] Проверяю обновы...
2026-09-23 17:21:30,261 - DEBUG - [global] needs_update: API GitHub → 5.11.67
2026-09-23 17:21:30,854 - DEBUG - [global] needs_update: raw → 5.11.67
2026-09-23 17:21:31,465 - DEBUG - [global] needs_update: jsdelivr → 5.11.59
2026-09-23 17:21:31,465 - DEBUG - [global] needs_update: лучший источник API → 5.11.67 (из 3)
2026-09-23 17:21:31,467 - INFO - [global] needs_update: local=(5, 11, 67) remote=(5, 11, 67) -> has_update=False
2026-09-23 17:21:31,468 - INFO - [global] Установлена последняя версия бота | 5.11.67
2026-09-23 17:21:58,074 - INFO - [global] LogUploader: запускаю upload_run_logs...
2026-09-23 17:21:58,074 - DEBUG - [global] log_uploader: START window=periodic made=-1 token=...Rjnfq
2026-09-23 17:21:58,895 - DEBUG - [global] _api_put: GET runs/20260923_172158_fail_periodic.log -> 404
2026-09-23 17:22:00,400 - DEBUG - [global] _api_put: PUT runs/20260923_172158_fail_periodic.log -> 201 (2418 bytes)
2026-09-23 17:22:00,402 - DEBUG - [global] log_uploader: STEP 1 (window log) -> https://github.com/StarateJI/L2Mauto/blob/bot-logs/runs/20260923_172158_fail_periodic.log
2026-09-23 17:22:00,402 - DEBUG - [global] log_uploader: STEP 2 SKIP (no PNGs)
2026-09-23 17:22:01,220 - DEBUG - [global] _api_put: GET runs/20260923_172158_fail_global.log -> 404
2026-09-23 17:22:01,484 - INFO - [global] Проверяю обновы...
2026-09-23 17:22:02,321 - DEBUG - [global] needs_update: API GitHub → 5.11.67
2026-09-23 17:22:02,930 - DEBUG - [global] needs_update: raw → 5.11.67
2026-09-23 17:22:02,975 - DEBUG - [global] _api_put: PUT runs/20260923_172158_fail_global.log -> 201 (20231 bytes)
2026-09-23 17:22:02,977 - DEBUG - [global] log_uploader: STEP 3 (global log) -> https://github.com/StarateJI/L2Mauto/blob/bot-logs/runs/20260923_172158_fail_global.log
2026-09-23 17:22:02,977 - DEBUG - [global] log_uploader: END window=periodic
2026-09-23 17:22:02,977 - INFO - [global] LogUploader: upload_run_logs завершён
2026-09-23 17:22:03,494 - DEBUG - [global] needs_update: jsdelivr → 5.11.59
2026-09-23 17:22:03,494 - DEBUG - [global] needs_update: лучший источник API → 5.11.67 (из 3)
2026-09-23 17:22:03,496 - INFO - [global] needs_update: local=(5, 11, 67) remote=(5, 11, 67) -> has_update=False
2026-09-23 17:22:03,496 - INFO - [global] Установлена последняя версия бота | 5.11.67
2026-09-23 17:22:33,513 - INFO - [global] Проверяю обновы...
2026-09-23 17:22:34,358 - DEBUG - [global] needs_update: API GitHub → 5.11.67
2026-09-23 17:22:35,038 - DEBUG - [global] needs_update: raw → 5.11.67
2026-09-23 17:22:35,727 - DEBUG - [global] needs_update: jsdelivr → 5.11.59
2026-09-23 17:22:35,727 - DEBUG - [global] needs_update: лучший источник API → 5.11.67 (из 3)
2026-09-23 17:22:35,729 - INFO - [global] needs_update: local=(5, 11, 67) remote=(5, 11, 67) -> has_update=False
2026-09-23 17:22:35,729 - INFO - [global] Установлена последняя версия бота | 5.11.67
2026-09-23 17:23:03,011 - INFO - [global] LogUploader: запускаю upload_run_logs...
2026-09-23 17:23:03,011 - DEBUG - [global] log_uploader: START window=periodic made=-1 token=...Rjnfq
2026-09-23 17:23:03,856 - DEBUG - [global] _api_put: GET runs/20260923_172303_fail_periodic.log -> 404
2026-09-23 17:23:05,398 - DEBUG - [global] _api_put: PUT runs/20260923_172303_fail_periodic.log -> 201 (2418 bytes)
2026-09-23 17:23:05,400 - DEBUG - [global] log_uploader: STEP 1 (window log) -> https://github.com/StarateJI/L2Mauto/blob/bot-logs/runs/20260923_172303_fail_periodic.log
2026-09-23 17:23:05,401 - DEBUG - [global] log_uploader: STEP 2 SKIP (no PNGs)
2026-09-23 17:23:05,748 - INFO - [global] Проверяю обновы...
2026-09-23 17:23:06,290 - DEBUG - [global] _api_put: GET runs/20260923_172303_fail_global.log -> 404
2026-09-23 17:23:06,606 - DEBUG - [global] needs_update: API GitHub → 5.11.67
2026-09-23 17:23:07,242 - DEBUG - [global] needs_update: raw → 5.11.67
2026-09-23 17:23:07,813 - DEBUG - [global] needs_update: jsdelivr → 5.11.67
2026-09-23 17:23:07,813 - DEBUG - [global] needs_update: лучший источник API → 5.11.67 (из 3)
2026-09-23 17:23:07,815 - INFO - [global] needs_update: local=(5, 11, 67) remote=(5, 11, 67) -> has_update=False
2026-09-23 17:23:07,816 - INFO - [global] Установлена последняя версия бота | 5.11.67
2026-09-23 17:23:08,133 - DEBUG - [global] _api_put: PUT runs/20260923_172303_fail_global.log -> 201 (20200 bytes)
2026-09-23 17:23:08,135 - DEBUG - [global] log_uploader: STEP 3 (global log) -> https://github.com/StarateJI/L2Mauto/blob/bot-logs/runs/20260923_172303_fail_global.log
2026-09-23 17:23:08,135 - DEBUG - [global] log_uploader: END window=periodic
2026-09-23 17:23:08,135 - INFO - [global] LogUploader: upload_run_logs завершён
2026-09-23 17:23:37,830 - INFO - [global] Проверяю обновы...
2026-09-23 17:23:38,710 - DEBUG - [global] needs_update: API GitHub → 5.11.67
2026-09-23 17:23:39,309 - DEBUG - [global] needs_update: raw → 5.11.67
2026-09-23 17:23:39,867 - DEBUG - [global] needs_update: jsdelivr → 5.11.67
2026-09-23 17:23:39,867 - DEBUG - [global] needs_update: лучший источник API → 5.11.67 (из 3)
2026-09-23 17:23:39,870 - INFO - [global] needs_update: local=(5, 11, 67) remote=(5, 11, 67) -> has_update=False
2026-09-23 17:23:39,870 - INFO - [global] Установлена последняя версия бота | 5.11.67
2026-09-23 17:24:08,172 - INFO - [global] LogUploader: запускаю upload_run_logs...
2026-09-23 17:24:08,173 - DEBUG - [global] log_uploader: START window=periodic made=-1 token=...Rjnfq
2026-09-23 17:24:09,025 - DEBUG - [global] _api_put: GET runs/20260923_172408_fail_periodic.log -> 404
2026-09-23 17:24:09,892 - INFO - [global] Проверяю обновы...
2026-09-23 17:24:10,566 - DEBUG - [global] _api_put: PUT runs/20260923_172408_fail_periodic.log -> 201 (2418 bytes)
2026-09-23 17:24:10,568 - DEBUG - [global] log_uploader: STEP 1 (window log) -> https://github.com/StarateJI/L2Mauto/blob/bot-logs/runs/20260923_172408_fail_periodic.log
2026-09-23 17:24:10,569 - DEBUG - [global] log_uploader: STEP 2 SKIP (no PNGs)
2026-09-23 17:24:10,707 - DEBUG - [global] needs_update: API GitHub → 5.11.67
2026-09-23 17:24:11,422 - DEBUG - [global] needs_update: raw → 5.11.67
2026-09-23 17:24:11,533 - DEBUG - [global] _api_put: GET runs/20260923_172408_fail_global.log -> 404
2026-09-23 17:24:12,075 - DEBUG - [global] needs_update: jsdelivr → 5.11.67
2026-09-23 17:24:12,075 - DEBUG - [global] needs_update: лучший источник API → 5.11.67 (из 3)
2026-09-23 17:24:12,076 - INFO - [global] needs_update: local=(5, 11, 67) remote=(5, 11, 67) -> has_update=False
2026-09-23 17:24:12,077 - INFO - [global] Установлена последняя версия бота | 5.11.67
2026-09-23 17:24:13,389 - DEBUG - [global] _api_put: PUT runs/20260923_172408_fail_global.log -> 201 (20199 bytes)
2026-09-23 17:24:13,390 - DEBUG - [global] log_uploader: STEP 3 (global log) -> https://github.com/StarateJI/L2Mauto/blob/bot-logs/runs/20260923_172408_fail_global.log
2026-09-23 17:24:13,390 - DEBUG - [global] log_uploader: END window=periodic
2026-09-23 17:24:13,390 - INFO - [global] LogUploader: upload_run_logs завершён
2026-09-23 17:24:42,095 - INFO - [global] Проверяю обновы...
2026-09-23 17:24:42,914 - DEBUG - [global] needs_update: API GitHub → 5.11.67
2026-09-23 17:24:43,535 - DEBUG - [global] needs_update: raw → 5.11.67
2026-09-23 17:24:44,082 - DEBUG - [global] needs_update: jsdelivr → 5.11.67
2026-09-23 17:24:44,082 - DEBUG - [global] needs_update: лучший источник API → 5.11.67 (из 3)
2026-09-23 17:24:44,084 - INFO - [global] needs_update: local=(5, 11, 67) remote=(5, 11, 67) -> has_update=False
2026-09-23 17:24:44,084 - INFO - [global] Установлена последняя версия бота | 5.11.67
2026-09-23 17:25:13,421 - INFO - [global] LogUploader: запускаю upload_run_logs...
2026-09-23 17:25:13,421 - DEBUG - [global] log_uploader: START window=periodic made=-1 token=...Rjnfq
2026-09-23 17:25:14,098 - INFO - [global] Проверяю обновы...
2026-09-23 17:25:14,301 - DEBUG - [global] _api_put: GET runs/20260923_172513_fail_periodic.log -> 404
2026-09-23 17:25:14,999 - DEBUG - [global] needs_update: API GitHub → 5.11.67
2026-09-23 17:25:15,632 - DEBUG - [global] needs_update: raw → 5.11.67
2026-09-23 17:25:15,981 - DEBUG - [global] _api_put: PUT runs/20260923_172513_fail_periodic.log -> 201 (2418 bytes)
2026-09-23 17:25:15,983 - DEBUG - [global] log_uploader: STEP 1 (window log) -> https://github.com/StarateJI/L2Mauto/blob/bot-logs/runs/20260923_172513_fail_periodic.log
2026-09-23 17:25:15,983 - DEBUG - [global] log_uploader: STEP 2 SKIP (no PNGs)
2026-09-23 17:25:16,177 - DEBUG - [global] needs_update: jsdelivr → 5.11.67
2026-09-23 17:25:16,177 - DEBUG - [global] needs_update: лучший источник API → 5.11.67 (из 3)
2026-09-23 17:25:16,179 - INFO - [global] needs_update: local=(5, 11, 67) remote=(5, 11, 67) -> has_update=False
2026-09-23 17:25:16,179 - INFO - [global] Установлена последняя версия бота | 5.11.67
2026-09-23 17:25:16,860 - DEBUG - [global] _api_put: GET runs/20260923_172513_fail_global.log -> 404
2026-09-23 17:25:18,483 - DEBUG - [global] _api_put: PUT runs/20260923_172513_fail_global.log -> 201 (19937 bytes)
2026-09-23 17:25:18,484 - DEBUG - [global] log_uploader: STEP 3 (global log) -> https://github.com/StarateJI/L2Mauto/blob/bot-logs/runs/20260923_172513_fail_global.log
2026-09-23 17:25:18,484 - DEBUG - [global] log_uploader: END window=periodic
2026-09-23 17:25:18,484 - INFO - [global] LogUploader: upload_run_logs завершён
2026-09-23 17:25:46,196 - INFO - [global] Проверяю обновы...
2026-09-23 17:25:46,998 - DEBUG - [global] needs_update: API GitHub → 5.11.67
2026-09-23 17:25:47,583 - DEBUG - [global] needs_update: raw → 5.11.67
2026-09-23 17:25:48,136 - DEBUG - [global] needs_update: jsdelivr → 5.11.67
2026-09-23 17:25:48,136 - DEBUG - [global] needs_update: лучший источник API → 5.11.67 (из 3)
2026-09-23 17:25:48,138 - INFO - [global] needs_update: local=(5, 11, 67) remote=(5, 11, 67) -> has_update=False
2026-09-23 17:25:48,138 - INFO - [global] Установлена последняя версия бота | 5.11.67
2026-09-23 17:26:18,158 - INFO - [global] Проверяю обновы...
2026-09-23 17:26:18,518 - INFO - [global] LogUploader: запускаю upload_run_logs...
2026-09-23 17:26:18,518 - DEBUG - [global] log_uploader: START window=periodic made=-1 token=...Rjnfq
2026-09-23 17:26:19,007 - DEBUG - [global] needs_update: API GitHub → 5.11.67
2026-09-23 17:26:19,339 - DEBUG - [global] _api_put: GET runs/20260923_172618_fail_periodic.log -> 404
2026-09-23 17:26:19,642 - DEBUG - [global] needs_update: raw → 5.11.67
2026-09-23 17:26:20,266 - DEBUG - [global] needs_update: jsdelivr → 5.11.67
2026-09-23 17:26:20,266 - DEBUG - [global] needs_update: лучший источник API → 5.11.67 (из 3)
2026-09-23 17:26:20,268 - INFO - [global] needs_update: local=(5, 11, 67) remote=(5, 11, 67) -> has_update=False
2026-09-23 17:26:20,269 - INFO - [global] Установлена последняя версия бота | 5.11.67
2026-09-23 17:26:21,001 - DEBUG - [global] _api_put: PUT runs/20260923_172618_fail_periodic.log -> 201 (2418 bytes)
2026-09-23 17:26:21,004 - DEBUG - [global] log_uploader: STEP 1 (window log) -> https://github.com/StarateJI/L2Mauto/blob/bot-logs/runs/20260923_172618_fail_periodic.log
2026-09-23 17:26:21,004 - DEBUG - [global] log_uploader: STEP 2 SKIP (no PNGs)
