=== Log tail 2026-09-16T19:40:30.358984 | last 200 lines ===
2026-09-16 19:30:56,307 - DEBUG - [global] _api_put: GET runs/20260916_193054_fail_global.log -> 404
2026-09-16 19:30:58,444 - DEBUG - [global] _api_put: PUT runs/20260916_193054_fail_global.log -> 201 (21592 bytes)
2026-09-16 19:30:58,449 - DEBUG - [global] log_uploader: STEP 3 (global log) -> https://github.com/StarateJI/L2Mauto/blob/bot-logs/runs/20260916_193054_fail_global.log
2026-09-16 19:30:58,449 - DEBUG - [global] log_uploader: END window=periodic
2026-09-16 19:30:58,449 - INFO - [global] LogUploader: upload_run_logs завершён
2026-09-16 19:31:10,483 - INFO - [global] Проверяю обновы...
2026-09-16 19:31:11,490 - DEBUG - [global] needs_update: raw → 5.7.9
2026-09-16 19:31:12,607 - DEBUG - [global] needs_update: API failed: HTTPError: 403 Client Error: rate limit exceeded for url: https://api.github.com/repos/StarateJI/L2Mauto/contents/bot/version.txt?ref=main
2026-09-16 19:31:13,735 - DEBUG - [global] needs_update: jsdelivr → 5.7.4
2026-09-16 19:31:13,735 - DEBUG - [global] needs_update: лучший источник raw → 5.7.9 (из 2)
2026-09-16 19:31:13,740 - INFO - [global] needs_update: local=(5, 7, 9) remote=(5, 7, 9) -> has_update=False
2026-09-16 19:31:13,742 - INFO - [global] Установлена последняя версия бота | 5.7.9
2026-09-16 19:31:43,760 - INFO - [global] Проверяю обновы...
2026-09-16 19:31:44,817 - DEBUG - [global] needs_update: raw → 5.7.9
2026-09-16 19:31:46,121 - DEBUG - [global] needs_update: API failed: HTTPError: 403 Client Error: rate limit exceeded for url: https://api.github.com/repos/StarateJI/L2Mauto/contents/bot/version.txt?ref=main
2026-09-16 19:31:47,193 - DEBUG - [global] needs_update: jsdelivr → 5.7.4
2026-09-16 19:31:47,194 - DEBUG - [global] needs_update: лучший источник raw → 5.7.9 (из 2)
2026-09-16 19:31:47,199 - INFO - [global] needs_update: local=(5, 7, 9) remote=(5, 7, 9) -> has_update=False
2026-09-16 19:31:47,200 - INFO - [global] Установлена последняя версия бота | 5.7.9
2026-09-16 19:31:58,490 - INFO - [global] LogUploader: запускаю upload_run_logs...
2026-09-16 19:31:58,493 - DEBUG - [global] log_uploader: START window=periodic made=-1 token=...Rjnfq
2026-09-16 19:31:58,494 - DEBUG - [global] log_uploader: STEP 1 SKIP (no C:\Users\PC\Desktop\L2Mauto\logs\periodic.log)
2026-09-16 19:31:58,494 - DEBUG - [global] log_uploader: STEP 2 SKIP (no PNGs)
2026-09-16 19:31:59,825 - DEBUG - [global] _api_put: GET runs/20260916_193158_fail_global.log -> 404
2026-09-16 19:32:02,267 - DEBUG - [global] _api_put: PUT runs/20260916_193158_fail_global.log -> 201 (21592 bytes)
2026-09-16 19:32:02,273 - DEBUG - [global] log_uploader: STEP 3 (global log) -> https://github.com/StarateJI/L2Mauto/blob/bot-logs/runs/20260916_193158_fail_global.log
2026-09-16 19:32:02,274 - DEBUG - [global] log_uploader: END window=periodic
2026-09-16 19:32:02,274 - INFO - [global] LogUploader: upload_run_logs завершён
2026-09-16 19:32:17,265 - INFO - [global] Проверяю обновы...
2026-09-16 19:32:18,326 - DEBUG - [global] needs_update: raw → 5.7.9
2026-09-16 19:32:19,693 - DEBUG - [global] needs_update: API failed: HTTPError: 403 Client Error: rate limit exceeded for url: https://api.github.com/repos/StarateJI/L2Mauto/contents/bot/version.txt?ref=main
2026-09-16 19:32:20,876 - DEBUG - [global] needs_update: jsdelivr → 5.7.4
2026-09-16 19:32:20,876 - DEBUG - [global] needs_update: лучший источник raw → 5.7.9 (из 2)
2026-09-16 19:32:20,883 - INFO - [global] needs_update: local=(5, 7, 9) remote=(5, 7, 9) -> has_update=False
2026-09-16 19:32:20,887 - INFO - [global] Установлена последняя версия бота | 5.7.9
2026-09-16 19:32:50,907 - INFO - [global] Проверяю обновы...
2026-09-16 19:32:52,047 - DEBUG - [global] needs_update: raw → 5.8.0
2026-09-16 19:32:53,134 - DEBUG - [global] needs_update: API failed: HTTPError: 403 Client Error: rate limit exceeded for url: https://api.github.com/repos/StarateJI/L2Mauto/contents/bot/version.txt?ref=main
2026-09-16 19:32:54,137 - DEBUG - [global] needs_update: jsdelivr → 5.7.4
2026-09-16 19:32:54,137 - DEBUG - [global] needs_update: лучший источник raw → 5.8.0 (из 2)
2026-09-16 19:32:54,143 - INFO - [global] needs_update: local=(5, 7, 9) remote=(5, 8, 0) -> has_update=True
2026-09-16 19:32:54,143 - INFO - [global] Доступна обнова! Спавню кнопку
2026-09-16 19:33:02,327 - INFO - [global] LogUploader: запускаю upload_run_logs...
2026-09-16 19:33:02,329 - DEBUG - [global] log_uploader: START window=periodic made=-1 token=...Rjnfq
2026-09-16 19:33:02,329 - DEBUG - [global] log_uploader: STEP 1 SKIP (no C:\Users\PC\Desktop\L2Mauto\logs\periodic.log)
2026-09-16 19:33:02,330 - DEBUG - [global] log_uploader: STEP 2 SKIP (no PNGs)
2026-09-16 19:33:03,686 - DEBUG - [global] _api_put: GET runs/20260916_193302_fail_global.log -> 404
2026-09-16 19:33:05,928 - DEBUG - [global] _api_put: PUT runs/20260916_193302_fail_global.log -> 201 (21576 bytes)
2026-09-16 19:33:05,935 - DEBUG - [global] log_uploader: STEP 3 (global log) -> https://github.com/StarateJI/L2Mauto/blob/bot-logs/runs/20260916_193302_fail_global.log
2026-09-16 19:33:05,935 - DEBUG - [global] log_uploader: END window=periodic
2026-09-16 19:33:05,935 - INFO - [global] LogUploader: upload_run_logs завершён
2026-09-16 19:33:24,170 - INFO - [global] Проверяю обновы...
2026-09-16 19:33:25,207 - DEBUG - [global] needs_update: raw → 5.8.0
2026-09-16 19:33:26,312 - DEBUG - [global] needs_update: API failed: HTTPError: 403 Client Error: rate limit exceeded for url: https://api.github.com/repos/StarateJI/L2Mauto/contents/bot/version.txt?ref=main
2026-09-16 19:33:27,378 - DEBUG - [global] needs_update: jsdelivr → 5.7.4
2026-09-16 19:33:27,378 - DEBUG - [global] needs_update: лучший источник raw → 5.8.0 (из 2)
2026-09-16 19:33:27,385 - INFO - [global] needs_update: local=(5, 7, 9) remote=(5, 8, 0) -> has_update=True
2026-09-16 19:33:27,385 - INFO - [global] Доступна обнова! Спавню кнопку
2026-09-16 19:33:57,403 - INFO - [global] Проверяю обновы...
2026-09-16 19:33:58,350 - DEBUG - [global] needs_update: raw → 5.8.0
2026-09-16 19:33:59,378 - DEBUG - [global] needs_update: API failed: HTTPError: 403 Client Error: rate limit exceeded for url: https://api.github.com/repos/StarateJI/L2Mauto/contents/bot/version.txt?ref=main
2026-09-16 19:34:00,374 - DEBUG - [global] needs_update: jsdelivr → 5.7.4
2026-09-16 19:34:00,374 - DEBUG - [global] needs_update: лучший источник raw → 5.8.0 (из 2)
2026-09-16 19:34:00,380 - INFO - [global] needs_update: local=(5, 7, 9) remote=(5, 8, 0) -> has_update=True
2026-09-16 19:34:00,380 - INFO - [global] Доступна обнова! Спавню кнопку
2026-09-16 19:34:05,975 - INFO - [global] LogUploader: запускаю upload_run_logs...
2026-09-16 19:34:05,977 - DEBUG - [global] log_uploader: START window=periodic made=-1 token=...Rjnfq
2026-09-16 19:34:05,977 - DEBUG - [global] log_uploader: STEP 1 SKIP (no C:\Users\PC\Desktop\L2Mauto\logs\periodic.log)
2026-09-16 19:34:05,977 - DEBUG - [global] log_uploader: STEP 2 SKIP (no PNGs)
2026-09-16 19:34:07,252 - DEBUG - [global] _api_put: GET runs/20260916_193405_fail_global.log -> 404
2026-09-16 19:34:09,275 - DEBUG - [global] _api_put: PUT runs/20260916_193405_fail_global.log -> 201 (21544 bytes)
2026-09-16 19:34:09,281 - DEBUG - [global] log_uploader: STEP 3 (global log) -> https://github.com/StarateJI/L2Mauto/blob/bot-logs/runs/20260916_193405_fail_global.log
2026-09-16 19:34:09,281 - DEBUG - [global] log_uploader: END window=periodic
2026-09-16 19:34:09,281 - INFO - [global] LogUploader: upload_run_logs завершён
2026-09-16 19:34:30,401 - INFO - [global] Проверяю обновы...
2026-09-16 19:34:31,403 - DEBUG - [global] needs_update: raw → 5.8.0
2026-09-16 19:34:32,621 - DEBUG - [global] needs_update: API failed: HTTPError: 403 Client Error: rate limit exceeded for url: https://api.github.com/repos/StarateJI/L2Mauto/contents/bot/version.txt?ref=main
2026-09-16 19:34:33,797 - DEBUG - [global] needs_update: jsdelivr → 5.7.4
2026-09-16 19:34:33,797 - DEBUG - [global] needs_update: лучший источник raw → 5.8.0 (из 2)
2026-09-16 19:34:33,804 - INFO - [global] needs_update: local=(5, 7, 9) remote=(5, 8, 0) -> has_update=True
2026-09-16 19:34:33,804 - INFO - [global] Доступна обнова! Спавню кнопку
2026-09-16 19:35:03,828 - INFO - [global] Проверяю обновы...
2026-09-16 19:35:04,874 - DEBUG - [global] needs_update: raw → 5.8.0
2026-09-16 19:35:06,036 - DEBUG - [global] needs_update: API failed: HTTPError: 403 Client Error: rate limit exceeded for url: https://api.github.com/repos/StarateJI/L2Mauto/contents/bot/version.txt?ref=main
2026-09-16 19:35:07,252 - DEBUG - [global] needs_update: jsdelivr → 5.7.4
2026-09-16 19:35:07,253 - DEBUG - [global] needs_update: лучший источник raw → 5.8.0 (из 2)
2026-09-16 19:35:07,259 - INFO - [global] needs_update: local=(5, 7, 9) remote=(5, 8, 0) -> has_update=True
2026-09-16 19:35:07,260 - INFO - [global] Доступна обнова! Спавню кнопку
2026-09-16 19:35:09,322 - INFO - [global] LogUploader: запускаю upload_run_logs...
2026-09-16 19:35:09,327 - DEBUG - [global] log_uploader: START window=periodic made=-1 token=...Rjnfq
2026-09-16 19:35:09,328 - DEBUG - [global] log_uploader: STEP 1 SKIP (no C:\Users\PC\Desktop\L2Mauto\logs\periodic.log)
2026-09-16 19:35:09,329 - DEBUG - [global] log_uploader: STEP 2 SKIP (no PNGs)
2026-09-16 19:35:11,092 - DEBUG - [global] _api_put: GET runs/20260916_193509_fail_global.log -> 404
2026-09-16 19:35:13,467 - DEBUG - [global] _api_put: PUT runs/20260916_193509_fail_global.log -> 201 (21489 bytes)
2026-09-16 19:35:13,475 - DEBUG - [global] log_uploader: STEP 3 (global log) -> https://github.com/StarateJI/L2Mauto/blob/bot-logs/runs/20260916_193509_fail_global.log
2026-09-16 19:35:13,476 - DEBUG - [global] log_uploader: END window=periodic
2026-09-16 19:35:13,476 - INFO - [global] LogUploader: upload_run_logs завершён
2026-09-16 19:35:37,299 - INFO - [global] Проверяю обновы...
2026-09-16 19:35:38,321 - DEBUG - [global] needs_update: raw → 5.8.0
2026-09-16 19:35:39,528 - DEBUG - [global] needs_update: API failed: HTTPError: 403 Client Error: rate limit exceeded for url: https://api.github.com/repos/StarateJI/L2Mauto/contents/bot/version.txt?ref=main
2026-09-16 19:35:40,871 - DEBUG - [global] needs_update: jsdelivr → 5.7.4
2026-09-16 19:35:40,872 - DEBUG - [global] needs_update: лучший источник raw → 5.8.0 (из 2)
2026-09-16 19:35:40,878 - INFO - [global] needs_update: local=(5, 7, 9) remote=(5, 8, 0) -> has_update=True
2026-09-16 19:35:40,878 - INFO - [global] Доступна обнова! Спавню кнопку
2026-09-16 19:36:10,903 - INFO - [global] Проверяю обновы...
2026-09-16 19:36:11,957 - DEBUG - [global] needs_update: raw → 5.8.0
2026-09-16 19:36:13,060 - DEBUG - [global] needs_update: API failed: HTTPError: 403 Client Error: rate limit exceeded for url: https://api.github.com/repos/StarateJI/L2Mauto/contents/bot/version.txt?ref=main
2026-09-16 19:36:13,532 - INFO - [global] LogUploader: запускаю upload_run_logs...
2026-09-16 19:36:13,534 - DEBUG - [global] log_uploader: START window=periodic made=-1 token=...Rjnfq
2026-09-16 19:36:13,535 - DEBUG - [global] log_uploader: STEP 1 SKIP (no C:\Users\PC\Desktop\L2Mauto\logs\periodic.log)
2026-09-16 19:36:13,535 - DEBUG - [global] log_uploader: STEP 2 SKIP (no PNGs)
2026-09-16 19:36:14,218 - DEBUG - [global] needs_update: jsdelivr → 5.7.4
2026-09-16 19:36:14,218 - DEBUG - [global] needs_update: лучший источник raw → 5.8.0 (из 2)
2026-09-16 19:36:14,224 - INFO - [global] needs_update: local=(5, 7, 9) remote=(5, 8, 0) -> has_update=True
2026-09-16 19:36:14,224 - INFO - [global] Доступна обнова! Спавню кнопку
2026-09-16 19:36:15,350 - DEBUG - [global] _api_put: GET runs/20260916_193613_fail_global.log -> 404
2026-09-16 19:36:17,975 - DEBUG - [global] _api_put: PUT runs/20260916_193613_fail_global.log -> 201 (21375 bytes)
2026-09-16 19:36:17,984 - DEBUG - [global] log_uploader: STEP 3 (global log) -> https://github.com/StarateJI/L2Mauto/blob/bot-logs/runs/20260916_193613_fail_global.log
2026-09-16 19:36:17,984 - DEBUG - [global] log_uploader: END window=periodic
2026-09-16 19:36:17,984 - INFO - [global] LogUploader: upload_run_logs завершён
2026-09-16 19:36:44,266 - INFO - [global] Проверяю обновы...
2026-09-16 19:36:45,291 - DEBUG - [global] needs_update: raw → 5.8.0
2026-09-16 19:36:46,427 - DEBUG - [global] needs_update: API failed: HTTPError: 403 Client Error: rate limit exceeded for url: https://api.github.com/repos/StarateJI/L2Mauto/contents/bot/version.txt?ref=main
2026-09-16 19:36:47,806 - DEBUG - [global] needs_update: jsdelivr → 5.7.4
2026-09-16 19:36:47,807 - DEBUG - [global] needs_update: лучший источник raw → 5.8.0 (из 2)
2026-09-16 19:36:47,812 - INFO - [global] needs_update: local=(5, 7, 9) remote=(5, 8, 0) -> has_update=True
2026-09-16 19:36:47,812 - INFO - [global] Доступна обнова! Спавню кнопку
2026-09-16 19:37:17,876 - INFO - [global] Проверяю обновы...
2026-09-16 19:37:18,051 - INFO - [global] LogUploader: запускаю upload_run_logs...
2026-09-16 19:37:18,054 - DEBUG - [global] log_uploader: START window=periodic made=-1 token=...Rjnfq
2026-09-16 19:37:18,055 - DEBUG - [global] log_uploader: STEP 1 SKIP (no C:\Users\PC\Desktop\L2Mauto\logs\periodic.log)
2026-09-16 19:37:18,055 - DEBUG - [global] log_uploader: STEP 2 SKIP (no PNGs)
2026-09-16 19:37:19,319 - DEBUG - [global] needs_update: raw → 5.8.0
2026-09-16 19:37:19,850 - DEBUG - [global] _api_put: GET runs/20260916_193718_fail_global.log -> 404
2026-09-16 19:37:21,152 - DEBUG - [global] needs_update: API failed: HTTPError: 403 Client Error: rate limit exceeded for url: https://api.github.com/repos/StarateJI/L2Mauto/contents/bot/version.txt?ref=main
2026-09-16 19:37:22,598 - DEBUG - [global] _api_put: PUT runs/20260916_193718_fail_global.log -> 201 (21347 bytes)
2026-09-16 19:37:22,606 - DEBUG - [global] log_uploader: STEP 3 (global log) -> https://github.com/StarateJI/L2Mauto/blob/bot-logs/runs/20260916_193718_fail_global.log
2026-09-16 19:37:22,606 - DEBUG - [global] log_uploader: END window=periodic
2026-09-16 19:37:22,606 - INFO - [global] LogUploader: upload_run_logs завершён
2026-09-16 19:37:22,781 - DEBUG - [global] needs_update: jsdelivr → 5.7.4
2026-09-16 19:37:22,782 - DEBUG - [global] needs_update: лучший источник raw → 5.8.0 (из 2)
2026-09-16 19:37:22,790 - INFO - [global] needs_update: local=(5, 7, 9) remote=(5, 8, 0) -> has_update=True
2026-09-16 19:37:22,790 - INFO - [global] Доступна обнова! Спавню кнопку
2026-09-16 19:37:52,812 - INFO - [global] Проверяю обновы...
2026-09-16 19:37:54,016 - DEBUG - [global] needs_update: raw → 5.8.0
2026-09-16 19:37:55,072 - DEBUG - [global] needs_update: API failed: HTTPError: 403 Client Error: rate limit exceeded for url: https://api.github.com/repos/StarateJI/L2Mauto/contents/bot/version.txt?ref=main
2026-09-16 19:37:56,284 - DEBUG - [global] needs_update: jsdelivr → 5.7.4
2026-09-16 19:37:56,285 - DEBUG - [global] needs_update: лучший источник raw → 5.8.0 (из 2)
2026-09-16 19:37:56,298 - INFO - [global] needs_update: local=(5, 7, 9) remote=(5, 8, 0) -> has_update=True
2026-09-16 19:37:56,299 - INFO - [global] Доступна обнова! Спавню кнопку
2026-09-16 19:38:22,657 - INFO - [global] LogUploader: запускаю upload_run_logs...
2026-09-16 19:38:22,660 - DEBUG - [global] log_uploader: START window=periodic made=-1 token=...Rjnfq
2026-09-16 19:38:22,660 - DEBUG - [global] log_uploader: STEP 1 SKIP (no C:\Users\PC\Desktop\L2Mauto\logs\periodic.log)
2026-09-16 19:38:22,660 - DEBUG - [global] log_uploader: STEP 2 SKIP (no PNGs)
2026-09-16 19:38:24,076 - DEBUG - [global] _api_put: GET runs/20260916_193822_fail_global.log -> 404
2026-09-16 19:38:26,073 - DEBUG - [global] _api_put: PUT runs/20260916_193822_fail_global.log -> 201 (21341 bytes)
2026-09-16 19:38:26,078 - DEBUG - [global] log_uploader: STEP 3 (global log) -> https://github.com/StarateJI/L2Mauto/blob/bot-logs/runs/20260916_193822_fail_global.log
2026-09-16 19:38:26,078 - DEBUG - [global] log_uploader: END window=periodic
2026-09-16 19:38:26,079 - INFO - [global] LogUploader: upload_run_logs завершён
2026-09-16 19:38:26,322 - INFO - [global] Проверяю обновы...
2026-09-16 19:38:27,368 - DEBUG - [global] needs_update: raw → 5.8.0
2026-09-16 19:38:28,637 - DEBUG - [global] needs_update: API failed: HTTPError: 403 Client Error: rate limit exceeded for url: https://api.github.com/repos/StarateJI/L2Mauto/contents/bot/version.txt?ref=main
2026-09-16 19:38:29,881 - DEBUG - [global] needs_update: jsdelivr → 5.7.4
2026-09-16 19:38:29,881 - DEBUG - [global] needs_update: лучший источник raw → 5.8.0 (из 2)
2026-09-16 19:38:29,890 - INFO - [global] needs_update: local=(5, 7, 9) remote=(5, 8, 0) -> has_update=True
2026-09-16 19:38:29,891 - INFO - [global] Доступна обнова! Спавню кнопку
2026-09-16 19:38:59,918 - INFO - [global] Проверяю обновы...
2026-09-16 19:39:00,988 - DEBUG - [global] needs_update: raw → 5.8.0
2026-09-16 19:39:02,087 - DEBUG - [global] needs_update: API failed: HTTPError: 403 Client Error: rate limit exceeded for url: https://api.github.com/repos/StarateJI/L2Mauto/contents/bot/version.txt?ref=main
2026-09-16 19:39:03,351 - DEBUG - [global] needs_update: jsdelivr → 5.7.4
2026-09-16 19:39:03,352 - DEBUG - [global] needs_update: лучший источник raw → 5.8.0 (из 2)
2026-09-16 19:39:03,359 - INFO - [global] needs_update: local=(5, 7, 9) remote=(5, 8, 0) -> has_update=True
2026-09-16 19:39:03,360 - INFO - [global] Доступна обнова! Спавню кнопку
2026-09-16 19:39:26,752 - INFO - [global] LogUploader: запускаю upload_run_logs...
2026-09-16 19:39:26,755 - DEBUG - [global] log_uploader: START window=periodic made=-1 token=...Rjnfq
2026-09-16 19:39:26,755 - DEBUG - [global] log_uploader: STEP 1 SKIP (no C:\Users\PC\Desktop\L2Mauto\logs\periodic.log)
2026-09-16 19:39:26,756 - DEBUG - [global] log_uploader: STEP 2 SKIP (no PNGs)
2026-09-16 19:39:28,118 - DEBUG - [global] _api_put: GET runs/20260916_193926_fail_global.log -> 404
2026-09-16 19:39:30,218 - DEBUG - [global] _api_put: PUT runs/20260916_193926_fail_global.log -> 201 (21309 bytes)
2026-09-16 19:39:30,223 - DEBUG - [global] log_uploader: STEP 3 (global log) -> https://github.com/StarateJI/L2Mauto/blob/bot-logs/runs/20260916_193926_fail_global.log
2026-09-16 19:39:30,224 - DEBUG - [global] log_uploader: END window=periodic
2026-09-16 19:39:30,224 - INFO - [global] LogUploader: upload_run_logs завершён
2026-09-16 19:39:33,758 - INFO - [global] Проверяю обновы...
2026-09-16 19:39:34,786 - DEBUG - [global] needs_update: raw → 5.8.0
2026-09-16 19:39:36,515 - DEBUG - [global] needs_update: API failed: HTTPError: 403 Client Error: rate limit exceeded for url: https://api.github.com/repos/StarateJI/L2Mauto/contents/bot/version.txt?ref=main
2026-09-16 19:39:38,325 - DEBUG - [global] needs_update: jsdelivr → 5.7.4
2026-09-16 19:39:38,326 - DEBUG - [global] needs_update: лучший источник raw → 5.8.0 (из 2)
2026-09-16 19:39:38,332 - INFO - [global] needs_update: local=(5, 7, 9) remote=(5, 8, 0) -> has_update=True
2026-09-16 19:39:38,333 - INFO - [global] Доступна обнова! Спавню кнопку
2026-09-16 19:40:08,361 - INFO - [global] Проверяю обновы...
2026-09-16 19:40:09,398 - DEBUG - [global] needs_update: raw → 5.8.0
2026-09-16 19:40:10,556 - DEBUG - [global] needs_update: API failed: HTTPError: 403 Client Error: rate limit exceeded for url: https://api.github.com/repos/StarateJI/L2Mauto/contents/bot/version.txt?ref=main
2026-09-16 19:40:12,287 - DEBUG - [global] needs_update: jsdelivr → 5.7.4
2026-09-16 19:40:12,288 - DEBUG - [global] needs_update: лучший источник raw → 5.8.0 (из 2)
2026-09-16 19:40:12,296 - INFO - [global] needs_update: local=(5, 7, 9) remote=(5, 8, 0) -> has_update=True
2026-09-16 19:40:12,296 - INFO - [global] Доступна обнова! Спавню кнопку
2026-09-16 19:40:30,289 - INFO - [global] LogUploader: запускаю upload_run_logs...
2026-09-16 19:40:30,291 - DEBUG - [global] log_uploader: START window=periodic made=-1 token=...Rjnfq
2026-09-16 19:40:30,291 - DEBUG - [global] log_uploader: STEP 1 SKIP (no C:\Users\PC\Desktop\L2Mauto\logs\periodic.log)
2026-09-16 19:40:30,291 - DEBUG - [global] log_uploader: STEP 2 SKIP (no PNGs)
