=== Log tail 2026-09-16T02:25:00.209476 | last 200 lines ===
2026-09-16 02:16:16,909 - DEBUG - [global] _api_put: GET runs/20260916_021613_fail_global.log -> 404
2026-09-16 02:16:18,634 - DEBUG - [global] _api_put: PUT runs/20260916_021613_fail_global.log -> 201 (21786 bytes)
2026-09-16 02:16:18,636 - DEBUG - [global] log_uploader: STEP 3 (global log) -> https://github.com/StarateJI/L2Mauto/blob/bot-logs/runs/20260916_021613_fail_global.log
2026-09-16 02:16:18,637 - DEBUG - [global] log_uploader: END window=periodic
2026-09-16 02:16:18,637 - INFO - [global] LogUploader: upload_run_logs завершён
2026-09-16 02:16:42,473 - INFO - [global] Проверяю обновы...
2026-09-16 02:16:43,340 - DEBUG - [global] needs_update: raw → 5.7.0
2026-09-16 02:16:44,188 - DEBUG - [global] needs_update: API failed: HTTPError: 403 Client Error: rate limit exceeded for url: https://api.github.com/repos/StarateJI/L2Mauto/contents/bot/version.txt?ref=main
2026-09-16 02:16:45,050 - DEBUG - [global] needs_update: jsdelivr → 5.6.42
2026-09-16 02:16:45,051 - DEBUG - [global] needs_update: лучший источник raw → 5.7.0 (из 2)
2026-09-16 02:16:45,053 - INFO - [global] needs_update: local=(5, 6, 52) remote=(5, 7, 0) -> has_update=True
2026-09-16 02:16:45,053 - INFO - [global] Доступна обнова! Спавню кнопку
2026-09-16 02:17:15,073 - INFO - [global] Проверяю обновы...
2026-09-16 02:17:15,973 - DEBUG - [global] needs_update: raw → 5.7.0
2026-09-16 02:17:16,812 - DEBUG - [global] needs_update: API failed: HTTPError: 403 Client Error: rate limit exceeded for url: https://api.github.com/repos/StarateJI/L2Mauto/contents/bot/version.txt?ref=main
2026-09-16 02:17:17,630 - DEBUG - [global] needs_update: jsdelivr → 5.6.42
2026-09-16 02:17:17,630 - DEBUG - [global] needs_update: лучший источник raw → 5.7.0 (из 2)
2026-09-16 02:17:17,634 - INFO - [global] needs_update: local=(5, 6, 52) remote=(5, 7, 0) -> has_update=True
2026-09-16 02:17:17,634 - INFO - [global] Доступна обнова! Спавню кнопку
2026-09-16 02:17:18,674 - INFO - [global] LogUploader: запускаю upload_run_logs...
2026-09-16 02:17:18,675 - DEBUG - [global] log_uploader: START window=periodic made=-1 token=...Rjnfq
2026-09-16 02:17:19,694 - DEBUG - [global] _api_put: GET runs/20260916_021718_fail_periodic.log -> 404
2026-09-16 02:17:21,241 - DEBUG - [global] _api_put: PUT runs/20260916_021718_fail_periodic.log -> 201 (8836 bytes)
2026-09-16 02:17:21,244 - DEBUG - [global] log_uploader: STEP 1 (window log) -> https://github.com/StarateJI/L2Mauto/blob/bot-logs/runs/20260916_021718_fail_periodic.log
2026-09-16 02:17:21,245 - DEBUG - [global] log_uploader: STEP 2 SKIP (no PNGs)
2026-09-16 02:17:22,346 - DEBUG - [global] _api_put: GET runs/20260916_021718_fail_global.log -> 404
2026-09-16 02:17:24,052 - DEBUG - [global] _api_put: PUT runs/20260916_021718_fail_global.log -> 201 (21786 bytes)
2026-09-16 02:17:24,055 - DEBUG - [global] log_uploader: STEP 3 (global log) -> https://github.com/StarateJI/L2Mauto/blob/bot-logs/runs/20260916_021718_fail_global.log
2026-09-16 02:17:24,056 - DEBUG - [global] log_uploader: END window=periodic
2026-09-16 02:17:24,056 - INFO - [global] LogUploader: upload_run_logs завершён
2026-09-16 02:17:47,651 - INFO - [global] Проверяю обновы...
2026-09-16 02:17:48,553 - DEBUG - [global] needs_update: raw → 5.7.0
2026-09-16 02:17:49,377 - DEBUG - [global] needs_update: API failed: HTTPError: 403 Client Error: rate limit exceeded for url: https://api.github.com/repos/StarateJI/L2Mauto/contents/bot/version.txt?ref=main
2026-09-16 02:17:50,258 - DEBUG - [global] needs_update: jsdelivr → 5.6.42
2026-09-16 02:17:50,258 - DEBUG - [global] needs_update: лучший источник raw → 5.7.0 (из 2)
2026-09-16 02:17:50,261 - INFO - [global] needs_update: local=(5, 6, 52) remote=(5, 7, 0) -> has_update=True
2026-09-16 02:17:50,261 - INFO - [global] Доступна обнова! Спавню кнопку
2026-09-16 02:18:20,285 - INFO - [global] Проверяю обновы...
2026-09-16 02:18:21,154 - DEBUG - [global] needs_update: raw → 5.7.0
2026-09-16 02:18:22,036 - DEBUG - [global] needs_update: API failed: HTTPError: 403 Client Error: rate limit exceeded for url: https://api.github.com/repos/StarateJI/L2Mauto/contents/bot/version.txt?ref=main
2026-09-16 02:18:22,884 - DEBUG - [global] needs_update: jsdelivr → 5.6.42
2026-09-16 02:18:22,884 - DEBUG - [global] needs_update: лучший источник raw → 5.7.0 (из 2)
2026-09-16 02:18:22,886 - INFO - [global] needs_update: local=(5, 6, 52) remote=(5, 7, 0) -> has_update=True
2026-09-16 02:18:22,887 - INFO - [global] Доступна обнова! Спавню кнопку
2026-09-16 02:18:24,102 - INFO - [global] LogUploader: запускаю upload_run_logs...
2026-09-16 02:18:24,103 - DEBUG - [global] log_uploader: START window=periodic made=-1 token=...Rjnfq
2026-09-16 02:18:25,128 - DEBUG - [global] _api_put: GET runs/20260916_021824_fail_periodic.log -> 404
2026-09-16 02:18:26,658 - DEBUG - [global] _api_put: PUT runs/20260916_021824_fail_periodic.log -> 201 (8836 bytes)
2026-09-16 02:18:26,661 - DEBUG - [global] log_uploader: STEP 1 (window log) -> https://github.com/StarateJI/L2Mauto/blob/bot-logs/runs/20260916_021824_fail_periodic.log
2026-09-16 02:18:26,662 - DEBUG - [global] log_uploader: STEP 2 SKIP (no PNGs)
2026-09-16 02:18:27,818 - DEBUG - [global] _api_put: GET runs/20260916_021824_fail_global.log -> 404
2026-09-16 02:18:29,615 - DEBUG - [global] _api_put: PUT runs/20260916_021824_fail_global.log -> 201 (21786 bytes)
2026-09-16 02:18:29,618 - DEBUG - [global] log_uploader: STEP 3 (global log) -> https://github.com/StarateJI/L2Mauto/blob/bot-logs/runs/20260916_021824_fail_global.log
2026-09-16 02:18:29,618 - DEBUG - [global] log_uploader: END window=periodic
2026-09-16 02:18:29,618 - INFO - [global] LogUploader: upload_run_logs завершён
2026-09-16 02:18:52,923 - INFO - [global] Проверяю обновы...
2026-09-16 02:18:53,800 - DEBUG - [global] needs_update: raw → 5.7.0
2026-09-16 02:18:54,660 - DEBUG - [global] needs_update: API failed: HTTPError: 403 Client Error: rate limit exceeded for url: https://api.github.com/repos/StarateJI/L2Mauto/contents/bot/version.txt?ref=main
2026-09-16 02:18:55,608 - DEBUG - [global] needs_update: jsdelivr → 5.6.42
2026-09-16 02:18:55,608 - DEBUG - [global] needs_update: лучший источник raw → 5.7.0 (из 2)
2026-09-16 02:18:55,611 - INFO - [global] needs_update: local=(5, 6, 52) remote=(5, 7, 0) -> has_update=True
2026-09-16 02:18:55,611 - INFO - [global] Доступна обнова! Спавню кнопку
2026-09-16 02:19:25,635 - INFO - [global] Проверяю обновы...
2026-09-16 02:19:26,520 - DEBUG - [global] needs_update: raw → 5.7.0
2026-09-16 02:19:27,378 - DEBUG - [global] needs_update: API failed: HTTPError: 403 Client Error: rate limit exceeded for url: https://api.github.com/repos/StarateJI/L2Mauto/contents/bot/version.txt?ref=main
2026-09-16 02:19:28,258 - DEBUG - [global] needs_update: jsdelivr → 5.6.42
2026-09-16 02:19:28,258 - DEBUG - [global] needs_update: лучший источник raw → 5.7.0 (из 2)
2026-09-16 02:19:28,260 - INFO - [global] needs_update: local=(5, 6, 52) remote=(5, 7, 0) -> has_update=True
2026-09-16 02:19:28,260 - INFO - [global] Доступна обнова! Спавню кнопку
2026-09-16 02:19:29,667 - INFO - [global] LogUploader: запускаю upload_run_logs...
2026-09-16 02:19:29,671 - DEBUG - [global] log_uploader: START window=periodic made=-1 token=...Rjnfq
2026-09-16 02:19:30,728 - DEBUG - [global] _api_put: GET runs/20260916_021929_fail_periodic.log -> 404
2026-09-16 02:19:32,422 - DEBUG - [global] _api_put: PUT runs/20260916_021929_fail_periodic.log -> 201 (8836 bytes)
2026-09-16 02:19:32,425 - DEBUG - [global] log_uploader: STEP 1 (window log) -> https://github.com/StarateJI/L2Mauto/blob/bot-logs/runs/20260916_021929_fail_periodic.log
2026-09-16 02:19:32,426 - DEBUG - [global] log_uploader: STEP 2 SKIP (no PNGs)
2026-09-16 02:19:33,556 - DEBUG - [global] _api_put: GET runs/20260916_021929_fail_global.log -> 404
2026-09-16 02:19:35,363 - DEBUG - [global] _api_put: PUT runs/20260916_021929_fail_global.log -> 201 (21786 bytes)
2026-09-16 02:19:35,367 - DEBUG - [global] log_uploader: STEP 3 (global log) -> https://github.com/StarateJI/L2Mauto/blob/bot-logs/runs/20260916_021929_fail_global.log
2026-09-16 02:19:35,367 - DEBUG - [global] log_uploader: END window=periodic
2026-09-16 02:19:35,367 - INFO - [global] LogUploader: upload_run_logs завершён
2026-09-16 02:19:58,288 - INFO - [global] Проверяю обновы...
2026-09-16 02:19:59,198 - DEBUG - [global] needs_update: raw → 5.7.0
2026-09-16 02:20:00,109 - DEBUG - [global] needs_update: API failed: HTTPError: 403 Client Error: rate limit exceeded for url: https://api.github.com/repos/StarateJI/L2Mauto/contents/bot/version.txt?ref=main
2026-09-16 02:20:01,063 - DEBUG - [global] needs_update: jsdelivr → 5.6.42
2026-09-16 02:20:01,063 - DEBUG - [global] needs_update: лучший источник raw → 5.7.0 (из 2)
2026-09-16 02:20:01,066 - INFO - [global] needs_update: local=(5, 6, 52) remote=(5, 7, 0) -> has_update=True
2026-09-16 02:20:01,066 - INFO - [global] Доступна обнова! Спавню кнопку
2026-09-16 02:20:31,091 - INFO - [global] Проверяю обновы...
2026-09-16 02:20:31,952 - DEBUG - [global] needs_update: raw → 5.7.0
2026-09-16 02:20:32,814 - DEBUG - [global] needs_update: API failed: HTTPError: 403 Client Error: rate limit exceeded for url: https://api.github.com/repos/StarateJI/L2Mauto/contents/bot/version.txt?ref=main
2026-09-16 02:20:33,676 - DEBUG - [global] needs_update: jsdelivr → 5.6.42
2026-09-16 02:20:33,676 - DEBUG - [global] needs_update: лучший источник raw → 5.7.0 (из 2)
2026-09-16 02:20:33,679 - INFO - [global] needs_update: local=(5, 6, 52) remote=(5, 7, 0) -> has_update=True
2026-09-16 02:20:33,679 - INFO - [global] Доступна обнова! Спавню кнопку
2026-09-16 02:20:35,406 - INFO - [global] LogUploader: запускаю upload_run_logs...
2026-09-16 02:20:35,407 - DEBUG - [global] log_uploader: START window=periodic made=-1 token=...Rjnfq
2026-09-16 02:20:36,430 - DEBUG - [global] _api_put: GET runs/20260916_022035_fail_periodic.log -> 404
2026-09-16 02:20:38,078 - DEBUG - [global] _api_put: PUT runs/20260916_022035_fail_periodic.log -> 201 (8836 bytes)
2026-09-16 02:20:38,081 - DEBUG - [global] log_uploader: STEP 1 (window log) -> https://github.com/StarateJI/L2Mauto/blob/bot-logs/runs/20260916_022035_fail_periodic.log
2026-09-16 02:20:38,081 - DEBUG - [global] log_uploader: STEP 2 SKIP (no PNGs)
2026-09-16 02:20:39,204 - DEBUG - [global] _api_put: GET runs/20260916_022035_fail_global.log -> 404
2026-09-16 02:20:40,973 - DEBUG - [global] _api_put: PUT runs/20260916_022035_fail_global.log -> 201 (21786 bytes)
2026-09-16 02:20:40,976 - DEBUG - [global] log_uploader: STEP 3 (global log) -> https://github.com/StarateJI/L2Mauto/blob/bot-logs/runs/20260916_022035_fail_global.log
2026-09-16 02:20:40,977 - DEBUG - [global] log_uploader: END window=periodic
2026-09-16 02:20:40,977 - INFO - [global] LogUploader: upload_run_logs завершён
2026-09-16 02:21:03,712 - INFO - [global] Проверяю обновы...
2026-09-16 02:21:04,622 - DEBUG - [global] needs_update: raw → 5.7.0
2026-09-16 02:21:05,502 - DEBUG - [global] needs_update: API failed: HTTPError: 403 Client Error: rate limit exceeded for url: https://api.github.com/repos/StarateJI/L2Mauto/contents/bot/version.txt?ref=main
2026-09-16 02:21:06,457 - DEBUG - [global] needs_update: jsdelivr → 5.6.42
2026-09-16 02:21:06,457 - DEBUG - [global] needs_update: лучший источник raw → 5.7.0 (из 2)
2026-09-16 02:21:06,459 - INFO - [global] needs_update: local=(5, 6, 52) remote=(5, 7, 0) -> has_update=True
2026-09-16 02:21:06,460 - INFO - [global] Доступна обнова! Спавню кнопку
2026-09-16 02:21:36,483 - INFO - [global] Проверяю обновы...
2026-09-16 02:21:37,357 - DEBUG - [global] needs_update: raw → 5.7.0
2026-09-16 02:21:38,219 - DEBUG - [global] needs_update: API failed: HTTPError: 403 Client Error: rate limit exceeded for url: https://api.github.com/repos/StarateJI/L2Mauto/contents/bot/version.txt?ref=main
2026-09-16 02:21:39,103 - DEBUG - [global] needs_update: jsdelivr → 5.6.42
2026-09-16 02:21:39,103 - DEBUG - [global] needs_update: лучший источник raw → 5.7.0 (из 2)
2026-09-16 02:21:39,106 - INFO - [global] needs_update: local=(5, 6, 52) remote=(5, 7, 0) -> has_update=True
2026-09-16 02:21:39,106 - INFO - [global] Доступна обнова! Спавню кнопку
2026-09-16 02:21:41,032 - INFO - [global] LogUploader: запускаю upload_run_logs...
2026-09-16 02:21:41,033 - DEBUG - [global] log_uploader: START window=periodic made=-1 token=...Rjnfq
2026-09-16 02:21:42,097 - DEBUG - [global] _api_put: GET runs/20260916_022141_fail_periodic.log -> 404
2026-09-16 02:21:43,798 - DEBUG - [global] _api_put: PUT runs/20260916_022141_fail_periodic.log -> 201 (8836 bytes)
2026-09-16 02:21:43,801 - DEBUG - [global] log_uploader: STEP 1 (window log) -> https://github.com/StarateJI/L2Mauto/blob/bot-logs/runs/20260916_022141_fail_periodic.log
2026-09-16 02:21:43,802 - DEBUG - [global] log_uploader: STEP 2 SKIP (no PNGs)
2026-09-16 02:21:44,899 - DEBUG - [global] _api_put: GET runs/20260916_022141_fail_global.log -> 404
2026-09-16 02:21:46,555 - DEBUG - [global] _api_put: PUT runs/20260916_022141_fail_global.log -> 201 (21786 bytes)
2026-09-16 02:21:46,558 - DEBUG - [global] log_uploader: STEP 3 (global log) -> https://github.com/StarateJI/L2Mauto/blob/bot-logs/runs/20260916_022141_fail_global.log
2026-09-16 02:21:46,558 - DEBUG - [global] log_uploader: END window=periodic
2026-09-16 02:21:46,558 - INFO - [global] LogUploader: upload_run_logs завершён
2026-09-16 02:22:09,123 - INFO - [global] Проверяю обновы...
2026-09-16 02:22:09,984 - DEBUG - [global] needs_update: raw → 5.7.0
2026-09-16 02:22:10,828 - DEBUG - [global] needs_update: API failed: HTTPError: 403 Client Error: rate limit exceeded for url: https://api.github.com/repos/StarateJI/L2Mauto/contents/bot/version.txt?ref=main
2026-09-16 02:22:11,738 - DEBUG - [global] needs_update: jsdelivr → 5.6.42
2026-09-16 02:22:11,738 - DEBUG - [global] needs_update: лучший источник raw → 5.7.0 (из 2)
2026-09-16 02:22:11,740 - INFO - [global] needs_update: local=(5, 6, 52) remote=(5, 7, 0) -> has_update=True
2026-09-16 02:22:11,740 - INFO - [global] Доступна обнова! Спавню кнопку
2026-09-16 02:22:41,761 - INFO - [global] Проверяю обновы...
2026-09-16 02:22:42,629 - DEBUG - [global] needs_update: raw → 5.7.0
2026-09-16 02:22:43,496 - DEBUG - [global] needs_update: API failed: HTTPError: 403 Client Error: rate limit exceeded for url: https://api.github.com/repos/StarateJI/L2Mauto/contents/bot/version.txt?ref=main
2026-09-16 02:22:44,334 - DEBUG - [global] needs_update: jsdelivr → 5.6.42
2026-09-16 02:22:44,335 - DEBUG - [global] needs_update: лучший источник raw → 5.7.0 (из 2)
2026-09-16 02:22:44,337 - INFO - [global] needs_update: local=(5, 6, 52) remote=(5, 7, 0) -> has_update=True
2026-09-16 02:22:44,337 - INFO - [global] Доступна обнова! Спавню кнопку
2026-09-16 02:22:46,592 - INFO - [global] LogUploader: запускаю upload_run_logs...
2026-09-16 02:22:46,594 - DEBUG - [global] log_uploader: START window=periodic made=-1 token=...Rjnfq
2026-09-16 02:22:47,628 - DEBUG - [global] _api_put: GET runs/20260916_022246_fail_periodic.log -> 404
2026-09-16 02:22:49,197 - DEBUG - [global] _api_put: PUT runs/20260916_022246_fail_periodic.log -> 201 (8836 bytes)
2026-09-16 02:22:49,201 - DEBUG - [global] log_uploader: STEP 1 (window log) -> https://github.com/StarateJI/L2Mauto/blob/bot-logs/runs/20260916_022246_fail_periodic.log
2026-09-16 02:22:49,202 - DEBUG - [global] log_uploader: STEP 2 SKIP (no PNGs)
2026-09-16 02:22:50,300 - DEBUG - [global] _api_put: GET runs/20260916_022246_fail_global.log -> 404
2026-09-16 02:22:52,049 - DEBUG - [global] _api_put: PUT runs/20260916_022246_fail_global.log -> 201 (21786 bytes)
2026-09-16 02:22:52,052 - DEBUG - [global] log_uploader: STEP 3 (global log) -> https://github.com/StarateJI/L2Mauto/blob/bot-logs/runs/20260916_022246_fail_global.log
2026-09-16 02:22:52,052 - DEBUG - [global] log_uploader: END window=periodic
2026-09-16 02:22:52,052 - INFO - [global] LogUploader: upload_run_logs завершён
2026-09-16 02:23:14,355 - INFO - [global] Проверяю обновы...
2026-09-16 02:23:15,232 - DEBUG - [global] needs_update: raw → 5.7.0
2026-09-16 02:23:16,057 - DEBUG - [global] needs_update: API failed: HTTPError: 403 Client Error: rate limit exceeded for url: https://api.github.com/repos/StarateJI/L2Mauto/contents/bot/version.txt?ref=main
2026-09-16 02:23:16,994 - DEBUG - [global] needs_update: jsdelivr → 5.6.42
2026-09-16 02:23:16,994 - DEBUG - [global] needs_update: лучший источник raw → 5.7.0 (из 2)
2026-09-16 02:23:16,996 - INFO - [global] needs_update: local=(5, 6, 52) remote=(5, 7, 0) -> has_update=True
2026-09-16 02:23:16,997 - INFO - [global] Доступна обнова! Спавню кнопку
2026-09-16 02:23:47,022 - INFO - [global] Проверяю обновы...
2026-09-16 02:23:47,886 - DEBUG - [global] needs_update: raw → 5.7.0
2026-09-16 02:23:48,763 - DEBUG - [global] needs_update: API failed: HTTPError: 403 Client Error: rate limit exceeded for url: https://api.github.com/repos/StarateJI/L2Mauto/contents/bot/version.txt?ref=main
2026-09-16 02:23:49,587 - DEBUG - [global] needs_update: jsdelivr → 5.6.42
2026-09-16 02:23:49,587 - DEBUG - [global] needs_update: лучший источник raw → 5.7.0 (из 2)
2026-09-16 02:23:49,592 - INFO - [global] needs_update: local=(5, 6, 52) remote=(5, 7, 0) -> has_update=True
2026-09-16 02:23:49,592 - INFO - [global] Доступна обнова! Спавню кнопку
2026-09-16 02:23:52,102 - INFO - [global] LogUploader: запускаю upload_run_logs...
2026-09-16 02:23:52,103 - DEBUG - [global] log_uploader: START window=periodic made=-1 token=...Rjnfq
2026-09-16 02:23:53,143 - DEBUG - [global] _api_put: GET runs/20260916_022352_fail_periodic.log -> 404
2026-09-16 02:23:54,644 - DEBUG - [global] _api_put: PUT runs/20260916_022352_fail_periodic.log -> 201 (8836 bytes)
2026-09-16 02:23:54,647 - DEBUG - [global] log_uploader: STEP 1 (window log) -> https://github.com/StarateJI/L2Mauto/blob/bot-logs/runs/20260916_022352_fail_periodic.log
2026-09-16 02:23:54,648 - DEBUG - [global] log_uploader: STEP 2 SKIP (no PNGs)
2026-09-16 02:23:55,763 - DEBUG - [global] _api_put: GET runs/20260916_022352_fail_global.log -> 404
2026-09-16 02:23:57,512 - DEBUG - [global] _api_put: PUT runs/20260916_022352_fail_global.log -> 201 (21786 bytes)
2026-09-16 02:23:57,515 - DEBUG - [global] log_uploader: STEP 3 (global log) -> https://github.com/StarateJI/L2Mauto/blob/bot-logs/runs/20260916_022352_fail_global.log
2026-09-16 02:23:57,515 - DEBUG - [global] log_uploader: END window=periodic
2026-09-16 02:23:57,515 - INFO - [global] LogUploader: upload_run_logs завершён
2026-09-16 02:24:19,621 - INFO - [global] Проверяю обновы...
2026-09-16 02:24:20,553 - DEBUG - [global] needs_update: raw → 5.7.0
2026-09-16 02:24:21,438 - DEBUG - [global] needs_update: API failed: HTTPError: 403 Client Error: rate limit exceeded for url: https://api.github.com/repos/StarateJI/L2Mauto/contents/bot/version.txt?ref=main
2026-09-16 02:24:22,363 - DEBUG - [global] needs_update: jsdelivr → 5.6.42
2026-09-16 02:24:22,363 - DEBUG - [global] needs_update: лучший источник raw → 5.7.0 (из 2)
2026-09-16 02:24:22,365 - INFO - [global] needs_update: local=(5, 6, 52) remote=(5, 7, 0) -> has_update=True
2026-09-16 02:24:22,365 - INFO - [global] Доступна обнова! Спавню кнопку
2026-09-16 02:24:52,391 - INFO - [global] Проверяю обновы...
2026-09-16 02:24:53,241 - DEBUG - [global] needs_update: raw → 5.7.0
2026-09-16 02:24:54,127 - DEBUG - [global] needs_update: API failed: HTTPError: 403 Client Error: rate limit exceeded for url: https://api.github.com/repos/StarateJI/L2Mauto/contents/bot/version.txt?ref=main
2026-09-16 02:24:54,991 - DEBUG - [global] needs_update: jsdelivr → 5.6.42
2026-09-16 02:24:54,991 - DEBUG - [global] needs_update: лучший источник raw → 5.7.0 (из 2)
2026-09-16 02:24:54,995 - INFO - [global] needs_update: local=(5, 6, 52) remote=(5, 7, 0) -> has_update=True
2026-09-16 02:24:54,995 - INFO - [global] Доступна обнова! Спавню кнопку
2026-09-16 02:24:57,566 - INFO - [global] LogUploader: запускаю upload_run_logs...
2026-09-16 02:24:57,570 - DEBUG - [global] log_uploader: START window=periodic made=-1 token=...Rjnfq
2026-09-16 02:24:58,600 - DEBUG - [global] _api_put: GET runs/20260916_022457_fail_periodic.log -> 404
2026-09-16 02:25:00,143 - DEBUG - [global] _api_put: PUT runs/20260916_022457_fail_periodic.log -> 201 (8836 bytes)
2026-09-16 02:25:00,146 - DEBUG - [global] log_uploader: STEP 1 (window log) -> https://github.com/StarateJI/L2Mauto/blob/bot-logs/runs/20260916_022457_fail_periodic.log
2026-09-16 02:25:00,147 - DEBUG - [global] log_uploader: STEP 2 SKIP (no PNGs)
