=== Log tail 2026-09-17T22:54:18.632110 | last 200 lines ===
2026-09-17 22:44:47,057 - DEBUG - [global] needs_update: raw → 5.9.1
2026-09-17 22:44:48,594 - DEBUG - [global] needs_update: jsdelivr → 5.9.0
2026-09-17 22:44:48,595 - DEBUG - [global] needs_update: лучший источник API → 5.9.1 (из 3)
2026-09-17 22:44:48,600 - INFO - [global] needs_update: local=(5, 9, 1) remote=(5, 9, 1) -> has_update=False
2026-09-17 22:44:48,601 - INFO - [global] Установлена последняя версия бота | 5.9.1
2026-09-17 22:44:49,439 - DEBUG - [global] _api_put: PUT runs/20260917_224445_fail_global.log -> 201 (19291 bytes)
2026-09-17 22:44:49,449 - DEBUG - [global] log_uploader: STEP 3 (global log) -> https://github.com/StarateJI/L2Mauto/blob/bot-logs/runs/20260917_224445_fail_global.log
2026-09-17 22:44:49,450 - DEBUG - [global] log_uploader: END window=periodic
2026-09-17 22:44:49,450 - INFO - [global] LogUploader: upload_run_logs завершён
2026-09-17 22:45:18,622 - INFO - [global] Проверяю обновы...
2026-09-17 22:45:19,815 - DEBUG - [global] needs_update: API GitHub → 5.9.1
2026-09-17 22:45:21,210 - DEBUG - [global] needs_update: raw → 5.9.1
2026-09-17 22:45:22,537 - DEBUG - [global] needs_update: jsdelivr → 5.9.0
2026-09-17 22:45:22,538 - DEBUG - [global] needs_update: лучший источник API → 5.9.1 (из 3)
2026-09-17 22:45:22,546 - INFO - [global] needs_update: local=(5, 9, 1) remote=(5, 9, 1) -> has_update=False
2026-09-17 22:45:22,549 - INFO - [global] Установлена последняя версия бота | 5.9.1
2026-09-17 22:45:49,510 - INFO - [global] LogUploader: запускаю upload_run_logs...
2026-09-17 22:45:49,513 - DEBUG - [global] log_uploader: START window=periodic made=-1 token=...Rjnfq
2026-09-17 22:45:49,513 - DEBUG - [global] log_uploader: STEP 1 SKIP (no C:\Users\PC\Desktop\L2Mauto\logs\periodic.log)
2026-09-17 22:45:49,514 - DEBUG - [global] log_uploader: STEP 2 SKIP (no PNGs)
2026-09-17 22:45:50,846 - DEBUG - [global] _api_put: GET runs/20260917_224549_fail_global.log -> 404
2026-09-17 22:45:52,570 - INFO - [global] Проверяю обновы...
2026-09-17 22:45:52,720 - DEBUG - [global] _api_put: PUT runs/20260917_224549_fail_global.log -> 201 (19291 bytes)
2026-09-17 22:45:52,726 - DEBUG - [global] log_uploader: STEP 3 (global log) -> https://github.com/StarateJI/L2Mauto/blob/bot-logs/runs/20260917_224549_fail_global.log
2026-09-17 22:45:52,726 - DEBUG - [global] log_uploader: END window=periodic
2026-09-17 22:45:52,726 - INFO - [global] LogUploader: upload_run_logs завершён
2026-09-17 22:45:53,748 - DEBUG - [global] needs_update: API GitHub → 5.9.1
2026-09-17 22:45:54,740 - DEBUG - [global] needs_update: raw → 5.9.1
2026-09-17 22:45:55,991 - DEBUG - [global] needs_update: jsdelivr → 5.9.0
2026-09-17 22:45:55,991 - DEBUG - [global] needs_update: лучший источник API → 5.9.1 (из 3)
2026-09-17 22:45:55,995 - INFO - [global] needs_update: local=(5, 9, 1) remote=(5, 9, 1) -> has_update=False
2026-09-17 22:45:56,000 - INFO - [global] Установлена последняя версия бота | 5.9.1
2026-09-17 22:46:26,024 - INFO - [global] Проверяю обновы...
2026-09-17 22:46:27,187 - DEBUG - [global] needs_update: API GitHub → 5.9.1
2026-09-17 22:46:28,386 - DEBUG - [global] needs_update: raw → 5.9.1
2026-09-17 22:46:29,422 - DEBUG - [global] needs_update: jsdelivr → 5.9.0
2026-09-17 22:46:29,423 - DEBUG - [global] needs_update: лучший источник API → 5.9.1 (из 3)
2026-09-17 22:46:29,428 - INFO - [global] needs_update: local=(5, 9, 1) remote=(5, 9, 1) -> has_update=False
2026-09-17 22:46:29,430 - INFO - [global] Установлена последняя версия бота | 5.9.1
2026-09-17 22:46:52,763 - INFO - [global] LogUploader: запускаю upload_run_logs...
2026-09-17 22:46:52,765 - DEBUG - [global] log_uploader: START window=periodic made=-1 token=...Rjnfq
2026-09-17 22:46:52,766 - DEBUG - [global] log_uploader: STEP 1 SKIP (no C:\Users\PC\Desktop\L2Mauto\logs\periodic.log)
2026-09-17 22:46:52,767 - DEBUG - [global] log_uploader: STEP 2 SKIP (no PNGs)
2026-09-17 22:46:54,141 - DEBUG - [global] _api_put: GET runs/20260917_224652_fail_global.log -> 404
2026-09-17 22:46:56,433 - DEBUG - [global] _api_put: PUT runs/20260917_224652_fail_global.log -> 201 (19291 bytes)
2026-09-17 22:46:56,439 - DEBUG - [global] log_uploader: STEP 3 (global log) -> https://github.com/StarateJI/L2Mauto/blob/bot-logs/runs/20260917_224652_fail_global.log
2026-09-17 22:46:56,440 - DEBUG - [global] log_uploader: END window=periodic
2026-09-17 22:46:56,440 - INFO - [global] LogUploader: upload_run_logs завершён
2026-09-17 22:46:59,463 - INFO - [global] Проверяю обновы...
2026-09-17 22:47:00,651 - DEBUG - [global] needs_update: API GitHub → 5.9.1
2026-09-17 22:47:01,671 - DEBUG - [global] needs_update: raw → 5.9.1
2026-09-17 22:47:02,779 - DEBUG - [global] needs_update: jsdelivr → 5.9.0
2026-09-17 22:47:02,780 - DEBUG - [global] needs_update: лучший источник API → 5.9.1 (из 3)
2026-09-17 22:47:02,786 - INFO - [global] needs_update: local=(5, 9, 1) remote=(5, 9, 1) -> has_update=False
2026-09-17 22:47:02,787 - INFO - [global] Установлена последняя версия бота | 5.9.1
2026-09-17 22:47:32,814 - INFO - [global] Проверяю обновы...
2026-09-17 22:47:34,072 - DEBUG - [global] needs_update: API GitHub → 5.9.1
2026-09-17 22:47:35,106 - DEBUG - [global] needs_update: raw → 5.9.1
2026-09-17 22:47:36,220 - DEBUG - [global] needs_update: jsdelivr → 5.9.0
2026-09-17 22:47:36,221 - DEBUG - [global] needs_update: лучший источник API → 5.9.1 (из 3)
2026-09-17 22:47:36,227 - INFO - [global] needs_update: local=(5, 9, 1) remote=(5, 9, 1) -> has_update=False
2026-09-17 22:47:36,228 - INFO - [global] Установлена последняя версия бота | 5.9.1
2026-09-17 22:47:56,497 - INFO - [global] LogUploader: запускаю upload_run_logs...
2026-09-17 22:47:56,500 - DEBUG - [global] log_uploader: START window=periodic made=-1 token=...Rjnfq
2026-09-17 22:47:56,500 - DEBUG - [global] log_uploader: STEP 1 SKIP (no C:\Users\PC\Desktop\L2Mauto\logs\periodic.log)
2026-09-17 22:47:56,500 - DEBUG - [global] log_uploader: STEP 2 SKIP (no PNGs)
2026-09-17 22:47:57,840 - DEBUG - [global] _api_put: GET runs/20260917_224756_fail_global.log -> 404
2026-09-17 22:48:00,047 - DEBUG - [global] _api_put: PUT runs/20260917_224756_fail_global.log -> 201 (19291 bytes)
2026-09-17 22:48:00,057 - DEBUG - [global] log_uploader: STEP 3 (global log) -> https://github.com/StarateJI/L2Mauto/blob/bot-logs/runs/20260917_224756_fail_global.log
2026-09-17 22:48:00,057 - DEBUG - [global] log_uploader: END window=periodic
2026-09-17 22:48:00,057 - INFO - [global] LogUploader: upload_run_logs завершён
2026-09-17 22:48:06,266 - INFO - [global] Проверяю обновы...
2026-09-17 22:48:07,454 - DEBUG - [global] needs_update: API GitHub → 5.9.1
2026-09-17 22:48:08,715 - DEBUG - [global] needs_update: raw → 5.9.1
2026-09-17 22:48:10,079 - DEBUG - [global] needs_update: jsdelivr → 5.9.0
2026-09-17 22:48:10,079 - DEBUG - [global] needs_update: лучший источник API → 5.9.1 (из 3)
2026-09-17 22:48:10,086 - INFO - [global] needs_update: local=(5, 9, 1) remote=(5, 9, 1) -> has_update=False
2026-09-17 22:48:10,090 - INFO - [global] Установлена последняя версия бота | 5.9.1
2026-09-17 22:48:40,115 - INFO - [global] Проверяю обновы...
2026-09-17 22:48:41,288 - DEBUG - [global] needs_update: API GitHub → 5.9.1
2026-09-17 22:48:42,303 - DEBUG - [global] needs_update: raw → 5.9.1
2026-09-17 22:48:43,346 - DEBUG - [global] needs_update: jsdelivr → 5.9.0
2026-09-17 22:48:43,346 - DEBUG - [global] needs_update: лучший источник API → 5.9.1 (из 3)
2026-09-17 22:48:43,351 - INFO - [global] needs_update: local=(5, 9, 1) remote=(5, 9, 1) -> has_update=False
2026-09-17 22:48:43,352 - INFO - [global] Установлена последняя версия бота | 5.9.1
2026-09-17 22:49:00,099 - INFO - [global] LogUploader: запускаю upload_run_logs...
2026-09-17 22:49:00,101 - DEBUG - [global] log_uploader: START window=periodic made=-1 token=...Rjnfq
2026-09-17 22:49:00,101 - DEBUG - [global] log_uploader: STEP 1 SKIP (no C:\Users\PC\Desktop\L2Mauto\logs\periodic.log)
2026-09-17 22:49:00,101 - DEBUG - [global] log_uploader: STEP 2 SKIP (no PNGs)
2026-09-17 22:49:01,464 - DEBUG - [global] _api_put: GET runs/20260917_224900_fail_global.log -> 404
2026-09-17 22:49:03,329 - DEBUG - [global] _api_put: PUT runs/20260917_224900_fail_global.log -> 201 (19291 bytes)
2026-09-17 22:49:03,334 - DEBUG - [global] log_uploader: STEP 3 (global log) -> https://github.com/StarateJI/L2Mauto/blob/bot-logs/runs/20260917_224900_fail_global.log
2026-09-17 22:49:03,334 - DEBUG - [global] log_uploader: END window=periodic
2026-09-17 22:49:03,334 - INFO - [global] LogUploader: upload_run_logs завершён
2026-09-17 22:49:13,384 - INFO - [global] Проверяю обновы...
2026-09-17 22:49:14,595 - DEBUG - [global] needs_update: API GitHub → 5.9.1
2026-09-17 22:49:15,624 - DEBUG - [global] needs_update: raw → 5.9.1
2026-09-17 22:49:16,696 - DEBUG - [global] needs_update: jsdelivr → 5.9.0
2026-09-17 22:49:16,696 - DEBUG - [global] needs_update: лучший источник API → 5.9.1 (из 3)
2026-09-17 22:49:16,701 - INFO - [global] needs_update: local=(5, 9, 1) remote=(5, 9, 1) -> has_update=False
2026-09-17 22:49:16,704 - INFO - [global] Установлена последняя версия бота | 5.9.1
2026-09-17 22:49:46,726 - INFO - [global] Проверяю обновы...
2026-09-17 22:49:47,992 - DEBUG - [global] needs_update: API GitHub → 5.9.1
2026-09-17 22:49:49,363 - DEBUG - [global] needs_update: raw → 5.9.1
2026-09-17 22:49:50,869 - DEBUG - [global] needs_update: jsdelivr → 5.9.0
2026-09-17 22:49:50,870 - DEBUG - [global] needs_update: лучший источник API → 5.9.1 (из 3)
2026-09-17 22:49:50,876 - INFO - [global] needs_update: local=(5, 9, 1) remote=(5, 9, 1) -> has_update=False
2026-09-17 22:49:50,879 - INFO - [global] Установлена последняя версия бота | 5.9.1
2026-09-17 22:50:03,396 - INFO - [global] LogUploader: запускаю upload_run_logs...
2026-09-17 22:50:03,398 - DEBUG - [global] log_uploader: START window=periodic made=-1 token=...Rjnfq
2026-09-17 22:50:03,399 - DEBUG - [global] log_uploader: STEP 1 SKIP (no C:\Users\PC\Desktop\L2Mauto\logs\periodic.log)
2026-09-17 22:50:03,400 - DEBUG - [global] log_uploader: STEP 2 SKIP (no PNGs)
2026-09-17 22:50:04,730 - DEBUG - [global] _api_put: GET runs/20260917_225003_fail_global.log -> 404
2026-09-17 22:50:06,962 - DEBUG - [global] _api_put: PUT runs/20260917_225003_fail_global.log -> 201 (19291 bytes)
2026-09-17 22:50:06,969 - DEBUG - [global] log_uploader: STEP 3 (global log) -> https://github.com/StarateJI/L2Mauto/blob/bot-logs/runs/20260917_225003_fail_global.log
2026-09-17 22:50:06,969 - DEBUG - [global] log_uploader: END window=periodic
2026-09-17 22:50:06,969 - INFO - [global] LogUploader: upload_run_logs завершён
2026-09-17 22:50:20,907 - INFO - [global] Проверяю обновы...
2026-09-17 22:50:22,101 - DEBUG - [global] needs_update: API GitHub → 5.9.1
2026-09-17 22:50:23,122 - DEBUG - [global] needs_update: raw → 5.9.1
2026-09-17 22:50:24,339 - DEBUG - [global] needs_update: jsdelivr → 5.9.0
2026-09-17 22:50:24,339 - DEBUG - [global] needs_update: лучший источник API → 5.9.1 (из 3)
2026-09-17 22:50:24,348 - INFO - [global] needs_update: local=(5, 9, 1) remote=(5, 9, 1) -> has_update=False
2026-09-17 22:50:24,349 - INFO - [global] Установлена последняя версия бота | 5.9.1
2026-09-17 22:50:54,378 - INFO - [global] Проверяю обновы...
2026-09-17 22:50:55,587 - DEBUG - [global] needs_update: API GitHub → 5.9.1
2026-09-17 22:50:56,606 - DEBUG - [global] needs_update: raw → 5.9.1
2026-09-17 22:50:57,939 - DEBUG - [global] needs_update: jsdelivr → 5.9.0
2026-09-17 22:50:57,940 - DEBUG - [global] needs_update: лучший источник API → 5.9.1 (из 3)
2026-09-17 22:50:57,963 - INFO - [global] needs_update: local=(5, 9, 1) remote=(5, 9, 1) -> has_update=False
2026-09-17 22:50:57,964 - INFO - [global] Установлена последняя версия бота | 5.9.1
2026-09-17 22:51:07,045 - INFO - [global] LogUploader: запускаю upload_run_logs...
2026-09-17 22:51:07,048 - DEBUG - [global] log_uploader: START window=periodic made=-1 token=...Rjnfq
2026-09-17 22:51:07,048 - DEBUG - [global] log_uploader: STEP 1 SKIP (no C:\Users\PC\Desktop\L2Mauto\logs\periodic.log)
2026-09-17 22:51:07,049 - DEBUG - [global] log_uploader: STEP 2 SKIP (no PNGs)
2026-09-17 22:51:08,347 - DEBUG - [global] _api_put: GET runs/20260917_225107_fail_global.log -> 404
2026-09-17 22:51:10,234 - DEBUG - [global] _api_put: PUT runs/20260917_225107_fail_global.log -> 201 (19291 bytes)
2026-09-17 22:51:10,239 - DEBUG - [global] log_uploader: STEP 3 (global log) -> https://github.com/StarateJI/L2Mauto/blob/bot-logs/runs/20260917_225107_fail_global.log
2026-09-17 22:51:10,239 - DEBUG - [global] log_uploader: END window=periodic
2026-09-17 22:51:10,239 - INFO - [global] LogUploader: upload_run_logs завершён
2026-09-17 22:51:28,010 - INFO - [global] Проверяю обновы...
2026-09-17 22:51:29,182 - DEBUG - [global] needs_update: API GitHub → 5.9.1
2026-09-17 22:51:30,369 - DEBUG - [global] needs_update: raw → 5.9.1
2026-09-17 22:51:31,416 - DEBUG - [global] needs_update: jsdelivr → 5.9.0
2026-09-17 22:51:31,416 - DEBUG - [global] needs_update: лучший источник API → 5.9.1 (из 3)
2026-09-17 22:51:31,421 - INFO - [global] needs_update: local=(5, 9, 1) remote=(5, 9, 1) -> has_update=False
2026-09-17 22:51:31,422 - INFO - [global] Установлена последняя версия бота | 5.9.1
2026-09-17 22:52:01,444 - INFO - [global] Проверяю обновы...
2026-09-17 22:52:02,661 - DEBUG - [global] needs_update: API GitHub → 5.9.1
2026-09-17 22:52:03,663 - DEBUG - [global] needs_update: raw → 5.9.1
2026-09-17 22:52:04,921 - DEBUG - [global] needs_update: jsdelivr → 5.9.0
2026-09-17 22:52:04,921 - DEBUG - [global] needs_update: лучший источник API → 5.9.1 (из 3)
2026-09-17 22:52:04,928 - INFO - [global] needs_update: local=(5, 9, 1) remote=(5, 9, 1) -> has_update=False
2026-09-17 22:52:04,931 - INFO - [global] Установлена последняя версия бота | 5.9.1
2026-09-17 22:52:10,306 - INFO - [global] LogUploader: запускаю upload_run_logs...
2026-09-17 22:52:10,309 - DEBUG - [global] log_uploader: START window=periodic made=-1 token=...Rjnfq
2026-09-17 22:52:10,309 - DEBUG - [global] log_uploader: STEP 1 SKIP (no C:\Users\PC\Desktop\L2Mauto\logs\periodic.log)
2026-09-17 22:52:10,309 - DEBUG - [global] log_uploader: STEP 2 SKIP (no PNGs)
2026-09-17 22:52:11,629 - DEBUG - [global] _api_put: GET runs/20260917_225210_fail_global.log -> 404
2026-09-17 22:52:14,021 - DEBUG - [global] _api_put: PUT runs/20260917_225210_fail_global.log -> 201 (19291 bytes)
2026-09-17 22:52:14,031 - DEBUG - [global] log_uploader: STEP 3 (global log) -> https://github.com/StarateJI/L2Mauto/blob/bot-logs/runs/20260917_225210_fail_global.log
2026-09-17 22:52:14,031 - DEBUG - [global] log_uploader: END window=periodic
2026-09-17 22:52:14,031 - INFO - [global] LogUploader: upload_run_logs завершён
2026-09-17 22:52:34,966 - INFO - [global] Проверяю обновы...
2026-09-17 22:52:36,143 - DEBUG - [global] needs_update: API GitHub → 5.9.1
2026-09-17 22:52:37,148 - DEBUG - [global] needs_update: raw → 5.9.1
2026-09-17 22:52:38,240 - DEBUG - [global] needs_update: jsdelivr → 5.9.0
2026-09-17 22:52:38,240 - DEBUG - [global] needs_update: лучший источник API → 5.9.1 (из 3)
2026-09-17 22:52:38,245 - INFO - [global] needs_update: local=(5, 9, 1) remote=(5, 9, 1) -> has_update=False
2026-09-17 22:52:38,246 - INFO - [global] Установлена последняя версия бота | 5.9.1
2026-09-17 22:53:08,267 - INFO - [global] Проверяю обновы...
2026-09-17 22:53:09,479 - DEBUG - [global] needs_update: API GitHub → 5.9.1
2026-09-17 22:53:10,480 - DEBUG - [global] needs_update: raw → 5.9.1
2026-09-17 22:53:11,710 - DEBUG - [global] needs_update: jsdelivr → 5.9.0
2026-09-17 22:53:11,710 - DEBUG - [global] needs_update: лучший источник API → 5.9.1 (из 3)
2026-09-17 22:53:11,717 - INFO - [global] needs_update: local=(5, 9, 1) remote=(5, 9, 1) -> has_update=False
2026-09-17 22:53:11,720 - INFO - [global] Установлена последняя версия бота | 5.9.1
2026-09-17 22:53:14,085 - INFO - [global] LogUploader: запускаю upload_run_logs...
2026-09-17 22:53:14,088 - DEBUG - [global] log_uploader: START window=periodic made=-1 token=...Rjnfq
2026-09-17 22:53:14,089 - DEBUG - [global] log_uploader: STEP 1 SKIP (no C:\Users\PC\Desktop\L2Mauto\logs\periodic.log)
2026-09-17 22:53:14,090 - DEBUG - [global] log_uploader: STEP 2 SKIP (no PNGs)
2026-09-17 22:53:15,878 - DEBUG - [global] _api_put: GET runs/20260917_225314_fail_global.log -> 404
2026-09-17 22:53:18,220 - DEBUG - [global] _api_put: PUT runs/20260917_225314_fail_global.log -> 201 (19291 bytes)
2026-09-17 22:53:18,226 - DEBUG - [global] log_uploader: STEP 3 (global log) -> https://github.com/StarateJI/L2Mauto/blob/bot-logs/runs/20260917_225314_fail_global.log
2026-09-17 22:53:18,227 - DEBUG - [global] log_uploader: END window=periodic
2026-09-17 22:53:18,227 - INFO - [global] LogUploader: upload_run_logs завершён
2026-09-17 22:53:41,740 - INFO - [global] Проверяю обновы...
2026-09-17 22:53:42,937 - DEBUG - [global] needs_update: API GitHub → 5.9.1
2026-09-17 22:53:44,273 - DEBUG - [global] needs_update: raw → 5.9.1
2026-09-17 22:53:45,627 - DEBUG - [global] needs_update: jsdelivr → 5.9.0
2026-09-17 22:53:45,628 - DEBUG - [global] needs_update: лучший источник API → 5.9.1 (из 3)
2026-09-17 22:53:45,633 - INFO - [global] needs_update: local=(5, 9, 1) remote=(5, 9, 1) -> has_update=False
2026-09-17 22:53:45,639 - INFO - [global] Установлена последняя версия бота | 5.9.1
2026-09-17 22:54:15,680 - INFO - [global] Проверяю обновы...
2026-09-17 22:54:16,901 - DEBUG - [global] needs_update: API GitHub → 5.9.1
2026-09-17 22:54:17,889 - DEBUG - [global] needs_update: raw → 5.9.1
2026-09-17 22:54:18,291 - INFO - [global] LogUploader: запускаю upload_run_logs...
2026-09-17 22:54:18,294 - DEBUG - [global] log_uploader: START window=periodic made=-1 token=...Rjnfq
2026-09-17 22:54:18,296 - DEBUG - [global] log_uploader: STEP 1 SKIP (no C:\Users\PC\Desktop\L2Mauto\logs\periodic.log)
2026-09-17 22:54:18,302 - DEBUG - [global] log_uploader: STEP 2 SKIP (no PNGs)
