=== Log tail 2026-09-19T02:02:32.270221 | last 200 lines ===
2026-09-19 01:53:51,114 - DEBUG - [global] _api_put: GET runs/20260919_015347_fail_global.log -> 404
2026-09-19 01:53:52,799 - DEBUG - [global] _api_put: PUT runs/20260919_015347_fail_global.log -> 201 (19773 bytes)
2026-09-19 01:53:52,801 - DEBUG - [global] log_uploader: STEP 3 (global log) -> https://github.com/StarateJI/L2Mauto/blob/bot-logs/runs/20260919_015347_fail_global.log
2026-09-19 01:53:52,802 - DEBUG - [global] log_uploader: END window=periodic
2026-09-19 01:53:52,802 - INFO - [global] LogUploader: upload_run_logs завершён
2026-09-19 01:54:02,765 - INFO - [global] Проверяю обновы...
2026-09-19 01:54:03,655 - DEBUG - [global] needs_update: API GitHub → 5.11.18
2026-09-19 01:54:04,357 - DEBUG - [global] needs_update: raw → 5.11.18
2026-09-19 01:54:05,059 - DEBUG - [global] needs_update: jsdelivr → 5.11.18
2026-09-19 01:54:05,059 - DEBUG - [global] needs_update: лучший источник API → 5.11.18 (из 3)
2026-09-19 01:54:05,061 - INFO - [global] needs_update: local=(5, 9, 1) remote=(5, 11, 18) -> has_update=True
2026-09-19 01:54:05,062 - INFO - [global] Доступна обнова! Спавню кнопку
2026-09-19 01:54:35,080 - INFO - [global] Проверяю обновы...
2026-09-19 01:54:35,945 - DEBUG - [global] needs_update: API GitHub → 5.11.18
2026-09-19 01:54:36,631 - DEBUG - [global] needs_update: raw → 5.11.18
2026-09-19 01:54:37,303 - DEBUG - [global] needs_update: jsdelivr → 5.11.18
2026-09-19 01:54:37,303 - DEBUG - [global] needs_update: лучший источник API → 5.11.18 (из 3)
2026-09-19 01:54:37,305 - INFO - [global] needs_update: local=(5, 9, 1) remote=(5, 11, 18) -> has_update=True
2026-09-19 01:54:37,305 - INFO - [global] Доступна обнова! Спавню кнопку
2026-09-19 01:54:52,834 - INFO - [global] LogUploader: запускаю upload_run_logs...
2026-09-19 01:54:52,835 - DEBUG - [global] log_uploader: START window=periodic made=-1 token=...Rjnfq
2026-09-19 01:54:53,728 - DEBUG - [global] _api_put: GET runs/20260919_015452_fail_periodic.log -> 404
2026-09-19 01:54:55,478 - DEBUG - [global] _api_put: PUT runs/20260919_015452_fail_periodic.log -> 201 (8836 bytes)
2026-09-19 01:54:55,480 - DEBUG - [global] log_uploader: STEP 1 (window log) -> https://github.com/StarateJI/L2Mauto/blob/bot-logs/runs/20260919_015452_fail_periodic.log
2026-09-19 01:54:55,480 - DEBUG - [global] log_uploader: STEP 2 SKIP (no PNGs)
2026-09-19 01:54:56,375 - DEBUG - [global] _api_put: GET runs/20260919_015452_fail_global.log -> 404
2026-09-19 01:54:58,079 - DEBUG - [global] _api_put: PUT runs/20260919_015452_fail_global.log -> 201 (19773 bytes)
2026-09-19 01:54:58,080 - DEBUG - [global] log_uploader: STEP 3 (global log) -> https://github.com/StarateJI/L2Mauto/blob/bot-logs/runs/20260919_015452_fail_global.log
2026-09-19 01:54:58,080 - DEBUG - [global] log_uploader: END window=periodic
2026-09-19 01:54:58,080 - INFO - [global] LogUploader: upload_run_logs завершён
2026-09-19 01:55:07,322 - INFO - [global] Проверяю обновы...
2026-09-19 01:55:08,191 - DEBUG - [global] needs_update: API GitHub → 5.11.18
2026-09-19 01:55:08,913 - DEBUG - [global] needs_update: raw → 5.11.18
2026-09-19 01:55:09,609 - DEBUG - [global] needs_update: jsdelivr → 5.11.18
2026-09-19 01:55:09,609 - DEBUG - [global] needs_update: лучший источник API → 5.11.18 (из 3)
2026-09-19 01:55:09,611 - INFO - [global] needs_update: local=(5, 9, 1) remote=(5, 11, 18) -> has_update=True
2026-09-19 01:55:09,611 - INFO - [global] Доступна обнова! Спавню кнопку
2026-09-19 01:55:39,628 - INFO - [global] Проверяю обновы...
2026-09-19 01:55:40,486 - DEBUG - [global] needs_update: API GitHub → 5.11.18
2026-09-19 01:55:41,197 - DEBUG - [global] needs_update: raw → 5.11.18
2026-09-19 01:55:41,890 - DEBUG - [global] needs_update: jsdelivr → 5.11.18
2026-09-19 01:55:41,890 - DEBUG - [global] needs_update: лучший источник API → 5.11.18 (из 3)
2026-09-19 01:55:41,893 - INFO - [global] needs_update: local=(5, 9, 1) remote=(5, 11, 18) -> has_update=True
2026-09-19 01:55:41,893 - INFO - [global] Доступна обнова! Спавню кнопку
2026-09-19 01:55:58,112 - INFO - [global] LogUploader: запускаю upload_run_logs...
2026-09-19 01:55:58,113 - DEBUG - [global] log_uploader: START window=periodic made=-1 token=...Rjnfq
2026-09-19 01:55:59,010 - DEBUG - [global] _api_put: GET runs/20260919_015558_fail_periodic.log -> 404
2026-09-19 01:56:00,737 - DEBUG - [global] _api_put: PUT runs/20260919_015558_fail_periodic.log -> 201 (8836 bytes)
2026-09-19 01:56:00,739 - DEBUG - [global] log_uploader: STEP 1 (window log) -> https://github.com/StarateJI/L2Mauto/blob/bot-logs/runs/20260919_015558_fail_periodic.log
2026-09-19 01:56:00,740 - DEBUG - [global] log_uploader: STEP 2 SKIP (no PNGs)
2026-09-19 01:56:01,685 - DEBUG - [global] _api_put: GET runs/20260919_015558_fail_global.log -> 404
2026-09-19 01:56:03,362 - DEBUG - [global] _api_put: PUT runs/20260919_015558_fail_global.log -> 201 (19773 bytes)
2026-09-19 01:56:03,364 - DEBUG - [global] log_uploader: STEP 3 (global log) -> https://github.com/StarateJI/L2Mauto/blob/bot-logs/runs/20260919_015558_fail_global.log
2026-09-19 01:56:03,364 - DEBUG - [global] log_uploader: END window=periodic
2026-09-19 01:56:03,365 - INFO - [global] LogUploader: upload_run_logs завершён
2026-09-19 01:56:11,910 - INFO - [global] Проверяю обновы...
2026-09-19 01:56:12,847 - DEBUG - [global] needs_update: API GitHub → 5.11.18
2026-09-19 01:56:13,584 - DEBUG - [global] needs_update: raw → 5.11.18
2026-09-19 01:56:14,321 - DEBUG - [global] needs_update: jsdelivr → 5.11.18
2026-09-19 01:56:14,321 - DEBUG - [global] needs_update: лучший источник API → 5.11.18 (из 3)
2026-09-19 01:56:14,323 - INFO - [global] needs_update: local=(5, 9, 1) remote=(5, 11, 18) -> has_update=True
2026-09-19 01:56:14,323 - INFO - [global] Доступна обнова! Спавню кнопку
2026-09-19 01:56:44,342 - INFO - [global] Проверяю обновы...
2026-09-19 01:56:45,222 - DEBUG - [global] needs_update: API GitHub → 5.11.18
2026-09-19 01:56:45,924 - DEBUG - [global] needs_update: raw → 5.11.18
2026-09-19 01:56:46,620 - DEBUG - [global] needs_update: jsdelivr → 5.11.18
2026-09-19 01:56:46,620 - DEBUG - [global] needs_update: лучший источник API → 5.11.18 (из 3)
2026-09-19 01:56:46,622 - INFO - [global] needs_update: local=(5, 9, 1) remote=(5, 11, 18) -> has_update=True
2026-09-19 01:56:46,623 - INFO - [global] Доступна обнова! Спавню кнопку
2026-09-19 01:57:03,403 - INFO - [global] LogUploader: запускаю upload_run_logs...
2026-09-19 01:57:03,404 - DEBUG - [global] log_uploader: START window=periodic made=-1 token=...Rjnfq
2026-09-19 01:57:04,297 - DEBUG - [global] _api_put: GET runs/20260919_015703_fail_periodic.log -> 404
2026-09-19 01:57:05,807 - DEBUG - [global] _api_put: PUT runs/20260919_015703_fail_periodic.log -> 201 (8836 bytes)
2026-09-19 01:57:05,809 - DEBUG - [global] log_uploader: STEP 1 (window log) -> https://github.com/StarateJI/L2Mauto/blob/bot-logs/runs/20260919_015703_fail_periodic.log
2026-09-19 01:57:05,809 - DEBUG - [global] log_uploader: STEP 2 SKIP (no PNGs)
2026-09-19 01:57:06,731 - DEBUG - [global] _api_put: GET runs/20260919_015703_fail_global.log -> 404
2026-09-19 01:57:08,401 - DEBUG - [global] _api_put: PUT runs/20260919_015703_fail_global.log -> 201 (19773 bytes)
2026-09-19 01:57:08,403 - DEBUG - [global] log_uploader: STEP 3 (global log) -> https://github.com/StarateJI/L2Mauto/blob/bot-logs/runs/20260919_015703_fail_global.log
2026-09-19 01:57:08,403 - DEBUG - [global] log_uploader: END window=periodic
2026-09-19 01:57:08,403 - INFO - [global] LogUploader: upload_run_logs завершён
2026-09-19 01:57:16,640 - INFO - [global] Проверяю обновы...
2026-09-19 01:57:17,546 - DEBUG - [global] needs_update: API GitHub → 5.11.18
2026-09-19 01:57:18,258 - DEBUG - [global] needs_update: raw → 5.11.18
2026-09-19 01:57:18,947 - DEBUG - [global] needs_update: jsdelivr → 5.11.18
2026-09-19 01:57:18,947 - DEBUG - [global] needs_update: лучший источник API → 5.11.18 (из 3)
2026-09-19 01:57:18,949 - INFO - [global] needs_update: local=(5, 9, 1) remote=(5, 11, 18) -> has_update=True
2026-09-19 01:57:18,949 - INFO - [global] Доступна обнова! Спавню кнопку
2026-09-19 01:57:48,966 - INFO - [global] Проверяю обновы...
2026-09-19 01:57:49,860 - DEBUG - [global] needs_update: API GitHub → 5.11.18
2026-09-19 01:57:50,559 - DEBUG - [global] needs_update: raw → 5.11.18
2026-09-19 01:57:51,288 - DEBUG - [global] needs_update: jsdelivr → 5.11.18
2026-09-19 01:57:51,289 - DEBUG - [global] needs_update: лучший источник API → 5.11.18 (из 3)
2026-09-19 01:57:51,290 - INFO - [global] needs_update: local=(5, 9, 1) remote=(5, 11, 18) -> has_update=True
2026-09-19 01:57:51,291 - INFO - [global] Доступна обнова! Спавню кнопку
2026-09-19 01:58:08,440 - INFO - [global] LogUploader: запускаю upload_run_logs...
2026-09-19 01:58:08,441 - DEBUG - [global] log_uploader: START window=periodic made=-1 token=...Rjnfq
2026-09-19 01:58:09,349 - DEBUG - [global] _api_put: GET runs/20260919_015808_fail_periodic.log -> 404
2026-09-19 01:58:10,811 - DEBUG - [global] _api_put: PUT runs/20260919_015808_fail_periodic.log -> 201 (8836 bytes)
2026-09-19 01:58:10,813 - DEBUG - [global] log_uploader: STEP 1 (window log) -> https://github.com/StarateJI/L2Mauto/blob/bot-logs/runs/20260919_015808_fail_periodic.log
2026-09-19 01:58:10,813 - DEBUG - [global] log_uploader: STEP 2 SKIP (no PNGs)
2026-09-19 01:58:11,787 - DEBUG - [global] _api_put: GET runs/20260919_015808_fail_global.log -> 404
2026-09-19 01:58:13,412 - DEBUG - [global] _api_put: PUT runs/20260919_015808_fail_global.log -> 201 (19773 bytes)
2026-09-19 01:58:13,415 - DEBUG - [global] log_uploader: STEP 3 (global log) -> https://github.com/StarateJI/L2Mauto/blob/bot-logs/runs/20260919_015808_fail_global.log
2026-09-19 01:58:13,415 - DEBUG - [global] log_uploader: END window=periodic
2026-09-19 01:58:13,415 - INFO - [global] LogUploader: upload_run_logs завершён
2026-09-19 01:58:21,308 - INFO - [global] Проверяю обновы...
2026-09-19 01:58:22,248 - DEBUG - [global] needs_update: API GitHub → 5.11.18
2026-09-19 01:58:22,958 - DEBUG - [global] needs_update: raw → 5.11.18
2026-09-19 01:58:23,688 - DEBUG - [global] needs_update: jsdelivr → 5.11.18
2026-09-19 01:58:23,688 - DEBUG - [global] needs_update: лучший источник API → 5.11.18 (из 3)
2026-09-19 01:58:23,689 - INFO - [global] needs_update: local=(5, 9, 1) remote=(5, 11, 18) -> has_update=True
2026-09-19 01:58:23,689 - INFO - [global] Доступна обнова! Спавню кнопку
2026-09-19 01:58:53,706 - INFO - [global] Проверяю обновы...
2026-09-19 01:58:54,684 - DEBUG - [global] needs_update: API GitHub → 5.11.18
2026-09-19 01:58:55,560 - DEBUG - [global] needs_update: raw → 5.11.18
2026-09-19 01:58:56,260 - DEBUG - [global] needs_update: jsdelivr → 5.11.18
2026-09-19 01:58:56,260 - DEBUG - [global] needs_update: лучший источник API → 5.11.18 (из 3)
2026-09-19 01:58:56,261 - INFO - [global] needs_update: local=(5, 9, 1) remote=(5, 11, 18) -> has_update=True
2026-09-19 01:58:56,261 - INFO - [global] Доступна обнова! Спавню кнопку
2026-09-19 01:59:13,449 - INFO - [global] LogUploader: запускаю upload_run_logs...
2026-09-19 01:59:13,450 - DEBUG - [global] log_uploader: START window=periodic made=-1 token=...Rjnfq
2026-09-19 01:59:14,400 - DEBUG - [global] _api_put: GET runs/20260919_015913_fail_periodic.log -> 404
2026-09-19 01:59:15,925 - DEBUG - [global] _api_put: PUT runs/20260919_015913_fail_periodic.log -> 201 (8836 bytes)
2026-09-19 01:59:15,927 - DEBUG - [global] log_uploader: STEP 1 (window log) -> https://github.com/StarateJI/L2Mauto/blob/bot-logs/runs/20260919_015913_fail_periodic.log
2026-09-19 01:59:15,928 - DEBUG - [global] log_uploader: STEP 2 SKIP (no PNGs)
2026-09-19 01:59:16,865 - DEBUG - [global] _api_put: GET runs/20260919_015913_fail_global.log -> 404
2026-09-19 01:59:18,463 - DEBUG - [global] _api_put: PUT runs/20260919_015913_fail_global.log -> 201 (19773 bytes)
2026-09-19 01:59:18,465 - DEBUG - [global] log_uploader: STEP 3 (global log) -> https://github.com/StarateJI/L2Mauto/blob/bot-logs/runs/20260919_015913_fail_global.log
2026-09-19 01:59:18,465 - DEBUG - [global] log_uploader: END window=periodic
2026-09-19 01:59:18,465 - INFO - [global] LogUploader: upload_run_logs завершён
2026-09-19 01:59:26,279 - INFO - [global] Проверяю обновы...
2026-09-19 01:59:27,157 - DEBUG - [global] needs_update: API GitHub → 5.11.18
2026-09-19 01:59:27,883 - DEBUG - [global] needs_update: raw → 5.11.18
2026-09-19 01:59:28,609 - DEBUG - [global] needs_update: jsdelivr → 5.11.18
2026-09-19 01:59:28,609 - DEBUG - [global] needs_update: лучший источник API → 5.11.18 (из 3)
2026-09-19 01:59:28,613 - INFO - [global] needs_update: local=(5, 9, 1) remote=(5, 11, 18) -> has_update=True
2026-09-19 01:59:28,613 - INFO - [global] Доступна обнова! Спавню кнопку
2026-09-19 01:59:58,631 - INFO - [global] Проверяю обновы...
2026-09-19 01:59:59,650 - DEBUG - [global] needs_update: API GitHub → 5.11.18
2026-09-19 02:00:00,422 - DEBUG - [global] needs_update: raw → 5.11.18
2026-09-19 02:00:01,188 - DEBUG - [global] needs_update: jsdelivr → 5.11.18
2026-09-19 02:00:01,188 - DEBUG - [global] needs_update: лучший источник API → 5.11.18 (из 3)
2026-09-19 02:00:01,191 - INFO - [global] needs_update: local=(5, 9, 1) remote=(5, 11, 18) -> has_update=True
2026-09-19 02:00:01,191 - INFO - [global] Доступна обнова! Спавню кнопку
2026-09-19 02:00:18,502 - INFO - [global] LogUploader: запускаю upload_run_logs...
2026-09-19 02:00:18,503 - DEBUG - [global] log_uploader: START window=periodic made=-1 token=...Rjnfq
2026-09-19 02:00:19,430 - DEBUG - [global] _api_put: GET runs/20260919_020018_fail_periodic.log -> 404
2026-09-19 02:00:20,885 - DEBUG - [global] _api_put: PUT runs/20260919_020018_fail_periodic.log -> 201 (8836 bytes)
2026-09-19 02:00:20,888 - DEBUG - [global] log_uploader: STEP 1 (window log) -> https://github.com/StarateJI/L2Mauto/blob/bot-logs/runs/20260919_020018_fail_periodic.log
2026-09-19 02:00:20,888 - DEBUG - [global] log_uploader: STEP 2 SKIP (no PNGs)
2026-09-19 02:00:21,881 - DEBUG - [global] _api_put: GET runs/20260919_020018_fail_global.log -> 404
2026-09-19 02:00:23,679 - DEBUG - [global] _api_put: PUT runs/20260919_020018_fail_global.log -> 201 (19773 bytes)
2026-09-19 02:00:23,681 - DEBUG - [global] log_uploader: STEP 3 (global log) -> https://github.com/StarateJI/L2Mauto/blob/bot-logs/runs/20260919_020018_fail_global.log
2026-09-19 02:00:23,681 - DEBUG - [global] log_uploader: END window=periodic
2026-09-19 02:00:23,681 - INFO - [global] LogUploader: upload_run_logs завершён
2026-09-19 02:00:31,205 - INFO - [global] Проверяю обновы...
2026-09-19 02:00:32,321 - DEBUG - [global] needs_update: API GitHub → 5.11.18
2026-09-19 02:00:33,022 - DEBUG - [global] needs_update: raw → 5.11.18
2026-09-19 02:00:33,738 - DEBUG - [global] needs_update: jsdelivr → 5.11.18
2026-09-19 02:00:33,738 - DEBUG - [global] needs_update: лучший источник API → 5.11.18 (из 3)
2026-09-19 02:00:33,740 - INFO - [global] needs_update: local=(5, 9, 1) remote=(5, 11, 18) -> has_update=True
2026-09-19 02:00:33,740 - INFO - [global] Доступна обнова! Спавню кнопку
2026-09-19 02:01:03,756 - INFO - [global] Проверяю обновы...
2026-09-19 02:01:04,767 - DEBUG - [global] needs_update: API GitHub → 5.11.18
2026-09-19 02:01:05,490 - DEBUG - [global] needs_update: raw → 5.11.18
2026-09-19 02:01:06,234 - DEBUG - [global] needs_update: jsdelivr → 5.11.18
2026-09-19 02:01:06,234 - DEBUG - [global] needs_update: лучший источник API → 5.11.18 (из 3)
2026-09-19 02:01:06,235 - INFO - [global] needs_update: local=(5, 9, 1) remote=(5, 11, 18) -> has_update=True
2026-09-19 02:01:06,236 - INFO - [global] Доступна обнова! Спавню кнопку
2026-09-19 02:01:23,720 - INFO - [global] LogUploader: запускаю upload_run_logs...
2026-09-19 02:01:23,721 - DEBUG - [global] log_uploader: START window=periodic made=-1 token=...Rjnfq
2026-09-19 02:01:24,709 - DEBUG - [global] _api_put: GET runs/20260919_020123_fail_periodic.log -> 404
2026-09-19 02:01:26,571 - DEBUG - [global] _api_put: PUT runs/20260919_020123_fail_periodic.log -> 201 (8836 bytes)
2026-09-19 02:01:26,573 - DEBUG - [global] log_uploader: STEP 1 (window log) -> https://github.com/StarateJI/L2Mauto/blob/bot-logs/runs/20260919_020123_fail_periodic.log
2026-09-19 02:01:26,574 - DEBUG - [global] log_uploader: STEP 2 SKIP (no PNGs)
2026-09-19 02:01:27,571 - DEBUG - [global] _api_put: GET runs/20260919_020123_fail_global.log -> 404
2026-09-19 02:01:29,637 - DEBUG - [global] _api_put: PUT runs/20260919_020123_fail_global.log -> 201 (19773 bytes)
2026-09-19 02:01:29,639 - DEBUG - [global] log_uploader: STEP 3 (global log) -> https://github.com/StarateJI/L2Mauto/blob/bot-logs/runs/20260919_020123_fail_global.log
2026-09-19 02:01:29,639 - DEBUG - [global] log_uploader: END window=periodic
2026-09-19 02:01:29,639 - INFO - [global] LogUploader: upload_run_logs завершён
2026-09-19 02:01:36,254 - INFO - [global] Проверяю обновы...
2026-09-19 02:01:37,148 - DEBUG - [global] needs_update: API GitHub → 5.11.18
2026-09-19 02:01:37,871 - DEBUG - [global] needs_update: raw → 5.11.18
2026-09-19 02:01:38,602 - DEBUG - [global] needs_update: jsdelivr → 5.11.18
2026-09-19 02:01:38,602 - DEBUG - [global] needs_update: лучший источник API → 5.11.18 (из 3)
2026-09-19 02:01:38,603 - INFO - [global] needs_update: local=(5, 9, 1) remote=(5, 11, 18) -> has_update=True
2026-09-19 02:01:38,603 - INFO - [global] Доступна обнова! Спавню кнопку
2026-09-19 02:02:08,620 - INFO - [global] Проверяю обновы...
2026-09-19 02:02:09,523 - DEBUG - [global] needs_update: API GitHub → 5.11.18
2026-09-19 02:02:10,234 - DEBUG - [global] needs_update: raw → 5.11.18
2026-09-19 02:02:10,970 - DEBUG - [global] needs_update: jsdelivr → 5.11.18
2026-09-19 02:02:10,971 - DEBUG - [global] needs_update: лучший источник API → 5.11.18 (из 3)
2026-09-19 02:02:10,972 - INFO - [global] needs_update: local=(5, 9, 1) remote=(5, 11, 18) -> has_update=True
2026-09-19 02:02:10,972 - INFO - [global] Доступна обнова! Спавню кнопку
2026-09-19 02:02:29,671 - INFO - [global] LogUploader: запускаю upload_run_logs...
2026-09-19 02:02:29,671 - DEBUG - [global] log_uploader: START window=periodic made=-1 token=...Rjnfq
2026-09-19 02:02:30,652 - DEBUG - [global] _api_put: GET runs/20260919_020229_fail_periodic.log -> 404
2026-09-19 02:02:32,242 - DEBUG - [global] _api_put: PUT runs/20260919_020229_fail_periodic.log -> 201 (8836 bytes)
2026-09-19 02:02:32,244 - DEBUG - [global] log_uploader: STEP 1 (window log) -> https://github.com/StarateJI/L2Mauto/blob/bot-logs/runs/20260919_020229_fail_periodic.log
2026-09-19 02:02:32,244 - DEBUG - [global] log_uploader: STEP 2 SKIP (no PNGs)
