=== Log tail 2026-09-20T12:34:59.773822 | last 200 lines ===
2026-09-20 11:23:51,305 - DEBUG - [global] log_uploader: STEP 1 (window log) -> https://github.com/StarateJI/L2Mauto/blob/bot-logs/runs/20260920_112349_fail_periodic.log
2026-09-20 11:23:51,305 - DEBUG - [global] log_uploader: STEP 2 SKIP (no PNGs)
2026-09-20 11:23:52,093 - DEBUG - [global] _api_put: GET runs/20260920_112349_fail_global.log -> 404
2026-09-20 11:23:53,488 - DEBUG - [global] _api_put: PUT runs/20260920_112349_fail_global.log -> 201 (23129 bytes)
2026-09-20 11:23:53,491 - DEBUG - [global] log_uploader: STEP 3 (global log) -> https://github.com/StarateJI/L2Mauto/blob/bot-logs/runs/20260920_112349_fail_global.log
2026-09-20 11:23:53,491 - DEBUG - [global] log_uploader: END window=periodic
2026-09-20 11:23:53,491 - INFO - [global] LogUploader: upload_run_logs завершён
2026-09-20 11:28:53,657 - INFO - [global] LogUploader: запускаю upload_run_logs...
2026-09-20 11:28:53,658 - DEBUG - [global] log_uploader: START window=periodic made=-1 token=...Rjnfq
2026-09-20 11:28:54,536 - DEBUG - [global] _api_put: GET runs/20260920_112853_fail_periodic.log -> 404
2026-09-20 11:28:55,865 - DEBUG - [global] _api_put: PUT runs/20260920_112853_fail_periodic.log -> 409 (523 bytes)
2026-09-20 11:28:55,865 - WARNING - [global] _api_put: PUT failed body: {"message":"is at 57212cc051fe585f8bde7744d660be291c416ede but expected 49aab54f49e7b77e1b8089472bb7d174ed84f3f6","documentation_url":"https://docs.github.com/rest/repos/contents#create-or-update-file
2026-09-20 11:28:55,867 - DEBUG - [global] log_uploader: STEP 1 (window log) -> FAILED
2026-09-20 11:28:55,868 - DEBUG - [global] log_uploader: STEP 2 SKIP (no PNGs)
2026-09-20 11:28:56,809 - DEBUG - [global] _api_put: GET runs/20260920_112853_fail_global.log -> 404
2026-09-20 11:28:58,382 - DEBUG - [global] _api_put: PUT runs/20260920_112853_fail_global.log -> 201 (23100 bytes)
2026-09-20 11:28:58,384 - DEBUG - [global] log_uploader: STEP 3 (global log) -> https://github.com/StarateJI/L2Mauto/blob/bot-logs/runs/20260920_112853_fail_global.log
2026-09-20 11:28:58,384 - DEBUG - [global] log_uploader: END window=periodic
2026-09-20 11:28:58,384 - INFO - [global] LogUploader: upload_run_logs завершён
2026-09-20 11:32:36,265 - INFO - [global] Проверяю обновы...
2026-09-20 11:32:37,093 - DEBUG - [global] needs_update: raw → 5.11.52
2026-09-20 11:32:37,699 - DEBUG - [global] needs_update: jsdelivr → 5.11.51
2026-09-20 11:32:37,699 - DEBUG - [global] needs_update: лучший источник raw → 5.11.52 (из 2)
2026-09-20 11:32:37,701 - INFO - [global] needs_update: local=(5, 11, 52) remote=(5, 11, 52) -> has_update=False
2026-09-20 11:32:37,701 - INFO - [global] Установлена последняя версия бота | 5.11.52
2026-09-20 11:33:58,559 - INFO - [global] LogUploader: запускаю upload_run_logs...
2026-09-20 11:33:58,559 - DEBUG - [global] log_uploader: START window=periodic made=-1 token=...Rjnfq
2026-09-20 11:33:59,371 - DEBUG - [global] _api_put: GET runs/20260920_113358_fail_periodic.log -> 404
2026-09-20 11:34:00,696 - DEBUG - [global] _api_put: PUT runs/20260920_113358_fail_periodic.log -> 201 (523 bytes)
2026-09-20 11:34:00,698 - DEBUG - [global] log_uploader: STEP 1 (window log) -> https://github.com/StarateJI/L2Mauto/blob/bot-logs/runs/20260920_113358_fail_periodic.log
2026-09-20 11:34:00,699 - DEBUG - [global] log_uploader: STEP 2 SKIP (no PNGs)
2026-09-20 11:34:01,541 - DEBUG - [global] _api_put: GET runs/20260920_113358_fail_global.log -> 404
2026-09-20 11:34:03,101 - DEBUG - [global] _api_put: PUT runs/20260920_113358_fail_global.log -> 201 (22713 bytes)
2026-09-20 11:34:03,103 - DEBUG - [global] log_uploader: STEP 3 (global log) -> https://github.com/StarateJI/L2Mauto/blob/bot-logs/runs/20260920_113358_fail_global.log
2026-09-20 11:34:03,103 - DEBUG - [global] log_uploader: END window=periodic
2026-09-20 11:34:03,103 - INFO - [global] LogUploader: upload_run_logs завершён
2026-09-20 11:39:03,274 - INFO - [global] LogUploader: запускаю upload_run_logs...
2026-09-20 11:39:03,275 - DEBUG - [global] log_uploader: START window=periodic made=-1 token=...Rjnfq
2026-09-20 11:39:04,181 - DEBUG - [global] _api_put: GET runs/20260920_113903_fail_periodic.log -> 404
2026-09-20 11:39:05,648 - DEBUG - [global] _api_put: PUT runs/20260920_113903_fail_periodic.log -> 201 (523 bytes)
2026-09-20 11:39:05,651 - DEBUG - [global] log_uploader: STEP 1 (window log) -> https://github.com/StarateJI/L2Mauto/blob/bot-logs/runs/20260920_113903_fail_periodic.log
2026-09-20 11:39:05,652 - DEBUG - [global] log_uploader: STEP 2 SKIP (no PNGs)
2026-09-20 11:39:06,524 - DEBUG - [global] _api_put: GET runs/20260920_113903_fail_global.log -> 404
2026-09-20 11:39:08,011 - DEBUG - [global] _api_put: PUT runs/20260920_113903_fail_global.log -> 201 (22658 bytes)
2026-09-20 11:39:08,013 - DEBUG - [global] log_uploader: STEP 3 (global log) -> https://github.com/StarateJI/L2Mauto/blob/bot-logs/runs/20260920_113903_fail_global.log
2026-09-20 11:39:08,013 - DEBUG - [global] log_uploader: END window=periodic
2026-09-20 11:39:08,013 - INFO - [global] LogUploader: upload_run_logs завершён
2026-09-20 11:42:38,067 - INFO - [global] Проверяю обновы...
2026-09-20 11:42:38,833 - DEBUG - [global] needs_update: raw → 5.11.52
2026-09-20 11:42:39,452 - DEBUG - [global] needs_update: jsdelivr → 5.11.51
2026-09-20 11:42:39,453 - DEBUG - [global] needs_update: лучший источник raw → 5.11.52 (из 2)
2026-09-20 11:42:39,454 - INFO - [global] needs_update: local=(5, 11, 52) remote=(5, 11, 52) -> has_update=False
2026-09-20 11:42:39,454 - INFO - [global] Установлена последняя версия бота | 5.11.52
2026-09-20 11:44:08,193 - INFO - [global] LogUploader: запускаю upload_run_logs...
2026-09-20 11:44:08,194 - DEBUG - [global] log_uploader: START window=periodic made=-1 token=...Rjnfq
2026-09-20 11:44:09,000 - DEBUG - [global] _api_put: GET runs/20260920_114408_fail_periodic.log -> 404
2026-09-20 11:44:10,382 - DEBUG - [global] _api_put: PUT runs/20260920_114408_fail_periodic.log -> 201 (523 bytes)
2026-09-20 11:44:10,384 - DEBUG - [global] log_uploader: STEP 1 (window log) -> https://github.com/StarateJI/L2Mauto/blob/bot-logs/runs/20260920_114408_fail_periodic.log
2026-09-20 11:44:10,384 - DEBUG - [global] log_uploader: STEP 2 SKIP (no PNGs)
2026-09-20 11:44:11,176 - DEBUG - [global] _api_put: GET runs/20260920_114408_fail_global.log -> 404
2026-09-20 11:44:12,619 - DEBUG - [global] _api_put: PUT runs/20260920_114408_fail_global.log -> 409 (22121 bytes)
2026-09-20 11:44:12,619 - WARNING - [global] _api_put: PUT failed body: {"message":"is at 03e5898742029c9328529f8a6250c11252cc4396 but expected b6d45510b0184e9dd7be7546afe539659fdff662","documentation_url":"https://docs.github.com/rest/repos/contents#create-or-update-file
2026-09-20 11:44:12,621 - DEBUG - [global] log_uploader: STEP 3 (global log) -> FAILED
2026-09-20 11:44:12,621 - DEBUG - [global] log_uploader: END window=periodic
2026-09-20 11:44:12,621 - INFO - [global] LogUploader: upload_run_logs завершён
2026-09-20 11:49:12,803 - INFO - [global] LogUploader: запускаю upload_run_logs...
2026-09-20 11:49:12,804 - DEBUG - [global] log_uploader: START window=periodic made=-1 token=...Rjnfq
2026-09-20 11:49:13,682 - DEBUG - [global] _api_put: GET runs/20260920_114912_fail_periodic.log -> 404
2026-09-20 11:49:15,205 - DEBUG - [global] _api_put: PUT runs/20260920_114912_fail_periodic.log -> 201 (523 bytes)
2026-09-20 11:49:15,208 - DEBUG - [global] log_uploader: STEP 1 (window log) -> https://github.com/StarateJI/L2Mauto/blob/bot-logs/runs/20260920_114912_fail_periodic.log
2026-09-20 11:49:15,209 - DEBUG - [global] log_uploader: STEP 2 SKIP (no PNGs)
2026-09-20 11:49:16,114 - DEBUG - [global] _api_put: GET runs/20260920_114912_fail_global.log -> 404
2026-09-20 11:49:17,606 - DEBUG - [global] _api_put: PUT runs/20260920_114912_fail_global.log -> 201 (21911 bytes)
2026-09-20 11:49:17,609 - DEBUG - [global] log_uploader: STEP 3 (global log) -> https://github.com/StarateJI/L2Mauto/blob/bot-logs/runs/20260920_114912_fail_global.log
2026-09-20 11:49:17,609 - DEBUG - [global] log_uploader: END window=periodic
2026-09-20 11:49:17,609 - INFO - [global] LogUploader: upload_run_logs завершён
2026-09-20 11:52:39,820 - INFO - [global] Проверяю обновы...
2026-09-20 11:52:40,614 - DEBUG - [global] needs_update: raw → 5.11.52
2026-09-20 11:52:41,256 - DEBUG - [global] needs_update: jsdelivr → 5.11.51
2026-09-20 11:52:41,256 - DEBUG - [global] needs_update: лучший источник raw → 5.11.52 (из 2)
2026-09-20 11:52:41,258 - INFO - [global] needs_update: local=(5, 11, 52) remote=(5, 11, 52) -> has_update=False
2026-09-20 11:52:41,258 - INFO - [global] Установлена последняя версия бота | 5.11.52
2026-09-20 11:54:17,790 - INFO - [global] LogUploader: запускаю upload_run_logs...
2026-09-20 11:54:17,790 - DEBUG - [global] log_uploader: START window=periodic made=-1 token=...Rjnfq
2026-09-20 11:54:18,780 - DEBUG - [global] _api_put: GET runs/20260920_115417_fail_periodic.log -> 404
2026-09-20 11:54:20,112 - DEBUG - [global] _api_put: PUT runs/20260920_115417_fail_periodic.log -> 201 (523 bytes)
2026-09-20 11:54:20,114 - DEBUG - [global] log_uploader: STEP 1 (window log) -> https://github.com/StarateJI/L2Mauto/blob/bot-logs/runs/20260920_115417_fail_periodic.log
2026-09-20 11:54:20,115 - DEBUG - [global] log_uploader: STEP 2 SKIP (no PNGs)
2026-09-20 11:54:20,924 - DEBUG - [global] _api_put: GET runs/20260920_115417_fail_global.log -> 404
2026-09-20 11:54:22,504 - DEBUG - [global] _api_put: PUT runs/20260920_115417_fail_global.log -> 201 (21587 bytes)
2026-09-20 11:54:22,506 - DEBUG - [global] log_uploader: STEP 3 (global log) -> https://github.com/StarateJI/L2Mauto/blob/bot-logs/runs/20260920_115417_fail_global.log
2026-09-20 11:54:22,506 - DEBUG - [global] log_uploader: END window=periodic
2026-09-20 11:54:22,506 - INFO - [global] LogUploader: upload_run_logs завершён
2026-09-20 11:59:22,671 - INFO - [global] LogUploader: запускаю upload_run_logs...
2026-09-20 11:59:22,672 - DEBUG - [global] log_uploader: START window=periodic made=-1 token=...Rjnfq
2026-09-20 11:59:23,519 - DEBUG - [global] _api_put: GET runs/20260920_115922_fail_periodic.log -> 404
2026-09-20 11:59:25,215 - DEBUG - [global] _api_put: PUT runs/20260920_115922_fail_periodic.log -> 201 (523 bytes)
2026-09-20 11:59:25,217 - DEBUG - [global] log_uploader: STEP 1 (window log) -> https://github.com/StarateJI/L2Mauto/blob/bot-logs/runs/20260920_115922_fail_periodic.log
2026-09-20 11:59:25,218 - DEBUG - [global] log_uploader: STEP 2 SKIP (no PNGs)
2026-09-20 11:59:26,128 - DEBUG - [global] _api_put: GET runs/20260920_115922_fail_global.log -> 404
2026-09-20 11:59:27,716 - DEBUG - [global] _api_put: PUT runs/20260920_115922_fail_global.log -> 201 (21587 bytes)
2026-09-20 11:59:27,718 - DEBUG - [global] log_uploader: STEP 3 (global log) -> https://github.com/StarateJI/L2Mauto/blob/bot-logs/runs/20260920_115922_fail_global.log
2026-09-20 11:59:27,718 - DEBUG - [global] log_uploader: END window=periodic
2026-09-20 11:59:27,718 - INFO - [global] LogUploader: upload_run_logs завершён
2026-09-20 12:02:41,625 - INFO - [global] Проверяю обновы...
2026-09-20 12:02:42,476 - DEBUG - [global] needs_update: raw → 5.11.52
2026-09-20 12:02:43,186 - DEBUG - [global] needs_update: jsdelivr → 5.11.51
2026-09-20 12:02:43,186 - DEBUG - [global] needs_update: лучший источник raw → 5.11.52 (из 2)
2026-09-20 12:02:43,188 - INFO - [global] needs_update: local=(5, 11, 52) remote=(5, 11, 52) -> has_update=False
2026-09-20 12:02:43,188 - INFO - [global] Установлена последняя версия бота | 5.11.52
2026-09-20 12:04:27,920 - INFO - [global] LogUploader: запускаю upload_run_logs...
2026-09-20 12:04:27,920 - DEBUG - [global] log_uploader: START window=periodic made=-1 token=...Rjnfq
2026-09-20 12:04:28,975 - DEBUG - [global] _api_put: GET runs/20260920_120427_fail_periodic.log -> 404
2026-09-20 12:04:30,491 - DEBUG - [global] _api_put: PUT runs/20260920_120427_fail_periodic.log -> 201 (523 bytes)
2026-09-20 12:04:30,493 - DEBUG - [global] log_uploader: STEP 1 (window log) -> https://github.com/StarateJI/L2Mauto/blob/bot-logs/runs/20260920_120427_fail_periodic.log
2026-09-20 12:04:30,494 - DEBUG - [global] log_uploader: STEP 2 SKIP (no PNGs)
2026-09-20 12:04:31,317 - DEBUG - [global] _api_put: GET runs/20260920_120427_fail_global.log -> 404
2026-09-20 12:04:32,922 - DEBUG - [global] _api_put: PUT runs/20260920_120427_fail_global.log -> 201 (21587 bytes)
2026-09-20 12:04:32,924 - DEBUG - [global] log_uploader: STEP 3 (global log) -> https://github.com/StarateJI/L2Mauto/blob/bot-logs/runs/20260920_120427_fail_global.log
2026-09-20 12:04:32,924 - DEBUG - [global] log_uploader: END window=periodic
2026-09-20 12:04:32,924 - INFO - [global] LogUploader: upload_run_logs завершён
2026-09-20 12:09:33,093 - INFO - [global] LogUploader: запускаю upload_run_logs...
2026-09-20 12:09:33,093 - DEBUG - [global] log_uploader: START window=periodic made=-1 token=...Rjnfq
2026-09-20 12:09:33,952 - DEBUG - [global] _api_put: GET runs/20260920_120933_fail_periodic.log -> 404
2026-09-20 12:09:35,356 - DEBUG - [global] _api_put: PUT runs/20260920_120933_fail_periodic.log -> 201 (523 bytes)
2026-09-20 12:09:35,357 - DEBUG - [global] log_uploader: STEP 1 (window log) -> https://github.com/StarateJI/L2Mauto/blob/bot-logs/runs/20260920_120933_fail_periodic.log
2026-09-20 12:09:35,358 - DEBUG - [global] log_uploader: STEP 2 SKIP (no PNGs)
2026-09-20 12:09:36,225 - DEBUG - [global] _api_put: GET runs/20260920_120933_fail_global.log -> 404
2026-09-20 12:09:37,743 - DEBUG - [global] _api_put: PUT runs/20260920_120933_fail_global.log -> 201 (21587 bytes)
2026-09-20 12:09:37,746 - DEBUG - [global] log_uploader: STEP 3 (global log) -> https://github.com/StarateJI/L2Mauto/blob/bot-logs/runs/20260920_120933_fail_global.log
2026-09-20 12:09:37,746 - DEBUG - [global] log_uploader: END window=periodic
2026-09-20 12:09:37,746 - INFO - [global] LogUploader: upload_run_logs завершён
2026-09-20 12:12:43,536 - INFO - [global] Проверяю обновы...
2026-09-20 12:12:44,339 - DEBUG - [global] needs_update: raw → 5.11.52
2026-09-20 12:12:44,978 - DEBUG - [global] needs_update: jsdelivr → 5.11.51
2026-09-20 12:12:44,978 - DEBUG - [global] needs_update: лучший источник raw → 5.11.52 (из 2)
2026-09-20 12:12:44,980 - INFO - [global] needs_update: local=(5, 11, 52) remote=(5, 11, 52) -> has_update=False
2026-09-20 12:12:44,981 - INFO - [global] Установлена последняя версия бота | 5.11.52
2026-09-20 12:14:37,923 - INFO - [global] LogUploader: запускаю upload_run_logs...
2026-09-20 12:14:37,923 - DEBUG - [global] log_uploader: START window=periodic made=-1 token=...Rjnfq
2026-09-20 12:14:38,768 - DEBUG - [global] _api_put: GET runs/20260920_121437_fail_periodic.log -> 404
2026-09-20 12:14:40,316 - DEBUG - [global] _api_put: PUT runs/20260920_121437_fail_periodic.log -> 201 (523 bytes)
2026-09-20 12:14:40,318 - DEBUG - [global] log_uploader: STEP 1 (window log) -> https://github.com/StarateJI/L2Mauto/blob/bot-logs/runs/20260920_121437_fail_periodic.log
2026-09-20 12:14:40,319 - DEBUG - [global] log_uploader: STEP 2 SKIP (no PNGs)
2026-09-20 12:14:41,118 - DEBUG - [global] _api_put: GET runs/20260920_121437_fail_global.log -> 404
2026-09-20 12:14:42,697 - DEBUG - [global] _api_put: PUT runs/20260920_121437_fail_global.log -> 201 (21587 bytes)
2026-09-20 12:14:42,698 - DEBUG - [global] log_uploader: STEP 3 (global log) -> https://github.com/StarateJI/L2Mauto/blob/bot-logs/runs/20260920_121437_fail_global.log
2026-09-20 12:14:42,698 - DEBUG - [global] log_uploader: END window=periodic
2026-09-20 12:14:42,698 - INFO - [global] LogUploader: upload_run_logs завершён
2026-09-20 12:19:42,867 - INFO - [global] LogUploader: запускаю upload_run_logs...
2026-09-20 12:19:42,867 - DEBUG - [global] log_uploader: START window=periodic made=-1 token=...Rjnfq
2026-09-20 12:19:43,754 - DEBUG - [global] _api_put: GET runs/20260920_121942_fail_periodic.log -> 404
2026-09-20 12:19:45,093 - DEBUG - [global] _api_put: PUT runs/20260920_121942_fail_periodic.log -> 201 (523 bytes)
2026-09-20 12:19:45,095 - DEBUG - [global] log_uploader: STEP 1 (window log) -> https://github.com/StarateJI/L2Mauto/blob/bot-logs/runs/20260920_121942_fail_periodic.log
2026-09-20 12:19:45,095 - DEBUG - [global] log_uploader: STEP 2 SKIP (no PNGs)
2026-09-20 12:19:45,956 - DEBUG - [global] _api_put: GET runs/20260920_121942_fail_global.log -> 404
2026-09-20 12:19:47,576 - DEBUG - [global] _api_put: PUT runs/20260920_121942_fail_global.log -> 201 (21587 bytes)
2026-09-20 12:19:47,578 - DEBUG - [global] log_uploader: STEP 3 (global log) -> https://github.com/StarateJI/L2Mauto/blob/bot-logs/runs/20260920_121942_fail_global.log
2026-09-20 12:19:47,578 - DEBUG - [global] log_uploader: END window=periodic
2026-09-20 12:19:47,578 - INFO - [global] LogUploader: upload_run_logs завершён
2026-09-20 12:22:45,347 - INFO - [global] Проверяю обновы...
2026-09-20 12:22:46,176 - DEBUG - [global] needs_update: raw → 5.11.52
2026-09-20 12:22:46,799 - DEBUG - [global] needs_update: jsdelivr → 5.11.51
2026-09-20 12:22:46,799 - DEBUG - [global] needs_update: лучший источник raw → 5.11.52 (из 2)
2026-09-20 12:22:46,801 - INFO - [global] needs_update: local=(5, 11, 52) remote=(5, 11, 52) -> has_update=False
2026-09-20 12:22:46,801 - INFO - [global] Установлена последняя версия бота | 5.11.52
2026-09-20 12:24:47,751 - INFO - [global] LogUploader: запускаю upload_run_logs...
2026-09-20 12:24:47,751 - DEBUG - [global] log_uploader: START window=periodic made=-1 token=...Rjnfq
2026-09-20 12:24:48,550 - DEBUG - [global] _api_put: GET runs/20260920_122447_fail_periodic.log -> 404
2026-09-20 12:24:49,921 - DEBUG - [global] _api_put: PUT runs/20260920_122447_fail_periodic.log -> 201 (523 bytes)
2026-09-20 12:24:49,923 - DEBUG - [global] log_uploader: STEP 1 (window log) -> https://github.com/StarateJI/L2Mauto/blob/bot-logs/runs/20260920_122447_fail_periodic.log
2026-09-20 12:24:49,923 - DEBUG - [global] log_uploader: STEP 2 SKIP (no PNGs)
2026-09-20 12:24:50,731 - DEBUG - [global] _api_put: GET runs/20260920_122447_fail_global.log -> 404
2026-09-20 12:24:52,316 - DEBUG - [global] _api_put: PUT runs/20260920_122447_fail_global.log -> 201 (21587 bytes)
2026-09-20 12:24:52,318 - DEBUG - [global] log_uploader: STEP 3 (global log) -> https://github.com/StarateJI/L2Mauto/blob/bot-logs/runs/20260920_122447_fail_global.log
2026-09-20 12:24:52,318 - DEBUG - [global] log_uploader: END window=periodic
2026-09-20 12:24:52,318 - INFO - [global] LogUploader: upload_run_logs завершён
2026-09-20 12:29:52,521 - INFO - [global] LogUploader: запускаю upload_run_logs...
2026-09-20 12:29:52,522 - DEBUG - [global] log_uploader: START window=periodic made=-1 token=...Rjnfq
2026-09-20 12:29:53,392 - DEBUG - [global] _api_put: GET runs/20260920_122952_fail_periodic.log -> 404
2026-09-20 12:29:54,831 - DEBUG - [global] _api_put: PUT runs/20260920_122952_fail_periodic.log -> 201 (523 bytes)
2026-09-20 12:29:54,833 - DEBUG - [global] log_uploader: STEP 1 (window log) -> https://github.com/StarateJI/L2Mauto/blob/bot-logs/runs/20260920_122952_fail_periodic.log
2026-09-20 12:29:54,833 - DEBUG - [global] log_uploader: STEP 2 SKIP (no PNGs)
2026-09-20 12:29:55,740 - DEBUG - [global] _api_put: GET runs/20260920_122952_fail_global.log -> 404
2026-09-20 12:29:57,406 - DEBUG - [global] _api_put: PUT runs/20260920_122952_fail_global.log -> 201 (21587 bytes)
2026-09-20 12:29:57,408 - DEBUG - [global] log_uploader: STEP 3 (global log) -> https://github.com/StarateJI/L2Mauto/blob/bot-logs/runs/20260920_122952_fail_global.log
2026-09-20 12:29:57,408 - DEBUG - [global] log_uploader: END window=periodic
2026-09-20 12:29:57,408 - INFO - [global] LogUploader: upload_run_logs завершён
2026-09-20 12:32:47,134 - INFO - [global] Проверяю обновы...
2026-09-20 12:32:47,910 - DEBUG - [global] needs_update: raw → 5.11.52
2026-09-20 12:32:48,962 - DEBUG - [global] needs_update: jsdelivr → 5.11.52
2026-09-20 12:32:48,962 - DEBUG - [global] needs_update: лучший источник raw → 5.11.52 (из 2)
2026-09-20 12:32:48,964 - INFO - [global] needs_update: local=(5, 11, 52) remote=(5, 11, 52) -> has_update=False
2026-09-20 12:32:48,965 - INFO - [global] Установлена последняя версия бота | 5.11.52
2026-09-20 12:34:57,586 - INFO - [global] LogUploader: запускаю upload_run_logs...
2026-09-20 12:34:57,587 - DEBUG - [global] log_uploader: START window=periodic made=-1 token=...Rjnfq
2026-09-20 12:34:58,429 - DEBUG - [global] _api_put: GET runs/20260920_123457_fail_periodic.log -> 404
2026-09-20 12:34:59,758 - DEBUG - [global] _api_put: PUT runs/20260920_123457_fail_periodic.log -> 201 (523 bytes)
2026-09-20 12:34:59,760 - DEBUG - [global] log_uploader: STEP 1 (window log) -> https://github.com/StarateJI/L2Mauto/blob/bot-logs/runs/20260920_123457_fail_periodic.log
2026-09-20 12:34:59,760 - DEBUG - [global] log_uploader: STEP 2 SKIP (no PNGs)
