=== Log tail 2026-09-16T02:41:24.595628 | last 200 lines ===
2026-09-16 02:32:40,499 - DEBUG - [global] _api_put: GET runs/20260916_023236_fail_global.log -> 404
2026-09-16 02:32:42,146 - DEBUG - [global] _api_put: PUT runs/20260916_023236_fail_global.log -> 201 (21725 bytes)
2026-09-16 02:32:42,150 - DEBUG - [global] log_uploader: STEP 3 (global log) -> https://github.com/StarateJI/L2Mauto/blob/bot-logs/runs/20260916_023236_fail_global.log
2026-09-16 02:32:42,150 - DEBUG - [global] log_uploader: END window=periodic
2026-09-16 02:32:42,150 - INFO - [global] LogUploader: upload_run_logs завершён
2026-09-16 02:33:01,828 - INFO - [global] Проверяю обновы...
2026-09-16 02:33:02,657 - DEBUG - [global] needs_update: raw → 5.7.0
2026-09-16 02:33:03,492 - DEBUG - [global] needs_update: API failed: HTTPError: 403 Client Error: rate limit exceeded for url: https://api.github.com/repos/StarateJI/L2Mauto/contents/bot/version.txt?ref=main
2026-09-16 02:33:04,418 - DEBUG - [global] needs_update: jsdelivr → 5.6.42
2026-09-16 02:33:04,418 - DEBUG - [global] needs_update: лучший источник raw → 5.7.0 (из 2)
2026-09-16 02:33:04,420 - INFO - [global] needs_update: local=(5, 6, 52) remote=(5, 7, 0) -> has_update=True
2026-09-16 02:33:04,421 - INFO - [global] Доступна обнова! Спавню кнопку
2026-09-16 02:33:34,438 - INFO - [global] Проверяю обновы...
2026-09-16 02:33:35,275 - DEBUG - [global] needs_update: raw → 5.7.0
2026-09-16 02:33:36,155 - DEBUG - [global] needs_update: API failed: HTTPError: 403 Client Error: rate limit exceeded for url: https://api.github.com/repos/StarateJI/L2Mauto/contents/bot/version.txt?ref=main
2026-09-16 02:33:36,986 - DEBUG - [global] needs_update: jsdelivr → 5.6.42
2026-09-16 02:33:36,986 - DEBUG - [global] needs_update: лучший источник raw → 5.7.0 (из 2)
2026-09-16 02:33:36,988 - INFO - [global] needs_update: local=(5, 6, 52) remote=(5, 7, 0) -> has_update=True
2026-09-16 02:33:36,989 - INFO - [global] Доступна обнова! Спавню кнопку
2026-09-16 02:33:42,189 - INFO - [global] LogUploader: запускаю upload_run_logs...
2026-09-16 02:33:42,191 - DEBUG - [global] log_uploader: START window=periodic made=-1 token=...Rjnfq
2026-09-16 02:33:43,226 - DEBUG - [global] _api_put: GET runs/20260916_023342_fail_periodic.log -> 404
2026-09-16 02:33:44,757 - DEBUG - [global] _api_put: PUT runs/20260916_023342_fail_periodic.log -> 201 (8836 bytes)
2026-09-16 02:33:44,760 - DEBUG - [global] log_uploader: STEP 1 (window log) -> https://github.com/StarateJI/L2Mauto/blob/bot-logs/runs/20260916_023342_fail_periodic.log
2026-09-16 02:33:44,760 - DEBUG - [global] log_uploader: STEP 2 SKIP (no PNGs)
2026-09-16 02:33:45,859 - DEBUG - [global] _api_put: GET runs/20260916_023342_fail_global.log -> 404
2026-09-16 02:33:47,573 - DEBUG - [global] _api_put: PUT runs/20260916_023342_fail_global.log -> 201 (21725 bytes)
2026-09-16 02:33:47,575 - DEBUG - [global] log_uploader: STEP 3 (global log) -> https://github.com/StarateJI/L2Mauto/blob/bot-logs/runs/20260916_023342_fail_global.log
2026-09-16 02:33:47,575 - DEBUG - [global] log_uploader: END window=periodic
2026-09-16 02:33:47,575 - INFO - [global] LogUploader: upload_run_logs завершён
2026-09-16 02:34:07,011 - INFO - [global] Проверяю обновы...
2026-09-16 02:34:07,892 - DEBUG - [global] needs_update: raw → 5.7.0
2026-09-16 02:34:08,783 - DEBUG - [global] needs_update: API failed: HTTPError: 403 Client Error: rate limit exceeded for url: https://api.github.com/repos/StarateJI/L2Mauto/contents/bot/version.txt?ref=main
2026-09-16 02:34:09,762 - DEBUG - [global] needs_update: jsdelivr → 5.6.42
2026-09-16 02:34:09,762 - DEBUG - [global] needs_update: лучший источник raw → 5.7.0 (из 2)
2026-09-16 02:34:09,765 - INFO - [global] needs_update: local=(5, 6, 52) remote=(5, 7, 0) -> has_update=True
2026-09-16 02:34:09,765 - INFO - [global] Доступна обнова! Спавню кнопку
2026-09-16 02:34:39,799 - INFO - [global] Проверяю обновы...
2026-09-16 02:34:40,634 - DEBUG - [global] needs_update: raw → 5.7.0
2026-09-16 02:34:41,504 - DEBUG - [global] needs_update: API failed: HTTPError: 403 Client Error: rate limit exceeded for url: https://api.github.com/repos/StarateJI/L2Mauto/contents/bot/version.txt?ref=main
2026-09-16 02:34:42,367 - DEBUG - [global] needs_update: jsdelivr → 5.6.42
2026-09-16 02:34:42,367 - DEBUG - [global] needs_update: лучший источник raw → 5.7.0 (из 2)
2026-09-16 02:34:42,370 - INFO - [global] needs_update: local=(5, 6, 52) remote=(5, 7, 0) -> has_update=True
2026-09-16 02:34:42,370 - INFO - [global] Доступна обнова! Спавню кнопку
2026-09-16 02:34:47,619 - INFO - [global] LogUploader: запускаю upload_run_logs...
2026-09-16 02:34:47,620 - DEBUG - [global] log_uploader: START window=periodic made=-1 token=...Rjnfq
2026-09-16 02:34:48,638 - DEBUG - [global] _api_put: GET runs/20260916_023447_fail_periodic.log -> 404
2026-09-16 02:34:50,192 - DEBUG - [global] _api_put: PUT runs/20260916_023447_fail_periodic.log -> 201 (8836 bytes)
2026-09-16 02:34:50,195 - DEBUG - [global] log_uploader: STEP 1 (window log) -> https://github.com/StarateJI/L2Mauto/blob/bot-logs/runs/20260916_023447_fail_periodic.log
2026-09-16 02:34:50,196 - DEBUG - [global] log_uploader: STEP 2 SKIP (no PNGs)
2026-09-16 02:34:51,315 - DEBUG - [global] _api_put: GET runs/20260916_023447_fail_global.log -> 404
2026-09-16 02:34:53,072 - DEBUG - [global] _api_put: PUT runs/20260916_023447_fail_global.log -> 201 (21725 bytes)
2026-09-16 02:34:53,075 - DEBUG - [global] log_uploader: STEP 3 (global log) -> https://github.com/StarateJI/L2Mauto/blob/bot-logs/runs/20260916_023447_fail_global.log
2026-09-16 02:34:53,076 - DEBUG - [global] log_uploader: END window=periodic
2026-09-16 02:34:53,076 - INFO - [global] LogUploader: upload_run_logs завершён
2026-09-16 02:35:12,391 - INFO - [global] Проверяю обновы...
2026-09-16 02:35:13,266 - DEBUG - [global] needs_update: raw → 5.7.0
2026-09-16 02:35:14,135 - DEBUG - [global] needs_update: API failed: HTTPError: 403 Client Error: rate limit exceeded for url: https://api.github.com/repos/StarateJI/L2Mauto/contents/bot/version.txt?ref=main
2026-09-16 02:35:15,009 - DEBUG - [global] needs_update: jsdelivr → 5.6.42
2026-09-16 02:35:15,009 - DEBUG - [global] needs_update: лучший источник raw → 5.7.0 (из 2)
2026-09-16 02:35:15,012 - INFO - [global] needs_update: local=(5, 6, 52) remote=(5, 7, 0) -> has_update=True
2026-09-16 02:35:15,012 - INFO - [global] Доступна обнова! Спавню кнопку
2026-09-16 02:35:45,035 - INFO - [global] Проверяю обновы...
2026-09-16 02:35:45,864 - DEBUG - [global] needs_update: raw → 5.7.0
2026-09-16 02:35:46,712 - DEBUG - [global] needs_update: API failed: HTTPError: 403 Client Error: rate limit exceeded for url: https://api.github.com/repos/StarateJI/L2Mauto/contents/bot/version.txt?ref=main
2026-09-16 02:35:47,541 - DEBUG - [global] needs_update: jsdelivr → 5.6.42
2026-09-16 02:35:47,542 - DEBUG - [global] needs_update: лучший источник raw → 5.7.0 (из 2)
2026-09-16 02:35:47,544 - INFO - [global] needs_update: local=(5, 6, 52) remote=(5, 7, 0) -> has_update=True
2026-09-16 02:35:47,544 - INFO - [global] Доступна обнова! Спавню кнопку
2026-09-16 02:35:53,125 - INFO - [global] LogUploader: запускаю upload_run_logs...
2026-09-16 02:35:53,126 - DEBUG - [global] log_uploader: START window=periodic made=-1 token=...Rjnfq
2026-09-16 02:35:54,143 - DEBUG - [global] _api_put: GET runs/20260916_023553_fail_periodic.log -> 404
2026-09-16 02:35:55,965 - DEBUG - [global] _api_put: PUT runs/20260916_023553_fail_periodic.log -> 201 (8836 bytes)
2026-09-16 02:35:55,968 - DEBUG - [global] log_uploader: STEP 1 (window log) -> https://github.com/StarateJI/L2Mauto/blob/bot-logs/runs/20260916_023553_fail_periodic.log
2026-09-16 02:35:55,968 - DEBUG - [global] log_uploader: STEP 2 SKIP (no PNGs)
2026-09-16 02:35:57,078 - DEBUG - [global] _api_put: GET runs/20260916_023553_fail_global.log -> 404
2026-09-16 02:35:59,415 - DEBUG - [global] _api_put: PUT runs/20260916_023553_fail_global.log -> 201 (21725 bytes)
2026-09-16 02:35:59,417 - DEBUG - [global] log_uploader: STEP 3 (global log) -> https://github.com/StarateJI/L2Mauto/blob/bot-logs/runs/20260916_023553_fail_global.log
2026-09-16 02:35:59,418 - DEBUG - [global] log_uploader: END window=periodic
2026-09-16 02:35:59,418 - INFO - [global] LogUploader: upload_run_logs завершён
2026-09-16 02:36:17,563 - INFO - [global] Проверяю обновы...
2026-09-16 02:36:18,422 - DEBUG - [global] needs_update: raw → 5.7.0
2026-09-16 02:36:19,313 - DEBUG - [global] needs_update: API failed: HTTPError: 403 Client Error: rate limit exceeded for url: https://api.github.com/repos/StarateJI/L2Mauto/contents/bot/version.txt?ref=main
2026-09-16 02:36:20,182 - DEBUG - [global] needs_update: jsdelivr → 5.6.42
2026-09-16 02:36:20,182 - DEBUG - [global] needs_update: лучший источник raw → 5.7.0 (из 2)
2026-09-16 02:36:20,184 - INFO - [global] needs_update: local=(5, 6, 52) remote=(5, 7, 0) -> has_update=True
2026-09-16 02:36:20,184 - INFO - [global] Доступна обнова! Спавню кнопку
2026-09-16 02:36:50,205 - INFO - [global] Проверяю обновы...
2026-09-16 02:36:51,057 - DEBUG - [global] needs_update: raw → 5.7.0
2026-09-16 02:36:51,901 - DEBUG - [global] needs_update: API failed: HTTPError: 403 Client Error: rate limit exceeded for url: https://api.github.com/repos/StarateJI/L2Mauto/contents/bot/version.txt?ref=main
2026-09-16 02:36:52,755 - DEBUG - [global] needs_update: jsdelivr → 5.6.42
2026-09-16 02:36:52,755 - DEBUG - [global] needs_update: лучший источник raw → 5.7.0 (из 2)
2026-09-16 02:36:52,757 - INFO - [global] needs_update: local=(5, 6, 52) remote=(5, 7, 0) -> has_update=True
2026-09-16 02:36:52,758 - INFO - [global] Доступна обнова! Спавню кнопку
2026-09-16 02:36:59,471 - INFO - [global] LogUploader: запускаю upload_run_logs...
2026-09-16 02:36:59,473 - DEBUG - [global] log_uploader: START window=periodic made=-1 token=...Rjnfq
2026-09-16 02:37:00,474 - DEBUG - [global] _api_put: GET runs/20260916_023659_fail_periodic.log -> 404
2026-09-16 02:37:02,036 - DEBUG - [global] _api_put: PUT runs/20260916_023659_fail_periodic.log -> 201 (8836 bytes)
2026-09-16 02:37:02,040 - DEBUG - [global] log_uploader: STEP 1 (window log) -> https://github.com/StarateJI/L2Mauto/blob/bot-logs/runs/20260916_023659_fail_periodic.log
2026-09-16 02:37:02,040 - DEBUG - [global] log_uploader: STEP 2 SKIP (no PNGs)
2026-09-16 02:37:03,131 - DEBUG - [global] _api_put: GET runs/20260916_023659_fail_global.log -> 404
2026-09-16 02:37:04,847 - DEBUG - [global] _api_put: PUT runs/20260916_023659_fail_global.log -> 201 (21725 bytes)
2026-09-16 02:37:04,849 - DEBUG - [global] log_uploader: STEP 3 (global log) -> https://github.com/StarateJI/L2Mauto/blob/bot-logs/runs/20260916_023659_fail_global.log
2026-09-16 02:37:04,849 - DEBUG - [global] log_uploader: END window=periodic
2026-09-16 02:37:04,849 - INFO - [global] LogUploader: upload_run_logs завершён
2026-09-16 02:37:22,785 - INFO - [global] Проверяю обновы...
2026-09-16 02:37:23,681 - DEBUG - [global] needs_update: raw → 5.7.0
2026-09-16 02:37:24,536 - DEBUG - [global] needs_update: API failed: HTTPError: 403 Client Error: rate limit exceeded for url: https://api.github.com/repos/StarateJI/L2Mauto/contents/bot/version.txt?ref=main
2026-09-16 02:37:25,423 - DEBUG - [global] needs_update: jsdelivr → 5.6.42
2026-09-16 02:37:25,423 - DEBUG - [global] needs_update: лучший источник raw → 5.7.0 (из 2)
2026-09-16 02:37:25,427 - INFO - [global] needs_update: local=(5, 6, 52) remote=(5, 7, 0) -> has_update=True
2026-09-16 02:37:25,427 - INFO - [global] Доступна обнова! Спавню кнопку
2026-09-16 02:37:55,446 - INFO - [global] Проверяю обновы...
2026-09-16 02:37:56,317 - DEBUG - [global] needs_update: raw → 5.7.0
2026-09-16 02:37:57,160 - DEBUG - [global] needs_update: API failed: HTTPError: 403 Client Error: rate limit exceeded for url: https://api.github.com/repos/StarateJI/L2Mauto/contents/bot/version.txt?ref=main
2026-09-16 02:37:58,028 - DEBUG - [global] needs_update: jsdelivr → 5.6.42
2026-09-16 02:37:58,028 - DEBUG - [global] needs_update: лучший источник raw → 5.7.0 (из 2)
2026-09-16 02:37:58,032 - INFO - [global] needs_update: local=(5, 6, 52) remote=(5, 7, 0) -> has_update=True
2026-09-16 02:37:58,032 - INFO - [global] Доступна обнова! Спавню кнопку
2026-09-16 02:38:04,892 - INFO - [global] LogUploader: запускаю upload_run_logs...
2026-09-16 02:38:04,894 - DEBUG - [global] log_uploader: START window=periodic made=-1 token=...Rjnfq
2026-09-16 02:38:05,947 - DEBUG - [global] _api_put: GET runs/20260916_023804_fail_periodic.log -> 404
2026-09-16 02:38:07,571 - DEBUG - [global] _api_put: PUT runs/20260916_023804_fail_periodic.log -> 201 (8836 bytes)
2026-09-16 02:38:07,573 - DEBUG - [global] log_uploader: STEP 1 (window log) -> https://github.com/StarateJI/L2Mauto/blob/bot-logs/runs/20260916_023804_fail_periodic.log
2026-09-16 02:38:07,574 - DEBUG - [global] log_uploader: STEP 2 SKIP (no PNGs)
2026-09-16 02:38:08,695 - DEBUG - [global] _api_put: GET runs/20260916_023804_fail_global.log -> 404
2026-09-16 02:38:10,607 - DEBUG - [global] _api_put: PUT runs/20260916_023804_fail_global.log -> 201 (21725 bytes)
2026-09-16 02:38:10,609 - DEBUG - [global] log_uploader: STEP 3 (global log) -> https://github.com/StarateJI/L2Mauto/blob/bot-logs/runs/20260916_023804_fail_global.log
2026-09-16 02:38:10,610 - DEBUG - [global] log_uploader: END window=periodic
2026-09-16 02:38:10,610 - INFO - [global] LogUploader: upload_run_logs завершён
2026-09-16 02:38:28,050 - INFO - [global] Проверяю обновы...
2026-09-16 02:38:28,958 - DEBUG - [global] needs_update: raw → 5.7.0
2026-09-16 02:38:29,907 - DEBUG - [global] needs_update: API failed: HTTPError: 403 Client Error: rate limit exceeded for url: https://api.github.com/repos/StarateJI/L2Mauto/contents/bot/version.txt?ref=main
2026-09-16 02:38:30,822 - DEBUG - [global] needs_update: jsdelivr → 5.6.42
2026-09-16 02:38:30,822 - DEBUG - [global] needs_update: лучший источник raw → 5.7.0 (из 2)
2026-09-16 02:38:30,825 - INFO - [global] needs_update: local=(5, 6, 52) remote=(5, 7, 0) -> has_update=True
2026-09-16 02:38:30,825 - INFO - [global] Доступна обнова! Спавню кнопку
2026-09-16 02:39:00,851 - INFO - [global] Проверяю обновы...
2026-09-16 02:39:01,734 - DEBUG - [global] needs_update: raw → 5.7.0
2026-09-16 02:39:02,595 - DEBUG - [global] needs_update: API failed: HTTPError: 403 Client Error: rate limit exceeded for url: https://api.github.com/repos/StarateJI/L2Mauto/contents/bot/version.txt?ref=main
2026-09-16 02:39:03,436 - DEBUG - [global] needs_update: jsdelivr → 5.6.42
2026-09-16 02:39:03,436 - DEBUG - [global] needs_update: лучший источник raw → 5.7.0 (из 2)
2026-09-16 02:39:03,438 - INFO - [global] needs_update: local=(5, 6, 52) remote=(5, 7, 0) -> has_update=True
2026-09-16 02:39:03,439 - INFO - [global] Доступна обнова! Спавню кнопку
2026-09-16 02:39:10,650 - INFO - [global] LogUploader: запускаю upload_run_logs...
2026-09-16 02:39:10,651 - DEBUG - [global] log_uploader: START window=periodic made=-1 token=...Rjnfq
2026-09-16 02:39:11,717 - DEBUG - [global] _api_put: GET runs/20260916_023910_fail_periodic.log -> 404
2026-09-16 02:39:13,397 - DEBUG - [global] _api_put: PUT runs/20260916_023910_fail_periodic.log -> 201 (8836 bytes)
2026-09-16 02:39:13,399 - DEBUG - [global] log_uploader: STEP 1 (window log) -> https://github.com/StarateJI/L2Mauto/blob/bot-logs/runs/20260916_023910_fail_periodic.log
2026-09-16 02:39:13,400 - DEBUG - [global] log_uploader: STEP 2 SKIP (no PNGs)
2026-09-16 02:39:14,550 - DEBUG - [global] _api_put: GET runs/20260916_023910_fail_global.log -> 404
2026-09-16 02:39:16,276 - DEBUG - [global] _api_put: PUT runs/20260916_023910_fail_global.log -> 201 (21725 bytes)
2026-09-16 02:39:16,279 - DEBUG - [global] log_uploader: STEP 3 (global log) -> https://github.com/StarateJI/L2Mauto/blob/bot-logs/runs/20260916_023910_fail_global.log
2026-09-16 02:39:16,279 - DEBUG - [global] log_uploader: END window=periodic
2026-09-16 02:39:16,279 - INFO - [global] LogUploader: upload_run_logs завершён
2026-09-16 02:39:33,462 - INFO - [global] Проверяю обновы...
2026-09-16 02:39:34,344 - DEBUG - [global] needs_update: raw → 5.7.0
2026-09-16 02:39:35,412 - DEBUG - [global] needs_update: API GitHub → 5.7.0
2026-09-16 02:39:36,392 - DEBUG - [global] needs_update: jsdelivr → 5.6.42
2026-09-16 02:39:36,392 - DEBUG - [global] needs_update: лучший источник raw → 5.7.0 (из 3)
2026-09-16 02:39:36,395 - INFO - [global] needs_update: local=(5, 6, 52) remote=(5, 7, 0) -> has_update=True
2026-09-16 02:39:36,395 - INFO - [global] Доступна обнова! Спавню кнопку
2026-09-16 02:40:06,413 - INFO - [global] Проверяю обновы...
2026-09-16 02:40:07,287 - DEBUG - [global] needs_update: raw → 5.7.0
2026-09-16 02:40:08,154 - DEBUG - [global] needs_update: API GitHub → 5.7.0
2026-09-16 02:40:09,012 - DEBUG - [global] needs_update: jsdelivr → 5.6.42
2026-09-16 02:40:09,012 - DEBUG - [global] needs_update: лучший источник raw → 5.7.0 (из 3)
2026-09-16 02:40:09,014 - INFO - [global] needs_update: local=(5, 6, 52) remote=(5, 7, 0) -> has_update=True
2026-09-16 02:40:09,014 - INFO - [global] Доступна обнова! Спавню кнопку
2026-09-16 02:40:16,329 - INFO - [global] LogUploader: запускаю upload_run_logs...
2026-09-16 02:40:16,330 - DEBUG - [global] log_uploader: START window=periodic made=-1 token=...Rjnfq
2026-09-16 02:40:17,382 - DEBUG - [global] _api_put: GET runs/20260916_024016_fail_periodic.log -> 404
2026-09-16 02:40:19,058 - DEBUG - [global] _api_put: PUT runs/20260916_024016_fail_periodic.log -> 201 (8836 bytes)
2026-09-16 02:40:19,061 - DEBUG - [global] log_uploader: STEP 1 (window log) -> https://github.com/StarateJI/L2Mauto/blob/bot-logs/runs/20260916_024016_fail_periodic.log
2026-09-16 02:40:19,061 - DEBUG - [global] log_uploader: STEP 2 SKIP (no PNGs)
2026-09-16 02:40:20,171 - DEBUG - [global] _api_put: GET runs/20260916_024016_fail_global.log -> 404
2026-09-16 02:40:21,936 - DEBUG - [global] _api_put: PUT runs/20260916_024016_fail_global.log -> 201 (21465 bytes)
2026-09-16 02:40:21,939 - DEBUG - [global] log_uploader: STEP 3 (global log) -> https://github.com/StarateJI/L2Mauto/blob/bot-logs/runs/20260916_024016_fail_global.log
2026-09-16 02:40:21,940 - DEBUG - [global] log_uploader: END window=periodic
2026-09-16 02:40:21,940 - INFO - [global] LogUploader: upload_run_logs завершён
2026-09-16 02:40:39,042 - INFO - [global] Проверяю обновы...
2026-09-16 02:40:39,913 - DEBUG - [global] needs_update: raw → 5.7.0
2026-09-16 02:40:40,775 - DEBUG - [global] needs_update: API GitHub → 5.7.0
2026-09-16 02:40:41,703 - DEBUG - [global] needs_update: jsdelivr → 5.6.42
2026-09-16 02:40:41,703 - DEBUG - [global] needs_update: лучший источник raw → 5.7.0 (из 3)
2026-09-16 02:40:41,706 - INFO - [global] needs_update: local=(5, 6, 52) remote=(5, 7, 0) -> has_update=True
2026-09-16 02:40:41,706 - INFO - [global] Доступна обнова! Спавню кнопку
2026-09-16 02:41:11,726 - INFO - [global] Проверяю обновы...
2026-09-16 02:41:12,592 - DEBUG - [global] needs_update: raw → 5.7.0
2026-09-16 02:41:13,433 - DEBUG - [global] needs_update: API GitHub → 5.7.0
2026-09-16 02:41:14,265 - DEBUG - [global] needs_update: jsdelivr → 5.6.42
2026-09-16 02:41:14,265 - DEBUG - [global] needs_update: лучший источник raw → 5.7.0 (из 3)
2026-09-16 02:41:14,268 - INFO - [global] needs_update: local=(5, 6, 52) remote=(5, 7, 0) -> has_update=True
2026-09-16 02:41:14,268 - INFO - [global] Доступна обнова! Спавню кнопку
2026-09-16 02:41:21,982 - INFO - [global] LogUploader: запускаю upload_run_logs...
2026-09-16 02:41:21,984 - DEBUG - [global] log_uploader: START window=periodic made=-1 token=...Rjnfq
2026-09-16 02:41:23,041 - DEBUG - [global] _api_put: GET runs/20260916_024121_fail_periodic.log -> 404
2026-09-16 02:41:24,533 - DEBUG - [global] _api_put: PUT runs/20260916_024121_fail_periodic.log -> 201 (8836 bytes)
2026-09-16 02:41:24,536 - DEBUG - [global] log_uploader: STEP 1 (window log) -> https://github.com/StarateJI/L2Mauto/blob/bot-logs/runs/20260916_024121_fail_periodic.log
2026-09-16 02:41:24,536 - DEBUG - [global] log_uploader: STEP 2 SKIP (no PNGs)
