=== Log tail 2026-09-24T14:09:20.299696 | last 200 lines ===
2026-09-24 12:58:08,842 - DEBUG - [global] log_uploader: STEP 3 (global log) -> https://github.com/StarateJI/L2Mauto/blob/bot-logs/runs/20260924_125803_fail_global.log
2026-09-24 12:58:08,842 - DEBUG - [global] log_uploader: END window=periodic
2026-09-24 12:58:08,842 - INFO - [global] LogUploader: upload_run_logs завершён
2026-09-24 12:58:51,980 - INFO - [global] Проверяю обновы...
2026-09-24 12:58:52,613 - DEBUG - [global] needs_update: raw → 5.12.16
2026-09-24 12:58:53,544 - DEBUG - [global] needs_update: API → 5.12.18
2026-09-24 12:58:53,544 - DEBUG - [global] needs_update: лучший источник API → 5.12.18 (из 2)
2026-09-24 12:58:53,546 - INFO - [global] needs_update: local=(5, 11, 77) remote=(5, 12, 18) -> has_update=True
2026-09-24 12:58:53,547 - INFO - [global] Доступна обнова! Спавню кнопку
2026-09-24 13:03:09,016 - INFO - [global] LogUploader: запускаю upload_run_logs...
2026-09-24 13:03:09,017 - DEBUG - [global] log_uploader: START window=periodic made=-1 token=...Rjnfq
2026-09-24 13:03:09,886 - DEBUG - [global] _api_put: GET runs/20260924_130309_fail_periodic.log -> 404
2026-09-24 13:03:11,504 - DEBUG - [global] _api_put: PUT runs/20260924_130309_fail_periodic.log -> 201 (6194 bytes)
2026-09-24 13:03:11,506 - DEBUG - [global] log_uploader: STEP 1 (window log) -> https://github.com/StarateJI/L2Mauto/blob/bot-logs/runs/20260924_130309_fail_periodic.log
2026-09-24 13:03:11,506 - DEBUG - [global] log_uploader: STEP 2 SKIP (no PNGs)
2026-09-24 13:03:12,401 - DEBUG - [global] _api_put: GET runs/20260924_130309_fail_global.log -> 404
2026-09-24 13:03:13,993 - DEBUG - [global] _api_put: PUT runs/20260924_130309_fail_global.log -> 201 (21277 bytes)
2026-09-24 13:03:13,995 - DEBUG - [global] log_uploader: STEP 3 (global log) -> https://github.com/StarateJI/L2Mauto/blob/bot-logs/runs/20260924_130309_fail_global.log
2026-09-24 13:03:13,995 - DEBUG - [global] log_uploader: END window=periodic
2026-09-24 13:03:13,995 - INFO - [global] LogUploader: upload_run_logs завершён
2026-09-24 13:08:14,162 - INFO - [global] LogUploader: запускаю upload_run_logs...
2026-09-24 13:08:14,162 - DEBUG - [global] log_uploader: START window=periodic made=-1 token=...Rjnfq
2026-09-24 13:08:15,027 - DEBUG - [global] _api_put: GET runs/20260924_130814_fail_periodic.log -> 404
2026-09-24 13:08:16,694 - DEBUG - [global] _api_put: PUT runs/20260924_130814_fail_periodic.log -> 201 (6194 bytes)
2026-09-24 13:08:16,696 - DEBUG - [global] log_uploader: STEP 1 (window log) -> https://github.com/StarateJI/L2Mauto/blob/bot-logs/runs/20260924_130814_fail_periodic.log
2026-09-24 13:08:16,697 - DEBUG - [global] log_uploader: STEP 2 SKIP (no PNGs)
2026-09-24 13:08:17,562 - DEBUG - [global] _api_put: GET runs/20260924_130814_fail_global.log -> 404
2026-09-24 13:08:19,238 - DEBUG - [global] _api_put: PUT runs/20260924_130814_fail_global.log -> 201 (21277 bytes)
2026-09-24 13:08:19,240 - DEBUG - [global] log_uploader: STEP 3 (global log) -> https://github.com/StarateJI/L2Mauto/blob/bot-logs/runs/20260924_130814_fail_global.log
2026-09-24 13:08:19,240 - DEBUG - [global] log_uploader: END window=periodic
2026-09-24 13:08:19,240 - INFO - [global] LogUploader: upload_run_logs завершён
2026-09-24 13:08:53,888 - INFO - [global] Проверяю обновы...
2026-09-24 13:08:54,558 - DEBUG - [global] needs_update: raw → 5.12.19
2026-09-24 13:08:55,418 - DEBUG - [global] needs_update: API → 5.12.20
2026-09-24 13:08:55,418 - DEBUG - [global] needs_update: лучший источник API → 5.12.20 (из 2)
2026-09-24 13:08:55,421 - INFO - [global] needs_update: local=(5, 11, 77) remote=(5, 12, 20) -> has_update=True
2026-09-24 13:08:55,421 - INFO - [global] Доступна обнова! Спавню кнопку
2026-09-24 13:13:19,405 - INFO - [global] LogUploader: запускаю upload_run_logs...
2026-09-24 13:13:19,406 - DEBUG - [global] log_uploader: START window=periodic made=-1 token=...Rjnfq
2026-09-24 13:13:20,278 - DEBUG - [global] _api_put: GET runs/20260924_131319_fail_periodic.log -> 404
2026-09-24 13:13:21,930 - DEBUG - [global] _api_put: PUT runs/20260924_131319_fail_periodic.log -> 201 (6194 bytes)
2026-09-24 13:13:21,932 - DEBUG - [global] log_uploader: STEP 1 (window log) -> https://github.com/StarateJI/L2Mauto/blob/bot-logs/runs/20260924_131319_fail_periodic.log
2026-09-24 13:13:21,932 - DEBUG - [global] log_uploader: STEP 2 SKIP (no PNGs)
2026-09-24 13:13:22,831 - DEBUG - [global] _api_put: GET runs/20260924_131319_fail_global.log -> 404
2026-09-24 13:13:24,531 - DEBUG - [global] _api_put: PUT runs/20260924_131319_fail_global.log -> 201 (21277 bytes)
2026-09-24 13:13:24,533 - DEBUG - [global] log_uploader: STEP 3 (global log) -> https://github.com/StarateJI/L2Mauto/blob/bot-logs/runs/20260924_131319_fail_global.log
2026-09-24 13:13:24,533 - DEBUG - [global] log_uploader: END window=periodic
2026-09-24 13:13:24,533 - INFO - [global] LogUploader: upload_run_logs завершён
2026-09-24 13:18:24,714 - INFO - [global] LogUploader: запускаю upload_run_logs...
2026-09-24 13:18:24,714 - DEBUG - [global] log_uploader: START window=periodic made=-1 token=...Rjnfq
2026-09-24 13:18:25,683 - DEBUG - [global] _api_put: GET runs/20260924_131824_fail_periodic.log -> 404
2026-09-24 13:18:27,268 - DEBUG - [global] _api_put: PUT runs/20260924_131824_fail_periodic.log -> 201 (6194 bytes)
2026-09-24 13:18:27,271 - DEBUG - [global] log_uploader: STEP 1 (window log) -> https://github.com/StarateJI/L2Mauto/blob/bot-logs/runs/20260924_131824_fail_periodic.log
2026-09-24 13:18:27,271 - DEBUG - [global] log_uploader: STEP 2 SKIP (no PNGs)
2026-09-24 13:18:28,189 - DEBUG - [global] _api_put: GET runs/20260924_131824_fail_global.log -> 404
2026-09-24 13:18:30,187 - DEBUG - [global] _api_put: PUT runs/20260924_131824_fail_global.log -> 201 (21277 bytes)
2026-09-24 13:18:30,189 - DEBUG - [global] log_uploader: STEP 3 (global log) -> https://github.com/StarateJI/L2Mauto/blob/bot-logs/runs/20260924_131824_fail_global.log
2026-09-24 13:18:30,189 - DEBUG - [global] log_uploader: END window=periodic
2026-09-24 13:18:30,189 - INFO - [global] LogUploader: upload_run_logs завершён
2026-09-24 13:18:55,766 - INFO - [global] Проверяю обновы...
2026-09-24 13:18:56,445 - DEBUG - [global] needs_update: raw → 5.12.21
2026-09-24 13:18:57,320 - DEBUG - [global] needs_update: API → 5.12.21
2026-09-24 13:18:57,320 - DEBUG - [global] needs_update: лучший источник raw → 5.12.21 (из 2)
2026-09-24 13:18:57,323 - INFO - [global] needs_update: local=(5, 11, 77) remote=(5, 12, 21) -> has_update=True
2026-09-24 13:18:57,323 - INFO - [global] Доступна обнова! Спавню кнопку
2026-09-24 13:23:30,366 - INFO - [global] LogUploader: запускаю upload_run_logs...
2026-09-24 13:23:30,367 - DEBUG - [global] log_uploader: START window=periodic made=-1 token=...Rjnfq
2026-09-24 13:23:31,238 - DEBUG - [global] _api_put: GET runs/20260924_132330_fail_periodic.log -> 404
2026-09-24 13:23:32,786 - DEBUG - [global] _api_put: PUT runs/20260924_132330_fail_periodic.log -> 201 (6194 bytes)
2026-09-24 13:23:32,787 - DEBUG - [global] log_uploader: STEP 1 (window log) -> https://github.com/StarateJI/L2Mauto/blob/bot-logs/runs/20260924_132330_fail_periodic.log
2026-09-24 13:23:32,788 - DEBUG - [global] log_uploader: STEP 2 SKIP (no PNGs)
2026-09-24 13:23:33,656 - DEBUG - [global] _api_put: GET runs/20260924_132330_fail_global.log -> 404
2026-09-24 13:23:35,438 - DEBUG - [global] _api_put: PUT runs/20260924_132330_fail_global.log -> 201 (21277 bytes)
2026-09-24 13:23:35,439 - DEBUG - [global] log_uploader: STEP 3 (global log) -> https://github.com/StarateJI/L2Mauto/blob/bot-logs/runs/20260924_132330_fail_global.log
2026-09-24 13:23:35,440 - DEBUG - [global] log_uploader: END window=periodic
2026-09-24 13:23:35,440 - INFO - [global] LogUploader: upload_run_logs завершён
2026-09-24 13:28:35,623 - INFO - [global] LogUploader: запускаю upload_run_logs...
2026-09-24 13:28:35,623 - DEBUG - [global] log_uploader: START window=periodic made=-1 token=...Rjnfq
2026-09-24 13:28:36,465 - DEBUG - [global] _api_put: GET runs/20260924_132835_fail_periodic.log -> 404
2026-09-24 13:28:38,094 - DEBUG - [global] _api_put: PUT runs/20260924_132835_fail_periodic.log -> 201 (6194 bytes)
2026-09-24 13:28:38,097 - DEBUG - [global] log_uploader: STEP 1 (window log) -> https://github.com/StarateJI/L2Mauto/blob/bot-logs/runs/20260924_132835_fail_periodic.log
2026-09-24 13:28:38,097 - DEBUG - [global] log_uploader: STEP 2 SKIP (no PNGs)
2026-09-24 13:28:39,004 - DEBUG - [global] _api_put: GET runs/20260924_132835_fail_global.log -> 404
2026-09-24 13:28:40,560 - DEBUG - [global] _api_put: PUT runs/20260924_132835_fail_global.log -> 201 (21277 bytes)
2026-09-24 13:28:40,562 - DEBUG - [global] log_uploader: STEP 3 (global log) -> https://github.com/StarateJI/L2Mauto/blob/bot-logs/runs/20260924_132835_fail_global.log
2026-09-24 13:28:40,562 - DEBUG - [global] log_uploader: END window=periodic
2026-09-24 13:28:40,562 - INFO - [global] LogUploader: upload_run_logs завершён
2026-09-24 13:28:57,665 - INFO - [global] Проверяю обновы...
2026-09-24 13:28:58,538 - DEBUG - [global] needs_update: raw → 5.12.22
2026-09-24 13:28:59,413 - DEBUG - [global] needs_update: API → 5.12.22
2026-09-24 13:28:59,413 - DEBUG - [global] needs_update: лучший источник raw → 5.12.22 (из 2)
2026-09-24 13:28:59,415 - INFO - [global] needs_update: local=(5, 11, 77) remote=(5, 12, 22) -> has_update=True
2026-09-24 13:28:59,416 - INFO - [global] Доступна обнова! Спавню кнопку
2026-09-24 13:33:40,757 - INFO - [global] LogUploader: запускаю upload_run_logs...
2026-09-24 13:33:40,757 - DEBUG - [global] log_uploader: START window=periodic made=-1 token=...Rjnfq
2026-09-24 13:33:41,610 - DEBUG - [global] _api_put: GET runs/20260924_133340_fail_periodic.log -> 404
2026-09-24 13:33:43,222 - DEBUG - [global] _api_put: PUT runs/20260924_133340_fail_periodic.log -> 201 (6194 bytes)
2026-09-24 13:33:43,224 - DEBUG - [global] log_uploader: STEP 1 (window log) -> https://github.com/StarateJI/L2Mauto/blob/bot-logs/runs/20260924_133340_fail_periodic.log
2026-09-24 13:33:43,224 - DEBUG - [global] log_uploader: STEP 2 SKIP (no PNGs)
2026-09-24 13:33:44,083 - DEBUG - [global] _api_put: GET runs/20260924_133340_fail_global.log -> 404
2026-09-24 13:33:45,817 - DEBUG - [global] _api_put: PUT runs/20260924_133340_fail_global.log -> 201 (21277 bytes)
2026-09-24 13:33:45,819 - DEBUG - [global] log_uploader: STEP 3 (global log) -> https://github.com/StarateJI/L2Mauto/blob/bot-logs/runs/20260924_133340_fail_global.log
2026-09-24 13:33:45,819 - DEBUG - [global] log_uploader: END window=periodic
2026-09-24 13:33:45,819 - INFO - [global] LogUploader: upload_run_logs завершён
2026-09-24 13:38:45,981 - INFO - [global] LogUploader: запускаю upload_run_logs...
2026-09-24 13:38:45,983 - DEBUG - [global] log_uploader: START window=periodic made=-1 token=...Rjnfq
2026-09-24 13:38:46,862 - DEBUG - [global] _api_put: GET runs/20260924_133845_fail_periodic.log -> 404
2026-09-24 13:38:48,391 - DEBUG - [global] _api_put: PUT runs/20260924_133845_fail_periodic.log -> 201 (6194 bytes)
2026-09-24 13:38:48,393 - DEBUG - [global] log_uploader: STEP 1 (window log) -> https://github.com/StarateJI/L2Mauto/blob/bot-logs/runs/20260924_133845_fail_periodic.log
2026-09-24 13:38:48,395 - DEBUG - [global] log_uploader: STEP 2 SKIP (no PNGs)
2026-09-24 13:38:49,358 - DEBUG - [global] _api_put: GET runs/20260924_133845_fail_global.log -> 404
2026-09-24 13:38:51,097 - DEBUG - [global] _api_put: PUT runs/20260924_133845_fail_global.log -> 201 (21277 bytes)
2026-09-24 13:38:51,098 - DEBUG - [global] log_uploader: STEP 3 (global log) -> https://github.com/StarateJI/L2Mauto/blob/bot-logs/runs/20260924_133845_fail_global.log
2026-09-24 13:38:51,098 - DEBUG - [global] log_uploader: END window=periodic
2026-09-24 13:38:51,098 - INFO - [global] LogUploader: upload_run_logs завершён
2026-09-24 13:38:59,764 - INFO - [global] Проверяю обновы...
2026-09-24 13:39:00,438 - DEBUG - [global] needs_update: raw → 5.12.24
2026-09-24 13:39:01,308 - DEBUG - [global] needs_update: API → 5.12.24
2026-09-24 13:39:01,308 - DEBUG - [global] needs_update: лучший источник raw → 5.12.24 (из 2)
2026-09-24 13:39:01,311 - INFO - [global] needs_update: local=(5, 11, 77) remote=(5, 12, 24) -> has_update=True
2026-09-24 13:39:01,311 - INFO - [global] Доступна обнова! Спавню кнопку
2026-09-24 13:43:51,270 - INFO - [global] LogUploader: запускаю upload_run_logs...
2026-09-24 13:43:51,270 - DEBUG - [global] log_uploader: START window=periodic made=-1 token=...Rjnfq
2026-09-24 13:43:52,111 - DEBUG - [global] _api_put: GET runs/20260924_134351_fail_periodic.log -> 404
2026-09-24 13:43:53,811 - DEBUG - [global] _api_put: PUT runs/20260924_134351_fail_periodic.log -> 201 (6194 bytes)
2026-09-24 13:43:53,813 - DEBUG - [global] log_uploader: STEP 1 (window log) -> https://github.com/StarateJI/L2Mauto/blob/bot-logs/runs/20260924_134351_fail_periodic.log
2026-09-24 13:43:53,814 - DEBUG - [global] log_uploader: STEP 2 SKIP (no PNGs)
2026-09-24 13:43:54,694 - DEBUG - [global] _api_put: GET runs/20260924_134351_fail_global.log -> 404
2026-09-24 13:43:56,308 - DEBUG - [global] _api_put: PUT runs/20260924_134351_fail_global.log -> 201 (21277 bytes)
2026-09-24 13:43:56,311 - DEBUG - [global] log_uploader: STEP 3 (global log) -> https://github.com/StarateJI/L2Mauto/blob/bot-logs/runs/20260924_134351_fail_global.log
2026-09-24 13:43:56,311 - DEBUG - [global] log_uploader: END window=periodic
2026-09-24 13:43:56,311 - INFO - [global] LogUploader: upload_run_logs завершён
2026-09-24 13:48:56,482 - INFO - [global] LogUploader: запускаю upload_run_logs...
2026-09-24 13:48:56,482 - DEBUG - [global] log_uploader: START window=periodic made=-1 token=...Rjnfq
2026-09-24 13:48:57,363 - DEBUG - [global] _api_put: GET runs/20260924_134856_fail_periodic.log -> 404
2026-09-24 13:48:58,886 - DEBUG - [global] _api_put: PUT runs/20260924_134856_fail_periodic.log -> 201 (6194 bytes)
2026-09-24 13:48:58,887 - DEBUG - [global] log_uploader: STEP 1 (window log) -> https://github.com/StarateJI/L2Mauto/blob/bot-logs/runs/20260924_134856_fail_periodic.log
2026-09-24 13:48:58,887 - DEBUG - [global] log_uploader: STEP 2 SKIP (no PNGs)
2026-09-24 13:48:59,825 - DEBUG - [global] _api_put: GET runs/20260924_134856_fail_global.log -> 404
2026-09-24 13:49:01,612 - DEBUG - [global] _api_put: PUT runs/20260924_134856_fail_global.log -> 201 (21277 bytes)
2026-09-24 13:49:01,614 - DEBUG - [global] log_uploader: STEP 3 (global log) -> https://github.com/StarateJI/L2Mauto/blob/bot-logs/runs/20260924_134856_fail_global.log
2026-09-24 13:49:01,614 - DEBUG - [global] log_uploader: END window=periodic
2026-09-24 13:49:01,614 - INFO - [global] LogUploader: upload_run_logs завершён
2026-09-24 13:49:01,665 - INFO - [global] Проверяю обновы...
2026-09-24 13:49:02,322 - DEBUG - [global] needs_update: raw → 5.12.24
2026-09-24 13:49:03,175 - DEBUG - [global] needs_update: API → 5.12.24
2026-09-24 13:49:03,175 - DEBUG - [global] needs_update: лучший источник raw → 5.12.24 (из 2)
2026-09-24 13:49:03,176 - INFO - [global] needs_update: local=(5, 11, 77) remote=(5, 12, 24) -> has_update=True
2026-09-24 13:49:03,176 - INFO - [global] Доступна обнова! Спавню кнопку
2026-09-24 13:54:01,795 - INFO - [global] LogUploader: запускаю upload_run_logs...
2026-09-24 13:54:01,795 - DEBUG - [global] log_uploader: START window=periodic made=-1 token=...Rjnfq
2026-09-24 13:54:02,621 - DEBUG - [global] _api_put: GET runs/20260924_135401_fail_periodic.log -> 404
2026-09-24 13:54:04,117 - DEBUG - [global] _api_put: PUT runs/20260924_135401_fail_periodic.log -> 201 (6194 bytes)
2026-09-24 13:54:04,119 - DEBUG - [global] log_uploader: STEP 1 (window log) -> https://github.com/StarateJI/L2Mauto/blob/bot-logs/runs/20260924_135401_fail_periodic.log
2026-09-24 13:54:04,119 - DEBUG - [global] log_uploader: STEP 2 SKIP (no PNGs)
2026-09-24 13:54:05,001 - DEBUG - [global] _api_put: GET runs/20260924_135401_fail_global.log -> 404
2026-09-24 13:54:06,725 - DEBUG - [global] _api_put: PUT runs/20260924_135401_fail_global.log -> 201 (21277 bytes)
2026-09-24 13:54:06,727 - DEBUG - [global] log_uploader: STEP 3 (global log) -> https://github.com/StarateJI/L2Mauto/blob/bot-logs/runs/20260924_135401_fail_global.log
2026-09-24 13:54:06,727 - DEBUG - [global] log_uploader: END window=periodic
2026-09-24 13:54:06,727 - INFO - [global] LogUploader: upload_run_logs завершён
2026-09-24 13:59:03,534 - INFO - [global] Проверяю обновы...
2026-09-24 13:59:04,236 - DEBUG - [global] needs_update: raw → 5.12.26
2026-09-24 13:59:05,140 - DEBUG - [global] needs_update: API → 5.12.26
2026-09-24 13:59:05,140 - DEBUG - [global] needs_update: лучший источник raw → 5.12.26 (из 2)
2026-09-24 13:59:05,141 - INFO - [global] needs_update: local=(5, 11, 77) remote=(5, 12, 26) -> has_update=True
2026-09-24 13:59:05,141 - INFO - [global] Доступна обнова! Спавню кнопку
2026-09-24 13:59:06,902 - INFO - [global] LogUploader: запускаю upload_run_logs...
2026-09-24 13:59:06,902 - DEBUG - [global] log_uploader: START window=periodic made=-1 token=...Rjnfq
2026-09-24 13:59:07,741 - DEBUG - [global] _api_put: GET runs/20260924_135906_fail_periodic.log -> 404
2026-09-24 13:59:09,399 - DEBUG - [global] _api_put: PUT runs/20260924_135906_fail_periodic.log -> 201 (6194 bytes)
2026-09-24 13:59:09,401 - DEBUG - [global] log_uploader: STEP 1 (window log) -> https://github.com/StarateJI/L2Mauto/blob/bot-logs/runs/20260924_135906_fail_periodic.log
2026-09-24 13:59:09,402 - DEBUG - [global] log_uploader: STEP 2 SKIP (no PNGs)
2026-09-24 13:59:10,302 - DEBUG - [global] _api_put: GET runs/20260924_135906_fail_global.log -> 404
2026-09-24 13:59:12,073 - DEBUG - [global] _api_put: PUT runs/20260924_135906_fail_global.log -> 201 (21137 bytes)
2026-09-24 13:59:12,075 - DEBUG - [global] log_uploader: STEP 3 (global log) -> https://github.com/StarateJI/L2Mauto/blob/bot-logs/runs/20260924_135906_fail_global.log
2026-09-24 13:59:12,075 - DEBUG - [global] log_uploader: END window=periodic
2026-09-24 13:59:12,075 - INFO - [global] LogUploader: upload_run_logs завершён
2026-09-24 14:04:12,249 - INFO - [global] LogUploader: запускаю upload_run_logs...
2026-09-24 14:04:12,250 - DEBUG - [global] log_uploader: START window=periodic made=-1 token=...Rjnfq
2026-09-24 14:04:13,115 - DEBUG - [global] _api_put: GET runs/20260924_140412_fail_periodic.log -> 404
2026-09-24 14:04:14,631 - DEBUG - [global] _api_put: PUT runs/20260924_140412_fail_periodic.log -> 201 (6194 bytes)
2026-09-24 14:04:14,634 - DEBUG - [global] log_uploader: STEP 1 (window log) -> https://github.com/StarateJI/L2Mauto/blob/bot-logs/runs/20260924_140412_fail_periodic.log
2026-09-24 14:04:14,635 - DEBUG - [global] log_uploader: STEP 2 SKIP (no PNGs)
2026-09-24 14:04:15,529 - DEBUG - [global] _api_put: GET runs/20260924_140412_fail_global.log -> 404
2026-09-24 14:04:17,731 - DEBUG - [global] _api_put: PUT runs/20260924_140412_fail_global.log -> 201 (21277 bytes)
2026-09-24 14:04:17,733 - DEBUG - [global] log_uploader: STEP 3 (global log) -> https://github.com/StarateJI/L2Mauto/blob/bot-logs/runs/20260924_140412_fail_global.log
2026-09-24 14:04:17,733 - DEBUG - [global] log_uploader: END window=periodic
2026-09-24 14:04:17,733 - INFO - [global] LogUploader: upload_run_logs завершён
2026-09-24 14:09:05,473 - INFO - [global] Проверяю обновы...
2026-09-24 14:09:06,143 - DEBUG - [global] needs_update: raw → 5.12.27
2026-09-24 14:09:07,029 - DEBUG - [global] needs_update: API → 5.12.27
2026-09-24 14:09:07,029 - DEBUG - [global] needs_update: лучший источник raw → 5.12.27 (из 2)
2026-09-24 14:09:07,031 - INFO - [global] needs_update: local=(5, 11, 77) remote=(5, 12, 27) -> has_update=True
2026-09-24 14:09:07,031 - INFO - [global] Доступна обнова! Спавню кнопку
2026-09-24 14:09:17,899 - INFO - [global] LogUploader: запускаю upload_run_logs...
2026-09-24 14:09:17,900 - DEBUG - [global] log_uploader: START window=periodic made=-1 token=...Rjnfq
2026-09-24 14:09:18,751 - DEBUG - [global] _api_put: GET runs/20260924_140917_fail_periodic.log -> 404
2026-09-24 14:09:20,259 - DEBUG - [global] _api_put: PUT runs/20260924_140917_fail_periodic.log -> 201 (6194 bytes)
2026-09-24 14:09:20,262 - DEBUG - [global] log_uploader: STEP 1 (window log) -> https://github.com/StarateJI/L2Mauto/blob/bot-logs/runs/20260924_140917_fail_periodic.log
2026-09-24 14:09:20,262 - DEBUG - [global] log_uploader: STEP 2 SKIP (no PNGs)
