=== Log tail 2026-09-20T00:58:31.125913 | last 200 lines ===
2026-09-19 23:47:15,161 - DEBUG - [global] _api_put: GET runs/20260919_234714_fail_periodic.log -> 404
2026-09-19 23:47:16,608 - DEBUG - [global] _api_put: PUT runs/20260919_234714_fail_periodic.log -> 201 (8836 bytes)
2026-09-19 23:47:16,609 - DEBUG - [global] log_uploader: STEP 1 (window log) -> https://github.com/StarateJI/L2Mauto/blob/bot-logs/runs/20260919_234714_fail_periodic.log
2026-09-19 23:47:16,610 - DEBUG - [global] log_uploader: STEP 2 SKIP (no PNGs)
2026-09-19 23:47:17,587 - DEBUG - [global] _api_put: GET runs/20260919_234714_fail_global.log -> 404
2026-09-19 23:47:19,202 - DEBUG - [global] _api_put: PUT runs/20260919_234714_fail_global.log -> 201 (21337 bytes)
2026-09-19 23:47:19,204 - DEBUG - [global] log_uploader: STEP 3 (global log) -> https://github.com/StarateJI/L2Mauto/blob/bot-logs/runs/20260919_234714_fail_global.log
2026-09-19 23:47:19,204 - DEBUG - [global] log_uploader: END window=periodic
2026-09-19 23:47:19,204 - INFO - [global] LogUploader: upload_run_logs завершён
2026-09-19 23:51:18,946 - INFO - [global] Проверяю обновы...
2026-09-19 23:51:19,759 - DEBUG - [global] needs_update: raw → 5.11.51
2026-09-19 23:51:20,539 - DEBUG - [global] needs_update: jsdelivr → 5.11.19
2026-09-19 23:51:20,539 - DEBUG - [global] needs_update: лучший источник raw → 5.11.51 (из 2)
2026-09-19 23:51:20,540 - INFO - [global] needs_update: local=(5, 11, 49) remote=(5, 11, 51) -> has_update=True
2026-09-19 23:51:20,540 - INFO - [global] Доступна обнова! Спавню кнопку
2026-09-19 23:52:19,363 - INFO - [global] LogUploader: запускаю upload_run_logs...
2026-09-19 23:52:19,364 - DEBUG - [global] log_uploader: START window=periodic made=-1 token=...Rjnfq
2026-09-19 23:52:20,351 - DEBUG - [global] _api_put: GET runs/20260919_235219_fail_periodic.log -> 404
2026-09-19 23:52:21,846 - DEBUG - [global] _api_put: PUT runs/20260919_235219_fail_periodic.log -> 201 (8836 bytes)
2026-09-19 23:52:21,850 - DEBUG - [global] log_uploader: STEP 1 (window log) -> https://github.com/StarateJI/L2Mauto/blob/bot-logs/runs/20260919_235219_fail_periodic.log
2026-09-19 23:52:21,851 - DEBUG - [global] log_uploader: STEP 2 SKIP (no PNGs)
2026-09-19 23:52:22,819 - DEBUG - [global] _api_put: GET runs/20260919_235219_fail_global.log -> 404
2026-09-19 23:52:24,695 - DEBUG - [global] _api_put: PUT runs/20260919_235219_fail_global.log -> 201 (21262 bytes)
2026-09-19 23:52:24,697 - DEBUG - [global] log_uploader: STEP 3 (global log) -> https://github.com/StarateJI/L2Mauto/blob/bot-logs/runs/20260919_235219_fail_global.log
2026-09-19 23:52:24,697 - DEBUG - [global] log_uploader: END window=periodic
2026-09-19 23:52:24,697 - INFO - [global] LogUploader: upload_run_logs завершён
2026-09-19 23:57:24,861 - INFO - [global] LogUploader: запускаю upload_run_logs...
2026-09-19 23:57:24,862 - DEBUG - [global] log_uploader: START window=periodic made=-1 token=...Rjnfq
2026-09-19 23:57:25,812 - DEBUG - [global] _api_put: GET runs/20260919_235724_fail_periodic.log -> 404
2026-09-19 23:57:27,217 - DEBUG - [global] _api_put: PUT runs/20260919_235724_fail_periodic.log -> 201 (8836 bytes)
2026-09-19 23:57:27,220 - DEBUG - [global] log_uploader: STEP 1 (window log) -> https://github.com/StarateJI/L2Mauto/blob/bot-logs/runs/20260919_235724_fail_periodic.log
2026-09-19 23:57:27,221 - DEBUG - [global] log_uploader: STEP 2 SKIP (no PNGs)
2026-09-19 23:57:28,163 - DEBUG - [global] _api_put: GET runs/20260919_235724_fail_global.log -> 404
2026-09-19 23:57:29,742 - DEBUG - [global] _api_put: PUT runs/20260919_235724_fail_global.log -> 201 (21240 bytes)
2026-09-19 23:57:29,744 - DEBUG - [global] log_uploader: STEP 3 (global log) -> https://github.com/StarateJI/L2Mauto/blob/bot-logs/runs/20260919_235724_fail_global.log
2026-09-19 23:57:29,744 - DEBUG - [global] log_uploader: END window=periodic
2026-09-19 23:57:29,744 - INFO - [global] LogUploader: upload_run_logs завершён
2026-09-20 00:01:20,914 - INFO - [global] Проверяю обновы...
2026-09-20 00:01:21,635 - DEBUG - [global] needs_update: raw → 5.11.51
2026-09-20 00:01:22,406 - DEBUG - [global] needs_update: jsdelivr → 5.11.19
2026-09-20 00:01:22,406 - DEBUG - [global] needs_update: лучший источник raw → 5.11.51 (из 2)
2026-09-20 00:01:22,409 - INFO - [global] needs_update: local=(5, 11, 49) remote=(5, 11, 51) -> has_update=True
2026-09-20 00:01:22,409 - INFO - [global] Доступна обнова! Спавню кнопку
2026-09-20 00:02:29,953 - INFO - [global] LogUploader: запускаю upload_run_logs...
2026-09-20 00:02:29,955 - DEBUG - [global] log_uploader: START window=periodic made=-1 token=...Rjnfq
2026-09-20 00:02:30,926 - DEBUG - [global] _api_put: GET runs/20260920_000229_fail_periodic.log -> 404
2026-09-20 00:02:32,497 - DEBUG - [global] _api_put: PUT runs/20260920_000229_fail_periodic.log -> 201 (8836 bytes)
2026-09-20 00:02:32,500 - DEBUG - [global] log_uploader: STEP 1 (window log) -> https://github.com/StarateJI/L2Mauto/blob/bot-logs/runs/20260920_000229_fail_periodic.log
2026-09-20 00:02:32,500 - DEBUG - [global] log_uploader: STEP 2 SKIP (no PNGs)
2026-09-20 00:02:33,496 - DEBUG - [global] _api_put: GET runs/20260920_000229_fail_global.log -> 404
2026-09-20 00:02:35,013 - DEBUG - [global] _api_put: PUT runs/20260920_000229_fail_global.log -> 201 (21290 bytes)
2026-09-20 00:02:35,015 - DEBUG - [global] log_uploader: STEP 3 (global log) -> https://github.com/StarateJI/L2Mauto/blob/bot-logs/runs/20260920_000229_fail_global.log
2026-09-20 00:02:35,015 - DEBUG - [global] log_uploader: END window=periodic
2026-09-20 00:02:35,015 - INFO - [global] LogUploader: upload_run_logs завершён
2026-09-20 00:07:35,197 - INFO - [global] LogUploader: запускаю upload_run_logs...
2026-09-20 00:07:35,199 - DEBUG - [global] log_uploader: START window=periodic made=-1 token=...Rjnfq
2026-09-20 00:07:36,119 - DEBUG - [global] _api_put: GET runs/20260920_000735_fail_periodic.log -> 404
2026-09-20 00:07:37,620 - DEBUG - [global] _api_put: PUT runs/20260920_000735_fail_periodic.log -> 201 (8836 bytes)
2026-09-20 00:07:37,623 - DEBUG - [global] log_uploader: STEP 1 (window log) -> https://github.com/StarateJI/L2Mauto/blob/bot-logs/runs/20260920_000735_fail_periodic.log
2026-09-20 00:07:37,624 - DEBUG - [global] log_uploader: STEP 2 SKIP (no PNGs)
2026-09-20 00:07:38,574 - DEBUG - [global] _api_put: GET runs/20260920_000735_fail_global.log -> 404
2026-09-20 00:07:40,198 - DEBUG - [global] _api_put: PUT runs/20260920_000735_fail_global.log -> 201 (21312 bytes)
2026-09-20 00:07:40,199 - DEBUG - [global] log_uploader: STEP 3 (global log) -> https://github.com/StarateJI/L2Mauto/blob/bot-logs/runs/20260920_000735_fail_global.log
2026-09-20 00:07:40,199 - DEBUG - [global] log_uploader: END window=periodic
2026-09-20 00:07:40,199 - INFO - [global] LogUploader: upload_run_logs завершён
2026-09-20 00:11:22,764 - INFO - [global] Проверяю обновы...
2026-09-20 00:11:23,549 - DEBUG - [global] needs_update: raw → 5.11.51
2026-09-20 00:11:24,305 - DEBUG - [global] needs_update: jsdelivr → 5.11.29
2026-09-20 00:11:24,305 - DEBUG - [global] needs_update: лучший источник raw → 5.11.51 (из 2)
2026-09-20 00:11:24,306 - INFO - [global] needs_update: local=(5, 11, 49) remote=(5, 11, 51) -> has_update=True
2026-09-20 00:11:24,306 - INFO - [global] Доступна обнова! Спавню кнопку
2026-09-20 00:12:40,388 - INFO - [global] LogUploader: запускаю upload_run_logs...
2026-09-20 00:12:40,389 - DEBUG - [global] log_uploader: START window=periodic made=-1 token=...Rjnfq
2026-09-20 00:12:41,375 - DEBUG - [global] _api_put: GET runs/20260920_001240_fail_periodic.log -> 404
2026-09-20 00:12:42,838 - DEBUG - [global] _api_put: PUT runs/20260920_001240_fail_periodic.log -> 201 (8836 bytes)
2026-09-20 00:12:42,841 - DEBUG - [global] log_uploader: STEP 1 (window log) -> https://github.com/StarateJI/L2Mauto/blob/bot-logs/runs/20260920_001240_fail_periodic.log
2026-09-20 00:12:42,841 - DEBUG - [global] log_uploader: STEP 2 SKIP (no PNGs)
2026-09-20 00:12:43,823 - DEBUG - [global] _api_put: GET runs/20260920_001240_fail_global.log -> 404
2026-09-20 00:12:45,717 - DEBUG - [global] _api_put: PUT runs/20260920_001240_fail_global.log -> 201 (21312 bytes)
2026-09-20 00:12:45,720 - DEBUG - [global] log_uploader: STEP 3 (global log) -> https://github.com/StarateJI/L2Mauto/blob/bot-logs/runs/20260920_001240_fail_global.log
2026-09-20 00:12:45,720 - DEBUG - [global] log_uploader: END window=periodic
2026-09-20 00:12:45,720 - INFO - [global] LogUploader: upload_run_logs завершён
2026-09-20 00:17:45,896 - INFO - [global] LogUploader: запускаю upload_run_logs...
2026-09-20 00:17:45,897 - DEBUG - [global] log_uploader: START window=periodic made=-1 token=...Rjnfq
2026-09-20 00:17:46,831 - DEBUG - [global] _api_put: GET runs/20260920_001745_fail_periodic.log -> 404
2026-09-20 00:17:48,524 - DEBUG - [global] _api_put: PUT runs/20260920_001745_fail_periodic.log -> 201 (8836 bytes)
2026-09-20 00:17:48,526 - DEBUG - [global] log_uploader: STEP 1 (window log) -> https://github.com/StarateJI/L2Mauto/blob/bot-logs/runs/20260920_001745_fail_periodic.log
2026-09-20 00:17:48,527 - DEBUG - [global] log_uploader: STEP 2 SKIP (no PNGs)
2026-09-20 00:17:49,476 - DEBUG - [global] _api_put: GET runs/20260920_001745_fail_global.log -> 404
2026-09-20 00:17:51,114 - DEBUG - [global] _api_put: PUT runs/20260920_001745_fail_global.log -> 201 (21312 bytes)
2026-09-20 00:17:51,117 - DEBUG - [global] log_uploader: STEP 3 (global log) -> https://github.com/StarateJI/L2Mauto/blob/bot-logs/runs/20260920_001745_fail_global.log
2026-09-20 00:17:51,117 - DEBUG - [global] log_uploader: END window=periodic
2026-09-20 00:17:51,117 - INFO - [global] LogUploader: upload_run_logs завершён
2026-09-20 00:21:24,654 - INFO - [global] Проверяю обновы...
2026-09-20 00:21:25,444 - DEBUG - [global] needs_update: raw → 5.11.51
2026-09-20 00:21:26,229 - DEBUG - [global] needs_update: jsdelivr → 5.11.29
2026-09-20 00:21:26,229 - DEBUG - [global] needs_update: лучший источник raw → 5.11.51 (из 2)
2026-09-20 00:21:26,232 - INFO - [global] needs_update: local=(5, 11, 49) remote=(5, 11, 51) -> has_update=True
2026-09-20 00:21:26,232 - INFO - [global] Доступна обнова! Спавню кнопку
2026-09-20 00:22:51,290 - INFO - [global] LogUploader: запускаю upload_run_logs...
2026-09-20 00:22:51,291 - DEBUG - [global] log_uploader: START window=periodic made=-1 token=...Rjnfq
2026-09-20 00:22:52,215 - DEBUG - [global] _api_put: GET runs/20260920_002251_fail_periodic.log -> 404
2026-09-20 00:22:53,634 - DEBUG - [global] _api_put: PUT runs/20260920_002251_fail_periodic.log -> 201 (8836 bytes)
2026-09-20 00:22:53,636 - DEBUG - [global] log_uploader: STEP 1 (window log) -> https://github.com/StarateJI/L2Mauto/blob/bot-logs/runs/20260920_002251_fail_periodic.log
2026-09-20 00:22:53,637 - DEBUG - [global] log_uploader: STEP 2 SKIP (no PNGs)
2026-09-20 00:22:54,788 - DEBUG - [global] _api_put: GET runs/20260920_002251_fail_global.log -> 404
2026-09-20 00:22:56,398 - DEBUG - [global] _api_put: PUT runs/20260920_002251_fail_global.log -> 201 (21312 bytes)
2026-09-20 00:22:56,399 - DEBUG - [global] log_uploader: STEP 3 (global log) -> https://github.com/StarateJI/L2Mauto/blob/bot-logs/runs/20260920_002251_fail_global.log
2026-09-20 00:22:56,399 - DEBUG - [global] log_uploader: END window=periodic
2026-09-20 00:22:56,400 - INFO - [global] LogUploader: upload_run_logs завершён
2026-09-20 00:27:56,566 - INFO - [global] LogUploader: запускаю upload_run_logs...
2026-09-20 00:27:56,568 - DEBUG - [global] log_uploader: START window=periodic made=-1 token=...Rjnfq
2026-09-20 00:27:57,450 - DEBUG - [global] _api_put: GET runs/20260920_002756_fail_periodic.log -> 404
2026-09-20 00:27:59,104 - DEBUG - [global] _api_put: PUT runs/20260920_002756_fail_periodic.log -> 201 (8836 bytes)
2026-09-20 00:27:59,106 - DEBUG - [global] log_uploader: STEP 1 (window log) -> https://github.com/StarateJI/L2Mauto/blob/bot-logs/runs/20260920_002756_fail_periodic.log
2026-09-20 00:27:59,106 - DEBUG - [global] log_uploader: STEP 2 SKIP (no PNGs)
2026-09-20 00:28:00,073 - DEBUG - [global] _api_put: GET runs/20260920_002756_fail_global.log -> 404
2026-09-20 00:28:01,711 - DEBUG - [global] _api_put: PUT runs/20260920_002756_fail_global.log -> 201 (21312 bytes)
2026-09-20 00:28:01,714 - DEBUG - [global] log_uploader: STEP 3 (global log) -> https://github.com/StarateJI/L2Mauto/blob/bot-logs/runs/20260920_002756_fail_global.log
2026-09-20 00:28:01,714 - DEBUG - [global] log_uploader: END window=periodic
2026-09-20 00:28:01,714 - INFO - [global] LogUploader: upload_run_logs завершён
2026-09-20 00:31:26,573 - INFO - [global] Проверяю обновы...
2026-09-20 00:31:27,350 - DEBUG - [global] needs_update: raw → 5.11.51
2026-09-20 00:31:28,151 - DEBUG - [global] needs_update: jsdelivr → 5.11.51
2026-09-20 00:31:28,151 - DEBUG - [global] needs_update: лучший источник raw → 5.11.51 (из 2)
2026-09-20 00:31:28,153 - INFO - [global] needs_update: local=(5, 11, 49) remote=(5, 11, 51) -> has_update=True
2026-09-20 00:31:28,154 - INFO - [global] Доступна обнова! Спавню кнопку
2026-09-20 00:33:01,888 - INFO - [global] LogUploader: запускаю upload_run_logs...
2026-09-20 00:33:01,889 - DEBUG - [global] log_uploader: START window=periodic made=-1 token=...Rjnfq
2026-09-20 00:33:02,853 - DEBUG - [global] _api_put: GET runs/20260920_003301_fail_periodic.log -> 404
2026-09-20 00:33:04,976 - DEBUG - [global] _api_put: PUT runs/20260920_003301_fail_periodic.log -> 201 (8836 bytes)
2026-09-20 00:33:04,979 - DEBUG - [global] log_uploader: STEP 1 (window log) -> https://github.com/StarateJI/L2Mauto/blob/bot-logs/runs/20260920_003301_fail_periodic.log
2026-09-20 00:33:04,980 - DEBUG - [global] log_uploader: STEP 2 SKIP (no PNGs)
2026-09-20 00:33:05,982 - DEBUG - [global] _api_put: GET runs/20260920_003301_fail_global.log -> 404
2026-09-20 00:33:07,720 - DEBUG - [global] _api_put: PUT runs/20260920_003301_fail_global.log -> 201 (21312 bytes)
2026-09-20 00:33:07,722 - DEBUG - [global] log_uploader: STEP 3 (global log) -> https://github.com/StarateJI/L2Mauto/blob/bot-logs/runs/20260920_003301_fail_global.log
2026-09-20 00:33:07,723 - DEBUG - [global] log_uploader: END window=periodic
2026-09-20 00:33:07,723 - INFO - [global] LogUploader: upload_run_logs завершён
2026-09-20 00:38:07,890 - INFO - [global] LogUploader: запускаю upload_run_logs...
2026-09-20 00:38:07,891 - DEBUG - [global] log_uploader: START window=periodic made=-1 token=...Rjnfq
2026-09-20 00:38:08,964 - DEBUG - [global] _api_put: GET runs/20260920_003807_fail_periodic.log -> 404
2026-09-20 00:38:10,475 - DEBUG - [global] _api_put: PUT runs/20260920_003807_fail_periodic.log -> 201 (8836 bytes)
2026-09-20 00:38:10,476 - DEBUG - [global] log_uploader: STEP 1 (window log) -> https://github.com/StarateJI/L2Mauto/blob/bot-logs/runs/20260920_003807_fail_periodic.log
2026-09-20 00:38:10,477 - DEBUG - [global] log_uploader: STEP 2 SKIP (no PNGs)
2026-09-20 00:38:11,405 - DEBUG - [global] _api_put: GET runs/20260920_003807_fail_global.log -> 404
2026-09-20 00:38:13,093 - DEBUG - [global] _api_put: PUT runs/20260920_003807_fail_global.log -> 201 (21312 bytes)
2026-09-20 00:38:13,094 - DEBUG - [global] log_uploader: STEP 3 (global log) -> https://github.com/StarateJI/L2Mauto/blob/bot-logs/runs/20260920_003807_fail_global.log
2026-09-20 00:38:13,094 - DEBUG - [global] log_uploader: END window=periodic
2026-09-20 00:38:13,095 - INFO - [global] LogUploader: upload_run_logs завершён
2026-09-20 00:41:28,504 - INFO - [global] Проверяю обновы...
2026-09-20 00:41:29,238 - DEBUG - [global] needs_update: raw → 5.11.51
2026-09-20 00:41:30,000 - DEBUG - [global] needs_update: jsdelivr → 5.11.29
2026-09-20 00:41:30,000 - DEBUG - [global] needs_update: лучший источник raw → 5.11.51 (из 2)
2026-09-20 00:41:30,002 - INFO - [global] needs_update: local=(5, 11, 49) remote=(5, 11, 51) -> has_update=True
2026-09-20 00:41:30,002 - INFO - [global] Доступна обнова! Спавню кнопку
2026-09-20 00:43:13,255 - INFO - [global] LogUploader: запускаю upload_run_logs...
2026-09-20 00:43:13,256 - DEBUG - [global] log_uploader: START window=periodic made=-1 token=...Rjnfq
2026-09-20 00:43:14,177 - DEBUG - [global] _api_put: GET runs/20260920_004313_fail_periodic.log -> 404
2026-09-20 00:43:15,617 - DEBUG - [global] _api_put: PUT runs/20260920_004313_fail_periodic.log -> 201 (8836 bytes)
2026-09-20 00:43:15,619 - DEBUG - [global] log_uploader: STEP 1 (window log) -> https://github.com/StarateJI/L2Mauto/blob/bot-logs/runs/20260920_004313_fail_periodic.log
2026-09-20 00:43:15,620 - DEBUG - [global] log_uploader: STEP 2 SKIP (no PNGs)
2026-09-20 00:43:16,581 - DEBUG - [global] _api_put: GET runs/20260920_004313_fail_global.log -> 404
2026-09-20 00:43:18,095 - DEBUG - [global] _api_put: PUT runs/20260920_004313_fail_global.log -> 201 (21312 bytes)
2026-09-20 00:43:18,097 - DEBUG - [global] log_uploader: STEP 3 (global log) -> https://github.com/StarateJI/L2Mauto/blob/bot-logs/runs/20260920_004313_fail_global.log
2026-09-20 00:43:18,097 - DEBUG - [global] log_uploader: END window=periodic
2026-09-20 00:43:18,097 - INFO - [global] LogUploader: upload_run_logs завершён
2026-09-20 00:48:18,272 - INFO - [global] LogUploader: запускаю upload_run_logs...
2026-09-20 00:48:18,274 - DEBUG - [global] log_uploader: START window=periodic made=-1 token=...Rjnfq
2026-09-20 00:48:19,191 - DEBUG - [global] _api_put: GET runs/20260920_004818_fail_periodic.log -> 404
2026-09-20 00:48:20,650 - DEBUG - [global] _api_put: PUT runs/20260920_004818_fail_periodic.log -> 201 (8836 bytes)
2026-09-20 00:48:20,652 - DEBUG - [global] log_uploader: STEP 1 (window log) -> https://github.com/StarateJI/L2Mauto/blob/bot-logs/runs/20260920_004818_fail_periodic.log
2026-09-20 00:48:20,653 - DEBUG - [global] log_uploader: STEP 2 SKIP (no PNGs)
2026-09-20 00:48:21,610 - DEBUG - [global] _api_put: GET runs/20260920_004818_fail_global.log -> 404
2026-09-20 00:48:23,320 - DEBUG - [global] _api_put: PUT runs/20260920_004818_fail_global.log -> 201 (21312 bytes)
2026-09-20 00:48:23,322 - DEBUG - [global] log_uploader: STEP 3 (global log) -> https://github.com/StarateJI/L2Mauto/blob/bot-logs/runs/20260920_004818_fail_global.log
2026-09-20 00:48:23,322 - DEBUG - [global] log_uploader: END window=periodic
2026-09-20 00:48:23,322 - INFO - [global] LogUploader: upload_run_logs завершён
2026-09-20 00:51:30,351 - INFO - [global] Проверяю обновы...
2026-09-20 00:51:31,131 - DEBUG - [global] needs_update: raw → 5.11.51
2026-09-20 00:51:31,873 - DEBUG - [global] needs_update: jsdelivr → 5.11.29
2026-09-20 00:51:31,873 - DEBUG - [global] needs_update: лучший источник raw → 5.11.51 (из 2)
2026-09-20 00:51:31,876 - INFO - [global] needs_update: local=(5, 11, 49) remote=(5, 11, 51) -> has_update=True
2026-09-20 00:51:31,876 - INFO - [global] Доступна обнова! Спавню кнопку
2026-09-20 00:53:23,492 - INFO - [global] LogUploader: запускаю upload_run_logs...
2026-09-20 00:53:23,493 - DEBUG - [global] log_uploader: START window=periodic made=-1 token=...Rjnfq
2026-09-20 00:53:24,398 - DEBUG - [global] _api_put: GET runs/20260920_005323_fail_periodic.log -> 404
2026-09-20 00:53:25,907 - DEBUG - [global] _api_put: PUT runs/20260920_005323_fail_periodic.log -> 201 (8836 bytes)
2026-09-20 00:53:25,909 - DEBUG - [global] log_uploader: STEP 1 (window log) -> https://github.com/StarateJI/L2Mauto/blob/bot-logs/runs/20260920_005323_fail_periodic.log
2026-09-20 00:53:25,910 - DEBUG - [global] log_uploader: STEP 2 SKIP (no PNGs)
2026-09-20 00:53:26,867 - DEBUG - [global] _api_put: GET runs/20260920_005323_fail_global.log -> 404
2026-09-20 00:53:28,448 - DEBUG - [global] _api_put: PUT runs/20260920_005323_fail_global.log -> 201 (21312 bytes)
2026-09-20 00:53:28,450 - DEBUG - [global] log_uploader: STEP 3 (global log) -> https://github.com/StarateJI/L2Mauto/blob/bot-logs/runs/20260920_005323_fail_global.log
2026-09-20 00:53:28,450 - DEBUG - [global] log_uploader: END window=periodic
2026-09-20 00:53:28,450 - INFO - [global] LogUploader: upload_run_logs завершён
2026-09-20 00:58:28,618 - INFO - [global] LogUploader: запускаю upload_run_logs...
2026-09-20 00:58:28,619 - DEBUG - [global] log_uploader: START window=periodic made=-1 token=...Rjnfq
2026-09-20 00:58:29,566 - DEBUG - [global] _api_put: GET runs/20260920_005828_fail_periodic.log -> 404
2026-09-20 00:58:31,070 - DEBUG - [global] _api_put: PUT runs/20260920_005828_fail_periodic.log -> 201 (8836 bytes)
2026-09-20 00:58:31,072 - DEBUG - [global] log_uploader: STEP 1 (window log) -> https://github.com/StarateJI/L2Mauto/blob/bot-logs/runs/20260920_005828_fail_periodic.log
2026-09-20 00:58:31,073 - DEBUG - [global] log_uploader: STEP 2 SKIP (no PNGs)
