=== Log tail 2026-10-04T10:32:53.731379 | last 200 lines ===
2026-10-04 10:24:02,327 - DEBUG - [global] log_uploader: START window=periodic made=-1 token=...Rjnfq
2026-10-04 10:24:03,325 - DEBUG - [global] _api_put: GET runs/20261004_102402_fail_periodic.log -> 404
2026-10-04 10:24:05,322 - DEBUG - [global] _api_put: PUT runs/20261004_102402_fail_periodic.log -> 201 (14081 bytes)
2026-10-04 10:24:05,325 - DEBUG - [global] log_uploader: STEP 1 (window log) -> https://github.com/StarateJI/L2Mauto/blob/bot-logs/runs/20261004_102402_fail_periodic.log
2026-10-04 10:24:05,326 - DEBUG - [global] log_uploader: STEP 2 SKIP (no PNGs)
2026-10-04 10:24:06,550 - DEBUG - [global] _api_put: GET runs/20261004_102402_fail_global.log -> 404
2026-10-04 10:24:08,628 - DEBUG - [global] _api_put: PUT runs/20261004_102402_fail_global.log -> 409 (20019 bytes)
2026-10-04 10:24:08,628 - WARNING - [global] _api_put: PUT failed body: {"message":"is at 28f509e542c60d654b396496ba426cbf55cc9fec but expected bf31e846814dcc89c34fd5b58583a2d306a13844","documentation_url":"https://docs.github.com/rest/repos/contents#create-or-update-file
2026-10-04 10:24:08,630 - DEBUG - [global] log_uploader: STEP 3 (global log) -> FAILED
2026-10-04 10:24:08,631 - DEBUG - [global] log_uploader: END window=periodic
2026-10-04 10:24:08,631 - INFO - [global] LogUploader: upload_run_logs завершён
2026-10-04 10:24:22,549 - INFO - [global] Проверяю обновы...
2026-10-04 10:24:23,475 - DEBUG - [global] needs_update: raw → 5.13.09
2026-10-04 10:24:23,616 - DEBUG - [global] needs_update: API → 5.13.09
2026-10-04 10:24:23,616 - DEBUG - [global] needs_update: лучший источник raw → 5.13.09 (из 2)
2026-10-04 10:24:23,616 - INFO - [global] needs_update: local=(5, 13, 7) remote=(5, 13, 9) -> has_update=True
2026-10-04 10:24:23,616 - INFO - [global] Доступна обнова! Спавню кнопку
2026-10-04 10:24:53,636 - INFO - [global] Проверяю обновы...
2026-10-04 10:24:54,498 - DEBUG - [global] needs_update: raw → 5.13.09
2026-10-04 10:24:54,669 - DEBUG - [global] needs_update: API → 5.13.09
2026-10-04 10:24:54,669 - DEBUG - [global] needs_update: лучший источник raw → 5.13.09 (из 2)
2026-10-04 10:24:54,669 - INFO - [global] needs_update: local=(5, 13, 7) remote=(5, 13, 9) -> has_update=True
2026-10-04 10:24:54,669 - INFO - [global] Доступна обнова! Спавню кнопку
2026-10-04 10:25:08,666 - INFO - [global] LogUploader: запускаю upload_run_logs...
2026-10-04 10:25:08,667 - DEBUG - [global] log_uploader: START window=periodic made=-1 token=...Rjnfq
2026-10-04 10:25:09,587 - DEBUG - [global] _api_put: GET runs/20261004_102508_fail_periodic.log -> 404
2026-10-04 10:25:11,530 - DEBUG - [global] _api_put: PUT runs/20261004_102508_fail_periodic.log -> 201 (14081 bytes)
2026-10-04 10:25:11,532 - DEBUG - [global] log_uploader: STEP 1 (window log) -> https://github.com/StarateJI/L2Mauto/blob/bot-logs/runs/20261004_102508_fail_periodic.log
2026-10-04 10:25:11,533 - DEBUG - [global] log_uploader: STEP 2 SKIP (no PNGs)
2026-10-04 10:25:12,551 - DEBUG - [global] _api_put: GET runs/20261004_102508_fail_global.log -> 404
2026-10-04 10:25:14,416 - DEBUG - [global] _api_put: PUT runs/20261004_102508_fail_global.log -> 409 (20138 bytes)
2026-10-04 10:25:14,416 - WARNING - [global] _api_put: PUT failed body: {"message":"is at 21a817ac6144a87c2edea9cd356c331d7c7a5325 but expected 5d83d6267ce3babb091101183ac4f4454c5252e7","documentation_url":"https://docs.github.com/rest/repos/contents#create-or-update-file
2026-10-04 10:25:14,418 - DEBUG - [global] log_uploader: STEP 3 (global log) -> FAILED
2026-10-04 10:25:14,418 - DEBUG - [global] log_uploader: END window=periodic
2026-10-04 10:25:14,418 - INFO - [global] LogUploader: upload_run_logs завершён
2026-10-04 10:25:24,687 - INFO - [global] Проверяю обновы...
2026-10-04 10:25:25,597 - DEBUG - [global] needs_update: raw → 5.13.09
2026-10-04 10:25:25,723 - DEBUG - [global] needs_update: API → 5.13.09
2026-10-04 10:25:25,723 - DEBUG - [global] needs_update: лучший источник raw → 5.13.09 (из 2)
2026-10-04 10:25:25,723 - INFO - [global] needs_update: local=(5, 13, 7) remote=(5, 13, 9) -> has_update=True
2026-10-04 10:25:25,723 - INFO - [global] Доступна обнова! Спавню кнопку
2026-10-04 10:25:55,741 - INFO - [global] Проверяю обновы...
2026-10-04 10:25:56,627 - DEBUG - [global] needs_update: raw → 5.13.09
2026-10-04 10:25:56,805 - DEBUG - [global] needs_update: API → 5.13.09
2026-10-04 10:25:56,805 - DEBUG - [global] needs_update: лучший источник raw → 5.13.09 (из 2)
2026-10-04 10:25:56,806 - INFO - [global] needs_update: local=(5, 13, 7) remote=(5, 13, 9) -> has_update=True
2026-10-04 10:25:56,806 - INFO - [global] Доступна обнова! Спавню кнопку
2026-10-04 10:26:14,447 - INFO - [global] LogUploader: запускаю upload_run_logs...
2026-10-04 10:26:14,450 - DEBUG - [global] log_uploader: START window=periodic made=-1 token=...Rjnfq
2026-10-04 10:26:15,420 - DEBUG - [global] _api_put: GET runs/20261004_102614_fail_periodic.log -> 404
2026-10-04 10:26:17,273 - DEBUG - [global] _api_put: PUT runs/20261004_102614_fail_periodic.log -> 201 (14081 bytes)
2026-10-04 10:26:17,275 - DEBUG - [global] log_uploader: STEP 1 (window log) -> https://github.com/StarateJI/L2Mauto/blob/bot-logs/runs/20261004_102614_fail_periodic.log
2026-10-04 10:26:17,276 - DEBUG - [global] log_uploader: STEP 2 SKIP (no PNGs)
2026-10-04 10:26:18,313 - DEBUG - [global] _api_put: GET runs/20261004_102614_fail_global.log -> 404
2026-10-04 10:26:20,171 - DEBUG - [global] _api_put: PUT runs/20261004_102614_fail_global.log -> 409 (20218 bytes)
2026-10-04 10:26:20,172 - WARNING - [global] _api_put: PUT failed body: {"message":"is at 4b4d85dddac6a1a8d3c2959f7a77019b9652d7d1 but expected c03b0f43f37b3c0b1d5a212930599f0762c47ef4","documentation_url":"https://docs.github.com/rest/repos/contents#create-or-update-file
2026-10-04 10:26:20,174 - DEBUG - [global] log_uploader: STEP 3 (global log) -> FAILED
2026-10-04 10:26:20,174 - DEBUG - [global] log_uploader: END window=periodic
2026-10-04 10:26:20,174 - INFO - [global] LogUploader: upload_run_logs завершён
2026-10-04 10:26:26,820 - INFO - [global] Проверяю обновы...
2026-10-04 10:26:27,725 - DEBUG - [global] needs_update: raw → 5.13.09
2026-10-04 10:26:27,833 - DEBUG - [global] needs_update: API → 5.13.09
2026-10-04 10:26:27,833 - DEBUG - [global] needs_update: лучший источник raw → 5.13.09 (из 2)
2026-10-04 10:26:27,835 - INFO - [global] needs_update: local=(5, 13, 7) remote=(5, 13, 9) -> has_update=True
2026-10-04 10:26:27,835 - INFO - [global] Доступна обнова! Спавню кнопку
2026-10-04 10:26:57,855 - INFO - [global] Проверяю обновы...
2026-10-04 10:26:58,757 - DEBUG - [global] needs_update: raw → 5.13.09
2026-10-04 10:26:58,909 - DEBUG - [global] needs_update: API → 5.13.09
2026-10-04 10:26:58,909 - DEBUG - [global] needs_update: лучший источник raw → 5.13.09 (из 2)
2026-10-04 10:26:58,909 - INFO - [global] needs_update: local=(5, 13, 7) remote=(5, 13, 9) -> has_update=True
2026-10-04 10:26:58,909 - INFO - [global] Доступна обнова! Спавню кнопку
2026-10-04 10:27:20,206 - INFO - [global] LogUploader: запускаю upload_run_logs...
2026-10-04 10:27:20,208 - DEBUG - [global] log_uploader: START window=periodic made=-1 token=...Rjnfq
2026-10-04 10:27:21,199 - DEBUG - [global] _api_put: GET runs/20261004_102720_fail_periodic.log -> 404
2026-10-04 10:27:23,075 - DEBUG - [global] _api_put: PUT runs/20261004_102720_fail_periodic.log -> 201 (14081 bytes)
2026-10-04 10:27:23,077 - DEBUG - [global] log_uploader: STEP 1 (window log) -> https://github.com/StarateJI/L2Mauto/blob/bot-logs/runs/20261004_102720_fail_periodic.log
2026-10-04 10:27:23,077 - DEBUG - [global] log_uploader: STEP 2 SKIP (no PNGs)
2026-10-04 10:27:24,081 - DEBUG - [global] _api_put: GET runs/20261004_102720_fail_global.log -> 404
2026-10-04 10:27:25,944 - DEBUG - [global] _api_put: PUT runs/20261004_102720_fail_global.log -> 409 (20300 bytes)
2026-10-04 10:27:25,945 - WARNING - [global] _api_put: PUT failed body: {"message":"is at 9f35b10e50453bef9ce5966e29afe6b8fbab34e4 but expected abb06e378367fec07171db08d62752354ea3d62a","documentation_url":"https://docs.github.com/rest/repos/contents#create-or-update-file
2026-10-04 10:27:25,946 - DEBUG - [global] log_uploader: STEP 3 (global log) -> FAILED
2026-10-04 10:27:25,946 - DEBUG - [global] log_uploader: END window=periodic
2026-10-04 10:27:25,947 - INFO - [global] LogUploader: upload_run_logs завершён
2026-10-04 10:27:28,925 - INFO - [global] Проверяю обновы...
2026-10-04 10:27:29,850 - DEBUG - [global] needs_update: raw → 5.13.09
2026-10-04 10:27:30,059 - DEBUG - [global] needs_update: API → 5.13.09
2026-10-04 10:27:30,059 - DEBUG - [global] needs_update: лучший источник raw → 5.13.09 (из 2)
2026-10-04 10:27:30,059 - INFO - [global] needs_update: local=(5, 13, 7) remote=(5, 13, 9) -> has_update=True
2026-10-04 10:27:30,059 - INFO - [global] Доступна обнова! Спавню кнопку
2026-10-04 10:28:00,075 - INFO - [global] Проверяю обновы...
2026-10-04 10:28:00,960 - DEBUG - [global] needs_update: raw → 5.13.09
2026-10-04 10:28:01,120 - DEBUG - [global] needs_update: API → 5.13.09
2026-10-04 10:28:01,120 - DEBUG - [global] needs_update: лучший источник raw → 5.13.09 (из 2)
2026-10-04 10:28:01,120 - INFO - [global] needs_update: local=(5, 13, 7) remote=(5, 13, 9) -> has_update=True
2026-10-04 10:28:01,120 - INFO - [global] Доступна обнова! Спавню кнопку
2026-10-04 10:28:25,981 - INFO - [global] LogUploader: запускаю upload_run_logs...
2026-10-04 10:28:25,982 - DEBUG - [global] log_uploader: START window=periodic made=-1 token=...Rjnfq
2026-10-04 10:28:26,913 - DEBUG - [global] _api_put: GET runs/20261004_102825_fail_periodic.log -> 404
2026-10-04 10:28:29,202 - DEBUG - [global] _api_put: PUT runs/20261004_102825_fail_periodic.log -> 201 (14081 bytes)
2026-10-04 10:28:29,203 - DEBUG - [global] log_uploader: STEP 1 (window log) -> https://github.com/StarateJI/L2Mauto/blob/bot-logs/runs/20261004_102825_fail_periodic.log
2026-10-04 10:28:29,203 - DEBUG - [global] log_uploader: STEP 2 SKIP (no PNGs)
2026-10-04 10:28:30,228 - DEBUG - [global] _api_put: GET runs/20261004_102825_fail_global.log -> 404
2026-10-04 10:28:31,143 - INFO - [global] Проверяю обновы...
2026-10-04 10:28:32,008 - DEBUG - [global] needs_update: raw → 5.13.09
2026-10-04 10:28:32,139 - DEBUG - [global] _api_put: PUT runs/20261004_102825_fail_global.log -> 409 (20393 bytes)
2026-10-04 10:28:32,139 - WARNING - [global] _api_put: PUT failed body: {"message":"is at 9038d731cbcbb7964f7213baea1a2de116ff562c but expected 75cb5066bf9d1e22ef99be2db236f143512dabce","documentation_url":"https://docs.github.com/rest/repos/contents#create-or-update-file
2026-10-04 10:28:32,141 - DEBUG - [global] log_uploader: STEP 3 (global log) -> FAILED
2026-10-04 10:28:32,141 - DEBUG - [global] log_uploader: END window=periodic
2026-10-04 10:28:32,141 - INFO - [global] LogUploader: upload_run_logs завершён
2026-10-04 10:28:32,164 - DEBUG - [global] needs_update: API → 5.13.09
2026-10-04 10:28:32,164 - DEBUG - [global] needs_update: лучший источник raw → 5.13.09 (из 2)
2026-10-04 10:28:32,164 - INFO - [global] needs_update: local=(5, 13, 7) remote=(5, 13, 9) -> has_update=True
2026-10-04 10:28:32,164 - INFO - [global] Доступна обнова! Спавню кнопку
2026-10-04 10:29:02,183 - INFO - [global] Проверяю обновы...
2026-10-04 10:29:03,076 - DEBUG - [global] needs_update: raw → 5.13.09
2026-10-04 10:29:03,284 - DEBUG - [global] needs_update: API → 5.13.09
2026-10-04 10:29:03,284 - DEBUG - [global] needs_update: лучший источник raw → 5.13.09 (из 2)
2026-10-04 10:29:03,285 - INFO - [global] needs_update: local=(5, 13, 7) remote=(5, 13, 9) -> has_update=True
2026-10-04 10:29:03,285 - INFO - [global] Доступна обнова! Спавню кнопку
2026-10-04 10:29:32,172 - INFO - [global] LogUploader: запускаю upload_run_logs...
2026-10-04 10:29:32,173 - DEBUG - [global] log_uploader: START window=periodic made=-1 token=...Rjnfq
2026-10-04 10:29:33,115 - DEBUG - [global] _api_put: GET runs/20261004_102932_fail_periodic.log -> 404
2026-10-04 10:29:33,304 - INFO - [global] Проверяю обновы...
2026-10-04 10:29:34,264 - DEBUG - [global] needs_update: raw → 5.13.09
2026-10-04 10:29:34,447 - DEBUG - [global] needs_update: API → 5.13.09
2026-10-04 10:29:34,447 - DEBUG - [global] needs_update: лучший источник raw → 5.13.09 (из 2)
2026-10-04 10:29:34,447 - INFO - [global] needs_update: local=(5, 13, 7) remote=(5, 13, 9) -> has_update=True
2026-10-04 10:29:34,447 - INFO - [global] Доступна обнова! Спавню кнопку
2026-10-04 10:29:35,333 - DEBUG - [global] _api_put: PUT runs/20261004_102932_fail_periodic.log -> 201 (14081 bytes)
2026-10-04 10:29:35,335 - DEBUG - [global] log_uploader: STEP 1 (window log) -> https://github.com/StarateJI/L2Mauto/blob/bot-logs/runs/20261004_102932_fail_periodic.log
2026-10-04 10:29:35,337 - DEBUG - [global] log_uploader: STEP 2 SKIP (no PNGs)
2026-10-04 10:29:36,295 - DEBUG - [global] _api_put: GET runs/20261004_102932_fail_global.log -> 404
2026-10-04 10:29:38,360 - DEBUG - [global] _api_put: PUT runs/20261004_102932_fail_global.log -> 201 (20498 bytes)
2026-10-04 10:29:38,362 - DEBUG - [global] log_uploader: STEP 3 (global log) -> https://github.com/StarateJI/L2Mauto/blob/bot-logs/runs/20261004_102932_fail_global.log
2026-10-04 10:29:38,362 - DEBUG - [global] log_uploader: END window=periodic
2026-10-04 10:29:38,362 - INFO - [global] LogUploader: upload_run_logs завершён
2026-10-04 10:30:04,464 - INFO - [global] Проверяю обновы...
2026-10-04 10:30:05,326 - DEBUG - [global] needs_update: raw → 5.13.09
2026-10-04 10:30:05,542 - DEBUG - [global] needs_update: API → 5.13.09
2026-10-04 10:30:05,543 - DEBUG - [global] needs_update: лучший источник raw → 5.13.09 (из 2)
2026-10-04 10:30:05,543 - INFO - [global] needs_update: local=(5, 13, 7) remote=(5, 13, 9) -> has_update=True
2026-10-04 10:30:05,543 - INFO - [global] Доступна обнова! Спавню кнопку
2026-10-04 10:30:35,560 - INFO - [global] Проверяю обновы...
2026-10-04 10:30:36,392 - DEBUG - [global] needs_update: raw → 5.13.09
2026-10-04 10:30:36,624 - DEBUG - [global] needs_update: API → 5.13.09
2026-10-04 10:30:36,624 - DEBUG - [global] needs_update: лучший источник raw → 5.13.09 (из 2)
2026-10-04 10:30:36,624 - INFO - [global] needs_update: local=(5, 13, 7) remote=(5, 13, 9) -> has_update=True
2026-10-04 10:30:36,624 - INFO - [global] Доступна обнова! Спавню кнопку
2026-10-04 10:30:38,397 - INFO - [global] LogUploader: запускаю upload_run_logs...
2026-10-04 10:30:38,398 - DEBUG - [global] log_uploader: START window=periodic made=-1 token=...Rjnfq
2026-10-04 10:30:39,412 - DEBUG - [global] _api_put: GET runs/20261004_103038_fail_periodic.log -> 404
2026-10-04 10:30:41,294 - DEBUG - [global] _api_put: PUT runs/20261004_103038_fail_periodic.log -> 201 (14081 bytes)
2026-10-04 10:30:41,297 - DEBUG - [global] log_uploader: STEP 1 (window log) -> https://github.com/StarateJI/L2Mauto/blob/bot-logs/runs/20261004_103038_fail_periodic.log
2026-10-04 10:30:41,297 - DEBUG - [global] log_uploader: STEP 2 SKIP (no PNGs)
2026-10-04 10:30:42,380 - DEBUG - [global] _api_put: GET runs/20261004_103038_fail_global.log -> 404
2026-10-04 10:30:44,206 - DEBUG - [global] _api_put: PUT runs/20261004_103038_fail_global.log -> 201 (20494 bytes)
2026-10-04 10:30:44,208 - DEBUG - [global] log_uploader: STEP 3 (global log) -> https://github.com/StarateJI/L2Mauto/blob/bot-logs/runs/20261004_103038_fail_global.log
2026-10-04 10:30:44,208 - DEBUG - [global] log_uploader: END window=periodic
2026-10-04 10:30:44,208 - INFO - [global] LogUploader: upload_run_logs завершён
2026-10-04 10:31:06,639 - INFO - [global] Проверяю обновы...
2026-10-04 10:31:07,557 - DEBUG - [global] needs_update: raw → 5.13.09
2026-10-04 10:31:07,737 - DEBUG - [global] needs_update: API → 5.13.09
2026-10-04 10:31:07,737 - DEBUG - [global] needs_update: лучший источник raw → 5.13.09 (из 2)
2026-10-04 10:31:07,737 - INFO - [global] needs_update: local=(5, 13, 7) remote=(5, 13, 9) -> has_update=True
2026-10-04 10:31:07,737 - INFO - [global] Доступна обнова! Спавню кнопку
2026-10-04 10:31:37,757 - INFO - [global] Проверяю обновы...
2026-10-04 10:31:38,705 - DEBUG - [global] needs_update: raw → 5.13.09
2026-10-04 10:31:38,843 - DEBUG - [global] needs_update: API → 5.13.09
2026-10-04 10:31:38,843 - DEBUG - [global] needs_update: лучший источник raw → 5.13.09 (из 2)
2026-10-04 10:31:38,843 - INFO - [global] needs_update: local=(5, 13, 7) remote=(5, 13, 9) -> has_update=True
2026-10-04 10:31:38,843 - INFO - [global] Доступна обнова! Спавню кнопку
2026-10-04 10:31:44,242 - INFO - [global] LogUploader: запускаю upload_run_logs...
2026-10-04 10:31:44,244 - DEBUG - [global] log_uploader: START window=periodic made=-1 token=...Rjnfq
2026-10-04 10:31:45,338 - DEBUG - [global] _api_put: GET runs/20261004_103144_fail_periodic.log -> 404
2026-10-04 10:31:47,381 - DEBUG - [global] _api_put: PUT runs/20261004_103144_fail_periodic.log -> 201 (14081 bytes)
2026-10-04 10:31:47,384 - DEBUG - [global] log_uploader: STEP 1 (window log) -> https://github.com/StarateJI/L2Mauto/blob/bot-logs/runs/20261004_103144_fail_periodic.log
2026-10-04 10:31:47,385 - DEBUG - [global] log_uploader: STEP 2 SKIP (no PNGs)
2026-10-04 10:31:48,436 - DEBUG - [global] _api_put: GET runs/20261004_103144_fail_global.log -> 404
2026-10-04 10:31:50,395 - DEBUG - [global] _api_put: PUT runs/20261004_103144_fail_global.log -> 201 (20494 bytes)
2026-10-04 10:31:50,399 - DEBUG - [global] log_uploader: STEP 3 (global log) -> https://github.com/StarateJI/L2Mauto/blob/bot-logs/runs/20261004_103144_fail_global.log
2026-10-04 10:31:50,399 - DEBUG - [global] log_uploader: END window=periodic
2026-10-04 10:31:50,399 - INFO - [global] LogUploader: upload_run_logs завершён
2026-10-04 10:32:08,863 - INFO - [global] Проверяю обновы...
2026-10-04 10:32:09,783 - DEBUG - [global] needs_update: raw → 5.13.09
2026-10-04 10:32:09,952 - DEBUG - [global] needs_update: API → 5.13.09
2026-10-04 10:32:09,952 - DEBUG - [global] needs_update: лучший источник raw → 5.13.09 (из 2)
2026-10-04 10:32:09,952 - INFO - [global] needs_update: local=(5, 13, 7) remote=(5, 13, 9) -> has_update=True
2026-10-04 10:32:09,952 - INFO - [global] Доступна обнова! Спавню кнопку
2026-10-04 10:32:39,971 - INFO - [global] Проверяю обновы...
2026-10-04 10:32:40,893 - DEBUG - [global] needs_update: raw → 5.13.09
2026-10-04 10:32:41,061 - DEBUG - [global] needs_update: API → 5.13.09
2026-10-04 10:32:41,062 - DEBUG - [global] needs_update: лучший источник raw → 5.13.09 (из 2)
2026-10-04 10:32:41,062 - INFO - [global] needs_update: local=(5, 13, 7) remote=(5, 13, 9) -> has_update=True
2026-10-04 10:32:41,062 - INFO - [global] Доступна обнова! Спавню кнопку
2026-10-04 10:32:50,432 - INFO - [global] LogUploader: запускаю upload_run_logs...
2026-10-04 10:32:50,433 - DEBUG - [global] log_uploader: START window=periodic made=-1 token=...Rjnfq
2026-10-04 10:32:51,454 - DEBUG - [global] _api_put: GET runs/20261004_103250_fail_periodic.log -> 404
2026-10-04 10:32:53,650 - DEBUG - [global] _api_put: PUT runs/20261004_103250_fail_periodic.log -> 201 (14081 bytes)
2026-10-04 10:32:53,653 - DEBUG - [global] log_uploader: STEP 1 (window log) -> https://github.com/StarateJI/L2Mauto/blob/bot-logs/runs/20261004_103250_fail_periodic.log
2026-10-04 10:32:53,653 - DEBUG - [global] log_uploader: STEP 2 SKIP (no PNGs)
