=== Log tail 2026-09-17T03:01:03.018941 | last 200 lines ===
2026-09-17 02:52:23,476 - DEBUG - [global] _api_put: GET runs/20260917_025219_fail_global.log -> 404
2026-09-17 02:52:25,014 - DEBUG - [global] _api_put: PUT runs/20260917_025219_fail_global.log -> 201 (19461 bytes)
2026-09-17 02:52:25,016 - DEBUG - [global] log_uploader: STEP 3 (global log) -> https://github.com/StarateJI/L2Mauto/blob/bot-logs/runs/20260917_025219_fail_global.log
2026-09-17 02:52:25,016 - DEBUG - [global] log_uploader: END window=periodic
2026-09-17 02:52:25,016 - INFO - [global] LogUploader: upload_run_logs завершён
2026-09-17 02:52:52,806 - INFO - [global] Проверяю обновы...
2026-09-17 02:52:53,505 - DEBUG - [global] needs_update: raw → 5.9.0
2026-09-17 02:52:54,495 - DEBUG - [global] needs_update: API GitHub → 5.9.0
2026-09-17 02:52:55,089 - DEBUG - [global] needs_update: jsdelivr → 5.9.0
2026-09-17 02:52:55,089 - DEBUG - [global] needs_update: лучший источник raw → 5.9.0 (из 3)
2026-09-17 02:52:55,090 - INFO - [global] needs_update: local=(5, 8, 2) remote=(5, 9, 0) -> has_update=True
2026-09-17 02:52:55,090 - INFO - [global] Доступна обнова! Спавню кнопку
2026-09-17 02:53:25,053 - INFO - [global] LogUploader: запускаю upload_run_logs...
2026-09-17 02:53:25,054 - DEBUG - [global] log_uploader: START window=periodic made=-1 token=...Rjnfq
2026-09-17 02:53:25,108 - INFO - [global] Проверяю обновы...
2026-09-17 02:53:25,886 - DEBUG - [global] needs_update: raw → 5.9.0
2026-09-17 02:53:26,048 - DEBUG - [global] _api_put: GET runs/20260917_025325_fail_periodic.log -> 404
2026-09-17 02:53:26,793 - DEBUG - [global] needs_update: API GitHub → 5.9.0
2026-09-17 02:53:27,396 - DEBUG - [global] needs_update: jsdelivr → 5.9.0
2026-09-17 02:53:27,397 - DEBUG - [global] needs_update: лучший источник raw → 5.9.0 (из 3)
2026-09-17 02:53:27,401 - INFO - [global] needs_update: local=(5, 8, 2) remote=(5, 9, 0) -> has_update=True
2026-09-17 02:53:27,401 - INFO - [global] Доступна обнова! Спавню кнопку
2026-09-17 02:53:27,549 - DEBUG - [global] _api_put: PUT runs/20260917_025325_fail_periodic.log -> 201 (10182 bytes)
2026-09-17 02:53:27,552 - DEBUG - [global] log_uploader: STEP 1 (window log) -> https://github.com/StarateJI/L2Mauto/blob/bot-logs/runs/20260917_025325_fail_periodic.log
2026-09-17 02:53:27,552 - DEBUG - [global] log_uploader: STEP 2 SKIP (no PNGs)
2026-09-17 02:53:28,552 - DEBUG - [global] _api_put: GET runs/20260917_025325_fail_global.log -> 404
2026-09-17 02:53:30,105 - DEBUG - [global] _api_put: PUT runs/20260917_025325_fail_global.log -> 201 (19543 bytes)
2026-09-17 02:53:30,106 - DEBUG - [global] log_uploader: STEP 3 (global log) -> https://github.com/StarateJI/L2Mauto/blob/bot-logs/runs/20260917_025325_fail_global.log
2026-09-17 02:53:30,106 - DEBUG - [global] log_uploader: END window=periodic
2026-09-17 02:53:30,106 - INFO - [global] LogUploader: upload_run_logs завершён
2026-09-17 02:53:57,419 - INFO - [global] Проверяю обновы...
2026-09-17 02:53:58,077 - DEBUG - [global] needs_update: raw → 5.9.0
2026-09-17 02:53:58,910 - DEBUG - [global] needs_update: API GitHub → 5.9.0
2026-09-17 02:53:59,477 - DEBUG - [global] needs_update: jsdelivr → 5.9.0
2026-09-17 02:53:59,477 - DEBUG - [global] needs_update: лучший источник raw → 5.9.0 (из 3)
2026-09-17 02:53:59,479 - INFO - [global] needs_update: local=(5, 8, 2) remote=(5, 9, 0) -> has_update=True
2026-09-17 02:53:59,479 - INFO - [global] Доступна обнова! Спавню кнопку
2026-09-17 02:54:29,499 - INFO - [global] Проверяю обновы...
2026-09-17 02:54:30,142 - INFO - [global] LogUploader: запускаю upload_run_logs...
2026-09-17 02:54:30,143 - DEBUG - [global] log_uploader: START window=periodic made=-1 token=...Rjnfq
2026-09-17 02:54:30,147 - DEBUG - [global] needs_update: raw → 5.9.0
2026-09-17 02:54:31,135 - DEBUG - [global] needs_update: API GitHub → 5.9.0
2026-09-17 02:54:31,137 - DEBUG - [global] _api_put: GET runs/20260917_025430_fail_periodic.log -> 404
2026-09-17 02:54:31,830 - DEBUG - [global] needs_update: jsdelivr → 5.9.0
2026-09-17 02:54:31,830 - DEBUG - [global] needs_update: лучший источник raw → 5.9.0 (из 3)
2026-09-17 02:54:31,833 - INFO - [global] needs_update: local=(5, 8, 2) remote=(5, 9, 0) -> has_update=True
2026-09-17 02:54:31,833 - INFO - [global] Доступна обнова! Спавню кнопку
2026-09-17 02:54:32,838 - DEBUG - [global] _api_put: PUT runs/20260917_025430_fail_periodic.log -> 201 (10182 bytes)
2026-09-17 02:54:32,841 - DEBUG - [global] log_uploader: STEP 1 (window log) -> https://github.com/StarateJI/L2Mauto/blob/bot-logs/runs/20260917_025430_fail_periodic.log
2026-09-17 02:54:32,841 - DEBUG - [global] log_uploader: STEP 2 SKIP (no PNGs)
2026-09-17 02:54:33,792 - DEBUG - [global] _api_put: GET runs/20260917_025430_fail_global.log -> 404
2026-09-17 02:54:35,462 - DEBUG - [global] _api_put: PUT runs/20260917_025430_fail_global.log -> 201 (19543 bytes)
2026-09-17 02:54:35,465 - DEBUG - [global] log_uploader: STEP 3 (global log) -> https://github.com/StarateJI/L2Mauto/blob/bot-logs/runs/20260917_025430_fail_global.log
2026-09-17 02:54:35,465 - DEBUG - [global] log_uploader: END window=periodic
2026-09-17 02:54:35,465 - INFO - [global] LogUploader: upload_run_logs завершён
2026-09-17 02:55:01,849 - INFO - [global] Проверяю обновы...
2026-09-17 02:55:02,521 - DEBUG - [global] needs_update: raw → 5.9.0
2026-09-17 02:55:03,372 - DEBUG - [global] needs_update: API GitHub → 5.9.0
2026-09-17 02:55:03,914 - DEBUG - [global] needs_update: jsdelivr → 5.9.0
2026-09-17 02:55:03,914 - DEBUG - [global] needs_update: лучший источник raw → 5.9.0 (из 3)
2026-09-17 02:55:03,917 - INFO - [global] needs_update: local=(5, 8, 2) remote=(5, 9, 0) -> has_update=True
2026-09-17 02:55:03,917 - INFO - [global] Доступна обнова! Спавню кнопку
2026-09-17 02:55:33,935 - INFO - [global] Проверяю обновы...
2026-09-17 02:55:34,650 - DEBUG - [global] needs_update: raw → 5.9.0
2026-09-17 02:55:35,500 - INFO - [global] LogUploader: запускаю upload_run_logs...
2026-09-17 02:55:35,500 - DEBUG - [global] log_uploader: START window=periodic made=-1 token=...Rjnfq
2026-09-17 02:55:35,520 - DEBUG - [global] needs_update: API GitHub → 5.9.0
2026-09-17 02:55:36,226 - DEBUG - [global] needs_update: jsdelivr → 5.9.0
2026-09-17 02:55:36,227 - DEBUG - [global] needs_update: лучший источник raw → 5.9.0 (из 3)
2026-09-17 02:55:36,229 - INFO - [global] needs_update: local=(5, 8, 2) remote=(5, 9, 0) -> has_update=True
2026-09-17 02:55:36,229 - INFO - [global] Доступна обнова! Спавню кнопку
2026-09-17 02:55:36,525 - DEBUG - [global] _api_put: GET runs/20260917_025535_fail_periodic.log -> 404
2026-09-17 02:55:37,990 - DEBUG - [global] _api_put: PUT runs/20260917_025535_fail_periodic.log -> 201 (10182 bytes)
2026-09-17 02:55:37,993 - DEBUG - [global] log_uploader: STEP 1 (window log) -> https://github.com/StarateJI/L2Mauto/blob/bot-logs/runs/20260917_025535_fail_periodic.log
2026-09-17 02:55:37,993 - DEBUG - [global] log_uploader: STEP 2 SKIP (no PNGs)
2026-09-17 02:55:38,963 - DEBUG - [global] _api_put: GET runs/20260917_025535_fail_global.log -> 404
2026-09-17 02:55:40,626 - DEBUG - [global] _api_put: PUT runs/20260917_025535_fail_global.log -> 201 (19543 bytes)
2026-09-17 02:55:40,628 - DEBUG - [global] log_uploader: STEP 3 (global log) -> https://github.com/StarateJI/L2Mauto/blob/bot-logs/runs/20260917_025535_fail_global.log
2026-09-17 02:55:40,628 - DEBUG - [global] log_uploader: END window=periodic
2026-09-17 02:55:40,629 - INFO - [global] LogUploader: upload_run_logs завершён
2026-09-17 02:56:06,247 - INFO - [global] Проверяю обновы...
2026-09-17 02:56:06,906 - DEBUG - [global] needs_update: raw → 5.9.0
2026-09-17 02:56:07,774 - DEBUG - [global] needs_update: API GitHub → 5.9.0
2026-09-17 02:56:08,306 - DEBUG - [global] needs_update: jsdelivr → 5.9.0
2026-09-17 02:56:08,307 - DEBUG - [global] needs_update: лучший источник raw → 5.9.0 (из 3)
2026-09-17 02:56:08,308 - INFO - [global] needs_update: local=(5, 8, 2) remote=(5, 9, 0) -> has_update=True
2026-09-17 02:56:08,308 - INFO - [global] Доступна обнова! Спавню кнопку
2026-09-17 02:56:38,322 - INFO - [global] Проверяю обновы...
2026-09-17 02:56:38,962 - DEBUG - [global] needs_update: raw → 5.9.0
2026-09-17 02:56:39,880 - DEBUG - [global] needs_update: API GitHub → 5.9.0
2026-09-17 02:56:40,431 - DEBUG - [global] needs_update: jsdelivr → 5.9.0
2026-09-17 02:56:40,431 - DEBUG - [global] needs_update: лучший источник raw → 5.9.0 (из 3)
2026-09-17 02:56:40,433 - INFO - [global] needs_update: local=(5, 8, 2) remote=(5, 9, 0) -> has_update=True
2026-09-17 02:56:40,433 - INFO - [global] Доступна обнова! Спавню кнопку
2026-09-17 02:56:40,667 - INFO - [global] LogUploader: запускаю upload_run_logs...
2026-09-17 02:56:40,668 - DEBUG - [global] log_uploader: START window=periodic made=-1 token=...Rjnfq
2026-09-17 02:56:41,512 - DEBUG - [global] _api_put: GET runs/20260917_025640_fail_periodic.log -> 404
2026-09-17 02:56:42,900 - DEBUG - [global] _api_put: PUT runs/20260917_025640_fail_periodic.log -> 201 (10182 bytes)
2026-09-17 02:56:42,902 - DEBUG - [global] log_uploader: STEP 1 (window log) -> https://github.com/StarateJI/L2Mauto/blob/bot-logs/runs/20260917_025640_fail_periodic.log
2026-09-17 02:56:42,903 - DEBUG - [global] log_uploader: STEP 2 SKIP (no PNGs)
2026-09-17 02:56:43,948 - DEBUG - [global] _api_put: GET runs/20260917_025640_fail_global.log -> 404
2026-09-17 02:56:45,630 - DEBUG - [global] _api_put: PUT runs/20260917_025640_fail_global.log -> 201 (19619 bytes)
2026-09-17 02:56:45,635 - DEBUG - [global] log_uploader: STEP 3 (global log) -> https://github.com/StarateJI/L2Mauto/blob/bot-logs/runs/20260917_025640_fail_global.log
2026-09-17 02:56:45,636 - DEBUG - [global] log_uploader: END window=periodic
2026-09-17 02:56:45,636 - INFO - [global] LogUploader: upload_run_logs завершён
2026-09-17 02:57:10,452 - INFO - [global] Проверяю обновы...
2026-09-17 02:57:11,094 - DEBUG - [global] needs_update: raw → 5.9.0
2026-09-17 02:57:11,943 - DEBUG - [global] needs_update: API GitHub → 5.9.0
2026-09-17 02:57:12,546 - DEBUG - [global] needs_update: jsdelivr → 5.9.0
2026-09-17 02:57:12,546 - DEBUG - [global] needs_update: лучший источник raw → 5.9.0 (из 3)
2026-09-17 02:57:12,547 - INFO - [global] needs_update: local=(5, 8, 2) remote=(5, 9, 0) -> has_update=True
2026-09-17 02:57:12,547 - INFO - [global] Доступна обнова! Спавню кнопку
2026-09-17 02:57:42,567 - INFO - [global] Проверяю обновы...
2026-09-17 02:57:43,171 - DEBUG - [global] needs_update: raw → 5.9.0
2026-09-17 02:57:44,008 - DEBUG - [global] needs_update: API GitHub → 5.9.0
2026-09-17 02:57:44,683 - DEBUG - [global] needs_update: jsdelivr → 5.9.0
2026-09-17 02:57:44,683 - DEBUG - [global] needs_update: лучший источник raw → 5.9.0 (из 3)
2026-09-17 02:57:44,685 - INFO - [global] needs_update: local=(5, 8, 2) remote=(5, 9, 0) -> has_update=True
2026-09-17 02:57:44,685 - INFO - [global] Доступна обнова! Спавню кнопку
2026-09-17 02:57:45,670 - INFO - [global] LogUploader: запускаю upload_run_logs...
2026-09-17 02:57:45,671 - DEBUG - [global] log_uploader: START window=periodic made=-1 token=...Rjnfq
2026-09-17 02:57:46,561 - DEBUG - [global] _api_put: GET runs/20260917_025745_fail_periodic.log -> 404
2026-09-17 02:57:47,942 - DEBUG - [global] _api_put: PUT runs/20260917_025745_fail_periodic.log -> 201 (10182 bytes)
2026-09-17 02:57:47,944 - DEBUG - [global] log_uploader: STEP 1 (window log) -> https://github.com/StarateJI/L2Mauto/blob/bot-logs/runs/20260917_025745_fail_periodic.log
2026-09-17 02:57:47,945 - DEBUG - [global] log_uploader: STEP 2 SKIP (no PNGs)
2026-09-17 02:57:48,885 - DEBUG - [global] _api_put: GET runs/20260917_025745_fail_global.log -> 404
2026-09-17 02:57:50,690 - DEBUG - [global] _api_put: PUT runs/20260917_025745_fail_global.log -> 201 (19619 bytes)
2026-09-17 02:57:50,692 - DEBUG - [global] log_uploader: STEP 3 (global log) -> https://github.com/StarateJI/L2Mauto/blob/bot-logs/runs/20260917_025745_fail_global.log
2026-09-17 02:57:50,693 - DEBUG - [global] log_uploader: END window=periodic
2026-09-17 02:57:50,693 - INFO - [global] LogUploader: upload_run_logs завершён
2026-09-17 02:58:14,703 - INFO - [global] Проверяю обновы...
2026-09-17 02:58:15,374 - DEBUG - [global] needs_update: raw → 5.9.0
2026-09-17 02:58:16,245 - DEBUG - [global] needs_update: API GitHub → 5.9.0
2026-09-17 02:58:16,849 - DEBUG - [global] needs_update: jsdelivr → 5.9.0
2026-09-17 02:58:16,849 - DEBUG - [global] needs_update: лучший источник raw → 5.9.0 (из 3)
2026-09-17 02:58:16,851 - INFO - [global] needs_update: local=(5, 8, 2) remote=(5, 9, 0) -> has_update=True
2026-09-17 02:58:16,851 - INFO - [global] Доступна обнова! Спавню кнопку
2026-09-17 02:58:46,872 - INFO - [global] Проверяю обновы...
2026-09-17 02:58:47,490 - DEBUG - [global] needs_update: raw → 5.9.0
2026-09-17 02:58:48,314 - DEBUG - [global] needs_update: API GitHub → 5.9.0
2026-09-17 02:58:48,919 - DEBUG - [global] needs_update: jsdelivr → 5.9.0
2026-09-17 02:58:48,919 - DEBUG - [global] needs_update: лучший источник raw → 5.9.0 (из 3)
2026-09-17 02:58:48,921 - INFO - [global] needs_update: local=(5, 8, 2) remote=(5, 9, 0) -> has_update=True
2026-09-17 02:58:48,921 - INFO - [global] Доступна обнова! Спавню кнопку
2026-09-17 02:58:50,725 - INFO - [global] LogUploader: запускаю upload_run_logs...
2026-09-17 02:58:50,726 - DEBUG - [global] log_uploader: START window=periodic made=-1 token=...Rjnfq
2026-09-17 02:58:51,566 - DEBUG - [global] _api_put: GET runs/20260917_025850_fail_periodic.log -> 404
2026-09-17 02:58:53,146 - DEBUG - [global] _api_put: PUT runs/20260917_025850_fail_periodic.log -> 201 (10182 bytes)
2026-09-17 02:58:53,147 - DEBUG - [global] log_uploader: STEP 1 (window log) -> https://github.com/StarateJI/L2Mauto/blob/bot-logs/runs/20260917_025850_fail_periodic.log
2026-09-17 02:58:53,148 - DEBUG - [global] log_uploader: STEP 2 SKIP (no PNGs)
2026-09-17 02:58:54,128 - DEBUG - [global] _api_put: GET runs/20260917_025850_fail_global.log -> 404
2026-09-17 02:58:55,632 - DEBUG - [global] _api_put: PUT runs/20260917_025850_fail_global.log -> 201 (19619 bytes)
2026-09-17 02:58:55,634 - DEBUG - [global] log_uploader: STEP 3 (global log) -> https://github.com/StarateJI/L2Mauto/blob/bot-logs/runs/20260917_025850_fail_global.log
2026-09-17 02:58:55,634 - DEBUG - [global] log_uploader: END window=periodic
2026-09-17 02:58:55,634 - INFO - [global] LogUploader: upload_run_logs завершён
2026-09-17 02:59:18,939 - INFO - [global] Проверяю обновы...
2026-09-17 02:59:19,579 - DEBUG - [global] needs_update: raw → 5.9.0
2026-09-17 02:59:20,465 - DEBUG - [global] needs_update: API GitHub → 5.9.0
2026-09-17 02:59:21,025 - DEBUG - [global] needs_update: jsdelivr → 5.9.0
2026-09-17 02:59:21,025 - DEBUG - [global] needs_update: лучший источник raw → 5.9.0 (из 3)
2026-09-17 02:59:21,027 - INFO - [global] needs_update: local=(5, 8, 2) remote=(5, 9, 0) -> has_update=True
2026-09-17 02:59:21,027 - INFO - [global] Доступна обнова! Спавню кнопку
2026-09-17 02:59:51,044 - INFO - [global] Проверяю обновы...
2026-09-17 02:59:51,732 - DEBUG - [global] needs_update: raw → 5.9.0
2026-09-17 02:59:52,533 - DEBUG - [global] needs_update: API GitHub → 5.9.0
2026-09-17 02:59:53,134 - DEBUG - [global] needs_update: jsdelivr → 5.9.0
2026-09-17 02:59:53,135 - DEBUG - [global] needs_update: лучший источник raw → 5.9.0 (из 3)
2026-09-17 02:59:53,137 - INFO - [global] needs_update: local=(5, 8, 2) remote=(5, 9, 0) -> has_update=True
2026-09-17 02:59:53,137 - INFO - [global] Доступна обнова! Спавню кнопку
2026-09-17 02:59:55,669 - INFO - [global] LogUploader: запускаю upload_run_logs...
2026-09-17 02:59:55,670 - DEBUG - [global] log_uploader: START window=periodic made=-1 token=...Rjnfq
2026-09-17 02:59:56,491 - DEBUG - [global] _api_put: GET runs/20260917_025955_fail_periodic.log -> 404
2026-09-17 02:59:57,856 - DEBUG - [global] _api_put: PUT runs/20260917_025955_fail_periodic.log -> 201 (10182 bytes)
2026-09-17 02:59:57,857 - DEBUG - [global] log_uploader: STEP 1 (window log) -> https://github.com/StarateJI/L2Mauto/blob/bot-logs/runs/20260917_025955_fail_periodic.log
2026-09-17 02:59:57,858 - DEBUG - [global] log_uploader: STEP 2 SKIP (no PNGs)
2026-09-17 02:59:58,850 - DEBUG - [global] _api_put: GET runs/20260917_025955_fail_global.log -> 404
2026-09-17 03:00:00,424 - DEBUG - [global] _api_put: PUT runs/20260917_025955_fail_global.log -> 201 (19619 bytes)
2026-09-17 03:00:00,426 - DEBUG - [global] log_uploader: STEP 3 (global log) -> https://github.com/StarateJI/L2Mauto/blob/bot-logs/runs/20260917_025955_fail_global.log
2026-09-17 03:00:00,426 - DEBUG - [global] log_uploader: END window=periodic
2026-09-17 03:00:00,426 - INFO - [global] LogUploader: upload_run_logs завершён
2026-09-17 03:00:23,154 - INFO - [global] Проверяю обновы...
2026-09-17 03:00:23,832 - DEBUG - [global] needs_update: raw → 5.9.0
2026-09-17 03:00:24,755 - DEBUG - [global] needs_update: API GitHub → 5.9.0
2026-09-17 03:00:25,344 - DEBUG - [global] needs_update: jsdelivr → 5.9.0
2026-09-17 03:00:25,344 - DEBUG - [global] needs_update: лучший источник raw → 5.9.0 (из 3)
2026-09-17 03:00:25,347 - INFO - [global] needs_update: local=(5, 8, 2) remote=(5, 9, 0) -> has_update=True
2026-09-17 03:00:25,348 - INFO - [global] Доступна обнова! Спавню кнопку
2026-09-17 03:00:55,368 - INFO - [global] Проверяю обновы...
2026-09-17 03:00:56,058 - DEBUG - [global] needs_update: raw → 5.9.0
2026-09-17 03:00:56,916 - DEBUG - [global] needs_update: API GitHub → 5.9.0
2026-09-17 03:00:57,535 - DEBUG - [global] needs_update: jsdelivr → 5.9.0
2026-09-17 03:00:57,535 - DEBUG - [global] needs_update: лучший источник raw → 5.9.0 (из 3)
2026-09-17 03:00:57,538 - INFO - [global] needs_update: local=(5, 8, 2) remote=(5, 9, 0) -> has_update=True
2026-09-17 03:00:57,538 - INFO - [global] Доступна обнова! Спавню кнопку
2026-09-17 03:01:00,462 - INFO - [global] LogUploader: запускаю upload_run_logs...
2026-09-17 03:01:00,462 - DEBUG - [global] log_uploader: START window=periodic made=-1 token=...Rjnfq
2026-09-17 03:01:01,346 - DEBUG - [global] _api_put: GET runs/20260917_030100_fail_periodic.log -> 404
2026-09-17 03:01:02,928 - DEBUG - [global] _api_put: PUT runs/20260917_030100_fail_periodic.log -> 201 (10182 bytes)
2026-09-17 03:01:02,931 - DEBUG - [global] log_uploader: STEP 1 (window log) -> https://github.com/StarateJI/L2Mauto/blob/bot-logs/runs/20260917_030100_fail_periodic.log
2026-09-17 03:01:02,931 - DEBUG - [global] log_uploader: STEP 2 SKIP (no PNGs)
