=== Log tail 2026-09-29T14:05:08.156935 | last 200 lines ===
2026-09-29 13:55:59,468 - DEBUG - [global] needs_update: API → 5.13.09
2026-09-29 13:55:59,469 - DEBUG - [global] needs_update: лучший источник raw → 5.13.09 (из 2)
2026-09-29 13:55:59,469 - INFO - [global] needs_update: local=(5, 13, 7) remote=(5, 13, 9) -> has_update=True
2026-09-29 13:55:59,469 - INFO - [global] Доступна обнова! Спавню кнопку
2026-09-29 13:56:18,282 - INFO - [global] LogUploader: запускаю upload_run_logs...
2026-09-29 13:56:18,282 - DEBUG - [global] log_uploader: START window=periodic made=-1 token=...Rjnfq
2026-09-29 13:56:19,177 - DEBUG - [global] _api_put: GET runs/20260929_135618_fail_periodic.log -> 404
2026-09-29 13:56:20,866 - DEBUG - [global] _api_put: PUT runs/20260929_135618_fail_periodic.log -> 201 (3411 bytes)
2026-09-29 13:56:20,869 - DEBUG - [global] log_uploader: STEP 1 (window log) -> https://github.com/StarateJI/L2Mauto/blob/bot-logs/runs/20260929_135618_fail_periodic.log
2026-09-29 13:56:20,869 - DEBUG - [global] log_uploader: STEP 2 SKIP (no PNGs)
2026-09-29 13:56:21,792 - DEBUG - [global] _api_put: GET runs/20260929_135618_fail_global.log -> 404
2026-09-29 13:56:23,986 - DEBUG - [global] _api_put: PUT runs/20260929_135618_fail_global.log -> 201 (20010 bytes)
2026-09-29 13:56:23,987 - DEBUG - [global] log_uploader: STEP 3 (global log) -> https://github.com/StarateJI/L2Mauto/blob/bot-logs/runs/20260929_135618_fail_global.log
2026-09-29 13:56:23,987 - DEBUG - [global] log_uploader: END window=periodic
2026-09-29 13:56:23,988 - INFO - [global] LogUploader: upload_run_logs завершён
2026-09-29 13:56:29,481 - INFO - [global] Проверяю обновы...
2026-09-29 13:56:30,331 - DEBUG - [global] needs_update: raw → 5.13.09
2026-09-29 13:56:30,541 - DEBUG - [global] needs_update: API → 5.13.09
2026-09-29 13:56:30,541 - DEBUG - [global] needs_update: лучший источник raw → 5.13.09 (из 2)
2026-09-29 13:56:30,541 - INFO - [global] needs_update: local=(5, 13, 7) remote=(5, 13, 9) -> has_update=True
2026-09-29 13:56:30,541 - INFO - [global] Доступна обнова! Спавню кнопку
2026-09-29 13:57:00,558 - INFO - [global] Проверяю обновы...
2026-09-29 13:57:01,365 - DEBUG - [global] needs_update: raw → 5.13.09
2026-09-29 13:57:01,546 - DEBUG - [global] needs_update: API → 5.13.09
2026-09-29 13:57:01,546 - DEBUG - [global] needs_update: лучший источник raw → 5.13.09 (из 2)
2026-09-29 13:57:01,547 - INFO - [global] needs_update: local=(5, 13, 7) remote=(5, 13, 9) -> has_update=True
2026-09-29 13:57:01,547 - INFO - [global] Доступна обнова! Спавню кнопку
2026-09-29 13:57:24,019 - INFO - [global] LogUploader: запускаю upload_run_logs...
2026-09-29 13:57:24,019 - DEBUG - [global] log_uploader: START window=periodic made=-1 token=...Rjnfq
2026-09-29 13:57:24,906 - DEBUG - [global] _api_put: GET runs/20260929_135724_fail_periodic.log -> 404
2026-09-29 13:57:26,871 - DEBUG - [global] _api_put: PUT runs/20260929_135724_fail_periodic.log -> 201 (3411 bytes)
2026-09-29 13:57:26,873 - DEBUG - [global] log_uploader: STEP 1 (window log) -> https://github.com/StarateJI/L2Mauto/blob/bot-logs/runs/20260929_135724_fail_periodic.log
2026-09-29 13:57:26,873 - DEBUG - [global] log_uploader: STEP 2 SKIP (no PNGs)
2026-09-29 13:57:27,843 - DEBUG - [global] _api_put: GET runs/20260929_135724_fail_global.log -> 404
2026-09-29 13:57:29,669 - DEBUG - [global] _api_put: PUT runs/20260929_135724_fail_global.log -> 201 (20010 bytes)
2026-09-29 13:57:29,671 - DEBUG - [global] log_uploader: STEP 3 (global log) -> https://github.com/StarateJI/L2Mauto/blob/bot-logs/runs/20260929_135724_fail_global.log
2026-09-29 13:57:29,672 - DEBUG - [global] log_uploader: END window=periodic
2026-09-29 13:57:29,672 - INFO - [global] LogUploader: upload_run_logs завершён
2026-09-29 13:57:31,562 - INFO - [global] Проверяю обновы...
2026-09-29 13:57:32,375 - DEBUG - [global] needs_update: raw → 5.13.09
2026-09-29 13:57:32,581 - DEBUG - [global] needs_update: API → 5.13.09
2026-09-29 13:57:32,581 - DEBUG - [global] needs_update: лучший источник raw → 5.13.09 (из 2)
2026-09-29 13:57:32,581 - INFO - [global] needs_update: local=(5, 13, 7) remote=(5, 13, 9) -> has_update=True
2026-09-29 13:57:32,581 - INFO - [global] Доступна обнова! Спавню кнопку
2026-09-29 13:58:02,597 - INFO - [global] Проверяю обновы...
2026-09-29 13:58:03,382 - DEBUG - [global] needs_update: raw → 5.13.09
2026-09-29 13:58:03,553 - DEBUG - [global] needs_update: API → 5.13.09
2026-09-29 13:58:03,554 - DEBUG - [global] needs_update: лучший источник raw → 5.13.09 (из 2)
2026-09-29 13:58:03,554 - INFO - [global] needs_update: local=(5, 13, 7) remote=(5, 13, 9) -> has_update=True
2026-09-29 13:58:03,554 - INFO - [global] Доступна обнова! Спавню кнопку
2026-09-29 13:58:29,702 - INFO - [global] LogUploader: запускаю upload_run_logs...
2026-09-29 13:58:29,703 - DEBUG - [global] log_uploader: START window=periodic made=-1 token=...Rjnfq
2026-09-29 13:58:30,623 - DEBUG - [global] _api_put: GET runs/20260929_135829_fail_periodic.log -> 404
2026-09-29 13:58:32,601 - DEBUG - [global] _api_put: PUT runs/20260929_135829_fail_periodic.log -> 201 (3411 bytes)
2026-09-29 13:58:32,602 - DEBUG - [global] log_uploader: STEP 1 (window log) -> https://github.com/StarateJI/L2Mauto/blob/bot-logs/runs/20260929_135829_fail_periodic.log
2026-09-29 13:58:32,603 - DEBUG - [global] log_uploader: STEP 2 SKIP (no PNGs)
2026-09-29 13:58:33,559 - DEBUG - [global] _api_put: GET runs/20260929_135829_fail_global.log -> 404
2026-09-29 13:58:33,568 - INFO - [global] Проверяю обновы...
2026-09-29 13:58:34,459 - DEBUG - [global] needs_update: raw → 5.13.09
2026-09-29 13:58:34,748 - DEBUG - [global] needs_update: API → 5.13.09
2026-09-29 13:58:34,748 - DEBUG - [global] needs_update: лучший источник raw → 5.13.09 (из 2)
2026-09-29 13:58:34,748 - INFO - [global] needs_update: local=(5, 13, 7) remote=(5, 13, 9) -> has_update=True
2026-09-29 13:58:34,748 - INFO - [global] Доступна обнова! Спавню кнопку
2026-09-29 13:58:35,504 - DEBUG - [global] _api_put: PUT runs/20260929_135829_fail_global.log -> 201 (20010 bytes)
2026-09-29 13:58:35,506 - DEBUG - [global] log_uploader: STEP 3 (global log) -> https://github.com/StarateJI/L2Mauto/blob/bot-logs/runs/20260929_135829_fail_global.log
2026-09-29 13:58:35,506 - DEBUG - [global] log_uploader: END window=periodic
2026-09-29 13:58:35,506 - INFO - [global] LogUploader: upload_run_logs завершён
2026-09-29 13:59:04,761 - INFO - [global] Проверяю обновы...
2026-09-29 13:59:05,596 - DEBUG - [global] needs_update: raw → 5.13.09
2026-09-29 13:59:05,771 - DEBUG - [global] needs_update: API → 5.13.09
2026-09-29 13:59:05,772 - DEBUG - [global] needs_update: лучший источник raw → 5.13.09 (из 2)
2026-09-29 13:59:05,772 - INFO - [global] needs_update: local=(5, 13, 7) remote=(5, 13, 9) -> has_update=True
2026-09-29 13:59:05,772 - INFO - [global] Доступна обнова! Спавню кнопку
2026-09-29 13:59:35,535 - INFO - [global] LogUploader: запускаю upload_run_logs...
2026-09-29 13:59:35,535 - DEBUG - [global] log_uploader: START window=periodic made=-1 token=...Rjnfq
2026-09-29 13:59:35,784 - INFO - [global] Проверяю обновы...
2026-09-29 13:59:36,539 - DEBUG - [global] _api_put: GET runs/20260929_135935_fail_periodic.log -> 404
2026-09-29 13:59:36,674 - DEBUG - [global] needs_update: raw → 5.13.09
2026-09-29 13:59:36,842 - DEBUG - [global] needs_update: API → 5.13.09
2026-09-29 13:59:36,843 - DEBUG - [global] needs_update: лучший источник raw → 5.13.09 (из 2)
2026-09-29 13:59:36,843 - INFO - [global] needs_update: local=(5, 13, 7) remote=(5, 13, 9) -> has_update=True
2026-09-29 13:59:36,843 - INFO - [global] Доступна обнова! Спавню кнопку
2026-09-29 13:59:38,602 - DEBUG - [global] _api_put: PUT runs/20260929_135935_fail_periodic.log -> 201 (3411 bytes)
2026-09-29 13:59:38,604 - DEBUG - [global] log_uploader: STEP 1 (window log) -> https://github.com/StarateJI/L2Mauto/blob/bot-logs/runs/20260929_135935_fail_periodic.log
2026-09-29 13:59:38,604 - DEBUG - [global] log_uploader: STEP 2 SKIP (no PNGs)
2026-09-29 13:59:39,509 - DEBUG - [global] _api_put: GET runs/20260929_135935_fail_global.log -> 404
2026-09-29 13:59:41,513 - DEBUG - [global] _api_put: PUT runs/20260929_135935_fail_global.log -> 201 (19965 bytes)
2026-09-29 13:59:41,516 - DEBUG - [global] log_uploader: STEP 3 (global log) -> https://github.com/StarateJI/L2Mauto/blob/bot-logs/runs/20260929_135935_fail_global.log
2026-09-29 13:59:41,516 - DEBUG - [global] log_uploader: END window=periodic
2026-09-29 13:59:41,516 - INFO - [global] LogUploader: upload_run_logs завершён
2026-09-29 14:00:06,859 - INFO - [global] Проверяю обновы...
2026-09-29 14:00:07,610 - DEBUG - [global] needs_update: raw → 5.13.09
2026-09-29 14:00:07,969 - DEBUG - [global] needs_update: API → 5.13.09
2026-09-29 14:00:07,969 - DEBUG - [global] needs_update: лучший источник raw → 5.13.09 (из 2)
2026-09-29 14:00:07,969 - INFO - [global] needs_update: local=(5, 13, 7) remote=(5, 13, 9) -> has_update=True
2026-09-29 14:00:07,969 - INFO - [global] Доступна обнова! Спавню кнопку
2026-09-29 14:00:37,982 - INFO - [global] Проверяю обновы...
2026-09-29 14:00:38,774 - DEBUG - [global] needs_update: raw → 5.13.09
2026-09-29 14:00:39,067 - DEBUG - [global] needs_update: API → 5.13.09
2026-09-29 14:00:39,067 - DEBUG - [global] needs_update: лучший источник raw → 5.13.09 (из 2)
2026-09-29 14:00:39,067 - INFO - [global] needs_update: local=(5, 13, 7) remote=(5, 13, 9) -> has_update=True
2026-09-29 14:00:39,067 - INFO - [global] Доступна обнова! Спавню кнопку
2026-09-29 14:00:41,545 - INFO - [global] LogUploader: запускаю upload_run_logs...
2026-09-29 14:00:41,545 - DEBUG - [global] log_uploader: START window=periodic made=-1 token=...Rjnfq
2026-09-29 14:00:42,453 - DEBUG - [global] _api_put: GET runs/20260929_140041_fail_periodic.log -> 404
2026-09-29 14:00:44,519 - DEBUG - [global] _api_put: PUT runs/20260929_140041_fail_periodic.log -> 201 (3411 bytes)
2026-09-29 14:00:44,521 - DEBUG - [global] log_uploader: STEP 1 (window log) -> https://github.com/StarateJI/L2Mauto/blob/bot-logs/runs/20260929_140041_fail_periodic.log
2026-09-29 14:00:44,521 - DEBUG - [global] log_uploader: STEP 2 SKIP (no PNGs)
2026-09-29 14:00:45,456 - DEBUG - [global] _api_put: GET runs/20260929_140041_fail_global.log -> 404
2026-09-29 14:00:47,558 - DEBUG - [global] _api_put: PUT runs/20260929_140041_fail_global.log -> 201 (20010 bytes)
2026-09-29 14:00:47,560 - DEBUG - [global] log_uploader: STEP 3 (global log) -> https://github.com/StarateJI/L2Mauto/blob/bot-logs/runs/20260929_140041_fail_global.log
2026-09-29 14:00:47,560 - DEBUG - [global] log_uploader: END window=periodic
2026-09-29 14:00:47,560 - INFO - [global] LogUploader: upload_run_logs завершён
2026-09-29 14:01:09,083 - INFO - [global] Проверяю обновы...
2026-09-29 14:01:09,960 - DEBUG - [global] needs_update: raw → 5.13.09
2026-09-29 14:01:10,122 - DEBUG - [global] needs_update: API → 5.13.09
2026-09-29 14:01:10,122 - DEBUG - [global] needs_update: лучший источник raw → 5.13.09 (из 2)
2026-09-29 14:01:10,122 - INFO - [global] needs_update: local=(5, 13, 7) remote=(5, 13, 9) -> has_update=True
2026-09-29 14:01:10,122 - INFO - [global] Доступна обнова! Спавню кнопку
2026-09-29 14:01:40,135 - INFO - [global] Проверяю обновы...
2026-09-29 14:01:40,933 - DEBUG - [global] needs_update: raw → 5.13.09
2026-09-29 14:01:41,125 - DEBUG - [global] needs_update: API → 5.13.09
2026-09-29 14:01:41,126 - DEBUG - [global] needs_update: лучший источник raw → 5.13.09 (из 2)
2026-09-29 14:01:41,126 - INFO - [global] needs_update: local=(5, 13, 7) remote=(5, 13, 9) -> has_update=True
2026-09-29 14:01:41,126 - INFO - [global] Доступна обнова! Спавню кнопку
2026-09-29 14:01:47,591 - INFO - [global] LogUploader: запускаю upload_run_logs...
2026-09-29 14:01:47,591 - DEBUG - [global] log_uploader: START window=periodic made=-1 token=...Rjnfq
2026-09-29 14:01:48,507 - DEBUG - [global] _api_put: GET runs/20260929_140147_fail_periodic.log -> 404
2026-09-29 14:01:50,296 - DEBUG - [global] _api_put: PUT runs/20260929_140147_fail_periodic.log -> 201 (3411 bytes)
2026-09-29 14:01:50,299 - DEBUG - [global] log_uploader: STEP 1 (window log) -> https://github.com/StarateJI/L2Mauto/blob/bot-logs/runs/20260929_140147_fail_periodic.log
2026-09-29 14:01:50,299 - DEBUG - [global] log_uploader: STEP 2 SKIP (no PNGs)
2026-09-29 14:01:51,187 - DEBUG - [global] _api_put: GET runs/20260929_140147_fail_global.log -> 404
2026-09-29 14:01:53,187 - DEBUG - [global] _api_put: PUT runs/20260929_140147_fail_global.log -> 201 (20010 bytes)
2026-09-29 14:01:53,188 - DEBUG - [global] log_uploader: STEP 3 (global log) -> https://github.com/StarateJI/L2Mauto/blob/bot-logs/runs/20260929_140147_fail_global.log
2026-09-29 14:01:53,188 - DEBUG - [global] log_uploader: END window=periodic
2026-09-29 14:01:53,188 - INFO - [global] LogUploader: upload_run_logs завершён
2026-09-29 14:02:11,142 - INFO - [global] Проверяю обновы...
2026-09-29 14:02:11,969 - DEBUG - [global] needs_update: raw → 5.13.09
2026-09-29 14:02:12,147 - DEBUG - [global] needs_update: API → 5.13.09
2026-09-29 14:02:12,147 - DEBUG - [global] needs_update: лучший источник raw → 5.13.09 (из 2)
2026-09-29 14:02:12,148 - INFO - [global] needs_update: local=(5, 13, 7) remote=(5, 13, 9) -> has_update=True
2026-09-29 14:02:12,148 - INFO - [global] Доступна обнова! Спавню кнопку
2026-09-29 14:02:42,163 - INFO - [global] Проверяю обновы...
2026-09-29 14:02:43,000 - DEBUG - [global] needs_update: raw → 5.13.09
2026-09-29 14:02:43,139 - DEBUG - [global] needs_update: API → 5.13.09
2026-09-29 14:02:43,139 - DEBUG - [global] needs_update: лучший источник raw → 5.13.09 (из 2)
2026-09-29 14:02:43,139 - INFO - [global] needs_update: local=(5, 13, 7) remote=(5, 13, 9) -> has_update=True
2026-09-29 14:02:43,139 - INFO - [global] Доступна обнова! Спавню кнопку
2026-09-29 14:02:53,219 - INFO - [global] LogUploader: запускаю upload_run_logs...
2026-09-29 14:02:53,219 - DEBUG - [global] log_uploader: START window=periodic made=-1 token=...Rjnfq
2026-09-29 14:02:54,133 - DEBUG - [global] _api_put: GET runs/20260929_140253_fail_periodic.log -> 404
2026-09-29 14:02:55,882 - DEBUG - [global] _api_put: PUT runs/20260929_140253_fail_periodic.log -> 201 (3411 bytes)
2026-09-29 14:02:55,884 - DEBUG - [global] log_uploader: STEP 1 (window log) -> https://github.com/StarateJI/L2Mauto/blob/bot-logs/runs/20260929_140253_fail_periodic.log
2026-09-29 14:02:55,885 - DEBUG - [global] log_uploader: STEP 2 SKIP (no PNGs)
2026-09-29 14:02:56,827 - DEBUG - [global] _api_put: GET runs/20260929_140253_fail_global.log -> 404
2026-09-29 14:02:59,045 - DEBUG - [global] _api_put: PUT runs/20260929_140253_fail_global.log -> 201 (20010 bytes)
2026-09-29 14:02:59,047 - DEBUG - [global] log_uploader: STEP 3 (global log) -> https://github.com/StarateJI/L2Mauto/blob/bot-logs/runs/20260929_140253_fail_global.log
2026-09-29 14:02:59,047 - DEBUG - [global] log_uploader: END window=periodic
2026-09-29 14:02:59,047 - INFO - [global] LogUploader: upload_run_logs завершён
2026-09-29 14:03:13,153 - INFO - [global] Проверяю обновы...
2026-09-29 14:03:14,178 - DEBUG - [global] needs_update: API → 5.13.09
2026-09-29 14:03:14,214 - DEBUG - [global] needs_update: raw → 5.13.09
2026-09-29 14:03:14,214 - DEBUG - [global] needs_update: лучший источник API → 5.13.09 (из 2)
2026-09-29 14:03:14,214 - INFO - [global] needs_update: local=(5, 13, 7) remote=(5, 13, 9) -> has_update=True
2026-09-29 14:03:14,214 - INFO - [global] Доступна обнова! Спавню кнопку
2026-09-29 14:03:44,231 - INFO - [global] Проверяю обновы...
2026-09-29 14:03:45,061 - DEBUG - [global] needs_update: raw → 5.13.09
2026-09-29 14:03:45,244 - DEBUG - [global] needs_update: API → 5.13.09
2026-09-29 14:03:45,244 - DEBUG - [global] needs_update: лучший источник raw → 5.13.09 (из 2)
2026-09-29 14:03:45,244 - INFO - [global] needs_update: local=(5, 13, 7) remote=(5, 13, 9) -> has_update=True
2026-09-29 14:03:45,244 - INFO - [global] Доступна обнова! Спавню кнопку
2026-09-29 14:03:59,077 - INFO - [global] LogUploader: запускаю upload_run_logs...
2026-09-29 14:03:59,077 - DEBUG - [global] log_uploader: START window=periodic made=-1 token=...Rjnfq
2026-09-29 14:04:00,004 - DEBUG - [global] _api_put: GET runs/20260929_140359_fail_periodic.log -> 404
2026-09-29 14:04:01,853 - DEBUG - [global] _api_put: PUT runs/20260929_140359_fail_periodic.log -> 201 (3411 bytes)
2026-09-29 14:04:01,855 - DEBUG - [global] log_uploader: STEP 1 (window log) -> https://github.com/StarateJI/L2Mauto/blob/bot-logs/runs/20260929_140359_fail_periodic.log
2026-09-29 14:04:01,856 - DEBUG - [global] log_uploader: STEP 2 SKIP (no PNGs)
2026-09-29 14:04:02,808 - DEBUG - [global] _api_put: GET runs/20260929_140359_fail_global.log -> 404
2026-09-29 14:04:05,003 - DEBUG - [global] _api_put: PUT runs/20260929_140359_fail_global.log -> 201 (20010 bytes)
2026-09-29 14:04:05,005 - DEBUG - [global] log_uploader: STEP 3 (global log) -> https://github.com/StarateJI/L2Mauto/blob/bot-logs/runs/20260929_140359_fail_global.log
2026-09-29 14:04:05,005 - DEBUG - [global] log_uploader: END window=periodic
2026-09-29 14:04:05,006 - INFO - [global] LogUploader: upload_run_logs завершён
2026-09-29 14:04:15,261 - INFO - [global] Проверяю обновы...
2026-09-29 14:04:16,082 - DEBUG - [global] needs_update: raw → 5.13.09
2026-09-29 14:04:16,373 - DEBUG - [global] needs_update: API → 5.13.09
2026-09-29 14:04:16,374 - DEBUG - [global] needs_update: лучший источник raw → 5.13.09 (из 2)
2026-09-29 14:04:16,374 - INFO - [global] needs_update: local=(5, 13, 7) remote=(5, 13, 9) -> has_update=True
2026-09-29 14:04:16,374 - INFO - [global] Доступна обнова! Спавню кнопку
2026-09-29 14:04:46,389 - INFO - [global] Проверяю обновы...
2026-09-29 14:04:47,181 - DEBUG - [global] needs_update: raw → 5.13.09
2026-09-29 14:04:47,416 - DEBUG - [global] needs_update: API → 5.13.09
2026-09-29 14:04:47,416 - DEBUG - [global] needs_update: лучший источник raw → 5.13.09 (из 2)
2026-09-29 14:04:47,416 - INFO - [global] needs_update: local=(5, 13, 7) remote=(5, 13, 9) -> has_update=True
2026-09-29 14:04:47,417 - INFO - [global] Доступна обнова! Спавню кнопку
2026-09-29 14:05:05,030 - INFO - [global] LogUploader: запускаю upload_run_logs...
2026-09-29 14:05:05,030 - DEBUG - [global] log_uploader: START window=periodic made=-1 token=...Rjnfq
2026-09-29 14:05:06,121 - DEBUG - [global] _api_put: GET runs/20260929_140505_fail_periodic.log -> 404
2026-09-29 14:05:08,120 - DEBUG - [global] _api_put: PUT runs/20260929_140505_fail_periodic.log -> 201 (3411 bytes)
2026-09-29 14:05:08,122 - DEBUG - [global] log_uploader: STEP 1 (window log) -> https://github.com/StarateJI/L2Mauto/blob/bot-logs/runs/20260929_140505_fail_periodic.log
2026-09-29 14:05:08,123 - DEBUG - [global] log_uploader: STEP 2 SKIP (no PNGs)
