=== Log tail 2026-09-17T18:57:32.021691 | last 200 lines ===
2026-09-17 18:48:51,697 - DEBUG - [global] _api_put: GET runs/20260917_184848_fail_global.log -> 404
2026-09-17 18:48:53,255 - DEBUG - [global] _api_put: PUT runs/20260917_184848_fail_global.log -> 201 (19808 bytes)
2026-09-17 18:48:53,257 - DEBUG - [global] log_uploader: STEP 3 (global log) -> https://github.com/StarateJI/L2Mauto/blob/bot-logs/runs/20260917_184848_fail_global.log
2026-09-17 18:48:53,257 - DEBUG - [global] log_uploader: END window=periodic
2026-09-17 18:48:53,257 - INFO - [global] LogUploader: upload_run_logs завершён
2026-09-17 18:49:20,498 - INFO - [global] Проверяю обновы...
2026-09-17 18:49:21,334 - DEBUG - [global] needs_update: API GitHub → 5.9.1
2026-09-17 18:49:21,957 - DEBUG - [global] needs_update: raw → 5.9.1
2026-09-17 18:49:22,594 - DEBUG - [global] needs_update: jsdelivr → 5.9.0
2026-09-17 18:49:22,594 - DEBUG - [global] needs_update: лучший источник API → 5.9.1 (из 3)
2026-09-17 18:49:22,595 - INFO - [global] needs_update: local=(5, 9, 1) remote=(5, 9, 1) -> has_update=False
2026-09-17 18:49:22,596 - INFO - [global] Установлена последняя версия бота | 5.9.1
2026-09-17 18:49:52,613 - INFO - [global] Проверяю обновы...
2026-09-17 18:49:53,294 - INFO - [global] LogUploader: запускаю upload_run_logs...
2026-09-17 18:49:53,294 - DEBUG - [global] log_uploader: START window=periodic made=-1 token=...Rjnfq
2026-09-17 18:49:53,459 - DEBUG - [global] needs_update: API GitHub → 5.9.1
2026-09-17 18:49:54,138 - DEBUG - [global] needs_update: raw → 5.9.1
2026-09-17 18:49:54,182 - DEBUG - [global] _api_put: GET runs/20260917_184953_fail_periodic.log -> 404
2026-09-17 18:49:54,881 - DEBUG - [global] needs_update: jsdelivr → 5.9.0
2026-09-17 18:49:54,881 - DEBUG - [global] needs_update: лучший источник API → 5.9.1 (из 3)
2026-09-17 18:49:54,883 - INFO - [global] needs_update: local=(5, 9, 1) remote=(5, 9, 1) -> has_update=False
2026-09-17 18:49:54,883 - INFO - [global] Установлена последняя версия бота | 5.9.1
2026-09-17 18:49:55,816 - DEBUG - [global] _api_put: PUT runs/20260917_184953_fail_periodic.log -> 201 (10182 bytes)
2026-09-17 18:49:55,818 - DEBUG - [global] log_uploader: STEP 1 (window log) -> https://github.com/StarateJI/L2Mauto/blob/bot-logs/runs/20260917_184953_fail_periodic.log
2026-09-17 18:49:55,818 - DEBUG - [global] log_uploader: STEP 2 SKIP (no PNGs)
2026-09-17 18:49:56,701 - DEBUG - [global] _api_put: GET runs/20260917_184953_fail_global.log -> 404
2026-09-17 18:49:58,314 - DEBUG - [global] _api_put: PUT runs/20260917_184953_fail_global.log -> 201 (19808 bytes)
2026-09-17 18:49:58,316 - DEBUG - [global] log_uploader: STEP 3 (global log) -> https://github.com/StarateJI/L2Mauto/blob/bot-logs/runs/20260917_184953_fail_global.log
2026-09-17 18:49:58,316 - DEBUG - [global] log_uploader: END window=periodic
2026-09-17 18:49:58,316 - INFO - [global] LogUploader: upload_run_logs завершён
2026-09-17 18:50:24,900 - INFO - [global] Проверяю обновы...
2026-09-17 18:50:25,722 - DEBUG - [global] needs_update: API GitHub → 5.9.1
2026-09-17 18:50:26,311 - DEBUG - [global] needs_update: raw → 5.9.1
2026-09-17 18:50:26,959 - DEBUG - [global] needs_update: jsdelivr → 5.9.0
2026-09-17 18:50:26,960 - DEBUG - [global] needs_update: лучший источник API → 5.9.1 (из 3)
2026-09-17 18:50:26,961 - INFO - [global] needs_update: local=(5, 9, 1) remote=(5, 9, 1) -> has_update=False
2026-09-17 18:50:26,961 - INFO - [global] Установлена последняя версия бота | 5.9.1
2026-09-17 18:50:56,977 - INFO - [global] Проверяю обновы...
2026-09-17 18:50:57,962 - DEBUG - [global] needs_update: API GitHub → 5.9.1
2026-09-17 18:50:58,351 - INFO - [global] LogUploader: запускаю upload_run_logs...
2026-09-17 18:50:58,352 - DEBUG - [global] log_uploader: START window=periodic made=-1 token=...Rjnfq
2026-09-17 18:50:58,590 - DEBUG - [global] needs_update: raw → 5.9.1
2026-09-17 18:50:59,219 - DEBUG - [global] _api_put: GET runs/20260917_185058_fail_periodic.log -> 404
2026-09-17 18:50:59,291 - DEBUG - [global] needs_update: jsdelivr → 5.9.0
2026-09-17 18:50:59,291 - DEBUG - [global] needs_update: лучший источник API → 5.9.1 (из 3)
2026-09-17 18:50:59,293 - INFO - [global] needs_update: local=(5, 9, 1) remote=(5, 9, 1) -> has_update=False
2026-09-17 18:50:59,293 - INFO - [global] Установлена последняя версия бота | 5.9.1
2026-09-17 18:51:00,652 - DEBUG - [global] _api_put: PUT runs/20260917_185058_fail_periodic.log -> 201 (10182 bytes)
2026-09-17 18:51:00,654 - DEBUG - [global] log_uploader: STEP 1 (window log) -> https://github.com/StarateJI/L2Mauto/blob/bot-logs/runs/20260917_185058_fail_periodic.log
2026-09-17 18:51:00,655 - DEBUG - [global] log_uploader: STEP 2 SKIP (no PNGs)
2026-09-17 18:51:01,598 - DEBUG - [global] _api_put: GET runs/20260917_185058_fail_global.log -> 404
2026-09-17 18:51:03,184 - DEBUG - [global] _api_put: PUT runs/20260917_185058_fail_global.log -> 201 (19808 bytes)
2026-09-17 18:51:03,186 - DEBUG - [global] log_uploader: STEP 3 (global log) -> https://github.com/StarateJI/L2Mauto/blob/bot-logs/runs/20260917_185058_fail_global.log
2026-09-17 18:51:03,186 - DEBUG - [global] log_uploader: END window=periodic
2026-09-17 18:51:03,186 - INFO - [global] LogUploader: upload_run_logs завершён
2026-09-17 18:51:29,310 - INFO - [global] Проверяю обновы...
2026-09-17 18:51:30,131 - DEBUG - [global] needs_update: API GitHub → 5.9.1
2026-09-17 18:51:30,763 - DEBUG - [global] needs_update: raw → 5.9.1
2026-09-17 18:51:31,418 - DEBUG - [global] needs_update: jsdelivr → 5.9.0
2026-09-17 18:51:31,418 - DEBUG - [global] needs_update: лучший источник API → 5.9.1 (из 3)
2026-09-17 18:51:31,419 - INFO - [global] needs_update: local=(5, 9, 1) remote=(5, 9, 1) -> has_update=False
2026-09-17 18:51:31,420 - INFO - [global] Установлена последняя версия бота | 5.9.1
2026-09-17 18:52:01,437 - INFO - [global] Проверяю обновы...
2026-09-17 18:52:02,239 - DEBUG - [global] needs_update: API GitHub → 5.9.1
2026-09-17 18:52:02,889 - DEBUG - [global] needs_update: raw → 5.9.1
2026-09-17 18:52:03,220 - INFO - [global] LogUploader: запускаю upload_run_logs...
2026-09-17 18:52:03,220 - DEBUG - [global] log_uploader: START window=periodic made=-1 token=...Rjnfq
2026-09-17 18:52:03,543 - DEBUG - [global] needs_update: jsdelivr → 5.9.0
2026-09-17 18:52:03,543 - DEBUG - [global] needs_update: лучший источник API → 5.9.1 (из 3)
2026-09-17 18:52:03,545 - INFO - [global] needs_update: local=(5, 9, 1) remote=(5, 9, 1) -> has_update=False
2026-09-17 18:52:03,545 - INFO - [global] Установлена последняя версия бота | 5.9.1
2026-09-17 18:52:04,065 - DEBUG - [global] _api_put: GET runs/20260917_185203_fail_periodic.log -> 404
2026-09-17 18:52:05,753 - DEBUG - [global] _api_put: PUT runs/20260917_185203_fail_periodic.log -> 201 (10182 bytes)
2026-09-17 18:52:05,754 - DEBUG - [global] log_uploader: STEP 1 (window log) -> https://github.com/StarateJI/L2Mauto/blob/bot-logs/runs/20260917_185203_fail_periodic.log
2026-09-17 18:52:05,754 - DEBUG - [global] log_uploader: STEP 2 SKIP (no PNGs)
2026-09-17 18:52:06,653 - DEBUG - [global] _api_put: GET runs/20260917_185203_fail_global.log -> 404
2026-09-17 18:52:08,423 - DEBUG - [global] _api_put: PUT runs/20260917_185203_fail_global.log -> 201 (19808 bytes)
2026-09-17 18:52:08,426 - DEBUG - [global] log_uploader: STEP 3 (global log) -> https://github.com/StarateJI/L2Mauto/blob/bot-logs/runs/20260917_185203_fail_global.log
2026-09-17 18:52:08,426 - DEBUG - [global] log_uploader: END window=periodic
2026-09-17 18:52:08,426 - INFO - [global] LogUploader: upload_run_logs завершён
2026-09-17 18:52:33,568 - INFO - [global] Проверяю обновы...
2026-09-17 18:52:34,381 - DEBUG - [global] needs_update: API GitHub → 5.9.1
2026-09-17 18:52:34,999 - DEBUG - [global] needs_update: raw → 5.9.1
2026-09-17 18:52:35,631 - DEBUG - [global] needs_update: jsdelivr → 5.9.0
2026-09-17 18:52:35,631 - DEBUG - [global] needs_update: лучший источник API → 5.9.1 (из 3)
2026-09-17 18:52:35,633 - INFO - [global] needs_update: local=(5, 9, 1) remote=(5, 9, 1) -> has_update=False
2026-09-17 18:52:35,634 - INFO - [global] Установлена последняя версия бота | 5.9.1
2026-09-17 18:53:05,650 - INFO - [global] Проверяю обновы...
2026-09-17 18:53:06,463 - DEBUG - [global] needs_update: API GitHub → 5.9.1
2026-09-17 18:53:07,118 - DEBUG - [global] needs_update: raw → 5.9.1
2026-09-17 18:53:07,702 - DEBUG - [global] needs_update: jsdelivr → 5.9.0
2026-09-17 18:53:07,703 - DEBUG - [global] needs_update: лучший источник API → 5.9.1 (из 3)
2026-09-17 18:53:07,705 - INFO - [global] needs_update: local=(5, 9, 1) remote=(5, 9, 1) -> has_update=False
2026-09-17 18:53:07,706 - INFO - [global] Установлена последняя версия бота | 5.9.1
2026-09-17 18:53:08,458 - INFO - [global] LogUploader: запускаю upload_run_logs...
2026-09-17 18:53:08,459 - DEBUG - [global] log_uploader: START window=periodic made=-1 token=...Rjnfq
2026-09-17 18:53:09,341 - DEBUG - [global] _api_put: GET runs/20260917_185308_fail_periodic.log -> 404
2026-09-17 18:53:10,830 - DEBUG - [global] _api_put: PUT runs/20260917_185308_fail_periodic.log -> 201 (10182 bytes)
2026-09-17 18:53:10,832 - DEBUG - [global] log_uploader: STEP 1 (window log) -> https://github.com/StarateJI/L2Mauto/blob/bot-logs/runs/20260917_185308_fail_periodic.log
2026-09-17 18:53:10,832 - DEBUG - [global] log_uploader: STEP 2 SKIP (no PNGs)
2026-09-17 18:53:11,787 - DEBUG - [global] _api_put: GET runs/20260917_185308_fail_global.log -> 404
2026-09-17 18:53:13,358 - DEBUG - [global] _api_put: PUT runs/20260917_185308_fail_global.log -> 201 (19825 bytes)
2026-09-17 18:53:13,360 - DEBUG - [global] log_uploader: STEP 3 (global log) -> https://github.com/StarateJI/L2Mauto/blob/bot-logs/runs/20260917_185308_fail_global.log
2026-09-17 18:53:13,360 - DEBUG - [global] log_uploader: END window=periodic
2026-09-17 18:53:13,360 - INFO - [global] LogUploader: upload_run_logs завершён
2026-09-17 18:53:37,722 - INFO - [global] Проверяю обновы...
2026-09-17 18:53:38,513 - DEBUG - [global] needs_update: API GitHub → 5.9.1
2026-09-17 18:53:39,145 - DEBUG - [global] needs_update: raw → 5.9.1
2026-09-17 18:53:39,724 - DEBUG - [global] needs_update: jsdelivr → 5.9.0
2026-09-17 18:53:39,724 - DEBUG - [global] needs_update: лучший источник API → 5.9.1 (из 3)
2026-09-17 18:53:39,726 - INFO - [global] needs_update: local=(5, 9, 1) remote=(5, 9, 1) -> has_update=False
2026-09-17 18:53:39,727 - INFO - [global] Установлена последняя версия бота | 5.9.1
2026-09-17 18:54:09,744 - INFO - [global] Проверяю обновы...
2026-09-17 18:54:10,591 - DEBUG - [global] needs_update: API GitHub → 5.9.1
2026-09-17 18:54:11,212 - DEBUG - [global] needs_update: raw → 5.9.1
2026-09-17 18:54:11,797 - DEBUG - [global] needs_update: jsdelivr → 5.9.0
2026-09-17 18:54:11,797 - DEBUG - [global] needs_update: лучший источник API → 5.9.1 (из 3)
2026-09-17 18:54:11,799 - INFO - [global] needs_update: local=(5, 9, 1) remote=(5, 9, 1) -> has_update=False
2026-09-17 18:54:11,799 - INFO - [global] Установлена последняя версия бота | 5.9.1
2026-09-17 18:54:13,394 - INFO - [global] LogUploader: запускаю upload_run_logs...
2026-09-17 18:54:13,394 - DEBUG - [global] log_uploader: START window=periodic made=-1 token=...Rjnfq
2026-09-17 18:54:14,228 - DEBUG - [global] _api_put: GET runs/20260917_185413_fail_periodic.log -> 404
2026-09-17 18:54:15,953 - DEBUG - [global] _api_put: PUT runs/20260917_185413_fail_periodic.log -> 201 (10182 bytes)
2026-09-17 18:54:15,956 - DEBUG - [global] log_uploader: STEP 1 (window log) -> https://github.com/StarateJI/L2Mauto/blob/bot-logs/runs/20260917_185413_fail_periodic.log
2026-09-17 18:54:15,956 - DEBUG - [global] log_uploader: STEP 2 SKIP (no PNGs)
2026-09-17 18:54:16,859 - DEBUG - [global] _api_put: GET runs/20260917_185413_fail_global.log -> 404
2026-09-17 18:54:18,354 - DEBUG - [global] _api_put: PUT runs/20260917_185413_fail_global.log -> 201 (19890 bytes)
2026-09-17 18:54:18,356 - DEBUG - [global] log_uploader: STEP 3 (global log) -> https://github.com/StarateJI/L2Mauto/blob/bot-logs/runs/20260917_185413_fail_global.log
2026-09-17 18:54:18,356 - DEBUG - [global] log_uploader: END window=periodic
2026-09-17 18:54:18,356 - INFO - [global] LogUploader: upload_run_logs завершён
2026-09-17 18:54:41,820 - INFO - [global] Проверяю обновы...
2026-09-17 18:54:42,632 - DEBUG - [global] needs_update: API GitHub → 5.9.1
2026-09-17 18:54:43,272 - DEBUG - [global] needs_update: raw → 5.9.1
2026-09-17 18:54:43,866 - DEBUG - [global] needs_update: jsdelivr → 5.9.0
2026-09-17 18:54:43,866 - DEBUG - [global] needs_update: лучший источник API → 5.9.1 (из 3)
2026-09-17 18:54:43,867 - INFO - [global] needs_update: local=(5, 9, 1) remote=(5, 9, 1) -> has_update=False
2026-09-17 18:54:43,868 - INFO - [global] Установлена последняя версия бота | 5.9.1
2026-09-17 18:55:13,886 - INFO - [global] Проверяю обновы...
2026-09-17 18:55:14,711 - DEBUG - [global] needs_update: API GitHub → 5.9.1
2026-09-17 18:55:15,344 - DEBUG - [global] needs_update: raw → 5.9.1
2026-09-17 18:55:15,941 - DEBUG - [global] needs_update: jsdelivr → 5.9.0
2026-09-17 18:55:15,941 - DEBUG - [global] needs_update: лучший источник API → 5.9.1 (из 3)
2026-09-17 18:55:15,942 - INFO - [global] needs_update: local=(5, 9, 1) remote=(5, 9, 1) -> has_update=False
2026-09-17 18:55:15,943 - INFO - [global] Установлена последняя версия бота | 5.9.1
2026-09-17 18:55:18,392 - INFO - [global] LogUploader: запускаю upload_run_logs...
2026-09-17 18:55:18,392 - DEBUG - [global] log_uploader: START window=periodic made=-1 token=...Rjnfq
2026-09-17 18:55:19,243 - DEBUG - [global] _api_put: GET runs/20260917_185518_fail_periodic.log -> 404
2026-09-17 18:55:21,490 - DEBUG - [global] _api_put: PUT runs/20260917_185518_fail_periodic.log -> 201 (10182 bytes)
2026-09-17 18:55:21,492 - DEBUG - [global] log_uploader: STEP 1 (window log) -> https://github.com/StarateJI/L2Mauto/blob/bot-logs/runs/20260917_185518_fail_periodic.log
2026-09-17 18:55:21,493 - DEBUG - [global] log_uploader: STEP 2 SKIP (no PNGs)
2026-09-17 18:55:22,424 - DEBUG - [global] _api_put: GET runs/20260917_185518_fail_global.log -> 404
2026-09-17 18:55:24,137 - DEBUG - [global] _api_put: PUT runs/20260917_185518_fail_global.log -> 201 (19890 bytes)
2026-09-17 18:55:24,139 - DEBUG - [global] log_uploader: STEP 3 (global log) -> https://github.com/StarateJI/L2Mauto/blob/bot-logs/runs/20260917_185518_fail_global.log
2026-09-17 18:55:24,139 - DEBUG - [global] log_uploader: END window=periodic
2026-09-17 18:55:24,139 - INFO - [global] LogUploader: upload_run_logs завершён
2026-09-17 18:55:45,961 - INFO - [global] Проверяю обновы...
2026-09-17 18:55:46,780 - DEBUG - [global] needs_update: API GitHub → 5.9.1
2026-09-17 18:55:47,389 - DEBUG - [global] needs_update: raw → 5.9.1
2026-09-17 18:55:47,979 - DEBUG - [global] needs_update: jsdelivr → 5.9.0
2026-09-17 18:55:47,979 - DEBUG - [global] needs_update: лучший источник API → 5.9.1 (из 3)
2026-09-17 18:55:47,981 - INFO - [global] needs_update: local=(5, 9, 1) remote=(5, 9, 1) -> has_update=False
2026-09-17 18:55:47,982 - INFO - [global] Установлена последняя версия бота | 5.9.1
2026-09-17 18:56:17,999 - INFO - [global] Проверяю обновы...
2026-09-17 18:56:18,816 - DEBUG - [global] needs_update: API GitHub → 5.9.1
2026-09-17 18:56:19,442 - DEBUG - [global] needs_update: raw → 5.9.1
2026-09-17 18:56:20,016 - DEBUG - [global] needs_update: jsdelivr → 5.9.0
2026-09-17 18:56:20,016 - DEBUG - [global] needs_update: лучший источник API → 5.9.1 (из 3)
2026-09-17 18:56:20,018 - INFO - [global] needs_update: local=(5, 9, 1) remote=(5, 9, 1) -> has_update=False
2026-09-17 18:56:20,018 - INFO - [global] Установлена последняя версия бота | 5.9.1
2026-09-17 18:56:24,170 - INFO - [global] LogUploader: запускаю upload_run_logs...
2026-09-17 18:56:24,170 - DEBUG - [global] log_uploader: START window=periodic made=-1 token=...Rjnfq
2026-09-17 18:56:24,978 - DEBUG - [global] _api_put: GET runs/20260917_185624_fail_periodic.log -> 404
2026-09-17 18:56:26,446 - DEBUG - [global] _api_put: PUT runs/20260917_185624_fail_periodic.log -> 201 (10182 bytes)
2026-09-17 18:56:26,448 - DEBUG - [global] log_uploader: STEP 1 (window log) -> https://github.com/StarateJI/L2Mauto/blob/bot-logs/runs/20260917_185624_fail_periodic.log
2026-09-17 18:56:26,449 - DEBUG - [global] log_uploader: STEP 2 SKIP (no PNGs)
2026-09-17 18:56:27,368 - DEBUG - [global] _api_put: GET runs/20260917_185624_fail_global.log -> 404
2026-09-17 18:56:29,239 - DEBUG - [global] _api_put: PUT runs/20260917_185624_fail_global.log -> 201 (19877 bytes)
2026-09-17 18:56:29,240 - DEBUG - [global] log_uploader: STEP 3 (global log) -> https://github.com/StarateJI/L2Mauto/blob/bot-logs/runs/20260917_185624_fail_global.log
2026-09-17 18:56:29,240 - DEBUG - [global] log_uploader: END window=periodic
2026-09-17 18:56:29,240 - INFO - [global] LogUploader: upload_run_logs завершён
2026-09-17 18:56:50,036 - INFO - [global] Проверяю обновы...
2026-09-17 18:56:50,814 - DEBUG - [global] needs_update: API GitHub → 5.9.1
2026-09-17 18:56:51,481 - DEBUG - [global] needs_update: raw → 5.9.1
2026-09-17 18:56:52,041 - DEBUG - [global] needs_update: jsdelivr → 5.9.0
2026-09-17 18:56:52,041 - DEBUG - [global] needs_update: лучший источник API → 5.9.1 (из 3)
2026-09-17 18:56:52,043 - INFO - [global] needs_update: local=(5, 9, 1) remote=(5, 9, 1) -> has_update=False
2026-09-17 18:56:52,043 - INFO - [global] Установлена последняя версия бота | 5.9.1
2026-09-17 18:57:22,060 - INFO - [global] Проверяю обновы...
2026-09-17 18:57:22,894 - DEBUG - [global] needs_update: API GitHub → 5.9.1
2026-09-17 18:57:23,505 - DEBUG - [global] needs_update: raw → 5.9.1
2026-09-17 18:57:24,099 - DEBUG - [global] needs_update: jsdelivr → 5.9.0
2026-09-17 18:57:24,099 - DEBUG - [global] needs_update: лучший источник API → 5.9.1 (из 3)
2026-09-17 18:57:24,102 - INFO - [global] needs_update: local=(5, 9, 1) remote=(5, 9, 1) -> has_update=False
2026-09-17 18:57:24,102 - INFO - [global] Установлена последняя версия бота | 5.9.1
2026-09-17 18:57:29,275 - INFO - [global] LogUploader: запускаю upload_run_logs...
2026-09-17 18:57:29,276 - DEBUG - [global] log_uploader: START window=periodic made=-1 token=...Rjnfq
2026-09-17 18:57:30,105 - DEBUG - [global] _api_put: GET runs/20260917_185729_fail_periodic.log -> 404
2026-09-17 18:57:31,928 - DEBUG - [global] _api_put: PUT runs/20260917_185729_fail_periodic.log -> 201 (10182 bytes)
2026-09-17 18:57:31,929 - DEBUG - [global] log_uploader: STEP 1 (window log) -> https://github.com/StarateJI/L2Mauto/blob/bot-logs/runs/20260917_185729_fail_periodic.log
2026-09-17 18:57:31,929 - DEBUG - [global] log_uploader: STEP 2 SKIP (no PNGs)
