=== Log tail 2026-09-28T11:39:51.496872 | last 200 lines ===
2026-09-28 11:31:00,221 - DEBUG - [global] needs_update: API → 5.13.09
2026-09-28 11:31:00,222 - DEBUG - [global] needs_update: лучший источник raw → 5.13.09 (из 2)
2026-09-28 11:31:00,222 - INFO - [global] needs_update: local=(5, 13, 7) remote=(5, 13, 9) -> has_update=True
2026-09-28 11:31:00,222 - INFO - [global] Доступна обнова! Спавню кнопку
2026-09-28 11:31:03,420 - INFO - [global] LogUploader: запускаю upload_run_logs...
2026-09-28 11:31:03,420 - DEBUG - [global] log_uploader: START window=periodic made=-1 token=...Rjnfq
2026-09-28 11:31:04,270 - DEBUG - [global] _api_put: GET runs/20260928_113103_fail_periodic.log -> 404
2026-09-28 11:31:05,883 - DEBUG - [global] _api_put: PUT runs/20260928_113103_fail_periodic.log -> 201 (2785 bytes)
2026-09-28 11:31:05,885 - DEBUG - [global] log_uploader: STEP 1 (window log) -> https://github.com/StarateJI/L2Mauto/blob/bot-logs/runs/20260928_113103_fail_periodic.log
2026-09-28 11:31:05,886 - DEBUG - [global] log_uploader: STEP 2 SKIP (no PNGs)
2026-09-28 11:31:06,732 - DEBUG - [global] _api_put: GET runs/20260928_113103_fail_global.log -> 404
2026-09-28 11:31:08,755 - DEBUG - [global] _api_put: PUT runs/20260928_113103_fail_global.log -> 201 (20207 bytes)
2026-09-28 11:31:08,756 - DEBUG - [global] log_uploader: STEP 3 (global log) -> https://github.com/StarateJI/L2Mauto/blob/bot-logs/runs/20260928_113103_fail_global.log
2026-09-28 11:31:08,756 - DEBUG - [global] log_uploader: END window=periodic
2026-09-28 11:31:08,756 - INFO - [global] LogUploader: upload_run_logs завершён
2026-09-28 11:31:30,236 - INFO - [global] Проверяю обновы...
2026-09-28 11:31:31,023 - DEBUG - [global] needs_update: raw → 5.13.09
2026-09-28 11:31:31,246 - DEBUG - [global] needs_update: API → 5.13.09
2026-09-28 11:31:31,246 - DEBUG - [global] needs_update: лучший источник raw → 5.13.09 (из 2)
2026-09-28 11:31:31,247 - INFO - [global] needs_update: local=(5, 13, 7) remote=(5, 13, 9) -> has_update=True
2026-09-28 11:31:31,247 - INFO - [global] Доступна обнова! Спавню кнопку
2026-09-28 11:32:01,259 - INFO - [global] Проверяю обновы...
2026-09-28 11:32:02,077 - DEBUG - [global] needs_update: raw → 5.13.09
2026-09-28 11:32:02,266 - DEBUG - [global] needs_update: API → 5.13.09
2026-09-28 11:32:02,267 - DEBUG - [global] needs_update: лучший источник raw → 5.13.09 (из 2)
2026-09-28 11:32:02,267 - INFO - [global] needs_update: local=(5, 13, 7) remote=(5, 13, 9) -> has_update=True
2026-09-28 11:32:02,267 - INFO - [global] Доступна обнова! Спавню кнопку
2026-09-28 11:32:08,786 - INFO - [global] LogUploader: запускаю upload_run_logs...
2026-09-28 11:32:08,787 - DEBUG - [global] log_uploader: START window=periodic made=-1 token=...Rjnfq
2026-09-28 11:32:09,675 - DEBUG - [global] _api_put: GET runs/20260928_113208_fail_periodic.log -> 404
2026-09-28 11:32:11,817 - DEBUG - [global] _api_put: PUT runs/20260928_113208_fail_periodic.log -> 201 (2785 bytes)
2026-09-28 11:32:11,819 - DEBUG - [global] log_uploader: STEP 1 (window log) -> https://github.com/StarateJI/L2Mauto/blob/bot-logs/runs/20260928_113208_fail_periodic.log
2026-09-28 11:32:11,819 - DEBUG - [global] log_uploader: STEP 2 SKIP (no PNGs)
2026-09-28 11:32:12,691 - DEBUG - [global] _api_put: GET runs/20260928_113208_fail_global.log -> 404
2026-09-28 11:32:14,398 - DEBUG - [global] _api_put: PUT runs/20260928_113208_fail_global.log -> 201 (20207 bytes)
2026-09-28 11:32:14,400 - DEBUG - [global] log_uploader: STEP 3 (global log) -> https://github.com/StarateJI/L2Mauto/blob/bot-logs/runs/20260928_113208_fail_global.log
2026-09-28 11:32:14,400 - DEBUG - [global] log_uploader: END window=periodic
2026-09-28 11:32:14,400 - INFO - [global] LogUploader: upload_run_logs завершён
2026-09-28 11:32:32,281 - INFO - [global] Проверяю обновы...
2026-09-28 11:32:33,092 - DEBUG - [global] needs_update: raw → 5.13.09
2026-09-28 11:32:33,291 - DEBUG - [global] needs_update: API → 5.13.09
2026-09-28 11:32:33,291 - DEBUG - [global] needs_update: лучший источник raw → 5.13.09 (из 2)
2026-09-28 11:32:33,291 - INFO - [global] needs_update: local=(5, 13, 7) remote=(5, 13, 9) -> has_update=True
2026-09-28 11:32:33,291 - INFO - [global] Доступна обнова! Спавню кнопку
2026-09-28 11:33:03,306 - INFO - [global] Проверяю обновы...
2026-09-28 11:33:04,102 - DEBUG - [global] needs_update: raw → 5.13.09
2026-09-28 11:33:04,277 - DEBUG - [global] needs_update: API → 5.13.09
2026-09-28 11:33:04,277 - DEBUG - [global] needs_update: лучший источник raw → 5.13.09 (из 2)
2026-09-28 11:33:04,277 - INFO - [global] needs_update: local=(5, 13, 7) remote=(5, 13, 9) -> has_update=True
2026-09-28 11:33:04,277 - INFO - [global] Доступна обнова! Спавню кнопку
2026-09-28 11:33:14,428 - INFO - [global] LogUploader: запускаю upload_run_logs...
2026-09-28 11:33:14,428 - DEBUG - [global] log_uploader: START window=periodic made=-1 token=...Rjnfq
2026-09-28 11:33:15,337 - DEBUG - [global] _api_put: GET runs/20260928_113314_fail_periodic.log -> 404
2026-09-28 11:33:17,062 - DEBUG - [global] _api_put: PUT runs/20260928_113314_fail_periodic.log -> 201 (2785 bytes)
2026-09-28 11:33:17,064 - DEBUG - [global] log_uploader: STEP 1 (window log) -> https://github.com/StarateJI/L2Mauto/blob/bot-logs/runs/20260928_113314_fail_periodic.log
2026-09-28 11:33:17,065 - DEBUG - [global] log_uploader: STEP 2 SKIP (no PNGs)
2026-09-28 11:33:17,961 - DEBUG - [global] _api_put: GET runs/20260928_113314_fail_global.log -> 404
2026-09-28 11:33:19,690 - DEBUG - [global] _api_put: PUT runs/20260928_113314_fail_global.log -> 201 (20207 bytes)
2026-09-28 11:33:19,691 - DEBUG - [global] log_uploader: STEP 3 (global log) -> https://github.com/StarateJI/L2Mauto/blob/bot-logs/runs/20260928_113314_fail_global.log
2026-09-28 11:33:19,691 - DEBUG - [global] log_uploader: END window=periodic
2026-09-28 11:33:19,691 - INFO - [global] LogUploader: upload_run_logs завершён
2026-09-28 11:33:34,290 - INFO - [global] Проверяю обновы...
2026-09-28 11:33:35,054 - DEBUG - [global] needs_update: raw → 5.13.09
2026-09-28 11:33:35,274 - DEBUG - [global] needs_update: API → 5.13.09
2026-09-28 11:33:35,275 - DEBUG - [global] needs_update: лучший источник raw → 5.13.09 (из 2)
2026-09-28 11:33:35,275 - INFO - [global] needs_update: local=(5, 13, 7) remote=(5, 13, 9) -> has_update=True
2026-09-28 11:33:35,275 - INFO - [global] Доступна обнова! Спавню кнопку
2026-09-28 11:34:05,290 - INFO - [global] Проверяю обновы...
2026-09-28 11:34:06,053 - DEBUG - [global] needs_update: raw → 5.13.09
2026-09-28 11:34:06,318 - DEBUG - [global] needs_update: API → 5.13.09
2026-09-28 11:34:06,318 - DEBUG - [global] needs_update: лучший источник raw → 5.13.09 (из 2)
2026-09-28 11:34:06,318 - INFO - [global] needs_update: local=(5, 13, 7) remote=(5, 13, 9) -> has_update=True
2026-09-28 11:34:06,318 - INFO - [global] Доступна обнова! Спавню кнопку
2026-09-28 11:34:19,722 - INFO - [global] LogUploader: запускаю upload_run_logs...
2026-09-28 11:34:19,722 - DEBUG - [global] log_uploader: START window=periodic made=-1 token=...Rjnfq
2026-09-28 11:34:20,612 - DEBUG - [global] _api_put: GET runs/20260928_113419_fail_periodic.log -> 404
2026-09-28 11:34:23,176 - DEBUG - [global] _api_put: PUT runs/20260928_113419_fail_periodic.log -> 201 (2785 bytes)
2026-09-28 11:34:23,180 - DEBUG - [global] log_uploader: STEP 1 (window log) -> https://github.com/StarateJI/L2Mauto/blob/bot-logs/runs/20260928_113419_fail_periodic.log
2026-09-28 11:34:23,180 - DEBUG - [global] log_uploader: STEP 2 SKIP (no PNGs)
2026-09-28 11:34:24,119 - DEBUG - [global] _api_put: GET runs/20260928_113419_fail_global.log -> 404
2026-09-28 11:34:25,929 - DEBUG - [global] _api_put: PUT runs/20260928_113419_fail_global.log -> 201 (20129 bytes)
2026-09-28 11:34:25,930 - DEBUG - [global] log_uploader: STEP 3 (global log) -> https://github.com/StarateJI/L2Mauto/blob/bot-logs/runs/20260928_113419_fail_global.log
2026-09-28 11:34:25,931 - DEBUG - [global] log_uploader: END window=periodic
2026-09-28 11:34:25,931 - INFO - [global] LogUploader: upload_run_logs завершён
2026-09-28 11:34:36,331 - INFO - [global] Проверяю обновы...
2026-09-28 11:34:37,157 - DEBUG - [global] needs_update: raw → 5.13.09
2026-09-28 11:34:37,365 - DEBUG - [global] needs_update: API → 5.13.09
2026-09-28 11:34:37,365 - DEBUG - [global] needs_update: лучший источник raw → 5.13.09 (из 2)
2026-09-28 11:34:37,366 - INFO - [global] needs_update: local=(5, 13, 7) remote=(5, 13, 9) -> has_update=True
2026-09-28 11:34:37,366 - INFO - [global] Доступна обнова! Спавню кнопку
2026-09-28 11:35:07,381 - INFO - [global] Проверяю обновы...
2026-09-28 11:35:08,177 - DEBUG - [global] needs_update: raw → 5.13.09
2026-09-28 11:35:08,470 - DEBUG - [global] needs_update: API → 5.13.09
2026-09-28 11:35:08,470 - DEBUG - [global] needs_update: лучший источник raw → 5.13.09 (из 2)
2026-09-28 11:35:08,471 - INFO - [global] needs_update: local=(5, 13, 7) remote=(5, 13, 9) -> has_update=True
2026-09-28 11:35:08,471 - INFO - [global] Доступна обнова! Спавню кнопку
2026-09-28 11:35:25,959 - INFO - [global] LogUploader: запускаю upload_run_logs...
2026-09-28 11:35:25,959 - DEBUG - [global] log_uploader: START window=periodic made=-1 token=...Rjnfq
2026-09-28 11:35:26,908 - DEBUG - [global] _api_put: GET runs/20260928_113525_fail_periodic.log -> 404
2026-09-28 11:35:28,679 - DEBUG - [global] _api_put: PUT runs/20260928_113525_fail_periodic.log -> 201 (2785 bytes)
2026-09-28 11:35:28,681 - DEBUG - [global] log_uploader: STEP 1 (window log) -> https://github.com/StarateJI/L2Mauto/blob/bot-logs/runs/20260928_113525_fail_periodic.log
2026-09-28 11:35:28,682 - DEBUG - [global] log_uploader: STEP 2 SKIP (no PNGs)
2026-09-28 11:35:29,583 - DEBUG - [global] _api_put: GET runs/20260928_113525_fail_global.log -> 404
2026-09-28 11:35:31,597 - DEBUG - [global] _api_put: PUT runs/20260928_113525_fail_global.log -> 201 (20129 bytes)
2026-09-28 11:35:31,598 - DEBUG - [global] log_uploader: STEP 3 (global log) -> https://github.com/StarateJI/L2Mauto/blob/bot-logs/runs/20260928_113525_fail_global.log
2026-09-28 11:35:31,598 - DEBUG - [global] log_uploader: END window=periodic
2026-09-28 11:35:31,598 - INFO - [global] LogUploader: upload_run_logs завершён
2026-09-28 11:35:38,489 - INFO - [global] Проверяю обновы...
2026-09-28 11:35:39,310 - DEBUG - [global] needs_update: raw → 5.13.09
2026-09-28 11:35:39,504 - DEBUG - [global] needs_update: API → 5.13.09
2026-09-28 11:35:39,505 - DEBUG - [global] needs_update: лучший источник raw → 5.13.09 (из 2)
2026-09-28 11:35:39,505 - INFO - [global] needs_update: local=(5, 13, 7) remote=(5, 13, 9) -> has_update=True
2026-09-28 11:35:39,505 - INFO - [global] Доступна обнова! Спавню кнопку
2026-09-28 11:36:09,521 - INFO - [global] Проверяю обновы...
2026-09-28 11:36:10,292 - DEBUG - [global] needs_update: raw → 5.13.09
2026-09-28 11:36:10,582 - DEBUG - [global] needs_update: API → 5.13.09
2026-09-28 11:36:10,582 - DEBUG - [global] needs_update: лучший источник raw → 5.13.09 (из 2)
2026-09-28 11:36:10,582 - INFO - [global] needs_update: local=(5, 13, 7) remote=(5, 13, 9) -> has_update=True
2026-09-28 11:36:10,582 - INFO - [global] Доступна обнова! Спавню кнопку
2026-09-28 11:36:31,624 - INFO - [global] LogUploader: запускаю upload_run_logs...
2026-09-28 11:36:31,624 - DEBUG - [global] log_uploader: START window=periodic made=-1 token=...Rjnfq
2026-09-28 11:36:32,491 - DEBUG - [global] _api_put: GET runs/20260928_113631_fail_periodic.log -> 404
2026-09-28 11:36:34,266 - DEBUG - [global] _api_put: PUT runs/20260928_113631_fail_periodic.log -> 201 (2785 bytes)
2026-09-28 11:36:34,267 - DEBUG - [global] log_uploader: STEP 1 (window log) -> https://github.com/StarateJI/L2Mauto/blob/bot-logs/runs/20260928_113631_fail_periodic.log
2026-09-28 11:36:34,268 - DEBUG - [global] log_uploader: STEP 2 SKIP (no PNGs)
2026-09-28 11:36:35,133 - DEBUG - [global] _api_put: GET runs/20260928_113631_fail_global.log -> 404
2026-09-28 11:36:37,095 - DEBUG - [global] _api_put: PUT runs/20260928_113631_fail_global.log -> 201 (20129 bytes)
2026-09-28 11:36:37,097 - DEBUG - [global] log_uploader: STEP 3 (global log) -> https://github.com/StarateJI/L2Mauto/blob/bot-logs/runs/20260928_113631_fail_global.log
2026-09-28 11:36:37,097 - DEBUG - [global] log_uploader: END window=periodic
2026-09-28 11:36:37,097 - INFO - [global] LogUploader: upload_run_logs завершён
2026-09-28 11:36:40,596 - INFO - [global] Проверяю обновы...
2026-09-28 11:36:41,383 - DEBUG - [global] needs_update: raw → 5.13.09
2026-09-28 11:36:41,593 - DEBUG - [global] needs_update: API → 5.13.09
2026-09-28 11:36:41,594 - DEBUG - [global] needs_update: лучший источник raw → 5.13.09 (из 2)
2026-09-28 11:36:41,594 - INFO - [global] needs_update: local=(5, 13, 7) remote=(5, 13, 9) -> has_update=True
2026-09-28 11:36:41,594 - INFO - [global] Доступна обнова! Спавню кнопку
2026-09-28 11:37:11,610 - INFO - [global] Проверяю обновы...
2026-09-28 11:37:12,364 - DEBUG - [global] needs_update: raw → 5.13.09
2026-09-28 11:37:12,667 - DEBUG - [global] needs_update: API → 5.13.09
2026-09-28 11:37:12,667 - DEBUG - [global] needs_update: лучший источник raw → 5.13.09 (из 2)
2026-09-28 11:37:12,668 - INFO - [global] needs_update: local=(5, 13, 7) remote=(5, 13, 9) -> has_update=True
2026-09-28 11:37:12,668 - INFO - [global] Доступна обнова! Спавню кнопку
2026-09-28 11:37:37,129 - INFO - [global] LogUploader: запускаю upload_run_logs...
2026-09-28 11:37:37,129 - DEBUG - [global] log_uploader: START window=periodic made=-1 token=...Rjnfq
2026-09-28 11:37:37,982 - DEBUG - [global] _api_put: GET runs/20260928_113737_fail_periodic.log -> 404
2026-09-28 11:37:39,725 - DEBUG - [global] _api_put: PUT runs/20260928_113737_fail_periodic.log -> 201 (2785 bytes)
2026-09-28 11:37:39,727 - DEBUG - [global] log_uploader: STEP 1 (window log) -> https://github.com/StarateJI/L2Mauto/blob/bot-logs/runs/20260928_113737_fail_periodic.log
2026-09-28 11:37:39,727 - DEBUG - [global] log_uploader: STEP 2 SKIP (no PNGs)
2026-09-28 11:37:40,589 - DEBUG - [global] _api_put: GET runs/20260928_113737_fail_global.log -> 404
2026-09-28 11:37:42,473 - DEBUG - [global] _api_put: PUT runs/20260928_113737_fail_global.log -> 201 (20010 bytes)
2026-09-28 11:37:42,474 - DEBUG - [global] log_uploader: STEP 3 (global log) -> https://github.com/StarateJI/L2Mauto/blob/bot-logs/runs/20260928_113737_fail_global.log
2026-09-28 11:37:42,475 - DEBUG - [global] log_uploader: END window=periodic
2026-09-28 11:37:42,475 - INFO - [global] LogUploader: upload_run_logs завершён
2026-09-28 11:37:42,683 - INFO - [global] Проверяю обновы...
2026-09-28 11:37:43,475 - DEBUG - [global] needs_update: raw → 5.13.09
2026-09-28 11:37:43,695 - DEBUG - [global] needs_update: API → 5.13.09
2026-09-28 11:37:43,696 - DEBUG - [global] needs_update: лучший источник raw → 5.13.09 (из 2)
2026-09-28 11:37:43,696 - INFO - [global] needs_update: local=(5, 13, 7) remote=(5, 13, 9) -> has_update=True
2026-09-28 11:37:43,696 - INFO - [global] Доступна обнова! Спавню кнопку
2026-09-28 11:38:13,712 - INFO - [global] Проверяю обновы...
2026-09-28 11:38:14,487 - DEBUG - [global] needs_update: raw → 5.13.09
2026-09-28 11:38:14,677 - DEBUG - [global] needs_update: API → 5.13.09
2026-09-28 11:38:14,677 - DEBUG - [global] needs_update: лучший источник raw → 5.13.09 (из 2)
2026-09-28 11:38:14,678 - INFO - [global] needs_update: local=(5, 13, 7) remote=(5, 13, 9) -> has_update=True
2026-09-28 11:38:14,678 - INFO - [global] Доступна обнова! Спавню кнопку
2026-09-28 11:38:42,502 - INFO - [global] LogUploader: запускаю upload_run_logs...
2026-09-28 11:38:42,502 - DEBUG - [global] log_uploader: START window=periodic made=-1 token=...Rjnfq
2026-09-28 11:38:43,375 - DEBUG - [global] _api_put: GET runs/20260928_113842_fail_periodic.log -> 404
2026-09-28 11:38:44,694 - INFO - [global] Проверяю обновы...
2026-09-28 11:38:45,399 - DEBUG - [global] _api_put: PUT runs/20260928_113842_fail_periodic.log -> 201 (2785 bytes)
2026-09-28 11:38:45,401 - DEBUG - [global] log_uploader: STEP 1 (window log) -> https://github.com/StarateJI/L2Mauto/blob/bot-logs/runs/20260928_113842_fail_periodic.log
2026-09-28 11:38:45,401 - DEBUG - [global] log_uploader: STEP 2 SKIP (no PNGs)
2026-09-28 11:38:45,451 - DEBUG - [global] needs_update: raw → 5.13.09
2026-09-28 11:38:45,679 - DEBUG - [global] needs_update: API → 5.13.09
2026-09-28 11:38:45,680 - DEBUG - [global] needs_update: лучший источник raw → 5.13.09 (из 2)
2026-09-28 11:38:45,680 - INFO - [global] needs_update: local=(5, 13, 7) remote=(5, 13, 9) -> has_update=True
2026-09-28 11:38:45,680 - INFO - [global] Доступна обнова! Спавню кнопку
2026-09-28 11:38:46,345 - DEBUG - [global] _api_put: GET runs/20260928_113842_fail_global.log -> 404
2026-09-28 11:38:48,717 - DEBUG - [global] _api_put: PUT runs/20260928_113842_fail_global.log -> 201 (20012 bytes)
2026-09-28 11:38:48,718 - DEBUG - [global] log_uploader: STEP 3 (global log) -> https://github.com/StarateJI/L2Mauto/blob/bot-logs/runs/20260928_113842_fail_global.log
2026-09-28 11:38:48,719 - DEBUG - [global] log_uploader: END window=periodic
2026-09-28 11:38:48,719 - INFO - [global] LogUploader: upload_run_logs завершён
2026-09-28 11:39:15,695 - INFO - [global] Проверяю обновы...
2026-09-28 11:39:16,467 - DEBUG - [global] needs_update: raw → 5.13.09
2026-09-28 11:39:16,696 - DEBUG - [global] needs_update: API → 5.13.09
2026-09-28 11:39:16,696 - DEBUG - [global] needs_update: лучший источник raw → 5.13.09 (из 2)
2026-09-28 11:39:16,697 - INFO - [global] needs_update: local=(5, 13, 7) remote=(5, 13, 9) -> has_update=True
2026-09-28 11:39:16,697 - INFO - [global] Доступна обнова! Спавню кнопку
2026-09-28 11:39:46,711 - INFO - [global] Проверяю обновы...
2026-09-28 11:39:47,515 - DEBUG - [global] needs_update: raw → 5.13.09
2026-09-28 11:39:47,888 - DEBUG - [global] needs_update: API → 5.13.09
2026-09-28 11:39:47,888 - DEBUG - [global] needs_update: лучший источник raw → 5.13.09 (из 2)
2026-09-28 11:39:47,888 - INFO - [global] needs_update: local=(5, 13, 7) remote=(5, 13, 9) -> has_update=True
2026-09-28 11:39:47,889 - INFO - [global] Доступна обнова! Спавню кнопку
2026-09-28 11:39:48,745 - INFO - [global] LogUploader: запускаю upload_run_logs...
2026-09-28 11:39:48,745 - DEBUG - [global] log_uploader: START window=periodic made=-1 token=...Rjnfq
2026-09-28 11:39:49,642 - DEBUG - [global] _api_put: GET runs/20260928_113948_fail_periodic.log -> 404
2026-09-28 11:39:51,490 - DEBUG - [global] _api_put: PUT runs/20260928_113948_fail_periodic.log -> 201 (2785 bytes)
2026-09-28 11:39:51,492 - DEBUG - [global] log_uploader: STEP 1 (window log) -> https://github.com/StarateJI/L2Mauto/blob/bot-logs/runs/20260928_113948_fail_periodic.log
2026-09-28 11:39:51,492 - DEBUG - [global] log_uploader: STEP 2 SKIP (no PNGs)
