=== Log tail 2026-10-02T17:54:27.385021 | last 200 lines ===
2026-10-02 17:45:28,441 - DEBUG - [global] _api_put: GET runs/20261002_174527_fail_periodic.log -> 404
2026-10-02 17:45:31,556 - DEBUG - [global] _api_put: PUT runs/20261002_174527_fail_periodic.log -> 201 (12833 bytes)
2026-10-02 17:45:31,558 - DEBUG - [global] log_uploader: STEP 1 (window log) -> https://github.com/StarateJI/L2Mauto/blob/bot-logs/runs/20261002_174527_fail_periodic.log
2026-10-02 17:45:31,558 - DEBUG - [global] log_uploader: STEP 2 SKIP (no PNGs)
2026-10-02 17:45:32,621 - DEBUG - [global] _api_put: GET runs/20261002_174527_fail_global.log -> 404
2026-10-02 17:45:33,761 - INFO - [global] Проверяю обновы...
2026-10-02 17:45:34,645 - DEBUG - [global] needs_update: raw → 5.13.09
2026-10-02 17:45:34,892 - DEBUG - [global] needs_update: API → 5.13.09
2026-10-02 17:45:34,892 - DEBUG - [global] needs_update: лучший источник raw → 5.13.09 (из 2)
2026-10-02 17:45:34,892 - INFO - [global] needs_update: local=(5, 13, 7) remote=(5, 13, 9) -> has_update=True
2026-10-02 17:45:34,892 - INFO - [global] Доступна обнова! Спавню кнопку
2026-10-02 17:45:34,931 - DEBUG - [global] _api_put: PUT runs/20261002_174527_fail_global.log -> 201 (20019 bytes)
2026-10-02 17:45:34,934 - DEBUG - [global] log_uploader: STEP 3 (global log) -> https://github.com/StarateJI/L2Mauto/blob/bot-logs/runs/20261002_174527_fail_global.log
2026-10-02 17:45:34,934 - DEBUG - [global] log_uploader: END window=periodic
2026-10-02 17:45:34,935 - INFO - [global] LogUploader: upload_run_logs завершён
2026-10-02 17:46:04,910 - INFO - [global] Проверяю обновы...
2026-10-02 17:46:05,838 - DEBUG - [global] needs_update: raw → 5.13.09
2026-10-02 17:46:06,051 - DEBUG - [global] needs_update: API → 5.13.09
2026-10-02 17:46:06,051 - DEBUG - [global] needs_update: лучший источник raw → 5.13.09 (из 2)
2026-10-02 17:46:06,051 - INFO - [global] needs_update: local=(5, 13, 7) remote=(5, 13, 9) -> has_update=True
2026-10-02 17:46:06,051 - INFO - [global] Доступна обнова! Спавню кнопку
2026-10-02 17:46:34,973 - INFO - [global] LogUploader: запускаю upload_run_logs...
2026-10-02 17:46:34,976 - DEBUG - [global] log_uploader: START window=periodic made=-1 token=...Rjnfq
2026-10-02 17:46:35,981 - DEBUG - [global] _api_put: GET runs/20261002_174634_fail_periodic.log -> 404
2026-10-02 17:46:36,067 - INFO - [global] Проверяю обновы...
2026-10-02 17:46:37,050 - DEBUG - [global] needs_update: raw → 5.13.09
2026-10-02 17:46:37,264 - DEBUG - [global] needs_update: API → 5.13.09
2026-10-02 17:46:37,264 - DEBUG - [global] needs_update: лучший источник raw → 5.13.09 (из 2)
2026-10-02 17:46:37,264 - INFO - [global] needs_update: local=(5, 13, 7) remote=(5, 13, 9) -> has_update=True
2026-10-02 17:46:37,264 - INFO - [global] Доступна обнова! Спавню кнопку
2026-10-02 17:46:38,608 - DEBUG - [global] _api_put: PUT runs/20261002_174634_fail_periodic.log -> 201 (12833 bytes)
2026-10-02 17:46:38,610 - DEBUG - [global] log_uploader: STEP 1 (window log) -> https://github.com/StarateJI/L2Mauto/blob/bot-logs/runs/20261002_174634_fail_periodic.log
2026-10-02 17:46:38,611 - DEBUG - [global] log_uploader: STEP 2 SKIP (no PNGs)
2026-10-02 17:46:39,635 - DEBUG - [global] _api_put: GET runs/20261002_174634_fail_global.log -> 404
2026-10-02 17:46:42,031 - DEBUG - [global] _api_put: PUT runs/20261002_174634_fail_global.log -> 201 (19974 bytes)
2026-10-02 17:46:42,034 - DEBUG - [global] log_uploader: STEP 3 (global log) -> https://github.com/StarateJI/L2Mauto/blob/bot-logs/runs/20261002_174634_fail_global.log
2026-10-02 17:46:42,034 - DEBUG - [global] log_uploader: END window=periodic
2026-10-02 17:46:42,035 - INFO - [global] LogUploader: upload_run_logs завершён
2026-10-02 17:47:07,282 - INFO - [global] Проверяю обновы...
2026-10-02 17:47:08,189 - DEBUG - [global] needs_update: raw → 5.13.09
2026-10-02 17:47:08,427 - DEBUG - [global] needs_update: API → 5.13.09
2026-10-02 17:47:08,427 - DEBUG - [global] needs_update: лучший источник raw → 5.13.09 (из 2)
2026-10-02 17:47:08,427 - INFO - [global] needs_update: local=(5, 13, 7) remote=(5, 13, 9) -> has_update=True
2026-10-02 17:47:08,427 - INFO - [global] Доступна обнова! Спавню кнопку
2026-10-02 17:47:38,444 - INFO - [global] Проверяю обновы...
2026-10-02 17:47:39,329 - DEBUG - [global] needs_update: raw → 5.13.09
2026-10-02 17:47:39,578 - DEBUG - [global] needs_update: API → 5.13.09
2026-10-02 17:47:39,578 - DEBUG - [global] needs_update: лучший источник raw → 5.13.09 (из 2)
2026-10-02 17:47:39,578 - INFO - [global] needs_update: local=(5, 13, 7) remote=(5, 13, 9) -> has_update=True
2026-10-02 17:47:39,578 - INFO - [global] Доступна обнова! Спавню кнопку
2026-10-02 17:47:42,070 - INFO - [global] LogUploader: запускаю upload_run_logs...
2026-10-02 17:47:42,071 - DEBUG - [global] log_uploader: START window=periodic made=-1 token=...Rjnfq
2026-10-02 17:47:43,148 - DEBUG - [global] _api_put: GET runs/20261002_174742_fail_periodic.log -> 404
2026-10-02 17:47:45,748 - DEBUG - [global] _api_put: PUT runs/20261002_174742_fail_periodic.log -> 201 (12833 bytes)
2026-10-02 17:47:45,750 - DEBUG - [global] log_uploader: STEP 1 (window log) -> https://github.com/StarateJI/L2Mauto/blob/bot-logs/runs/20261002_174742_fail_periodic.log
2026-10-02 17:47:45,751 - DEBUG - [global] log_uploader: STEP 2 SKIP (no PNGs)
2026-10-02 17:47:46,803 - DEBUG - [global] _api_put: GET runs/20261002_174742_fail_global.log -> 404
2026-10-02 17:47:48,857 - DEBUG - [global] _api_put: PUT runs/20261002_174742_fail_global.log -> 201 (19974 bytes)
2026-10-02 17:47:48,860 - DEBUG - [global] log_uploader: STEP 3 (global log) -> https://github.com/StarateJI/L2Mauto/blob/bot-logs/runs/20261002_174742_fail_global.log
2026-10-02 17:47:48,860 - DEBUG - [global] log_uploader: END window=periodic
2026-10-02 17:47:48,860 - INFO - [global] LogUploader: upload_run_logs завершён
2026-10-02 17:48:09,599 - INFO - [global] Проверяю обновы...
2026-10-02 17:48:10,424 - DEBUG - [global] needs_update: raw → 5.13.09
2026-10-02 17:48:10,745 - DEBUG - [global] needs_update: API → 5.13.09
2026-10-02 17:48:10,746 - DEBUG - [global] needs_update: лучший источник raw → 5.13.09 (из 2)
2026-10-02 17:48:10,746 - INFO - [global] needs_update: local=(5, 13, 7) remote=(5, 13, 9) -> has_update=True
2026-10-02 17:48:10,746 - INFO - [global] Доступна обнова! Спавню кнопку
2026-10-02 17:48:40,764 - INFO - [global] Проверяю обновы...
2026-10-02 17:48:41,624 - DEBUG - [global] needs_update: raw → 5.13.09
2026-10-02 17:48:41,888 - DEBUG - [global] needs_update: API → 5.13.09
2026-10-02 17:48:41,888 - DEBUG - [global] needs_update: лучший источник raw → 5.13.09 (из 2)
2026-10-02 17:48:41,888 - INFO - [global] needs_update: local=(5, 13, 7) remote=(5, 13, 9) -> has_update=True
2026-10-02 17:48:41,888 - INFO - [global] Доступна обнова! Спавню кнопку
2026-10-02 17:48:48,894 - INFO - [global] LogUploader: запускаю upload_run_logs...
2026-10-02 17:48:48,896 - DEBUG - [global] log_uploader: START window=periodic made=-1 token=...Rjnfq
2026-10-02 17:48:49,926 - DEBUG - [global] _api_put: GET runs/20261002_174848_fail_periodic.log -> 404
2026-10-02 17:48:52,525 - DEBUG - [global] _api_put: PUT runs/20261002_174848_fail_periodic.log -> 201 (12833 bytes)
2026-10-02 17:48:52,529 - DEBUG - [global] log_uploader: STEP 1 (window log) -> https://github.com/StarateJI/L2Mauto/blob/bot-logs/runs/20261002_174848_fail_periodic.log
2026-10-02 17:48:52,530 - DEBUG - [global] log_uploader: STEP 2 SKIP (no PNGs)
2026-10-02 17:48:53,600 - DEBUG - [global] _api_put: GET runs/20261002_174848_fail_global.log -> 404
2026-10-02 17:48:56,268 - DEBUG - [global] _api_put: PUT runs/20261002_174848_fail_global.log -> 201 (20019 bytes)
2026-10-02 17:48:56,271 - DEBUG - [global] log_uploader: STEP 3 (global log) -> https://github.com/StarateJI/L2Mauto/blob/bot-logs/runs/20261002_174848_fail_global.log
2026-10-02 17:48:56,271 - DEBUG - [global] log_uploader: END window=periodic
2026-10-02 17:48:56,271 - INFO - [global] LogUploader: upload_run_logs завершён
2026-10-02 17:49:11,910 - INFO - [global] Проверяю обновы...
2026-10-02 17:49:12,804 - DEBUG - [global] needs_update: raw → 5.13.09
2026-10-02 17:49:13,050 - DEBUG - [global] needs_update: API → 5.13.09
2026-10-02 17:49:13,051 - DEBUG - [global] needs_update: лучший источник raw → 5.13.09 (из 2)
2026-10-02 17:49:13,051 - INFO - [global] needs_update: local=(5, 13, 7) remote=(5, 13, 9) -> has_update=True
2026-10-02 17:49:13,051 - INFO - [global] Доступна обнова! Спавню кнопку
2026-10-02 17:49:43,070 - INFO - [global] Проверяю обновы...
2026-10-02 17:49:43,981 - DEBUG - [global] needs_update: raw → 5.13.09
2026-10-02 17:49:44,195 - DEBUG - [global] needs_update: API → 5.13.09
2026-10-02 17:49:44,195 - DEBUG - [global] needs_update: лучший источник raw → 5.13.09 (из 2)
2026-10-02 17:49:44,195 - INFO - [global] needs_update: local=(5, 13, 7) remote=(5, 13, 9) -> has_update=True
2026-10-02 17:49:44,195 - INFO - [global] Доступна обнова! Спавню кнопку
2026-10-02 17:49:56,306 - INFO - [global] LogUploader: запускаю upload_run_logs...
2026-10-02 17:49:56,307 - DEBUG - [global] log_uploader: START window=periodic made=-1 token=...Rjnfq
2026-10-02 17:49:57,342 - DEBUG - [global] _api_put: GET runs/20261002_174956_fail_periodic.log -> 404
2026-10-02 17:49:59,709 - DEBUG - [global] _api_put: PUT runs/20261002_174956_fail_periodic.log -> 201 (12833 bytes)
2026-10-02 17:49:59,713 - DEBUG - [global] log_uploader: STEP 1 (window log) -> https://github.com/StarateJI/L2Mauto/blob/bot-logs/runs/20261002_174956_fail_periodic.log
2026-10-02 17:49:59,714 - DEBUG - [global] log_uploader: STEP 2 SKIP (no PNGs)
2026-10-02 17:50:00,773 - DEBUG - [global] _api_put: GET runs/20261002_174956_fail_global.log -> 404
2026-10-02 17:50:03,244 - DEBUG - [global] _api_put: PUT runs/20261002_174956_fail_global.log -> 201 (20019 bytes)
2026-10-02 17:50:03,246 - DEBUG - [global] log_uploader: STEP 3 (global log) -> https://github.com/StarateJI/L2Mauto/blob/bot-logs/runs/20261002_174956_fail_global.log
2026-10-02 17:50:03,246 - DEBUG - [global] log_uploader: END window=periodic
2026-10-02 17:50:03,246 - INFO - [global] LogUploader: upload_run_logs завершён
2026-10-02 17:50:14,215 - INFO - [global] Проверяю обновы...
2026-10-02 17:50:15,066 - DEBUG - [global] needs_update: raw → 5.13.09
2026-10-02 17:50:15,389 - DEBUG - [global] needs_update: API → 5.13.09
2026-10-02 17:50:15,390 - DEBUG - [global] needs_update: лучший источник raw → 5.13.09 (из 2)
2026-10-02 17:50:15,390 - INFO - [global] needs_update: local=(5, 13, 7) remote=(5, 13, 9) -> has_update=True
2026-10-02 17:50:15,390 - INFO - [global] Доступна обнова! Спавню кнопку
2026-10-02 17:50:45,409 - INFO - [global] Проверяю обновы...
2026-10-02 17:50:46,283 - DEBUG - [global] needs_update: raw → 5.13.09
2026-10-02 17:50:46,554 - DEBUG - [global] needs_update: API → 5.13.09
2026-10-02 17:50:46,555 - DEBUG - [global] needs_update: лучший источник raw → 5.13.09 (из 2)
2026-10-02 17:50:46,555 - INFO - [global] needs_update: local=(5, 13, 7) remote=(5, 13, 9) -> has_update=True
2026-10-02 17:50:46,555 - INFO - [global] Доступна обнова! Спавню кнопку
2026-10-02 17:51:03,278 - INFO - [global] LogUploader: запускаю upload_run_logs...
2026-10-02 17:51:03,279 - DEBUG - [global] log_uploader: START window=periodic made=-1 token=...Rjnfq
2026-10-02 17:51:04,331 - DEBUG - [global] _api_put: GET runs/20261002_175103_fail_periodic.log -> 404
2026-10-02 17:51:06,630 - DEBUG - [global] _api_put: PUT runs/20261002_175103_fail_periodic.log -> 201 (12833 bytes)
2026-10-02 17:51:06,633 - DEBUG - [global] log_uploader: STEP 1 (window log) -> https://github.com/StarateJI/L2Mauto/blob/bot-logs/runs/20261002_175103_fail_periodic.log
2026-10-02 17:51:06,634 - DEBUG - [global] log_uploader: STEP 2 SKIP (no PNGs)
2026-10-02 17:51:07,683 - DEBUG - [global] _api_put: GET runs/20261002_175103_fail_global.log -> 404
2026-10-02 17:51:10,125 - DEBUG - [global] _api_put: PUT runs/20261002_175103_fail_global.log -> 201 (20019 bytes)
2026-10-02 17:51:10,128 - DEBUG - [global] log_uploader: STEP 3 (global log) -> https://github.com/StarateJI/L2Mauto/blob/bot-logs/runs/20261002_175103_fail_global.log
2026-10-02 17:51:10,128 - DEBUG - [global] log_uploader: END window=periodic
2026-10-02 17:51:10,128 - INFO - [global] LogUploader: upload_run_logs завершён
2026-10-02 17:51:16,575 - INFO - [global] Проверяю обновы...
2026-10-02 17:51:17,497 - DEBUG - [global] needs_update: raw → 5.13.09
2026-10-02 17:51:17,730 - DEBUG - [global] needs_update: API → 5.13.09
2026-10-02 17:51:17,730 - DEBUG - [global] needs_update: лучший источник raw → 5.13.09 (из 2)
2026-10-02 17:51:17,730 - INFO - [global] needs_update: local=(5, 13, 7) remote=(5, 13, 9) -> has_update=True
2026-10-02 17:51:17,730 - INFO - [global] Доступна обнова! Спавню кнопку
2026-10-02 17:51:47,748 - INFO - [global] Проверяю обновы...
2026-10-02 17:51:48,625 - DEBUG - [global] needs_update: raw → 5.13.09
2026-10-02 17:51:48,890 - DEBUG - [global] needs_update: API → 5.13.09
2026-10-02 17:51:48,891 - DEBUG - [global] needs_update: лучший источник raw → 5.13.09 (из 2)
2026-10-02 17:51:48,891 - INFO - [global] needs_update: local=(5, 13, 7) remote=(5, 13, 9) -> has_update=True
2026-10-02 17:51:48,891 - INFO - [global] Доступна обнова! Спавню кнопку
2026-10-02 17:52:10,169 - INFO - [global] LogUploader: запускаю upload_run_logs...
2026-10-02 17:52:10,170 - DEBUG - [global] log_uploader: START window=periodic made=-1 token=...Rjnfq
2026-10-02 17:52:11,224 - DEBUG - [global] _api_put: GET runs/20261002_175210_fail_periodic.log -> 404
2026-10-02 17:52:13,534 - DEBUG - [global] _api_put: PUT runs/20261002_175210_fail_periodic.log -> 201 (12833 bytes)
2026-10-02 17:52:13,536 - DEBUG - [global] log_uploader: STEP 1 (window log) -> https://github.com/StarateJI/L2Mauto/blob/bot-logs/runs/20261002_175210_fail_periodic.log
2026-10-02 17:52:13,537 - DEBUG - [global] log_uploader: STEP 2 SKIP (no PNGs)
2026-10-02 17:52:14,604 - DEBUG - [global] _api_put: GET runs/20261002_175210_fail_global.log -> 404
2026-10-02 17:52:16,782 - DEBUG - [global] _api_put: PUT runs/20261002_175210_fail_global.log -> 201 (20019 bytes)
2026-10-02 17:52:16,785 - DEBUG - [global] log_uploader: STEP 3 (global log) -> https://github.com/StarateJI/L2Mauto/blob/bot-logs/runs/20261002_175210_fail_global.log
2026-10-02 17:52:16,786 - DEBUG - [global] log_uploader: END window=periodic
2026-10-02 17:52:16,786 - INFO - [global] LogUploader: upload_run_logs завершён
2026-10-02 17:52:18,910 - INFO - [global] Проверяю обновы...
2026-10-02 17:52:19,847 - DEBUG - [global] needs_update: raw → 5.13.09
2026-10-02 17:52:20,117 - DEBUG - [global] needs_update: API → 5.13.09
2026-10-02 17:52:20,117 - DEBUG - [global] needs_update: лучший источник raw → 5.13.09 (из 2)
2026-10-02 17:52:20,117 - INFO - [global] needs_update: local=(5, 13, 7) remote=(5, 13, 9) -> has_update=True
2026-10-02 17:52:20,118 - INFO - [global] Доступна обнова! Спавню кнопку
2026-10-02 17:52:50,135 - INFO - [global] Проверяю обновы...
2026-10-02 17:52:51,063 - DEBUG - [global] needs_update: raw → 5.13.09
2026-10-02 17:52:51,283 - DEBUG - [global] needs_update: API → 5.13.09
2026-10-02 17:52:51,283 - DEBUG - [global] needs_update: лучший источник raw → 5.13.09 (из 2)
2026-10-02 17:52:51,283 - INFO - [global] needs_update: local=(5, 13, 7) remote=(5, 13, 9) -> has_update=True
2026-10-02 17:52:51,283 - INFO - [global] Доступна обнова! Спавню кнопку
2026-10-02 17:53:16,818 - INFO - [global] LogUploader: запускаю upload_run_logs...
2026-10-02 17:53:16,819 - DEBUG - [global] log_uploader: START window=periodic made=-1 token=...Rjnfq
2026-10-02 17:53:17,792 - DEBUG - [global] _api_put: GET runs/20261002_175316_fail_periodic.log -> 404
2026-10-02 17:53:20,185 - DEBUG - [global] _api_put: PUT runs/20261002_175316_fail_periodic.log -> 201 (12833 bytes)
2026-10-02 17:53:20,187 - DEBUG - [global] log_uploader: STEP 1 (window log) -> https://github.com/StarateJI/L2Mauto/blob/bot-logs/runs/20261002_175316_fail_periodic.log
2026-10-02 17:53:20,188 - DEBUG - [global] log_uploader: STEP 2 SKIP (no PNGs)
2026-10-02 17:53:21,233 - DEBUG - [global] _api_put: GET runs/20261002_175316_fail_global.log -> 404
2026-10-02 17:53:21,302 - INFO - [global] Проверяю обновы...
2026-10-02 17:53:22,284 - DEBUG - [global] needs_update: raw → 5.13.09
2026-10-02 17:53:22,511 - DEBUG - [global] needs_update: API → 5.13.09
2026-10-02 17:53:22,512 - DEBUG - [global] needs_update: лучший источник raw → 5.13.09 (из 2)
2026-10-02 17:53:22,512 - INFO - [global] needs_update: local=(5, 13, 7) remote=(5, 13, 9) -> has_update=True
2026-10-02 17:53:22,512 - INFO - [global] Доступна обнова! Спавню кнопку
2026-10-02 17:53:24,016 - DEBUG - [global] _api_put: PUT runs/20261002_175316_fail_global.log -> 201 (20019 bytes)
2026-10-02 17:53:24,018 - DEBUG - [global] log_uploader: STEP 3 (global log) -> https://github.com/StarateJI/L2Mauto/blob/bot-logs/runs/20261002_175316_fail_global.log
2026-10-02 17:53:24,018 - DEBUG - [global] log_uploader: END window=periodic
2026-10-02 17:53:24,018 - INFO - [global] LogUploader: upload_run_logs завершён
2026-10-02 17:53:52,529 - INFO - [global] Проверяю обновы...
2026-10-02 17:53:53,410 - DEBUG - [global] needs_update: raw → 5.13.09
2026-10-02 17:53:53,666 - DEBUG - [global] needs_update: API → 5.13.09
2026-10-02 17:53:53,666 - DEBUG - [global] needs_update: лучший источник raw → 5.13.09 (из 2)
2026-10-02 17:53:53,667 - INFO - [global] needs_update: local=(5, 13, 7) remote=(5, 13, 9) -> has_update=True
2026-10-02 17:53:53,667 - INFO - [global] Доступна обнова! Спавню кнопку
2026-10-02 17:54:23,687 - INFO - [global] Проверяю обновы...
2026-10-02 17:54:24,054 - INFO - [global] LogUploader: запускаю upload_run_logs...
2026-10-02 17:54:24,055 - DEBUG - [global] log_uploader: START window=periodic made=-1 token=...Rjnfq
2026-10-02 17:54:24,680 - DEBUG - [global] needs_update: raw → 5.13.09
2026-10-02 17:54:24,959 - DEBUG - [global] needs_update: API → 5.13.09
2026-10-02 17:54:24,959 - DEBUG - [global] needs_update: лучший источник raw → 5.13.09 (из 2)
2026-10-02 17:54:24,959 - INFO - [global] needs_update: local=(5, 13, 7) remote=(5, 13, 9) -> has_update=True
2026-10-02 17:54:24,959 - INFO - [global] Доступна обнова! Спавню кнопку
2026-10-02 17:54:25,227 - DEBUG - [global] _api_put: GET runs/20261002_175424_fail_periodic.log -> 404
2026-10-02 17:54:27,360 - DEBUG - [global] _api_put: PUT runs/20261002_175424_fail_periodic.log -> 201 (12833 bytes)
2026-10-02 17:54:27,364 - DEBUG - [global] log_uploader: STEP 1 (window log) -> https://github.com/StarateJI/L2Mauto/blob/bot-logs/runs/20261002_175424_fail_periodic.log
2026-10-02 17:54:27,364 - DEBUG - [global] log_uploader: STEP 2 SKIP (no PNGs)
