=== Log tail 2026-09-30T16:08:46.383321 | last 200 lines ===
2026-09-30 15:59:54,130 - DEBUG - [global] _api_put: GET runs/20260930_155953_fail_periodic.log -> 404
2026-09-30 15:59:56,066 - INFO - [global] Проверяю обновы...
2026-09-30 15:59:56,242 - DEBUG - [global] _api_put: PUT runs/20260930_155953_fail_periodic.log -> 201 (19392 bytes)
2026-09-30 15:59:56,243 - DEBUG - [global] log_uploader: STEP 1 (window log) -> https://github.com/StarateJI/L2Mauto/blob/bot-logs/runs/20260930_155953_fail_periodic.log
2026-09-30 15:59:56,244 - DEBUG - [global] log_uploader: STEP 2 SKIP (no PNGs)
2026-09-30 15:59:56,957 - DEBUG - [global] needs_update: raw → 5.13.09
2026-09-30 15:59:57,187 - DEBUG - [global] needs_update: API → 5.13.09
2026-09-30 15:59:57,187 - DEBUG - [global] needs_update: лучший источник raw → 5.13.09 (из 2)
2026-09-30 15:59:57,188 - INFO - [global] needs_update: local=(5, 13, 7) remote=(5, 13, 9) -> has_update=True
2026-09-30 15:59:57,188 - INFO - [global] Доступна обнова! Спавню кнопку
2026-09-30 15:59:57,421 - DEBUG - [global] _api_put: GET runs/20260930_155953_fail_global.log -> 404
2026-09-30 15:59:59,683 - DEBUG - [global] _api_put: PUT runs/20260930_155953_fail_global.log -> 201 (20183 bytes)
2026-09-30 15:59:59,686 - DEBUG - [global] log_uploader: STEP 3 (global log) -> https://github.com/StarateJI/L2Mauto/blob/bot-logs/runs/20260930_155953_fail_global.log
2026-09-30 15:59:59,687 - DEBUG - [global] log_uploader: END window=periodic
2026-09-30 15:59:59,687 - INFO - [global] LogUploader: upload_run_logs завершён
2026-09-30 16:00:27,208 - INFO - [global] Проверяю обновы...
2026-09-30 16:00:28,025 - DEBUG - [global] needs_update: raw → 5.13.09
2026-09-30 16:00:28,284 - DEBUG - [global] needs_update: API → 5.13.09
2026-09-30 16:00:28,285 - DEBUG - [global] needs_update: лучший источник raw → 5.13.09 (из 2)
2026-09-30 16:00:28,285 - INFO - [global] needs_update: local=(5, 13, 7) remote=(5, 13, 9) -> has_update=True
2026-09-30 16:00:28,285 - INFO - [global] Доступна обнова! Спавню кнопку
2026-09-30 16:00:58,304 - INFO - [global] Проверяю обновы...
2026-09-30 16:00:59,352 - DEBUG - [global] needs_update: API → 5.13.09
2026-09-30 16:00:59,398 - DEBUG - [global] needs_update: raw → 5.13.09
2026-09-30 16:00:59,399 - DEBUG - [global] needs_update: лучший источник API → 5.13.09 (из 2)
2026-09-30 16:00:59,399 - INFO - [global] needs_update: local=(5, 13, 7) remote=(5, 13, 9) -> has_update=True
2026-09-30 16:00:59,399 - INFO - [global] Доступна обнова! Спавню кнопку
2026-09-30 16:00:59,723 - INFO - [global] LogUploader: запускаю upload_run_logs...
2026-09-30 16:00:59,723 - DEBUG - [global] log_uploader: START window=periodic made=-1 token=...Rjnfq
2026-09-30 16:01:00,686 - DEBUG - [global] _api_put: GET runs/20260930_160059_fail_periodic.log -> 404
2026-09-30 16:01:02,976 - DEBUG - [global] _api_put: PUT runs/20260930_160059_fail_periodic.log -> 201 (19392 bytes)
2026-09-30 16:01:02,979 - DEBUG - [global] log_uploader: STEP 1 (window log) -> https://github.com/StarateJI/L2Mauto/blob/bot-logs/runs/20260930_160059_fail_periodic.log
2026-09-30 16:01:02,979 - DEBUG - [global] log_uploader: STEP 2 SKIP (no PNGs)
2026-09-30 16:01:03,950 - DEBUG - [global] _api_put: GET runs/20260930_160059_fail_global.log -> 404
2026-09-30 16:01:06,171 - DEBUG - [global] _api_put: PUT runs/20260930_160059_fail_global.log -> 201 (20063 bytes)
2026-09-30 16:01:06,174 - DEBUG - [global] log_uploader: STEP 3 (global log) -> https://github.com/StarateJI/L2Mauto/blob/bot-logs/runs/20260930_160059_fail_global.log
2026-09-30 16:01:06,174 - DEBUG - [global] log_uploader: END window=periodic
2026-09-30 16:01:06,174 - INFO - [global] LogUploader: upload_run_logs завершён
2026-09-30 16:01:29,417 - INFO - [global] Проверяю обновы...
2026-09-30 16:01:30,200 - DEBUG - [global] needs_update: raw → 5.13.09
2026-09-30 16:01:30,493 - DEBUG - [global] needs_update: API → 5.13.09
2026-09-30 16:01:30,493 - DEBUG - [global] needs_update: лучший источник raw → 5.13.09 (из 2)
2026-09-30 16:01:30,494 - INFO - [global] needs_update: local=(5, 13, 7) remote=(5, 13, 9) -> has_update=True
2026-09-30 16:01:30,494 - INFO - [global] Доступна обнова! Спавню кнопку
2026-09-30 16:02:00,513 - INFO - [global] Проверяю обновы...
2026-09-30 16:02:01,359 - DEBUG - [global] needs_update: raw → 5.13.09
2026-09-30 16:02:01,556 - DEBUG - [global] needs_update: API → 5.13.09
2026-09-30 16:02:01,557 - DEBUG - [global] needs_update: лучший источник raw → 5.13.09 (из 2)
2026-09-30 16:02:01,557 - INFO - [global] needs_update: local=(5, 13, 7) remote=(5, 13, 9) -> has_update=True
2026-09-30 16:02:01,557 - INFO - [global] Доступна обнова! Спавню кнопку
2026-09-30 16:02:06,205 - INFO - [global] LogUploader: запускаю upload_run_logs...
2026-09-30 16:02:06,205 - DEBUG - [global] log_uploader: START window=periodic made=-1 token=...Rjnfq
2026-09-30 16:02:07,302 - DEBUG - [global] _api_put: GET runs/20260930_160206_fail_periodic.log -> 404
2026-09-30 16:02:09,425 - DEBUG - [global] _api_put: PUT runs/20260930_160206_fail_periodic.log -> 201 (19392 bytes)
2026-09-30 16:02:09,426 - DEBUG - [global] log_uploader: STEP 1 (window log) -> https://github.com/StarateJI/L2Mauto/blob/bot-logs/runs/20260930_160206_fail_periodic.log
2026-09-30 16:02:09,427 - DEBUG - [global] log_uploader: STEP 2 SKIP (no PNGs)
2026-09-30 16:02:10,344 - DEBUG - [global] _api_put: GET runs/20260930_160206_fail_global.log -> 404
2026-09-30 16:02:12,214 - DEBUG - [global] _api_put: PUT runs/20260930_160206_fail_global.log -> 201 (20138 bytes)
2026-09-30 16:02:12,216 - DEBUG - [global] log_uploader: STEP 3 (global log) -> https://github.com/StarateJI/L2Mauto/blob/bot-logs/runs/20260930_160206_fail_global.log
2026-09-30 16:02:12,216 - DEBUG - [global] log_uploader: END window=periodic
2026-09-30 16:02:12,216 - INFO - [global] LogUploader: upload_run_logs завершён
2026-09-30 16:02:31,576 - INFO - [global] Проверяю обновы...
2026-09-30 16:02:32,404 - DEBUG - [global] needs_update: raw → 5.13.09
2026-09-30 16:02:32,620 - DEBUG - [global] needs_update: API → 5.13.09
2026-09-30 16:02:32,620 - DEBUG - [global] needs_update: лучший источник raw → 5.13.09 (из 2)
2026-09-30 16:02:32,620 - INFO - [global] needs_update: local=(5, 13, 7) remote=(5, 13, 9) -> has_update=True
2026-09-30 16:02:32,620 - INFO - [global] Доступна обнова! Спавню кнопку
2026-09-30 16:03:02,640 - INFO - [global] Проверяю обновы...
2026-09-30 16:03:03,482 - DEBUG - [global] needs_update: raw → 5.13.09
2026-09-30 16:03:03,711 - DEBUG - [global] needs_update: API → 5.13.09
2026-09-30 16:03:03,712 - DEBUG - [global] needs_update: лучший источник raw → 5.13.09 (из 2)
2026-09-30 16:03:03,712 - INFO - [global] needs_update: local=(5, 13, 7) remote=(5, 13, 9) -> has_update=True
2026-09-30 16:03:03,712 - INFO - [global] Доступна обнова! Спавню кнопку
2026-09-30 16:03:12,246 - INFO - [global] LogUploader: запускаю upload_run_logs...
2026-09-30 16:03:12,246 - DEBUG - [global] log_uploader: START window=periodic made=-1 token=...Rjnfq
2026-09-30 16:03:13,145 - DEBUG - [global] _api_put: GET runs/20260930_160312_fail_periodic.log -> 404
2026-09-30 16:03:15,183 - DEBUG - [global] _api_put: PUT runs/20260930_160312_fail_periodic.log -> 201 (19392 bytes)
2026-09-30 16:03:15,185 - DEBUG - [global] log_uploader: STEP 1 (window log) -> https://github.com/StarateJI/L2Mauto/blob/bot-logs/runs/20260930_160312_fail_periodic.log
2026-09-30 16:03:15,185 - DEBUG - [global] log_uploader: STEP 2 SKIP (no PNGs)
2026-09-30 16:03:16,089 - DEBUG - [global] _api_put: GET runs/20260930_160312_fail_global.log -> 404
2026-09-30 16:03:18,325 - DEBUG - [global] _api_put: PUT runs/20260930_160312_fail_global.log -> 201 (20019 bytes)
2026-09-30 16:03:18,327 - DEBUG - [global] log_uploader: STEP 3 (global log) -> https://github.com/StarateJI/L2Mauto/blob/bot-logs/runs/20260930_160312_fail_global.log
2026-09-30 16:03:18,327 - DEBUG - [global] log_uploader: END window=periodic
2026-09-30 16:03:18,327 - INFO - [global] LogUploader: upload_run_logs завершён
2026-09-30 16:03:33,728 - INFO - [global] Проверяю обновы...
2026-09-30 16:03:34,539 - DEBUG - [global] needs_update: raw → 5.13.09
2026-09-30 16:03:34,757 - DEBUG - [global] needs_update: API → 5.13.09
2026-09-30 16:03:34,758 - DEBUG - [global] needs_update: лучший источник raw → 5.13.09 (из 2)
2026-09-30 16:03:34,758 - INFO - [global] needs_update: local=(5, 13, 7) remote=(5, 13, 9) -> has_update=True
2026-09-30 16:03:34,758 - INFO - [global] Доступна обнова! Спавню кнопку
2026-09-30 16:04:04,773 - INFO - [global] Проверяю обновы...
2026-09-30 16:04:05,627 - DEBUG - [global] needs_update: raw → 5.13.09
2026-09-30 16:04:05,826 - DEBUG - [global] needs_update: API → 5.13.09
2026-09-30 16:04:05,826 - DEBUG - [global] needs_update: лучший источник raw → 5.13.09 (из 2)
2026-09-30 16:04:05,826 - INFO - [global] needs_update: local=(5, 13, 7) remote=(5, 13, 9) -> has_update=True
2026-09-30 16:04:05,827 - INFO - [global] Доступна обнова! Спавню кнопку
2026-09-30 16:04:18,363 - INFO - [global] LogUploader: запускаю upload_run_logs...
2026-09-30 16:04:18,363 - DEBUG - [global] log_uploader: START window=periodic made=-1 token=...Rjnfq
2026-09-30 16:04:19,289 - DEBUG - [global] _api_put: GET runs/20260930_160418_fail_periodic.log -> 404
2026-09-30 16:04:21,589 - DEBUG - [global] _api_put: PUT runs/20260930_160418_fail_periodic.log -> 201 (19392 bytes)
2026-09-30 16:04:21,591 - DEBUG - [global] log_uploader: STEP 1 (window log) -> https://github.com/StarateJI/L2Mauto/blob/bot-logs/runs/20260930_160418_fail_periodic.log
2026-09-30 16:04:21,592 - DEBUG - [global] log_uploader: STEP 2 SKIP (no PNGs)
2026-09-30 16:04:22,485 - DEBUG - [global] _api_put: GET runs/20260930_160418_fail_global.log -> 404
2026-09-30 16:04:24,447 - DEBUG - [global] _api_put: PUT runs/20260930_160418_fail_global.log -> 201 (20019 bytes)
2026-09-30 16:04:24,449 - DEBUG - [global] log_uploader: STEP 3 (global log) -> https://github.com/StarateJI/L2Mauto/blob/bot-logs/runs/20260930_160418_fail_global.log
2026-09-30 16:04:24,449 - DEBUG - [global] log_uploader: END window=periodic
2026-09-30 16:04:24,449 - INFO - [global] LogUploader: upload_run_logs завершён
2026-09-30 16:04:35,850 - INFO - [global] Проверяю обновы...
2026-09-30 16:04:36,615 - DEBUG - [global] needs_update: raw → 5.13.09
2026-09-30 16:04:36,885 - DEBUG - [global] needs_update: API → 5.13.09
2026-09-30 16:04:36,885 - DEBUG - [global] needs_update: лучший источник raw → 5.13.09 (из 2)
2026-09-30 16:04:36,886 - INFO - [global] needs_update: local=(5, 13, 7) remote=(5, 13, 9) -> has_update=True
2026-09-30 16:04:36,886 - INFO - [global] Доступна обнова! Спавню кнопку
2026-09-30 16:05:06,904 - INFO - [global] Проверяю обновы...
2026-09-30 16:05:07,753 - DEBUG - [global] needs_update: raw → 5.13.09
2026-09-30 16:05:07,969 - DEBUG - [global] needs_update: API → 5.13.09
2026-09-30 16:05:07,969 - DEBUG - [global] needs_update: лучший источник raw → 5.13.09 (из 2)
2026-09-30 16:05:07,969 - INFO - [global] needs_update: local=(5, 13, 7) remote=(5, 13, 9) -> has_update=True
2026-09-30 16:05:07,970 - INFO - [global] Доступна обнова! Спавню кнопку
2026-09-30 16:05:24,485 - INFO - [global] LogUploader: запускаю upload_run_logs...
2026-09-30 16:05:24,486 - DEBUG - [global] log_uploader: START window=periodic made=-1 token=...Rjnfq
2026-09-30 16:05:25,416 - DEBUG - [global] _api_put: GET runs/20260930_160524_fail_periodic.log -> 404
2026-09-30 16:05:27,310 - DEBUG - [global] _api_put: PUT runs/20260930_160524_fail_periodic.log -> 201 (19392 bytes)
2026-09-30 16:05:27,313 - DEBUG - [global] log_uploader: STEP 1 (window log) -> https://github.com/StarateJI/L2Mauto/blob/bot-logs/runs/20260930_160524_fail_periodic.log
2026-09-30 16:05:27,313 - DEBUG - [global] log_uploader: STEP 2 SKIP (no PNGs)
2026-09-30 16:05:28,218 - DEBUG - [global] _api_put: GET runs/20260930_160524_fail_global.log -> 404
2026-09-30 16:05:30,239 - DEBUG - [global] _api_put: PUT runs/20260930_160524_fail_global.log -> 201 (20019 bytes)
2026-09-30 16:05:30,241 - DEBUG - [global] log_uploader: STEP 3 (global log) -> https://github.com/StarateJI/L2Mauto/blob/bot-logs/runs/20260930_160524_fail_global.log
2026-09-30 16:05:30,242 - DEBUG - [global] log_uploader: END window=periodic
2026-09-30 16:05:30,242 - INFO - [global] LogUploader: upload_run_logs завершён
2026-09-30 16:05:37,986 - INFO - [global] Проверяю обновы...
2026-09-30 16:05:38,793 - DEBUG - [global] needs_update: raw → 5.13.09
2026-09-30 16:05:39,065 - DEBUG - [global] needs_update: API → 5.13.09
2026-09-30 16:05:39,066 - DEBUG - [global] needs_update: лучший источник raw → 5.13.09 (из 2)
2026-09-30 16:05:39,066 - INFO - [global] needs_update: local=(5, 13, 7) remote=(5, 13, 9) -> has_update=True
2026-09-30 16:05:39,066 - INFO - [global] Доступна обнова! Спавню кнопку
2026-09-30 16:06:09,094 - INFO - [global] Проверяю обновы...
2026-09-30 16:06:10,119 - DEBUG - [global] needs_update: raw → 5.13.09
2026-09-30 16:06:10,125 - DEBUG - [global] needs_update: API → 5.13.09
2026-09-30 16:06:10,125 - DEBUG - [global] needs_update: лучший источник raw → 5.13.09 (из 2)
2026-09-30 16:06:10,125 - INFO - [global] needs_update: local=(5, 13, 7) remote=(5, 13, 9) -> has_update=True
2026-09-30 16:06:10,125 - INFO - [global] Доступна обнова! Спавню кнопку
2026-09-30 16:06:30,278 - INFO - [global] LogUploader: запускаю upload_run_logs...
2026-09-30 16:06:30,279 - DEBUG - [global] log_uploader: START window=periodic made=-1 token=...Rjnfq
2026-09-30 16:06:31,171 - DEBUG - [global] _api_put: GET runs/20260930_160630_fail_periodic.log -> 404
2026-09-30 16:06:33,112 - DEBUG - [global] _api_put: PUT runs/20260930_160630_fail_periodic.log -> 201 (19392 bytes)
2026-09-30 16:06:33,115 - DEBUG - [global] log_uploader: STEP 1 (window log) -> https://github.com/StarateJI/L2Mauto/blob/bot-logs/runs/20260930_160630_fail_periodic.log
2026-09-30 16:06:33,116 - DEBUG - [global] log_uploader: STEP 2 SKIP (no PNGs)
2026-09-30 16:06:34,222 - DEBUG - [global] _api_put: GET runs/20260930_160630_fail_global.log -> 404
2026-09-30 16:06:36,071 - DEBUG - [global] _api_put: PUT runs/20260930_160630_fail_global.log -> 201 (20019 bytes)
2026-09-30 16:06:36,074 - DEBUG - [global] log_uploader: STEP 3 (global log) -> https://github.com/StarateJI/L2Mauto/blob/bot-logs/runs/20260930_160630_fail_global.log
2026-09-30 16:06:36,074 - DEBUG - [global] log_uploader: END window=periodic
2026-09-30 16:06:36,075 - INFO - [global] LogUploader: upload_run_logs завершён
2026-09-30 16:06:40,143 - INFO - [global] Проверяю обновы...
2026-09-30 16:06:40,936 - DEBUG - [global] needs_update: raw → 5.13.09
2026-09-30 16:06:41,224 - DEBUG - [global] needs_update: API → 5.13.09
2026-09-30 16:06:41,225 - DEBUG - [global] needs_update: лучший источник raw → 5.13.09 (из 2)
2026-09-30 16:06:41,225 - INFO - [global] needs_update: local=(5, 13, 7) remote=(5, 13, 9) -> has_update=True
2026-09-30 16:06:41,225 - INFO - [global] Доступна обнова! Спавню кнопку
2026-09-30 16:07:11,245 - INFO - [global] Проверяю обновы...
2026-09-30 16:07:12,090 - DEBUG - [global] needs_update: raw → 5.13.09
2026-09-30 16:07:12,336 - DEBUG - [global] needs_update: API → 5.13.09
2026-09-30 16:07:12,337 - DEBUG - [global] needs_update: лучший источник raw → 5.13.09 (из 2)
2026-09-30 16:07:12,337 - INFO - [global] needs_update: local=(5, 13, 7) remote=(5, 13, 9) -> has_update=True
2026-09-30 16:07:12,337 - INFO - [global] Доступна обнова! Спавню кнопку
2026-09-30 16:07:36,110 - INFO - [global] LogUploader: запускаю upload_run_logs...
2026-09-30 16:07:36,111 - DEBUG - [global] log_uploader: START window=periodic made=-1 token=...Rjnfq
2026-09-30 16:07:37,112 - DEBUG - [global] _api_put: GET runs/20260930_160736_fail_periodic.log -> 404
2026-09-30 16:07:39,783 - DEBUG - [global] _api_put: PUT runs/20260930_160736_fail_periodic.log -> 201 (19392 bytes)
2026-09-30 16:07:39,785 - DEBUG - [global] log_uploader: STEP 1 (window log) -> https://github.com/StarateJI/L2Mauto/blob/bot-logs/runs/20260930_160736_fail_periodic.log
2026-09-30 16:07:39,785 - DEBUG - [global] log_uploader: STEP 2 SKIP (no PNGs)
2026-09-30 16:07:40,703 - DEBUG - [global] _api_put: GET runs/20260930_160736_fail_global.log -> 404
2026-09-30 16:07:42,357 - INFO - [global] Проверяю обновы...
2026-09-30 16:07:42,872 - DEBUG - [global] _api_put: PUT runs/20260930_160736_fail_global.log -> 201 (20019 bytes)
2026-09-30 16:07:42,875 - DEBUG - [global] log_uploader: STEP 3 (global log) -> https://github.com/StarateJI/L2Mauto/blob/bot-logs/runs/20260930_160736_fail_global.log
2026-09-30 16:07:42,875 - DEBUG - [global] log_uploader: END window=periodic
2026-09-30 16:07:42,875 - INFO - [global] LogUploader: upload_run_logs завершён
2026-09-30 16:07:43,163 - DEBUG - [global] needs_update: raw → 5.13.09
2026-09-30 16:07:43,371 - DEBUG - [global] needs_update: API → 5.13.09
2026-09-30 16:07:43,372 - DEBUG - [global] needs_update: лучший источник raw → 5.13.09 (из 2)
2026-09-30 16:07:43,372 - INFO - [global] needs_update: local=(5, 13, 7) remote=(5, 13, 9) -> has_update=True
2026-09-30 16:07:43,372 - INFO - [global] Доступна обнова! Спавню кнопку
2026-09-30 16:08:13,390 - INFO - [global] Проверяю обновы...
2026-09-30 16:08:14,242 - DEBUG - [global] needs_update: raw → 5.13.09
2026-09-30 16:08:14,397 - DEBUG - [global] needs_update: API → 5.13.09
2026-09-30 16:08:14,397 - DEBUG - [global] needs_update: лучший источник raw → 5.13.09 (из 2)
2026-09-30 16:08:14,398 - INFO - [global] needs_update: local=(5, 13, 7) remote=(5, 13, 9) -> has_update=True
2026-09-30 16:08:14,398 - INFO - [global] Доступна обнова! Спавню кнопку
2026-09-30 16:08:42,912 - INFO - [global] LogUploader: запускаю upload_run_logs...
2026-09-30 16:08:42,913 - DEBUG - [global] log_uploader: START window=periodic made=-1 token=...Rjnfq
2026-09-30 16:08:43,986 - DEBUG - [global] _api_put: GET runs/20260930_160842_fail_periodic.log -> 404
2026-09-30 16:08:44,419 - INFO - [global] Проверяю обновы...
2026-09-30 16:08:45,235 - DEBUG - [global] needs_update: raw → 5.13.09
2026-09-30 16:08:45,420 - DEBUG - [global] needs_update: API → 5.13.09
2026-09-30 16:08:45,420 - DEBUG - [global] needs_update: лучший источник raw → 5.13.09 (из 2)
2026-09-30 16:08:45,420 - INFO - [global] needs_update: local=(5, 13, 7) remote=(5, 13, 9) -> has_update=True
2026-09-30 16:08:45,420 - INFO - [global] Доступна обнова! Спавню кнопку
2026-09-30 16:08:46,363 - DEBUG - [global] _api_put: PUT runs/20260930_160842_fail_periodic.log -> 201 (19392 bytes)
2026-09-30 16:08:46,366 - DEBUG - [global] log_uploader: STEP 1 (window log) -> https://github.com/StarateJI/L2Mauto/blob/bot-logs/runs/20260930_160842_fail_periodic.log
2026-09-30 16:08:46,366 - DEBUG - [global] log_uploader: STEP 2 SKIP (no PNGs)
