=== Log tail 2026-10-01T07:58:20.879460 | last 200 lines ===
2026-10-01 07:49:03,433 - DEBUG - [global] needs_update: API → 5.13.09
2026-10-01 07:49:03,434 - DEBUG - [global] needs_update: лучший источник raw → 5.13.09 (из 2)
2026-10-01 07:49:03,434 - INFO - [global] needs_update: local=(5, 13, 7) remote=(5, 13, 9) -> has_update=True
2026-10-01 07:49:03,435 - INFO - [global] Доступна обнова! Спавню кнопку
2026-10-01 07:49:20,761 - INFO - [global] LogUploader: запускаю upload_run_logs...
2026-10-01 07:49:20,762 - DEBUG - [global] log_uploader: START window=periodic made=-1 token=...Rjnfq
2026-10-01 07:49:21,959 - DEBUG - [global] _api_put: GET runs/20261001_074920_fail_periodic.log -> 404
2026-10-01 07:49:24,098 - DEBUG - [global] _api_put: PUT runs/20261001_074920_fail_periodic.log -> 201 (3411 bytes)
2026-10-01 07:49:24,103 - DEBUG - [global] log_uploader: STEP 1 (window log) -> https://github.com/StarateJI/L2Mauto/blob/bot-logs/runs/20261001_074920_fail_periodic.log
2026-10-01 07:49:24,105 - DEBUG - [global] log_uploader: STEP 2 SKIP (no PNGs)
2026-10-01 07:49:25,432 - DEBUG - [global] _api_put: GET runs/20261001_074920_fail_global.log -> 404
2026-10-01 07:49:27,939 - DEBUG - [global] _api_put: PUT runs/20261001_074920_fail_global.log -> 201 (20010 bytes)
2026-10-01 07:49:27,945 - DEBUG - [global] log_uploader: STEP 3 (global log) -> https://github.com/StarateJI/L2Mauto/blob/bot-logs/runs/20261001_074920_fail_global.log
2026-10-01 07:49:27,945 - DEBUG - [global] log_uploader: END window=periodic
2026-10-01 07:49:27,945 - INFO - [global] LogUploader: upload_run_logs завершён
2026-10-01 07:49:33,454 - INFO - [global] Проверяю обновы...
2026-10-01 07:49:34,557 - DEBUG - [global] needs_update: raw → 5.13.09
2026-10-01 07:49:34,835 - DEBUG - [global] needs_update: API → 5.13.09
2026-10-01 07:49:34,836 - DEBUG - [global] needs_update: лучший источник raw → 5.13.09 (из 2)
2026-10-01 07:49:34,836 - INFO - [global] needs_update: local=(5, 13, 7) remote=(5, 13, 9) -> has_update=True
2026-10-01 07:49:34,836 - INFO - [global] Доступна обнова! Спавню кнопку
2026-10-01 07:50:04,857 - INFO - [global] Проверяю обновы...
2026-10-01 07:50:05,984 - DEBUG - [global] needs_update: raw → 5.13.09
2026-10-01 07:50:06,162 - DEBUG - [global] needs_update: API → 5.13.09
2026-10-01 07:50:06,162 - DEBUG - [global] needs_update: лучший источник raw → 5.13.09 (из 2)
2026-10-01 07:50:06,163 - INFO - [global] needs_update: local=(5, 13, 7) remote=(5, 13, 9) -> has_update=True
2026-10-01 07:50:06,163 - INFO - [global] Доступна обнова! Спавню кнопку
2026-10-01 07:50:27,983 - INFO - [global] LogUploader: запускаю upload_run_logs...
2026-10-01 07:50:27,986 - DEBUG - [global] log_uploader: START window=periodic made=-1 token=...Rjnfq
2026-10-01 07:50:29,201 - DEBUG - [global] _api_put: GET runs/20261001_075027_fail_periodic.log -> 404
2026-10-01 07:50:31,312 - DEBUG - [global] _api_put: PUT runs/20261001_075027_fail_periodic.log -> 201 (3411 bytes)
2026-10-01 07:50:31,317 - DEBUG - [global] log_uploader: STEP 1 (window log) -> https://github.com/StarateJI/L2Mauto/blob/bot-logs/runs/20261001_075027_fail_periodic.log
2026-10-01 07:50:31,319 - DEBUG - [global] log_uploader: STEP 2 SKIP (no PNGs)
2026-10-01 07:50:32,664 - DEBUG - [global] _api_put: GET runs/20261001_075027_fail_global.log -> 404
2026-10-01 07:50:34,882 - DEBUG - [global] _api_put: PUT runs/20261001_075027_fail_global.log -> 201 (20010 bytes)
2026-10-01 07:50:34,887 - DEBUG - [global] log_uploader: STEP 3 (global log) -> https://github.com/StarateJI/L2Mauto/blob/bot-logs/runs/20261001_075027_fail_global.log
2026-10-01 07:50:34,887 - DEBUG - [global] log_uploader: END window=periodic
2026-10-01 07:50:34,887 - INFO - [global] LogUploader: upload_run_logs завершён
2026-10-01 07:50:36,178 - INFO - [global] Проверяю обновы...
2026-10-01 07:50:37,264 - DEBUG - [global] needs_update: raw → 5.13.09
2026-10-01 07:50:37,492 - DEBUG - [global] needs_update: API → 5.13.09
2026-10-01 07:50:37,493 - DEBUG - [global] needs_update: лучший источник raw → 5.13.09 (из 2)
2026-10-01 07:50:37,493 - INFO - [global] needs_update: local=(5, 13, 7) remote=(5, 13, 9) -> has_update=True
2026-10-01 07:50:37,493 - INFO - [global] Доступна обнова! Спавню кнопку
2026-10-01 07:51:07,513 - INFO - [global] Проверяю обновы...
2026-10-01 07:51:08,630 - DEBUG - [global] needs_update: raw → 5.13.09
2026-10-01 07:51:08,800 - DEBUG - [global] needs_update: API → 5.13.09
2026-10-01 07:51:08,800 - DEBUG - [global] needs_update: лучший источник raw → 5.13.09 (из 2)
2026-10-01 07:51:08,800 - INFO - [global] needs_update: local=(5, 13, 7) remote=(5, 13, 9) -> has_update=True
2026-10-01 07:51:08,800 - INFO - [global] Доступна обнова! Спавню кнопку
2026-10-01 07:51:34,926 - INFO - [global] LogUploader: запускаю upload_run_logs...
2026-10-01 07:51:34,927 - DEBUG - [global] log_uploader: START window=periodic made=-1 token=...Rjnfq
2026-10-01 07:51:36,173 - DEBUG - [global] _api_put: GET runs/20261001_075134_fail_periodic.log -> 404
2026-10-01 07:51:38,332 - DEBUG - [global] _api_put: PUT runs/20261001_075134_fail_periodic.log -> 201 (3411 bytes)
2026-10-01 07:51:38,337 - DEBUG - [global] log_uploader: STEP 1 (window log) -> https://github.com/StarateJI/L2Mauto/blob/bot-logs/runs/20261001_075134_fail_periodic.log
2026-10-01 07:51:38,338 - DEBUG - [global] log_uploader: STEP 2 SKIP (no PNGs)
2026-10-01 07:51:38,820 - INFO - [global] Проверяю обновы...
2026-10-01 07:51:39,764 - DEBUG - [global] _api_put: GET runs/20261001_075134_fail_global.log -> 404
2026-10-01 07:51:40,015 - DEBUG - [global] needs_update: raw → 5.13.09
2026-10-01 07:51:40,193 - DEBUG - [global] needs_update: API → 5.13.09
2026-10-01 07:51:40,193 - DEBUG - [global] needs_update: лучший источник raw → 5.13.09 (из 2)
2026-10-01 07:51:40,194 - INFO - [global] needs_update: local=(5, 13, 7) remote=(5, 13, 9) -> has_update=True
2026-10-01 07:51:40,194 - INFO - [global] Доступна обнова! Спавню кнопку
2026-10-01 07:51:42,167 - DEBUG - [global] _api_put: PUT runs/20261001_075134_fail_global.log -> 201 (20010 bytes)
2026-10-01 07:51:42,172 - DEBUG - [global] log_uploader: STEP 3 (global log) -> https://github.com/StarateJI/L2Mauto/blob/bot-logs/runs/20261001_075134_fail_global.log
2026-10-01 07:51:42,172 - DEBUG - [global] log_uploader: END window=periodic
2026-10-01 07:51:42,172 - INFO - [global] LogUploader: upload_run_logs завершён
2026-10-01 07:52:10,212 - INFO - [global] Проверяю обновы...
2026-10-01 07:52:11,336 - DEBUG - [global] needs_update: raw → 5.13.09
2026-10-01 07:52:11,571 - DEBUG - [global] needs_update: API → 5.13.09
2026-10-01 07:52:11,571 - DEBUG - [global] needs_update: лучший источник raw → 5.13.09 (из 2)
2026-10-01 07:52:11,572 - INFO - [global] needs_update: local=(5, 13, 7) remote=(5, 13, 9) -> has_update=True
2026-10-01 07:52:11,572 - INFO - [global] Доступна обнова! Спавню кнопку
2026-10-01 07:52:41,588 - INFO - [global] Проверяю обновы...
2026-10-01 07:52:42,208 - INFO - [global] LogUploader: запускаю upload_run_logs...
2026-10-01 07:52:42,209 - DEBUG - [global] log_uploader: START window=periodic made=-1 token=...Rjnfq
2026-10-01 07:52:42,760 - DEBUG - [global] needs_update: raw → 5.13.09
2026-10-01 07:52:42,899 - DEBUG - [global] needs_update: API → 5.13.09
2026-10-01 07:52:42,900 - DEBUG - [global] needs_update: лучший источник raw → 5.13.09 (из 2)
2026-10-01 07:52:42,900 - INFO - [global] needs_update: local=(5, 13, 7) remote=(5, 13, 9) -> has_update=True
2026-10-01 07:52:42,900 - INFO - [global] Доступна обнова! Спавню кнопку
2026-10-01 07:52:43,476 - DEBUG - [global] _api_put: GET runs/20261001_075242_fail_periodic.log -> 404
2026-10-01 07:52:45,654 - DEBUG - [global] _api_put: PUT runs/20261001_075242_fail_periodic.log -> 201 (3411 bytes)
2026-10-01 07:52:45,659 - DEBUG - [global] log_uploader: STEP 1 (window log) -> https://github.com/StarateJI/L2Mauto/blob/bot-logs/runs/20261001_075242_fail_periodic.log
2026-10-01 07:52:45,660 - DEBUG - [global] log_uploader: STEP 2 SKIP (no PNGs)
2026-10-01 07:52:47,037 - DEBUG - [global] _api_put: GET runs/20261001_075242_fail_global.log -> 404
2026-10-01 07:52:49,727 - DEBUG - [global] _api_put: PUT runs/20261001_075242_fail_global.log -> 201 (19965 bytes)
2026-10-01 07:52:49,732 - DEBUG - [global] log_uploader: STEP 3 (global log) -> https://github.com/StarateJI/L2Mauto/blob/bot-logs/runs/20261001_075242_fail_global.log
2026-10-01 07:52:49,733 - DEBUG - [global] log_uploader: END window=periodic
2026-10-01 07:52:49,733 - INFO - [global] LogUploader: upload_run_logs завершён
2026-10-01 07:53:12,920 - INFO - [global] Проверяю обновы...
2026-10-01 07:53:14,061 - DEBUG - [global] needs_update: raw → 5.13.09
2026-10-01 07:53:14,244 - DEBUG - [global] needs_update: API → 5.13.09
2026-10-01 07:53:14,245 - DEBUG - [global] needs_update: лучший источник raw → 5.13.09 (из 2)
2026-10-01 07:53:14,245 - INFO - [global] needs_update: local=(5, 13, 7) remote=(5, 13, 9) -> has_update=True
2026-10-01 07:53:14,245 - INFO - [global] Доступна обнова! Спавню кнопку
2026-10-01 07:53:44,258 - INFO - [global] Проверяю обновы...
2026-10-01 07:53:45,359 - DEBUG - [global] needs_update: raw → 5.13.09
2026-10-01 07:53:45,592 - DEBUG - [global] needs_update: API → 5.13.09
2026-10-01 07:53:45,592 - DEBUG - [global] needs_update: лучший источник raw → 5.13.09 (из 2)
2026-10-01 07:53:45,593 - INFO - [global] needs_update: local=(5, 13, 7) remote=(5, 13, 9) -> has_update=True
2026-10-01 07:53:45,593 - INFO - [global] Доступна обнова! Спавню кнопку
2026-10-01 07:53:49,767 - INFO - [global] LogUploader: запускаю upload_run_logs...
2026-10-01 07:53:49,768 - DEBUG - [global] log_uploader: START window=periodic made=-1 token=...Rjnfq
2026-10-01 07:53:50,980 - DEBUG - [global] _api_put: GET runs/20261001_075349_fail_periodic.log -> 404
2026-10-01 07:53:53,184 - DEBUG - [global] _api_put: PUT runs/20261001_075349_fail_periodic.log -> 201 (3411 bytes)
2026-10-01 07:53:53,190 - DEBUG - [global] log_uploader: STEP 1 (window log) -> https://github.com/StarateJI/L2Mauto/blob/bot-logs/runs/20261001_075349_fail_periodic.log
2026-10-01 07:53:53,191 - DEBUG - [global] log_uploader: STEP 2 SKIP (no PNGs)
2026-10-01 07:53:54,549 - DEBUG - [global] _api_put: GET runs/20261001_075349_fail_global.log -> 404
2026-10-01 07:53:56,930 - DEBUG - [global] _api_put: PUT runs/20261001_075349_fail_global.log -> 201 (19965 bytes)
2026-10-01 07:53:56,935 - DEBUG - [global] log_uploader: STEP 3 (global log) -> https://github.com/StarateJI/L2Mauto/blob/bot-logs/runs/20261001_075349_fail_global.log
2026-10-01 07:53:56,936 - DEBUG - [global] log_uploader: END window=periodic
2026-10-01 07:53:56,936 - INFO - [global] LogUploader: upload_run_logs завершён
2026-10-01 07:54:15,617 - INFO - [global] Проверяю обновы...
2026-10-01 07:54:16,713 - DEBUG - [global] needs_update: raw → 5.13.09
2026-10-01 07:54:16,920 - DEBUG - [global] needs_update: API → 5.13.09
2026-10-01 07:54:16,921 - DEBUG - [global] needs_update: лучший источник raw → 5.13.09 (из 2)
2026-10-01 07:54:16,921 - INFO - [global] needs_update: local=(5, 13, 7) remote=(5, 13, 9) -> has_update=True
2026-10-01 07:54:16,921 - INFO - [global] Доступна обнова! Спавню кнопку
2026-10-01 07:54:46,937 - INFO - [global] Проверяю обновы...
2026-10-01 07:54:48,013 - DEBUG - [global] needs_update: raw → 5.13.09
2026-10-01 07:54:48,248 - DEBUG - [global] needs_update: API → 5.13.09
2026-10-01 07:54:48,248 - DEBUG - [global] needs_update: лучший источник raw → 5.13.09 (из 2)
2026-10-01 07:54:48,248 - INFO - [global] needs_update: local=(5, 13, 7) remote=(5, 13, 9) -> has_update=True
2026-10-01 07:54:48,248 - INFO - [global] Доступна обнова! Спавню кнопку
2026-10-01 07:54:56,970 - INFO - [global] LogUploader: запускаю upload_run_logs...
2026-10-01 07:54:56,971 - DEBUG - [global] log_uploader: START window=periodic made=-1 token=...Rjnfq
2026-10-01 07:54:58,144 - DEBUG - [global] _api_put: GET runs/20261001_075456_fail_periodic.log -> 404
2026-10-01 07:55:00,171 - DEBUG - [global] _api_put: PUT runs/20261001_075456_fail_periodic.log -> 201 (3411 bytes)
2026-10-01 07:55:00,175 - DEBUG - [global] log_uploader: STEP 1 (window log) -> https://github.com/StarateJI/L2Mauto/blob/bot-logs/runs/20261001_075456_fail_periodic.log
2026-10-01 07:55:00,176 - DEBUG - [global] log_uploader: STEP 2 SKIP (no PNGs)
2026-10-01 07:55:01,554 - DEBUG - [global] _api_put: GET runs/20261001_075456_fail_global.log -> 404
2026-10-01 07:55:03,700 - DEBUG - [global] _api_put: PUT runs/20261001_075456_fail_global.log -> 201 (20010 bytes)
2026-10-01 07:55:03,706 - DEBUG - [global] log_uploader: STEP 3 (global log) -> https://github.com/StarateJI/L2Mauto/blob/bot-logs/runs/20261001_075456_fail_global.log
2026-10-01 07:55:03,706 - DEBUG - [global] log_uploader: END window=periodic
2026-10-01 07:55:03,706 - INFO - [global] LogUploader: upload_run_logs завершён
2026-10-01 07:55:18,265 - INFO - [global] Проверяю обновы...
2026-10-01 07:55:19,339 - DEBUG - [global] needs_update: raw → 5.13.09
2026-10-01 07:55:19,551 - DEBUG - [global] needs_update: API → 5.13.09
2026-10-01 07:55:19,552 - DEBUG - [global] needs_update: лучший источник raw → 5.13.09 (из 2)
2026-10-01 07:55:19,552 - INFO - [global] needs_update: local=(5, 13, 7) remote=(5, 13, 9) -> has_update=True
2026-10-01 07:55:19,552 - INFO - [global] Доступна обнова! Спавню кнопку
2026-10-01 07:55:49,572 - INFO - [global] Проверяю обновы...
2026-10-01 07:55:50,691 - DEBUG - [global] needs_update: raw → 5.13.09
2026-10-01 07:55:50,877 - DEBUG - [global] needs_update: API → 5.13.09
2026-10-01 07:55:50,877 - DEBUG - [global] needs_update: лучший источник raw → 5.13.09 (из 2)
2026-10-01 07:55:50,877 - INFO - [global] needs_update: local=(5, 13, 7) remote=(5, 13, 9) -> has_update=True
2026-10-01 07:55:50,877 - INFO - [global] Доступна обнова! Спавню кнопку
2026-10-01 07:56:03,742 - INFO - [global] LogUploader: запускаю upload_run_logs...
2026-10-01 07:56:03,743 - DEBUG - [global] log_uploader: START window=periodic made=-1 token=...Rjnfq
2026-10-01 07:56:04,932 - DEBUG - [global] _api_put: GET runs/20261001_075603_fail_periodic.log -> 404
2026-10-01 07:56:06,975 - DEBUG - [global] _api_put: PUT runs/20261001_075603_fail_periodic.log -> 201 (3411 bytes)
2026-10-01 07:56:06,981 - DEBUG - [global] log_uploader: STEP 1 (window log) -> https://github.com/StarateJI/L2Mauto/blob/bot-logs/runs/20261001_075603_fail_periodic.log
2026-10-01 07:56:06,982 - DEBUG - [global] log_uploader: STEP 2 SKIP (no PNGs)
2026-10-01 07:56:08,529 - DEBUG - [global] _api_put: GET runs/20261001_075603_fail_global.log -> 404
2026-10-01 07:56:10,735 - DEBUG - [global] _api_put: PUT runs/20261001_075603_fail_global.log -> 201 (20010 bytes)
2026-10-01 07:56:10,739 - DEBUG - [global] log_uploader: STEP 3 (global log) -> https://github.com/StarateJI/L2Mauto/blob/bot-logs/runs/20261001_075603_fail_global.log
2026-10-01 07:56:10,740 - DEBUG - [global] log_uploader: END window=periodic
2026-10-01 07:56:10,740 - INFO - [global] LogUploader: upload_run_logs завершён
2026-10-01 07:56:20,894 - INFO - [global] Проверяю обновы...
2026-10-01 07:56:21,953 - DEBUG - [global] needs_update: raw → 5.13.09
2026-10-01 07:56:22,185 - DEBUG - [global] needs_update: API → 5.13.09
2026-10-01 07:56:22,185 - DEBUG - [global] needs_update: лучший источник raw → 5.13.09 (из 2)
2026-10-01 07:56:22,186 - INFO - [global] needs_update: local=(5, 13, 7) remote=(5, 13, 9) -> has_update=True
2026-10-01 07:56:22,186 - INFO - [global] Доступна обнова! Спавню кнопку
2026-10-01 07:56:52,202 - INFO - [global] Проверяю обновы...
2026-10-01 07:56:53,489 - DEBUG - [global] needs_update: raw → 5.13.09
2026-10-01 07:56:53,519 - DEBUG - [global] needs_update: API → 5.13.09
2026-10-01 07:56:53,520 - DEBUG - [global] needs_update: лучший источник raw → 5.13.09 (из 2)
2026-10-01 07:56:53,520 - INFO - [global] needs_update: local=(5, 13, 7) remote=(5, 13, 9) -> has_update=True
2026-10-01 07:56:53,520 - INFO - [global] Доступна обнова! Спавню кнопку
2026-10-01 07:57:10,775 - INFO - [global] LogUploader: запускаю upload_run_logs...
2026-10-01 07:57:10,776 - DEBUG - [global] log_uploader: START window=periodic made=-1 token=...Rjnfq
2026-10-01 07:57:11,972 - DEBUG - [global] _api_put: GET runs/20261001_075710_fail_periodic.log -> 404
2026-10-01 07:57:13,867 - DEBUG - [global] _api_put: PUT runs/20261001_075710_fail_periodic.log -> 201 (3411 bytes)
2026-10-01 07:57:13,872 - DEBUG - [global] log_uploader: STEP 1 (window log) -> https://github.com/StarateJI/L2Mauto/blob/bot-logs/runs/20261001_075710_fail_periodic.log
2026-10-01 07:57:13,873 - DEBUG - [global] log_uploader: STEP 2 SKIP (no PNGs)
2026-10-01 07:57:15,251 - DEBUG - [global] _api_put: GET runs/20261001_075710_fail_global.log -> 404
2026-10-01 07:57:17,409 - DEBUG - [global] _api_put: PUT runs/20261001_075710_fail_global.log -> 201 (20010 bytes)
2026-10-01 07:57:17,414 - DEBUG - [global] log_uploader: STEP 3 (global log) -> https://github.com/StarateJI/L2Mauto/blob/bot-logs/runs/20261001_075710_fail_global.log
2026-10-01 07:57:17,415 - DEBUG - [global] log_uploader: END window=periodic
2026-10-01 07:57:17,415 - INFO - [global] LogUploader: upload_run_logs завершён
2026-10-01 07:57:23,537 - INFO - [global] Проверяю обновы...
2026-10-01 07:57:24,624 - DEBUG - [global] needs_update: raw → 5.13.09
2026-10-01 07:57:24,887 - DEBUG - [global] needs_update: API → 5.13.09
2026-10-01 07:57:24,887 - DEBUG - [global] needs_update: лучший источник raw → 5.13.09 (из 2)
2026-10-01 07:57:24,887 - INFO - [global] needs_update: local=(5, 13, 7) remote=(5, 13, 9) -> has_update=True
2026-10-01 07:57:24,887 - INFO - [global] Доступна обнова! Спавню кнопку
2026-10-01 07:57:54,909 - INFO - [global] Проверяю обновы...
2026-10-01 07:57:56,007 - DEBUG - [global] needs_update: raw → 5.13.09
2026-10-01 07:57:56,238 - DEBUG - [global] needs_update: API → 5.13.09
2026-10-01 07:57:56,239 - DEBUG - [global] needs_update: лучший источник raw → 5.13.09 (из 2)
2026-10-01 07:57:56,239 - INFO - [global] needs_update: local=(5, 13, 7) remote=(5, 13, 9) -> has_update=True
2026-10-01 07:57:56,239 - INFO - [global] Доступна обнова! Спавню кнопку
2026-10-01 07:58:17,453 - INFO - [global] LogUploader: запускаю upload_run_logs...
2026-10-01 07:58:17,454 - DEBUG - [global] log_uploader: START window=periodic made=-1 token=...Rjnfq
2026-10-01 07:58:18,638 - DEBUG - [global] _api_put: GET runs/20261001_075817_fail_periodic.log -> 404
2026-10-01 07:58:20,752 - DEBUG - [global] _api_put: PUT runs/20261001_075817_fail_periodic.log -> 201 (3411 bytes)
2026-10-01 07:58:20,757 - DEBUG - [global] log_uploader: STEP 1 (window log) -> https://github.com/StarateJI/L2Mauto/blob/bot-logs/runs/20261001_075817_fail_periodic.log
2026-10-01 07:58:20,759 - DEBUG - [global] log_uploader: STEP 2 SKIP (no PNGs)
