=== Log tail 2026-09-15T18:17:28.602197 | last 200 lines ===
2026-09-15 18:08:49,874 - DEBUG - [global] _api_put: GET runs/20260915_180846_fail_global.log -> 404
2026-09-15 18:08:51,822 - DEBUG - [global] _api_put: PUT runs/20260915_180846_fail_global.log -> 201 (20034 bytes)
2026-09-15 18:08:51,824 - DEBUG - [global] log_uploader: STEP 3 (global log) -> https://github.com/StarateJI/L2Mauto/blob/bot-logs/runs/20260915_180846_fail_global.log
2026-09-15 18:08:51,824 - DEBUG - [global] log_uploader: END window=periodic
2026-09-15 18:08:51,824 - INFO - [global] LogUploader: upload_run_logs завершён
2026-09-15 18:09:03,382 - INFO - [global] Проверяю обновы...
2026-09-15 18:09:04,479 - DEBUG - [global] needs_update: raw → 5.6.16
2026-09-15 18:09:05,339 - DEBUG - [global] needs_update: API GitHub → 5.6.16
2026-09-15 18:09:06,046 - DEBUG - [global] needs_update: jsdelivr → 5.4.1
2026-09-15 18:09:06,046 - DEBUG - [global] needs_update: лучший источник raw → 5.6.16 (из 3)
2026-09-15 18:09:06,048 - INFO - [global] needs_update: local=(5, 6, 16) remote=(5, 6, 16) -> has_update=False
2026-09-15 18:09:06,049 - INFO - [global] Установлена последняя версия бота | 5.6.16
2026-09-15 18:09:36,069 - INFO - [global] Проверяю обновы...
2026-09-15 18:09:36,731 - DEBUG - [global] needs_update: raw → 5.6.16
2026-09-15 18:09:37,584 - DEBUG - [global] needs_update: API GitHub → 5.6.16
2026-09-15 18:09:38,274 - DEBUG - [global] needs_update: jsdelivr → 5.4.1
2026-09-15 18:09:38,274 - DEBUG - [global] needs_update: лучший источник raw → 5.6.16 (из 3)
2026-09-15 18:09:38,276 - INFO - [global] needs_update: local=(5, 6, 16) remote=(5, 6, 16) -> has_update=False
2026-09-15 18:09:38,276 - INFO - [global] Установлена последняя версия бота | 5.6.16
2026-09-15 18:09:51,864 - INFO - [global] LogUploader: запускаю upload_run_logs...
2026-09-15 18:09:51,865 - DEBUG - [global] log_uploader: START window=periodic made=-1 token=...Rjnfq
2026-09-15 18:09:52,753 - DEBUG - [global] _api_put: GET runs/20260915_180951_fail_periodic.log -> 404
2026-09-15 18:09:54,537 - DEBUG - [global] _api_put: PUT runs/20260915_180951_fail_periodic.log -> 201 (10182 bytes)
2026-09-15 18:09:54,541 - DEBUG - [global] log_uploader: STEP 1 (window log) -> https://github.com/StarateJI/L2Mauto/blob/bot-logs/runs/20260915_180951_fail_periodic.log
2026-09-15 18:09:54,541 - DEBUG - [global] log_uploader: STEP 2 SKIP (no PNGs)
2026-09-15 18:09:55,398 - DEBUG - [global] _api_put: GET runs/20260915_180951_fail_global.log -> 404
2026-09-15 18:09:57,027 - DEBUG - [global] _api_put: PUT runs/20260915_180951_fail_global.log -> 201 (20034 bytes)
2026-09-15 18:09:57,029 - DEBUG - [global] log_uploader: STEP 3 (global log) -> https://github.com/StarateJI/L2Mauto/blob/bot-logs/runs/20260915_180951_fail_global.log
2026-09-15 18:09:57,029 - DEBUG - [global] log_uploader: END window=periodic
2026-09-15 18:09:57,029 - INFO - [global] LogUploader: upload_run_logs завершён
2026-09-15 18:10:08,295 - INFO - [global] Проверяю обновы...
2026-09-15 18:10:09,020 - DEBUG - [global] needs_update: raw → 5.6.16
2026-09-15 18:10:09,879 - DEBUG - [global] needs_update: API GitHub → 5.6.16
2026-09-15 18:10:10,553 - DEBUG - [global] needs_update: jsdelivr → 5.4.2
2026-09-15 18:10:10,553 - DEBUG - [global] needs_update: лучший источник raw → 5.6.16 (из 3)
2026-09-15 18:10:10,556 - INFO - [global] needs_update: local=(5, 6, 16) remote=(5, 6, 16) -> has_update=False
2026-09-15 18:10:10,557 - INFO - [global] Установлена последняя версия бота | 5.6.16
2026-09-15 18:10:40,578 - INFO - [global] Проверяю обновы...
2026-09-15 18:10:41,261 - DEBUG - [global] needs_update: raw → 5.6.16
2026-09-15 18:10:42,101 - DEBUG - [global] needs_update: API GitHub → 5.6.16
2026-09-15 18:10:42,757 - DEBUG - [global] needs_update: jsdelivr → 5.4.2
2026-09-15 18:10:42,757 - DEBUG - [global] needs_update: лучший источник raw → 5.6.16 (из 3)
2026-09-15 18:10:42,760 - INFO - [global] needs_update: local=(5, 6, 16) remote=(5, 6, 16) -> has_update=False
2026-09-15 18:10:42,761 - INFO - [global] Установлена последняя версия бота | 5.6.16
2026-09-15 18:10:57,064 - INFO - [global] LogUploader: запускаю upload_run_logs...
2026-09-15 18:10:57,065 - DEBUG - [global] log_uploader: START window=periodic made=-1 token=...Rjnfq
2026-09-15 18:10:57,925 - DEBUG - [global] _api_put: GET runs/20260915_181057_fail_periodic.log -> 404
2026-09-15 18:10:59,355 - DEBUG - [global] _api_put: PUT runs/20260915_181057_fail_periodic.log -> 201 (10182 bytes)
2026-09-15 18:10:59,358 - DEBUG - [global] log_uploader: STEP 1 (window log) -> https://github.com/StarateJI/L2Mauto/blob/bot-logs/runs/20260915_181057_fail_periodic.log
2026-09-15 18:10:59,359 - DEBUG - [global] log_uploader: STEP 2 SKIP (no PNGs)
2026-09-15 18:11:00,233 - DEBUG - [global] _api_put: GET runs/20260915_181057_fail_global.log -> 404
2026-09-15 18:11:01,950 - DEBUG - [global] _api_put: PUT runs/20260915_181057_fail_global.log -> 201 (20034 bytes)
2026-09-15 18:11:01,952 - DEBUG - [global] log_uploader: STEP 3 (global log) -> https://github.com/StarateJI/L2Mauto/blob/bot-logs/runs/20260915_181057_fail_global.log
2026-09-15 18:11:01,952 - DEBUG - [global] log_uploader: END window=periodic
2026-09-15 18:11:01,952 - INFO - [global] LogUploader: upload_run_logs завершён
2026-09-15 18:11:12,775 - INFO - [global] Проверяю обновы...
2026-09-15 18:11:13,435 - DEBUG - [global] needs_update: raw → 5.6.16
2026-09-15 18:11:14,249 - DEBUG - [global] needs_update: API GitHub → 5.6.16
2026-09-15 18:11:14,898 - DEBUG - [global] needs_update: jsdelivr → 5.4.1
2026-09-15 18:11:14,898 - DEBUG - [global] needs_update: лучший источник raw → 5.6.16 (из 3)
2026-09-15 18:11:14,900 - INFO - [global] needs_update: local=(5, 6, 16) remote=(5, 6, 16) -> has_update=False
2026-09-15 18:11:14,900 - INFO - [global] Установлена последняя версия бота | 5.6.16
2026-09-15 18:11:44,916 - INFO - [global] Проверяю обновы...
2026-09-15 18:11:45,853 - DEBUG - [global] needs_update: raw → 5.6.16
2026-09-15 18:11:46,683 - DEBUG - [global] needs_update: API GitHub → 5.6.16
2026-09-15 18:11:47,383 - DEBUG - [global] needs_update: jsdelivr → 5.4.1
2026-09-15 18:11:47,383 - DEBUG - [global] needs_update: лучший источник raw → 5.6.16 (из 3)
2026-09-15 18:11:47,385 - INFO - [global] needs_update: local=(5, 6, 16) remote=(5, 6, 16) -> has_update=False
2026-09-15 18:11:47,385 - INFO - [global] Установлена последняя версия бота | 5.6.16
2026-09-15 18:12:01,994 - INFO - [global] LogUploader: запускаю upload_run_logs...
2026-09-15 18:12:01,994 - DEBUG - [global] log_uploader: START window=periodic made=-1 token=...Rjnfq
2026-09-15 18:12:02,851 - DEBUG - [global] _api_put: GET runs/20260915_181201_fail_periodic.log -> 404
2026-09-15 18:12:04,284 - DEBUG - [global] _api_put: PUT runs/20260915_181201_fail_periodic.log -> 201 (10182 bytes)
2026-09-15 18:12:04,286 - DEBUG - [global] log_uploader: STEP 1 (window log) -> https://github.com/StarateJI/L2Mauto/blob/bot-logs/runs/20260915_181201_fail_periodic.log
2026-09-15 18:12:04,286 - DEBUG - [global] log_uploader: STEP 2 SKIP (no PNGs)
2026-09-15 18:12:05,169 - DEBUG - [global] _api_put: GET runs/20260915_181201_fail_global.log -> 404
2026-09-15 18:12:06,698 - DEBUG - [global] _api_put: PUT runs/20260915_181201_fail_global.log -> 201 (19973 bytes)
2026-09-15 18:12:06,700 - DEBUG - [global] log_uploader: STEP 3 (global log) -> https://github.com/StarateJI/L2Mauto/blob/bot-logs/runs/20260915_181201_fail_global.log
2026-09-15 18:12:06,700 - DEBUG - [global] log_uploader: END window=periodic
2026-09-15 18:12:06,700 - INFO - [global] LogUploader: upload_run_logs завершён
2026-09-15 18:12:17,400 - INFO - [global] Проверяю обновы...
2026-09-15 18:12:18,027 - DEBUG - [global] needs_update: raw → 5.6.16
2026-09-15 18:12:18,830 - DEBUG - [global] needs_update: API GitHub → 5.6.16
2026-09-15 18:12:19,928 - DEBUG - [global] needs_update: jsdelivr → 5.4.1
2026-09-15 18:12:19,928 - DEBUG - [global] needs_update: лучший источник raw → 5.6.16 (из 3)
2026-09-15 18:12:19,931 - INFO - [global] needs_update: local=(5, 6, 16) remote=(5, 6, 16) -> has_update=False
2026-09-15 18:12:19,931 - INFO - [global] Установлена последняя версия бота | 5.6.16
2026-09-15 18:12:49,954 - INFO - [global] Проверяю обновы...
2026-09-15 18:12:50,606 - DEBUG - [global] needs_update: raw → 5.6.16
2026-09-15 18:12:51,425 - DEBUG - [global] needs_update: API GitHub → 5.6.16
2026-09-15 18:12:52,093 - DEBUG - [global] needs_update: jsdelivr → 5.4.1
2026-09-15 18:12:52,093 - DEBUG - [global] needs_update: лучший источник raw → 5.6.16 (из 3)
2026-09-15 18:12:52,095 - INFO - [global] needs_update: local=(5, 6, 16) remote=(5, 6, 16) -> has_update=False
2026-09-15 18:12:52,096 - INFO - [global] Установлена последняя версия бота | 5.6.16
2026-09-15 18:13:06,737 - INFO - [global] LogUploader: запускаю upload_run_logs...
2026-09-15 18:13:06,737 - DEBUG - [global] log_uploader: START window=periodic made=-1 token=...Rjnfq
2026-09-15 18:13:07,581 - DEBUG - [global] _api_put: GET runs/20260915_181306_fail_periodic.log -> 404
2026-09-15 18:13:09,084 - DEBUG - [global] _api_put: PUT runs/20260915_181306_fail_periodic.log -> 201 (10182 bytes)
2026-09-15 18:13:09,087 - DEBUG - [global] log_uploader: STEP 1 (window log) -> https://github.com/StarateJI/L2Mauto/blob/bot-logs/runs/20260915_181306_fail_periodic.log
2026-09-15 18:13:09,087 - DEBUG - [global] log_uploader: STEP 2 SKIP (no PNGs)
2026-09-15 18:13:09,960 - DEBUG - [global] _api_put: GET runs/20260915_181306_fail_global.log -> 404
2026-09-15 18:13:11,521 - DEBUG - [global] _api_put: PUT runs/20260915_181306_fail_global.log -> 201 (19973 bytes)
2026-09-15 18:13:11,523 - DEBUG - [global] log_uploader: STEP 3 (global log) -> https://github.com/StarateJI/L2Mauto/blob/bot-logs/runs/20260915_181306_fail_global.log
2026-09-15 18:13:11,523 - DEBUG - [global] log_uploader: END window=periodic
2026-09-15 18:13:11,524 - INFO - [global] LogUploader: upload_run_logs завершён
2026-09-15 18:13:22,120 - INFO - [global] Проверяю обновы...
2026-09-15 18:13:22,777 - DEBUG - [global] needs_update: raw → 5.6.16
2026-09-15 18:13:23,600 - DEBUG - [global] needs_update: API GitHub → 5.6.16
2026-09-15 18:13:24,256 - DEBUG - [global] needs_update: jsdelivr → 5.4.1
2026-09-15 18:13:24,256 - DEBUG - [global] needs_update: лучший источник raw → 5.6.16 (из 3)
2026-09-15 18:13:24,258 - INFO - [global] needs_update: local=(5, 6, 16) remote=(5, 6, 16) -> has_update=False
2026-09-15 18:13:24,259 - INFO - [global] Установлена последняя версия бота | 5.6.16
2026-09-15 18:13:54,276 - INFO - [global] Проверяю обновы...
2026-09-15 18:13:54,903 - DEBUG - [global] needs_update: raw → 5.6.16
2026-09-15 18:13:55,718 - DEBUG - [global] needs_update: API GitHub → 5.6.16
2026-09-15 18:13:56,395 - DEBUG - [global] needs_update: jsdelivr → 5.4.2
2026-09-15 18:13:56,395 - DEBUG - [global] needs_update: лучший источник raw → 5.6.16 (из 3)
2026-09-15 18:13:56,397 - INFO - [global] needs_update: local=(5, 6, 16) remote=(5, 6, 16) -> has_update=False
2026-09-15 18:13:56,398 - INFO - [global] Установлена последняя версия бота | 5.6.16
2026-09-15 18:14:11,554 - INFO - [global] LogUploader: запускаю upload_run_logs...
2026-09-15 18:14:11,554 - DEBUG - [global] log_uploader: START window=periodic made=-1 token=...Rjnfq
2026-09-15 18:14:12,381 - DEBUG - [global] _api_put: GET runs/20260915_181411_fail_periodic.log -> 404
2026-09-15 18:14:13,765 - DEBUG - [global] _api_put: PUT runs/20260915_181411_fail_periodic.log -> 201 (10182 bytes)
2026-09-15 18:14:13,767 - DEBUG - [global] log_uploader: STEP 1 (window log) -> https://github.com/StarateJI/L2Mauto/blob/bot-logs/runs/20260915_181411_fail_periodic.log
2026-09-15 18:14:13,768 - DEBUG - [global] log_uploader: STEP 2 SKIP (no PNGs)
2026-09-15 18:14:14,703 - DEBUG - [global] _api_put: GET runs/20260915_181411_fail_global.log -> 404
2026-09-15 18:14:16,201 - DEBUG - [global] _api_put: PUT runs/20260915_181411_fail_global.log -> 201 (19973 bytes)
2026-09-15 18:14:16,203 - DEBUG - [global] log_uploader: STEP 3 (global log) -> https://github.com/StarateJI/L2Mauto/blob/bot-logs/runs/20260915_181411_fail_global.log
2026-09-15 18:14:16,203 - DEBUG - [global] log_uploader: END window=periodic
2026-09-15 18:14:16,203 - INFO - [global] LogUploader: upload_run_logs завершён
2026-09-15 18:14:26,415 - INFO - [global] Проверяю обновы...
2026-09-15 18:14:27,098 - DEBUG - [global] needs_update: raw → 5.6.16
2026-09-15 18:14:27,963 - DEBUG - [global] needs_update: API GitHub → 5.6.16
2026-09-15 18:14:28,644 - DEBUG - [global] needs_update: jsdelivr → 5.4.2
2026-09-15 18:14:28,644 - DEBUG - [global] needs_update: лучший источник raw → 5.6.16 (из 3)
2026-09-15 18:14:28,646 - INFO - [global] needs_update: local=(5, 6, 16) remote=(5, 6, 16) -> has_update=False
2026-09-15 18:14:28,647 - INFO - [global] Установлена последняя версия бота | 5.6.16
2026-09-15 18:14:58,685 - INFO - [global] Проверяю обновы...
2026-09-15 18:14:59,370 - DEBUG - [global] needs_update: raw → 5.6.16
2026-09-15 18:15:00,250 - DEBUG - [global] needs_update: API GitHub → 5.6.16
2026-09-15 18:15:00,965 - DEBUG - [global] needs_update: jsdelivr → 5.4.1
2026-09-15 18:15:00,965 - DEBUG - [global] needs_update: лучший источник raw → 5.6.16 (из 3)
2026-09-15 18:15:00,969 - INFO - [global] needs_update: local=(5, 6, 16) remote=(5, 6, 16) -> has_update=False
2026-09-15 18:15:00,970 - INFO - [global] Установлена последняя версия бота | 5.6.16
2026-09-15 18:15:16,243 - INFO - [global] LogUploader: запускаю upload_run_logs...
2026-09-15 18:15:16,246 - DEBUG - [global] log_uploader: START window=periodic made=-1 token=...Rjnfq
2026-09-15 18:15:17,156 - DEBUG - [global] _api_put: GET runs/20260915_181516_fail_periodic.log -> 404
2026-09-15 18:15:18,705 - DEBUG - [global] _api_put: PUT runs/20260915_181516_fail_periodic.log -> 201 (10182 bytes)
2026-09-15 18:15:18,707 - DEBUG - [global] log_uploader: STEP 1 (window log) -> https://github.com/StarateJI/L2Mauto/blob/bot-logs/runs/20260915_181516_fail_periodic.log
2026-09-15 18:15:18,707 - DEBUG - [global] log_uploader: STEP 2 SKIP (no PNGs)
2026-09-15 18:15:19,662 - DEBUG - [global] _api_put: GET runs/20260915_181516_fail_global.log -> 404
2026-09-15 18:15:21,262 - DEBUG - [global] _api_put: PUT runs/20260915_181516_fail_global.log -> 201 (19973 bytes)
2026-09-15 18:15:21,264 - DEBUG - [global] log_uploader: STEP 3 (global log) -> https://github.com/StarateJI/L2Mauto/blob/bot-logs/runs/20260915_181516_fail_global.log
2026-09-15 18:15:21,265 - DEBUG - [global] log_uploader: END window=periodic
2026-09-15 18:15:21,265 - INFO - [global] LogUploader: upload_run_logs завершён
2026-09-15 18:15:30,991 - INFO - [global] Проверяю обновы...
2026-09-15 18:15:31,714 - DEBUG - [global] needs_update: raw → 5.6.16
2026-09-15 18:15:32,607 - DEBUG - [global] needs_update: API GitHub → 5.6.16
2026-09-15 18:15:33,335 - DEBUG - [global] needs_update: jsdelivr → 5.4.1
2026-09-15 18:15:33,336 - DEBUG - [global] needs_update: лучший источник raw → 5.6.16 (из 3)
2026-09-15 18:15:33,338 - INFO - [global] needs_update: local=(5, 6, 16) remote=(5, 6, 16) -> has_update=False
2026-09-15 18:15:33,338 - INFO - [global] Установлена последняя версия бота | 5.6.16
2026-09-15 18:16:03,363 - INFO - [global] Проверяю обновы...
2026-09-15 18:16:04,108 - DEBUG - [global] needs_update: raw → 5.6.16
2026-09-15 18:16:05,017 - DEBUG - [global] needs_update: API GitHub → 5.6.16
2026-09-15 18:16:05,749 - DEBUG - [global] needs_update: jsdelivr → 5.4.1
2026-09-15 18:16:05,749 - DEBUG - [global] needs_update: лучший источник raw → 5.6.16 (из 3)
2026-09-15 18:16:05,751 - INFO - [global] needs_update: local=(5, 6, 16) remote=(5, 6, 16) -> has_update=False
2026-09-15 18:16:05,752 - INFO - [global] Установлена последняя версия бота | 5.6.16
2026-09-15 18:16:21,307 - INFO - [global] LogUploader: запускаю upload_run_logs...
2026-09-15 18:16:21,307 - DEBUG - [global] log_uploader: START window=periodic made=-1 token=...Rjnfq
2026-09-15 18:16:22,211 - DEBUG - [global] _api_put: GET runs/20260915_181621_fail_periodic.log -> 404
2026-09-15 18:16:23,780 - DEBUG - [global] _api_put: PUT runs/20260915_181621_fail_periodic.log -> 201 (10182 bytes)
2026-09-15 18:16:23,782 - DEBUG - [global] log_uploader: STEP 1 (window log) -> https://github.com/StarateJI/L2Mauto/blob/bot-logs/runs/20260915_181621_fail_periodic.log
2026-09-15 18:16:23,783 - DEBUG - [global] log_uploader: STEP 2 SKIP (no PNGs)
2026-09-15 18:16:24,761 - DEBUG - [global] _api_put: GET runs/20260915_181621_fail_global.log -> 404
2026-09-15 18:16:26,218 - DEBUG - [global] _api_put: PUT runs/20260915_181621_fail_global.log -> 201 (19973 bytes)
2026-09-15 18:16:26,220 - DEBUG - [global] log_uploader: STEP 3 (global log) -> https://github.com/StarateJI/L2Mauto/blob/bot-logs/runs/20260915_181621_fail_global.log
2026-09-15 18:16:26,220 - DEBUG - [global] log_uploader: END window=periodic
2026-09-15 18:16:26,220 - INFO - [global] LogUploader: upload_run_logs завершён
2026-09-15 18:16:35,768 - INFO - [global] Проверяю обновы...
2026-09-15 18:16:36,430 - DEBUG - [global] needs_update: raw → 5.6.16
2026-09-15 18:16:37,311 - DEBUG - [global] needs_update: API GitHub → 5.6.17
2026-09-15 18:16:38,023 - DEBUG - [global] needs_update: jsdelivr → 5.4.1
2026-09-15 18:16:38,023 - DEBUG - [global] needs_update: лучший источник API → 5.6.17 (из 3)
2026-09-15 18:16:38,025 - INFO - [global] needs_update: local=(5, 6, 16) remote=(5, 6, 17) -> has_update=True
2026-09-15 18:16:38,026 - INFO - [global] Доступна обнова! Спавню кнопку
2026-09-15 18:17:08,046 - INFO - [global] Проверяю обновы...
2026-09-15 18:17:08,937 - DEBUG - [global] needs_update: raw → 5.6.17
2026-09-15 18:17:09,795 - DEBUG - [global] needs_update: API GitHub → 5.6.17
2026-09-15 18:17:10,484 - DEBUG - [global] needs_update: jsdelivr → 5.4.1
2026-09-15 18:17:10,484 - DEBUG - [global] needs_update: лучший источник raw → 5.6.17 (из 3)
2026-09-15 18:17:10,487 - INFO - [global] needs_update: local=(5, 6, 16) remote=(5, 6, 17) -> has_update=True
2026-09-15 18:17:10,487 - INFO - [global] Доступна обнова! Спавню кнопку
2026-09-15 18:17:26,254 - INFO - [global] LogUploader: запускаю upload_run_logs...
2026-09-15 18:17:26,254 - DEBUG - [global] log_uploader: START window=periodic made=-1 token=...Rjnfq
2026-09-15 18:17:27,132 - DEBUG - [global] _api_put: GET runs/20260915_181726_fail_periodic.log -> 404
2026-09-15 18:17:28,549 - DEBUG - [global] _api_put: PUT runs/20260915_181726_fail_periodic.log -> 201 (10182 bytes)
2026-09-15 18:17:28,552 - DEBUG - [global] log_uploader: STEP 1 (window log) -> https://github.com/StarateJI/L2Mauto/blob/bot-logs/runs/20260915_181726_fail_periodic.log
2026-09-15 18:17:28,552 - DEBUG - [global] log_uploader: STEP 2 SKIP (no PNGs)
