=== Log tail 2026-09-29T23:55:34.339768 | last 200 lines ===
2026-09-29 23:46:20,834 - DEBUG - [global] needs_update: API → 5.13.09
2026-09-29 23:46:20,834 - DEBUG - [global] needs_update: лучший источник raw → 5.13.09 (из 2)
2026-09-29 23:46:20,834 - INFO - [global] needs_update: local=(5, 13, 7) remote=(5, 13, 9) -> has_update=True
2026-09-29 23:46:20,834 - INFO - [global] Доступна обнова! Спавню кнопку
2026-09-29 23:46:32,241 - INFO - [global] LogUploader: запускаю upload_run_logs...
2026-09-29 23:46:32,242 - DEBUG - [global] log_uploader: START window=periodic made=-1 token=...Rjnfq
2026-09-29 23:46:33,421 - DEBUG - [global] _api_put: GET runs/20260929_234632_fail_periodic.log -> 404
2026-09-29 23:46:36,516 - DEBUG - [global] _api_put: PUT runs/20260929_234632_fail_periodic.log -> 201 (12833 bytes)
2026-09-29 23:46:36,519 - DEBUG - [global] log_uploader: STEP 1 (window log) -> https://github.com/StarateJI/L2Mauto/blob/bot-logs/runs/20260929_234632_fail_periodic.log
2026-09-29 23:46:36,520 - DEBUG - [global] log_uploader: STEP 2 SKIP (no PNGs)
2026-09-29 23:46:37,600 - DEBUG - [global] _api_put: GET runs/20260929_234632_fail_global.log -> 404
2026-09-29 23:46:39,749 - DEBUG - [global] _api_put: PUT runs/20260929_234632_fail_global.log -> 201 (20019 bytes)
2026-09-29 23:46:39,751 - DEBUG - [global] log_uploader: STEP 3 (global log) -> https://github.com/StarateJI/L2Mauto/blob/bot-logs/runs/20260929_234632_fail_global.log
2026-09-29 23:46:39,752 - DEBUG - [global] log_uploader: END window=periodic
2026-09-29 23:46:39,752 - INFO - [global] LogUploader: upload_run_logs завершён
2026-09-29 23:46:50,856 - INFO - [global] Проверяю обновы...
2026-09-29 23:46:51,822 - DEBUG - [global] needs_update: raw → 5.13.09
2026-09-29 23:46:52,015 - DEBUG - [global] needs_update: API → 5.13.09
2026-09-29 23:46:52,016 - DEBUG - [global] needs_update: лучший источник raw → 5.13.09 (из 2)
2026-09-29 23:46:52,016 - INFO - [global] needs_update: local=(5, 13, 7) remote=(5, 13, 9) -> has_update=True
2026-09-29 23:46:52,016 - INFO - [global] Доступна обнова! Спавню кнопку
2026-09-29 23:47:22,036 - INFO - [global] Проверяю обновы...
2026-09-29 23:47:23,881 - DEBUG - [global] needs_update: raw → 5.13.09
2026-09-29 23:47:24,055 - DEBUG - [global] needs_update: API → 5.13.09
2026-09-29 23:47:24,057 - DEBUG - [global] needs_update: лучший источник raw → 5.13.09 (из 2)
2026-09-29 23:47:24,057 - INFO - [global] needs_update: local=(5, 13, 7) remote=(5, 13, 9) -> has_update=True
2026-09-29 23:47:24,057 - INFO - [global] Доступна обнова! Спавню кнопку
2026-09-29 23:47:39,797 - INFO - [global] LogUploader: запускаю upload_run_logs...
2026-09-29 23:47:39,799 - DEBUG - [global] log_uploader: START window=periodic made=-1 token=...Rjnfq
2026-09-29 23:47:40,928 - DEBUG - [global] _api_put: GET runs/20260929_234739_fail_periodic.log -> 404
2026-09-29 23:47:43,179 - DEBUG - [global] _api_put: PUT runs/20260929_234739_fail_periodic.log -> 201 (12833 bytes)
2026-09-29 23:47:43,181 - DEBUG - [global] log_uploader: STEP 1 (window log) -> https://github.com/StarateJI/L2Mauto/blob/bot-logs/runs/20260929_234739_fail_periodic.log
2026-09-29 23:47:43,183 - DEBUG - [global] log_uploader: STEP 2 SKIP (no PNGs)
2026-09-29 23:47:44,400 - DEBUG - [global] _api_put: GET runs/20260929_234739_fail_global.log -> 404
2026-09-29 23:47:46,581 - DEBUG - [global] _api_put: PUT runs/20260929_234739_fail_global.log -> 201 (20019 bytes)
2026-09-29 23:47:46,584 - DEBUG - [global] log_uploader: STEP 3 (global log) -> https://github.com/StarateJI/L2Mauto/blob/bot-logs/runs/20260929_234739_fail_global.log
2026-09-29 23:47:46,584 - DEBUG - [global] log_uploader: END window=periodic
2026-09-29 23:47:46,584 - INFO - [global] LogUploader: upload_run_logs завершён
2026-09-29 23:47:54,082 - INFO - [global] Проверяю обновы...
2026-09-29 23:47:55,111 - DEBUG - [global] needs_update: raw → 5.13.09
2026-09-29 23:47:55,337 - DEBUG - [global] needs_update: API → 5.13.09
2026-09-29 23:47:55,337 - DEBUG - [global] needs_update: лучший источник raw → 5.13.09 (из 2)
2026-09-29 23:47:55,337 - INFO - [global] needs_update: local=(5, 13, 7) remote=(5, 13, 9) -> has_update=True
2026-09-29 23:47:55,337 - INFO - [global] Доступна обнова! Спавню кнопку
2026-09-29 23:48:25,381 - INFO - [global] Проверяю обновы...
2026-09-29 23:48:26,461 - DEBUG - [global] needs_update: raw → 5.13.09
2026-09-29 23:48:26,639 - DEBUG - [global] needs_update: API → 5.13.09
2026-09-29 23:48:26,640 - DEBUG - [global] needs_update: лучший источник raw → 5.13.09 (из 2)
2026-09-29 23:48:26,640 - INFO - [global] needs_update: local=(5, 13, 7) remote=(5, 13, 9) -> has_update=True
2026-09-29 23:48:26,640 - INFO - [global] Доступна обнова! Спавню кнопку
2026-09-29 23:48:46,645 - INFO - [global] LogUploader: запускаю upload_run_logs...
2026-09-29 23:48:46,646 - DEBUG - [global] log_uploader: START window=periodic made=-1 token=...Rjnfq
2026-09-29 23:48:47,847 - DEBUG - [global] _api_put: GET runs/20260929_234846_fail_periodic.log -> 404
2026-09-29 23:48:51,029 - DEBUG - [global] _api_put: PUT runs/20260929_234846_fail_periodic.log -> 201 (12833 bytes)
2026-09-29 23:48:51,032 - DEBUG - [global] log_uploader: STEP 1 (window log) -> https://github.com/StarateJI/L2Mauto/blob/bot-logs/runs/20260929_234846_fail_periodic.log
2026-09-29 23:48:51,032 - DEBUG - [global] log_uploader: STEP 2 SKIP (no PNGs)
2026-09-29 23:48:52,162 - DEBUG - [global] _api_put: GET runs/20260929_234846_fail_global.log -> 404
2026-09-29 23:48:54,640 - DEBUG - [global] _api_put: PUT runs/20260929_234846_fail_global.log -> 201 (20019 bytes)
2026-09-29 23:48:54,642 - DEBUG - [global] log_uploader: STEP 3 (global log) -> https://github.com/StarateJI/L2Mauto/blob/bot-logs/runs/20260929_234846_fail_global.log
2026-09-29 23:48:54,642 - DEBUG - [global] log_uploader: END window=periodic
2026-09-29 23:48:54,642 - INFO - [global] LogUploader: upload_run_logs завершён
2026-09-29 23:48:56,661 - INFO - [global] Проверяю обновы...
2026-09-29 23:48:57,714 - DEBUG - [global] needs_update: raw → 5.13.09
2026-09-29 23:48:57,890 - DEBUG - [global] needs_update: API → 5.13.09
2026-09-29 23:48:57,890 - DEBUG - [global] needs_update: лучший источник raw → 5.13.09 (из 2)
2026-09-29 23:48:57,890 - INFO - [global] needs_update: local=(5, 13, 7) remote=(5, 13, 9) -> has_update=True
2026-09-29 23:48:57,890 - INFO - [global] Доступна обнова! Спавню кнопку
2026-09-29 23:49:27,926 - INFO - [global] Проверяю обновы...
2026-09-29 23:49:28,953 - DEBUG - [global] needs_update: raw → 5.13.09
2026-09-29 23:49:29,175 - DEBUG - [global] needs_update: API → 5.13.09
2026-09-29 23:49:29,176 - DEBUG - [global] needs_update: лучший источник raw → 5.13.09 (из 2)
2026-09-29 23:49:29,176 - INFO - [global] needs_update: local=(5, 13, 7) remote=(5, 13, 9) -> has_update=True
2026-09-29 23:49:29,176 - INFO - [global] Доступна обнова! Спавню кнопку
2026-09-29 23:49:54,706 - INFO - [global] LogUploader: запускаю upload_run_logs...
2026-09-29 23:49:54,707 - DEBUG - [global] log_uploader: START window=periodic made=-1 token=...Rjnfq
2026-09-29 23:49:56,005 - DEBUG - [global] _api_put: GET runs/20260929_234954_fail_periodic.log -> 404
2026-09-29 23:49:58,239 - DEBUG - [global] _api_put: PUT runs/20260929_234954_fail_periodic.log -> 201 (12833 bytes)
2026-09-29 23:49:58,242 - DEBUG - [global] log_uploader: STEP 1 (window log) -> https://github.com/StarateJI/L2Mauto/blob/bot-logs/runs/20260929_234954_fail_periodic.log
2026-09-29 23:49:58,242 - DEBUG - [global] log_uploader: STEP 2 SKIP (no PNGs)
2026-09-29 23:49:59,195 - INFO - [global] Проверяю обновы...
2026-09-29 23:49:59,407 - DEBUG - [global] _api_put: GET runs/20260929_234954_fail_global.log -> 404
2026-09-29 23:50:00,443 - DEBUG - [global] needs_update: raw → 5.13.09
2026-09-29 23:50:00,707 - DEBUG - [global] needs_update: API → 5.13.09
2026-09-29 23:50:00,708 - DEBUG - [global] needs_update: лучший источник raw → 5.13.09 (из 2)
2026-09-29 23:50:00,708 - INFO - [global] needs_update: local=(5, 13, 7) remote=(5, 13, 9) -> has_update=True
2026-09-29 23:50:00,708 - INFO - [global] Доступна обнова! Спавню кнопку
2026-09-29 23:50:02,192 - DEBUG - [global] _api_put: PUT runs/20260929_234954_fail_global.log -> 201 (20019 bytes)
2026-09-29 23:50:02,202 - DEBUG - [global] log_uploader: STEP 3 (global log) -> https://github.com/StarateJI/L2Mauto/blob/bot-logs/runs/20260929_234954_fail_global.log
2026-09-29 23:50:02,203 - DEBUG - [global] log_uploader: END window=periodic
2026-09-29 23:50:02,203 - INFO - [global] LogUploader: upload_run_logs завершён
2026-09-29 23:50:30,750 - INFO - [global] Проверяю обновы...
2026-09-29 23:50:31,898 - DEBUG - [global] needs_update: raw → 5.13.09
2026-09-29 23:50:32,074 - DEBUG - [global] needs_update: API → 5.13.09
2026-09-29 23:50:32,077 - DEBUG - [global] needs_update: лучший источник raw → 5.13.09 (из 2)
2026-09-29 23:50:32,077 - INFO - [global] needs_update: local=(5, 13, 7) remote=(5, 13, 9) -> has_update=True
2026-09-29 23:50:32,077 - INFO - [global] Доступна обнова! Спавню кнопку
2026-09-29 23:51:02,110 - INFO - [global] Проверяю обновы...
2026-09-29 23:51:02,289 - INFO - [global] LogUploader: запускаю upload_run_logs...
2026-09-29 23:51:02,298 - DEBUG - [global] log_uploader: START window=periodic made=-1 token=...Rjnfq
2026-09-29 23:51:03,327 - DEBUG - [global] needs_update: raw → 5.13.09
2026-09-29 23:51:03,531 - DEBUG - [global] needs_update: API → 5.13.09
2026-09-29 23:51:03,532 - DEBUG - [global] needs_update: лучший источник raw → 5.13.09 (из 2)
2026-09-29 23:51:03,532 - INFO - [global] needs_update: local=(5, 13, 7) remote=(5, 13, 9) -> has_update=True
2026-09-29 23:51:03,532 - INFO - [global] Доступна обнова! Спавню кнопку
2026-09-29 23:51:03,845 - DEBUG - [global] _api_put: GET runs/20260929_235102_fail_periodic.log -> 404
2026-09-29 23:51:06,273 - DEBUG - [global] _api_put: PUT runs/20260929_235102_fail_periodic.log -> 201 (12833 bytes)
2026-09-29 23:51:06,276 - DEBUG - [global] log_uploader: STEP 1 (window log) -> https://github.com/StarateJI/L2Mauto/blob/bot-logs/runs/20260929_235102_fail_periodic.log
2026-09-29 23:51:06,277 - DEBUG - [global] log_uploader: STEP 2 SKIP (no PNGs)
2026-09-29 23:51:07,738 - DEBUG - [global] _api_put: GET runs/20260929_235102_fail_global.log -> 404
2026-09-29 23:51:10,239 - DEBUG - [global] _api_put: PUT runs/20260929_235102_fail_global.log -> 201 (19974 bytes)
2026-09-29 23:51:10,242 - DEBUG - [global] log_uploader: STEP 3 (global log) -> https://github.com/StarateJI/L2Mauto/blob/bot-logs/runs/20260929_235102_fail_global.log
2026-09-29 23:51:10,242 - DEBUG - [global] log_uploader: END window=periodic
2026-09-29 23:51:10,242 - INFO - [global] LogUploader: upload_run_logs завершён
2026-09-29 23:51:33,579 - INFO - [global] Проверяю обновы...
2026-09-29 23:51:34,648 - DEBUG - [global] needs_update: raw → 5.13.09
2026-09-29 23:51:34,907 - DEBUG - [global] needs_update: API → 5.13.09
2026-09-29 23:51:34,908 - DEBUG - [global] needs_update: лучший источник raw → 5.13.09 (из 2)
2026-09-29 23:51:34,909 - INFO - [global] needs_update: local=(5, 13, 7) remote=(5, 13, 9) -> has_update=True
2026-09-29 23:51:34,909 - INFO - [global] Доступна обнова! Спавню кнопку
2026-09-29 23:52:04,942 - INFO - [global] Проверяю обновы...
2026-09-29 23:52:06,015 - DEBUG - [global] needs_update: raw → 5.13.09
2026-09-29 23:52:06,173 - DEBUG - [global] needs_update: API → 5.13.09
2026-09-29 23:52:06,174 - DEBUG - [global] needs_update: лучший источник raw → 5.13.09 (из 2)
2026-09-29 23:52:06,174 - INFO - [global] needs_update: local=(5, 13, 7) remote=(5, 13, 9) -> has_update=True
2026-09-29 23:52:06,174 - INFO - [global] Доступна обнова! Спавню кнопку
2026-09-29 23:52:10,307 - INFO - [global] LogUploader: запускаю upload_run_logs...
2026-09-29 23:52:10,309 - DEBUG - [global] log_uploader: START window=periodic made=-1 token=...Rjnfq
2026-09-29 23:52:11,556 - DEBUG - [global] _api_put: GET runs/20260929_235210_fail_periodic.log -> 404
2026-09-29 23:52:14,100 - DEBUG - [global] _api_put: PUT runs/20260929_235210_fail_periodic.log -> 201 (12833 bytes)
2026-09-29 23:52:14,104 - DEBUG - [global] log_uploader: STEP 1 (window log) -> https://github.com/StarateJI/L2Mauto/blob/bot-logs/runs/20260929_235210_fail_periodic.log
2026-09-29 23:52:14,104 - DEBUG - [global] log_uploader: STEP 2 SKIP (no PNGs)
2026-09-29 23:52:15,296 - DEBUG - [global] _api_put: GET runs/20260929_235210_fail_global.log -> 404
2026-09-29 23:52:17,504 - DEBUG - [global] _api_put: PUT runs/20260929_235210_fail_global.log -> 201 (19974 bytes)
2026-09-29 23:52:17,507 - DEBUG - [global] log_uploader: STEP 3 (global log) -> https://github.com/StarateJI/L2Mauto/blob/bot-logs/runs/20260929_235210_fail_global.log
2026-09-29 23:52:17,507 - DEBUG - [global] log_uploader: END window=periodic
2026-09-29 23:52:17,507 - INFO - [global] LogUploader: upload_run_logs завершён
2026-09-29 23:52:36,202 - INFO - [global] Проверяю обновы...
2026-09-29 23:52:37,235 - DEBUG - [global] needs_update: raw → 5.13.09
2026-09-29 23:52:37,442 - DEBUG - [global] needs_update: API → 5.13.09
2026-09-29 23:52:37,443 - DEBUG - [global] needs_update: лучший источник raw → 5.13.09 (из 2)
2026-09-29 23:52:37,443 - INFO - [global] needs_update: local=(5, 13, 7) remote=(5, 13, 9) -> has_update=True
2026-09-29 23:52:37,443 - INFO - [global] Доступна обнова! Спавню кнопку
2026-09-29 23:53:07,462 - INFO - [global] Проверяю обновы...
2026-09-29 23:53:08,447 - DEBUG - [global] needs_update: raw → 5.13.09
2026-09-29 23:53:08,655 - DEBUG - [global] needs_update: API → 5.13.09
2026-09-29 23:53:08,656 - DEBUG - [global] needs_update: лучший источник raw → 5.13.09 (из 2)
2026-09-29 23:53:08,656 - INFO - [global] needs_update: local=(5, 13, 7) remote=(5, 13, 9) -> has_update=True
2026-09-29 23:53:08,656 - INFO - [global] Доступна обнова! Спавню кнопку
2026-09-29 23:53:17,556 - INFO - [global] LogUploader: запускаю upload_run_logs...
2026-09-29 23:53:17,557 - DEBUG - [global] log_uploader: START window=periodic made=-1 token=...Rjnfq
2026-09-29 23:53:18,669 - DEBUG - [global] _api_put: GET runs/20260929_235317_fail_periodic.log -> 404
2026-09-29 23:53:21,027 - DEBUG - [global] _api_put: PUT runs/20260929_235317_fail_periodic.log -> 201 (12833 bytes)
2026-09-29 23:53:21,030 - DEBUG - [global] log_uploader: STEP 1 (window log) -> https://github.com/StarateJI/L2Mauto/blob/bot-logs/runs/20260929_235317_fail_periodic.log
2026-09-29 23:53:21,031 - DEBUG - [global] log_uploader: STEP 2 SKIP (no PNGs)
2026-09-29 23:53:22,164 - DEBUG - [global] _api_put: GET runs/20260929_235317_fail_global.log -> 404
2026-09-29 23:53:24,194 - DEBUG - [global] _api_put: PUT runs/20260929_235317_fail_global.log -> 201 (20019 bytes)
2026-09-29 23:53:24,197 - DEBUG - [global] log_uploader: STEP 3 (global log) -> https://github.com/StarateJI/L2Mauto/blob/bot-logs/runs/20260929_235317_fail_global.log
2026-09-29 23:53:24,197 - DEBUG - [global] log_uploader: END window=periodic
2026-09-29 23:53:24,197 - INFO - [global] LogUploader: upload_run_logs завершён
2026-09-29 23:53:38,675 - INFO - [global] Проверяю обновы...
2026-09-29 23:53:39,692 - DEBUG - [global] needs_update: raw → 5.13.09
2026-09-29 23:53:39,892 - DEBUG - [global] needs_update: API → 5.13.09
2026-09-29 23:53:39,892 - DEBUG - [global] needs_update: лучший источник raw → 5.13.09 (из 2)
2026-09-29 23:53:39,893 - INFO - [global] needs_update: local=(5, 13, 7) remote=(5, 13, 9) -> has_update=True
2026-09-29 23:53:39,893 - INFO - [global] Доступна обнова! Спавню кнопку
2026-09-29 23:54:09,914 - INFO - [global] Проверяю обновы...
2026-09-29 23:54:10,866 - DEBUG - [global] needs_update: raw → 5.13.09
2026-09-29 23:54:11,116 - DEBUG - [global] needs_update: API → 5.13.09
2026-09-29 23:54:11,116 - DEBUG - [global] needs_update: лучший источник raw → 5.13.09 (из 2)
2026-09-29 23:54:11,116 - INFO - [global] needs_update: local=(5, 13, 7) remote=(5, 13, 9) -> has_update=True
2026-09-29 23:54:11,117 - INFO - [global] Доступна обнова! Спавню кнопку
2026-09-29 23:54:24,234 - INFO - [global] LogUploader: запускаю upload_run_logs...
2026-09-29 23:54:24,237 - DEBUG - [global] log_uploader: START window=periodic made=-1 token=...Rjnfq
2026-09-29 23:54:25,474 - DEBUG - [global] _api_put: GET runs/20260929_235424_fail_periodic.log -> 404
2026-09-29 23:54:28,086 - DEBUG - [global] _api_put: PUT runs/20260929_235424_fail_periodic.log -> 201 (12833 bytes)
2026-09-29 23:54:28,090 - DEBUG - [global] log_uploader: STEP 1 (window log) -> https://github.com/StarateJI/L2Mauto/blob/bot-logs/runs/20260929_235424_fail_periodic.log
2026-09-29 23:54:28,090 - DEBUG - [global] log_uploader: STEP 2 SKIP (no PNGs)
2026-09-29 23:54:29,196 - DEBUG - [global] _api_put: GET runs/20260929_235424_fail_global.log -> 404
2026-09-29 23:54:31,368 - DEBUG - [global] _api_put: PUT runs/20260929_235424_fail_global.log -> 201 (20019 bytes)
2026-09-29 23:54:31,371 - DEBUG - [global] log_uploader: STEP 3 (global log) -> https://github.com/StarateJI/L2Mauto/blob/bot-logs/runs/20260929_235424_fail_global.log
2026-09-29 23:54:31,371 - DEBUG - [global] log_uploader: END window=periodic
2026-09-29 23:54:31,371 - INFO - [global] LogUploader: upload_run_logs завершён
2026-09-29 23:54:41,149 - INFO - [global] Проверяю обновы...
2026-09-29 23:54:42,148 - DEBUG - [global] needs_update: raw → 5.13.09
2026-09-29 23:54:42,315 - DEBUG - [global] needs_update: API → 5.13.09
2026-09-29 23:54:42,315 - DEBUG - [global] needs_update: лучший источник raw → 5.13.09 (из 2)
2026-09-29 23:54:42,315 - INFO - [global] needs_update: local=(5, 13, 7) remote=(5, 13, 9) -> has_update=True
2026-09-29 23:54:42,316 - INFO - [global] Доступна обнова! Спавню кнопку
2026-09-29 23:55:12,333 - INFO - [global] Проверяю обновы...
2026-09-29 23:55:13,329 - DEBUG - [global] needs_update: raw → 5.13.09
2026-09-29 23:55:13,488 - DEBUG - [global] needs_update: API → 5.13.09
2026-09-29 23:55:13,488 - DEBUG - [global] needs_update: лучший источник raw → 5.13.09 (из 2)
2026-09-29 23:55:13,488 - INFO - [global] needs_update: local=(5, 13, 7) remote=(5, 13, 9) -> has_update=True
2026-09-29 23:55:13,488 - INFO - [global] Доступна обнова! Спавню кнопку
2026-09-29 23:55:31,403 - INFO - [global] LogUploader: запускаю upload_run_logs...
2026-09-29 23:55:31,405 - DEBUG - [global] log_uploader: START window=periodic made=-1 token=...Rjnfq
2026-09-29 23:55:32,422 - DEBUG - [global] _api_put: GET runs/20260929_235531_fail_periodic.log -> 404
2026-09-29 23:55:34,288 - DEBUG - [global] _api_put: PUT runs/20260929_235531_fail_periodic.log -> 201 (12833 bytes)
2026-09-29 23:55:34,291 - DEBUG - [global] log_uploader: STEP 1 (window log) -> https://github.com/StarateJI/L2Mauto/blob/bot-logs/runs/20260929_235531_fail_periodic.log
2026-09-29 23:55:34,292 - DEBUG - [global] log_uploader: STEP 2 SKIP (no PNGs)
