=== Log tail 2026-09-17T01:12:34.049367 | last 200 lines ===
2026-09-17 01:03:07,021 - DEBUG - [global] _api_put: PUT runs/20260917_010303_fail_global.log -> 409 (19291 bytes)
2026-09-17 01:03:07,021 - WARNING - [global] _api_put: PUT failed body: {"message":"is at 83d9ef84ff4f0a0f46fbdd1d9d9564bcbffde829 but expected b79b05f672a4137d4e50f94ce8130ea1297fae53","documentation_url":"https://docs.github.com/rest/repos/contents#create-or-update-file
2026-09-17 01:03:07,026 - DEBUG - [global] log_uploader: STEP 3 (global log) -> FAILED
2026-09-17 01:03:07,026 - DEBUG - [global] log_uploader: END window=periodic
2026-09-17 01:03:07,026 - INFO - [global] LogUploader: upload_run_logs завершён
2026-09-17 01:03:13,407 - INFO - [global] Проверяю обновы...
2026-09-17 01:03:14,590 - DEBUG - [global] needs_update: API GitHub → 5.9.0
2026-09-17 01:03:15,532 - DEBUG - [global] needs_update: raw → 5.9.0
2026-09-17 01:03:16,390 - DEBUG - [global] needs_update: jsdelivr → 5.9.0
2026-09-17 01:03:16,391 - DEBUG - [global] needs_update: лучший источник API → 5.9.0 (из 3)
2026-09-17 01:03:16,394 - INFO - [global] needs_update: local=(5, 9, 0) remote=(5, 9, 0) -> has_update=False
2026-09-17 01:03:16,395 - INFO - [global] Установлена последняя версия бота | 5.9.0
2026-09-17 01:03:46,412 - INFO - [global] Проверяю обновы...
2026-09-17 01:03:47,611 - DEBUG - [global] needs_update: API GitHub → 5.9.0
2026-09-17 01:03:48,543 - DEBUG - [global] needs_update: raw → 5.9.0
2026-09-17 01:03:49,419 - DEBUG - [global] needs_update: jsdelivr → 5.9.0
2026-09-17 01:03:49,420 - DEBUG - [global] needs_update: лучший источник API → 5.9.0 (из 3)
2026-09-17 01:03:49,424 - INFO - [global] needs_update: local=(5, 9, 0) remote=(5, 9, 0) -> has_update=False
2026-09-17 01:03:49,425 - INFO - [global] Установлена последняя версия бота | 5.9.0
2026-09-17 01:04:07,060 - INFO - [global] LogUploader: запускаю upload_run_logs...
2026-09-17 01:04:07,063 - DEBUG - [global] log_uploader: START window=periodic made=-1 token=...Rjnfq
2026-09-17 01:04:07,064 - DEBUG - [global] log_uploader: STEP 1 SKIP (no C:\Users\PC\Desktop\L2Mauto\logs\periodic.log)
2026-09-17 01:04:07,064 - DEBUG - [global] log_uploader: STEP 2 SKIP (no PNGs)
2026-09-17 01:04:08,366 - DEBUG - [global] _api_put: GET runs/20260917_010407_fail_global.log -> 404
2026-09-17 01:04:10,412 - DEBUG - [global] _api_put: PUT runs/20260917_010407_fail_global.log -> 201 (19382 bytes)
2026-09-17 01:04:10,417 - DEBUG - [global] log_uploader: STEP 3 (global log) -> https://github.com/StarateJI/L2Mauto/blob/bot-logs/runs/20260917_010407_fail_global.log
2026-09-17 01:04:10,418 - DEBUG - [global] log_uploader: END window=periodic
2026-09-17 01:04:10,418 - INFO - [global] LogUploader: upload_run_logs завершён
2026-09-17 01:04:19,442 - INFO - [global] Проверяю обновы...
2026-09-17 01:04:20,620 - DEBUG - [global] needs_update: API GitHub → 5.9.0
2026-09-17 01:04:21,581 - DEBUG - [global] needs_update: raw → 5.9.0
2026-09-17 01:04:22,456 - DEBUG - [global] needs_update: jsdelivr → 5.9.0
2026-09-17 01:04:22,456 - DEBUG - [global] needs_update: лучший источник API → 5.9.0 (из 3)
2026-09-17 01:04:22,460 - INFO - [global] needs_update: local=(5, 9, 0) remote=(5, 9, 0) -> has_update=False
2026-09-17 01:04:22,462 - INFO - [global] Установлена последняя версия бота | 5.9.0
2026-09-17 01:04:52,478 - INFO - [global] Проверяю обновы...
2026-09-17 01:04:53,638 - DEBUG - [global] needs_update: API GitHub → 5.9.0
2026-09-17 01:04:54,586 - DEBUG - [global] needs_update: raw → 5.9.0
2026-09-17 01:04:55,490 - DEBUG - [global] needs_update: jsdelivr → 5.9.0
2026-09-17 01:04:55,491 - DEBUG - [global] needs_update: лучший источник API → 5.9.0 (из 3)
2026-09-17 01:04:55,496 - INFO - [global] needs_update: local=(5, 9, 0) remote=(5, 9, 0) -> has_update=False
2026-09-17 01:04:55,497 - INFO - [global] Установлена последняя версия бота | 5.9.0
2026-09-17 01:05:10,456 - INFO - [global] LogUploader: запускаю upload_run_logs...
2026-09-17 01:05:10,459 - DEBUG - [global] log_uploader: START window=periodic made=-1 token=...Rjnfq
2026-09-17 01:05:10,459 - DEBUG - [global] log_uploader: STEP 1 SKIP (no C:\Users\PC\Desktop\L2Mauto\logs\periodic.log)
2026-09-17 01:05:10,460 - DEBUG - [global] log_uploader: STEP 2 SKIP (no PNGs)
2026-09-17 01:05:11,796 - DEBUG - [global] _api_put: GET runs/20260917_010510_fail_global.log -> 404
2026-09-17 01:05:13,657 - DEBUG - [global] _api_put: PUT runs/20260917_010510_fail_global.log -> 201 (19382 bytes)
2026-09-17 01:05:13,662 - DEBUG - [global] log_uploader: STEP 3 (global log) -> https://github.com/StarateJI/L2Mauto/blob/bot-logs/runs/20260917_010510_fail_global.log
2026-09-17 01:05:13,663 - DEBUG - [global] log_uploader: END window=periodic
2026-09-17 01:05:13,663 - INFO - [global] LogUploader: upload_run_logs завершён
2026-09-17 01:05:25,513 - INFO - [global] Проверяю обновы...
2026-09-17 01:05:26,678 - DEBUG - [global] needs_update: API GitHub → 5.9.0
2026-09-17 01:05:27,633 - DEBUG - [global] needs_update: raw → 5.9.0
2026-09-17 01:05:28,540 - DEBUG - [global] needs_update: jsdelivr → 5.9.0
2026-09-17 01:05:28,540 - DEBUG - [global] needs_update: лучший источник API → 5.9.0 (из 3)
2026-09-17 01:05:28,545 - INFO - [global] needs_update: local=(5, 9, 0) remote=(5, 9, 0) -> has_update=False
2026-09-17 01:05:28,546 - INFO - [global] Установлена последняя версия бота | 5.9.0
2026-09-17 01:05:58,563 - INFO - [global] Проверяю обновы...
2026-09-17 01:05:59,708 - DEBUG - [global] needs_update: API GitHub → 5.9.0
2026-09-17 01:06:00,677 - DEBUG - [global] needs_update: raw → 5.9.0
2026-09-17 01:06:01,546 - DEBUG - [global] needs_update: jsdelivr → 5.9.0
2026-09-17 01:06:01,546 - DEBUG - [global] needs_update: лучший источник API → 5.9.0 (из 3)
2026-09-17 01:06:01,549 - INFO - [global] needs_update: local=(5, 9, 0) remote=(5, 9, 0) -> has_update=False
2026-09-17 01:06:01,551 - INFO - [global] Установлена последняя версия бота | 5.9.0
2026-09-17 01:06:13,696 - INFO - [global] LogUploader: запускаю upload_run_logs...
2026-09-17 01:06:13,699 - DEBUG - [global] log_uploader: START window=periodic made=-1 token=...Rjnfq
2026-09-17 01:06:13,700 - DEBUG - [global] log_uploader: STEP 1 SKIP (no C:\Users\PC\Desktop\L2Mauto\logs\periodic.log)
2026-09-17 01:06:13,700 - DEBUG - [global] log_uploader: STEP 2 SKIP (no PNGs)
2026-09-17 01:06:15,040 - DEBUG - [global] _api_put: GET runs/20260917_010613_fail_global.log -> 404
2026-09-17 01:06:17,073 - DEBUG - [global] _api_put: PUT runs/20260917_010613_fail_global.log -> 201 (19382 bytes)
2026-09-17 01:06:17,079 - DEBUG - [global] log_uploader: STEP 3 (global log) -> https://github.com/StarateJI/L2Mauto/blob/bot-logs/runs/20260917_010613_fail_global.log
2026-09-17 01:06:17,079 - DEBUG - [global] log_uploader: END window=periodic
2026-09-17 01:06:17,079 - INFO - [global] LogUploader: upload_run_logs завершён
2026-09-17 01:06:31,565 - INFO - [global] Проверяю обновы...
2026-09-17 01:06:32,716 - DEBUG - [global] needs_update: API GitHub → 5.9.0
2026-09-17 01:06:33,688 - DEBUG - [global] needs_update: raw → 5.9.0
2026-09-17 01:06:34,576 - DEBUG - [global] needs_update: jsdelivr → 5.9.0
2026-09-17 01:06:34,576 - DEBUG - [global] needs_update: лучший источник API → 5.9.0 (из 3)
2026-09-17 01:06:34,581 - INFO - [global] needs_update: local=(5, 9, 0) remote=(5, 9, 0) -> has_update=False
2026-09-17 01:06:34,582 - INFO - [global] Установлена последняя версия бота | 5.9.0
2026-09-17 01:07:04,597 - INFO - [global] Проверяю обновы...
2026-09-17 01:07:05,771 - DEBUG - [global] needs_update: API GitHub → 5.9.0
2026-09-17 01:07:06,703 - DEBUG - [global] needs_update: raw → 5.9.0
2026-09-17 01:07:07,615 - DEBUG - [global] needs_update: jsdelivr → 5.9.0
2026-09-17 01:07:07,615 - DEBUG - [global] needs_update: лучший источник API → 5.9.0 (из 3)
2026-09-17 01:07:07,619 - INFO - [global] needs_update: local=(5, 9, 0) remote=(5, 9, 0) -> has_update=False
2026-09-17 01:07:07,621 - INFO - [global] Установлена последняя версия бота | 5.9.0
2026-09-17 01:07:17,115 - INFO - [global] LogUploader: запускаю upload_run_logs...
2026-09-17 01:07:17,117 - DEBUG - [global] log_uploader: START window=periodic made=-1 token=...Rjnfq
2026-09-17 01:07:17,118 - DEBUG - [global] log_uploader: STEP 1 SKIP (no C:\Users\PC\Desktop\L2Mauto\logs\periodic.log)
2026-09-17 01:07:17,119 - DEBUG - [global] log_uploader: STEP 2 SKIP (no PNGs)
2026-09-17 01:07:18,425 - DEBUG - [global] _api_put: GET runs/20260917_010717_fail_global.log -> 404
2026-09-17 01:07:20,320 - DEBUG - [global] _api_put: PUT runs/20260917_010717_fail_global.log -> 201 (19382 bytes)
2026-09-17 01:07:20,326 - DEBUG - [global] log_uploader: STEP 3 (global log) -> https://github.com/StarateJI/L2Mauto/blob/bot-logs/runs/20260917_010717_fail_global.log
2026-09-17 01:07:20,326 - DEBUG - [global] log_uploader: END window=periodic
2026-09-17 01:07:20,326 - INFO - [global] LogUploader: upload_run_logs завершён
2026-09-17 01:07:37,636 - INFO - [global] Проверяю обновы...
2026-09-17 01:07:38,827 - DEBUG - [global] needs_update: API GitHub → 5.9.0
2026-09-17 01:07:39,760 - DEBUG - [global] needs_update: raw → 5.9.0
2026-09-17 01:07:40,642 - DEBUG - [global] needs_update: jsdelivr → 5.9.0
2026-09-17 01:07:40,642 - DEBUG - [global] needs_update: лучший источник API → 5.9.0 (из 3)
2026-09-17 01:07:40,647 - INFO - [global] needs_update: local=(5, 9, 0) remote=(5, 9, 0) -> has_update=False
2026-09-17 01:07:40,648 - INFO - [global] Установлена последняя версия бота | 5.9.0
2026-09-17 01:08:10,666 - INFO - [global] Проверяю обновы...
2026-09-17 01:08:11,836 - DEBUG - [global] needs_update: API GitHub → 5.9.0
2026-09-17 01:08:12,818 - DEBUG - [global] needs_update: raw → 5.9.0
2026-09-17 01:08:13,704 - DEBUG - [global] needs_update: jsdelivr → 5.9.0
2026-09-17 01:08:13,704 - DEBUG - [global] needs_update: лучший источник API → 5.9.0 (из 3)
2026-09-17 01:08:13,708 - INFO - [global] needs_update: local=(5, 9, 0) remote=(5, 9, 0) -> has_update=False
2026-09-17 01:08:13,710 - INFO - [global] Установлена последняя версия бота | 5.9.0
2026-09-17 01:08:20,364 - INFO - [global] LogUploader: запускаю upload_run_logs...
2026-09-17 01:08:20,366 - DEBUG - [global] log_uploader: START window=periodic made=-1 token=...Rjnfq
2026-09-17 01:08:20,367 - DEBUG - [global] log_uploader: STEP 1 SKIP (no C:\Users\PC\Desktop\L2Mauto\logs\periodic.log)
2026-09-17 01:08:20,367 - DEBUG - [global] log_uploader: STEP 2 SKIP (no PNGs)
2026-09-17 01:08:21,637 - DEBUG - [global] _api_put: GET runs/20260917_010820_fail_global.log -> 404
2026-09-17 01:08:23,544 - DEBUG - [global] _api_put: PUT runs/20260917_010820_fail_global.log -> 201 (19382 bytes)
2026-09-17 01:08:23,550 - DEBUG - [global] log_uploader: STEP 3 (global log) -> https://github.com/StarateJI/L2Mauto/blob/bot-logs/runs/20260917_010820_fail_global.log
2026-09-17 01:08:23,550 - DEBUG - [global] log_uploader: END window=periodic
2026-09-17 01:08:23,550 - INFO - [global] LogUploader: upload_run_logs завершён
2026-09-17 01:08:43,726 - INFO - [global] Проверяю обновы...
2026-09-17 01:08:44,943 - DEBUG - [global] needs_update: API GitHub → 5.9.0
2026-09-17 01:08:45,894 - DEBUG - [global] needs_update: raw → 5.9.0
2026-09-17 01:08:46,803 - DEBUG - [global] needs_update: jsdelivr → 5.9.0
2026-09-17 01:08:46,803 - DEBUG - [global] needs_update: лучший источник API → 5.9.0 (из 3)
2026-09-17 01:08:46,808 - INFO - [global] needs_update: local=(5, 9, 0) remote=(5, 9, 0) -> has_update=False
2026-09-17 01:08:46,809 - INFO - [global] Установлена последняя версия бота | 5.9.0
2026-09-17 01:09:16,830 - INFO - [global] Проверяю обновы...
2026-09-17 01:09:18,042 - DEBUG - [global] needs_update: API GitHub → 5.9.0
2026-09-17 01:09:19,006 - DEBUG - [global] needs_update: raw → 5.9.0
2026-09-17 01:09:19,865 - DEBUG - [global] needs_update: jsdelivr → 5.9.0
2026-09-17 01:09:19,866 - DEBUG - [global] needs_update: лучший источник API → 5.9.0 (из 3)
2026-09-17 01:09:19,870 - INFO - [global] needs_update: local=(5, 9, 0) remote=(5, 9, 0) -> has_update=False
2026-09-17 01:09:19,872 - INFO - [global] Установлена последняя версия бота | 5.9.0
2026-09-17 01:09:23,586 - INFO - [global] LogUploader: запускаю upload_run_logs...
2026-09-17 01:09:23,589 - DEBUG - [global] log_uploader: START window=periodic made=-1 token=...Rjnfq
2026-09-17 01:09:23,589 - DEBUG - [global] log_uploader: STEP 1 SKIP (no C:\Users\PC\Desktop\L2Mauto\logs\periodic.log)
2026-09-17 01:09:23,590 - DEBUG - [global] log_uploader: STEP 2 SKIP (no PNGs)
2026-09-17 01:09:24,864 - DEBUG - [global] _api_put: GET runs/20260917_010923_fail_global.log -> 404
2026-09-17 01:09:27,049 - DEBUG - [global] _api_put: PUT runs/20260917_010923_fail_global.log -> 201 (19343 bytes)
2026-09-17 01:09:27,053 - DEBUG - [global] log_uploader: STEP 3 (global log) -> https://github.com/StarateJI/L2Mauto/blob/bot-logs/runs/20260917_010923_fail_global.log
2026-09-17 01:09:27,054 - DEBUG - [global] log_uploader: END window=periodic
2026-09-17 01:09:27,054 - INFO - [global] LogUploader: upload_run_logs завершён
2026-09-17 01:09:49,891 - INFO - [global] Проверяю обновы...
2026-09-17 01:09:51,042 - DEBUG - [global] needs_update: API GitHub → 5.9.0
2026-09-17 01:09:52,045 - DEBUG - [global] needs_update: raw → 5.9.0
2026-09-17 01:09:52,901 - DEBUG - [global] needs_update: jsdelivr → 5.9.0
2026-09-17 01:09:52,901 - DEBUG - [global] needs_update: лучший источник API → 5.9.0 (из 3)
2026-09-17 01:09:52,905 - INFO - [global] needs_update: local=(5, 9, 0) remote=(5, 9, 0) -> has_update=False
2026-09-17 01:09:52,907 - INFO - [global] Установлена последняя версия бота | 5.9.0
2026-09-17 01:10:22,920 - INFO - [global] Проверяю обновы...
2026-09-17 01:10:24,091 - DEBUG - [global] needs_update: API GitHub → 5.9.0
2026-09-17 01:10:25,027 - DEBUG - [global] needs_update: raw → 5.9.0
2026-09-17 01:10:26,017 - DEBUG - [global] needs_update: jsdelivr → 5.9.0
2026-09-17 01:10:26,017 - DEBUG - [global] needs_update: лучший источник API → 5.9.0 (из 3)
2026-09-17 01:10:26,022 - INFO - [global] needs_update: local=(5, 9, 0) remote=(5, 9, 0) -> has_update=False
2026-09-17 01:10:26,024 - INFO - [global] Установлена последняя версия бота | 5.9.0
2026-09-17 01:10:27,090 - INFO - [global] LogUploader: запускаю upload_run_logs...
2026-09-17 01:10:27,092 - DEBUG - [global] log_uploader: START window=periodic made=-1 token=...Rjnfq
2026-09-17 01:10:27,092 - DEBUG - [global] log_uploader: STEP 1 SKIP (no C:\Users\PC\Desktop\L2Mauto\logs\periodic.log)
2026-09-17 01:10:27,093 - DEBUG - [global] log_uploader: STEP 2 SKIP (no PNGs)
2026-09-17 01:10:28,421 - DEBUG - [global] _api_put: GET runs/20260917_011027_fail_global.log -> 200
2026-09-17 01:10:30,558 - DEBUG - [global] _api_put: PUT runs/20260917_011027_fail_global.log -> 200 (19343 bytes)
2026-09-17 01:10:30,563 - DEBUG - [global] log_uploader: STEP 3 (global log) -> https://github.com/StarateJI/L2Mauto/blob/bot-logs/runs/20260917_011027_fail_global.log
2026-09-17 01:10:30,564 - DEBUG - [global] log_uploader: END window=periodic
2026-09-17 01:10:30,564 - INFO - [global] LogUploader: upload_run_logs завершён
2026-09-17 01:10:56,041 - INFO - [global] Проверяю обновы...
2026-09-17 01:10:57,211 - DEBUG - [global] needs_update: API GitHub → 5.9.0
2026-09-17 01:10:58,157 - DEBUG - [global] needs_update: raw → 5.9.0
2026-09-17 01:10:59,103 - DEBUG - [global] needs_update: jsdelivr → 5.9.0
2026-09-17 01:10:59,103 - DEBUG - [global] needs_update: лучший источник API → 5.9.0 (из 3)
2026-09-17 01:10:59,108 - INFO - [global] needs_update: local=(5, 9, 0) remote=(5, 9, 0) -> has_update=False
2026-09-17 01:10:59,109 - INFO - [global] Установлена последняя версия бота | 5.9.0
2026-09-17 01:11:29,126 - INFO - [global] Проверяю обновы...
2026-09-17 01:11:30,337 - DEBUG - [global] needs_update: API GitHub → 5.9.0
2026-09-17 01:11:30,595 - INFO - [global] LogUploader: запускаю upload_run_logs...
2026-09-17 01:11:30,597 - DEBUG - [global] log_uploader: START window=periodic made=-1 token=...Rjnfq
2026-09-17 01:11:30,597 - DEBUG - [global] log_uploader: STEP 1 SKIP (no C:\Users\PC\Desktop\L2Mauto\logs\periodic.log)
2026-09-17 01:11:30,598 - DEBUG - [global] log_uploader: STEP 2 SKIP (no PNGs)
2026-09-17 01:11:31,569 - DEBUG - [global] needs_update: raw → 5.9.0
2026-09-17 01:11:31,932 - DEBUG - [global] _api_put: GET runs/20260917_011130_fail_global.log -> 404
2026-09-17 01:11:32,591 - DEBUG - [global] needs_update: jsdelivr → 5.9.0
2026-09-17 01:11:32,591 - DEBUG - [global] needs_update: лучший источник API → 5.9.0 (из 3)
2026-09-17 01:11:32,597 - INFO - [global] needs_update: local=(5, 9, 0) remote=(5, 9, 0) -> has_update=False
2026-09-17 01:11:32,598 - INFO - [global] Установлена последняя версия бота | 5.9.0
2026-09-17 01:11:33,927 - DEBUG - [global] _api_put: PUT runs/20260917_011130_fail_global.log -> 201 (19252 bytes)
2026-09-17 01:11:33,932 - DEBUG - [global] log_uploader: STEP 3 (global log) -> https://github.com/StarateJI/L2Mauto/blob/bot-logs/runs/20260917_011130_fail_global.log
2026-09-17 01:11:33,933 - DEBUG - [global] log_uploader: END window=periodic
2026-09-17 01:11:33,933 - INFO - [global] LogUploader: upload_run_logs завершён
2026-09-17 01:12:02,614 - INFO - [global] Проверяю обновы...
2026-09-17 01:12:03,795 - DEBUG - [global] needs_update: API GitHub → 5.9.0
2026-09-17 01:12:04,771 - DEBUG - [global] needs_update: raw → 5.9.0
2026-09-17 01:12:05,736 - DEBUG - [global] needs_update: jsdelivr → 5.9.0
2026-09-17 01:12:05,737 - DEBUG - [global] needs_update: лучший источник API → 5.9.0 (из 3)
2026-09-17 01:12:05,741 - INFO - [global] needs_update: local=(5, 9, 0) remote=(5, 9, 0) -> has_update=False
2026-09-17 01:12:05,742 - INFO - [global] Установлена последняя версия бота | 5.9.0
2026-09-17 01:12:33,966 - INFO - [global] LogUploader: запускаю upload_run_logs...
2026-09-17 01:12:33,968 - DEBUG - [global] log_uploader: START window=periodic made=-1 token=...Rjnfq
2026-09-17 01:12:33,969 - DEBUG - [global] log_uploader: STEP 1 SKIP (no C:\Users\PC\Desktop\L2Mauto\logs\periodic.log)
2026-09-17 01:12:33,969 - DEBUG - [global] log_uploader: STEP 2 SKIP (no PNGs)
