=== Log tail 2026-09-30T19:42:01.159936 | last 200 lines ===
2026-09-30 19:33:06,912 - DEBUG - [global] log_uploader: STEP 1 (window log) -> https://github.com/StarateJI/L2Mauto/blob/bot-logs/runs/20260930_193303_fail_periodic.log
2026-09-30 19:33:06,912 - DEBUG - [global] log_uploader: STEP 2 SKIP (no PNGs)
2026-09-30 19:33:07,515 - INFO - [global] Проверяю обновы...
2026-09-30 19:33:08,295 - DEBUG - [global] _api_put: GET runs/20260930_193303_fail_global.log -> 404
2026-09-30 19:33:08,301 - DEBUG - [global] needs_update: raw → 5.13.09
2026-09-30 19:33:08,533 - DEBUG - [global] needs_update: API → 5.13.09
2026-09-30 19:33:08,534 - DEBUG - [global] needs_update: лучший источник raw → 5.13.09 (из 2)
2026-09-30 19:33:08,534 - INFO - [global] needs_update: local=(5, 13, 7) remote=(5, 13, 9) -> has_update=True
2026-09-30 19:33:08,534 - INFO - [global] Доступна обнова! Спавню кнопку
2026-09-30 19:33:10,858 - DEBUG - [global] _api_put: PUT runs/20260930_193303_fail_global.log -> 201 (20019 bytes)
2026-09-30 19:33:10,860 - DEBUG - [global] log_uploader: STEP 3 (global log) -> https://github.com/StarateJI/L2Mauto/blob/bot-logs/runs/20260930_193303_fail_global.log
2026-09-30 19:33:10,860 - DEBUG - [global] log_uploader: END window=periodic
2026-09-30 19:33:10,860 - INFO - [global] LogUploader: upload_run_logs завершён
2026-09-30 19:33:38,551 - INFO - [global] Проверяю обновы...
2026-09-30 19:33:39,387 - DEBUG - [global] needs_update: raw → 5.13.09
2026-09-30 19:33:39,506 - DEBUG - [global] needs_update: API → 5.13.09
2026-09-30 19:33:39,506 - DEBUG - [global] needs_update: лучший источник raw → 5.13.09 (из 2)
2026-09-30 19:33:39,506 - INFO - [global] needs_update: local=(5, 13, 7) remote=(5, 13, 9) -> has_update=True
2026-09-30 19:33:39,506 - INFO - [global] Доступна обнова! Спавню кнопку
2026-09-30 19:34:09,525 - INFO - [global] Проверяю обновы...
2026-09-30 19:34:10,273 - DEBUG - [global] needs_update: raw → 5.13.09
2026-09-30 19:34:10,519 - DEBUG - [global] needs_update: API → 5.13.09
2026-09-30 19:34:10,519 - DEBUG - [global] needs_update: лучший источник raw → 5.13.09 (из 2)
2026-09-30 19:34:10,520 - INFO - [global] needs_update: local=(5, 13, 7) remote=(5, 13, 9) -> has_update=True
2026-09-30 19:34:10,520 - INFO - [global] Доступна обнова! Спавню кнопку
2026-09-30 19:34:10,894 - INFO - [global] LogUploader: запускаю upload_run_logs...
2026-09-30 19:34:10,894 - DEBUG - [global] log_uploader: START window=periodic made=-1 token=...Rjnfq
2026-09-30 19:34:11,782 - DEBUG - [global] _api_put: GET runs/20260930_193410_fail_periodic.log -> 404
2026-09-30 19:34:13,642 - DEBUG - [global] _api_put: PUT runs/20260930_193410_fail_periodic.log -> 201 (19392 bytes)
2026-09-30 19:34:13,643 - DEBUG - [global] log_uploader: STEP 1 (window log) -> https://github.com/StarateJI/L2Mauto/blob/bot-logs/runs/20260930_193410_fail_periodic.log
2026-09-30 19:34:13,644 - DEBUG - [global] log_uploader: STEP 2 SKIP (no PNGs)
2026-09-30 19:34:14,541 - DEBUG - [global] _api_put: GET runs/20260930_193410_fail_global.log -> 404
2026-09-30 19:34:16,978 - DEBUG - [global] _api_put: PUT runs/20260930_193410_fail_global.log -> 201 (19974 bytes)
2026-09-30 19:34:16,980 - DEBUG - [global] log_uploader: STEP 3 (global log) -> https://github.com/StarateJI/L2Mauto/blob/bot-logs/runs/20260930_193410_fail_global.log
2026-09-30 19:34:16,980 - DEBUG - [global] log_uploader: END window=periodic
2026-09-30 19:34:16,980 - INFO - [global] LogUploader: upload_run_logs завершён
2026-09-30 19:34:40,538 - INFO - [global] Проверяю обновы...
2026-09-30 19:34:41,302 - DEBUG - [global] needs_update: raw → 5.13.09
2026-09-30 19:34:41,514 - DEBUG - [global] needs_update: API → 5.13.09
2026-09-30 19:34:41,515 - DEBUG - [global] needs_update: лучший источник raw → 5.13.09 (из 2)
2026-09-30 19:34:41,515 - INFO - [global] needs_update: local=(5, 13, 7) remote=(5, 13, 9) -> has_update=True
2026-09-30 19:34:41,515 - INFO - [global] Доступна обнова! Спавню кнопку
2026-09-30 19:35:11,537 - INFO - [global] Проверяю обновы...
2026-09-30 19:35:12,367 - DEBUG - [global] needs_update: raw → 5.13.09
2026-09-30 19:35:12,721 - DEBUG - [global] needs_update: API → 5.13.09
2026-09-30 19:35:12,721 - DEBUG - [global] needs_update: лучший источник raw → 5.13.09 (из 2)
2026-09-30 19:35:12,721 - INFO - [global] needs_update: local=(5, 13, 7) remote=(5, 13, 9) -> has_update=True
2026-09-30 19:35:12,721 - INFO - [global] Доступна обнова! Спавню кнопку
2026-09-30 19:35:17,015 - INFO - [global] LogUploader: запускаю upload_run_logs...
2026-09-30 19:35:17,015 - DEBUG - [global] log_uploader: START window=periodic made=-1 token=...Rjnfq
2026-09-30 19:35:17,914 - DEBUG - [global] _api_put: GET runs/20260930_193517_fail_periodic.log -> 404
2026-09-30 19:35:20,065 - DEBUG - [global] _api_put: PUT runs/20260930_193517_fail_periodic.log -> 201 (19392 bytes)
2026-09-30 19:35:20,068 - DEBUG - [global] log_uploader: STEP 1 (window log) -> https://github.com/StarateJI/L2Mauto/blob/bot-logs/runs/20260930_193517_fail_periodic.log
2026-09-30 19:35:20,068 - DEBUG - [global] log_uploader: STEP 2 SKIP (no PNGs)
2026-09-30 19:35:20,953 - DEBUG - [global] _api_put: GET runs/20260930_193517_fail_global.log -> 404
2026-09-30 19:35:23,452 - DEBUG - [global] _api_put: PUT runs/20260930_193517_fail_global.log -> 201 (20019 bytes)
2026-09-30 19:35:23,453 - DEBUG - [global] log_uploader: STEP 3 (global log) -> https://github.com/StarateJI/L2Mauto/blob/bot-logs/runs/20260930_193517_fail_global.log
2026-09-30 19:35:23,454 - DEBUG - [global] log_uploader: END window=periodic
2026-09-30 19:35:23,454 - INFO - [global] LogUploader: upload_run_logs завершён
2026-09-30 19:35:42,740 - INFO - [global] Проверяю обновы...
2026-09-30 19:35:43,559 - DEBUG - [global] needs_update: raw → 5.13.09
2026-09-30 19:35:43,747 - DEBUG - [global] needs_update: API → 5.13.09
2026-09-30 19:35:43,748 - DEBUG - [global] needs_update: лучший источник raw → 5.13.09 (из 2)
2026-09-30 19:35:43,748 - INFO - [global] needs_update: local=(5, 13, 7) remote=(5, 13, 9) -> has_update=True
2026-09-30 19:35:43,748 - INFO - [global] Доступна обнова! Спавню кнопку
2026-09-30 19:36:13,763 - INFO - [global] Проверяю обновы...
2026-09-30 19:36:14,606 - DEBUG - [global] needs_update: raw → 5.13.09
2026-09-30 19:36:14,770 - DEBUG - [global] needs_update: API → 5.13.09
2026-09-30 19:36:14,770 - DEBUG - [global] needs_update: лучший источник raw → 5.13.09 (из 2)
2026-09-30 19:36:14,770 - INFO - [global] needs_update: local=(5, 13, 7) remote=(5, 13, 9) -> has_update=True
2026-09-30 19:36:14,770 - INFO - [global] Доступна обнова! Спавню кнопку
2026-09-30 19:36:23,492 - INFO - [global] LogUploader: запускаю upload_run_logs...
2026-09-30 19:36:23,492 - DEBUG - [global] log_uploader: START window=periodic made=-1 token=...Rjnfq
2026-09-30 19:36:24,388 - DEBUG - [global] _api_put: GET runs/20260930_193623_fail_periodic.log -> 404
2026-09-30 19:36:26,980 - DEBUG - [global] _api_put: PUT runs/20260930_193623_fail_periodic.log -> 201 (19392 bytes)
2026-09-30 19:36:26,983 - DEBUG - [global] log_uploader: STEP 1 (window log) -> https://github.com/StarateJI/L2Mauto/blob/bot-logs/runs/20260930_193623_fail_periodic.log
2026-09-30 19:36:26,984 - DEBUG - [global] log_uploader: STEP 2 SKIP (no PNGs)
2026-09-30 19:36:27,920 - DEBUG - [global] _api_put: GET runs/20260930_193623_fail_global.log -> 404
2026-09-30 19:36:30,029 - DEBUG - [global] _api_put: PUT runs/20260930_193623_fail_global.log -> 201 (20019 bytes)
2026-09-30 19:36:30,031 - DEBUG - [global] log_uploader: STEP 3 (global log) -> https://github.com/StarateJI/L2Mauto/blob/bot-logs/runs/20260930_193623_fail_global.log
2026-09-30 19:36:30,031 - DEBUG - [global] log_uploader: END window=periodic
2026-09-30 19:36:30,031 - INFO - [global] LogUploader: upload_run_logs завершён
2026-09-30 19:36:44,790 - INFO - [global] Проверяю обновы...
2026-09-30 19:36:45,612 - DEBUG - [global] needs_update: raw → 5.13.09
2026-09-30 19:36:45,770 - DEBUG - [global] needs_update: API → 5.13.09
2026-09-30 19:36:45,770 - DEBUG - [global] needs_update: лучший источник raw → 5.13.09 (из 2)
2026-09-30 19:36:45,770 - INFO - [global] needs_update: local=(5, 13, 7) remote=(5, 13, 9) -> has_update=True
2026-09-30 19:36:45,770 - INFO - [global] Доступна обнова! Спавню кнопку
2026-09-30 19:37:15,788 - INFO - [global] Проверяю обновы...
2026-09-30 19:37:16,583 - DEBUG - [global] needs_update: raw → 5.13.09
2026-09-30 19:37:16,803 - DEBUG - [global] needs_update: API → 5.13.09
2026-09-30 19:37:16,804 - DEBUG - [global] needs_update: лучший источник raw → 5.13.09 (из 2)
2026-09-30 19:37:16,804 - INFO - [global] needs_update: local=(5, 13, 7) remote=(5, 13, 9) -> has_update=True
2026-09-30 19:37:16,804 - INFO - [global] Доступна обнова! Спавню кнопку
2026-09-30 19:37:30,061 - INFO - [global] LogUploader: запускаю upload_run_logs...
2026-09-30 19:37:30,061 - DEBUG - [global] log_uploader: START window=periodic made=-1 token=...Rjnfq
2026-09-30 19:37:30,990 - DEBUG - [global] _api_put: GET runs/20260930_193730_fail_periodic.log -> 404
2026-09-30 19:37:32,801 - DEBUG - [global] _api_put: PUT runs/20260930_193730_fail_periodic.log -> 201 (19392 bytes)
2026-09-30 19:37:32,803 - DEBUG - [global] log_uploader: STEP 1 (window log) -> https://github.com/StarateJI/L2Mauto/blob/bot-logs/runs/20260930_193730_fail_periodic.log
2026-09-30 19:37:32,803 - DEBUG - [global] log_uploader: STEP 2 SKIP (no PNGs)
2026-09-30 19:37:33,683 - DEBUG - [global] _api_put: GET runs/20260930_193730_fail_global.log -> 404
2026-09-30 19:37:36,552 - DEBUG - [global] _api_put: PUT runs/20260930_193730_fail_global.log -> 201 (20019 bytes)
2026-09-30 19:37:36,555 - DEBUG - [global] log_uploader: STEP 3 (global log) -> https://github.com/StarateJI/L2Mauto/blob/bot-logs/runs/20260930_193730_fail_global.log
2026-09-30 19:37:36,555 - DEBUG - [global] log_uploader: END window=periodic
2026-09-30 19:37:36,555 - INFO - [global] LogUploader: upload_run_logs завершён
2026-09-30 19:37:46,821 - INFO - [global] Проверяю обновы...
2026-09-30 19:37:47,601 - DEBUG - [global] needs_update: raw → 5.13.09
2026-09-30 19:37:47,798 - DEBUG - [global] needs_update: API → 5.13.09
2026-09-30 19:37:47,798 - DEBUG - [global] needs_update: лучший источник raw → 5.13.09 (из 2)
2026-09-30 19:37:47,798 - INFO - [global] needs_update: local=(5, 13, 7) remote=(5, 13, 9) -> has_update=True
2026-09-30 19:37:47,799 - INFO - [global] Доступна обнова! Спавню кнопку
2026-09-30 19:38:17,817 - INFO - [global] Проверяю обновы...
2026-09-30 19:38:18,628 - DEBUG - [global] needs_update: raw → 5.13.09
2026-09-30 19:38:18,959 - DEBUG - [global] needs_update: API → 5.13.09
2026-09-30 19:38:18,959 - DEBUG - [global] needs_update: лучший источник raw → 5.13.09 (из 2)
2026-09-30 19:38:18,959 - INFO - [global] needs_update: local=(5, 13, 7) remote=(5, 13, 9) -> has_update=True
2026-09-30 19:38:18,959 - INFO - [global] Доступна обнова! Спавню кнопку
2026-09-30 19:38:36,589 - INFO - [global] LogUploader: запускаю upload_run_logs...
2026-09-30 19:38:36,589 - DEBUG - [global] log_uploader: START window=periodic made=-1 token=...Rjnfq
2026-09-30 19:38:37,502 - DEBUG - [global] _api_put: GET runs/20260930_193836_fail_periodic.log -> 404
2026-09-30 19:38:39,532 - DEBUG - [global] _api_put: PUT runs/20260930_193836_fail_periodic.log -> 409 (19392 bytes)
2026-09-30 19:38:39,533 - WARNING - [global] _api_put: PUT failed body: {"message":"is at 80b1a92d88471f76f7a4d2bc85d074946f95c900 but expected 0a351ca6107327c812c16ec2728c8397c714e89b","documentation_url":"https://docs.github.com/rest/repos/contents#create-or-update-file
2026-09-30 19:38:39,535 - DEBUG - [global] log_uploader: STEP 1 (window log) -> FAILED
2026-09-30 19:38:39,536 - DEBUG - [global] log_uploader: STEP 2 SKIP (no PNGs)
2026-09-30 19:38:40,430 - DEBUG - [global] _api_put: GET runs/20260930_193836_fail_global.log -> 404
2026-09-30 19:38:42,657 - DEBUG - [global] _api_put: PUT runs/20260930_193836_fail_global.log -> 201 (20136 bytes)
2026-09-30 19:38:42,659 - DEBUG - [global] log_uploader: STEP 3 (global log) -> https://github.com/StarateJI/L2Mauto/blob/bot-logs/runs/20260930_193836_fail_global.log
2026-09-30 19:38:42,659 - DEBUG - [global] log_uploader: END window=periodic
2026-09-30 19:38:42,659 - INFO - [global] LogUploader: upload_run_logs завершён
2026-09-30 19:38:48,977 - INFO - [global] Проверяю обновы...
2026-09-30 19:38:49,732 - DEBUG - [global] needs_update: raw → 5.13.09
2026-09-30 19:38:49,989 - DEBUG - [global] needs_update: API → 5.13.09
2026-09-30 19:38:49,989 - DEBUG - [global] needs_update: лучший источник raw → 5.13.09 (из 2)
2026-09-30 19:38:49,989 - INFO - [global] needs_update: local=(5, 13, 7) remote=(5, 13, 9) -> has_update=True
2026-09-30 19:38:49,989 - INFO - [global] Доступна обнова! Спавню кнопку
2026-09-30 19:39:20,014 - INFO - [global] Проверяю обновы...
2026-09-30 19:39:20,817 - DEBUG - [global] needs_update: raw → 5.13.09
2026-09-30 19:39:21,027 - DEBUG - [global] needs_update: API → 5.13.09
2026-09-30 19:39:21,027 - DEBUG - [global] needs_update: лучший источник raw → 5.13.09 (из 2)
2026-09-30 19:39:21,028 - INFO - [global] needs_update: local=(5, 13, 7) remote=(5, 13, 9) -> has_update=True
2026-09-30 19:39:21,028 - INFO - [global] Доступна обнова! Спавню кнопку
2026-09-30 19:39:42,692 - INFO - [global] LogUploader: запускаю upload_run_logs...
2026-09-30 19:39:42,692 - DEBUG - [global] log_uploader: START window=periodic made=-1 token=...Rjnfq
2026-09-30 19:39:43,561 - DEBUG - [global] _api_put: GET runs/20260930_193942_fail_periodic.log -> 404
2026-09-30 19:39:47,843 - DEBUG - [global] _api_put: PUT runs/20260930_193942_fail_periodic.log -> 201 (19392 bytes)
2026-09-30 19:39:47,845 - DEBUG - [global] log_uploader: STEP 1 (window log) -> https://github.com/StarateJI/L2Mauto/blob/bot-logs/runs/20260930_193942_fail_periodic.log
2026-09-30 19:39:47,846 - DEBUG - [global] log_uploader: STEP 2 SKIP (no PNGs)
2026-09-30 19:39:49,779 - DEBUG - [global] _api_put: GET runs/20260930_193942_fail_global.log -> 404
2026-09-30 19:39:51,044 - INFO - [global] Проверяю обновы...
2026-09-30 19:39:51,748 - DEBUG - [global] _api_put: PUT runs/20260930_193942_fail_global.log -> 201 (20136 bytes)
2026-09-30 19:39:51,750 - DEBUG - [global] log_uploader: STEP 3 (global log) -> https://github.com/StarateJI/L2Mauto/blob/bot-logs/runs/20260930_193942_fail_global.log
2026-09-30 19:39:51,751 - DEBUG - [global] log_uploader: END window=periodic
2026-09-30 19:39:51,751 - INFO - [global] LogUploader: upload_run_logs завершён
2026-09-30 19:39:51,784 - DEBUG - [global] needs_update: raw → 5.13.09
2026-09-30 19:39:52,009 - DEBUG - [global] needs_update: API → 5.13.09
2026-09-30 19:39:52,009 - DEBUG - [global] needs_update: лучший источник raw → 5.13.09 (из 2)
2026-09-30 19:39:52,009 - INFO - [global] needs_update: local=(5, 13, 7) remote=(5, 13, 9) -> has_update=True
2026-09-30 19:39:52,009 - INFO - [global] Доступна обнова! Спавню кнопку
2026-09-30 19:40:22,028 - INFO - [global] Проверяю обновы...
2026-09-30 19:40:22,823 - DEBUG - [global] needs_update: raw → 5.13.09
2026-09-30 19:40:23,037 - DEBUG - [global] needs_update: API → 5.13.09
2026-09-30 19:40:23,037 - DEBUG - [global] needs_update: лучший источник raw → 5.13.09 (из 2)
2026-09-30 19:40:23,037 - INFO - [global] needs_update: local=(5, 13, 7) remote=(5, 13, 9) -> has_update=True
2026-09-30 19:40:23,038 - INFO - [global] Доступна обнова! Спавню кнопку
2026-09-30 19:40:51,785 - INFO - [global] LogUploader: запускаю upload_run_logs...
2026-09-30 19:40:51,786 - DEBUG - [global] log_uploader: START window=periodic made=-1 token=...Rjnfq
2026-09-30 19:40:52,724 - DEBUG - [global] _api_put: GET runs/20260930_194051_fail_periodic.log -> 404
2026-09-30 19:40:53,055 - INFO - [global] Проверяю обновы...
2026-09-30 19:40:53,858 - DEBUG - [global] needs_update: raw → 5.13.09
2026-09-30 19:40:54,056 - DEBUG - [global] needs_update: API → 5.13.09
2026-09-30 19:40:54,056 - DEBUG - [global] needs_update: лучший источник raw → 5.13.09 (из 2)
2026-09-30 19:40:54,056 - INFO - [global] needs_update: local=(5, 13, 7) remote=(5, 13, 9) -> has_update=True
2026-09-30 19:40:54,056 - INFO - [global] Доступна обнова! Спавню кнопку
2026-09-30 19:40:54,772 - DEBUG - [global] _api_put: PUT runs/20260930_194051_fail_periodic.log -> 409 (19392 bytes)
2026-09-30 19:40:54,772 - WARNING - [global] _api_put: PUT failed body: {"message":"is at 8c6b1e990f42a860444ae3e5d1294e343c0d560c but expected ea1224fc124a5eb239a4bbfc7d551434aca5fcaf","documentation_url":"https://docs.github.com/rest/repos/contents#create-or-update-file
2026-09-30 19:40:54,774 - DEBUG - [global] log_uploader: STEP 1 (window log) -> FAILED
2026-09-30 19:40:54,774 - DEBUG - [global] log_uploader: STEP 2 SKIP (no PNGs)
2026-09-30 19:40:55,820 - DEBUG - [global] _api_put: GET runs/20260930_194051_fail_global.log -> 404
2026-09-30 19:40:58,026 - DEBUG - [global] _api_put: PUT runs/20260930_194051_fail_global.log -> 201 (20134 bytes)
2026-09-30 19:40:58,029 - DEBUG - [global] log_uploader: STEP 3 (global log) -> https://github.com/StarateJI/L2Mauto/blob/bot-logs/runs/20260930_194051_fail_global.log
2026-09-30 19:40:58,029 - DEBUG - [global] log_uploader: END window=periodic
2026-09-30 19:40:58,029 - INFO - [global] LogUploader: upload_run_logs завершён
2026-09-30 19:41:24,073 - INFO - [global] Проверяю обновы...
2026-09-30 19:41:25,016 - DEBUG - [global] needs_update: raw → 5.13.09
2026-09-30 19:41:25,037 - DEBUG - [global] needs_update: API → 5.13.09
2026-09-30 19:41:25,037 - DEBUG - [global] needs_update: лучший источник raw → 5.13.09 (из 2)
2026-09-30 19:41:25,037 - INFO - [global] needs_update: local=(5, 13, 7) remote=(5, 13, 9) -> has_update=True
2026-09-30 19:41:25,037 - INFO - [global] Доступна обнова! Спавню кнопку
2026-09-30 19:41:55,052 - INFO - [global] Проверяю обновы...
2026-09-30 19:41:55,913 - DEBUG - [global] needs_update: raw → 5.13.09
2026-09-30 19:41:56,122 - DEBUG - [global] needs_update: API → 5.13.09
2026-09-30 19:41:56,122 - DEBUG - [global] needs_update: лучший источник raw → 5.13.09 (из 2)
2026-09-30 19:41:56,122 - INFO - [global] needs_update: local=(5, 13, 7) remote=(5, 13, 9) -> has_update=True
2026-09-30 19:41:56,122 - INFO - [global] Доступна обнова! Спавню кнопку
2026-09-30 19:41:58,059 - INFO - [global] LogUploader: запускаю upload_run_logs...
2026-09-30 19:41:58,059 - DEBUG - [global] log_uploader: START window=periodic made=-1 token=...Rjnfq
2026-09-30 19:41:58,955 - DEBUG - [global] _api_put: GET runs/20260930_194158_fail_periodic.log -> 404
2026-09-30 19:42:01,130 - DEBUG - [global] _api_put: PUT runs/20260930_194158_fail_periodic.log -> 201 (19392 bytes)
2026-09-30 19:42:01,132 - DEBUG - [global] log_uploader: STEP 1 (window log) -> https://github.com/StarateJI/L2Mauto/blob/bot-logs/runs/20260930_194158_fail_periodic.log
2026-09-30 19:42:01,132 - DEBUG - [global] log_uploader: STEP 2 SKIP (no PNGs)
