=== Log tail 2026-09-29T03:25:58.375183 | last 200 lines ===
2026-09-29 03:17:06,380 - DEBUG - [global] log_uploader: START window=periodic made=-1 token=...Rjnfq
2026-09-29 03:17:07,221 - DEBUG - [global] _api_put: GET runs/20260929_031706_fail_periodic.log -> 404
2026-09-29 03:17:08,978 - DEBUG - [global] _api_put: PUT runs/20260929_031706_fail_periodic.log -> 201 (2785 bytes)
2026-09-29 03:17:08,980 - DEBUG - [global] log_uploader: STEP 1 (window log) -> https://github.com/StarateJI/L2Mauto/blob/bot-logs/runs/20260929_031706_fail_periodic.log
2026-09-29 03:17:08,981 - DEBUG - [global] log_uploader: STEP 2 SKIP (no PNGs)
2026-09-29 03:17:09,850 - DEBUG - [global] _api_put: GET runs/20260929_031706_fail_global.log -> 404
2026-09-29 03:17:11,216 - INFO - [global] Проверяю обновы...
2026-09-29 03:17:12,020 - DEBUG - [global] needs_update: raw → 5.13.09
2026-09-29 03:17:12,235 - DEBUG - [global] needs_update: API → 5.13.09
2026-09-29 03:17:12,235 - DEBUG - [global] needs_update: лучший источник raw → 5.13.09 (из 2)
2026-09-29 03:17:12,235 - INFO - [global] needs_update: local=(5, 13, 7) remote=(5, 13, 9) -> has_update=True
2026-09-29 03:17:12,235 - INFO - [global] Доступна обнова! Спавню кнопку
2026-09-29 03:17:12,381 - DEBUG - [global] _api_put: PUT runs/20260929_031706_fail_global.log -> 201 (20010 bytes)
2026-09-29 03:17:12,384 - DEBUG - [global] log_uploader: STEP 3 (global log) -> https://github.com/StarateJI/L2Mauto/blob/bot-logs/runs/20260929_031706_fail_global.log
2026-09-29 03:17:12,384 - DEBUG - [global] log_uploader: END window=periodic
2026-09-29 03:17:12,384 - INFO - [global] LogUploader: upload_run_logs завершён
2026-09-29 03:17:42,248 - INFO - [global] Проверяю обновы...
2026-09-29 03:17:43,033 - DEBUG - [global] needs_update: raw → 5.13.09
2026-09-29 03:17:43,205 - DEBUG - [global] needs_update: API → 5.13.09
2026-09-29 03:17:43,206 - DEBUG - [global] needs_update: лучший источник raw → 5.13.09 (из 2)
2026-09-29 03:17:43,206 - INFO - [global] needs_update: local=(5, 13, 7) remote=(5, 13, 9) -> has_update=True
2026-09-29 03:17:43,206 - INFO - [global] Доступна обнова! Спавню кнопку
2026-09-29 03:18:12,413 - INFO - [global] LogUploader: запускаю upload_run_logs...
2026-09-29 03:18:12,413 - DEBUG - [global] log_uploader: START window=periodic made=-1 token=...Rjnfq
2026-09-29 03:18:13,219 - INFO - [global] Проверяю обновы...
2026-09-29 03:18:13,378 - DEBUG - [global] _api_put: GET runs/20260929_031812_fail_periodic.log -> 404
2026-09-29 03:18:14,074 - DEBUG - [global] needs_update: raw → 5.13.09
2026-09-29 03:18:14,260 - DEBUG - [global] needs_update: API → 5.13.09
2026-09-29 03:18:14,260 - DEBUG - [global] needs_update: лучший источник raw → 5.13.09 (из 2)
2026-09-29 03:18:14,260 - INFO - [global] needs_update: local=(5, 13, 7) remote=(5, 13, 9) -> has_update=True
2026-09-29 03:18:14,260 - INFO - [global] Доступна обнова! Спавню кнопку
2026-09-29 03:18:15,203 - DEBUG - [global] _api_put: PUT runs/20260929_031812_fail_periodic.log -> 201 (2785 bytes)
2026-09-29 03:18:15,204 - DEBUG - [global] log_uploader: STEP 1 (window log) -> https://github.com/StarateJI/L2Mauto/blob/bot-logs/runs/20260929_031812_fail_periodic.log
2026-09-29 03:18:15,205 - DEBUG - [global] log_uploader: STEP 2 SKIP (no PNGs)
2026-09-29 03:18:16,087 - DEBUG - [global] _api_put: GET runs/20260929_031812_fail_global.log -> 404
2026-09-29 03:18:18,434 - DEBUG - [global] _api_put: PUT runs/20260929_031812_fail_global.log -> 201 (20010 bytes)
2026-09-29 03:18:18,436 - DEBUG - [global] log_uploader: STEP 3 (global log) -> https://github.com/StarateJI/L2Mauto/blob/bot-logs/runs/20260929_031812_fail_global.log
2026-09-29 03:18:18,436 - DEBUG - [global] log_uploader: END window=periodic
2026-09-29 03:18:18,436 - INFO - [global] LogUploader: upload_run_logs завершён
2026-09-29 03:18:44,274 - INFO - [global] Проверяю обновы...
2026-09-29 03:18:45,082 - DEBUG - [global] needs_update: raw → 5.13.09
2026-09-29 03:18:45,242 - DEBUG - [global] needs_update: API → 5.13.09
2026-09-29 03:18:45,242 - DEBUG - [global] needs_update: лучший источник raw → 5.13.09 (из 2)
2026-09-29 03:18:45,242 - INFO - [global] needs_update: local=(5, 13, 7) remote=(5, 13, 9) -> has_update=True
2026-09-29 03:18:45,242 - INFO - [global] Доступна обнова! Спавню кнопку
2026-09-29 03:19:15,259 - INFO - [global] Проверяю обновы...
2026-09-29 03:19:16,019 - DEBUG - [global] needs_update: raw → 5.13.09
2026-09-29 03:19:16,266 - DEBUG - [global] needs_update: API → 5.13.09
2026-09-29 03:19:16,266 - DEBUG - [global] needs_update: лучший источник raw → 5.13.09 (из 2)
2026-09-29 03:19:16,266 - INFO - [global] needs_update: local=(5, 13, 7) remote=(5, 13, 9) -> has_update=True
2026-09-29 03:19:16,267 - INFO - [global] Доступна обнова! Спавню кнопку
2026-09-29 03:19:18,462 - INFO - [global] LogUploader: запускаю upload_run_logs...
2026-09-29 03:19:18,462 - DEBUG - [global] log_uploader: START window=periodic made=-1 token=...Rjnfq
2026-09-29 03:19:19,335 - DEBUG - [global] _api_put: GET runs/20260929_031918_fail_periodic.log -> 404
2026-09-29 03:19:21,295 - DEBUG - [global] _api_put: PUT runs/20260929_031918_fail_periodic.log -> 201 (2785 bytes)
2026-09-29 03:19:21,297 - DEBUG - [global] log_uploader: STEP 1 (window log) -> https://github.com/StarateJI/L2Mauto/blob/bot-logs/runs/20260929_031918_fail_periodic.log
2026-09-29 03:19:21,298 - DEBUG - [global] log_uploader: STEP 2 SKIP (no PNGs)
2026-09-29 03:19:22,143 - DEBUG - [global] _api_put: GET runs/20260929_031918_fail_global.log -> 404
2026-09-29 03:19:23,954 - DEBUG - [global] _api_put: PUT runs/20260929_031918_fail_global.log -> 201 (20010 bytes)
2026-09-29 03:19:23,956 - DEBUG - [global] log_uploader: STEP 3 (global log) -> https://github.com/StarateJI/L2Mauto/blob/bot-logs/runs/20260929_031918_fail_global.log
2026-09-29 03:19:23,956 - DEBUG - [global] log_uploader: END window=periodic
2026-09-29 03:19:23,956 - INFO - [global] LogUploader: upload_run_logs завершён
2026-09-29 03:19:46,282 - INFO - [global] Проверяю обновы...
2026-09-29 03:19:47,072 - DEBUG - [global] needs_update: raw → 5.13.09
2026-09-29 03:19:47,224 - DEBUG - [global] needs_update: API → 5.13.09
2026-09-29 03:19:47,224 - DEBUG - [global] needs_update: лучший источник raw → 5.13.09 (из 2)
2026-09-29 03:19:47,224 - INFO - [global] needs_update: local=(5, 13, 7) remote=(5, 13, 9) -> has_update=True
2026-09-29 03:19:47,224 - INFO - [global] Доступна обнова! Спавню кнопку
2026-09-29 03:20:17,238 - INFO - [global] Проверяю обновы...
2026-09-29 03:20:18,020 - DEBUG - [global] needs_update: raw → 5.13.09
2026-09-29 03:20:18,238 - DEBUG - [global] needs_update: API → 5.13.09
2026-09-29 03:20:18,238 - DEBUG - [global] needs_update: лучший источник raw → 5.13.09 (из 2)
2026-09-29 03:20:18,238 - INFO - [global] needs_update: local=(5, 13, 7) remote=(5, 13, 9) -> has_update=True
2026-09-29 03:20:18,238 - INFO - [global] Доступна обнова! Спавню кнопку
2026-09-29 03:20:23,988 - INFO - [global] LogUploader: запускаю upload_run_logs...
2026-09-29 03:20:23,988 - DEBUG - [global] log_uploader: START window=periodic made=-1 token=...Rjnfq
2026-09-29 03:20:24,839 - DEBUG - [global] _api_put: GET runs/20260929_032023_fail_periodic.log -> 404
2026-09-29 03:20:26,378 - DEBUG - [global] _api_put: PUT runs/20260929_032023_fail_periodic.log -> 201 (2785 bytes)
2026-09-29 03:20:26,381 - DEBUG - [global] log_uploader: STEP 1 (window log) -> https://github.com/StarateJI/L2Mauto/blob/bot-logs/runs/20260929_032023_fail_periodic.log
2026-09-29 03:20:26,381 - DEBUG - [global] log_uploader: STEP 2 SKIP (no PNGs)
2026-09-29 03:20:27,246 - DEBUG - [global] _api_put: GET runs/20260929_032023_fail_global.log -> 404
2026-09-29 03:20:29,140 - DEBUG - [global] _api_put: PUT runs/20260929_032023_fail_global.log -> 201 (20010 bytes)
2026-09-29 03:20:29,142 - DEBUG - [global] log_uploader: STEP 3 (global log) -> https://github.com/StarateJI/L2Mauto/blob/bot-logs/runs/20260929_032023_fail_global.log
2026-09-29 03:20:29,142 - DEBUG - [global] log_uploader: END window=periodic
2026-09-29 03:20:29,142 - INFO - [global] LogUploader: upload_run_logs завершён
2026-09-29 03:20:48,252 - INFO - [global] Проверяю обновы...
2026-09-29 03:20:49,066 - DEBUG - [global] needs_update: raw → 5.13.09
2026-09-29 03:20:49,218 - DEBUG - [global] needs_update: API → 5.13.09
2026-09-29 03:20:49,219 - DEBUG - [global] needs_update: лучший источник raw → 5.13.09 (из 2)
2026-09-29 03:20:49,219 - INFO - [global] needs_update: local=(5, 13, 7) remote=(5, 13, 9) -> has_update=True
2026-09-29 03:20:49,219 - INFO - [global] Доступна обнова! Спавню кнопку
2026-09-29 03:21:19,236 - INFO - [global] Проверяю обновы...
2026-09-29 03:21:20,013 - DEBUG - [global] needs_update: raw → 5.13.09
2026-09-29 03:21:20,210 - DEBUG - [global] needs_update: API → 5.13.09
2026-09-29 03:21:20,210 - DEBUG - [global] needs_update: лучший источник raw → 5.13.09 (из 2)
2026-09-29 03:21:20,210 - INFO - [global] needs_update: local=(5, 13, 7) remote=(5, 13, 9) -> has_update=True
2026-09-29 03:21:20,210 - INFO - [global] Доступна обнова! Спавню кнопку
2026-09-29 03:21:29,171 - INFO - [global] LogUploader: запускаю upload_run_logs...
2026-09-29 03:21:29,171 - DEBUG - [global] log_uploader: START window=periodic made=-1 token=...Rjnfq
2026-09-29 03:21:30,065 - DEBUG - [global] _api_put: GET runs/20260929_032129_fail_periodic.log -> 404
2026-09-29 03:21:32,003 - DEBUG - [global] _api_put: PUT runs/20260929_032129_fail_periodic.log -> 201 (2785 bytes)
2026-09-29 03:21:32,005 - DEBUG - [global] log_uploader: STEP 1 (window log) -> https://github.com/StarateJI/L2Mauto/blob/bot-logs/runs/20260929_032129_fail_periodic.log
2026-09-29 03:21:32,006 - DEBUG - [global] log_uploader: STEP 2 SKIP (no PNGs)
2026-09-29 03:21:32,864 - DEBUG - [global] _api_put: GET runs/20260929_032129_fail_global.log -> 404
2026-09-29 03:21:35,031 - DEBUG - [global] _api_put: PUT runs/20260929_032129_fail_global.log -> 201 (20010 bytes)
2026-09-29 03:21:35,032 - DEBUG - [global] log_uploader: STEP 3 (global log) -> https://github.com/StarateJI/L2Mauto/blob/bot-logs/runs/20260929_032129_fail_global.log
2026-09-29 03:21:35,032 - DEBUG - [global] log_uploader: END window=periodic
2026-09-29 03:21:35,032 - INFO - [global] LogUploader: upload_run_logs завершён
2026-09-29 03:21:50,223 - INFO - [global] Проверяю обновы...
2026-09-29 03:21:51,184 - DEBUG - [global] needs_update: raw → 5.13.09
2026-09-29 03:21:51,211 - DEBUG - [global] needs_update: API → 5.13.09
2026-09-29 03:21:51,211 - DEBUG - [global] needs_update: лучший источник raw → 5.13.09 (из 2)
2026-09-29 03:21:51,212 - INFO - [global] needs_update: local=(5, 13, 7) remote=(5, 13, 9) -> has_update=True
2026-09-29 03:21:51,212 - INFO - [global] Доступна обнова! Спавню кнопку
2026-09-29 03:22:21,229 - INFO - [global] Проверяю обновы...
2026-09-29 03:22:22,026 - DEBUG - [global] needs_update: raw → 5.13.09
2026-09-29 03:22:22,227 - DEBUG - [global] needs_update: API → 5.13.09
2026-09-29 03:22:22,228 - DEBUG - [global] needs_update: лучший источник raw → 5.13.09 (из 2)
2026-09-29 03:22:22,228 - INFO - [global] needs_update: local=(5, 13, 7) remote=(5, 13, 9) -> has_update=True
2026-09-29 03:22:22,228 - INFO - [global] Доступна обнова! Спавню кнопку
2026-09-29 03:22:35,062 - INFO - [global] LogUploader: запускаю upload_run_logs...
2026-09-29 03:22:35,062 - DEBUG - [global] log_uploader: START window=periodic made=-1 token=...Rjnfq
2026-09-29 03:22:35,914 - DEBUG - [global] _api_put: GET runs/20260929_032235_fail_periodic.log -> 404
2026-09-29 03:22:37,560 - DEBUG - [global] _api_put: PUT runs/20260929_032235_fail_periodic.log -> 409 (2785 bytes)
2026-09-29 03:22:37,560 - WARNING - [global] _api_put: PUT failed body: {"message":"is at bb30242813d1c468c1c14d92760d35fb8c6be217 but expected b9e8b27793dcf8eb9f229b00759d6ec8776aa979","documentation_url":"https://docs.github.com/rest/repos/contents#create-or-update-file
2026-09-29 03:22:37,562 - DEBUG - [global] log_uploader: STEP 1 (window log) -> FAILED
2026-09-29 03:22:37,562 - DEBUG - [global] log_uploader: STEP 2 SKIP (no PNGs)
2026-09-29 03:22:38,632 - DEBUG - [global] _api_put: GET runs/20260929_032235_fail_global.log -> 404
2026-09-29 03:22:40,629 - DEBUG - [global] _api_put: PUT runs/20260929_032235_fail_global.log -> 201 (20127 bytes)
2026-09-29 03:22:40,630 - DEBUG - [global] log_uploader: STEP 3 (global log) -> https://github.com/StarateJI/L2Mauto/blob/bot-logs/runs/20260929_032235_fail_global.log
2026-09-29 03:22:40,630 - DEBUG - [global] log_uploader: END window=periodic
2026-09-29 03:22:40,630 - INFO - [global] LogUploader: upload_run_logs завершён
2026-09-29 03:22:52,243 - INFO - [global] Проверяю обновы...
2026-09-29 03:22:53,021 - DEBUG - [global] needs_update: raw → 5.13.09
2026-09-29 03:22:53,203 - DEBUG - [global] needs_update: API → 5.13.09
2026-09-29 03:22:53,203 - DEBUG - [global] needs_update: лучший источник raw → 5.13.09 (из 2)
2026-09-29 03:22:53,203 - INFO - [global] needs_update: local=(5, 13, 7) remote=(5, 13, 9) -> has_update=True
2026-09-29 03:22:53,203 - INFO - [global] Доступна обнова! Спавню кнопку
2026-09-29 03:23:23,217 - INFO - [global] Проверяю обновы...
2026-09-29 03:23:23,973 - DEBUG - [global] needs_update: raw → 5.13.09
2026-09-29 03:23:24,189 - DEBUG - [global] needs_update: API → 5.13.09
2026-09-29 03:23:24,189 - DEBUG - [global] needs_update: лучший источник raw → 5.13.09 (из 2)
2026-09-29 03:23:24,189 - INFO - [global] needs_update: local=(5, 13, 7) remote=(5, 13, 9) -> has_update=True
2026-09-29 03:23:24,189 - INFO - [global] Доступна обнова! Спавню кнопку
2026-09-29 03:23:40,657 - INFO - [global] LogUploader: запускаю upload_run_logs...
2026-09-29 03:23:40,657 - DEBUG - [global] log_uploader: START window=periodic made=-1 token=...Rjnfq
2026-09-29 03:23:41,531 - DEBUG - [global] _api_put: GET runs/20260929_032340_fail_periodic.log -> 404
2026-09-29 03:23:43,669 - DEBUG - [global] _api_put: PUT runs/20260929_032340_fail_periodic.log -> 201 (2785 bytes)
2026-09-29 03:23:43,672 - DEBUG - [global] log_uploader: STEP 1 (window log) -> https://github.com/StarateJI/L2Mauto/blob/bot-logs/runs/20260929_032340_fail_periodic.log
2026-09-29 03:23:43,672 - DEBUG - [global] log_uploader: STEP 2 SKIP (no PNGs)
2026-09-29 03:23:44,559 - DEBUG - [global] _api_put: GET runs/20260929_032340_fail_global.log -> 404
2026-09-29 03:23:47,823 - DEBUG - [global] _api_put: PUT runs/20260929_032340_fail_global.log -> 201 (20127 bytes)
2026-09-29 03:23:47,825 - DEBUG - [global] log_uploader: STEP 3 (global log) -> https://github.com/StarateJI/L2Mauto/blob/bot-logs/runs/20260929_032340_fail_global.log
2026-09-29 03:23:47,825 - DEBUG - [global] log_uploader: END window=periodic
2026-09-29 03:23:47,826 - INFO - [global] LogUploader: upload_run_logs завершён
2026-09-29 03:23:54,203 - INFO - [global] Проверяю обновы...
2026-09-29 03:23:55,028 - DEBUG - [global] needs_update: raw → 5.13.09
2026-09-29 03:23:55,189 - DEBUG - [global] needs_update: API → 5.13.09
2026-09-29 03:23:55,190 - DEBUG - [global] needs_update: лучший источник raw → 5.13.09 (из 2)
2026-09-29 03:23:55,190 - INFO - [global] needs_update: local=(5, 13, 7) remote=(5, 13, 9) -> has_update=True
2026-09-29 03:23:55,190 - INFO - [global] Доступна обнова! Спавню кнопку
2026-09-29 03:24:25,208 - INFO - [global] Проверяю обновы...
2026-09-29 03:24:26,015 - DEBUG - [global] needs_update: raw → 5.13.09
2026-09-29 03:24:26,194 - DEBUG - [global] needs_update: API → 5.13.09
2026-09-29 03:24:26,194 - DEBUG - [global] needs_update: лучший источник raw → 5.13.09 (из 2)
2026-09-29 03:24:26,195 - INFO - [global] needs_update: local=(5, 13, 7) remote=(5, 13, 9) -> has_update=True
2026-09-29 03:24:26,195 - INFO - [global] Доступна обнова! Спавню кнопку
2026-09-29 03:24:47,857 - INFO - [global] LogUploader: запускаю upload_run_logs...
2026-09-29 03:24:47,857 - DEBUG - [global] log_uploader: START window=periodic made=-1 token=...Rjnfq
2026-09-29 03:24:48,742 - DEBUG - [global] _api_put: GET runs/20260929_032447_fail_periodic.log -> 404
2026-09-29 03:24:52,564 - DEBUG - [global] _api_put: PUT runs/20260929_032447_fail_periodic.log -> 409 (2785 bytes)
2026-09-29 03:24:52,564 - WARNING - [global] _api_put: PUT failed body: {"message":"is at 297149ce61a2d77106a2cbe5c26b98cde0f2df51 but expected b94ad39bd6103984d6d70a23b40026d125cb9a50","documentation_url":"https://docs.github.com/rest/repos/contents#create-or-update-file
2026-09-29 03:24:52,566 - DEBUG - [global] log_uploader: STEP 1 (window log) -> FAILED
2026-09-29 03:24:52,566 - DEBUG - [global] log_uploader: STEP 2 SKIP (no PNGs)
2026-09-29 03:24:53,442 - DEBUG - [global] _api_put: GET runs/20260929_032447_fail_global.log -> 404
2026-09-29 03:24:55,987 - DEBUG - [global] _api_put: PUT runs/20260929_032447_fail_global.log -> 409 (20205 bytes)
2026-09-29 03:24:55,987 - WARNING - [global] _api_put: PUT failed body: {"message":"is at d242b1c60d1165f36820ac3bc105a31997179dbc but expected 297149ce61a2d77106a2cbe5c26b98cde0f2df51","documentation_url":"https://docs.github.com/rest/repos/contents#create-or-update-file
2026-09-29 03:24:55,989 - DEBUG - [global] log_uploader: STEP 3 (global log) -> FAILED
2026-09-29 03:24:55,989 - DEBUG - [global] log_uploader: END window=periodic
2026-09-29 03:24:55,989 - INFO - [global] LogUploader: upload_run_logs завершён
2026-09-29 03:24:56,210 - INFO - [global] Проверяю обновы...
2026-09-29 03:24:56,971 - DEBUG - [global] needs_update: raw → 5.13.09
2026-09-29 03:24:57,225 - DEBUG - [global] needs_update: API → 5.13.09
2026-09-29 03:24:57,226 - DEBUG - [global] needs_update: лучший источник raw → 5.13.09 (из 2)
2026-09-29 03:24:57,226 - INFO - [global] needs_update: local=(5, 13, 7) remote=(5, 13, 9) -> has_update=True
2026-09-29 03:24:57,226 - INFO - [global] Доступна обнова! Спавню кнопку
2026-09-29 03:25:27,240 - INFO - [global] Проверяю обновы...
2026-09-29 03:25:28,042 - DEBUG - [global] needs_update: raw → 5.13.09
2026-09-29 03:25:28,265 - DEBUG - [global] needs_update: API → 5.13.09
2026-09-29 03:25:28,265 - DEBUG - [global] needs_update: лучший источник raw → 5.13.09 (из 2)
2026-09-29 03:25:28,265 - INFO - [global] needs_update: local=(5, 13, 7) remote=(5, 13, 9) -> has_update=True
2026-09-29 03:25:28,265 - INFO - [global] Доступна обнова! Спавню кнопку
2026-09-29 03:25:56,015 - INFO - [global] LogUploader: запускаю upload_run_logs...
2026-09-29 03:25:56,015 - DEBUG - [global] log_uploader: START window=periodic made=-1 token=...Rjnfq
2026-09-29 03:25:56,859 - DEBUG - [global] _api_put: GET runs/20260929_032556_fail_periodic.log -> 404
2026-09-29 03:25:58,283 - INFO - [global] Проверяю обновы...
2026-09-29 03:25:58,355 - DEBUG - [global] _api_put: PUT runs/20260929_032556_fail_periodic.log -> 409 (2785 bytes)
2026-09-29 03:25:58,355 - WARNING - [global] _api_put: PUT failed body: {"message":"is at 4a5893ef98babf660292b867866d05b85cd18da0 but expected 1618098f0ecaf8fdf11c426c89194185137eb40f","documentation_url":"https://docs.github.com/rest/repos/contents#create-or-update-file
2026-09-29 03:25:58,356 - DEBUG - [global] log_uploader: STEP 1 (window log) -> FAILED
2026-09-29 03:25:58,357 - DEBUG - [global] log_uploader: STEP 2 SKIP (no PNGs)
