=== Log tail 2026-09-17T23:55:50.636889 | last 200 lines ===
2026-09-17 23:46:18,883 - DEBUG - [global] _api_put: GET runs/20260917_234617_fail_global.log -> 404
2026-09-17 23:46:21,079 - DEBUG - [global] _api_put: PUT runs/20260917_234617_fail_global.log -> 201 (19382 bytes)
2026-09-17 23:46:21,085 - DEBUG - [global] log_uploader: STEP 3 (global log) -> https://github.com/StarateJI/L2Mauto/blob/bot-logs/runs/20260917_234617_fail_global.log
2026-09-17 23:46:21,086 - DEBUG - [global] log_uploader: END window=periodic
2026-09-17 23:46:21,086 - INFO - [global] LogUploader: upload_run_logs завершён
2026-09-17 23:46:44,188 - INFO - [global] Проверяю обновы...
2026-09-17 23:46:45,524 - DEBUG - [global] needs_update: API GitHub → 5.9.1
2026-09-17 23:46:46,495 - DEBUG - [global] needs_update: raw → 5.9.1
2026-09-17 23:46:47,729 - DEBUG - [global] needs_update: jsdelivr → 5.9.0
2026-09-17 23:46:47,730 - DEBUG - [global] needs_update: лучший источник API → 5.9.1 (из 3)
2026-09-17 23:46:47,736 - INFO - [global] needs_update: local=(5, 9, 1) remote=(5, 9, 1) -> has_update=False
2026-09-17 23:46:47,737 - INFO - [global] Установлена последняя версия бота | 5.9.1
2026-09-17 23:47:17,754 - INFO - [global] Проверяю обновы...
2026-09-17 23:47:19,244 - DEBUG - [global] needs_update: API GitHub → 5.9.1
2026-09-17 23:47:20,228 - DEBUG - [global] needs_update: raw → 5.9.1
2026-09-17 23:47:21,130 - INFO - [global] LogUploader: запускаю upload_run_logs...
2026-09-17 23:47:21,138 - DEBUG - [global] log_uploader: START window=periodic made=-1 token=...Rjnfq
2026-09-17 23:47:21,139 - DEBUG - [global] log_uploader: STEP 1 SKIP (no C:\Users\PC\Desktop\L2Mauto\logs\periodic.log)
2026-09-17 23:47:21,140 - DEBUG - [global] log_uploader: STEP 2 SKIP (no PNGs)
2026-09-17 23:47:21,511 - DEBUG - [global] needs_update: jsdelivr → 5.9.0
2026-09-17 23:47:21,512 - DEBUG - [global] needs_update: лучший источник API → 5.9.1 (из 3)
2026-09-17 23:47:21,518 - INFO - [global] needs_update: local=(5, 9, 1) remote=(5, 9, 1) -> has_update=False
2026-09-17 23:47:21,519 - INFO - [global] Установлена последняя версия бота | 5.9.1
2026-09-17 23:47:22,754 - DEBUG - [global] _api_put: GET runs/20260917_234721_fail_global.log -> 404
2026-09-17 23:47:24,977 - DEBUG - [global] _api_put: PUT runs/20260917_234721_fail_global.log -> 201 (19382 bytes)
2026-09-17 23:47:24,982 - DEBUG - [global] log_uploader: STEP 3 (global log) -> https://github.com/StarateJI/L2Mauto/blob/bot-logs/runs/20260917_234721_fail_global.log
2026-09-17 23:47:24,983 - DEBUG - [global] log_uploader: END window=periodic
2026-09-17 23:47:24,983 - INFO - [global] LogUploader: upload_run_logs завершён
2026-09-17 23:47:51,542 - INFO - [global] Проверяю обновы...
2026-09-17 23:47:52,726 - DEBUG - [global] needs_update: API GitHub → 5.9.1
2026-09-17 23:47:53,926 - DEBUG - [global] needs_update: raw → 5.9.1
2026-09-17 23:47:55,200 - DEBUG - [global] needs_update: jsdelivr → 5.9.0
2026-09-17 23:47:55,200 - DEBUG - [global] needs_update: лучший источник API → 5.9.1 (из 3)
2026-09-17 23:47:55,206 - INFO - [global] needs_update: local=(5, 9, 1) remote=(5, 9, 1) -> has_update=False
2026-09-17 23:47:55,207 - INFO - [global] Установлена последняя версия бота | 5.9.1
2026-09-17 23:48:25,025 - INFO - [global] LogUploader: запускаю upload_run_logs...
2026-09-17 23:48:25,027 - DEBUG - [global] log_uploader: START window=periodic made=-1 token=...Rjnfq
2026-09-17 23:48:25,028 - DEBUG - [global] log_uploader: STEP 1 SKIP (no C:\Users\PC\Desktop\L2Mauto\logs\periodic.log)
2026-09-17 23:48:25,028 - DEBUG - [global] log_uploader: STEP 2 SKIP (no PNGs)
2026-09-17 23:48:25,225 - INFO - [global] Проверяю обновы...
2026-09-17 23:48:26,683 - DEBUG - [global] _api_put: GET runs/20260917_234825_fail_global.log -> 404
2026-09-17 23:48:26,699 - DEBUG - [global] needs_update: API GitHub → 5.9.1
2026-09-17 23:48:28,101 - DEBUG - [global] needs_update: raw → 5.9.1
2026-09-17 23:48:29,158 - DEBUG - [global] _api_put: PUT runs/20260917_234825_fail_global.log -> 201 (19382 bytes)
2026-09-17 23:48:29,163 - DEBUG - [global] log_uploader: STEP 3 (global log) -> https://github.com/StarateJI/L2Mauto/blob/bot-logs/runs/20260917_234825_fail_global.log
2026-09-17 23:48:29,164 - DEBUG - [global] log_uploader: END window=periodic
2026-09-17 23:48:29,164 - INFO - [global] LogUploader: upload_run_logs завершён
2026-09-17 23:48:29,268 - DEBUG - [global] needs_update: jsdelivr → 5.9.0
2026-09-17 23:48:29,268 - DEBUG - [global] needs_update: лучший источник API → 5.9.1 (из 3)
2026-09-17 23:48:29,276 - INFO - [global] needs_update: local=(5, 9, 1) remote=(5, 9, 1) -> has_update=False
2026-09-17 23:48:29,278 - INFO - [global] Установлена последняя версия бота | 5.9.1
2026-09-17 23:48:59,300 - INFO - [global] Проверяю обновы...
2026-09-17 23:49:00,466 - DEBUG - [global] needs_update: API GitHub → 5.9.1
2026-09-17 23:49:01,441 - DEBUG - [global] needs_update: raw → 5.9.1
2026-09-17 23:49:02,692 - DEBUG - [global] needs_update: jsdelivr → 5.9.0
2026-09-17 23:49:02,692 - DEBUG - [global] needs_update: лучший источник API → 5.9.1 (из 3)
2026-09-17 23:49:02,697 - INFO - [global] needs_update: local=(5, 9, 1) remote=(5, 9, 1) -> has_update=False
2026-09-17 23:49:02,699 - INFO - [global] Установлена последняя версия бота | 5.9.1
2026-09-17 23:49:29,207 - INFO - [global] LogUploader: запускаю upload_run_logs...
2026-09-17 23:49:29,209 - DEBUG - [global] log_uploader: START window=periodic made=-1 token=...Rjnfq
2026-09-17 23:49:29,210 - DEBUG - [global] log_uploader: STEP 1 SKIP (no C:\Users\PC\Desktop\L2Mauto\logs\periodic.log)
2026-09-17 23:49:29,211 - DEBUG - [global] log_uploader: STEP 2 SKIP (no PNGs)
2026-09-17 23:49:30,754 - DEBUG - [global] _api_put: GET runs/20260917_234929_fail_global.log -> 404
2026-09-17 23:49:32,700 - DEBUG - [global] _api_put: PUT runs/20260917_234929_fail_global.log -> 201 (19382 bytes)
2026-09-17 23:49:32,705 - DEBUG - [global] log_uploader: STEP 3 (global log) -> https://github.com/StarateJI/L2Mauto/blob/bot-logs/runs/20260917_234929_fail_global.log
2026-09-17 23:49:32,705 - DEBUG - [global] log_uploader: END window=periodic
2026-09-17 23:49:32,705 - INFO - [global] LogUploader: upload_run_logs завершён
2026-09-17 23:49:32,717 - INFO - [global] Проверяю обновы...
2026-09-17 23:49:33,881 - DEBUG - [global] needs_update: API GitHub → 5.9.1
2026-09-17 23:49:34,860 - DEBUG - [global] needs_update: raw → 5.9.1
2026-09-17 23:49:36,021 - DEBUG - [global] needs_update: jsdelivr → 5.9.0
2026-09-17 23:49:36,021 - DEBUG - [global] needs_update: лучший источник API → 5.9.1 (из 3)
2026-09-17 23:49:36,026 - INFO - [global] needs_update: local=(5, 9, 1) remote=(5, 9, 1) -> has_update=False
2026-09-17 23:49:36,027 - INFO - [global] Установлена последняя версия бота | 5.9.1
2026-09-17 23:50:06,050 - INFO - [global] Проверяю обновы...
2026-09-17 23:50:07,232 - DEBUG - [global] needs_update: API GitHub → 5.9.1
2026-09-17 23:50:08,210 - DEBUG - [global] needs_update: raw → 5.9.1
2026-09-17 23:50:09,390 - DEBUG - [global] needs_update: jsdelivr → 5.9.0
2026-09-17 23:50:09,390 - DEBUG - [global] needs_update: лучший источник API → 5.9.1 (из 3)
2026-09-17 23:50:09,397 - INFO - [global] needs_update: local=(5, 9, 1) remote=(5, 9, 1) -> has_update=False
2026-09-17 23:50:09,398 - INFO - [global] Установлена последняя версия бота | 5.9.1
2026-09-17 23:50:32,754 - INFO - [global] LogUploader: запускаю upload_run_logs...
2026-09-17 23:50:32,756 - DEBUG - [global] log_uploader: START window=periodic made=-1 token=...Rjnfq
2026-09-17 23:50:32,756 - DEBUG - [global] log_uploader: STEP 1 SKIP (no C:\Users\PC\Desktop\L2Mauto\logs\periodic.log)
2026-09-17 23:50:32,757 - DEBUG - [global] log_uploader: STEP 2 SKIP (no PNGs)
2026-09-17 23:50:34,151 - DEBUG - [global] _api_put: GET runs/20260917_235032_fail_global.log -> 404
2026-09-17 23:50:36,349 - DEBUG - [global] _api_put: PUT runs/20260917_235032_fail_global.log -> 201 (19291 bytes)
2026-09-17 23:50:36,353 - DEBUG - [global] log_uploader: STEP 3 (global log) -> https://github.com/StarateJI/L2Mauto/blob/bot-logs/runs/20260917_235032_fail_global.log
2026-09-17 23:50:36,353 - DEBUG - [global] log_uploader: END window=periodic
2026-09-17 23:50:36,354 - INFO - [global] LogUploader: upload_run_logs завершён
2026-09-17 23:50:39,420 - INFO - [global] Проверяю обновы...
2026-09-17 23:50:40,582 - DEBUG - [global] needs_update: API GitHub → 5.9.1
2026-09-17 23:50:41,586 - DEBUG - [global] needs_update: raw → 5.9.1
2026-09-17 23:50:42,770 - DEBUG - [global] needs_update: jsdelivr → 5.9.0
2026-09-17 23:50:42,770 - DEBUG - [global] needs_update: лучший источник API → 5.9.1 (из 3)
2026-09-17 23:50:42,777 - INFO - [global] needs_update: local=(5, 9, 1) remote=(5, 9, 1) -> has_update=False
2026-09-17 23:50:42,780 - INFO - [global] Установлена последняя версия бота | 5.9.1
2026-09-17 23:51:12,806 - INFO - [global] Проверяю обновы...
2026-09-17 23:51:13,966 - DEBUG - [global] needs_update: API GitHub → 5.9.1
2026-09-17 23:51:14,939 - DEBUG - [global] needs_update: raw → 5.9.1
2026-09-17 23:51:16,002 - DEBUG - [global] needs_update: jsdelivr → 5.9.0
2026-09-17 23:51:16,003 - DEBUG - [global] needs_update: лучший источник API → 5.9.1 (из 3)
2026-09-17 23:51:16,008 - INFO - [global] needs_update: local=(5, 9, 1) remote=(5, 9, 1) -> has_update=False
2026-09-17 23:51:16,010 - INFO - [global] Установлена последняя версия бота | 5.9.1
2026-09-17 23:51:36,412 - INFO - [global] LogUploader: запускаю upload_run_logs...
2026-09-17 23:51:36,415 - DEBUG - [global] log_uploader: START window=periodic made=-1 token=...Rjnfq
2026-09-17 23:51:36,416 - DEBUG - [global] log_uploader: STEP 1 SKIP (no C:\Users\PC\Desktop\L2Mauto\logs\periodic.log)
2026-09-17 23:51:36,416 - DEBUG - [global] log_uploader: STEP 2 SKIP (no PNGs)
2026-09-17 23:51:37,810 - DEBUG - [global] _api_put: GET runs/20260917_235136_fail_global.log -> 404
2026-09-17 23:51:39,760 - DEBUG - [global] _api_put: PUT runs/20260917_235136_fail_global.log -> 201 (19291 bytes)
2026-09-17 23:51:39,768 - DEBUG - [global] log_uploader: STEP 3 (global log) -> https://github.com/StarateJI/L2Mauto/blob/bot-logs/runs/20260917_235136_fail_global.log
2026-09-17 23:51:39,768 - DEBUG - [global] log_uploader: END window=periodic
2026-09-17 23:51:39,768 - INFO - [global] LogUploader: upload_run_logs завершён
2026-09-17 23:51:46,037 - INFO - [global] Проверяю обновы...
2026-09-17 23:51:47,242 - DEBUG - [global] needs_update: API GitHub → 5.9.1
2026-09-17 23:51:48,238 - DEBUG - [global] needs_update: raw → 5.9.1
2026-09-17 23:51:49,263 - DEBUG - [global] needs_update: jsdelivr → 5.9.0
2026-09-17 23:51:49,265 - DEBUG - [global] needs_update: лучший источник API → 5.9.1 (из 3)
2026-09-17 23:51:49,269 - INFO - [global] needs_update: local=(5, 9, 1) remote=(5, 9, 1) -> has_update=False
2026-09-17 23:51:49,271 - INFO - [global] Установлена последняя версия бота | 5.9.1
2026-09-17 23:52:19,301 - INFO - [global] Проверяю обновы...
2026-09-17 23:52:20,473 - DEBUG - [global] needs_update: API GitHub → 5.9.1
2026-09-17 23:52:21,459 - DEBUG - [global] needs_update: raw → 5.9.1
2026-09-17 23:52:22,456 - DEBUG - [global] needs_update: jsdelivr → 5.9.0
2026-09-17 23:52:22,456 - DEBUG - [global] needs_update: лучший источник API → 5.9.1 (из 3)
2026-09-17 23:52:22,462 - INFO - [global] needs_update: local=(5, 9, 1) remote=(5, 9, 1) -> has_update=False
2026-09-17 23:52:22,463 - INFO - [global] Установлена последняя версия бота | 5.9.1
2026-09-17 23:52:39,818 - INFO - [global] LogUploader: запускаю upload_run_logs...
2026-09-17 23:52:39,821 - DEBUG - [global] log_uploader: START window=periodic made=-1 token=...Rjnfq
2026-09-17 23:52:39,821 - DEBUG - [global] log_uploader: STEP 1 SKIP (no C:\Users\PC\Desktop\L2Mauto\logs\periodic.log)
2026-09-17 23:52:39,821 - DEBUG - [global] log_uploader: STEP 2 SKIP (no PNGs)
2026-09-17 23:52:41,318 - DEBUG - [global] _api_put: GET runs/20260917_235239_fail_global.log -> 200
2026-09-17 23:52:43,515 - DEBUG - [global] _api_put: PUT runs/20260917_235239_fail_global.log -> 200 (19291 bytes)
2026-09-17 23:52:43,520 - DEBUG - [global] log_uploader: STEP 3 (global log) -> https://github.com/StarateJI/L2Mauto/blob/bot-logs/runs/20260917_235239_fail_global.log
2026-09-17 23:52:43,520 - DEBUG - [global] log_uploader: END window=periodic
2026-09-17 23:52:43,520 - INFO - [global] LogUploader: upload_run_logs завершён
2026-09-17 23:52:52,483 - INFO - [global] Проверяю обновы...
2026-09-17 23:52:53,655 - DEBUG - [global] needs_update: API GitHub → 5.9.1
2026-09-17 23:52:54,616 - DEBUG - [global] needs_update: raw → 5.9.1
2026-09-17 23:52:55,811 - DEBUG - [global] needs_update: jsdelivr → 5.9.0
2026-09-17 23:52:55,811 - DEBUG - [global] needs_update: лучший источник API → 5.9.1 (из 3)
2026-09-17 23:52:55,820 - INFO - [global] needs_update: local=(5, 9, 1) remote=(5, 9, 1) -> has_update=False
2026-09-17 23:52:55,825 - INFO - [global] Установлена последняя версия бота | 5.9.1
2026-09-17 23:53:25,851 - INFO - [global] Проверяю обновы...
2026-09-17 23:53:27,016 - DEBUG - [global] needs_update: API GitHub → 5.9.1
2026-09-17 23:53:27,994 - DEBUG - [global] needs_update: raw → 5.9.1
2026-09-17 23:53:29,204 - DEBUG - [global] needs_update: jsdelivr → 5.9.0
2026-09-17 23:53:29,204 - DEBUG - [global] needs_update: лучший источник API → 5.9.1 (из 3)
2026-09-17 23:53:29,210 - INFO - [global] needs_update: local=(5, 9, 1) remote=(5, 9, 1) -> has_update=False
2026-09-17 23:53:29,212 - INFO - [global] Установлена последняя версия бота | 5.9.1
2026-09-17 23:53:43,596 - INFO - [global] LogUploader: запускаю upload_run_logs...
2026-09-17 23:53:43,598 - DEBUG - [global] log_uploader: START window=periodic made=-1 token=...Rjnfq
2026-09-17 23:53:43,598 - DEBUG - [global] log_uploader: STEP 1 SKIP (no C:\Users\PC\Desktop\L2Mauto\logs\periodic.log)
2026-09-17 23:53:43,599 - DEBUG - [global] log_uploader: STEP 2 SKIP (no PNGs)
2026-09-17 23:53:45,004 - DEBUG - [global] _api_put: GET runs/20260917_235343_fail_global.log -> 404
2026-09-17 23:53:47,009 - DEBUG - [global] _api_put: PUT runs/20260917_235343_fail_global.log -> 201 (19291 bytes)
2026-09-17 23:53:47,014 - DEBUG - [global] log_uploader: STEP 3 (global log) -> https://github.com/StarateJI/L2Mauto/blob/bot-logs/runs/20260917_235343_fail_global.log
2026-09-17 23:53:47,014 - DEBUG - [global] log_uploader: END window=periodic
2026-09-17 23:53:47,014 - INFO - [global] LogUploader: upload_run_logs завершён
2026-09-17 23:53:59,237 - INFO - [global] Проверяю обновы...
2026-09-17 23:54:00,388 - DEBUG - [global] needs_update: API GitHub → 5.9.1
2026-09-17 23:54:01,377 - DEBUG - [global] needs_update: raw → 5.9.1
2026-09-17 23:54:02,535 - DEBUG - [global] needs_update: jsdelivr → 5.9.0
2026-09-17 23:54:02,535 - DEBUG - [global] needs_update: лучший источник API → 5.9.1 (из 3)
2026-09-17 23:54:02,544 - INFO - [global] needs_update: local=(5, 9, 1) remote=(5, 9, 1) -> has_update=False
2026-09-17 23:54:02,549 - INFO - [global] Установлена последняя версия бота | 5.9.1
2026-09-17 23:54:32,573 - INFO - [global] Проверяю обновы...
2026-09-17 23:54:33,709 - DEBUG - [global] needs_update: API GitHub → 5.9.1
2026-09-17 23:54:34,683 - DEBUG - [global] needs_update: raw → 5.9.1
2026-09-17 23:54:35,816 - DEBUG - [global] needs_update: jsdelivr → 5.9.0
2026-09-17 23:54:35,816 - DEBUG - [global] needs_update: лучший источник API → 5.9.1 (из 3)
2026-09-17 23:54:35,838 - INFO - [global] needs_update: local=(5, 9, 1) remote=(5, 9, 1) -> has_update=False
2026-09-17 23:54:35,840 - INFO - [global] Установлена последняя версия бота | 5.9.1
2026-09-17 23:54:47,066 - INFO - [global] LogUploader: запускаю upload_run_logs...
2026-09-17 23:54:47,068 - DEBUG - [global] log_uploader: START window=periodic made=-1 token=...Rjnfq
2026-09-17 23:54:47,068 - DEBUG - [global] log_uploader: STEP 1 SKIP (no C:\Users\PC\Desktop\L2Mauto\logs\periodic.log)
2026-09-17 23:54:47,069 - DEBUG - [global] log_uploader: STEP 2 SKIP (no PNGs)
2026-09-17 23:54:48,429 - DEBUG - [global] _api_put: GET runs/20260917_235447_fail_global.log -> 404
2026-09-17 23:54:50,474 - DEBUG - [global] _api_put: PUT runs/20260917_235447_fail_global.log -> 201 (19291 bytes)
2026-09-17 23:54:50,479 - DEBUG - [global] log_uploader: STEP 3 (global log) -> https://github.com/StarateJI/L2Mauto/blob/bot-logs/runs/20260917_235447_fail_global.log
2026-09-17 23:54:50,479 - DEBUG - [global] log_uploader: END window=periodic
2026-09-17 23:54:50,479 - INFO - [global] LogUploader: upload_run_logs завершён
2026-09-17 23:55:05,871 - INFO - [global] Проверяю обновы...
2026-09-17 23:55:07,044 - DEBUG - [global] needs_update: API GitHub → 5.9.1
2026-09-17 23:55:08,312 - DEBUG - [global] needs_update: raw → 5.9.1
2026-09-17 23:55:09,507 - DEBUG - [global] needs_update: jsdelivr → 5.9.0
2026-09-17 23:55:09,507 - DEBUG - [global] needs_update: лучший источник API → 5.9.1 (из 3)
2026-09-17 23:55:09,513 - INFO - [global] needs_update: local=(5, 9, 1) remote=(5, 9, 1) -> has_update=False
2026-09-17 23:55:09,514 - INFO - [global] Установлена последняя версия бота | 5.9.1
2026-09-17 23:55:39,533 - INFO - [global] Проверяю обновы...
2026-09-17 23:55:40,688 - DEBUG - [global] needs_update: API GitHub → 5.9.1
2026-09-17 23:55:41,661 - DEBUG - [global] needs_update: raw → 5.9.1
2026-09-17 23:55:42,703 - DEBUG - [global] needs_update: jsdelivr → 5.9.0
2026-09-17 23:55:42,705 - DEBUG - [global] needs_update: лучший источник API → 5.9.1 (из 3)
2026-09-17 23:55:42,710 - INFO - [global] needs_update: local=(5, 9, 1) remote=(5, 9, 1) -> has_update=False
2026-09-17 23:55:42,711 - INFO - [global] Установлена последняя версия бота | 5.9.1
2026-09-17 23:55:50,520 - INFO - [global] LogUploader: запускаю upload_run_logs...
2026-09-17 23:55:50,524 - DEBUG - [global] log_uploader: START window=periodic made=-1 token=...Rjnfq
2026-09-17 23:55:50,525 - DEBUG - [global] log_uploader: STEP 1 SKIP (no C:\Users\PC\Desktop\L2Mauto\logs\periodic.log)
2026-09-17 23:55:50,526 - DEBUG - [global] log_uploader: STEP 2 SKIP (no PNGs)
