=== Log tail 2026-10-04T02:21:17.810211 | last 200 lines ===
2026-10-04 02:12:26,826 - DEBUG - [global] _api_put: GET runs/20261004_021225_fail_periodic.log -> 404
2026-10-04 02:12:27,425 - INFO - [global] Проверяю обновы...
2026-10-04 02:12:28,300 - DEBUG - [global] needs_update: raw → 5.13.09
2026-10-04 02:12:28,414 - DEBUG - [global] needs_update: API → 5.13.09
2026-10-04 02:12:28,415 - DEBUG - [global] needs_update: лучший источник raw → 5.13.09 (из 2)
2026-10-04 02:12:28,415 - INFO - [global] needs_update: local=(5, 13, 7) remote=(5, 13, 9) -> has_update=True
2026-10-04 02:12:28,415 - INFO - [global] Доступна обнова! Спавню кнопку
2026-10-04 02:12:28,719 - DEBUG - [global] _api_put: PUT runs/20261004_021225_fail_periodic.log -> 201 (19392 bytes)
2026-10-04 02:12:28,722 - DEBUG - [global] log_uploader: STEP 1 (window log) -> https://github.com/StarateJI/L2Mauto/blob/bot-logs/runs/20261004_021225_fail_periodic.log
2026-10-04 02:12:28,723 - DEBUG - [global] log_uploader: STEP 2 SKIP (no PNGs)
2026-10-04 02:12:30,018 - DEBUG - [global] _api_put: GET runs/20261004_021225_fail_global.log -> 404
2026-10-04 02:12:32,115 - DEBUG - [global] _api_put: PUT runs/20261004_021225_fail_global.log -> 201 (19974 bytes)
2026-10-04 02:12:32,118 - DEBUG - [global] log_uploader: STEP 3 (global log) -> https://github.com/StarateJI/L2Mauto/blob/bot-logs/runs/20261004_021225_fail_global.log
2026-10-04 02:12:32,118 - DEBUG - [global] log_uploader: END window=periodic
2026-10-04 02:12:32,118 - INFO - [global] LogUploader: upload_run_logs завершён
2026-10-04 02:12:58,432 - INFO - [global] Проверяю обновы...
2026-10-04 02:12:59,344 - DEBUG - [global] needs_update: raw → 5.13.09
2026-10-04 02:12:59,533 - DEBUG - [global] needs_update: API → 5.13.09
2026-10-04 02:12:59,533 - DEBUG - [global] needs_update: лучший источник raw → 5.13.09 (из 2)
2026-10-04 02:12:59,534 - INFO - [global] needs_update: local=(5, 13, 7) remote=(5, 13, 9) -> has_update=True
2026-10-04 02:12:59,534 - INFO - [global] Доступна обнова! Спавню кнопку
2026-10-04 02:13:29,554 - INFO - [global] Проверяю обновы...
2026-10-04 02:13:30,440 - DEBUG - [global] needs_update: raw → 5.13.09
2026-10-04 02:13:30,611 - DEBUG - [global] needs_update: API → 5.13.09
2026-10-04 02:13:30,611 - DEBUG - [global] needs_update: лучший источник raw → 5.13.09 (из 2)
2026-10-04 02:13:30,612 - INFO - [global] needs_update: local=(5, 13, 7) remote=(5, 13, 9) -> has_update=True
2026-10-04 02:13:30,612 - INFO - [global] Доступна обнова! Спавню кнопку
2026-10-04 02:13:32,159 - INFO - [global] LogUploader: запускаю upload_run_logs...
2026-10-04 02:13:32,161 - DEBUG - [global] log_uploader: START window=periodic made=-1 token=...Rjnfq
2026-10-04 02:13:33,301 - DEBUG - [global] _api_put: GET runs/20261004_021332_fail_periodic.log -> 404
2026-10-04 02:13:35,307 - DEBUG - [global] _api_put: PUT runs/20261004_021332_fail_periodic.log -> 201 (19392 bytes)
2026-10-04 02:13:35,310 - DEBUG - [global] log_uploader: STEP 1 (window log) -> https://github.com/StarateJI/L2Mauto/blob/bot-logs/runs/20261004_021332_fail_periodic.log
2026-10-04 02:13:35,310 - DEBUG - [global] log_uploader: STEP 2 SKIP (no PNGs)
2026-10-04 02:13:36,362 - DEBUG - [global] _api_put: GET runs/20261004_021332_fail_global.log -> 404
2026-10-04 02:13:38,295 - DEBUG - [global] _api_put: PUT runs/20261004_021332_fail_global.log -> 201 (20019 bytes)
2026-10-04 02:13:38,298 - DEBUG - [global] log_uploader: STEP 3 (global log) -> https://github.com/StarateJI/L2Mauto/blob/bot-logs/runs/20261004_021332_fail_global.log
2026-10-04 02:13:38,298 - DEBUG - [global] log_uploader: END window=periodic
2026-10-04 02:13:38,298 - INFO - [global] LogUploader: upload_run_logs завершён
2026-10-04 02:14:00,630 - INFO - [global] Проверяю обновы...
2026-10-04 02:14:01,503 - DEBUG - [global] needs_update: raw → 5.13.09
2026-10-04 02:14:01,706 - DEBUG - [global] needs_update: API → 5.13.09
2026-10-04 02:14:01,707 - DEBUG - [global] needs_update: лучший источник raw → 5.13.09 (из 2)
2026-10-04 02:14:01,707 - INFO - [global] needs_update: local=(5, 13, 7) remote=(5, 13, 9) -> has_update=True
2026-10-04 02:14:01,708 - INFO - [global] Доступна обнова! Спавню кнопку
2026-10-04 02:14:31,728 - INFO - [global] Проверяю обновы...
2026-10-04 02:14:32,586 - DEBUG - [global] needs_update: raw → 5.13.09
2026-10-04 02:14:32,766 - DEBUG - [global] needs_update: API → 5.13.09
2026-10-04 02:14:32,766 - DEBUG - [global] needs_update: лучший источник raw → 5.13.09 (из 2)
2026-10-04 02:14:32,767 - INFO - [global] needs_update: local=(5, 13, 7) remote=(5, 13, 9) -> has_update=True
2026-10-04 02:14:32,767 - INFO - [global] Доступна обнова! Спавню кнопку
2026-10-04 02:14:38,335 - INFO - [global] LogUploader: запускаю upload_run_logs...
2026-10-04 02:14:38,335 - DEBUG - [global] log_uploader: START window=periodic made=-1 token=...Rjnfq
2026-10-04 02:14:39,273 - DEBUG - [global] _api_put: GET runs/20261004_021438_fail_periodic.log -> 404
2026-10-04 02:14:41,139 - DEBUG - [global] _api_put: PUT runs/20261004_021438_fail_periodic.log -> 201 (19392 bytes)
2026-10-04 02:14:41,142 - DEBUG - [global] log_uploader: STEP 1 (window log) -> https://github.com/StarateJI/L2Mauto/blob/bot-logs/runs/20261004_021438_fail_periodic.log
2026-10-04 02:14:41,142 - DEBUG - [global] log_uploader: STEP 2 SKIP (no PNGs)
2026-10-04 02:14:42,214 - DEBUG - [global] _api_put: GET runs/20261004_021438_fail_global.log -> 404
2026-10-04 02:14:44,184 - DEBUG - [global] _api_put: PUT runs/20261004_021438_fail_global.log -> 201 (20019 bytes)
2026-10-04 02:14:44,186 - DEBUG - [global] log_uploader: STEP 3 (global log) -> https://github.com/StarateJI/L2Mauto/blob/bot-logs/runs/20261004_021438_fail_global.log
2026-10-04 02:14:44,186 - DEBUG - [global] log_uploader: END window=periodic
2026-10-04 02:14:44,186 - INFO - [global] LogUploader: upload_run_logs завершён
2026-10-04 02:15:02,786 - INFO - [global] Проверяю обновы...
2026-10-04 02:15:03,628 - DEBUG - [global] needs_update: raw → 5.13.09
2026-10-04 02:15:03,777 - DEBUG - [global] needs_update: API → 5.13.09
2026-10-04 02:15:03,778 - DEBUG - [global] needs_update: лучший источник raw → 5.13.09 (из 2)
2026-10-04 02:15:03,778 - INFO - [global] needs_update: local=(5, 13, 7) remote=(5, 13, 9) -> has_update=True
2026-10-04 02:15:03,778 - INFO - [global] Доступна обнова! Спавню кнопку
2026-10-04 02:15:33,793 - INFO - [global] Проверяю обновы...
2026-10-04 02:15:34,661 - DEBUG - [global] needs_update: raw → 5.13.09
2026-10-04 02:15:34,816 - DEBUG - [global] needs_update: API → 5.13.09
2026-10-04 02:15:34,816 - DEBUG - [global] needs_update: лучший источник raw → 5.13.09 (из 2)
2026-10-04 02:15:34,816 - INFO - [global] needs_update: local=(5, 13, 7) remote=(5, 13, 9) -> has_update=True
2026-10-04 02:15:34,816 - INFO - [global] Доступна обнова! Спавню кнопку
2026-10-04 02:15:44,224 - INFO - [global] LogUploader: запускаю upload_run_logs...
2026-10-04 02:15:44,225 - DEBUG - [global] log_uploader: START window=periodic made=-1 token=...Rjnfq
2026-10-04 02:15:45,153 - DEBUG - [global] _api_put: GET runs/20261004_021544_fail_periodic.log -> 404
2026-10-04 02:15:47,251 - DEBUG - [global] _api_put: PUT runs/20261004_021544_fail_periodic.log -> 201 (19392 bytes)
2026-10-04 02:15:47,253 - DEBUG - [global] log_uploader: STEP 1 (window log) -> https://github.com/StarateJI/L2Mauto/blob/bot-logs/runs/20261004_021544_fail_periodic.log
2026-10-04 02:15:47,254 - DEBUG - [global] log_uploader: STEP 2 SKIP (no PNGs)
2026-10-04 02:15:48,307 - DEBUG - [global] _api_put: GET runs/20261004_021544_fail_global.log -> 404
2026-10-04 02:15:50,209 - DEBUG - [global] _api_put: PUT runs/20261004_021544_fail_global.log -> 201 (20019 bytes)
2026-10-04 02:15:50,212 - DEBUG - [global] log_uploader: STEP 3 (global log) -> https://github.com/StarateJI/L2Mauto/blob/bot-logs/runs/20261004_021544_fail_global.log
2026-10-04 02:15:50,212 - DEBUG - [global] log_uploader: END window=periodic
2026-10-04 02:15:50,213 - INFO - [global] LogUploader: upload_run_logs завершён
2026-10-04 02:16:04,836 - INFO - [global] Проверяю обновы...
2026-10-04 02:16:05,720 - DEBUG - [global] needs_update: raw → 5.13.09
2026-10-04 02:16:05,885 - DEBUG - [global] needs_update: API → 5.13.09
2026-10-04 02:16:05,886 - DEBUG - [global] needs_update: лучший источник raw → 5.13.09 (из 2)
2026-10-04 02:16:05,886 - INFO - [global] needs_update: local=(5, 13, 7) remote=(5, 13, 9) -> has_update=True
2026-10-04 02:16:05,886 - INFO - [global] Доступна обнова! Спавню кнопку
2026-10-04 02:16:35,902 - INFO - [global] Проверяю обновы...
2026-10-04 02:16:36,725 - DEBUG - [global] needs_update: raw → 5.13.09
2026-10-04 02:16:36,909 - DEBUG - [global] needs_update: API → 5.13.09
2026-10-04 02:16:36,909 - DEBUG - [global] needs_update: лучший источник raw → 5.13.09 (из 2)
2026-10-04 02:16:36,909 - INFO - [global] needs_update: local=(5, 13, 7) remote=(5, 13, 9) -> has_update=True
2026-10-04 02:16:36,909 - INFO - [global] Доступна обнова! Спавню кнопку
2026-10-04 02:16:50,253 - INFO - [global] LogUploader: запускаю upload_run_logs...
2026-10-04 02:16:50,254 - DEBUG - [global] log_uploader: START window=periodic made=-1 token=...Rjnfq
2026-10-04 02:16:51,181 - DEBUG - [global] _api_put: GET runs/20261004_021650_fail_periodic.log -> 404
2026-10-04 02:16:53,102 - DEBUG - [global] _api_put: PUT runs/20261004_021650_fail_periodic.log -> 201 (19392 bytes)
2026-10-04 02:16:53,105 - DEBUG - [global] log_uploader: STEP 1 (window log) -> https://github.com/StarateJI/L2Mauto/blob/bot-logs/runs/20261004_021650_fail_periodic.log
2026-10-04 02:16:53,105 - DEBUG - [global] log_uploader: STEP 2 SKIP (no PNGs)
2026-10-04 02:16:54,158 - DEBUG - [global] _api_put: GET runs/20261004_021650_fail_global.log -> 404
2026-10-04 02:16:55,996 - DEBUG - [global] _api_put: PUT runs/20261004_021650_fail_global.log -> 201 (20019 bytes)
2026-10-04 02:16:55,999 - DEBUG - [global] log_uploader: STEP 3 (global log) -> https://github.com/StarateJI/L2Mauto/blob/bot-logs/runs/20261004_021650_fail_global.log
2026-10-04 02:16:55,999 - DEBUG - [global] log_uploader: END window=periodic
2026-10-04 02:16:55,999 - INFO - [global] LogUploader: upload_run_logs завершён
2026-10-04 02:17:06,927 - INFO - [global] Проверяю обновы...
2026-10-04 02:17:07,823 - DEBUG - [global] needs_update: raw → 5.13.09
2026-10-04 02:17:07,987 - DEBUG - [global] needs_update: API → 5.13.09
2026-10-04 02:17:07,987 - DEBUG - [global] needs_update: лучший источник raw → 5.13.09 (из 2)
2026-10-04 02:17:07,987 - INFO - [global] needs_update: local=(5, 13, 7) remote=(5, 13, 9) -> has_update=True
2026-10-04 02:17:07,987 - INFO - [global] Доступна обнова! Спавню кнопку
2026-10-04 02:17:38,009 - INFO - [global] Проверяю обновы...
2026-10-04 02:17:38,829 - DEBUG - [global] needs_update: raw → 5.13.09
2026-10-04 02:17:39,007 - DEBUG - [global] needs_update: API → 5.13.09
2026-10-04 02:17:39,007 - DEBUG - [global] needs_update: лучший источник raw → 5.13.09 (из 2)
2026-10-04 02:17:39,008 - INFO - [global] needs_update: local=(5, 13, 7) remote=(5, 13, 9) -> has_update=True
2026-10-04 02:17:39,008 - INFO - [global] Доступна обнова! Спавню кнопку
2026-10-04 02:17:56,034 - INFO - [global] LogUploader: запускаю upload_run_logs...
2026-10-04 02:17:56,036 - DEBUG - [global] log_uploader: START window=periodic made=-1 token=...Rjnfq
2026-10-04 02:17:56,971 - DEBUG - [global] _api_put: GET runs/20261004_021756_fail_periodic.log -> 404
2026-10-04 02:17:59,342 - DEBUG - [global] _api_put: PUT runs/20261004_021756_fail_periodic.log -> 201 (19392 bytes)
2026-10-04 02:17:59,345 - DEBUG - [global] log_uploader: STEP 1 (window log) -> https://github.com/StarateJI/L2Mauto/blob/bot-logs/runs/20261004_021756_fail_periodic.log
2026-10-04 02:17:59,346 - DEBUG - [global] log_uploader: STEP 2 SKIP (no PNGs)
2026-10-04 02:18:00,445 - DEBUG - [global] _api_put: GET runs/20261004_021756_fail_global.log -> 404
2026-10-04 02:18:02,486 - DEBUG - [global] _api_put: PUT runs/20261004_021756_fail_global.log -> 201 (20019 bytes)
2026-10-04 02:18:02,488 - DEBUG - [global] log_uploader: STEP 3 (global log) -> https://github.com/StarateJI/L2Mauto/blob/bot-logs/runs/20261004_021756_fail_global.log
2026-10-04 02:18:02,488 - DEBUG - [global] log_uploader: END window=periodic
2026-10-04 02:18:02,488 - INFO - [global] LogUploader: upload_run_logs завершён
2026-10-04 02:18:09,028 - INFO - [global] Проверяю обновы...
2026-10-04 02:18:09,860 - DEBUG - [global] needs_update: raw → 5.13.09
2026-10-04 02:18:10,056 - DEBUG - [global] needs_update: API → 5.13.09
2026-10-04 02:18:10,057 - DEBUG - [global] needs_update: лучший источник raw → 5.13.09 (из 2)
2026-10-04 02:18:10,057 - INFO - [global] needs_update: local=(5, 13, 7) remote=(5, 13, 9) -> has_update=True
2026-10-04 02:18:10,057 - INFO - [global] Доступна обнова! Спавню кнопку
2026-10-04 02:18:40,074 - INFO - [global] Проверяю обновы...
2026-10-04 02:18:40,907 - DEBUG - [global] needs_update: raw → 5.13.09
2026-10-04 02:18:41,070 - DEBUG - [global] needs_update: API → 5.13.09
2026-10-04 02:18:41,070 - DEBUG - [global] needs_update: лучший источник raw → 5.13.09 (из 2)
2026-10-04 02:18:41,070 - INFO - [global] needs_update: local=(5, 13, 7) remote=(5, 13, 9) -> has_update=True
2026-10-04 02:18:41,070 - INFO - [global] Доступна обнова! Спавню кнопку
2026-10-04 02:19:02,536 - INFO - [global] LogUploader: запускаю upload_run_logs...
2026-10-04 02:19:02,537 - DEBUG - [global] log_uploader: START window=periodic made=-1 token=...Rjnfq
2026-10-04 02:19:03,527 - DEBUG - [global] _api_put: GET runs/20261004_021902_fail_periodic.log -> 404
2026-10-04 02:19:05,468 - DEBUG - [global] _api_put: PUT runs/20261004_021902_fail_periodic.log -> 201 (19392 bytes)
2026-10-04 02:19:05,470 - DEBUG - [global] log_uploader: STEP 1 (window log) -> https://github.com/StarateJI/L2Mauto/blob/bot-logs/runs/20261004_021902_fail_periodic.log
2026-10-04 02:19:05,470 - DEBUG - [global] log_uploader: STEP 2 SKIP (no PNGs)
2026-10-04 02:19:06,526 - DEBUG - [global] _api_put: GET runs/20261004_021902_fail_global.log -> 404
2026-10-04 02:19:08,505 - DEBUG - [global] _api_put: PUT runs/20261004_021902_fail_global.log -> 201 (20019 bytes)
2026-10-04 02:19:08,508 - DEBUG - [global] log_uploader: STEP 3 (global log) -> https://github.com/StarateJI/L2Mauto/blob/bot-logs/runs/20261004_021902_fail_global.log
2026-10-04 02:19:08,508 - DEBUG - [global] log_uploader: END window=periodic
2026-10-04 02:19:08,508 - INFO - [global] LogUploader: upload_run_logs завершён
2026-10-04 02:19:11,090 - INFO - [global] Проверяю обновы...
2026-10-04 02:19:11,909 - DEBUG - [global] needs_update: raw → 5.13.09
2026-10-04 02:19:12,185 - DEBUG - [global] needs_update: API → 5.13.09
2026-10-04 02:19:12,185 - DEBUG - [global] needs_update: лучший источник raw → 5.13.09 (из 2)
2026-10-04 02:19:12,185 - INFO - [global] needs_update: local=(5, 13, 7) remote=(5, 13, 9) -> has_update=True
2026-10-04 02:19:12,185 - INFO - [global] Доступна обнова! Спавню кнопку
2026-10-04 02:19:42,202 - INFO - [global] Проверяю обновы...
2026-10-04 02:19:43,067 - DEBUG - [global] needs_update: raw → 5.13.09
2026-10-04 02:19:43,224 - DEBUG - [global] needs_update: API → 5.13.09
2026-10-04 02:19:43,225 - DEBUG - [global] needs_update: лучший источник raw → 5.13.09 (из 2)
2026-10-04 02:19:43,225 - INFO - [global] needs_update: local=(5, 13, 7) remote=(5, 13, 9) -> has_update=True
2026-10-04 02:19:43,225 - INFO - [global] Доступна обнова! Спавню кнопку
2026-10-04 02:20:08,557 - INFO - [global] LogUploader: запускаю upload_run_logs...
2026-10-04 02:20:08,557 - DEBUG - [global] log_uploader: START window=periodic made=-1 token=...Rjnfq
2026-10-04 02:20:09,474 - DEBUG - [global] _api_put: GET runs/20261004_022008_fail_periodic.log -> 404
2026-10-04 02:20:11,574 - DEBUG - [global] _api_put: PUT runs/20261004_022008_fail_periodic.log -> 201 (19392 bytes)
2026-10-04 02:20:11,577 - DEBUG - [global] log_uploader: STEP 1 (window log) -> https://github.com/StarateJI/L2Mauto/blob/bot-logs/runs/20261004_022008_fail_periodic.log
2026-10-04 02:20:11,578 - DEBUG - [global] log_uploader: STEP 2 SKIP (no PNGs)
2026-10-04 02:20:12,710 - DEBUG - [global] _api_put: GET runs/20261004_022008_fail_global.log -> 404
2026-10-04 02:20:13,244 - INFO - [global] Проверяю обновы...
2026-10-04 02:20:14,113 - DEBUG - [global] needs_update: raw → 5.13.09
2026-10-04 02:20:14,266 - DEBUG - [global] needs_update: API → 5.13.09
2026-10-04 02:20:14,267 - DEBUG - [global] needs_update: лучший источник raw → 5.13.09 (из 2)
2026-10-04 02:20:14,267 - INFO - [global] needs_update: local=(5, 13, 7) remote=(5, 13, 9) -> has_update=True
2026-10-04 02:20:14,267 - INFO - [global] Доступна обнова! Спавню кнопку
2026-10-04 02:20:14,757 - DEBUG - [global] _api_put: PUT runs/20261004_022008_fail_global.log -> 201 (20019 bytes)
2026-10-04 02:20:14,759 - DEBUG - [global] log_uploader: STEP 3 (global log) -> https://github.com/StarateJI/L2Mauto/blob/bot-logs/runs/20261004_022008_fail_global.log
2026-10-04 02:20:14,759 - DEBUG - [global] log_uploader: END window=periodic
2026-10-04 02:20:14,760 - INFO - [global] LogUploader: upload_run_logs завершён
2026-10-04 02:20:44,297 - INFO - [global] Проверяю обновы...
2026-10-04 02:20:45,174 - DEBUG - [global] needs_update: raw → 5.13.09
2026-10-04 02:20:45,311 - DEBUG - [global] needs_update: API → 5.13.09
2026-10-04 02:20:45,312 - DEBUG - [global] needs_update: лучший источник raw → 5.13.09 (из 2)
2026-10-04 02:20:45,312 - INFO - [global] needs_update: local=(5, 13, 7) remote=(5, 13, 9) -> has_update=True
2026-10-04 02:20:45,312 - INFO - [global] Доступна обнова! Спавню кнопку
2026-10-04 02:21:14,797 - INFO - [global] LogUploader: запускаю upload_run_logs...
2026-10-04 02:21:14,798 - DEBUG - [global] log_uploader: START window=periodic made=-1 token=...Rjnfq
2026-10-04 02:21:15,333 - INFO - [global] Проверяю обновы...
2026-10-04 02:21:15,764 - DEBUG - [global] _api_put: GET runs/20261004_022114_fail_periodic.log -> 404
2026-10-04 02:21:16,252 - DEBUG - [global] needs_update: raw → 5.13.09
2026-10-04 02:21:16,437 - DEBUG - [global] needs_update: API → 5.13.09
2026-10-04 02:21:16,438 - DEBUG - [global] needs_update: лучший источник raw → 5.13.09 (из 2)
2026-10-04 02:21:16,438 - INFO - [global] needs_update: local=(5, 13, 7) remote=(5, 13, 9) -> has_update=True
2026-10-04 02:21:16,438 - INFO - [global] Доступна обнова! Спавню кнопку
2026-10-04 02:21:17,680 - DEBUG - [global] _api_put: PUT runs/20261004_022114_fail_periodic.log -> 201 (19392 bytes)
2026-10-04 02:21:17,682 - DEBUG - [global] log_uploader: STEP 1 (window log) -> https://github.com/StarateJI/L2Mauto/blob/bot-logs/runs/20261004_022114_fail_periodic.log
2026-10-04 02:21:17,683 - DEBUG - [global] log_uploader: STEP 2 SKIP (no PNGs)
