=== Log tail 2026-09-28T15:21:58.327287 | last 200 lines ===
2026-09-28 15:12:50,367 - DEBUG - [global] _api_put: GET runs/20260928_151249_fail_periodic.log -> 404
2026-09-28 15:12:52,541 - DEBUG - [global] _api_put: PUT runs/20260928_151249_fail_periodic.log -> 201 (12417 bytes)
2026-09-28 15:12:52,544 - DEBUG - [global] log_uploader: STEP 1 (window log) -> https://github.com/StarateJI/L2Mauto/blob/bot-logs/runs/20260928_151249_fail_periodic.log
2026-09-28 15:12:52,545 - DEBUG - [global] log_uploader: STEP 2 SKIP (no PNGs)
2026-09-28 15:12:53,781 - DEBUG - [global] _api_put: GET runs/20260928_151249_fail_global.log -> 404
2026-09-28 15:12:55,826 - DEBUG - [global] _api_put: PUT runs/20260928_151249_fail_global.log -> 201 (20019 bytes)
2026-09-28 15:12:55,829 - DEBUG - [global] log_uploader: STEP 3 (global log) -> https://github.com/StarateJI/L2Mauto/blob/bot-logs/runs/20260928_151249_fail_global.log
2026-09-28 15:12:55,830 - DEBUG - [global] log_uploader: END window=periodic
2026-09-28 15:12:55,830 - INFO - [global] LogUploader: upload_run_logs завершён
2026-09-28 15:12:56,066 - INFO - [global] Проверяю обновы...
2026-09-28 15:12:57,134 - DEBUG - [global] needs_update: raw → 5.13.09
2026-09-28 15:12:57,389 - DEBUG - [global] needs_update: API → 5.13.09
2026-09-28 15:12:57,393 - DEBUG - [global] needs_update: лучший источник raw → 5.13.09 (из 2)
2026-09-28 15:12:57,393 - INFO - [global] needs_update: local=(5, 13, 7) remote=(5, 13, 9) -> has_update=True
2026-09-28 15:12:57,393 - INFO - [global] Доступна обнова! Спавню кнопку
2026-09-28 15:13:27,412 - INFO - [global] Проверяю обновы...
2026-09-28 15:13:28,435 - DEBUG - [global] needs_update: raw → 5.13.09
2026-09-28 15:13:28,821 - DEBUG - [global] needs_update: API → 5.13.09
2026-09-28 15:13:28,821 - DEBUG - [global] needs_update: лучший источник raw → 5.13.09 (из 2)
2026-09-28 15:13:28,822 - INFO - [global] needs_update: local=(5, 13, 7) remote=(5, 13, 9) -> has_update=True
2026-09-28 15:13:28,822 - INFO - [global] Доступна обнова! Спавню кнопку
2026-09-28 15:13:55,871 - INFO - [global] LogUploader: запускаю upload_run_logs...
2026-09-28 15:13:55,874 - DEBUG - [global] log_uploader: START window=periodic made=-1 token=...Rjnfq
2026-09-28 15:13:57,094 - DEBUG - [global] _api_put: GET runs/20260928_151355_fail_periodic.log -> 404
2026-09-28 15:13:58,845 - INFO - [global] Проверяю обновы...
2026-09-28 15:13:59,414 - DEBUG - [global] _api_put: PUT runs/20260928_151355_fail_periodic.log -> 201 (12417 bytes)
2026-09-28 15:13:59,416 - DEBUG - [global] log_uploader: STEP 1 (window log) -> https://github.com/StarateJI/L2Mauto/blob/bot-logs/runs/20260928_151355_fail_periodic.log
2026-09-28 15:13:59,417 - DEBUG - [global] log_uploader: STEP 2 SKIP (no PNGs)
2026-09-28 15:13:59,851 - DEBUG - [global] needs_update: raw → 5.13.09
2026-09-28 15:14:00,144 - DEBUG - [global] needs_update: API → 5.13.09
2026-09-28 15:14:00,144 - DEBUG - [global] needs_update: лучший источник raw → 5.13.09 (из 2)
2026-09-28 15:14:00,145 - INFO - [global] needs_update: local=(5, 13, 7) remote=(5, 13, 9) -> has_update=True
2026-09-28 15:14:00,145 - INFO - [global] Доступна обнова! Спавню кнопку
2026-09-28 15:14:00,886 - DEBUG - [global] _api_put: GET runs/20260928_151355_fail_global.log -> 404
2026-09-28 15:14:03,742 - DEBUG - [global] _api_put: PUT runs/20260928_151355_fail_global.log -> 201 (20021 bytes)
2026-09-28 15:14:03,744 - DEBUG - [global] log_uploader: STEP 3 (global log) -> https://github.com/StarateJI/L2Mauto/blob/bot-logs/runs/20260928_151355_fail_global.log
2026-09-28 15:14:03,744 - DEBUG - [global] log_uploader: END window=periodic
2026-09-28 15:14:03,744 - INFO - [global] LogUploader: upload_run_logs завершён
2026-09-28 15:14:30,165 - INFO - [global] Проверяю обновы...
2026-09-28 15:14:31,101 - DEBUG - [global] needs_update: raw → 5.13.09
2026-09-28 15:14:31,559 - DEBUG - [global] needs_update: API → 5.13.09
2026-09-28 15:14:31,559 - DEBUG - [global] needs_update: лучший источник raw → 5.13.09 (из 2)
2026-09-28 15:14:31,559 - INFO - [global] needs_update: local=(5, 13, 7) remote=(5, 13, 9) -> has_update=True
2026-09-28 15:14:31,559 - INFO - [global] Доступна обнова! Спавню кнопку
2026-09-28 15:15:01,577 - INFO - [global] Проверяю обновы...
2026-09-28 15:15:02,561 - DEBUG - [global] needs_update: raw → 5.13.09
2026-09-28 15:15:02,900 - DEBUG - [global] needs_update: API → 5.13.09
2026-09-28 15:15:02,900 - DEBUG - [global] needs_update: лучший источник raw → 5.13.09 (из 2)
2026-09-28 15:15:02,901 - INFO - [global] needs_update: local=(5, 13, 7) remote=(5, 13, 9) -> has_update=True
2026-09-28 15:15:02,901 - INFO - [global] Доступна обнова! Спавню кнопку
2026-09-28 15:15:03,780 - INFO - [global] LogUploader: запускаю upload_run_logs...
2026-09-28 15:15:03,782 - DEBUG - [global] log_uploader: START window=periodic made=-1 token=...Rjnfq
2026-09-28 15:15:04,937 - DEBUG - [global] _api_put: GET runs/20260928_151503_fail_periodic.log -> 404
2026-09-28 15:15:07,257 - DEBUG - [global] _api_put: PUT runs/20260928_151503_fail_periodic.log -> 201 (12417 bytes)
2026-09-28 15:15:07,259 - DEBUG - [global] log_uploader: STEP 1 (window log) -> https://github.com/StarateJI/L2Mauto/blob/bot-logs/runs/20260928_151503_fail_periodic.log
2026-09-28 15:15:07,261 - DEBUG - [global] log_uploader: STEP 2 SKIP (no PNGs)
2026-09-28 15:15:08,696 - DEBUG - [global] _api_put: GET runs/20260928_151503_fail_global.log -> 404
2026-09-28 15:15:11,864 - DEBUG - [global] _api_put: PUT runs/20260928_151503_fail_global.log -> 201 (19974 bytes)
2026-09-28 15:15:11,868 - DEBUG - [global] log_uploader: STEP 3 (global log) -> https://github.com/StarateJI/L2Mauto/blob/bot-logs/runs/20260928_151503_fail_global.log
2026-09-28 15:15:11,868 - DEBUG - [global] log_uploader: END window=periodic
2026-09-28 15:15:11,868 - INFO - [global] LogUploader: upload_run_logs завершён
2026-09-28 15:15:32,923 - INFO - [global] Проверяю обновы...
2026-09-28 15:15:33,883 - DEBUG - [global] needs_update: raw → 5.13.09
2026-09-28 15:15:34,267 - DEBUG - [global] needs_update: API → 5.13.09
2026-09-28 15:15:34,267 - DEBUG - [global] needs_update: лучший источник raw → 5.13.09 (из 2)
2026-09-28 15:15:34,267 - INFO - [global] needs_update: local=(5, 13, 7) remote=(5, 13, 9) -> has_update=True
2026-09-28 15:15:34,267 - INFO - [global] Доступна обнова! Спавню кнопку
2026-09-28 15:16:04,289 - INFO - [global] Проверяю обновы...
2026-09-28 15:16:05,369 - DEBUG - [global] needs_update: raw → 5.13.09
2026-09-28 15:16:05,964 - DEBUG - [global] needs_update: API → 5.13.09
2026-09-28 15:16:05,965 - DEBUG - [global] needs_update: лучший источник raw → 5.13.09 (из 2)
2026-09-28 15:16:05,965 - INFO - [global] needs_update: local=(5, 13, 7) remote=(5, 13, 9) -> has_update=True
2026-09-28 15:16:05,965 - INFO - [global] Доступна обнова! Спавню кнопку
2026-09-28 15:16:11,918 - INFO - [global] LogUploader: запускаю upload_run_logs...
2026-09-28 15:16:11,919 - DEBUG - [global] log_uploader: START window=periodic made=-1 token=...Rjnfq
2026-09-28 15:16:13,108 - DEBUG - [global] _api_put: GET runs/20260928_151611_fail_periodic.log -> 404
2026-09-28 15:16:15,938 - DEBUG - [global] _api_put: PUT runs/20260928_151611_fail_periodic.log -> 201 (12417 bytes)
2026-09-28 15:16:15,941 - DEBUG - [global] log_uploader: STEP 1 (window log) -> https://github.com/StarateJI/L2Mauto/blob/bot-logs/runs/20260928_151611_fail_periodic.log
2026-09-28 15:16:15,942 - DEBUG - [global] log_uploader: STEP 2 SKIP (no PNGs)
2026-09-28 15:16:17,391 - DEBUG - [global] _api_put: GET runs/20260928_151611_fail_global.log -> 404
2026-09-28 15:16:20,043 - DEBUG - [global] _api_put: PUT runs/20260928_151611_fail_global.log -> 201 (20001 bytes)
2026-09-28 15:16:20,046 - DEBUG - [global] log_uploader: STEP 3 (global log) -> https://github.com/StarateJI/L2Mauto/blob/bot-logs/runs/20260928_151611_fail_global.log
2026-09-28 15:16:20,046 - DEBUG - [global] log_uploader: END window=periodic
2026-09-28 15:16:20,046 - INFO - [global] LogUploader: upload_run_logs завершён
2026-09-28 15:16:35,987 - INFO - [global] Проверяю обновы...
2026-09-28 15:16:37,047 - DEBUG - [global] needs_update: raw → 5.13.09
2026-09-28 15:16:37,454 - DEBUG - [global] needs_update: API → 5.13.09
2026-09-28 15:16:37,455 - DEBUG - [global] needs_update: лучший источник raw → 5.13.09 (из 2)
2026-09-28 15:16:37,455 - INFO - [global] needs_update: local=(5, 13, 7) remote=(5, 13, 9) -> has_update=True
2026-09-28 15:16:37,455 - INFO - [global] Доступна обнова! Спавню кнопку
2026-09-28 15:17:07,482 - INFO - [global] Проверяю обновы...
2026-09-28 15:17:08,899 - DEBUG - [global] needs_update: raw → 5.13.09
2026-09-28 15:17:08,936 - DEBUG - [global] needs_update: API → 5.13.09
2026-09-28 15:17:08,937 - DEBUG - [global] needs_update: лучший источник raw → 5.13.09 (из 2)
2026-09-28 15:17:08,937 - INFO - [global] needs_update: local=(5, 13, 7) remote=(5, 13, 9) -> has_update=True
2026-09-28 15:17:08,937 - INFO - [global] Доступна обнова! Спавню кнопку
2026-09-28 15:17:20,090 - INFO - [global] LogUploader: запускаю upload_run_logs...
2026-09-28 15:17:20,093 - DEBUG - [global] log_uploader: START window=periodic made=-1 token=...Rjnfq
2026-09-28 15:17:21,437 - DEBUG - [global] _api_put: GET runs/20260928_151720_fail_periodic.log -> 404
2026-09-28 15:17:24,141 - DEBUG - [global] _api_put: PUT runs/20260928_151720_fail_periodic.log -> 201 (12417 bytes)
2026-09-28 15:17:24,144 - DEBUG - [global] log_uploader: STEP 1 (window log) -> https://github.com/StarateJI/L2Mauto/blob/bot-logs/runs/20260928_151720_fail_periodic.log
2026-09-28 15:17:24,145 - DEBUG - [global] log_uploader: STEP 2 SKIP (no PNGs)
2026-09-28 15:17:25,721 - DEBUG - [global] _api_put: GET runs/20260928_151720_fail_global.log -> 404
2026-09-28 15:17:28,264 - DEBUG - [global] _api_put: PUT runs/20260928_151720_fail_global.log -> 201 (20019 bytes)
2026-09-28 15:17:28,267 - DEBUG - [global] log_uploader: STEP 3 (global log) -> https://github.com/StarateJI/L2Mauto/blob/bot-logs/runs/20260928_151720_fail_global.log
2026-09-28 15:17:28,267 - DEBUG - [global] log_uploader: END window=periodic
2026-09-28 15:17:28,268 - INFO - [global] LogUploader: upload_run_logs завершён
2026-09-28 15:17:38,961 - INFO - [global] Проверяю обновы...
2026-09-28 15:17:40,029 - DEBUG - [global] needs_update: raw → 5.13.09
2026-09-28 15:17:40,407 - DEBUG - [global] needs_update: API → 5.13.09
2026-09-28 15:17:40,407 - DEBUG - [global] needs_update: лучший источник raw → 5.13.09 (из 2)
2026-09-28 15:17:40,407 - INFO - [global] needs_update: local=(5, 13, 7) remote=(5, 13, 9) -> has_update=True
2026-09-28 15:17:40,407 - INFO - [global] Доступна обнова! Спавню кнопку
2026-09-28 15:18:10,433 - INFO - [global] Проверяю обновы...
2026-09-28 15:18:11,598 - DEBUG - [global] needs_update: raw → 5.13.09
2026-09-28 15:18:11,991 - DEBUG - [global] needs_update: API → 5.13.09
2026-09-28 15:18:11,992 - DEBUG - [global] needs_update: лучший источник raw → 5.13.09 (из 2)
2026-09-28 15:18:11,992 - INFO - [global] needs_update: local=(5, 13, 7) remote=(5, 13, 9) -> has_update=True
2026-09-28 15:18:11,992 - INFO - [global] Доступна обнова! Спавню кнопку
2026-09-28 15:18:28,333 - INFO - [global] LogUploader: запускаю upload_run_logs...
2026-09-28 15:18:28,335 - DEBUG - [global] log_uploader: START window=periodic made=-1 token=...Rjnfq
2026-09-28 15:18:29,619 - DEBUG - [global] _api_put: GET runs/20260928_151828_fail_periodic.log -> 404
2026-09-28 15:18:32,075 - DEBUG - [global] _api_put: PUT runs/20260928_151828_fail_periodic.log -> 201 (12417 bytes)
2026-09-28 15:18:32,079 - DEBUG - [global] log_uploader: STEP 1 (window log) -> https://github.com/StarateJI/L2Mauto/blob/bot-logs/runs/20260928_151828_fail_periodic.log
2026-09-28 15:18:32,079 - DEBUG - [global] log_uploader: STEP 2 SKIP (no PNGs)
2026-09-28 15:18:33,609 - DEBUG - [global] _api_put: GET runs/20260928_151828_fail_global.log -> 404
2026-09-28 15:18:36,066 - DEBUG - [global] _api_put: PUT runs/20260928_151828_fail_global.log -> 201 (20019 bytes)
2026-09-28 15:18:36,069 - DEBUG - [global] log_uploader: STEP 3 (global log) -> https://github.com/StarateJI/L2Mauto/blob/bot-logs/runs/20260928_151828_fail_global.log
2026-09-28 15:18:36,069 - DEBUG - [global] log_uploader: END window=periodic
2026-09-28 15:18:36,070 - INFO - [global] LogUploader: upload_run_logs завершён
2026-09-28 15:18:42,027 - INFO - [global] Проверяю обновы...
2026-09-28 15:18:43,110 - DEBUG - [global] needs_update: raw → 5.13.09
2026-09-28 15:18:43,435 - DEBUG - [global] needs_update: API → 5.13.09
2026-09-28 15:18:43,437 - DEBUG - [global] needs_update: лучший источник raw → 5.13.09 (из 2)
2026-09-28 15:18:43,437 - INFO - [global] needs_update: local=(5, 13, 7) remote=(5, 13, 9) -> has_update=True
2026-09-28 15:18:43,437 - INFO - [global] Доступна обнова! Спавню кнопку
2026-09-28 15:19:13,487 - INFO - [global] Проверяю обновы...
2026-09-28 15:19:14,596 - DEBUG - [global] needs_update: raw → 5.13.09
2026-09-28 15:19:14,890 - DEBUG - [global] needs_update: API → 5.13.09
2026-09-28 15:19:14,891 - DEBUG - [global] needs_update: лучший источник raw → 5.13.09 (из 2)
2026-09-28 15:19:14,891 - INFO - [global] needs_update: local=(5, 13, 7) remote=(5, 13, 9) -> has_update=True
2026-09-28 15:19:14,891 - INFO - [global] Доступна обнова! Спавню кнопку
2026-09-28 15:19:36,187 - INFO - [global] LogUploader: запускаю upload_run_logs...
2026-09-28 15:19:36,189 - DEBUG - [global] log_uploader: START window=periodic made=-1 token=...Rjnfq
2026-09-28 15:19:37,601 - DEBUG - [global] _api_put: GET runs/20260928_151936_fail_periodic.log -> 404
2026-09-28 15:19:40,408 - DEBUG - [global] _api_put: PUT runs/20260928_151936_fail_periodic.log -> 201 (12417 bytes)
2026-09-28 15:19:40,411 - DEBUG - [global] log_uploader: STEP 1 (window log) -> https://github.com/StarateJI/L2Mauto/blob/bot-logs/runs/20260928_151936_fail_periodic.log
2026-09-28 15:19:40,411 - DEBUG - [global] log_uploader: STEP 2 SKIP (no PNGs)
2026-09-28 15:19:41,938 - DEBUG - [global] _api_put: GET runs/20260928_151936_fail_global.log -> 404
2026-09-28 15:19:44,933 - INFO - [global] Проверяю обновы...
2026-09-28 15:19:45,267 - DEBUG - [global] _api_put: PUT runs/20260928_151936_fail_global.log -> 201 (20019 bytes)
2026-09-28 15:19:45,270 - DEBUG - [global] log_uploader: STEP 3 (global log) -> https://github.com/StarateJI/L2Mauto/blob/bot-logs/runs/20260928_151936_fail_global.log
2026-09-28 15:19:45,271 - DEBUG - [global] log_uploader: END window=periodic
2026-09-28 15:19:45,271 - INFO - [global] LogUploader: upload_run_logs завершён
2026-09-28 15:19:46,000 - DEBUG - [global] needs_update: raw → 5.13.09
2026-09-28 15:19:46,204 - DEBUG - [global] needs_update: API → 5.13.09
2026-09-28 15:19:46,207 - DEBUG - [global] needs_update: лучший источник raw → 5.13.09 (из 2)
2026-09-28 15:19:46,208 - INFO - [global] needs_update: local=(5, 13, 7) remote=(5, 13, 9) -> has_update=True
2026-09-28 15:19:46,208 - INFO - [global] Доступна обнова! Спавню кнопку
2026-09-28 15:20:16,235 - INFO - [global] Проверяю обновы...
2026-09-28 15:20:17,410 - DEBUG - [global] needs_update: raw → 5.13.09
2026-09-28 15:20:17,639 - DEBUG - [global] needs_update: API → 5.13.09
2026-09-28 15:20:17,639 - DEBUG - [global] needs_update: лучший источник raw → 5.13.09 (из 2)
2026-09-28 15:20:17,639 - INFO - [global] needs_update: local=(5, 13, 7) remote=(5, 13, 9) -> has_update=True
2026-09-28 15:20:17,639 - INFO - [global] Доступна обнова! Спавню кнопку
2026-09-28 15:20:45,351 - INFO - [global] LogUploader: запускаю upload_run_logs...
2026-09-28 15:20:45,352 - DEBUG - [global] log_uploader: START window=periodic made=-1 token=...Rjnfq
2026-09-28 15:20:46,692 - DEBUG - [global] _api_put: GET runs/20260928_152045_fail_periodic.log -> 404
2026-09-28 15:20:47,691 - INFO - [global] Проверяю обновы...
2026-09-28 15:20:48,811 - DEBUG - [global] needs_update: raw → 5.13.09
2026-09-28 15:20:49,089 - DEBUG - [global] _api_put: PUT runs/20260928_152045_fail_periodic.log -> 201 (12417 bytes)
2026-09-28 15:20:49,106 - DEBUG - [global] needs_update: API → 5.13.09
2026-09-28 15:20:49,138 - DEBUG - [global] log_uploader: STEP 1 (window log) -> https://github.com/StarateJI/L2Mauto/blob/bot-logs/runs/20260928_152045_fail_periodic.log
2026-09-28 15:20:49,144 - DEBUG - [global] log_uploader: STEP 2 SKIP (no PNGs)
2026-09-28 15:20:49,150 - DEBUG - [global] needs_update: лучший источник raw → 5.13.09 (из 2)
2026-09-28 15:20:49,150 - INFO - [global] needs_update: local=(5, 13, 7) remote=(5, 13, 9) -> has_update=True
2026-09-28 15:20:49,150 - INFO - [global] Доступна обнова! Спавню кнопку
2026-09-28 15:20:50,845 - DEBUG - [global] _api_put: GET runs/20260928_152045_fail_global.log -> 404
2026-09-28 15:20:54,224 - DEBUG - [global] _api_put: PUT runs/20260928_152045_fail_global.log -> 201 (19974 bytes)
2026-09-28 15:20:54,227 - DEBUG - [global] log_uploader: STEP 3 (global log) -> https://github.com/StarateJI/L2Mauto/blob/bot-logs/runs/20260928_152045_fail_global.log
2026-09-28 15:20:54,227 - DEBUG - [global] log_uploader: END window=periodic
2026-09-28 15:20:54,228 - INFO - [global] LogUploader: upload_run_logs завершён
2026-09-28 15:21:19,171 - INFO - [global] Проверяю обновы...
2026-09-28 15:21:20,287 - DEBUG - [global] needs_update: raw → 5.13.09
2026-09-28 15:21:20,514 - DEBUG - [global] needs_update: API → 5.13.09
2026-09-28 15:21:20,514 - DEBUG - [global] needs_update: лучший источник raw → 5.13.09 (из 2)
2026-09-28 15:21:20,514 - INFO - [global] needs_update: local=(5, 13, 7) remote=(5, 13, 9) -> has_update=True
2026-09-28 15:21:20,514 - INFO - [global] Доступна обнова! Спавню кнопку
2026-09-28 15:21:50,544 - INFO - [global] Проверяю обновы...
2026-09-28 15:21:51,579 - DEBUG - [global] needs_update: raw → 5.13.09
2026-09-28 15:21:51,928 - DEBUG - [global] needs_update: API → 5.13.09
2026-09-28 15:21:51,929 - DEBUG - [global] needs_update: лучший источник raw → 5.13.09 (из 2)
2026-09-28 15:21:51,929 - INFO - [global] needs_update: local=(5, 13, 7) remote=(5, 13, 9) -> has_update=True
2026-09-28 15:21:51,929 - INFO - [global] Доступна обнова! Спавню кнопку
2026-09-28 15:21:54,291 - INFO - [global] LogUploader: запускаю upload_run_logs...
2026-09-28 15:21:54,298 - DEBUG - [global] log_uploader: START window=periodic made=-1 token=...Rjnfq
2026-09-28 15:21:55,648 - DEBUG - [global] _api_put: GET runs/20260928_152154_fail_periodic.log -> 404
2026-09-28 15:21:58,185 - DEBUG - [global] _api_put: PUT runs/20260928_152154_fail_periodic.log -> 201 (12417 bytes)
2026-09-28 15:21:58,188 - DEBUG - [global] log_uploader: STEP 1 (window log) -> https://github.com/StarateJI/L2Mauto/blob/bot-logs/runs/20260928_152154_fail_periodic.log
2026-09-28 15:21:58,189 - DEBUG - [global] log_uploader: STEP 2 SKIP (no PNGs)
