=== Log tail 2026-09-29T07:02:07.156448 | last 200 lines ===
2026-09-29 06:53:07,611 - DEBUG - [global] needs_update: API → 5.13.09
2026-09-29 06:53:07,612 - DEBUG - [global] needs_update: лучший источник raw → 5.13.09 (из 2)
2026-09-29 06:53:07,612 - INFO - [global] needs_update: local=(5, 13, 7) remote=(5, 13, 9) -> has_update=True
2026-09-29 06:53:07,612 - INFO - [global] Доступна обнова! Спавню кнопку
2026-09-29 06:53:07,984 - INFO - [global] LogUploader: запускаю upload_run_logs...
2026-09-29 06:53:07,986 - DEBUG - [global] log_uploader: START window=periodic made=-1 token=...Rjnfq
2026-09-29 06:53:09,098 - DEBUG - [global] _api_put: GET runs/20260929_065307_fail_periodic.log -> 404
2026-09-29 06:53:11,110 - DEBUG - [global] _api_put: PUT runs/20260929_065307_fail_periodic.log -> 201 (12417 bytes)
2026-09-29 06:53:11,113 - DEBUG - [global] log_uploader: STEP 1 (window log) -> https://github.com/StarateJI/L2Mauto/blob/bot-logs/runs/20260929_065307_fail_periodic.log
2026-09-29 06:53:11,114 - DEBUG - [global] log_uploader: STEP 2 SKIP (no PNGs)
2026-09-29 06:53:12,269 - DEBUG - [global] _api_put: GET runs/20260929_065307_fail_global.log -> 404
2026-09-29 06:53:14,323 - DEBUG - [global] _api_put: PUT runs/20260929_065307_fail_global.log -> 201 (19974 bytes)
2026-09-29 06:53:14,325 - DEBUG - [global] log_uploader: STEP 3 (global log) -> https://github.com/StarateJI/L2Mauto/blob/bot-logs/runs/20260929_065307_fail_global.log
2026-09-29 06:53:14,326 - DEBUG - [global] log_uploader: END window=periodic
2026-09-29 06:53:14,326 - INFO - [global] LogUploader: upload_run_logs завершён
2026-09-29 06:53:37,639 - INFO - [global] Проверяю обновы...
2026-09-29 06:53:38,864 - DEBUG - [global] needs_update: raw → 5.13.09
2026-09-29 06:53:38,873 - DEBUG - [global] needs_update: API → 5.13.09
2026-09-29 06:53:38,874 - DEBUG - [global] needs_update: лучший источник raw → 5.13.09 (из 2)
2026-09-29 06:53:38,874 - INFO - [global] needs_update: local=(5, 13, 7) remote=(5, 13, 9) -> has_update=True
2026-09-29 06:53:38,875 - INFO - [global] Доступна обнова! Спавню кнопку
2026-09-29 06:54:08,895 - INFO - [global] Проверяю обновы...
2026-09-29 06:54:09,889 - DEBUG - [global] needs_update: raw → 5.13.09
2026-09-29 06:54:10,125 - DEBUG - [global] needs_update: API → 5.13.09
2026-09-29 06:54:10,125 - DEBUG - [global] needs_update: лучший источник raw → 5.13.09 (из 2)
2026-09-29 06:54:10,126 - INFO - [global] needs_update: local=(5, 13, 7) remote=(5, 13, 9) -> has_update=True
2026-09-29 06:54:10,126 - INFO - [global] Доступна обнова! Спавню кнопку
2026-09-29 06:54:14,359 - INFO - [global] LogUploader: запускаю upload_run_logs...
2026-09-29 06:54:14,361 - DEBUG - [global] log_uploader: START window=periodic made=-1 token=...Rjnfq
2026-09-29 06:54:15,592 - DEBUG - [global] _api_put: GET runs/20260929_065414_fail_periodic.log -> 404
2026-09-29 06:54:17,882 - DEBUG - [global] _api_put: PUT runs/20260929_065414_fail_periodic.log -> 201 (12417 bytes)
2026-09-29 06:54:17,885 - DEBUG - [global] log_uploader: STEP 1 (window log) -> https://github.com/StarateJI/L2Mauto/blob/bot-logs/runs/20260929_065414_fail_periodic.log
2026-09-29 06:54:17,886 - DEBUG - [global] log_uploader: STEP 2 SKIP (no PNGs)
2026-09-29 06:54:19,022 - DEBUG - [global] _api_put: GET runs/20260929_065414_fail_global.log -> 404
2026-09-29 06:54:21,181 - DEBUG - [global] _api_put: PUT runs/20260929_065414_fail_global.log -> 201 (20019 bytes)
2026-09-29 06:54:21,183 - DEBUG - [global] log_uploader: STEP 3 (global log) -> https://github.com/StarateJI/L2Mauto/blob/bot-logs/runs/20260929_065414_fail_global.log
2026-09-29 06:54:21,183 - DEBUG - [global] log_uploader: END window=periodic
2026-09-29 06:54:21,183 - INFO - [global] LogUploader: upload_run_logs завершён
2026-09-29 06:54:40,147 - INFO - [global] Проверяю обновы...
2026-09-29 06:54:41,189 - DEBUG - [global] needs_update: raw → 5.13.09
2026-09-29 06:54:41,579 - DEBUG - [global] needs_update: API → 5.13.09
2026-09-29 06:54:41,579 - DEBUG - [global] needs_update: лучший источник raw → 5.13.09 (из 2)
2026-09-29 06:54:41,579 - INFO - [global] needs_update: local=(5, 13, 7) remote=(5, 13, 9) -> has_update=True
2026-09-29 06:54:41,579 - INFO - [global] Доступна обнова! Спавню кнопку
2026-09-29 06:55:11,596 - INFO - [global] Проверяю обновы...
2026-09-29 06:55:12,570 - DEBUG - [global] needs_update: raw → 5.13.09
2026-09-29 06:55:12,835 - DEBUG - [global] needs_update: API → 5.13.09
2026-09-29 06:55:12,836 - DEBUG - [global] needs_update: лучший источник raw → 5.13.09 (из 2)
2026-09-29 06:55:12,836 - INFO - [global] needs_update: local=(5, 13, 7) remote=(5, 13, 9) -> has_update=True
2026-09-29 06:55:12,836 - INFO - [global] Доступна обнова! Спавню кнопку
2026-09-29 06:55:21,221 - INFO - [global] LogUploader: запускаю upload_run_logs...
2026-09-29 06:55:21,223 - DEBUG - [global] log_uploader: START window=periodic made=-1 token=...Rjnfq
2026-09-29 06:55:22,347 - DEBUG - [global] _api_put: GET runs/20260929_065521_fail_periodic.log -> 404
2026-09-29 06:55:24,806 - DEBUG - [global] _api_put: PUT runs/20260929_065521_fail_periodic.log -> 201 (12417 bytes)
2026-09-29 06:55:24,809 - DEBUG - [global] log_uploader: STEP 1 (window log) -> https://github.com/StarateJI/L2Mauto/blob/bot-logs/runs/20260929_065521_fail_periodic.log
2026-09-29 06:55:24,809 - DEBUG - [global] log_uploader: STEP 2 SKIP (no PNGs)
2026-09-29 06:55:25,855 - DEBUG - [global] _api_put: GET runs/20260929_065521_fail_global.log -> 404
2026-09-29 06:55:28,374 - DEBUG - [global] _api_put: PUT runs/20260929_065521_fail_global.log -> 201 (20019 bytes)
2026-09-29 06:55:28,376 - DEBUG - [global] log_uploader: STEP 3 (global log) -> https://github.com/StarateJI/L2Mauto/blob/bot-logs/runs/20260929_065521_fail_global.log
2026-09-29 06:55:28,376 - DEBUG - [global] log_uploader: END window=periodic
2026-09-29 06:55:28,376 - INFO - [global] LogUploader: upload_run_logs завершён
2026-09-29 06:55:42,859 - INFO - [global] Проверяю обновы...
2026-09-29 06:55:43,865 - DEBUG - [global] needs_update: raw → 5.13.09
2026-09-29 06:55:44,069 - DEBUG - [global] needs_update: API → 5.13.09
2026-09-29 06:55:44,069 - DEBUG - [global] needs_update: лучший источник raw → 5.13.09 (из 2)
2026-09-29 06:55:44,070 - INFO - [global] needs_update: local=(5, 13, 7) remote=(5, 13, 9) -> has_update=True
2026-09-29 06:55:44,070 - INFO - [global] Доступна обнова! Спавню кнопку
2026-09-29 06:56:14,086 - INFO - [global] Проверяю обновы...
2026-09-29 06:56:15,076 - DEBUG - [global] needs_update: raw → 5.13.09
2026-09-29 06:56:15,344 - DEBUG - [global] needs_update: API → 5.13.09
2026-09-29 06:56:15,344 - DEBUG - [global] needs_update: лучший источник raw → 5.13.09 (из 2)
2026-09-29 06:56:15,345 - INFO - [global] needs_update: local=(5, 13, 7) remote=(5, 13, 9) -> has_update=True
2026-09-29 06:56:15,345 - INFO - [global] Доступна обнова! Спавню кнопку
2026-09-29 06:56:28,433 - INFO - [global] LogUploader: запускаю upload_run_logs...
2026-09-29 06:56:28,435 - DEBUG - [global] log_uploader: START window=periodic made=-1 token=...Rjnfq
2026-09-29 06:56:29,487 - DEBUG - [global] _api_put: GET runs/20260929_065628_fail_periodic.log -> 404
2026-09-29 06:56:31,720 - DEBUG - [global] _api_put: PUT runs/20260929_065628_fail_periodic.log -> 201 (12417 bytes)
2026-09-29 06:56:31,722 - DEBUG - [global] log_uploader: STEP 1 (window log) -> https://github.com/StarateJI/L2Mauto/blob/bot-logs/runs/20260929_065628_fail_periodic.log
2026-09-29 06:56:31,723 - DEBUG - [global] log_uploader: STEP 2 SKIP (no PNGs)
2026-09-29 06:56:32,831 - DEBUG - [global] _api_put: GET runs/20260929_065628_fail_global.log -> 404
2026-09-29 06:56:34,763 - DEBUG - [global] _api_put: PUT runs/20260929_065628_fail_global.log -> 201 (20019 bytes)
2026-09-29 06:56:34,766 - DEBUG - [global] log_uploader: STEP 3 (global log) -> https://github.com/StarateJI/L2Mauto/blob/bot-logs/runs/20260929_065628_fail_global.log
2026-09-29 06:56:34,766 - DEBUG - [global] log_uploader: END window=periodic
2026-09-29 06:56:34,766 - INFO - [global] LogUploader: upload_run_logs завершён
2026-09-29 06:56:45,364 - INFO - [global] Проверяю обновы...
2026-09-29 06:56:46,352 - DEBUG - [global] needs_update: raw → 5.13.09
2026-09-29 06:56:46,554 - DEBUG - [global] needs_update: API → 5.13.09
2026-09-29 06:56:46,554 - DEBUG - [global] needs_update: лучший источник raw → 5.13.09 (из 2)
2026-09-29 06:56:46,555 - INFO - [global] needs_update: local=(5, 13, 7) remote=(5, 13, 9) -> has_update=True
2026-09-29 06:56:46,555 - INFO - [global] Доступна обнова! Спавню кнопку
2026-09-29 06:57:16,574 - INFO - [global] Проверяю обновы...
2026-09-29 06:57:17,592 - DEBUG - [global] needs_update: raw → 5.13.09
2026-09-29 06:57:17,795 - DEBUG - [global] needs_update: API → 5.13.09
2026-09-29 06:57:17,796 - DEBUG - [global] needs_update: лучший источник raw → 5.13.09 (из 2)
2026-09-29 06:57:17,796 - INFO - [global] needs_update: local=(5, 13, 7) remote=(5, 13, 9) -> has_update=True
2026-09-29 06:57:17,796 - INFO - [global] Доступна обнова! Спавню кнопку
2026-09-29 06:57:34,837 - INFO - [global] LogUploader: запускаю upload_run_logs...
2026-09-29 06:57:34,838 - DEBUG - [global] log_uploader: START window=periodic made=-1 token=...Rjnfq
2026-09-29 06:57:35,932 - DEBUG - [global] _api_put: GET runs/20260929_065734_fail_periodic.log -> 404
2026-09-29 06:57:38,309 - DEBUG - [global] _api_put: PUT runs/20260929_065734_fail_periodic.log -> 201 (12417 bytes)
2026-09-29 06:57:38,312 - DEBUG - [global] log_uploader: STEP 1 (window log) -> https://github.com/StarateJI/L2Mauto/blob/bot-logs/runs/20260929_065734_fail_periodic.log
2026-09-29 06:57:38,314 - DEBUG - [global] log_uploader: STEP 2 SKIP (no PNGs)
2026-09-29 06:57:39,530 - DEBUG - [global] _api_put: GET runs/20260929_065734_fail_global.log -> 404
2026-09-29 06:57:41,537 - DEBUG - [global] _api_put: PUT runs/20260929_065734_fail_global.log -> 201 (20019 bytes)
2026-09-29 06:57:41,541 - DEBUG - [global] log_uploader: STEP 3 (global log) -> https://github.com/StarateJI/L2Mauto/blob/bot-logs/runs/20260929_065734_fail_global.log
2026-09-29 06:57:41,541 - DEBUG - [global] log_uploader: END window=periodic
2026-09-29 06:57:41,541 - INFO - [global] LogUploader: upload_run_logs завершён
2026-09-29 06:57:47,849 - INFO - [global] Проверяю обновы...
2026-09-29 06:57:48,899 - DEBUG - [global] needs_update: raw → 5.13.09
2026-09-29 06:57:49,145 - DEBUG - [global] needs_update: API → 5.13.09
2026-09-29 06:57:49,145 - DEBUG - [global] needs_update: лучший источник raw → 5.13.09 (из 2)
2026-09-29 06:57:49,145 - INFO - [global] needs_update: local=(5, 13, 7) remote=(5, 13, 9) -> has_update=True
2026-09-29 06:57:49,145 - INFO - [global] Доступна обнова! Спавню кнопку
2026-09-29 06:58:19,171 - INFO - [global] Проверяю обновы...
2026-09-29 06:58:20,211 - DEBUG - [global] needs_update: raw → 5.13.09
2026-09-29 06:58:20,464 - DEBUG - [global] needs_update: API → 5.13.09
2026-09-29 06:58:20,465 - DEBUG - [global] needs_update: лучший источник raw → 5.13.09 (из 2)
2026-09-29 06:58:20,465 - INFO - [global] needs_update: local=(5, 13, 7) remote=(5, 13, 9) -> has_update=True
2026-09-29 06:58:20,465 - INFO - [global] Доступна обнова! Спавню кнопку
2026-09-29 06:58:41,607 - INFO - [global] LogUploader: запускаю upload_run_logs...
2026-09-29 06:58:41,609 - DEBUG - [global] log_uploader: START window=periodic made=-1 token=...Rjnfq
2026-09-29 06:58:42,737 - DEBUG - [global] _api_put: GET runs/20260929_065841_fail_periodic.log -> 404
2026-09-29 06:58:44,885 - DEBUG - [global] _api_put: PUT runs/20260929_065841_fail_periodic.log -> 201 (12417 bytes)
2026-09-29 06:58:44,887 - DEBUG - [global] log_uploader: STEP 1 (window log) -> https://github.com/StarateJI/L2Mauto/blob/bot-logs/runs/20260929_065841_fail_periodic.log
2026-09-29 06:58:44,888 - DEBUG - [global] log_uploader: STEP 2 SKIP (no PNGs)
2026-09-29 06:58:46,046 - DEBUG - [global] _api_put: GET runs/20260929_065841_fail_global.log -> 404
2026-09-29 06:58:48,257 - DEBUG - [global] _api_put: PUT runs/20260929_065841_fail_global.log -> 201 (20019 bytes)
2026-09-29 06:58:48,260 - DEBUG - [global] log_uploader: STEP 3 (global log) -> https://github.com/StarateJI/L2Mauto/blob/bot-logs/runs/20260929_065841_fail_global.log
2026-09-29 06:58:48,261 - DEBUG - [global] log_uploader: END window=periodic
2026-09-29 06:58:48,261 - INFO - [global] LogUploader: upload_run_logs завершён
2026-09-29 06:58:50,495 - INFO - [global] Проверяю обновы...
2026-09-29 06:58:51,574 - DEBUG - [global] needs_update: raw → 5.13.09
2026-09-29 06:58:51,750 - DEBUG - [global] needs_update: API → 5.13.09
2026-09-29 06:58:51,751 - DEBUG - [global] needs_update: лучший источник raw → 5.13.09 (из 2)
2026-09-29 06:58:51,751 - INFO - [global] needs_update: local=(5, 13, 7) remote=(5, 13, 9) -> has_update=True
2026-09-29 06:58:51,751 - INFO - [global] Доступна обнова! Спавню кнопку
2026-09-29 06:59:21,781 - INFO - [global] Проверяю обновы...
2026-09-29 06:59:22,908 - DEBUG - [global] needs_update: raw → 5.13.09
2026-09-29 06:59:23,107 - DEBUG - [global] needs_update: API → 5.13.09
2026-09-29 06:59:23,107 - DEBUG - [global] needs_update: лучший источник raw → 5.13.09 (из 2)
2026-09-29 06:59:23,107 - INFO - [global] needs_update: local=(5, 13, 7) remote=(5, 13, 9) -> has_update=True
2026-09-29 06:59:23,107 - INFO - [global] Доступна обнова! Спавню кнопку
2026-09-29 06:59:48,324 - INFO - [global] LogUploader: запускаю upload_run_logs...
2026-09-29 06:59:48,326 - DEBUG - [global] log_uploader: START window=periodic made=-1 token=...Rjnfq
2026-09-29 06:59:49,477 - DEBUG - [global] _api_put: GET runs/20260929_065948_fail_periodic.log -> 404
2026-09-29 06:59:51,517 - DEBUG - [global] _api_put: PUT runs/20260929_065948_fail_periodic.log -> 201 (12417 bytes)
2026-09-29 06:59:51,520 - DEBUG - [global] log_uploader: STEP 1 (window log) -> https://github.com/StarateJI/L2Mauto/blob/bot-logs/runs/20260929_065948_fail_periodic.log
2026-09-29 06:59:51,521 - DEBUG - [global] log_uploader: STEP 2 SKIP (no PNGs)
2026-09-29 06:59:52,720 - DEBUG - [global] _api_put: GET runs/20260929_065948_fail_global.log -> 404
2026-09-29 06:59:53,141 - INFO - [global] Проверяю обновы...
2026-09-29 06:59:54,313 - DEBUG - [global] needs_update: raw → 5.13.09
2026-09-29 06:59:54,558 - DEBUG - [global] needs_update: API → 5.13.09
2026-09-29 06:59:54,558 - DEBUG - [global] needs_update: лучший источник raw → 5.13.09 (из 2)
2026-09-29 06:59:54,558 - INFO - [global] needs_update: local=(5, 13, 7) remote=(5, 13, 9) -> has_update=True
2026-09-29 06:59:54,558 - INFO - [global] Доступна обнова! Спавню кнопку
2026-09-29 06:59:55,150 - DEBUG - [global] _api_put: PUT runs/20260929_065948_fail_global.log -> 201 (20019 bytes)
2026-09-29 06:59:55,152 - DEBUG - [global] log_uploader: STEP 3 (global log) -> https://github.com/StarateJI/L2Mauto/blob/bot-logs/runs/20260929_065948_fail_global.log
2026-09-29 06:59:55,153 - DEBUG - [global] log_uploader: END window=periodic
2026-09-29 06:59:55,153 - INFO - [global] LogUploader: upload_run_logs завершён
2026-09-29 07:00:24,637 - INFO - [global] Проверяю обновы...
2026-09-29 07:00:25,822 - DEBUG - [global] needs_update: raw → 5.13.09
2026-09-29 07:00:25,904 - DEBUG - [global] needs_update: API → 5.13.09
2026-09-29 07:00:25,905 - DEBUG - [global] needs_update: лучший источник raw → 5.13.09 (из 2)
2026-09-29 07:00:25,905 - INFO - [global] needs_update: local=(5, 13, 7) remote=(5, 13, 9) -> has_update=True
2026-09-29 07:00:25,905 - INFO - [global] Доступна обнова! Спавню кнопку
2026-09-29 07:00:55,261 - INFO - [global] LogUploader: запускаю upload_run_logs...
2026-09-29 07:00:55,265 - DEBUG - [global] log_uploader: START window=periodic made=-1 token=...Rjnfq
2026-09-29 07:00:55,948 - INFO - [global] Проверяю обновы...
2026-09-29 07:00:56,431 - DEBUG - [global] _api_put: GET runs/20260929_070055_fail_periodic.log -> 404
2026-09-29 07:00:57,110 - DEBUG - [global] needs_update: raw → 5.13.09
2026-09-29 07:00:57,311 - DEBUG - [global] needs_update: API → 5.13.09
2026-09-29 07:00:57,312 - DEBUG - [global] needs_update: лучший источник raw → 5.13.09 (из 2)
2026-09-29 07:00:57,312 - INFO - [global] needs_update: local=(5, 13, 7) remote=(5, 13, 9) -> has_update=True
2026-09-29 07:00:57,313 - INFO - [global] Доступна обнова! Спавню кнопку
2026-09-29 07:00:59,089 - DEBUG - [global] _api_put: PUT runs/20260929_070055_fail_periodic.log -> 201 (12417 bytes)
2026-09-29 07:00:59,098 - DEBUG - [global] log_uploader: STEP 1 (window log) -> https://github.com/StarateJI/L2Mauto/blob/bot-logs/runs/20260929_070055_fail_periodic.log
2026-09-29 07:00:59,100 - DEBUG - [global] log_uploader: STEP 2 SKIP (no PNGs)
2026-09-29 07:01:00,789 - DEBUG - [global] _api_put: GET runs/20260929_070055_fail_global.log -> 404
2026-09-29 07:01:03,499 - DEBUG - [global] _api_put: PUT runs/20260929_070055_fail_global.log -> 201 (19974 bytes)
2026-09-29 07:01:03,502 - DEBUG - [global] log_uploader: STEP 3 (global log) -> https://github.com/StarateJI/L2Mauto/blob/bot-logs/runs/20260929_070055_fail_global.log
2026-09-29 07:01:03,503 - DEBUG - [global] log_uploader: END window=periodic
2026-09-29 07:01:03,503 - INFO - [global] LogUploader: upload_run_logs завершён
2026-09-29 07:01:27,354 - INFO - [global] Проверяю обновы...
2026-09-29 07:01:28,413 - DEBUG - [global] needs_update: raw → 5.13.09
2026-09-29 07:01:28,801 - DEBUG - [global] needs_update: API → 5.13.09
2026-09-29 07:01:28,801 - DEBUG - [global] needs_update: лучший источник raw → 5.13.09 (из 2)
2026-09-29 07:01:28,801 - INFO - [global] needs_update: local=(5, 13, 7) remote=(5, 13, 9) -> has_update=True
2026-09-29 07:01:28,801 - INFO - [global] Доступна обнова! Спавню кнопку
2026-09-29 07:01:58,831 - INFO - [global] Проверяю обновы...
2026-09-29 07:01:59,862 - DEBUG - [global] needs_update: raw → 5.13.09
2026-09-29 07:02:00,080 - DEBUG - [global] needs_update: API → 5.13.09
2026-09-29 07:02:00,081 - DEBUG - [global] needs_update: лучший источник raw → 5.13.09 (из 2)
2026-09-29 07:02:00,081 - INFO - [global] needs_update: local=(5, 13, 7) remote=(5, 13, 9) -> has_update=True
2026-09-29 07:02:00,082 - INFO - [global] Доступна обнова! Спавню кнопку
2026-09-29 07:02:03,563 - INFO - [global] LogUploader: запускаю upload_run_logs...
2026-09-29 07:02:03,564 - DEBUG - [global] log_uploader: START window=periodic made=-1 token=...Rjnfq
2026-09-29 07:02:04,832 - DEBUG - [global] _api_put: GET runs/20260929_070203_fail_periodic.log -> 404
2026-09-29 07:02:07,109 - DEBUG - [global] _api_put: PUT runs/20260929_070203_fail_periodic.log -> 201 (12417 bytes)
2026-09-29 07:02:07,114 - DEBUG - [global] log_uploader: STEP 1 (window log) -> https://github.com/StarateJI/L2Mauto/blob/bot-logs/runs/20260929_070203_fail_periodic.log
2026-09-29 07:02:07,115 - DEBUG - [global] log_uploader: STEP 2 SKIP (no PNGs)
