=== Log tail 2026-10-01T08:15:45.041839 | last 200 lines ===
2026-10-01 08:06:39,677 - DEBUG - [global] needs_update: API → 5.13.09
2026-10-01 08:06:39,678 - DEBUG - [global] needs_update: лучший источник raw → 5.13.09 (из 2)
2026-10-01 08:06:39,678 - INFO - [global] needs_update: local=(5, 13, 7) remote=(5, 13, 9) -> has_update=True
2026-10-01 08:06:39,678 - INFO - [global] Доступна обнова! Спавню кнопку
2026-10-01 08:06:54,467 - INFO - [global] LogUploader: запускаю upload_run_logs...
2026-10-01 08:06:54,468 - DEBUG - [global] log_uploader: START window=periodic made=-1 token=...Rjnfq
2026-10-01 08:06:55,395 - DEBUG - [global] _api_put: GET runs/20261001_080654_fail_periodic.log -> 404
2026-10-01 08:06:57,389 - DEBUG - [global] _api_put: PUT runs/20261001_080654_fail_periodic.log -> 201 (12833 bytes)
2026-10-01 08:06:57,391 - DEBUG - [global] log_uploader: STEP 1 (window log) -> https://github.com/StarateJI/L2Mauto/blob/bot-logs/runs/20261001_080654_fail_periodic.log
2026-10-01 08:06:57,391 - DEBUG - [global] log_uploader: STEP 2 SKIP (no PNGs)
2026-10-01 08:06:58,426 - DEBUG - [global] _api_put: GET runs/20261001_080654_fail_global.log -> 404
2026-10-01 08:07:00,255 - DEBUG - [global] _api_put: PUT runs/20261001_080654_fail_global.log -> 201 (20216 bytes)
2026-10-01 08:07:00,257 - DEBUG - [global] log_uploader: STEP 3 (global log) -> https://github.com/StarateJI/L2Mauto/blob/bot-logs/runs/20261001_080654_fail_global.log
2026-10-01 08:07:00,257 - DEBUG - [global] log_uploader: END window=periodic
2026-10-01 08:07:00,257 - INFO - [global] LogUploader: upload_run_logs завершён
2026-10-01 08:07:09,697 - INFO - [global] Проверяю обновы...
2026-10-01 08:07:10,548 - DEBUG - [global] needs_update: raw → 5.13.09
2026-10-01 08:07:10,752 - DEBUG - [global] needs_update: API → 5.13.09
2026-10-01 08:07:10,752 - DEBUG - [global] needs_update: лучший источник raw → 5.13.09 (из 2)
2026-10-01 08:07:10,752 - INFO - [global] needs_update: local=(5, 13, 7) remote=(5, 13, 9) -> has_update=True
2026-10-01 08:07:10,752 - INFO - [global] Доступна обнова! Спавню кнопку
2026-10-01 08:07:40,771 - INFO - [global] Проверяю обновы...
2026-10-01 08:07:41,610 - DEBUG - [global] needs_update: raw → 5.13.09
2026-10-01 08:07:41,792 - DEBUG - [global] needs_update: API → 5.13.09
2026-10-01 08:07:41,792 - DEBUG - [global] needs_update: лучший источник raw → 5.13.09 (из 2)
2026-10-01 08:07:41,792 - INFO - [global] needs_update: local=(5, 13, 7) remote=(5, 13, 9) -> has_update=True
2026-10-01 08:07:41,792 - INFO - [global] Доступна обнова! Спавню кнопку
2026-10-01 08:08:00,289 - INFO - [global] LogUploader: запускаю upload_run_logs...
2026-10-01 08:08:00,290 - DEBUG - [global] log_uploader: START window=periodic made=-1 token=...Rjnfq
2026-10-01 08:08:01,190 - DEBUG - [global] _api_put: GET runs/20261001_080800_fail_periodic.log -> 404
2026-10-01 08:08:03,079 - DEBUG - [global] _api_put: PUT runs/20261001_080800_fail_periodic.log -> 201 (12833 bytes)
2026-10-01 08:08:03,082 - DEBUG - [global] log_uploader: STEP 1 (window log) -> https://github.com/StarateJI/L2Mauto/blob/bot-logs/runs/20261001_080800_fail_periodic.log
2026-10-01 08:08:03,083 - DEBUG - [global] log_uploader: STEP 2 SKIP (no PNGs)
2026-10-01 08:08:04,041 - DEBUG - [global] _api_put: GET runs/20261001_080800_fail_global.log -> 404
2026-10-01 08:08:06,432 - DEBUG - [global] _api_put: PUT runs/20261001_080800_fail_global.log -> 201 (20216 bytes)
2026-10-01 08:08:06,435 - DEBUG - [global] log_uploader: STEP 3 (global log) -> https://github.com/StarateJI/L2Mauto/blob/bot-logs/runs/20261001_080800_fail_global.log
2026-10-01 08:08:06,435 - DEBUG - [global] log_uploader: END window=periodic
2026-10-01 08:08:06,435 - INFO - [global] LogUploader: upload_run_logs завершён
2026-10-01 08:08:11,813 - INFO - [global] Проверяю обновы...
2026-10-01 08:08:12,689 - DEBUG - [global] needs_update: raw → 5.13.09
2026-10-01 08:08:12,825 - DEBUG - [global] needs_update: API → 5.13.09
2026-10-01 08:08:12,825 - DEBUG - [global] needs_update: лучший источник raw → 5.13.09 (из 2)
2026-10-01 08:08:12,825 - INFO - [global] needs_update: local=(5, 13, 7) remote=(5, 13, 9) -> has_update=True
2026-10-01 08:08:12,826 - INFO - [global] Доступна обнова! Спавню кнопку
2026-10-01 08:08:42,845 - INFO - [global] Проверяю обновы...
2026-10-01 08:08:43,670 - DEBUG - [global] needs_update: raw → 5.13.09
2026-10-01 08:08:43,909 - DEBUG - [global] needs_update: API → 5.13.09
2026-10-01 08:08:43,909 - DEBUG - [global] needs_update: лучший источник raw → 5.13.09 (из 2)
2026-10-01 08:08:43,910 - INFO - [global] needs_update: local=(5, 13, 7) remote=(5, 13, 9) -> has_update=True
2026-10-01 08:08:43,910 - INFO - [global] Доступна обнова! Спавню кнопку
2026-10-01 08:09:06,469 - INFO - [global] LogUploader: запускаю upload_run_logs...
2026-10-01 08:09:06,470 - DEBUG - [global] log_uploader: START window=periodic made=-1 token=...Rjnfq
2026-10-01 08:09:07,411 - DEBUG - [global] _api_put: GET runs/20261001_080906_fail_periodic.log -> 404
2026-10-01 08:09:09,272 - DEBUG - [global] _api_put: PUT runs/20261001_080906_fail_periodic.log -> 201 (12833 bytes)
2026-10-01 08:09:09,276 - DEBUG - [global] log_uploader: STEP 1 (window log) -> https://github.com/StarateJI/L2Mauto/blob/bot-logs/runs/20261001_080906_fail_periodic.log
2026-10-01 08:09:09,276 - DEBUG - [global] log_uploader: STEP 2 SKIP (no PNGs)
2026-10-01 08:09:10,281 - DEBUG - [global] _api_put: GET runs/20261001_080906_fail_global.log -> 404
2026-10-01 08:09:12,697 - DEBUG - [global] _api_put: PUT runs/20261001_080906_fail_global.log -> 201 (20216 bytes)
2026-10-01 08:09:12,699 - DEBUG - [global] log_uploader: STEP 3 (global log) -> https://github.com/StarateJI/L2Mauto/blob/bot-logs/runs/20261001_080906_fail_global.log
2026-10-01 08:09:12,700 - DEBUG - [global] log_uploader: END window=periodic
2026-10-01 08:09:12,700 - INFO - [global] LogUploader: upload_run_logs завершён
2026-10-01 08:09:13,925 - INFO - [global] Проверяю обновы...
2026-10-01 08:09:14,772 - DEBUG - [global] needs_update: raw → 5.13.09
2026-10-01 08:09:14,983 - DEBUG - [global] needs_update: API → 5.13.09
2026-10-01 08:09:14,983 - DEBUG - [global] needs_update: лучший источник raw → 5.13.09 (из 2)
2026-10-01 08:09:14,983 - INFO - [global] needs_update: local=(5, 13, 7) remote=(5, 13, 9) -> has_update=True
2026-10-01 08:09:14,983 - INFO - [global] Доступна обнова! Спавню кнопку
2026-10-01 08:09:45,000 - INFO - [global] Проверяю обновы...
2026-10-01 08:09:45,859 - DEBUG - [global] needs_update: raw → 5.13.09
2026-10-01 08:09:46,042 - DEBUG - [global] needs_update: API → 5.13.09
2026-10-01 08:09:46,042 - DEBUG - [global] needs_update: лучший источник raw → 5.13.09 (из 2)
2026-10-01 08:09:46,043 - INFO - [global] needs_update: local=(5, 13, 7) remote=(5, 13, 9) -> has_update=True
2026-10-01 08:09:46,043 - INFO - [global] Доступна обнова! Спавню кнопку
2026-10-01 08:10:12,735 - INFO - [global] LogUploader: запускаю upload_run_logs...
2026-10-01 08:10:12,736 - DEBUG - [global] log_uploader: START window=periodic made=-1 token=...Rjnfq
2026-10-01 08:10:13,721 - DEBUG - [global] _api_put: GET runs/20261001_081012_fail_periodic.log -> 404
2026-10-01 08:10:15,631 - DEBUG - [global] _api_put: PUT runs/20261001_081012_fail_periodic.log -> 201 (12833 bytes)
2026-10-01 08:10:15,633 - DEBUG - [global] log_uploader: STEP 1 (window log) -> https://github.com/StarateJI/L2Mauto/blob/bot-logs/runs/20261001_081012_fail_periodic.log
2026-10-01 08:10:15,633 - DEBUG - [global] log_uploader: STEP 2 SKIP (no PNGs)
2026-10-01 08:10:16,060 - INFO - [global] Проверяю обновы...
2026-10-01 08:10:16,730 - DEBUG - [global] _api_put: GET runs/20261001_081012_fail_global.log -> 404
2026-10-01 08:10:16,960 - DEBUG - [global] needs_update: raw → 5.13.09
2026-10-01 08:10:17,147 - DEBUG - [global] needs_update: API → 5.13.09
2026-10-01 08:10:17,147 - DEBUG - [global] needs_update: лучший источник raw → 5.13.09 (из 2)
2026-10-01 08:10:17,147 - INFO - [global] needs_update: local=(5, 13, 7) remote=(5, 13, 9) -> has_update=True
2026-10-01 08:10:17,147 - INFO - [global] Доступна обнова! Спавню кнопку
2026-10-01 08:10:18,544 - DEBUG - [global] _api_put: PUT runs/20261001_081012_fail_global.log -> 201 (20216 bytes)
2026-10-01 08:10:18,546 - DEBUG - [global] log_uploader: STEP 3 (global log) -> https://github.com/StarateJI/L2Mauto/blob/bot-logs/runs/20261001_081012_fail_global.log
2026-10-01 08:10:18,546 - DEBUG - [global] log_uploader: END window=periodic
2026-10-01 08:10:18,546 - INFO - [global] LogUploader: upload_run_logs завершён
2026-10-01 08:10:47,168 - INFO - [global] Проверяю обновы...
2026-10-01 08:10:48,024 - DEBUG - [global] needs_update: raw → 5.13.09
2026-10-01 08:10:48,237 - DEBUG - [global] needs_update: API → 5.13.09
2026-10-01 08:10:48,237 - DEBUG - [global] needs_update: лучший источник raw → 5.13.09 (из 2)
2026-10-01 08:10:48,237 - INFO - [global] needs_update: local=(5, 13, 7) remote=(5, 13, 9) -> has_update=True
2026-10-01 08:10:48,237 - INFO - [global] Доступна обнова! Спавню кнопку
2026-10-01 08:11:18,256 - INFO - [global] Проверяю обновы...
2026-10-01 08:11:18,578 - INFO - [global] LogUploader: запускаю upload_run_logs...
2026-10-01 08:11:18,579 - DEBUG - [global] log_uploader: START window=periodic made=-1 token=...Rjnfq
2026-10-01 08:11:19,142 - DEBUG - [global] needs_update: raw → 5.13.09
2026-10-01 08:11:19,319 - DEBUG - [global] needs_update: API → 5.13.09
2026-10-01 08:11:19,319 - DEBUG - [global] needs_update: лучший источник raw → 5.13.09 (из 2)
2026-10-01 08:11:19,319 - INFO - [global] needs_update: local=(5, 13, 7) remote=(5, 13, 9) -> has_update=True
2026-10-01 08:11:19,319 - INFO - [global] Доступна обнова! Спавню кнопку
2026-10-01 08:11:19,785 - DEBUG - [global] _api_put: GET runs/20261001_081118_fail_periodic.log -> 404
2026-10-01 08:11:21,798 - DEBUG - [global] _api_put: PUT runs/20261001_081118_fail_periodic.log -> 201 (12833 bytes)
2026-10-01 08:11:21,800 - DEBUG - [global] log_uploader: STEP 1 (window log) -> https://github.com/StarateJI/L2Mauto/blob/bot-logs/runs/20261001_081118_fail_periodic.log
2026-10-01 08:11:21,800 - DEBUG - [global] log_uploader: STEP 2 SKIP (no PNGs)
2026-10-01 08:11:22,782 - DEBUG - [global] _api_put: GET runs/20261001_081118_fail_global.log -> 404
2026-10-01 08:11:24,629 - DEBUG - [global] _api_put: PUT runs/20261001_081118_fail_global.log -> 201 (20216 bytes)
2026-10-01 08:11:24,631 - DEBUG - [global] log_uploader: STEP 3 (global log) -> https://github.com/StarateJI/L2Mauto/blob/bot-logs/runs/20261001_081118_fail_global.log
2026-10-01 08:11:24,631 - DEBUG - [global] log_uploader: END window=periodic
2026-10-01 08:11:24,631 - INFO - [global] LogUploader: upload_run_logs завершён
2026-10-01 08:11:49,336 - INFO - [global] Проверяю обновы...
2026-10-01 08:11:50,178 - DEBUG - [global] needs_update: raw → 5.13.09
2026-10-01 08:11:50,374 - DEBUG - [global] needs_update: API → 5.13.09
2026-10-01 08:11:50,374 - DEBUG - [global] needs_update: лучший источник raw → 5.13.09 (из 2)
2026-10-01 08:11:50,374 - INFO - [global] needs_update: local=(5, 13, 7) remote=(5, 13, 9) -> has_update=True
2026-10-01 08:11:50,374 - INFO - [global] Доступна обнова! Спавню кнопку
2026-10-01 08:12:20,389 - INFO - [global] Проверяю обновы...
2026-10-01 08:12:21,264 - DEBUG - [global] needs_update: raw → 5.13.09
2026-10-01 08:12:21,420 - DEBUG - [global] needs_update: API → 5.13.09
2026-10-01 08:12:21,421 - DEBUG - [global] needs_update: лучший источник raw → 5.13.09 (из 2)
2026-10-01 08:12:21,421 - INFO - [global] needs_update: local=(5, 13, 7) remote=(5, 13, 9) -> has_update=True
2026-10-01 08:12:21,421 - INFO - [global] Доступна обнова! Спавню кнопку
2026-10-01 08:12:24,665 - INFO - [global] LogUploader: запускаю upload_run_logs...
2026-10-01 08:12:24,666 - DEBUG - [global] log_uploader: START window=periodic made=-1 token=...Rjnfq
2026-10-01 08:12:25,610 - DEBUG - [global] _api_put: GET runs/20261001_081224_fail_periodic.log -> 404
2026-10-01 08:12:27,421 - DEBUG - [global] _api_put: PUT runs/20261001_081224_fail_periodic.log -> 201 (12833 bytes)
2026-10-01 08:12:27,423 - DEBUG - [global] log_uploader: STEP 1 (window log) -> https://github.com/StarateJI/L2Mauto/blob/bot-logs/runs/20261001_081224_fail_periodic.log
2026-10-01 08:12:27,423 - DEBUG - [global] log_uploader: STEP 2 SKIP (no PNGs)
2026-10-01 08:12:28,427 - DEBUG - [global] _api_put: GET runs/20261001_081224_fail_global.log -> 404
2026-10-01 08:12:30,500 - DEBUG - [global] _api_put: PUT runs/20261001_081224_fail_global.log -> 201 (20138 bytes)
2026-10-01 08:12:30,502 - DEBUG - [global] log_uploader: STEP 3 (global log) -> https://github.com/StarateJI/L2Mauto/blob/bot-logs/runs/20261001_081224_fail_global.log
2026-10-01 08:12:30,502 - DEBUG - [global] log_uploader: END window=periodic
2026-10-01 08:12:30,502 - INFO - [global] LogUploader: upload_run_logs завершён
2026-10-01 08:12:51,439 - INFO - [global] Проверяю обновы...
2026-10-01 08:12:52,327 - DEBUG - [global] needs_update: raw → 5.13.09
2026-10-01 08:12:52,534 - DEBUG - [global] needs_update: API → 5.13.09
2026-10-01 08:12:52,535 - DEBUG - [global] needs_update: лучший источник raw → 5.13.09 (из 2)
2026-10-01 08:12:52,535 - INFO - [global] needs_update: local=(5, 13, 7) remote=(5, 13, 9) -> has_update=True
2026-10-01 08:12:52,535 - INFO - [global] Доступна обнова! Спавню кнопку
2026-10-01 08:13:22,552 - INFO - [global] Проверяю обновы...
2026-10-01 08:13:23,420 - DEBUG - [global] needs_update: raw → 5.13.09
2026-10-01 08:13:23,563 - DEBUG - [global] needs_update: API → 5.13.09
2026-10-01 08:13:23,563 - DEBUG - [global] needs_update: лучший источник raw → 5.13.09 (из 2)
2026-10-01 08:13:23,563 - INFO - [global] needs_update: local=(5, 13, 7) remote=(5, 13, 9) -> has_update=True
2026-10-01 08:13:23,563 - INFO - [global] Доступна обнова! Спавню кнопку
2026-10-01 08:13:30,541 - INFO - [global] LogUploader: запускаю upload_run_logs...
2026-10-01 08:13:30,542 - DEBUG - [global] log_uploader: START window=periodic made=-1 token=...Rjnfq
2026-10-01 08:13:31,461 - DEBUG - [global] _api_put: GET runs/20261001_081330_fail_periodic.log -> 404
2026-10-01 08:13:33,250 - DEBUG - [global] _api_put: PUT runs/20261001_081330_fail_periodic.log -> 201 (12833 bytes)
2026-10-01 08:13:33,252 - DEBUG - [global] log_uploader: STEP 1 (window log) -> https://github.com/StarateJI/L2Mauto/blob/bot-logs/runs/20261001_081330_fail_periodic.log
2026-10-01 08:13:33,252 - DEBUG - [global] log_uploader: STEP 2 SKIP (no PNGs)
2026-10-01 08:13:34,310 - DEBUG - [global] _api_put: GET runs/20261001_081330_fail_global.log -> 404
2026-10-01 08:13:36,221 - DEBUG - [global] _api_put: PUT runs/20261001_081330_fail_global.log -> 201 (20138 bytes)
2026-10-01 08:13:36,222 - DEBUG - [global] log_uploader: STEP 3 (global log) -> https://github.com/StarateJI/L2Mauto/blob/bot-logs/runs/20261001_081330_fail_global.log
2026-10-01 08:13:36,222 - DEBUG - [global] log_uploader: END window=periodic
2026-10-01 08:13:36,223 - INFO - [global] LogUploader: upload_run_logs завершён
2026-10-01 08:13:53,582 - INFO - [global] Проверяю обновы...
2026-10-01 08:13:54,411 - DEBUG - [global] needs_update: raw → 5.13.09
2026-10-01 08:13:54,656 - DEBUG - [global] needs_update: API → 5.13.09
2026-10-01 08:13:54,657 - DEBUG - [global] needs_update: лучший источник raw → 5.13.09 (из 2)
2026-10-01 08:13:54,657 - INFO - [global] needs_update: local=(5, 13, 7) remote=(5, 13, 9) -> has_update=True
2026-10-01 08:13:54,657 - INFO - [global] Доступна обнова! Спавню кнопку
2026-10-01 08:14:24,673 - INFO - [global] Проверяю обновы...
2026-10-01 08:14:25,533 - DEBUG - [global] needs_update: raw → 5.13.09
2026-10-01 08:14:25,735 - DEBUG - [global] needs_update: API → 5.13.09
2026-10-01 08:14:25,735 - DEBUG - [global] needs_update: лучший источник raw → 5.13.09 (из 2)
2026-10-01 08:14:25,736 - INFO - [global] needs_update: local=(5, 13, 7) remote=(5, 13, 9) -> has_update=True
2026-10-01 08:14:25,736 - INFO - [global] Доступна обнова! Спавню кнопку
2026-10-01 08:14:36,258 - INFO - [global] LogUploader: запускаю upload_run_logs...
2026-10-01 08:14:36,259 - DEBUG - [global] log_uploader: START window=periodic made=-1 token=...Rjnfq
2026-10-01 08:14:37,214 - DEBUG - [global] _api_put: GET runs/20261001_081436_fail_periodic.log -> 404
2026-10-01 08:14:39,356 - DEBUG - [global] _api_put: PUT runs/20261001_081436_fail_periodic.log -> 201 (12833 bytes)
2026-10-01 08:14:39,359 - DEBUG - [global] log_uploader: STEP 1 (window log) -> https://github.com/StarateJI/L2Mauto/blob/bot-logs/runs/20261001_081436_fail_periodic.log
2026-10-01 08:14:39,360 - DEBUG - [global] log_uploader: STEP 2 SKIP (no PNGs)
2026-10-01 08:14:40,364 - DEBUG - [global] _api_put: GET runs/20261001_081436_fail_global.log -> 404
2026-10-01 08:14:42,212 - DEBUG - [global] _api_put: PUT runs/20261001_081436_fail_global.log -> 201 (20019 bytes)
2026-10-01 08:14:42,214 - DEBUG - [global] log_uploader: STEP 3 (global log) -> https://github.com/StarateJI/L2Mauto/blob/bot-logs/runs/20261001_081436_fail_global.log
2026-10-01 08:14:42,214 - DEBUG - [global] log_uploader: END window=periodic
2026-10-01 08:14:42,214 - INFO - [global] LogUploader: upload_run_logs завершён
2026-10-01 08:14:55,757 - INFO - [global] Проверяю обновы...
2026-10-01 08:14:56,623 - DEBUG - [global] needs_update: raw → 5.13.09
2026-10-01 08:14:56,787 - DEBUG - [global] needs_update: API → 5.13.09
2026-10-01 08:14:56,787 - DEBUG - [global] needs_update: лучший источник raw → 5.13.09 (из 2)
2026-10-01 08:14:56,787 - INFO - [global] needs_update: local=(5, 13, 7) remote=(5, 13, 9) -> has_update=True
2026-10-01 08:14:56,787 - INFO - [global] Доступна обнова! Спавню кнопку
2026-10-01 08:15:26,806 - INFO - [global] Проверяю обновы...
2026-10-01 08:15:27,616 - DEBUG - [global] needs_update: raw → 5.13.09
2026-10-01 08:15:27,817 - DEBUG - [global] needs_update: API → 5.13.09
2026-10-01 08:15:27,817 - DEBUG - [global] needs_update: лучший источник raw → 5.13.09 (из 2)
2026-10-01 08:15:27,817 - INFO - [global] needs_update: local=(5, 13, 7) remote=(5, 13, 9) -> has_update=True
2026-10-01 08:15:27,817 - INFO - [global] Доступна обнова! Спавню кнопку
2026-10-01 08:15:42,242 - INFO - [global] LogUploader: запускаю upload_run_logs...
2026-10-01 08:15:42,243 - DEBUG - [global] log_uploader: START window=periodic made=-1 token=...Rjnfq
2026-10-01 08:15:43,174 - DEBUG - [global] _api_put: GET runs/20261001_081542_fail_periodic.log -> 404
2026-10-01 08:15:44,961 - DEBUG - [global] _api_put: PUT runs/20261001_081542_fail_periodic.log -> 201 (12833 bytes)
2026-10-01 08:15:44,963 - DEBUG - [global] log_uploader: STEP 1 (window log) -> https://github.com/StarateJI/L2Mauto/blob/bot-logs/runs/20261001_081542_fail_periodic.log
2026-10-01 08:15:44,964 - DEBUG - [global] log_uploader: STEP 2 SKIP (no PNGs)
