=== Log tail 2026-10-04T06:33:33.767912 | last 200 lines ===
2026-10-04 06:24:37,405 - DEBUG - [global] needs_update: API → 5.13.09
2026-10-04 06:24:37,405 - DEBUG - [global] needs_update: лучший источник raw → 5.13.09 (из 2)
2026-10-04 06:24:37,405 - INFO - [global] needs_update: local=(5, 13, 7) remote=(5, 13, 9) -> has_update=True
2026-10-04 06:24:37,406 - INFO - [global] Доступна обнова! Спавню кнопку
2026-10-04 06:24:42,715 - INFO - [global] LogUploader: запускаю upload_run_logs...
2026-10-04 06:24:42,716 - DEBUG - [global] log_uploader: START window=periodic made=-1 token=...Rjnfq
2026-10-04 06:24:43,796 - DEBUG - [global] _api_put: GET runs/20261004_062442_fail_periodic.log -> 404
2026-10-04 06:24:45,631 - DEBUG - [global] _api_put: PUT runs/20261004_062442_fail_periodic.log -> 201 (19392 bytes)
2026-10-04 06:24:45,633 - DEBUG - [global] log_uploader: STEP 1 (window log) -> https://github.com/StarateJI/L2Mauto/blob/bot-logs/runs/20261004_062442_fail_periodic.log
2026-10-04 06:24:45,634 - DEBUG - [global] log_uploader: STEP 2 SKIP (no PNGs)
2026-10-04 06:24:46,646 - DEBUG - [global] _api_put: GET runs/20261004_062442_fail_global.log -> 404
2026-10-04 06:24:48,611 - DEBUG - [global] _api_put: PUT runs/20261004_062442_fail_global.log -> 201 (20019 bytes)
2026-10-04 06:24:48,613 - DEBUG - [global] log_uploader: STEP 3 (global log) -> https://github.com/StarateJI/L2Mauto/blob/bot-logs/runs/20261004_062442_fail_global.log
2026-10-04 06:24:48,613 - DEBUG - [global] log_uploader: END window=periodic
2026-10-04 06:24:48,613 - INFO - [global] LogUploader: upload_run_logs завершён
2026-10-04 06:25:07,424 - INFO - [global] Проверяю обновы...
2026-10-04 06:25:08,233 - DEBUG - [global] needs_update: raw → 5.13.09
2026-10-04 06:25:08,395 - DEBUG - [global] needs_update: API → 5.13.09
2026-10-04 06:25:08,396 - DEBUG - [global] needs_update: лучший источник raw → 5.13.09 (из 2)
2026-10-04 06:25:08,396 - INFO - [global] needs_update: local=(5, 13, 7) remote=(5, 13, 9) -> has_update=True
2026-10-04 06:25:08,396 - INFO - [global] Доступна обнова! Спавню кнопку
2026-10-04 06:25:38,413 - INFO - [global] Проверяю обновы...
2026-10-04 06:25:39,227 - DEBUG - [global] needs_update: raw → 5.13.09
2026-10-04 06:25:39,382 - DEBUG - [global] needs_update: API → 5.13.09
2026-10-04 06:25:39,382 - DEBUG - [global] needs_update: лучший источник raw → 5.13.09 (из 2)
2026-10-04 06:25:39,382 - INFO - [global] needs_update: local=(5, 13, 7) remote=(5, 13, 9) -> has_update=True
2026-10-04 06:25:39,382 - INFO - [global] Доступна обнова! Спавню кнопку
2026-10-04 06:25:48,650 - INFO - [global] LogUploader: запускаю upload_run_logs...
2026-10-04 06:25:48,650 - DEBUG - [global] log_uploader: START window=periodic made=-1 token=...Rjnfq
2026-10-04 06:25:49,531 - DEBUG - [global] _api_put: GET runs/20261004_062548_fail_periodic.log -> 404
2026-10-04 06:25:51,446 - DEBUG - [global] _api_put: PUT runs/20261004_062548_fail_periodic.log -> 201 (19392 bytes)
2026-10-04 06:25:51,448 - DEBUG - [global] log_uploader: STEP 1 (window log) -> https://github.com/StarateJI/L2Mauto/blob/bot-logs/runs/20261004_062548_fail_periodic.log
2026-10-04 06:25:51,448 - DEBUG - [global] log_uploader: STEP 2 SKIP (no PNGs)
2026-10-04 06:25:52,507 - DEBUG - [global] _api_put: GET runs/20261004_062548_fail_global.log -> 404
2026-10-04 06:25:54,507 - DEBUG - [global] _api_put: PUT runs/20261004_062548_fail_global.log -> 201 (20019 bytes)
2026-10-04 06:25:54,509 - DEBUG - [global] log_uploader: STEP 3 (global log) -> https://github.com/StarateJI/L2Mauto/blob/bot-logs/runs/20261004_062548_fail_global.log
2026-10-04 06:25:54,509 - DEBUG - [global] log_uploader: END window=periodic
2026-10-04 06:25:54,509 - INFO - [global] LogUploader: upload_run_logs завершён
2026-10-04 06:26:09,401 - INFO - [global] Проверяю обновы...
2026-10-04 06:26:10,292 - DEBUG - [global] needs_update: raw → 5.13.09
2026-10-04 06:26:10,495 - DEBUG - [global] needs_update: API → 5.13.09
2026-10-04 06:26:10,495 - DEBUG - [global] needs_update: лучший источник raw → 5.13.09 (из 2)
2026-10-04 06:26:10,495 - INFO - [global] needs_update: local=(5, 13, 7) remote=(5, 13, 9) -> has_update=True
2026-10-04 06:26:10,495 - INFO - [global] Доступна обнова! Спавню кнопку
2026-10-04 06:26:40,514 - INFO - [global] Проверяю обновы...
2026-10-04 06:26:41,355 - DEBUG - [global] needs_update: raw → 5.13.09
2026-10-04 06:26:41,538 - DEBUG - [global] needs_update: API → 5.13.09
2026-10-04 06:26:41,539 - DEBUG - [global] needs_update: лучший источник raw → 5.13.09 (из 2)
2026-10-04 06:26:41,539 - INFO - [global] needs_update: local=(5, 13, 7) remote=(5, 13, 9) -> has_update=True
2026-10-04 06:26:41,539 - INFO - [global] Доступна обнова! Спавню кнопку
2026-10-04 06:26:54,548 - INFO - [global] LogUploader: запускаю upload_run_logs...
2026-10-04 06:26:54,549 - DEBUG - [global] log_uploader: START window=periodic made=-1 token=...Rjnfq
2026-10-04 06:26:55,448 - DEBUG - [global] _api_put: GET runs/20261004_062654_fail_periodic.log -> 404
2026-10-04 06:26:57,392 - DEBUG - [global] _api_put: PUT runs/20261004_062654_fail_periodic.log -> 201 (19392 bytes)
2026-10-04 06:26:57,393 - DEBUG - [global] log_uploader: STEP 1 (window log) -> https://github.com/StarateJI/L2Mauto/blob/bot-logs/runs/20261004_062654_fail_periodic.log
2026-10-04 06:26:57,393 - DEBUG - [global] log_uploader: STEP 2 SKIP (no PNGs)
2026-10-04 06:26:58,449 - DEBUG - [global] _api_put: GET runs/20261004_062654_fail_global.log -> 404
2026-10-04 06:27:00,262 - DEBUG - [global] _api_put: PUT runs/20261004_062654_fail_global.log -> 201 (20019 bytes)
2026-10-04 06:27:00,265 - DEBUG - [global] log_uploader: STEP 3 (global log) -> https://github.com/StarateJI/L2Mauto/blob/bot-logs/runs/20261004_062654_fail_global.log
2026-10-04 06:27:00,265 - DEBUG - [global] log_uploader: END window=periodic
2026-10-04 06:27:00,265 - INFO - [global] LogUploader: upload_run_logs завершён
2026-10-04 06:27:11,556 - INFO - [global] Проверяю обновы...
2026-10-04 06:27:12,438 - DEBUG - [global] needs_update: raw → 5.13.09
2026-10-04 06:27:12,629 - DEBUG - [global] needs_update: API → 5.13.09
2026-10-04 06:27:12,629 - DEBUG - [global] needs_update: лучший источник raw → 5.13.09 (из 2)
2026-10-04 06:27:12,629 - INFO - [global] needs_update: local=(5, 13, 7) remote=(5, 13, 9) -> has_update=True
2026-10-04 06:27:12,629 - INFO - [global] Доступна обнова! Спавню кнопку
2026-10-04 06:27:42,648 - INFO - [global] Проверяю обновы...
2026-10-04 06:27:43,489 - DEBUG - [global] needs_update: raw → 5.13.09
2026-10-04 06:27:43,663 - DEBUG - [global] needs_update: API → 5.13.09
2026-10-04 06:27:43,664 - DEBUG - [global] needs_update: лучший источник raw → 5.13.09 (из 2)
2026-10-04 06:27:43,664 - INFO - [global] needs_update: local=(5, 13, 7) remote=(5, 13, 9) -> has_update=True
2026-10-04 06:27:43,664 - INFO - [global] Доступна обнова! Спавню кнопку
2026-10-04 06:28:00,302 - INFO - [global] LogUploader: запускаю upload_run_logs...
2026-10-04 06:28:00,303 - DEBUG - [global] log_uploader: START window=periodic made=-1 token=...Rjnfq
2026-10-04 06:28:01,202 - DEBUG - [global] _api_put: GET runs/20261004_062800_fail_periodic.log -> 404
2026-10-04 06:28:03,131 - DEBUG - [global] _api_put: PUT runs/20261004_062800_fail_periodic.log -> 201 (19392 bytes)
2026-10-04 06:28:03,133 - DEBUG - [global] log_uploader: STEP 1 (window log) -> https://github.com/StarateJI/L2Mauto/blob/bot-logs/runs/20261004_062800_fail_periodic.log
2026-10-04 06:28:03,134 - DEBUG - [global] log_uploader: STEP 2 SKIP (no PNGs)
2026-10-04 06:28:04,206 - DEBUG - [global] _api_put: GET runs/20261004_062800_fail_global.log -> 404
2026-10-04 06:28:06,119 - DEBUG - [global] _api_put: PUT runs/20261004_062800_fail_global.log -> 201 (20019 bytes)
2026-10-04 06:28:06,122 - DEBUG - [global] log_uploader: STEP 3 (global log) -> https://github.com/StarateJI/L2Mauto/blob/bot-logs/runs/20261004_062800_fail_global.log
2026-10-04 06:28:06,122 - DEBUG - [global] log_uploader: END window=periodic
2026-10-04 06:28:06,122 - INFO - [global] LogUploader: upload_run_logs завершён
2026-10-04 06:28:13,681 - INFO - [global] Проверяю обновы...
2026-10-04 06:28:14,515 - DEBUG - [global] needs_update: raw → 5.13.09
2026-10-04 06:28:14,741 - DEBUG - [global] needs_update: API → 5.13.09
2026-10-04 06:28:14,741 - DEBUG - [global] needs_update: лучший источник raw → 5.13.09 (из 2)
2026-10-04 06:28:14,742 - INFO - [global] needs_update: local=(5, 13, 7) remote=(5, 13, 9) -> has_update=True
2026-10-04 06:28:14,742 - INFO - [global] Доступна обнова! Спавню кнопку
2026-10-04 06:28:44,760 - INFO - [global] Проверяю обновы...
2026-10-04 06:28:45,577 - DEBUG - [global] needs_update: raw → 5.13.09
2026-10-04 06:28:45,787 - DEBUG - [global] needs_update: API → 5.13.09
2026-10-04 06:28:45,788 - DEBUG - [global] needs_update: лучший источник raw → 5.13.09 (из 2)
2026-10-04 06:28:45,788 - INFO - [global] needs_update: local=(5, 13, 7) remote=(5, 13, 9) -> has_update=True
2026-10-04 06:28:45,789 - INFO - [global] Доступна обнова! Спавню кнопку
2026-10-04 06:29:06,155 - INFO - [global] LogUploader: запускаю upload_run_logs...
2026-10-04 06:29:06,156 - DEBUG - [global] log_uploader: START window=periodic made=-1 token=...Rjnfq
2026-10-04 06:29:07,101 - DEBUG - [global] _api_put: GET runs/20261004_062906_fail_periodic.log -> 404
2026-10-04 06:29:09,173 - DEBUG - [global] _api_put: PUT runs/20261004_062906_fail_periodic.log -> 201 (19392 bytes)
2026-10-04 06:29:09,175 - DEBUG - [global] log_uploader: STEP 1 (window log) -> https://github.com/StarateJI/L2Mauto/blob/bot-logs/runs/20261004_062906_fail_periodic.log
2026-10-04 06:29:09,176 - DEBUG - [global] log_uploader: STEP 2 SKIP (no PNGs)
2026-10-04 06:29:10,322 - DEBUG - [global] _api_put: GET runs/20261004_062906_fail_global.log -> 404
2026-10-04 06:29:12,302 - DEBUG - [global] _api_put: PUT runs/20261004_062906_fail_global.log -> 201 (20019 bytes)
2026-10-04 06:29:12,304 - DEBUG - [global] log_uploader: STEP 3 (global log) -> https://github.com/StarateJI/L2Mauto/blob/bot-logs/runs/20261004_062906_fail_global.log
2026-10-04 06:29:12,304 - DEBUG - [global] log_uploader: END window=periodic
2026-10-04 06:29:12,304 - INFO - [global] LogUploader: upload_run_logs завершён
2026-10-04 06:29:15,805 - INFO - [global] Проверяю обновы...
2026-10-04 06:29:16,693 - DEBUG - [global] needs_update: raw → 5.13.09
2026-10-04 06:29:16,859 - DEBUG - [global] needs_update: API → 5.13.09
2026-10-04 06:29:16,859 - DEBUG - [global] needs_update: лучший источник raw → 5.13.09 (из 2)
2026-10-04 06:29:16,860 - INFO - [global] needs_update: local=(5, 13, 7) remote=(5, 13, 9) -> has_update=True
2026-10-04 06:29:16,860 - INFO - [global] Доступна обнова! Спавню кнопку
2026-10-04 06:29:46,888 - INFO - [global] Проверяю обновы...
2026-10-04 06:29:47,733 - DEBUG - [global] needs_update: raw → 5.13.09
2026-10-04 06:29:47,886 - DEBUG - [global] needs_update: API → 5.13.09
2026-10-04 06:29:47,887 - DEBUG - [global] needs_update: лучший источник raw → 5.13.09 (из 2)
2026-10-04 06:29:47,887 - INFO - [global] needs_update: local=(5, 13, 7) remote=(5, 13, 9) -> has_update=True
2026-10-04 06:29:47,887 - INFO - [global] Доступна обнова! Спавню кнопку
2026-10-04 06:30:12,346 - INFO - [global] LogUploader: запускаю upload_run_logs...
2026-10-04 06:30:12,346 - DEBUG - [global] log_uploader: START window=periodic made=-1 token=...Rjnfq
2026-10-04 06:30:13,358 - DEBUG - [global] _api_put: GET runs/20261004_063012_fail_periodic.log -> 404
2026-10-04 06:30:15,294 - DEBUG - [global] _api_put: PUT runs/20261004_063012_fail_periodic.log -> 201 (19392 bytes)
2026-10-04 06:30:15,297 - DEBUG - [global] log_uploader: STEP 1 (window log) -> https://github.com/StarateJI/L2Mauto/blob/bot-logs/runs/20261004_063012_fail_periodic.log
2026-10-04 06:30:15,297 - DEBUG - [global] log_uploader: STEP 2 SKIP (no PNGs)
2026-10-04 06:30:16,383 - DEBUG - [global] _api_put: GET runs/20261004_063012_fail_global.log -> 404
2026-10-04 06:30:17,904 - INFO - [global] Проверяю обновы...
2026-10-04 06:30:18,392 - DEBUG - [global] _api_put: PUT runs/20261004_063012_fail_global.log -> 201 (20019 bytes)
2026-10-04 06:30:18,393 - DEBUG - [global] log_uploader: STEP 3 (global log) -> https://github.com/StarateJI/L2Mauto/blob/bot-logs/runs/20261004_063012_fail_global.log
2026-10-04 06:30:18,393 - DEBUG - [global] log_uploader: END window=periodic
2026-10-04 06:30:18,393 - INFO - [global] LogUploader: upload_run_logs завершён
2026-10-04 06:30:18,728 - DEBUG - [global] needs_update: raw → 5.13.09
2026-10-04 06:30:18,896 - DEBUG - [global] needs_update: API → 5.13.09
2026-10-04 06:30:18,896 - DEBUG - [global] needs_update: лучший источник raw → 5.13.09 (из 2)
2026-10-04 06:30:18,896 - INFO - [global] needs_update: local=(5, 13, 7) remote=(5, 13, 9) -> has_update=True
2026-10-04 06:30:18,896 - INFO - [global] Доступна обнова! Спавню кнопку
2026-10-04 06:30:48,914 - INFO - [global] Проверяю обновы...
2026-10-04 06:30:49,753 - DEBUG - [global] needs_update: raw → 5.13.09
2026-10-04 06:30:49,895 - DEBUG - [global] needs_update: API → 5.13.09
2026-10-04 06:30:49,895 - DEBUG - [global] needs_update: лучший источник raw → 5.13.09 (из 2)
2026-10-04 06:30:49,896 - INFO - [global] needs_update: local=(5, 13, 7) remote=(5, 13, 9) -> has_update=True
2026-10-04 06:30:49,896 - INFO - [global] Доступна обнова! Спавню кнопку
2026-10-04 06:31:18,442 - INFO - [global] LogUploader: запускаю upload_run_logs...
2026-10-04 06:31:18,443 - DEBUG - [global] log_uploader: START window=periodic made=-1 token=...Rjnfq
2026-10-04 06:31:19,344 - DEBUG - [global] _api_put: GET runs/20261004_063118_fail_periodic.log -> 404
2026-10-04 06:31:19,915 - INFO - [global] Проверяю обновы...
2026-10-04 06:31:20,759 - DEBUG - [global] needs_update: raw → 5.13.09
2026-10-04 06:31:20,910 - DEBUG - [global] needs_update: API → 5.13.09
2026-10-04 06:31:20,910 - DEBUG - [global] needs_update: лучший источник raw → 5.13.09 (из 2)
2026-10-04 06:31:20,910 - INFO - [global] needs_update: local=(5, 13, 7) remote=(5, 13, 9) -> has_update=True
2026-10-04 06:31:20,910 - INFO - [global] Доступна обнова! Спавню кнопку
2026-10-04 06:31:21,351 - DEBUG - [global] _api_put: PUT runs/20261004_063118_fail_periodic.log -> 201 (19392 bytes)
2026-10-04 06:31:21,353 - DEBUG - [global] log_uploader: STEP 1 (window log) -> https://github.com/StarateJI/L2Mauto/blob/bot-logs/runs/20261004_063118_fail_periodic.log
2026-10-04 06:31:21,354 - DEBUG - [global] log_uploader: STEP 2 SKIP (no PNGs)
2026-10-04 06:31:22,388 - DEBUG - [global] _api_put: GET runs/20261004_063118_fail_global.log -> 404
2026-10-04 06:31:24,314 - DEBUG - [global] _api_put: PUT runs/20261004_063118_fail_global.log -> 201 (19974 bytes)
2026-10-04 06:31:24,316 - DEBUG - [global] log_uploader: STEP 3 (global log) -> https://github.com/StarateJI/L2Mauto/blob/bot-logs/runs/20261004_063118_fail_global.log
2026-10-04 06:31:24,316 - DEBUG - [global] log_uploader: END window=periodic
2026-10-04 06:31:24,317 - INFO - [global] LogUploader: upload_run_logs завершён
2026-10-04 06:31:50,938 - INFO - [global] Проверяю обновы...
2026-10-04 06:31:51,740 - DEBUG - [global] needs_update: raw → 5.13.09
2026-10-04 06:31:51,908 - DEBUG - [global] needs_update: API → 5.13.09
2026-10-04 06:31:51,908 - DEBUG - [global] needs_update: лучший источник raw → 5.13.09 (из 2)
2026-10-04 06:31:51,908 - INFO - [global] needs_update: local=(5, 13, 7) remote=(5, 13, 9) -> has_update=True
2026-10-04 06:31:51,909 - INFO - [global] Доступна обнова! Спавню кнопку
2026-10-04 06:32:21,927 - INFO - [global] Проверяю обновы...
2026-10-04 06:32:22,809 - DEBUG - [global] needs_update: raw → 5.13.09
2026-10-04 06:32:22,943 - DEBUG - [global] needs_update: API → 5.13.09
2026-10-04 06:32:22,943 - DEBUG - [global] needs_update: лучший источник raw → 5.13.09 (из 2)
2026-10-04 06:32:22,943 - INFO - [global] needs_update: local=(5, 13, 7) remote=(5, 13, 9) -> has_update=True
2026-10-04 06:32:22,943 - INFO - [global] Доступна обнова! Спавню кнопку
2026-10-04 06:32:24,352 - INFO - [global] LogUploader: запускаю upload_run_logs...
2026-10-04 06:32:24,353 - DEBUG - [global] log_uploader: START window=periodic made=-1 token=...Rjnfq
2026-10-04 06:32:25,260 - DEBUG - [global] _api_put: GET runs/20261004_063224_fail_periodic.log -> 404
2026-10-04 06:32:27,346 - DEBUG - [global] _api_put: PUT runs/20261004_063224_fail_periodic.log -> 201 (19392 bytes)
2026-10-04 06:32:27,349 - DEBUG - [global] log_uploader: STEP 1 (window log) -> https://github.com/StarateJI/L2Mauto/blob/bot-logs/runs/20261004_063224_fail_periodic.log
2026-10-04 06:32:27,350 - DEBUG - [global] log_uploader: STEP 2 SKIP (no PNGs)
2026-10-04 06:32:28,455 - DEBUG - [global] _api_put: GET runs/20261004_063224_fail_global.log -> 404
2026-10-04 06:32:30,745 - DEBUG - [global] _api_put: PUT runs/20261004_063224_fail_global.log -> 201 (20019 bytes)
2026-10-04 06:32:30,747 - DEBUG - [global] log_uploader: STEP 3 (global log) -> https://github.com/StarateJI/L2Mauto/blob/bot-logs/runs/20261004_063224_fail_global.log
2026-10-04 06:32:30,747 - DEBUG - [global] log_uploader: END window=periodic
2026-10-04 06:32:30,747 - INFO - [global] LogUploader: upload_run_logs завершён
2026-10-04 06:32:52,980 - INFO - [global] Проверяю обновы...
2026-10-04 06:32:53,805 - DEBUG - [global] needs_update: raw → 5.13.09
2026-10-04 06:32:53,956 - DEBUG - [global] needs_update: API → 5.13.09
2026-10-04 06:32:53,956 - DEBUG - [global] needs_update: лучший источник raw → 5.13.09 (из 2)
2026-10-04 06:32:53,956 - INFO - [global] needs_update: local=(5, 13, 7) remote=(5, 13, 9) -> has_update=True
2026-10-04 06:32:53,957 - INFO - [global] Доступна обнова! Спавню кнопку
2026-10-04 06:33:23,975 - INFO - [global] Проверяю обновы...
2026-10-04 06:33:24,826 - DEBUG - [global] needs_update: raw → 5.13.09
2026-10-04 06:33:24,999 - DEBUG - [global] needs_update: API → 5.13.09
2026-10-04 06:33:24,999 - DEBUG - [global] needs_update: лучший источник raw → 5.13.09 (из 2)
2026-10-04 06:33:24,999 - INFO - [global] needs_update: local=(5, 13, 7) remote=(5, 13, 9) -> has_update=True
2026-10-04 06:33:24,999 - INFO - [global] Доступна обнова! Спавню кнопку
2026-10-04 06:33:30,800 - INFO - [global] LogUploader: запускаю upload_run_logs...
2026-10-04 06:33:30,800 - DEBUG - [global] log_uploader: START window=periodic made=-1 token=...Rjnfq
2026-10-04 06:33:31,695 - DEBUG - [global] _api_put: GET runs/20261004_063330_fail_periodic.log -> 404
2026-10-04 06:33:33,640 - DEBUG - [global] _api_put: PUT runs/20261004_063330_fail_periodic.log -> 201 (19392 bytes)
2026-10-04 06:33:33,642 - DEBUG - [global] log_uploader: STEP 1 (window log) -> https://github.com/StarateJI/L2Mauto/blob/bot-logs/runs/20261004_063330_fail_periodic.log
2026-10-04 06:33:33,643 - DEBUG - [global] log_uploader: STEP 2 SKIP (no PNGs)
