=== Log tail 2026-10-02T15:18:43.944046 | last 200 lines ===
2026-10-02 15:09:38,875 - DEBUG - [global] needs_update: API → 5.13.09
2026-10-02 15:09:38,875 - DEBUG - [global] needs_update: лучший источник raw → 5.13.09 (из 2)
2026-10-02 15:09:38,875 - INFO - [global] needs_update: local=(5, 13, 7) remote=(5, 13, 9) -> has_update=True
2026-10-02 15:09:38,875 - INFO - [global] Доступна обнова! Спавню кнопку
2026-10-02 15:09:50,827 - INFO - [global] LogUploader: запускаю upload_run_logs...
2026-10-02 15:09:50,828 - DEBUG - [global] log_uploader: START window=periodic made=-1 token=...Rjnfq
2026-10-02 15:09:51,782 - DEBUG - [global] _api_put: GET runs/20261002_150950_fail_periodic.log -> 404
2026-10-02 15:09:53,932 - DEBUG - [global] _api_put: PUT runs/20261002_150950_fail_periodic.log -> 201 (12833 bytes)
2026-10-02 15:09:53,934 - DEBUG - [global] log_uploader: STEP 1 (window log) -> https://github.com/StarateJI/L2Mauto/blob/bot-logs/runs/20261002_150950_fail_periodic.log
2026-10-02 15:09:53,934 - DEBUG - [global] log_uploader: STEP 2 SKIP (no PNGs)
2026-10-02 15:09:55,003 - DEBUG - [global] _api_put: GET runs/20261002_150950_fail_global.log -> 404
2026-10-02 15:09:57,133 - DEBUG - [global] _api_put: PUT runs/20261002_150950_fail_global.log -> 201 (20019 bytes)
2026-10-02 15:09:57,136 - DEBUG - [global] log_uploader: STEP 3 (global log) -> https://github.com/StarateJI/L2Mauto/blob/bot-logs/runs/20261002_150950_fail_global.log
2026-10-02 15:09:57,136 - DEBUG - [global] log_uploader: END window=periodic
2026-10-02 15:09:57,136 - INFO - [global] LogUploader: upload_run_logs завершён
2026-10-02 15:10:08,897 - INFO - [global] Проверяю обновы...
2026-10-02 15:10:09,800 - DEBUG - [global] needs_update: raw → 5.13.09
2026-10-02 15:10:10,003 - DEBUG - [global] needs_update: API → 5.13.09
2026-10-02 15:10:10,003 - DEBUG - [global] needs_update: лучший источник raw → 5.13.09 (из 2)
2026-10-02 15:10:10,003 - INFO - [global] needs_update: local=(5, 13, 7) remote=(5, 13, 9) -> has_update=True
2026-10-02 15:10:10,003 - INFO - [global] Доступна обнова! Спавню кнопку
2026-10-02 15:10:40,025 - INFO - [global] Проверяю обновы...
2026-10-02 15:10:40,958 - DEBUG - [global] needs_update: raw → 5.13.09
2026-10-02 15:10:41,080 - DEBUG - [global] needs_update: API → 5.13.09
2026-10-02 15:10:41,080 - DEBUG - [global] needs_update: лучший источник raw → 5.13.09 (из 2)
2026-10-02 15:10:41,080 - INFO - [global] needs_update: local=(5, 13, 7) remote=(5, 13, 9) -> has_update=True
2026-10-02 15:10:41,081 - INFO - [global] Доступна обнова! Спавню кнопку
2026-10-02 15:10:57,168 - INFO - [global] LogUploader: запускаю upload_run_logs...
2026-10-02 15:10:57,169 - DEBUG - [global] log_uploader: START window=periodic made=-1 token=...Rjnfq
2026-10-02 15:10:58,180 - DEBUG - [global] _api_put: GET runs/20261002_151057_fail_periodic.log -> 404
2026-10-02 15:11:00,256 - DEBUG - [global] _api_put: PUT runs/20261002_151057_fail_periodic.log -> 201 (12833 bytes)
2026-10-02 15:11:00,258 - DEBUG - [global] log_uploader: STEP 1 (window log) -> https://github.com/StarateJI/L2Mauto/blob/bot-logs/runs/20261002_151057_fail_periodic.log
2026-10-02 15:11:00,259 - DEBUG - [global] log_uploader: STEP 2 SKIP (no PNGs)
2026-10-02 15:11:01,230 - DEBUG - [global] _api_put: GET runs/20261002_151057_fail_global.log -> 404
2026-10-02 15:11:03,312 - DEBUG - [global] _api_put: PUT runs/20261002_151057_fail_global.log -> 201 (20019 bytes)
2026-10-02 15:11:03,314 - DEBUG - [global] log_uploader: STEP 3 (global log) -> https://github.com/StarateJI/L2Mauto/blob/bot-logs/runs/20261002_151057_fail_global.log
2026-10-02 15:11:03,314 - DEBUG - [global] log_uploader: END window=periodic
2026-10-02 15:11:03,314 - INFO - [global] LogUploader: upload_run_logs завершён
2026-10-02 15:11:11,097 - INFO - [global] Проверяю обновы...
2026-10-02 15:11:11,961 - DEBUG - [global] needs_update: raw → 5.13.09
2026-10-02 15:11:12,132 - DEBUG - [global] needs_update: API → 5.13.09
2026-10-02 15:11:12,132 - DEBUG - [global] needs_update: лучший источник raw → 5.13.09 (из 2)
2026-10-02 15:11:12,132 - INFO - [global] needs_update: local=(5, 13, 7) remote=(5, 13, 9) -> has_update=True
2026-10-02 15:11:12,133 - INFO - [global] Доступна обнова! Спавню кнопку
2026-10-02 15:11:42,149 - INFO - [global] Проверяю обновы...
2026-10-02 15:11:43,034 - DEBUG - [global] needs_update: raw → 5.13.09
2026-10-02 15:11:43,266 - DEBUG - [global] needs_update: API → 5.13.09
2026-10-02 15:11:43,267 - DEBUG - [global] needs_update: лучший источник raw → 5.13.09 (из 2)
2026-10-02 15:11:43,267 - INFO - [global] needs_update: local=(5, 13, 7) remote=(5, 13, 9) -> has_update=True
2026-10-02 15:11:43,267 - INFO - [global] Доступна обнова! Спавню кнопку
2026-10-02 15:12:03,346 - INFO - [global] LogUploader: запускаю upload_run_logs...
2026-10-02 15:12:03,347 - DEBUG - [global] log_uploader: START window=periodic made=-1 token=...Rjnfq
2026-10-02 15:12:04,305 - DEBUG - [global] _api_put: GET runs/20261002_151203_fail_periodic.log -> 404
2026-10-02 15:12:06,386 - DEBUG - [global] _api_put: PUT runs/20261002_151203_fail_periodic.log -> 201 (12833 bytes)
2026-10-02 15:12:06,388 - DEBUG - [global] log_uploader: STEP 1 (window log) -> https://github.com/StarateJI/L2Mauto/blob/bot-logs/runs/20261002_151203_fail_periodic.log
2026-10-02 15:12:06,389 - DEBUG - [global] log_uploader: STEP 2 SKIP (no PNGs)
2026-10-02 15:12:07,387 - DEBUG - [global] _api_put: GET runs/20261002_151203_fail_global.log -> 404
2026-10-02 15:12:09,302 - DEBUG - [global] _api_put: PUT runs/20261002_151203_fail_global.log -> 201 (20019 bytes)
2026-10-02 15:12:09,304 - DEBUG - [global] log_uploader: STEP 3 (global log) -> https://github.com/StarateJI/L2Mauto/blob/bot-logs/runs/20261002_151203_fail_global.log
2026-10-02 15:12:09,304 - DEBUG - [global] log_uploader: END window=periodic
2026-10-02 15:12:09,304 - INFO - [global] LogUploader: upload_run_logs завершён
2026-10-02 15:12:13,287 - INFO - [global] Проверяю обновы...
2026-10-02 15:12:14,125 - DEBUG - [global] needs_update: raw → 5.13.09
2026-10-02 15:12:14,379 - DEBUG - [global] needs_update: API → 5.13.09
2026-10-02 15:12:14,380 - DEBUG - [global] needs_update: лучший источник raw → 5.13.09 (из 2)
2026-10-02 15:12:14,380 - INFO - [global] needs_update: local=(5, 13, 7) remote=(5, 13, 9) -> has_update=True
2026-10-02 15:12:14,380 - INFO - [global] Доступна обнова! Спавню кнопку
2026-10-02 15:12:44,402 - INFO - [global] Проверяю обновы...
2026-10-02 15:12:45,303 - DEBUG - [global] needs_update: raw → 5.13.09
2026-10-02 15:12:45,494 - DEBUG - [global] needs_update: API → 5.13.09
2026-10-02 15:12:45,495 - DEBUG - [global] needs_update: лучший источник raw → 5.13.09 (из 2)
2026-10-02 15:12:45,495 - INFO - [global] needs_update: local=(5, 13, 7) remote=(5, 13, 9) -> has_update=True
2026-10-02 15:12:45,495 - INFO - [global] Доступна обнова! Спавню кнопку
2026-10-02 15:13:09,338 - INFO - [global] LogUploader: запускаю upload_run_logs...
2026-10-02 15:13:09,339 - DEBUG - [global] log_uploader: START window=periodic made=-1 token=...Rjnfq
2026-10-02 15:13:10,294 - DEBUG - [global] _api_put: GET runs/20261002_151309_fail_periodic.log -> 404
2026-10-02 15:13:12,204 - DEBUG - [global] _api_put: PUT runs/20261002_151309_fail_periodic.log -> 201 (12833 bytes)
2026-10-02 15:13:12,206 - DEBUG - [global] log_uploader: STEP 1 (window log) -> https://github.com/StarateJI/L2Mauto/blob/bot-logs/runs/20261002_151309_fail_periodic.log
2026-10-02 15:13:12,207 - DEBUG - [global] log_uploader: STEP 2 SKIP (no PNGs)
2026-10-02 15:13:13,185 - DEBUG - [global] _api_put: GET runs/20261002_151309_fail_global.log -> 404
2026-10-02 15:13:15,313 - DEBUG - [global] _api_put: PUT runs/20261002_151309_fail_global.log -> 201 (20019 bytes)
2026-10-02 15:13:15,315 - DEBUG - [global] log_uploader: STEP 3 (global log) -> https://github.com/StarateJI/L2Mauto/blob/bot-logs/runs/20261002_151309_fail_global.log
2026-10-02 15:13:15,315 - DEBUG - [global] log_uploader: END window=periodic
2026-10-02 15:13:15,315 - INFO - [global] LogUploader: upload_run_logs завершён
2026-10-02 15:13:15,516 - INFO - [global] Проверяю обновы...
2026-10-02 15:13:16,410 - DEBUG - [global] needs_update: raw → 5.13.09
2026-10-02 15:13:16,570 - DEBUG - [global] needs_update: API → 5.13.09
2026-10-02 15:13:16,570 - DEBUG - [global] needs_update: лучший источник raw → 5.13.09 (из 2)
2026-10-02 15:13:16,570 - INFO - [global] needs_update: local=(5, 13, 7) remote=(5, 13, 9) -> has_update=True
2026-10-02 15:13:16,571 - INFO - [global] Доступна обнова! Спавню кнопку
2026-10-02 15:13:46,588 - INFO - [global] Проверяю обновы...
2026-10-02 15:13:47,447 - DEBUG - [global] needs_update: raw → 5.13.09
2026-10-02 15:13:47,638 - DEBUG - [global] needs_update: API → 5.13.09
2026-10-02 15:13:47,638 - DEBUG - [global] needs_update: лучший источник raw → 5.13.09 (из 2)
2026-10-02 15:13:47,638 - INFO - [global] needs_update: local=(5, 13, 7) remote=(5, 13, 9) -> has_update=True
2026-10-02 15:13:47,638 - INFO - [global] Доступна обнова! Спавню кнопку
2026-10-02 15:14:15,350 - INFO - [global] LogUploader: запускаю upload_run_logs...
2026-10-02 15:14:15,351 - DEBUG - [global] log_uploader: START window=periodic made=-1 token=...Rjnfq
2026-10-02 15:14:16,326 - DEBUG - [global] _api_put: GET runs/20261002_151415_fail_periodic.log -> 404
2026-10-02 15:14:17,653 - INFO - [global] Проверяю обновы...
2026-10-02 15:14:18,239 - DEBUG - [global] _api_put: PUT runs/20261002_151415_fail_periodic.log -> 201 (12833 bytes)
2026-10-02 15:14:18,241 - DEBUG - [global] log_uploader: STEP 1 (window log) -> https://github.com/StarateJI/L2Mauto/blob/bot-logs/runs/20261002_151415_fail_periodic.log
2026-10-02 15:14:18,241 - DEBUG - [global] log_uploader: STEP 2 SKIP (no PNGs)
2026-10-02 15:14:18,527 - DEBUG - [global] needs_update: raw → 5.13.09
2026-10-02 15:14:18,750 - DEBUG - [global] needs_update: API → 5.13.09
2026-10-02 15:14:18,750 - DEBUG - [global] needs_update: лучший источник raw → 5.13.09 (из 2)
2026-10-02 15:14:18,750 - INFO - [global] needs_update: local=(5, 13, 7) remote=(5, 13, 9) -> has_update=True
2026-10-02 15:14:18,750 - INFO - [global] Доступна обнова! Спавню кнопку
2026-10-02 15:14:19,252 - DEBUG - [global] _api_put: GET runs/20261002_151415_fail_global.log -> 404
2026-10-02 15:14:21,310 - DEBUG - [global] _api_put: PUT runs/20261002_151415_fail_global.log -> 201 (20021 bytes)
2026-10-02 15:14:21,313 - DEBUG - [global] log_uploader: STEP 3 (global log) -> https://github.com/StarateJI/L2Mauto/blob/bot-logs/runs/20261002_151415_fail_global.log
2026-10-02 15:14:21,313 - DEBUG - [global] log_uploader: END window=periodic
2026-10-02 15:14:21,313 - INFO - [global] LogUploader: upload_run_logs завершён
2026-10-02 15:14:48,768 - INFO - [global] Проверяю обновы...
2026-10-02 15:14:49,638 - DEBUG - [global] needs_update: raw → 5.13.09
2026-10-02 15:14:49,848 - DEBUG - [global] needs_update: API → 5.13.09
2026-10-02 15:14:49,848 - DEBUG - [global] needs_update: лучший источник raw → 5.13.09 (из 2)
2026-10-02 15:14:49,848 - INFO - [global] needs_update: local=(5, 13, 7) remote=(5, 13, 9) -> has_update=True
2026-10-02 15:14:49,848 - INFO - [global] Доступна обнова! Спавню кнопку
2026-10-02 15:15:19,863 - INFO - [global] Проверяю обновы...
2026-10-02 15:15:20,709 - DEBUG - [global] needs_update: raw → 5.13.09
2026-10-02 15:15:20,924 - DEBUG - [global] needs_update: API → 5.13.09
2026-10-02 15:15:20,924 - DEBUG - [global] needs_update: лучший источник raw → 5.13.09 (из 2)
2026-10-02 15:15:20,925 - INFO - [global] needs_update: local=(5, 13, 7) remote=(5, 13, 9) -> has_update=True
2026-10-02 15:15:20,925 - INFO - [global] Доступна обнова! Спавню кнопку
2026-10-02 15:15:21,345 - INFO - [global] LogUploader: запускаю upload_run_logs...
2026-10-02 15:15:21,345 - DEBUG - [global] log_uploader: START window=periodic made=-1 token=...Rjnfq
2026-10-02 15:15:22,284 - DEBUG - [global] _api_put: GET runs/20261002_151521_fail_periodic.log -> 404
2026-10-02 15:15:24,234 - DEBUG - [global] _api_put: PUT runs/20261002_151521_fail_periodic.log -> 201 (12833 bytes)
2026-10-02 15:15:24,237 - DEBUG - [global] log_uploader: STEP 1 (window log) -> https://github.com/StarateJI/L2Mauto/blob/bot-logs/runs/20261002_151521_fail_periodic.log
2026-10-02 15:15:24,237 - DEBUG - [global] log_uploader: STEP 2 SKIP (no PNGs)
2026-10-02 15:15:25,436 - DEBUG - [global] _api_put: GET runs/20261002_151521_fail_global.log -> 404
2026-10-02 15:15:27,651 - DEBUG - [global] _api_put: PUT runs/20261002_151521_fail_global.log -> 201 (20019 bytes)
2026-10-02 15:15:27,653 - DEBUG - [global] log_uploader: STEP 3 (global log) -> https://github.com/StarateJI/L2Mauto/blob/bot-logs/runs/20261002_151521_fail_global.log
2026-10-02 15:15:27,653 - DEBUG - [global] log_uploader: END window=periodic
2026-10-02 15:15:27,653 - INFO - [global] LogUploader: upload_run_logs завершён
2026-10-02 15:15:50,940 - INFO - [global] Проверяю обновы...
2026-10-02 15:15:51,784 - DEBUG - [global] needs_update: raw → 5.13.09
2026-10-02 15:15:51,951 - DEBUG - [global] needs_update: API → 5.13.09
2026-10-02 15:15:51,951 - DEBUG - [global] needs_update: лучший источник raw → 5.13.09 (из 2)
2026-10-02 15:15:51,951 - INFO - [global] needs_update: local=(5, 13, 7) remote=(5, 13, 9) -> has_update=True
2026-10-02 15:15:51,951 - INFO - [global] Доступна обнова! Спавню кнопку
2026-10-02 15:16:21,967 - INFO - [global] Проверяю обновы...
2026-10-02 15:16:22,786 - DEBUG - [global] needs_update: raw → 5.13.09
2026-10-02 15:16:23,015 - DEBUG - [global] needs_update: API → 5.13.09
2026-10-02 15:16:23,016 - DEBUG - [global] needs_update: лучший источник raw → 5.13.09 (из 2)
2026-10-02 15:16:23,016 - INFO - [global] needs_update: local=(5, 13, 7) remote=(5, 13, 9) -> has_update=True
2026-10-02 15:16:23,016 - INFO - [global] Доступна обнова! Спавню кнопку
2026-10-02 15:16:27,685 - INFO - [global] LogUploader: запускаю upload_run_logs...
2026-10-02 15:16:27,686 - DEBUG - [global] log_uploader: START window=periodic made=-1 token=...Rjnfq
2026-10-02 15:16:28,570 - DEBUG - [global] _api_put: GET runs/20261002_151627_fail_periodic.log -> 404
2026-10-02 15:16:31,315 - DEBUG - [global] _api_put: PUT runs/20261002_151627_fail_periodic.log -> 201 (12833 bytes)
2026-10-02 15:16:31,317 - DEBUG - [global] log_uploader: STEP 1 (window log) -> https://github.com/StarateJI/L2Mauto/blob/bot-logs/runs/20261002_151627_fail_periodic.log
2026-10-02 15:16:31,318 - DEBUG - [global] log_uploader: STEP 2 SKIP (no PNGs)
2026-10-02 15:16:32,489 - DEBUG - [global] _api_put: GET runs/20261002_151627_fail_global.log -> 404
2026-10-02 15:16:34,830 - DEBUG - [global] _api_put: PUT runs/20261002_151627_fail_global.log -> 201 (20019 bytes)
2026-10-02 15:16:34,832 - DEBUG - [global] log_uploader: STEP 3 (global log) -> https://github.com/StarateJI/L2Mauto/blob/bot-logs/runs/20261002_151627_fail_global.log
2026-10-02 15:16:34,832 - DEBUG - [global] log_uploader: END window=periodic
2026-10-02 15:16:34,832 - INFO - [global] LogUploader: upload_run_logs завершён
2026-10-02 15:16:53,034 - INFO - [global] Проверяю обновы...
2026-10-02 15:16:54,078 - DEBUG - [global] needs_update: API → 5.13.09
2026-10-02 15:16:54,090 - DEBUG - [global] needs_update: raw → 5.13.09
2026-10-02 15:16:54,090 - DEBUG - [global] needs_update: лучший источник API → 5.13.09 (из 2)
2026-10-02 15:16:54,091 - INFO - [global] needs_update: local=(5, 13, 7) remote=(5, 13, 9) -> has_update=True
2026-10-02 15:16:54,091 - INFO - [global] Доступна обнова! Спавню кнопку
2026-10-02 15:17:24,106 - INFO - [global] Проверяю обновы...
2026-10-02 15:17:24,946 - DEBUG - [global] needs_update: raw → 5.13.09
2026-10-02 15:17:25,171 - DEBUG - [global] needs_update: API → 5.13.09
2026-10-02 15:17:25,171 - DEBUG - [global] needs_update: лучший источник raw → 5.13.09 (из 2)
2026-10-02 15:17:25,171 - INFO - [global] needs_update: local=(5, 13, 7) remote=(5, 13, 9) -> has_update=True
2026-10-02 15:17:25,171 - INFO - [global] Доступна обнова! Спавню кнопку
2026-10-02 15:17:34,872 - INFO - [global] LogUploader: запускаю upload_run_logs...
2026-10-02 15:17:34,873 - DEBUG - [global] log_uploader: START window=periodic made=-1 token=...Rjnfq
2026-10-02 15:17:35,796 - DEBUG - [global] _api_put: GET runs/20261002_151734_fail_periodic.log -> 404
2026-10-02 15:17:37,961 - DEBUG - [global] _api_put: PUT runs/20261002_151734_fail_periodic.log -> 201 (12833 bytes)
2026-10-02 15:17:37,964 - DEBUG - [global] log_uploader: STEP 1 (window log) -> https://github.com/StarateJI/L2Mauto/blob/bot-logs/runs/20261002_151734_fail_periodic.log
2026-10-02 15:17:37,964 - DEBUG - [global] log_uploader: STEP 2 SKIP (no PNGs)
2026-10-02 15:17:38,915 - DEBUG - [global] _api_put: GET runs/20261002_151734_fail_global.log -> 404
2026-10-02 15:17:41,022 - DEBUG - [global] _api_put: PUT runs/20261002_151734_fail_global.log -> 201 (20019 bytes)
2026-10-02 15:17:41,024 - DEBUG - [global] log_uploader: STEP 3 (global log) -> https://github.com/StarateJI/L2Mauto/blob/bot-logs/runs/20261002_151734_fail_global.log
2026-10-02 15:17:41,024 - DEBUG - [global] log_uploader: END window=periodic
2026-10-02 15:17:41,024 - INFO - [global] LogUploader: upload_run_logs завершён
2026-10-02 15:17:55,188 - INFO - [global] Проверяю обновы...
2026-10-02 15:17:56,051 - DEBUG - [global] needs_update: raw → 5.13.09
2026-10-02 15:17:56,221 - DEBUG - [global] needs_update: API → 5.13.09
2026-10-02 15:17:56,221 - DEBUG - [global] needs_update: лучший источник raw → 5.13.09 (из 2)
2026-10-02 15:17:56,221 - INFO - [global] needs_update: local=(5, 13, 7) remote=(5, 13, 9) -> has_update=True
2026-10-02 15:17:56,221 - INFO - [global] Доступна обнова! Спавню кнопку
2026-10-02 15:18:26,237 - INFO - [global] Проверяю обновы...
2026-10-02 15:18:27,161 - DEBUG - [global] needs_update: raw → 5.13.09
2026-10-02 15:18:27,317 - DEBUG - [global] needs_update: API → 5.13.09
2026-10-02 15:18:27,317 - DEBUG - [global] needs_update: лучший источник raw → 5.13.09 (из 2)
2026-10-02 15:18:27,317 - INFO - [global] needs_update: local=(5, 13, 7) remote=(5, 13, 9) -> has_update=True
2026-10-02 15:18:27,317 - INFO - [global] Доступна обнова! Спавню кнопку
2026-10-02 15:18:41,054 - INFO - [global] LogUploader: запускаю upload_run_logs...
2026-10-02 15:18:41,055 - DEBUG - [global] log_uploader: START window=periodic made=-1 token=...Rjnfq
2026-10-02 15:18:41,988 - DEBUG - [global] _api_put: GET runs/20261002_151841_fail_periodic.log -> 404
2026-10-02 15:18:43,920 - DEBUG - [global] _api_put: PUT runs/20261002_151841_fail_periodic.log -> 201 (12833 bytes)
2026-10-02 15:18:43,922 - DEBUG - [global] log_uploader: STEP 1 (window log) -> https://github.com/StarateJI/L2Mauto/blob/bot-logs/runs/20261002_151841_fail_periodic.log
2026-10-02 15:18:43,922 - DEBUG - [global] log_uploader: STEP 2 SKIP (no PNGs)
