=== Log tail 2026-09-27T11:20:32.564890 | last 200 lines ===
2026-09-27 11:12:41,571 - INFO - [global] [-BaseProfile-] Остановил слушалку
2026-09-27 11:12:42,023 - INFO - [global] [-BaseProfile-] Остановил слушалку
2026-09-27 11:12:42,048 - INFO - [global] Пачка 6/10: завершена за 59с
2026-09-27 11:12:43,048 - INFO - [global] Пачка 7/10: старт (2 окон: ['РспАнтохи', 'Tundra'])
2026-09-27 11:12:43,048 - INFO - [global] Запуск через 3 сек. | ['РспАнтохи', 'Tundra']
2026-09-27 11:12:47,803 - INFO - [global] LogUploader: запускаю upload_run_logs...
2026-09-27 11:12:47,805 - DEBUG - [global] log_uploader: START window=periodic made=-1 token=...Rjnfq
2026-09-27 11:12:49,078 - DEBUG - [global] _api_put: GET runs/20260927_111247_fail_periodic.log -> 404
2026-09-27 11:12:51,272 - DEBUG - [global] _api_put: PUT runs/20260927_111247_fail_periodic.log -> 201 (9330 bytes)
2026-09-27 11:12:51,276 - DEBUG - [global] log_uploader: STEP 1 (window log) -> https://github.com/StarateJI/L2Mauto/blob/bot-logs/runs/20260927_111247_fail_periodic.log
2026-09-27 11:12:51,277 - DEBUG - [global] log_uploader: STEP 2 SKIP (no PNGs)
2026-09-27 11:12:52,436 - DEBUG - [global] _api_put: GET runs/20260927_111247_fail_global.log -> 404
2026-09-27 11:12:52,810 - INFO - [global] Проверяю обновы...
2026-09-27 11:12:53,828 - DEBUG - [global] needs_update: raw → 5.13.09
2026-09-27 11:12:54,085 - DEBUG - [global] needs_update: API → 5.13.09
2026-09-27 11:12:54,092 - DEBUG - [global] needs_update: лучший источник raw → 5.13.09 (из 2)
2026-09-27 11:12:54,092 - INFO - [global] needs_update: local=(5, 13, 7) remote=(5, 13, 9) -> has_update=True
2026-09-27 11:12:54,092 - INFO - [global] Доступна обнова! Спавню кнопку
2026-09-27 11:12:54,826 - DEBUG - [global] _api_put: PUT runs/20260927_111247_fail_global.log -> 201 (20217 bytes)
2026-09-27 11:12:54,828 - DEBUG - [global] log_uploader: STEP 3 (global log) -> https://github.com/StarateJI/L2Mauto/blob/bot-logs/runs/20260927_111247_fail_global.log
2026-09-27 11:12:54,828 - DEBUG - [global] log_uploader: END window=periodic
2026-09-27 11:12:54,829 - INFO - [global] LogUploader: upload_run_logs завершён
2026-09-27 11:13:24,218 - INFO - [global] Проверяю обновы...
2026-09-27 11:13:25,191 - DEBUG - [global] needs_update: raw → 5.13.09
2026-09-27 11:13:25,333 - DEBUG - [global] needs_update: API → 5.13.09
2026-09-27 11:13:25,335 - DEBUG - [global] needs_update: лучший источник raw → 5.13.09 (из 2)
2026-09-27 11:13:25,335 - INFO - [global] needs_update: local=(5, 13, 7) remote=(5, 13, 9) -> has_update=True
2026-09-27 11:13:25,335 - INFO - [global] Доступна обнова! Спавню кнопку
2026-09-27 11:13:41,139 - INFO - [global] [-BaseProfile-] Остановил слушалку
2026-09-27 11:13:42,842 - INFO - [global] [-BaseProfile-] Остановил слушалку
2026-09-27 11:13:43,633 - INFO - [global] Пачка 7/10: завершена за 61с
2026-09-27 11:13:44,634 - INFO - [global] Пачка 8/10: старт (2 окон: ['Керриганн', '2680V4'])
2026-09-27 11:13:44,634 - INFO - [global] Запуск через 3 сек. | ['Керриганн', '2680V4']
2026-09-27 11:13:54,996 - INFO - [global] LogUploader: запускаю upload_run_logs...
2026-09-27 11:13:54,999 - DEBUG - [global] log_uploader: START window=periodic made=-1 token=...Rjnfq
2026-09-27 11:13:55,422 - INFO - [global] Проверяю обновы...
2026-09-27 11:13:56,309 - DEBUG - [global] _api_put: GET runs/20260927_111354_fail_periodic.log -> 404
2026-09-27 11:13:56,451 - DEBUG - [global] needs_update: raw → 5.13.09
2026-09-27 11:13:56,620 - DEBUG - [global] needs_update: API → 5.13.09
2026-09-27 11:13:56,621 - DEBUG - [global] needs_update: лучший источник raw → 5.13.09 (из 2)
2026-09-27 11:13:56,621 - INFO - [global] needs_update: local=(5, 13, 7) remote=(5, 13, 9) -> has_update=True
2026-09-27 11:13:56,621 - INFO - [global] Доступна обнова! Спавню кнопку
2026-09-27 11:13:58,279 - DEBUG - [global] _api_put: PUT runs/20260927_111354_fail_periodic.log -> 409 (9330 bytes)
2026-09-27 11:13:58,279 - WARNING - [global] _api_put: PUT failed body: {"message":"is at 3ef5bd604e52276d293768395d2cc9968c90b32c but expected bc4a3ddf3fc2dd80774777c3452190def857efe9","documentation_url":"https://docs.github.com/rest/repos/contents#create-or-update-file
2026-09-27 11:13:58,282 - DEBUG - [global] log_uploader: STEP 1 (window log) -> FAILED
2026-09-27 11:13:58,283 - DEBUG - [global] log_uploader: STEP 2 SKIP (no PNGs)
2026-09-27 11:13:59,438 - DEBUG - [global] _api_put: GET runs/20260927_111354_fail_global.log -> 404
2026-09-27 11:14:01,865 - DEBUG - [global] _api_put: PUT runs/20260927_111354_fail_global.log -> 201 (20127 bytes)
2026-09-27 11:14:01,868 - DEBUG - [global] log_uploader: STEP 3 (global log) -> https://github.com/StarateJI/L2Mauto/blob/bot-logs/runs/20260927_111354_fail_global.log
2026-09-27 11:14:01,868 - DEBUG - [global] log_uploader: END window=periodic
2026-09-27 11:14:01,868 - INFO - [global] LogUploader: upload_run_logs завершён
2026-09-27 11:14:26,656 - INFO - [global] Проверяю обновы...
2026-09-27 11:14:27,610 - DEBUG - [global] needs_update: raw → 5.13.09
2026-09-27 11:14:27,787 - DEBUG - [global] needs_update: API → 5.13.09
2026-09-27 11:14:27,787 - DEBUG - [global] needs_update: лучший источник raw → 5.13.09 (из 2)
2026-09-27 11:14:27,787 - INFO - [global] needs_update: local=(5, 13, 7) remote=(5, 13, 9) -> has_update=True
2026-09-27 11:14:27,787 - INFO - [global] Доступна обнова! Спавню кнопку
2026-09-27 11:14:41,790 - INFO - [global] [-BaseProfile-] Остановил слушалку
2026-09-27 11:14:42,161 - INFO - [global] [-BaseProfile-] Остановил слушалку
2026-09-27 11:14:42,198 - INFO - [global] Пачка 8/10: завершена за 58с
2026-09-27 11:14:43,201 - INFO - [global] Пачка 9/10: старт (2 окон: ['Zakamsk', 'Submariner'])
2026-09-27 11:14:43,201 - INFO - [global] Запуск через 3 сек. | ['Zakamsk', 'Submariner']
2026-09-27 11:14:57,831 - INFO - [global] Проверяю обновы...
2026-09-27 11:14:58,844 - DEBUG - [global] needs_update: raw → 5.13.09
2026-09-27 11:14:59,062 - DEBUG - [global] needs_update: API → 5.13.09
2026-09-27 11:14:59,065 - DEBUG - [global] needs_update: лучший источник raw → 5.13.09 (из 2)
2026-09-27 11:14:59,065 - INFO - [global] needs_update: local=(5, 13, 7) remote=(5, 13, 9) -> has_update=True
2026-09-27 11:14:59,065 - INFO - [global] Доступна обнова! Спавню кнопку
2026-09-27 11:15:01,946 - INFO - [global] LogUploader: запускаю upload_run_logs...
2026-09-27 11:15:01,947 - DEBUG - [global] log_uploader: START window=periodic made=-1 token=...Rjnfq
2026-09-27 11:15:02,916 - DEBUG - [global] _api_put: GET runs/20260927_111501_fail_periodic.log -> 404
2026-09-27 11:15:04,589 - DEBUG - [global] _api_put: PUT runs/20260927_111501_fail_periodic.log -> 201 (9330 bytes)
2026-09-27 11:15:04,591 - DEBUG - [global] log_uploader: STEP 1 (window log) -> https://github.com/StarateJI/L2Mauto/blob/bot-logs/runs/20260927_111501_fail_periodic.log
2026-09-27 11:15:04,592 - DEBUG - [global] log_uploader: STEP 2 SKIP (no PNGs)
2026-09-27 11:15:05,619 - DEBUG - [global] _api_put: GET runs/20260927_111501_fail_global.log -> 404
2026-09-27 11:15:07,568 - DEBUG - [global] _api_put: PUT runs/20260927_111501_fail_global.log -> 201 (20098 bytes)
2026-09-27 11:15:07,570 - DEBUG - [global] log_uploader: STEP 3 (global log) -> https://github.com/StarateJI/L2Mauto/blob/bot-logs/runs/20260927_111501_fail_global.log
2026-09-27 11:15:07,571 - DEBUG - [global] log_uploader: END window=periodic
2026-09-27 11:15:07,571 - INFO - [global] LogUploader: upload_run_logs завершён
2026-09-27 11:15:29,133 - INFO - [global] Проверяю обновы...
2026-09-27 11:15:30,097 - DEBUG - [global] needs_update: raw → 5.13.09
2026-09-27 11:15:30,326 - DEBUG - [global] needs_update: API → 5.13.09
2026-09-27 11:15:30,327 - DEBUG - [global] needs_update: лучший источник raw → 5.13.09 (из 2)
2026-09-27 11:15:30,327 - INFO - [global] needs_update: local=(5, 13, 7) remote=(5, 13, 9) -> has_update=True
2026-09-27 11:15:30,327 - INFO - [global] Доступна обнова! Спавню кнопку
2026-09-27 11:15:39,107 - INFO - [global] [-BaseProfile-] Остановил слушалку
2026-09-27 11:15:39,477 - INFO - [global] [-BaseProfile-] Остановил слушалку
2026-09-27 11:15:39,752 - INFO - [global] Пачка 9/10: завершена за 57с
2026-09-27 11:15:40,752 - INFO - [global] Пачка 10/10: старт (2 окон: ['Numa', 'Ken'])
2026-09-27 11:15:40,753 - INFO - [global] Запуск через 3 сек. | ['Numa', 'Ken']
2026-09-27 11:16:00,381 - INFO - [global] Проверяю обновы...
2026-09-27 11:16:01,248 - DEBUG - [global] needs_update: raw → 5.13.09
2026-09-27 11:16:01,633 - DEBUG - [global] needs_update: API → 5.13.09
2026-09-27 11:16:01,633 - DEBUG - [global] needs_update: лучший источник raw → 5.13.09 (из 2)
2026-09-27 11:16:01,633 - INFO - [global] needs_update: local=(5, 13, 7) remote=(5, 13, 9) -> has_update=True
2026-09-27 11:16:01,633 - INFO - [global] Доступна обнова! Спавню кнопку
2026-09-27 11:16:07,625 - INFO - [global] LogUploader: запускаю upload_run_logs...
2026-09-27 11:16:07,625 - DEBUG - [global] log_uploader: START window=periodic made=-1 token=...Rjnfq
2026-09-27 11:16:08,617 - DEBUG - [global] _api_put: GET runs/20260927_111607_fail_periodic.log -> 404
2026-09-27 11:16:10,133 - DEBUG - [global] _api_put: PUT runs/20260927_111607_fail_periodic.log -> 409 (9330 bytes)
2026-09-27 11:16:10,134 - WARNING - [global] _api_put: PUT failed body: {"message":"is at 77e7252af03bc87d59109e4b93d49c4d801f0a9b but expected e76d75494964e9401d6e275b3aa3cab9f50f9732","documentation_url":"https://docs.github.com/rest/repos/contents#create-or-update-file
2026-09-27 11:16:10,137 - DEBUG - [global] log_uploader: STEP 1 (window log) -> FAILED
2026-09-27 11:16:10,137 - DEBUG - [global] log_uploader: STEP 2 SKIP (no PNGs)
2026-09-27 11:16:11,143 - DEBUG - [global] _api_put: GET runs/20260927_111607_fail_global.log -> 404
2026-09-27 11:16:12,993 - DEBUG - [global] _api_put: PUT runs/20260927_111607_fail_global.log -> 409 (20095 bytes)
2026-09-27 11:16:12,993 - WARNING - [global] _api_put: PUT failed body: {"message":"is at 9ef63c72ff66ac52a84daaac955f76258cadca8d but expected 617cef056f14a4d273005410f1a264e9bea6d95e","documentation_url":"https://docs.github.com/rest/repos/contents#create-or-update-file
2026-09-27 11:16:12,996 - DEBUG - [global] log_uploader: STEP 3 (global log) -> FAILED
2026-09-27 11:16:12,996 - DEBUG - [global] log_uploader: END window=periodic
2026-09-27 11:16:12,996 - INFO - [global] LogUploader: upload_run_logs завершён
2026-09-27 11:16:31,656 - INFO - [global] Проверяю обновы...
2026-09-27 11:16:32,588 - DEBUG - [global] needs_update: raw → 5.13.09
2026-09-27 11:16:32,765 - DEBUG - [global] needs_update: API → 5.13.09
2026-09-27 11:16:32,765 - DEBUG - [global] needs_update: лучший источник raw → 5.13.09 (из 2)
2026-09-27 11:16:32,766 - INFO - [global] needs_update: local=(5, 13, 7) remote=(5, 13, 9) -> has_update=True
2026-09-27 11:16:32,766 - INFO - [global] Доступна обнова! Спавню кнопку
2026-09-27 11:16:34,008 - INFO - [global] [-BaseProfile-] Остановил слушалку
2026-09-27 11:16:35,677 - INFO - [global] [-BaseProfile-] Остановил слушалку
2026-09-27 11:16:36,306 - INFO - [global] Пачка 10/10: завершена за 56с
2026-09-27 11:16:37,306 - INFO - [global] Прогон завершён за 601с (10.0 мин). Пачек: 10.
2026-09-27 11:17:02,781 - INFO - [global] Проверяю обновы...
2026-09-27 11:17:03,668 - DEBUG - [global] needs_update: raw → 5.13.09
2026-09-27 11:17:03,846 - DEBUG - [global] needs_update: API → 5.13.09
2026-09-27 11:17:03,846 - DEBUG - [global] needs_update: лучший источник raw → 5.13.09 (из 2)
2026-09-27 11:17:03,846 - INFO - [global] needs_update: local=(5, 13, 7) remote=(5, 13, 9) -> has_update=True
2026-09-27 11:17:03,846 - INFO - [global] Доступна обнова! Спавню кнопку
2026-09-27 11:17:13,037 - INFO - [global] LogUploader: запускаю upload_run_logs...
2026-09-27 11:17:13,037 - DEBUG - [global] log_uploader: START window=periodic made=-1 token=...Rjnfq
2026-09-27 11:17:13,982 - DEBUG - [global] _api_put: GET runs/20260927_111713_fail_periodic.log -> 404
2026-09-27 11:17:15,721 - DEBUG - [global] _api_put: PUT runs/20260927_111713_fail_periodic.log -> 201 (9330 bytes)
2026-09-27 11:17:15,725 - DEBUG - [global] log_uploader: STEP 1 (window log) -> https://github.com/StarateJI/L2Mauto/blob/bot-logs/runs/20260927_111713_fail_periodic.log
2026-09-27 11:17:15,725 - DEBUG - [global] log_uploader: STEP 2 SKIP (no PNGs)
2026-09-27 11:17:16,695 - DEBUG - [global] _api_put: GET runs/20260927_111713_fail_global.log -> 404
2026-09-27 11:17:18,628 - DEBUG - [global] _api_put: PUT runs/20260927_111713_fail_global.log -> 201 (20206 bytes)
2026-09-27 11:17:18,629 - DEBUG - [global] log_uploader: STEP 3 (global log) -> https://github.com/StarateJI/L2Mauto/blob/bot-logs/runs/20260927_111713_fail_global.log
2026-09-27 11:17:18,629 - DEBUG - [global] log_uploader: END window=periodic
2026-09-27 11:17:18,629 - INFO - [global] LogUploader: upload_run_logs завершён
2026-09-27 11:17:33,865 - INFO - [global] Проверяю обновы...
2026-09-27 11:17:34,782 - DEBUG - [global] needs_update: raw → 5.13.09
2026-09-27 11:17:34,939 - DEBUG - [global] needs_update: API → 5.13.09
2026-09-27 11:17:34,940 - DEBUG - [global] needs_update: лучший источник raw → 5.13.09 (из 2)
2026-09-27 11:17:34,940 - INFO - [global] needs_update: local=(5, 13, 7) remote=(5, 13, 9) -> has_update=True
2026-09-27 11:17:34,940 - INFO - [global] Доступна обнова! Спавню кнопку
2026-09-27 11:18:04,962 - INFO - [global] Проверяю обновы...
2026-09-27 11:18:05,800 - DEBUG - [global] needs_update: raw → 5.13.09
2026-09-27 11:18:06,032 - DEBUG - [global] needs_update: API → 5.13.09
2026-09-27 11:18:06,032 - DEBUG - [global] needs_update: лучший источник raw → 5.13.09 (из 2)
2026-09-27 11:18:06,032 - INFO - [global] needs_update: local=(5, 13, 7) remote=(5, 13, 9) -> has_update=True
2026-09-27 11:18:06,033 - INFO - [global] Доступна обнова! Спавню кнопку
2026-09-27 11:18:18,676 - INFO - [global] LogUploader: запускаю upload_run_logs...
2026-09-27 11:18:18,676 - DEBUG - [global] log_uploader: START window=periodic made=-1 token=...Rjnfq
2026-09-27 11:18:19,642 - DEBUG - [global] _api_put: GET runs/20260927_111818_fail_periodic.log -> 404
2026-09-27 11:18:21,235 - DEBUG - [global] _api_put: PUT runs/20260927_111818_fail_periodic.log -> 201 (9330 bytes)
2026-09-27 11:18:21,237 - DEBUG - [global] log_uploader: STEP 1 (window log) -> https://github.com/StarateJI/L2Mauto/blob/bot-logs/runs/20260927_111818_fail_periodic.log
2026-09-27 11:18:21,237 - DEBUG - [global] log_uploader: STEP 2 SKIP (no PNGs)
2026-09-27 11:18:22,243 - DEBUG - [global] _api_put: GET runs/20260927_111818_fail_global.log -> 404
2026-09-27 11:18:24,052 - DEBUG - [global] _api_put: PUT runs/20260927_111818_fail_global.log -> 201 (20200 bytes)
2026-09-27 11:18:24,053 - DEBUG - [global] log_uploader: STEP 3 (global log) -> https://github.com/StarateJI/L2Mauto/blob/bot-logs/runs/20260927_111818_fail_global.log
2026-09-27 11:18:24,054 - DEBUG - [global] log_uploader: END window=periodic
2026-09-27 11:18:24,054 - INFO - [global] LogUploader: upload_run_logs завершён
2026-09-27 11:18:36,051 - INFO - [global] Проверяю обновы...
2026-09-27 11:18:36,966 - DEBUG - [global] needs_update: raw → 5.13.09
2026-09-27 11:18:37,120 - DEBUG - [global] needs_update: API → 5.13.09
2026-09-27 11:18:37,121 - DEBUG - [global] needs_update: лучший источник raw → 5.13.09 (из 2)
2026-09-27 11:18:37,121 - INFO - [global] needs_update: local=(5, 13, 7) remote=(5, 13, 9) -> has_update=True
2026-09-27 11:18:37,121 - INFO - [global] Доступна обнова! Спавню кнопку
2026-09-27 11:19:07,144 - INFO - [global] Проверяю обновы...
2026-09-27 11:19:08,080 - DEBUG - [global] needs_update: raw → 5.13.09
2026-09-27 11:19:08,281 - DEBUG - [global] needs_update: API → 5.13.09
2026-09-27 11:19:08,281 - DEBUG - [global] needs_update: лучший источник raw → 5.13.09 (из 2)
2026-09-27 11:19:08,281 - INFO - [global] needs_update: local=(5, 13, 7) remote=(5, 13, 9) -> has_update=True
2026-09-27 11:19:08,281 - INFO - [global] Доступна обнова! Спавню кнопку
2026-09-27 11:19:24,117 - INFO - [global] LogUploader: запускаю upload_run_logs...
2026-09-27 11:19:24,117 - DEBUG - [global] log_uploader: START window=periodic made=-1 token=...Rjnfq
2026-09-27 11:19:25,095 - DEBUG - [global] _api_put: GET runs/20260927_111924_fail_periodic.log -> 404
2026-09-27 11:19:26,741 - DEBUG - [global] _api_put: PUT runs/20260927_111924_fail_periodic.log -> 201 (9330 bytes)
2026-09-27 11:19:26,743 - DEBUG - [global] log_uploader: STEP 1 (window log) -> https://github.com/StarateJI/L2Mauto/blob/bot-logs/runs/20260927_111924_fail_periodic.log
2026-09-27 11:19:26,744 - DEBUG - [global] log_uploader: STEP 2 SKIP (no PNGs)
2026-09-27 11:19:27,779 - DEBUG - [global] _api_put: GET runs/20260927_111924_fail_global.log -> 404
2026-09-27 11:19:29,702 - DEBUG - [global] _api_put: PUT runs/20260927_111924_fail_global.log -> 201 (20346 bytes)
2026-09-27 11:19:29,704 - DEBUG - [global] log_uploader: STEP 3 (global log) -> https://github.com/StarateJI/L2Mauto/blob/bot-logs/runs/20260927_111924_fail_global.log
2026-09-27 11:19:29,705 - DEBUG - [global] log_uploader: END window=periodic
2026-09-27 11:19:29,705 - INFO - [global] LogUploader: upload_run_logs завершён
2026-09-27 11:19:38,306 - INFO - [global] Проверяю обновы...
2026-09-27 11:19:39,249 - DEBUG - [global] needs_update: raw → 5.13.09
2026-09-27 11:19:39,405 - DEBUG - [global] needs_update: API → 5.13.09
2026-09-27 11:19:39,405 - DEBUG - [global] needs_update: лучший источник raw → 5.13.09 (из 2)
2026-09-27 11:19:39,406 - INFO - [global] needs_update: local=(5, 13, 7) remote=(5, 13, 9) -> has_update=True
2026-09-27 11:19:39,406 - INFO - [global] Доступна обнова! Спавню кнопку
2026-09-27 11:20:09,480 - INFO - [global] Проверяю обновы...
2026-09-27 11:20:10,385 - DEBUG - [global] needs_update: raw → 5.13.09
2026-09-27 11:20:10,640 - DEBUG - [global] needs_update: API → 5.13.09
2026-09-27 11:20:10,641 - DEBUG - [global] needs_update: лучший источник raw → 5.13.09 (из 2)
2026-09-27 11:20:10,641 - INFO - [global] needs_update: local=(5, 13, 7) remote=(5, 13, 9) -> has_update=True
2026-09-27 11:20:10,641 - INFO - [global] Доступна обнова! Спавню кнопку
2026-09-27 11:20:29,838 - INFO - [global] LogUploader: запускаю upload_run_logs...
2026-09-27 11:20:29,839 - DEBUG - [global] log_uploader: START window=periodic made=-1 token=...Rjnfq
2026-09-27 11:20:30,865 - DEBUG - [global] _api_put: GET runs/20260927_112029_fail_periodic.log -> 404
2026-09-27 11:20:32,526 - DEBUG - [global] _api_put: PUT runs/20260927_112029_fail_periodic.log -> 201 (9330 bytes)
2026-09-27 11:20:32,528 - DEBUG - [global] log_uploader: STEP 1 (window log) -> https://github.com/StarateJI/L2Mauto/blob/bot-logs/runs/20260927_112029_fail_periodic.log
2026-09-27 11:20:32,530 - DEBUG - [global] log_uploader: STEP 2 SKIP (no PNGs)
