=== Log tail 2026-09-26T03:22:29.827197 | last 200 lines ===
2026-09-26 03:13:29,735 - DEBUG - [global] needs_update: API → 5.13.09
2026-09-26 03:13:29,735 - DEBUG - [global] needs_update: лучший источник raw → 5.13.09 (из 2)
2026-09-26 03:13:29,735 - INFO - [global] needs_update: local=(5, 13, 7) remote=(5, 13, 9) -> has_update=True
2026-09-26 03:13:29,735 - INFO - [global] Доступна обнова! Спавню кнопку
2026-09-26 03:13:46,911 - INFO - [global] LogUploader: запускаю upload_run_logs...
2026-09-26 03:13:46,911 - DEBUG - [global] log_uploader: START window=periodic made=-1 token=...Rjnfq
2026-09-26 03:13:47,792 - DEBUG - [global] _api_put: GET runs/20260926_031346_fail_periodic.log -> 404
2026-09-26 03:13:49,804 - DEBUG - [global] _api_put: PUT runs/20260926_031346_fail_periodic.log -> 201 (477 bytes)
2026-09-26 03:13:49,806 - DEBUG - [global] log_uploader: STEP 1 (window log) -> https://github.com/StarateJI/L2Mauto/blob/bot-logs/runs/20260926_031346_fail_periodic.log
2026-09-26 03:13:49,806 - DEBUG - [global] log_uploader: STEP 2 SKIP (no PNGs)
2026-09-26 03:13:50,668 - DEBUG - [global] _api_put: GET runs/20260926_031346_fail_global.log -> 404
2026-09-26 03:13:52,354 - DEBUG - [global] _api_put: PUT runs/20260926_031346_fail_global.log -> 201 (20001 bytes)
2026-09-26 03:13:52,355 - DEBUG - [global] log_uploader: STEP 3 (global log) -> https://github.com/StarateJI/L2Mauto/blob/bot-logs/runs/20260926_031346_fail_global.log
2026-09-26 03:13:52,355 - DEBUG - [global] log_uploader: END window=periodic
2026-09-26 03:13:52,355 - INFO - [global] LogUploader: upload_run_logs завершён
2026-09-26 03:13:59,747 - INFO - [global] Проверяю обновы...
2026-09-26 03:14:00,502 - DEBUG - [global] needs_update: raw → 5.13.09
2026-09-26 03:14:00,737 - DEBUG - [global] needs_update: API → 5.13.09
2026-09-26 03:14:00,737 - DEBUG - [global] needs_update: лучший источник raw → 5.13.09 (из 2)
2026-09-26 03:14:00,737 - INFO - [global] needs_update: local=(5, 13, 7) remote=(5, 13, 9) -> has_update=True
2026-09-26 03:14:00,738 - INFO - [global] Доступна обнова! Спавню кнопку
2026-09-26 03:14:30,755 - INFO - [global] Проверяю обновы...
2026-09-26 03:14:31,514 - DEBUG - [global] needs_update: raw → 5.13.09
2026-09-26 03:14:31,722 - DEBUG - [global] needs_update: API → 5.13.09
2026-09-26 03:14:31,722 - DEBUG - [global] needs_update: лучший источник raw → 5.13.09 (из 2)
2026-09-26 03:14:31,723 - INFO - [global] needs_update: local=(5, 13, 7) remote=(5, 13, 9) -> has_update=True
2026-09-26 03:14:31,723 - INFO - [global] Доступна обнова! Спавню кнопку
2026-09-26 03:14:52,383 - INFO - [global] LogUploader: запускаю upload_run_logs...
2026-09-26 03:14:52,383 - DEBUG - [global] log_uploader: START window=periodic made=-1 token=...Rjnfq
2026-09-26 03:14:53,223 - DEBUG - [global] _api_put: GET runs/20260926_031452_fail_periodic.log -> 404
2026-09-26 03:14:54,726 - DEBUG - [global] _api_put: PUT runs/20260926_031452_fail_periodic.log -> 201 (477 bytes)
2026-09-26 03:14:54,728 - DEBUG - [global] log_uploader: STEP 1 (window log) -> https://github.com/StarateJI/L2Mauto/blob/bot-logs/runs/20260926_031452_fail_periodic.log
2026-09-26 03:14:54,729 - DEBUG - [global] log_uploader: STEP 2 SKIP (no PNGs)
2026-09-26 03:14:55,569 - DEBUG - [global] _api_put: GET runs/20260926_031452_fail_global.log -> 404
2026-09-26 03:14:57,263 - DEBUG - [global] _api_put: PUT runs/20260926_031452_fail_global.log -> 201 (20001 bytes)
2026-09-26 03:14:57,265 - DEBUG - [global] log_uploader: STEP 3 (global log) -> https://github.com/StarateJI/L2Mauto/blob/bot-logs/runs/20260926_031452_fail_global.log
2026-09-26 03:14:57,265 - DEBUG - [global] log_uploader: END window=periodic
2026-09-26 03:14:57,265 - INFO - [global] LogUploader: upload_run_logs завершён
2026-09-26 03:15:01,738 - INFO - [global] Проверяю обновы...
2026-09-26 03:15:02,494 - DEBUG - [global] needs_update: raw → 5.13.09
2026-09-26 03:15:02,716 - DEBUG - [global] needs_update: API → 5.13.09
2026-09-26 03:15:02,716 - DEBUG - [global] needs_update: лучший источник raw → 5.13.09 (из 2)
2026-09-26 03:15:02,716 - INFO - [global] needs_update: local=(5, 13, 7) remote=(5, 13, 9) -> has_update=True
2026-09-26 03:15:02,716 - INFO - [global] Доступна обнова! Спавню кнопку
2026-09-26 03:15:32,729 - INFO - [global] Проверяю обновы...
2026-09-26 03:15:33,511 - DEBUG - [global] needs_update: raw → 5.13.09
2026-09-26 03:15:33,685 - DEBUG - [global] needs_update: API → 5.13.09
2026-09-26 03:15:33,686 - DEBUG - [global] needs_update: лучший источник raw → 5.13.09 (из 2)
2026-09-26 03:15:33,686 - INFO - [global] needs_update: local=(5, 13, 7) remote=(5, 13, 9) -> has_update=True
2026-09-26 03:15:33,686 - INFO - [global] Доступна обнова! Спавню кнопку
2026-09-26 03:15:57,292 - INFO - [global] LogUploader: запускаю upload_run_logs...
2026-09-26 03:15:57,292 - DEBUG - [global] log_uploader: START window=periodic made=-1 token=...Rjnfq
2026-09-26 03:15:58,204 - DEBUG - [global] _api_put: GET runs/20260926_031557_fail_periodic.log -> 404
2026-09-26 03:15:59,810 - DEBUG - [global] _api_put: PUT runs/20260926_031557_fail_periodic.log -> 201 (477 bytes)
2026-09-26 03:15:59,811 - DEBUG - [global] log_uploader: STEP 1 (window log) -> https://github.com/StarateJI/L2Mauto/blob/bot-logs/runs/20260926_031557_fail_periodic.log
2026-09-26 03:15:59,812 - DEBUG - [global] log_uploader: STEP 2 SKIP (no PNGs)
2026-09-26 03:16:00,696 - DEBUG - [global] _api_put: GET runs/20260926_031557_fail_global.log -> 404
2026-09-26 03:16:02,483 - DEBUG - [global] _api_put: PUT runs/20260926_031557_fail_global.log -> 201 (20001 bytes)
2026-09-26 03:16:02,485 - DEBUG - [global] log_uploader: STEP 3 (global log) -> https://github.com/StarateJI/L2Mauto/blob/bot-logs/runs/20260926_031557_fail_global.log
2026-09-26 03:16:02,485 - DEBUG - [global] log_uploader: END window=periodic
2026-09-26 03:16:02,485 - INFO - [global] LogUploader: upload_run_logs завершён
2026-09-26 03:16:03,700 - INFO - [global] Проверяю обновы...
2026-09-26 03:16:04,463 - DEBUG - [global] needs_update: raw → 5.13.09
2026-09-26 03:16:04,836 - DEBUG - [global] needs_update: API → 5.13.09
2026-09-26 03:16:04,836 - DEBUG - [global] needs_update: лучший источник raw → 5.13.09 (из 2)
2026-09-26 03:16:04,836 - INFO - [global] needs_update: local=(5, 13, 7) remote=(5, 13, 9) -> has_update=True
2026-09-26 03:16:04,836 - INFO - [global] Доступна обнова! Спавню кнопку
2026-09-26 03:16:34,855 - INFO - [global] Проверяю обновы...
2026-09-26 03:16:35,667 - DEBUG - [global] needs_update: raw → 5.13.09
2026-09-26 03:16:35,889 - DEBUG - [global] needs_update: API → 5.13.09
2026-09-26 03:16:35,890 - DEBUG - [global] needs_update: лучший источник raw → 5.13.09 (из 2)
2026-09-26 03:16:35,890 - INFO - [global] needs_update: local=(5, 13, 7) remote=(5, 13, 9) -> has_update=True
2026-09-26 03:16:35,890 - INFO - [global] Доступна обнова! Спавню кнопку
2026-09-26 03:17:02,512 - INFO - [global] LogUploader: запускаю upload_run_logs...
2026-09-26 03:17:02,512 - DEBUG - [global] log_uploader: START window=periodic made=-1 token=...Rjnfq
2026-09-26 03:17:03,391 - DEBUG - [global] _api_put: GET runs/20260926_031702_fail_periodic.log -> 404
2026-09-26 03:17:04,869 - DEBUG - [global] _api_put: PUT runs/20260926_031702_fail_periodic.log -> 201 (477 bytes)
2026-09-26 03:17:04,870 - DEBUG - [global] log_uploader: STEP 1 (window log) -> https://github.com/StarateJI/L2Mauto/blob/bot-logs/runs/20260926_031702_fail_periodic.log
2026-09-26 03:17:04,871 - DEBUG - [global] log_uploader: STEP 2 SKIP (no PNGs)
2026-09-26 03:17:05,736 - DEBUG - [global] _api_put: GET runs/20260926_031702_fail_global.log -> 404
2026-09-26 03:17:05,904 - INFO - [global] Проверяю обновы...
2026-09-26 03:17:06,762 - DEBUG - [global] needs_update: raw → 5.13.09
2026-09-26 03:17:06,936 - DEBUG - [global] needs_update: API → 5.13.09
2026-09-26 03:17:06,936 - DEBUG - [global] needs_update: лучший источник raw → 5.13.09 (из 2)
2026-09-26 03:17:06,937 - INFO - [global] needs_update: local=(5, 13, 7) remote=(5, 13, 9) -> has_update=True
2026-09-26 03:17:06,937 - INFO - [global] Доступна обнова! Спавню кнопку
2026-09-26 03:17:07,646 - DEBUG - [global] _api_put: PUT runs/20260926_031702_fail_global.log -> 201 (20001 bytes)
2026-09-26 03:17:07,648 - DEBUG - [global] log_uploader: STEP 3 (global log) -> https://github.com/StarateJI/L2Mauto/blob/bot-logs/runs/20260926_031702_fail_global.log
2026-09-26 03:17:07,648 - DEBUG - [global] log_uploader: END window=periodic
2026-09-26 03:17:07,649 - INFO - [global] LogUploader: upload_run_logs завершён
2026-09-26 03:17:36,954 - INFO - [global] Проверяю обновы...
2026-09-26 03:17:37,743 - DEBUG - [global] needs_update: raw → 5.13.09
2026-09-26 03:17:37,933 - DEBUG - [global] needs_update: API → 5.13.09
2026-09-26 03:17:37,933 - DEBUG - [global] needs_update: лучший источник raw → 5.13.09 (из 2)
2026-09-26 03:17:37,933 - INFO - [global] needs_update: local=(5, 13, 7) remote=(5, 13, 9) -> has_update=True
2026-09-26 03:17:37,933 - INFO - [global] Доступна обнова! Спавню кнопку
2026-09-26 03:18:07,679 - INFO - [global] LogUploader: запускаю upload_run_logs...
2026-09-26 03:18:07,680 - DEBUG - [global] log_uploader: START window=periodic made=-1 token=...Rjnfq
2026-09-26 03:18:07,947 - INFO - [global] Проверяю обновы...
2026-09-26 03:18:08,594 - DEBUG - [global] _api_put: GET runs/20260926_031807_fail_periodic.log -> 404
2026-09-26 03:18:08,778 - DEBUG - [global] needs_update: raw → 5.13.09
2026-09-26 03:18:08,952 - DEBUG - [global] needs_update: API → 5.13.09
2026-09-26 03:18:08,952 - DEBUG - [global] needs_update: лучший источник raw → 5.13.09 (из 2)
2026-09-26 03:18:08,952 - INFO - [global] needs_update: local=(5, 13, 7) remote=(5, 13, 9) -> has_update=True
2026-09-26 03:18:08,952 - INFO - [global] Доступна обнова! Спавню кнопку
2026-09-26 03:18:10,100 - DEBUG - [global] _api_put: PUT runs/20260926_031807_fail_periodic.log -> 201 (477 bytes)
2026-09-26 03:18:10,102 - DEBUG - [global] log_uploader: STEP 1 (window log) -> https://github.com/StarateJI/L2Mauto/blob/bot-logs/runs/20260926_031807_fail_periodic.log
2026-09-26 03:18:10,102 - DEBUG - [global] log_uploader: STEP 2 SKIP (no PNGs)
2026-09-26 03:18:11,010 - DEBUG - [global] _api_put: GET runs/20260926_031807_fail_global.log -> 404
2026-09-26 03:18:12,741 - DEBUG - [global] _api_put: PUT runs/20260926_031807_fail_global.log -> 201 (20001 bytes)
2026-09-26 03:18:12,743 - DEBUG - [global] log_uploader: STEP 3 (global log) -> https://github.com/StarateJI/L2Mauto/blob/bot-logs/runs/20260926_031807_fail_global.log
2026-09-26 03:18:12,743 - DEBUG - [global] log_uploader: END window=periodic
2026-09-26 03:18:12,743 - INFO - [global] LogUploader: upload_run_logs завершён
2026-09-26 03:18:38,967 - INFO - [global] Проверяю обновы...
2026-09-26 03:18:39,725 - DEBUG - [global] needs_update: raw → 5.13.09
2026-09-26 03:18:40,007 - DEBUG - [global] needs_update: API → 5.13.09
2026-09-26 03:18:40,007 - DEBUG - [global] needs_update: лучший источник raw → 5.13.09 (из 2)
2026-09-26 03:18:40,007 - INFO - [global] needs_update: local=(5, 13, 7) remote=(5, 13, 9) -> has_update=True
2026-09-26 03:18:40,007 - INFO - [global] Доступна обнова! Спавню кнопку
2026-09-26 03:19:10,020 - INFO - [global] Проверяю обновы...
2026-09-26 03:19:10,761 - DEBUG - [global] needs_update: raw → 5.13.09
2026-09-26 03:19:11,004 - DEBUG - [global] needs_update: API → 5.13.09
2026-09-26 03:19:11,004 - DEBUG - [global] needs_update: лучший источник raw → 5.13.09 (из 2)
2026-09-26 03:19:11,004 - INFO - [global] needs_update: local=(5, 13, 7) remote=(5, 13, 9) -> has_update=True
2026-09-26 03:19:11,004 - INFO - [global] Доступна обнова! Спавню кнопку
2026-09-26 03:19:12,774 - INFO - [global] LogUploader: запускаю upload_run_logs...
2026-09-26 03:19:12,774 - DEBUG - [global] log_uploader: START window=periodic made=-1 token=...Rjnfq
2026-09-26 03:19:13,615 - DEBUG - [global] _api_put: GET runs/20260926_031912_fail_periodic.log -> 404
2026-09-26 03:19:15,174 - DEBUG - [global] _api_put: PUT runs/20260926_031912_fail_periodic.log -> 201 (477 bytes)
2026-09-26 03:19:15,176 - DEBUG - [global] log_uploader: STEP 1 (window log) -> https://github.com/StarateJI/L2Mauto/blob/bot-logs/runs/20260926_031912_fail_periodic.log
2026-09-26 03:19:15,176 - DEBUG - [global] log_uploader: STEP 2 SKIP (no PNGs)
2026-09-26 03:19:16,063 - DEBUG - [global] _api_put: GET runs/20260926_031912_fail_global.log -> 404
2026-09-26 03:19:17,668 - DEBUG - [global] _api_put: PUT runs/20260926_031912_fail_global.log -> 201 (20001 bytes)
2026-09-26 03:19:17,670 - DEBUG - [global] log_uploader: STEP 3 (global log) -> https://github.com/StarateJI/L2Mauto/blob/bot-logs/runs/20260926_031912_fail_global.log
2026-09-26 03:19:17,670 - DEBUG - [global] log_uploader: END window=periodic
2026-09-26 03:19:17,671 - INFO - [global] LogUploader: upload_run_logs завершён
2026-09-26 03:19:41,021 - INFO - [global] Проверяю обновы...
2026-09-26 03:19:41,797 - DEBUG - [global] needs_update: raw → 5.13.09
2026-09-26 03:19:41,970 - DEBUG - [global] needs_update: API → 5.13.09
2026-09-26 03:19:41,970 - DEBUG - [global] needs_update: лучший источник raw → 5.13.09 (из 2)
2026-09-26 03:19:41,970 - INFO - [global] needs_update: local=(5, 13, 7) remote=(5, 13, 9) -> has_update=True
2026-09-26 03:19:41,970 - INFO - [global] Доступна обнова! Спавню кнопку
2026-09-26 03:20:11,985 - INFO - [global] Проверяю обновы...
2026-09-26 03:20:12,770 - DEBUG - [global] needs_update: raw → 5.13.09
2026-09-26 03:20:12,954 - DEBUG - [global] needs_update: API → 5.13.09
2026-09-26 03:20:12,954 - DEBUG - [global] needs_update: лучший источник raw → 5.13.09 (из 2)
2026-09-26 03:20:12,954 - INFO - [global] needs_update: local=(5, 13, 7) remote=(5, 13, 9) -> has_update=True
2026-09-26 03:20:12,954 - INFO - [global] Доступна обнова! Спавню кнопку
2026-09-26 03:20:17,698 - INFO - [global] LogUploader: запускаю upload_run_logs...
2026-09-26 03:20:17,698 - DEBUG - [global] log_uploader: START window=periodic made=-1 token=...Rjnfq
2026-09-26 03:20:18,526 - DEBUG - [global] _api_put: GET runs/20260926_032017_fail_periodic.log -> 404
2026-09-26 03:20:20,071 - DEBUG - [global] _api_put: PUT runs/20260926_032017_fail_periodic.log -> 201 (477 bytes)
2026-09-26 03:20:20,073 - DEBUG - [global] log_uploader: STEP 1 (window log) -> https://github.com/StarateJI/L2Mauto/blob/bot-logs/runs/20260926_032017_fail_periodic.log
2026-09-26 03:20:20,073 - DEBUG - [global] log_uploader: STEP 2 SKIP (no PNGs)
2026-09-26 03:20:20,896 - DEBUG - [global] _api_put: GET runs/20260926_032017_fail_global.log -> 404
2026-09-26 03:20:22,544 - DEBUG - [global] _api_put: PUT runs/20260926_032017_fail_global.log -> 201 (20001 bytes)
2026-09-26 03:20:22,547 - DEBUG - [global] log_uploader: STEP 3 (global log) -> https://github.com/StarateJI/L2Mauto/blob/bot-logs/runs/20260926_032017_fail_global.log
2026-09-26 03:20:22,547 - DEBUG - [global] log_uploader: END window=periodic
2026-09-26 03:20:22,547 - INFO - [global] LogUploader: upload_run_logs завершён
2026-09-26 03:20:42,967 - INFO - [global] Проверяю обновы...
2026-09-26 03:20:43,725 - DEBUG - [global] needs_update: raw → 5.13.09
2026-09-26 03:20:43,897 - DEBUG - [global] needs_update: API → 5.13.09
2026-09-26 03:20:43,897 - DEBUG - [global] needs_update: лучший источник raw → 5.13.09 (из 2)
2026-09-26 03:20:43,898 - INFO - [global] needs_update: local=(5, 13, 7) remote=(5, 13, 9) -> has_update=True
2026-09-26 03:20:43,898 - INFO - [global] Доступна обнова! Спавню кнопку
2026-09-26 03:21:13,912 - INFO - [global] Проверяю обновы...
2026-09-26 03:21:14,688 - DEBUG - [global] needs_update: raw → 5.13.09
2026-09-26 03:21:14,884 - DEBUG - [global] needs_update: API → 5.13.09
2026-09-26 03:21:14,885 - DEBUG - [global] needs_update: лучший источник raw → 5.13.09 (из 2)
2026-09-26 03:21:14,885 - INFO - [global] needs_update: local=(5, 13, 7) remote=(5, 13, 9) -> has_update=True
2026-09-26 03:21:14,885 - INFO - [global] Доступна обнова! Спавню кнопку
2026-09-26 03:21:22,573 - INFO - [global] LogUploader: запускаю upload_run_logs...
2026-09-26 03:21:22,573 - DEBUG - [global] log_uploader: START window=periodic made=-1 token=...Rjnfq
2026-09-26 03:21:23,415 - DEBUG - [global] _api_put: GET runs/20260926_032122_fail_periodic.log -> 404
2026-09-26 03:21:24,943 - DEBUG - [global] _api_put: PUT runs/20260926_032122_fail_periodic.log -> 201 (477 bytes)
2026-09-26 03:21:24,945 - DEBUG - [global] log_uploader: STEP 1 (window log) -> https://github.com/StarateJI/L2Mauto/blob/bot-logs/runs/20260926_032122_fail_periodic.log
2026-09-26 03:21:24,945 - DEBUG - [global] log_uploader: STEP 2 SKIP (no PNGs)
2026-09-26 03:21:25,825 - DEBUG - [global] _api_put: GET runs/20260926_032122_fail_global.log -> 404
2026-09-26 03:21:27,503 - DEBUG - [global] _api_put: PUT runs/20260926_032122_fail_global.log -> 201 (20001 bytes)
2026-09-26 03:21:27,504 - DEBUG - [global] log_uploader: STEP 3 (global log) -> https://github.com/StarateJI/L2Mauto/blob/bot-logs/runs/20260926_032122_fail_global.log
2026-09-26 03:21:27,504 - DEBUG - [global] log_uploader: END window=periodic
2026-09-26 03:21:27,505 - INFO - [global] LogUploader: upload_run_logs завершён
2026-09-26 03:21:44,897 - INFO - [global] Проверяю обновы...
2026-09-26 03:21:45,636 - DEBUG - [global] needs_update: raw → 5.13.09
2026-09-26 03:21:45,855 - DEBUG - [global] needs_update: API → 5.13.09
2026-09-26 03:21:45,855 - DEBUG - [global] needs_update: лучший источник raw → 5.13.09 (из 2)
2026-09-26 03:21:45,855 - INFO - [global] needs_update: local=(5, 13, 7) remote=(5, 13, 9) -> has_update=True
2026-09-26 03:21:45,855 - INFO - [global] Доступна обнова! Спавню кнопку
2026-09-26 03:22:15,872 - INFO - [global] Проверяю обновы...
2026-09-26 03:22:16,650 - DEBUG - [global] needs_update: raw → 5.13.09
2026-09-26 03:22:16,828 - DEBUG - [global] needs_update: API → 5.13.09
2026-09-26 03:22:16,828 - DEBUG - [global] needs_update: лучший источник raw → 5.13.09 (из 2)
2026-09-26 03:22:16,828 - INFO - [global] needs_update: local=(5, 13, 7) remote=(5, 13, 9) -> has_update=True
2026-09-26 03:22:16,828 - INFO - [global] Доступна обнова! Спавню кнопку
2026-09-26 03:22:27,536 - INFO - [global] LogUploader: запускаю upload_run_logs...
2026-09-26 03:22:27,536 - DEBUG - [global] log_uploader: START window=periodic made=-1 token=...Rjnfq
2026-09-26 03:22:28,350 - DEBUG - [global] _api_put: GET runs/20260926_032227_fail_periodic.log -> 404
2026-09-26 03:22:29,795 - DEBUG - [global] _api_put: PUT runs/20260926_032227_fail_periodic.log -> 201 (477 bytes)
2026-09-26 03:22:29,797 - DEBUG - [global] log_uploader: STEP 1 (window log) -> https://github.com/StarateJI/L2Mauto/blob/bot-logs/runs/20260926_032227_fail_periodic.log
2026-09-26 03:22:29,797 - DEBUG - [global] log_uploader: STEP 2 SKIP (no PNGs)
