=== Log tail 2026-10-04T06:20:25.358525 | last 200 lines ===
2026-10-04 06:11:08,373 - DEBUG - [global] needs_update: API → 5.13.09
2026-10-04 06:11:08,373 - DEBUG - [global] needs_update: лучший источник raw → 5.13.09 (из 2)
2026-10-04 06:11:08,373 - INFO - [global] needs_update: local=(5, 13, 7) remote=(5, 13, 9) -> has_update=True
2026-10-04 06:11:08,373 - INFO - [global] Доступна обнова! Спавню кнопку
2026-10-04 06:11:37,939 - INFO - [global] LogUploader: запускаю upload_run_logs...
2026-10-04 06:11:37,939 - DEBUG - [global] log_uploader: START window=periodic made=-1 token=...Rjnfq
2026-10-04 06:11:38,386 - INFO - [global] Проверяю обновы...
2026-10-04 06:11:38,824 - DEBUG - [global] _api_put: GET runs/20261004_061137_fail_periodic.log -> 404
2026-10-04 06:11:39,194 - DEBUG - [global] needs_update: raw → 5.13.09
2026-10-04 06:11:39,373 - DEBUG - [global] needs_update: API → 5.13.09
2026-10-04 06:11:39,373 - DEBUG - [global] needs_update: лучший источник raw → 5.13.09 (из 2)
2026-10-04 06:11:39,373 - INFO - [global] needs_update: local=(5, 13, 7) remote=(5, 13, 9) -> has_update=True
2026-10-04 06:11:39,373 - INFO - [global] Доступна обнова! Спавню кнопку
2026-10-04 06:11:40,611 - DEBUG - [global] _api_put: PUT runs/20261004_061137_fail_periodic.log -> 201 (3827 bytes)
2026-10-04 06:11:40,612 - DEBUG - [global] log_uploader: STEP 1 (window log) -> https://github.com/StarateJI/L2Mauto/blob/bot-logs/runs/20261004_061137_fail_periodic.log
2026-10-04 06:11:40,613 - DEBUG - [global] log_uploader: STEP 2 SKIP (no PNGs)
2026-10-04 06:11:41,548 - DEBUG - [global] _api_put: GET runs/20261004_061137_fail_global.log -> 404
2026-10-04 06:11:43,537 - DEBUG - [global] _api_put: PUT runs/20261004_061137_fail_global.log -> 201 (19992 bytes)
2026-10-04 06:11:43,539 - DEBUG - [global] log_uploader: STEP 3 (global log) -> https://github.com/StarateJI/L2Mauto/blob/bot-logs/runs/20261004_061137_fail_global.log
2026-10-04 06:11:43,539 - DEBUG - [global] log_uploader: END window=periodic
2026-10-04 06:11:43,539 - INFO - [global] LogUploader: upload_run_logs завершён
2026-10-04 06:12:09,389 - INFO - [global] Проверяю обновы...
2026-10-04 06:12:10,204 - DEBUG - [global] needs_update: raw → 5.13.09
2026-10-04 06:12:10,382 - DEBUG - [global] needs_update: API → 5.13.09
2026-10-04 06:12:10,382 - DEBUG - [global] needs_update: лучший источник raw → 5.13.09 (из 2)
2026-10-04 06:12:10,382 - INFO - [global] needs_update: local=(5, 13, 7) remote=(5, 13, 9) -> has_update=True
2026-10-04 06:12:10,382 - INFO - [global] Доступна обнова! Спавню кнопку
2026-10-04 06:12:40,397 - INFO - [global] Проверяю обновы...
2026-10-04 06:12:41,194 - DEBUG - [global] needs_update: raw → 5.13.09
2026-10-04 06:12:41,315 - DEBUG - [global] needs_update: API → 5.13.09
2026-10-04 06:12:41,316 - DEBUG - [global] needs_update: лучший источник raw → 5.13.09 (из 2)
2026-10-04 06:12:41,316 - INFO - [global] needs_update: local=(5, 13, 7) remote=(5, 13, 9) -> has_update=True
2026-10-04 06:12:41,316 - INFO - [global] Доступна обнова! Спавню кнопку
2026-10-04 06:12:43,570 - INFO - [global] LogUploader: запускаю upload_run_logs...
2026-10-04 06:12:43,570 - DEBUG - [global] log_uploader: START window=periodic made=-1 token=...Rjnfq
2026-10-04 06:12:44,446 - DEBUG - [global] _api_put: GET runs/20261004_061243_fail_periodic.log -> 404
2026-10-04 06:12:46,088 - DEBUG - [global] _api_put: PUT runs/20261004_061243_fail_periodic.log -> 201 (3827 bytes)
2026-10-04 06:12:46,090 - DEBUG - [global] log_uploader: STEP 1 (window log) -> https://github.com/StarateJI/L2Mauto/blob/bot-logs/runs/20261004_061243_fail_periodic.log
2026-10-04 06:12:46,090 - DEBUG - [global] log_uploader: STEP 2 SKIP (no PNGs)
2026-10-04 06:12:47,007 - DEBUG - [global] _api_put: GET runs/20261004_061243_fail_global.log -> 404
2026-10-04 06:12:48,907 - DEBUG - [global] _api_put: PUT runs/20261004_061243_fail_global.log -> 201 (20010 bytes)
2026-10-04 06:12:48,909 - DEBUG - [global] log_uploader: STEP 3 (global log) -> https://github.com/StarateJI/L2Mauto/blob/bot-logs/runs/20261004_061243_fail_global.log
2026-10-04 06:12:48,909 - DEBUG - [global] log_uploader: END window=periodic
2026-10-04 06:12:48,909 - INFO - [global] LogUploader: upload_run_logs завершён
2026-10-04 06:13:11,331 - INFO - [global] Проверяю обновы...
2026-10-04 06:13:12,082 - DEBUG - [global] needs_update: raw → 5.13.09
2026-10-04 06:13:12,341 - DEBUG - [global] needs_update: API → 5.13.09
2026-10-04 06:13:12,341 - DEBUG - [global] needs_update: лучший источник raw → 5.13.09 (из 2)
2026-10-04 06:13:12,341 - INFO - [global] needs_update: local=(5, 13, 7) remote=(5, 13, 9) -> has_update=True
2026-10-04 06:13:12,341 - INFO - [global] Доступна обнова! Спавню кнопку
2026-10-04 06:13:42,357 - INFO - [global] Проверяю обновы...
2026-10-04 06:13:43,167 - DEBUG - [global] needs_update: raw → 5.13.09
2026-10-04 06:13:43,319 - DEBUG - [global] needs_update: API → 5.13.09
2026-10-04 06:13:43,319 - DEBUG - [global] needs_update: лучший источник raw → 5.13.09 (из 2)
2026-10-04 06:13:43,319 - INFO - [global] needs_update: local=(5, 13, 7) remote=(5, 13, 9) -> has_update=True
2026-10-04 06:13:43,319 - INFO - [global] Доступна обнова! Спавню кнопку
2026-10-04 06:13:48,940 - INFO - [global] LogUploader: запускаю upload_run_logs...
2026-10-04 06:13:48,940 - DEBUG - [global] log_uploader: START window=periodic made=-1 token=...Rjnfq
2026-10-04 06:13:49,770 - DEBUG - [global] _api_put: GET runs/20261004_061348_fail_periodic.log -> 404
2026-10-04 06:13:51,450 - DEBUG - [global] _api_put: PUT runs/20261004_061348_fail_periodic.log -> 201 (3827 bytes)
2026-10-04 06:13:51,452 - DEBUG - [global] log_uploader: STEP 1 (window log) -> https://github.com/StarateJI/L2Mauto/blob/bot-logs/runs/20261004_061348_fail_periodic.log
2026-10-04 06:13:51,452 - DEBUG - [global] log_uploader: STEP 2 SKIP (no PNGs)
2026-10-04 06:13:52,371 - DEBUG - [global] _api_put: GET runs/20261004_061348_fail_global.log -> 404
2026-10-04 06:13:54,338 - DEBUG - [global] _api_put: PUT runs/20261004_061348_fail_global.log -> 201 (20010 bytes)
2026-10-04 06:13:54,340 - DEBUG - [global] log_uploader: STEP 3 (global log) -> https://github.com/StarateJI/L2Mauto/blob/bot-logs/runs/20261004_061348_fail_global.log
2026-10-04 06:13:54,340 - DEBUG - [global] log_uploader: END window=periodic
2026-10-04 06:13:54,340 - INFO - [global] LogUploader: upload_run_logs завершён
2026-10-04 06:14:13,333 - INFO - [global] Проверяю обновы...
2026-10-04 06:14:14,260 - DEBUG - [global] needs_update: raw → 5.13.09
2026-10-04 06:14:14,287 - DEBUG - [global] needs_update: API → 5.13.09
2026-10-04 06:14:14,288 - DEBUG - [global] needs_update: лучший источник raw → 5.13.09 (из 2)
2026-10-04 06:14:14,288 - INFO - [global] needs_update: local=(5, 13, 7) remote=(5, 13, 9) -> has_update=True
2026-10-04 06:14:14,288 - INFO - [global] Доступна обнова! Спавню кнопку
2026-10-04 06:14:44,304 - INFO - [global] Проверяю обновы...
2026-10-04 06:14:45,099 - DEBUG - [global] needs_update: raw → 5.13.09
2026-10-04 06:14:45,285 - DEBUG - [global] needs_update: API → 5.13.09
2026-10-04 06:14:45,285 - DEBUG - [global] needs_update: лучший источник raw → 5.13.09 (из 2)
2026-10-04 06:14:45,285 - INFO - [global] needs_update: local=(5, 13, 7) remote=(5, 13, 9) -> has_update=True
2026-10-04 06:14:45,285 - INFO - [global] Доступна обнова! Спавню кнопку
2026-10-04 06:14:54,367 - INFO - [global] LogUploader: запускаю upload_run_logs...
2026-10-04 06:14:54,367 - DEBUG - [global] log_uploader: START window=periodic made=-1 token=...Rjnfq
2026-10-04 06:14:55,236 - DEBUG - [global] _api_put: GET runs/20261004_061454_fail_periodic.log -> 404
2026-10-04 06:14:57,193 - DEBUG - [global] _api_put: PUT runs/20261004_061454_fail_periodic.log -> 201 (3827 bytes)
2026-10-04 06:14:57,194 - DEBUG - [global] log_uploader: STEP 1 (window log) -> https://github.com/StarateJI/L2Mauto/blob/bot-logs/runs/20261004_061454_fail_periodic.log
2026-10-04 06:14:57,195 - DEBUG - [global] log_uploader: STEP 2 SKIP (no PNGs)
2026-10-04 06:14:58,086 - DEBUG - [global] _api_put: GET runs/20261004_061454_fail_global.log -> 404
2026-10-04 06:15:00,263 - DEBUG - [global] _api_put: PUT runs/20261004_061454_fail_global.log -> 201 (20010 bytes)
2026-10-04 06:15:00,265 - DEBUG - [global] log_uploader: STEP 3 (global log) -> https://github.com/StarateJI/L2Mauto/blob/bot-logs/runs/20261004_061454_fail_global.log
2026-10-04 06:15:00,265 - DEBUG - [global] log_uploader: END window=periodic
2026-10-04 06:15:00,265 - INFO - [global] LogUploader: upload_run_logs завершён
2026-10-04 06:15:15,301 - INFO - [global] Проверяю обновы...
2026-10-04 06:15:16,063 - DEBUG - [global] needs_update: raw → 5.13.09
2026-10-04 06:15:16,292 - DEBUG - [global] needs_update: API → 5.13.09
2026-10-04 06:15:16,292 - DEBUG - [global] needs_update: лучший источник raw → 5.13.09 (из 2)
2026-10-04 06:15:16,292 - INFO - [global] needs_update: local=(5, 13, 7) remote=(5, 13, 9) -> has_update=True
2026-10-04 06:15:16,292 - INFO - [global] Доступна обнова! Спавню кнопку
2026-10-04 06:15:46,308 - INFO - [global] Проверяю обновы...
2026-10-04 06:15:47,074 - DEBUG - [global] needs_update: raw → 5.13.09
2026-10-04 06:15:47,237 - DEBUG - [global] needs_update: API → 5.13.09
2026-10-04 06:15:47,237 - DEBUG - [global] needs_update: лучший источник raw → 5.13.09 (из 2)
2026-10-04 06:15:47,238 - INFO - [global] needs_update: local=(5, 13, 7) remote=(5, 13, 9) -> has_update=True
2026-10-04 06:15:47,238 - INFO - [global] Доступна обнова! Спавню кнопку
2026-10-04 06:16:00,292 - INFO - [global] LogUploader: запускаю upload_run_logs...
2026-10-04 06:16:00,292 - DEBUG - [global] log_uploader: START window=periodic made=-1 token=...Rjnfq
2026-10-04 06:16:01,174 - DEBUG - [global] _api_put: GET runs/20261004_061600_fail_periodic.log -> 404
2026-10-04 06:16:02,949 - DEBUG - [global] _api_put: PUT runs/20261004_061600_fail_periodic.log -> 201 (3827 bytes)
2026-10-04 06:16:02,952 - DEBUG - [global] log_uploader: STEP 1 (window log) -> https://github.com/StarateJI/L2Mauto/blob/bot-logs/runs/20261004_061600_fail_periodic.log
2026-10-04 06:16:02,952 - DEBUG - [global] log_uploader: STEP 2 SKIP (no PNGs)
2026-10-04 06:16:03,955 - DEBUG - [global] _api_put: GET runs/20261004_061600_fail_global.log -> 404
2026-10-04 06:16:05,991 - DEBUG - [global] _api_put: PUT runs/20261004_061600_fail_global.log -> 201 (20010 bytes)
2026-10-04 06:16:05,993 - DEBUG - [global] log_uploader: STEP 3 (global log) -> https://github.com/StarateJI/L2Mauto/blob/bot-logs/runs/20261004_061600_fail_global.log
2026-10-04 06:16:05,993 - DEBUG - [global] log_uploader: END window=periodic
2026-10-04 06:16:05,993 - INFO - [global] LogUploader: upload_run_logs завершён
2026-10-04 06:16:17,251 - INFO - [global] Проверяю обновы...
2026-10-04 06:16:18,026 - DEBUG - [global] needs_update: raw → 5.13.09
2026-10-04 06:16:18,218 - DEBUG - [global] needs_update: API → 5.13.09
2026-10-04 06:16:18,218 - DEBUG - [global] needs_update: лучший источник raw → 5.13.09 (из 2)
2026-10-04 06:16:18,219 - INFO - [global] needs_update: local=(5, 13, 7) remote=(5, 13, 9) -> has_update=True
2026-10-04 06:16:18,219 - INFO - [global] Доступна обнова! Спавню кнопку
2026-10-04 06:16:48,233 - INFO - [global] Проверяю обновы...
2026-10-04 06:16:49,010 - DEBUG - [global] needs_update: raw → 5.13.09
2026-10-04 06:16:49,199 - DEBUG - [global] needs_update: API → 5.13.09
2026-10-04 06:16:49,199 - DEBUG - [global] needs_update: лучший источник raw → 5.13.09 (из 2)
2026-10-04 06:16:49,199 - INFO - [global] needs_update: local=(5, 13, 7) remote=(5, 13, 9) -> has_update=True
2026-10-04 06:16:49,199 - INFO - [global] Доступна обнова! Спавню кнопку
2026-10-04 06:17:06,023 - INFO - [global] LogUploader: запускаю upload_run_logs...
2026-10-04 06:17:06,023 - DEBUG - [global] log_uploader: START window=periodic made=-1 token=...Rjnfq
2026-10-04 06:17:06,876 - DEBUG - [global] _api_put: GET runs/20261004_061706_fail_periodic.log -> 404
2026-10-04 06:17:08,613 - DEBUG - [global] _api_put: PUT runs/20261004_061706_fail_periodic.log -> 201 (3827 bytes)
2026-10-04 06:17:08,614 - DEBUG - [global] log_uploader: STEP 1 (window log) -> https://github.com/StarateJI/L2Mauto/blob/bot-logs/runs/20261004_061706_fail_periodic.log
2026-10-04 06:17:08,615 - DEBUG - [global] log_uploader: STEP 2 SKIP (no PNGs)
2026-10-04 06:17:09,520 - DEBUG - [global] _api_put: GET runs/20261004_061706_fail_global.log -> 404
2026-10-04 06:17:11,407 - DEBUG - [global] _api_put: PUT runs/20261004_061706_fail_global.log -> 201 (20010 bytes)
2026-10-04 06:17:11,409 - DEBUG - [global] log_uploader: STEP 3 (global log) -> https://github.com/StarateJI/L2Mauto/blob/bot-logs/runs/20261004_061706_fail_global.log
2026-10-04 06:17:11,409 - DEBUG - [global] log_uploader: END window=periodic
2026-10-04 06:17:11,409 - INFO - [global] LogUploader: upload_run_logs завершён
2026-10-04 06:17:19,216 - INFO - [global] Проверяю обновы...
2026-10-04 06:17:19,998 - DEBUG - [global] needs_update: raw → 5.13.09
2026-10-04 06:17:20,426 - DEBUG - [global] needs_update: API → 5.13.09
2026-10-04 06:17:20,426 - DEBUG - [global] needs_update: лучший источник raw → 5.13.09 (из 2)
2026-10-04 06:17:20,426 - INFO - [global] needs_update: local=(5, 13, 7) remote=(5, 13, 9) -> has_update=True
2026-10-04 06:17:20,426 - INFO - [global] Доступна обнова! Спавню кнопку
2026-10-04 06:17:50,440 - INFO - [global] Проверяю обновы...
2026-10-04 06:17:51,261 - DEBUG - [global] needs_update: raw → 5.13.09
2026-10-04 06:17:51,407 - DEBUG - [global] needs_update: API → 5.13.09
2026-10-04 06:17:51,407 - DEBUG - [global] needs_update: лучший источник raw → 5.13.09 (из 2)
2026-10-04 06:17:51,407 - INFO - [global] needs_update: local=(5, 13, 7) remote=(5, 13, 9) -> has_update=True
2026-10-04 06:17:51,407 - INFO - [global] Доступна обнова! Спавню кнопку
2026-10-04 06:18:11,439 - INFO - [global] LogUploader: запускаю upload_run_logs...
2026-10-04 06:18:11,439 - DEBUG - [global] log_uploader: START window=periodic made=-1 token=...Rjnfq
2026-10-04 06:18:12,284 - DEBUG - [global] _api_put: GET runs/20261004_061811_fail_periodic.log -> 404
2026-10-04 06:18:14,234 - DEBUG - [global] _api_put: PUT runs/20261004_061811_fail_periodic.log -> 201 (3827 bytes)
2026-10-04 06:18:14,236 - DEBUG - [global] log_uploader: STEP 1 (window log) -> https://github.com/StarateJI/L2Mauto/blob/bot-logs/runs/20261004_061811_fail_periodic.log
2026-10-04 06:18:14,236 - DEBUG - [global] log_uploader: STEP 2 SKIP (no PNGs)
2026-10-04 06:18:15,161 - DEBUG - [global] _api_put: GET runs/20261004_061811_fail_global.log -> 404
2026-10-04 06:18:16,963 - DEBUG - [global] _api_put: PUT runs/20261004_061811_fail_global.log -> 201 (20010 bytes)
2026-10-04 06:18:16,965 - DEBUG - [global] log_uploader: STEP 3 (global log) -> https://github.com/StarateJI/L2Mauto/blob/bot-logs/runs/20261004_061811_fail_global.log
2026-10-04 06:18:16,965 - DEBUG - [global] log_uploader: END window=periodic
2026-10-04 06:18:16,965 - INFO - [global] LogUploader: upload_run_logs завершён
2026-10-04 06:18:21,418 - INFO - [global] Проверяю обновы...
2026-10-04 06:18:22,219 - DEBUG - [global] needs_update: raw → 5.13.09
2026-10-04 06:18:22,482 - DEBUG - [global] needs_update: API → 5.13.09
2026-10-04 06:18:22,482 - DEBUG - [global] needs_update: лучший источник raw → 5.13.09 (из 2)
2026-10-04 06:18:22,482 - INFO - [global] needs_update: local=(5, 13, 7) remote=(5, 13, 9) -> has_update=True
2026-10-04 06:18:22,482 - INFO - [global] Доступна обнова! Спавню кнопку
2026-10-04 06:18:52,496 - INFO - [global] Проверяю обновы...
2026-10-04 06:18:53,309 - DEBUG - [global] needs_update: raw → 5.13.09
2026-10-04 06:18:53,470 - DEBUG - [global] needs_update: API → 5.13.09
2026-10-04 06:18:53,470 - DEBUG - [global] needs_update: лучший источник raw → 5.13.09 (из 2)
2026-10-04 06:18:53,471 - INFO - [global] needs_update: local=(5, 13, 7) remote=(5, 13, 9) -> has_update=True
2026-10-04 06:18:53,471 - INFO - [global] Доступна обнова! Спавню кнопку
2026-10-04 06:19:16,993 - INFO - [global] LogUploader: запускаю upload_run_logs...
2026-10-04 06:19:16,993 - DEBUG - [global] log_uploader: START window=periodic made=-1 token=...Rjnfq
2026-10-04 06:19:17,890 - DEBUG - [global] _api_put: GET runs/20261004_061916_fail_periodic.log -> 404
2026-10-04 06:19:19,636 - DEBUG - [global] _api_put: PUT runs/20261004_061916_fail_periodic.log -> 201 (3827 bytes)
2026-10-04 06:19:19,638 - DEBUG - [global] log_uploader: STEP 1 (window log) -> https://github.com/StarateJI/L2Mauto/blob/bot-logs/runs/20261004_061916_fail_periodic.log
2026-10-04 06:19:19,638 - DEBUG - [global] log_uploader: STEP 2 SKIP (no PNGs)
2026-10-04 06:19:20,535 - DEBUG - [global] _api_put: GET runs/20261004_061916_fail_global.log -> 404
2026-10-04 06:19:22,684 - DEBUG - [global] _api_put: PUT runs/20261004_061916_fail_global.log -> 201 (20010 bytes)
2026-10-04 06:19:22,686 - DEBUG - [global] log_uploader: STEP 3 (global log) -> https://github.com/StarateJI/L2Mauto/blob/bot-logs/runs/20261004_061916_fail_global.log
2026-10-04 06:19:22,686 - DEBUG - [global] log_uploader: END window=periodic
2026-10-04 06:19:22,686 - INFO - [global] LogUploader: upload_run_logs завершён
2026-10-04 06:19:23,487 - INFO - [global] Проверяю обновы...
2026-10-04 06:19:24,421 - DEBUG - [global] needs_update: raw → 5.13.09
2026-10-04 06:19:24,484 - DEBUG - [global] needs_update: API → 5.13.09
2026-10-04 06:19:24,485 - DEBUG - [global] needs_update: лучший источник raw → 5.13.09 (из 2)
2026-10-04 06:19:24,485 - INFO - [global] needs_update: local=(5, 13, 7) remote=(5, 13, 9) -> has_update=True
2026-10-04 06:19:24,485 - INFO - [global] Доступна обнова! Спавню кнопку
2026-10-04 06:19:54,500 - INFO - [global] Проверяю обновы...
2026-10-04 06:19:55,292 - DEBUG - [global] needs_update: raw → 5.13.09
2026-10-04 06:19:55,484 - DEBUG - [global] needs_update: API → 5.13.09
2026-10-04 06:19:55,484 - DEBUG - [global] needs_update: лучший источник raw → 5.13.09 (из 2)
2026-10-04 06:19:55,484 - INFO - [global] needs_update: local=(5, 13, 7) remote=(5, 13, 9) -> has_update=True
2026-10-04 06:19:55,484 - INFO - [global] Доступна обнова! Спавню кнопку
2026-10-04 06:20:22,714 - INFO - [global] LogUploader: запускаю upload_run_logs...
2026-10-04 06:20:22,714 - DEBUG - [global] log_uploader: START window=periodic made=-1 token=...Rjnfq
2026-10-04 06:20:23,566 - DEBUG - [global] _api_put: GET runs/20261004_062022_fail_periodic.log -> 404
2026-10-04 06:20:25,302 - DEBUG - [global] _api_put: PUT runs/20261004_062022_fail_periodic.log -> 201 (3827 bytes)
2026-10-04 06:20:25,303 - DEBUG - [global] log_uploader: STEP 1 (window log) -> https://github.com/StarateJI/L2Mauto/blob/bot-logs/runs/20261004_062022_fail_periodic.log
2026-10-04 06:20:25,304 - DEBUG - [global] log_uploader: STEP 2 SKIP (no PNGs)
