=== Log tail 2026-09-18T22:36:48.455648 | last 200 lines ===
2026-09-18 22:27:18,378 - DEBUG - [global] _api_put: GET runs/20260918_222717_fail_global.log -> 404
2026-09-18 22:27:20,426 - DEBUG - [global] _api_put: PUT runs/20260918_222717_fail_global.log -> 201 (19701 bytes)
2026-09-18 22:27:20,433 - DEBUG - [global] log_uploader: STEP 3 (global log) -> https://github.com/StarateJI/L2Mauto/blob/bot-logs/runs/20260918_222717_fail_global.log
2026-09-18 22:27:20,433 - DEBUG - [global] log_uploader: END window=periodic
2026-09-18 22:27:20,433 - INFO - [global] LogUploader: upload_run_logs завершён
2026-09-18 22:27:38,302 - INFO - [global] Проверяю обновы...
2026-09-18 22:27:39,467 - DEBUG - [global] needs_update: raw → 5.11.18
2026-09-18 22:27:40,772 - DEBUG - [global] needs_update: API failed: HTTPError: 403 Client Error: rate limit exceeded for url: https://api.github.com/repos/StarateJI/L2Mauto/contents/bot/version.txt?ref=main
2026-09-18 22:27:42,078 - DEBUG - [global] needs_update: jsdelivr → 5.10.2
2026-09-18 22:27:42,079 - DEBUG - [global] needs_update: лучший источник raw → 5.11.18 (из 2)
2026-09-18 22:27:42,085 - INFO - [global] needs_update: local=(5, 10, 9) remote=(5, 11, 18) -> has_update=True
2026-09-18 22:27:42,085 - INFO - [global] Доступна обнова! Спавню кнопку
2026-09-18 22:28:12,108 - INFO - [global] Проверяю обновы...
2026-09-18 22:28:13,098 - DEBUG - [global] needs_update: raw → 5.11.18
2026-09-18 22:28:14,141 - DEBUG - [global] needs_update: API failed: HTTPError: 403 Client Error: rate limit exceeded for url: https://api.github.com/repos/StarateJI/L2Mauto/contents/bot/version.txt?ref=main
2026-09-18 22:28:15,379 - DEBUG - [global] needs_update: jsdelivr → 5.10.2
2026-09-18 22:28:15,379 - DEBUG - [global] needs_update: лучший источник raw → 5.11.18 (из 2)
2026-09-18 22:28:15,384 - INFO - [global] needs_update: local=(5, 10, 9) remote=(5, 11, 18) -> has_update=True
2026-09-18 22:28:15,385 - INFO - [global] Доступна обнова! Спавню кнопку
2026-09-18 22:28:20,483 - INFO - [global] LogUploader: запускаю upload_run_logs...
2026-09-18 22:28:20,486 - DEBUG - [global] log_uploader: START window=periodic made=-1 token=...Rjnfq
2026-09-18 22:28:20,486 - DEBUG - [global] log_uploader: STEP 1 SKIP (no C:\Users\PC\Desktop\L2Mauto\logs\periodic.log)
2026-09-18 22:28:20,487 - DEBUG - [global] log_uploader: STEP 2 SKIP (no PNGs)
2026-09-18 22:28:21,731 - DEBUG - [global] _api_put: GET runs/20260918_222820_fail_global.log -> 404
2026-09-18 22:28:23,736 - DEBUG - [global] _api_put: PUT runs/20260918_222820_fail_global.log -> 201 (19957 bytes)
2026-09-18 22:28:23,741 - DEBUG - [global] log_uploader: STEP 3 (global log) -> https://github.com/StarateJI/L2Mauto/blob/bot-logs/runs/20260918_222820_fail_global.log
2026-09-18 22:28:23,741 - DEBUG - [global] log_uploader: END window=periodic
2026-09-18 22:28:23,741 - INFO - [global] LogUploader: upload_run_logs завершён
2026-09-18 22:28:45,405 - INFO - [global] Проверяю обновы...
2026-09-18 22:28:46,445 - DEBUG - [global] needs_update: raw → 5.11.18
2026-09-18 22:28:47,696 - DEBUG - [global] needs_update: API failed: HTTPError: 403 Client Error: rate limit exceeded for url: https://api.github.com/repos/StarateJI/L2Mauto/contents/bot/version.txt?ref=main
2026-09-18 22:28:48,915 - DEBUG - [global] needs_update: jsdelivr → 5.10.2
2026-09-18 22:28:48,915 - DEBUG - [global] needs_update: лучший источник raw → 5.11.18 (из 2)
2026-09-18 22:28:48,921 - INFO - [global] needs_update: local=(5, 10, 9) remote=(5, 11, 18) -> has_update=True
2026-09-18 22:28:48,922 - INFO - [global] Доступна обнова! Спавню кнопку
2026-09-18 22:29:18,972 - INFO - [global] Проверяю обновы...
2026-09-18 22:29:20,013 - DEBUG - [global] needs_update: raw → 5.11.18
2026-09-18 22:29:21,067 - DEBUG - [global] needs_update: API failed: HTTPError: 403 Client Error: rate limit exceeded for url: https://api.github.com/repos/StarateJI/L2Mauto/contents/bot/version.txt?ref=main
2026-09-18 22:29:22,381 - DEBUG - [global] needs_update: jsdelivr → 5.10.2
2026-09-18 22:29:22,381 - DEBUG - [global] needs_update: лучший источник raw → 5.11.18 (из 2)
2026-09-18 22:29:22,386 - INFO - [global] needs_update: local=(5, 10, 9) remote=(5, 11, 18) -> has_update=True
2026-09-18 22:29:22,386 - INFO - [global] Доступна обнова! Спавню кнопку
2026-09-18 22:29:23,791 - INFO - [global] LogUploader: запускаю upload_run_logs...
2026-09-18 22:29:23,794 - DEBUG - [global] log_uploader: START window=periodic made=-1 token=...Rjnfq
2026-09-18 22:29:23,795 - DEBUG - [global] log_uploader: STEP 1 SKIP (no C:\Users\PC\Desktop\L2Mauto\logs\periodic.log)
2026-09-18 22:29:23,795 - DEBUG - [global] log_uploader: STEP 2 SKIP (no PNGs)
2026-09-18 22:29:25,218 - DEBUG - [global] _api_put: GET runs/20260918_222923_fail_global.log -> 404
2026-09-18 22:29:27,408 - DEBUG - [global] _api_put: PUT runs/20260918_222923_fail_global.log -> 201 (20213 bytes)
2026-09-18 22:29:27,413 - DEBUG - [global] log_uploader: STEP 3 (global log) -> https://github.com/StarateJI/L2Mauto/blob/bot-logs/runs/20260918_222923_fail_global.log
2026-09-18 22:29:27,413 - DEBUG - [global] log_uploader: END window=periodic
2026-09-18 22:29:27,413 - INFO - [global] LogUploader: upload_run_logs завершён
2026-09-18 22:29:52,410 - INFO - [global] Проверяю обновы...
2026-09-18 22:29:53,447 - DEBUG - [global] needs_update: raw → 5.11.18
2026-09-18 22:29:54,725 - DEBUG - [global] needs_update: API failed: HTTPError: 403 Client Error: rate limit exceeded for url: https://api.github.com/repos/StarateJI/L2Mauto/contents/bot/version.txt?ref=main
2026-09-18 22:29:56,091 - DEBUG - [global] needs_update: jsdelivr → 5.10.2
2026-09-18 22:29:56,092 - DEBUG - [global] needs_update: лучший источник raw → 5.11.18 (из 2)
2026-09-18 22:29:56,097 - INFO - [global] needs_update: local=(5, 10, 9) remote=(5, 11, 18) -> has_update=True
2026-09-18 22:29:56,098 - INFO - [global] Доступна обнова! Спавню кнопку
2026-09-18 22:30:26,122 - INFO - [global] Проверяю обновы...
2026-09-18 22:30:27,247 - DEBUG - [global] needs_update: raw → 5.11.18
2026-09-18 22:30:27,465 - INFO - [global] LogUploader: запускаю upload_run_logs...
2026-09-18 22:30:27,469 - DEBUG - [global] log_uploader: START window=periodic made=-1 token=...Rjnfq
2026-09-18 22:30:27,470 - DEBUG - [global] log_uploader: STEP 1 SKIP (no C:\Users\PC\Desktop\L2Mauto\logs\periodic.log)
2026-09-18 22:30:27,470 - DEBUG - [global] log_uploader: STEP 2 SKIP (no PNGs)
2026-09-18 22:30:28,790 - DEBUG - [global] needs_update: API failed: HTTPError: 403 Client Error: rate limit exceeded for url: https://api.github.com/repos/StarateJI/L2Mauto/contents/bot/version.txt?ref=main
2026-09-18 22:30:29,284 - DEBUG - [global] _api_put: GET runs/20260918_223027_fail_global.log -> 404
2026-09-18 22:30:30,202 - DEBUG - [global] needs_update: jsdelivr → 5.10.2
2026-09-18 22:30:30,202 - DEBUG - [global] needs_update: лучший источник raw → 5.11.18 (из 2)
2026-09-18 22:30:30,210 - INFO - [global] needs_update: local=(5, 10, 9) remote=(5, 11, 18) -> has_update=True
2026-09-18 22:30:30,210 - INFO - [global] Доступна обнова! Спавню кнопку
2026-09-18 22:30:31,695 - DEBUG - [global] _api_put: PUT runs/20260918_223027_fail_global.log -> 201 (20340 bytes)
2026-09-18 22:30:31,703 - DEBUG - [global] log_uploader: STEP 3 (global log) -> https://github.com/StarateJI/L2Mauto/blob/bot-logs/runs/20260918_223027_fail_global.log
2026-09-18 22:30:31,703 - DEBUG - [global] log_uploader: END window=periodic
2026-09-18 22:30:31,703 - INFO - [global] LogUploader: upload_run_logs завершён
2026-09-18 22:31:00,233 - INFO - [global] Проверяю обновы...
2026-09-18 22:31:01,240 - DEBUG - [global] needs_update: raw → 5.11.18
2026-09-18 22:31:02,571 - DEBUG - [global] needs_update: API failed: HTTPError: 403 Client Error: rate limit exceeded for url: https://api.github.com/repos/StarateJI/L2Mauto/contents/bot/version.txt?ref=main
2026-09-18 22:31:03,895 - DEBUG - [global] needs_update: jsdelivr → 5.10.2
2026-09-18 22:31:03,895 - DEBUG - [global] needs_update: лучший источник raw → 5.11.18 (из 2)
2026-09-18 22:31:03,902 - INFO - [global] needs_update: local=(5, 10, 9) remote=(5, 11, 18) -> has_update=True
2026-09-18 22:31:03,902 - INFO - [global] Доступна обнова! Спавню кнопку
2026-09-18 22:31:31,752 - INFO - [global] LogUploader: запускаю upload_run_logs...
2026-09-18 22:31:31,754 - DEBUG - [global] log_uploader: START window=periodic made=-1 token=...Rjnfq
2026-09-18 22:31:31,754 - DEBUG - [global] log_uploader: STEP 1 SKIP (no C:\Users\PC\Desktop\L2Mauto\logs\periodic.log)
2026-09-18 22:31:31,755 - DEBUG - [global] log_uploader: STEP 2 SKIP (no PNGs)
2026-09-18 22:31:32,943 - DEBUG - [global] _api_put: GET runs/20260918_223131_fail_global.log -> 404
2026-09-18 22:31:33,926 - INFO - [global] Проверяю обновы...
2026-09-18 22:31:35,000 - DEBUG - [global] _api_put: PUT runs/20260918_223131_fail_global.log -> 201 (20597 bytes)
2026-09-18 22:31:35,007 - DEBUG - [global] log_uploader: STEP 3 (global log) -> https://github.com/StarateJI/L2Mauto/blob/bot-logs/runs/20260918_223131_fail_global.log
2026-09-18 22:31:35,007 - DEBUG - [global] log_uploader: END window=periodic
2026-09-18 22:31:35,007 - INFO - [global] LogUploader: upload_run_logs завершён
2026-09-18 22:31:35,221 - DEBUG - [global] needs_update: raw → 5.11.18
2026-09-18 22:31:36,483 - DEBUG - [global] needs_update: API failed: HTTPError: 403 Client Error: rate limit exceeded for url: https://api.github.com/repos/StarateJI/L2Mauto/contents/bot/version.txt?ref=main
2026-09-18 22:31:37,791 - DEBUG - [global] needs_update: jsdelivr → 5.10.2
2026-09-18 22:31:37,791 - DEBUG - [global] needs_update: лучший источник raw → 5.11.18 (из 2)
2026-09-18 22:31:37,796 - INFO - [global] needs_update: local=(5, 10, 9) remote=(5, 11, 18) -> has_update=True
2026-09-18 22:31:37,797 - INFO - [global] Доступна обнова! Спавню кнопку
2026-09-18 22:32:07,835 - INFO - [global] Проверяю обновы...
2026-09-18 22:32:08,854 - DEBUG - [global] needs_update: raw → 5.11.18
2026-09-18 22:32:09,900 - DEBUG - [global] needs_update: API failed: HTTPError: 403 Client Error: rate limit exceeded for url: https://api.github.com/repos/StarateJI/L2Mauto/contents/bot/version.txt?ref=main
2026-09-18 22:32:11,510 - DEBUG - [global] needs_update: jsdelivr → 5.10.2
2026-09-18 22:32:11,510 - DEBUG - [global] needs_update: лучший источник raw → 5.11.18 (из 2)
2026-09-18 22:32:11,525 - INFO - [global] needs_update: local=(5, 10, 9) remote=(5, 11, 18) -> has_update=True
2026-09-18 22:32:11,526 - INFO - [global] Доступна обнова! Спавню кнопку
2026-09-18 22:32:35,062 - INFO - [global] LogUploader: запускаю upload_run_logs...
2026-09-18 22:32:35,065 - DEBUG - [global] log_uploader: START window=periodic made=-1 token=...Rjnfq
2026-09-18 22:32:35,065 - DEBUG - [global] log_uploader: STEP 1 SKIP (no C:\Users\PC\Desktop\L2Mauto\logs\periodic.log)
2026-09-18 22:32:35,065 - DEBUG - [global] log_uploader: STEP 2 SKIP (no PNGs)
2026-09-18 22:32:36,295 - DEBUG - [global] _api_put: GET runs/20260918_223235_fail_global.log -> 404
2026-09-18 22:32:38,337 - DEBUG - [global] _api_put: PUT runs/20260918_223235_fail_global.log -> 201 (20853 bytes)
2026-09-18 22:32:38,344 - DEBUG - [global] log_uploader: STEP 3 (global log) -> https://github.com/StarateJI/L2Mauto/blob/bot-logs/runs/20260918_223235_fail_global.log
2026-09-18 22:32:38,344 - DEBUG - [global] log_uploader: END window=periodic
2026-09-18 22:32:38,344 - INFO - [global] LogUploader: upload_run_logs завершён
2026-09-18 22:32:41,569 - INFO - [global] Проверяю обновы...
2026-09-18 22:32:42,754 - DEBUG - [global] needs_update: raw → 5.11.18
2026-09-18 22:32:43,772 - DEBUG - [global] needs_update: API failed: HTTPError: 403 Client Error: rate limit exceeded for url: https://api.github.com/repos/StarateJI/L2Mauto/contents/bot/version.txt?ref=main
2026-09-18 22:32:44,985 - DEBUG - [global] needs_update: jsdelivr → 5.10.2
2026-09-18 22:32:44,986 - DEBUG - [global] needs_update: лучший источник raw → 5.11.18 (из 2)
2026-09-18 22:32:44,991 - INFO - [global] needs_update: local=(5, 10, 9) remote=(5, 11, 18) -> has_update=True
2026-09-18 22:32:44,991 - INFO - [global] Доступна обнова! Спавню кнопку
2026-09-18 22:33:15,022 - INFO - [global] Проверяю обновы...
2026-09-18 22:33:16,058 - DEBUG - [global] needs_update: raw → 5.11.18
2026-09-18 22:33:17,244 - DEBUG - [global] needs_update: API failed: HTTPError: 403 Client Error: rate limit exceeded for url: https://api.github.com/repos/StarateJI/L2Mauto/contents/bot/version.txt?ref=main
2026-09-18 22:33:18,750 - DEBUG - [global] needs_update: jsdelivr → 5.10.2
2026-09-18 22:33:18,751 - DEBUG - [global] needs_update: лучший источник raw → 5.11.18 (из 2)
2026-09-18 22:33:18,762 - INFO - [global] needs_update: local=(5, 10, 9) remote=(5, 11, 18) -> has_update=True
2026-09-18 22:33:18,762 - INFO - [global] Доступна обнова! Спавню кнопку
2026-09-18 22:33:38,448 - INFO - [global] LogUploader: запускаю upload_run_logs...
2026-09-18 22:33:38,451 - DEBUG - [global] log_uploader: START window=periodic made=-1 token=...Rjnfq
2026-09-18 22:33:38,451 - DEBUG - [global] log_uploader: STEP 1 SKIP (no C:\Users\PC\Desktop\L2Mauto\logs\periodic.log)
2026-09-18 22:33:38,452 - DEBUG - [global] log_uploader: STEP 2 SKIP (no PNGs)
2026-09-18 22:33:39,857 - DEBUG - [global] _api_put: GET runs/20260918_223338_fail_global.log -> 404
2026-09-18 22:33:41,835 - DEBUG - [global] _api_put: PUT runs/20260918_223338_fail_global.log -> 201 (21109 bytes)
2026-09-18 22:33:41,840 - DEBUG - [global] log_uploader: STEP 3 (global log) -> https://github.com/StarateJI/L2Mauto/blob/bot-logs/runs/20260918_223338_fail_global.log
2026-09-18 22:33:41,840 - DEBUG - [global] log_uploader: END window=periodic
2026-09-18 22:33:41,840 - INFO - [global] LogUploader: upload_run_logs завершён
2026-09-18 22:33:48,803 - INFO - [global] Проверяю обновы...
2026-09-18 22:33:49,810 - DEBUG - [global] needs_update: raw → 5.11.18
2026-09-18 22:33:51,096 - DEBUG - [global] needs_update: API failed: HTTPError: 403 Client Error: rate limit exceeded for url: https://api.github.com/repos/StarateJI/L2Mauto/contents/bot/version.txt?ref=main
2026-09-18 22:33:52,522 - DEBUG - [global] needs_update: jsdelivr → 5.10.2
2026-09-18 22:33:52,522 - DEBUG - [global] needs_update: лучший источник raw → 5.11.18 (из 2)
2026-09-18 22:33:52,531 - INFO - [global] needs_update: local=(5, 10, 9) remote=(5, 11, 18) -> has_update=True
2026-09-18 22:33:52,532 - INFO - [global] Доступна обнова! Спавню кнопку
2026-09-18 22:34:22,565 - INFO - [global] Проверяю обновы...
2026-09-18 22:34:23,585 - DEBUG - [global] needs_update: raw → 5.11.18
2026-09-18 22:34:24,994 - DEBUG - [global] needs_update: API failed: HTTPError: 403 Client Error: rate limit exceeded for url: https://api.github.com/repos/StarateJI/L2Mauto/contents/bot/version.txt?ref=main
2026-09-18 22:34:26,464 - DEBUG - [global] needs_update: jsdelivr → 5.10.2
2026-09-18 22:34:26,464 - DEBUG - [global] needs_update: лучший источник raw → 5.11.18 (из 2)
2026-09-18 22:34:26,472 - INFO - [global] needs_update: local=(5, 10, 9) remote=(5, 11, 18) -> has_update=True
2026-09-18 22:34:26,472 - INFO - [global] Доступна обнова! Спавню кнопку
2026-09-18 22:34:41,936 - INFO - [global] LogUploader: запускаю upload_run_logs...
2026-09-18 22:34:41,939 - DEBUG - [global] log_uploader: START window=periodic made=-1 token=...Rjnfq
2026-09-18 22:34:41,939 - DEBUG - [global] log_uploader: STEP 1 SKIP (no C:\Users\PC\Desktop\L2Mauto\logs\periodic.log)
2026-09-18 22:34:41,940 - DEBUG - [global] log_uploader: STEP 2 SKIP (no PNGs)
2026-09-18 22:34:43,150 - DEBUG - [global] _api_put: GET runs/20260918_223441_fail_global.log -> 404
2026-09-18 22:34:45,212 - DEBUG - [global] _api_put: PUT runs/20260918_223441_fail_global.log -> 201 (21365 bytes)
2026-09-18 22:34:45,217 - DEBUG - [global] log_uploader: STEP 3 (global log) -> https://github.com/StarateJI/L2Mauto/blob/bot-logs/runs/20260918_223441_fail_global.log
2026-09-18 22:34:45,217 - DEBUG - [global] log_uploader: END window=periodic
2026-09-18 22:34:45,217 - INFO - [global] LogUploader: upload_run_logs завершён
2026-09-18 22:34:56,500 - INFO - [global] Проверяю обновы...
2026-09-18 22:34:57,502 - DEBUG - [global] needs_update: raw → 5.11.18
2026-09-18 22:34:58,515 - DEBUG - [global] needs_update: API failed: HTTPError: 403 Client Error: rate limit exceeded for url: https://api.github.com/repos/StarateJI/L2Mauto/contents/bot/version.txt?ref=main
2026-09-18 22:34:59,952 - DEBUG - [global] needs_update: jsdelivr → 5.10.2
2026-09-18 22:34:59,952 - DEBUG - [global] needs_update: лучший источник raw → 5.11.18 (из 2)
2026-09-18 22:34:59,960 - INFO - [global] needs_update: local=(5, 10, 9) remote=(5, 11, 18) -> has_update=True
2026-09-18 22:34:59,960 - INFO - [global] Доступна обнова! Спавню кнопку
2026-09-18 22:35:29,983 - INFO - [global] Проверяю обновы...
2026-09-18 22:35:30,972 - DEBUG - [global] needs_update: raw → 5.11.18
2026-09-18 22:35:32,290 - DEBUG - [global] needs_update: API failed: HTTPError: 403 Client Error: rate limit exceeded for url: https://api.github.com/repos/StarateJI/L2Mauto/contents/bot/version.txt?ref=main
2026-09-18 22:35:33,632 - DEBUG - [global] needs_update: jsdelivr → 5.10.2
2026-09-18 22:35:33,632 - DEBUG - [global] needs_update: лучший источник raw → 5.11.18 (из 2)
2026-09-18 22:35:33,640 - INFO - [global] needs_update: local=(5, 10, 9) remote=(5, 11, 18) -> has_update=True
2026-09-18 22:35:33,640 - INFO - [global] Доступна обнова! Спавню кнопку
2026-09-18 22:35:45,269 - INFO - [global] LogUploader: запускаю upload_run_logs...
2026-09-18 22:35:45,273 - DEBUG - [global] log_uploader: START window=periodic made=-1 token=...Rjnfq
2026-09-18 22:35:45,273 - DEBUG - [global] log_uploader: STEP 1 SKIP (no C:\Users\PC\Desktop\L2Mauto\logs\periodic.log)
2026-09-18 22:35:45,273 - DEBUG - [global] log_uploader: STEP 2 SKIP (no PNGs)
2026-09-18 22:35:46,474 - DEBUG - [global] _api_put: GET runs/20260918_223545_fail_global.log -> 404
2026-09-18 22:35:48,350 - DEBUG - [global] _api_put: PUT runs/20260918_223545_fail_global.log -> 201 (21365 bytes)
2026-09-18 22:35:48,357 - DEBUG - [global] log_uploader: STEP 3 (global log) -> https://github.com/StarateJI/L2Mauto/blob/bot-logs/runs/20260918_223545_fail_global.log
2026-09-18 22:35:48,358 - DEBUG - [global] log_uploader: END window=periodic
2026-09-18 22:35:48,358 - INFO - [global] LogUploader: upload_run_logs завершён
2026-09-18 22:36:03,661 - INFO - [global] Проверяю обновы...
2026-09-18 22:36:04,696 - DEBUG - [global] needs_update: raw → 5.11.18
2026-09-18 22:36:06,070 - DEBUG - [global] needs_update: API failed: HTTPError: 403 Client Error: rate limit exceeded for url: https://api.github.com/repos/StarateJI/L2Mauto/contents/bot/version.txt?ref=main
2026-09-18 22:36:07,496 - DEBUG - [global] needs_update: jsdelivr → 5.10.2
2026-09-18 22:36:07,496 - DEBUG - [global] needs_update: лучший источник raw → 5.11.18 (из 2)
2026-09-18 22:36:07,502 - INFO - [global] needs_update: local=(5, 10, 9) remote=(5, 11, 18) -> has_update=True
2026-09-18 22:36:07,503 - INFO - [global] Доступна обнова! Спавню кнопку
2026-09-18 22:36:37,525 - INFO - [global] Проверяю обновы...
2026-09-18 22:36:38,526 - DEBUG - [global] needs_update: raw → 5.11.18
2026-09-18 22:36:39,598 - DEBUG - [global] needs_update: API failed: HTTPError: 403 Client Error: rate limit exceeded for url: https://api.github.com/repos/StarateJI/L2Mauto/contents/bot/version.txt?ref=main
2026-09-18 22:36:40,917 - DEBUG - [global] needs_update: jsdelivr → 5.10.2
2026-09-18 22:36:40,917 - DEBUG - [global] needs_update: лучший источник raw → 5.11.18 (из 2)
2026-09-18 22:36:40,923 - INFO - [global] needs_update: local=(5, 10, 9) remote=(5, 11, 18) -> has_update=True
2026-09-18 22:36:40,924 - INFO - [global] Доступна обнова! Спавню кнопку
2026-09-18 22:36:48,440 - INFO - [global] LogUploader: запускаю upload_run_logs...
2026-09-18 22:36:48,443 - DEBUG - [global] log_uploader: START window=periodic made=-1 token=...Rjnfq
2026-09-18 22:36:48,444 - DEBUG - [global] log_uploader: STEP 1 SKIP (no C:\Users\PC\Desktop\L2Mauto\logs\periodic.log)
2026-09-18 22:36:48,445 - DEBUG - [global] log_uploader: STEP 2 SKIP (no PNGs)
