=== Log tail 2026-09-25T12:11:43.864203 | last 200 lines ===
2026-09-25 12:02:27,626 - DEBUG - [global] needs_update: API → 5.13.07
2026-09-25 12:02:27,626 - DEBUG - [global] needs_update: лучший источник raw → 5.13.07 (из 2)
2026-09-25 12:02:27,626 - INFO - [global] needs_update: local=(5, 13, 7) remote=(5, 13, 7) -> has_update=False
2026-09-25 12:02:27,627 - INFO - [global] Установлена последняя версия бота | 5.13.07
2026-09-25 12:02:47,519 - INFO - [global] LogUploader: запускаю upload_run_logs...
2026-09-25 12:02:47,520 - DEBUG - [global] log_uploader: START window=periodic made=-1 token=...Rjnfq
2026-09-25 12:02:48,470 - DEBUG - [global] _api_put: GET runs/20260925_120247_fail_periodic.log -> 404
2026-09-25 12:02:50,293 - DEBUG - [global] _api_put: PUT runs/20260925_120247_fail_periodic.log -> 201 (9273 bytes)
2026-09-25 12:02:50,295 - DEBUG - [global] log_uploader: STEP 1 (window log) -> https://github.com/StarateJI/L2Mauto/blob/bot-logs/runs/20260925_120247_fail_periodic.log
2026-09-25 12:02:50,296 - DEBUG - [global] log_uploader: STEP 2 SKIP (no PNGs)
2026-09-25 12:02:51,558 - DEBUG - [global] _api_put: GET runs/20260925_120247_fail_global.log -> 404
2026-09-25 12:02:53,418 - DEBUG - [global] _api_put: PUT runs/20260925_120247_fail_global.log -> 201 (20334 bytes)
2026-09-25 12:02:53,421 - DEBUG - [global] log_uploader: STEP 3 (global log) -> https://github.com/StarateJI/L2Mauto/blob/bot-logs/runs/20260925_120247_fail_global.log
2026-09-25 12:02:53,421 - DEBUG - [global] log_uploader: END window=periodic
2026-09-25 12:02:53,421 - INFO - [global] LogUploader: upload_run_logs завершён
2026-09-25 12:02:57,648 - INFO - [global] Проверяю обновы...
2026-09-25 12:02:58,582 - DEBUG - [global] needs_update: raw → 5.13.07
2026-09-25 12:02:58,841 - DEBUG - [global] needs_update: API → 5.13.07
2026-09-25 12:02:58,842 - DEBUG - [global] needs_update: лучший источник raw → 5.13.07 (из 2)
2026-09-25 12:02:58,842 - INFO - [global] needs_update: local=(5, 13, 7) remote=(5, 13, 7) -> has_update=False
2026-09-25 12:02:58,842 - INFO - [global] Установлена последняя версия бота | 5.13.07
2026-09-25 12:03:28,858 - INFO - [global] Проверяю обновы...
2026-09-25 12:03:29,792 - DEBUG - [global] needs_update: raw → 5.13.07
2026-09-25 12:03:30,034 - DEBUG - [global] needs_update: API → 5.13.07
2026-09-25 12:03:30,034 - DEBUG - [global] needs_update: лучший источник raw → 5.13.07 (из 2)
2026-09-25 12:03:30,034 - INFO - [global] needs_update: local=(5, 13, 7) remote=(5, 13, 7) -> has_update=False
2026-09-25 12:03:30,035 - INFO - [global] Установлена последняя версия бота | 5.13.07
2026-09-25 12:03:53,458 - INFO - [global] LogUploader: запускаю upload_run_logs...
2026-09-25 12:03:53,459 - DEBUG - [global] log_uploader: START window=periodic made=-1 token=...Rjnfq
2026-09-25 12:03:54,491 - DEBUG - [global] _api_put: GET runs/20260925_120353_fail_periodic.log -> 404
2026-09-25 12:03:56,321 - DEBUG - [global] _api_put: PUT runs/20260925_120353_fail_periodic.log -> 201 (9273 bytes)
2026-09-25 12:03:56,324 - DEBUG - [global] log_uploader: STEP 1 (window log) -> https://github.com/StarateJI/L2Mauto/blob/bot-logs/runs/20260925_120353_fail_periodic.log
2026-09-25 12:03:56,325 - DEBUG - [global] log_uploader: STEP 2 SKIP (no PNGs)
2026-09-25 12:03:58,750 - DEBUG - [global] _api_put: GET runs/20260925_120353_fail_global.log -> 404
2026-09-25 12:04:00,051 - INFO - [global] Проверяю обновы...
2026-09-25 12:04:00,583 - DEBUG - [global] _api_put: PUT runs/20260925_120353_fail_global.log -> 201 (20334 bytes)
2026-09-25 12:04:00,585 - DEBUG - [global] log_uploader: STEP 3 (global log) -> https://github.com/StarateJI/L2Mauto/blob/bot-logs/runs/20260925_120353_fail_global.log
2026-09-25 12:04:00,585 - DEBUG - [global] log_uploader: END window=periodic
2026-09-25 12:04:00,585 - INFO - [global] LogUploader: upload_run_logs завершён
2026-09-25 12:04:00,946 - DEBUG - [global] needs_update: raw → 5.13.07
2026-09-25 12:04:01,303 - DEBUG - [global] needs_update: API → 5.13.07
2026-09-25 12:04:01,303 - DEBUG - [global] needs_update: лучший источник raw → 5.13.07 (из 2)
2026-09-25 12:04:01,303 - INFO - [global] needs_update: local=(5, 13, 7) remote=(5, 13, 7) -> has_update=False
2026-09-25 12:04:01,304 - INFO - [global] Установлена последняя версия бота | 5.13.07
2026-09-25 12:04:31,322 - INFO - [global] Проверяю обновы...
2026-09-25 12:04:32,232 - DEBUG - [global] needs_update: raw → 5.13.07
2026-09-25 12:04:32,525 - DEBUG - [global] needs_update: API → 5.13.07
2026-09-25 12:04:32,525 - DEBUG - [global] needs_update: лучший источник raw → 5.13.07 (из 2)
2026-09-25 12:04:32,525 - INFO - [global] needs_update: local=(5, 13, 7) remote=(5, 13, 7) -> has_update=False
2026-09-25 12:04:32,527 - INFO - [global] Установлена последняя версия бота | 5.13.07
2026-09-25 12:05:00,625 - INFO - [global] LogUploader: запускаю upload_run_logs...
2026-09-25 12:05:00,627 - DEBUG - [global] log_uploader: START window=periodic made=-1 token=...Rjnfq
2026-09-25 12:05:01,742 - DEBUG - [global] _api_put: GET runs/20260925_120500_fail_periodic.log -> 404
2026-09-25 12:05:02,549 - INFO - [global] Проверяю обновы...
2026-09-25 12:05:03,492 - DEBUG - [global] _api_put: PUT runs/20260925_120500_fail_periodic.log -> 201 (9273 bytes)
2026-09-25 12:05:03,495 - DEBUG - [global] log_uploader: STEP 1 (window log) -> https://github.com/StarateJI/L2Mauto/blob/bot-logs/runs/20260925_120500_fail_periodic.log
2026-09-25 12:05:03,496 - DEBUG - [global] log_uploader: STEP 2 SKIP (no PNGs)
2026-09-25 12:05:03,501 - DEBUG - [global] needs_update: raw → 5.13.07
2026-09-25 12:05:03,745 - DEBUG - [global] needs_update: API → 5.13.07
2026-09-25 12:05:03,746 - DEBUG - [global] needs_update: лучший источник raw → 5.13.07 (из 2)
2026-09-25 12:05:03,746 - INFO - [global] needs_update: local=(5, 13, 7) remote=(5, 13, 7) -> has_update=False
2026-09-25 12:05:03,746 - INFO - [global] Установлена последняя версия бота | 5.13.07
2026-09-25 12:05:04,709 - DEBUG - [global] _api_put: GET runs/20260925_120500_fail_global.log -> 404
2026-09-25 12:05:06,604 - DEBUG - [global] _api_put: PUT runs/20260925_120500_fail_global.log -> 201 (20297 bytes)
2026-09-25 12:05:06,608 - DEBUG - [global] log_uploader: STEP 3 (global log) -> https://github.com/StarateJI/L2Mauto/blob/bot-logs/runs/20260925_120500_fail_global.log
2026-09-25 12:05:06,608 - DEBUG - [global] log_uploader: END window=periodic
2026-09-25 12:05:06,608 - INFO - [global] LogUploader: upload_run_logs завершён
2026-09-25 12:05:33,766 - INFO - [global] Проверяю обновы...
2026-09-25 12:05:34,775 - DEBUG - [global] needs_update: raw → 5.13.07
2026-09-25 12:05:35,006 - DEBUG - [global] needs_update: API → 5.13.07
2026-09-25 12:05:35,006 - DEBUG - [global] needs_update: лучший источник raw → 5.13.07 (из 2)
2026-09-25 12:05:35,007 - INFO - [global] needs_update: local=(5, 13, 7) remote=(5, 13, 7) -> has_update=False
2026-09-25 12:05:35,007 - INFO - [global] Установлена последняя версия бота | 5.13.07
2026-09-25 12:06:05,027 - INFO - [global] Проверяю обновы...
2026-09-25 12:06:06,031 - DEBUG - [global] needs_update: raw → 5.13.07
2026-09-25 12:06:06,289 - DEBUG - [global] needs_update: API → 5.13.07
2026-09-25 12:06:06,290 - DEBUG - [global] needs_update: лучший источник raw → 5.13.07 (из 2)
2026-09-25 12:06:06,290 - INFO - [global] needs_update: local=(5, 13, 7) remote=(5, 13, 7) -> has_update=False
2026-09-25 12:06:06,290 - INFO - [global] Установлена последняя версия бота | 5.13.07
2026-09-25 12:06:06,654 - INFO - [global] LogUploader: запускаю upload_run_logs...
2026-09-25 12:06:06,655 - DEBUG - [global] log_uploader: START window=periodic made=-1 token=...Rjnfq
2026-09-25 12:06:07,730 - DEBUG - [global] _api_put: GET runs/20260925_120606_fail_periodic.log -> 404
2026-09-25 12:06:09,402 - DEBUG - [global] _api_put: PUT runs/20260925_120606_fail_periodic.log -> 201 (9273 bytes)
2026-09-25 12:06:09,404 - DEBUG - [global] log_uploader: STEP 1 (window log) -> https://github.com/StarateJI/L2Mauto/blob/bot-logs/runs/20260925_120606_fail_periodic.log
2026-09-25 12:06:09,405 - DEBUG - [global] log_uploader: STEP 2 SKIP (no PNGs)
2026-09-25 12:06:10,643 - DEBUG - [global] _api_put: GET runs/20260925_120606_fail_global.log -> 404
2026-09-25 12:06:12,581 - DEBUG - [global] _api_put: PUT runs/20260925_120606_fail_global.log -> 201 (20334 bytes)
2026-09-25 12:06:12,584 - DEBUG - [global] log_uploader: STEP 3 (global log) -> https://github.com/StarateJI/L2Mauto/blob/bot-logs/runs/20260925_120606_fail_global.log
2026-09-25 12:06:12,584 - DEBUG - [global] log_uploader: END window=periodic
2026-09-25 12:06:12,584 - INFO - [global] LogUploader: upload_run_logs завершён
2026-09-25 12:06:36,308 - INFO - [global] Проверяю обновы...
2026-09-25 12:06:37,244 - DEBUG - [global] needs_update: raw → 5.13.07
2026-09-25 12:06:37,504 - DEBUG - [global] needs_update: API → 5.13.07
2026-09-25 12:06:37,504 - DEBUG - [global] needs_update: лучший источник raw → 5.13.07 (из 2)
2026-09-25 12:06:37,504 - INFO - [global] needs_update: local=(5, 13, 7) remote=(5, 13, 7) -> has_update=False
2026-09-25 12:06:37,505 - INFO - [global] Установлена последняя версия бота | 5.13.07
2026-09-25 12:07:07,535 - INFO - [global] Проверяю обновы...
2026-09-25 12:07:08,493 - DEBUG - [global] needs_update: raw → 5.13.07
2026-09-25 12:07:08,718 - DEBUG - [global] needs_update: API → 5.13.07
2026-09-25 12:07:08,718 - DEBUG - [global] needs_update: лучший источник raw → 5.13.07 (из 2)
2026-09-25 12:07:08,718 - INFO - [global] needs_update: local=(5, 13, 7) remote=(5, 13, 7) -> has_update=False
2026-09-25 12:07:08,719 - INFO - [global] Установлена последняя версия бота | 5.13.07
2026-09-25 12:07:12,615 - INFO - [global] LogUploader: запускаю upload_run_logs...
2026-09-25 12:07:12,616 - DEBUG - [global] log_uploader: START window=periodic made=-1 token=...Rjnfq
2026-09-25 12:07:13,702 - DEBUG - [global] _api_put: GET runs/20260925_120712_fail_periodic.log -> 404
2026-09-25 12:07:15,698 - DEBUG - [global] _api_put: PUT runs/20260925_120712_fail_periodic.log -> 201 (9273 bytes)
2026-09-25 12:07:15,701 - DEBUG - [global] log_uploader: STEP 1 (window log) -> https://github.com/StarateJI/L2Mauto/blob/bot-logs/runs/20260925_120712_fail_periodic.log
2026-09-25 12:07:15,701 - DEBUG - [global] log_uploader: STEP 2 SKIP (no PNGs)
2026-09-25 12:07:17,009 - DEBUG - [global] _api_put: GET runs/20260925_120712_fail_global.log -> 200
2026-09-25 12:07:19,001 - DEBUG - [global] _api_put: PUT runs/20260925_120712_fail_global.log -> 200 (20334 bytes)
2026-09-25 12:07:19,004 - DEBUG - [global] log_uploader: STEP 3 (global log) -> https://github.com/StarateJI/L2Mauto/blob/bot-logs/runs/20260925_120712_fail_global.log
2026-09-25 12:07:19,004 - DEBUG - [global] log_uploader: END window=periodic
2026-09-25 12:07:19,004 - INFO - [global] LogUploader: upload_run_logs завершён
2026-09-25 12:07:38,747 - INFO - [global] Проверяю обновы...
2026-09-25 12:07:39,732 - DEBUG - [global] needs_update: raw → 5.13.07
2026-09-25 12:07:39,957 - DEBUG - [global] needs_update: API → 5.13.07
2026-09-25 12:07:39,957 - DEBUG - [global] needs_update: лучший источник raw → 5.13.07 (из 2)
2026-09-25 12:07:39,957 - INFO - [global] needs_update: local=(5, 13, 7) remote=(5, 13, 7) -> has_update=False
2026-09-25 12:07:39,958 - INFO - [global] Установлена последняя версия бота | 5.13.07
2026-09-25 12:08:09,976 - INFO - [global] Проверяю обновы...
2026-09-25 12:08:10,980 - DEBUG - [global] needs_update: raw → 5.13.07
2026-09-25 12:08:11,208 - DEBUG - [global] needs_update: API → 5.13.07
2026-09-25 12:08:11,209 - DEBUG - [global] needs_update: лучший источник raw → 5.13.07 (из 2)
2026-09-25 12:08:11,209 - INFO - [global] needs_update: local=(5, 13, 7) remote=(5, 13, 7) -> has_update=False
2026-09-25 12:08:11,209 - INFO - [global] Установлена последняя версия бота | 5.13.07
2026-09-25 12:08:19,039 - INFO - [global] LogUploader: запускаю upload_run_logs...
2026-09-25 12:08:19,040 - DEBUG - [global] log_uploader: START window=periodic made=-1 token=...Rjnfq
2026-09-25 12:08:20,147 - DEBUG - [global] _api_put: GET runs/20260925_120819_fail_periodic.log -> 404
2026-09-25 12:08:21,970 - DEBUG - [global] _api_put: PUT runs/20260925_120819_fail_periodic.log -> 201 (9273 bytes)
2026-09-25 12:08:21,973 - DEBUG - [global] log_uploader: STEP 1 (window log) -> https://github.com/StarateJI/L2Mauto/blob/bot-logs/runs/20260925_120819_fail_periodic.log
2026-09-25 12:08:21,974 - DEBUG - [global] log_uploader: STEP 2 SKIP (no PNGs)
2026-09-25 12:08:23,178 - DEBUG - [global] _api_put: GET runs/20260925_120819_fail_global.log -> 404
2026-09-25 12:08:25,354 - DEBUG - [global] _api_put: PUT runs/20260925_120819_fail_global.log -> 201 (20334 bytes)
2026-09-25 12:08:25,357 - DEBUG - [global] log_uploader: STEP 3 (global log) -> https://github.com/StarateJI/L2Mauto/blob/bot-logs/runs/20260925_120819_fail_global.log
2026-09-25 12:08:25,357 - DEBUG - [global] log_uploader: END window=periodic
2026-09-25 12:08:25,357 - INFO - [global] LogUploader: upload_run_logs завершён
2026-09-25 12:08:41,228 - INFO - [global] Проверяю обновы...
2026-09-25 12:08:42,174 - DEBUG - [global] needs_update: raw → 5.13.07
2026-09-25 12:08:42,445 - DEBUG - [global] needs_update: API → 5.13.07
2026-09-25 12:08:42,446 - DEBUG - [global] needs_update: лучший источник raw → 5.13.07 (из 2)
2026-09-25 12:08:42,446 - INFO - [global] needs_update: local=(5, 13, 7) remote=(5, 13, 7) -> has_update=False
2026-09-25 12:08:42,447 - INFO - [global] Установлена последняя версия бота | 5.13.07
2026-09-25 12:09:12,466 - INFO - [global] Проверяю обновы...
2026-09-25 12:09:13,428 - DEBUG - [global] needs_update: raw → 5.13.07
2026-09-25 12:09:13,646 - DEBUG - [global] needs_update: API → 5.13.07
2026-09-25 12:09:13,646 - DEBUG - [global] needs_update: лучший источник raw → 5.13.07 (из 2)
2026-09-25 12:09:13,646 - INFO - [global] needs_update: local=(5, 13, 7) remote=(5, 13, 7) -> has_update=False
2026-09-25 12:09:13,647 - INFO - [global] Установлена последняя версия бота | 5.13.07
2026-09-25 12:09:25,394 - INFO - [global] LogUploader: запускаю upload_run_logs...
2026-09-25 12:09:25,395 - DEBUG - [global] log_uploader: START window=periodic made=-1 token=...Rjnfq
2026-09-25 12:09:26,511 - DEBUG - [global] _api_put: GET runs/20260925_120925_fail_periodic.log -> 404
2026-09-25 12:09:28,301 - DEBUG - [global] _api_put: PUT runs/20260925_120925_fail_periodic.log -> 201 (9273 bytes)
2026-09-25 12:09:28,304 - DEBUG - [global] log_uploader: STEP 1 (window log) -> https://github.com/StarateJI/L2Mauto/blob/bot-logs/runs/20260925_120925_fail_periodic.log
2026-09-25 12:09:28,305 - DEBUG - [global] log_uploader: STEP 2 SKIP (no PNGs)
2026-09-25 12:09:29,504 - DEBUG - [global] _api_put: GET runs/20260925_120925_fail_global.log -> 404
2026-09-25 12:09:34,847 - DEBUG - [global] _api_put: PUT runs/20260925_120925_fail_global.log -> 201 (20334 bytes)
2026-09-25 12:09:34,849 - DEBUG - [global] log_uploader: STEP 3 (global log) -> https://github.com/StarateJI/L2Mauto/blob/bot-logs/runs/20260925_120925_fail_global.log
2026-09-25 12:09:34,849 - DEBUG - [global] log_uploader: END window=periodic
2026-09-25 12:09:34,850 - INFO - [global] LogUploader: upload_run_logs завершён
2026-09-25 12:09:43,662 - INFO - [global] Проверяю обновы...
2026-09-25 12:09:44,659 - DEBUG - [global] needs_update: raw → 5.13.07
2026-09-25 12:09:44,918 - DEBUG - [global] needs_update: API → 5.13.07
2026-09-25 12:09:44,918 - DEBUG - [global] needs_update: лучший источник raw → 5.13.07 (из 2)
2026-09-25 12:09:44,919 - INFO - [global] needs_update: local=(5, 13, 7) remote=(5, 13, 7) -> has_update=False
2026-09-25 12:09:44,919 - INFO - [global] Установлена последняя версия бота | 5.13.07
2026-09-25 12:10:14,936 - INFO - [global] Проверяю обновы...
2026-09-25 12:10:15,908 - DEBUG - [global] needs_update: raw → 5.13.07
2026-09-25 12:10:16,189 - DEBUG - [global] needs_update: API → 5.13.07
2026-09-25 12:10:16,190 - DEBUG - [global] needs_update: лучший источник raw → 5.13.07 (из 2)
2026-09-25 12:10:16,190 - INFO - [global] needs_update: local=(5, 13, 7) remote=(5, 13, 7) -> has_update=False
2026-09-25 12:10:16,191 - INFO - [global] Установлена последняя версия бота | 5.13.07
2026-09-25 12:10:34,887 - INFO - [global] LogUploader: запускаю upload_run_logs...
2026-09-25 12:10:34,889 - DEBUG - [global] log_uploader: START window=periodic made=-1 token=...Rjnfq
2026-09-25 12:10:35,915 - DEBUG - [global] _api_put: GET runs/20260925_121034_fail_periodic.log -> 404
2026-09-25 12:10:37,667 - DEBUG - [global] _api_put: PUT runs/20260925_121034_fail_periodic.log -> 201 (9273 bytes)
2026-09-25 12:10:37,670 - DEBUG - [global] log_uploader: STEP 1 (window log) -> https://github.com/StarateJI/L2Mauto/blob/bot-logs/runs/20260925_121034_fail_periodic.log
2026-09-25 12:10:37,671 - DEBUG - [global] log_uploader: STEP 2 SKIP (no PNGs)
2026-09-25 12:10:38,832 - DEBUG - [global] _api_put: GET runs/20260925_121034_fail_global.log -> 404
2026-09-25 12:10:40,901 - DEBUG - [global] _api_put: PUT runs/20260925_121034_fail_global.log -> 201 (20334 bytes)
2026-09-25 12:10:40,904 - DEBUG - [global] log_uploader: STEP 3 (global log) -> https://github.com/StarateJI/L2Mauto/blob/bot-logs/runs/20260925_121034_fail_global.log
2026-09-25 12:10:40,904 - DEBUG - [global] log_uploader: END window=periodic
2026-09-25 12:10:40,904 - INFO - [global] LogUploader: upload_run_logs завершён
2026-09-25 12:10:46,212 - INFO - [global] Проверяю обновы...
2026-09-25 12:10:47,238 - DEBUG - [global] needs_update: raw → 5.13.07
2026-09-25 12:10:47,482 - DEBUG - [global] needs_update: API → 5.13.07
2026-09-25 12:10:47,483 - DEBUG - [global] needs_update: лучший источник raw → 5.13.07 (из 2)
2026-09-25 12:10:47,483 - INFO - [global] needs_update: local=(5, 13, 7) remote=(5, 13, 7) -> has_update=False
2026-09-25 12:10:47,484 - INFO - [global] Установлена последняя версия бота | 5.13.07
2026-09-25 12:11:17,501 - INFO - [global] Проверяю обновы...
2026-09-25 12:11:18,421 - DEBUG - [global] needs_update: raw → 5.13.07
2026-09-25 12:11:18,865 - DEBUG - [global] needs_update: API → 5.13.07
2026-09-25 12:11:18,866 - DEBUG - [global] needs_update: лучший источник raw → 5.13.07 (из 2)
2026-09-25 12:11:18,866 - INFO - [global] needs_update: local=(5, 13, 7) remote=(5, 13, 7) -> has_update=False
2026-09-25 12:11:18,867 - INFO - [global] Установлена последняя версия бота | 5.13.07
2026-09-25 12:11:40,937 - INFO - [global] LogUploader: запускаю upload_run_logs...
2026-09-25 12:11:40,939 - DEBUG - [global] log_uploader: START window=periodic made=-1 token=...Rjnfq
2026-09-25 12:11:41,935 - DEBUG - [global] _api_put: GET runs/20260925_121140_fail_periodic.log -> 404
2026-09-25 12:11:43,740 - DEBUG - [global] _api_put: PUT runs/20260925_121140_fail_periodic.log -> 201 (9273 bytes)
2026-09-25 12:11:43,742 - DEBUG - [global] log_uploader: STEP 1 (window log) -> https://github.com/StarateJI/L2Mauto/blob/bot-logs/runs/20260925_121140_fail_periodic.log
2026-09-25 12:11:43,742 - DEBUG - [global] log_uploader: STEP 2 SKIP (no PNGs)
