=== Log tail 2026-09-25T11:24:35.071642 | last 200 lines ===
2026-09-25 11:15:20,625 - DEBUG - [global] needs_update: лучший источник raw → 5.13.07 (из 2)
2026-09-25 11:15:20,625 - INFO - [global] needs_update: local=(5, 13, 7) remote=(5, 13, 7) -> has_update=False
2026-09-25 11:15:20,626 - INFO - [global] Установлена последняя версия бота | 5.13.07
2026-09-25 11:15:45,126 - INFO - [global] LogUploader: запускаю upload_run_logs...
2026-09-25 11:15:45,127 - DEBUG - [global] log_uploader: START window=periodic made=-1 token=...Rjnfq
2026-09-25 11:15:45,983 - DEBUG - [global] _api_put: GET runs/20260925_111545_fail_periodic.log -> 404
2026-09-25 11:15:47,625 - DEBUG - [global] _api_put: PUT runs/20260925_111545_fail_periodic.log -> 201 (6194 bytes)
2026-09-25 11:15:47,626 - DEBUG - [global] log_uploader: STEP 1 (window log) -> https://github.com/StarateJI/L2Mauto/blob/bot-logs/runs/20260925_111545_fail_periodic.log
2026-09-25 11:15:47,627 - DEBUG - [global] log_uploader: STEP 2 SKIP (no PNGs)
2026-09-25 11:15:48,575 - DEBUG - [global] _api_put: GET runs/20260925_111545_fail_global.log -> 404
2026-09-25 11:15:50,289 - DEBUG - [global] _api_put: PUT runs/20260925_111545_fail_global.log -> 201 (20334 bytes)
2026-09-25 11:15:50,291 - DEBUG - [global] log_uploader: STEP 3 (global log) -> https://github.com/StarateJI/L2Mauto/blob/bot-logs/runs/20260925_111545_fail_global.log
2026-09-25 11:15:50,292 - DEBUG - [global] log_uploader: END window=periodic
2026-09-25 11:15:50,292 - INFO - [global] LogUploader: upload_run_logs завершён
2026-09-25 11:15:50,645 - INFO - [global] Проверяю обновы...
2026-09-25 11:15:51,399 - DEBUG - [global] needs_update: raw → 5.13.07
2026-09-25 11:15:51,651 - DEBUG - [global] needs_update: API → 5.13.07
2026-09-25 11:15:51,651 - DEBUG - [global] needs_update: лучший источник raw → 5.13.07 (из 2)
2026-09-25 11:15:51,652 - INFO - [global] needs_update: local=(5, 13, 7) remote=(5, 13, 7) -> has_update=False
2026-09-25 11:15:51,652 - INFO - [global] Установлена последняя версия бота | 5.13.07
2026-09-25 11:16:21,671 - INFO - [global] Проверяю обновы...
2026-09-25 11:16:22,453 - DEBUG - [global] needs_update: raw → 5.13.07
2026-09-25 11:16:22,661 - DEBUG - [global] needs_update: API → 5.13.07
2026-09-25 11:16:22,661 - DEBUG - [global] needs_update: лучший источник raw → 5.13.07 (из 2)
2026-09-25 11:16:22,661 - INFO - [global] needs_update: local=(5, 13, 7) remote=(5, 13, 7) -> has_update=False
2026-09-25 11:16:22,662 - INFO - [global] Установлена последняя версия бота | 5.13.07
2026-09-25 11:16:50,329 - INFO - [global] LogUploader: запускаю upload_run_logs...
2026-09-25 11:16:50,329 - DEBUG - [global] log_uploader: START window=periodic made=-1 token=...Rjnfq
2026-09-25 11:16:51,192 - DEBUG - [global] _api_put: GET runs/20260925_111650_fail_periodic.log -> 404
2026-09-25 11:16:52,676 - INFO - [global] Проверяю обновы...
2026-09-25 11:16:52,966 - DEBUG - [global] _api_put: PUT runs/20260925_111650_fail_periodic.log -> 201 (6194 bytes)
2026-09-25 11:16:52,969 - DEBUG - [global] log_uploader: STEP 1 (window log) -> https://github.com/StarateJI/L2Mauto/blob/bot-logs/runs/20260925_111650_fail_periodic.log
2026-09-25 11:16:52,969 - DEBUG - [global] log_uploader: STEP 2 SKIP (no PNGs)
2026-09-25 11:16:53,476 - DEBUG - [global] needs_update: raw → 5.13.07
2026-09-25 11:16:53,773 - DEBUG - [global] needs_update: API → 5.13.07
2026-09-25 11:16:53,774 - DEBUG - [global] needs_update: лучший источник raw → 5.13.07 (из 2)
2026-09-25 11:16:53,774 - INFO - [global] needs_update: local=(5, 13, 7) remote=(5, 13, 7) -> has_update=False
2026-09-25 11:16:53,774 - INFO - [global] Установлена последняя версия бота | 5.13.07
2026-09-25 11:16:54,089 - DEBUG - [global] _api_put: GET runs/20260925_111650_fail_global.log -> 404
2026-09-25 11:16:56,023 - DEBUG - [global] _api_put: PUT runs/20260925_111650_fail_global.log -> 201 (20336 bytes)
2026-09-25 11:16:56,024 - DEBUG - [global] log_uploader: STEP 3 (global log) -> https://github.com/StarateJI/L2Mauto/blob/bot-logs/runs/20260925_111650_fail_global.log
2026-09-25 11:16:56,024 - DEBUG - [global] log_uploader: END window=periodic
2026-09-25 11:16:56,024 - INFO - [global] LogUploader: upload_run_logs завершён
2026-09-25 11:17:23,794 - INFO - [global] Проверяю обновы...
2026-09-25 11:17:24,484 - DEBUG - [global] needs_update: raw → 5.13.07
2026-09-25 11:17:25,735 - DEBUG - [global] needs_update: API → 5.13.07
2026-09-25 11:17:25,735 - DEBUG - [global] needs_update: лучший источник raw → 5.13.07 (из 2)
2026-09-25 11:17:25,736 - INFO - [global] needs_update: local=(5, 13, 7) remote=(5, 13, 7) -> has_update=False
2026-09-25 11:17:25,736 - INFO - [global] Установлена последняя версия бота | 5.13.07
2026-09-25 11:17:55,759 - INFO - [global] Проверяю обновы...
2026-09-25 11:17:56,063 - INFO - [global] LogUploader: запускаю upload_run_logs...
2026-09-25 11:17:56,064 - DEBUG - [global] log_uploader: START window=periodic made=-1 token=...Rjnfq
2026-09-25 11:17:56,670 - DEBUG - [global] needs_update: raw → 5.13.07
2026-09-25 11:17:56,925 - DEBUG - [global] needs_update: API → 5.13.07
2026-09-25 11:17:56,925 - DEBUG - [global] needs_update: лучший источник raw → 5.13.07 (из 2)
2026-09-25 11:17:56,925 - INFO - [global] needs_update: local=(5, 13, 7) remote=(5, 13, 7) -> has_update=False
2026-09-25 11:17:56,926 - INFO - [global] Установлена последняя версия бота | 5.13.07
2026-09-25 11:17:57,171 - DEBUG - [global] _api_put: GET runs/20260925_111756_fail_periodic.log -> 404
2026-09-25 11:17:58,820 - DEBUG - [global] _api_put: PUT runs/20260925_111756_fail_periodic.log -> 201 (6194 bytes)
2026-09-25 11:17:58,822 - DEBUG - [global] log_uploader: STEP 1 (window log) -> https://github.com/StarateJI/L2Mauto/blob/bot-logs/runs/20260925_111756_fail_periodic.log
2026-09-25 11:17:58,823 - DEBUG - [global] log_uploader: STEP 2 SKIP (no PNGs)
2026-09-25 11:17:59,876 - DEBUG - [global] _api_put: GET runs/20260925_111756_fail_global.log -> 404
2026-09-25 11:18:01,716 - DEBUG - [global] _api_put: PUT runs/20260925_111756_fail_global.log -> 201 (20334 bytes)
2026-09-25 11:18:01,719 - DEBUG - [global] log_uploader: STEP 3 (global log) -> https://github.com/StarateJI/L2Mauto/blob/bot-logs/runs/20260925_111756_fail_global.log
2026-09-25 11:18:01,720 - DEBUG - [global] log_uploader: END window=periodic
2026-09-25 11:18:01,720 - INFO - [global] LogUploader: upload_run_logs завершён
2026-09-25 11:18:26,950 - INFO - [global] Проверяю обновы...
2026-09-25 11:18:27,826 - DEBUG - [global] needs_update: raw → 5.13.07
2026-09-25 11:18:28,098 - DEBUG - [global] needs_update: API → 5.13.07
2026-09-25 11:18:28,099 - DEBUG - [global] needs_update: лучший источник raw → 5.13.07 (из 2)
2026-09-25 11:18:28,099 - INFO - [global] needs_update: local=(5, 13, 7) remote=(5, 13, 7) -> has_update=False
2026-09-25 11:18:28,100 - INFO - [global] Установлена последняя версия бота | 5.13.07
2026-09-25 11:18:58,117 - INFO - [global] Проверяю обновы...
2026-09-25 11:18:58,992 - DEBUG - [global] needs_update: raw → 5.13.07
2026-09-25 11:18:59,192 - DEBUG - [global] needs_update: API → 5.13.07
2026-09-25 11:18:59,192 - DEBUG - [global] needs_update: лучший источник raw → 5.13.07 (из 2)
2026-09-25 11:18:59,192 - INFO - [global] needs_update: local=(5, 13, 7) remote=(5, 13, 7) -> has_update=False
2026-09-25 11:18:59,193 - INFO - [global] Установлена последняя версия бота | 5.13.07
2026-09-25 11:19:01,751 - INFO - [global] LogUploader: запускаю upload_run_logs...
2026-09-25 11:19:01,751 - DEBUG - [global] log_uploader: START window=periodic made=-1 token=...Rjnfq
2026-09-25 11:19:02,676 - DEBUG - [global] _api_put: GET runs/20260925_111901_fail_periodic.log -> 404
2026-09-25 11:19:04,433 - DEBUG - [global] _api_put: PUT runs/20260925_111901_fail_periodic.log -> 201 (6194 bytes)
2026-09-25 11:19:04,435 - DEBUG - [global] log_uploader: STEP 1 (window log) -> https://github.com/StarateJI/L2Mauto/blob/bot-logs/runs/20260925_111901_fail_periodic.log
2026-09-25 11:19:04,436 - DEBUG - [global] log_uploader: STEP 2 SKIP (no PNGs)
2026-09-25 11:19:05,429 - DEBUG - [global] _api_put: GET runs/20260925_111901_fail_global.log -> 404
2026-09-25 11:19:07,123 - DEBUG - [global] _api_put: PUT runs/20260925_111901_fail_global.log -> 201 (20334 bytes)
2026-09-25 11:19:07,125 - DEBUG - [global] log_uploader: STEP 3 (global log) -> https://github.com/StarateJI/L2Mauto/blob/bot-logs/runs/20260925_111901_fail_global.log
2026-09-25 11:19:07,125 - DEBUG - [global] log_uploader: END window=periodic
2026-09-25 11:19:07,125 - INFO - [global] LogUploader: upload_run_logs завершён
2026-09-25 11:19:29,209 - INFO - [global] Проверяю обновы...
2026-09-25 11:19:30,050 - DEBUG - [global] needs_update: raw → 5.13.07
2026-09-25 11:19:30,270 - DEBUG - [global] needs_update: API → 5.13.07
2026-09-25 11:19:30,270 - DEBUG - [global] needs_update: лучший источник raw → 5.13.07 (из 2)
2026-09-25 11:19:30,271 - INFO - [global] needs_update: local=(5, 13, 7) remote=(5, 13, 7) -> has_update=False
2026-09-25 11:19:30,271 - INFO - [global] Установлена последняя версия бота | 5.13.07
2026-09-25 11:20:00,290 - INFO - [global] Проверяю обновы...
2026-09-25 11:20:01,124 - DEBUG - [global] needs_update: raw → 5.13.07
2026-09-25 11:20:01,385 - DEBUG - [global] needs_update: API → 5.13.07
2026-09-25 11:20:01,385 - DEBUG - [global] needs_update: лучший источник raw → 5.13.07 (из 2)
2026-09-25 11:20:01,385 - INFO - [global] needs_update: local=(5, 13, 7) remote=(5, 13, 7) -> has_update=False
2026-09-25 11:20:01,386 - INFO - [global] Установлена последняя версия бота | 5.13.07
2026-09-25 11:20:07,161 - INFO - [global] LogUploader: запускаю upload_run_logs...
2026-09-25 11:20:07,161 - DEBUG - [global] log_uploader: START window=periodic made=-1 token=...Rjnfq
2026-09-25 11:20:08,166 - DEBUG - [global] _api_put: GET runs/20260925_112007_fail_periodic.log -> 404
2026-09-25 11:20:09,862 - DEBUG - [global] _api_put: PUT runs/20260925_112007_fail_periodic.log -> 409 (6194 bytes)
2026-09-25 11:20:09,862 - WARNING - [global] _api_put: PUT failed body: {"message":"is at b0908e9c3c9bee5ab623eb54d08f4962861414b0 but expected 3931955e4369a889506beb0fa6a67fd3e72626d8","documentation_url":"https://docs.github.com/rest/repos/contents#create-or-update-file
2026-09-25 11:20:09,865 - DEBUG - [global] log_uploader: STEP 1 (window log) -> FAILED
2026-09-25 11:20:09,866 - DEBUG - [global] log_uploader: STEP 2 SKIP (no PNGs)
2026-09-25 11:20:10,884 - DEBUG - [global] _api_put: GET runs/20260925_112007_fail_global.log -> 404
2026-09-25 11:20:12,739 - DEBUG - [global] _api_put: PUT runs/20260925_112007_fail_global.log -> 201 (20451 bytes)
2026-09-25 11:20:12,742 - DEBUG - [global] log_uploader: STEP 3 (global log) -> https://github.com/StarateJI/L2Mauto/blob/bot-logs/runs/20260925_112007_fail_global.log
2026-09-25 11:20:12,742 - DEBUG - [global] log_uploader: END window=periodic
2026-09-25 11:20:12,742 - INFO - [global] LogUploader: upload_run_logs завершён
2026-09-25 11:20:31,406 - INFO - [global] Проверяю обновы...
2026-09-25 11:20:32,187 - DEBUG - [global] needs_update: raw → 5.13.07
2026-09-25 11:20:32,475 - DEBUG - [global] needs_update: API → 5.13.07
2026-09-25 11:20:32,475 - DEBUG - [global] needs_update: лучший источник raw → 5.13.07 (из 2)
2026-09-25 11:20:32,475 - INFO - [global] needs_update: local=(5, 13, 7) remote=(5, 13, 7) -> has_update=False
2026-09-25 11:20:32,476 - INFO - [global] Установлена последняя версия бота | 5.13.07
2026-09-25 11:21:02,494 - INFO - [global] Проверяю обновы...
2026-09-25 11:21:03,286 - DEBUG - [global] needs_update: raw → 5.13.07
2026-09-25 11:21:03,497 - DEBUG - [global] needs_update: API → 5.13.07
2026-09-25 11:21:03,497 - DEBUG - [global] needs_update: лучший источник raw → 5.13.07 (из 2)
2026-09-25 11:21:03,497 - INFO - [global] needs_update: local=(5, 13, 7) remote=(5, 13, 7) -> has_update=False
2026-09-25 11:21:03,498 - INFO - [global] Установлена последняя версия бота | 5.13.07
2026-09-25 11:21:12,783 - INFO - [global] LogUploader: запускаю upload_run_logs...
2026-09-25 11:21:12,784 - DEBUG - [global] log_uploader: START window=periodic made=-1 token=...Rjnfq
2026-09-25 11:21:13,701 - DEBUG - [global] _api_put: GET runs/20260925_112112_fail_periodic.log -> 404
2026-09-25 11:21:15,557 - DEBUG - [global] _api_put: PUT runs/20260925_112112_fail_periodic.log -> 201 (6194 bytes)
2026-09-25 11:21:15,558 - DEBUG - [global] log_uploader: STEP 1 (window log) -> https://github.com/StarateJI/L2Mauto/blob/bot-logs/runs/20260925_112112_fail_periodic.log
2026-09-25 11:21:15,558 - DEBUG - [global] log_uploader: STEP 2 SKIP (no PNGs)
2026-09-25 11:21:16,533 - DEBUG - [global] _api_put: GET runs/20260925_112112_fail_global.log -> 404
2026-09-25 11:21:18,326 - DEBUG - [global] _api_put: PUT runs/20260925_112112_fail_global.log -> 201 (20451 bytes)
2026-09-25 11:21:18,329 - DEBUG - [global] log_uploader: STEP 3 (global log) -> https://github.com/StarateJI/L2Mauto/blob/bot-logs/runs/20260925_112112_fail_global.log
2026-09-25 11:21:18,329 - DEBUG - [global] log_uploader: END window=periodic
2026-09-25 11:21:18,329 - INFO - [global] LogUploader: upload_run_logs завершён
2026-09-25 11:21:33,522 - INFO - [global] Проверяю обновы...
2026-09-25 11:21:34,305 - DEBUG - [global] needs_update: raw → 5.13.07
2026-09-25 11:21:34,504 - DEBUG - [global] needs_update: API → 5.13.07
2026-09-25 11:21:34,504 - DEBUG - [global] needs_update: лучший источник raw → 5.13.07 (из 2)
2026-09-25 11:21:34,504 - INFO - [global] needs_update: local=(5, 13, 7) remote=(5, 13, 7) -> has_update=False
2026-09-25 11:21:34,505 - INFO - [global] Установлена последняя версия бота | 5.13.07
2026-09-25 11:22:04,521 - INFO - [global] Проверяю обновы...
2026-09-25 11:22:05,336 - DEBUG - [global] needs_update: raw → 5.13.07
2026-09-25 11:22:05,568 - DEBUG - [global] needs_update: API → 5.13.07
2026-09-25 11:22:05,568 - DEBUG - [global] needs_update: лучший источник raw → 5.13.07 (из 2)
2026-09-25 11:22:05,568 - INFO - [global] needs_update: local=(5, 13, 7) remote=(5, 13, 7) -> has_update=False
2026-09-25 11:22:05,569 - INFO - [global] Установлена последняя версия бота | 5.13.07
2026-09-25 11:22:18,366 - INFO - [global] LogUploader: запускаю upload_run_logs...
2026-09-25 11:22:18,366 - DEBUG - [global] log_uploader: START window=periodic made=-1 token=...Rjnfq
2026-09-25 11:22:19,285 - DEBUG - [global] _api_put: GET runs/20260925_112218_fail_periodic.log -> 404
2026-09-25 11:22:20,929 - DEBUG - [global] _api_put: PUT runs/20260925_112218_fail_periodic.log -> 201 (6194 bytes)
2026-09-25 11:22:20,930 - DEBUG - [global] log_uploader: STEP 1 (window log) -> https://github.com/StarateJI/L2Mauto/blob/bot-logs/runs/20260925_112218_fail_periodic.log
2026-09-25 11:22:20,930 - DEBUG - [global] log_uploader: STEP 2 SKIP (no PNGs)
2026-09-25 11:22:21,984 - DEBUG - [global] _api_put: GET runs/20260925_112218_fail_global.log -> 404
2026-09-25 11:22:26,648 - DEBUG - [global] _api_put: PUT runs/20260925_112218_fail_global.log -> 201 (20451 bytes)
2026-09-25 11:22:26,650 - DEBUG - [global] log_uploader: STEP 3 (global log) -> https://github.com/StarateJI/L2Mauto/blob/bot-logs/runs/20260925_112218_fail_global.log
2026-09-25 11:22:26,650 - DEBUG - [global] log_uploader: END window=periodic
2026-09-25 11:22:26,650 - INFO - [global] LogUploader: upload_run_logs завершён
2026-09-25 11:22:35,586 - INFO - [global] Проверяю обновы...
2026-09-25 11:22:36,407 - DEBUG - [global] needs_update: raw → 5.13.07
2026-09-25 11:22:36,666 - DEBUG - [global] needs_update: API → 5.13.07
2026-09-25 11:22:36,666 - DEBUG - [global] needs_update: лучший источник raw → 5.13.07 (из 2)
2026-09-25 11:22:36,666 - INFO - [global] needs_update: local=(5, 13, 7) remote=(5, 13, 7) -> has_update=False
2026-09-25 11:22:36,667 - INFO - [global] Установлена последняя версия бота | 5.13.07
2026-09-25 11:23:06,683 - INFO - [global] Проверяю обновы...
2026-09-25 11:23:07,525 - DEBUG - [global] needs_update: raw → 5.13.07
2026-09-25 11:23:07,729 - DEBUG - [global] needs_update: API → 5.13.07
2026-09-25 11:23:07,729 - DEBUG - [global] needs_update: лучший источник raw → 5.13.07 (из 2)
2026-09-25 11:23:07,729 - INFO - [global] needs_update: local=(5, 13, 7) remote=(5, 13, 7) -> has_update=False
2026-09-25 11:23:07,730 - INFO - [global] Установлена последняя версия бота | 5.13.07
2026-09-25 11:23:26,682 - INFO - [global] LogUploader: запускаю upload_run_logs...
2026-09-25 11:23:26,683 - DEBUG - [global] log_uploader: START window=periodic made=-1 token=...Rjnfq
2026-09-25 11:23:27,556 - DEBUG - [global] _api_put: GET runs/20260925_112326_fail_periodic.log -> 404
2026-09-25 11:23:29,275 - DEBUG - [global] _api_put: PUT runs/20260925_112326_fail_periodic.log -> 201 (6194 bytes)
2026-09-25 11:23:29,276 - DEBUG - [global] log_uploader: STEP 1 (window log) -> https://github.com/StarateJI/L2Mauto/blob/bot-logs/runs/20260925_112326_fail_periodic.log
2026-09-25 11:23:29,276 - DEBUG - [global] log_uploader: STEP 2 SKIP (no PNGs)
2026-09-25 11:23:30,244 - DEBUG - [global] _api_put: GET runs/20260925_112326_fail_global.log -> 404
2026-09-25 11:23:32,277 - DEBUG - [global] _api_put: PUT runs/20260925_112326_fail_global.log -> 201 (20451 bytes)
2026-09-25 11:23:32,279 - DEBUG - [global] log_uploader: STEP 3 (global log) -> https://github.com/StarateJI/L2Mauto/blob/bot-logs/runs/20260925_112326_fail_global.log
2026-09-25 11:23:32,279 - DEBUG - [global] log_uploader: END window=periodic
2026-09-25 11:23:32,279 - INFO - [global] LogUploader: upload_run_logs завершён
2026-09-25 11:23:37,749 - INFO - [global] Проверяю обновы...
2026-09-25 11:23:38,537 - DEBUG - [global] needs_update: raw → 5.13.07
2026-09-25 11:23:38,989 - DEBUG - [global] needs_update: API → 5.13.07
2026-09-25 11:23:38,989 - DEBUG - [global] needs_update: лучший источник raw → 5.13.07 (из 2)
2026-09-25 11:23:38,989 - INFO - [global] needs_update: local=(5, 13, 7) remote=(5, 13, 7) -> has_update=False
2026-09-25 11:23:38,990 - INFO - [global] Установлена последняя версия бота | 5.13.07
2026-09-25 11:24:09,007 - INFO - [global] Проверяю обновы...
2026-09-25 11:24:09,780 - DEBUG - [global] needs_update: raw → 5.13.07
2026-09-25 11:24:10,020 - DEBUG - [global] needs_update: API → 5.13.07
2026-09-25 11:24:10,021 - DEBUG - [global] needs_update: лучший источник raw → 5.13.07 (из 2)
2026-09-25 11:24:10,021 - INFO - [global] needs_update: local=(5, 13, 7) remote=(5, 13, 7) -> has_update=False
2026-09-25 11:24:10,021 - INFO - [global] Установлена последняя версия бота | 5.13.07
2026-09-25 11:24:32,319 - INFO - [global] LogUploader: запускаю upload_run_logs...
2026-09-25 11:24:32,319 - DEBUG - [global] log_uploader: START window=periodic made=-1 token=...Rjnfq
2026-09-25 11:24:33,322 - DEBUG - [global] _api_put: GET runs/20260925_112432_fail_periodic.log -> 404
2026-09-25 11:24:35,005 - DEBUG - [global] _api_put: PUT runs/20260925_112432_fail_periodic.log -> 201 (6194 bytes)
2026-09-25 11:24:35,008 - DEBUG - [global] log_uploader: STEP 1 (window log) -> https://github.com/StarateJI/L2Mauto/blob/bot-logs/runs/20260925_112432_fail_periodic.log
2026-09-25 11:24:35,008 - DEBUG - [global] log_uploader: STEP 2 SKIP (no PNGs)
