=== Log tail 2026-10-03T05:13:29.986136 | last 200 lines ===
2026-10-03 05:04:45,228 - DEBUG - [global] _api_put: PUT runs/20261003_050439_fail_global.log -> 201 (20019 bytes)
2026-10-03 05:04:45,231 - DEBUG - [global] log_uploader: STEP 3 (global log) -> https://github.com/StarateJI/L2Mauto/blob/bot-logs/runs/20261003_050439_fail_global.log
2026-10-03 05:04:45,231 - DEBUG - [global] log_uploader: END window=periodic
2026-10-03 05:04:45,231 - INFO - [global] LogUploader: upload_run_logs завершён
2026-10-03 05:04:54,215 - INFO - [global] Проверяю обновы...
2026-10-03 05:04:55,072 - DEBUG - [global] needs_update: raw → 5.13.09
2026-10-03 05:04:55,259 - DEBUG - [global] needs_update: API → 5.13.09
2026-10-03 05:04:55,259 - DEBUG - [global] needs_update: лучший источник raw → 5.13.09 (из 2)
2026-10-03 05:04:55,259 - INFO - [global] needs_update: local=(5, 13, 7) remote=(5, 13, 9) -> has_update=True
2026-10-03 05:04:55,259 - INFO - [global] Доступна обнова! Спавню кнопку
2026-10-03 05:05:25,275 - INFO - [global] Проверяю обновы...
2026-10-03 05:05:26,131 - DEBUG - [global] needs_update: raw → 5.13.09
2026-10-03 05:05:26,334 - DEBUG - [global] needs_update: API → 5.13.09
2026-10-03 05:05:26,334 - DEBUG - [global] needs_update: лучший источник raw → 5.13.09 (из 2)
2026-10-03 05:05:26,334 - INFO - [global] needs_update: local=(5, 13, 7) remote=(5, 13, 9) -> has_update=True
2026-10-03 05:05:26,335 - INFO - [global] Доступна обнова! Спавню кнопку
2026-10-03 05:05:45,270 - INFO - [global] LogUploader: запускаю upload_run_logs...
2026-10-03 05:05:45,271 - DEBUG - [global] log_uploader: START window=periodic made=-1 token=...Rjnfq
2026-10-03 05:05:46,191 - DEBUG - [global] _api_put: GET runs/20261003_050545_fail_periodic.log -> 404
2026-10-03 05:05:48,139 - DEBUG - [global] _api_put: PUT runs/20261003_050545_fail_periodic.log -> 201 (12833 bytes)
2026-10-03 05:05:48,142 - DEBUG - [global] log_uploader: STEP 1 (window log) -> https://github.com/StarateJI/L2Mauto/blob/bot-logs/runs/20261003_050545_fail_periodic.log
2026-10-03 05:05:48,142 - DEBUG - [global] log_uploader: STEP 2 SKIP (no PNGs)
2026-10-03 05:05:49,116 - DEBUG - [global] _api_put: GET runs/20261003_050545_fail_global.log -> 404
2026-10-03 05:05:50,937 - DEBUG - [global] _api_put: PUT runs/20261003_050545_fail_global.log -> 409 (20019 bytes)
2026-10-03 05:05:50,937 - WARNING - [global] _api_put: PUT failed body: {"message":"is at 2f18f0feece19f145756adf92cee92f0eba144fc but expected 7d475e030e38ebfe9d658eee020c40fa8955475c","documentation_url":"https://docs.github.com/rest/repos/contents#create-or-update-file
2026-10-03 05:05:50,940 - DEBUG - [global] log_uploader: STEP 3 (global log) -> FAILED
2026-10-03 05:05:50,940 - DEBUG - [global] log_uploader: END window=periodic
2026-10-03 05:05:50,940 - INFO - [global] LogUploader: upload_run_logs завершён
2026-10-03 05:05:56,349 - INFO - [global] Проверяю обновы...
2026-10-03 05:05:57,191 - DEBUG - [global] needs_update: raw → 5.13.09
2026-10-03 05:05:57,366 - DEBUG - [global] needs_update: API → 5.13.09
2026-10-03 05:05:57,366 - DEBUG - [global] needs_update: лучший источник raw → 5.13.09 (из 2)
2026-10-03 05:05:57,366 - INFO - [global] needs_update: local=(5, 13, 7) remote=(5, 13, 9) -> has_update=True
2026-10-03 05:05:57,366 - INFO - [global] Доступна обнова! Спавню кнопку
2026-10-03 05:06:27,385 - INFO - [global] Проверяю обновы...
2026-10-03 05:06:28,212 - DEBUG - [global] needs_update: raw → 5.13.09
2026-10-03 05:06:28,417 - DEBUG - [global] needs_update: API → 5.13.09
2026-10-03 05:06:28,417 - DEBUG - [global] needs_update: лучший источник raw → 5.13.09 (из 2)
2026-10-03 05:06:28,417 - INFO - [global] needs_update: local=(5, 13, 7) remote=(5, 13, 9) -> has_update=True
2026-10-03 05:06:28,417 - INFO - [global] Доступна обнова! Спавню кнопку
2026-10-03 05:06:50,974 - INFO - [global] LogUploader: запускаю upload_run_logs...
2026-10-03 05:06:50,974 - DEBUG - [global] log_uploader: START window=periodic made=-1 token=...Rjnfq
2026-10-03 05:06:51,869 - DEBUG - [global] _api_put: GET runs/20261003_050650_fail_periodic.log -> 404
2026-10-03 05:06:53,779 - DEBUG - [global] _api_put: PUT runs/20261003_050650_fail_periodic.log -> 409 (12833 bytes)
2026-10-03 05:06:53,779 - WARNING - [global] _api_put: PUT failed body: {"message":"is at ceb099d30538f2d9667c97ae8c6024d4f1dbbb1d but expected 9b9926fcb21e6ccc25e78730bb0c24047e20a543","documentation_url":"https://docs.github.com/rest/repos/contents#create-or-update-file
2026-10-03 05:06:53,780 - DEBUG - [global] log_uploader: STEP 1 (window log) -> FAILED
2026-10-03 05:06:53,780 - DEBUG - [global] log_uploader: STEP 2 SKIP (no PNGs)
2026-10-03 05:06:54,743 - DEBUG - [global] _api_put: GET runs/20261003_050650_fail_global.log -> 404
2026-10-03 05:06:56,569 - DEBUG - [global] _api_put: PUT runs/20261003_050650_fail_global.log -> 409 (20216 bytes)
2026-10-03 05:06:56,569 - WARNING - [global] _api_put: PUT failed body: {"message":"is at 6ec665a2edb8fed701e3e2b087f5bb4290a1dc94 but expected ceb099d30538f2d9667c97ae8c6024d4f1dbbb1d","documentation_url":"https://docs.github.com/rest/repos/contents#create-or-update-file
2026-10-03 05:06:56,571 - DEBUG - [global] log_uploader: STEP 3 (global log) -> FAILED
2026-10-03 05:06:56,571 - DEBUG - [global] log_uploader: END window=periodic
2026-10-03 05:06:56,571 - INFO - [global] LogUploader: upload_run_logs завершён
2026-10-03 05:06:58,432 - INFO - [global] Проверяю обновы...
2026-10-03 05:06:59,294 - DEBUG - [global] needs_update: raw → 5.13.09
2026-10-03 05:06:59,462 - DEBUG - [global] needs_update: API → 5.13.09
2026-10-03 05:06:59,463 - DEBUG - [global] needs_update: лучший источник raw → 5.13.09 (из 2)
2026-10-03 05:06:59,463 - INFO - [global] needs_update: local=(5, 13, 7) remote=(5, 13, 9) -> has_update=True
2026-10-03 05:06:59,463 - INFO - [global] Доступна обнова! Спавню кнопку
2026-10-03 05:07:29,480 - INFO - [global] Проверяю обновы...
2026-10-03 05:07:30,356 - DEBUG - [global] needs_update: raw → 5.13.09
2026-10-03 05:07:30,520 - DEBUG - [global] needs_update: API → 5.13.09
2026-10-03 05:07:30,521 - DEBUG - [global] needs_update: лучший источник raw → 5.13.09 (из 2)
2026-10-03 05:07:30,521 - INFO - [global] needs_update: local=(5, 13, 7) remote=(5, 13, 9) -> has_update=True
2026-10-03 05:07:30,521 - INFO - [global] Доступна обнова! Спавню кнопку
2026-10-03 05:07:56,606 - INFO - [global] LogUploader: запускаю upload_run_logs...
2026-10-03 05:07:56,607 - DEBUG - [global] log_uploader: START window=periodic made=-1 token=...Rjnfq
2026-10-03 05:07:57,582 - DEBUG - [global] _api_put: GET runs/20261003_050756_fail_periodic.log -> 404
2026-10-03 05:07:59,587 - DEBUG - [global] _api_put: PUT runs/20261003_050756_fail_periodic.log -> 409 (12833 bytes)
2026-10-03 05:07:59,587 - WARNING - [global] _api_put: PUT failed body: {"message":"is at b7fccc7507b57a878f21c397dfd57063be3d3e4c but expected 5aa40257a9f2bd319cea866500d82f5cbd1b52a4","documentation_url":"https://docs.github.com/rest/repos/contents#create-or-update-file
2026-10-03 05:07:59,589 - DEBUG - [global] log_uploader: STEP 1 (window log) -> FAILED
2026-10-03 05:07:59,590 - DEBUG - [global] log_uploader: STEP 2 SKIP (no PNGs)
2026-10-03 05:08:00,538 - INFO - [global] Проверяю обновы...
2026-10-03 05:08:00,582 - DEBUG - [global] _api_put: GET runs/20261003_050756_fail_global.log -> 404
2026-10-03 05:08:01,474 - DEBUG - [global] needs_update: raw → 5.13.09
2026-10-03 05:08:01,710 - DEBUG - [global] needs_update: API → 5.13.09
2026-10-03 05:08:01,710 - DEBUG - [global] needs_update: лучший источник raw → 5.13.09 (из 2)
2026-10-03 05:08:01,710 - INFO - [global] needs_update: local=(5, 13, 7) remote=(5, 13, 9) -> has_update=True
2026-10-03 05:08:01,710 - INFO - [global] Доступна обнова! Спавню кнопку
2026-10-03 05:08:02,905 - DEBUG - [global] _api_put: PUT runs/20261003_050756_fail_global.log -> 409 (20389 bytes)
2026-10-03 05:08:02,905 - WARNING - [global] _api_put: PUT failed body: {"message":"is at 644ae10bef4093f3521ba013df82330174319575 but expected b7fccc7507b57a878f21c397dfd57063be3d3e4c","documentation_url":"https://docs.github.com/rest/repos/contents#create-or-update-file
2026-10-03 05:08:02,908 - DEBUG - [global] log_uploader: STEP 3 (global log) -> FAILED
2026-10-03 05:08:02,908 - DEBUG - [global] log_uploader: END window=periodic
2026-10-03 05:08:02,908 - INFO - [global] LogUploader: upload_run_logs завершён
2026-10-03 05:08:31,729 - INFO - [global] Проверяю обновы...
2026-10-03 05:08:32,593 - DEBUG - [global] needs_update: raw → 5.13.09
2026-10-03 05:08:32,785 - DEBUG - [global] needs_update: API → 5.13.09
2026-10-03 05:08:32,786 - DEBUG - [global] needs_update: лучший источник raw → 5.13.09 (из 2)
2026-10-03 05:08:32,786 - INFO - [global] needs_update: local=(5, 13, 7) remote=(5, 13, 9) -> has_update=True
2026-10-03 05:08:32,786 - INFO - [global] Доступна обнова! Спавню кнопку
2026-10-03 05:09:02,805 - INFO - [global] Проверяю обновы...
2026-10-03 05:09:02,943 - INFO - [global] LogUploader: запускаю upload_run_logs...
2026-10-03 05:09:02,944 - DEBUG - [global] log_uploader: START window=periodic made=-1 token=...Rjnfq
2026-10-03 05:09:03,771 - DEBUG - [global] needs_update: raw → 5.13.09
2026-10-03 05:09:03,962 - DEBUG - [global] needs_update: API → 5.13.09
2026-10-03 05:09:03,962 - DEBUG - [global] needs_update: лучший источник raw → 5.13.09 (из 2)
2026-10-03 05:09:03,962 - INFO - [global] needs_update: local=(5, 13, 7) remote=(5, 13, 9) -> has_update=True
2026-10-03 05:09:03,962 - INFO - [global] Доступна обнова! Спавню кнопку
2026-10-03 05:09:04,112 - DEBUG - [global] _api_put: GET runs/20261003_050902_fail_periodic.log -> 404
2026-10-03 05:09:05,961 - DEBUG - [global] _api_put: PUT runs/20261003_050902_fail_periodic.log -> 409 (12833 bytes)
2026-10-03 05:09:05,961 - WARNING - [global] _api_put: PUT failed body: {"message":"is at e491c0adaf7df69e9871e5b55eb9a6333677d012 but expected 8bc53fa20920c089d990b55c26cc815c3a18a068","documentation_url":"https://docs.github.com/rest/repos/contents#create-or-update-file
2026-10-03 05:09:05,963 - DEBUG - [global] log_uploader: STEP 1 (window log) -> FAILED
2026-10-03 05:09:05,963 - DEBUG - [global] log_uploader: STEP 2 SKIP (no PNGs)
2026-10-03 05:09:06,940 - DEBUG - [global] _api_put: GET runs/20261003_050902_fail_global.log -> 404
2026-10-03 05:09:08,805 - DEBUG - [global] _api_put: PUT runs/20261003_050902_fail_global.log -> 409 (20578 bytes)
2026-10-03 05:09:08,805 - WARNING - [global] _api_put: PUT failed body: {"message":"is at 160711744efd11d6d78f4f6c4dc8525351acef97 but expected e491c0adaf7df69e9871e5b55eb9a6333677d012","documentation_url":"https://docs.github.com/rest/repos/contents#create-or-update-file
2026-10-03 05:09:08,807 - DEBUG - [global] log_uploader: STEP 3 (global log) -> FAILED
2026-10-03 05:09:08,807 - DEBUG - [global] log_uploader: END window=periodic
2026-10-03 05:09:08,807 - INFO - [global] LogUploader: upload_run_logs завершён
2026-10-03 05:09:33,981 - INFO - [global] Проверяю обновы...
2026-10-03 05:09:34,885 - DEBUG - [global] needs_update: raw → 5.13.09
2026-10-03 05:09:35,073 - DEBUG - [global] needs_update: API → 5.13.09
2026-10-03 05:09:35,074 - DEBUG - [global] needs_update: лучший источник raw → 5.13.09 (из 2)
2026-10-03 05:09:35,074 - INFO - [global] needs_update: local=(5, 13, 7) remote=(5, 13, 9) -> has_update=True
2026-10-03 05:09:35,074 - INFO - [global] Доступна обнова! Спавню кнопку
2026-10-03 05:10:05,091 - INFO - [global] Проверяю обновы...
2026-10-03 05:10:05,966 - DEBUG - [global] needs_update: raw → 5.13.09
2026-10-03 05:10:06,193 - DEBUG - [global] needs_update: API → 5.13.09
2026-10-03 05:10:06,194 - DEBUG - [global] needs_update: лучший источник raw → 5.13.09 (из 2)
2026-10-03 05:10:06,194 - INFO - [global] needs_update: local=(5, 13, 7) remote=(5, 13, 9) -> has_update=True
2026-10-03 05:10:06,194 - INFO - [global] Доступна обнова! Спавню кнопку
2026-10-03 05:10:08,839 - INFO - [global] LogUploader: запускаю upload_run_logs...
2026-10-03 05:10:08,840 - DEBUG - [global] log_uploader: START window=periodic made=-1 token=...Rjnfq
2026-10-03 05:10:09,825 - DEBUG - [global] _api_put: GET runs/20261003_051008_fail_periodic.log -> 404
2026-10-03 05:10:11,733 - DEBUG - [global] _api_put: PUT runs/20261003_051008_fail_periodic.log -> 409 (12833 bytes)
2026-10-03 05:10:11,733 - WARNING - [global] _api_put: PUT failed body: {"message":"is at 60f87897f4d28f7efd91fcc16fe25311ba52cddd but expected dc2027945a06764561bf81c121731fb7b8f5c773","documentation_url":"https://docs.github.com/rest/repos/contents#create-or-update-file
2026-10-03 05:10:11,735 - DEBUG - [global] log_uploader: STEP 1 (window log) -> FAILED
2026-10-03 05:10:11,735 - DEBUG - [global] log_uploader: STEP 2 SKIP (no PNGs)
2026-10-03 05:10:12,782 - DEBUG - [global] _api_put: GET runs/20261003_051008_fail_global.log -> 404
2026-10-03 05:10:14,745 - DEBUG - [global] _api_put: PUT runs/20261003_051008_fail_global.log -> 409 (20740 bytes)
2026-10-03 05:10:14,745 - WARNING - [global] _api_put: PUT failed body: {"message":"is at 08ab1716aa8f5c8d8c5497e8b85e9335bf7fc5f6 but expected 60f87897f4d28f7efd91fcc16fe25311ba52cddd","documentation_url":"https://docs.github.com/rest/repos/contents#create-or-update-file
2026-10-03 05:10:14,749 - DEBUG - [global] log_uploader: STEP 3 (global log) -> FAILED
2026-10-03 05:10:14,749 - DEBUG - [global] log_uploader: END window=periodic
2026-10-03 05:10:14,749 - INFO - [global] LogUploader: upload_run_logs завершён
2026-10-03 05:10:36,216 - INFO - [global] Проверяю обновы...
2026-10-03 05:10:37,088 - DEBUG - [global] needs_update: raw → 5.13.09
2026-10-03 05:10:37,351 - DEBUG - [global] needs_update: API → 5.13.09
2026-10-03 05:10:37,352 - DEBUG - [global] needs_update: лучший источник raw → 5.13.09 (из 2)
2026-10-03 05:10:37,352 - INFO - [global] needs_update: local=(5, 13, 7) remote=(5, 13, 9) -> has_update=True
2026-10-03 05:10:37,352 - INFO - [global] Доступна обнова! Спавню кнопку
2026-10-03 05:11:07,376 - INFO - [global] Проверяю обновы...
2026-10-03 05:11:08,274 - DEBUG - [global] needs_update: raw → 5.13.09
2026-10-03 05:11:08,429 - DEBUG - [global] needs_update: API → 5.13.09
2026-10-03 05:11:08,429 - DEBUG - [global] needs_update: лучший источник raw → 5.13.09 (из 2)
2026-10-03 05:11:08,429 - INFO - [global] needs_update: local=(5, 13, 7) remote=(5, 13, 9) -> has_update=True
2026-10-03 05:11:08,430 - INFO - [global] Доступна обнова! Спавню кнопку
2026-10-03 05:11:14,783 - INFO - [global] LogUploader: запускаю upload_run_logs...
2026-10-03 05:11:14,784 - DEBUG - [global] log_uploader: START window=periodic made=-1 token=...Rjnfq
2026-10-03 05:11:15,805 - DEBUG - [global] _api_put: GET runs/20261003_051114_fail_periodic.log -> 404
2026-10-03 05:11:17,782 - DEBUG - [global] _api_put: PUT runs/20261003_051114_fail_periodic.log -> 409 (12833 bytes)
2026-10-03 05:11:17,782 - WARNING - [global] _api_put: PUT failed body: {"message":"is at cbe916715d44417e74b2560400385d41c3e88ac3 but expected d2590782ed97f6f3d102d3532610bca75b748265","documentation_url":"https://docs.github.com/rest/repos/contents#create-or-update-file
2026-10-03 05:11:17,785 - DEBUG - [global] log_uploader: STEP 1 (window log) -> FAILED
2026-10-03 05:11:17,785 - DEBUG - [global] log_uploader: STEP 2 SKIP (no PNGs)
2026-10-03 05:11:18,794 - DEBUG - [global] _api_put: GET runs/20261003_051114_fail_global.log -> 404
2026-10-03 05:11:20,756 - DEBUG - [global] _api_put: PUT runs/20261003_051114_fail_global.log -> 409 (20873 bytes)
2026-10-03 05:11:20,756 - WARNING - [global] _api_put: PUT failed body: {"message":"is at 2452b19b963adb0d1699f64e1e8c106d8755fbcd but expected cbe916715d44417e74b2560400385d41c3e88ac3","documentation_url":"https://docs.github.com/rest/repos/contents#create-or-update-file
2026-10-03 05:11:20,757 - DEBUG - [global] log_uploader: STEP 3 (global log) -> FAILED
2026-10-03 05:11:20,758 - DEBUG - [global] log_uploader: END window=periodic
2026-10-03 05:11:20,758 - INFO - [global] LogUploader: upload_run_logs завершён
2026-10-03 05:11:38,446 - INFO - [global] Проверяю обновы...
2026-10-03 05:11:39,303 - DEBUG - [global] needs_update: raw → 5.13.09
2026-10-03 05:11:39,530 - DEBUG - [global] needs_update: API → 5.13.09
2026-10-03 05:11:39,530 - DEBUG - [global] needs_update: лучший источник raw → 5.13.09 (из 2)
2026-10-03 05:11:39,531 - INFO - [global] needs_update: local=(5, 13, 7) remote=(5, 13, 9) -> has_update=True
2026-10-03 05:11:39,531 - INFO - [global] Доступна обнова! Спавню кнопку
2026-10-03 05:12:09,548 - INFO - [global] Проверяю обновы...
2026-10-03 05:12:10,462 - DEBUG - [global] needs_update: raw → 5.13.09
2026-10-03 05:12:10,635 - DEBUG - [global] needs_update: API → 5.13.09
2026-10-03 05:12:10,636 - DEBUG - [global] needs_update: лучший источник raw → 5.13.09 (из 2)
2026-10-03 05:12:10,636 - INFO - [global] needs_update: local=(5, 13, 7) remote=(5, 13, 9) -> has_update=True
2026-10-03 05:12:10,636 - INFO - [global] Доступна обнова! Спавню кнопку
2026-10-03 05:12:20,790 - INFO - [global] LogUploader: запускаю upload_run_logs...
2026-10-03 05:12:20,792 - DEBUG - [global] log_uploader: START window=periodic made=-1 token=...Rjnfq
2026-10-03 05:12:21,723 - DEBUG - [global] _api_put: GET runs/20261003_051220_fail_periodic.log -> 404
2026-10-03 05:12:23,733 - DEBUG - [global] _api_put: PUT runs/20261003_051220_fail_periodic.log -> 201 (12833 bytes)
2026-10-03 05:12:23,736 - DEBUG - [global] log_uploader: STEP 1 (window log) -> https://github.com/StarateJI/L2Mauto/blob/bot-logs/runs/20261003_051220_fail_periodic.log
2026-10-03 05:12:23,737 - DEBUG - [global] log_uploader: STEP 2 SKIP (no PNGs)
2026-10-03 05:12:24,722 - DEBUG - [global] _api_put: GET runs/20261003_051220_fail_global.log -> 404
2026-10-03 05:12:26,738 - DEBUG - [global] _api_put: PUT runs/20261003_051220_fail_global.log -> 201 (20964 bytes)
2026-10-03 05:12:26,741 - DEBUG - [global] log_uploader: STEP 3 (global log) -> https://github.com/StarateJI/L2Mauto/blob/bot-logs/runs/20261003_051220_fail_global.log
2026-10-03 05:12:26,741 - DEBUG - [global] log_uploader: END window=periodic
2026-10-03 05:12:26,741 - INFO - [global] LogUploader: upload_run_logs завершён
2026-10-03 05:12:40,654 - INFO - [global] Проверяю обновы...
2026-10-03 05:12:41,553 - DEBUG - [global] needs_update: raw → 5.13.09
2026-10-03 05:12:41,753 - DEBUG - [global] needs_update: API → 5.13.09
2026-10-03 05:12:41,754 - DEBUG - [global] needs_update: лучший источник raw → 5.13.09 (из 2)
2026-10-03 05:12:41,754 - INFO - [global] needs_update: local=(5, 13, 7) remote=(5, 13, 9) -> has_update=True
2026-10-03 05:12:41,754 - INFO - [global] Доступна обнова! Спавню кнопку
2026-10-03 05:13:11,773 - INFO - [global] Проверяю обновы...
2026-10-03 05:13:12,656 - DEBUG - [global] needs_update: raw → 5.13.09
2026-10-03 05:13:12,823 - DEBUG - [global] needs_update: API → 5.13.09
2026-10-03 05:13:12,823 - DEBUG - [global] needs_update: лучший источник raw → 5.13.09 (из 2)
2026-10-03 05:13:12,823 - INFO - [global] needs_update: local=(5, 13, 7) remote=(5, 13, 9) -> has_update=True
2026-10-03 05:13:12,823 - INFO - [global] Доступна обнова! Спавню кнопку
2026-10-03 05:13:26,784 - INFO - [global] LogUploader: запускаю upload_run_logs...
2026-10-03 05:13:26,785 - DEBUG - [global] log_uploader: START window=periodic made=-1 token=...Rjnfq
2026-10-03 05:13:27,872 - DEBUG - [global] _api_put: GET runs/20261003_051326_fail_periodic.log -> 404
2026-10-03 05:13:29,941 - DEBUG - [global] _api_put: PUT runs/20261003_051326_fail_periodic.log -> 201 (12833 bytes)
2026-10-03 05:13:29,943 - DEBUG - [global] log_uploader: STEP 1 (window log) -> https://github.com/StarateJI/L2Mauto/blob/bot-logs/runs/20261003_051326_fail_periodic.log
2026-10-03 05:13:29,944 - DEBUG - [global] log_uploader: STEP 2 SKIP (no PNGs)
