=== Log tail 2026-09-15T12:37:23.049870 | last 200 lines ===
2026-09-15 12:27:51,461 - DEBUG - [global] needs_update: raw → 5.4.6
2026-09-15 12:27:53,101 - DEBUG - [global] needs_update: API failed: HTTPError: 403 Client Error: rate limit exceeded for url: https://api.github.com/repos/StarateJI/L2Mauto/contents/bot/version.txt?ref=main
2026-09-15 12:27:53,137 - DEBUG - [global] _api_put: PUT runs/20260915_122749_fail_global.log -> 201 (21229 bytes)
2026-09-15 12:27:53,145 - DEBUG - [global] log_uploader: STEP 3 (global log) -> https://github.com/StarateJI/L2Mauto/blob/bot-logs/runs/20260915_122749_fail_global.log
2026-09-15 12:27:53,145 - DEBUG - [global] log_uploader: END window=periodic
2026-09-15 12:27:53,145 - INFO - [global] LogUploader: upload_run_logs завершён
2026-09-15 12:27:54,651 - DEBUG - [global] needs_update: jsdelivr → 5.4.1
2026-09-15 12:27:54,651 - DEBUG - [global] needs_update: лучший источник raw → 5.4.6 (из 2)
2026-09-15 12:27:54,657 - INFO - [global] needs_update: local=(5, 4, 1) remote=(5, 4, 6) -> has_update=True
2026-09-15 12:27:54,658 - INFO - [global] Доступна обнова! Спавню кнопку
2026-09-15 12:28:24,714 - INFO - [global] Проверяю обновы...
2026-09-15 12:28:25,722 - DEBUG - [global] needs_update: raw → 5.4.6
2026-09-15 12:28:27,140 - DEBUG - [global] needs_update: API failed: HTTPError: 403 Client Error: rate limit exceeded for url: https://api.github.com/repos/StarateJI/L2Mauto/contents/bot/version.txt?ref=main
2026-09-15 12:28:28,577 - DEBUG - [global] needs_update: jsdelivr → 5.4.1
2026-09-15 12:28:28,578 - DEBUG - [global] needs_update: лучший источник raw → 5.4.6 (из 2)
2026-09-15 12:28:28,584 - INFO - [global] needs_update: local=(5, 4, 1) remote=(5, 4, 6) -> has_update=True
2026-09-15 12:28:28,584 - INFO - [global] Доступна обнова! Спавню кнопку
2026-09-15 12:28:53,231 - INFO - [global] LogUploader: запускаю upload_run_logs...
2026-09-15 12:28:53,233 - DEBUG - [global] log_uploader: START window=periodic made=-1 token=...Rjnfq
2026-09-15 12:28:53,234 - DEBUG - [global] log_uploader: STEP 1 SKIP (no C:\Users\PC\Desktop\L2Mauto\logs\periodic.log)
2026-09-15 12:28:53,234 - DEBUG - [global] log_uploader: STEP 2 SKIP (no PNGs)
2026-09-15 12:28:54,486 - DEBUG - [global] _api_put: GET runs/20260915_122853_fail_global.log -> 404
2026-09-15 12:28:56,527 - DEBUG - [global] _api_put: PUT runs/20260915_122853_fail_global.log -> 409 (21229 bytes)
2026-09-15 12:28:56,527 - WARNING - [global] _api_put: PUT failed body: {"message":"is at 78031a62ab36f12211e60b70e995bd8c5af9366c but expected 194d5d32d7b2920b1acdefbd81ebcf676778030c","documentation_url":"https://docs.github.com/rest/repos/contents#create-or-update-file
2026-09-15 12:28:56,531 - DEBUG - [global] log_uploader: STEP 3 (global log) -> FAILED
2026-09-15 12:28:56,532 - DEBUG - [global] log_uploader: END window=periodic
2026-09-15 12:28:56,532 - INFO - [global] LogUploader: upload_run_logs завершён
2026-09-15 12:28:58,627 - INFO - [global] Проверяю обновы...
2026-09-15 12:28:59,657 - DEBUG - [global] needs_update: raw → 5.4.6
2026-09-15 12:29:00,788 - DEBUG - [global] needs_update: API failed: HTTPError: 403 Client Error: rate limit exceeded for url: https://api.github.com/repos/StarateJI/L2Mauto/contents/bot/version.txt?ref=main
2026-09-15 12:29:02,199 - DEBUG - [global] needs_update: jsdelivr → 5.4.1
2026-09-15 12:29:02,200 - DEBUG - [global] needs_update: лучший источник raw → 5.4.6 (из 2)
2026-09-15 12:29:02,209 - INFO - [global] needs_update: local=(5, 4, 1) remote=(5, 4, 6) -> has_update=True
2026-09-15 12:29:02,210 - INFO - [global] Доступна обнова! Спавню кнопку
2026-09-15 12:29:32,238 - INFO - [global] Проверяю обновы...
2026-09-15 12:29:33,283 - DEBUG - [global] needs_update: raw → 5.4.6
2026-09-15 12:29:34,473 - DEBUG - [global] needs_update: API failed: HTTPError: 403 Client Error: rate limit exceeded for url: https://api.github.com/repos/StarateJI/L2Mauto/contents/bot/version.txt?ref=main
2026-09-15 12:29:35,902 - DEBUG - [global] needs_update: jsdelivr → 5.4.2
2026-09-15 12:29:35,902 - DEBUG - [global] needs_update: лучший источник raw → 5.4.6 (из 2)
2026-09-15 12:29:35,909 - INFO - [global] needs_update: local=(5, 4, 1) remote=(5, 4, 6) -> has_update=True
2026-09-15 12:29:35,909 - INFO - [global] Доступна обнова! Спавню кнопку
2026-09-15 12:29:56,612 - INFO - [global] LogUploader: запускаю upload_run_logs...
2026-09-15 12:29:56,614 - DEBUG - [global] log_uploader: START window=periodic made=-1 token=...Rjnfq
2026-09-15 12:29:56,615 - DEBUG - [global] log_uploader: STEP 1 SKIP (no C:\Users\PC\Desktop\L2Mauto\logs\periodic.log)
2026-09-15 12:29:56,620 - DEBUG - [global] log_uploader: STEP 2 SKIP (no PNGs)
2026-09-15 12:29:57,862 - DEBUG - [global] _api_put: GET runs/20260915_122956_fail_global.log -> 404
2026-09-15 12:29:59,827 - DEBUG - [global] _api_put: PUT runs/20260915_122956_fail_global.log -> 409 (21320 bytes)
2026-09-15 12:29:59,829 - WARNING - [global] _api_put: PUT failed body: {"message":"is at 4358b4a2a84c6d610d18cc1f6a27bc1c0ea5884b but expected f4c7a689eb25ccb678fec11a8ddf597698f010e5","documentation_url":"https://docs.github.com/rest/repos/contents#create-or-update-file
2026-09-15 12:29:59,834 - DEBUG - [global] log_uploader: STEP 3 (global log) -> FAILED
2026-09-15 12:29:59,834 - DEBUG - [global] log_uploader: END window=periodic
2026-09-15 12:29:59,834 - INFO - [global] LogUploader: upload_run_logs завершён
2026-09-15 12:30:05,954 - INFO - [global] Проверяю обновы...
2026-09-15 12:30:06,978 - DEBUG - [global] needs_update: raw → 5.4.6
2026-09-15 12:30:08,155 - DEBUG - [global] needs_update: API failed: HTTPError: 403 Client Error: rate limit exceeded for url: https://api.github.com/repos/StarateJI/L2Mauto/contents/bot/version.txt?ref=main
2026-09-15 12:30:09,442 - DEBUG - [global] needs_update: jsdelivr → 5.4.2
2026-09-15 12:30:09,443 - DEBUG - [global] needs_update: лучший источник raw → 5.4.6 (из 2)
2026-09-15 12:30:09,447 - INFO - [global] needs_update: local=(5, 4, 1) remote=(5, 4, 6) -> has_update=True
2026-09-15 12:30:09,448 - INFO - [global] Доступна обнова! Спавню кнопку
2026-09-15 12:30:39,473 - INFO - [global] Проверяю обновы...
2026-09-15 12:30:40,520 - DEBUG - [global] needs_update: raw → 5.4.6
2026-09-15 12:30:41,772 - DEBUG - [global] needs_update: API failed: HTTPError: 403 Client Error: rate limit exceeded for url: https://api.github.com/repos/StarateJI/L2Mauto/contents/bot/version.txt?ref=main
2026-09-15 12:30:43,101 - DEBUG - [global] needs_update: jsdelivr → 5.4.2
2026-09-15 12:30:43,101 - DEBUG - [global] needs_update: лучший источник raw → 5.4.6 (из 2)
2026-09-15 12:30:43,107 - INFO - [global] needs_update: local=(5, 4, 1) remote=(5, 4, 6) -> has_update=True
2026-09-15 12:30:43,108 - INFO - [global] Доступна обнова! Спавню кнопку
2026-09-15 12:30:59,887 - INFO - [global] LogUploader: запускаю upload_run_logs...
2026-09-15 12:30:59,889 - DEBUG - [global] log_uploader: START window=periodic made=-1 token=...Rjnfq
2026-09-15 12:30:59,889 - DEBUG - [global] log_uploader: STEP 1 SKIP (no C:\Users\PC\Desktop\L2Mauto\logs\periodic.log)
2026-09-15 12:30:59,890 - DEBUG - [global] log_uploader: STEP 2 SKIP (no PNGs)
2026-09-15 12:31:01,193 - DEBUG - [global] _api_put: GET runs/20260915_123059_fail_global.log -> 404
2026-09-15 12:31:03,156 - DEBUG - [global] _api_put: PUT runs/20260915_123059_fail_global.log -> 201 (21397 bytes)
2026-09-15 12:31:03,160 - DEBUG - [global] log_uploader: STEP 3 (global log) -> https://github.com/StarateJI/L2Mauto/blob/bot-logs/runs/20260915_123059_fail_global.log
2026-09-15 12:31:03,161 - DEBUG - [global] log_uploader: END window=periodic
2026-09-15 12:31:03,161 - INFO - [global] LogUploader: upload_run_logs завершён
2026-09-15 12:31:13,134 - INFO - [global] Проверяю обновы...
2026-09-15 12:31:14,172 - DEBUG - [global] needs_update: raw → 5.4.6
2026-09-15 12:31:15,225 - DEBUG - [global] needs_update: API failed: HTTPError: 403 Client Error: rate limit exceeded for url: https://api.github.com/repos/StarateJI/L2Mauto/contents/bot/version.txt?ref=main
2026-09-15 12:31:16,619 - DEBUG - [global] needs_update: jsdelivr → 5.4.2
2026-09-15 12:31:16,620 - DEBUG - [global] needs_update: лучший источник raw → 5.4.6 (из 2)
2026-09-15 12:31:16,632 - INFO - [global] needs_update: local=(5, 4, 1) remote=(5, 4, 6) -> has_update=True
2026-09-15 12:31:16,633 - INFO - [global] Доступна обнова! Спавню кнопку
2026-09-15 12:31:46,653 - INFO - [global] Проверяю обновы...
2026-09-15 12:31:47,684 - DEBUG - [global] needs_update: raw → 5.4.6
2026-09-15 12:31:48,767 - DEBUG - [global] needs_update: API failed: HTTPError: 403 Client Error: rate limit exceeded for url: https://api.github.com/repos/StarateJI/L2Mauto/contents/bot/version.txt?ref=main
2026-09-15 12:31:50,340 - DEBUG - [global] needs_update: jsdelivr → 5.4.2
2026-09-15 12:31:50,340 - DEBUG - [global] needs_update: лучший источник raw → 5.4.6 (из 2)
2026-09-15 12:31:50,352 - INFO - [global] needs_update: local=(5, 4, 1) remote=(5, 4, 6) -> has_update=True
2026-09-15 12:31:50,353 - INFO - [global] Доступна обнова! Спавню кнопку
2026-09-15 12:32:03,216 - INFO - [global] LogUploader: запускаю upload_run_logs...
2026-09-15 12:32:03,219 - DEBUG - [global] log_uploader: START window=periodic made=-1 token=...Rjnfq
2026-09-15 12:32:03,220 - DEBUG - [global] log_uploader: STEP 1 SKIP (no C:\Users\PC\Desktop\L2Mauto\logs\periodic.log)
2026-09-15 12:32:03,221 - DEBUG - [global] log_uploader: STEP 2 SKIP (no PNGs)
2026-09-15 12:32:04,525 - DEBUG - [global] _api_put: GET runs/20260915_123203_fail_global.log -> 404
2026-09-15 12:32:07,064 - DEBUG - [global] _api_put: PUT runs/20260915_123203_fail_global.log -> 201 (21397 bytes)
2026-09-15 12:32:07,070 - DEBUG - [global] log_uploader: STEP 3 (global log) -> https://github.com/StarateJI/L2Mauto/blob/bot-logs/runs/20260915_123203_fail_global.log
2026-09-15 12:32:07,071 - DEBUG - [global] log_uploader: END window=periodic
2026-09-15 12:32:07,071 - INFO - [global] LogUploader: upload_run_logs завершён
2026-09-15 12:32:20,428 - INFO - [global] Проверяю обновы...
2026-09-15 12:32:21,473 - DEBUG - [global] needs_update: raw → 5.4.6
2026-09-15 12:32:22,685 - DEBUG - [global] needs_update: API failed: HTTPError: 403 Client Error: rate limit exceeded for url: https://api.github.com/repos/StarateJI/L2Mauto/contents/bot/version.txt?ref=main
2026-09-15 12:32:24,172 - DEBUG - [global] needs_update: jsdelivr → 5.4.2
2026-09-15 12:32:24,174 - DEBUG - [global] needs_update: лучший источник raw → 5.4.6 (из 2)
2026-09-15 12:32:24,180 - INFO - [global] needs_update: local=(5, 4, 1) remote=(5, 4, 6) -> has_update=True
2026-09-15 12:32:24,180 - INFO - [global] Доступна обнова! Спавню кнопку
2026-09-15 12:32:54,217 - INFO - [global] Проверяю обновы...
2026-09-15 12:32:55,355 - DEBUG - [global] needs_update: raw → 5.4.6
2026-09-15 12:32:56,359 - DEBUG - [global] needs_update: API failed: HTTPError: 403 Client Error: rate limit exceeded for url: https://api.github.com/repos/StarateJI/L2Mauto/contents/bot/version.txt?ref=main
2026-09-15 12:32:57,557 - DEBUG - [global] needs_update: jsdelivr → 5.4.2
2026-09-15 12:32:57,559 - DEBUG - [global] needs_update: лучший источник raw → 5.4.6 (из 2)
2026-09-15 12:32:57,566 - INFO - [global] needs_update: local=(5, 4, 1) remote=(5, 4, 6) -> has_update=True
2026-09-15 12:32:57,567 - INFO - [global] Доступна обнова! Спавню кнопку
2026-09-15 12:33:07,178 - INFO - [global] LogUploader: запускаю upload_run_logs...
2026-09-15 12:33:07,185 - DEBUG - [global] log_uploader: START window=periodic made=-1 token=...Rjnfq
2026-09-15 12:33:07,185 - DEBUG - [global] log_uploader: STEP 1 SKIP (no C:\Users\PC\Desktop\L2Mauto\logs\periodic.log)
2026-09-15 12:33:07,186 - DEBUG - [global] log_uploader: STEP 2 SKIP (no PNGs)
2026-09-15 12:33:08,680 - DEBUG - [global] _api_put: GET runs/20260915_123307_fail_global.log -> 404
2026-09-15 12:33:10,607 - DEBUG - [global] _api_put: PUT runs/20260915_123307_fail_global.log -> 201 (21397 bytes)
2026-09-15 12:33:10,612 - DEBUG - [global] log_uploader: STEP 3 (global log) -> https://github.com/StarateJI/L2Mauto/blob/bot-logs/runs/20260915_123307_fail_global.log
2026-09-15 12:33:10,612 - DEBUG - [global] log_uploader: END window=periodic
2026-09-15 12:33:10,612 - INFO - [global] LogUploader: upload_run_logs завершён
2026-09-15 12:33:27,670 - INFO - [global] Проверяю обновы...
2026-09-15 12:33:28,712 - DEBUG - [global] needs_update: raw → 5.4.6
2026-09-15 12:33:29,783 - DEBUG - [global] needs_update: API failed: HTTPError: 403 Client Error: rate limit exceeded for url: https://api.github.com/repos/StarateJI/L2Mauto/contents/bot/version.txt?ref=main
2026-09-15 12:33:31,152 - DEBUG - [global] needs_update: jsdelivr → 5.4.2
2026-09-15 12:33:31,153 - DEBUG - [global] needs_update: лучший источник raw → 5.4.6 (из 2)
2026-09-15 12:33:31,159 - INFO - [global] needs_update: local=(5, 4, 1) remote=(5, 4, 6) -> has_update=True
2026-09-15 12:33:31,159 - INFO - [global] Доступна обнова! Спавню кнопку
2026-09-15 12:34:01,195 - INFO - [global] Проверяю обновы...
2026-09-15 12:34:02,235 - DEBUG - [global] needs_update: raw → 5.4.6
2026-09-15 12:34:03,689 - DEBUG - [global] needs_update: API failed: HTTPError: 403 Client Error: rate limit exceeded for url: https://api.github.com/repos/StarateJI/L2Mauto/contents/bot/version.txt?ref=main
2026-09-15 12:34:05,010 - DEBUG - [global] needs_update: jsdelivr → 5.4.2
2026-09-15 12:34:05,010 - DEBUG - [global] needs_update: лучший источник raw → 5.4.6 (из 2)
2026-09-15 12:34:05,017 - INFO - [global] needs_update: local=(5, 4, 1) remote=(5, 4, 6) -> has_update=True
2026-09-15 12:34:05,017 - INFO - [global] Доступна обнова! Спавню кнопку
2026-09-15 12:34:10,690 - INFO - [global] LogUploader: запускаю upload_run_logs...
2026-09-15 12:34:10,692 - DEBUG - [global] log_uploader: START window=periodic made=-1 token=...Rjnfq
2026-09-15 12:34:10,693 - DEBUG - [global] log_uploader: STEP 1 SKIP (no C:\Users\PC\Desktop\L2Mauto\logs\periodic.log)
2026-09-15 12:34:10,693 - DEBUG - [global] log_uploader: STEP 2 SKIP (no PNGs)
2026-09-15 12:34:12,080 - DEBUG - [global] _api_put: GET runs/20260915_123410_fail_global.log -> 404
2026-09-15 12:34:14,467 - DEBUG - [global] _api_put: PUT runs/20260915_123410_fail_global.log -> 201 (21397 bytes)
2026-09-15 12:34:14,473 - DEBUG - [global] log_uploader: STEP 3 (global log) -> https://github.com/StarateJI/L2Mauto/blob/bot-logs/runs/20260915_123410_fail_global.log
2026-09-15 12:34:14,473 - DEBUG - [global] log_uploader: END window=periodic
2026-09-15 12:34:14,473 - INFO - [global] LogUploader: upload_run_logs завершён
2026-09-15 12:34:35,056 - INFO - [global] Проверяю обновы...
2026-09-15 12:34:36,110 - DEBUG - [global] needs_update: raw → 5.4.6
2026-09-15 12:34:37,251 - DEBUG - [global] needs_update: API failed: HTTPError: 403 Client Error: rate limit exceeded for url: https://api.github.com/repos/StarateJI/L2Mauto/contents/bot/version.txt?ref=main
2026-09-15 12:34:38,555 - DEBUG - [global] needs_update: jsdelivr → 5.4.2
2026-09-15 12:34:38,556 - DEBUG - [global] needs_update: лучший источник raw → 5.4.6 (из 2)
2026-09-15 12:34:38,562 - INFO - [global] needs_update: local=(5, 4, 1) remote=(5, 4, 6) -> has_update=True
2026-09-15 12:34:38,562 - INFO - [global] Доступна обнова! Спавню кнопку
2026-09-15 12:35:08,587 - INFO - [global] Проверяю обновы...
2026-09-15 12:35:09,630 - DEBUG - [global] needs_update: raw → 5.4.6
2026-09-15 12:35:10,671 - DEBUG - [global] needs_update: API failed: HTTPError: 403 Client Error: rate limit exceeded for url: https://api.github.com/repos/StarateJI/L2Mauto/contents/bot/version.txt?ref=main
2026-09-15 12:35:11,960 - DEBUG - [global] needs_update: jsdelivr → 5.4.2
2026-09-15 12:35:11,960 - DEBUG - [global] needs_update: лучший источник raw → 5.4.6 (из 2)
2026-09-15 12:35:11,984 - INFO - [global] needs_update: local=(5, 4, 1) remote=(5, 4, 6) -> has_update=True
2026-09-15 12:35:11,985 - INFO - [global] Доступна обнова! Спавню кнопку
2026-09-15 12:35:14,532 - INFO - [global] LogUploader: запускаю upload_run_logs...
2026-09-15 12:35:14,541 - DEBUG - [global] log_uploader: START window=periodic made=-1 token=...Rjnfq
2026-09-15 12:35:14,544 - DEBUG - [global] log_uploader: STEP 1 SKIP (no C:\Users\PC\Desktop\L2Mauto\logs\periodic.log)
2026-09-15 12:35:14,547 - DEBUG - [global] log_uploader: STEP 2 SKIP (no PNGs)
2026-09-15 12:35:16,451 - DEBUG - [global] _api_put: GET runs/20260915_123514_fail_global.log -> 404
2026-09-15 12:35:18,414 - DEBUG - [global] _api_put: PUT runs/20260915_123514_fail_global.log -> 201 (21397 bytes)
2026-09-15 12:35:18,421 - DEBUG - [global] log_uploader: STEP 3 (global log) -> https://github.com/StarateJI/L2Mauto/blob/bot-logs/runs/20260915_123514_fail_global.log
2026-09-15 12:35:18,421 - DEBUG - [global] log_uploader: END window=periodic
2026-09-15 12:35:18,421 - INFO - [global] LogUploader: upload_run_logs завершён
2026-09-15 12:35:42,016 - INFO - [global] Проверяю обновы...
2026-09-15 12:35:43,008 - DEBUG - [global] needs_update: raw → 5.4.6
2026-09-15 12:35:44,044 - DEBUG - [global] needs_update: API failed: HTTPError: 403 Client Error: rate limit exceeded for url: https://api.github.com/repos/StarateJI/L2Mauto/contents/bot/version.txt?ref=main
2026-09-15 12:35:45,362 - DEBUG - [global] needs_update: jsdelivr → 5.4.2
2026-09-15 12:35:45,362 - DEBUG - [global] needs_update: лучший источник raw → 5.4.6 (из 2)
2026-09-15 12:35:45,372 - INFO - [global] needs_update: local=(5, 4, 1) remote=(5, 4, 6) -> has_update=True
2026-09-15 12:35:45,372 - INFO - [global] Доступна обнова! Спавню кнопку
2026-09-15 12:36:15,401 - INFO - [global] Проверяю обновы...
2026-09-15 12:36:16,443 - DEBUG - [global] needs_update: raw → 5.4.6
2026-09-15 12:36:17,862 - DEBUG - [global] needs_update: API failed: HTTPError: 403 Client Error: rate limit exceeded for url: https://api.github.com/repos/StarateJI/L2Mauto/contents/bot/version.txt?ref=main
2026-09-15 12:36:18,565 - INFO - [global] LogUploader: запускаю upload_run_logs...
2026-09-15 12:36:18,591 - DEBUG - [global] log_uploader: START window=periodic made=-1 token=...Rjnfq
2026-09-15 12:36:18,592 - DEBUG - [global] log_uploader: STEP 1 SKIP (no C:\Users\PC\Desktop\L2Mauto\logs\periodic.log)
2026-09-15 12:36:18,592 - DEBUG - [global] log_uploader: STEP 2 SKIP (no PNGs)
2026-09-15 12:36:19,322 - DEBUG - [global] needs_update: jsdelivr → 5.4.2
2026-09-15 12:36:19,329 - DEBUG - [global] needs_update: лучший источник raw → 5.4.6 (из 2)
2026-09-15 12:36:19,339 - INFO - [global] needs_update: local=(5, 4, 1) remote=(5, 4, 6) -> has_update=True
2026-09-15 12:36:19,339 - INFO - [global] Доступна обнова! Спавню кнопку
2026-09-15 12:36:20,370 - DEBUG - [global] _api_put: GET runs/20260915_123618_fail_global.log -> 404
2026-09-15 12:36:22,792 - DEBUG - [global] _api_put: PUT runs/20260915_123618_fail_global.log -> 201 (21427 bytes)
2026-09-15 12:36:22,797 - DEBUG - [global] log_uploader: STEP 3 (global log) -> https://github.com/StarateJI/L2Mauto/blob/bot-logs/runs/20260915_123618_fail_global.log
2026-09-15 12:36:22,797 - DEBUG - [global] log_uploader: END window=periodic
2026-09-15 12:36:22,797 - INFO - [global] LogUploader: upload_run_logs завершён
2026-09-15 12:36:49,386 - INFO - [global] Проверяю обновы...
2026-09-15 12:36:50,407 - DEBUG - [global] needs_update: raw → 5.4.6
2026-09-15 12:36:52,004 - DEBUG - [global] needs_update: API failed: HTTPError: 403 Client Error: rate limit exceeded for url: https://api.github.com/repos/StarateJI/L2Mauto/contents/bot/version.txt?ref=main
2026-09-15 12:36:54,323 - DEBUG - [global] needs_update: jsdelivr → 5.4.2
2026-09-15 12:36:54,323 - DEBUG - [global] needs_update: лучший источник raw → 5.4.6 (из 2)
2026-09-15 12:36:54,329 - INFO - [global] needs_update: local=(5, 4, 1) remote=(5, 4, 6) -> has_update=True
2026-09-15 12:36:54,330 - INFO - [global] Доступна обнова! Спавню кнопку
2026-09-15 12:37:22,995 - INFO - [global] LogUploader: запускаю upload_run_logs...
2026-09-15 12:37:23,007 - DEBUG - [global] log_uploader: START window=periodic made=-1 token=...Rjnfq
2026-09-15 12:37:23,008 - DEBUG - [global] log_uploader: STEP 1 SKIP (no C:\Users\PC\Desktop\L2Mauto\logs\periodic.log)
2026-09-15 12:37:23,009 - DEBUG - [global] log_uploader: STEP 2 SKIP (no PNGs)
