=== Log tail 2026-09-17T21:01:46.512622 | last 200 lines ===
2026-09-17 20:53:04,622 - DEBUG - [global] log_uploader: STEP 3 (global log) -> https://github.com/StarateJI/L2Mauto/blob/bot-logs/runs/20260917_205259_fail_global.log
2026-09-17 20:53:04,622 - DEBUG - [global] log_uploader: END window=periodic
2026-09-17 20:53:04,622 - INFO - [global] LogUploader: upload_run_logs завершён
2026-09-17 20:53:31,105 - INFO - [global] Проверяю обновы...
2026-09-17 20:53:32,266 - DEBUG - [global] needs_update: API GitHub → 5.9.1
2026-09-17 20:53:32,975 - DEBUG - [global] needs_update: raw → 5.9.1
2026-09-17 20:53:33,675 - DEBUG - [global] needs_update: jsdelivr → 5.9.0
2026-09-17 20:53:33,676 - DEBUG - [global] needs_update: лучший источник API → 5.9.1 (из 3)
2026-09-17 20:53:33,678 - INFO - [global] needs_update: local=(5, 9, 1) remote=(5, 9, 1) -> has_update=False
2026-09-17 20:53:33,678 - INFO - [global] Установлена последняя версия бота | 5.9.1
2026-09-17 20:54:03,696 - INFO - [global] Проверяю обновы...
2026-09-17 20:54:04,631 - DEBUG - [global] needs_update: API GitHub → 5.9.1
2026-09-17 20:54:04,659 - INFO - [global] LogUploader: запускаю upload_run_logs...
2026-09-17 20:54:04,660 - DEBUG - [global] log_uploader: START window=periodic made=-1 token=...Rjnfq
2026-09-17 20:54:05,537 - DEBUG - [global] needs_update: raw → 5.9.1
2026-09-17 20:54:05,903 - DEBUG - [global] _api_put: GET runs/20260917_205404_fail_periodic.log -> 404
2026-09-17 20:54:06,283 - DEBUG - [global] needs_update: jsdelivr → 5.9.0
2026-09-17 20:54:06,283 - DEBUG - [global] needs_update: лучший источник API → 5.9.1 (из 3)
2026-09-17 20:54:06,284 - INFO - [global] needs_update: local=(5, 9, 1) remote=(5, 9, 1) -> has_update=False
2026-09-17 20:54:06,285 - INFO - [global] Установлена последняя версия бота | 5.9.1
2026-09-17 20:54:07,597 - DEBUG - [global] _api_put: PUT runs/20260917_205404_fail_periodic.log -> 201 (8836 bytes)
2026-09-17 20:54:07,599 - DEBUG - [global] log_uploader: STEP 1 (window log) -> https://github.com/StarateJI/L2Mauto/blob/bot-logs/runs/20260917_205404_fail_periodic.log
2026-09-17 20:54:07,599 - DEBUG - [global] log_uploader: STEP 2 SKIP (no PNGs)
2026-09-17 20:54:08,666 - DEBUG - [global] _api_put: GET runs/20260917_205404_fail_global.log -> 404
2026-09-17 20:54:10,480 - DEBUG - [global] _api_put: PUT runs/20260917_205404_fail_global.log -> 201 (19869 bytes)
2026-09-17 20:54:10,483 - DEBUG - [global] log_uploader: STEP 3 (global log) -> https://github.com/StarateJI/L2Mauto/blob/bot-logs/runs/20260917_205404_fail_global.log
2026-09-17 20:54:10,483 - DEBUG - [global] log_uploader: END window=periodic
2026-09-17 20:54:10,483 - INFO - [global] LogUploader: upload_run_logs завершён
2026-09-17 20:54:36,303 - INFO - [global] Проверяю обновы...
2026-09-17 20:54:37,240 - DEBUG - [global] needs_update: API GitHub → 5.9.1
2026-09-17 20:54:37,951 - DEBUG - [global] needs_update: raw → 5.9.1
2026-09-17 20:54:38,655 - DEBUG - [global] needs_update: jsdelivr → 5.9.0
2026-09-17 20:54:38,655 - DEBUG - [global] needs_update: лучший источник API → 5.9.1 (из 3)
2026-09-17 20:54:38,658 - INFO - [global] needs_update: local=(5, 9, 1) remote=(5, 9, 1) -> has_update=False
2026-09-17 20:54:38,658 - INFO - [global] Установлена последняя версия бота | 5.9.1
2026-09-17 20:55:08,680 - INFO - [global] Проверяю обновы...
2026-09-17 20:55:09,574 - DEBUG - [global] needs_update: API GitHub → 5.9.1
2026-09-17 20:55:10,268 - DEBUG - [global] needs_update: raw → 5.9.1
2026-09-17 20:55:10,515 - INFO - [global] LogUploader: запускаю upload_run_logs...
2026-09-17 20:55:10,516 - DEBUG - [global] log_uploader: START window=periodic made=-1 token=...Rjnfq
2026-09-17 20:55:11,017 - DEBUG - [global] needs_update: jsdelivr → 5.9.0
2026-09-17 20:55:11,017 - DEBUG - [global] needs_update: лучший источник API → 5.9.1 (из 3)
2026-09-17 20:55:11,018 - INFO - [global] needs_update: local=(5, 9, 1) remote=(5, 9, 1) -> has_update=False
2026-09-17 20:55:11,019 - INFO - [global] Установлена последняя версия бота | 5.9.1
2026-09-17 20:55:11,494 - DEBUG - [global] _api_put: GET runs/20260917_205510_fail_periodic.log -> 404
2026-09-17 20:55:12,970 - DEBUG - [global] _api_put: PUT runs/20260917_205510_fail_periodic.log -> 201 (8836 bytes)
2026-09-17 20:55:12,974 - DEBUG - [global] log_uploader: STEP 1 (window log) -> https://github.com/StarateJI/L2Mauto/blob/bot-logs/runs/20260917_205510_fail_periodic.log
2026-09-17 20:55:12,974 - DEBUG - [global] log_uploader: STEP 2 SKIP (no PNGs)
2026-09-17 20:55:13,971 - DEBUG - [global] _api_put: GET runs/20260917_205510_fail_global.log -> 404
2026-09-17 20:55:15,756 - DEBUG - [global] _api_put: PUT runs/20260917_205510_fail_global.log -> 201 (19869 bytes)
2026-09-17 20:55:15,757 - DEBUG - [global] log_uploader: STEP 3 (global log) -> https://github.com/StarateJI/L2Mauto/blob/bot-logs/runs/20260917_205510_fail_global.log
2026-09-17 20:55:15,757 - DEBUG - [global] log_uploader: END window=periodic
2026-09-17 20:55:15,757 - INFO - [global] LogUploader: upload_run_logs завершён
2026-09-17 20:55:41,035 - INFO - [global] Проверяю обновы...
2026-09-17 20:55:42,130 - DEBUG - [global] needs_update: API GitHub → 5.9.1
2026-09-17 20:55:42,950 - DEBUG - [global] needs_update: raw → 5.9.1
2026-09-17 20:55:44,122 - DEBUG - [global] needs_update: jsdelivr → 5.9.0
2026-09-17 20:55:44,122 - DEBUG - [global] needs_update: лучший источник API → 5.9.1 (из 3)
2026-09-17 20:55:44,125 - INFO - [global] needs_update: local=(5, 9, 1) remote=(5, 9, 1) -> has_update=False
2026-09-17 20:55:44,125 - INFO - [global] Установлена последняя версия бота | 5.9.1
2026-09-17 20:56:14,141 - INFO - [global] Проверяю обновы...
2026-09-17 20:56:15,035 - DEBUG - [global] needs_update: API GitHub → 5.9.1
2026-09-17 20:56:15,716 - DEBUG - [global] needs_update: raw → 5.9.1
2026-09-17 20:56:15,791 - INFO - [global] LogUploader: запускаю upload_run_logs...
2026-09-17 20:56:15,791 - DEBUG - [global] log_uploader: START window=periodic made=-1 token=...Rjnfq
2026-09-17 20:56:16,597 - DEBUG - [global] needs_update: jsdelivr → 5.9.0
2026-09-17 20:56:16,597 - DEBUG - [global] needs_update: лучший источник API → 5.9.1 (из 3)
2026-09-17 20:56:16,599 - INFO - [global] needs_update: local=(5, 9, 1) remote=(5, 9, 1) -> has_update=False
2026-09-17 20:56:16,599 - INFO - [global] Установлена последняя версия бота | 5.9.1
2026-09-17 20:56:16,800 - DEBUG - [global] _api_put: GET runs/20260917_205615_fail_periodic.log -> 404
2026-09-17 20:56:18,448 - DEBUG - [global] _api_put: PUT runs/20260917_205615_fail_periodic.log -> 201 (8836 bytes)
2026-09-17 20:56:18,451 - DEBUG - [global] log_uploader: STEP 1 (window log) -> https://github.com/StarateJI/L2Mauto/blob/bot-logs/runs/20260917_205615_fail_periodic.log
2026-09-17 20:56:18,451 - DEBUG - [global] log_uploader: STEP 2 SKIP (no PNGs)
2026-09-17 20:56:19,469 - DEBUG - [global] _api_put: GET runs/20260917_205615_fail_global.log -> 404
2026-09-17 20:56:21,338 - DEBUG - [global] _api_put: PUT runs/20260917_205615_fail_global.log -> 201 (19869 bytes)
2026-09-17 20:56:21,340 - DEBUG - [global] log_uploader: STEP 3 (global log) -> https://github.com/StarateJI/L2Mauto/blob/bot-logs/runs/20260917_205615_fail_global.log
2026-09-17 20:56:21,340 - DEBUG - [global] log_uploader: END window=periodic
2026-09-17 20:56:21,340 - INFO - [global] LogUploader: upload_run_logs завершён
2026-09-17 20:56:46,618 - INFO - [global] Проверяю обновы...
2026-09-17 20:56:47,495 - DEBUG - [global] needs_update: API GitHub → 5.9.1
2026-09-17 20:56:48,178 - DEBUG - [global] needs_update: raw → 5.9.1
2026-09-17 20:56:48,850 - DEBUG - [global] needs_update: jsdelivr → 5.9.0
2026-09-17 20:56:48,851 - DEBUG - [global] needs_update: лучший источник API → 5.9.1 (из 3)
2026-09-17 20:56:48,852 - INFO - [global] needs_update: local=(5, 9, 1) remote=(5, 9, 1) -> has_update=False
2026-09-17 20:56:48,853 - INFO - [global] Установлена последняя версия бота | 5.9.1
2026-09-17 20:57:18,869 - INFO - [global] Проверяю обновы...
2026-09-17 20:57:21,375 - INFO - [global] LogUploader: запускаю upload_run_logs...
2026-09-17 20:57:21,376 - DEBUG - [global] log_uploader: START window=periodic made=-1 token=...Rjnfq
2026-09-17 20:57:21,970 - DEBUG - [global] needs_update: API GitHub → 5.9.1
2026-09-17 20:57:22,331 - DEBUG - [global] _api_put: GET runs/20260917_205721_fail_periodic.log -> 404
2026-09-17 20:57:22,711 - DEBUG - [global] needs_update: raw → 5.9.1
2026-09-17 20:57:23,443 - DEBUG - [global] needs_update: jsdelivr → 5.9.0
2026-09-17 20:57:23,443 - DEBUG - [global] needs_update: лучший источник API → 5.9.1 (из 3)
2026-09-17 20:57:23,445 - INFO - [global] needs_update: local=(5, 9, 1) remote=(5, 9, 1) -> has_update=False
2026-09-17 20:57:23,446 - INFO - [global] Установлена последняя версия бота | 5.9.1
2026-09-17 20:57:23,917 - DEBUG - [global] _api_put: PUT runs/20260917_205721_fail_periodic.log -> 201 (8836 bytes)
2026-09-17 20:57:23,920 - DEBUG - [global] log_uploader: STEP 1 (window log) -> https://github.com/StarateJI/L2Mauto/blob/bot-logs/runs/20260917_205721_fail_periodic.log
2026-09-17 20:57:23,920 - DEBUG - [global] log_uploader: STEP 2 SKIP (no PNGs)
2026-09-17 20:57:24,947 - DEBUG - [global] _api_put: GET runs/20260917_205721_fail_global.log -> 404
2026-09-17 20:57:26,465 - DEBUG - [global] _api_put: PUT runs/20260917_205721_fail_global.log -> 201 (19869 bytes)
2026-09-17 20:57:26,467 - DEBUG - [global] log_uploader: STEP 3 (global log) -> https://github.com/StarateJI/L2Mauto/blob/bot-logs/runs/20260917_205721_fail_global.log
2026-09-17 20:57:26,467 - DEBUG - [global] log_uploader: END window=periodic
2026-09-17 20:57:26,467 - INFO - [global] LogUploader: upload_run_logs завершён
2026-09-17 20:57:53,461 - INFO - [global] Проверяю обновы...
2026-09-17 20:57:54,342 - DEBUG - [global] needs_update: API GitHub → 5.9.1
2026-09-17 20:57:55,036 - DEBUG - [global] needs_update: raw → 5.9.1
2026-09-17 20:57:55,715 - DEBUG - [global] needs_update: jsdelivr → 5.9.0
2026-09-17 20:57:55,715 - DEBUG - [global] needs_update: лучший источник API → 5.9.1 (из 3)
2026-09-17 20:57:55,718 - INFO - [global] needs_update: local=(5, 9, 1) remote=(5, 9, 1) -> has_update=False
2026-09-17 20:57:55,719 - INFO - [global] Установлена последняя версия бота | 5.9.1
2026-09-17 20:58:25,737 - INFO - [global] Проверяю обновы...
2026-09-17 20:58:26,501 - INFO - [global] LogUploader: запускаю upload_run_logs...
2026-09-17 20:58:26,502 - DEBUG - [global] log_uploader: START window=periodic made=-1 token=...Rjnfq
2026-09-17 20:58:26,631 - DEBUG - [global] needs_update: API GitHub → 5.9.1
2026-09-17 20:58:27,450 - DEBUG - [global] needs_update: raw → 5.9.1
2026-09-17 20:58:27,557 - DEBUG - [global] _api_put: GET runs/20260917_205826_fail_periodic.log -> 404
2026-09-17 20:58:28,272 - DEBUG - [global] needs_update: jsdelivr → 5.9.0
2026-09-17 20:58:28,272 - DEBUG - [global] needs_update: лучший источник API → 5.9.1 (из 3)
2026-09-17 20:58:28,276 - INFO - [global] needs_update: local=(5, 9, 1) remote=(5, 9, 1) -> has_update=False
2026-09-17 20:58:28,276 - INFO - [global] Установлена последняя версия бота | 5.9.1
2026-09-17 20:58:29,202 - DEBUG - [global] _api_put: PUT runs/20260917_205826_fail_periodic.log -> 201 (8836 bytes)
2026-09-17 20:58:29,205 - DEBUG - [global] log_uploader: STEP 1 (window log) -> https://github.com/StarateJI/L2Mauto/blob/bot-logs/runs/20260917_205826_fail_periodic.log
2026-09-17 20:58:29,205 - DEBUG - [global] log_uploader: STEP 2 SKIP (no PNGs)
2026-09-17 20:58:30,173 - DEBUG - [global] _api_put: GET runs/20260917_205826_fail_global.log -> 404
2026-09-17 20:58:31,849 - DEBUG - [global] _api_put: PUT runs/20260917_205826_fail_global.log -> 201 (19869 bytes)
2026-09-17 20:58:31,850 - DEBUG - [global] log_uploader: STEP 3 (global log) -> https://github.com/StarateJI/L2Mauto/blob/bot-logs/runs/20260917_205826_fail_global.log
2026-09-17 20:58:31,850 - DEBUG - [global] log_uploader: END window=periodic
2026-09-17 20:58:31,850 - INFO - [global] LogUploader: upload_run_logs завершён
2026-09-17 20:58:58,292 - INFO - [global] Проверяю обновы...
2026-09-17 20:58:59,227 - DEBUG - [global] needs_update: API GitHub → 5.9.1
2026-09-17 20:58:59,945 - DEBUG - [global] needs_update: raw → 5.9.1
2026-09-17 20:59:00,631 - DEBUG - [global] needs_update: jsdelivr → 5.9.0
2026-09-17 20:59:00,632 - DEBUG - [global] needs_update: лучший источник API → 5.9.1 (из 3)
2026-09-17 20:59:00,633 - INFO - [global] needs_update: local=(5, 9, 1) remote=(5, 9, 1) -> has_update=False
2026-09-17 20:59:00,634 - INFO - [global] Установлена последняя версия бота | 5.9.1
2026-09-17 20:59:30,654 - INFO - [global] Проверяю обновы...
2026-09-17 20:59:31,508 - DEBUG - [global] needs_update: API GitHub → 5.9.1
2026-09-17 20:59:31,887 - INFO - [global] LogUploader: запускаю upload_run_logs...
2026-09-17 20:59:31,889 - DEBUG - [global] log_uploader: START window=periodic made=-1 token=...Rjnfq
2026-09-17 20:59:32,208 - DEBUG - [global] needs_update: raw → 5.9.1
2026-09-17 20:59:32,943 - DEBUG - [global] needs_update: jsdelivr → 5.9.0
2026-09-17 20:59:32,943 - DEBUG - [global] needs_update: лучший источник API → 5.9.1 (из 3)
2026-09-17 20:59:32,944 - INFO - [global] needs_update: local=(5, 9, 1) remote=(5, 9, 1) -> has_update=False
2026-09-17 20:59:32,945 - INFO - [global] Установлена последняя версия бота | 5.9.1
2026-09-17 20:59:34,122 - DEBUG - [global] _api_put: GET runs/20260917_205931_fail_periodic.log -> 404
2026-09-17 20:59:35,937 - DEBUG - [global] _api_put: PUT runs/20260917_205931_fail_periodic.log -> 201 (8836 bytes)
2026-09-17 20:59:35,938 - DEBUG - [global] log_uploader: STEP 1 (window log) -> https://github.com/StarateJI/L2Mauto/blob/bot-logs/runs/20260917_205931_fail_periodic.log
2026-09-17 20:59:35,938 - DEBUG - [global] log_uploader: STEP 2 SKIP (no PNGs)
2026-09-17 20:59:36,892 - DEBUG - [global] _api_put: GET runs/20260917_205931_fail_global.log -> 404
2026-09-17 20:59:38,539 - DEBUG - [global] _api_put: PUT runs/20260917_205931_fail_global.log -> 201 (19869 bytes)
2026-09-17 20:59:38,540 - DEBUG - [global] log_uploader: STEP 3 (global log) -> https://github.com/StarateJI/L2Mauto/blob/bot-logs/runs/20260917_205931_fail_global.log
2026-09-17 20:59:38,540 - DEBUG - [global] log_uploader: END window=periodic
2026-09-17 20:59:38,540 - INFO - [global] LogUploader: upload_run_logs завершён
2026-09-17 21:00:02,963 - INFO - [global] Проверяю обновы...
2026-09-17 21:00:03,852 - DEBUG - [global] needs_update: API GitHub → 5.9.1
2026-09-17 21:00:05,531 - DEBUG - [global] needs_update: raw → 5.9.1
2026-09-17 21:00:06,195 - DEBUG - [global] needs_update: jsdelivr → 5.9.0
2026-09-17 21:00:06,195 - DEBUG - [global] needs_update: лучший источник API → 5.9.1 (из 3)
2026-09-17 21:00:06,198 - INFO - [global] needs_update: local=(5, 9, 1) remote=(5, 9, 1) -> has_update=False
2026-09-17 21:00:06,198 - INFO - [global] Установлена последняя версия бота | 5.9.1
2026-09-17 21:00:36,218 - INFO - [global] Проверяю обновы...
2026-09-17 21:00:37,257 - DEBUG - [global] needs_update: API GitHub → 5.9.1
2026-09-17 21:00:37,958 - DEBUG - [global] needs_update: raw → 5.9.1
2026-09-17 21:00:38,572 - INFO - [global] LogUploader: запускаю upload_run_logs...
2026-09-17 21:00:38,573 - DEBUG - [global] log_uploader: START window=periodic made=-1 token=...Rjnfq
2026-09-17 21:00:38,633 - DEBUG - [global] needs_update: jsdelivr → 5.9.0
2026-09-17 21:00:38,633 - DEBUG - [global] needs_update: лучший источник API → 5.9.1 (из 3)
2026-09-17 21:00:38,635 - INFO - [global] needs_update: local=(5, 9, 1) remote=(5, 9, 1) -> has_update=False
2026-09-17 21:00:38,636 - INFO - [global] Установлена последняя версия бота | 5.9.1
2026-09-17 21:00:39,444 - DEBUG - [global] _api_put: GET runs/20260917_210038_fail_periodic.log -> 404
2026-09-17 21:00:40,957 - DEBUG - [global] _api_put: PUT runs/20260917_210038_fail_periodic.log -> 201 (8836 bytes)
2026-09-17 21:00:40,958 - DEBUG - [global] log_uploader: STEP 1 (window log) -> https://github.com/StarateJI/L2Mauto/blob/bot-logs/runs/20260917_210038_fail_periodic.log
2026-09-17 21:00:40,959 - DEBUG - [global] log_uploader: STEP 2 SKIP (no PNGs)
2026-09-17 21:00:41,922 - DEBUG - [global] _api_put: GET runs/20260917_210038_fail_global.log -> 404
2026-09-17 21:00:43,910 - DEBUG - [global] _api_put: PUT runs/20260917_210038_fail_global.log -> 409 (19869 bytes)
2026-09-17 21:00:43,911 - WARNING - [global] _api_put: PUT failed body: {"message":"is at 4bbe2bbe2ecb9f2607623c3f306e0db8a73c4553 but expected a1f8ec94c0ef14df4fe4b86112f8b14be85c5126","documentation_url":"https://docs.github.com/rest/repos/contents#create-or-update-file
2026-09-17 21:00:43,913 - DEBUG - [global] log_uploader: STEP 3 (global log) -> FAILED
2026-09-17 21:00:43,913 - DEBUG - [global] log_uploader: END window=periodic
2026-09-17 21:00:43,913 - INFO - [global] LogUploader: upload_run_logs завершён
2026-09-17 21:01:08,655 - INFO - [global] Проверяю обновы...
2026-09-17 21:01:09,526 - DEBUG - [global] needs_update: API GitHub → 5.9.1
2026-09-17 21:01:10,197 - DEBUG - [global] needs_update: raw → 5.9.1
2026-09-17 21:01:10,901 - DEBUG - [global] needs_update: jsdelivr → 5.9.0
2026-09-17 21:01:10,901 - DEBUG - [global] needs_update: лучший источник API → 5.9.1 (из 3)
2026-09-17 21:01:10,903 - INFO - [global] needs_update: local=(5, 9, 1) remote=(5, 9, 1) -> has_update=False
2026-09-17 21:01:10,904 - INFO - [global] Установлена последняя версия бота | 5.9.1
2026-09-17 21:01:40,921 - INFO - [global] Проверяю обновы...
2026-09-17 21:01:41,872 - DEBUG - [global] needs_update: API GitHub → 5.9.1
2026-09-17 21:01:42,716 - DEBUG - [global] needs_update: raw → 5.9.1
2026-09-17 21:01:43,447 - DEBUG - [global] needs_update: jsdelivr → 5.9.0
2026-09-17 21:01:43,447 - DEBUG - [global] needs_update: лучший источник API → 5.9.1 (из 3)
2026-09-17 21:01:43,449 - INFO - [global] needs_update: local=(5, 9, 1) remote=(5, 9, 1) -> has_update=False
2026-09-17 21:01:43,450 - INFO - [global] Установлена последняя версия бота | 5.9.1
2026-09-17 21:01:43,941 - INFO - [global] LogUploader: запускаю upload_run_logs...
2026-09-17 21:01:43,942 - DEBUG - [global] log_uploader: START window=periodic made=-1 token=...Rjnfq
2026-09-17 21:01:44,874 - DEBUG - [global] _api_put: GET runs/20260917_210143_fail_periodic.log -> 404
2026-09-17 21:01:46,417 - DEBUG - [global] _api_put: PUT runs/20260917_210143_fail_periodic.log -> 409 (8836 bytes)
2026-09-17 21:01:46,417 - WARNING - [global] _api_put: PUT failed body: {"message":"is at 3290814a71b7fe00d616caea0dfa590db9a9bbdb but expected 57f87933e5b9db0c14e10d7665fa9c5c9e138ec2","documentation_url":"https://docs.github.com/rest/repos/contents#create-or-update-file
2026-09-17 21:01:46,419 - DEBUG - [global] log_uploader: STEP 1 (window log) -> FAILED
2026-09-17 21:01:46,419 - DEBUG - [global] log_uploader: STEP 2 SKIP (no PNGs)
