=== Log tail 2026-09-28T22:27:08.842986 | last 200 lines ===
2026-09-28 22:17:58,664 - INFO - [global] Доступна обнова! Спавню кнопку
2026-09-28 22:18:07,425 - INFO - [global] LogUploader: запускаю upload_run_logs...
2026-09-28 22:18:07,426 - DEBUG - [global] log_uploader: START window=periodic made=-1 token=...Rjnfq
2026-09-28 22:18:08,527 - DEBUG - [global] _api_put: GET runs/20260928_221807_fail_periodic.log -> 404
2026-09-28 22:18:10,832 - DEBUG - [global] _api_put: PUT runs/20260928_221807_fail_periodic.log -> 201 (12417 bytes)
2026-09-28 22:18:10,835 - DEBUG - [global] log_uploader: STEP 1 (window log) -> https://github.com/StarateJI/L2Mauto/blob/bot-logs/runs/20260928_221807_fail_periodic.log
2026-09-28 22:18:10,836 - DEBUG - [global] log_uploader: STEP 2 SKIP (no PNGs)
2026-09-28 22:18:11,900 - DEBUG - [global] _api_put: GET runs/20260928_221807_fail_global.log -> 404
2026-09-28 22:18:14,006 - DEBUG - [global] _api_put: PUT runs/20260928_221807_fail_global.log -> 201 (5687 bytes)
2026-09-28 22:18:14,011 - DEBUG - [global] log_uploader: STEP 3 (global log) -> https://github.com/StarateJI/L2Mauto/blob/bot-logs/runs/20260928_221807_fail_global.log
2026-09-28 22:18:14,011 - DEBUG - [global] log_uploader: END window=periodic
2026-09-28 22:18:14,011 - INFO - [global] LogUploader: upload_run_logs завершён
2026-09-28 22:18:28,685 - INFO - [global] Проверяю обновы...
2026-09-28 22:18:29,655 - DEBUG - [global] needs_update: raw → 5.13.09
2026-09-28 22:18:29,891 - DEBUG - [global] needs_update: API → 5.13.09
2026-09-28 22:18:29,891 - DEBUG - [global] needs_update: лучший источник raw → 5.13.09 (из 2)
2026-09-28 22:18:29,892 - INFO - [global] needs_update: local=(5, 13, 7) remote=(5, 13, 9) -> has_update=True
2026-09-28 22:18:29,892 - INFO - [global] Доступна обнова! Спавню кнопку
2026-09-28 22:18:59,915 - INFO - [global] Проверяю обновы...
2026-09-28 22:19:00,978 - DEBUG - [global] needs_update: raw → 5.13.09
2026-09-28 22:19:01,245 - DEBUG - [global] needs_update: API → 5.13.09
2026-09-28 22:19:01,245 - DEBUG - [global] needs_update: лучший источник raw → 5.13.09 (из 2)
2026-09-28 22:19:01,245 - INFO - [global] needs_update: local=(5, 13, 7) remote=(5, 13, 9) -> has_update=True
2026-09-28 22:19:01,245 - INFO - [global] Доступна обнова! Спавню кнопку
2026-09-28 22:19:14,082 - INFO - [global] LogUploader: запускаю upload_run_logs...
2026-09-28 22:19:14,084 - DEBUG - [global] log_uploader: START window=periodic made=-1 token=...Rjnfq
2026-09-28 22:19:15,199 - DEBUG - [global] _api_put: GET runs/20260928_221914_fail_periodic.log -> 404
2026-09-28 22:19:17,657 - DEBUG - [global] _api_put: PUT runs/20260928_221914_fail_periodic.log -> 201 (12417 bytes)
2026-09-28 22:19:17,660 - DEBUG - [global] log_uploader: STEP 1 (window log) -> https://github.com/StarateJI/L2Mauto/blob/bot-logs/runs/20260928_221914_fail_periodic.log
2026-09-28 22:19:17,661 - DEBUG - [global] log_uploader: STEP 2 SKIP (no PNGs)
2026-09-28 22:19:18,793 - DEBUG - [global] _api_put: GET runs/20260928_221914_fail_global.log -> 404
2026-09-28 22:19:20,653 - DEBUG - [global] _api_put: PUT runs/20260928_221914_fail_global.log -> 409 (7981 bytes)
2026-09-28 22:19:20,653 - WARNING - [global] _api_put: PUT failed body: {"message":"is at 77b8ee971193198175ca6d4853a1f8b13af4f7bb but expected 2b3cba836b7f808aa4c09c90a60fbc8c1c2abf46","documentation_url":"https://docs.github.com/rest/repos/contents#create-or-update-file
2026-09-28 22:19:20,656 - DEBUG - [global] log_uploader: STEP 3 (global log) -> FAILED
2026-09-28 22:19:20,656 - DEBUG - [global] log_uploader: END window=periodic
2026-09-28 22:19:20,656 - INFO - [global] LogUploader: upload_run_logs завершён
2026-09-28 22:19:31,287 - INFO - [global] Проверяю обновы...
2026-09-28 22:19:32,393 - DEBUG - [global] needs_update: raw → 5.13.09
2026-09-28 22:19:32,525 - DEBUG - [global] needs_update: API → 5.13.09
2026-09-28 22:19:32,525 - DEBUG - [global] needs_update: лучший источник raw → 5.13.09 (из 2)
2026-09-28 22:19:32,526 - INFO - [global] needs_update: local=(5, 13, 7) remote=(5, 13, 9) -> has_update=True
2026-09-28 22:19:32,526 - INFO - [global] Доступна обнова! Спавню кнопку
2026-09-28 22:20:02,560 - INFO - [global] Проверяю обновы...
2026-09-28 22:20:03,621 - DEBUG - [global] needs_update: raw → 5.13.09
2026-09-28 22:20:03,898 - DEBUG - [global] needs_update: API → 5.13.09
2026-09-28 22:20:03,904 - DEBUG - [global] needs_update: лучший источник raw → 5.13.09 (из 2)
2026-09-28 22:20:03,904 - INFO - [global] needs_update: local=(5, 13, 7) remote=(5, 13, 9) -> has_update=True
2026-09-28 22:20:03,904 - INFO - [global] Доступна обнова! Спавню кнопку
2026-09-28 22:20:20,764 - INFO - [global] LogUploader: запускаю upload_run_logs...
2026-09-28 22:20:20,765 - DEBUG - [global] log_uploader: START window=periodic made=-1 token=...Rjnfq
2026-09-28 22:20:21,887 - DEBUG - [global] _api_put: GET runs/20260928_222020_fail_periodic.log -> 404
2026-09-28 22:20:23,945 - DEBUG - [global] _api_put: PUT runs/20260928_222020_fail_periodic.log -> 409 (12417 bytes)
2026-09-28 22:20:23,945 - WARNING - [global] _api_put: PUT failed body: {"message":"is at db90e146ac277d403d4978464daabb39e8a91c56 but expected df864b3a63f43f660b6aa226186187895e403786","documentation_url":"https://docs.github.com/rest/repos/contents#create-or-update-file
2026-09-28 22:20:23,949 - DEBUG - [global] log_uploader: STEP 1 (window log) -> FAILED
2026-09-28 22:20:23,949 - DEBUG - [global] log_uploader: STEP 2 SKIP (no PNGs)
2026-09-28 22:20:25,183 - DEBUG - [global] _api_put: GET runs/20260928_222020_fail_global.log -> 404
2026-09-28 22:20:27,524 - DEBUG - [global] _api_put: PUT runs/20260928_222020_fail_global.log -> 201 (10657 bytes)
2026-09-28 22:20:27,527 - DEBUG - [global] log_uploader: STEP 3 (global log) -> https://github.com/StarateJI/L2Mauto/blob/bot-logs/runs/20260928_222020_fail_global.log
2026-09-28 22:20:27,527 - DEBUG - [global] log_uploader: END window=periodic
2026-09-28 22:20:27,527 - INFO - [global] LogUploader: upload_run_logs завершён
2026-09-28 22:20:33,930 - INFO - [global] Проверяю обновы...
2026-09-28 22:20:34,946 - DEBUG - [global] needs_update: raw → 5.13.09
2026-09-28 22:20:35,123 - DEBUG - [global] needs_update: API → 5.13.09
2026-09-28 22:20:35,124 - DEBUG - [global] needs_update: лучший источник raw → 5.13.09 (из 2)
2026-09-28 22:20:35,124 - INFO - [global] needs_update: local=(5, 13, 7) remote=(5, 13, 9) -> has_update=True
2026-09-28 22:20:35,124 - INFO - [global] Доступна обнова! Спавню кнопку
2026-09-28 22:21:05,146 - INFO - [global] Проверяю обновы...
2026-09-28 22:21:06,198 - DEBUG - [global] needs_update: raw → 5.13.09
2026-09-28 22:21:06,403 - DEBUG - [global] needs_update: API → 5.13.09
2026-09-28 22:21:06,403 - DEBUG - [global] needs_update: лучший источник raw → 5.13.09 (из 2)
2026-09-28 22:21:06,404 - INFO - [global] needs_update: local=(5, 13, 7) remote=(5, 13, 9) -> has_update=True
2026-09-28 22:21:06,404 - INFO - [global] Доступна обнова! Спавню кнопку
2026-09-28 22:21:27,579 - INFO - [global] LogUploader: запускаю upload_run_logs...
2026-09-28 22:21:27,582 - DEBUG - [global] log_uploader: START window=periodic made=-1 token=...Rjnfq
2026-09-28 22:21:28,744 - DEBUG - [global] _api_put: GET runs/20260928_222127_fail_periodic.log -> 404
2026-09-28 22:21:31,365 - DEBUG - [global] _api_put: PUT runs/20260928_222127_fail_periodic.log -> 201 (12417 bytes)
2026-09-28 22:21:31,368 - DEBUG - [global] log_uploader: STEP 1 (window log) -> https://github.com/StarateJI/L2Mauto/blob/bot-logs/runs/20260928_222127_fail_periodic.log
2026-09-28 22:21:31,369 - DEBUG - [global] log_uploader: STEP 2 SKIP (no PNGs)
2026-09-28 22:21:32,627 - DEBUG - [global] _api_put: GET runs/20260928_222127_fail_global.log -> 404
2026-09-28 22:21:34,928 - DEBUG - [global] _api_put: PUT runs/20260928_222127_fail_global.log -> 201 (12952 bytes)
2026-09-28 22:21:34,932 - DEBUG - [global] log_uploader: STEP 3 (global log) -> https://github.com/StarateJI/L2Mauto/blob/bot-logs/runs/20260928_222127_fail_global.log
2026-09-28 22:21:34,933 - DEBUG - [global] log_uploader: END window=periodic
2026-09-28 22:21:34,933 - INFO - [global] LogUploader: upload_run_logs завершён
2026-09-28 22:21:36,433 - INFO - [global] Проверяю обновы...
2026-09-28 22:21:37,677 - DEBUG - [global] needs_update: raw → 5.13.09
2026-09-28 22:21:37,716 - DEBUG - [global] needs_update: API → 5.13.09
2026-09-28 22:21:37,716 - DEBUG - [global] needs_update: лучший источник raw → 5.13.09 (из 2)
2026-09-28 22:21:37,716 - INFO - [global] needs_update: local=(5, 13, 7) remote=(5, 13, 9) -> has_update=True
2026-09-28 22:21:37,716 - INFO - [global] Доступна обнова! Спавню кнопку
2026-09-28 22:22:07,768 - INFO - [global] Проверяю обновы...
2026-09-28 22:22:08,762 - DEBUG - [global] needs_update: raw → 5.13.09
2026-09-28 22:22:09,064 - DEBUG - [global] needs_update: API → 5.13.09
2026-09-28 22:22:09,066 - DEBUG - [global] needs_update: лучший источник raw → 5.13.09 (из 2)
2026-09-28 22:22:09,067 - INFO - [global] needs_update: local=(5, 13, 7) remote=(5, 13, 9) -> has_update=True
2026-09-28 22:22:09,067 - INFO - [global] Доступна обнова! Спавню кнопку
2026-09-28 22:22:34,992 - INFO - [global] LogUploader: запускаю upload_run_logs...
2026-09-28 22:22:34,994 - DEBUG - [global] log_uploader: START window=periodic made=-1 token=...Rjnfq
2026-09-28 22:22:36,085 - DEBUG - [global] _api_put: GET runs/20260928_222234_fail_periodic.log -> 404
2026-09-28 22:22:38,320 - DEBUG - [global] _api_put: PUT runs/20260928_222234_fail_periodic.log -> 409 (12417 bytes)
2026-09-28 22:22:38,320 - WARNING - [global] _api_put: PUT failed body: {"message":"is at 1eb15c7471ccd049d34869edfeea164066bd9514 but expected dc9a4a3adf578831a331622b3ae1974f50cabb91","documentation_url":"https://docs.github.com/rest/repos/contents#create-or-update-file
2026-09-28 22:22:38,322 - DEBUG - [global] log_uploader: STEP 1 (window log) -> FAILED
2026-09-28 22:22:38,323 - DEBUG - [global] log_uploader: STEP 2 SKIP (no PNGs)
2026-09-28 22:22:39,094 - INFO - [global] Проверяю обновы...
2026-09-28 22:22:39,428 - DEBUG - [global] _api_put: GET runs/20260928_222234_fail_global.log -> 404
2026-09-28 22:22:40,190 - DEBUG - [global] needs_update: raw → 5.13.09
2026-09-28 22:22:40,333 - DEBUG - [global] needs_update: API → 5.13.09
2026-09-28 22:22:40,337 - DEBUG - [global] needs_update: лучший источник raw → 5.13.09 (из 2)
2026-09-28 22:22:40,337 - INFO - [global] needs_update: local=(5, 13, 7) remote=(5, 13, 9) -> has_update=True
2026-09-28 22:22:40,337 - INFO - [global] Доступна обнова! Спавню кнопку
2026-09-28 22:22:41,846 - DEBUG - [global] _api_put: PUT runs/20260928_222234_fail_global.log -> 201 (15437 bytes)
2026-09-28 22:22:41,849 - DEBUG - [global] log_uploader: STEP 3 (global log) -> https://github.com/StarateJI/L2Mauto/blob/bot-logs/runs/20260928_222234_fail_global.log
2026-09-28 22:22:41,849 - DEBUG - [global] log_uploader: END window=periodic
2026-09-28 22:22:41,849 - INFO - [global] LogUploader: upload_run_logs завершён
2026-09-28 22:23:10,357 - INFO - [global] Проверяю обновы...
2026-09-28 22:23:11,333 - DEBUG - [global] needs_update: raw → 5.13.09
2026-09-28 22:23:11,529 - DEBUG - [global] needs_update: API → 5.13.09
2026-09-28 22:23:11,529 - DEBUG - [global] needs_update: лучший источник raw → 5.13.09 (из 2)
2026-09-28 22:23:11,529 - INFO - [global] needs_update: local=(5, 13, 7) remote=(5, 13, 9) -> has_update=True
2026-09-28 22:23:11,529 - INFO - [global] Доступна обнова! Спавню кнопку
2026-09-28 22:23:41,546 - INFO - [global] Проверяю обновы...
2026-09-28 22:23:41,887 - INFO - [global] LogUploader: запускаю upload_run_logs...
2026-09-28 22:23:41,889 - DEBUG - [global] log_uploader: START window=periodic made=-1 token=...Rjnfq
2026-09-28 22:23:42,620 - DEBUG - [global] needs_update: raw → 5.13.09
2026-09-28 22:23:42,780 - DEBUG - [global] needs_update: API → 5.13.09
2026-09-28 22:23:42,780 - DEBUG - [global] needs_update: лучший источник raw → 5.13.09 (из 2)
2026-09-28 22:23:42,781 - INFO - [global] needs_update: local=(5, 13, 7) remote=(5, 13, 9) -> has_update=True
2026-09-28 22:23:42,781 - INFO - [global] Доступна обнова! Спавню кнопку
2026-09-28 22:23:43,141 - DEBUG - [global] _api_put: GET runs/20260928_222341_fail_periodic.log -> 404
2026-09-28 22:23:45,379 - DEBUG - [global] _api_put: PUT runs/20260928_222341_fail_periodic.log -> 201 (12417 bytes)
2026-09-28 22:23:45,381 - DEBUG - [global] log_uploader: STEP 1 (window log) -> https://github.com/StarateJI/L2Mauto/blob/bot-logs/runs/20260928_222341_fail_periodic.log
2026-09-28 22:23:45,382 - DEBUG - [global] log_uploader: STEP 2 SKIP (no PNGs)
2026-09-28 22:23:46,422 - DEBUG - [global] _api_put: GET runs/20260928_222341_fail_global.log -> 404
2026-09-28 22:23:48,911 - DEBUG - [global] _api_put: PUT runs/20260928_222341_fail_global.log -> 201 (18274 bytes)
2026-09-28 22:23:48,914 - DEBUG - [global] log_uploader: STEP 3 (global log) -> https://github.com/StarateJI/L2Mauto/blob/bot-logs/runs/20260928_222341_fail_global.log
2026-09-28 22:23:48,914 - DEBUG - [global] log_uploader: END window=periodic
2026-09-28 22:23:48,914 - INFO - [global] LogUploader: upload_run_logs завершён
2026-09-28 22:24:12,800 - INFO - [global] Проверяю обновы...
2026-09-28 22:24:13,768 - DEBUG - [global] needs_update: raw → 5.13.09
2026-09-28 22:24:13,951 - DEBUG - [global] needs_update: API → 5.13.09
2026-09-28 22:24:13,951 - DEBUG - [global] needs_update: лучший источник raw → 5.13.09 (из 2)
2026-09-28 22:24:13,952 - INFO - [global] needs_update: local=(5, 13, 7) remote=(5, 13, 9) -> has_update=True
2026-09-28 22:24:13,952 - INFO - [global] Доступна обнова! Спавню кнопку
2026-09-28 22:24:43,974 - INFO - [global] Проверяю обновы...
2026-09-28 22:24:44,875 - DEBUG - [global] needs_update: raw → 5.13.09
2026-09-28 22:24:45,095 - DEBUG - [global] needs_update: API → 5.13.09
2026-09-28 22:24:45,095 - DEBUG - [global] needs_update: лучший источник raw → 5.13.09 (из 2)
2026-09-28 22:24:45,095 - INFO - [global] needs_update: local=(5, 13, 7) remote=(5, 13, 9) -> has_update=True
2026-09-28 22:24:45,095 - INFO - [global] Доступна обнова! Спавню кнопку
2026-09-28 22:24:48,950 - INFO - [global] LogUploader: запускаю upload_run_logs...
2026-09-28 22:24:48,952 - DEBUG - [global] log_uploader: START window=periodic made=-1 token=...Rjnfq
2026-09-28 22:24:49,986 - DEBUG - [global] _api_put: GET runs/20260928_222448_fail_periodic.log -> 404
2026-09-28 22:24:52,125 - DEBUG - [global] _api_put: PUT runs/20260928_222448_fail_periodic.log -> 201 (12417 bytes)
2026-09-28 22:24:52,127 - DEBUG - [global] log_uploader: STEP 1 (window log) -> https://github.com/StarateJI/L2Mauto/blob/bot-logs/runs/20260928_222448_fail_periodic.log
2026-09-28 22:24:52,127 - DEBUG - [global] log_uploader: STEP 2 SKIP (no PNGs)
2026-09-28 22:24:53,185 - DEBUG - [global] _api_put: GET runs/20260928_222448_fail_global.log -> 404
2026-09-28 22:24:55,893 - DEBUG - [global] _api_put: PUT runs/20260928_222448_fail_global.log -> 201 (20321 bytes)
2026-09-28 22:24:55,895 - DEBUG - [global] log_uploader: STEP 3 (global log) -> https://github.com/StarateJI/L2Mauto/blob/bot-logs/runs/20260928_222448_fail_global.log
2026-09-28 22:24:55,895 - DEBUG - [global] log_uploader: END window=periodic
2026-09-28 22:24:55,895 - INFO - [global] LogUploader: upload_run_logs завершён
2026-09-28 22:25:15,117 - INFO - [global] Проверяю обновы...
2026-09-28 22:25:16,030 - DEBUG - [global] needs_update: raw → 5.13.09
2026-09-28 22:25:16,230 - DEBUG - [global] needs_update: API → 5.13.09
2026-09-28 22:25:16,230 - DEBUG - [global] needs_update: лучший источник raw → 5.13.09 (из 2)
2026-09-28 22:25:16,230 - INFO - [global] needs_update: local=(5, 13, 7) remote=(5, 13, 9) -> has_update=True
2026-09-28 22:25:16,230 - INFO - [global] Доступна обнова! Спавню кнопку
2026-09-28 22:25:46,247 - INFO - [global] Проверяю обновы...
2026-09-28 22:25:47,221 - DEBUG - [global] needs_update: raw → 5.13.09
2026-09-28 22:25:47,431 - DEBUG - [global] needs_update: API → 5.13.09
2026-09-28 22:25:47,431 - DEBUG - [global] needs_update: лучший источник raw → 5.13.09 (из 2)
2026-09-28 22:25:47,431 - INFO - [global] needs_update: local=(5, 13, 7) remote=(5, 13, 9) -> has_update=True
2026-09-28 22:25:47,431 - INFO - [global] Доступна обнова! Спавню кнопку
2026-09-28 22:25:55,932 - INFO - [global] LogUploader: запускаю upload_run_logs...
2026-09-28 22:25:55,934 - DEBUG - [global] log_uploader: START window=periodic made=-1 token=...Rjnfq
2026-09-28 22:25:57,077 - DEBUG - [global] _api_put: GET runs/20260928_222555_fail_periodic.log -> 404
2026-09-28 22:25:59,561 - DEBUG - [global] _api_put: PUT runs/20260928_222555_fail_periodic.log -> 201 (12417 bytes)
2026-09-28 22:25:59,565 - DEBUG - [global] log_uploader: STEP 1 (window log) -> https://github.com/StarateJI/L2Mauto/blob/bot-logs/runs/20260928_222555_fail_periodic.log
2026-09-28 22:25:59,565 - DEBUG - [global] log_uploader: STEP 2 SKIP (no PNGs)
2026-09-28 22:26:00,697 - DEBUG - [global] _api_put: GET runs/20260928_222555_fail_global.log -> 404
2026-09-28 22:26:03,817 - DEBUG - [global] _api_put: PUT runs/20260928_222555_fail_global.log -> 201 (20293 bytes)
2026-09-28 22:26:03,820 - DEBUG - [global] log_uploader: STEP 3 (global log) -> https://github.com/StarateJI/L2Mauto/blob/bot-logs/runs/20260928_222555_fail_global.log
2026-09-28 22:26:03,820 - DEBUG - [global] log_uploader: END window=periodic
2026-09-28 22:26:03,820 - INFO - [global] LogUploader: upload_run_logs завершён
2026-09-28 22:26:17,454 - INFO - [global] Проверяю обновы...
2026-09-28 22:26:18,445 - DEBUG - [global] needs_update: raw → 5.13.09
2026-09-28 22:26:18,613 - DEBUG - [global] needs_update: API → 5.13.09
2026-09-28 22:26:18,614 - DEBUG - [global] needs_update: лучший источник raw → 5.13.09 (из 2)
2026-09-28 22:26:18,614 - INFO - [global] needs_update: local=(5, 13, 7) remote=(5, 13, 9) -> has_update=True
2026-09-28 22:26:18,614 - INFO - [global] Доступна обнова! Спавню кнопку
2026-09-28 22:26:48,638 - INFO - [global] Проверяю обновы...
2026-09-28 22:26:49,647 - DEBUG - [global] needs_update: raw → 5.13.09
2026-09-28 22:26:49,902 - DEBUG - [global] needs_update: API → 5.13.09
2026-09-28 22:26:49,902 - DEBUG - [global] needs_update: лучший источник raw → 5.13.09 (из 2)
2026-09-28 22:26:49,903 - INFO - [global] needs_update: local=(5, 13, 7) remote=(5, 13, 9) -> has_update=True
2026-09-28 22:26:49,903 - INFO - [global] Доступна обнова! Спавню кнопку
2026-09-28 22:27:03,858 - INFO - [global] LogUploader: запускаю upload_run_logs...
2026-09-28 22:27:03,859 - DEBUG - [global] log_uploader: START window=periodic made=-1 token=...Rjnfq
2026-09-28 22:27:05,476 - DEBUG - [global] _api_put: GET runs/20260928_222703_fail_periodic.log -> 404
2026-09-28 22:27:08,825 - DEBUG - [global] _api_put: PUT runs/20260928_222703_fail_periodic.log -> 201 (12417 bytes)
2026-09-28 22:27:08,827 - DEBUG - [global] log_uploader: STEP 1 (window log) -> https://github.com/StarateJI/L2Mauto/blob/bot-logs/runs/20260928_222703_fail_periodic.log
2026-09-28 22:27:08,827 - DEBUG - [global] log_uploader: STEP 2 SKIP (no PNGs)
