=== Log tail 2026-10-02T01:01:39.980109 | last 200 lines ===
2026-10-02 00:52:36,077 - INFO - [global] Доступна обнова! Спавню кнопку
2026-10-02 00:52:49,062 - INFO - [global] LogUploader: запускаю upload_run_logs...
2026-10-02 00:52:49,062 - DEBUG - [global] log_uploader: START window=periodic made=-1 token=...Rjnfq
2026-10-02 00:52:49,957 - DEBUG - [global] _api_put: GET runs/20261002_005249_fail_periodic.log -> 404
2026-10-02 00:52:52,047 - DEBUG - [global] _api_put: PUT runs/20261002_005249_fail_periodic.log -> 201 (19392 bytes)
2026-10-02 00:52:52,048 - DEBUG - [global] log_uploader: STEP 1 (window log) -> https://github.com/StarateJI/L2Mauto/blob/bot-logs/runs/20261002_005249_fail_periodic.log
2026-10-02 00:52:52,049 - DEBUG - [global] log_uploader: STEP 2 SKIP (no PNGs)
2026-10-02 00:52:53,022 - DEBUG - [global] _api_put: GET runs/20261002_005249_fail_global.log -> 404
2026-10-02 00:52:55,128 - DEBUG - [global] _api_put: PUT runs/20261002_005249_fail_global.log -> 201 (20580 bytes)
2026-10-02 00:52:55,130 - DEBUG - [global] log_uploader: STEP 3 (global log) -> https://github.com/StarateJI/L2Mauto/blob/bot-logs/runs/20261002_005249_fail_global.log
2026-10-02 00:52:55,130 - DEBUG - [global] log_uploader: END window=periodic
2026-10-02 00:52:55,130 - INFO - [global] LogUploader: upload_run_logs завершён
2026-10-02 00:53:06,092 - INFO - [global] Проверяю обновы...
2026-10-02 00:53:06,934 - DEBUG - [global] needs_update: raw → 5.13.09
2026-10-02 00:53:07,097 - DEBUG - [global] needs_update: API → 5.13.09
2026-10-02 00:53:07,098 - DEBUG - [global] needs_update: лучший источник raw → 5.13.09 (из 2)
2026-10-02 00:53:07,098 - INFO - [global] needs_update: local=(5, 13, 7) remote=(5, 13, 9) -> has_update=True
2026-10-02 00:53:07,098 - INFO - [global] Доступна обнова! Спавню кнопку
2026-10-02 00:53:37,116 - INFO - [global] Проверяю обновы...
2026-10-02 00:53:37,918 - DEBUG - [global] needs_update: raw → 5.13.09
2026-10-02 00:53:38,118 - DEBUG - [global] needs_update: API → 5.13.09
2026-10-02 00:53:38,119 - DEBUG - [global] needs_update: лучший источник raw → 5.13.09 (из 2)
2026-10-02 00:53:38,119 - INFO - [global] needs_update: local=(5, 13, 7) remote=(5, 13, 9) -> has_update=True
2026-10-02 00:53:38,119 - INFO - [global] Доступна обнова! Спавню кнопку
2026-10-02 00:53:55,162 - INFO - [global] LogUploader: запускаю upload_run_logs...
2026-10-02 00:53:55,164 - DEBUG - [global] log_uploader: START window=periodic made=-1 token=...Rjnfq
2026-10-02 00:53:56,031 - DEBUG - [global] _api_put: GET runs/20261002_005355_fail_periodic.log -> 404
2026-10-02 00:53:58,054 - DEBUG - [global] _api_put: PUT runs/20261002_005355_fail_periodic.log -> 201 (19392 bytes)
2026-10-02 00:53:58,057 - DEBUG - [global] log_uploader: STEP 1 (window log) -> https://github.com/StarateJI/L2Mauto/blob/bot-logs/runs/20261002_005355_fail_periodic.log
2026-10-02 00:53:58,057 - DEBUG - [global] log_uploader: STEP 2 SKIP (no PNGs)
2026-10-02 00:53:59,020 - DEBUG - [global] _api_put: GET runs/20261002_005355_fail_global.log -> 404
2026-10-02 00:54:00,905 - DEBUG - [global] _api_put: PUT runs/20261002_005355_fail_global.log -> 201 (20580 bytes)
2026-10-02 00:54:00,907 - DEBUG - [global] log_uploader: STEP 3 (global log) -> https://github.com/StarateJI/L2Mauto/blob/bot-logs/runs/20261002_005355_fail_global.log
2026-10-02 00:54:00,907 - DEBUG - [global] log_uploader: END window=periodic
2026-10-02 00:54:00,908 - INFO - [global] LogUploader: upload_run_logs завершён
2026-10-02 00:54:08,137 - INFO - [global] Проверяю обновы...
2026-10-02 00:54:08,900 - DEBUG - [global] needs_update: raw → 5.13.09
2026-10-02 00:54:09,180 - DEBUG - [global] needs_update: API → 5.13.09
2026-10-02 00:54:09,181 - DEBUG - [global] needs_update: лучший источник raw → 5.13.09 (из 2)
2026-10-02 00:54:09,181 - INFO - [global] needs_update: local=(5, 13, 7) remote=(5, 13, 9) -> has_update=True
2026-10-02 00:54:09,181 - INFO - [global] Доступна обнова! Спавню кнопку
2026-10-02 00:54:39,208 - INFO - [global] Проверяю обновы...
2026-10-02 00:54:40,065 - DEBUG - [global] needs_update: raw → 5.13.09
2026-10-02 00:54:40,207 - DEBUG - [global] needs_update: API → 5.13.09
2026-10-02 00:54:40,207 - DEBUG - [global] needs_update: лучший источник raw → 5.13.09 (из 2)
2026-10-02 00:54:40,207 - INFO - [global] needs_update: local=(5, 13, 7) remote=(5, 13, 9) -> has_update=True
2026-10-02 00:54:40,207 - INFO - [global] Доступна обнова! Спавню кнопку
2026-10-02 00:55:00,939 - INFO - [global] LogUploader: запускаю upload_run_logs...
2026-10-02 00:55:00,939 - DEBUG - [global] log_uploader: START window=periodic made=-1 token=...Rjnfq
2026-10-02 00:55:01,857 - DEBUG - [global] _api_put: GET runs/20261002_005500_fail_periodic.log -> 404
2026-10-02 00:55:04,020 - DEBUG - [global] _api_put: PUT runs/20261002_005500_fail_periodic.log -> 201 (19392 bytes)
2026-10-02 00:55:04,022 - DEBUG - [global] log_uploader: STEP 1 (window log) -> https://github.com/StarateJI/L2Mauto/blob/bot-logs/runs/20261002_005500_fail_periodic.log
2026-10-02 00:55:04,023 - DEBUG - [global] log_uploader: STEP 2 SKIP (no PNGs)
2026-10-02 00:55:04,982 - DEBUG - [global] _api_put: GET runs/20261002_005500_fail_global.log -> 404
2026-10-02 00:55:07,155 - DEBUG - [global] _api_put: PUT runs/20261002_005500_fail_global.log -> 201 (20580 bytes)
2026-10-02 00:55:07,157 - DEBUG - [global] log_uploader: STEP 3 (global log) -> https://github.com/StarateJI/L2Mauto/blob/bot-logs/runs/20261002_005500_fail_global.log
2026-10-02 00:55:07,157 - DEBUG - [global] log_uploader: END window=periodic
2026-10-02 00:55:07,157 - INFO - [global] LogUploader: upload_run_logs завершён
2026-10-02 00:55:10,222 - INFO - [global] Проверяю обновы...
2026-10-02 00:55:11,054 - DEBUG - [global] needs_update: raw → 5.13.09
2026-10-02 00:55:11,229 - DEBUG - [global] needs_update: API → 5.13.09
2026-10-02 00:55:11,230 - DEBUG - [global] needs_update: лучший источник raw → 5.13.09 (из 2)
2026-10-02 00:55:11,230 - INFO - [global] needs_update: local=(5, 13, 7) remote=(5, 13, 9) -> has_update=True
2026-10-02 00:55:11,230 - INFO - [global] Доступна обнова! Спавню кнопку
2026-10-02 00:55:41,243 - INFO - [global] Проверяю обновы...
2026-10-02 00:55:42,056 - DEBUG - [global] needs_update: raw → 5.13.09
2026-10-02 00:55:42,219 - DEBUG - [global] needs_update: API → 5.13.09
2026-10-02 00:55:42,220 - DEBUG - [global] needs_update: лучший источник raw → 5.13.09 (из 2)
2026-10-02 00:55:42,220 - INFO - [global] needs_update: local=(5, 13, 7) remote=(5, 13, 9) -> has_update=True
2026-10-02 00:55:42,220 - INFO - [global] Доступна обнова! Спавню кнопку
2026-10-02 00:56:07,195 - INFO - [global] LogUploader: запускаю upload_run_logs...
2026-10-02 00:56:07,195 - DEBUG - [global] log_uploader: START window=periodic made=-1 token=...Rjnfq
2026-10-02 00:56:08,133 - DEBUG - [global] _api_put: GET runs/20261002_005607_fail_periodic.log -> 404
2026-10-02 00:56:10,125 - DEBUG - [global] _api_put: PUT runs/20261002_005607_fail_periodic.log -> 201 (19392 bytes)
2026-10-02 00:56:10,128 - DEBUG - [global] log_uploader: STEP 1 (window log) -> https://github.com/StarateJI/L2Mauto/blob/bot-logs/runs/20261002_005607_fail_periodic.log
2026-10-02 00:56:10,129 - DEBUG - [global] log_uploader: STEP 2 SKIP (no PNGs)
2026-10-02 00:56:11,051 - DEBUG - [global] _api_put: GET runs/20261002_005607_fail_global.log -> 404
2026-10-02 00:56:12,239 - INFO - [global] Проверяю обновы...
2026-10-02 00:56:13,005 - DEBUG - [global] needs_update: raw → 5.13.09
2026-10-02 00:56:13,084 - DEBUG - [global] _api_put: PUT runs/20261002_005607_fail_global.log -> 409 (20580 bytes)
2026-10-02 00:56:13,084 - WARNING - [global] _api_put: PUT failed body: {"message":"is at fe16605e77cebf1da30d04204c0d859de4f4bc28 but expected a796722ab584b271dc8ec54163fdc36b0bf8c840","documentation_url":"https://docs.github.com/rest/repos/contents#create-or-update-file
2026-10-02 00:56:13,086 - DEBUG - [global] log_uploader: STEP 3 (global log) -> FAILED
2026-10-02 00:56:13,086 - DEBUG - [global] log_uploader: END window=periodic
2026-10-02 00:56:13,086 - INFO - [global] LogUploader: upload_run_logs завершён
2026-10-02 00:56:13,227 - DEBUG - [global] needs_update: API → 5.13.09
2026-10-02 00:56:13,228 - DEBUG - [global] needs_update: лучший источник raw → 5.13.09 (из 2)
2026-10-02 00:56:13,228 - INFO - [global] needs_update: local=(5, 13, 7) remote=(5, 13, 9) -> has_update=True
2026-10-02 00:56:13,228 - INFO - [global] Доступна обнова! Спавню кнопку
2026-10-02 00:56:43,245 - INFO - [global] Проверяю обновы...
2026-10-02 00:56:44,010 - DEBUG - [global] needs_update: raw → 5.13.09
2026-10-02 00:56:44,252 - DEBUG - [global] needs_update: API → 5.13.09
2026-10-02 00:56:44,252 - DEBUG - [global] needs_update: лучший источник raw → 5.13.09 (из 2)
2026-10-02 00:56:44,252 - INFO - [global] needs_update: local=(5, 13, 7) remote=(5, 13, 9) -> has_update=True
2026-10-02 00:56:44,252 - INFO - [global] Доступна обнова! Спавню кнопку
2026-10-02 00:57:13,121 - INFO - [global] LogUploader: запускаю upload_run_logs...
2026-10-02 00:57:13,121 - DEBUG - [global] log_uploader: START window=periodic made=-1 token=...Rjnfq
2026-10-02 00:57:14,011 - DEBUG - [global] _api_put: GET runs/20261002_005713_fail_periodic.log -> 404
2026-10-02 00:57:14,269 - INFO - [global] Проверяю обновы...
2026-10-02 00:57:15,088 - DEBUG - [global] needs_update: raw → 5.13.09
2026-10-02 00:57:15,325 - DEBUG - [global] needs_update: API → 5.13.09
2026-10-02 00:57:15,325 - DEBUG - [global] needs_update: лучший источник raw → 5.13.09 (из 2)
2026-10-02 00:57:15,325 - INFO - [global] needs_update: local=(5, 13, 7) remote=(5, 13, 9) -> has_update=True
2026-10-02 00:57:15,325 - INFO - [global] Доступна обнова! Спавню кнопку
2026-10-02 00:57:16,124 - DEBUG - [global] _api_put: PUT runs/20261002_005713_fail_periodic.log -> 201 (19392 bytes)
2026-10-02 00:57:16,126 - DEBUG - [global] log_uploader: STEP 1 (window log) -> https://github.com/StarateJI/L2Mauto/blob/bot-logs/runs/20261002_005713_fail_periodic.log
2026-10-02 00:57:16,127 - DEBUG - [global] log_uploader: STEP 2 SKIP (no PNGs)
2026-10-02 00:57:17,109 - DEBUG - [global] _api_put: GET runs/20261002_005713_fail_global.log -> 404
2026-10-02 00:57:19,089 - DEBUG - [global] _api_put: PUT runs/20261002_005713_fail_global.log -> 409 (20273 bytes)
2026-10-02 00:57:19,089 - WARNING - [global] _api_put: PUT failed body: {"message":"is at 8380cdaeebf0521c1f5ce04c071bb6f17bb47001 but expected 4eed92f535bafcdf34310df55938c426bfdd6134","documentation_url":"https://docs.github.com/rest/repos/contents#create-or-update-file
2026-10-02 00:57:19,090 - DEBUG - [global] log_uploader: STEP 3 (global log) -> FAILED
2026-10-02 00:57:19,090 - DEBUG - [global] log_uploader: END window=periodic
2026-10-02 00:57:19,090 - INFO - [global] LogUploader: upload_run_logs завершён
2026-10-02 00:57:45,340 - INFO - [global] Проверяю обновы...
2026-10-02 00:57:46,182 - DEBUG - [global] needs_update: raw → 5.13.09
2026-10-02 00:57:46,388 - DEBUG - [global] needs_update: API → 5.13.09
2026-10-02 00:57:46,388 - DEBUG - [global] needs_update: лучший источник raw → 5.13.09 (из 2)
2026-10-02 00:57:46,388 - INFO - [global] needs_update: local=(5, 13, 7) remote=(5, 13, 9) -> has_update=True
2026-10-02 00:57:46,388 - INFO - [global] Доступна обнова! Спавню кнопку
2026-10-02 00:58:16,415 - INFO - [global] Проверяю обновы...
2026-10-02 00:58:17,233 - DEBUG - [global] needs_update: raw → 5.13.09
2026-10-02 00:58:17,415 - DEBUG - [global] needs_update: API → 5.13.09
2026-10-02 00:58:17,415 - DEBUG - [global] needs_update: лучший источник raw → 5.13.09 (из 2)
2026-10-02 00:58:17,416 - INFO - [global] needs_update: local=(5, 13, 7) remote=(5, 13, 9) -> has_update=True
2026-10-02 00:58:17,416 - INFO - [global] Доступна обнова! Спавню кнопку
2026-10-02 00:58:19,126 - INFO - [global] LogUploader: запускаю upload_run_logs...
2026-10-02 00:58:19,126 - DEBUG - [global] log_uploader: START window=periodic made=-1 token=...Rjnfq
2026-10-02 00:58:20,201 - DEBUG - [global] _api_put: GET runs/20261002_005819_fail_periodic.log -> 404
2026-10-02 00:58:22,301 - DEBUG - [global] _api_put: PUT runs/20261002_005819_fail_periodic.log -> 201 (19392 bytes)
2026-10-02 00:58:22,303 - DEBUG - [global] log_uploader: STEP 1 (window log) -> https://github.com/StarateJI/L2Mauto/blob/bot-logs/runs/20261002_005819_fail_periodic.log
2026-10-02 00:58:22,304 - DEBUG - [global] log_uploader: STEP 2 SKIP (no PNGs)
2026-10-02 00:58:23,276 - DEBUG - [global] _api_put: GET runs/20261002_005819_fail_global.log -> 404
2026-10-02 00:58:25,107 - DEBUG - [global] _api_put: PUT runs/20261002_005819_fail_global.log -> 409 (20409 bytes)
2026-10-02 00:58:25,107 - WARNING - [global] _api_put: PUT failed body: {"message":"is at 55b90ce9a9153f9e71284b4ae40b993d3b8eb907 but expected 80e37f9f0e25e38fe11ac718a318dee6b9f8ae4c","documentation_url":"https://docs.github.com/rest/repos/contents#create-or-update-file
2026-10-02 00:58:25,110 - DEBUG - [global] log_uploader: STEP 3 (global log) -> FAILED
2026-10-02 00:58:25,110 - DEBUG - [global] log_uploader: END window=periodic
2026-10-02 00:58:25,110 - INFO - [global] LogUploader: upload_run_logs завершён
2026-10-02 00:58:47,434 - INFO - [global] Проверяю обновы...
2026-10-02 00:58:48,218 - DEBUG - [global] needs_update: raw → 5.13.09
2026-10-02 00:58:48,457 - DEBUG - [global] needs_update: API → 5.13.09
2026-10-02 00:58:48,457 - DEBUG - [global] needs_update: лучший источник raw → 5.13.09 (из 2)
2026-10-02 00:58:48,458 - INFO - [global] needs_update: local=(5, 13, 7) remote=(5, 13, 9) -> has_update=True
2026-10-02 00:58:48,458 - INFO - [global] Доступна обнова! Спавню кнопку
2026-10-02 00:59:18,474 - INFO - [global] Проверяю обновы...
2026-10-02 00:59:19,241 - DEBUG - [global] needs_update: raw → 5.13.09
2026-10-02 00:59:19,478 - DEBUG - [global] needs_update: API → 5.13.09
2026-10-02 00:59:19,478 - DEBUG - [global] needs_update: лучший источник raw → 5.13.09 (из 2)
2026-10-02 00:59:19,478 - INFO - [global] needs_update: local=(5, 13, 7) remote=(5, 13, 9) -> has_update=True
2026-10-02 00:59:19,478 - INFO - [global] Доступна обнова! Спавню кнопку
2026-10-02 00:59:25,143 - INFO - [global] LogUploader: запускаю upload_run_logs...
2026-10-02 00:59:25,143 - DEBUG - [global] log_uploader: START window=periodic made=-1 token=...Rjnfq
2026-10-02 00:59:26,012 - DEBUG - [global] _api_put: GET runs/20261002_005925_fail_periodic.log -> 404
2026-10-02 00:59:27,991 - DEBUG - [global] _api_put: PUT runs/20261002_005925_fail_periodic.log -> 201 (19392 bytes)
2026-10-02 00:59:27,994 - DEBUG - [global] log_uploader: STEP 1 (window log) -> https://github.com/StarateJI/L2Mauto/blob/bot-logs/runs/20261002_005925_fail_periodic.log
2026-10-02 00:59:27,994 - DEBUG - [global] log_uploader: STEP 2 SKIP (no PNGs)
2026-10-02 00:59:28,905 - DEBUG - [global] _api_put: GET runs/20261002_005925_fail_global.log -> 404
2026-10-02 00:59:30,920 - DEBUG - [global] _api_put: PUT runs/20261002_005925_fail_global.log -> 201 (20494 bytes)
2026-10-02 00:59:30,921 - DEBUG - [global] log_uploader: STEP 3 (global log) -> https://github.com/StarateJI/L2Mauto/blob/bot-logs/runs/20261002_005925_fail_global.log
2026-10-02 00:59:30,921 - DEBUG - [global] log_uploader: END window=periodic
2026-10-02 00:59:30,921 - INFO - [global] LogUploader: upload_run_logs завершён
2026-10-02 00:59:49,494 - INFO - [global] Проверяю обновы...
2026-10-02 00:59:50,299 - DEBUG - [global] needs_update: raw → 5.13.09
2026-10-02 00:59:50,478 - DEBUG - [global] needs_update: API → 5.13.09
2026-10-02 00:59:50,479 - DEBUG - [global] needs_update: лучший источник raw → 5.13.09 (из 2)
2026-10-02 00:59:50,479 - INFO - [global] needs_update: local=(5, 13, 7) remote=(5, 13, 9) -> has_update=True
2026-10-02 00:59:50,479 - INFO - [global] Доступна обнова! Спавню кнопку
2026-10-02 01:00:20,497 - INFO - [global] Проверяю обновы...
2026-10-02 01:00:21,302 - DEBUG - [global] needs_update: raw → 5.13.09
2026-10-02 01:00:21,518 - DEBUG - [global] needs_update: API → 5.13.09
2026-10-02 01:00:21,518 - DEBUG - [global] needs_update: лучший источник raw → 5.13.09 (из 2)
2026-10-02 01:00:21,518 - INFO - [global] needs_update: local=(5, 13, 7) remote=(5, 13, 9) -> has_update=True
2026-10-02 01:00:21,518 - INFO - [global] Доступна обнова! Спавню кнопку
2026-10-02 01:00:30,957 - INFO - [global] LogUploader: запускаю upload_run_logs...
2026-10-02 01:00:30,957 - DEBUG - [global] log_uploader: START window=periodic made=-1 token=...Rjnfq
2026-10-02 01:00:31,859 - DEBUG - [global] _api_put: GET runs/20261002_010030_fail_periodic.log -> 404
2026-10-02 01:00:34,075 - DEBUG - [global] _api_put: PUT runs/20261002_010030_fail_periodic.log -> 201 (19392 bytes)
2026-10-02 01:00:34,078 - DEBUG - [global] log_uploader: STEP 1 (window log) -> https://github.com/StarateJI/L2Mauto/blob/bot-logs/runs/20261002_010030_fail_periodic.log
2026-10-02 01:00:34,078 - DEBUG - [global] log_uploader: STEP 2 SKIP (no PNGs)
2026-10-02 01:00:35,055 - DEBUG - [global] _api_put: GET runs/20261002_010030_fail_global.log -> 404
2026-10-02 01:00:37,059 - DEBUG - [global] _api_put: PUT runs/20261002_010030_fail_global.log -> 201 (20393 bytes)
2026-10-02 01:00:37,060 - DEBUG - [global] log_uploader: STEP 3 (global log) -> https://github.com/StarateJI/L2Mauto/blob/bot-logs/runs/20261002_010030_fail_global.log
2026-10-02 01:00:37,061 - DEBUG - [global] log_uploader: END window=periodic
2026-10-02 01:00:37,061 - INFO - [global] LogUploader: upload_run_logs завершён
2026-10-02 01:00:51,536 - INFO - [global] Проверяю обновы...
2026-10-02 01:00:52,396 - DEBUG - [global] needs_update: raw → 5.13.09
2026-10-02 01:00:52,578 - DEBUG - [global] needs_update: API → 5.13.09
2026-10-02 01:00:52,578 - DEBUG - [global] needs_update: лучший источник raw → 5.13.09 (из 2)
2026-10-02 01:00:52,578 - INFO - [global] needs_update: local=(5, 13, 7) remote=(5, 13, 9) -> has_update=True
2026-10-02 01:00:52,578 - INFO - [global] Доступна обнова! Спавню кнопку
2026-10-02 01:01:22,594 - INFO - [global] Проверяю обновы...
2026-10-02 01:01:23,355 - DEBUG - [global] needs_update: raw → 5.13.09
2026-10-02 01:01:23,584 - DEBUG - [global] needs_update: API → 5.13.09
2026-10-02 01:01:23,585 - DEBUG - [global] needs_update: лучший источник raw → 5.13.09 (из 2)
2026-10-02 01:01:23,585 - INFO - [global] needs_update: local=(5, 13, 7) remote=(5, 13, 9) -> has_update=True
2026-10-02 01:01:23,585 - INFO - [global] Доступна обнова! Спавню кнопку
2026-10-02 01:01:37,098 - INFO - [global] LogUploader: запускаю upload_run_logs...
2026-10-02 01:01:37,099 - DEBUG - [global] log_uploader: START window=periodic made=-1 token=...Rjnfq
2026-10-02 01:01:37,987 - DEBUG - [global] _api_put: GET runs/20261002_010137_fail_periodic.log -> 404
2026-10-02 01:01:39,921 - DEBUG - [global] _api_put: PUT runs/20261002_010137_fail_periodic.log -> 201 (19392 bytes)
2026-10-02 01:01:39,924 - DEBUG - [global] log_uploader: STEP 1 (window log) -> https://github.com/StarateJI/L2Mauto/blob/bot-logs/runs/20261002_010137_fail_periodic.log
2026-10-02 01:01:39,924 - DEBUG - [global] log_uploader: STEP 2 SKIP (no PNGs)
