=== Log tail 2026-09-15T19:18:18.583520 | last 200 lines ===
2026-09-15 19:10:40,065 - DEBUG - [global] _api_put: PUT runs/20260915_191035_fail_global.log -> 201 (21366 bytes)
2026-09-15 19:10:40,067 - DEBUG - [global] log_uploader: STEP 3 (global log) -> https://github.com/StarateJI/L2Mauto/blob/bot-logs/runs/20260915_191035_fail_global.log
2026-09-15 19:10:40,067 - DEBUG - [global] log_uploader: END window=periodic
2026-09-15 19:10:40,067 - INFO - [global] LogUploader: upload_run_logs завершён
2026-09-15 19:10:40,747 - DEBUG - [global] needs_update: raw → 5.6.21
2026-09-15 19:10:41,944 - DEBUG - [global] needs_update: API GitHub → 5.6.21
2026-09-15 19:10:43,162 - DEBUG - [global] needs_update: jsdelivr → 5.4.2
2026-09-15 19:10:43,162 - DEBUG - [global] needs_update: лучший источник raw → 5.6.21 (из 3)
2026-09-15 19:10:43,164 - INFO - [global] needs_update: local=(5, 6, 21) remote=(5, 6, 21) -> has_update=False
2026-09-15 19:10:43,164 - INFO - [global] Установлена последняя версия бота | 5.6.21
2026-09-15 19:11:13,185 - INFO - [global] Проверяю обновы...
2026-09-15 19:11:14,055 - DEBUG - [global] needs_update: raw → 5.6.21
2026-09-15 19:11:15,057 - DEBUG - [global] needs_update: API GitHub → 5.6.21
2026-09-15 19:11:15,847 - DEBUG - [global] needs_update: jsdelivr → 5.4.1
2026-09-15 19:11:15,847 - DEBUG - [global] needs_update: лучший источник raw → 5.6.21 (из 3)
2026-09-15 19:11:15,849 - INFO - [global] needs_update: local=(5, 6, 21) remote=(5, 6, 21) -> has_update=False
2026-09-15 19:11:15,850 - INFO - [global] Установлена последняя версия бота | 5.6.21
2026-09-15 19:11:39,870 - INFO - [global] [-BaseProfile-] Остановил слушалку
2026-09-15 19:11:40,116 - INFO - [global] LogUploader: запускаю upload_run_logs...
2026-09-15 19:11:40,117 - DEBUG - [global] log_uploader: START window=periodic made=-1 token=...Rjnfq
2026-09-15 19:11:41,954 - DEBUG - [global] _api_put: GET runs/20260915_191140_fail_periodic.log -> 404
2026-09-15 19:11:43,719 - DEBUG - [global] _api_put: PUT runs/20260915_191140_fail_periodic.log -> 201 (10182 bytes)
2026-09-15 19:11:43,721 - DEBUG - [global] log_uploader: STEP 1 (window log) -> https://github.com/StarateJI/L2Mauto/blob/bot-logs/runs/20260915_191140_fail_periodic.log
2026-09-15 19:11:43,721 - DEBUG - [global] log_uploader: STEP 2 SKIP (no PNGs)
2026-09-15 19:11:44,675 - DEBUG - [global] _api_put: GET runs/20260915_191140_fail_global.log -> 404
2026-09-15 19:11:45,881 - INFO - [global] Проверяю обновы...
2026-09-15 19:11:46,247 - DEBUG - [global] _api_put: PUT runs/20260915_191140_fail_global.log -> 201 (21352 bytes)
2026-09-15 19:11:46,250 - DEBUG - [global] log_uploader: STEP 3 (global log) -> https://github.com/StarateJI/L2Mauto/blob/bot-logs/runs/20260915_191140_fail_global.log
2026-09-15 19:11:46,250 - DEBUG - [global] log_uploader: END window=periodic
2026-09-15 19:11:46,250 - INFO - [global] LogUploader: upload_run_logs завершён
2026-09-15 19:11:46,650 - DEBUG - [global] needs_update: raw → 5.6.21
2026-09-15 19:11:47,577 - DEBUG - [global] needs_update: API GitHub → 5.6.21
2026-09-15 19:11:48,330 - DEBUG - [global] needs_update: jsdelivr → 5.4.1
2026-09-15 19:11:48,330 - DEBUG - [global] needs_update: лучший источник raw → 5.6.21 (из 3)
2026-09-15 19:11:48,332 - INFO - [global] needs_update: local=(5, 6, 21) remote=(5, 6, 21) -> has_update=False
2026-09-15 19:11:48,332 - INFO - [global] Установлена последняя версия бота | 5.6.21
2026-09-15 19:11:59,926 - INFO - [global] Ошибка отправки в тг | 380371690 | HTTP Client says - ClientConnectorError: Cannot connect to host api.telegram.org:443 ssl:default [Превышен таймаут семафора]
2026-09-15 19:12:18,363 - INFO - [global] Проверяю обновы...
2026-09-15 19:12:19,088 - DEBUG - [global] needs_update: raw → 5.6.21
2026-09-15 19:12:19,487 - INFO - [global] [-BaseProfile-] Остановил слушалку
2026-09-15 19:12:19,986 - DEBUG - [global] needs_update: API GitHub → 5.6.21
2026-09-15 19:12:20,416 - INFO - [global] Пачка 6/10: завершена за 124с
2026-09-15 19:12:20,776 - DEBUG - [global] needs_update: jsdelivr → 5.4.2
2026-09-15 19:12:20,776 - DEBUG - [global] needs_update: лучший источник raw → 5.6.21 (из 3)
2026-09-15 19:12:20,779 - INFO - [global] needs_update: local=(5, 6, 21) remote=(5, 6, 21) -> has_update=False
2026-09-15 19:12:20,780 - INFO - [global] Установлена последняя версия бота | 5.6.21
2026-09-15 19:12:21,417 - INFO - [global] Пачка 7/10: старт (2 окон: ['Ken', 'Loot'])
2026-09-15 19:12:21,417 - INFO - [global] Запуск через 3 сек. | ['Ken', 'Loot']
2026-09-15 19:12:39,525 - INFO - [global] Ошибка отправки в тг | 380371690 | HTTP Client says - ClientConnectorError: Cannot connect to host api.telegram.org:443 ssl:default [Превышен таймаут семафора]
2026-09-15 19:12:46,291 - INFO - [global] LogUploader: запускаю upload_run_logs...
2026-09-15 19:12:46,292 - DEBUG - [global] log_uploader: START window=periodic made=-1 token=...Rjnfq
2026-09-15 19:12:47,192 - DEBUG - [global] _api_put: GET runs/20260915_191246_fail_periodic.log -> 404
2026-09-15 19:12:48,107 - DEBUG - [global] _api_put: PUT runs/20260915_191246_fail_periodic.log -> 422 (10182 bytes)
2026-09-15 19:12:48,107 - WARNING - [global] _api_put: PUT failed body: {"message":"Invalid request.\n\n\"sha\" wasn't supplied.","documentation_url":"https://docs.github.com/rest/repos/contents#create-or-update-file-contents","status":"422"}
2026-09-15 19:12:48,110 - DEBUG - [global] log_uploader: STEP 1 (window log) -> FAILED
2026-09-15 19:12:48,111 - DEBUG - [global] log_uploader: STEP 2 SKIP (no PNGs)
2026-09-15 19:12:49,087 - DEBUG - [global] _api_put: GET runs/20260915_191246_fail_global.log -> 404
2026-09-15 19:12:50,810 - INFO - [global] Проверяю обновы...
2026-09-15 19:12:50,832 - DEBUG - [global] _api_put: PUT runs/20260915_191246_fail_global.log -> 409 (21381 bytes)
2026-09-15 19:12:50,832 - WARNING - [global] _api_put: PUT failed body: {"message":"is at a4960085bcae22c3745954ef26f938a03156e48a but expected ea7d410e407ad1dfb322df6d72ec00cb4ba687ad","documentation_url":"https://docs.github.com/rest/repos/contents#create-or-update-file
2026-09-15 19:12:50,834 - DEBUG - [global] log_uploader: STEP 3 (global log) -> FAILED
2026-09-15 19:12:50,834 - DEBUG - [global] log_uploader: END window=periodic
2026-09-15 19:12:50,834 - INFO - [global] LogUploader: upload_run_logs завершён
2026-09-15 19:12:51,566 - DEBUG - [global] needs_update: raw → 5.6.21
2026-09-15 19:12:52,557 - DEBUG - [global] needs_update: API GitHub → 5.6.21
2026-09-15 19:12:53,365 - DEBUG - [global] needs_update: jsdelivr → 5.4.2
2026-09-15 19:12:53,365 - DEBUG - [global] needs_update: лучший источник raw → 5.6.21 (из 3)
2026-09-15 19:12:53,367 - INFO - [global] needs_update: local=(5, 6, 21) remote=(5, 6, 21) -> has_update=False
2026-09-15 19:12:53,368 - INFO - [global] Установлена последняя версия бота | 5.6.21
2026-09-15 19:13:23,391 - INFO - [global] Проверяю обновы...
2026-09-15 19:13:25,069 - DEBUG - [global] needs_update: raw → 5.6.21
2026-09-15 19:13:25,977 - DEBUG - [global] needs_update: API GitHub → 5.6.21
2026-09-15 19:13:26,734 - DEBUG - [global] needs_update: jsdelivr → 5.4.1
2026-09-15 19:13:26,734 - DEBUG - [global] needs_update: лучший источник raw → 5.6.21 (из 3)
2026-09-15 19:13:26,737 - INFO - [global] needs_update: local=(5, 6, 21) remote=(5, 6, 21) -> has_update=False
2026-09-15 19:13:26,737 - INFO - [global] Установлена последняя версия бота | 5.6.21
2026-09-15 19:13:38,816 - INFO - [global] [-BaseProfile-] Остановил слушалку
2026-09-15 19:13:50,884 - INFO - [global] LogUploader: запускаю upload_run_logs...
2026-09-15 19:13:50,885 - DEBUG - [global] log_uploader: START window=periodic made=-1 token=...Rjnfq
2026-09-15 19:13:51,740 - DEBUG - [global] _api_put: GET runs/20260915_191350_fail_periodic.log -> 404
2026-09-15 19:13:53,558 - DEBUG - [global] _api_put: PUT runs/20260915_191350_fail_periodic.log -> 201 (10182 bytes)
2026-09-15 19:13:53,560 - DEBUG - [global] log_uploader: STEP 1 (window log) -> https://github.com/StarateJI/L2Mauto/blob/bot-logs/runs/20260915_191350_fail_periodic.log
2026-09-15 19:13:53,560 - DEBUG - [global] log_uploader: STEP 2 SKIP (no PNGs)
2026-09-15 19:13:55,270 - DEBUG - [global] _api_put: GET runs/20260915_191350_fail_global.log -> 404
2026-09-15 19:13:56,755 - DEBUG - [global] _api_put: PUT runs/20260915_191350_fail_global.log -> 409 (21424 bytes)
2026-09-15 19:13:56,756 - WARNING - [global] _api_put: PUT failed body: {"message":"is at 0e9d06ae17d988870effa9834a310740c3851847 but expected 9fb93a3b6ca32888b5ae67971cfe3a911b3bc1a5","documentation_url":"https://docs.github.com/rest/repos/contents#create-or-update-file
2026-09-15 19:13:56,757 - DEBUG - [global] log_uploader: STEP 3 (global log) -> FAILED
2026-09-15 19:13:56,757 - DEBUG - [global] log_uploader: END window=periodic
2026-09-15 19:13:56,757 - INFO - [global] LogUploader: upload_run_logs завершён
2026-09-15 19:13:56,758 - INFO - [global] Проверяю обновы...
2026-09-15 19:13:57,838 - DEBUG - [global] needs_update: raw → 5.6.21
2026-09-15 19:13:59,046 - INFO - [global] Ошибка отправки в тг | 380371690 | HTTP Client says - ClientConnectorError: Cannot connect to host api.telegram.org:443 ssl:default [Превышен таймаут семафора]
2026-09-15 19:13:59,198 - DEBUG - [global] needs_update: API GitHub → 5.6.21
2026-09-15 19:13:59,951 - DEBUG - [global] needs_update: jsdelivr → 5.4.1
2026-09-15 19:13:59,951 - DEBUG - [global] needs_update: лучший источник raw → 5.6.21 (из 3)
2026-09-15 19:13:59,955 - INFO - [global] needs_update: local=(5, 6, 21) remote=(5, 6, 21) -> has_update=False
2026-09-15 19:13:59,956 - INFO - [global] Установлена последняя версия бота | 5.6.21
2026-09-15 19:14:24,256 - INFO - [global] [-BaseProfile-] Остановил слушалку
2026-09-15 19:14:25,022 - INFO - [global] Пачка 7/10: завершена за 124с
2026-09-15 19:14:26,022 - INFO - [global] Пачка 8/10: старт (2 окон: ['Numa', 'Tundra'])
2026-09-15 19:14:26,022 - INFO - [global] Запуск через 3 сек. | ['Numa', 'Tundra']
2026-09-15 19:14:29,974 - INFO - [global] Проверяю обновы...
2026-09-15 19:14:30,742 - DEBUG - [global] needs_update: raw → 5.6.21
2026-09-15 19:14:31,786 - DEBUG - [global] needs_update: API GitHub → 5.6.21
2026-09-15 19:14:32,921 - DEBUG - [global] needs_update: jsdelivr → 5.4.1
2026-09-15 19:14:32,921 - DEBUG - [global] needs_update: лучший источник raw → 5.6.21 (из 3)
2026-09-15 19:14:32,924 - INFO - [global] needs_update: local=(5, 6, 21) remote=(5, 6, 21) -> has_update=False
2026-09-15 19:14:32,925 - INFO - [global] Установлена последняя версия бота | 5.6.21
2026-09-15 19:14:44,311 - INFO - [global] Ошибка отправки в тг | 380371690 | HTTP Client says - ClientConnectorError: Cannot connect to host api.telegram.org:443 ssl:default [Превышен таймаут семафора]
2026-09-15 19:14:56,797 - INFO - [global] LogUploader: запускаю upload_run_logs...
2026-09-15 19:14:56,799 - DEBUG - [global] log_uploader: START window=periodic made=-1 token=...Rjnfq
2026-09-15 19:14:57,793 - DEBUG - [global] _api_put: GET runs/20260915_191456_fail_periodic.log -> 404
2026-09-15 19:14:59,349 - DEBUG - [global] _api_put: PUT runs/20260915_191456_fail_periodic.log -> 201 (10182 bytes)
2026-09-15 19:14:59,352 - DEBUG - [global] log_uploader: STEP 1 (window log) -> https://github.com/StarateJI/L2Mauto/blob/bot-logs/runs/20260915_191456_fail_periodic.log
2026-09-15 19:14:59,353 - DEBUG - [global] log_uploader: STEP 2 SKIP (no PNGs)
2026-09-15 19:15:00,332 - DEBUG - [global] _api_put: GET runs/20260915_191456_fail_global.log -> 404
2026-09-15 19:15:01,977 - DEBUG - [global] _api_put: PUT runs/20260915_191456_fail_global.log -> 201 (21584 bytes)
2026-09-15 19:15:01,980 - DEBUG - [global] log_uploader: STEP 3 (global log) -> https://github.com/StarateJI/L2Mauto/blob/bot-logs/runs/20260915_191456_fail_global.log
2026-09-15 19:15:01,980 - DEBUG - [global] log_uploader: END window=periodic
2026-09-15 19:15:01,980 - INFO - [global] LogUploader: upload_run_logs завершён
2026-09-15 19:15:02,947 - INFO - [global] Проверяю обновы...
2026-09-15 19:15:04,010 - DEBUG - [global] needs_update: raw → 5.6.21
2026-09-15 19:15:05,040 - DEBUG - [global] needs_update: API GitHub → 5.6.21
2026-09-15 19:15:06,258 - DEBUG - [global] needs_update: jsdelivr → 5.4.2
2026-09-15 19:15:06,259 - DEBUG - [global] needs_update: лучший источник raw → 5.6.21 (из 3)
2026-09-15 19:15:06,261 - INFO - [global] needs_update: local=(5, 6, 21) remote=(5, 6, 21) -> has_update=False
2026-09-15 19:15:06,262 - INFO - [global] Установлена последняя версия бота | 5.6.21
2026-09-15 19:15:36,295 - INFO - [global] Проверяю обновы...
2026-09-15 19:15:37,049 - DEBUG - [global] needs_update: raw → 5.6.21
2026-09-15 19:15:38,035 - DEBUG - [global] needs_update: API GitHub → 5.6.21
2026-09-15 19:15:38,885 - DEBUG - [global] needs_update: jsdelivr → 5.4.1
2026-09-15 19:15:38,885 - DEBUG - [global] needs_update: лучший источник raw → 5.6.21 (из 3)
2026-09-15 19:15:38,888 - INFO - [global] needs_update: local=(5, 6, 21) remote=(5, 6, 21) -> has_update=False
2026-09-15 19:15:38,888 - INFO - [global] Установлена последняя версия бота | 5.6.21
2026-09-15 19:16:00,476 - INFO - [global] [-BaseProfile-] Остановил слушалку
2026-09-15 19:16:02,023 - INFO - [global] LogUploader: запускаю upload_run_logs...
2026-09-15 19:16:02,024 - DEBUG - [global] log_uploader: START window=periodic made=-1 token=...Rjnfq
2026-09-15 19:16:02,948 - DEBUG - [global] _api_put: GET runs/20260915_191602_fail_periodic.log -> 404
2026-09-15 19:16:04,944 - DEBUG - [global] _api_put: PUT runs/20260915_191602_fail_periodic.log -> 201 (10182 bytes)
2026-09-15 19:16:04,946 - DEBUG - [global] log_uploader: STEP 1 (window log) -> https://github.com/StarateJI/L2Mauto/blob/bot-logs/runs/20260915_191602_fail_periodic.log
2026-09-15 19:16:04,947 - DEBUG - [global] log_uploader: STEP 2 SKIP (no PNGs)
2026-09-15 19:16:05,976 - DEBUG - [global] _api_put: GET runs/20260915_191602_fail_global.log -> 404
2026-09-15 19:16:07,654 - DEBUG - [global] _api_put: PUT runs/20260915_191602_fail_global.log -> 201 (21361 bytes)
2026-09-15 19:16:07,657 - DEBUG - [global] log_uploader: STEP 3 (global log) -> https://github.com/StarateJI/L2Mauto/blob/bot-logs/runs/20260915_191602_fail_global.log
2026-09-15 19:16:07,657 - DEBUG - [global] log_uploader: END window=periodic
2026-09-15 19:16:07,657 - INFO - [global] LogUploader: upload_run_logs завершён
2026-09-15 19:16:08,912 - INFO - [global] Проверяю обновы...
2026-09-15 19:16:09,812 - DEBUG - [global] needs_update: raw → 5.6.21
2026-09-15 19:16:10,753 - DEBUG - [global] needs_update: API GitHub → 5.6.21
2026-09-15 19:16:11,474 - DEBUG - [global] needs_update: jsdelivr → 5.4.1
2026-09-15 19:16:11,474 - DEBUG - [global] needs_update: лучший источник raw → 5.6.21 (из 3)
2026-09-15 19:16:11,477 - INFO - [global] needs_update: local=(5, 6, 21) remote=(5, 6, 21) -> has_update=False
2026-09-15 19:16:11,477 - INFO - [global] Установлена последняя версия бота | 5.6.21
2026-09-15 19:16:15,208 - INFO - [global] [-BaseProfile-] Остановил слушалку
2026-09-15 19:16:15,609 - INFO - [global] Пачка 8/10: завершена за 110с
2026-09-15 19:16:16,610 - INFO - [global] Пачка 9/10: старт (2 окон: ['РспАнтохи', 'Керриганн'])
2026-09-15 19:16:16,610 - INFO - [global] Запуск через 3 сек. | ['РспАнтохи', 'Керриганн']
2026-09-15 19:16:20,857 - INFO - [global] Ошибка отправки в тг | 380371690 | HTTP Client says - ClientConnectorError: Cannot connect to host api.telegram.org:443 ssl:default [Превышен таймаут семафора]
2026-09-15 19:16:35,580 - INFO - [global] Ошибка отправки в тг | 380371690 | HTTP Client says - ClientConnectorError: Cannot connect to host api.telegram.org:443 ssl:default [Превышен таймаут семафора]
2026-09-15 19:16:41,500 - INFO - [global] Проверяю обновы...
2026-09-15 19:16:42,386 - DEBUG - [global] needs_update: raw → 5.6.21
2026-09-15 19:16:43,416 - DEBUG - [global] needs_update: API GitHub → 5.6.21
2026-09-15 19:16:45,357 - DEBUG - [global] needs_update: jsdelivr → 5.4.1
2026-09-15 19:16:45,357 - DEBUG - [global] needs_update: лучший источник raw → 5.6.21 (из 3)
2026-09-15 19:16:45,359 - INFO - [global] needs_update: local=(5, 6, 21) remote=(5, 6, 21) -> has_update=False
2026-09-15 19:16:45,360 - INFO - [global] Установлена последняя версия бота | 5.6.21
2026-09-15 19:17:07,742 - INFO - [global] LogUploader: запускаю upload_run_logs...
2026-09-15 19:17:07,743 - DEBUG - [global] log_uploader: START window=periodic made=-1 token=...Rjnfq
2026-09-15 19:17:08,802 - DEBUG - [global] _api_put: GET runs/20260915_191707_fail_periodic.log -> 404
2026-09-15 19:17:10,453 - DEBUG - [global] _api_put: PUT runs/20260915_191707_fail_periodic.log -> 201 (10182 bytes)
2026-09-15 19:17:10,457 - DEBUG - [global] log_uploader: STEP 1 (window log) -> https://github.com/StarateJI/L2Mauto/blob/bot-logs/runs/20260915_191707_fail_periodic.log
2026-09-15 19:17:10,458 - DEBUG - [global] log_uploader: STEP 2 SKIP (no PNGs)
2026-09-15 19:17:12,465 - DEBUG - [global] _api_put: GET runs/20260915_191707_fail_global.log -> 404
2026-09-15 19:17:15,085 - DEBUG - [global] _api_put: PUT runs/20260915_191707_fail_global.log -> 409 (21303 bytes)
2026-09-15 19:17:15,085 - WARNING - [global] _api_put: PUT failed body: {"message":"is at c468c4b483a30c3166c3f85a0b75672e47e83066 but expected 865636eb73cc952c6a13dc5ee409d5c97727f364","documentation_url":"https://docs.github.com/rest/repos/contents#create-or-update-file
2026-09-15 19:17:15,087 - DEBUG - [global] log_uploader: STEP 3 (global log) -> FAILED
2026-09-15 19:17:15,087 - DEBUG - [global] log_uploader: END window=periodic
2026-09-15 19:17:15,087 - INFO - [global] LogUploader: upload_run_logs завершён
2026-09-15 19:17:15,385 - INFO - [global] Проверяю обновы...
2026-09-15 19:17:16,566 - DEBUG - [global] needs_update: raw → 5.6.21
2026-09-15 19:17:18,276 - DEBUG - [global] needs_update: API GitHub → 5.6.21
2026-09-15 19:17:19,185 - DEBUG - [global] needs_update: jsdelivr → 5.4.1
2026-09-15 19:17:19,185 - DEBUG - [global] needs_update: лучший источник raw → 5.6.21 (из 3)
2026-09-15 19:17:19,187 - INFO - [global] needs_update: local=(5, 6, 21) remote=(5, 6, 21) -> has_update=False
2026-09-15 19:17:19,188 - INFO - [global] Установлена последняя версия бота | 5.6.21
2026-09-15 19:17:49,230 - INFO - [global] Проверяю обновы...
2026-09-15 19:17:50,009 - INFO - [global] [-BaseProfile-] Остановил слушалку
2026-09-15 19:17:50,076 - DEBUG - [global] needs_update: raw → 5.6.21
2026-09-15 19:17:52,209 - DEBUG - [global] needs_update: API GitHub → 5.6.21
2026-09-15 19:17:53,054 - DEBUG - [global] needs_update: jsdelivr → 5.4.1
2026-09-15 19:17:53,054 - DEBUG - [global] needs_update: лучший источник raw → 5.6.21 (из 3)
2026-09-15 19:17:53,057 - INFO - [global] needs_update: local=(5, 6, 21) remote=(5, 6, 21) -> has_update=False
2026-09-15 19:17:53,058 - INFO - [global] Установлена последняя версия бота | 5.6.21
2026-09-15 19:18:10,498 - INFO - [global] Ошибка отправки в тг | 380371690 | HTTP Client says - ClientConnectorError: Cannot connect to host api.telegram.org:443 ssl:default [Превышен таймаут семафора]
2026-09-15 19:18:15,171 - INFO - [global] LogUploader: запускаю upload_run_logs...
2026-09-15 19:18:15,172 - DEBUG - [global] log_uploader: START window=periodic made=-1 token=...Rjnfq
2026-09-15 19:18:16,101 - DEBUG - [global] _api_put: GET runs/20260915_191815_fail_periodic.log -> 404
2026-09-15 19:18:18,516 - DEBUG - [global] _api_put: PUT runs/20260915_191815_fail_periodic.log -> 201 (10182 bytes)
2026-09-15 19:18:18,519 - DEBUG - [global] log_uploader: STEP 1 (window log) -> https://github.com/StarateJI/L2Mauto/blob/bot-logs/runs/20260915_191815_fail_periodic.log
2026-09-15 19:18:18,520 - DEBUG - [global] log_uploader: STEP 2 SKIP (no PNGs)
