=== Log tail 2026-09-15T06:32:06.767303 | last 200 lines ===
2026-09-15 06:23:24,223 - DEBUG - [global] _api_put: GET runs/20260915_062320_fail_global.log -> 404
2026-09-15 06:23:26,162 - DEBUG - [global] _api_put: PUT runs/20260915_062320_fail_global.log -> 201 (21949 bytes)
2026-09-15 06:23:26,165 - DEBUG - [global] log_uploader: STEP 3 (global log) -> https://github.com/StarateJI/L2Mauto/blob/bot-logs/runs/20260915_062320_fail_global.log
2026-09-15 06:23:26,165 - DEBUG - [global] log_uploader: END window=periodic
2026-09-15 06:23:26,165 - INFO - [global] LogUploader: upload_run_logs завершён
2026-09-15 06:23:39,767 - INFO - [global] Проверяю обновы...
2026-09-15 06:23:40,622 - DEBUG - [global] needs_update: raw → 5.4.1
2026-09-15 06:23:41,506 - DEBUG - [global] needs_update: API failed: HTTPError: 403 Client Error: rate limit exceeded for url: https://api.github.com/repos/StarateJI/L2Mauto/contents/bot/version.txt?ref=main
2026-09-15 06:23:42,460 - DEBUG - [global] needs_update: jsdelivr → 5.2.2
2026-09-15 06:23:42,460 - DEBUG - [global] needs_update: лучший источник raw → 5.4.1 (из 2)
2026-09-15 06:23:42,464 - INFO - [global] needs_update: local=(5, 4, 1) remote=(5, 4, 1) -> has_update=False
2026-09-15 06:23:42,464 - INFO - [global] Установлена последняя версия бота | 5.4.1
2026-09-15 06:24:12,484 - INFO - [global] Проверяю обновы...
2026-09-15 06:24:13,336 - DEBUG - [global] needs_update: raw → 5.4.1
2026-09-15 06:24:14,204 - DEBUG - [global] needs_update: API failed: HTTPError: 403 Client Error: rate limit exceeded for url: https://api.github.com/repos/StarateJI/L2Mauto/contents/bot/version.txt?ref=main
2026-09-15 06:24:15,073 - DEBUG - [global] needs_update: jsdelivr → 5.2.2
2026-09-15 06:24:15,073 - DEBUG - [global] needs_update: лучший источник raw → 5.4.1 (из 2)
2026-09-15 06:24:15,077 - INFO - [global] needs_update: local=(5, 4, 1) remote=(5, 4, 1) -> has_update=False
2026-09-15 06:24:15,078 - INFO - [global] Установлена последняя версия бота | 5.4.1
2026-09-15 06:24:26,206 - INFO - [global] LogUploader: запускаю upload_run_logs...
2026-09-15 06:24:26,209 - DEBUG - [global] log_uploader: START window=periodic made=-1 token=...Rjnfq
2026-09-15 06:24:27,299 - DEBUG - [global] _api_put: GET runs/20260915_062426_fail_periodic.log -> 404
2026-09-15 06:24:28,817 - DEBUG - [global] _api_put: PUT runs/20260915_062426_fail_periodic.log -> 201 (8836 bytes)
2026-09-15 06:24:28,820 - DEBUG - [global] log_uploader: STEP 1 (window log) -> https://github.com/StarateJI/L2Mauto/blob/bot-logs/runs/20260915_062426_fail_periodic.log
2026-09-15 06:24:28,821 - DEBUG - [global] log_uploader: STEP 2 SKIP (no PNGs)
2026-09-15 06:24:29,869 - DEBUG - [global] _api_put: GET runs/20260915_062426_fail_global.log -> 404
2026-09-15 06:24:31,502 - DEBUG - [global] _api_put: PUT runs/20260915_062426_fail_global.log -> 201 (21949 bytes)
2026-09-15 06:24:31,505 - DEBUG - [global] log_uploader: STEP 3 (global log) -> https://github.com/StarateJI/L2Mauto/blob/bot-logs/runs/20260915_062426_fail_global.log
2026-09-15 06:24:31,505 - DEBUG - [global] log_uploader: END window=periodic
2026-09-15 06:24:31,506 - INFO - [global] LogUploader: upload_run_logs завершён
2026-09-15 06:24:45,100 - INFO - [global] Проверяю обновы...
2026-09-15 06:24:45,986 - DEBUG - [global] needs_update: raw → 5.4.1
2026-09-15 06:24:46,854 - DEBUG - [global] needs_update: API failed: HTTPError: 403 Client Error: rate limit exceeded for url: https://api.github.com/repos/StarateJI/L2Mauto/contents/bot/version.txt?ref=main
2026-09-15 06:24:47,817 - DEBUG - [global] needs_update: jsdelivr → 5.2.2
2026-09-15 06:24:47,817 - DEBUG - [global] needs_update: лучший источник raw → 5.4.1 (из 2)
2026-09-15 06:24:47,820 - INFO - [global] needs_update: local=(5, 4, 1) remote=(5, 4, 1) -> has_update=False
2026-09-15 06:24:47,822 - INFO - [global] Установлена последняя версия бота | 5.4.1
2026-09-15 06:25:17,839 - INFO - [global] Проверяю обновы...
2026-09-15 06:25:18,697 - DEBUG - [global] needs_update: raw → 5.4.1
2026-09-15 06:25:19,520 - DEBUG - [global] needs_update: API failed: HTTPError: 403 Client Error: rate limit exceeded for url: https://api.github.com/repos/StarateJI/L2Mauto/contents/bot/version.txt?ref=main
2026-09-15 06:25:20,344 - DEBUG - [global] needs_update: jsdelivr → 5.2.2
2026-09-15 06:25:20,344 - DEBUG - [global] needs_update: лучший источник raw → 5.4.1 (из 2)
2026-09-15 06:25:20,348 - INFO - [global] needs_update: local=(5, 4, 1) remote=(5, 4, 1) -> has_update=False
2026-09-15 06:25:20,349 - INFO - [global] Установлена последняя версия бота | 5.4.1
2026-09-15 06:25:31,538 - INFO - [global] LogUploader: запускаю upload_run_logs...
2026-09-15 06:25:31,541 - DEBUG - [global] log_uploader: START window=periodic made=-1 token=...Rjnfq
2026-09-15 06:25:32,544 - DEBUG - [global] _api_put: GET runs/20260915_062531_fail_periodic.log -> 404
2026-09-15 06:25:34,121 - DEBUG - [global] _api_put: PUT runs/20260915_062531_fail_periodic.log -> 201 (8836 bytes)
2026-09-15 06:25:34,123 - DEBUG - [global] log_uploader: STEP 1 (window log) -> https://github.com/StarateJI/L2Mauto/blob/bot-logs/runs/20260915_062531_fail_periodic.log
2026-09-15 06:25:34,124 - DEBUG - [global] log_uploader: STEP 2 SKIP (no PNGs)
2026-09-15 06:25:35,167 - DEBUG - [global] _api_put: GET runs/20260915_062531_fail_global.log -> 404
2026-09-15 06:25:36,822 - DEBUG - [global] _api_put: PUT runs/20260915_062531_fail_global.log -> 201 (21949 bytes)
2026-09-15 06:25:36,826 - DEBUG - [global] log_uploader: STEP 3 (global log) -> https://github.com/StarateJI/L2Mauto/blob/bot-logs/runs/20260915_062531_fail_global.log
2026-09-15 06:25:36,826 - DEBUG - [global] log_uploader: END window=periodic
2026-09-15 06:25:36,826 - INFO - [global] LogUploader: upload_run_logs завершён
2026-09-15 06:25:50,368 - INFO - [global] Проверяю обновы...
2026-09-15 06:25:51,368 - DEBUG - [global] needs_update: raw → 5.4.1
2026-09-15 06:25:52,191 - DEBUG - [global] needs_update: API failed: HTTPError: 403 Client Error: rate limit exceeded for url: https://api.github.com/repos/StarateJI/L2Mauto/contents/bot/version.txt?ref=main
2026-09-15 06:25:53,087 - DEBUG - [global] needs_update: jsdelivr → 5.2.2
2026-09-15 06:25:53,088 - DEBUG - [global] needs_update: лучший источник raw → 5.4.1 (из 2)
2026-09-15 06:25:53,090 - INFO - [global] needs_update: local=(5, 4, 1) remote=(5, 4, 1) -> has_update=False
2026-09-15 06:25:53,091 - INFO - [global] Установлена последняя версия бота | 5.4.1
2026-09-15 06:26:23,131 - INFO - [global] Проверяю обновы...
2026-09-15 06:26:24,003 - DEBUG - [global] needs_update: raw → 5.4.1
2026-09-15 06:26:24,863 - DEBUG - [global] needs_update: API failed: HTTPError: 403 Client Error: rate limit exceeded for url: https://api.github.com/repos/StarateJI/L2Mauto/contents/bot/version.txt?ref=main
2026-09-15 06:26:25,739 - DEBUG - [global] needs_update: jsdelivr → 5.2.2
2026-09-15 06:26:25,739 - DEBUG - [global] needs_update: лучший источник raw → 5.4.1 (из 2)
2026-09-15 06:26:25,742 - INFO - [global] needs_update: local=(5, 4, 1) remote=(5, 4, 1) -> has_update=False
2026-09-15 06:26:25,743 - INFO - [global] Установлена последняя версия бота | 5.4.1
2026-09-15 06:26:36,865 - INFO - [global] LogUploader: запускаю upload_run_logs...
2026-09-15 06:26:36,867 - DEBUG - [global] log_uploader: START window=periodic made=-1 token=...Rjnfq
2026-09-15 06:26:37,976 - DEBUG - [global] _api_put: GET runs/20260915_062636_fail_periodic.log -> 404
2026-09-15 06:26:39,470 - DEBUG - [global] _api_put: PUT runs/20260915_062636_fail_periodic.log -> 201 (8836 bytes)
2026-09-15 06:26:39,471 - DEBUG - [global] log_uploader: STEP 1 (window log) -> https://github.com/StarateJI/L2Mauto/blob/bot-logs/runs/20260915_062636_fail_periodic.log
2026-09-15 06:26:39,473 - DEBUG - [global] log_uploader: STEP 2 SKIP (no PNGs)
2026-09-15 06:26:40,523 - DEBUG - [global] _api_put: GET runs/20260915_062636_fail_global.log -> 404
2026-09-15 06:26:42,312 - DEBUG - [global] _api_put: PUT runs/20260915_062636_fail_global.log -> 201 (21949 bytes)
2026-09-15 06:26:42,316 - DEBUG - [global] log_uploader: STEP 3 (global log) -> https://github.com/StarateJI/L2Mauto/blob/bot-logs/runs/20260915_062636_fail_global.log
2026-09-15 06:26:42,316 - DEBUG - [global] log_uploader: END window=periodic
2026-09-15 06:26:42,316 - INFO - [global] LogUploader: upload_run_logs завершён
2026-09-15 06:26:55,762 - INFO - [global] Проверяю обновы...
2026-09-15 06:26:56,657 - DEBUG - [global] needs_update: raw → 5.4.1
2026-09-15 06:26:57,550 - DEBUG - [global] needs_update: API failed: HTTPError: 403 Client Error: rate limit exceeded for url: https://api.github.com/repos/StarateJI/L2Mauto/contents/bot/version.txt?ref=main
2026-09-15 06:26:58,530 - DEBUG - [global] needs_update: jsdelivr → 5.2.2
2026-09-15 06:26:58,530 - DEBUG - [global] needs_update: лучший источник raw → 5.4.1 (из 2)
2026-09-15 06:26:58,533 - INFO - [global] needs_update: local=(5, 4, 1) remote=(5, 4, 1) -> has_update=False
2026-09-15 06:26:58,534 - INFO - [global] Установлена последняя версия бота | 5.4.1
2026-09-15 06:27:28,558 - INFO - [global] Проверяю обновы...
2026-09-15 06:27:29,429 - DEBUG - [global] needs_update: raw → 5.4.1
2026-09-15 06:27:30,313 - DEBUG - [global] needs_update: API failed: HTTPError: 403 Client Error: rate limit exceeded for url: https://api.github.com/repos/StarateJI/L2Mauto/contents/bot/version.txt?ref=main
2026-09-15 06:27:31,204 - DEBUG - [global] needs_update: jsdelivr → 5.2.2
2026-09-15 06:27:31,204 - DEBUG - [global] needs_update: лучший источник raw → 5.4.1 (из 2)
2026-09-15 06:27:31,207 - INFO - [global] needs_update: local=(5, 4, 1) remote=(5, 4, 1) -> has_update=False
2026-09-15 06:27:31,208 - INFO - [global] Установлена последняя версия бота | 5.4.1
2026-09-15 06:27:42,381 - INFO - [global] LogUploader: запускаю upload_run_logs...
2026-09-15 06:27:42,382 - DEBUG - [global] log_uploader: START window=periodic made=-1 token=...Rjnfq
2026-09-15 06:27:43,496 - DEBUG - [global] _api_put: GET runs/20260915_062742_fail_periodic.log -> 404
2026-09-15 06:27:45,066 - DEBUG - [global] _api_put: PUT runs/20260915_062742_fail_periodic.log -> 201 (8836 bytes)
2026-09-15 06:27:45,070 - DEBUG - [global] log_uploader: STEP 1 (window log) -> https://github.com/StarateJI/L2Mauto/blob/bot-logs/runs/20260915_062742_fail_periodic.log
2026-09-15 06:27:45,070 - DEBUG - [global] log_uploader: STEP 2 SKIP (no PNGs)
2026-09-15 06:27:46,143 - DEBUG - [global] _api_put: GET runs/20260915_062742_fail_global.log -> 404
2026-09-15 06:27:47,877 - DEBUG - [global] _api_put: PUT runs/20260915_062742_fail_global.log -> 201 (21949 bytes)
2026-09-15 06:27:47,881 - DEBUG - [global] log_uploader: STEP 3 (global log) -> https://github.com/StarateJI/L2Mauto/blob/bot-logs/runs/20260915_062742_fail_global.log
2026-09-15 06:27:47,881 - DEBUG - [global] log_uploader: END window=periodic
2026-09-15 06:27:47,881 - INFO - [global] LogUploader: upload_run_logs завершён
2026-09-15 06:28:01,230 - INFO - [global] Проверяю обновы...
2026-09-15 06:28:02,105 - DEBUG - [global] needs_update: raw → 5.4.1
2026-09-15 06:28:02,967 - DEBUG - [global] needs_update: API failed: HTTPError: 403 Client Error: rate limit exceeded for url: https://api.github.com/repos/StarateJI/L2Mauto/contents/bot/version.txt?ref=main
2026-09-15 06:28:03,836 - DEBUG - [global] needs_update: jsdelivr → 5.2.2
2026-09-15 06:28:03,836 - DEBUG - [global] needs_update: лучший источник raw → 5.4.1 (из 2)
2026-09-15 06:28:03,839 - INFO - [global] needs_update: local=(5, 4, 1) remote=(5, 4, 1) -> has_update=False
2026-09-15 06:28:03,840 - INFO - [global] Установлена последняя версия бота | 5.4.1
2026-09-15 06:28:33,865 - INFO - [global] Проверяю обновы...
2026-09-15 06:28:34,728 - DEBUG - [global] needs_update: raw → 5.4.1
2026-09-15 06:28:35,538 - DEBUG - [global] needs_update: API failed: HTTPError: 403 Client Error: rate limit exceeded for url: https://api.github.com/repos/StarateJI/L2Mauto/contents/bot/version.txt?ref=main
2026-09-15 06:28:36,372 - DEBUG - [global] needs_update: jsdelivr → 5.2.2
2026-09-15 06:28:36,372 - DEBUG - [global] needs_update: лучший источник raw → 5.4.1 (из 2)
2026-09-15 06:28:36,375 - INFO - [global] needs_update: local=(5, 4, 1) remote=(5, 4, 1) -> has_update=False
2026-09-15 06:28:36,376 - INFO - [global] Установлена последняя версия бота | 5.4.1
2026-09-15 06:28:47,928 - INFO - [global] LogUploader: запускаю upload_run_logs...
2026-09-15 06:28:47,930 - DEBUG - [global] log_uploader: START window=periodic made=-1 token=...Rjnfq
2026-09-15 06:28:49,023 - DEBUG - [global] _api_put: GET runs/20260915_062847_fail_periodic.log -> 404
2026-09-15 06:28:50,517 - DEBUG - [global] _api_put: PUT runs/20260915_062847_fail_periodic.log -> 201 (8836 bytes)
2026-09-15 06:28:50,519 - DEBUG - [global] log_uploader: STEP 1 (window log) -> https://github.com/StarateJI/L2Mauto/blob/bot-logs/runs/20260915_062847_fail_periodic.log
2026-09-15 06:28:50,520 - DEBUG - [global] log_uploader: STEP 2 SKIP (no PNGs)
2026-09-15 06:28:51,594 - DEBUG - [global] _api_put: GET runs/20260915_062847_fail_global.log -> 404
2026-09-15 06:28:53,353 - DEBUG - [global] _api_put: PUT runs/20260915_062847_fail_global.log -> 201 (21949 bytes)
2026-09-15 06:28:53,355 - DEBUG - [global] log_uploader: STEP 3 (global log) -> https://github.com/StarateJI/L2Mauto/blob/bot-logs/runs/20260915_062847_fail_global.log
2026-09-15 06:28:53,356 - DEBUG - [global] log_uploader: END window=periodic
2026-09-15 06:28:53,356 - INFO - [global] LogUploader: upload_run_logs завершён
2026-09-15 06:29:06,401 - INFO - [global] Проверяю обновы...
2026-09-15 06:29:07,268 - DEBUG - [global] needs_update: raw → 5.4.1
2026-09-15 06:29:08,115 - DEBUG - [global] needs_update: API failed: HTTPError: 403 Client Error: rate limit exceeded for url: https://api.github.com/repos/StarateJI/L2Mauto/contents/bot/version.txt?ref=main
2026-09-15 06:29:09,034 - DEBUG - [global] needs_update: jsdelivr → 5.2.2
2026-09-15 06:29:09,035 - DEBUG - [global] needs_update: лучший источник raw → 5.4.1 (из 2)
2026-09-15 06:29:09,037 - INFO - [global] needs_update: local=(5, 4, 1) remote=(5, 4, 1) -> has_update=False
2026-09-15 06:29:09,038 - INFO - [global] Установлена последняя версия бота | 5.4.1
2026-09-15 06:29:39,057 - INFO - [global] Проверяю обновы...
2026-09-15 06:29:39,928 - DEBUG - [global] needs_update: raw → 5.4.1
2026-09-15 06:29:40,767 - DEBUG - [global] needs_update: API failed: HTTPError: 403 Client Error: rate limit exceeded for url: https://api.github.com/repos/StarateJI/L2Mauto/contents/bot/version.txt?ref=main
2026-09-15 06:29:41,620 - DEBUG - [global] needs_update: jsdelivr → 5.2.2
2026-09-15 06:29:41,620 - DEBUG - [global] needs_update: лучший источник raw → 5.4.1 (из 2)
2026-09-15 06:29:41,623 - INFO - [global] needs_update: local=(5, 4, 1) remote=(5, 4, 1) -> has_update=False
2026-09-15 06:29:41,623 - INFO - [global] Установлена последняя версия бота | 5.4.1
2026-09-15 06:29:53,403 - INFO - [global] LogUploader: запускаю upload_run_logs...
2026-09-15 06:29:53,405 - DEBUG - [global] log_uploader: START window=periodic made=-1 token=...Rjnfq
2026-09-15 06:29:54,461 - DEBUG - [global] _api_put: GET runs/20260915_062953_fail_periodic.log -> 404
2026-09-15 06:29:55,983 - DEBUG - [global] _api_put: PUT runs/20260915_062953_fail_periodic.log -> 201 (8836 bytes)
2026-09-15 06:29:55,986 - DEBUG - [global] log_uploader: STEP 1 (window log) -> https://github.com/StarateJI/L2Mauto/blob/bot-logs/runs/20260915_062953_fail_periodic.log
2026-09-15 06:29:55,988 - DEBUG - [global] log_uploader: STEP 2 SKIP (no PNGs)
2026-09-15 06:29:57,036 - DEBUG - [global] _api_put: GET runs/20260915_062953_fail_global.log -> 404
2026-09-15 06:29:58,695 - DEBUG - [global] _api_put: PUT runs/20260915_062953_fail_global.log -> 201 (21949 bytes)
2026-09-15 06:29:58,698 - DEBUG - [global] log_uploader: STEP 3 (global log) -> https://github.com/StarateJI/L2Mauto/blob/bot-logs/runs/20260915_062953_fail_global.log
2026-09-15 06:29:58,698 - DEBUG - [global] log_uploader: END window=periodic
2026-09-15 06:29:58,699 - INFO - [global] LogUploader: upload_run_logs завершён
2026-09-15 06:30:11,646 - INFO - [global] Проверяю обновы...
2026-09-15 06:30:12,523 - DEBUG - [global] needs_update: raw → 5.4.1
2026-09-15 06:30:13,378 - DEBUG - [global] needs_update: API failed: HTTPError: 403 Client Error: rate limit exceeded for url: https://api.github.com/repos/StarateJI/L2Mauto/contents/bot/version.txt?ref=main
2026-09-15 06:30:14,272 - DEBUG - [global] needs_update: jsdelivr → 5.2.2
2026-09-15 06:30:14,273 - DEBUG - [global] needs_update: лучший источник raw → 5.4.1 (из 2)
2026-09-15 06:30:14,276 - INFO - [global] needs_update: local=(5, 4, 1) remote=(5, 4, 1) -> has_update=False
2026-09-15 06:30:14,276 - INFO - [global] Установлена последняя версия бота | 5.4.1
2026-09-15 06:30:44,298 - INFO - [global] Проверяю обновы...
2026-09-15 06:30:45,175 - DEBUG - [global] needs_update: raw → 5.4.1
2026-09-15 06:30:46,007 - DEBUG - [global] needs_update: API failed: HTTPError: 403 Client Error: rate limit exceeded for url: https://api.github.com/repos/StarateJI/L2Mauto/contents/bot/version.txt?ref=main
2026-09-15 06:30:46,849 - DEBUG - [global] needs_update: jsdelivr → 5.2.2
2026-09-15 06:30:46,849 - DEBUG - [global] needs_update: лучший источник raw → 5.4.1 (из 2)
2026-09-15 06:30:46,851 - INFO - [global] needs_update: local=(5, 4, 1) remote=(5, 4, 1) -> has_update=False
2026-09-15 06:30:46,853 - INFO - [global] Установлена последняя версия бота | 5.4.1
2026-09-15 06:30:58,754 - INFO - [global] LogUploader: запускаю upload_run_logs...
2026-09-15 06:30:58,756 - DEBUG - [global] log_uploader: START window=periodic made=-1 token=...Rjnfq
2026-09-15 06:30:59,837 - DEBUG - [global] _api_put: GET runs/20260915_063058_fail_periodic.log -> 404
2026-09-15 06:31:01,351 - DEBUG - [global] _api_put: PUT runs/20260915_063058_fail_periodic.log -> 201 (8836 bytes)
2026-09-15 06:31:01,354 - DEBUG - [global] log_uploader: STEP 1 (window log) -> https://github.com/StarateJI/L2Mauto/blob/bot-logs/runs/20260915_063058_fail_periodic.log
2026-09-15 06:31:01,355 - DEBUG - [global] log_uploader: STEP 2 SKIP (no PNGs)
2026-09-15 06:31:02,424 - DEBUG - [global] _api_put: GET runs/20260915_063058_fail_global.log -> 404
2026-09-15 06:31:04,114 - DEBUG - [global] _api_put: PUT runs/20260915_063058_fail_global.log -> 201 (21949 bytes)
2026-09-15 06:31:04,117 - DEBUG - [global] log_uploader: STEP 3 (global log) -> https://github.com/StarateJI/L2Mauto/blob/bot-logs/runs/20260915_063058_fail_global.log
2026-09-15 06:31:04,117 - DEBUG - [global] log_uploader: END window=periodic
2026-09-15 06:31:04,117 - INFO - [global] LogUploader: upload_run_logs завершён
2026-09-15 06:31:16,875 - INFO - [global] Проверяю обновы...
2026-09-15 06:31:17,729 - DEBUG - [global] needs_update: raw → 5.4.1
2026-09-15 06:31:18,578 - DEBUG - [global] needs_update: API failed: HTTPError: 403 Client Error: rate limit exceeded for url: https://api.github.com/repos/StarateJI/L2Mauto/contents/bot/version.txt?ref=main
2026-09-15 06:31:19,494 - DEBUG - [global] needs_update: jsdelivr → 5.2.2
2026-09-15 06:31:19,495 - DEBUG - [global] needs_update: лучший источник raw → 5.4.1 (из 2)
2026-09-15 06:31:19,497 - INFO - [global] needs_update: local=(5, 4, 1) remote=(5, 4, 1) -> has_update=False
2026-09-15 06:31:19,498 - INFO - [global] Установлена последняя версия бота | 5.4.1
2026-09-15 06:31:49,517 - INFO - [global] Проверяю обновы...
2026-09-15 06:31:50,387 - DEBUG - [global] needs_update: raw → 5.4.1
2026-09-15 06:31:51,251 - DEBUG - [global] needs_update: API failed: HTTPError: 403 Client Error: rate limit exceeded for url: https://api.github.com/repos/StarateJI/L2Mauto/contents/bot/version.txt?ref=main
2026-09-15 06:31:52,116 - DEBUG - [global] needs_update: jsdelivr → 5.2.2
2026-09-15 06:31:52,116 - DEBUG - [global] needs_update: лучший источник raw → 5.4.1 (из 2)
2026-09-15 06:31:52,119 - INFO - [global] needs_update: local=(5, 4, 1) remote=(5, 4, 1) -> has_update=False
2026-09-15 06:31:52,120 - INFO - [global] Установлена последняя версия бота | 5.4.1
2026-09-15 06:32:04,165 - INFO - [global] LogUploader: запускаю upload_run_logs...
2026-09-15 06:32:04,167 - DEBUG - [global] log_uploader: START window=periodic made=-1 token=...Rjnfq
2026-09-15 06:32:05,230 - DEBUG - [global] _api_put: GET runs/20260915_063204_fail_periodic.log -> 404
2026-09-15 06:32:06,742 - DEBUG - [global] _api_put: PUT runs/20260915_063204_fail_periodic.log -> 201 (8836 bytes)
2026-09-15 06:32:06,745 - DEBUG - [global] log_uploader: STEP 1 (window log) -> https://github.com/StarateJI/L2Mauto/blob/bot-logs/runs/20260915_063204_fail_periodic.log
2026-09-15 06:32:06,746 - DEBUG - [global] log_uploader: STEP 2 SKIP (no PNGs)
