=== Log tail 2026-09-29T16:31:39.940555 | last 500 lines ===
2026-09-26 09:38:11,785 - INFO - [IQO] Находимся в энергорежиме
2026-09-26 09:38:15,671 - INFO - [IQO] Аук: запущен relist (снять+найти+поставить)
2026-09-26 09:38:17,485 - INFO - [IQO] Не находимся в энерго
2026-09-26 09:38:23,448 - INFO - [IQO] Аук: загрузился
2026-09-26 09:38:23,454 - INFO - [IQO] Аук: сохранил позицию окна до resize: (400,835) 400x225
2026-09-26 09:38:23,477 - INFO - [IQO] Аук: выбрал позицию (960, 40) (занято: {(0, 40)})
2026-09-26 09:38:25,162 - INFO - [IQO] Аук: окно в рабочем размере (попытка 1) на (960,40)
2026-09-26 09:38:30,901 - INFO - [IQO] Аук: вкладка Продажа открыта
2026-09-26 09:38:30,901 - WARNING - [IQO] Аук: не удалось сохранить фулл-скрин au_after_tab_sell.png: '_thread._local' object has no attribute 'srcdc'
2026-09-26 09:38:30,901 - INFO - [IQO] Аук: предмет 1/10
2026-09-26 09:38:30,918 - INFO - [IQO] Аук: сохранён au_lot_zone.png
2026-09-26 09:38:30,919 - INFO - [IQO] Аук: сохранён au_sample.png
2026-09-26 09:38:30,921 - INFO - [IQO] Аук: SIFT образец (лот): 0 точек
2026-09-26 09:38:31,307 - DEBUG - [IQO] Аук: статус лота Tesseract: '‘т'
2026-09-26 09:38:31,307 - DEBUG - [IQO] Аук: статус зелёных пикселей: 0 (0.00%)
2026-09-26 09:38:31,307 - INFO - [IQO] Аук: образец лота пустой (нет иконки) — список лотов пуст. Завершаю прогон (не ошибка).
2026-09-26 09:38:31,307 - INFO - [IQO] Аук: лотов больше нет на странице (предмет 1)
2026-09-26 09:38:34,581 - INFO - [IQO] Аук: аук закрыт
2026-09-26 09:38:35,241 - INFO - [IQO] Аук: окно возвращено 400x225 на (400,835)
2026-09-26 09:38:37,068 - INFO - [IQO] Не находимся в энерго
2026-09-26 09:38:43,217 - INFO - [IQO] Находимся в энергорежиме
2026-09-26 09:38:43,217 - INFO - [IQO] Аук: окно уложено спать
2026-09-26 09:38:43,217 - WARNING - [IQO] Аук: не удалось сохранить фулл-скрин au_final_fullscreen.png: '_thread._local' object has no attribute 'srcdc'
2026-09-26 09:38:43,217 - INFO - [IQO] Аук: нечего переставлять (все лоты в «Продаётся» или список пуст)
2026-09-26 09:38:43,218 - DEBUG - [IQO] Аук: log_uploader запущен в фоне
2026-09-26 09:38:43,218 - INFO - [IQO] Шось сломалось либо не смог перевыставить аук
2026-09-26 09:38:53,351 - INFO - [IQO] main_loop завершился
2026-09-26 13:22:53,691 - INFO - [IQO] Запуск Scheduler профиля
2026-09-26 13:22:53,715 - INFO - [IQO] Находимся в энергорежиме
2026-09-26 13:22:53,715 - INFO - [IQO] Был в энерго, вырубаю перед запуском Шедули
2026-09-26 13:23:02,180 - INFO - [IQO] Schedule запущен, жду 40 сек (окно само летит в город и закупается)
2026-09-26 13:23:48,315 - INFO - [IQO] Находимся в энергорежиме
2026-09-26 13:23:48,316 - INFO - [IQO] Энерго подтверждён (попытка 1)
2026-09-26 13:23:48,316 - INFO - [IQO] Энерго включён, профиль завершён
2026-09-26 13:23:48,316 - INFO - [IQO] main_loop завершился
2026-09-26 20:36:30,987 - INFO - [IQO] Находимся в энергорежиме
2026-09-26 20:36:39,988 - INFO - [IQO] Не нашел красной точки, скипаю
2026-09-26 20:36:39,988 - INFO - [IQO] Нет новых дейлик или не удалось собрать
2026-09-26 20:36:41,807 - INFO - [IQO] Не находимся в энерго
2026-09-26 20:36:44,446 - INFO - [IQO] Нашел почту
2026-09-26 20:36:50,024 - INFO - [IQO] Лимит опыта, ливнул
2026-09-26 20:36:50,801 - INFO - [IQO] Нет новых почта или не удалось собрать
2026-09-26 20:36:52,605 - INFO - [IQO] Не находимся в энерго
2026-09-26 20:36:57,623 - INFO - [IQO] Нет красной точки на иконке достижений
2026-09-26 20:36:57,623 - INFO - [IQO] Нет новых ачивы или не удалось собрать
2026-09-26 20:36:59,457 - INFO - [IQO] Не находимся в энерго
2026-09-26 20:37:02,123 - INFO - [IQO] Нет красной точки клана
2026-09-26 20:37:02,123 - INFO - [IQO] Нет новых клан или не удалось собрать
2026-09-26 20:37:03,941 - INFO - [IQO] Не находимся в энерго
2026-09-26 20:37:06,860 - INFO - [IQO] Нашел сбор альянса, жму
2026-09-26 20:37:11,821 - INFO - [IQO] Не нашел alliance_donate_2_button
2026-09-26 20:37:13,902 - INFO - [IQO] Нет новых альянс или не удалось собрать
2026-09-26 20:37:15,723 - INFO - [IQO] Не находимся в энерго
2026-09-26 20:37:21,505 - INFO - [IQO] Батлпасса нет, собирать не будем
2026-09-26 20:37:21,505 - INFO - [IQO] Нет новых пасс или не удалось собрать
2026-09-26 20:37:23,320 - INFO - [IQO] Не находимся в энерго
2026-09-26 20:37:34,633 - INFO - [IQO] Чет пошло не так, skip!
2026-09-26 20:37:40,651 - INFO - [IQO] Чет пошло не так, skip!
2026-09-26 20:37:43,006 - INFO - [IQO] Шоп успешно собран
2026-09-26 20:37:44,822 - INFO - [IQO] Не находимся в энерго
2026-09-26 20:37:54,910 - INFO - [IQO] main_loop завершился
2026-09-27 07:25:46,550 - INFO - [IQO] Запуск Scheduler профиля
2026-09-27 07:25:46,584 - INFO - [IQO] Находимся в энергорежиме
2026-09-27 07:25:46,584 - INFO - [IQO] Был в энерго, вырубаю перед запуском Шедули
2026-09-27 07:25:55,129 - INFO - [IQO] Schedule запущен, жду 40 сек (окно само летит в город и закупается)
2026-09-27 07:26:41,271 - INFO - [IQO] Находимся в энергорежиме
2026-09-27 07:26:41,271 - INFO - [IQO] Энерго подтверждён (попытка 1)
2026-09-27 07:26:41,271 - INFO - [IQO] Энерго включён, профиль завершён
2026-09-27 07:26:41,271 - INFO - [IQO] main_loop завершился
2026-09-27 09:13:28,436 - INFO - [IQO] Находимся в энергорежиме
2026-09-27 09:13:40,702 - INFO - [IQO] Ищем вкладки
2026-09-27 09:13:42,716 - INFO - [IQO] Перешел на вкладку: (381, 34)
2026-09-27 09:13:44,092 - INFO - [IQO] Собираю награду тут: (302, 101)
2026-09-27 09:13:50,371 - INFO - [IQO] Перешел на вкладку: (381, 59)
2026-09-27 09:13:51,757 - INFO - [IQO] Собираю награду тут: (302, 101)
2026-09-27 09:13:56,319 - INFO - [IQO] Всего собрано: 2
2026-09-27 09:13:56,320 - INFO - [IQO] Дейлик успешно собран
2026-09-27 09:13:58,121 - INFO - [IQO] Не находимся в энерго
2026-09-27 09:14:01,188 - INFO - [IQO] Нашел почту
2026-09-27 09:14:08,294 - INFO - [IQO] Почта собрана
2026-09-27 09:14:08,803 - INFO - [IQO] Почта успешно собран
2026-09-27 09:14:10,604 - INFO - [IQO] Не находимся в энерго
2026-09-27 09:14:15,606 - INFO - [IQO] Нет красной точки на иконке достижений
2026-09-27 09:14:15,606 - INFO - [IQO] Нет новых ачивы или не удалось собрать
2026-09-27 09:14:17,421 - INFO - [IQO] Не находимся в энерго
2026-09-27 09:14:18,983 - INFO - [IQO] Нашел сбор клана
2026-09-27 09:14:29,770 - INFO - [IQO] Клан успешно собран
2026-09-27 09:14:31,587 - INFO - [IQO] Не находимся в энерго
2026-09-27 09:14:35,141 - INFO - [IQO] Нашел сбор альянса, жму
2026-09-27 09:14:41,270 - INFO - [IQO] Альянс успешно собран
2026-09-27 09:14:43,075 - INFO - [IQO] Не находимся в энерго
2026-09-27 09:14:46,101 - INFO - [IQO] Нашел бп
2026-09-27 09:14:47,591 - INFO - [IQO] Пробую чекнуть вкладочки бп
2026-09-27 09:14:48,098 - INFO - [IQO] {'left': 400, 'top': 860, 'width': 400, 'height': 1}
2026-09-27 09:14:48,105 - INFO - [IQO] [155]
2026-09-27 09:14:48,105 - INFO - [IQO] final [['155, 25', 'no']]
2026-09-27 09:14:48,105 - INFO - [IQO] Обнаружил вкладок бп: 1, начинаю чекать...
2026-09-27 09:14:49,889 - INFO - [IQO] Подвкладок найдено: 1
2026-09-27 09:14:51,172 - INFO - [IQO] Собираю награду [1.1]
2026-09-27 09:14:54,920 - INFO - [IQO] Нет наград во вкладке 1, под 1
2026-09-27 09:14:57,754 - INFO - [IQO] Собирать нечего, проверяю следующую вкладку
2026-09-27 09:14:57,754 - INFO - [IQO] Закрываю баттл пасс
2026-09-27 09:15:00,008 - INFO - [IQO] Пасс успешно собран
2026-09-27 09:15:01,823 - INFO - [IQO] Не находимся в энерго
2026-09-27 09:15:29,022 - INFO - [IQO] Что-то пошло не так, не трогаю окно, зырь в него
2026-09-27 09:15:29,022 - INFO - [IQO] Нет новых шоп или не удалось собрать
2026-09-27 09:15:30,823 - INFO - [IQO] Не находимся в энерго
2026-09-27 09:15:35,754 - INFO - [IQO] Вылезла обычная реклама, закрыл гадость
2026-09-27 09:15:36,572 - INFO - [IQO] После энерго: закрыл рекламный баннер (проверка 1/3)
2026-09-27 09:15:41,842 - INFO - [IQO] main_loop завершился
2026-09-27 10:47:13,517 - INFO - [IQO] Данги: окно wx=400 wy=835 400x225
2026-09-27 10:47:13,536 - INFO - [IQO] Находимся в энергорежиме
2026-09-27 10:47:20,309 - INFO - [IQO] Не находимся в энерго
2026-09-27 10:47:20,310 - INFO - [IQO] _wake_up: вышли из сна с попытки 1
2026-09-27 10:47:23,862 - INFO - [IQO] Данги: меню подземелий открыто
2026-09-27 10:47:23,890 - INFO - [IQO] Данги: сохранён blessed_menu_opened.png -> C:\Users\PC\Desktop\L2Mauto\profiles\Dungeon\blessed_menu_opened.png
2026-09-27 10:47:23,913 - INFO - [IQO] Данги: сохранён blessed_scroll_00.png -> C:\Users\PC\Desktop\L2Mauto\profiles\Dungeon\blessed_scroll_00.png
2026-09-27 10:47:26,011 - DEBUG - [IQO] Данги OCR: '$ | * | родных | мунным | кролькоя | давент. | vent | tees | los | . | “бросив | е... | р | :: | а |'
2026-09-27 10:47:26,011 - DEBUG - [IQO] Данги: попытка 1/15 — OCR=нет
2026-09-27 10:47:28,714 - DEBUG - [IQO] Данги OCR: 'т | :. | . | око | pees | о | с | etal | pan | а: | ceccem | pamonsiso | ee | 2%: | -. | 2 | mpa | r'
2026-09-27 10:47:28,714 - DEBUG - [IQO] Данги: попытка 2/15 — OCR=нет
2026-09-27 10:47:31,771 - DEBUG - [IQO] Данги OCR: '5$ | , | ie | позоренный | sanaa | rue | #5: | а | > | i | cage | emer | nti00 | a | a | храм | pece'
2026-09-27 10:47:31,771 - DEBUG - [IQO] Данги: попытка 3/15 — OCR=нет
2026-09-27 10:47:33,816 - INFO - [IQO] Данги: сохранён blessed_scroll_03.png -> C:\Users\PC\Desktop\L2Mauto\profiles\Dungeon\blessed_scroll_03.png
2026-09-27 10:47:34,910 - DEBUG - [IQO] Данги OCR: 'oy | в | и | ee | к | нь | spree | mene | oman | 8 | хром | рассвета | pr | зеленые | ae | лень | у '
2026-09-27 10:47:36,081 - DEBUG - [IQO] Данги: попытка 4/15 — OCR=да
2026-09-27 10:47:36,081 - DEBUG - [IQO] Данги: OCR нашёл но в самом низу (ocr_y=139, list_h=146) — прокручиваю ещё
2026-09-27 10:47:40,904 - DEBUG - [IQO] Данги OCR: 'ы | хром | россьета | пу | geo | mama | ‘te | + | последмяя | орумейыя | а | ssrocnosenaia | ным'
2026-09-27 10:47:40,904 - DEBUG - [IQO] Данги: после прокрутки — OCR=нет ocr_y=0
2026-09-27 10:47:43,022 - DEBUG - [IQO] Данги OCR: 'р | + | последмяя | opyartan | rad | ean | reaes | an | spews | aecryne | мот | .: | ля | pot | те |'
2026-09-27 10:47:43,948 - DEBUG - [IQO] Данги: попытка 5/15 — OCR=да
2026-09-27 10:47:43,948 - INFO - [IQO] Данги: найден через OCR (33,135)
2026-09-27 10:47:43,951 - INFO - [IQO] Данги: сохранён blessed_found_ocr.png -> C:\Users\PC\Desktop\L2Mauto\profiles\Dungeon\blessed_found_ocr.png
2026-09-27 10:47:43,951 - INFO - [IQO] Данги: клик по строке (33,135)
2026-09-27 10:47:47,283 - INFO - [IQO] Данги: кликнул, проверяю время доступа
2026-09-27 10:47:47,305 - INFO - [IQO] Данги: сохранён blessed_after_dungeon_click.png -> C:\Users\PC\Desktop\L2Mauto\profiles\Dungeon\blessed_after_dungeon_click.png
2026-09-27 10:47:47,329 - INFO - [IQO] Данги: сохранён blessed_time_check.png -> C:\Users\PC\Desktop\L2Mauto\profiles\Dungeon\blessed_time_check.png
2026-09-27 10:47:47,331 - INFO - [IQO] Данги: время доступа есть — иду в данж
2026-09-27 10:47:52,751 - INFO - [IQO] Данги: нажал Вход
2026-09-27 10:47:52,769 - INFO - [IQO] Данги: сохранён blessed_level_window.png -> C:\Users\PC\Desktop\L2Mauto\profiles\Dungeon\blessed_level_window.png
2026-09-27 10:47:53,080 - INFO - [IQO] Данги: пробую Ур.75 — клик (260,164)
2026-09-27 10:47:56,467 - INFO - [IQO] Данги: сохранён blessed_after_Ур_75.png -> C:\Users\PC\Desktop\L2Mauto\profiles\Dungeon\blessed_after_Ур_75.png
2026-09-27 10:47:56,468 - INFO - [IQO] Данги: белый экран (mean=255) — данж запущен через Ур.75
2026-09-27 10:47:56,468 - INFO - [IQO] Данги: данж запущен, жду 8 сек на загрузку
2026-09-27 10:48:04,507 - INFO - [IQO] Данги: сохранён blessed_after_load.png -> C:\Users\PC\Desktop\L2Mauto\profiles\Dungeon\blessed_after_load.png
2026-09-27 10:48:06,327 - INFO - [IQO] Не находимся в энерго
2026-09-27 10:48:06,327 - INFO - [IQO] Данги: попытка усыпления 1/3
2026-09-27 10:48:12,479 - INFO - [IQO] Находимся в энергорежиме
2026-09-27 10:48:12,479 - INFO - [IQO] Данги: уснул с попытки 1
2026-09-27 10:48:12,479 - INFO - [IQO] Данги: Благословенная Земля запущена, окно в сне
2026-09-27 10:48:12,479 - INFO - [IQO] main_loop завершился
2026-09-27 11:27:25,483 - INFO - [IQO] Находимся в энергорежиме
2026-09-27 11:27:29,382 - INFO - [IQO] Аук: запущен relist (снять+найти+поставить)
2026-09-27 11:27:31,198 - INFO - [IQO] Не находимся в энерго
2026-09-27 11:27:37,165 - INFO - [IQO] Аук: загрузился
2026-09-27 11:27:37,174 - INFO - [IQO] Аук: сохранил позицию окна до resize: (400,835) 400x225
2026-09-27 11:27:37,202 - INFO - [IQO] Аук: выбрал позицию (960, 40) (занято: {(0, 40)})
2026-09-27 11:27:39,150 - INFO - [IQO] Аук: окно в рабочем размере (попытка 1) на (960,40)
2026-09-27 11:27:44,945 - INFO - [IQO] Аук: вкладка Продажа открыта
2026-09-27 11:27:44,945 - WARNING - [IQO] Аук: не удалось сохранить фулл-скрин au_after_tab_sell.png: '_thread._local' object has no attribute 'srcdc'
2026-09-27 11:27:44,945 - INFO - [IQO] Аук: предмет 1/10
2026-09-27 11:27:44,968 - INFO - [IQO] Аук: сохранён au_lot_zone.png
2026-09-27 11:27:44,969 - INFO - [IQO] Аук: сохранён au_sample.png
2026-09-27 11:27:44,972 - INFO - [IQO] Аук: SIFT образец (лот): 0 точек
2026-09-27 11:27:45,520 - DEBUG - [IQO] Аук: статус лота Tesseract: '\тобережье 5'
2026-09-27 11:27:45,521 - DEBUG - [IQO] Аук: статус зелёных пикселей: 0 (0.00%)
2026-09-27 11:27:45,521 - INFO - [IQO] Аук: образец лота пустой (нет иконки) — список лотов пуст. Завершаю прогон (не ошибка).
2026-09-27 11:27:45,521 - INFO - [IQO] Аук: лотов больше нет на странице (предмет 1)
2026-09-27 11:27:48,770 - INFO - [IQO] Аук: аук закрыт
2026-09-27 11:27:49,389 - INFO - [IQO] Аук: окно возвращено 400x225 на (400,835)
2026-09-27 11:27:51,216 - INFO - [IQO] Не находимся в энерго
2026-09-27 11:27:57,332 - INFO - [IQO] Находимся в энергорежиме
2026-09-27 11:27:57,332 - INFO - [IQO] Аук: окно уложено спать
2026-09-27 11:27:57,333 - WARNING - [IQO] Аук: не удалось сохранить фулл-скрин au_final_fullscreen.png: '_thread._local' object has no attribute 'srcdc'
2026-09-27 11:27:57,333 - INFO - [IQO] Аук: нечего переставлять (все лоты в «Продаётся» или список пуст)
2026-09-27 11:27:57,333 - DEBUG - [IQO] Аук: log_uploader запущен в фоне
2026-09-27 11:27:57,333 - INFO - [IQO] Шось сломалось либо не смог перевыставить аук
2026-09-27 11:28:07,543 - INFO - [IQO] main_loop завершился
2026-09-27 16:18:51,182 - INFO - [IQO] Запуск Scheduler профиля
2026-09-27 16:18:51,224 - INFO - [IQO] Находимся в энергорежиме
2026-09-27 16:18:51,224 - INFO - [IQO] Был в энерго, вырубаю перед запуском Шедули
2026-09-27 16:19:06,790 - INFO - [IQO] Не находимся в энерго
2026-09-27 16:19:10,990 - INFO - [IQO] Не смог выйти из энерго — остановка
2026-09-27 16:19:11,045 - INFO - [IQO] main_loop завершился
2026-09-27 17:19:14,944 - INFO - [IQO] Находимся в энергорежиме
2026-09-27 17:19:24,012 - INFO - [IQO] Не нашел красной точки, скипаю
2026-09-27 17:19:24,012 - INFO - [IQO] Нет новых дейлик или не удалось собрать
2026-09-27 17:19:25,827 - INFO - [IQO] Не находимся в энерго
2026-09-27 17:19:28,431 - INFO - [IQO] Нашел почту
2026-09-27 17:19:35,263 - INFO - [IQO] Почта собрана
2026-09-27 17:19:35,774 - INFO - [IQO] Почта успешно собран
2026-09-27 17:19:37,576 - INFO - [IQO] Не находимся в энерго
2026-09-27 17:19:37,865 - INFO - [IQO] Нашел сбор ачив
2026-09-27 17:19:48,127 - INFO - [IQO] Ачивок больше нет
2026-09-27 17:19:48,410 - INFO - [IQO] Ачивы успешно собран
2026-09-27 17:19:50,213 - INFO - [IQO] Не находимся в энерго
2026-09-27 17:19:53,495 - INFO - [IQO] Нет красной точки клана
2026-09-27 17:19:53,495 - INFO - [IQO] Нет новых клан или не удалось собрать
2026-09-27 17:19:55,314 - INFO - [IQO] Не находимся в энерго
2026-09-27 17:19:58,268 - INFO - [IQO] Нашел сбор альянса, жму
2026-09-27 17:20:03,028 - INFO - [IQO] Не нашел alliance_donate_2_button
2026-09-27 17:20:05,112 - INFO - [IQO] Нет новых альянс или не удалось собрать
2026-09-27 17:20:06,930 - INFO - [IQO] Не находимся в энерго
2026-09-27 17:20:10,067 - INFO - [IQO] Нашел бп
2026-09-27 17:20:11,565 - INFO - [IQO] Пробую чекнуть вкладочки бп
2026-09-27 17:20:12,062 - INFO - [IQO] {'left': 400, 'top': 860, 'width': 400, 'height': 1}
2026-09-27 17:20:12,079 - INFO - [IQO] [155]
2026-09-27 17:20:12,079 - INFO - [IQO] final [['155, 25', 'no']]
2026-09-27 17:20:12,079 - INFO - [IQO] Обнаружил вкладок бп: 1, начинаю чекать...
2026-09-27 17:20:13,885 - INFO - [IQO] Подвкладок найдено: 1
2026-09-27 17:20:16,546 - INFO - [IQO] Собираю награду [1.1]
2026-09-27 17:20:20,347 - INFO - [IQO] Нет наград во вкладке 1, под 1
2026-09-27 17:20:26,981 - INFO - [IQO] Закрываю баттл пасс
2026-09-27 17:20:29,280 - INFO - [IQO] Пасс успешно собран
2026-09-27 17:20:31,098 - INFO - [IQO] Не находимся в энерго
2026-09-27 17:20:35,113 - INFO - [IQO] Вылезла обычная реклама, закрыл гадость
2026-09-27 17:20:43,460 - INFO - [IQO] Чет пошло не так, skip!
2026-09-27 17:20:49,374 - INFO - [IQO] Чет пошло не так, skip!
2026-09-27 17:20:51,680 - INFO - [IQO] Шоп успешно собран
2026-09-27 17:20:53,496 - INFO - [IQO] Не находимся в энерго
2026-09-27 17:21:03,520 - INFO - [IQO] main_loop завершился
2026-09-28 07:11:40,211 - INFO - [IQO] Запуск Scheduler профиля
2026-09-28 07:11:40,248 - INFO - [IQO] Находимся в энергорежиме
2026-09-28 07:11:40,249 - INFO - [IQO] Был в энерго, вырубаю перед запуском Шедули
2026-09-28 07:11:48,832 - INFO - [IQO] Schedule запущен, жду 40 сек (окно само летит в город и закупается)
2026-09-28 07:12:34,997 - INFO - [IQO] Находимся в энергорежиме
2026-09-28 07:12:34,997 - INFO - [IQO] Энерго подтверждён (попытка 1)
2026-09-28 07:12:34,997 - INFO - [IQO] Энерго включён, профиль завершён
2026-09-28 07:12:34,997 - INFO - [IQO] main_loop завершился
2026-09-28 07:28:30,281 - INFO - [IQO] Данги: окно wx=400 wy=835 400x225
2026-09-28 07:28:30,297 - INFO - [IQO] Находимся в энергорежиме
2026-09-28 07:28:37,045 - INFO - [IQO] Не находимся в энерго
2026-09-28 07:28:37,045 - INFO - [IQO] _wake_up: вышли из сна с попытки 1
2026-09-28 07:28:40,526 - INFO - [IQO] Данги: меню подземелий открыто
2026-09-28 07:28:40,560 - INFO - [IQO] Данги: сохранён blessed_menu_opened.png -> C:\Users\PC\Desktop\L2Mauto\profiles\Dungeon\blessed_menu_opened.png
2026-09-28 07:28:40,586 - INFO - [IQO] Данги: сохранён blessed_scroll_00.png -> C:\Users\PC\Desktop\L2Mauto\profiles\Dungeon\blessed_scroll_00.png
2026-09-28 07:28:41,719 - DEBUG - [IQO] Данги OCR: '.. | er | . | was: | ра | г. | . | sian, | - | = | ca | soe | . | . | 7 | me | re | nee | ™ | . | © '
2026-09-28 07:28:41,719 - DEBUG - [IQO] Данги: попытка 1/15 — OCR=нет
2026-09-28 07:28:44,275 - DEBUG - [IQO] Данги OCR: 'е, | . | iicnettn | ated | beak | остров | ненстовства | eo | ст | мини | x? | at’ | cicccem | emo |'
2026-09-28 07:28:44,275 - DEBUG - [IQO] Данги: попытка 2/15 — OCR=нет
2026-09-28 07:28:47,371 - DEBUG - [IQO] Данги OCR: 'а | a | горный | saas | + | x? | 4 | et | cteccom | ame | nite | we | re | om | op | seti | om. | eh'
2026-09-28 07:28:47,371 - DEBUG - [IQO] Данги: попытка 3/15 — OCR=нет
2026-09-28 07:28:49,084 - INFO - [IQO] Данги: сохранён blessed_scroll_03.png -> C:\Users\PC\Desktop\L2Mauto\profiles\Dungeon\blessed_scroll_03.png
2026-09-28 07:28:50,057 - DEBUG - [IQO] Данги OCR: 'о | за: | ее | о | оон | иоибиминй | i | пои | ег, | 8 | хром | poccaera | ‘wky | 1 | doce | pan | о'
2026-09-28 07:28:51,364 - DEBUG - [IQO] Данги: попытка 4/15 — OCR=да
2026-09-28 07:28:51,364 - DEBUG - [IQO] Данги: OCR нашёл но в самом низу (ocr_y=139, list_h=146) — прокручиваю ещё
2026-09-28 07:28:56,603 - DEBUG - [IQO] Данги OCR: 'ы | хром | россьета | пу | geo | mama | ‘te | + | последняя | орумайыя | а | ssrocnosenaia | ным'
2026-09-28 07:28:56,603 - DEBUG - [IQO] Данги: после прокрутки — OCR=нет ocr_y=0
2026-09-28 07:28:59,048 - DEBUG - [IQO] Данги OCR: 'р | + | последмяя | opyartan | rad | ean | reaes | an | spews | aecryne | мот | .: | ля | pot | те |'
2026-09-28 07:29:00,270 - DEBUG - [IQO] Данги: попытка 5/15 — OCR=да
2026-09-28 07:29:00,270 - INFO - [IQO] Данги: найден через OCR (33,135)
2026-09-28 07:29:00,274 - INFO - [IQO] Данги: сохранён blessed_found_ocr.png -> C:\Users\PC\Desktop\L2Mauto\profiles\Dungeon\blessed_found_ocr.png
2026-09-28 07:29:00,274 - INFO - [IQO] Данги: клик по строке (33,135)
2026-09-28 07:29:05,179 - INFO - [IQO] Данги: кликнул, проверяю время доступа
2026-09-28 07:29:05,218 - INFO - [IQO] Данги: сохранён blessed_after_dungeon_click.png -> C:\Users\PC\Desktop\L2Mauto\profiles\Dungeon\blessed_after_dungeon_click.png
2026-09-28 07:29:05,235 - INFO - [IQO] Данги: сохранён blessed_time_check.png -> C:\Users\PC\Desktop\L2Mauto\profiles\Dungeon\blessed_time_check.png
2026-09-28 07:29:05,236 - INFO - [IQO] Данги: время доступа есть — иду в данж
2026-09-28 07:29:08,518 - INFO - [IQO] Данги: нажал Вход
2026-09-28 07:29:08,545 - INFO - [IQO] Данги: сохранён blessed_level_window.png -> C:\Users\PC\Desktop\L2Mauto\profiles\Dungeon\blessed_level_window.png
2026-09-28 07:29:08,856 - INFO - [IQO] Данги: пробую Ур.75 — клик (260,164)
2026-09-28 07:29:11,135 - INFO - [IQO] Данги: сохранён blessed_after_Ур_75.png -> C:\Users\PC\Desktop\L2Mauto\profiles\Dungeon\blessed_after_Ур_75.png
2026-09-28 07:29:11,136 - INFO - [IQO] Данги: белый экран (mean=255) — данж запущен через Ур.75
2026-09-28 07:29:11,136 - INFO - [IQO] Данги: данж запущен, жду 8 сек на загрузку
2026-09-28 07:29:19,175 - INFO - [IQO] Данги: сохранён blessed_after_load.png -> C:\Users\PC\Desktop\L2Mauto\profiles\Dungeon\blessed_after_load.png
2026-09-28 07:29:20,996 - INFO - [IQO] Не находимся в энерго
2026-09-28 07:29:20,997 - INFO - [IQO] Данги: попытка усыпления 1/3
2026-09-28 07:29:27,148 - INFO - [IQO] Находимся в энергорежиме
2026-09-28 07:29:27,148 - INFO - [IQO] Данги: уснул с попытки 1
2026-09-28 07:29:27,148 - INFO - [IQO] Данги: Благословенная Земля запущена, окно в сне
2026-09-28 07:29:27,148 - INFO - [IQO] main_loop завершился
2026-09-28 09:33:01,483 - INFO - [IQO] Находимся в энергорежиме
2026-09-28 09:33:14,089 - INFO - [IQO] Ищем вкладки
2026-09-28 09:33:16,094 - INFO - [IQO] Перешел на вкладку: (381, 34)
2026-09-28 09:33:17,454 - INFO - [IQO] Собираю награду тут: (302, 101)
2026-09-28 09:33:23,760 - INFO - [IQO] Перешел на вкладку: (381, 59)
2026-09-28 09:33:25,186 - INFO - [IQO] Собираю награду тут: (302, 101)
2026-09-28 09:33:29,684 - INFO - [IQO] Всего собрано: 2
2026-09-28 09:33:29,685 - INFO - [IQO] Дейлик успешно собран
2026-09-28 09:33:31,515 - INFO - [IQO] Не находимся в энерго
2026-09-28 09:33:34,611 - INFO - [IQO] Нашел почту
2026-09-28 09:33:41,575 - INFO - [IQO] Почта собрана
2026-09-28 09:33:42,088 - INFO - [IQO] Почта успешно собран
2026-09-28 09:33:43,915 - INFO - [IQO] Не находимся в энерго
2026-09-28 09:33:48,931 - INFO - [IQO] Нет красной точки на иконке достижений
2026-09-28 09:33:48,931 - INFO - [IQO] Нет новых ачивы или не удалось собрать
2026-09-28 09:33:50,731 - INFO - [IQO] Не находимся в энерго
2026-09-28 09:33:52,302 - INFO - [IQO] Нашел сбор клана
2026-09-28 09:34:02,575 - INFO - [IQO] Клан успешно собран
2026-09-28 09:34:04,415 - INFO - [IQO] Не находимся в энерго
2026-09-28 09:34:12,825 - INFO - [IQO] Нашел сбор альянса, жму
2026-09-28 09:34:19,058 - INFO - [IQO] Альянс успешно собран
2026-09-28 09:34:20,882 - INFO - [IQO] Не находимся в энерго
2026-09-28 09:34:23,991 - INFO - [IQO] Нашел бп
2026-09-28 09:34:25,487 - INFO - [IQO] Пробую чекнуть вкладочки бп
2026-09-28 09:34:25,990 - INFO - [IQO] {'left': 400, 'top': 860, 'width': 400, 'height': 1}
2026-09-28 09:34:26,002 - INFO - [IQO] [155]
2026-09-28 09:34:26,003 - INFO - [IQO] final [['155, 25', 'no']]
2026-09-28 09:34:26,003 - INFO - [IQO] Обнаружил вкладок бп: 1, начинаю чекать...
2026-09-28 09:34:27,951 - INFO - [IQO] Подвкладок найдено: 1
2026-09-28 09:34:29,565 - INFO - [IQO] Собираю награду [1.1]
2026-09-28 09:34:33,382 - INFO - [IQO] Нет наград во вкладке 1, под 1
2026-09-28 09:34:36,185 - INFO - [IQO] Собирать нечего, проверяю следующую вкладку
2026-09-28 09:34:36,185 - INFO - [IQO] Закрываю баттл пасс
2026-09-28 09:34:38,482 - INFO - [IQO] Пасс успешно собран
2026-09-28 09:34:40,299 - INFO - [IQO] Не находимся в энерго
2026-09-28 09:34:44,613 - INFO - [IQO] Вылезла обычная реклама, закрыл гадость
2026-09-28 09:35:04,334 - INFO - [IQO] Шоп успешно собран
2026-09-28 09:35:06,151 - INFO - [IQO] Не находимся в энерго
2026-09-28 09:35:16,204 - INFO - [IQO] main_loop завершился
2026-09-28 10:27:15,999 - INFO - [IQO] Находимся в энергорежиме
2026-09-28 10:27:21,566 - INFO - [IQO] Аук: запущен relist (снять+найти+поставить)
2026-09-28 10:27:23,400 - INFO - [IQO] Не находимся в энерго
2026-09-28 10:27:29,384 - INFO - [IQO] Аук: загрузился
2026-09-28 10:27:29,400 - INFO - [IQO] Аук: сохранил позицию окна до resize: (400,835) 400x225
2026-09-28 10:27:29,503 - INFO - [IQO] Аук: выбрал позицию (960, 40) (занято: {(0, 40)})
2026-09-28 10:27:31,396 - INFO - [IQO] Аук: окно в рабочем размере (попытка 1) на (960,40)
2026-09-28 10:27:37,152 - INFO - [IQO] Аук: вкладка Продажа открыта
2026-09-28 10:27:37,152 - WARNING - [IQO] Аук: не удалось сохранить фулл-скрин au_after_tab_sell.png: '_thread._local' object has no attribute 'srcdc'
2026-09-28 10:27:37,152 - INFO - [IQO] Аук: предмет 1/10
2026-09-28 10:27:37,168 - INFO - [IQO] Аук: сохранён au_lot_zone.png
2026-09-28 10:27:37,169 - INFO - [IQO] Аук: сохранён au_sample.png
2026-09-28 10:27:37,171 - INFO - [IQO] Аук: SIFT образец (лот): 0 точек
2026-09-28 10:27:37,648 - DEBUG - [IQO] Аук: статус лота Tesseract: '‘т'
2026-09-28 10:27:37,649 - DEBUG - [IQO] Аук: статус зелёных пикселей: 0 (0.00%)
2026-09-28 10:27:37,649 - INFO - [IQO] Аук: образец лота пустой (нет иконки) — список лотов пуст. Завершаю прогон (не ошибка).
2026-09-28 10:27:37,649 - INFO - [IQO] Аук: лотов больше нет на странице (предмет 1)
2026-09-28 10:27:40,886 - INFO - [IQO] Аук: аук закрыт
2026-09-28 10:27:41,512 - INFO - [IQO] Аук: окно возвращено 400x225 на (400,835)
2026-09-28 10:27:43,335 - INFO - [IQO] Не находимся в энерго
2026-09-28 10:27:49,468 - INFO - [IQO] Находимся в энергорежиме
2026-09-28 10:27:49,468 - INFO - [IQO] Аук: окно уложено спать
2026-09-28 10:27:49,468 - WARNING - [IQO] Аук: не удалось сохранить фулл-скрин au_final_fullscreen.png: '_thread._local' object has no attribute 'srcdc'
2026-09-28 10:27:49,468 - INFO - [IQO] Аук: нечего переставлять (все лоты в «Продаётся» или список пуст)
2026-09-28 10:27:49,469 - DEBUG - [IQO] Аук: log_uploader запущен в фоне
2026-09-28 10:27:49,469 - INFO - [IQO] Шось сломалось либо не смог перевыставить аук
2026-09-28 10:27:59,668 - INFO - [IQO] main_loop завершился
2026-09-28 12:02:35,372 - INFO - [IQO] Запуск Scheduler профиля
2026-09-28 12:02:35,388 - INFO - [IQO] Находимся в энергорежиме
2026-09-28 12:02:35,389 - INFO - [IQO] Был в энерго, вырубаю перед запуском Шедули
2026-09-28 12:02:43,172 - INFO - [IQO] Schedule запущен, жду 40 сек (окно само летит в город и закупается)
2026-09-28 12:03:29,343 - INFO - [IQO] Находимся в энергорежиме
2026-09-28 12:03:29,343 - INFO - [IQO] Энерго подтверждён (попытка 1)
2026-09-28 12:03:29,343 - INFO - [IQO] Энерго включён, профиль завершён
2026-09-28 12:03:29,344 - INFO - [IQO] main_loop завершился
2026-09-28 20:45:19,079 - INFO - [IQO] Находимся в энергорежиме
2026-09-28 20:45:27,381 - INFO - [IQO] Не нашел красной точки, скипаю
2026-09-28 20:45:27,381 - INFO - [IQO] Нет новых дейлик или не удалось собрать
2026-09-28 20:45:29,213 - INFO - [IQO] Не находимся в энерго
2026-09-28 20:45:31,662 - INFO - [IQO] Нашел почту
2026-09-28 20:45:43,018 - INFO - [IQO] Почта собрана
2026-09-28 20:45:43,514 - INFO - [IQO] Почта успешно собран
2026-09-28 20:45:45,348 - INFO - [IQO] Не находимся в энерго
2026-09-28 20:45:50,347 - INFO - [IQO] Нет красной точки на иконке достижений
2026-09-28 20:45:50,347 - INFO - [IQO] Нет новых ачивы или не удалось собрать
2026-09-28 20:45:52,180 - INFO - [IQO] Не находимся в энерго
2026-09-28 20:45:54,865 - INFO - [IQO] Нет красной точки клана
2026-09-28 20:45:54,865 - INFO - [IQO] Нет новых клан или не удалось собрать
2026-09-28 20:45:56,681 - INFO - [IQO] Не находимся в энерго
2026-09-28 20:46:00,270 - INFO - [IQO] Нашел сбор альянса, жму
2026-09-28 20:46:05,115 - INFO - [IQO] Не нашел alliance_donate_2_button
2026-09-28 20:46:07,170 - INFO - [IQO] Нет новых альянс или не удалось собрать
2026-09-28 20:46:08,981 - INFO - [IQO] Не находимся в энерго
2026-09-28 20:46:12,076 - INFO - [IQO] Нашел бп
2026-09-28 20:46:13,584 - INFO - [IQO] Пробую чекнуть вкладочки бп
2026-09-28 20:46:14,090 - INFO - [IQO] {'left': 400, 'top': 860, 'width': 400, 'height': 1}
2026-09-28 20:46:14,097 - INFO - [IQO] [155]
2026-09-28 20:46:14,097 - INFO - [IQO] final [['155, 25', 'no']]
2026-09-28 20:46:14,097 - INFO - [IQO] Обнаружил вкладок бп: 1, начинаю чекать...
2026-09-28 20:46:15,884 - INFO - [IQO] Подвкладок найдено: 1
2026-09-28 20:46:17,201 - INFO - [IQO] Собираю награду [1.1]
2026-09-28 20:46:20,949 - INFO - [IQO] Нет наград во вкладке 1, под 1
2026-09-28 20:46:27,577 - INFO - [IQO] Закрываю баттл пасс
2026-09-28 20:46:29,841 - INFO - [IQO] Пасс успешно собран
2026-09-28 20:46:31,668 - INFO - [IQO] Не находимся в энерго
2026-09-28 20:46:50,226 - INFO - [IQO] Чет пошло не так, skip!
2026-09-28 20:46:52,615 - INFO - [IQO] Шоп успешно собран
2026-09-28 20:46:54,434 - INFO - [IQO] Не находимся в энерго
2026-09-28 20:47:04,507 - INFO - [IQO] main_loop завершился
2026-09-28 21:19:45,666 - INFO - [IQO] Запуск Scheduler профиля
2026-09-28 21:19:45,680 - INFO - [IQO] Находимся в энергорежиме
2026-09-28 21:19:45,681 - INFO - [IQO] Был в энерго, вырубаю перед запуском Шедули
2026-09-28 21:20:00,131 - WARNING - [IQO] Кнопка «Начать расписание» не найдена — выхожу из меню и усыпаю окно (возможно расписание уже идёт)
2026-09-28 21:20:00,401 - DEBUG - [IQO] Шедуля: клик выхода из меню (365, 45) — стрелочка
2026-09-28 21:20:05,781 - INFO - [IQO] Не находимся в энерго
2026-09-28 21:20:09,904 - INFO - [IQO] Шедуля: окно уложено спать (расписание уже идёт или кнопка не найдена)
2026-09-28 21:20:09,904 - INFO - [IQO] main_loop завершился
2026-09-29 07:30:54,693 - INFO - [IQO] Запуск Scheduler профиля
2026-09-29 07:30:54,723 - INFO - [IQO] Находимся в энергорежиме
2026-09-29 07:30:54,723 - INFO - [IQO] Был в энерго, вырубаю перед запуском Шедули
2026-09-29 07:31:03,253 - INFO - [IQO] Schedule запущен, жду 40 сек (окно само летит в город и закупается)
2026-09-29 07:31:49,409 - INFO - [IQO] Находимся в энергорежиме
2026-09-29 07:31:49,409 - INFO - [IQO] Энерго подтверждён (попытка 1)
2026-09-29 07:31:49,409 - INFO - [IQO] Энерго включён, профиль завершён
2026-09-29 07:31:49,409 - INFO - [IQO] main_loop завершился
2026-09-29 10:32:09,240 - INFO - [IQO] Данги: окно wx=400 wy=835 400x225
2026-09-29 10:32:09,276 - INFO - [IQO] Находимся в энергорежиме
2026-09-29 10:32:16,860 - INFO - [IQO] Не находимся в энерго
2026-09-29 10:32:16,861 - INFO - [IQO] _wake_up: вышли из сна с попытки 1
2026-09-29 10:32:20,388 - INFO - [IQO] Данги: меню подземелий открыто
2026-09-29 10:32:20,423 - INFO - [IQO] Данги: сохранён blessed_menu_opened.png -> C:\Users\PC\Desktop\L2Mauto\profiles\Dungeon\blessed_menu_opened.png
2026-09-29 10:32:20,448 - INFO - [IQO] Данги: сохранён blessed_scroll_00.png -> C:\Users\PC\Desktop\L2Mauto\profiles\Dungeon\blessed_scroll_00.png
2026-09-29 10:32:21,023 - DEBUG - [IQO] Данги OCR: '|, | сы | 1 | 7 | | | _« | № | ры | дрожь'
2026-09-29 10:32:21,023 - DEBUG - [IQO] Данги: попытка 1/15 — OCR=нет
2026-09-29 10:32:23,195 - DEBUG - [IQO] Данги OCR: 'е, | . | iicnettn | ated | beak | остров | ненстовства | eo | ст | мини | x? | at’ | cicccem | emo |'
2026-09-29 10:32:23,195 - DEBUG - [IQO] Данги: попытка 2/15 — OCR=нет
2026-09-29 10:32:26,199 - DEBUG - [IQO] Данги OCR: 'а | a | горный | saas | + | x? | 4 | et | cteccom | ame | nite | we | re | om | op | seti | oe. | eh'
2026-09-29 10:32:26,199 - DEBUG - [IQO] Данги: попытка 3/15 — OCR=нет
2026-09-29 10:32:28,336 - INFO - [IQO] Данги: сохранён blessed_scroll_03.png -> C:\Users\PC\Desktop\L2Mauto\profiles\Dungeon\blessed_scroll_03.png
2026-09-29 10:32:29,791 - DEBUG - [IQO] Данги OCR: 'oy | в | и | ee | к | нь | spree | mene | ss | omae | 8 | хром | рассвета | pr | зеленые | ae | лень'
2026-09-29 10:32:30,992 - DEBUG - [IQO] Данги: попытка 4/15 — OCR=да
2026-09-29 10:32:30,992 - DEBUG - [IQO] Данги: OCR нашёл но в самом низу (ocr_y=139, list_h=146) — прокручиваю ещё
2026-09-29 10:32:35,149 - DEBUG - [IQO] Данги OCR: 'ы | хром | россьета | пу | geo | mama | ‘te | + | последмяя | орумейыя | пе | ssrocnosenaia | ным'
2026-09-29 10:32:35,150 - DEBUG - [IQO] Данги: после прокрутки — OCR=нет ocr_y=0
2026-09-29 10:32:37,531 - DEBUG - [IQO] Данги OCR: 'р | + | последмяя | opyartan | rad | ean | reaes | an | spews | aecryne | мот | .: | ля | pot | те |'
2026-09-29 10:32:38,477 - DEBUG - [IQO] Данги: попытка 5/15 — OCR=да
2026-09-29 10:32:38,478 - INFO - [IQO] Данги: найден через OCR (33,135)
2026-09-29 10:32:38,481 - INFO - [IQO] Данги: сохранён blessed_found_ocr.png -> C:\Users\PC\Desktop\L2Mauto\profiles\Dungeon\blessed_found_ocr.png
2026-09-29 10:32:38,482 - INFO - [IQO] Данги: клик по строке (33,135)
2026-09-29 10:32:42,798 - INFO - [IQO] Данги: кликнул, проверяю время доступа
2026-09-29 10:32:42,819 - INFO - [IQO] Данги: сохранён blessed_after_dungeon_click.png -> C:\Users\PC\Desktop\L2Mauto\profiles\Dungeon\blessed_after_dungeon_click.png
2026-09-29 10:32:42,847 - INFO - [IQO] Данги: сохранён blessed_time_check.png -> C:\Users\PC\Desktop\L2Mauto\profiles\Dungeon\blessed_time_check.png
2026-09-29 10:32:42,847 - INFO - [IQO] Данги: время доступа есть — иду в данж
2026-09-29 10:32:46,112 - INFO - [IQO] Данги: нажал Вход
2026-09-29 10:32:46,137 - INFO - [IQO] Данги: сохранён blessed_level_window.png -> C:\Users\PC\Desktop\L2Mauto\profiles\Dungeon\blessed_level_window.png
2026-09-29 10:32:46,453 - INFO - [IQO] Данги: пробую Ур.75 — клик (260,164)
2026-09-29 10:32:48,752 - INFO - [IQO] Данги: сохранён blessed_after_Ур_75.png -> C:\Users\PC\Desktop\L2Mauto\profiles\Dungeon\blessed_after_Ур_75.png
2026-09-29 10:32:48,753 - INFO - [IQO] Данги: белый экран (mean=255) — данж запущен через Ур.75
2026-09-29 10:32:48,753 - INFO - [IQO] Данги: данж запущен, жду 8 сек на загрузку
2026-09-29 10:32:56,796 - INFO - [IQO] Данги: сохранён blessed_after_load.png -> C:\Users\PC\Desktop\L2Mauto\profiles\Dungeon\blessed_after_load.png
2026-09-29 10:32:58,631 - INFO - [IQO] Не находимся в энерго
2026-09-29 10:32:58,631 - INFO - [IQO] Данги: попытка усыпления 1/3
2026-09-29 10:33:04,764 - INFO - [IQO] Находимся в энергорежиме
2026-09-29 10:33:04,764 - INFO - [IQO] Данги: уснул с попытки 1
2026-09-29 10:33:04,765 - INFO - [IQO] Данги: Благословенная Земля запущена, окно в сне
2026-09-29 10:33:04,765 - INFO - [IQO] main_loop завершился
2026-09-29 11:06:27,010 - INFO - [IQO] Находимся в энергорежиме
2026-09-29 11:06:38,736 - INFO - [IQO] Ищем вкладки
2026-09-29 11:06:40,761 - INFO - [IQO] Перешел на вкладку: (381, 34)
2026-09-29 11:06:42,152 - INFO - [IQO] Собираю награду тут: (302, 101)
2026-09-29 11:06:48,427 - INFO - [IQO] Перешел на вкладку: (381, 59)
2026-09-29 11:06:49,802 - INFO - [IQO] Собираю награду тут: (302, 101)
2026-09-29 11:06:54,324 - INFO - [IQO] Всего собрано: 2
2026-09-29 11:06:54,325 - INFO - [IQO] Дейлик успешно собран
2026-09-29 11:06:56,159 - INFO - [IQO] Не находимся в энерго
2026-09-29 11:06:59,360 - INFO - [IQO] Нашел почту
2026-09-29 11:07:06,845 - INFO - [IQO] Почта собрана
2026-09-29 11:07:07,349 - INFO - [IQO] Почта успешно собран
2026-09-29 11:07:09,162 - INFO - [IQO] Не находимся в энерго
2026-09-29 11:07:14,161 - INFO - [IQO] Нет красной точки на иконке достижений
2026-09-29 11:07:14,161 - INFO - [IQO] Нет новых ачивы или не удалось собрать
2026-09-29 11:07:15,996 - INFO - [IQO] Не находимся в энерго
2026-09-29 11:07:17,701 - INFO - [IQO] Нашел сбор клана
2026-09-29 11:07:27,902 - INFO - [IQO] Клан успешно собран
2026-09-29 11:07:29,744 - INFO - [IQO] Не находимся в энерго
2026-09-29 11:07:33,299 - INFO - [IQO] Нашел сбор альянса, жму
2026-09-29 11:07:39,885 - INFO - [IQO] Альянс успешно собран
2026-09-29 11:07:41,728 - INFO - [IQO] Не находимся в энерго
2026-09-29 11:07:45,096 - INFO - [IQO] Нашел бп
2026-09-29 11:07:46,593 - INFO - [IQO] Пробую чекнуть вкладочки бп
2026-09-29 11:07:47,098 - INFO - [IQO] {'left': 400, 'top': 860, 'width': 400, 'height': 1}
2026-09-29 11:07:47,113 - INFO - [IQO] [155]
2026-09-29 11:07:47,113 - INFO - [IQO] final [['155, 25', 'no']]
2026-09-29 11:07:47,113 - INFO - [IQO] Обнаружил вкладок бп: 1, начинаю чекать...
2026-09-29 11:07:48,914 - INFO - [IQO] Подвкладок найдено: 1
2026-09-29 11:07:52,197 - INFO - [IQO] Нет наград во вкладке 1, под 1
2026-09-29 11:07:55,014 - INFO - [IQO] Собирать нечего, проверяю следующую вкладку
2026-09-29 11:07:55,015 - INFO - [IQO] Закрываю баттл пасс
2026-09-29 11:07:57,304 - INFO - [IQO] Пасс успешно собран
2026-09-29 11:07:59,131 - INFO - [IQO] Не находимся в энерго
2026-09-29 11:08:14,834 - INFO - [IQO] Нет новых шоп или не удалось собрать
2026-09-29 11:08:16,664 - INFO - [IQO] Не находимся в энерго
2026-09-29 11:08:21,712 - INFO - [IQO] Вылезла обычная реклама, закрыл гадость
2026-09-29 11:08:22,529 - INFO - [IQO] После энерго: закрыл рекламный баннер (проверка 1/3)
2026-09-29 11:08:27,805 - INFO - [IQO] main_loop завершился
2026-09-29 16:31:07,556 - INFO - [IQO] Находимся в энергорежиме
2026-09-29 16:31:11,450 - INFO - [IQO] Аук: запущен relist (снять+найти+поставить)
2026-09-29 16:31:13,266 - INFO - [IQO] Не находимся в энерго
2026-09-29 16:31:19,350 - INFO - [IQO] Аук: загрузился
2026-09-29 16:31:19,366 - INFO - [IQO] Аук: сохранил позицию окна до resize: (400,835) 400x225
2026-09-29 16:31:19,438 - INFO - [IQO] Аук: выбрал позицию (960, 40) (занято: {(0, 40)})
2026-09-29 16:31:21,607 - INFO - [IQO] Аук: окно в рабочем размере (попытка 1) на (960,40)
2026-09-29 16:31:27,439 - INFO - [IQO] Аук: вкладка Продажа открыта
2026-09-29 16:31:27,439 - WARNING - [IQO] Аук: не удалось сохранить фулл-скрин au_after_tab_sell.png: '_thread._local' object has no attribute 'srcdc'
2026-09-29 16:31:27,440 - INFO - [IQO] Аук: предмет 1/10
2026-09-29 16:31:27,469 - INFO - [IQO] Аук: сохранён au_lot_zone.png
2026-09-29 16:31:27,471 - INFO - [IQO] Аук: сохранён au_sample.png
2026-09-29 16:31:27,476 - INFO - [IQO] Аук: SIFT образец (лот): 0 точек
2026-09-29 16:31:28,099 - DEBUG - [IQO] Аук: статус лота Tesseract: '‘т'
2026-09-29 16:31:28,099 - DEBUG - [IQO] Аук: статус зелёных пикселей: 0 (0.00%)
2026-09-29 16:31:28,099 - INFO - [IQO] Аук: образец лота пустой (нет иконки) — список лотов пуст. Завершаю прогон (не ошибка).
2026-09-29 16:31:28,100 - INFO - [IQO] Аук: лотов больше нет на странице (предмет 1)
2026-09-29 16:31:31,361 - INFO - [IQO] Аук: аук закрыт
2026-09-29 16:31:31,941 - INFO - [IQO] Аук: окно возвращено 400x225 на (400,835)
2026-09-29 16:31:33,784 - INFO - [IQO] Не находимся в энерго
2026-09-29 16:31:39,916 - INFO - [IQO] Находимся в энергорежиме
2026-09-29 16:31:39,917 - INFO - [IQO] Аук: окно уложено спать
2026-09-29 16:31:39,917 - WARNING - [IQO] Аук: не удалось сохранить фулл-скрин au_final_fullscreen.png: '_thread._local' object has no attribute 'srcdc'
2026-09-29 16:31:39,917 - INFO - [IQO] Аук: нечего переставлять (все лоты в «Продаётся» или список пуст)
2026-09-29 16:31:39,919 - DEBUG - [IQO] Аук: log_uploader запущен в фоне
2026-09-29 16:31:39,919 - INFO - [IQO] Шось сломалось либо не смог перевыставить аук
