=== Log tail 2026-09-27T18:10:09.874784 | last 200 lines ===
2026-09-27 18:01:11,210 - DEBUG - [global] needs_update: API → 5.13.09
2026-09-27 18:01:11,211 - DEBUG - [global] needs_update: лучший источник raw → 5.13.09 (из 2)
2026-09-27 18:01:11,211 - INFO - [global] needs_update: local=(5, 13, 7) remote=(5, 13, 9) -> has_update=True
2026-09-27 18:01:11,211 - INFO - [global] Доступна обнова! Спавню кнопку
2026-09-27 18:01:23,574 - INFO - [global] LogUploader: запускаю upload_run_logs...
2026-09-27 18:01:23,574 - DEBUG - [global] log_uploader: START window=periodic made=-1 token=...Rjnfq
2026-09-27 18:01:24,453 - DEBUG - [global] _api_put: GET runs/20260927_180123_fail_periodic.log -> 404
2026-09-27 18:01:25,947 - DEBUG - [global] _api_put: PUT runs/20260927_180123_fail_periodic.log -> 201 (1517 bytes)
2026-09-27 18:01:25,949 - DEBUG - [global] log_uploader: STEP 1 (window log) -> https://github.com/StarateJI/L2Mauto/blob/bot-logs/runs/20260927_180123_fail_periodic.log
2026-09-27 18:01:25,949 - DEBUG - [global] log_uploader: STEP 2 SKIP (no PNGs)
2026-09-27 18:01:26,829 - DEBUG - [global] _api_put: GET runs/20260927_180123_fail_global.log -> 404
2026-09-27 18:01:28,577 - DEBUG - [global] _api_put: PUT runs/20260927_180123_fail_global.log -> 201 (20010 bytes)
2026-09-27 18:01:28,578 - DEBUG - [global] log_uploader: STEP 3 (global log) -> https://github.com/StarateJI/L2Mauto/blob/bot-logs/runs/20260927_180123_fail_global.log
2026-09-27 18:01:28,578 - DEBUG - [global] log_uploader: END window=periodic
2026-09-27 18:01:28,578 - INFO - [global] LogUploader: upload_run_logs завершён
2026-09-27 18:01:41,225 - INFO - [global] Проверяю обновы...
2026-09-27 18:01:42,040 - DEBUG - [global] needs_update: raw → 5.13.09
2026-09-27 18:01:42,209 - DEBUG - [global] needs_update: API → 5.13.09
2026-09-27 18:01:42,210 - DEBUG - [global] needs_update: лучший источник raw → 5.13.09 (из 2)
2026-09-27 18:01:42,210 - INFO - [global] needs_update: local=(5, 13, 7) remote=(5, 13, 9) -> has_update=True
2026-09-27 18:01:42,210 - INFO - [global] Доступна обнова! Спавню кнопку
2026-09-27 18:02:12,221 - INFO - [global] Проверяю обновы...
2026-09-27 18:02:13,016 - DEBUG - [global] needs_update: raw → 5.13.09
2026-09-27 18:02:13,240 - DEBUG - [global] needs_update: API → 5.13.09
2026-09-27 18:02:13,240 - DEBUG - [global] needs_update: лучший источник raw → 5.13.09 (из 2)
2026-09-27 18:02:13,241 - INFO - [global] needs_update: local=(5, 13, 7) remote=(5, 13, 9) -> has_update=True
2026-09-27 18:02:13,241 - INFO - [global] Доступна обнова! Спавню кнопку
2026-09-27 18:02:28,607 - INFO - [global] LogUploader: запускаю upload_run_logs...
2026-09-27 18:02:28,607 - DEBUG - [global] log_uploader: START window=periodic made=-1 token=...Rjnfq
2026-09-27 18:02:29,457 - DEBUG - [global] _api_put: GET runs/20260927_180228_fail_periodic.log -> 404
2026-09-27 18:02:31,196 - DEBUG - [global] _api_put: PUT runs/20260927_180228_fail_periodic.log -> 201 (1517 bytes)
2026-09-27 18:02:31,198 - DEBUG - [global] log_uploader: STEP 1 (window log) -> https://github.com/StarateJI/L2Mauto/blob/bot-logs/runs/20260927_180228_fail_periodic.log
2026-09-27 18:02:31,198 - DEBUG - [global] log_uploader: STEP 2 SKIP (no PNGs)
2026-09-27 18:02:32,458 - DEBUG - [global] _api_put: GET runs/20260927_180228_fail_global.log -> 404
2026-09-27 18:02:34,257 - DEBUG - [global] _api_put: PUT runs/20260927_180228_fail_global.log -> 201 (20010 bytes)
2026-09-27 18:02:34,259 - DEBUG - [global] log_uploader: STEP 3 (global log) -> https://github.com/StarateJI/L2Mauto/blob/bot-logs/runs/20260927_180228_fail_global.log
2026-09-27 18:02:34,259 - DEBUG - [global] log_uploader: END window=periodic
2026-09-27 18:02:34,259 - INFO - [global] LogUploader: upload_run_logs завершён
2026-09-27 18:02:43,255 - INFO - [global] Проверяю обновы...
2026-09-27 18:02:44,065 - DEBUG - [global] needs_update: raw → 5.13.09
2026-09-27 18:02:44,506 - DEBUG - [global] needs_update: API → 5.13.09
2026-09-27 18:02:44,506 - DEBUG - [global] needs_update: лучший источник raw → 5.13.09 (из 2)
2026-09-27 18:02:44,506 - INFO - [global] needs_update: local=(5, 13, 7) remote=(5, 13, 9) -> has_update=True
2026-09-27 18:02:44,506 - INFO - [global] Доступна обнова! Спавню кнопку
2026-09-27 18:03:14,522 - INFO - [global] Проверяю обновы...
2026-09-27 18:03:15,335 - DEBUG - [global] needs_update: raw → 5.13.09
2026-09-27 18:03:15,589 - DEBUG - [global] needs_update: API → 5.13.09
2026-09-27 18:03:15,589 - DEBUG - [global] needs_update: лучший источник raw → 5.13.09 (из 2)
2026-09-27 18:03:15,589 - INFO - [global] needs_update: local=(5, 13, 7) remote=(5, 13, 9) -> has_update=True
2026-09-27 18:03:15,589 - INFO - [global] Доступна обнова! Спавню кнопку
2026-09-27 18:03:34,288 - INFO - [global] LogUploader: запускаю upload_run_logs...
2026-09-27 18:03:34,288 - DEBUG - [global] log_uploader: START window=periodic made=-1 token=...Rjnfq
2026-09-27 18:03:35,318 - DEBUG - [global] _api_put: GET runs/20260927_180334_fail_periodic.log -> 404
2026-09-27 18:03:36,991 - DEBUG - [global] _api_put: PUT runs/20260927_180334_fail_periodic.log -> 201 (1517 bytes)
2026-09-27 18:03:36,994 - DEBUG - [global] log_uploader: STEP 1 (window log) -> https://github.com/StarateJI/L2Mauto/blob/bot-logs/runs/20260927_180334_fail_periodic.log
2026-09-27 18:03:36,994 - DEBUG - [global] log_uploader: STEP 2 SKIP (no PNGs)
2026-09-27 18:03:37,982 - DEBUG - [global] _api_put: GET runs/20260927_180334_fail_global.log -> 404
2026-09-27 18:03:39,808 - DEBUG - [global] _api_put: PUT runs/20260927_180334_fail_global.log -> 201 (20010 bytes)
2026-09-27 18:03:39,810 - DEBUG - [global] log_uploader: STEP 3 (global log) -> https://github.com/StarateJI/L2Mauto/blob/bot-logs/runs/20260927_180334_fail_global.log
2026-09-27 18:03:39,810 - DEBUG - [global] log_uploader: END window=periodic
2026-09-27 18:03:39,810 - INFO - [global] LogUploader: upload_run_logs завершён
2026-09-27 18:03:45,603 - INFO - [global] Проверяю обновы...
2026-09-27 18:03:46,397 - DEBUG - [global] needs_update: raw → 5.13.09
2026-09-27 18:03:46,678 - DEBUG - [global] needs_update: API → 5.13.09
2026-09-27 18:03:46,679 - DEBUG - [global] needs_update: лучший источник raw → 5.13.09 (из 2)
2026-09-27 18:03:46,679 - INFO - [global] needs_update: local=(5, 13, 7) remote=(5, 13, 9) -> has_update=True
2026-09-27 18:03:46,679 - INFO - [global] Доступна обнова! Спавню кнопку
2026-09-27 18:04:16,693 - INFO - [global] Проверяю обновы...
2026-09-27 18:04:17,704 - DEBUG - [global] needs_update: raw → 5.13.09
2026-09-27 18:04:17,717 - DEBUG - [global] needs_update: API → 5.13.09
2026-09-27 18:04:17,718 - DEBUG - [global] needs_update: лучший источник raw → 5.13.09 (из 2)
2026-09-27 18:04:17,718 - INFO - [global] needs_update: local=(5, 13, 7) remote=(5, 13, 9) -> has_update=True
2026-09-27 18:04:17,718 - INFO - [global] Доступна обнова! Спавню кнопку
2026-09-27 18:04:39,839 - INFO - [global] LogUploader: запускаю upload_run_logs...
2026-09-27 18:04:39,839 - DEBUG - [global] log_uploader: START window=periodic made=-1 token=...Rjnfq
2026-09-27 18:04:40,729 - DEBUG - [global] _api_put: GET runs/20260927_180439_fail_periodic.log -> 404
2026-09-27 18:04:42,784 - DEBUG - [global] _api_put: PUT runs/20260927_180439_fail_periodic.log -> 201 (1517 bytes)
2026-09-27 18:04:42,787 - DEBUG - [global] log_uploader: STEP 1 (window log) -> https://github.com/StarateJI/L2Mauto/blob/bot-logs/runs/20260927_180439_fail_periodic.log
2026-09-27 18:04:42,787 - DEBUG - [global] log_uploader: STEP 2 SKIP (no PNGs)
2026-09-27 18:04:43,736 - DEBUG - [global] _api_put: GET runs/20260927_180439_fail_global.log -> 404
2026-09-27 18:04:45,644 - DEBUG - [global] _api_put: PUT runs/20260927_180439_fail_global.log -> 201 (20010 bytes)
2026-09-27 18:04:45,646 - DEBUG - [global] log_uploader: STEP 3 (global log) -> https://github.com/StarateJI/L2Mauto/blob/bot-logs/runs/20260927_180439_fail_global.log
2026-09-27 18:04:45,646 - DEBUG - [global] log_uploader: END window=periodic
2026-09-27 18:04:45,647 - INFO - [global] LogUploader: upload_run_logs завершён
2026-09-27 18:04:47,732 - INFO - [global] Проверяю обновы...
2026-09-27 18:04:48,538 - DEBUG - [global] needs_update: raw → 5.13.09
2026-09-27 18:04:48,745 - DEBUG - [global] needs_update: API → 5.13.09
2026-09-27 18:04:48,745 - DEBUG - [global] needs_update: лучший источник raw → 5.13.09 (из 2)
2026-09-27 18:04:48,745 - INFO - [global] needs_update: local=(5, 13, 7) remote=(5, 13, 9) -> has_update=True
2026-09-27 18:04:48,745 - INFO - [global] Доступна обнова! Спавню кнопку
2026-09-27 18:05:18,763 - INFO - [global] Проверяю обновы...
2026-09-27 18:05:19,569 - DEBUG - [global] needs_update: raw → 5.13.09
2026-09-27 18:05:19,748 - DEBUG - [global] needs_update: API → 5.13.09
2026-09-27 18:05:19,748 - DEBUG - [global] needs_update: лучший источник raw → 5.13.09 (из 2)
2026-09-27 18:05:19,748 - INFO - [global] needs_update: local=(5, 13, 7) remote=(5, 13, 9) -> has_update=True
2026-09-27 18:05:19,748 - INFO - [global] Доступна обнова! Спавню кнопку
2026-09-27 18:05:45,671 - INFO - [global] LogUploader: запускаю upload_run_logs...
2026-09-27 18:05:45,671 - DEBUG - [global] log_uploader: START window=periodic made=-1 token=...Rjnfq
2026-09-27 18:05:46,532 - DEBUG - [global] _api_put: GET runs/20260927_180545_fail_periodic.log -> 404
2026-09-27 18:05:47,982 - DEBUG - [global] _api_put: PUT runs/20260927_180545_fail_periodic.log -> 201 (1517 bytes)
2026-09-27 18:05:47,983 - DEBUG - [global] log_uploader: STEP 1 (window log) -> https://github.com/StarateJI/L2Mauto/blob/bot-logs/runs/20260927_180545_fail_periodic.log
2026-09-27 18:05:47,984 - DEBUG - [global] log_uploader: STEP 2 SKIP (no PNGs)
2026-09-27 18:05:48,937 - DEBUG - [global] _api_put: GET runs/20260927_180545_fail_global.log -> 404
2026-09-27 18:05:49,762 - INFO - [global] Проверяю обновы...
2026-09-27 18:05:50,568 - DEBUG - [global] needs_update: raw → 5.13.09
2026-09-27 18:05:50,745 - DEBUG - [global] needs_update: API → 5.13.09
2026-09-27 18:05:50,745 - DEBUG - [global] needs_update: лучший источник raw → 5.13.09 (из 2)
2026-09-27 18:05:50,745 - INFO - [global] needs_update: local=(5, 13, 7) remote=(5, 13, 9) -> has_update=True
2026-09-27 18:05:50,745 - INFO - [global] Доступна обнова! Спавню кнопку
2026-09-27 18:05:50,764 - DEBUG - [global] _api_put: PUT runs/20260927_180545_fail_global.log -> 201 (20010 bytes)
2026-09-27 18:05:50,766 - DEBUG - [global] log_uploader: STEP 3 (global log) -> https://github.com/StarateJI/L2Mauto/blob/bot-logs/runs/20260927_180545_fail_global.log
2026-09-27 18:05:50,766 - DEBUG - [global] log_uploader: END window=periodic
2026-09-27 18:05:50,766 - INFO - [global] LogUploader: upload_run_logs завершён
2026-09-27 18:06:20,758 - INFO - [global] Проверяю обновы...
2026-09-27 18:06:21,566 - DEBUG - [global] needs_update: raw → 5.13.09
2026-09-27 18:06:21,767 - DEBUG - [global] needs_update: API → 5.13.09
2026-09-27 18:06:21,767 - DEBUG - [global] needs_update: лучший источник raw → 5.13.09 (из 2)
2026-09-27 18:06:21,768 - INFO - [global] needs_update: local=(5, 13, 7) remote=(5, 13, 9) -> has_update=True
2026-09-27 18:06:21,768 - INFO - [global] Доступна обнова! Спавню кнопку
2026-09-27 18:06:50,797 - INFO - [global] LogUploader: запускаю upload_run_logs...
2026-09-27 18:06:50,797 - DEBUG - [global] log_uploader: START window=periodic made=-1 token=...Rjnfq
2026-09-27 18:06:51,659 - DEBUG - [global] _api_put: GET runs/20260927_180650_fail_periodic.log -> 404
2026-09-27 18:06:51,780 - INFO - [global] Проверяю обновы...
2026-09-27 18:06:52,670 - DEBUG - [global] needs_update: raw → 5.13.09
2026-09-27 18:06:52,923 - DEBUG - [global] needs_update: API → 5.13.09
2026-09-27 18:06:52,924 - DEBUG - [global] needs_update: лучший источник raw → 5.13.09 (из 2)
2026-09-27 18:06:52,924 - INFO - [global] needs_update: local=(5, 13, 7) remote=(5, 13, 9) -> has_update=True
2026-09-27 18:06:52,924 - INFO - [global] Доступна обнова! Спавню кнопку
2026-09-27 18:06:53,722 - DEBUG - [global] _api_put: PUT runs/20260927_180650_fail_periodic.log -> 201 (1517 bytes)
2026-09-27 18:06:53,724 - DEBUG - [global] log_uploader: STEP 1 (window log) -> https://github.com/StarateJI/L2Mauto/blob/bot-logs/runs/20260927_180650_fail_periodic.log
2026-09-27 18:06:53,724 - DEBUG - [global] log_uploader: STEP 2 SKIP (no PNGs)
2026-09-27 18:06:54,734 - DEBUG - [global] _api_put: GET runs/20260927_180650_fail_global.log -> 404
2026-09-27 18:06:56,507 - DEBUG - [global] _api_put: PUT runs/20260927_180650_fail_global.log -> 201 (20010 bytes)
2026-09-27 18:06:56,508 - DEBUG - [global] log_uploader: STEP 3 (global log) -> https://github.com/StarateJI/L2Mauto/blob/bot-logs/runs/20260927_180650_fail_global.log
2026-09-27 18:06:56,508 - DEBUG - [global] log_uploader: END window=periodic
2026-09-27 18:06:56,508 - INFO - [global] LogUploader: upload_run_logs завершён
2026-09-27 18:07:22,938 - INFO - [global] Проверяю обновы...
2026-09-27 18:07:23,750 - DEBUG - [global] needs_update: raw → 5.13.09
2026-09-27 18:07:23,996 - DEBUG - [global] needs_update: API → 5.13.09
2026-09-27 18:07:23,996 - DEBUG - [global] needs_update: лучший источник raw → 5.13.09 (из 2)
2026-09-27 18:07:23,996 - INFO - [global] needs_update: local=(5, 13, 7) remote=(5, 13, 9) -> has_update=True
2026-09-27 18:07:23,996 - INFO - [global] Доступна обнова! Спавню кнопку
2026-09-27 18:07:54,014 - INFO - [global] Проверяю обновы...
2026-09-27 18:07:54,813 - DEBUG - [global] needs_update: raw → 5.13.09
2026-09-27 18:07:55,089 - DEBUG - [global] needs_update: API → 5.13.09
2026-09-27 18:07:55,089 - DEBUG - [global] needs_update: лучший источник raw → 5.13.09 (из 2)
2026-09-27 18:07:55,089 - INFO - [global] needs_update: local=(5, 13, 7) remote=(5, 13, 9) -> has_update=True
2026-09-27 18:07:55,089 - INFO - [global] Доступна обнова! Спавню кнопку
2026-09-27 18:07:56,539 - INFO - [global] LogUploader: запускаю upload_run_logs...
2026-09-27 18:07:56,539 - DEBUG - [global] log_uploader: START window=periodic made=-1 token=...Rjnfq
2026-09-27 18:07:57,400 - DEBUG - [global] _api_put: GET runs/20260927_180756_fail_periodic.log -> 404
2026-09-27 18:07:59,008 - DEBUG - [global] _api_put: PUT runs/20260927_180756_fail_periodic.log -> 201 (1517 bytes)
2026-09-27 18:07:59,010 - DEBUG - [global] log_uploader: STEP 1 (window log) -> https://github.com/StarateJI/L2Mauto/blob/bot-logs/runs/20260927_180756_fail_periodic.log
2026-09-27 18:07:59,010 - DEBUG - [global] log_uploader: STEP 2 SKIP (no PNGs)
2026-09-27 18:07:59,940 - DEBUG - [global] _api_put: GET runs/20260927_180756_fail_global.log -> 404
2026-09-27 18:08:01,803 - DEBUG - [global] _api_put: PUT runs/20260927_180756_fail_global.log -> 201 (20010 bytes)
2026-09-27 18:08:01,806 - DEBUG - [global] log_uploader: STEP 3 (global log) -> https://github.com/StarateJI/L2Mauto/blob/bot-logs/runs/20260927_180756_fail_global.log
2026-09-27 18:08:01,806 - DEBUG - [global] log_uploader: END window=periodic
2026-09-27 18:08:01,806 - INFO - [global] LogUploader: upload_run_logs завершён
2026-09-27 18:08:25,102 - INFO - [global] Проверяю обновы...
2026-09-27 18:08:25,899 - DEBUG - [global] needs_update: raw → 5.13.09
2026-09-27 18:08:26,146 - DEBUG - [global] needs_update: API → 5.13.09
2026-09-27 18:08:26,146 - DEBUG - [global] needs_update: лучший источник raw → 5.13.09 (из 2)
2026-09-27 18:08:26,146 - INFO - [global] needs_update: local=(5, 13, 7) remote=(5, 13, 9) -> has_update=True
2026-09-27 18:08:26,146 - INFO - [global] Доступна обнова! Спавню кнопку
2026-09-27 18:08:56,164 - INFO - [global] Проверяю обновы...
2026-09-27 18:08:56,983 - DEBUG - [global] needs_update: raw → 5.13.09
2026-09-27 18:08:57,167 - DEBUG - [global] needs_update: API → 5.13.09
2026-09-27 18:08:57,167 - DEBUG - [global] needs_update: лучший источник raw → 5.13.09 (из 2)
2026-09-27 18:08:57,167 - INFO - [global] needs_update: local=(5, 13, 7) remote=(5, 13, 9) -> has_update=True
2026-09-27 18:08:57,167 - INFO - [global] Доступна обнова! Спавню кнопку
2026-09-27 18:09:01,832 - INFO - [global] LogUploader: запускаю upload_run_logs...
2026-09-27 18:09:01,832 - DEBUG - [global] log_uploader: START window=periodic made=-1 token=...Rjnfq
2026-09-27 18:09:02,776 - DEBUG - [global] _api_put: GET runs/20260927_180901_fail_periodic.log -> 404
2026-09-27 18:09:04,463 - DEBUG - [global] _api_put: PUT runs/20260927_180901_fail_periodic.log -> 201 (1517 bytes)
2026-09-27 18:09:04,465 - DEBUG - [global] log_uploader: STEP 1 (window log) -> https://github.com/StarateJI/L2Mauto/blob/bot-logs/runs/20260927_180901_fail_periodic.log
2026-09-27 18:09:04,466 - DEBUG - [global] log_uploader: STEP 2 SKIP (no PNGs)
2026-09-27 18:09:05,444 - DEBUG - [global] _api_put: GET runs/20260927_180901_fail_global.log -> 404
2026-09-27 18:09:07,168 - DEBUG - [global] _api_put: PUT runs/20260927_180901_fail_global.log -> 201 (20010 bytes)
2026-09-27 18:09:07,170 - DEBUG - [global] log_uploader: STEP 3 (global log) -> https://github.com/StarateJI/L2Mauto/blob/bot-logs/runs/20260927_180901_fail_global.log
2026-09-27 18:09:07,170 - DEBUG - [global] log_uploader: END window=periodic
2026-09-27 18:09:07,170 - INFO - [global] LogUploader: upload_run_logs завершён
2026-09-27 18:09:27,182 - INFO - [global] Проверяю обновы...
2026-09-27 18:09:28,170 - DEBUG - [global] needs_update: API → 5.13.09
2026-09-27 18:09:28,221 - DEBUG - [global] needs_update: raw → 5.13.09
2026-09-27 18:09:28,221 - DEBUG - [global] needs_update: лучший источник API → 5.13.09 (из 2)
2026-09-27 18:09:28,221 - INFO - [global] needs_update: local=(5, 13, 7) remote=(5, 13, 9) -> has_update=True
2026-09-27 18:09:28,221 - INFO - [global] Доступна обнова! Спавню кнопку
2026-09-27 18:09:58,233 - INFO - [global] Проверяю обновы...
2026-09-27 18:09:59,070 - DEBUG - [global] needs_update: raw → 5.13.09
2026-09-27 18:09:59,243 - DEBUG - [global] needs_update: API → 5.13.09
2026-09-27 18:09:59,243 - DEBUG - [global] needs_update: лучший источник raw → 5.13.09 (из 2)
2026-09-27 18:09:59,243 - INFO - [global] needs_update: local=(5, 13, 7) remote=(5, 13, 9) -> has_update=True
2026-09-27 18:09:59,243 - INFO - [global] Доступна обнова! Спавню кнопку
2026-09-27 18:10:07,194 - INFO - [global] LogUploader: запускаю upload_run_logs...
2026-09-27 18:10:07,194 - DEBUG - [global] log_uploader: START window=periodic made=-1 token=...Rjnfq
2026-09-27 18:10:08,117 - DEBUG - [global] _api_put: GET runs/20260927_181007_fail_periodic.log -> 404
2026-09-27 18:10:09,792 - DEBUG - [global] _api_put: PUT runs/20260927_181007_fail_periodic.log -> 201 (1517 bytes)
2026-09-27 18:10:09,793 - DEBUG - [global] log_uploader: STEP 1 (window log) -> https://github.com/StarateJI/L2Mauto/blob/bot-logs/runs/20260927_181007_fail_periodic.log
2026-09-27 18:10:09,794 - DEBUG - [global] log_uploader: STEP 2 SKIP (no PNGs)
