=== Log tail 2026-10-02T20:16:15.246548 | last 200 lines ===
2026-10-02 20:06:37,236 - DEBUG - [global] needs_update: API → 5.13.09
2026-10-02 20:06:37,236 - DEBUG - [global] needs_update: лучший источник raw → 5.13.09 (из 2)
2026-10-02 20:06:37,236 - INFO - [global] needs_update: local=(5, 13, 7) remote=(5, 13, 9) -> has_update=True
2026-10-02 20:06:37,236 - INFO - [global] Доступна обнова! Спавню кнопку
2026-10-02 20:06:43,915 - INFO - [global] LogUploader: запускаю upload_run_logs...
2026-10-02 20:06:43,915 - DEBUG - [global] log_uploader: START window=periodic made=-1 token=...Rjnfq
2026-10-02 20:06:44,895 - DEBUG - [global] _api_put: GET runs/20261002_200643_fail_periodic.log -> 404
2026-10-02 20:06:49,522 - DEBUG - [global] _api_put: PUT runs/20261002_200643_fail_periodic.log -> 201 (3411 bytes)
2026-10-02 20:06:49,524 - DEBUG - [global] log_uploader: STEP 1 (window log) -> https://github.com/StarateJI/L2Mauto/blob/bot-logs/runs/20261002_200643_fail_periodic.log
2026-10-02 20:06:49,524 - DEBUG - [global] log_uploader: STEP 2 SKIP (no PNGs)
2026-10-02 20:06:50,505 - DEBUG - [global] _api_put: GET runs/20261002_200643_fail_global.log -> 404
2026-10-02 20:06:52,624 - DEBUG - [global] _api_put: PUT runs/20261002_200643_fail_global.log -> 201 (20261 bytes)
2026-10-02 20:06:52,625 - DEBUG - [global] log_uploader: STEP 3 (global log) -> https://github.com/StarateJI/L2Mauto/blob/bot-logs/runs/20261002_200643_fail_global.log
2026-10-02 20:06:52,625 - DEBUG - [global] log_uploader: END window=periodic
2026-10-02 20:06:52,625 - INFO - [global] LogUploader: upload_run_logs завершён
2026-10-02 20:07:07,253 - INFO - [global] Проверяю обновы...
2026-10-02 20:07:08,037 - DEBUG - [global] needs_update: raw → 5.13.09
2026-10-02 20:07:11,899 - DEBUG - [global] needs_update: API → 5.13.09
2026-10-02 20:07:11,899 - DEBUG - [global] needs_update: лучший источник raw → 5.13.09 (из 2)
2026-10-02 20:07:11,899 - INFO - [global] needs_update: local=(5, 13, 7) remote=(5, 13, 9) -> has_update=True
2026-10-02 20:07:11,899 - INFO - [global] Доступна обнова! Спавню кнопку
2026-10-02 20:07:41,913 - INFO - [global] Проверяю обновы...
2026-10-02 20:07:42,713 - DEBUG - [global] needs_update: raw → 5.13.09
2026-10-02 20:07:43,150 - DEBUG - [global] needs_update: API → 5.13.09
2026-10-02 20:07:43,150 - DEBUG - [global] needs_update: лучший источник raw → 5.13.09 (из 2)
2026-10-02 20:07:43,150 - INFO - [global] needs_update: local=(5, 13, 7) remote=(5, 13, 9) -> has_update=True
2026-10-02 20:07:43,151 - INFO - [global] Доступна обнова! Спавню кнопку
2026-10-02 20:07:52,652 - INFO - [global] LogUploader: запускаю upload_run_logs...
2026-10-02 20:07:52,652 - DEBUG - [global] log_uploader: START window=periodic made=-1 token=...Rjnfq
2026-10-02 20:07:53,726 - DEBUG - [global] _api_put: GET runs/20261002_200752_fail_periodic.log -> 404
2026-10-02 20:07:56,400 - DEBUG - [global] _api_put: PUT runs/20261002_200752_fail_periodic.log -> 201 (3411 bytes)
2026-10-02 20:07:56,402 - DEBUG - [global] log_uploader: STEP 1 (window log) -> https://github.com/StarateJI/L2Mauto/blob/bot-logs/runs/20261002_200752_fail_periodic.log
2026-10-02 20:07:56,403 - DEBUG - [global] log_uploader: STEP 2 SKIP (no PNGs)
2026-10-02 20:07:58,647 - DEBUG - [global] _api_put: GET runs/20261002_200752_fail_global.log -> 404
2026-10-02 20:08:00,999 - DEBUG - [global] _api_put: PUT runs/20261002_200752_fail_global.log -> 201 (20380 bytes)
2026-10-02 20:08:01,001 - DEBUG - [global] log_uploader: STEP 3 (global log) -> https://github.com/StarateJI/L2Mauto/blob/bot-logs/runs/20261002_200752_fail_global.log
2026-10-02 20:08:01,001 - DEBUG - [global] log_uploader: END window=periodic
2026-10-02 20:08:01,001 - INFO - [global] LogUploader: upload_run_logs завершён
2026-10-02 20:08:13,164 - INFO - [global] Проверяю обновы...
2026-10-02 20:08:14,330 - DEBUG - [global] needs_update: API → 5.13.09
2026-10-02 20:08:14,332 - DEBUG - [global] needs_update: raw → 5.13.09
2026-10-02 20:08:14,333 - DEBUG - [global] needs_update: лучший источник API → 5.13.09 (из 2)
2026-10-02 20:08:14,333 - INFO - [global] needs_update: local=(5, 13, 7) remote=(5, 13, 9) -> has_update=True
2026-10-02 20:08:14,333 - INFO - [global] Доступна обнова! Спавню кнопку
2026-10-02 20:08:44,346 - INFO - [global] Проверяю обновы...
2026-10-02 20:08:45,131 - DEBUG - [global] needs_update: raw → 5.13.09
2026-10-02 20:08:48,437 - DEBUG - [global] needs_update: API → 5.13.09
2026-10-02 20:08:48,438 - DEBUG - [global] needs_update: лучший источник raw → 5.13.09 (из 2)
2026-10-02 20:08:48,438 - INFO - [global] needs_update: local=(5, 13, 7) remote=(5, 13, 9) -> has_update=True
2026-10-02 20:08:48,438 - INFO - [global] Доступна обнова! Спавню кнопку
2026-10-02 20:09:01,029 - INFO - [global] LogUploader: запускаю upload_run_logs...
2026-10-02 20:09:01,029 - DEBUG - [global] log_uploader: START window=periodic made=-1 token=...Rjnfq
2026-10-02 20:09:03,252 - DEBUG - [global] _api_put: GET runs/20261002_200901_fail_periodic.log -> 404
2026-10-02 20:09:07,540 - DEBUG - [global] _api_put: PUT runs/20261002_200901_fail_periodic.log -> 201 (3411 bytes)
2026-10-02 20:09:07,542 - DEBUG - [global] log_uploader: STEP 1 (window log) -> https://github.com/StarateJI/L2Mauto/blob/bot-logs/runs/20261002_200901_fail_periodic.log
2026-10-02 20:09:07,542 - DEBUG - [global] log_uploader: STEP 2 SKIP (no PNGs)
2026-10-02 20:09:10,192 - DEBUG - [global] _api_put: GET runs/20261002_200901_fail_global.log -> 404
2026-10-02 20:09:13,397 - DEBUG - [global] _api_put: PUT runs/20261002_200901_fail_global.log -> 201 (20380 bytes)
2026-10-02 20:09:13,399 - DEBUG - [global] log_uploader: STEP 3 (global log) -> https://github.com/StarateJI/L2Mauto/blob/bot-logs/runs/20261002_200901_fail_global.log
2026-10-02 20:09:13,399 - DEBUG - [global] log_uploader: END window=periodic
2026-10-02 20:09:13,399 - INFO - [global] LogUploader: upload_run_logs завершён
2026-10-02 20:09:18,452 - INFO - [global] Проверяю обновы...
2026-10-02 20:09:19,231 - DEBUG - [global] needs_update: raw → 5.13.09
2026-10-02 20:09:19,741 - DEBUG - [global] needs_update: API → 5.13.09
2026-10-02 20:09:19,741 - DEBUG - [global] needs_update: лучший источник raw → 5.13.09 (из 2)
2026-10-02 20:09:19,742 - INFO - [global] needs_update: local=(5, 13, 7) remote=(5, 13, 9) -> has_update=True
2026-10-02 20:09:19,742 - INFO - [global] Доступна обнова! Спавню кнопку
2026-10-02 20:09:49,757 - INFO - [global] Проверяю обновы...
2026-10-02 20:09:50,516 - DEBUG - [global] needs_update: raw → 5.13.09
2026-10-02 20:09:50,809 - DEBUG - [global] needs_update: API → 5.13.09
2026-10-02 20:09:50,809 - DEBUG - [global] needs_update: лучший источник raw → 5.13.09 (из 2)
2026-10-02 20:09:50,809 - INFO - [global] needs_update: local=(5, 13, 7) remote=(5, 13, 9) -> has_update=True
2026-10-02 20:09:50,809 - INFO - [global] Доступна обнова! Спавню кнопку
2026-10-02 20:10:13,431 - INFO - [global] LogUploader: запускаю upload_run_logs...
2026-10-02 20:10:13,431 - DEBUG - [global] log_uploader: START window=periodic made=-1 token=...Rjnfq
2026-10-02 20:10:14,417 - DEBUG - [global] _api_put: GET runs/20261002_201013_fail_periodic.log -> 404
2026-10-02 20:10:17,617 - DEBUG - [global] _api_put: PUT runs/20261002_201013_fail_periodic.log -> 201 (3411 bytes)
2026-10-02 20:10:17,619 - DEBUG - [global] log_uploader: STEP 1 (window log) -> https://github.com/StarateJI/L2Mauto/blob/bot-logs/runs/20261002_201013_fail_periodic.log
2026-10-02 20:10:17,619 - DEBUG - [global] log_uploader: STEP 2 SKIP (no PNGs)
2026-10-02 20:10:19,736 - DEBUG - [global] _api_put: GET runs/20261002_201013_fail_global.log -> 404
2026-10-02 20:10:20,825 - INFO - [global] Проверяю обновы...
2026-10-02 20:10:21,730 - DEBUG - [global] needs_update: raw → 5.13.09
2026-10-02 20:10:21,981 - DEBUG - [global] needs_update: API → 5.13.09
2026-10-02 20:10:21,981 - DEBUG - [global] needs_update: лучший источник raw → 5.13.09 (из 2)
2026-10-02 20:10:21,981 - INFO - [global] needs_update: local=(5, 13, 7) remote=(5, 13, 9) -> has_update=True
2026-10-02 20:10:21,981 - INFO - [global] Доступна обнова! Спавню кнопку
2026-10-02 20:10:23,897 - DEBUG - [global] _api_put: PUT runs/20261002_201013_fail_global.log -> 201 (20380 bytes)
2026-10-02 20:10:23,899 - DEBUG - [global] log_uploader: STEP 3 (global log) -> https://github.com/StarateJI/L2Mauto/blob/bot-logs/runs/20261002_201013_fail_global.log
2026-10-02 20:10:23,899 - DEBUG - [global] log_uploader: END window=periodic
2026-10-02 20:10:23,899 - INFO - [global] LogUploader: upload_run_logs завершён
2026-10-02 20:10:51,994 - INFO - [global] Проверяю обновы...
2026-10-02 20:10:52,823 - DEBUG - [global] needs_update: raw → 5.13.09
2026-10-02 20:10:53,092 - DEBUG - [global] needs_update: API → 5.13.09
2026-10-02 20:10:53,092 - DEBUG - [global] needs_update: лучший источник raw → 5.13.09 (из 2)
2026-10-02 20:10:53,092 - INFO - [global] needs_update: local=(5, 13, 7) remote=(5, 13, 9) -> has_update=True
2026-10-02 20:10:53,092 - INFO - [global] Доступна обнова! Спавню кнопку
2026-10-02 20:11:23,104 - INFO - [global] Проверяю обновы...
2026-10-02 20:11:23,845 - DEBUG - [global] needs_update: raw → 5.13.09
2026-10-02 20:11:23,924 - INFO - [global] LogUploader: запускаю upload_run_logs...
2026-10-02 20:11:23,924 - DEBUG - [global] log_uploader: START window=periodic made=-1 token=...Rjnfq
2026-10-02 20:11:24,227 - DEBUG - [global] needs_update: API → 5.13.09
2026-10-02 20:11:24,228 - DEBUG - [global] needs_update: лучший источник raw → 5.13.09 (из 2)
2026-10-02 20:11:24,228 - INFO - [global] needs_update: local=(5, 13, 7) remote=(5, 13, 9) -> has_update=True
2026-10-02 20:11:24,228 - INFO - [global] Доступна обнова! Спавню кнопку
2026-10-02 20:11:26,172 - DEBUG - [global] _api_put: GET runs/20261002_201123_fail_periodic.log -> 404
2026-10-02 20:11:29,982 - DEBUG - [global] _api_put: PUT runs/20261002_201123_fail_periodic.log -> 201 (3411 bytes)
2026-10-02 20:11:29,984 - DEBUG - [global] log_uploader: STEP 1 (window log) -> https://github.com/StarateJI/L2Mauto/blob/bot-logs/runs/20261002_201123_fail_periodic.log
2026-10-02 20:11:29,984 - DEBUG - [global] log_uploader: STEP 2 SKIP (no PNGs)
2026-10-02 20:11:32,059 - DEBUG - [global] _api_put: GET runs/20261002_201123_fail_global.log -> 404
2026-10-02 20:11:34,239 - DEBUG - [global] _api_put: PUT runs/20261002_201123_fail_global.log -> 201 (20045 bytes)
2026-10-02 20:11:34,241 - DEBUG - [global] log_uploader: STEP 3 (global log) -> https://github.com/StarateJI/L2Mauto/blob/bot-logs/runs/20261002_201123_fail_global.log
2026-10-02 20:11:34,241 - DEBUG - [global] log_uploader: END window=periodic
2026-10-02 20:11:34,241 - INFO - [global] LogUploader: upload_run_logs завершён
2026-10-02 20:11:54,242 - INFO - [global] Проверяю обновы...
2026-10-02 20:11:54,967 - DEBUG - [global] needs_update: raw → 5.13.09
2026-10-02 20:11:55,353 - DEBUG - [global] needs_update: API → 5.13.09
2026-10-02 20:11:55,353 - DEBUG - [global] needs_update: лучший источник raw → 5.13.09 (из 2)
2026-10-02 20:11:55,353 - INFO - [global] needs_update: local=(5, 13, 7) remote=(5, 13, 9) -> has_update=True
2026-10-02 20:11:55,353 - INFO - [global] Доступна обнова! Спавню кнопку
2026-10-02 20:12:25,367 - INFO - [global] Проверяю обновы...
2026-10-02 20:12:26,176 - DEBUG - [global] needs_update: raw → 5.13.09
2026-10-02 20:12:26,456 - DEBUG - [global] needs_update: API → 5.13.09
2026-10-02 20:12:26,456 - DEBUG - [global] needs_update: лучший источник raw → 5.13.09 (из 2)
2026-10-02 20:12:26,456 - INFO - [global] needs_update: local=(5, 13, 7) remote=(5, 13, 9) -> has_update=True
2026-10-02 20:12:26,456 - INFO - [global] Доступна обнова! Спавню кнопку
2026-10-02 20:12:34,271 - INFO - [global] LogUploader: запускаю upload_run_logs...
2026-10-02 20:12:34,271 - DEBUG - [global] log_uploader: START window=periodic made=-1 token=...Rjnfq
2026-10-02 20:12:36,483 - DEBUG - [global] _api_put: GET runs/20261002_201234_fail_periodic.log -> 404
2026-10-02 20:12:39,993 - DEBUG - [global] _api_put: PUT runs/20261002_201234_fail_periodic.log -> 201 (3411 bytes)
2026-10-02 20:12:39,994 - DEBUG - [global] log_uploader: STEP 1 (window log) -> https://github.com/StarateJI/L2Mauto/blob/bot-logs/runs/20261002_201234_fail_periodic.log
2026-10-02 20:12:39,994 - DEBUG - [global] log_uploader: STEP 2 SKIP (no PNGs)
2026-10-02 20:12:43,549 - DEBUG - [global] _api_put: GET runs/20261002_201234_fail_global.log -> 404
2026-10-02 20:12:46,909 - DEBUG - [global] _api_put: PUT runs/20261002_201234_fail_global.log -> 201 (20128 bytes)
2026-10-02 20:12:46,911 - DEBUG - [global] log_uploader: STEP 3 (global log) -> https://github.com/StarateJI/L2Mauto/blob/bot-logs/runs/20261002_201234_fail_global.log
2026-10-02 20:12:46,911 - DEBUG - [global] log_uploader: END window=periodic
2026-10-02 20:12:46,911 - INFO - [global] LogUploader: upload_run_logs завершён
2026-10-02 20:12:56,471 - INFO - [global] Проверяю обновы...
2026-10-02 20:12:57,234 - DEBUG - [global] needs_update: raw → 5.13.09
2026-10-02 20:12:57,513 - DEBUG - [global] needs_update: API → 5.13.09
2026-10-02 20:12:57,513 - DEBUG - [global] needs_update: лучший источник raw → 5.13.09 (из 2)
2026-10-02 20:12:57,513 - INFO - [global] needs_update: local=(5, 13, 7) remote=(5, 13, 9) -> has_update=True
2026-10-02 20:12:57,513 - INFO - [global] Доступна обнова! Спавню кнопку
2026-10-02 20:13:27,527 - INFO - [global] Проверяю обновы...
2026-10-02 20:13:28,206 - DEBUG - [global] needs_update: raw → 5.13.09
2026-10-02 20:13:34,061 - DEBUG - [global] needs_update: API failed: ReadTimeout: HTTPSConnectionPool(host='api.github.com', port=443): Read timed out. (read timeout=5)
2026-10-02 20:13:34,061 - DEBUG - [global] needs_update: лучший источник raw → 5.13.09 (из 1)
2026-10-02 20:13:34,061 - INFO - [global] needs_update: local=(5, 13, 7) remote=(5, 13, 9) -> has_update=True
2026-10-02 20:13:34,061 - INFO - [global] Доступна обнова! Спавню кнопку
2026-10-02 20:13:46,939 - INFO - [global] LogUploader: запускаю upload_run_logs...
2026-10-02 20:13:46,939 - DEBUG - [global] log_uploader: START window=periodic made=-1 token=...Rjnfq
2026-10-02 20:13:47,894 - DEBUG - [global] _api_put: GET runs/20261002_201346_fail_periodic.log -> 404
2026-10-02 20:13:54,461 - DEBUG - [global] _api_put: PUT runs/20261002_201346_fail_periodic.log -> 201 (3411 bytes)
2026-10-02 20:13:54,464 - DEBUG - [global] log_uploader: STEP 1 (window log) -> https://github.com/StarateJI/L2Mauto/blob/bot-logs/runs/20261002_201346_fail_periodic.log
2026-10-02 20:13:54,464 - DEBUG - [global] log_uploader: STEP 2 SKIP (no PNGs)
2026-10-02 20:13:55,535 - DEBUG - [global] _api_put: GET runs/20261002_201346_fail_global.log -> 404
2026-10-02 20:13:57,773 - DEBUG - [global] _api_put: PUT runs/20261002_201346_fail_global.log -> 201 (20061 bytes)
2026-10-02 20:13:57,776 - DEBUG - [global] log_uploader: STEP 3 (global log) -> https://github.com/StarateJI/L2Mauto/blob/bot-logs/runs/20261002_201346_fail_global.log
2026-10-02 20:13:57,776 - DEBUG - [global] log_uploader: END window=periodic
2026-10-02 20:13:57,776 - INFO - [global] LogUploader: upload_run_logs завершён
2026-10-02 20:14:04,074 - INFO - [global] Проверяю обновы...
2026-10-02 20:14:04,921 - DEBUG - [global] needs_update: raw → 5.13.09
2026-10-02 20:14:11,300 - DEBUG - [global] needs_update: API failed: ReadTimeout: HTTPSConnectionPool(host='api.github.com', port=443): Read timed out. (read timeout=5)
2026-10-02 20:14:11,301 - DEBUG - [global] needs_update: лучший источник raw → 5.13.09 (из 1)
2026-10-02 20:14:11,301 - INFO - [global] needs_update: local=(5, 13, 7) remote=(5, 13, 9) -> has_update=True
2026-10-02 20:14:11,301 - INFO - [global] Доступна обнова! Спавню кнопку
2026-10-02 20:14:41,316 - INFO - [global] Проверяю обновы...
2026-10-02 20:14:42,077 - DEBUG - [global] needs_update: raw → 5.13.09
2026-10-02 20:14:43,923 - DEBUG - [global] needs_update: API → 5.13.09
2026-10-02 20:14:43,923 - DEBUG - [global] needs_update: лучший источник raw → 5.13.09 (из 2)
2026-10-02 20:14:43,923 - INFO - [global] needs_update: local=(5, 13, 7) remote=(5, 13, 9) -> has_update=True
2026-10-02 20:14:43,923 - INFO - [global] Доступна обнова! Спавню кнопку
2026-10-02 20:14:57,805 - INFO - [global] LogUploader: запускаю upload_run_logs...
2026-10-02 20:14:57,805 - DEBUG - [global] log_uploader: START window=periodic made=-1 token=...Rjnfq
2026-10-02 20:14:58,771 - DEBUG - [global] _api_put: GET runs/20261002_201457_fail_periodic.log -> 404
2026-10-02 20:15:01,140 - DEBUG - [global] _api_put: PUT runs/20261002_201457_fail_periodic.log -> 201 (3411 bytes)
2026-10-02 20:15:01,141 - DEBUG - [global] log_uploader: STEP 1 (window log) -> https://github.com/StarateJI/L2Mauto/blob/bot-logs/runs/20261002_201457_fail_periodic.log
2026-10-02 20:15:01,142 - DEBUG - [global] log_uploader: STEP 2 SKIP (no PNGs)
2026-10-02 20:15:02,155 - DEBUG - [global] _api_put: GET runs/20261002_201457_fail_global.log -> 404
2026-10-02 20:15:09,260 - DEBUG - [global] _api_put: PUT runs/20261002_201457_fail_global.log -> 201 (20157 bytes)
2026-10-02 20:15:09,262 - DEBUG - [global] log_uploader: STEP 3 (global log) -> https://github.com/StarateJI/L2Mauto/blob/bot-logs/runs/20261002_201457_fail_global.log
2026-10-02 20:15:09,262 - DEBUG - [global] log_uploader: END window=periodic
2026-10-02 20:15:09,262 - INFO - [global] LogUploader: upload_run_logs завершён
2026-10-02 20:15:13,939 - INFO - [global] Проверяю обновы...
2026-10-02 20:15:14,790 - DEBUG - [global] needs_update: raw → 5.13.09
2026-10-02 20:15:15,048 - DEBUG - [global] needs_update: API → 5.13.09
2026-10-02 20:15:15,048 - DEBUG - [global] needs_update: лучший источник raw → 5.13.09 (из 2)
2026-10-02 20:15:15,048 - INFO - [global] needs_update: local=(5, 13, 7) remote=(5, 13, 9) -> has_update=True
2026-10-02 20:15:15,048 - INFO - [global] Доступна обнова! Спавню кнопку
2026-10-02 20:15:45,072 - INFO - [global] Проверяю обновы...
2026-10-02 20:15:45,873 - DEBUG - [global] needs_update: raw → 5.13.09
2026-10-02 20:15:46,229 - DEBUG - [global] needs_update: API → 5.13.09
2026-10-02 20:15:46,229 - DEBUG - [global] needs_update: лучший источник raw → 5.13.09 (из 2)
2026-10-02 20:15:46,229 - INFO - [global] needs_update: local=(5, 13, 7) remote=(5, 13, 9) -> has_update=True
2026-10-02 20:15:46,229 - INFO - [global] Доступна обнова! Спавню кнопку
2026-10-02 20:16:09,293 - INFO - [global] LogUploader: запускаю upload_run_logs...
2026-10-02 20:16:09,293 - DEBUG - [global] log_uploader: START window=periodic made=-1 token=...Rjnfq
2026-10-02 20:16:10,368 - DEBUG - [global] _api_put: GET runs/20261002_201609_fail_periodic.log -> 404
2026-10-02 20:16:15,219 - DEBUG - [global] _api_put: PUT runs/20261002_201609_fail_periodic.log -> 201 (3411 bytes)
2026-10-02 20:16:15,221 - DEBUG - [global] log_uploader: STEP 1 (window log) -> https://github.com/StarateJI/L2Mauto/blob/bot-logs/runs/20261002_201609_fail_periodic.log
2026-10-02 20:16:15,221 - DEBUG - [global] log_uploader: STEP 2 SKIP (no PNGs)
