=== Log tail 2026-09-17T07:15:15.849647 | last 200 lines ===
2026-09-17 07:06:58,928 - DEBUG - [global] needs_update: jsdelivr → 5.9.0
2026-09-17 07:06:58,929 - DEBUG - [global] needs_update: лучший источник raw → 5.9.0 (из 3)
2026-09-17 07:06:58,931 - INFO - [global] needs_update: local=(5, 8, 2) remote=(5, 9, 0) -> has_update=True
2026-09-17 07:06:58,931 - INFO - [global] Доступна обнова! Спавню кнопку
2026-09-17 07:07:28,950 - INFO - [global] Проверяю обновы...
2026-09-17 07:07:29,691 - DEBUG - [global] needs_update: raw → 5.9.0
2026-09-17 07:07:30,605 - DEBUG - [global] needs_update: API GitHub → 5.9.0
2026-09-17 07:07:31,244 - DEBUG - [global] needs_update: jsdelivr → 5.9.0
2026-09-17 07:07:31,244 - DEBUG - [global] needs_update: лучший источник raw → 5.9.0 (из 3)
2026-09-17 07:07:31,248 - INFO - [global] needs_update: local=(5, 8, 2) remote=(5, 9, 0) -> has_update=True
2026-09-17 07:07:31,248 - INFO - [global] Доступна обнова! Спавню кнопку
2026-09-17 07:07:36,155 - INFO - [global] LogUploader: запускаю upload_run_logs...
2026-09-17 07:07:36,156 - DEBUG - [global] log_uploader: START window=periodic made=-1 token=...Rjnfq
2026-09-17 07:07:37,085 - DEBUG - [global] _api_put: GET runs/20260917_070736_fail_periodic.log -> 404
2026-09-17 07:07:38,682 - DEBUG - [global] _api_put: PUT runs/20260917_070736_fail_periodic.log -> 409 (10182 bytes)
2026-09-17 07:07:38,683 - WARNING - [global] _api_put: PUT failed body: {"message":"is at c60786f8c9caaa2491834da6ca9382ecfc5d47e8 but expected e9b9069509935043b189f2b271e1ad88bdd859ef","documentation_url":"https://docs.github.com/rest/repos/contents#create-or-update-file
2026-09-17 07:07:38,685 - DEBUG - [global] log_uploader: STEP 1 (window log) -> FAILED
2026-09-17 07:07:38,685 - DEBUG - [global] log_uploader: STEP 2 SKIP (no PNGs)
2026-09-17 07:07:39,778 - DEBUG - [global] _api_put: GET runs/20260917_070736_fail_global.log -> 404
2026-09-17 07:07:41,338 - DEBUG - [global] _api_put: PUT runs/20260917_070736_fail_global.log -> 409 (19924 bytes)
2026-09-17 07:07:41,339 - WARNING - [global] _api_put: PUT failed body: {"message":"is at 7e94fa3b8fc80b25307615d66f0cca71bc509e1e but expected c60786f8c9caaa2491834da6ca9382ecfc5d47e8","documentation_url":"https://docs.github.com/rest/repos/contents#create-or-update-file
2026-09-17 07:07:41,341 - DEBUG - [global] log_uploader: STEP 3 (global log) -> FAILED
2026-09-17 07:07:41,341 - DEBUG - [global] log_uploader: END window=periodic
2026-09-17 07:07:41,342 - INFO - [global] LogUploader: upload_run_logs завершён
2026-09-17 07:08:01,265 - INFO - [global] Проверяю обновы...
2026-09-17 07:08:01,925 - DEBUG - [global] needs_update: raw → 5.9.0
2026-09-17 07:08:02,855 - DEBUG - [global] needs_update: API GitHub → 5.9.0
2026-09-17 07:08:03,569 - DEBUG - [global] needs_update: jsdelivr → 5.9.0
2026-09-17 07:08:03,569 - DEBUG - [global] needs_update: лучший источник raw → 5.9.0 (из 3)
2026-09-17 07:08:03,572 - INFO - [global] needs_update: local=(5, 8, 2) remote=(5, 9, 0) -> has_update=True
2026-09-17 07:08:03,572 - INFO - [global] Доступна обнова! Спавню кнопку
2026-09-17 07:08:33,595 - INFO - [global] Проверяю обновы...
2026-09-17 07:08:34,287 - DEBUG - [global] needs_update: raw → 5.9.0
2026-09-17 07:08:35,264 - DEBUG - [global] needs_update: API GitHub → 5.9.0
2026-09-17 07:08:35,885 - DEBUG - [global] needs_update: jsdelivr → 5.9.0
2026-09-17 07:08:35,886 - DEBUG - [global] needs_update: лучший источник raw → 5.9.0 (из 3)
2026-09-17 07:08:35,890 - INFO - [global] needs_update: local=(5, 8, 2) remote=(5, 9, 0) -> has_update=True
2026-09-17 07:08:35,890 - INFO - [global] Доступна обнова! Спавню кнопку
2026-09-17 07:08:41,371 - INFO - [global] LogUploader: запускаю upload_run_logs...
2026-09-17 07:08:41,372 - DEBUG - [global] log_uploader: START window=periodic made=-1 token=...Rjnfq
2026-09-17 07:08:42,244 - DEBUG - [global] _api_put: GET runs/20260917_070841_fail_periodic.log -> 404
2026-09-17 07:08:43,711 - DEBUG - [global] _api_put: PUT runs/20260917_070841_fail_periodic.log -> 409 (10182 bytes)
2026-09-17 07:08:43,711 - WARNING - [global] _api_put: PUT failed body: {"message":"is at 4c484fdb198c98219c2ee66b8779a0c1b3383e9f but expected 965f10e3322eb0622728a7b904360d68fe121350","documentation_url":"https://docs.github.com/rest/repos/contents#create-or-update-file
2026-09-17 07:08:43,713 - DEBUG - [global] log_uploader: STEP 1 (window log) -> FAILED
2026-09-17 07:08:43,714 - DEBUG - [global] log_uploader: STEP 2 SKIP (no PNGs)
2026-09-17 07:08:44,668 - DEBUG - [global] _api_put: GET runs/20260917_070841_fail_global.log -> 404
2026-09-17 07:08:46,208 - DEBUG - [global] _api_put: PUT runs/20260917_070841_fail_global.log -> 409 (20143 bytes)
2026-09-17 07:08:46,209 - WARNING - [global] _api_put: PUT failed body: {"message":"is at 1aa694d6eb62b62cbf927bf07af25cacb9d2e444 but expected 4c484fdb198c98219c2ee66b8779a0c1b3383e9f","documentation_url":"https://docs.github.com/rest/repos/contents#create-or-update-file
2026-09-17 07:08:46,214 - DEBUG - [global] log_uploader: STEP 3 (global log) -> FAILED
2026-09-17 07:08:46,214 - DEBUG - [global] log_uploader: END window=periodic
2026-09-17 07:08:46,214 - INFO - [global] LogUploader: upload_run_logs завершён
2026-09-17 07:09:05,911 - INFO - [global] Проверяю обновы...
2026-09-17 07:09:06,640 - DEBUG - [global] needs_update: raw → 5.9.0
2026-09-17 07:09:07,537 - DEBUG - [global] needs_update: API GitHub → 5.9.0
2026-09-17 07:09:08,162 - DEBUG - [global] needs_update: jsdelivr → 5.9.0
2026-09-17 07:09:08,162 - DEBUG - [global] needs_update: лучший источник raw → 5.9.0 (из 3)
2026-09-17 07:09:08,166 - INFO - [global] needs_update: local=(5, 8, 2) remote=(5, 9, 0) -> has_update=True
2026-09-17 07:09:08,166 - INFO - [global] Доступна обнова! Спавню кнопку
2026-09-17 07:09:38,186 - INFO - [global] Проверяю обновы...
2026-09-17 07:09:38,850 - DEBUG - [global] needs_update: raw → 5.9.0
2026-09-17 07:09:39,810 - DEBUG - [global] needs_update: API GitHub → 5.9.0
2026-09-17 07:09:40,381 - DEBUG - [global] needs_update: jsdelivr → 5.9.0
2026-09-17 07:09:40,381 - DEBUG - [global] needs_update: лучший источник raw → 5.9.0 (из 3)
2026-09-17 07:09:40,384 - INFO - [global] needs_update: local=(5, 8, 2) remote=(5, 9, 0) -> has_update=True
2026-09-17 07:09:40,384 - INFO - [global] Доступна обнова! Спавню кнопку
2026-09-17 07:09:46,253 - INFO - [global] LogUploader: запускаю upload_run_logs...
2026-09-17 07:09:46,254 - DEBUG - [global] log_uploader: START window=periodic made=-1 token=...Rjnfq
2026-09-17 07:09:47,139 - DEBUG - [global] _api_put: GET runs/20260917_070946_fail_periodic.log -> 404
2026-09-17 07:09:48,811 - DEBUG - [global] _api_put: PUT runs/20260917_070946_fail_periodic.log -> 201 (10182 bytes)
2026-09-17 07:09:48,815 - DEBUG - [global] log_uploader: STEP 1 (window log) -> https://github.com/StarateJI/L2Mauto/blob/bot-logs/runs/20260917_070946_fail_periodic.log
2026-09-17 07:09:48,815 - DEBUG - [global] log_uploader: STEP 2 SKIP (no PNGs)
2026-09-17 07:09:49,840 - DEBUG - [global] _api_put: GET runs/20260917_070946_fail_global.log -> 404
2026-09-17 07:09:51,414 - DEBUG - [global] _api_put: PUT runs/20260917_070946_fail_global.log -> 201 (20264 bytes)
2026-09-17 07:09:51,417 - DEBUG - [global] log_uploader: STEP 3 (global log) -> https://github.com/StarateJI/L2Mauto/blob/bot-logs/runs/20260917_070946_fail_global.log
2026-09-17 07:09:51,417 - DEBUG - [global] log_uploader: END window=periodic
2026-09-17 07:09:51,417 - INFO - [global] LogUploader: upload_run_logs завершён
2026-09-17 07:10:10,401 - INFO - [global] Проверяю обновы...
2026-09-17 07:10:11,131 - DEBUG - [global] needs_update: raw → 5.9.0
2026-09-17 07:10:12,053 - DEBUG - [global] needs_update: API GitHub → 5.9.0
2026-09-17 07:10:12,701 - DEBUG - [global] needs_update: jsdelivr → 5.9.0
2026-09-17 07:10:12,701 - DEBUG - [global] needs_update: лучший источник raw → 5.9.0 (из 3)
2026-09-17 07:10:12,704 - INFO - [global] needs_update: local=(5, 8, 2) remote=(5, 9, 0) -> has_update=True
2026-09-17 07:10:12,704 - INFO - [global] Доступна обнова! Спавню кнопку
2026-09-17 07:10:42,721 - INFO - [global] Проверяю обновы...
2026-09-17 07:10:43,417 - DEBUG - [global] needs_update: raw → 5.9.0
2026-09-17 07:10:44,404 - DEBUG - [global] needs_update: API GitHub → 5.9.0
2026-09-17 07:10:45,009 - DEBUG - [global] needs_update: jsdelivr → 5.9.0
2026-09-17 07:10:45,009 - DEBUG - [global] needs_update: лучший источник raw → 5.9.0 (из 3)
2026-09-17 07:10:45,014 - INFO - [global] needs_update: local=(5, 8, 2) remote=(5, 9, 0) -> has_update=True
2026-09-17 07:10:45,014 - INFO - [global] Доступна обнова! Спавню кнопку
2026-09-17 07:10:51,455 - INFO - [global] LogUploader: запускаю upload_run_logs...
2026-09-17 07:10:51,455 - DEBUG - [global] log_uploader: START window=periodic made=-1 token=...Rjnfq
2026-09-17 07:10:52,333 - DEBUG - [global] _api_put: GET runs/20260917_071051_fail_periodic.log -> 404
2026-09-17 07:10:53,825 - DEBUG - [global] _api_put: PUT runs/20260917_071051_fail_periodic.log -> 201 (10182 bytes)
2026-09-17 07:10:53,828 - DEBUG - [global] log_uploader: STEP 1 (window log) -> https://github.com/StarateJI/L2Mauto/blob/bot-logs/runs/20260917_071051_fail_periodic.log
2026-09-17 07:10:53,829 - DEBUG - [global] log_uploader: STEP 2 SKIP (no PNGs)
2026-09-17 07:10:54,860 - DEBUG - [global] _api_put: GET runs/20260917_071051_fail_global.log -> 404
2026-09-17 07:10:56,459 - DEBUG - [global] _api_put: PUT runs/20260917_071051_fail_global.log -> 201 (20264 bytes)
2026-09-17 07:10:56,464 - DEBUG - [global] log_uploader: STEP 3 (global log) -> https://github.com/StarateJI/L2Mauto/blob/bot-logs/runs/20260917_071051_fail_global.log
2026-09-17 07:10:56,464 - DEBUG - [global] log_uploader: END window=periodic
2026-09-17 07:10:56,464 - INFO - [global] LogUploader: upload_run_logs завершён
2026-09-17 07:11:15,033 - INFO - [global] Проверяю обновы...
2026-09-17 07:11:15,815 - DEBUG - [global] needs_update: raw → 5.9.0
2026-09-17 07:11:16,774 - DEBUG - [global] needs_update: API GitHub → 5.9.0
2026-09-17 07:11:17,431 - DEBUG - [global] needs_update: jsdelivr → 5.9.0
2026-09-17 07:11:17,431 - DEBUG - [global] needs_update: лучший источник raw → 5.9.0 (из 3)
2026-09-17 07:11:17,434 - INFO - [global] needs_update: local=(5, 8, 2) remote=(5, 9, 0) -> has_update=True
2026-09-17 07:11:17,434 - INFO - [global] Доступна обнова! Спавню кнопку
2026-09-17 07:11:47,449 - INFO - [global] Проверяю обновы...
2026-09-17 07:11:48,189 - DEBUG - [global] needs_update: raw → 5.9.0
2026-09-17 07:11:49,146 - DEBUG - [global] needs_update: API GitHub → 5.9.0
2026-09-17 07:11:49,810 - DEBUG - [global] needs_update: jsdelivr → 5.9.0
2026-09-17 07:11:49,811 - DEBUG - [global] needs_update: лучший источник raw → 5.9.0 (из 3)
2026-09-17 07:11:49,814 - INFO - [global] needs_update: local=(5, 8, 2) remote=(5, 9, 0) -> has_update=True
2026-09-17 07:11:49,814 - INFO - [global] Доступна обнова! Спавню кнопку
2026-09-17 07:11:56,499 - INFO - [global] LogUploader: запускаю upload_run_logs...
2026-09-17 07:11:56,501 - DEBUG - [global] log_uploader: START window=periodic made=-1 token=...Rjnfq
2026-09-17 07:11:57,466 - DEBUG - [global] _api_put: GET runs/20260917_071156_fail_periodic.log -> 404
2026-09-17 07:12:00,118 - DEBUG - [global] _api_put: PUT runs/20260917_071156_fail_periodic.log -> 201 (10182 bytes)
2026-09-17 07:12:00,121 - DEBUG - [global] log_uploader: STEP 1 (window log) -> https://github.com/StarateJI/L2Mauto/blob/bot-logs/runs/20260917_071156_fail_periodic.log
2026-09-17 07:12:00,121 - DEBUG - [global] log_uploader: STEP 2 SKIP (no PNGs)
2026-09-17 07:12:01,220 - DEBUG - [global] _api_put: GET runs/20260917_071156_fail_global.log -> 404
2026-09-17 07:12:03,048 - DEBUG - [global] _api_put: PUT runs/20260917_071156_fail_global.log -> 409 (20264 bytes)
2026-09-17 07:12:03,048 - WARNING - [global] _api_put: PUT failed body: {"message":"is at 7f921c81ad8b7d3b63c83f1db12bdc636ffef002 but expected 1055f7fe934f692c518325bfd0bbe7e387858fa3","documentation_url":"https://docs.github.com/rest/repos/contents#create-or-update-file
2026-09-17 07:12:03,051 - DEBUG - [global] log_uploader: STEP 3 (global log) -> FAILED
2026-09-17 07:12:03,051 - DEBUG - [global] log_uploader: END window=periodic
2026-09-17 07:12:03,051 - INFO - [global] LogUploader: upload_run_logs завершён
2026-09-17 07:12:19,832 - INFO - [global] Проверяю обновы...
2026-09-17 07:12:20,524 - DEBUG - [global] needs_update: raw → 5.9.0
2026-09-17 07:12:21,512 - DEBUG - [global] needs_update: API GitHub → 5.9.0
2026-09-17 07:12:22,171 - DEBUG - [global] needs_update: jsdelivr → 5.9.0
2026-09-17 07:12:22,172 - DEBUG - [global] needs_update: лучший источник raw → 5.9.0 (из 3)
2026-09-17 07:12:22,175 - INFO - [global] needs_update: local=(5, 8, 2) remote=(5, 9, 0) -> has_update=True
2026-09-17 07:12:22,175 - INFO - [global] Доступна обнова! Спавню кнопку
2026-09-17 07:12:52,194 - INFO - [global] Проверяю обновы...
2026-09-17 07:12:53,070 - DEBUG - [global] needs_update: raw → 5.9.0
2026-09-17 07:12:54,002 - DEBUG - [global] needs_update: API GitHub → 5.9.0
2026-09-17 07:12:54,647 - DEBUG - [global] needs_update: jsdelivr → 5.9.0
2026-09-17 07:12:54,647 - DEBUG - [global] needs_update: лучший источник raw → 5.9.0 (из 3)
2026-09-17 07:12:54,650 - INFO - [global] needs_update: local=(5, 8, 2) remote=(5, 9, 0) -> has_update=True
2026-09-17 07:12:54,650 - INFO - [global] Доступна обнова! Спавню кнопку
2026-09-17 07:13:03,087 - INFO - [global] LogUploader: запускаю upload_run_logs...
2026-09-17 07:13:03,087 - DEBUG - [global] log_uploader: START window=periodic made=-1 token=...Rjnfq
2026-09-17 07:13:04,008 - DEBUG - [global] _api_put: GET runs/20260917_071303_fail_periodic.log -> 404
2026-09-17 07:13:05,489 - DEBUG - [global] _api_put: PUT runs/20260917_071303_fail_periodic.log -> 409 (10182 bytes)
2026-09-17 07:13:05,489 - WARNING - [global] _api_put: PUT failed body: {"message":"is at 08eae1d97790ea6af1d27ee14f0783d71acc17a4 but expected 9340e9da7d37eb80972523c4a169e4b8fdc8fd94","documentation_url":"https://docs.github.com/rest/repos/contents#create-or-update-file
2026-09-17 07:13:05,493 - DEBUG - [global] log_uploader: STEP 1 (window log) -> FAILED
2026-09-17 07:13:05,494 - DEBUG - [global] log_uploader: STEP 2 SKIP (no PNGs)
2026-09-17 07:13:06,695 - DEBUG - [global] _api_put: GET runs/20260917_071303_fail_global.log -> 404
2026-09-17 07:13:08,197 - DEBUG - [global] _api_put: PUT runs/20260917_071303_fail_global.log -> 409 (20492 bytes)
2026-09-17 07:13:08,197 - WARNING - [global] _api_put: PUT failed body: {"message":"is at 42dbd049cd8bc1cf4919fe26c103a8161b44fd37 but expected 08eae1d97790ea6af1d27ee14f0783d71acc17a4","documentation_url":"https://docs.github.com/rest/repos/contents#create-or-update-file
2026-09-17 07:13:08,199 - DEBUG - [global] log_uploader: STEP 3 (global log) -> FAILED
2026-09-17 07:13:08,200 - DEBUG - [global] log_uploader: END window=periodic
2026-09-17 07:13:08,200 - INFO - [global] LogUploader: upload_run_logs завершён
2026-09-17 07:13:24,669 - INFO - [global] Проверяю обновы...
2026-09-17 07:13:25,383 - DEBUG - [global] needs_update: raw → 5.9.0
2026-09-17 07:13:26,352 - DEBUG - [global] needs_update: API GitHub → 5.9.0
2026-09-17 07:13:27,037 - DEBUG - [global] needs_update: jsdelivr → 5.9.0
2026-09-17 07:13:27,037 - DEBUG - [global] needs_update: лучший источник raw → 5.9.0 (из 3)
2026-09-17 07:13:27,040 - INFO - [global] needs_update: local=(5, 8, 2) remote=(5, 9, 0) -> has_update=True
2026-09-17 07:13:27,040 - INFO - [global] Доступна обнова! Спавню кнопку
2026-09-17 07:13:57,057 - INFO - [global] Проверяю обновы...
2026-09-17 07:13:57,785 - DEBUG - [global] needs_update: raw → 5.9.0
2026-09-17 07:13:58,690 - DEBUG - [global] needs_update: API GitHub → 5.9.0
2026-09-17 07:13:59,290 - DEBUG - [global] needs_update: jsdelivr → 5.9.0
2026-09-17 07:13:59,291 - DEBUG - [global] needs_update: лучший источник raw → 5.9.0 (из 3)
2026-09-17 07:13:59,295 - INFO - [global] needs_update: local=(5, 8, 2) remote=(5, 9, 0) -> has_update=True
2026-09-17 07:13:59,295 - INFO - [global] Доступна обнова! Спавню кнопку
2026-09-17 07:14:08,238 - INFO - [global] LogUploader: запускаю upload_run_logs...
2026-09-17 07:14:08,239 - DEBUG - [global] log_uploader: START window=periodic made=-1 token=...Rjnfq
2026-09-17 07:14:09,122 - DEBUG - [global] _api_put: GET runs/20260917_071408_fail_periodic.log -> 404
2026-09-17 07:14:10,568 - DEBUG - [global] _api_put: PUT runs/20260917_071408_fail_periodic.log -> 201 (10182 bytes)
2026-09-17 07:14:10,571 - DEBUG - [global] log_uploader: STEP 1 (window log) -> https://github.com/StarateJI/L2Mauto/blob/bot-logs/runs/20260917_071408_fail_periodic.log
2026-09-17 07:14:10,571 - DEBUG - [global] log_uploader: STEP 2 SKIP (no PNGs)
2026-09-17 07:14:11,574 - DEBUG - [global] _api_put: GET runs/20260917_071408_fail_global.log -> 404
2026-09-17 07:14:13,321 - DEBUG - [global] _api_put: PUT runs/20260917_071408_fail_global.log -> 409 (20492 bytes)
2026-09-17 07:14:13,321 - WARNING - [global] _api_put: PUT failed body: {"message":"is at 668318c692eb7541a04cb5f3db65834cc78423b7 but expected 77b0560b75775a511c5c123d9c4402708e0d3577","documentation_url":"https://docs.github.com/rest/repos/contents#create-or-update-file
2026-09-17 07:14:13,323 - DEBUG - [global] log_uploader: STEP 3 (global log) -> FAILED
2026-09-17 07:14:13,323 - DEBUG - [global] log_uploader: END window=periodic
2026-09-17 07:14:13,323 - INFO - [global] LogUploader: upload_run_logs завершён
2026-09-17 07:14:29,313 - INFO - [global] Проверяю обновы...
2026-09-17 07:14:29,991 - DEBUG - [global] needs_update: raw → 5.9.0
2026-09-17 07:14:30,926 - DEBUG - [global] needs_update: API GitHub → 5.9.0
2026-09-17 07:14:31,595 - DEBUG - [global] needs_update: jsdelivr → 5.9.0
2026-09-17 07:14:31,595 - DEBUG - [global] needs_update: лучший источник raw → 5.9.0 (из 3)
2026-09-17 07:14:31,598 - INFO - [global] needs_update: local=(5, 8, 2) remote=(5, 9, 0) -> has_update=True
2026-09-17 07:14:31,598 - INFO - [global] Доступна обнова! Спавню кнопку
2026-09-17 07:15:01,615 - INFO - [global] Проверяю обновы...
2026-09-17 07:15:02,320 - DEBUG - [global] needs_update: raw → 5.9.0
2026-09-17 07:15:03,299 - DEBUG - [global] needs_update: API GitHub → 5.9.0
2026-09-17 07:15:03,909 - DEBUG - [global] needs_update: jsdelivr → 5.9.0
2026-09-17 07:15:03,909 - DEBUG - [global] needs_update: лучший источник raw → 5.9.0 (из 3)
2026-09-17 07:15:03,911 - INFO - [global] needs_update: local=(5, 8, 2) remote=(5, 9, 0) -> has_update=True
2026-09-17 07:15:03,911 - INFO - [global] Доступна обнова! Спавню кнопку
2026-09-17 07:15:13,362 - INFO - [global] LogUploader: запускаю upload_run_logs...
2026-09-17 07:15:13,363 - DEBUG - [global] log_uploader: START window=periodic made=-1 token=...Rjnfq
2026-09-17 07:15:14,225 - DEBUG - [global] _api_put: GET runs/20260917_071513_fail_periodic.log -> 404
2026-09-17 07:15:15,724 - DEBUG - [global] _api_put: PUT runs/20260917_071513_fail_periodic.log -> 201 (10182 bytes)
2026-09-17 07:15:15,727 - DEBUG - [global] log_uploader: STEP 1 (window log) -> https://github.com/StarateJI/L2Mauto/blob/bot-logs/runs/20260917_071513_fail_periodic.log
2026-09-17 07:15:15,727 - DEBUG - [global] log_uploader: STEP 2 SKIP (no PNGs)
