=== Log tail 2026-10-02T16:53:52.657471 | last 200 lines ===
2026-10-02 16:44:59,491 - DEBUG - [global] needs_update: API → 5.13.09
2026-10-02 16:44:59,491 - DEBUG - [global] needs_update: лучший источник raw → 5.13.09 (из 2)
2026-10-02 16:44:59,491 - INFO - [global] needs_update: local=(5, 13, 7) remote=(5, 13, 9) -> has_update=True
2026-10-02 16:44:59,491 - INFO - [global] Доступна обнова! Спавню кнопку
2026-10-02 16:45:01,913 - INFO - [global] LogUploader: запускаю upload_run_logs...
2026-10-02 16:45:01,913 - DEBUG - [global] log_uploader: START window=periodic made=-1 token=...Rjnfq
2026-10-02 16:45:02,848 - DEBUG - [global] _api_put: GET runs/20261002_164501_fail_periodic.log -> 404
2026-10-02 16:45:04,754 - DEBUG - [global] _api_put: PUT runs/20261002_164501_fail_periodic.log -> 201 (3411 bytes)
2026-10-02 16:45:04,757 - DEBUG - [global] log_uploader: STEP 1 (window log) -> https://github.com/StarateJI/L2Mauto/blob/bot-logs/runs/20261002_164501_fail_periodic.log
2026-10-02 16:45:04,757 - DEBUG - [global] log_uploader: STEP 2 SKIP (no PNGs)
2026-10-02 16:45:05,846 - DEBUG - [global] _api_put: GET runs/20261002_164501_fail_global.log -> 404
2026-10-02 16:45:08,176 - DEBUG - [global] _api_put: PUT runs/20261002_164501_fail_global.log -> 201 (20010 bytes)
2026-10-02 16:45:08,178 - DEBUG - [global] log_uploader: STEP 3 (global log) -> https://github.com/StarateJI/L2Mauto/blob/bot-logs/runs/20261002_164501_fail_global.log
2026-10-02 16:45:08,178 - DEBUG - [global] log_uploader: END window=periodic
2026-10-02 16:45:08,178 - INFO - [global] LogUploader: upload_run_logs завершён
2026-10-02 16:45:29,507 - INFO - [global] Проверяю обновы...
2026-10-02 16:45:30,317 - DEBUG - [global] needs_update: raw → 5.13.09
2026-10-02 16:45:30,571 - DEBUG - [global] needs_update: API → 5.13.09
2026-10-02 16:45:30,571 - DEBUG - [global] needs_update: лучший источник raw → 5.13.09 (из 2)
2026-10-02 16:45:30,571 - INFO - [global] needs_update: local=(5, 13, 7) remote=(5, 13, 9) -> has_update=True
2026-10-02 16:45:30,571 - INFO - [global] Доступна обнова! Спавню кнопку
2026-10-02 16:46:00,586 - INFO - [global] Проверяю обновы...
2026-10-02 16:46:01,378 - DEBUG - [global] needs_update: raw → 5.13.09
2026-10-02 16:46:01,656 - DEBUG - [global] needs_update: API → 5.13.09
2026-10-02 16:46:01,656 - DEBUG - [global] needs_update: лучший источник raw → 5.13.09 (из 2)
2026-10-02 16:46:01,656 - INFO - [global] needs_update: local=(5, 13, 7) remote=(5, 13, 9) -> has_update=True
2026-10-02 16:46:01,656 - INFO - [global] Доступна обнова! Спавню кнопку
2026-10-02 16:46:08,204 - INFO - [global] LogUploader: запускаю upload_run_logs...
2026-10-02 16:46:08,204 - DEBUG - [global] log_uploader: START window=periodic made=-1 token=...Rjnfq
2026-10-02 16:46:09,170 - DEBUG - [global] _api_put: GET runs/20261002_164608_fail_periodic.log -> 404
2026-10-02 16:46:10,932 - DEBUG - [global] _api_put: PUT runs/20261002_164608_fail_periodic.log -> 201 (3411 bytes)
2026-10-02 16:46:10,934 - DEBUG - [global] log_uploader: STEP 1 (window log) -> https://github.com/StarateJI/L2Mauto/blob/bot-logs/runs/20261002_164608_fail_periodic.log
2026-10-02 16:46:10,934 - DEBUG - [global] log_uploader: STEP 2 SKIP (no PNGs)
2026-10-02 16:46:11,906 - DEBUG - [global] _api_put: GET runs/20261002_164608_fail_global.log -> 404
2026-10-02 16:46:13,896 - DEBUG - [global] _api_put: PUT runs/20261002_164608_fail_global.log -> 201 (20010 bytes)
2026-10-02 16:46:13,898 - DEBUG - [global] log_uploader: STEP 3 (global log) -> https://github.com/StarateJI/L2Mauto/blob/bot-logs/runs/20261002_164608_fail_global.log
2026-10-02 16:46:13,898 - DEBUG - [global] log_uploader: END window=periodic
2026-10-02 16:46:13,898 - INFO - [global] LogUploader: upload_run_logs завершён
2026-10-02 16:46:31,669 - INFO - [global] Проверяю обновы...
2026-10-02 16:46:32,606 - DEBUG - [global] needs_update: raw → 5.13.09
2026-10-02 16:46:32,752 - DEBUG - [global] needs_update: API → 5.13.09
2026-10-02 16:46:32,753 - DEBUG - [global] needs_update: лучший источник raw → 5.13.09 (из 2)
2026-10-02 16:46:32,753 - INFO - [global] needs_update: local=(5, 13, 7) remote=(5, 13, 9) -> has_update=True
2026-10-02 16:46:32,753 - INFO - [global] Доступна обнова! Спавню кнопку
2026-10-02 16:47:02,768 - INFO - [global] Проверяю обновы...
2026-10-02 16:47:03,498 - DEBUG - [global] needs_update: raw → 5.13.09
2026-10-02 16:47:05,075 - DEBUG - [global] needs_update: API → 5.13.09
2026-10-02 16:47:05,075 - DEBUG - [global] needs_update: лучший источник raw → 5.13.09 (из 2)
2026-10-02 16:47:05,075 - INFO - [global] needs_update: local=(5, 13, 7) remote=(5, 13, 9) -> has_update=True
2026-10-02 16:47:05,075 - INFO - [global] Доступна обнова! Спавню кнопку
2026-10-02 16:47:13,928 - INFO - [global] LogUploader: запускаю upload_run_logs...
2026-10-02 16:47:13,928 - DEBUG - [global] log_uploader: START window=periodic made=-1 token=...Rjnfq
2026-10-02 16:47:14,917 - DEBUG - [global] _api_put: GET runs/20261002_164713_fail_periodic.log -> 404
2026-10-02 16:47:16,820 - DEBUG - [global] _api_put: PUT runs/20261002_164713_fail_periodic.log -> 201 (3411 bytes)
2026-10-02 16:47:16,821 - DEBUG - [global] log_uploader: STEP 1 (window log) -> https://github.com/StarateJI/L2Mauto/blob/bot-logs/runs/20261002_164713_fail_periodic.log
2026-10-02 16:47:16,822 - DEBUG - [global] log_uploader: STEP 2 SKIP (no PNGs)
2026-10-02 16:47:17,752 - DEBUG - [global] _api_put: GET runs/20261002_164713_fail_global.log -> 404
2026-10-02 16:47:19,797 - DEBUG - [global] _api_put: PUT runs/20261002_164713_fail_global.log -> 201 (20010 bytes)
2026-10-02 16:47:19,799 - DEBUG - [global] log_uploader: STEP 3 (global log) -> https://github.com/StarateJI/L2Mauto/blob/bot-logs/runs/20261002_164713_fail_global.log
2026-10-02 16:47:19,799 - DEBUG - [global] log_uploader: END window=periodic
2026-10-02 16:47:19,799 - INFO - [global] LogUploader: upload_run_logs завершён
2026-10-02 16:47:35,089 - INFO - [global] Проверяю обновы...
2026-10-02 16:47:35,849 - DEBUG - [global] needs_update: raw → 5.13.09
2026-10-02 16:47:36,134 - DEBUG - [global] needs_update: API → 5.13.09
2026-10-02 16:47:36,135 - DEBUG - [global] needs_update: лучший источник raw → 5.13.09 (из 2)
2026-10-02 16:47:36,135 - INFO - [global] needs_update: local=(5, 13, 7) remote=(5, 13, 9) -> has_update=True
2026-10-02 16:47:36,135 - INFO - [global] Доступна обнова! Спавню кнопку
2026-10-02 16:48:06,148 - INFO - [global] Проверяю обновы...
2026-10-02 16:48:06,931 - DEBUG - [global] needs_update: raw → 5.13.09
2026-10-02 16:48:07,187 - DEBUG - [global] needs_update: API → 5.13.09
2026-10-02 16:48:07,187 - DEBUG - [global] needs_update: лучший источник raw → 5.13.09 (из 2)
2026-10-02 16:48:07,188 - INFO - [global] needs_update: local=(5, 13, 7) remote=(5, 13, 9) -> has_update=True
2026-10-02 16:48:07,188 - INFO - [global] Доступна обнова! Спавню кнопку
2026-10-02 16:48:19,831 - INFO - [global] LogUploader: запускаю upload_run_logs...
2026-10-02 16:48:19,831 - DEBUG - [global] log_uploader: START window=periodic made=-1 token=...Rjnfq
2026-10-02 16:48:20,755 - DEBUG - [global] _api_put: GET runs/20261002_164819_fail_periodic.log -> 404
2026-10-02 16:48:22,693 - DEBUG - [global] _api_put: PUT runs/20261002_164819_fail_periodic.log -> 201 (3411 bytes)
2026-10-02 16:48:22,694 - DEBUG - [global] log_uploader: STEP 1 (window log) -> https://github.com/StarateJI/L2Mauto/blob/bot-logs/runs/20261002_164819_fail_periodic.log
2026-10-02 16:48:22,694 - DEBUG - [global] log_uploader: STEP 2 SKIP (no PNGs)
2026-10-02 16:48:23,581 - DEBUG - [global] _api_put: GET runs/20261002_164819_fail_global.log -> 404
2026-10-02 16:48:25,549 - DEBUG - [global] _api_put: PUT runs/20261002_164819_fail_global.log -> 201 (20010 bytes)
2026-10-02 16:48:25,552 - DEBUG - [global] log_uploader: STEP 3 (global log) -> https://github.com/StarateJI/L2Mauto/blob/bot-logs/runs/20261002_164819_fail_global.log
2026-10-02 16:48:25,552 - DEBUG - [global] log_uploader: END window=periodic
2026-10-02 16:48:25,552 - INFO - [global] LogUploader: upload_run_logs завершён
2026-10-02 16:48:37,201 - INFO - [global] Проверяю обновы...
2026-10-02 16:48:37,957 - DEBUG - [global] needs_update: raw → 5.13.09
2026-10-02 16:48:38,226 - DEBUG - [global] needs_update: API → 5.13.09
2026-10-02 16:48:38,226 - DEBUG - [global] needs_update: лучший источник raw → 5.13.09 (из 2)
2026-10-02 16:48:38,226 - INFO - [global] needs_update: local=(5, 13, 7) remote=(5, 13, 9) -> has_update=True
2026-10-02 16:48:38,226 - INFO - [global] Доступна обнова! Спавню кнопку
2026-10-02 16:49:08,242 - INFO - [global] Проверяю обновы...
2026-10-02 16:49:09,057 - DEBUG - [global] needs_update: raw → 5.13.09
2026-10-02 16:49:09,286 - DEBUG - [global] needs_update: API → 5.13.09
2026-10-02 16:49:09,286 - DEBUG - [global] needs_update: лучший источник raw → 5.13.09 (из 2)
2026-10-02 16:49:09,286 - INFO - [global] needs_update: local=(5, 13, 7) remote=(5, 13, 9) -> has_update=True
2026-10-02 16:49:09,286 - INFO - [global] Доступна обнова! Спавню кнопку
2026-10-02 16:49:25,583 - INFO - [global] LogUploader: запускаю upload_run_logs...
2026-10-02 16:49:25,583 - DEBUG - [global] log_uploader: START window=periodic made=-1 token=...Rjnfq
2026-10-02 16:49:26,499 - DEBUG - [global] _api_put: GET runs/20261002_164925_fail_periodic.log -> 404
2026-10-02 16:49:28,396 - DEBUG - [global] _api_put: PUT runs/20261002_164925_fail_periodic.log -> 201 (3411 bytes)
2026-10-02 16:49:28,397 - DEBUG - [global] log_uploader: STEP 1 (window log) -> https://github.com/StarateJI/L2Mauto/blob/bot-logs/runs/20261002_164925_fail_periodic.log
2026-10-02 16:49:28,398 - DEBUG - [global] log_uploader: STEP 2 SKIP (no PNGs)
2026-10-02 16:49:29,332 - DEBUG - [global] _api_put: GET runs/20261002_164925_fail_global.log -> 404
2026-10-02 16:49:31,309 - DEBUG - [global] _api_put: PUT runs/20261002_164925_fail_global.log -> 201 (20010 bytes)
2026-10-02 16:49:31,310 - DEBUG - [global] log_uploader: STEP 3 (global log) -> https://github.com/StarateJI/L2Mauto/blob/bot-logs/runs/20261002_164925_fail_global.log
2026-10-02 16:49:31,310 - DEBUG - [global] log_uploader: END window=periodic
2026-10-02 16:49:31,310 - INFO - [global] LogUploader: upload_run_logs завершён
2026-10-02 16:49:39,303 - INFO - [global] Проверяю обновы...
2026-10-02 16:49:40,031 - DEBUG - [global] needs_update: raw → 5.13.09
2026-10-02 16:49:40,405 - DEBUG - [global] needs_update: API → 5.13.09
2026-10-02 16:49:40,405 - DEBUG - [global] needs_update: лучший источник raw → 5.13.09 (из 2)
2026-10-02 16:49:40,405 - INFO - [global] needs_update: local=(5, 13, 7) remote=(5, 13, 9) -> has_update=True
2026-10-02 16:49:40,405 - INFO - [global] Доступна обнова! Спавню кнопку
2026-10-02 16:50:10,418 - INFO - [global] Проверяю обновы...
2026-10-02 16:50:11,207 - DEBUG - [global] needs_update: raw → 5.13.09
2026-10-02 16:50:11,447 - DEBUG - [global] needs_update: API → 5.13.09
2026-10-02 16:50:11,447 - DEBUG - [global] needs_update: лучший источник raw → 5.13.09 (из 2)
2026-10-02 16:50:11,447 - INFO - [global] needs_update: local=(5, 13, 7) remote=(5, 13, 9) -> has_update=True
2026-10-02 16:50:11,447 - INFO - [global] Доступна обнова! Спавню кнопку
2026-10-02 16:50:31,341 - INFO - [global] LogUploader: запускаю upload_run_logs...
2026-10-02 16:50:31,341 - DEBUG - [global] log_uploader: START window=periodic made=-1 token=...Rjnfq
2026-10-02 16:50:32,278 - DEBUG - [global] _api_put: GET runs/20261002_165031_fail_periodic.log -> 404
2026-10-02 16:50:34,372 - DEBUG - [global] _api_put: PUT runs/20261002_165031_fail_periodic.log -> 201 (3411 bytes)
2026-10-02 16:50:34,374 - DEBUG - [global] log_uploader: STEP 1 (window log) -> https://github.com/StarateJI/L2Mauto/blob/bot-logs/runs/20261002_165031_fail_periodic.log
2026-10-02 16:50:34,374 - DEBUG - [global] log_uploader: STEP 2 SKIP (no PNGs)
2026-10-02 16:50:35,350 - DEBUG - [global] _api_put: GET runs/20261002_165031_fail_global.log -> 404
2026-10-02 16:50:37,579 - DEBUG - [global] _api_put: PUT runs/20261002_165031_fail_global.log -> 201 (20010 bytes)
2026-10-02 16:50:37,580 - DEBUG - [global] log_uploader: STEP 3 (global log) -> https://github.com/StarateJI/L2Mauto/blob/bot-logs/runs/20261002_165031_fail_global.log
2026-10-02 16:50:37,580 - DEBUG - [global] log_uploader: END window=periodic
2026-10-02 16:50:37,580 - INFO - [global] LogUploader: upload_run_logs завершён
2026-10-02 16:50:41,461 - INFO - [global] Проверяю обновы...
2026-10-02 16:50:42,247 - DEBUG - [global] needs_update: raw → 5.13.09
2026-10-02 16:50:42,538 - DEBUG - [global] needs_update: API → 5.13.09
2026-10-02 16:50:42,539 - DEBUG - [global] needs_update: лучший источник raw → 5.13.09 (из 2)
2026-10-02 16:50:42,539 - INFO - [global] needs_update: local=(5, 13, 7) remote=(5, 13, 9) -> has_update=True
2026-10-02 16:50:42,539 - INFO - [global] Доступна обнова! Спавню кнопку
2026-10-02 16:51:12,552 - INFO - [global] Проверяю обновы...
2026-10-02 16:51:13,326 - DEBUG - [global] needs_update: raw → 5.13.09
2026-10-02 16:51:13,592 - DEBUG - [global] needs_update: API → 5.13.09
2026-10-02 16:51:13,592 - DEBUG - [global] needs_update: лучший источник raw → 5.13.09 (из 2)
2026-10-02 16:51:13,593 - INFO - [global] needs_update: local=(5, 13, 7) remote=(5, 13, 9) -> has_update=True
2026-10-02 16:51:13,593 - INFO - [global] Доступна обнова! Спавню кнопку
2026-10-02 16:51:37,614 - INFO - [global] LogUploader: запускаю upload_run_logs...
2026-10-02 16:51:37,614 - DEBUG - [global] log_uploader: START window=periodic made=-1 token=...Rjnfq
2026-10-02 16:51:38,552 - DEBUG - [global] _api_put: GET runs/20261002_165137_fail_periodic.log -> 404
2026-10-02 16:51:40,554 - DEBUG - [global] _api_put: PUT runs/20261002_165137_fail_periodic.log -> 201 (3411 bytes)
2026-10-02 16:51:40,556 - DEBUG - [global] log_uploader: STEP 1 (window log) -> https://github.com/StarateJI/L2Mauto/blob/bot-logs/runs/20261002_165137_fail_periodic.log
2026-10-02 16:51:40,556 - DEBUG - [global] log_uploader: STEP 2 SKIP (no PNGs)
2026-10-02 16:51:41,533 - DEBUG - [global] _api_put: GET runs/20261002_165137_fail_global.log -> 404
2026-10-02 16:51:43,608 - INFO - [global] Проверяю обновы...
2026-10-02 16:51:43,986 - DEBUG - [global] _api_put: PUT runs/20261002_165137_fail_global.log -> 201 (20010 bytes)
2026-10-02 16:51:43,988 - DEBUG - [global] log_uploader: STEP 3 (global log) -> https://github.com/StarateJI/L2Mauto/blob/bot-logs/runs/20261002_165137_fail_global.log
2026-10-02 16:51:43,988 - DEBUG - [global] log_uploader: END window=periodic
2026-10-02 16:51:43,988 - INFO - [global] LogUploader: upload_run_logs завершён
2026-10-02 16:51:44,522 - DEBUG - [global] needs_update: raw → 5.13.09
2026-10-02 16:51:44,702 - DEBUG - [global] needs_update: API → 5.13.09
2026-10-02 16:51:44,702 - DEBUG - [global] needs_update: лучший источник raw → 5.13.09 (из 2)
2026-10-02 16:51:44,702 - INFO - [global] needs_update: local=(5, 13, 7) remote=(5, 13, 9) -> has_update=True
2026-10-02 16:51:44,702 - INFO - [global] Доступна обнова! Спавню кнопку
2026-10-02 16:52:14,720 - INFO - [global] Проверяю обновы...
2026-10-02 16:52:15,486 - DEBUG - [global] needs_update: raw → 5.13.09
2026-10-02 16:52:15,736 - DEBUG - [global] needs_update: API → 5.13.09
2026-10-02 16:52:15,736 - DEBUG - [global] needs_update: лучший источник raw → 5.13.09 (из 2)
2026-10-02 16:52:15,736 - INFO - [global] needs_update: local=(5, 13, 7) remote=(5, 13, 9) -> has_update=True
2026-10-02 16:52:15,736 - INFO - [global] Доступна обнова! Спавню кнопку
2026-10-02 16:52:44,015 - INFO - [global] LogUploader: запускаю upload_run_logs...
2026-10-02 16:52:44,015 - DEBUG - [global] log_uploader: START window=periodic made=-1 token=...Rjnfq
2026-10-02 16:52:45,036 - DEBUG - [global] _api_put: GET runs/20261002_165244_fail_periodic.log -> 404
2026-10-02 16:52:45,750 - INFO - [global] Проверяю обновы...
2026-10-02 16:52:46,527 - DEBUG - [global] needs_update: raw → 5.13.09
2026-10-02 16:52:46,751 - DEBUG - [global] needs_update: API → 5.13.09
2026-10-02 16:52:46,751 - DEBUG - [global] needs_update: лучший источник raw → 5.13.09 (из 2)
2026-10-02 16:52:46,751 - INFO - [global] needs_update: local=(5, 13, 7) remote=(5, 13, 9) -> has_update=True
2026-10-02 16:52:46,751 - INFO - [global] Доступна обнова! Спавню кнопку
2026-10-02 16:52:46,862 - DEBUG - [global] _api_put: PUT runs/20261002_165244_fail_periodic.log -> 201 (3411 bytes)
2026-10-02 16:52:46,864 - DEBUG - [global] log_uploader: STEP 1 (window log) -> https://github.com/StarateJI/L2Mauto/blob/bot-logs/runs/20261002_165244_fail_periodic.log
2026-10-02 16:52:46,865 - DEBUG - [global] log_uploader: STEP 2 SKIP (no PNGs)
2026-10-02 16:52:47,803 - DEBUG - [global] _api_put: GET runs/20261002_165244_fail_global.log -> 404
2026-10-02 16:52:49,830 - DEBUG - [global] _api_put: PUT runs/20261002_165244_fail_global.log -> 201 (19965 bytes)
2026-10-02 16:52:49,833 - DEBUG - [global] log_uploader: STEP 3 (global log) -> https://github.com/StarateJI/L2Mauto/blob/bot-logs/runs/20261002_165244_fail_global.log
2026-10-02 16:52:49,833 - DEBUG - [global] log_uploader: END window=periodic
2026-10-02 16:52:49,833 - INFO - [global] LogUploader: upload_run_logs завершён
2026-10-02 16:53:16,769 - INFO - [global] Проверяю обновы...
2026-10-02 16:53:17,554 - DEBUG - [global] needs_update: raw → 5.13.09
2026-10-02 16:53:17,763 - DEBUG - [global] needs_update: API → 5.13.09
2026-10-02 16:53:17,764 - DEBUG - [global] needs_update: лучший источник raw → 5.13.09 (из 2)
2026-10-02 16:53:17,764 - INFO - [global] needs_update: local=(5, 13, 7) remote=(5, 13, 9) -> has_update=True
2026-10-02 16:53:17,764 - INFO - [global] Доступна обнова! Спавню кнопку
2026-10-02 16:53:47,778 - INFO - [global] Проверяю обновы...
2026-10-02 16:53:48,501 - DEBUG - [global] needs_update: raw → 5.13.09
2026-10-02 16:53:48,791 - DEBUG - [global] needs_update: API → 5.13.09
2026-10-02 16:53:48,791 - DEBUG - [global] needs_update: лучший источник raw → 5.13.09 (из 2)
2026-10-02 16:53:48,792 - INFO - [global] needs_update: local=(5, 13, 7) remote=(5, 13, 9) -> has_update=True
2026-10-02 16:53:48,792 - INFO - [global] Доступна обнова! Спавню кнопку
2026-10-02 16:53:49,861 - INFO - [global] LogUploader: запускаю upload_run_logs...
2026-10-02 16:53:49,862 - DEBUG - [global] log_uploader: START window=periodic made=-1 token=...Rjnfq
2026-10-02 16:53:50,783 - DEBUG - [global] _api_put: GET runs/20261002_165349_fail_periodic.log -> 404
2026-10-02 16:53:52,633 - DEBUG - [global] _api_put: PUT runs/20261002_165349_fail_periodic.log -> 201 (3411 bytes)
2026-10-02 16:53:52,636 - DEBUG - [global] log_uploader: STEP 1 (window log) -> https://github.com/StarateJI/L2Mauto/blob/bot-logs/runs/20261002_165349_fail_periodic.log
2026-10-02 16:53:52,636 - DEBUG - [global] log_uploader: STEP 2 SKIP (no PNGs)
