=== Log tail 2026-09-18T02:52:22.162315 | last 200 lines ===
2026-09-18 02:43:44,393 - DEBUG - [global] _api_put: GET runs/20260918_024340_fail_global.log -> 404
2026-09-18 02:43:45,813 - DEBUG - [global] _api_put: PUT runs/20260918_024340_fail_global.log -> 201 (19945 bytes)
2026-09-18 02:43:45,817 - DEBUG - [global] log_uploader: STEP 3 (global log) -> https://github.com/StarateJI/L2Mauto/blob/bot-logs/runs/20260918_024340_fail_global.log
2026-09-18 02:43:45,817 - DEBUG - [global] log_uploader: END window=periodic
2026-09-18 02:43:45,817 - INFO - [global] LogUploader: upload_run_logs завершён
2026-09-18 02:44:14,132 - INFO - [global] Проверяю обновы...
2026-09-18 02:44:14,950 - DEBUG - [global] needs_update: API GitHub → 5.9.1
2026-09-18 02:44:15,570 - DEBUG - [global] needs_update: raw → 5.9.1
2026-09-18 02:44:16,253 - DEBUG - [global] needs_update: jsdelivr → 5.9.1
2026-09-18 02:44:16,254 - DEBUG - [global] needs_update: лучший источник API → 5.9.1 (из 3)
2026-09-18 02:44:16,254 - INFO - [global] needs_update: local=(5, 9, 1) remote=(5, 9, 1) -> has_update=False
2026-09-18 02:44:16,255 - INFO - [global] Установлена последняя версия бота | 5.9.1
2026-09-18 02:44:45,851 - INFO - [global] LogUploader: запускаю upload_run_logs...
2026-09-18 02:44:45,851 - DEBUG - [global] log_uploader: START window=periodic made=-1 token=...Rjnfq
2026-09-18 02:44:46,269 - INFO - [global] Проверяю обновы...
2026-09-18 02:44:46,718 - DEBUG - [global] _api_put: GET runs/20260918_024445_fail_periodic.log -> 404
2026-09-18 02:44:47,133 - DEBUG - [global] needs_update: API GitHub → 5.9.1
2026-09-18 02:44:47,810 - DEBUG - [global] needs_update: raw → 5.9.1
2026-09-18 02:44:48,051 - DEBUG - [global] _api_put: PUT runs/20260918_024445_fail_periodic.log -> 201 (10182 bytes)
2026-09-18 02:44:48,052 - DEBUG - [global] log_uploader: STEP 1 (window log) -> https://github.com/StarateJI/L2Mauto/blob/bot-logs/runs/20260918_024445_fail_periodic.log
2026-09-18 02:44:48,052 - DEBUG - [global] log_uploader: STEP 2 SKIP (no PNGs)
2026-09-18 02:44:48,494 - DEBUG - [global] needs_update: jsdelivr → 5.9.1
2026-09-18 02:44:48,495 - DEBUG - [global] needs_update: лучший источник API → 5.9.1 (из 3)
2026-09-18 02:44:48,496 - INFO - [global] needs_update: local=(5, 9, 1) remote=(5, 9, 1) -> has_update=False
2026-09-18 02:44:48,498 - INFO - [global] Установлена последняя версия бота | 5.9.1
2026-09-18 02:44:48,971 - DEBUG - [global] _api_put: GET runs/20260918_024445_fail_global.log -> 404
2026-09-18 02:44:50,533 - DEBUG - [global] _api_put: PUT runs/20260918_024445_fail_global.log -> 201 (19945 bytes)
2026-09-18 02:44:50,535 - DEBUG - [global] log_uploader: STEP 3 (global log) -> https://github.com/StarateJI/L2Mauto/blob/bot-logs/runs/20260918_024445_fail_global.log
2026-09-18 02:44:50,535 - DEBUG - [global] log_uploader: END window=periodic
2026-09-18 02:44:50,535 - INFO - [global] LogUploader: upload_run_logs завершён
2026-09-18 02:45:18,517 - INFO - [global] Проверяю обновы...
2026-09-18 02:45:19,347 - DEBUG - [global] needs_update: API GitHub → 5.9.1
2026-09-18 02:45:19,986 - DEBUG - [global] needs_update: raw → 5.9.1
2026-09-18 02:45:20,720 - DEBUG - [global] needs_update: jsdelivr → 5.9.1
2026-09-18 02:45:20,721 - DEBUG - [global] needs_update: лучший источник API → 5.9.1 (из 3)
2026-09-18 02:45:20,722 - INFO - [global] needs_update: local=(5, 9, 1) remote=(5, 9, 1) -> has_update=False
2026-09-18 02:45:20,722 - INFO - [global] Установлена последняя версия бота | 5.9.1
2026-09-18 02:45:50,567 - INFO - [global] LogUploader: запускаю upload_run_logs...
2026-09-18 02:45:50,567 - DEBUG - [global] log_uploader: START window=periodic made=-1 token=...Rjnfq
2026-09-18 02:45:50,737 - INFO - [global] Проверяю обновы...
2026-09-18 02:45:51,465 - DEBUG - [global] _api_put: GET runs/20260918_024550_fail_periodic.log -> 404
2026-09-18 02:45:51,681 - DEBUG - [global] needs_update: API GitHub → 5.9.1
2026-09-18 02:45:52,385 - DEBUG - [global] needs_update: raw → 5.9.1
2026-09-18 02:45:52,897 - DEBUG - [global] _api_put: PUT runs/20260918_024550_fail_periodic.log -> 201 (10182 bytes)
2026-09-18 02:45:52,900 - DEBUG - [global] log_uploader: STEP 1 (window log) -> https://github.com/StarateJI/L2Mauto/blob/bot-logs/runs/20260918_024550_fail_periodic.log
2026-09-18 02:45:52,900 - DEBUG - [global] log_uploader: STEP 2 SKIP (no PNGs)
2026-09-18 02:45:53,019 - DEBUG - [global] needs_update: jsdelivr → 5.9.1
2026-09-18 02:45:53,019 - DEBUG - [global] needs_update: лучший источник API → 5.9.1 (из 3)
2026-09-18 02:45:53,020 - INFO - [global] needs_update: local=(5, 9, 1) remote=(5, 9, 1) -> has_update=False
2026-09-18 02:45:53,020 - INFO - [global] Установлена последняя версия бота | 5.9.1
2026-09-18 02:45:53,735 - DEBUG - [global] _api_put: GET runs/20260918_024550_fail_global.log -> 404
2026-09-18 02:45:55,141 - DEBUG - [global] _api_put: PUT runs/20260918_024550_fail_global.log -> 201 (19922 bytes)
2026-09-18 02:45:55,144 - DEBUG - [global] log_uploader: STEP 3 (global log) -> https://github.com/StarateJI/L2Mauto/blob/bot-logs/runs/20260918_024550_fail_global.log
2026-09-18 02:45:55,144 - DEBUG - [global] log_uploader: END window=periodic
2026-09-18 02:45:55,144 - INFO - [global] LogUploader: upload_run_logs завершён
2026-09-18 02:46:23,034 - INFO - [global] Проверяю обновы...
2026-09-18 02:46:23,892 - DEBUG - [global] needs_update: API GitHub → 5.9.1
2026-09-18 02:46:24,545 - DEBUG - [global] needs_update: raw → 5.9.1
2026-09-18 02:46:25,292 - DEBUG - [global] needs_update: jsdelivr → 5.9.1
2026-09-18 02:46:25,293 - DEBUG - [global] needs_update: лучший источник API → 5.9.1 (из 3)
2026-09-18 02:46:25,295 - INFO - [global] needs_update: local=(5, 9, 1) remote=(5, 9, 1) -> has_update=False
2026-09-18 02:46:25,295 - INFO - [global] Установлена последняя версия бота | 5.9.1
2026-09-18 02:46:55,180 - INFO - [global] LogUploader: запускаю upload_run_logs...
2026-09-18 02:46:55,181 - DEBUG - [global] log_uploader: START window=periodic made=-1 token=...Rjnfq
2026-09-18 02:46:55,316 - INFO - [global] Проверяю обновы...
2026-09-18 02:46:56,122 - DEBUG - [global] _api_put: GET runs/20260918_024655_fail_periodic.log -> 404
2026-09-18 02:46:56,256 - DEBUG - [global] needs_update: API GitHub → 5.9.1
2026-09-18 02:46:57,006 - DEBUG - [global] needs_update: raw → 5.9.1
2026-09-18 02:46:57,652 - DEBUG - [global] needs_update: jsdelivr → 5.9.1
2026-09-18 02:46:57,652 - DEBUG - [global] needs_update: лучший источник API → 5.9.1 (из 3)
2026-09-18 02:46:57,655 - INFO - [global] needs_update: local=(5, 9, 1) remote=(5, 9, 1) -> has_update=False
2026-09-18 02:46:57,655 - INFO - [global] Установлена последняя версия бота | 5.9.1
2026-09-18 02:46:57,758 - DEBUG - [global] _api_put: PUT runs/20260918_024655_fail_periodic.log -> 201 (10182 bytes)
2026-09-18 02:46:57,760 - DEBUG - [global] log_uploader: STEP 1 (window log) -> https://github.com/StarateJI/L2Mauto/blob/bot-logs/runs/20260918_024655_fail_periodic.log
2026-09-18 02:46:57,760 - DEBUG - [global] log_uploader: STEP 2 SKIP (no PNGs)
2026-09-18 02:46:58,607 - DEBUG - [global] _api_put: GET runs/20260918_024655_fail_global.log -> 404
2026-09-18 02:47:00,118 - DEBUG - [global] _api_put: PUT runs/20260918_024655_fail_global.log -> 201 (19808 bytes)
2026-09-18 02:47:00,121 - DEBUG - [global] log_uploader: STEP 3 (global log) -> https://github.com/StarateJI/L2Mauto/blob/bot-logs/runs/20260918_024655_fail_global.log
2026-09-18 02:47:00,121 - DEBUG - [global] log_uploader: END window=periodic
2026-09-18 02:47:00,121 - INFO - [global] LogUploader: upload_run_logs завершён
2026-09-18 02:47:27,672 - INFO - [global] Проверяю обновы...
2026-09-18 02:47:28,474 - DEBUG - [global] needs_update: API GitHub → 5.9.1
2026-09-18 02:47:29,107 - DEBUG - [global] needs_update: raw → 5.9.1
2026-09-18 02:47:29,842 - DEBUG - [global] needs_update: jsdelivr → 5.9.1
2026-09-18 02:47:29,843 - DEBUG - [global] needs_update: лучший источник API → 5.9.1 (из 3)
2026-09-18 02:47:29,845 - INFO - [global] needs_update: local=(5, 9, 1) remote=(5, 9, 1) -> has_update=False
2026-09-18 02:47:29,847 - INFO - [global] Установлена последняя версия бота | 5.9.1
2026-09-18 02:47:59,874 - INFO - [global] Проверяю обновы...
2026-09-18 02:48:00,156 - INFO - [global] LogUploader: запускаю upload_run_logs...
2026-09-18 02:48:00,156 - DEBUG - [global] log_uploader: START window=periodic made=-1 token=...Rjnfq
2026-09-18 02:48:00,944 - DEBUG - [global] needs_update: API GitHub → 5.9.1
2026-09-18 02:48:01,045 - DEBUG - [global] _api_put: GET runs/20260918_024800_fail_periodic.log -> 404
2026-09-18 02:48:01,673 - DEBUG - [global] needs_update: raw → 5.9.1
2026-09-18 02:48:02,357 - DEBUG - [global] needs_update: jsdelivr → 5.9.1
2026-09-18 02:48:02,357 - DEBUG - [global] needs_update: лучший источник API → 5.9.1 (из 3)
2026-09-18 02:48:02,358 - INFO - [global] needs_update: local=(5, 9, 1) remote=(5, 9, 1) -> has_update=False
2026-09-18 02:48:02,359 - INFO - [global] Установлена последняя версия бота | 5.9.1
2026-09-18 02:48:02,643 - DEBUG - [global] _api_put: PUT runs/20260918_024800_fail_periodic.log -> 201 (10182 bytes)
2026-09-18 02:48:02,645 - DEBUG - [global] log_uploader: STEP 1 (window log) -> https://github.com/StarateJI/L2Mauto/blob/bot-logs/runs/20260918_024800_fail_periodic.log
2026-09-18 02:48:02,645 - DEBUG - [global] log_uploader: STEP 2 SKIP (no PNGs)
2026-09-18 02:48:03,526 - DEBUG - [global] _api_put: GET runs/20260918_024800_fail_global.log -> 404
2026-09-18 02:48:05,099 - DEBUG - [global] _api_put: PUT runs/20260918_024800_fail_global.log -> 201 (19825 bytes)
2026-09-18 02:48:05,102 - DEBUG - [global] log_uploader: STEP 3 (global log) -> https://github.com/StarateJI/L2Mauto/blob/bot-logs/runs/20260918_024800_fail_global.log
2026-09-18 02:48:05,102 - DEBUG - [global] log_uploader: END window=periodic
2026-09-18 02:48:05,102 - INFO - [global] LogUploader: upload_run_logs завершён
2026-09-18 02:48:32,374 - INFO - [global] Проверяю обновы...
2026-09-18 02:48:33,187 - DEBUG - [global] needs_update: API GitHub → 5.9.1
2026-09-18 02:48:33,828 - DEBUG - [global] needs_update: raw → 5.9.1
2026-09-18 02:48:34,516 - DEBUG - [global] needs_update: jsdelivr → 5.9.1
2026-09-18 02:48:34,516 - DEBUG - [global] needs_update: лучший источник API → 5.9.1 (из 3)
2026-09-18 02:48:34,518 - INFO - [global] needs_update: local=(5, 9, 1) remote=(5, 9, 1) -> has_update=False
2026-09-18 02:48:34,519 - INFO - [global] Установлена последняя версия бота | 5.9.1
2026-09-18 02:49:04,536 - INFO - [global] Проверяю обновы...
2026-09-18 02:49:05,135 - INFO - [global] LogUploader: запускаю upload_run_logs...
2026-09-18 02:49:05,135 - DEBUG - [global] log_uploader: START window=periodic made=-1 token=...Rjnfq
2026-09-18 02:49:05,380 - DEBUG - [global] needs_update: API GitHub → 5.9.1
2026-09-18 02:49:06,006 - DEBUG - [global] _api_put: GET runs/20260918_024905_fail_periodic.log -> 404
2026-09-18 02:49:06,057 - DEBUG - [global] needs_update: raw → 5.9.1
2026-09-18 02:49:06,795 - DEBUG - [global] needs_update: jsdelivr → 5.9.1
2026-09-18 02:49:06,795 - DEBUG - [global] needs_update: лучший источник API → 5.9.1 (из 3)
2026-09-18 02:49:06,796 - INFO - [global] needs_update: local=(5, 9, 1) remote=(5, 9, 1) -> has_update=False
2026-09-18 02:49:06,796 - INFO - [global] Установлена последняя версия бота | 5.9.1
2026-09-18 02:49:07,574 - DEBUG - [global] _api_put: PUT runs/20260918_024905_fail_periodic.log -> 201 (10182 bytes)
2026-09-18 02:49:07,576 - DEBUG - [global] log_uploader: STEP 1 (window log) -> https://github.com/StarateJI/L2Mauto/blob/bot-logs/runs/20260918_024905_fail_periodic.log
2026-09-18 02:49:07,576 - DEBUG - [global] log_uploader: STEP 2 SKIP (no PNGs)
2026-09-18 02:49:08,401 - DEBUG - [global] _api_put: GET runs/20260918_024905_fail_global.log -> 404
2026-09-18 02:49:09,918 - DEBUG - [global] _api_put: PUT runs/20260918_024905_fail_global.log -> 201 (19890 bytes)
2026-09-18 02:49:09,920 - DEBUG - [global] log_uploader: STEP 3 (global log) -> https://github.com/StarateJI/L2Mauto/blob/bot-logs/runs/20260918_024905_fail_global.log
2026-09-18 02:49:09,920 - DEBUG - [global] log_uploader: END window=periodic
2026-09-18 02:49:09,920 - INFO - [global] LogUploader: upload_run_logs завершён
2026-09-18 02:49:36,812 - INFO - [global] Проверяю обновы...
2026-09-18 02:49:37,613 - DEBUG - [global] needs_update: API GitHub → 5.9.1
2026-09-18 02:49:38,431 - DEBUG - [global] needs_update: raw → 5.9.1
2026-09-18 02:49:39,054 - DEBUG - [global] needs_update: jsdelivr → 5.9.1
2026-09-18 02:49:39,054 - DEBUG - [global] needs_update: лучший источник API → 5.9.1 (из 3)
2026-09-18 02:49:39,056 - INFO - [global] needs_update: local=(5, 9, 1) remote=(5, 9, 1) -> has_update=False
2026-09-18 02:49:39,056 - INFO - [global] Установлена последняя версия бота | 5.9.1
2026-09-18 02:50:09,074 - INFO - [global] Проверяю обновы...
2026-09-18 02:50:09,960 - INFO - [global] LogUploader: запускаю upload_run_logs...
2026-09-18 02:50:09,961 - DEBUG - [global] log_uploader: START window=periodic made=-1 token=...Rjnfq
2026-09-18 02:50:10,091 - DEBUG - [global] needs_update: API GitHub → 5.9.1
2026-09-18 02:50:10,837 - DEBUG - [global] needs_update: raw → 5.9.1
2026-09-18 02:50:10,902 - DEBUG - [global] _api_put: GET runs/20260918_025009_fail_periodic.log -> 404
2026-09-18 02:50:11,597 - DEBUG - [global] needs_update: jsdelivr → 5.9.1
2026-09-18 02:50:11,597 - DEBUG - [global] needs_update: лучший источник API → 5.9.1 (из 3)
2026-09-18 02:50:11,599 - INFO - [global] needs_update: local=(5, 9, 1) remote=(5, 9, 1) -> has_update=False
2026-09-18 02:50:11,600 - INFO - [global] Установлена последняя версия бота | 5.9.1
2026-09-18 02:50:12,815 - DEBUG - [global] _api_put: PUT runs/20260918_025009_fail_periodic.log -> 201 (10182 bytes)
2026-09-18 02:50:12,817 - DEBUG - [global] log_uploader: STEP 1 (window log) -> https://github.com/StarateJI/L2Mauto/blob/bot-logs/runs/20260918_025009_fail_periodic.log
2026-09-18 02:50:12,818 - DEBUG - [global] log_uploader: STEP 2 SKIP (no PNGs)
2026-09-18 02:50:13,666 - DEBUG - [global] _api_put: GET runs/20260918_025009_fail_global.log -> 404
2026-09-18 02:50:15,149 - DEBUG - [global] _api_put: PUT runs/20260918_025009_fail_global.log -> 201 (19890 bytes)
2026-09-18 02:50:15,152 - DEBUG - [global] log_uploader: STEP 3 (global log) -> https://github.com/StarateJI/L2Mauto/blob/bot-logs/runs/20260918_025009_fail_global.log
2026-09-18 02:50:15,152 - DEBUG - [global] log_uploader: END window=periodic
2026-09-18 02:50:15,152 - INFO - [global] LogUploader: upload_run_logs завершён
2026-09-18 02:50:41,617 - INFO - [global] Проверяю обновы...
2026-09-18 02:50:42,387 - DEBUG - [global] needs_update: API GitHub → 5.9.1
2026-09-18 02:50:43,021 - DEBUG - [global] needs_update: raw → 5.9.1
2026-09-18 02:50:43,648 - DEBUG - [global] needs_update: jsdelivr → 5.9.1
2026-09-18 02:50:43,648 - DEBUG - [global] needs_update: лучший источник API → 5.9.1 (из 3)
2026-09-18 02:50:43,650 - INFO - [global] needs_update: local=(5, 9, 1) remote=(5, 9, 1) -> has_update=False
2026-09-18 02:50:43,651 - INFO - [global] Установлена последняя версия бота | 5.9.1
2026-09-18 02:51:13,670 - INFO - [global] Проверяю обновы...
2026-09-18 02:51:14,514 - DEBUG - [global] needs_update: API GitHub → 5.9.1
2026-09-18 02:51:15,128 - DEBUG - [global] needs_update: raw → 5.9.1
2026-09-18 02:51:15,189 - INFO - [global] LogUploader: запускаю upload_run_logs...
2026-09-18 02:51:15,189 - DEBUG - [global] log_uploader: START window=periodic made=-1 token=...Rjnfq
2026-09-18 02:51:15,882 - DEBUG - [global] needs_update: jsdelivr → 5.9.1
2026-09-18 02:51:15,882 - DEBUG - [global] needs_update: лучший источник API → 5.9.1 (из 3)
2026-09-18 02:51:15,883 - INFO - [global] needs_update: local=(5, 9, 1) remote=(5, 9, 1) -> has_update=False
2026-09-18 02:51:15,884 - INFO - [global] Установлена последняя версия бота | 5.9.1
2026-09-18 02:51:16,131 - DEBUG - [global] _api_put: GET runs/20260918_025115_fail_periodic.log -> 404
2026-09-18 02:51:17,589 - DEBUG - [global] _api_put: PUT runs/20260918_025115_fail_periodic.log -> 201 (10182 bytes)
2026-09-18 02:51:17,591 - DEBUG - [global] log_uploader: STEP 1 (window log) -> https://github.com/StarateJI/L2Mauto/blob/bot-logs/runs/20260918_025115_fail_periodic.log
2026-09-18 02:51:17,591 - DEBUG - [global] log_uploader: STEP 2 SKIP (no PNGs)
2026-09-18 02:51:18,440 - DEBUG - [global] _api_put: GET runs/20260918_025115_fail_global.log -> 404
2026-09-18 02:51:19,835 - DEBUG - [global] _api_put: PUT runs/20260918_025115_fail_global.log -> 201 (19890 bytes)
2026-09-18 02:51:19,836 - DEBUG - [global] log_uploader: STEP 3 (global log) -> https://github.com/StarateJI/L2Mauto/blob/bot-logs/runs/20260918_025115_fail_global.log
2026-09-18 02:51:19,837 - DEBUG - [global] log_uploader: END window=periodic
2026-09-18 02:51:19,837 - INFO - [global] LogUploader: upload_run_logs завершён
2026-09-18 02:51:45,900 - INFO - [global] Проверяю обновы...
2026-09-18 02:51:46,704 - DEBUG - [global] needs_update: API GitHub → 5.9.1
2026-09-18 02:51:47,342 - DEBUG - [global] needs_update: raw → 5.9.1
2026-09-18 02:51:48,049 - DEBUG - [global] needs_update: jsdelivr → 5.9.1
2026-09-18 02:51:48,050 - DEBUG - [global] needs_update: лучший источник API → 5.9.1 (из 3)
2026-09-18 02:51:48,052 - INFO - [global] needs_update: local=(5, 9, 1) remote=(5, 9, 1) -> has_update=False
2026-09-18 02:51:48,052 - INFO - [global] Установлена последняя версия бота | 5.9.1
2026-09-18 02:52:18,068 - INFO - [global] Проверяю обновы...
2026-09-18 02:52:18,867 - DEBUG - [global] needs_update: API GitHub → 5.9.1
2026-09-18 02:52:19,481 - DEBUG - [global] needs_update: raw → 5.9.1
2026-09-18 02:52:19,871 - INFO - [global] LogUploader: запускаю upload_run_logs...
2026-09-18 02:52:19,871 - DEBUG - [global] log_uploader: START window=periodic made=-1 token=...Rjnfq
2026-09-18 02:52:20,088 - DEBUG - [global] needs_update: jsdelivr → 5.9.1
2026-09-18 02:52:20,088 - DEBUG - [global] needs_update: лучший источник API → 5.9.1 (из 3)
2026-09-18 02:52:20,091 - INFO - [global] needs_update: local=(5, 9, 1) remote=(5, 9, 1) -> has_update=False
2026-09-18 02:52:20,091 - INFO - [global] Установлена последняя версия бота | 5.9.1
2026-09-18 02:52:20,698 - DEBUG - [global] _api_put: GET runs/20260918_025219_fail_periodic.log -> 404
2026-09-18 02:52:22,143 - DEBUG - [global] _api_put: PUT runs/20260918_025219_fail_periodic.log -> 201 (10182 bytes)
2026-09-18 02:52:22,145 - DEBUG - [global] log_uploader: STEP 1 (window log) -> https://github.com/StarateJI/L2Mauto/blob/bot-logs/runs/20260918_025219_fail_periodic.log
2026-09-18 02:52:22,145 - DEBUG - [global] log_uploader: STEP 2 SKIP (no PNGs)
