=== Log tail 2026-09-26T09:13:14.493168 | last 200 lines ===
2026-09-26 09:04:28,032 - DEBUG - [global] _api_put: PUT runs/20260926_090422_fail_global.log -> 201 (20294 bytes)
2026-09-26 09:04:28,034 - DEBUG - [global] log_uploader: STEP 3 (global log) -> https://github.com/StarateJI/L2Mauto/blob/bot-logs/runs/20260926_090422_fail_global.log
2026-09-26 09:04:28,034 - DEBUG - [global] log_uploader: END window=periodic
2026-09-26 09:04:28,035 - INFO - [global] LogUploader: upload_run_logs завершён
2026-09-26 09:04:28,321 - DEBUG - [global] needs_update: raw → 5.13.09
2026-09-26 09:04:28,463 - DEBUG - [global] needs_update: API → 5.13.09
2026-09-26 09:04:28,464 - DEBUG - [global] needs_update: лучший источник raw → 5.13.09 (из 2)
2026-09-26 09:04:28,464 - INFO - [global] needs_update: local=(5, 13, 7) remote=(5, 13, 9) -> has_update=True
2026-09-26 09:04:28,464 - INFO - [global] Доступна обнова! Спавню кнопку
2026-09-26 09:04:58,489 - INFO - [global] Проверяю обновы...
2026-09-26 09:04:59,546 - DEBUG - [global] needs_update: raw → 5.13.09
2026-09-26 09:04:59,782 - DEBUG - [global] needs_update: API → 5.13.09
2026-09-26 09:04:59,782 - DEBUG - [global] needs_update: лучший источник raw → 5.13.09 (из 2)
2026-09-26 09:04:59,782 - INFO - [global] needs_update: local=(5, 13, 7) remote=(5, 13, 9) -> has_update=True
2026-09-26 09:04:59,782 - INFO - [global] Доступна обнова! Спавню кнопку
2026-09-26 09:05:28,080 - INFO - [global] LogUploader: запускаю upload_run_logs...
2026-09-26 09:05:28,082 - DEBUG - [global] log_uploader: START window=periodic made=-1 token=...Rjnfq
2026-09-26 09:05:29,282 - DEBUG - [global] _api_put: GET runs/20260926_090528_fail_periodic.log -> 404
2026-09-26 09:05:29,831 - INFO - [global] Проверяю обновы...
2026-09-26 09:05:30,980 - DEBUG - [global] needs_update: raw → 5.13.09
2026-09-26 09:05:31,151 - DEBUG - [global] _api_put: PUT runs/20260926_090528_fail_periodic.log -> 201 (10313 bytes)
2026-09-26 09:05:31,156 - DEBUG - [global] log_uploader: STEP 1 (window log) -> https://github.com/StarateJI/L2Mauto/blob/bot-logs/runs/20260926_090528_fail_periodic.log
2026-09-26 09:05:31,157 - DEBUG - [global] log_uploader: STEP 2 SKIP (no PNGs)
2026-09-26 09:05:31,199 - DEBUG - [global] needs_update: API → 5.13.09
2026-09-26 09:05:31,200 - DEBUG - [global] needs_update: лучший источник raw → 5.13.09 (из 2)
2026-09-26 09:05:31,200 - INFO - [global] needs_update: local=(5, 13, 7) remote=(5, 13, 9) -> has_update=True
2026-09-26 09:05:31,200 - INFO - [global] Доступна обнова! Спавню кнопку
2026-09-26 09:05:32,750 - DEBUG - [global] _api_put: GET runs/20260926_090528_fail_global.log -> 404
2026-09-26 09:05:35,176 - DEBUG - [global] _api_put: PUT runs/20260926_090528_fail_global.log -> 201 (20294 bytes)
2026-09-26 09:05:35,181 - DEBUG - [global] log_uploader: STEP 3 (global log) -> https://github.com/StarateJI/L2Mauto/blob/bot-logs/runs/20260926_090528_fail_global.log
2026-09-26 09:05:35,182 - DEBUG - [global] log_uploader: END window=periodic
2026-09-26 09:05:35,182 - INFO - [global] LogUploader: upload_run_logs завершён
2026-09-26 09:06:01,239 - INFO - [global] Проверяю обновы...
2026-09-26 09:06:02,292 - DEBUG - [global] needs_update: raw → 5.13.09
2026-09-26 09:06:02,499 - DEBUG - [global] needs_update: API → 5.13.09
2026-09-26 09:06:02,500 - DEBUG - [global] needs_update: лучший источник raw → 5.13.09 (из 2)
2026-09-26 09:06:02,501 - INFO - [global] needs_update: local=(5, 13, 7) remote=(5, 13, 9) -> has_update=True
2026-09-26 09:06:02,501 - INFO - [global] Доступна обнова! Спавню кнопку
2026-09-26 09:06:32,526 - INFO - [global] Проверяю обновы...
2026-09-26 09:06:33,615 - DEBUG - [global] needs_update: raw → 5.13.09
2026-09-26 09:06:33,861 - DEBUG - [global] needs_update: API → 5.13.09
2026-09-26 09:06:33,861 - DEBUG - [global] needs_update: лучший источник raw → 5.13.09 (из 2)
2026-09-26 09:06:33,861 - INFO - [global] needs_update: local=(5, 13, 7) remote=(5, 13, 9) -> has_update=True
2026-09-26 09:06:33,862 - INFO - [global] Доступна обнова! Спавню кнопку
2026-09-26 09:06:35,246 - INFO - [global] LogUploader: запускаю upload_run_logs...
2026-09-26 09:06:35,247 - DEBUG - [global] log_uploader: START window=periodic made=-1 token=...Rjnfq
2026-09-26 09:06:36,603 - DEBUG - [global] _api_put: GET runs/20260926_090635_fail_periodic.log -> 404
2026-09-26 09:06:38,787 - DEBUG - [global] _api_put: PUT runs/20260926_090635_fail_periodic.log -> 201 (10313 bytes)
2026-09-26 09:06:38,789 - DEBUG - [global] log_uploader: STEP 1 (window log) -> https://github.com/StarateJI/L2Mauto/blob/bot-logs/runs/20260926_090635_fail_periodic.log
2026-09-26 09:06:38,790 - DEBUG - [global] log_uploader: STEP 2 SKIP (no PNGs)
2026-09-26 09:06:40,030 - DEBUG - [global] _api_put: GET runs/20260926_090635_fail_global.log -> 404
2026-09-26 09:06:42,172 - DEBUG - [global] _api_put: PUT runs/20260926_090635_fail_global.log -> 201 (20214 bytes)
2026-09-26 09:06:42,176 - DEBUG - [global] log_uploader: STEP 3 (global log) -> https://github.com/StarateJI/L2Mauto/blob/bot-logs/runs/20260926_090635_fail_global.log
2026-09-26 09:06:42,176 - DEBUG - [global] log_uploader: END window=periodic
2026-09-26 09:06:42,176 - INFO - [global] LogUploader: upload_run_logs завершён
2026-09-26 09:07:03,887 - INFO - [global] Проверяю обновы...
2026-09-26 09:07:04,904 - DEBUG - [global] needs_update: raw → 5.13.09
2026-09-26 09:07:05,131 - DEBUG - [global] needs_update: API → 5.13.09
2026-09-26 09:07:05,132 - DEBUG - [global] needs_update: лучший источник raw → 5.13.09 (из 2)
2026-09-26 09:07:05,133 - INFO - [global] needs_update: local=(5, 13, 7) remote=(5, 13, 9) -> has_update=True
2026-09-26 09:07:05,133 - INFO - [global] Доступна обнова! Спавню кнопку
2026-09-26 09:07:35,164 - INFO - [global] Проверяю обновы...
2026-09-26 09:07:36,163 - DEBUG - [global] needs_update: raw → 5.13.09
2026-09-26 09:07:36,413 - DEBUG - [global] needs_update: API → 5.13.09
2026-09-26 09:07:36,414 - DEBUG - [global] needs_update: лучший источник raw → 5.13.09 (из 2)
2026-09-26 09:07:36,414 - INFO - [global] needs_update: local=(5, 13, 7) remote=(5, 13, 9) -> has_update=True
2026-09-26 09:07:36,414 - INFO - [global] Доступна обнова! Спавню кнопку
2026-09-26 09:07:42,256 - INFO - [global] LogUploader: запускаю upload_run_logs...
2026-09-26 09:07:42,259 - DEBUG - [global] log_uploader: START window=periodic made=-1 token=...Rjnfq
2026-09-26 09:07:43,381 - DEBUG - [global] _api_put: GET runs/20260926_090742_fail_periodic.log -> 404
2026-09-26 09:07:45,379 - DEBUG - [global] _api_put: PUT runs/20260926_090742_fail_periodic.log -> 201 (10313 bytes)
2026-09-26 09:07:45,382 - DEBUG - [global] log_uploader: STEP 1 (window log) -> https://github.com/StarateJI/L2Mauto/blob/bot-logs/runs/20260926_090742_fail_periodic.log
2026-09-26 09:07:45,382 - DEBUG - [global] log_uploader: STEP 2 SKIP (no PNGs)
2026-09-26 09:07:46,498 - DEBUG - [global] _api_put: GET runs/20260926_090742_fail_global.log -> 404
2026-09-26 09:07:48,437 - DEBUG - [global] _api_put: PUT runs/20260926_090742_fail_global.log -> 201 (20136 bytes)
2026-09-26 09:07:48,439 - DEBUG - [global] log_uploader: STEP 3 (global log) -> https://github.com/StarateJI/L2Mauto/blob/bot-logs/runs/20260926_090742_fail_global.log
2026-09-26 09:07:48,439 - DEBUG - [global] log_uploader: END window=periodic
2026-09-26 09:07:48,440 - INFO - [global] LogUploader: upload_run_logs завершён
2026-09-26 09:08:06,439 - INFO - [global] Проверяю обновы...
2026-09-26 09:08:07,511 - DEBUG - [global] needs_update: raw → 5.13.09
2026-09-26 09:08:07,765 - DEBUG - [global] needs_update: API → 5.13.09
2026-09-26 09:08:07,766 - DEBUG - [global] needs_update: лучший источник raw → 5.13.09 (из 2)
2026-09-26 09:08:07,766 - INFO - [global] needs_update: local=(5, 13, 7) remote=(5, 13, 9) -> has_update=True
2026-09-26 09:08:07,766 - INFO - [global] Доступна обнова! Спавню кнопку
2026-09-26 09:08:37,795 - INFO - [global] Проверяю обновы...
2026-09-26 09:08:38,836 - DEBUG - [global] needs_update: raw → 5.13.09
2026-09-26 09:08:39,043 - DEBUG - [global] needs_update: API → 5.13.09
2026-09-26 09:08:39,043 - DEBUG - [global] needs_update: лучший источник raw → 5.13.09 (из 2)
2026-09-26 09:08:39,043 - INFO - [global] needs_update: local=(5, 13, 7) remote=(5, 13, 9) -> has_update=True
2026-09-26 09:08:39,043 - INFO - [global] Доступна обнова! Спавню кнопку
2026-09-26 09:08:48,485 - INFO - [global] LogUploader: запускаю upload_run_logs...
2026-09-26 09:08:48,486 - DEBUG - [global] log_uploader: START window=periodic made=-1 token=...Rjnfq
2026-09-26 09:08:49,498 - DEBUG - [global] _api_put: GET runs/20260926_090848_fail_periodic.log -> 404
2026-09-26 09:08:51,175 - DEBUG - [global] _api_put: PUT runs/20260926_090848_fail_periodic.log -> 201 (10313 bytes)
2026-09-26 09:08:51,179 - DEBUG - [global] log_uploader: STEP 1 (window log) -> https://github.com/StarateJI/L2Mauto/blob/bot-logs/runs/20260926_090848_fail_periodic.log
2026-09-26 09:08:51,179 - DEBUG - [global] log_uploader: STEP 2 SKIP (no PNGs)
2026-09-26 09:08:52,218 - DEBUG - [global] _api_put: GET runs/20260926_090848_fail_global.log -> 404
2026-09-26 09:08:54,027 - DEBUG - [global] _api_put: PUT runs/20260926_090848_fail_global.log -> 201 (20136 bytes)
2026-09-26 09:08:54,031 - DEBUG - [global] log_uploader: STEP 3 (global log) -> https://github.com/StarateJI/L2Mauto/blob/bot-logs/runs/20260926_090848_fail_global.log
2026-09-26 09:08:54,031 - DEBUG - [global] log_uploader: END window=periodic
2026-09-26 09:08:54,032 - INFO - [global] LogUploader: upload_run_logs завершён
2026-09-26 09:08:59,994 - INFO - [global] Пачка 1/10: старт (2 окон: ['Daryl', 'Сансара'])
2026-09-26 09:08:59,994 - INFO - [global] Запуск через 3 сек. | ['Daryl', 'Сансара']
2026-09-26 09:09:09,065 - INFO - [global] Проверяю обновы...
2026-09-26 09:09:10,074 - DEBUG - [global] needs_update: raw → 5.13.09
2026-09-26 09:09:10,231 - DEBUG - [global] needs_update: API → 5.13.09
2026-09-26 09:09:10,231 - DEBUG - [global] needs_update: лучший источник raw → 5.13.09 (из 2)
2026-09-26 09:09:10,231 - INFO - [global] needs_update: local=(5, 13, 7) remote=(5, 13, 9) -> has_update=True
2026-09-26 09:09:10,231 - INFO - [global] Доступна обнова! Спавню кнопку
2026-09-26 09:09:40,248 - INFO - [global] Проверяю обновы...
2026-09-26 09:09:41,251 - DEBUG - [global] needs_update: raw → 5.13.09
2026-09-26 09:09:41,402 - DEBUG - [global] needs_update: API → 5.13.09
2026-09-26 09:09:41,403 - DEBUG - [global] needs_update: лучший источник raw → 5.13.09 (из 2)
2026-09-26 09:09:41,403 - INFO - [global] needs_update: local=(5, 13, 7) remote=(5, 13, 9) -> has_update=True
2026-09-26 09:09:41,403 - INFO - [global] Доступна обнова! Спавню кнопку
2026-09-26 09:09:54,069 - INFO - [global] LogUploader: запускаю upload_run_logs...
2026-09-26 09:09:54,070 - DEBUG - [global] log_uploader: START window=periodic made=-1 token=...Rjnfq
2026-09-26 09:09:55,098 - DEBUG - [global] _api_put: GET runs/20260926_090954_fail_periodic.log -> 404
2026-09-26 09:09:56,922 - DEBUG - [global] _api_put: PUT runs/20260926_090954_fail_periodic.log -> 201 (10313 bytes)
2026-09-26 09:09:56,923 - DEBUG - [global] log_uploader: STEP 1 (window log) -> https://github.com/StarateJI/L2Mauto/blob/bot-logs/runs/20260926_090954_fail_periodic.log
2026-09-26 09:09:56,924 - DEBUG - [global] log_uploader: STEP 2 SKIP (no PNGs)
2026-09-26 09:09:57,937 - DEBUG - [global] _api_put: GET runs/20260926_090954_fail_global.log -> 404
2026-09-26 09:09:59,877 - DEBUG - [global] _api_put: PUT runs/20260926_090954_fail_global.log -> 201 (20132 bytes)
2026-09-26 09:09:59,880 - DEBUG - [global] log_uploader: STEP 3 (global log) -> https://github.com/StarateJI/L2Mauto/blob/bot-logs/runs/20260926_090954_fail_global.log
2026-09-26 09:09:59,880 - DEBUG - [global] log_uploader: END window=periodic
2026-09-26 09:09:59,880 - INFO - [global] LogUploader: upload_run_logs завершён
2026-09-26 09:10:11,417 - INFO - [global] Проверяю обновы...
2026-09-26 09:10:12,352 - DEBUG - [global] needs_update: raw → 5.13.09
2026-09-26 09:10:12,579 - DEBUG - [global] needs_update: API → 5.13.09
2026-09-26 09:10:12,580 - DEBUG - [global] needs_update: лучший источник raw → 5.13.09 (из 2)
2026-09-26 09:10:12,580 - INFO - [global] needs_update: local=(5, 13, 7) remote=(5, 13, 9) -> has_update=True
2026-09-26 09:10:12,580 - INFO - [global] Доступна обнова! Спавню кнопку
2026-09-26 09:10:27,257 - INFO - [global] [-BaseProfile-] Остановил слушалку
2026-09-26 09:10:40,574 - INFO - [global] [-BaseProfile-] Остановил слушалку
2026-09-26 09:10:40,578 - INFO - [global] Пачка 1/10: завершена за 101с
2026-09-26 09:10:41,579 - INFO - [global] Пачка 2/10: старт (2 окон: ['Nokia3310', 'МистерКринж'])
2026-09-26 09:10:41,579 - INFO - [global] Запуск через 3 сек. | ['Nokia3310', 'МистерКринж']
2026-09-26 09:10:42,603 - INFO - [global] Проверяю обновы...
2026-09-26 09:10:43,589 - DEBUG - [global] needs_update: raw → 5.13.09
2026-09-26 09:10:43,740 - DEBUG - [global] needs_update: API → 5.13.09
2026-09-26 09:10:43,740 - DEBUG - [global] needs_update: лучший источник raw → 5.13.09 (из 2)
2026-09-26 09:10:43,740 - INFO - [global] needs_update: local=(5, 13, 7) remote=(5, 13, 9) -> has_update=True
2026-09-26 09:10:43,740 - INFO - [global] Доступна обнова! Спавню кнопку
2026-09-26 09:10:59,917 - INFO - [global] LogUploader: запускаю upload_run_logs...
2026-09-26 09:10:59,918 - DEBUG - [global] log_uploader: START window=periodic made=-1 token=...Rjnfq
2026-09-26 09:11:00,926 - DEBUG - [global] _api_put: GET runs/20260926_091059_fail_periodic.log -> 404
2026-09-26 09:11:02,751 - DEBUG - [global] _api_put: PUT runs/20260926_091059_fail_periodic.log -> 201 (10313 bytes)
2026-09-26 09:11:02,754 - DEBUG - [global] log_uploader: STEP 1 (window log) -> https://github.com/StarateJI/L2Mauto/blob/bot-logs/runs/20260926_091059_fail_periodic.log
2026-09-26 09:11:02,754 - DEBUG - [global] log_uploader: STEP 2 SKIP (no PNGs)
2026-09-26 09:11:03,754 - DEBUG - [global] _api_put: GET runs/20260926_091059_fail_global.log -> 404
2026-09-26 09:11:05,643 - DEBUG - [global] _api_put: PUT runs/20260926_091059_fail_global.log -> 201 (20139 bytes)
2026-09-26 09:11:05,644 - DEBUG - [global] log_uploader: STEP 3 (global log) -> https://github.com/StarateJI/L2Mauto/blob/bot-logs/runs/20260926_091059_fail_global.log
2026-09-26 09:11:05,644 - DEBUG - [global] log_uploader: END window=periodic
2026-09-26 09:11:05,644 - INFO - [global] LogUploader: upload_run_logs завершён
2026-09-26 09:11:13,759 - INFO - [global] Проверяю обновы...
2026-09-26 09:11:14,710 - DEBUG - [global] needs_update: raw → 5.13.09
2026-09-26 09:11:14,899 - DEBUG - [global] needs_update: API → 5.13.09
2026-09-26 09:11:14,900 - DEBUG - [global] needs_update: лучший источник raw → 5.13.09 (из 2)
2026-09-26 09:11:14,900 - INFO - [global] needs_update: local=(5, 13, 7) remote=(5, 13, 9) -> has_update=True
2026-09-26 09:11:14,900 - INFO - [global] Доступна обнова! Спавню кнопку
2026-09-26 09:11:44,924 - INFO - [global] Проверяю обновы...
2026-09-26 09:11:45,870 - DEBUG - [global] needs_update: raw → 5.13.09
2026-09-26 09:11:46,031 - DEBUG - [global] needs_update: API → 5.13.09
2026-09-26 09:11:46,032 - DEBUG - [global] needs_update: лучший источник raw → 5.13.09 (из 2)
2026-09-26 09:11:46,032 - INFO - [global] needs_update: local=(5, 13, 7) remote=(5, 13, 9) -> has_update=True
2026-09-26 09:11:46,032 - INFO - [global] Доступна обнова! Спавню кнопку
2026-09-26 09:12:05,687 - INFO - [global] LogUploader: запускаю upload_run_logs...
2026-09-26 09:12:05,688 - DEBUG - [global] log_uploader: START window=periodic made=-1 token=...Rjnfq
2026-09-26 09:12:06,624 - DEBUG - [global] _api_put: GET runs/20260926_091205_fail_periodic.log -> 404
2026-09-26 09:12:08,676 - INFO - [global] [-BaseProfile-] Остановил слушалку
2026-09-26 09:12:08,931 - DEBUG - [global] _api_put: PUT runs/20260926_091205_fail_periodic.log -> 201 (10313 bytes)
2026-09-26 09:12:08,934 - DEBUG - [global] log_uploader: STEP 1 (window log) -> https://github.com/StarateJI/L2Mauto/blob/bot-logs/runs/20260926_091205_fail_periodic.log
2026-09-26 09:12:08,935 - DEBUG - [global] log_uploader: STEP 2 SKIP (no PNGs)
2026-09-26 09:12:09,933 - DEBUG - [global] _api_put: GET runs/20260926_091205_fail_global.log -> 404
2026-09-26 09:12:10,976 - INFO - [global] [-BaseProfile-] Остановил слушалку
2026-09-26 09:12:11,167 - INFO - [global] Пачка 2/10: завершена за 90с
2026-09-26 09:12:11,704 - DEBUG - [global] _api_put: PUT runs/20260926_091205_fail_global.log -> 201 (20063 bytes)
2026-09-26 09:12:11,707 - DEBUG - [global] log_uploader: STEP 3 (global log) -> https://github.com/StarateJI/L2Mauto/blob/bot-logs/runs/20260926_091205_fail_global.log
2026-09-26 09:12:11,707 - DEBUG - [global] log_uploader: END window=periodic
2026-09-26 09:12:11,707 - INFO - [global] LogUploader: upload_run_logs завершён
2026-09-26 09:12:12,168 - INFO - [global] Пачка 3/10: старт (2 окон: ['Roxpool', 'СУ57'])
2026-09-26 09:12:12,168 - INFO - [global] Запуск через 3 сек. | ['Roxpool', 'СУ57']
2026-09-26 09:12:16,056 - INFO - [global] Проверяю обновы...
2026-09-26 09:12:16,958 - DEBUG - [global] needs_update: raw → 5.13.09
2026-09-26 09:12:17,169 - DEBUG - [global] needs_update: API → 5.13.09
2026-09-26 09:12:17,169 - DEBUG - [global] needs_update: лучший источник raw → 5.13.09 (из 2)
2026-09-26 09:12:17,169 - INFO - [global] needs_update: local=(5, 13, 7) remote=(5, 13, 9) -> has_update=True
2026-09-26 09:12:17,170 - INFO - [global] Доступна обнова! Спавню кнопку
2026-09-26 09:12:47,197 - INFO - [global] Проверяю обновы...
2026-09-26 09:12:48,201 - DEBUG - [global] needs_update: raw → 5.13.09
2026-09-26 09:12:48,299 - DEBUG - [global] needs_update: API → 5.13.09
2026-09-26 09:12:48,300 - DEBUG - [global] needs_update: лучший источник raw → 5.13.09 (из 2)
2026-09-26 09:12:48,300 - INFO - [global] needs_update: local=(5, 13, 7) remote=(5, 13, 9) -> has_update=True
2026-09-26 09:12:48,300 - INFO - [global] Доступна обнова! Спавню кнопку
2026-09-26 09:13:11,755 - INFO - [global] LogUploader: запускаю upload_run_logs...
2026-09-26 09:13:11,757 - DEBUG - [global] log_uploader: START window=periodic made=-1 token=...Rjnfq
2026-09-26 09:13:12,774 - DEBUG - [global] _api_put: GET runs/20260926_091311_fail_periodic.log -> 404
2026-09-26 09:13:14,447 - DEBUG - [global] _api_put: PUT runs/20260926_091311_fail_periodic.log -> 201 (10313 bytes)
2026-09-26 09:13:14,449 - DEBUG - [global] log_uploader: STEP 1 (window log) -> https://github.com/StarateJI/L2Mauto/blob/bot-logs/runs/20260926_091311_fail_periodic.log
2026-09-26 09:13:14,450 - DEBUG - [global] log_uploader: STEP 2 SKIP (no PNGs)
