=== Log tail 2026-10-03T21:06:35.076830 | last 200 lines ===
2026-10-03 21:01:29,146 - INFO - [global] LogUploader: upload_run_logs завершён
2026-10-03 21:01:56,031 - INFO - [global] Проверяю обновы...
2026-10-03 21:01:56,949 - DEBUG - [global] needs_update: raw → 5.13.09
2026-10-03 21:01:57,045 - DEBUG - [global] needs_update: API → 5.13.09
2026-10-03 21:01:57,046 - DEBUG - [global] needs_update: лучший источник raw → 5.13.09 (из 2)
2026-10-03 21:01:57,046 - INFO - [global] needs_update: local=(5, 13, 7) remote=(5, 13, 9) -> has_update=True
2026-10-03 21:01:57,046 - INFO - [global] Доступна обнова! Спавню кнопку
2026-10-03 21:02:11,122 - INFO - [global] Пачка 1/20: старт (1 окон: ['Roxpool'])
2026-10-03 21:02:11,122 - INFO - [global] Запуск через 3 сек. | ['Roxpool']
2026-10-03 21:02:27,065 - INFO - [global] Проверяю обновы...
2026-10-03 21:02:27,959 - DEBUG - [global] needs_update: raw → 5.13.09
2026-10-03 21:02:28,110 - DEBUG - [global] needs_update: API → 5.13.09
2026-10-03 21:02:28,110 - DEBUG - [global] needs_update: лучший источник raw → 5.13.09 (из 2)
2026-10-03 21:02:28,110 - INFO - [global] needs_update: local=(5, 13, 7) remote=(5, 13, 9) -> has_update=True
2026-10-03 21:02:28,110 - INFO - [global] Доступна обнова! Спавню кнопку
2026-10-03 21:02:29,181 - INFO - [global] LogUploader: запускаю upload_run_logs...
2026-10-03 21:02:29,182 - DEBUG - [global] log_uploader: START window=periodic made=-1 token=...Rjnfq
2026-10-03 21:02:30,120 - DEBUG - [global] _api_put: GET runs/20261003_210229_fail_periodic.log -> 404
2026-10-03 21:02:31,965 - DEBUG - [global] _api_put: PUT runs/20261003_210229_fail_periodic.log -> 201 (12833 bytes)
2026-10-03 21:02:31,966 - DEBUG - [global] log_uploader: STEP 1 (window log) -> https://github.com/StarateJI/L2Mauto/blob/bot-logs/runs/20261003_210229_fail_periodic.log
2026-10-03 21:02:31,967 - DEBUG - [global] log_uploader: STEP 2 SKIP (no PNGs)
2026-10-03 21:02:32,938 - DEBUG - [global] _api_put: GET runs/20261003_210229_fail_global.log -> 404
2026-10-03 21:02:34,955 - DEBUG - [global] _api_put: PUT runs/20261003_210229_fail_global.log -> 201 (19939 bytes)
2026-10-03 21:02:34,956 - DEBUG - [global] log_uploader: STEP 3 (global log) -> https://github.com/StarateJI/L2Mauto/blob/bot-logs/runs/20261003_210229_fail_global.log
2026-10-03 21:02:34,956 - DEBUG - [global] log_uploader: END window=periodic
2026-10-03 21:02:34,956 - INFO - [global] LogUploader: upload_run_logs завершён
2026-10-03 21:02:45,347 - DEBUG - [global] log_uploader: START window=Roxpool made=0 token=...Rjnfq
2026-10-03 21:02:46,297 - DEBUG - [global] _api_put: GET runs/20261003_210245_fail_Roxpool.log -> 404
2026-10-03 21:02:48,368 - DEBUG - [global] _api_put: PUT runs/20261003_210245_fail_Roxpool.log -> 201 (53150 bytes)
2026-10-03 21:02:48,370 - DEBUG - [global] log_uploader: STEP 1 (window log) -> https://github.com/StarateJI/L2Mauto/blob/bot-logs/runs/20261003_210245_fail_Roxpool.log
2026-10-03 21:02:49,472 - DEBUG - [global] _api_put: GET debug/Roxpool/au_lot_zone.png -> 200
2026-10-03 21:02:50,845 - DEBUG - [global] _api_put: PUT debug/Roxpool/au_lot_zone.png -> 200 (1146 bytes)
2026-10-03 21:02:51,724 - DEBUG - [global] _api_put: GET debug/Roxpool/au_sample.png -> 200
2026-10-03 21:02:53,368 - DEBUG - [global] _api_put: PUT debug/Roxpool/au_sample.png -> 200 (1146 bytes)
2026-10-03 21:02:53,492 - INFO - [global] [-BaseProfile-] Остановил слушалку
2026-10-03 21:02:53,648 - INFO - [global] Пачка 1/20: завершена за 43с
2026-10-03 21:02:54,255 - DEBUG - [global] _api_put: GET debug/Roxpool/au_status.png -> 200
2026-10-03 21:02:54,649 - INFO - [global] Пачка 2/20: старт (1 окон: ['Zone51'])
2026-10-03 21:02:54,649 - INFO - [global] Запуск через 3 сек. | ['Zone51']
2026-10-03 21:02:55,691 - DEBUG - [global] _api_put: PUT debug/Roxpool/au_status.png -> 200 (815 bytes)
2026-10-03 21:02:55,693 - DEBUG - [global] log_uploader: STEP 2 (PNGs) -> 3/3 (удалено с диска: 3)
2026-10-03 21:02:56,671 - DEBUG - [global] _api_put: GET runs/20261003_210245_fail_global.log -> 404
2026-10-03 21:02:58,125 - INFO - [global] Проверяю обновы...
2026-10-03 21:02:58,512 - DEBUG - [global] _api_put: PUT runs/20261003_210245_fail_global.log -> 409 (20113 bytes)
2026-10-03 21:02:58,512 - WARNING - [global] _api_put: PUT failed body: {"message":"is at 40caff7afc0054f9741f49a4e9005126667dc794 but expected 8192789aac85f546824d81b377c3adf9bddd9962","documentation_url":"https://docs.github.com/rest/repos/contents#create-or-update-file
2026-10-03 21:02:58,514 - DEBUG - [global] log_uploader: STEP 3 (global log) -> FAILED
2026-10-03 21:02:58,514 - DEBUG - [global] log_uploader: END window=Roxpool
2026-10-03 21:02:59,041 - DEBUG - [global] needs_update: raw → 5.13.09
2026-10-03 21:02:59,202 - DEBUG - [global] needs_update: API → 5.13.09
2026-10-03 21:02:59,202 - DEBUG - [global] needs_update: лучший источник raw → 5.13.09 (из 2)
2026-10-03 21:02:59,203 - INFO - [global] needs_update: local=(5, 13, 7) remote=(5, 13, 9) -> has_update=True
2026-10-03 21:02:59,203 - INFO - [global] Доступна обнова! Спавню кнопку
2026-10-03 21:03:29,218 - INFO - [global] Проверяю обновы...
2026-10-03 21:03:30,076 - DEBUG - [global] needs_update: raw → 5.13.09
2026-10-03 21:03:30,732 - DEBUG - [global] needs_update: API → 5.13.09
2026-10-03 21:03:30,732 - DEBUG - [global] needs_update: лучший источник raw → 5.13.09 (из 2)
2026-10-03 21:03:30,732 - INFO - [global] needs_update: local=(5, 13, 7) remote=(5, 13, 9) -> has_update=True
2026-10-03 21:03:30,732 - INFO - [global] Доступна обнова! Спавню кнопку
2026-10-03 21:03:35,003 - INFO - [global] LogUploader: запускаю upload_run_logs...
2026-10-03 21:03:35,004 - DEBUG - [global] log_uploader: START window=periodic made=-1 token=...Rjnfq
2026-10-03 21:03:35,985 - DEBUG - [global] _api_put: GET runs/20261003_210335_fail_periodic.log -> 404
2026-10-03 21:03:39,119 - DEBUG - [global] _api_put: PUT runs/20261003_210335_fail_periodic.log -> 201 (12833 bytes)
2026-10-03 21:03:39,121 - DEBUG - [global] log_uploader: STEP 1 (window log) -> https://github.com/StarateJI/L2Mauto/blob/bot-logs/runs/20261003_210335_fail_periodic.log
2026-10-03 21:03:40,511 - DEBUG - [global] _api_put: GET debug/periodic/au_after_click.png -> 200
2026-10-03 21:03:42,546 - DEBUG - [global] _api_put: PUT debug/periodic/au_after_click.png -> 200 (89585 bytes)
2026-10-03 21:03:43,610 - DEBUG - [global] _api_put: GET debug/periodic/au_after_item_click.png -> 200
2026-10-03 21:03:45,555 - DEBUG - [global] _api_put: PUT debug/periodic/au_after_item_click.png -> 200 (45189 bytes)
2026-10-03 21:03:47,741 - DEBUG - [global] _api_put: GET debug/periodic/au_lot_zone.png -> 200
2026-10-03 21:03:49,620 - DEBUG - [global] _api_put: PUT debug/periodic/au_lot_zone.png -> 200 (6363 bytes)
2026-10-03 21:03:50,905 - DEBUG - [global] _api_put: GET debug/periodic/au_page_1.png -> 200
2026-10-03 21:03:52,866 - DEBUG - [global] _api_put: PUT debug/periodic/au_page_1.png -> 200 (89560 bytes)
2026-10-03 21:03:53,757 - DEBUG - [global] _api_put: GET debug/periodic/au_sample.png -> 200
2026-10-03 21:03:55,791 - DEBUG - [global] _api_put: PUT debug/periodic/au_sample.png -> 200 (6363 bytes)
2026-10-03 21:03:56,464 - DEBUG - [global] log_uploader: START window=Zone51 made=1 token=...Rjnfq
2026-10-03 21:03:56,720 - DEBUG - [global] _api_put: GET debug/periodic/au_status.png -> 200
2026-10-03 21:03:57,520 - DEBUG - [global] _api_put: GET runs/20261003_210356_ok_Zone51.log -> 404
2026-10-03 21:03:58,404 - DEBUG - [global] _api_put: PUT debug/periodic/au_status.png -> 200 (2355 bytes)
2026-10-03 21:03:58,406 - DEBUG - [global] log_uploader: STEP 2 (PNGs) -> 6/6 (удалено с диска: 6)
2026-10-03 21:03:59,351 - DEBUG - [global] _api_put: GET runs/20261003_210335_fail_global.log -> 404
2026-10-03 21:03:59,583 - DEBUG - [global] _api_put: PUT runs/20261003_210356_ok_Zone51.log -> 201 (52641 bytes)
2026-10-03 21:03:59,585 - DEBUG - [global] log_uploader: STEP 1 (window log) -> https://github.com/StarateJI/L2Mauto/blob/bot-logs/runs/20261003_210356_ok_Zone51.log
2026-10-03 21:03:59,585 - DEBUG - [global] log_uploader: STEP 2 SKIP (no PNGs)
2026-10-03 21:04:00,750 - INFO - [global] Проверяю обновы...
2026-10-03 21:04:01,714 - DEBUG - [global] _api_put: GET runs/20261003_210356_ok_global.log -> 404
2026-10-03 21:04:01,717 - DEBUG - [global] needs_update: raw → 5.13.09
2026-10-03 21:04:01,801 - DEBUG - [global] _api_put: PUT runs/20261003_210335_fail_global.log -> 201 (20143 bytes)
2026-10-03 21:04:01,803 - DEBUG - [global] log_uploader: STEP 3 (global log) -> https://github.com/StarateJI/L2Mauto/blob/bot-logs/runs/20261003_210335_fail_global.log
2026-10-03 21:04:01,803 - DEBUG - [global] log_uploader: END window=periodic
2026-10-03 21:04:01,803 - INFO - [global] LogUploader: upload_run_logs завершён
2026-10-03 21:04:01,876 - DEBUG - [global] needs_update: API → 5.13.09
2026-10-03 21:04:01,876 - DEBUG - [global] needs_update: лучший источник raw → 5.13.09 (из 2)
2026-10-03 21:04:01,877 - INFO - [global] needs_update: local=(5, 13, 7) remote=(5, 13, 9) -> has_update=True
2026-10-03 21:04:01,877 - INFO - [global] Доступна обнова! Спавню кнопку
2026-10-03 21:04:02,564 - INFO - [global] [-BaseProfile-] Остановил слушалку
2026-10-03 21:04:03,195 - INFO - [global] Пачка 2/20: завершена за 69с
2026-10-03 21:04:03,558 - DEBUG - [global] _api_put: PUT runs/20261003_210356_ok_global.log -> 409 (20289 bytes)
2026-10-03 21:04:03,558 - WARNING - [global] _api_put: PUT failed body: {"message":"is at 2787c6695e1661fa0786185a3bb3d3f6ccc8192f but expected 5d3274743dcbeabc3674d57926cda7d50422a626","documentation_url":"https://docs.github.com/rest/repos/contents#create-or-update-file
2026-10-03 21:04:03,560 - DEBUG - [global] log_uploader: STEP 3 (global log) -> FAILED
2026-10-03 21:04:03,560 - DEBUG - [global] log_uploader: END window=Zone51
2026-10-03 21:04:04,196 - INFO - [global] Пачка 3/20: старт (1 окон: ['СУ57'])
2026-10-03 21:04:04,196 - INFO - [global] Запуск через 3 сек. | ['СУ57']
2026-10-03 21:04:31,893 - INFO - [global] Проверяю обновы...
2026-10-03 21:04:32,730 - DEBUG - [global] needs_update: raw → 5.13.09
2026-10-03 21:04:32,924 - DEBUG - [global] needs_update: API → 5.13.09
2026-10-03 21:04:32,924 - DEBUG - [global] needs_update: лучший источник raw → 5.13.09 (из 2)
2026-10-03 21:04:32,924 - INFO - [global] needs_update: local=(5, 13, 7) remote=(5, 13, 9) -> has_update=True
2026-10-03 21:04:32,924 - INFO - [global] Доступна обнова! Спавню кнопку
2026-10-03 21:05:01,834 - INFO - [global] LogUploader: запускаю upload_run_logs...
2026-10-03 21:05:01,835 - DEBUG - [global] log_uploader: START window=periodic made=-1 token=...Rjnfq
2026-10-03 21:05:02,759 - DEBUG - [global] _api_put: GET runs/20261003_210501_fail_periodic.log -> 404
2026-10-03 21:05:02,943 - INFO - [global] Проверяю обновы...
2026-10-03 21:05:03,848 - DEBUG - [global] needs_update: raw → 5.13.09
2026-10-03 21:05:04,038 - DEBUG - [global] needs_update: API → 5.13.09
2026-10-03 21:05:04,038 - DEBUG - [global] needs_update: лучший источник raw → 5.13.09 (из 2)
2026-10-03 21:05:04,038 - INFO - [global] needs_update: local=(5, 13, 7) remote=(5, 13, 9) -> has_update=True
2026-10-03 21:05:04,038 - INFO - [global] Доступна обнова! Спавню кнопку
2026-10-03 21:05:04,984 - DEBUG - [global] _api_put: PUT runs/20261003_210501_fail_periodic.log -> 201 (12833 bytes)
2026-10-03 21:05:04,988 - DEBUG - [global] log_uploader: STEP 1 (window log) -> https://github.com/StarateJI/L2Mauto/blob/bot-logs/runs/20261003_210501_fail_periodic.log
2026-10-03 21:05:07,183 - DEBUG - [global] _api_put: GET debug/periodic/au_after_click.png -> 200
2026-10-03 21:05:07,631 - DEBUG - [global] log_uploader: START window=СУ57 made=1 token=...Rjnfq
2026-10-03 21:05:08,615 - DEBUG - [global] _api_put: GET runs/20261003_210507_ok_СУ57.log -> 404
2026-10-03 21:05:09,594 - DEBUG - [global] _api_put: PUT debug/periodic/au_after_click.png -> 200 (94678 bytes)
2026-10-03 21:05:10,625 - DEBUG - [global] _api_put: GET debug/periodic/au_after_item_click.png -> 200
2026-10-03 21:05:11,659 - DEBUG - [global] _api_put: PUT runs/20261003_210507_ok_СУ57.log -> 201 (52181 bytes)
2026-10-03 21:05:11,661 - DEBUG - [global] log_uploader: STEP 1 (window log) -> https://github.com/StarateJI/L2Mauto/blob/bot-logs/runs/20261003_210507_ok_%D0%A1%D0%A357.log
2026-10-03 21:05:12,414 - DEBUG - [global] _api_put: PUT debug/periodic/au_after_item_click.png -> 200 (47351 bytes)
2026-10-03 21:05:12,758 - DEBUG - [global] _api_put: GET debug/СУ57/au_after_item_click.png -> 200
2026-10-03 21:05:13,388 - DEBUG - [global] _api_put: GET debug/periodic/au_lot_zone.png -> 200
2026-10-03 21:05:14,608 - DEBUG - [global] _api_put: PUT debug/СУ57/au_after_item_click.png -> 200 (47351 bytes)
2026-10-03 21:05:14,896 - DEBUG - [global] _api_put: PUT debug/periodic/au_lot_zone.png -> 409 (940 bytes)
2026-10-03 21:05:14,896 - WARNING - [global] _api_put: PUT failed body: {"message":"is at d8fc296e1fc1ca6f935b048e4feaf29b26d5e52a but expected 56ebbb3be3dcd3a67aa60ed0928c3d0ce2017f5d","documentation_url":"https://docs.github.com/rest/repos/contents#create-or-update-file
2026-10-03 21:05:15,762 - INFO - [global] [-BaseProfile-] Остановил слушалку
2026-10-03 21:05:16,339 - DEBUG - [global] _api_put: GET debug/periodic/au_page_1.png -> 200
2026-10-03 21:05:16,746 - INFO - [global] Пачка 3/20: завершена за 73с
2026-10-03 21:05:17,746 - INFO - [global] Пачка 4/20: старт (1 окон: ['DewPew'])
2026-10-03 21:05:17,746 - INFO - [global] Запуск через 3 сек. | ['DewPew']
2026-10-03 21:05:18,100 - DEBUG - [global] _api_put: PUT debug/periodic/au_page_1.png -> 200 (94678 bytes)
2026-10-03 21:05:19,073 - DEBUG - [global] _api_put: GET debug/periodic/au_sample.png -> 200
2026-10-03 21:05:20,433 - DEBUG - [global] _api_put: PUT debug/periodic/au_sample.png -> 200 (940 bytes)
2026-10-03 21:05:21,254 - DEBUG - [global] _api_put: GET debug/СУ57/au_lot_zone.png -> 200
2026-10-03 21:05:21,345 - DEBUG - [global] _api_put: GET debug/periodic/au_status.png -> 200
2026-10-03 21:05:22,804 - DEBUG - [global] _api_put: PUT debug/СУ57/au_lot_zone.png -> 200 (940 bytes)
2026-10-03 21:05:23,700 - DEBUG - [global] _api_put: GET debug/СУ57/au_status.png -> 404
2026-10-03 21:05:24,042 - DEBUG - [global] _api_put: PUT debug/periodic/au_status.png -> 409 (1831 bytes)
2026-10-03 21:05:24,042 - WARNING - [global] _api_put: PUT failed body: {"message":"is at 9477f45f9cd9cd95348e5f457e60c9626536dceb but expected 89469a682a62f50ce101e53fe44786ecfff76338","documentation_url":"https://docs.github.com/rest/repos/contents#create-or-update-file
2026-10-03 21:05:24,044 - DEBUG - [global] log_uploader: STEP 2 (PNGs) -> 4/6 (удалено с диска: 4)
2026-10-03 21:05:25,069 - DEBUG - [global] _api_put: GET runs/20261003_210501_fail_global.log -> 404
2026-10-03 21:05:25,398 - DEBUG - [global] _api_put: PUT debug/СУ57/au_status.png -> 201 (1831 bytes)
2026-10-03 21:05:25,401 - DEBUG - [global] log_uploader: STEP 2 (PNGs) -> 3/5 (удалено с диска: 3)
2026-10-03 21:05:26,414 - DEBUG - [global] _api_put: GET runs/20261003_210507_ok_global.log -> 404
2026-10-03 21:05:27,038 - DEBUG - [global] _api_put: PUT runs/20261003_210501_fail_global.log -> 201 (20798 bytes)
2026-10-03 21:05:27,040 - DEBUG - [global] log_uploader: STEP 3 (global log) -> https://github.com/StarateJI/L2Mauto/blob/bot-logs/runs/20261003_210501_fail_global.log
2026-10-03 21:05:27,040 - DEBUG - [global] log_uploader: END window=periodic
2026-10-03 21:05:27,040 - INFO - [global] LogUploader: upload_run_logs завершён
2026-10-03 21:05:28,987 - DEBUG - [global] _api_put: PUT runs/20261003_210507_ok_global.log -> 201 (20782 bytes)
2026-10-03 21:05:28,989 - DEBUG - [global] log_uploader: STEP 3 (global log) -> https://github.com/StarateJI/L2Mauto/blob/bot-logs/runs/20261003_210507_ok_global.log
2026-10-03 21:05:28,989 - DEBUG - [global] log_uploader: END window=СУ57
2026-10-03 21:05:34,055 - INFO - [global] Проверяю обновы...
2026-10-03 21:05:34,932 - DEBUG - [global] needs_update: raw → 5.13.09
2026-10-03 21:05:35,077 - DEBUG - [global] needs_update: API → 5.13.09
2026-10-03 21:05:35,078 - DEBUG - [global] needs_update: лучший источник raw → 5.13.09 (из 2)
2026-10-03 21:05:35,078 - INFO - [global] needs_update: local=(5, 13, 7) remote=(5, 13, 9) -> has_update=True
2026-10-03 21:05:35,078 - INFO - [global] Доступна обнова! Спавню кнопку
2026-10-03 21:06:05,097 - INFO - [global] Проверяю обновы...
2026-10-03 21:06:06,042 - DEBUG - [global] needs_update: raw → 5.13.09
2026-10-03 21:06:06,092 - DEBUG - [global] needs_update: API → 5.13.09
2026-10-03 21:06:06,092 - DEBUG - [global] needs_update: лучший источник raw → 5.13.09 (из 2)
2026-10-03 21:06:06,092 - INFO - [global] needs_update: local=(5, 13, 7) remote=(5, 13, 9) -> has_update=True
2026-10-03 21:06:06,093 - INFO - [global] Доступна обнова! Спавню кнопку
2026-10-03 21:06:15,035 - DEBUG - [global] log_uploader: START window=DewPew made=0 token=...Rjnfq
2026-10-03 21:06:15,955 - DEBUG - [global] _api_put: GET runs/20261003_210615_fail_DewPew.log -> 404
2026-10-03 21:06:18,097 - DEBUG - [global] _api_put: PUT runs/20261003_210615_fail_DewPew.log -> 201 (53088 bytes)
2026-10-03 21:06:18,099 - DEBUG - [global] log_uploader: STEP 1 (window log) -> https://github.com/StarateJI/L2Mauto/blob/bot-logs/runs/20261003_210615_fail_DewPew.log
2026-10-03 21:06:19,063 - DEBUG - [global] _api_put: GET debug/DewPew/au_after_click.png -> 404
2026-10-03 21:06:21,220 - DEBUG - [global] _api_put: PUT debug/DewPew/au_after_click.png -> 201 (90581 bytes)
2026-10-03 21:06:22,096 - DEBUG - [global] _api_put: GET debug/DewPew/au_after_item_click.png -> 404
2026-10-03 21:06:23,998 - DEBUG - [global] _api_put: PUT debug/DewPew/au_after_item_click.png -> 201 (45473 bytes)
2026-10-03 21:06:24,888 - DEBUG - [global] _api_put: GET debug/DewPew/au_lot_zone.png -> 200
2026-10-03 21:06:25,146 - INFO - [global] [-BaseProfile-] Остановил слушалку
2026-10-03 21:06:25,292 - INFO - [global] Пачка 4/20: завершена за 68с
2026-10-03 21:06:26,292 - INFO - [global] Пачка 5/20: старт (1 окон: ['МистерКринж'])
2026-10-03 21:06:26,292 - INFO - [global] Запуск через 3 сек. | ['МистерКринж']
2026-10-03 21:06:26,591 - DEBUG - [global] _api_put: PUT debug/DewPew/au_lot_zone.png -> 200 (940 bytes)
2026-10-03 21:06:27,074 - INFO - [global] LogUploader: запускаю upload_run_logs...
2026-10-03 21:06:27,075 - DEBUG - [global] log_uploader: START window=periodic made=-1 token=...Rjnfq
2026-10-03 21:06:27,492 - DEBUG - [global] _api_put: GET debug/DewPew/au_page_1.png -> 404
2026-10-03 21:06:27,959 - DEBUG - [global] _api_put: GET runs/20261003_210627_fail_periodic.log -> 404
2026-10-03 21:06:29,868 - DEBUG - [global] _api_put: PUT debug/DewPew/au_page_1.png -> 409 (90581 bytes)
2026-10-03 21:06:29,869 - WARNING - [global] _api_put: PUT failed body: {"message":"is at c2e003f0192503616e50980cb05e98aa6ac80680 but expected 0648062bfb5b06ab2650a744a0f3e0321d5c8129","documentation_url":"https://docs.github.com/rest/repos/contents#create-or-update-file
2026-10-03 21:06:29,939 - DEBUG - [global] _api_put: PUT runs/20261003_210627_fail_periodic.log -> 201 (12833 bytes)
2026-10-03 21:06:29,941 - DEBUG - [global] log_uploader: STEP 1 (window log) -> https://github.com/StarateJI/L2Mauto/blob/bot-logs/runs/20261003_210627_fail_periodic.log
2026-10-03 21:06:30,832 - DEBUG - [global] _api_put: GET debug/DewPew/au_sample.png -> 200
2026-10-03 21:06:32,221 - DEBUG - [global] _api_put: GET debug/periodic/au_page_1.png -> 200
2026-10-03 21:06:32,591 - DEBUG - [global] _api_put: PUT debug/DewPew/au_sample.png -> 200 (940 bytes)
2026-10-03 21:06:33,522 - DEBUG - [global] _api_put: GET debug/DewPew/au_status.png -> 200
2026-10-03 21:06:34,957 - DEBUG - [global] _api_put: PUT debug/periodic/au_page_1.png -> 200 (90581 bytes)
2026-10-03 21:06:34,963 - DEBUG - [global] log_uploader: STEP 2 (PNGs) -> 1/3 (удалено с диска: 1)
2026-10-03 21:06:35,030 - DEBUG - [global] _api_put: PUT debug/DewPew/au_status.png -> 409 (1719 bytes)
2026-10-03 21:06:35,030 - WARNING - [global] _api_put: PUT failed body: {"message":"is at 3b2f6e234fb164b77dc4307e9991a1ecaa535998 but expected 0f4a80d0621a1fb623b0369de414dcf6979b1814","documentation_url":"https://docs.github.com/rest/repos/contents#create-or-update-file
2026-10-03 21:06:35,032 - DEBUG - [global] log_uploader: STEP 2 (PNGs) -> 4/6 (удалено с диска: 4)
