=== Log tail 2026-09-16T17:30:16.774362 | last 200 lines ===
2026-09-16 17:21:39,680 - DEBUG - [global] _api_put: GET runs/20260916_172136_fail_global.log -> 404
2026-09-16 17:21:41,528 - DEBUG - [global] _api_put: PUT runs/20260916_172136_fail_global.log -> 201 (19621 bytes)
2026-09-16 17:21:41,529 - DEBUG - [global] log_uploader: STEP 3 (global log) -> https://github.com/StarateJI/L2Mauto/blob/bot-logs/runs/20260916_172136_fail_global.log
2026-09-16 17:21:41,529 - DEBUG - [global] log_uploader: END window=periodic
2026-09-16 17:21:41,530 - INFO - [global] LogUploader: upload_run_logs завершён
2026-09-16 17:22:00,323 - INFO - [global] Проверяю обновы...
2026-09-16 17:22:00,892 - DEBUG - [global] needs_update: raw → 5.7.9
2026-09-16 17:22:01,687 - DEBUG - [global] needs_update: API GitHub → 5.7.9
2026-09-16 17:22:02,172 - DEBUG - [global] needs_update: jsdelivr → 5.7.4
2026-09-16 17:22:02,172 - DEBUG - [global] needs_update: лучший источник raw → 5.7.9 (из 3)
2026-09-16 17:22:02,173 - INFO - [global] needs_update: local=(5, 7, 1) remote=(5, 7, 9) -> has_update=True
2026-09-16 17:22:02,173 - INFO - [global] Доступна обнова! Спавню кнопку
2026-09-16 17:22:32,187 - INFO - [global] Проверяю обновы...
2026-09-16 17:22:32,757 - DEBUG - [global] needs_update: raw → 5.7.9
2026-09-16 17:22:33,629 - DEBUG - [global] needs_update: API GitHub → 5.7.9
2026-09-16 17:22:34,093 - DEBUG - [global] needs_update: jsdelivr → 5.7.4
2026-09-16 17:22:34,093 - DEBUG - [global] needs_update: лучший источник raw → 5.7.9 (из 3)
2026-09-16 17:22:34,095 - INFO - [global] needs_update: local=(5, 7, 1) remote=(5, 7, 9) -> has_update=True
2026-09-16 17:22:34,095 - INFO - [global] Доступна обнова! Спавню кнопку
2026-09-16 17:22:41,555 - INFO - [global] LogUploader: запускаю upload_run_logs...
2026-09-16 17:22:41,556 - DEBUG - [global] log_uploader: START window=periodic made=-1 token=...Rjnfq
2026-09-16 17:22:42,283 - DEBUG - [global] _api_put: GET runs/20260916_172241_fail_periodic.log -> 404
2026-09-16 17:22:43,657 - DEBUG - [global] _api_put: PUT runs/20260916_172241_fail_periodic.log -> 201 (10182 bytes)
2026-09-16 17:22:43,659 - DEBUG - [global] log_uploader: STEP 1 (window log) -> https://github.com/StarateJI/L2Mauto/blob/bot-logs/runs/20260916_172241_fail_periodic.log
2026-09-16 17:22:43,660 - DEBUG - [global] log_uploader: STEP 2 SKIP (no PNGs)
2026-09-16 17:22:44,604 - DEBUG - [global] _api_put: GET runs/20260916_172241_fail_global.log -> 404
2026-09-16 17:22:45,956 - DEBUG - [global] _api_put: PUT runs/20260916_172241_fail_global.log -> 201 (19621 bytes)
2026-09-16 17:22:45,959 - DEBUG - [global] log_uploader: STEP 3 (global log) -> https://github.com/StarateJI/L2Mauto/blob/bot-logs/runs/20260916_172241_fail_global.log
2026-09-16 17:22:45,959 - DEBUG - [global] log_uploader: END window=periodic
2026-09-16 17:22:45,959 - INFO - [global] LogUploader: upload_run_logs завершён
2026-09-16 17:23:04,108 - INFO - [global] Проверяю обновы...
2026-09-16 17:23:04,743 - DEBUG - [global] needs_update: raw → 5.7.9
2026-09-16 17:23:05,567 - DEBUG - [global] needs_update: API GitHub → 5.7.9
2026-09-16 17:23:06,105 - DEBUG - [global] needs_update: jsdelivr → 5.7.4
2026-09-16 17:23:06,105 - DEBUG - [global] needs_update: лучший источник raw → 5.7.9 (из 3)
2026-09-16 17:23:06,107 - INFO - [global] needs_update: local=(5, 7, 1) remote=(5, 7, 9) -> has_update=True
2026-09-16 17:23:06,107 - INFO - [global] Доступна обнова! Спавню кнопку
2026-09-16 17:23:36,121 - INFO - [global] Проверяю обновы...
2026-09-16 17:23:36,737 - DEBUG - [global] needs_update: raw → 5.7.9
2026-09-16 17:23:37,494 - DEBUG - [global] needs_update: API GitHub → 5.7.9
2026-09-16 17:23:38,055 - DEBUG - [global] needs_update: jsdelivr → 5.7.4
2026-09-16 17:23:38,055 - DEBUG - [global] needs_update: лучший источник raw → 5.7.9 (из 3)
2026-09-16 17:23:38,057 - INFO - [global] needs_update: local=(5, 7, 1) remote=(5, 7, 9) -> has_update=True
2026-09-16 17:23:38,057 - INFO - [global] Доступна обнова! Спавню кнопку
2026-09-16 17:23:45,987 - INFO - [global] LogUploader: запускаю upload_run_logs...
2026-09-16 17:23:45,987 - DEBUG - [global] log_uploader: START window=periodic made=-1 token=...Rjnfq
2026-09-16 17:23:46,809 - DEBUG - [global] _api_put: GET runs/20260916_172345_fail_periodic.log -> 404
2026-09-16 17:23:48,182 - DEBUG - [global] _api_put: PUT runs/20260916_172345_fail_periodic.log -> 201 (10182 bytes)
2026-09-16 17:23:48,184 - DEBUG - [global] log_uploader: STEP 1 (window log) -> https://github.com/StarateJI/L2Mauto/blob/bot-logs/runs/20260916_172345_fail_periodic.log
2026-09-16 17:23:48,185 - DEBUG - [global] log_uploader: STEP 2 SKIP (no PNGs)
2026-09-16 17:23:49,156 - DEBUG - [global] _api_put: GET runs/20260916_172345_fail_global.log -> 404
2026-09-16 17:23:50,857 - DEBUG - [global] _api_put: PUT runs/20260916_172345_fail_global.log -> 201 (19621 bytes)
2026-09-16 17:23:50,858 - DEBUG - [global] log_uploader: STEP 3 (global log) -> https://github.com/StarateJI/L2Mauto/blob/bot-logs/runs/20260916_172345_fail_global.log
2026-09-16 17:23:50,858 - DEBUG - [global] log_uploader: END window=periodic
2026-09-16 17:23:50,858 - INFO - [global] LogUploader: upload_run_logs завершён
2026-09-16 17:24:08,072 - INFO - [global] Проверяю обновы...
2026-09-16 17:24:08,680 - DEBUG - [global] needs_update: raw → 5.7.9
2026-09-16 17:24:09,416 - DEBUG - [global] needs_update: API GitHub → 5.7.9
2026-09-16 17:24:09,928 - DEBUG - [global] needs_update: jsdelivr → 5.7.4
2026-09-16 17:24:09,928 - DEBUG - [global] needs_update: лучший источник raw → 5.7.9 (из 3)
2026-09-16 17:24:09,931 - INFO - [global] needs_update: local=(5, 7, 1) remote=(5, 7, 9) -> has_update=True
2026-09-16 17:24:09,931 - INFO - [global] Доступна обнова! Спавню кнопку
2026-09-16 17:24:39,944 - INFO - [global] Проверяю обновы...
2026-09-16 17:24:40,747 - DEBUG - [global] needs_update: raw → 5.7.9
2026-09-16 17:24:41,566 - DEBUG - [global] needs_update: API GitHub → 5.7.9
2026-09-16 17:24:42,166 - DEBUG - [global] needs_update: jsdelivr → 5.7.4
2026-09-16 17:24:42,166 - DEBUG - [global] needs_update: лучший источник raw → 5.7.9 (из 3)
2026-09-16 17:24:42,167 - INFO - [global] needs_update: local=(5, 7, 1) remote=(5, 7, 9) -> has_update=True
2026-09-16 17:24:42,167 - INFO - [global] Доступна обнова! Спавню кнопку
2026-09-16 17:24:50,887 - INFO - [global] LogUploader: запускаю upload_run_logs...
2026-09-16 17:24:50,888 - DEBUG - [global] log_uploader: START window=periodic made=-1 token=...Rjnfq
2026-09-16 17:24:51,855 - DEBUG - [global] _api_put: GET runs/20260916_172450_fail_periodic.log -> 404
2026-09-16 17:24:53,281 - DEBUG - [global] _api_put: PUT runs/20260916_172450_fail_periodic.log -> 201 (10182 bytes)
2026-09-16 17:24:53,283 - DEBUG - [global] log_uploader: STEP 1 (window log) -> https://github.com/StarateJI/L2Mauto/blob/bot-logs/runs/20260916_172450_fail_periodic.log
2026-09-16 17:24:53,284 - DEBUG - [global] log_uploader: STEP 2 SKIP (no PNGs)
2026-09-16 17:24:54,228 - DEBUG - [global] _api_put: GET runs/20260916_172450_fail_global.log -> 404
2026-09-16 17:24:55,637 - DEBUG - [global] _api_put: PUT runs/20260916_172450_fail_global.log -> 201 (19621 bytes)
2026-09-16 17:24:55,638 - DEBUG - [global] log_uploader: STEP 3 (global log) -> https://github.com/StarateJI/L2Mauto/blob/bot-logs/runs/20260916_172450_fail_global.log
2026-09-16 17:24:55,638 - DEBUG - [global] log_uploader: END window=periodic
2026-09-16 17:24:55,638 - INFO - [global] LogUploader: upload_run_logs завершён
2026-09-16 17:25:12,181 - INFO - [global] Проверяю обновы...
2026-09-16 17:25:12,763 - DEBUG - [global] needs_update: raw → 5.7.9
2026-09-16 17:25:13,550 - DEBUG - [global] needs_update: API GitHub → 5.7.9
2026-09-16 17:25:14,100 - DEBUG - [global] needs_update: jsdelivr → 5.7.4
2026-09-16 17:25:14,100 - DEBUG - [global] needs_update: лучший источник raw → 5.7.9 (из 3)
2026-09-16 17:25:14,103 - INFO - [global] needs_update: local=(5, 7, 1) remote=(5, 7, 9) -> has_update=True
2026-09-16 17:25:14,103 - INFO - [global] Доступна обнова! Спавню кнопку
2026-09-16 17:25:44,120 - INFO - [global] Проверяю обновы...
2026-09-16 17:25:44,750 - DEBUG - [global] needs_update: raw → 5.7.9
2026-09-16 17:25:45,528 - DEBUG - [global] needs_update: API GitHub → 5.7.9
2026-09-16 17:25:46,171 - DEBUG - [global] needs_update: jsdelivr → 5.7.4
2026-09-16 17:25:46,171 - DEBUG - [global] needs_update: лучший источник raw → 5.7.9 (из 3)
2026-09-16 17:25:46,172 - INFO - [global] needs_update: local=(5, 7, 1) remote=(5, 7, 9) -> has_update=True
2026-09-16 17:25:46,172 - INFO - [global] Доступна обнова! Спавню кнопку
2026-09-16 17:25:55,666 - INFO - [global] LogUploader: запускаю upload_run_logs...
2026-09-16 17:25:55,667 - DEBUG - [global] log_uploader: START window=periodic made=-1 token=...Rjnfq
2026-09-16 17:25:56,499 - DEBUG - [global] _api_put: GET runs/20260916_172555_fail_periodic.log -> 404
2026-09-16 17:25:58,012 - DEBUG - [global] _api_put: PUT runs/20260916_172555_fail_periodic.log -> 201 (10182 bytes)
2026-09-16 17:25:58,014 - DEBUG - [global] log_uploader: STEP 1 (window log) -> https://github.com/StarateJI/L2Mauto/blob/bot-logs/runs/20260916_172555_fail_periodic.log
2026-09-16 17:25:58,014 - DEBUG - [global] log_uploader: STEP 2 SKIP (no PNGs)
2026-09-16 17:25:58,887 - DEBUG - [global] _api_put: GET runs/20260916_172555_fail_global.log -> 404
2026-09-16 17:26:00,309 - DEBUG - [global] _api_put: PUT runs/20260916_172555_fail_global.log -> 201 (19621 bytes)
2026-09-16 17:26:00,311 - DEBUG - [global] log_uploader: STEP 3 (global log) -> https://github.com/StarateJI/L2Mauto/blob/bot-logs/runs/20260916_172555_fail_global.log
2026-09-16 17:26:00,311 - DEBUG - [global] log_uploader: END window=periodic
2026-09-16 17:26:00,311 - INFO - [global] LogUploader: upload_run_logs завершён
2026-09-16 17:26:16,187 - INFO - [global] Проверяю обновы...
2026-09-16 17:26:16,801 - DEBUG - [global] needs_update: raw → 5.7.9
2026-09-16 17:26:17,530 - DEBUG - [global] needs_update: API GitHub → 5.7.9
2026-09-16 17:26:18,130 - DEBUG - [global] needs_update: jsdelivr → 5.7.4
2026-09-16 17:26:18,130 - DEBUG - [global] needs_update: лучший источник raw → 5.7.9 (из 3)
2026-09-16 17:26:18,132 - INFO - [global] needs_update: local=(5, 7, 1) remote=(5, 7, 9) -> has_update=True
2026-09-16 17:26:18,132 - INFO - [global] Доступна обнова! Спавню кнопку
2026-09-16 17:26:48,145 - INFO - [global] Проверяю обновы...
2026-09-16 17:26:48,783 - DEBUG - [global] needs_update: raw → 5.7.9
2026-09-16 17:26:49,513 - DEBUG - [global] needs_update: API GitHub → 5.7.9
2026-09-16 17:26:50,055 - DEBUG - [global] needs_update: jsdelivr → 5.7.4
2026-09-16 17:26:50,055 - DEBUG - [global] needs_update: лучший источник raw → 5.7.9 (из 3)
2026-09-16 17:26:50,058 - INFO - [global] needs_update: local=(5, 7, 1) remote=(5, 7, 9) -> has_update=True
2026-09-16 17:26:50,058 - INFO - [global] Доступна обнова! Спавню кнопку
2026-09-16 17:27:00,338 - INFO - [global] LogUploader: запускаю upload_run_logs...
2026-09-16 17:27:00,339 - DEBUG - [global] log_uploader: START window=periodic made=-1 token=...Rjnfq
2026-09-16 17:27:01,176 - DEBUG - [global] _api_put: GET runs/20260916_172700_fail_periodic.log -> 404
2026-09-16 17:27:02,647 - DEBUG - [global] _api_put: PUT runs/20260916_172700_fail_periodic.log -> 201 (10182 bytes)
2026-09-16 17:27:02,648 - DEBUG - [global] log_uploader: STEP 1 (window log) -> https://github.com/StarateJI/L2Mauto/blob/bot-logs/runs/20260916_172700_fail_periodic.log
2026-09-16 17:27:02,648 - DEBUG - [global] log_uploader: STEP 2 SKIP (no PNGs)
2026-09-16 17:27:03,560 - DEBUG - [global] _api_put: GET runs/20260916_172700_fail_global.log -> 404
2026-09-16 17:27:05,035 - DEBUG - [global] _api_put: PUT runs/20260916_172700_fail_global.log -> 201 (19621 bytes)
2026-09-16 17:27:05,038 - DEBUG - [global] log_uploader: STEP 3 (global log) -> https://github.com/StarateJI/L2Mauto/blob/bot-logs/runs/20260916_172700_fail_global.log
2026-09-16 17:27:05,038 - DEBUG - [global] log_uploader: END window=periodic
2026-09-16 17:27:05,039 - INFO - [global] LogUploader: upload_run_logs завершён
2026-09-16 17:27:20,072 - INFO - [global] Проверяю обновы...
2026-09-16 17:27:20,735 - DEBUG - [global] needs_update: raw → 5.7.9
2026-09-16 17:27:21,545 - DEBUG - [global] needs_update: API GitHub → 5.7.9
2026-09-16 17:27:22,055 - DEBUG - [global] needs_update: jsdelivr → 5.7.4
2026-09-16 17:27:22,055 - DEBUG - [global] needs_update: лучший источник raw → 5.7.9 (из 3)
2026-09-16 17:27:22,057 - INFO - [global] needs_update: local=(5, 7, 1) remote=(5, 7, 9) -> has_update=True
2026-09-16 17:27:22,057 - INFO - [global] Доступна обнова! Спавню кнопку
2026-09-16 17:27:52,070 - INFO - [global] Проверяю обновы...
2026-09-16 17:27:52,672 - DEBUG - [global] needs_update: raw → 5.7.9
2026-09-16 17:27:53,471 - DEBUG - [global] needs_update: API GitHub → 5.7.9
2026-09-16 17:27:53,971 - DEBUG - [global] needs_update: jsdelivr → 5.7.4
2026-09-16 17:27:53,972 - DEBUG - [global] needs_update: лучший источник raw → 5.7.9 (из 3)
2026-09-16 17:27:53,974 - INFO - [global] needs_update: local=(5, 7, 1) remote=(5, 7, 9) -> has_update=True
2026-09-16 17:27:53,974 - INFO - [global] Доступна обнова! Спавню кнопку
2026-09-16 17:28:05,067 - INFO - [global] LogUploader: запускаю upload_run_logs...
2026-09-16 17:28:05,068 - DEBUG - [global] log_uploader: START window=periodic made=-1 token=...Rjnfq
2026-09-16 17:28:05,915 - DEBUG - [global] _api_put: GET runs/20260916_172805_fail_periodic.log -> 404
2026-09-16 17:28:07,312 - DEBUG - [global] _api_put: PUT runs/20260916_172805_fail_periodic.log -> 201 (10182 bytes)
2026-09-16 17:28:07,315 - DEBUG - [global] log_uploader: STEP 1 (window log) -> https://github.com/StarateJI/L2Mauto/blob/bot-logs/runs/20260916_172805_fail_periodic.log
2026-09-16 17:28:07,316 - DEBUG - [global] log_uploader: STEP 2 SKIP (no PNGs)
2026-09-16 17:28:08,117 - DEBUG - [global] _api_put: GET runs/20260916_172805_fail_global.log -> 404
2026-09-16 17:28:09,689 - DEBUG - [global] _api_put: PUT runs/20260916_172805_fail_global.log -> 201 (19621 bytes)
2026-09-16 17:28:09,692 - DEBUG - [global] log_uploader: STEP 3 (global log) -> https://github.com/StarateJI/L2Mauto/blob/bot-logs/runs/20260916_172805_fail_global.log
2026-09-16 17:28:09,692 - DEBUG - [global] log_uploader: END window=periodic
2026-09-16 17:28:09,692 - INFO - [global] LogUploader: upload_run_logs завершён
2026-09-16 17:28:23,989 - INFO - [global] Проверяю обновы...
2026-09-16 17:28:24,627 - DEBUG - [global] needs_update: raw → 5.7.9
2026-09-16 17:28:25,453 - DEBUG - [global] needs_update: API GitHub → 5.7.9
2026-09-16 17:28:25,944 - DEBUG - [global] needs_update: jsdelivr → 5.7.4
2026-09-16 17:28:25,944 - DEBUG - [global] needs_update: лучший источник raw → 5.7.9 (из 3)
2026-09-16 17:28:25,945 - INFO - [global] needs_update: local=(5, 7, 1) remote=(5, 7, 9) -> has_update=True
2026-09-16 17:28:25,945 - INFO - [global] Доступна обнова! Спавню кнопку
2026-09-16 17:28:55,960 - INFO - [global] Проверяю обновы...
2026-09-16 17:28:56,583 - DEBUG - [global] needs_update: raw → 5.7.9
2026-09-16 17:28:57,367 - DEBUG - [global] needs_update: API GitHub → 5.7.9
2026-09-16 17:28:57,959 - DEBUG - [global] needs_update: jsdelivr → 5.7.4
2026-09-16 17:28:57,959 - DEBUG - [global] needs_update: лучший источник raw → 5.7.9 (из 3)
2026-09-16 17:28:57,961 - INFO - [global] needs_update: local=(5, 7, 1) remote=(5, 7, 9) -> has_update=True
2026-09-16 17:28:57,961 - INFO - [global] Доступна обнова! Спавню кнопку
2026-09-16 17:29:09,722 - INFO - [global] LogUploader: запускаю upload_run_logs...
2026-09-16 17:29:09,722 - DEBUG - [global] log_uploader: START window=periodic made=-1 token=...Rjnfq
2026-09-16 17:29:10,539 - DEBUG - [global] _api_put: GET runs/20260916_172909_fail_periodic.log -> 404
2026-09-16 17:29:11,934 - DEBUG - [global] _api_put: PUT runs/20260916_172909_fail_periodic.log -> 201 (10182 bytes)
2026-09-16 17:29:11,936 - DEBUG - [global] log_uploader: STEP 1 (window log) -> https://github.com/StarateJI/L2Mauto/blob/bot-logs/runs/20260916_172909_fail_periodic.log
2026-09-16 17:29:11,936 - DEBUG - [global] log_uploader: STEP 2 SKIP (no PNGs)
2026-09-16 17:29:12,760 - DEBUG - [global] _api_put: GET runs/20260916_172909_fail_global.log -> 404
2026-09-16 17:29:14,313 - DEBUG - [global] _api_put: PUT runs/20260916_172909_fail_global.log -> 201 (19621 bytes)
2026-09-16 17:29:14,316 - DEBUG - [global] log_uploader: STEP 3 (global log) -> https://github.com/StarateJI/L2Mauto/blob/bot-logs/runs/20260916_172909_fail_global.log
2026-09-16 17:29:14,316 - DEBUG - [global] log_uploader: END window=periodic
2026-09-16 17:29:14,316 - INFO - [global] LogUploader: upload_run_logs завершён
2026-09-16 17:29:27,977 - INFO - [global] Проверяю обновы...
2026-09-16 17:29:28,533 - DEBUG - [global] needs_update: raw → 5.7.9
2026-09-16 17:29:29,353 - DEBUG - [global] needs_update: API GitHub → 5.7.9
2026-09-16 17:29:29,846 - DEBUG - [global] needs_update: jsdelivr → 5.7.4
2026-09-16 17:29:29,846 - DEBUG - [global] needs_update: лучший источник raw → 5.7.9 (из 3)
2026-09-16 17:29:29,847 - INFO - [global] needs_update: local=(5, 7, 1) remote=(5, 7, 9) -> has_update=True
2026-09-16 17:29:29,847 - INFO - [global] Доступна обнова! Спавню кнопку
2026-09-16 17:29:59,861 - INFO - [global] Проверяю обновы...
2026-09-16 17:30:00,592 - DEBUG - [global] needs_update: raw → 5.7.9
2026-09-16 17:30:01,334 - DEBUG - [global] needs_update: API GitHub → 5.7.9
2026-09-16 17:30:01,812 - DEBUG - [global] needs_update: jsdelivr → 5.7.4
2026-09-16 17:30:01,812 - DEBUG - [global] needs_update: лучший источник raw → 5.7.9 (из 3)
2026-09-16 17:30:01,814 - INFO - [global] needs_update: local=(5, 7, 1) remote=(5, 7, 9) -> has_update=True
2026-09-16 17:30:01,815 - INFO - [global] Доступна обнова! Спавню кнопку
2026-09-16 17:30:14,346 - INFO - [global] LogUploader: запускаю upload_run_logs...
2026-09-16 17:30:14,347 - DEBUG - [global] log_uploader: START window=periodic made=-1 token=...Rjnfq
2026-09-16 17:30:15,179 - DEBUG - [global] _api_put: GET runs/20260916_173014_fail_periodic.log -> 404
2026-09-16 17:30:16,690 - DEBUG - [global] _api_put: PUT runs/20260916_173014_fail_periodic.log -> 201 (10182 bytes)
2026-09-16 17:30:16,693 - DEBUG - [global] log_uploader: STEP 1 (window log) -> https://github.com/StarateJI/L2Mauto/blob/bot-logs/runs/20260916_173014_fail_periodic.log
2026-09-16 17:30:16,693 - DEBUG - [global] log_uploader: STEP 2 SKIP (no PNGs)
