=== Log tail 2026-09-28T09:22:49.363902 | last 200 lines ===
2026-09-28 09:15:10,207 - DEBUG - [global] log_uploader: STEP 1 (window log) -> https://github.com/StarateJI/L2Mauto/blob/bot-logs/runs/20260928_091507_fail_periodic.log
2026-09-28 09:15:10,208 - DEBUG - [global] log_uploader: STEP 2 SKIP (no PNGs)
2026-09-28 09:15:11,087 - DEBUG - [global] _api_put: GET runs/20260928_091507_fail_global.log -> 404
2026-09-28 09:15:13,013 - DEBUG - [global] _api_put: PUT runs/20260928_091507_fail_global.log -> 201 (20129 bytes)
2026-09-28 09:15:13,016 - DEBUG - [global] log_uploader: STEP 3 (global log) -> https://github.com/StarateJI/L2Mauto/blob/bot-logs/runs/20260928_091507_fail_global.log
2026-09-28 09:15:13,016 - DEBUG - [global] log_uploader: END window=periodic
2026-09-28 09:15:13,016 - INFO - [global] LogUploader: upload_run_logs завершён
2026-09-28 09:15:20,245 - INFO - [global] Проверяю обновы...
2026-09-28 09:15:21,084 - DEBUG - [global] needs_update: raw → 5.13.09
2026-09-28 09:15:21,277 - DEBUG - [global] needs_update: API → 5.13.09
2026-09-28 09:15:21,278 - DEBUG - [global] needs_update: лучший источник raw → 5.13.09 (из 2)
2026-09-28 09:15:21,278 - INFO - [global] needs_update: local=(5, 13, 7) remote=(5, 13, 9) -> has_update=True
2026-09-28 09:15:21,278 - INFO - [global] Доступна обнова! Спавню кнопку
2026-09-28 09:15:51,294 - INFO - [global] Проверяю обновы...
2026-09-28 09:15:52,133 - DEBUG - [global] needs_update: raw → 5.13.09
2026-09-28 09:15:52,748 - DEBUG - [global] needs_update: API → 5.13.09
2026-09-28 09:15:52,748 - DEBUG - [global] needs_update: лучший источник raw → 5.13.09 (из 2)
2026-09-28 09:15:52,749 - INFO - [global] needs_update: local=(5, 13, 7) remote=(5, 13, 9) -> has_update=True
2026-09-28 09:15:52,749 - INFO - [global] Доступна обнова! Спавню кнопку
2026-09-28 09:16:05,758 - INFO - [global] Пачка 1/6: старт (2 окон: ['Щега', 'Morthal'])
2026-09-28 09:16:05,758 - INFO - [global] Запуск через 3 сек. | ['Щега', 'Morthal']
2026-09-28 09:16:13,042 - INFO - [global] LogUploader: запускаю upload_run_logs...
2026-09-28 09:16:13,042 - DEBUG - [global] log_uploader: START window=periodic made=-1 token=...Rjnfq
2026-09-28 09:16:13,945 - DEBUG - [global] _api_put: GET runs/20260928_091613_fail_periodic.log -> 404
2026-09-28 09:16:15,845 - DEBUG - [global] _api_put: PUT runs/20260928_091613_fail_periodic.log -> 201 (1517 bytes)
2026-09-28 09:16:15,847 - DEBUG - [global] log_uploader: STEP 1 (window log) -> https://github.com/StarateJI/L2Mauto/blob/bot-logs/runs/20260928_091613_fail_periodic.log
2026-09-28 09:16:15,848 - DEBUG - [global] log_uploader: STEP 2 SKIP (no PNGs)
2026-09-28 09:16:16,760 - DEBUG - [global] _api_put: GET runs/20260928_091613_fail_global.log -> 404
2026-09-28 09:16:18,827 - DEBUG - [global] _api_put: PUT runs/20260928_091613_fail_global.log -> 201 (20116 bytes)
2026-09-28 09:16:18,830 - DEBUG - [global] log_uploader: STEP 3 (global log) -> https://github.com/StarateJI/L2Mauto/blob/bot-logs/runs/20260928_091613_fail_global.log
2026-09-28 09:16:18,830 - DEBUG - [global] log_uploader: END window=periodic
2026-09-28 09:16:18,830 - INFO - [global] LogUploader: upload_run_logs завершён
2026-09-28 09:16:22,765 - INFO - [global] Проверяю обновы...
2026-09-28 09:16:23,501 - DEBUG - [global] needs_update: raw → 5.13.09
2026-09-28 09:16:23,980 - DEBUG - [global] needs_update: API → 5.13.09
2026-09-28 09:16:23,981 - DEBUG - [global] needs_update: лучший источник raw → 5.13.09 (из 2)
2026-09-28 09:16:23,981 - INFO - [global] needs_update: local=(5, 13, 7) remote=(5, 13, 9) -> has_update=True
2026-09-28 09:16:23,981 - INFO - [global] Доступна обнова! Спавню кнопку
2026-09-28 09:16:53,996 - INFO - [global] Проверяю обновы...
2026-09-28 09:16:54,805 - DEBUG - [global] needs_update: raw → 5.13.09
2026-09-28 09:16:54,997 - DEBUG - [global] needs_update: API → 5.13.09
2026-09-28 09:16:54,998 - DEBUG - [global] needs_update: лучший источник raw → 5.13.09 (из 2)
2026-09-28 09:16:54,998 - INFO - [global] needs_update: local=(5, 13, 7) remote=(5, 13, 9) -> has_update=True
2026-09-28 09:16:54,998 - INFO - [global] Доступна обнова! Спавню кнопку
2026-09-28 09:16:56,357 - INFO - [global] [-BaseProfile-] Остановил слушалку
2026-09-28 09:16:56,760 - INFO - [global] [-BaseProfile-] Остановил слушалку
2026-09-28 09:16:57,319 - INFO - [global] Пачка 1/6: завершена за 52с
2026-09-28 09:16:58,320 - INFO - [global] Пачка 2/6: старт (2 окон: ['Жмышенко', 'Монгол'])
2026-09-28 09:16:58,320 - INFO - [global] Запуск через 3 сек. | ['Жмышенко', 'Монгол']
2026-09-28 09:17:18,859 - INFO - [global] LogUploader: запускаю upload_run_logs...
2026-09-28 09:17:18,859 - DEBUG - [global] log_uploader: START window=periodic made=-1 token=...Rjnfq
2026-09-28 09:17:19,710 - DEBUG - [global] _api_put: GET runs/20260928_091718_fail_periodic.log -> 404
2026-09-28 09:17:21,305 - DEBUG - [global] _api_put: PUT runs/20260928_091718_fail_periodic.log -> 201 (1517 bytes)
2026-09-28 09:17:21,306 - DEBUG - [global] log_uploader: STEP 1 (window log) -> https://github.com/StarateJI/L2Mauto/blob/bot-logs/runs/20260928_091718_fail_periodic.log
2026-09-28 09:17:21,306 - DEBUG - [global] log_uploader: STEP 2 SKIP (no PNGs)
2026-09-28 09:17:22,191 - DEBUG - [global] _api_put: GET runs/20260928_091718_fail_global.log -> 404
2026-09-28 09:17:24,189 - DEBUG - [global] _api_put: PUT runs/20260928_091718_fail_global.log -> 201 (20039 bytes)
2026-09-28 09:17:24,191 - DEBUG - [global] log_uploader: STEP 3 (global log) -> https://github.com/StarateJI/L2Mauto/blob/bot-logs/runs/20260928_091718_fail_global.log
2026-09-28 09:17:24,191 - DEBUG - [global] log_uploader: END window=periodic
2026-09-28 09:17:24,191 - INFO - [global] LogUploader: upload_run_logs завершён
2026-09-28 09:17:25,011 - INFO - [global] Проверяю обновы...
2026-09-28 09:17:25,786 - DEBUG - [global] needs_update: raw → 5.13.09
2026-09-28 09:17:26,060 - DEBUG - [global] needs_update: API → 5.13.09
2026-09-28 09:17:26,060 - DEBUG - [global] needs_update: лучший источник raw → 5.13.09 (из 2)
2026-09-28 09:17:26,060 - INFO - [global] needs_update: local=(5, 13, 7) remote=(5, 13, 9) -> has_update=True
2026-09-28 09:17:26,061 - INFO - [global] Доступна обнова! Спавню кнопку
2026-09-28 09:17:49,850 - INFO - [global] [-BaseProfile-] Остановил слушалку
2026-09-28 09:17:52,017 - INFO - [global] [-BaseProfile-] Остановил слушалку
2026-09-28 09:17:52,849 - INFO - [global] Пачка 2/6: завершена за 55с
2026-09-28 09:17:53,849 - INFO - [global] Пачка 3/6: старт (2 окон: ['Whiterun', 'Tommi'])
2026-09-28 09:17:53,849 - INFO - [global] Запуск через 3 сек. | ['Whiterun', 'Tommi']
2026-09-28 09:17:56,077 - INFO - [global] Проверяю обновы...
2026-09-28 09:17:56,853 - DEBUG - [global] needs_update: raw → 5.13.09
2026-09-28 09:17:57,310 - DEBUG - [global] needs_update: API → 5.13.09
2026-09-28 09:17:57,310 - DEBUG - [global] needs_update: лучший источник raw → 5.13.09 (из 2)
2026-09-28 09:17:57,310 - INFO - [global] needs_update: local=(5, 13, 7) remote=(5, 13, 9) -> has_update=True
2026-09-28 09:17:57,310 - INFO - [global] Доступна обнова! Спавню кнопку
2026-09-28 09:18:24,221 - INFO - [global] LogUploader: запускаю upload_run_logs...
2026-09-28 09:18:24,221 - DEBUG - [global] log_uploader: START window=periodic made=-1 token=...Rjnfq
2026-09-28 09:18:25,198 - DEBUG - [global] _api_put: GET runs/20260928_091824_fail_periodic.log -> 404
2026-09-28 09:18:26,813 - DEBUG - [global] _api_put: PUT runs/20260928_091824_fail_periodic.log -> 201 (1517 bytes)
2026-09-28 09:18:26,814 - DEBUG - [global] log_uploader: STEP 1 (window log) -> https://github.com/StarateJI/L2Mauto/blob/bot-logs/runs/20260928_091824_fail_periodic.log
2026-09-28 09:18:26,815 - DEBUG - [global] log_uploader: STEP 2 SKIP (no PNGs)
2026-09-28 09:18:27,324 - INFO - [global] Проверяю обновы...
2026-09-28 09:18:27,704 - DEBUG - [global] _api_put: GET runs/20260928_091824_fail_global.log -> 404
2026-09-28 09:18:28,200 - DEBUG - [global] needs_update: raw → 5.13.09
2026-09-28 09:18:28,350 - DEBUG - [global] needs_update: API → 5.13.09
2026-09-28 09:18:28,350 - DEBUG - [global] needs_update: лучший источник raw → 5.13.09 (из 2)
2026-09-28 09:18:28,350 - INFO - [global] needs_update: local=(5, 13, 7) remote=(5, 13, 9) -> has_update=True
2026-09-28 09:18:28,350 - INFO - [global] Доступна обнова! Спавню кнопку
2026-09-28 09:18:29,579 - DEBUG - [global] _api_put: PUT runs/20260928_091824_fail_global.log -> 201 (20080 bytes)
2026-09-28 09:18:29,581 - DEBUG - [global] log_uploader: STEP 3 (global log) -> https://github.com/StarateJI/L2Mauto/blob/bot-logs/runs/20260928_091824_fail_global.log
2026-09-28 09:18:29,581 - DEBUG - [global] log_uploader: END window=periodic
2026-09-28 09:18:29,581 - INFO - [global] LogUploader: upload_run_logs завершён
2026-09-28 09:18:42,155 - INFO - [global] [-BaseProfile-] Остановил слушалку
2026-09-28 09:18:43,849 - INFO - [global] [-BaseProfile-] Остановил слушалку
2026-09-28 09:18:44,375 - INFO - [global] Пачка 3/6: завершена за 51с
2026-09-28 09:18:45,375 - INFO - [global] Пачка 4/6: старт (2 окон: ['Валупа', 'Фанфурье'])
2026-09-28 09:18:45,375 - INFO - [global] Запуск через 3 сек. | ['Валупа', 'Фанфурье']
2026-09-28 09:18:58,362 - INFO - [global] Проверяю обновы...
2026-09-28 09:18:59,171 - DEBUG - [global] needs_update: raw → 5.13.09
2026-09-28 09:18:59,333 - DEBUG - [global] needs_update: API → 5.13.09
2026-09-28 09:18:59,333 - DEBUG - [global] needs_update: лучший источник raw → 5.13.09 (из 2)
2026-09-28 09:18:59,334 - INFO - [global] needs_update: local=(5, 13, 7) remote=(5, 13, 9) -> has_update=True
2026-09-28 09:18:59,334 - INFO - [global] Доступна обнова! Спавню кнопку
2026-09-28 09:19:29,350 - INFO - [global] Проверяю обновы...
2026-09-28 09:19:29,614 - INFO - [global] LogUploader: запускаю upload_run_logs...
2026-09-28 09:19:29,614 - DEBUG - [global] log_uploader: START window=periodic made=-1 token=...Rjnfq
2026-09-28 09:19:30,362 - DEBUG - [global] needs_update: raw → 5.13.09
2026-09-28 09:19:30,460 - DEBUG - [global] needs_update: API → 5.13.09
2026-09-28 09:19:30,460 - DEBUG - [global] needs_update: лучший источник raw → 5.13.09 (из 2)
2026-09-28 09:19:30,460 - INFO - [global] needs_update: local=(5, 13, 7) remote=(5, 13, 9) -> has_update=True
2026-09-28 09:19:30,460 - INFO - [global] Доступна обнова! Спавню кнопку
2026-09-28 09:19:30,830 - DEBUG - [global] _api_put: GET runs/20260928_091929_fail_periodic.log -> 404
2026-09-28 09:19:32,773 - DEBUG - [global] _api_put: PUT runs/20260928_091929_fail_periodic.log -> 201 (1517 bytes)
2026-09-28 09:19:32,776 - DEBUG - [global] log_uploader: STEP 1 (window log) -> https://github.com/StarateJI/L2Mauto/blob/bot-logs/runs/20260928_091929_fail_periodic.log
2026-09-28 09:19:32,777 - DEBUG - [global] log_uploader: STEP 2 SKIP (no PNGs)
2026-09-28 09:19:33,637 - DEBUG - [global] _api_put: GET runs/20260928_091929_fail_global.log -> 404
2026-09-28 09:19:35,363 - DEBUG - [global] _api_put: PUT runs/20260928_091929_fail_global.log -> 201 (19967 bytes)
2026-09-28 09:19:35,364 - DEBUG - [global] log_uploader: STEP 3 (global log) -> https://github.com/StarateJI/L2Mauto/blob/bot-logs/runs/20260928_091929_fail_global.log
2026-09-28 09:19:35,364 - DEBUG - [global] log_uploader: END window=periodic
2026-09-28 09:19:35,364 - INFO - [global] LogUploader: upload_run_logs завершён
2026-09-28 09:19:36,336 - INFO - [global] [-BaseProfile-] Остановил слушалку
2026-09-28 09:19:36,753 - INFO - [global] [-BaseProfile-] Остановил слушалку
2026-09-28 09:19:36,905 - INFO - [global] Пачка 4/6: завершена за 52с
2026-09-28 09:19:37,905 - INFO - [global] Пачка 5/6: старт (2 окон: ['Rezor', 'Чипинкос'])
2026-09-28 09:19:37,905 - INFO - [global] Запуск через 3 сек. | ['Rezor', 'Чипинкос']
2026-09-28 09:20:00,476 - INFO - [global] Проверяю обновы...
2026-09-28 09:20:01,247 - DEBUG - [global] needs_update: raw → 5.13.09
2026-09-28 09:20:01,481 - DEBUG - [global] needs_update: API → 5.13.09
2026-09-28 09:20:01,481 - DEBUG - [global] needs_update: лучший источник raw → 5.13.09 (из 2)
2026-09-28 09:20:01,481 - INFO - [global] needs_update: local=(5, 13, 7) remote=(5, 13, 9) -> has_update=True
2026-09-28 09:20:01,481 - INFO - [global] Доступна обнова! Спавню кнопку
2026-09-28 09:20:25,753 - INFO - [global] [-BaseProfile-] Остановил слушалку
2026-09-28 09:20:27,496 - INFO - [global] [-BaseProfile-] Остановил слушалку
2026-09-28 09:20:28,432 - INFO - [global] Пачка 5/6: завершена за 51с
2026-09-28 09:20:29,432 - INFO - [global] Пачка 6/6: старт (2 окон: ['Solitude', 'JoePeach'])
2026-09-28 09:20:29,432 - INFO - [global] Запуск через 3 сек. | ['Solitude', 'JoePeach']
2026-09-28 09:20:31,493 - INFO - [global] Проверяю обновы...
2026-09-28 09:20:32,307 - DEBUG - [global] needs_update: raw → 5.13.09
2026-09-28 09:20:32,541 - DEBUG - [global] needs_update: API → 5.13.09
2026-09-28 09:20:32,542 - DEBUG - [global] needs_update: лучший источник raw → 5.13.09 (из 2)
2026-09-28 09:20:32,542 - INFO - [global] needs_update: local=(5, 13, 7) remote=(5, 13, 9) -> has_update=True
2026-09-28 09:20:32,542 - INFO - [global] Доступна обнова! Спавню кнопку
2026-09-28 09:20:35,395 - INFO - [global] LogUploader: запускаю upload_run_logs...
2026-09-28 09:20:35,395 - DEBUG - [global] log_uploader: START window=periodic made=-1 token=...Rjnfq
2026-09-28 09:20:36,290 - DEBUG - [global] _api_put: GET runs/20260928_092035_fail_periodic.log -> 404
2026-09-28 09:20:37,925 - DEBUG - [global] _api_put: PUT runs/20260928_092035_fail_periodic.log -> 201 (1517 bytes)
2026-09-28 09:20:37,927 - DEBUG - [global] log_uploader: STEP 1 (window log) -> https://github.com/StarateJI/L2Mauto/blob/bot-logs/runs/20260928_092035_fail_periodic.log
2026-09-28 09:20:37,927 - DEBUG - [global] log_uploader: STEP 2 SKIP (no PNGs)
2026-09-28 09:20:38,796 - DEBUG - [global] _api_put: GET runs/20260928_092035_fail_global.log -> 404
2026-09-28 09:20:40,638 - DEBUG - [global] _api_put: PUT runs/20260928_092035_fail_global.log -> 201 (20013 bytes)
2026-09-28 09:20:40,641 - DEBUG - [global] log_uploader: STEP 3 (global log) -> https://github.com/StarateJI/L2Mauto/blob/bot-logs/runs/20260928_092035_fail_global.log
2026-09-28 09:20:40,641 - DEBUG - [global] log_uploader: END window=periodic
2026-09-28 09:20:40,641 - INFO - [global] LogUploader: upload_run_logs завершён
2026-09-28 09:21:02,559 - INFO - [global] Проверяю обновы...
2026-09-28 09:21:03,431 - DEBUG - [global] needs_update: raw → 5.13.09
2026-09-28 09:21:03,613 - DEBUG - [global] needs_update: API → 5.13.09
2026-09-28 09:21:03,613 - DEBUG - [global] needs_update: лучший источник raw → 5.13.09 (из 2)
2026-09-28 09:21:03,613 - INFO - [global] needs_update: local=(5, 13, 7) remote=(5, 13, 9) -> has_update=True
2026-09-28 09:21:03,613 - INFO - [global] Доступна обнова! Спавню кнопку
2026-09-28 09:21:17,601 - INFO - [global] [-BaseProfile-] Остановил слушалку
2026-09-28 09:21:19,343 - INFO - [global] [-BaseProfile-] Остановил слушалку
2026-09-28 09:21:19,960 - INFO - [global] Пачка 6/6: завершена за 51с
2026-09-28 09:21:20,961 - INFO - [global] Прогон завершён за 315с (5.3 мин). Пачек: 6.
2026-09-28 09:21:33,627 - INFO - [global] Проверяю обновы...
2026-09-28 09:21:34,343 - DEBUG - [global] needs_update: raw → 5.13.09
2026-09-28 09:21:34,635 - DEBUG - [global] needs_update: API → 5.13.09
2026-09-28 09:21:34,635 - DEBUG - [global] needs_update: лучший источник raw → 5.13.09 (из 2)
2026-09-28 09:21:34,636 - INFO - [global] needs_update: local=(5, 13, 7) remote=(5, 13, 9) -> has_update=True
2026-09-28 09:21:34,636 - INFO - [global] Доступна обнова! Спавню кнопку
2026-09-28 09:21:40,669 - INFO - [global] LogUploader: запускаю upload_run_logs...
2026-09-28 09:21:40,669 - DEBUG - [global] log_uploader: START window=periodic made=-1 token=...Rjnfq
2026-09-28 09:21:41,530 - DEBUG - [global] _api_put: GET runs/20260928_092140_fail_periodic.log -> 404
2026-09-28 09:21:43,913 - DEBUG - [global] _api_put: PUT runs/20260928_092140_fail_periodic.log -> 201 (1517 bytes)
2026-09-28 09:21:43,915 - DEBUG - [global] log_uploader: STEP 1 (window log) -> https://github.com/StarateJI/L2Mauto/blob/bot-logs/runs/20260928_092140_fail_periodic.log
2026-09-28 09:21:43,915 - DEBUG - [global] log_uploader: STEP 2 SKIP (no PNGs)
2026-09-28 09:21:44,784 - DEBUG - [global] _api_put: GET runs/20260928_092140_fail_global.log -> 404
2026-09-28 09:21:46,762 - DEBUG - [global] _api_put: PUT runs/20260928_092140_fail_global.log -> 201 (19988 bytes)
2026-09-28 09:21:46,764 - DEBUG - [global] log_uploader: STEP 3 (global log) -> https://github.com/StarateJI/L2Mauto/blob/bot-logs/runs/20260928_092140_fail_global.log
2026-09-28 09:21:46,764 - DEBUG - [global] log_uploader: END window=periodic
2026-09-28 09:21:46,764 - INFO - [global] LogUploader: upload_run_logs завершён
2026-09-28 09:22:04,649 - INFO - [global] Проверяю обновы...
2026-09-28 09:22:05,426 - DEBUG - [global] needs_update: raw → 5.13.09
2026-09-28 09:22:05,674 - DEBUG - [global] needs_update: API → 5.13.09
2026-09-28 09:22:05,674 - DEBUG - [global] needs_update: лучший источник raw → 5.13.09 (из 2)
2026-09-28 09:22:05,674 - INFO - [global] needs_update: local=(5, 13, 7) remote=(5, 13, 9) -> has_update=True
2026-09-28 09:22:05,674 - INFO - [global] Доступна обнова! Спавню кнопку
2026-09-28 09:22:35,687 - INFO - [global] Проверяю обновы...
2026-09-28 09:22:36,445 - DEBUG - [global] needs_update: raw → 5.13.09
2026-09-28 09:22:36,723 - DEBUG - [global] needs_update: API → 5.13.09
2026-09-28 09:22:36,723 - DEBUG - [global] needs_update: лучший источник raw → 5.13.09 (из 2)
2026-09-28 09:22:36,723 - INFO - [global] needs_update: local=(5, 13, 7) remote=(5, 13, 9) -> has_update=True
2026-09-28 09:22:36,723 - INFO - [global] Доступна обнова! Спавню кнопку
2026-09-28 09:22:46,794 - INFO - [global] LogUploader: запускаю upload_run_logs...
2026-09-28 09:22:46,795 - DEBUG - [global] log_uploader: START window=periodic made=-1 token=...Rjnfq
2026-09-28 09:22:47,635 - DEBUG - [global] _api_put: GET runs/20260928_092246_fail_periodic.log -> 404
2026-09-28 09:22:49,359 - DEBUG - [global] _api_put: PUT runs/20260928_092246_fail_periodic.log -> 201 (1517 bytes)
2026-09-28 09:22:49,361 - DEBUG - [global] log_uploader: STEP 1 (window log) -> https://github.com/StarateJI/L2Mauto/blob/bot-logs/runs/20260928_092246_fail_periodic.log
2026-09-28 09:22:49,361 - DEBUG - [global] log_uploader: STEP 2 SKIP (no PNGs)
