=== Log tail 2026-09-29T13:22:42.316780 | last 200 lines ===
2026-09-29 13:13:33,994 - DEBUG - [global] needs_update: API → 5.13.09
2026-09-29 13:13:33,994 - DEBUG - [global] needs_update: лучший источник raw → 5.13.09 (из 2)
2026-09-29 13:13:33,994 - INFO - [global] needs_update: local=(5, 13, 7) remote=(5, 13, 9) -> has_update=True
2026-09-29 13:13:33,994 - INFO - [global] Доступна обнова! Спавню кнопку
2026-09-29 13:13:38,220 - INFO - [global] LogUploader: запускаю upload_run_logs...
2026-09-29 13:13:38,222 - DEBUG - [global] log_uploader: START window=periodic made=-1 token=...Rjnfq
2026-09-29 13:13:39,348 - DEBUG - [global] _api_put: GET runs/20260929_131338_fail_periodic.log -> 404
2026-09-29 13:13:41,599 - DEBUG - [global] _api_put: PUT runs/20260929_131338_fail_periodic.log -> 201 (12417 bytes)
2026-09-29 13:13:41,601 - DEBUG - [global] log_uploader: STEP 1 (window log) -> https://github.com/StarateJI/L2Mauto/blob/bot-logs/runs/20260929_131338_fail_periodic.log
2026-09-29 13:13:41,601 - DEBUG - [global] log_uploader: STEP 2 SKIP (no PNGs)
2026-09-29 13:13:42,678 - DEBUG - [global] _api_put: GET runs/20260929_131338_fail_global.log -> 404
2026-09-29 13:13:44,973 - DEBUG - [global] _api_put: PUT runs/20260929_131338_fail_global.log -> 201 (19974 bytes)
2026-09-29 13:13:44,975 - DEBUG - [global] log_uploader: STEP 3 (global log) -> https://github.com/StarateJI/L2Mauto/blob/bot-logs/runs/20260929_131338_fail_global.log
2026-09-29 13:13:44,975 - DEBUG - [global] log_uploader: END window=periodic
2026-09-29 13:13:44,975 - INFO - [global] LogUploader: upload_run_logs завершён
2026-09-29 13:14:04,014 - INFO - [global] Проверяю обновы...
2026-09-29 13:14:05,091 - DEBUG - [global] needs_update: raw → 5.13.09
2026-09-29 13:14:05,297 - DEBUG - [global] needs_update: API → 5.13.09
2026-09-29 13:14:05,297 - DEBUG - [global] needs_update: лучший источник raw → 5.13.09 (из 2)
2026-09-29 13:14:05,298 - INFO - [global] needs_update: local=(5, 13, 7) remote=(5, 13, 9) -> has_update=True
2026-09-29 13:14:05,298 - INFO - [global] Доступна обнова! Спавню кнопку
2026-09-29 13:14:35,332 - INFO - [global] Проверяю обновы...
2026-09-29 13:14:36,445 - DEBUG - [global] needs_update: raw → 5.13.09
2026-09-29 13:14:36,570 - DEBUG - [global] needs_update: API → 5.13.09
2026-09-29 13:14:36,570 - DEBUG - [global] needs_update: лучший источник raw → 5.13.09 (из 2)
2026-09-29 13:14:36,571 - INFO - [global] needs_update: local=(5, 13, 7) remote=(5, 13, 9) -> has_update=True
2026-09-29 13:14:36,571 - INFO - [global] Доступна обнова! Спавню кнопку
2026-09-29 13:14:45,021 - INFO - [global] LogUploader: запускаю upload_run_logs...
2026-09-29 13:14:45,022 - DEBUG - [global] log_uploader: START window=periodic made=-1 token=...Rjnfq
2026-09-29 13:14:46,139 - DEBUG - [global] _api_put: GET runs/20260929_131445_fail_periodic.log -> 404
2026-09-29 13:14:48,244 - DEBUG - [global] _api_put: PUT runs/20260929_131445_fail_periodic.log -> 201 (12417 bytes)
2026-09-29 13:14:48,246 - DEBUG - [global] log_uploader: STEP 1 (window log) -> https://github.com/StarateJI/L2Mauto/blob/bot-logs/runs/20260929_131445_fail_periodic.log
2026-09-29 13:14:48,246 - DEBUG - [global] log_uploader: STEP 2 SKIP (no PNGs)
2026-09-29 13:14:49,364 - DEBUG - [global] _api_put: GET runs/20260929_131445_fail_global.log -> 404
2026-09-29 13:14:51,424 - DEBUG - [global] _api_put: PUT runs/20260929_131445_fail_global.log -> 201 (20019 bytes)
2026-09-29 13:14:51,425 - DEBUG - [global] log_uploader: STEP 3 (global log) -> https://github.com/StarateJI/L2Mauto/blob/bot-logs/runs/20260929_131445_fail_global.log
2026-09-29 13:14:51,425 - DEBUG - [global] log_uploader: END window=periodic
2026-09-29 13:14:51,425 - INFO - [global] LogUploader: upload_run_logs завершён
2026-09-29 13:15:06,593 - INFO - [global] Проверяю обновы...
2026-09-29 13:15:07,587 - DEBUG - [global] needs_update: raw → 5.13.09
2026-09-29 13:15:07,838 - DEBUG - [global] needs_update: API → 5.13.09
2026-09-29 13:15:07,839 - DEBUG - [global] needs_update: лучший источник raw → 5.13.09 (из 2)
2026-09-29 13:15:07,839 - INFO - [global] needs_update: local=(5, 13, 7) remote=(5, 13, 9) -> has_update=True
2026-09-29 13:15:07,839 - INFO - [global] Доступна обнова! Спавню кнопку
2026-09-29 13:15:37,869 - INFO - [global] Проверяю обновы...
2026-09-29 13:15:38,841 - DEBUG - [global] needs_update: raw → 5.13.09
2026-09-29 13:15:39,085 - DEBUG - [global] needs_update: API → 5.13.09
2026-09-29 13:15:39,085 - DEBUG - [global] needs_update: лучший источник raw → 5.13.09 (из 2)
2026-09-29 13:15:39,086 - INFO - [global] needs_update: local=(5, 13, 7) remote=(5, 13, 9) -> has_update=True
2026-09-29 13:15:39,086 - INFO - [global] Доступна обнова! Спавню кнопку
2026-09-29 13:15:51,467 - INFO - [global] LogUploader: запускаю upload_run_logs...
2026-09-29 13:15:51,468 - DEBUG - [global] log_uploader: START window=periodic made=-1 token=...Rjnfq
2026-09-29 13:15:52,529 - DEBUG - [global] _api_put: GET runs/20260929_131551_fail_periodic.log -> 404
2026-09-29 13:15:55,521 - DEBUG - [global] _api_put: PUT runs/20260929_131551_fail_periodic.log -> 201 (12417 bytes)
2026-09-29 13:15:55,523 - DEBUG - [global] log_uploader: STEP 1 (window log) -> https://github.com/StarateJI/L2Mauto/blob/bot-logs/runs/20260929_131551_fail_periodic.log
2026-09-29 13:15:55,524 - DEBUG - [global] log_uploader: STEP 2 SKIP (no PNGs)
2026-09-29 13:15:56,737 - DEBUG - [global] _api_put: GET runs/20260929_131551_fail_global.log -> 404
2026-09-29 13:15:58,771 - DEBUG - [global] _api_put: PUT runs/20260929_131551_fail_global.log -> 201 (20019 bytes)
2026-09-29 13:15:58,773 - DEBUG - [global] log_uploader: STEP 3 (global log) -> https://github.com/StarateJI/L2Mauto/blob/bot-logs/runs/20260929_131551_fail_global.log
2026-09-29 13:15:58,773 - DEBUG - [global] log_uploader: END window=periodic
2026-09-29 13:15:58,773 - INFO - [global] LogUploader: upload_run_logs завершён
2026-09-29 13:16:09,111 - INFO - [global] Проверяю обновы...
2026-09-29 13:16:10,187 - DEBUG - [global] needs_update: raw → 5.13.09
2026-09-29 13:16:10,351 - DEBUG - [global] needs_update: API → 5.13.09
2026-09-29 13:16:10,351 - DEBUG - [global] needs_update: лучший источник raw → 5.13.09 (из 2)
2026-09-29 13:16:10,351 - INFO - [global] needs_update: local=(5, 13, 7) remote=(5, 13, 9) -> has_update=True
2026-09-29 13:16:10,351 - INFO - [global] Доступна обнова! Спавню кнопку
2026-09-29 13:16:40,373 - INFO - [global] Проверяю обновы...
2026-09-29 13:16:41,363 - DEBUG - [global] needs_update: raw → 5.13.09
2026-09-29 13:16:41,569 - DEBUG - [global] needs_update: API → 5.13.09
2026-09-29 13:16:41,569 - DEBUG - [global] needs_update: лучший источник raw → 5.13.09 (из 2)
2026-09-29 13:16:41,569 - INFO - [global] needs_update: local=(5, 13, 7) remote=(5, 13, 9) -> has_update=True
2026-09-29 13:16:41,569 - INFO - [global] Доступна обнова! Спавню кнопку
2026-09-29 13:16:58,816 - INFO - [global] LogUploader: запускаю upload_run_logs...
2026-09-29 13:16:58,817 - DEBUG - [global] log_uploader: START window=periodic made=-1 token=...Rjnfq
2026-09-29 13:16:59,974 - DEBUG - [global] _api_put: GET runs/20260929_131658_fail_periodic.log -> 404
2026-09-29 13:17:02,138 - DEBUG - [global] _api_put: PUT runs/20260929_131658_fail_periodic.log -> 201 (12417 bytes)
2026-09-29 13:17:02,140 - DEBUG - [global] log_uploader: STEP 1 (window log) -> https://github.com/StarateJI/L2Mauto/blob/bot-logs/runs/20260929_131658_fail_periodic.log
2026-09-29 13:17:02,140 - DEBUG - [global] log_uploader: STEP 2 SKIP (no PNGs)
2026-09-29 13:17:03,283 - DEBUG - [global] _api_put: GET runs/20260929_131658_fail_global.log -> 404
2026-09-29 13:17:05,540 - DEBUG - [global] _api_put: PUT runs/20260929_131658_fail_global.log -> 201 (20019 bytes)
2026-09-29 13:17:05,543 - DEBUG - [global] log_uploader: STEP 3 (global log) -> https://github.com/StarateJI/L2Mauto/blob/bot-logs/runs/20260929_131658_fail_global.log
2026-09-29 13:17:05,543 - DEBUG - [global] log_uploader: END window=periodic
2026-09-29 13:17:05,544 - INFO - [global] LogUploader: upload_run_logs завершён
2026-09-29 13:17:11,600 - INFO - [global] Проверяю обновы...
2026-09-29 13:17:12,644 - DEBUG - [global] needs_update: raw → 5.13.09
2026-09-29 13:17:12,864 - DEBUG - [global] needs_update: API → 5.13.09
2026-09-29 13:17:12,865 - DEBUG - [global] needs_update: лучший источник raw → 5.13.09 (из 2)
2026-09-29 13:17:12,865 - INFO - [global] needs_update: local=(5, 13, 7) remote=(5, 13, 9) -> has_update=True
2026-09-29 13:17:12,865 - INFO - [global] Доступна обнова! Спавню кнопку
2026-09-29 13:17:42,889 - INFO - [global] Проверяю обновы...
2026-09-29 13:17:43,907 - DEBUG - [global] needs_update: raw → 5.13.09
2026-09-29 13:17:44,170 - DEBUG - [global] needs_update: API → 5.13.09
2026-09-29 13:17:44,171 - DEBUG - [global] needs_update: лучший источник raw → 5.13.09 (из 2)
2026-09-29 13:17:44,171 - INFO - [global] needs_update: local=(5, 13, 7) remote=(5, 13, 9) -> has_update=True
2026-09-29 13:17:44,171 - INFO - [global] Доступна обнова! Спавню кнопку
2026-09-29 13:18:05,588 - INFO - [global] LogUploader: запускаю upload_run_logs...
2026-09-29 13:18:05,590 - DEBUG - [global] log_uploader: START window=periodic made=-1 token=...Rjnfq
2026-09-29 13:18:06,735 - DEBUG - [global] _api_put: GET runs/20260929_131805_fail_periodic.log -> 404
2026-09-29 13:18:09,203 - DEBUG - [global] _api_put: PUT runs/20260929_131805_fail_periodic.log -> 201 (12417 bytes)
2026-09-29 13:18:09,206 - DEBUG - [global] log_uploader: STEP 1 (window log) -> https://github.com/StarateJI/L2Mauto/blob/bot-logs/runs/20260929_131805_fail_periodic.log
2026-09-29 13:18:09,206 - DEBUG - [global] log_uploader: STEP 2 SKIP (no PNGs)
2026-09-29 13:18:10,413 - DEBUG - [global] _api_put: GET runs/20260929_131805_fail_global.log -> 404
2026-09-29 13:18:12,890 - DEBUG - [global] _api_put: PUT runs/20260929_131805_fail_global.log -> 201 (20019 bytes)
2026-09-29 13:18:12,893 - DEBUG - [global] log_uploader: STEP 3 (global log) -> https://github.com/StarateJI/L2Mauto/blob/bot-logs/runs/20260929_131805_fail_global.log
2026-09-29 13:18:12,894 - DEBUG - [global] log_uploader: END window=periodic
2026-09-29 13:18:12,894 - INFO - [global] LogUploader: upload_run_logs завершён
2026-09-29 13:18:14,192 - INFO - [global] Проверяю обновы...
2026-09-29 13:18:15,206 - DEBUG - [global] needs_update: raw → 5.13.09
2026-09-29 13:18:15,477 - DEBUG - [global] needs_update: API → 5.13.09
2026-09-29 13:18:15,478 - DEBUG - [global] needs_update: лучший источник raw → 5.13.09 (из 2)
2026-09-29 13:18:15,478 - INFO - [global] needs_update: local=(5, 13, 7) remote=(5, 13, 9) -> has_update=True
2026-09-29 13:18:15,478 - INFO - [global] Доступна обнова! Спавню кнопку
2026-09-29 13:18:45,495 - INFO - [global] Проверяю обновы...
2026-09-29 13:18:46,620 - DEBUG - [global] needs_update: raw → 5.13.09
2026-09-29 13:18:46,793 - DEBUG - [global] needs_update: API → 5.13.09
2026-09-29 13:18:46,793 - DEBUG - [global] needs_update: лучший источник raw → 5.13.09 (из 2)
2026-09-29 13:18:46,793 - INFO - [global] needs_update: local=(5, 13, 7) remote=(5, 13, 9) -> has_update=True
2026-09-29 13:18:46,793 - INFO - [global] Доступна обнова! Спавню кнопку
2026-09-29 13:19:12,962 - INFO - [global] LogUploader: запускаю upload_run_logs...
2026-09-29 13:19:12,963 - DEBUG - [global] log_uploader: START window=periodic made=-1 token=...Rjnfq
2026-09-29 13:19:14,137 - DEBUG - [global] _api_put: GET runs/20260929_131912_fail_periodic.log -> 404
2026-09-29 13:19:16,819 - INFO - [global] Проверяю обновы...
2026-09-29 13:19:17,297 - DEBUG - [global] _api_put: PUT runs/20260929_131912_fail_periodic.log -> 201 (12417 bytes)
2026-09-29 13:19:17,301 - DEBUG - [global] log_uploader: STEP 1 (window log) -> https://github.com/StarateJI/L2Mauto/blob/bot-logs/runs/20260929_131912_fail_periodic.log
2026-09-29 13:19:17,302 - DEBUG - [global] log_uploader: STEP 2 SKIP (no PNGs)
2026-09-29 13:19:17,902 - DEBUG - [global] needs_update: raw → 5.13.09
2026-09-29 13:19:18,136 - DEBUG - [global] needs_update: API → 5.13.09
2026-09-29 13:19:18,136 - DEBUG - [global] needs_update: лучший источник raw → 5.13.09 (из 2)
2026-09-29 13:19:18,136 - INFO - [global] needs_update: local=(5, 13, 7) remote=(5, 13, 9) -> has_update=True
2026-09-29 13:19:18,136 - INFO - [global] Доступна обнова! Спавню кнопку
2026-09-29 13:19:18,976 - DEBUG - [global] _api_put: GET runs/20260929_131912_fail_global.log -> 404
2026-09-29 13:19:23,082 - DEBUG - [global] _api_put: PUT runs/20260929_131912_fail_global.log -> 201 (20021 bytes)
2026-09-29 13:19:23,086 - DEBUG - [global] log_uploader: STEP 3 (global log) -> https://github.com/StarateJI/L2Mauto/blob/bot-logs/runs/20260929_131912_fail_global.log
2026-09-29 13:19:23,086 - DEBUG - [global] log_uploader: END window=periodic
2026-09-29 13:19:23,086 - INFO - [global] LogUploader: upload_run_logs завершён
2026-09-29 13:19:48,210 - INFO - [global] Проверяю обновы...
2026-09-29 13:19:49,320 - DEBUG - [global] needs_update: raw → 5.13.09
2026-09-29 13:19:49,594 - DEBUG - [global] needs_update: API → 5.13.09
2026-09-29 13:19:49,597 - DEBUG - [global] needs_update: лучший источник raw → 5.13.09 (из 2)
2026-09-29 13:19:49,597 - INFO - [global] needs_update: local=(5, 13, 7) remote=(5, 13, 9) -> has_update=True
2026-09-29 13:19:49,597 - INFO - [global] Доступна обнова! Спавню кнопку
2026-09-29 13:20:19,640 - INFO - [global] Проверяю обновы...
2026-09-29 13:20:20,699 - DEBUG - [global] needs_update: raw → 5.13.09
2026-09-29 13:20:20,885 - DEBUG - [global] needs_update: API → 5.13.09
2026-09-29 13:20:20,896 - DEBUG - [global] needs_update: лучший источник raw → 5.13.09 (из 2)
2026-09-29 13:20:20,896 - INFO - [global] needs_update: local=(5, 13, 7) remote=(5, 13, 9) -> has_update=True
2026-09-29 13:20:20,897 - INFO - [global] Доступна обнова! Спавню кнопку
2026-09-29 13:20:23,151 - INFO - [global] LogUploader: запускаю upload_run_logs...
2026-09-29 13:20:23,153 - DEBUG - [global] log_uploader: START window=periodic made=-1 token=...Rjnfq
2026-09-29 13:20:24,711 - DEBUG - [global] _api_put: GET runs/20260929_132023_fail_periodic.log -> 404
2026-09-29 13:20:27,375 - DEBUG - [global] _api_put: PUT runs/20260929_132023_fail_periodic.log -> 201 (12417 bytes)
2026-09-29 13:20:27,378 - DEBUG - [global] log_uploader: STEP 1 (window log) -> https://github.com/StarateJI/L2Mauto/blob/bot-logs/runs/20260929_132023_fail_periodic.log
2026-09-29 13:20:27,379 - DEBUG - [global] log_uploader: STEP 2 SKIP (no PNGs)
2026-09-29 13:20:28,633 - DEBUG - [global] _api_put: GET runs/20260929_132023_fail_global.log -> 404
2026-09-29 13:20:31,111 - DEBUG - [global] _api_put: PUT runs/20260929_132023_fail_global.log -> 201 (19974 bytes)
2026-09-29 13:20:31,115 - DEBUG - [global] log_uploader: STEP 3 (global log) -> https://github.com/StarateJI/L2Mauto/blob/bot-logs/runs/20260929_132023_fail_global.log
2026-09-29 13:20:31,115 - DEBUG - [global] log_uploader: END window=periodic
2026-09-29 13:20:31,115 - INFO - [global] LogUploader: upload_run_logs завершён
2026-09-29 13:20:50,951 - INFO - [global] Проверяю обновы...
2026-09-29 13:20:52,153 - DEBUG - [global] needs_update: raw → 5.13.09
2026-09-29 13:20:52,380 - DEBUG - [global] needs_update: API → 5.13.09
2026-09-29 13:20:52,383 - DEBUG - [global] needs_update: лучший источник raw → 5.13.09 (из 2)
2026-09-29 13:20:52,385 - INFO - [global] needs_update: local=(5, 13, 7) remote=(5, 13, 9) -> has_update=True
2026-09-29 13:20:52,386 - INFO - [global] Доступна обнова! Спавню кнопку
2026-09-29 13:21:22,474 - INFO - [global] Проверяю обновы...
2026-09-29 13:21:23,530 - DEBUG - [global] needs_update: raw → 5.13.09
2026-09-29 13:21:23,798 - DEBUG - [global] needs_update: API → 5.13.09
2026-09-29 13:21:23,798 - DEBUG - [global] needs_update: лучший источник raw → 5.13.09 (из 2)
2026-09-29 13:21:23,799 - INFO - [global] needs_update: local=(5, 13, 7) remote=(5, 13, 9) -> has_update=True
2026-09-29 13:21:23,799 - INFO - [global] Доступна обнова! Спавню кнопку
2026-09-29 13:21:31,347 - INFO - [global] LogUploader: запускаю upload_run_logs...
2026-09-29 13:21:31,348 - DEBUG - [global] log_uploader: START window=periodic made=-1 token=...Rjnfq
2026-09-29 13:21:32,554 - DEBUG - [global] _api_put: GET runs/20260929_132131_fail_periodic.log -> 404
2026-09-29 13:21:34,772 - DEBUG - [global] _api_put: PUT runs/20260929_132131_fail_periodic.log -> 201 (12417 bytes)
2026-09-29 13:21:34,774 - DEBUG - [global] log_uploader: STEP 1 (window log) -> https://github.com/StarateJI/L2Mauto/blob/bot-logs/runs/20260929_132131_fail_periodic.log
2026-09-29 13:21:34,775 - DEBUG - [global] log_uploader: STEP 2 SKIP (no PNGs)
2026-09-29 13:21:36,027 - DEBUG - [global] _api_put: GET runs/20260929_132131_fail_global.log -> 404
2026-09-29 13:21:38,797 - DEBUG - [global] _api_put: PUT runs/20260929_132131_fail_global.log -> 201 (20001 bytes)
2026-09-29 13:21:38,801 - DEBUG - [global] log_uploader: STEP 3 (global log) -> https://github.com/StarateJI/L2Mauto/blob/bot-logs/runs/20260929_132131_fail_global.log
2026-09-29 13:21:38,801 - DEBUG - [global] log_uploader: END window=periodic
2026-09-29 13:21:38,801 - INFO - [global] LogUploader: upload_run_logs завершён
2026-09-29 13:21:53,847 - INFO - [global] Проверяю обновы...
2026-09-29 13:21:54,941 - DEBUG - [global] needs_update: raw → 5.13.09
2026-09-29 13:21:55,162 - DEBUG - [global] needs_update: API → 5.13.09
2026-09-29 13:21:55,163 - DEBUG - [global] needs_update: лучший источник raw → 5.13.09 (из 2)
2026-09-29 13:21:55,163 - INFO - [global] needs_update: local=(5, 13, 7) remote=(5, 13, 9) -> has_update=True
2026-09-29 13:21:55,164 - INFO - [global] Доступна обнова! Спавню кнопку
2026-09-29 13:22:25,196 - INFO - [global] Проверяю обновы...
2026-09-29 13:22:26,331 - DEBUG - [global] needs_update: raw → 5.13.09
2026-09-29 13:22:26,463 - DEBUG - [global] needs_update: API → 5.13.09
2026-09-29 13:22:26,463 - DEBUG - [global] needs_update: лучший источник raw → 5.13.09 (из 2)
2026-09-29 13:22:26,463 - INFO - [global] needs_update: local=(5, 13, 7) remote=(5, 13, 9) -> has_update=True
2026-09-29 13:22:26,463 - INFO - [global] Доступна обнова! Спавню кнопку
2026-09-29 13:22:38,878 - INFO - [global] LogUploader: запускаю upload_run_logs...
2026-09-29 13:22:38,880 - DEBUG - [global] log_uploader: START window=periodic made=-1 token=...Rjnfq
2026-09-29 13:22:40,012 - DEBUG - [global] _api_put: GET runs/20260929_132238_fail_periodic.log -> 404
2026-09-29 13:22:42,275 - DEBUG - [global] _api_put: PUT runs/20260929_132238_fail_periodic.log -> 201 (12417 bytes)
2026-09-29 13:22:42,279 - DEBUG - [global] log_uploader: STEP 1 (window log) -> https://github.com/StarateJI/L2Mauto/blob/bot-logs/runs/20260929_132238_fail_periodic.log
2026-09-29 13:22:42,280 - DEBUG - [global] log_uploader: STEP 2 SKIP (no PNGs)
