=== Log tail 2026-09-28T19:40:58.364405 | last 200 lines ===
2026-09-28 19:31:52,537 - DEBUG - [global] _api_put: PUT runs/20260928_193149_fail_periodic.log -> 201 (14800 bytes)
2026-09-28 19:31:52,540 - DEBUG - [global] log_uploader: STEP 1 (window log) -> https://github.com/StarateJI/L2Mauto/blob/bot-logs/runs/20260928_193149_fail_periodic.log
2026-09-28 19:31:52,540 - DEBUG - [global] log_uploader: STEP 2 SKIP (no PNGs)
2026-09-28 19:31:53,704 - DEBUG - [global] _api_put: GET runs/20260928_193149_fail_global.log -> 404
2026-09-28 19:31:55,079 - INFO - [global] Проверяю обновы...
2026-09-28 19:31:56,036 - DEBUG - [global] needs_update: raw → 5.13.09
2026-09-28 19:31:56,231 - DEBUG - [global] _api_put: PUT runs/20260928_193149_fail_global.log -> 201 (20298 bytes)
2026-09-28 19:31:56,235 - DEBUG - [global] log_uploader: STEP 3 (global log) -> https://github.com/StarateJI/L2Mauto/blob/bot-logs/runs/20260928_193149_fail_global.log
2026-09-28 19:31:56,235 - DEBUG - [global] log_uploader: END window=periodic
2026-09-28 19:31:56,235 - INFO - [global] LogUploader: upload_run_logs завершён
2026-09-28 19:31:56,250 - DEBUG - [global] needs_update: API → 5.13.09
2026-09-28 19:31:56,250 - DEBUG - [global] needs_update: лучший источник raw → 5.13.09 (из 2)
2026-09-28 19:31:56,250 - INFO - [global] needs_update: local=(5, 13, 7) remote=(5, 13, 9) -> has_update=True
2026-09-28 19:31:56,250 - INFO - [global] Доступна обнова! Спавню кнопку
2026-09-28 19:32:26,475 - INFO - [global] Проверяю обновы...
2026-09-28 19:32:27,498 - DEBUG - [global] needs_update: raw → 5.13.09
2026-09-28 19:32:27,946 - DEBUG - [global] needs_update: API → 5.13.09
2026-09-28 19:32:27,950 - DEBUG - [global] needs_update: лучший источник raw → 5.13.09 (из 2)
2026-09-28 19:32:27,950 - INFO - [global] needs_update: local=(5, 13, 7) remote=(5, 13, 9) -> has_update=True
2026-09-28 19:32:27,951 - INFO - [global] Доступна обнова! Спавню кнопку
2026-09-28 19:32:56,531 - INFO - [global] LogUploader: запускаю upload_run_logs...
2026-09-28 19:32:56,532 - DEBUG - [global] log_uploader: START window=periodic made=-1 token=...Rjnfq
2026-09-28 19:32:57,846 - DEBUG - [global] _api_put: GET runs/20260928_193256_fail_periodic.log -> 404
2026-09-28 19:32:58,132 - INFO - [global] Проверяю обновы...
2026-09-28 19:32:59,257 - DEBUG - [global] needs_update: raw → 5.13.09
2026-09-28 19:32:59,510 - DEBUG - [global] needs_update: API → 5.13.09
2026-09-28 19:32:59,513 - DEBUG - [global] needs_update: лучший источник raw → 5.13.09 (из 2)
2026-09-28 19:32:59,513 - INFO - [global] needs_update: local=(5, 13, 7) remote=(5, 13, 9) -> has_update=True
2026-09-28 19:32:59,513 - INFO - [global] Доступна обнова! Спавню кнопку
2026-09-28 19:33:00,831 - DEBUG - [global] _api_put: PUT runs/20260928_193256_fail_periodic.log -> 201 (14800 bytes)
2026-09-28 19:33:00,834 - DEBUG - [global] log_uploader: STEP 1 (window log) -> https://github.com/StarateJI/L2Mauto/blob/bot-logs/runs/20260928_193256_fail_periodic.log
2026-09-28 19:33:00,836 - DEBUG - [global] log_uploader: STEP 2 SKIP (no PNGs)
2026-09-28 19:33:02,271 - DEBUG - [global] _api_put: GET runs/20260928_193256_fail_global.log -> 404
2026-09-28 19:33:04,489 - DEBUG - [global] _api_put: PUT runs/20260928_193256_fail_global.log -> 409 (20138 bytes)
2026-09-28 19:33:04,489 - WARNING - [global] _api_put: PUT failed body: {"message":"is at 50a4ee957021213feab859fbf008d0dbe9186dae but expected 85df1b0ebe708184f0918807ae3e0acc9a8096f4","documentation_url":"https://docs.github.com/rest/repos/contents#create-or-update-file
2026-09-28 19:33:04,492 - DEBUG - [global] log_uploader: STEP 3 (global log) -> FAILED
2026-09-28 19:33:04,492 - DEBUG - [global] log_uploader: END window=periodic
2026-09-28 19:33:04,492 - INFO - [global] LogUploader: upload_run_logs завершён
2026-09-28 19:33:29,880 - INFO - [global] Проверяю обновы...
2026-09-28 19:33:31,013 - DEBUG - [global] needs_update: raw → 5.13.09
2026-09-28 19:33:31,353 - DEBUG - [global] needs_update: API → 5.13.09
2026-09-28 19:33:31,354 - DEBUG - [global] needs_update: лучший источник raw → 5.13.09 (из 2)
2026-09-28 19:33:31,355 - INFO - [global] needs_update: local=(5, 13, 7) remote=(5, 13, 9) -> has_update=True
2026-09-28 19:33:31,355 - INFO - [global] Доступна обнова! Спавню кнопку
2026-09-28 19:34:01,797 - INFO - [global] Проверяю обновы...
2026-09-28 19:34:02,908 - DEBUG - [global] needs_update: raw → 5.13.09
2026-09-28 19:34:03,111 - DEBUG - [global] needs_update: API → 5.13.09
2026-09-28 19:34:03,115 - DEBUG - [global] needs_update: лучший источник raw → 5.13.09 (из 2)
2026-09-28 19:34:03,116 - INFO - [global] needs_update: local=(5, 13, 7) remote=(5, 13, 9) -> has_update=True
2026-09-28 19:34:03,116 - INFO - [global] Доступна обнова! Спавню кнопку
2026-09-28 19:34:05,291 - INFO - [global] LogUploader: запускаю upload_run_logs...
2026-09-28 19:34:05,295 - DEBUG - [global] log_uploader: START window=periodic made=-1 token=...Rjnfq
2026-09-28 19:34:06,955 - DEBUG - [global] _api_put: GET runs/20260928_193405_fail_periodic.log -> 404
2026-09-28 19:34:10,191 - DEBUG - [global] _api_put: PUT runs/20260928_193405_fail_periodic.log -> 201 (14800 bytes)
2026-09-28 19:34:10,194 - DEBUG - [global] log_uploader: STEP 1 (window log) -> https://github.com/StarateJI/L2Mauto/blob/bot-logs/runs/20260928_193405_fail_periodic.log
2026-09-28 19:34:10,194 - DEBUG - [global] log_uploader: STEP 2 SKIP (no PNGs)
2026-09-28 19:34:11,882 - DEBUG - [global] _api_put: GET runs/20260928_193405_fail_global.log -> 404
2026-09-28 19:34:14,691 - DEBUG - [global] _api_put: PUT runs/20260928_193405_fail_global.log -> 201 (20160 bytes)
2026-09-28 19:34:14,694 - DEBUG - [global] log_uploader: STEP 3 (global log) -> https://github.com/StarateJI/L2Mauto/blob/bot-logs/runs/20260928_193405_fail_global.log
2026-09-28 19:34:14,694 - DEBUG - [global] log_uploader: END window=periodic
2026-09-28 19:34:14,694 - INFO - [global] LogUploader: upload_run_logs завершён
2026-09-28 19:34:33,415 - INFO - [global] Проверяю обновы...
2026-09-28 19:34:34,639 - DEBUG - [global] needs_update: raw → 5.13.09
2026-09-28 19:34:34,831 - DEBUG - [global] needs_update: API → 5.13.09
2026-09-28 19:34:34,832 - DEBUG - [global] needs_update: лучший источник raw → 5.13.09 (из 2)
2026-09-28 19:34:34,832 - INFO - [global] needs_update: local=(5, 13, 7) remote=(5, 13, 9) -> has_update=True
2026-09-28 19:34:34,832 - INFO - [global] Доступна обнова! Спавню кнопку
2026-09-28 19:35:04,949 - INFO - [global] Проверяю обновы...
2026-09-28 19:35:06,014 - DEBUG - [global] needs_update: raw → 5.13.09
2026-09-28 19:35:06,251 - DEBUG - [global] needs_update: API → 5.13.09
2026-09-28 19:35:06,251 - DEBUG - [global] needs_update: лучший источник raw → 5.13.09 (из 2)
2026-09-28 19:35:06,251 - INFO - [global] needs_update: local=(5, 13, 7) remote=(5, 13, 9) -> has_update=True
2026-09-28 19:35:06,251 - INFO - [global] Доступна обнова! Спавню кнопку
2026-09-28 19:35:14,937 - INFO - [global] LogUploader: запускаю upload_run_logs...
2026-09-28 19:35:14,938 - DEBUG - [global] log_uploader: START window=periodic made=-1 token=...Rjnfq
2026-09-28 19:35:16,177 - DEBUG - [global] _api_put: GET runs/20260928_193514_fail_periodic.log -> 404
2026-09-28 19:35:18,824 - DEBUG - [global] _api_put: PUT runs/20260928_193514_fail_periodic.log -> 201 (14800 bytes)
2026-09-28 19:35:18,827 - DEBUG - [global] log_uploader: STEP 1 (window log) -> https://github.com/StarateJI/L2Mauto/blob/bot-logs/runs/20260928_193514_fail_periodic.log
2026-09-28 19:35:18,828 - DEBUG - [global] log_uploader: STEP 2 SKIP (no PNGs)
2026-09-28 19:35:20,156 - DEBUG - [global] _api_put: GET runs/20260928_193514_fail_global.log -> 404
2026-09-28 19:35:22,356 - DEBUG - [global] _api_put: PUT runs/20260928_193514_fail_global.log -> 201 (20329 bytes)
2026-09-28 19:35:22,359 - DEBUG - [global] log_uploader: STEP 3 (global log) -> https://github.com/StarateJI/L2Mauto/blob/bot-logs/runs/20260928_193514_fail_global.log
2026-09-28 19:35:22,359 - DEBUG - [global] log_uploader: END window=periodic
2026-09-28 19:35:22,359 - INFO - [global] LogUploader: upload_run_logs завершён
2026-09-28 19:35:36,355 - INFO - [global] Проверяю обновы...
2026-09-28 19:35:37,359 - DEBUG - [global] needs_update: raw → 5.13.09
2026-09-28 19:35:37,568 - DEBUG - [global] needs_update: API → 5.13.09
2026-09-28 19:35:37,573 - DEBUG - [global] needs_update: лучший источник raw → 5.13.09 (из 2)
2026-09-28 19:35:37,574 - INFO - [global] needs_update: local=(5, 13, 7) remote=(5, 13, 9) -> has_update=True
2026-09-28 19:35:37,574 - INFO - [global] Доступна обнова! Спавню кнопку
2026-09-28 19:36:07,628 - INFO - [global] Проверяю обновы...
2026-09-28 19:36:08,710 - DEBUG - [global] needs_update: raw → 5.13.09
2026-09-28 19:36:08,913 - DEBUG - [global] needs_update: API → 5.13.09
2026-09-28 19:36:08,914 - DEBUG - [global] needs_update: лучший источник raw → 5.13.09 (из 2)
2026-09-28 19:36:08,915 - INFO - [global] needs_update: local=(5, 13, 7) remote=(5, 13, 9) -> has_update=True
2026-09-28 19:36:08,915 - INFO - [global] Доступна обнова! Спавню кнопку
2026-09-28 19:36:22,499 - INFO - [global] LogUploader: запускаю upload_run_logs...
2026-09-28 19:36:22,500 - DEBUG - [global] log_uploader: START window=periodic made=-1 token=...Rjnfq
2026-09-28 19:36:23,554 - DEBUG - [global] _api_put: GET runs/20260928_193622_fail_periodic.log -> 404
2026-09-28 19:36:26,048 - DEBUG - [global] _api_put: PUT runs/20260928_193622_fail_periodic.log -> 201 (14800 bytes)
2026-09-28 19:36:26,052 - DEBUG - [global] log_uploader: STEP 1 (window log) -> https://github.com/StarateJI/L2Mauto/blob/bot-logs/runs/20260928_193622_fail_periodic.log
2026-09-28 19:36:26,052 - DEBUG - [global] log_uploader: STEP 2 SKIP (no PNGs)
2026-09-28 19:36:27,237 - DEBUG - [global] _api_put: GET runs/20260928_193622_fail_global.log -> 404
2026-09-28 19:36:29,748 - DEBUG - [global] _api_put: PUT runs/20260928_193622_fail_global.log -> 201 (20300 bytes)
2026-09-28 19:36:29,750 - DEBUG - [global] log_uploader: STEP 3 (global log) -> https://github.com/StarateJI/L2Mauto/blob/bot-logs/runs/20260928_193622_fail_global.log
2026-09-28 19:36:29,750 - DEBUG - [global] log_uploader: END window=periodic
2026-09-28 19:36:29,750 - INFO - [global] LogUploader: upload_run_logs завершён
2026-09-28 19:36:38,945 - INFO - [global] Проверяю обновы...
2026-09-28 19:36:39,857 - DEBUG - [global] needs_update: raw → 5.13.09
2026-09-28 19:36:40,129 - DEBUG - [global] needs_update: API → 5.13.09
2026-09-28 19:36:40,129 - DEBUG - [global] needs_update: лучший источник raw → 5.13.09 (из 2)
2026-09-28 19:36:40,130 - INFO - [global] needs_update: local=(5, 13, 7) remote=(5, 13, 9) -> has_update=True
2026-09-28 19:36:40,130 - INFO - [global] Доступна обнова! Спавню кнопку
2026-09-28 19:37:10,156 - INFO - [global] Проверяю обновы...
2026-09-28 19:37:11,104 - DEBUG - [global] needs_update: raw → 5.13.09
2026-09-28 19:37:11,363 - DEBUG - [global] needs_update: API → 5.13.09
2026-09-28 19:37:11,363 - DEBUG - [global] needs_update: лучший источник raw → 5.13.09 (из 2)
2026-09-28 19:37:11,364 - INFO - [global] needs_update: local=(5, 13, 7) remote=(5, 13, 9) -> has_update=True
2026-09-28 19:37:11,364 - INFO - [global] Доступна обнова! Спавню кнопку
2026-09-28 19:37:29,799 - INFO - [global] LogUploader: запускаю upload_run_logs...
2026-09-28 19:37:29,799 - DEBUG - [global] log_uploader: START window=periodic made=-1 token=...Rjnfq
2026-09-28 19:37:30,969 - DEBUG - [global] _api_put: GET runs/20260928_193729_fail_periodic.log -> 404
2026-09-28 19:37:34,332 - DEBUG - [global] _api_put: PUT runs/20260928_193729_fail_periodic.log -> 201 (14800 bytes)
2026-09-28 19:37:34,334 - DEBUG - [global] log_uploader: STEP 1 (window log) -> https://github.com/StarateJI/L2Mauto/blob/bot-logs/runs/20260928_193729_fail_periodic.log
2026-09-28 19:37:34,335 - DEBUG - [global] log_uploader: STEP 2 SKIP (no PNGs)
2026-09-28 19:37:35,483 - DEBUG - [global] _api_put: GET runs/20260928_193729_fail_global.log -> 404
2026-09-28 19:37:37,601 - DEBUG - [global] _api_put: PUT runs/20260928_193729_fail_global.log -> 201 (20300 bytes)
2026-09-28 19:37:37,604 - DEBUG - [global] log_uploader: STEP 3 (global log) -> https://github.com/StarateJI/L2Mauto/blob/bot-logs/runs/20260928_193729_fail_global.log
2026-09-28 19:37:37,604 - DEBUG - [global] log_uploader: END window=periodic
2026-09-28 19:37:37,604 - INFO - [global] LogUploader: upload_run_logs завершён
2026-09-28 19:37:41,388 - INFO - [global] Проверяю обновы...
2026-09-28 19:37:42,308 - DEBUG - [global] needs_update: raw → 5.13.09
2026-09-28 19:37:42,498 - DEBUG - [global] needs_update: API → 5.13.09
2026-09-28 19:37:42,501 - DEBUG - [global] needs_update: лучший источник raw → 5.13.09 (из 2)
2026-09-28 19:37:42,501 - INFO - [global] needs_update: local=(5, 13, 7) remote=(5, 13, 9) -> has_update=True
2026-09-28 19:37:42,501 - INFO - [global] Доступна обнова! Спавню кнопку
2026-09-28 19:38:12,573 - INFO - [global] Проверяю обновы...
2026-09-28 19:38:13,602 - DEBUG - [global] needs_update: raw → 5.13.09
2026-09-28 19:38:13,810 - DEBUG - [global] needs_update: API → 5.13.09
2026-09-28 19:38:13,812 - DEBUG - [global] needs_update: лучший источник raw → 5.13.09 (из 2)
2026-09-28 19:38:13,812 - INFO - [global] needs_update: local=(5, 13, 7) remote=(5, 13, 9) -> has_update=True
2026-09-28 19:38:13,812 - INFO - [global] Доступна обнова! Спавню кнопку
2026-09-28 19:38:37,690 - INFO - [global] LogUploader: запускаю upload_run_logs...
2026-09-28 19:38:37,691 - DEBUG - [global] log_uploader: START window=periodic made=-1 token=...Rjnfq
2026-09-28 19:38:38,897 - DEBUG - [global] _api_put: GET runs/20260928_193837_fail_periodic.log -> 404
2026-09-28 19:38:41,495 - DEBUG - [global] _api_put: PUT runs/20260928_193837_fail_periodic.log -> 201 (14800 bytes)
2026-09-28 19:38:41,498 - DEBUG - [global] log_uploader: STEP 1 (window log) -> https://github.com/StarateJI/L2Mauto/blob/bot-logs/runs/20260928_193837_fail_periodic.log
2026-09-28 19:38:41,499 - DEBUG - [global] log_uploader: STEP 2 SKIP (no PNGs)
2026-09-28 19:38:42,873 - DEBUG - [global] _api_put: GET runs/20260928_193837_fail_global.log -> 404
2026-09-28 19:38:43,964 - INFO - [global] Проверяю обновы...
2026-09-28 19:38:45,076 - DEBUG - [global] needs_update: raw → 5.13.09
2026-09-28 19:38:45,176 - DEBUG - [global] _api_put: PUT runs/20260928_193837_fail_global.log -> 201 (20300 bytes)
2026-09-28 19:38:45,180 - DEBUG - [global] log_uploader: STEP 3 (global log) -> https://github.com/StarateJI/L2Mauto/blob/bot-logs/runs/20260928_193837_fail_global.log
2026-09-28 19:38:45,180 - DEBUG - [global] log_uploader: END window=periodic
2026-09-28 19:38:45,180 - INFO - [global] LogUploader: upload_run_logs завершён
2026-09-28 19:38:45,294 - DEBUG - [global] needs_update: API → 5.13.09
2026-09-28 19:38:45,302 - DEBUG - [global] needs_update: лучший источник raw → 5.13.09 (из 2)
2026-09-28 19:38:45,303 - INFO - [global] needs_update: local=(5, 13, 7) remote=(5, 13, 9) -> has_update=True
2026-09-28 19:38:45,303 - INFO - [global] Доступна обнова! Спавню кнопку
2026-09-28 19:39:15,600 - INFO - [global] Проверяю обновы...
2026-09-28 19:39:17,373 - DEBUG - [global] needs_update: raw → 5.13.09
2026-09-28 19:39:18,344 - DEBUG - [global] needs_update: API → 5.13.09
2026-09-28 19:39:18,344 - DEBUG - [global] needs_update: лучший источник raw → 5.13.09 (из 2)
2026-09-28 19:39:18,344 - INFO - [global] needs_update: local=(5, 13, 7) remote=(5, 13, 9) -> has_update=True
2026-09-28 19:39:18,345 - INFO - [global] Доступна обнова! Спавню кнопку
2026-09-28 19:39:45,884 - INFO - [global] LogUploader: запускаю upload_run_logs...
2026-09-28 19:39:45,886 - DEBUG - [global] log_uploader: START window=periodic made=-1 token=...Rjnfq
2026-09-28 19:39:47,206 - DEBUG - [global] _api_put: GET runs/20260928_193945_fail_periodic.log -> 404
2026-09-28 19:39:48,669 - INFO - [global] Проверяю обновы...
2026-09-28 19:39:49,554 - DEBUG - [global] _api_put: PUT runs/20260928_193945_fail_periodic.log -> 201 (14800 bytes)
2026-09-28 19:39:49,557 - DEBUG - [global] log_uploader: STEP 1 (window log) -> https://github.com/StarateJI/L2Mauto/blob/bot-logs/runs/20260928_193945_fail_periodic.log
2026-09-28 19:39:49,557 - DEBUG - [global] log_uploader: STEP 2 SKIP (no PNGs)
2026-09-28 19:39:49,625 - DEBUG - [global] needs_update: raw → 5.13.09
2026-09-28 19:39:49,967 - DEBUG - [global] needs_update: API → 5.13.09
2026-09-28 19:39:49,967 - DEBUG - [global] needs_update: лучший источник raw → 5.13.09 (из 2)
2026-09-28 19:39:49,968 - INFO - [global] needs_update: local=(5, 13, 7) remote=(5, 13, 9) -> has_update=True
2026-09-28 19:39:49,968 - INFO - [global] Доступна обнова! Спавню кнопку
2026-09-28 19:39:50,894 - DEBUG - [global] _api_put: GET runs/20260928_193945_fail_global.log -> 404
2026-09-28 19:39:53,655 - DEBUG - [global] _api_put: PUT runs/20260928_193945_fail_global.log -> 201 (20157 bytes)
2026-09-28 19:39:53,658 - DEBUG - [global] log_uploader: STEP 3 (global log) -> https://github.com/StarateJI/L2Mauto/blob/bot-logs/runs/20260928_193945_fail_global.log
2026-09-28 19:39:53,658 - DEBUG - [global] log_uploader: END window=periodic
2026-09-28 19:39:53,658 - INFO - [global] LogUploader: upload_run_logs завершён
2026-09-28 19:40:20,295 - INFO - [global] Проверяю обновы...
2026-09-28 19:40:21,310 - DEBUG - [global] needs_update: raw → 5.13.09
2026-09-28 19:40:21,502 - DEBUG - [global] needs_update: API → 5.13.09
2026-09-28 19:40:21,507 - DEBUG - [global] needs_update: лучший источник raw → 5.13.09 (из 2)
2026-09-28 19:40:21,507 - INFO - [global] needs_update: local=(5, 13, 7) remote=(5, 13, 9) -> has_update=True
2026-09-28 19:40:21,507 - INFO - [global] Доступна обнова! Спавню кнопку
2026-09-28 19:40:51,626 - INFO - [global] Проверяю обновы...
2026-09-28 19:40:52,638 - DEBUG - [global] needs_update: raw → 5.13.09
2026-09-28 19:40:52,855 - DEBUG - [global] needs_update: API → 5.13.09
2026-09-28 19:40:52,855 - DEBUG - [global] needs_update: лучший источник raw → 5.13.09 (из 2)
2026-09-28 19:40:52,855 - INFO - [global] needs_update: local=(5, 13, 7) remote=(5, 13, 9) -> has_update=True
2026-09-28 19:40:52,856 - INFO - [global] Доступна обнова! Спавню кнопку
2026-09-28 19:40:54,230 - INFO - [global] LogUploader: запускаю upload_run_logs...
2026-09-28 19:40:54,231 - DEBUG - [global] log_uploader: START window=periodic made=-1 token=...Rjnfq
2026-09-28 19:40:55,381 - DEBUG - [global] _api_put: GET runs/20260928_194054_fail_periodic.log -> 404
2026-09-28 19:40:58,266 - DEBUG - [global] _api_put: PUT runs/20260928_194054_fail_periodic.log -> 201 (14800 bytes)
2026-09-28 19:40:58,269 - DEBUG - [global] log_uploader: STEP 1 (window log) -> https://github.com/StarateJI/L2Mauto/blob/bot-logs/runs/20260928_194054_fail_periodic.log
2026-09-28 19:40:58,271 - DEBUG - [global] log_uploader: STEP 2 SKIP (no PNGs)
