=== Log tail 2026-09-27T18:54:49.563323 | last 200 lines ===
2026-09-27 18:45:42,581 - INFO - [global] Доступна обнова! Спавню кнопку
2026-09-27 18:46:05,889 - INFO - [global] LogUploader: запускаю upload_run_logs...
2026-09-27 18:46:05,889 - DEBUG - [global] log_uploader: START window=periodic made=-1 token=...Rjnfq
2026-09-27 18:46:06,920 - DEBUG - [global] _api_put: GET runs/20260927_184605_fail_periodic.log -> 404
2026-09-27 18:46:08,618 - DEBUG - [global] _api_put: PUT runs/20260927_184605_fail_periodic.log -> 201 (1517 bytes)
2026-09-27 18:46:08,619 - DEBUG - [global] log_uploader: STEP 1 (window log) -> https://github.com/StarateJI/L2Mauto/blob/bot-logs/runs/20260927_184605_fail_periodic.log
2026-09-27 18:46:08,620 - DEBUG - [global] log_uploader: STEP 2 SKIP (no PNGs)
2026-09-27 18:46:09,536 - DEBUG - [global] _api_put: GET runs/20260927_184605_fail_global.log -> 404
2026-09-27 18:46:11,594 - DEBUG - [global] _api_put: PUT runs/20260927_184605_fail_global.log -> 201 (20010 bytes)
2026-09-27 18:46:11,596 - DEBUG - [global] log_uploader: STEP 3 (global log) -> https://github.com/StarateJI/L2Mauto/blob/bot-logs/runs/20260927_184605_fail_global.log
2026-09-27 18:46:11,596 - DEBUG - [global] log_uploader: END window=periodic
2026-09-27 18:46:11,596 - INFO - [global] LogUploader: upload_run_logs завершён
2026-09-27 18:46:12,596 - INFO - [global] Проверяю обновы...
2026-09-27 18:46:13,391 - DEBUG - [global] needs_update: raw → 5.13.09
2026-09-27 18:46:13,561 - DEBUG - [global] needs_update: API → 5.13.09
2026-09-27 18:46:13,561 - DEBUG - [global] needs_update: лучший источник raw → 5.13.09 (из 2)
2026-09-27 18:46:13,561 - INFO - [global] needs_update: local=(5, 13, 7) remote=(5, 13, 9) -> has_update=True
2026-09-27 18:46:13,561 - INFO - [global] Доступна обнова! Спавню кнопку
2026-09-27 18:46:43,576 - INFO - [global] Проверяю обновы...
2026-09-27 18:46:44,423 - DEBUG - [global] needs_update: raw → 5.13.09
2026-09-27 18:46:44,546 - DEBUG - [global] needs_update: API → 5.13.09
2026-09-27 18:46:44,546 - DEBUG - [global] needs_update: лучший источник raw → 5.13.09 (из 2)
2026-09-27 18:46:44,546 - INFO - [global] needs_update: local=(5, 13, 7) remote=(5, 13, 9) -> has_update=True
2026-09-27 18:46:44,546 - INFO - [global] Доступна обнова! Спавню кнопку
2026-09-27 18:47:11,628 - INFO - [global] LogUploader: запускаю upload_run_logs...
2026-09-27 18:47:11,628 - DEBUG - [global] log_uploader: START window=periodic made=-1 token=...Rjnfq
2026-09-27 18:47:12,475 - DEBUG - [global] _api_put: GET runs/20260927_184711_fail_periodic.log -> 404
2026-09-27 18:47:14,032 - DEBUG - [global] _api_put: PUT runs/20260927_184711_fail_periodic.log -> 201 (1517 bytes)
2026-09-27 18:47:14,034 - DEBUG - [global] log_uploader: STEP 1 (window log) -> https://github.com/StarateJI/L2Mauto/blob/bot-logs/runs/20260927_184711_fail_periodic.log
2026-09-27 18:47:14,034 - DEBUG - [global] log_uploader: STEP 2 SKIP (no PNGs)
2026-09-27 18:47:14,561 - INFO - [global] Проверяю обновы...
2026-09-27 18:47:14,930 - DEBUG - [global] _api_put: GET runs/20260927_184711_fail_global.log -> 404
2026-09-27 18:47:15,374 - DEBUG - [global] needs_update: raw → 5.13.09
2026-09-27 18:47:15,559 - DEBUG - [global] needs_update: API → 5.13.09
2026-09-27 18:47:15,559 - DEBUG - [global] needs_update: лучший источник raw → 5.13.09 (из 2)
2026-09-27 18:47:15,559 - INFO - [global] needs_update: local=(5, 13, 7) remote=(5, 13, 9) -> has_update=True
2026-09-27 18:47:15,559 - INFO - [global] Доступна обнова! Спавню кнопку
2026-09-27 18:47:16,771 - DEBUG - [global] _api_put: PUT runs/20260927_184711_fail_global.log -> 201 (20010 bytes)
2026-09-27 18:47:16,772 - DEBUG - [global] log_uploader: STEP 3 (global log) -> https://github.com/StarateJI/L2Mauto/blob/bot-logs/runs/20260927_184711_fail_global.log
2026-09-27 18:47:16,772 - DEBUG - [global] log_uploader: END window=periodic
2026-09-27 18:47:16,772 - INFO - [global] LogUploader: upload_run_logs завершён
2026-09-27 18:47:45,574 - INFO - [global] Проверяю обновы...
2026-09-27 18:47:46,381 - DEBUG - [global] needs_update: raw → 5.13.09
2026-09-27 18:47:46,549 - DEBUG - [global] needs_update: API → 5.13.09
2026-09-27 18:47:46,549 - DEBUG - [global] needs_update: лучший источник raw → 5.13.09 (из 2)
2026-09-27 18:47:46,549 - INFO - [global] needs_update: local=(5, 13, 7) remote=(5, 13, 9) -> has_update=True
2026-09-27 18:47:46,549 - INFO - [global] Доступна обнова! Спавню кнопку
2026-09-27 18:48:16,563 - INFO - [global] Проверяю обновы...
2026-09-27 18:48:16,800 - INFO - [global] LogUploader: запускаю upload_run_logs...
2026-09-27 18:48:16,800 - DEBUG - [global] log_uploader: START window=periodic made=-1 token=...Rjnfq
2026-09-27 18:48:17,378 - DEBUG - [global] needs_update: raw → 5.13.09
2026-09-27 18:48:17,599 - DEBUG - [global] needs_update: API → 5.13.09
2026-09-27 18:48:17,599 - DEBUG - [global] needs_update: лучший источник raw → 5.13.09 (из 2)
2026-09-27 18:48:17,599 - INFO - [global] needs_update: local=(5, 13, 7) remote=(5, 13, 9) -> has_update=True
2026-09-27 18:48:17,599 - INFO - [global] Доступна обнова! Спавню кнопку
2026-09-27 18:48:17,800 - DEBUG - [global] _api_put: GET runs/20260927_184816_fail_periodic.log -> 404
2026-09-27 18:48:19,358 - DEBUG - [global] _api_put: PUT runs/20260927_184816_fail_periodic.log -> 201 (1517 bytes)
2026-09-27 18:48:19,359 - DEBUG - [global] log_uploader: STEP 1 (window log) -> https://github.com/StarateJI/L2Mauto/blob/bot-logs/runs/20260927_184816_fail_periodic.log
2026-09-27 18:48:19,359 - DEBUG - [global] log_uploader: STEP 2 SKIP (no PNGs)
2026-09-27 18:48:20,302 - DEBUG - [global] _api_put: GET runs/20260927_184816_fail_global.log -> 404
2026-09-27 18:48:21,994 - DEBUG - [global] _api_put: PUT runs/20260927_184816_fail_global.log -> 201 (20010 bytes)
2026-09-27 18:48:21,996 - DEBUG - [global] log_uploader: STEP 3 (global log) -> https://github.com/StarateJI/L2Mauto/blob/bot-logs/runs/20260927_184816_fail_global.log
2026-09-27 18:48:21,996 - DEBUG - [global] log_uploader: END window=periodic
2026-09-27 18:48:21,996 - INFO - [global] LogUploader: upload_run_logs завершён
2026-09-27 18:48:47,612 - INFO - [global] Проверяю обновы...
2026-09-27 18:48:48,399 - DEBUG - [global] needs_update: raw → 5.13.09
2026-09-27 18:48:48,584 - DEBUG - [global] needs_update: API → 5.13.09
2026-09-27 18:48:48,584 - DEBUG - [global] needs_update: лучший источник raw → 5.13.09 (из 2)
2026-09-27 18:48:48,584 - INFO - [global] needs_update: local=(5, 13, 7) remote=(5, 13, 9) -> has_update=True
2026-09-27 18:48:48,584 - INFO - [global] Доступна обнова! Спавню кнопку
2026-09-27 18:49:18,595 - INFO - [global] Проверяю обновы...
2026-09-27 18:49:19,406 - DEBUG - [global] needs_update: raw → 5.13.09
2026-09-27 18:49:19,559 - DEBUG - [global] needs_update: API → 5.13.09
2026-09-27 18:49:19,559 - DEBUG - [global] needs_update: лучший источник raw → 5.13.09 (из 2)
2026-09-27 18:49:19,559 - INFO - [global] needs_update: local=(5, 13, 7) remote=(5, 13, 9) -> has_update=True
2026-09-27 18:49:19,559 - INFO - [global] Доступна обнова! Спавню кнопку
2026-09-27 18:49:22,026 - INFO - [global] LogUploader: запускаю upload_run_logs...
2026-09-27 18:49:22,026 - DEBUG - [global] log_uploader: START window=periodic made=-1 token=...Rjnfq
2026-09-27 18:49:22,873 - DEBUG - [global] _api_put: GET runs/20260927_184922_fail_periodic.log -> 404
2026-09-27 18:49:24,467 - DEBUG - [global] _api_put: PUT runs/20260927_184922_fail_periodic.log -> 201 (1517 bytes)
2026-09-27 18:49:24,469 - DEBUG - [global] log_uploader: STEP 1 (window log) -> https://github.com/StarateJI/L2Mauto/blob/bot-logs/runs/20260927_184922_fail_periodic.log
2026-09-27 18:49:24,469 - DEBUG - [global] log_uploader: STEP 2 SKIP (no PNGs)
2026-09-27 18:49:25,390 - DEBUG - [global] _api_put: GET runs/20260927_184922_fail_global.log -> 404
2026-09-27 18:49:27,024 - DEBUG - [global] _api_put: PUT runs/20260927_184922_fail_global.log -> 201 (20010 bytes)
2026-09-27 18:49:27,026 - DEBUG - [global] log_uploader: STEP 3 (global log) -> https://github.com/StarateJI/L2Mauto/blob/bot-logs/runs/20260927_184922_fail_global.log
2026-09-27 18:49:27,026 - DEBUG - [global] log_uploader: END window=periodic
2026-09-27 18:49:27,026 - INFO - [global] LogUploader: upload_run_logs завершён
2026-09-27 18:49:49,575 - INFO - [global] Проверяю обновы...
2026-09-27 18:49:50,384 - DEBUG - [global] needs_update: raw → 5.13.09
2026-09-27 18:49:50,564 - DEBUG - [global] needs_update: API → 5.13.09
2026-09-27 18:49:50,565 - DEBUG - [global] needs_update: лучший источник raw → 5.13.09 (из 2)
2026-09-27 18:49:50,565 - INFO - [global] needs_update: local=(5, 13, 7) remote=(5, 13, 9) -> has_update=True
2026-09-27 18:49:50,565 - INFO - [global] Доступна обнова! Спавню кнопку
2026-09-27 18:50:20,578 - INFO - [global] Проверяю обновы...
2026-09-27 18:50:21,366 - DEBUG - [global] needs_update: raw → 5.13.09
2026-09-27 18:50:21,597 - DEBUG - [global] needs_update: API → 5.13.09
2026-09-27 18:50:21,597 - DEBUG - [global] needs_update: лучший источник raw → 5.13.09 (из 2)
2026-09-27 18:50:21,597 - INFO - [global] needs_update: local=(5, 13, 7) remote=(5, 13, 9) -> has_update=True
2026-09-27 18:50:21,597 - INFO - [global] Доступна обнова! Спавню кнопку
2026-09-27 18:50:27,055 - INFO - [global] LogUploader: запускаю upload_run_logs...
2026-09-27 18:50:27,055 - DEBUG - [global] log_uploader: START window=periodic made=-1 token=...Rjnfq
2026-09-27 18:50:27,919 - DEBUG - [global] _api_put: GET runs/20260927_185027_fail_periodic.log -> 404
2026-09-27 18:50:29,386 - DEBUG - [global] _api_put: PUT runs/20260927_185027_fail_periodic.log -> 409 (1517 bytes)
2026-09-27 18:50:29,386 - WARNING - [global] _api_put: PUT failed body: {"message":"is at 20d03956d1c36594f7a647d8c9f06c396c506698 but expected c669138f8f1e993741a70856222a773f7b733e7d","documentation_url":"https://docs.github.com/rest/repos/contents#create-or-update-file
2026-09-27 18:50:29,388 - DEBUG - [global] log_uploader: STEP 1 (window log) -> FAILED
2026-09-27 18:50:29,388 - DEBUG - [global] log_uploader: STEP 2 SKIP (no PNGs)
2026-09-27 18:50:30,315 - DEBUG - [global] _api_put: GET runs/20260927_185027_fail_global.log -> 404
2026-09-27 18:50:31,912 - DEBUG - [global] _api_put: PUT runs/20260927_185027_fail_global.log -> 201 (20127 bytes)
2026-09-27 18:50:31,915 - DEBUG - [global] log_uploader: STEP 3 (global log) -> https://github.com/StarateJI/L2Mauto/blob/bot-logs/runs/20260927_185027_fail_global.log
2026-09-27 18:50:31,915 - DEBUG - [global] log_uploader: END window=periodic
2026-09-27 18:50:31,915 - INFO - [global] LogUploader: upload_run_logs завершён
2026-09-27 18:50:51,611 - INFO - [global] Проверяю обновы...
2026-09-27 18:50:52,438 - DEBUG - [global] needs_update: raw → 5.13.09
2026-09-27 18:50:52,602 - DEBUG - [global] needs_update: API → 5.13.09
2026-09-27 18:50:52,602 - DEBUG - [global] needs_update: лучший источник raw → 5.13.09 (из 2)
2026-09-27 18:50:52,602 - INFO - [global] needs_update: local=(5, 13, 7) remote=(5, 13, 9) -> has_update=True
2026-09-27 18:50:52,603 - INFO - [global] Доступна обнова! Спавню кнопку
2026-09-27 18:51:22,618 - INFO - [global] Проверяю обновы...
2026-09-27 18:51:23,448 - DEBUG - [global] needs_update: raw → 5.13.09
2026-09-27 18:51:23,618 - DEBUG - [global] needs_update: API → 5.13.09
2026-09-27 18:51:23,620 - DEBUG - [global] needs_update: лучший источник raw → 5.13.09 (из 2)
2026-09-27 18:51:23,620 - INFO - [global] needs_update: local=(5, 13, 7) remote=(5, 13, 9) -> has_update=True
2026-09-27 18:51:23,620 - INFO - [global] Доступна обнова! Спавню кнопку
2026-09-27 18:51:31,943 - INFO - [global] LogUploader: запускаю upload_run_logs...
2026-09-27 18:51:31,943 - DEBUG - [global] log_uploader: START window=periodic made=-1 token=...Rjnfq
2026-09-27 18:51:32,795 - DEBUG - [global] _api_put: GET runs/20260927_185131_fail_periodic.log -> 404
2026-09-27 18:51:34,268 - DEBUG - [global] _api_put: PUT runs/20260927_185131_fail_periodic.log -> 201 (1517 bytes)
2026-09-27 18:51:34,271 - DEBUG - [global] log_uploader: STEP 1 (window log) -> https://github.com/StarateJI/L2Mauto/blob/bot-logs/runs/20260927_185131_fail_periodic.log
2026-09-27 18:51:34,271 - DEBUG - [global] log_uploader: STEP 2 SKIP (no PNGs)
2026-09-27 18:51:35,199 - DEBUG - [global] _api_put: GET runs/20260927_185131_fail_global.log -> 404
2026-09-27 18:51:36,834 - DEBUG - [global] _api_put: PUT runs/20260927_185131_fail_global.log -> 201 (20127 bytes)
2026-09-27 18:51:36,835 - DEBUG - [global] log_uploader: STEP 3 (global log) -> https://github.com/StarateJI/L2Mauto/blob/bot-logs/runs/20260927_185131_fail_global.log
2026-09-27 18:51:36,835 - DEBUG - [global] log_uploader: END window=periodic
2026-09-27 18:51:36,835 - INFO - [global] LogUploader: upload_run_logs завершён
2026-09-27 18:51:53,635 - INFO - [global] Проверяю обновы...
2026-09-27 18:51:54,402 - DEBUG - [global] needs_update: raw → 5.13.09
2026-09-27 18:51:54,594 - DEBUG - [global] needs_update: API → 5.13.09
2026-09-27 18:51:54,595 - DEBUG - [global] needs_update: лучший источник raw → 5.13.09 (из 2)
2026-09-27 18:51:54,595 - INFO - [global] needs_update: local=(5, 13, 7) remote=(5, 13, 9) -> has_update=True
2026-09-27 18:51:54,595 - INFO - [global] Доступна обнова! Спавню кнопку
2026-09-27 18:52:24,610 - INFO - [global] Проверяю обновы...
2026-09-27 18:52:25,408 - DEBUG - [global] needs_update: raw → 5.13.09
2026-09-27 18:52:25,605 - DEBUG - [global] needs_update: API → 5.13.09
2026-09-27 18:52:25,606 - DEBUG - [global] needs_update: лучший источник raw → 5.13.09 (из 2)
2026-09-27 18:52:25,606 - INFO - [global] needs_update: local=(5, 13, 7) remote=(5, 13, 9) -> has_update=True
2026-09-27 18:52:25,606 - INFO - [global] Доступна обнова! Спавню кнопку
2026-09-27 18:52:36,863 - INFO - [global] LogUploader: запускаю upload_run_logs...
2026-09-27 18:52:36,863 - DEBUG - [global] log_uploader: START window=periodic made=-1 token=...Rjnfq
2026-09-27 18:52:37,750 - DEBUG - [global] _api_put: GET runs/20260927_185236_fail_periodic.log -> 404
2026-09-27 18:52:39,270 - DEBUG - [global] _api_put: PUT runs/20260927_185236_fail_periodic.log -> 201 (1517 bytes)
2026-09-27 18:52:39,272 - DEBUG - [global] log_uploader: STEP 1 (window log) -> https://github.com/StarateJI/L2Mauto/blob/bot-logs/runs/20260927_185236_fail_periodic.log
2026-09-27 18:52:39,272 - DEBUG - [global] log_uploader: STEP 2 SKIP (no PNGs)
2026-09-27 18:52:40,229 - DEBUG - [global] _api_put: GET runs/20260927_185236_fail_global.log -> 404
2026-09-27 18:52:42,006 - DEBUG - [global] _api_put: PUT runs/20260927_185236_fail_global.log -> 201 (20127 bytes)
2026-09-27 18:52:42,008 - DEBUG - [global] log_uploader: STEP 3 (global log) -> https://github.com/StarateJI/L2Mauto/blob/bot-logs/runs/20260927_185236_fail_global.log
2026-09-27 18:52:42,008 - DEBUG - [global] log_uploader: END window=periodic
2026-09-27 18:52:42,008 - INFO - [global] LogUploader: upload_run_logs завершён
2026-09-27 18:52:55,618 - INFO - [global] Проверяю обновы...
2026-09-27 18:52:56,393 - DEBUG - [global] needs_update: raw → 5.13.09
2026-09-27 18:52:56,610 - DEBUG - [global] needs_update: API → 5.13.09
2026-09-27 18:52:56,610 - DEBUG - [global] needs_update: лучший источник raw → 5.13.09 (из 2)
2026-09-27 18:52:56,610 - INFO - [global] needs_update: local=(5, 13, 7) remote=(5, 13, 9) -> has_update=True
2026-09-27 18:52:56,610 - INFO - [global] Доступна обнова! Спавню кнопку
2026-09-27 18:53:26,628 - INFO - [global] Проверяю обновы...
2026-09-27 18:53:27,508 - DEBUG - [global] needs_update: raw → 5.13.09
2026-09-27 18:53:27,613 - DEBUG - [global] needs_update: API → 5.13.09
2026-09-27 18:53:27,613 - DEBUG - [global] needs_update: лучший источник raw → 5.13.09 (из 2)
2026-09-27 18:53:27,613 - INFO - [global] needs_update: local=(5, 13, 7) remote=(5, 13, 9) -> has_update=True
2026-09-27 18:53:27,613 - INFO - [global] Доступна обнова! Спавню кнопку
2026-09-27 18:53:42,037 - INFO - [global] LogUploader: запускаю upload_run_logs...
2026-09-27 18:53:42,037 - DEBUG - [global] log_uploader: START window=periodic made=-1 token=...Rjnfq
2026-09-27 18:53:42,894 - DEBUG - [global] _api_put: GET runs/20260927_185342_fail_periodic.log -> 404
2026-09-27 18:53:44,570 - DEBUG - [global] _api_put: PUT runs/20260927_185342_fail_periodic.log -> 409 (1517 bytes)
2026-09-27 18:53:44,570 - WARNING - [global] _api_put: PUT failed body: {"message":"is at 46c6d3114b69f8c427dc4365cbf64d75726f033e but expected da82008c196a262ccd7dca055aa82eeab969d74c","documentation_url":"https://docs.github.com/rest/repos/contents#create-or-update-file
2026-09-27 18:53:44,572 - DEBUG - [global] log_uploader: STEP 1 (window log) -> FAILED
2026-09-27 18:53:44,573 - DEBUG - [global] log_uploader: STEP 2 SKIP (no PNGs)
2026-09-27 18:53:45,503 - DEBUG - [global] _api_put: GET runs/20260927_185342_fail_global.log -> 404
2026-09-27 18:53:47,129 - DEBUG - [global] _api_put: PUT runs/20260927_185342_fail_global.log -> 409 (20205 bytes)
2026-09-27 18:53:47,129 - WARNING - [global] _api_put: PUT failed body: {"message":"is at 15e997bf6367de8edc0820f0201b9643f354a20c but expected 46c6d3114b69f8c427dc4365cbf64d75726f033e","documentation_url":"https://docs.github.com/rest/repos/contents#create-or-update-file
2026-09-27 18:53:47,130 - DEBUG - [global] log_uploader: STEP 3 (global log) -> FAILED
2026-09-27 18:53:47,130 - DEBUG - [global] log_uploader: END window=periodic
2026-09-27 18:53:47,131 - INFO - [global] LogUploader: upload_run_logs завершён
2026-09-27 18:53:57,627 - INFO - [global] Проверяю обновы...
2026-09-27 18:53:58,463 - DEBUG - [global] needs_update: raw → 5.13.09
2026-09-27 18:53:58,664 - DEBUG - [global] needs_update: API → 5.13.09
2026-09-27 18:53:58,665 - DEBUG - [global] needs_update: лучший источник raw → 5.13.09 (из 2)
2026-09-27 18:53:58,665 - INFO - [global] needs_update: local=(5, 13, 7) remote=(5, 13, 9) -> has_update=True
2026-09-27 18:53:58,665 - INFO - [global] Доступна обнова! Спавню кнопку
2026-09-27 18:54:28,678 - INFO - [global] Проверяю обновы...
2026-09-27 18:54:29,503 - DEBUG - [global] needs_update: raw → 5.13.09
2026-09-27 18:54:29,694 - DEBUG - [global] needs_update: API → 5.13.09
2026-09-27 18:54:29,694 - DEBUG - [global] needs_update: лучший источник raw → 5.13.09 (из 2)
2026-09-27 18:54:29,694 - INFO - [global] needs_update: local=(5, 13, 7) remote=(5, 13, 9) -> has_update=True
2026-09-27 18:54:29,694 - INFO - [global] Доступна обнова! Спавню кнопку
2026-09-27 18:54:47,157 - INFO - [global] LogUploader: запускаю upload_run_logs...
2026-09-27 18:54:47,157 - DEBUG - [global] log_uploader: START window=periodic made=-1 token=...Rjnfq
2026-09-27 18:54:48,032 - DEBUG - [global] _api_put: GET runs/20260927_185447_fail_periodic.log -> 404
2026-09-27 18:54:49,491 - DEBUG - [global] _api_put: PUT runs/20260927_185447_fail_periodic.log -> 201 (1517 bytes)
2026-09-27 18:54:49,493 - DEBUG - [global] log_uploader: STEP 1 (window log) -> https://github.com/StarateJI/L2Mauto/blob/bot-logs/runs/20260927_185447_fail_periodic.log
2026-09-27 18:54:49,494 - DEBUG - [global] log_uploader: STEP 2 SKIP (no PNGs)
