=== Log tail 2026-10-02T06:42:46.502138 | last 200 lines ===
2026-10-02 06:33:46,825 - DEBUG - [global] needs_update: API → 5.13.09
2026-10-02 06:33:46,825 - DEBUG - [global] needs_update: лучший источник raw → 5.13.09 (из 2)
2026-10-02 06:33:46,825 - INFO - [global] needs_update: local=(5, 13, 7) remote=(5, 13, 9) -> has_update=True
2026-10-02 06:33:46,825 - INFO - [global] Доступна обнова! Спавню кнопку
2026-10-02 06:33:59,817 - INFO - [global] LogUploader: запускаю upload_run_logs...
2026-10-02 06:33:59,817 - DEBUG - [global] log_uploader: START window=periodic made=-1 token=...Rjnfq
2026-10-02 06:34:00,887 - DEBUG - [global] _api_put: GET runs/20261002_063359_fail_periodic.log -> 404
2026-10-02 06:34:02,652 - DEBUG - [global] _api_put: PUT runs/20261002_063359_fail_periodic.log -> 201 (3411 bytes)
2026-10-02 06:34:02,654 - DEBUG - [global] log_uploader: STEP 1 (window log) -> https://github.com/StarateJI/L2Mauto/blob/bot-logs/runs/20261002_063359_fail_periodic.log
2026-10-02 06:34:02,654 - DEBUG - [global] log_uploader: STEP 2 SKIP (no PNGs)
2026-10-02 06:34:03,555 - DEBUG - [global] _api_put: GET runs/20261002_063359_fail_global.log -> 404
2026-10-02 06:34:05,348 - DEBUG - [global] _api_put: PUT runs/20261002_063359_fail_global.log -> 201 (20010 bytes)
2026-10-02 06:34:05,350 - DEBUG - [global] log_uploader: STEP 3 (global log) -> https://github.com/StarateJI/L2Mauto/blob/bot-logs/runs/20261002_063359_fail_global.log
2026-10-02 06:34:05,350 - DEBUG - [global] log_uploader: END window=periodic
2026-10-02 06:34:05,350 - INFO - [global] LogUploader: upload_run_logs завершён
2026-10-02 06:34:16,838 - INFO - [global] Проверяю обновы...
2026-10-02 06:34:17,631 - DEBUG - [global] needs_update: raw → 5.13.09
2026-10-02 06:34:17,802 - DEBUG - [global] needs_update: API → 5.13.09
2026-10-02 06:34:17,803 - DEBUG - [global] needs_update: лучший источник raw → 5.13.09 (из 2)
2026-10-02 06:34:17,803 - INFO - [global] needs_update: local=(5, 13, 7) remote=(5, 13, 9) -> has_update=True
2026-10-02 06:34:17,803 - INFO - [global] Доступна обнова! Спавню кнопку
2026-10-02 06:34:47,820 - INFO - [global] Проверяю обновы...
2026-10-02 06:34:48,588 - DEBUG - [global] needs_update: raw → 5.13.09
2026-10-02 06:34:48,809 - DEBUG - [global] needs_update: API → 5.13.09
2026-10-02 06:34:48,809 - DEBUG - [global] needs_update: лучший источник raw → 5.13.09 (из 2)
2026-10-02 06:34:48,809 - INFO - [global] needs_update: local=(5, 13, 7) remote=(5, 13, 9) -> has_update=True
2026-10-02 06:34:48,809 - INFO - [global] Доступна обнова! Спавню кнопку
2026-10-02 06:35:05,383 - INFO - [global] LogUploader: запускаю upload_run_logs...
2026-10-02 06:35:05,383 - DEBUG - [global] log_uploader: START window=periodic made=-1 token=...Rjnfq
2026-10-02 06:35:06,276 - DEBUG - [global] _api_put: GET runs/20261002_063505_fail_periodic.log -> 404
2026-10-02 06:35:08,074 - DEBUG - [global] _api_put: PUT runs/20261002_063505_fail_periodic.log -> 201 (3411 bytes)
2026-10-02 06:35:08,077 - DEBUG - [global] log_uploader: STEP 1 (window log) -> https://github.com/StarateJI/L2Mauto/blob/bot-logs/runs/20261002_063505_fail_periodic.log
2026-10-02 06:35:08,077 - DEBUG - [global] log_uploader: STEP 2 SKIP (no PNGs)
2026-10-02 06:35:08,982 - DEBUG - [global] _api_put: GET runs/20261002_063505_fail_global.log -> 404
2026-10-02 06:35:10,796 - DEBUG - [global] _api_put: PUT runs/20261002_063505_fail_global.log -> 201 (20010 bytes)
2026-10-02 06:35:10,798 - DEBUG - [global] log_uploader: STEP 3 (global log) -> https://github.com/StarateJI/L2Mauto/blob/bot-logs/runs/20261002_063505_fail_global.log
2026-10-02 06:35:10,798 - DEBUG - [global] log_uploader: END window=periodic
2026-10-02 06:35:10,798 - INFO - [global] LogUploader: upload_run_logs завершён
2026-10-02 06:35:18,825 - INFO - [global] Проверяю обновы...
2026-10-02 06:35:19,586 - DEBUG - [global] needs_update: raw → 5.13.09
2026-10-02 06:35:19,882 - DEBUG - [global] needs_update: API → 5.13.09
2026-10-02 06:35:19,882 - DEBUG - [global] needs_update: лучший источник raw → 5.13.09 (из 2)
2026-10-02 06:35:19,882 - INFO - [global] needs_update: local=(5, 13, 7) remote=(5, 13, 9) -> has_update=True
2026-10-02 06:35:19,882 - INFO - [global] Доступна обнова! Спавню кнопку
2026-10-02 06:35:49,898 - INFO - [global] Проверяю обновы...
2026-10-02 06:35:50,691 - DEBUG - [global] needs_update: raw → 5.13.09
2026-10-02 06:35:50,901 - DEBUG - [global] needs_update: API → 5.13.09
2026-10-02 06:35:50,901 - DEBUG - [global] needs_update: лучший источник raw → 5.13.09 (из 2)
2026-10-02 06:35:50,901 - INFO - [global] needs_update: local=(5, 13, 7) remote=(5, 13, 9) -> has_update=True
2026-10-02 06:35:50,902 - INFO - [global] Доступна обнова! Спавню кнопку
2026-10-02 06:36:10,828 - INFO - [global] LogUploader: запускаю upload_run_logs...
2026-10-02 06:36:10,828 - DEBUG - [global] log_uploader: START window=periodic made=-1 token=...Rjnfq
2026-10-02 06:36:11,745 - DEBUG - [global] _api_put: GET runs/20261002_063610_fail_periodic.log -> 404
2026-10-02 06:36:13,358 - DEBUG - [global] _api_put: PUT runs/20261002_063610_fail_periodic.log -> 201 (3411 bytes)
2026-10-02 06:36:13,361 - DEBUG - [global] log_uploader: STEP 1 (window log) -> https://github.com/StarateJI/L2Mauto/blob/bot-logs/runs/20261002_063610_fail_periodic.log
2026-10-02 06:36:13,361 - DEBUG - [global] log_uploader: STEP 2 SKIP (no PNGs)
2026-10-02 06:36:14,230 - DEBUG - [global] _api_put: GET runs/20261002_063610_fail_global.log -> 404
2026-10-02 06:36:16,322 - DEBUG - [global] _api_put: PUT runs/20261002_063610_fail_global.log -> 201 (20010 bytes)
2026-10-02 06:36:16,324 - DEBUG - [global] log_uploader: STEP 3 (global log) -> https://github.com/StarateJI/L2Mauto/blob/bot-logs/runs/20261002_063610_fail_global.log
2026-10-02 06:36:16,325 - DEBUG - [global] log_uploader: END window=periodic
2026-10-02 06:36:16,325 - INFO - [global] LogUploader: upload_run_logs завершён
2026-10-02 06:36:20,918 - INFO - [global] Проверяю обновы...
2026-10-02 06:36:21,748 - DEBUG - [global] needs_update: raw → 5.13.09
2026-10-02 06:36:21,877 - DEBUG - [global] needs_update: API → 5.13.09
2026-10-02 06:36:21,877 - DEBUG - [global] needs_update: лучший источник raw → 5.13.09 (из 2)
2026-10-02 06:36:21,877 - INFO - [global] needs_update: local=(5, 13, 7) remote=(5, 13, 9) -> has_update=True
2026-10-02 06:36:21,877 - INFO - [global] Доступна обнова! Спавню кнопку
2026-10-02 06:36:51,892 - INFO - [global] Проверяю обновы...
2026-10-02 06:36:52,672 - DEBUG - [global] needs_update: raw → 5.13.09
2026-10-02 06:36:52,900 - DEBUG - [global] needs_update: API → 5.13.09
2026-10-02 06:36:52,900 - DEBUG - [global] needs_update: лучший источник raw → 5.13.09 (из 2)
2026-10-02 06:36:52,900 - INFO - [global] needs_update: local=(5, 13, 7) remote=(5, 13, 9) -> has_update=True
2026-10-02 06:36:52,900 - INFO - [global] Доступна обнова! Спавню кнопку
2026-10-02 06:37:16,349 - INFO - [global] LogUploader: запускаю upload_run_logs...
2026-10-02 06:37:16,349 - DEBUG - [global] log_uploader: START window=periodic made=-1 token=...Rjnfq
2026-10-02 06:37:17,205 - DEBUG - [global] _api_put: GET runs/20261002_063716_fail_periodic.log -> 404
2026-10-02 06:37:19,013 - DEBUG - [global] _api_put: PUT runs/20261002_063716_fail_periodic.log -> 201 (3411 bytes)
2026-10-02 06:37:19,015 - DEBUG - [global] log_uploader: STEP 1 (window log) -> https://github.com/StarateJI/L2Mauto/blob/bot-logs/runs/20261002_063716_fail_periodic.log
2026-10-02 06:37:19,015 - DEBUG - [global] log_uploader: STEP 2 SKIP (no PNGs)
2026-10-02 06:37:19,900 - DEBUG - [global] _api_put: GET runs/20261002_063716_fail_global.log -> 404
2026-10-02 06:37:21,824 - DEBUG - [global] _api_put: PUT runs/20261002_063716_fail_global.log -> 201 (20010 bytes)
2026-10-02 06:37:21,825 - DEBUG - [global] log_uploader: STEP 3 (global log) -> https://github.com/StarateJI/L2Mauto/blob/bot-logs/runs/20261002_063716_fail_global.log
2026-10-02 06:37:21,825 - DEBUG - [global] log_uploader: END window=periodic
2026-10-02 06:37:21,825 - INFO - [global] LogUploader: upload_run_logs завершён
2026-10-02 06:37:22,914 - INFO - [global] Проверяю обновы...
2026-10-02 06:37:23,671 - DEBUG - [global] needs_update: raw → 5.13.09
2026-10-02 06:37:23,888 - DEBUG - [global] needs_update: API → 5.13.09
2026-10-02 06:37:23,888 - DEBUG - [global] needs_update: лучший источник raw → 5.13.09 (из 2)
2026-10-02 06:37:23,888 - INFO - [global] needs_update: local=(5, 13, 7) remote=(5, 13, 9) -> has_update=True
2026-10-02 06:37:23,888 - INFO - [global] Доступна обнова! Спавню кнопку
2026-10-02 06:37:53,903 - INFO - [global] Проверяю обновы...
2026-10-02 06:37:54,686 - DEBUG - [global] needs_update: raw → 5.13.09
2026-10-02 06:37:54,861 - DEBUG - [global] needs_update: API → 5.13.09
2026-10-02 06:37:54,862 - DEBUG - [global] needs_update: лучший источник raw → 5.13.09 (из 2)
2026-10-02 06:37:54,862 - INFO - [global] needs_update: local=(5, 13, 7) remote=(5, 13, 9) -> has_update=True
2026-10-02 06:37:54,862 - INFO - [global] Доступна обнова! Спавню кнопку
2026-10-02 06:38:21,856 - INFO - [global] LogUploader: запускаю upload_run_logs...
2026-10-02 06:38:21,856 - DEBUG - [global] log_uploader: START window=periodic made=-1 token=...Rjnfq
2026-10-02 06:38:22,711 - DEBUG - [global] _api_put: GET runs/20261002_063821_fail_periodic.log -> 404
2026-10-02 06:38:24,391 - DEBUG - [global] _api_put: PUT runs/20261002_063821_fail_periodic.log -> 201 (3411 bytes)
2026-10-02 06:38:24,393 - DEBUG - [global] log_uploader: STEP 1 (window log) -> https://github.com/StarateJI/L2Mauto/blob/bot-logs/runs/20261002_063821_fail_periodic.log
2026-10-02 06:38:24,393 - DEBUG - [global] log_uploader: STEP 2 SKIP (no PNGs)
2026-10-02 06:38:24,878 - INFO - [global] Проверяю обновы...
2026-10-02 06:38:25,250 - DEBUG - [global] _api_put: GET runs/20261002_063821_fail_global.log -> 404
2026-10-02 06:38:25,668 - DEBUG - [global] needs_update: raw → 5.13.09
2026-10-02 06:38:25,895 - DEBUG - [global] needs_update: API → 5.13.09
2026-10-02 06:38:25,896 - DEBUG - [global] needs_update: лучший источник raw → 5.13.09 (из 2)
2026-10-02 06:38:25,896 - INFO - [global] needs_update: local=(5, 13, 7) remote=(5, 13, 9) -> has_update=True
2026-10-02 06:38:25,896 - INFO - [global] Доступна обнова! Спавню кнопку
2026-10-02 06:38:27,131 - DEBUG - [global] _api_put: PUT runs/20261002_063821_fail_global.log -> 201 (20010 bytes)
2026-10-02 06:38:27,133 - DEBUG - [global] log_uploader: STEP 3 (global log) -> https://github.com/StarateJI/L2Mauto/blob/bot-logs/runs/20261002_063821_fail_global.log
2026-10-02 06:38:27,133 - DEBUG - [global] log_uploader: END window=periodic
2026-10-02 06:38:27,133 - INFO - [global] LogUploader: upload_run_logs завершён
2026-10-02 06:38:55,911 - INFO - [global] Проверяю обновы...
2026-10-02 06:38:56,639 - DEBUG - [global] needs_update: raw → 5.13.09
2026-10-02 06:38:56,865 - DEBUG - [global] needs_update: API → 5.13.09
2026-10-02 06:38:56,865 - DEBUG - [global] needs_update: лучший источник raw → 5.13.09 (из 2)
2026-10-02 06:38:56,866 - INFO - [global] needs_update: local=(5, 13, 7) remote=(5, 13, 9) -> has_update=True
2026-10-02 06:38:56,866 - INFO - [global] Доступна обнова! Спавню кнопку
2026-10-02 06:39:26,883 - INFO - [global] Проверяю обновы...
2026-10-02 06:39:27,159 - INFO - [global] LogUploader: запускаю upload_run_logs...
2026-10-02 06:39:27,159 - DEBUG - [global] log_uploader: START window=periodic made=-1 token=...Rjnfq
2026-10-02 06:39:27,701 - DEBUG - [global] needs_update: raw → 5.13.09
2026-10-02 06:39:27,864 - DEBUG - [global] needs_update: API → 5.13.09
2026-10-02 06:39:27,864 - DEBUG - [global] needs_update: лучший источник raw → 5.13.09 (из 2)
2026-10-02 06:39:27,864 - INFO - [global] needs_update: local=(5, 13, 7) remote=(5, 13, 9) -> has_update=True
2026-10-02 06:39:27,864 - INFO - [global] Доступна обнова! Спавню кнопку
2026-10-02 06:39:28,149 - DEBUG - [global] _api_put: GET runs/20261002_063927_fail_periodic.log -> 404
2026-10-02 06:39:29,921 - DEBUG - [global] _api_put: PUT runs/20261002_063927_fail_periodic.log -> 201 (3411 bytes)
2026-10-02 06:39:29,922 - DEBUG - [global] log_uploader: STEP 1 (window log) -> https://github.com/StarateJI/L2Mauto/blob/bot-logs/runs/20261002_063927_fail_periodic.log
2026-10-02 06:39:29,923 - DEBUG - [global] log_uploader: STEP 2 SKIP (no PNGs)
2026-10-02 06:39:30,822 - DEBUG - [global] _api_put: GET runs/20261002_063927_fail_global.log -> 404
2026-10-02 06:39:32,596 - DEBUG - [global] _api_put: PUT runs/20261002_063927_fail_global.log -> 201 (20010 bytes)
2026-10-02 06:39:32,598 - DEBUG - [global] log_uploader: STEP 3 (global log) -> https://github.com/StarateJI/L2Mauto/blob/bot-logs/runs/20261002_063927_fail_global.log
2026-10-02 06:39:32,598 - DEBUG - [global] log_uploader: END window=periodic
2026-10-02 06:39:32,598 - INFO - [global] LogUploader: upload_run_logs завершён
2026-10-02 06:39:57,880 - INFO - [global] Проверяю обновы...
2026-10-02 06:39:58,709 - DEBUG - [global] needs_update: raw → 5.13.09
2026-10-02 06:39:59,082 - DEBUG - [global] needs_update: API → 5.13.09
2026-10-02 06:39:59,082 - DEBUG - [global] needs_update: лучший источник raw → 5.13.09 (из 2)
2026-10-02 06:39:59,082 - INFO - [global] needs_update: local=(5, 13, 7) remote=(5, 13, 9) -> has_update=True
2026-10-02 06:39:59,082 - INFO - [global] Доступна обнова! Спавню кнопку
2026-10-02 06:40:29,103 - INFO - [global] Проверяю обновы...
2026-10-02 06:40:29,944 - DEBUG - [global] needs_update: raw → 5.13.09
2026-10-02 06:40:30,127 - DEBUG - [global] needs_update: API → 5.13.09
2026-10-02 06:40:30,127 - DEBUG - [global] needs_update: лучший источник raw → 5.13.09 (из 2)
2026-10-02 06:40:30,127 - INFO - [global] needs_update: local=(5, 13, 7) remote=(5, 13, 9) -> has_update=True
2026-10-02 06:40:30,127 - INFO - [global] Доступна обнова! Спавню кнопку
2026-10-02 06:40:32,630 - INFO - [global] LogUploader: запускаю upload_run_logs...
2026-10-02 06:40:32,631 - DEBUG - [global] log_uploader: START window=periodic made=-1 token=...Rjnfq
2026-10-02 06:40:33,520 - DEBUG - [global] _api_put: GET runs/20261002_064032_fail_periodic.log -> 404
2026-10-02 06:40:35,286 - DEBUG - [global] _api_put: PUT runs/20261002_064032_fail_periodic.log -> 201 (3411 bytes)
2026-10-02 06:40:35,288 - DEBUG - [global] log_uploader: STEP 1 (window log) -> https://github.com/StarateJI/L2Mauto/blob/bot-logs/runs/20261002_064032_fail_periodic.log
2026-10-02 06:40:35,288 - DEBUG - [global] log_uploader: STEP 2 SKIP (no PNGs)
2026-10-02 06:40:36,235 - DEBUG - [global] _api_put: GET runs/20261002_064032_fail_global.log -> 404
2026-10-02 06:40:38,187 - DEBUG - [global] _api_put: PUT runs/20261002_064032_fail_global.log -> 201 (20010 bytes)
2026-10-02 06:40:38,189 - DEBUG - [global] log_uploader: STEP 3 (global log) -> https://github.com/StarateJI/L2Mauto/blob/bot-logs/runs/20261002_064032_fail_global.log
2026-10-02 06:40:38,189 - DEBUG - [global] log_uploader: END window=periodic
2026-10-02 06:40:38,189 - INFO - [global] LogUploader: upload_run_logs завершён
2026-10-02 06:41:00,140 - INFO - [global] Проверяю обновы...
2026-10-02 06:41:00,967 - DEBUG - [global] needs_update: raw → 5.13.09
2026-10-02 06:41:01,125 - DEBUG - [global] needs_update: API → 5.13.09
2026-10-02 06:41:01,125 - DEBUG - [global] needs_update: лучший источник raw → 5.13.09 (из 2)
2026-10-02 06:41:01,125 - INFO - [global] needs_update: local=(5, 13, 7) remote=(5, 13, 9) -> has_update=True
2026-10-02 06:41:01,125 - INFO - [global] Доступна обнова! Спавню кнопку
2026-10-02 06:41:31,140 - INFO - [global] Проверяю обновы...
2026-10-02 06:41:31,929 - DEBUG - [global] needs_update: raw → 5.13.09
2026-10-02 06:41:32,123 - DEBUG - [global] needs_update: API → 5.13.09
2026-10-02 06:41:32,124 - DEBUG - [global] needs_update: лучший источник raw → 5.13.09 (из 2)
2026-10-02 06:41:32,124 - INFO - [global] needs_update: local=(5, 13, 7) remote=(5, 13, 9) -> has_update=True
2026-10-02 06:41:32,124 - INFO - [global] Доступна обнова! Спавню кнопку
2026-10-02 06:41:38,217 - INFO - [global] LogUploader: запускаю upload_run_logs...
2026-10-02 06:41:38,217 - DEBUG - [global] log_uploader: START window=periodic made=-1 token=...Rjnfq
2026-10-02 06:41:39,087 - DEBUG - [global] _api_put: GET runs/20261002_064138_fail_periodic.log -> 404
2026-10-02 06:41:40,880 - DEBUG - [global] _api_put: PUT runs/20261002_064138_fail_periodic.log -> 201 (3411 bytes)
2026-10-02 06:41:40,883 - DEBUG - [global] log_uploader: STEP 1 (window log) -> https://github.com/StarateJI/L2Mauto/blob/bot-logs/runs/20261002_064138_fail_periodic.log
2026-10-02 06:41:40,883 - DEBUG - [global] log_uploader: STEP 2 SKIP (no PNGs)
2026-10-02 06:41:41,765 - DEBUG - [global] _api_put: GET runs/20261002_064138_fail_global.log -> 404
2026-10-02 06:41:43,715 - DEBUG - [global] _api_put: PUT runs/20261002_064138_fail_global.log -> 201 (20010 bytes)
2026-10-02 06:41:43,718 - DEBUG - [global] log_uploader: STEP 3 (global log) -> https://github.com/StarateJI/L2Mauto/blob/bot-logs/runs/20261002_064138_fail_global.log
2026-10-02 06:41:43,718 - DEBUG - [global] log_uploader: END window=periodic
2026-10-02 06:41:43,718 - INFO - [global] LogUploader: upload_run_logs завершён
2026-10-02 06:42:02,139 - INFO - [global] Проверяю обновы...
2026-10-02 06:42:02,955 - DEBUG - [global] needs_update: raw → 5.13.09
2026-10-02 06:42:03,101 - DEBUG - [global] needs_update: API → 5.13.09
2026-10-02 06:42:03,101 - DEBUG - [global] needs_update: лучший источник raw → 5.13.09 (из 2)
2026-10-02 06:42:03,102 - INFO - [global] needs_update: local=(5, 13, 7) remote=(5, 13, 9) -> has_update=True
2026-10-02 06:42:03,102 - INFO - [global] Доступна обнова! Спавню кнопку
2026-10-02 06:42:33,112 - INFO - [global] Проверяю обновы...
2026-10-02 06:42:33,915 - DEBUG - [global] needs_update: raw → 5.13.09
2026-10-02 06:42:34,135 - DEBUG - [global] needs_update: API → 5.13.09
2026-10-02 06:42:34,135 - DEBUG - [global] needs_update: лучший источник raw → 5.13.09 (из 2)
2026-10-02 06:42:34,135 - INFO - [global] needs_update: local=(5, 13, 7) remote=(5, 13, 9) -> has_update=True
2026-10-02 06:42:34,135 - INFO - [global] Доступна обнова! Спавню кнопку
2026-10-02 06:42:43,747 - INFO - [global] LogUploader: запускаю upload_run_logs...
2026-10-02 06:42:43,747 - DEBUG - [global] log_uploader: START window=periodic made=-1 token=...Rjnfq
2026-10-02 06:42:44,610 - DEBUG - [global] _api_put: GET runs/20261002_064243_fail_periodic.log -> 404
2026-10-02 06:42:46,486 - DEBUG - [global] _api_put: PUT runs/20261002_064243_fail_periodic.log -> 201 (3411 bytes)
2026-10-02 06:42:46,488 - DEBUG - [global] log_uploader: STEP 1 (window log) -> https://github.com/StarateJI/L2Mauto/blob/bot-logs/runs/20261002_064243_fail_periodic.log
2026-10-02 06:42:46,488 - DEBUG - [global] log_uploader: STEP 2 SKIP (no PNGs)
