=== Log tail 2026-09-17T17:45:46.995923 | last 200 lines ===
2026-09-17 17:37:08,738 - DEBUG - [global] _api_put: GET runs/20260917_173705_fail_global.log -> 404
2026-09-17 17:37:10,352 - DEBUG - [global] _api_put: PUT runs/20260917_173705_fail_global.log -> 201 (19808 bytes)
2026-09-17 17:37:10,354 - DEBUG - [global] log_uploader: STEP 3 (global log) -> https://github.com/StarateJI/L2Mauto/blob/bot-logs/runs/20260917_173705_fail_global.log
2026-09-17 17:37:10,354 - DEBUG - [global] log_uploader: END window=periodic
2026-09-17 17:37:10,354 - INFO - [global] LogUploader: upload_run_logs завершён
2026-09-17 17:37:35,105 - INFO - [global] Проверяю обновы...
2026-09-17 17:37:35,932 - DEBUG - [global] needs_update: API GitHub → 5.9.1
2026-09-17 17:37:36,527 - DEBUG - [global] needs_update: raw → 5.9.1
2026-09-17 17:37:37,153 - DEBUG - [global] needs_update: jsdelivr → 5.9.0
2026-09-17 17:37:37,154 - DEBUG - [global] needs_update: лучший источник API → 5.9.1 (из 3)
2026-09-17 17:37:37,155 - INFO - [global] needs_update: local=(5, 9, 1) remote=(5, 9, 1) -> has_update=False
2026-09-17 17:37:37,156 - INFO - [global] Установлена последняя версия бота | 5.9.1
2026-09-17 17:38:07,175 - INFO - [global] Проверяю обновы...
2026-09-17 17:38:08,021 - DEBUG - [global] needs_update: API GitHub → 5.9.1
2026-09-17 17:38:08,662 - DEBUG - [global] needs_update: raw → 5.9.1
2026-09-17 17:38:09,321 - DEBUG - [global] needs_update: jsdelivr → 5.9.0
2026-09-17 17:38:09,321 - DEBUG - [global] needs_update: лучший источник API → 5.9.1 (из 3)
2026-09-17 17:38:09,323 - INFO - [global] needs_update: local=(5, 9, 1) remote=(5, 9, 1) -> has_update=False
2026-09-17 17:38:09,323 - INFO - [global] Установлена последняя версия бота | 5.9.1
2026-09-17 17:38:10,388 - INFO - [global] LogUploader: запускаю upload_run_logs...
2026-09-17 17:38:10,389 - DEBUG - [global] log_uploader: START window=periodic made=-1 token=...Rjnfq
2026-09-17 17:38:11,213 - DEBUG - [global] _api_put: GET runs/20260917_173810_fail_periodic.log -> 404
2026-09-17 17:38:12,739 - DEBUG - [global] _api_put: PUT runs/20260917_173810_fail_periodic.log -> 201 (10182 bytes)
2026-09-17 17:38:12,741 - DEBUG - [global] log_uploader: STEP 1 (window log) -> https://github.com/StarateJI/L2Mauto/blob/bot-logs/runs/20260917_173810_fail_periodic.log
2026-09-17 17:38:12,741 - DEBUG - [global] log_uploader: STEP 2 SKIP (no PNGs)
2026-09-17 17:38:13,657 - DEBUG - [global] _api_put: GET runs/20260917_173810_fail_global.log -> 404
2026-09-17 17:38:15,248 - DEBUG - [global] _api_put: PUT runs/20260917_173810_fail_global.log -> 201 (19808 bytes)
2026-09-17 17:38:15,249 - DEBUG - [global] log_uploader: STEP 3 (global log) -> https://github.com/StarateJI/L2Mauto/blob/bot-logs/runs/20260917_173810_fail_global.log
2026-09-17 17:38:15,249 - DEBUG - [global] log_uploader: END window=periodic
2026-09-17 17:38:15,249 - INFO - [global] LogUploader: upload_run_logs завершён
2026-09-17 17:38:39,339 - INFO - [global] Проверяю обновы...
2026-09-17 17:38:40,221 - DEBUG - [global] needs_update: API GitHub → 5.9.1
2026-09-17 17:38:40,861 - DEBUG - [global] needs_update: raw → 5.9.1
2026-09-17 17:38:41,468 - DEBUG - [global] needs_update: jsdelivr → 5.9.0
2026-09-17 17:38:41,468 - DEBUG - [global] needs_update: лучший источник API → 5.9.1 (из 3)
2026-09-17 17:38:41,470 - INFO - [global] needs_update: local=(5, 9, 1) remote=(5, 9, 1) -> has_update=False
2026-09-17 17:38:41,470 - INFO - [global] Установлена последняя версия бота | 5.9.1
2026-09-17 17:39:11,485 - INFO - [global] Проверяю обновы...
2026-09-17 17:39:12,271 - DEBUG - [global] needs_update: API GitHub → 5.9.1
2026-09-17 17:39:12,931 - DEBUG - [global] needs_update: raw → 5.9.1
2026-09-17 17:39:13,621 - DEBUG - [global] needs_update: jsdelivr → 5.9.0
2026-09-17 17:39:13,621 - DEBUG - [global] needs_update: лучший источник API → 5.9.1 (из 3)
2026-09-17 17:39:13,623 - INFO - [global] needs_update: local=(5, 9, 1) remote=(5, 9, 1) -> has_update=False
2026-09-17 17:39:13,624 - INFO - [global] Установлена последняя версия бота | 5.9.1
2026-09-17 17:39:15,279 - INFO - [global] LogUploader: запускаю upload_run_logs...
2026-09-17 17:39:15,279 - DEBUG - [global] log_uploader: START window=periodic made=-1 token=...Rjnfq
2026-09-17 17:39:16,085 - DEBUG - [global] _api_put: GET runs/20260917_173915_fail_periodic.log -> 404
2026-09-17 17:39:17,777 - DEBUG - [global] _api_put: PUT runs/20260917_173915_fail_periodic.log -> 201 (10182 bytes)
2026-09-17 17:39:17,779 - DEBUG - [global] log_uploader: STEP 1 (window log) -> https://github.com/StarateJI/L2Mauto/blob/bot-logs/runs/20260917_173915_fail_periodic.log
2026-09-17 17:39:17,779 - DEBUG - [global] log_uploader: STEP 2 SKIP (no PNGs)
2026-09-17 17:39:18,675 - DEBUG - [global] _api_put: GET runs/20260917_173915_fail_global.log -> 404
2026-09-17 17:39:20,234 - DEBUG - [global] _api_put: PUT runs/20260917_173915_fail_global.log -> 201 (19808 bytes)
2026-09-17 17:39:20,236 - DEBUG - [global] log_uploader: STEP 3 (global log) -> https://github.com/StarateJI/L2Mauto/blob/bot-logs/runs/20260917_173915_fail_global.log
2026-09-17 17:39:20,236 - DEBUG - [global] log_uploader: END window=periodic
2026-09-17 17:39:20,236 - INFO - [global] LogUploader: upload_run_logs завершён
2026-09-17 17:39:43,644 - INFO - [global] Проверяю обновы...
2026-09-17 17:39:44,464 - DEBUG - [global] needs_update: API GitHub → 5.9.1
2026-09-17 17:39:45,121 - DEBUG - [global] needs_update: raw → 5.9.1
2026-09-17 17:39:45,750 - DEBUG - [global] needs_update: jsdelivr → 5.9.0
2026-09-17 17:39:45,750 - DEBUG - [global] needs_update: лучший источник API → 5.9.1 (из 3)
2026-09-17 17:39:45,752 - INFO - [global] needs_update: local=(5, 9, 1) remote=(5, 9, 1) -> has_update=False
2026-09-17 17:39:45,752 - INFO - [global] Установлена последняя версия бота | 5.9.1
2026-09-17 17:40:15,770 - INFO - [global] Проверяю обновы...
2026-09-17 17:40:16,593 - DEBUG - [global] needs_update: API GitHub → 5.9.1
2026-09-17 17:40:17,228 - DEBUG - [global] needs_update: raw → 5.9.1
2026-09-17 17:40:17,851 - DEBUG - [global] needs_update: jsdelivr → 5.9.0
2026-09-17 17:40:17,851 - DEBUG - [global] needs_update: лучший источник API → 5.9.1 (из 3)
2026-09-17 17:40:17,854 - INFO - [global] needs_update: local=(5, 9, 1) remote=(5, 9, 1) -> has_update=False
2026-09-17 17:40:17,854 - INFO - [global] Установлена последняя версия бота | 5.9.1
2026-09-17 17:40:20,270 - INFO - [global] LogUploader: запускаю upload_run_logs...
2026-09-17 17:40:20,270 - DEBUG - [global] log_uploader: START window=periodic made=-1 token=...Rjnfq
2026-09-17 17:40:21,079 - DEBUG - [global] _api_put: GET runs/20260917_174020_fail_periodic.log -> 404
2026-09-17 17:40:22,646 - DEBUG - [global] _api_put: PUT runs/20260917_174020_fail_periodic.log -> 201 (10182 bytes)
2026-09-17 17:40:22,647 - DEBUG - [global] log_uploader: STEP 1 (window log) -> https://github.com/StarateJI/L2Mauto/blob/bot-logs/runs/20260917_174020_fail_periodic.log
2026-09-17 17:40:22,648 - DEBUG - [global] log_uploader: STEP 2 SKIP (no PNGs)
2026-09-17 17:40:23,660 - DEBUG - [global] _api_put: GET runs/20260917_174020_fail_global.log -> 404
2026-09-17 17:40:25,278 - DEBUG - [global] _api_put: PUT runs/20260917_174020_fail_global.log -> 201 (19884 bytes)
2026-09-17 17:40:25,280 - DEBUG - [global] log_uploader: STEP 3 (global log) -> https://github.com/StarateJI/L2Mauto/blob/bot-logs/runs/20260917_174020_fail_global.log
2026-09-17 17:40:25,280 - DEBUG - [global] log_uploader: END window=periodic
2026-09-17 17:40:25,280 - INFO - [global] LogUploader: upload_run_logs завершён
2026-09-17 17:40:47,871 - INFO - [global] Проверяю обновы...
2026-09-17 17:40:48,785 - DEBUG - [global] needs_update: API GitHub → 5.9.1
2026-09-17 17:40:49,425 - DEBUG - [global] needs_update: raw → 5.9.1
2026-09-17 17:40:50,035 - DEBUG - [global] needs_update: jsdelivr → 5.9.0
2026-09-17 17:40:50,035 - DEBUG - [global] needs_update: лучший источник API → 5.9.1 (из 3)
2026-09-17 17:40:50,036 - INFO - [global] needs_update: local=(5, 9, 1) remote=(5, 9, 1) -> has_update=False
2026-09-17 17:40:50,037 - INFO - [global] Установлена последняя версия бота | 5.9.1
2026-09-17 17:41:20,056 - INFO - [global] Проверяю обновы...
2026-09-17 17:41:20,874 - DEBUG - [global] needs_update: API GitHub → 5.9.1
2026-09-17 17:41:21,476 - DEBUG - [global] needs_update: raw → 5.9.1
2026-09-17 17:41:22,085 - DEBUG - [global] needs_update: jsdelivr → 5.9.0
2026-09-17 17:41:22,086 - DEBUG - [global] needs_update: лучший источник API → 5.9.1 (из 3)
2026-09-17 17:41:22,088 - INFO - [global] needs_update: local=(5, 9, 1) remote=(5, 9, 1) -> has_update=False
2026-09-17 17:41:22,088 - INFO - [global] Установлена последняя версия бота | 5.9.1
2026-09-17 17:41:25,322 - INFO - [global] LogUploader: запускаю upload_run_logs...
2026-09-17 17:41:25,322 - DEBUG - [global] log_uploader: START window=periodic made=-1 token=...Rjnfq
2026-09-17 17:41:26,140 - DEBUG - [global] _api_put: GET runs/20260917_174125_fail_periodic.log -> 404
2026-09-17 17:41:27,641 - DEBUG - [global] _api_put: PUT runs/20260917_174125_fail_periodic.log -> 201 (10182 bytes)
2026-09-17 17:41:27,643 - DEBUG - [global] log_uploader: STEP 1 (window log) -> https://github.com/StarateJI/L2Mauto/blob/bot-logs/runs/20260917_174125_fail_periodic.log
2026-09-17 17:41:27,644 - DEBUG - [global] log_uploader: STEP 2 SKIP (no PNGs)
2026-09-17 17:41:28,546 - DEBUG - [global] _api_put: GET runs/20260917_174125_fail_global.log -> 404
2026-09-17 17:41:30,205 - DEBUG - [global] _api_put: PUT runs/20260917_174125_fail_global.log -> 201 (19890 bytes)
2026-09-17 17:41:30,208 - DEBUG - [global] log_uploader: STEP 3 (global log) -> https://github.com/StarateJI/L2Mauto/blob/bot-logs/runs/20260917_174125_fail_global.log
2026-09-17 17:41:30,208 - DEBUG - [global] log_uploader: END window=periodic
2026-09-17 17:41:30,208 - INFO - [global] LogUploader: upload_run_logs завершён
2026-09-17 17:41:52,107 - INFO - [global] Проверяю обновы...
2026-09-17 17:41:52,894 - DEBUG - [global] needs_update: API GitHub → 5.9.1
2026-09-17 17:41:53,502 - DEBUG - [global] needs_update: raw → 5.9.1
2026-09-17 17:41:54,100 - DEBUG - [global] needs_update: jsdelivr → 5.9.0
2026-09-17 17:41:54,100 - DEBUG - [global] needs_update: лучший источник API → 5.9.1 (из 3)
2026-09-17 17:41:54,102 - INFO - [global] needs_update: local=(5, 9, 1) remote=(5, 9, 1) -> has_update=False
2026-09-17 17:41:54,102 - INFO - [global] Установлена последняя версия бота | 5.9.1
2026-09-17 17:42:24,119 - INFO - [global] Проверяю обновы...
2026-09-17 17:42:24,946 - DEBUG - [global] needs_update: API GitHub → 5.9.1
2026-09-17 17:42:25,565 - DEBUG - [global] needs_update: raw → 5.9.1
2026-09-17 17:42:26,187 - DEBUG - [global] needs_update: jsdelivr → 5.9.0
2026-09-17 17:42:26,187 - DEBUG - [global] needs_update: лучший источник API → 5.9.1 (из 3)
2026-09-17 17:42:26,187 - INFO - [global] needs_update: local=(5, 9, 1) remote=(5, 9, 1) -> has_update=False
2026-09-17 17:42:26,188 - INFO - [global] Установлена последняя версия бота | 5.9.1
2026-09-17 17:42:30,246 - INFO - [global] LogUploader: запускаю upload_run_logs...
2026-09-17 17:42:30,246 - DEBUG - [global] log_uploader: START window=periodic made=-1 token=...Rjnfq
2026-09-17 17:42:31,078 - DEBUG - [global] _api_put: GET runs/20260917_174230_fail_periodic.log -> 404
2026-09-17 17:42:32,383 - DEBUG - [global] _api_put: PUT runs/20260917_174230_fail_periodic.log -> 201 (10182 bytes)
2026-09-17 17:42:32,386 - DEBUG - [global] log_uploader: STEP 1 (window log) -> https://github.com/StarateJI/L2Mauto/blob/bot-logs/runs/20260917_174230_fail_periodic.log
2026-09-17 17:42:32,386 - DEBUG - [global] log_uploader: STEP 2 SKIP (no PNGs)
2026-09-17 17:42:33,285 - DEBUG - [global] _api_put: GET runs/20260917_174230_fail_global.log -> 404
2026-09-17 17:42:34,799 - DEBUG - [global] _api_put: PUT runs/20260917_174230_fail_global.log -> 201 (19877 bytes)
2026-09-17 17:42:34,802 - DEBUG - [global] log_uploader: STEP 3 (global log) -> https://github.com/StarateJI/L2Mauto/blob/bot-logs/runs/20260917_174230_fail_global.log
2026-09-17 17:42:34,802 - DEBUG - [global] log_uploader: END window=periodic
2026-09-17 17:42:34,802 - INFO - [global] LogUploader: upload_run_logs завершён
2026-09-17 17:42:56,205 - INFO - [global] Проверяю обновы...
2026-09-17 17:42:57,042 - DEBUG - [global] needs_update: API GitHub → 5.9.1
2026-09-17 17:42:57,643 - DEBUG - [global] needs_update: raw → 5.9.1
2026-09-17 17:42:58,201 - DEBUG - [global] needs_update: jsdelivr → 5.9.0
2026-09-17 17:42:58,201 - DEBUG - [global] needs_update: лучший источник API → 5.9.1 (из 3)
2026-09-17 17:42:58,204 - INFO - [global] needs_update: local=(5, 9, 1) remote=(5, 9, 1) -> has_update=False
2026-09-17 17:42:58,204 - INFO - [global] Установлена последняя версия бота | 5.9.1
2026-09-17 17:43:28,221 - INFO - [global] Проверяю обновы...
2026-09-17 17:43:28,999 - DEBUG - [global] needs_update: API GitHub → 5.9.1
2026-09-17 17:43:29,610 - DEBUG - [global] needs_update: raw → 5.9.1
2026-09-17 17:43:30,226 - DEBUG - [global] needs_update: jsdelivr → 5.9.0
2026-09-17 17:43:30,226 - DEBUG - [global] needs_update: лучший источник API → 5.9.1 (из 3)
2026-09-17 17:43:30,227 - INFO - [global] needs_update: local=(5, 9, 1) remote=(5, 9, 1) -> has_update=False
2026-09-17 17:43:30,228 - INFO - [global] Установлена последняя версия бота | 5.9.1
2026-09-17 17:43:34,835 - INFO - [global] LogUploader: запускаю upload_run_logs...
2026-09-17 17:43:34,836 - DEBUG - [global] log_uploader: START window=periodic made=-1 token=...Rjnfq
2026-09-17 17:43:35,647 - DEBUG - [global] _api_put: GET runs/20260917_174334_fail_periodic.log -> 404
2026-09-17 17:43:37,027 - DEBUG - [global] _api_put: PUT runs/20260917_174334_fail_periodic.log -> 201 (10182 bytes)
2026-09-17 17:43:37,029 - DEBUG - [global] log_uploader: STEP 1 (window log) -> https://github.com/StarateJI/L2Mauto/blob/bot-logs/runs/20260917_174334_fail_periodic.log
2026-09-17 17:43:37,029 - DEBUG - [global] log_uploader: STEP 2 SKIP (no PNGs)
2026-09-17 17:43:38,005 - DEBUG - [global] _api_put: GET runs/20260917_174334_fail_global.log -> 404
2026-09-17 17:43:39,658 - DEBUG - [global] _api_put: PUT runs/20260917_174334_fail_global.log -> 201 (19877 bytes)
2026-09-17 17:43:39,660 - DEBUG - [global] log_uploader: STEP 3 (global log) -> https://github.com/StarateJI/L2Mauto/blob/bot-logs/runs/20260917_174334_fail_global.log
2026-09-17 17:43:39,660 - DEBUG - [global] log_uploader: END window=periodic
2026-09-17 17:43:39,660 - INFO - [global] LogUploader: upload_run_logs завершён
2026-09-17 17:44:00,243 - INFO - [global] Проверяю обновы...
2026-09-17 17:44:01,062 - DEBUG - [global] needs_update: API GitHub → 5.9.1
2026-09-17 17:44:01,699 - DEBUG - [global] needs_update: raw → 5.9.1
2026-09-17 17:44:02,267 - DEBUG - [global] needs_update: jsdelivr → 5.9.0
2026-09-17 17:44:02,267 - DEBUG - [global] needs_update: лучший источник API → 5.9.1 (из 3)
2026-09-17 17:44:02,269 - INFO - [global] needs_update: local=(5, 9, 1) remote=(5, 9, 1) -> has_update=False
2026-09-17 17:44:02,269 - INFO - [global] Установлена последняя версия бота | 5.9.1
2026-09-17 17:44:32,287 - INFO - [global] Проверяю обновы...
2026-09-17 17:44:33,161 - DEBUG - [global] needs_update: API GitHub → 5.9.1
2026-09-17 17:44:33,776 - DEBUG - [global] needs_update: raw → 5.9.1
2026-09-17 17:44:34,380 - DEBUG - [global] needs_update: jsdelivr → 5.9.0
2026-09-17 17:44:34,380 - DEBUG - [global] needs_update: лучший источник API → 5.9.1 (из 3)
2026-09-17 17:44:34,382 - INFO - [global] needs_update: local=(5, 9, 1) remote=(5, 9, 1) -> has_update=False
2026-09-17 17:44:34,383 - INFO - [global] Установлена последняя версия бота | 5.9.1
2026-09-17 17:44:39,698 - INFO - [global] LogUploader: запускаю upload_run_logs...
2026-09-17 17:44:39,698 - DEBUG - [global] log_uploader: START window=periodic made=-1 token=...Rjnfq
2026-09-17 17:44:40,505 - DEBUG - [global] _api_put: GET runs/20260917_174439_fail_periodic.log -> 404
2026-09-17 17:44:42,036 - DEBUG - [global] _api_put: PUT runs/20260917_174439_fail_periodic.log -> 201 (10182 bytes)
2026-09-17 17:44:42,038 - DEBUG - [global] log_uploader: STEP 1 (window log) -> https://github.com/StarateJI/L2Mauto/blob/bot-logs/runs/20260917_174439_fail_periodic.log
2026-09-17 17:44:42,038 - DEBUG - [global] log_uploader: STEP 2 SKIP (no PNGs)
2026-09-17 17:44:42,971 - DEBUG - [global] _api_put: GET runs/20260917_174439_fail_global.log -> 404
2026-09-17 17:44:44,531 - DEBUG - [global] _api_put: PUT runs/20260917_174439_fail_global.log -> 201 (19877 bytes)
2026-09-17 17:44:44,533 - DEBUG - [global] log_uploader: STEP 3 (global log) -> https://github.com/StarateJI/L2Mauto/blob/bot-logs/runs/20260917_174439_fail_global.log
2026-09-17 17:44:44,533 - DEBUG - [global] log_uploader: END window=periodic
2026-09-17 17:44:44,533 - INFO - [global] LogUploader: upload_run_logs завершён
2026-09-17 17:45:04,398 - INFO - [global] Проверяю обновы...
2026-09-17 17:45:05,243 - DEBUG - [global] needs_update: API GitHub → 5.9.1
2026-09-17 17:45:05,911 - DEBUG - [global] needs_update: raw → 5.9.1
2026-09-17 17:45:06,453 - DEBUG - [global] needs_update: jsdelivr → 5.9.0
2026-09-17 17:45:06,453 - DEBUG - [global] needs_update: лучший источник API → 5.9.1 (из 3)
2026-09-17 17:45:06,455 - INFO - [global] needs_update: local=(5, 9, 1) remote=(5, 9, 1) -> has_update=False
2026-09-17 17:45:06,456 - INFO - [global] Установлена последняя версия бота | 5.9.1
2026-09-17 17:45:36,471 - INFO - [global] Проверяю обновы...
2026-09-17 17:45:37,273 - DEBUG - [global] needs_update: API GitHub → 5.9.1
2026-09-17 17:45:37,873 - DEBUG - [global] needs_update: raw → 5.9.1
2026-09-17 17:45:38,447 - DEBUG - [global] needs_update: jsdelivr → 5.9.0
2026-09-17 17:45:38,447 - DEBUG - [global] needs_update: лучший источник API → 5.9.1 (из 3)
2026-09-17 17:45:38,449 - INFO - [global] needs_update: local=(5, 9, 1) remote=(5, 9, 1) -> has_update=False
2026-09-17 17:45:38,450 - INFO - [global] Установлена последняя версия бота | 5.9.1
2026-09-17 17:45:44,572 - INFO - [global] LogUploader: запускаю upload_run_logs...
2026-09-17 17:45:44,573 - DEBUG - [global] log_uploader: START window=periodic made=-1 token=...Rjnfq
2026-09-17 17:45:45,374 - DEBUG - [global] _api_put: GET runs/20260917_174544_fail_periodic.log -> 404
2026-09-17 17:45:46,901 - DEBUG - [global] _api_put: PUT runs/20260917_174544_fail_periodic.log -> 201 (10182 bytes)
2026-09-17 17:45:46,902 - DEBUG - [global] log_uploader: STEP 1 (window log) -> https://github.com/StarateJI/L2Mauto/blob/bot-logs/runs/20260917_174544_fail_periodic.log
2026-09-17 17:45:46,902 - DEBUG - [global] log_uploader: STEP 2 SKIP (no PNGs)
