=== Log tail 2026-09-25T07:05:01.430391 | last 200 lines ===
2026-09-25 06:56:03,853 - DEBUG - [global] needs_update: API → 5.13.07
2026-09-25 06:56:03,853 - DEBUG - [global] needs_update: лучший источник raw → 5.13.07 (из 2)
2026-09-25 06:56:03,853 - INFO - [global] needs_update: local=(5, 13, 7) remote=(5, 13, 7) -> has_update=False
2026-09-25 06:56:03,853 - INFO - [global] Установлена последняя версия бота | 5.13.07
2026-09-25 06:56:15,229 - INFO - [global] LogUploader: запускаю upload_run_logs...
2026-09-25 06:56:15,230 - DEBUG - [global] log_uploader: START window=periodic made=-1 token=...Rjnfq
2026-09-25 06:56:16,129 - DEBUG - [global] _api_put: GET runs/20260925_065615_fail_periodic.log -> 404
2026-09-25 06:56:17,744 - DEBUG - [global] _api_put: PUT runs/20260925_065615_fail_periodic.log -> 201 (9273 bytes)
2026-09-25 06:56:17,745 - DEBUG - [global] log_uploader: STEP 1 (window log) -> https://github.com/StarateJI/L2Mauto/blob/bot-logs/runs/20260925_065615_fail_periodic.log
2026-09-25 06:56:17,746 - DEBUG - [global] log_uploader: STEP 2 SKIP (no PNGs)
2026-09-25 06:56:18,807 - DEBUG - [global] _api_put: GET runs/20260925_065615_fail_global.log -> 404
2026-09-25 06:56:20,554 - DEBUG - [global] _api_put: PUT runs/20260925_065615_fail_global.log -> 201 (20334 bytes)
2026-09-25 06:56:20,556 - DEBUG - [global] log_uploader: STEP 3 (global log) -> https://github.com/StarateJI/L2Mauto/blob/bot-logs/runs/20260925_065615_fail_global.log
2026-09-25 06:56:20,556 - DEBUG - [global] log_uploader: END window=periodic
2026-09-25 06:56:20,556 - INFO - [global] LogUploader: upload_run_logs завершён
2026-09-25 06:56:33,870 - INFO - [global] Проверяю обновы...
2026-09-25 06:56:34,727 - DEBUG - [global] needs_update: raw → 5.13.07
2026-09-25 06:56:34,945 - DEBUG - [global] needs_update: API → 5.13.07
2026-09-25 06:56:34,946 - DEBUG - [global] needs_update: лучший источник raw → 5.13.07 (из 2)
2026-09-25 06:56:34,946 - INFO - [global] needs_update: local=(5, 13, 7) remote=(5, 13, 7) -> has_update=False
2026-09-25 06:56:34,947 - INFO - [global] Установлена последняя версия бота | 5.13.07
2026-09-25 06:57:04,964 - INFO - [global] Проверяю обновы...
2026-09-25 06:57:05,815 - DEBUG - [global] needs_update: raw → 5.13.07
2026-09-25 06:57:05,979 - DEBUG - [global] needs_update: API → 5.13.07
2026-09-25 06:57:05,980 - DEBUG - [global] needs_update: лучший источник raw → 5.13.07 (из 2)
2026-09-25 06:57:05,980 - INFO - [global] needs_update: local=(5, 13, 7) remote=(5, 13, 7) -> has_update=False
2026-09-25 06:57:05,980 - INFO - [global] Установлена последняя версия бота | 5.13.07
2026-09-25 06:57:20,587 - INFO - [global] LogUploader: запускаю upload_run_logs...
2026-09-25 06:57:20,588 - DEBUG - [global] log_uploader: START window=periodic made=-1 token=...Rjnfq
2026-09-25 06:57:21,495 - DEBUG - [global] _api_put: GET runs/20260925_065720_fail_periodic.log -> 404
2026-09-25 06:57:23,051 - DEBUG - [global] _api_put: PUT runs/20260925_065720_fail_periodic.log -> 201 (9273 bytes)
2026-09-25 06:57:23,053 - DEBUG - [global] log_uploader: STEP 1 (window log) -> https://github.com/StarateJI/L2Mauto/blob/bot-logs/runs/20260925_065720_fail_periodic.log
2026-09-25 06:57:23,053 - DEBUG - [global] log_uploader: STEP 2 SKIP (no PNGs)
2026-09-25 06:57:24,107 - DEBUG - [global] _api_put: GET runs/20260925_065720_fail_global.log -> 404
2026-09-25 06:57:25,821 - DEBUG - [global] _api_put: PUT runs/20260925_065720_fail_global.log -> 201 (20334 bytes)
2026-09-25 06:57:25,824 - DEBUG - [global] log_uploader: STEP 3 (global log) -> https://github.com/StarateJI/L2Mauto/blob/bot-logs/runs/20260925_065720_fail_global.log
2026-09-25 06:57:25,824 - DEBUG - [global] log_uploader: END window=periodic
2026-09-25 06:57:25,824 - INFO - [global] LogUploader: upload_run_logs завершён
2026-09-25 06:57:35,999 - INFO - [global] Проверяю обновы...
2026-09-25 06:57:36,897 - DEBUG - [global] needs_update: raw → 5.13.07
2026-09-25 06:57:37,069 - DEBUG - [global] needs_update: API → 5.13.07
2026-09-25 06:57:37,069 - DEBUG - [global] needs_update: лучший источник raw → 5.13.07 (из 2)
2026-09-25 06:57:37,069 - INFO - [global] needs_update: local=(5, 13, 7) remote=(5, 13, 7) -> has_update=False
2026-09-25 06:57:37,069 - INFO - [global] Установлена последняя версия бота | 5.13.07
2026-09-25 06:58:07,089 - INFO - [global] Проверяю обновы...
2026-09-25 06:58:07,983 - DEBUG - [global] needs_update: raw → 5.13.07
2026-09-25 06:58:08,210 - DEBUG - [global] needs_update: API → 5.13.07
2026-09-25 06:58:08,210 - DEBUG - [global] needs_update: лучший источник raw → 5.13.07 (из 2)
2026-09-25 06:58:08,210 - INFO - [global] needs_update: local=(5, 13, 7) remote=(5, 13, 7) -> has_update=False
2026-09-25 06:58:08,211 - INFO - [global] Установлена последняя версия бота | 5.13.07
2026-09-25 06:58:25,862 - INFO - [global] LogUploader: запускаю upload_run_logs...
2026-09-25 06:58:25,863 - DEBUG - [global] log_uploader: START window=periodic made=-1 token=...Rjnfq
2026-09-25 06:58:26,799 - DEBUG - [global] _api_put: GET runs/20260925_065825_fail_periodic.log -> 404
2026-09-25 06:58:28,409 - DEBUG - [global] _api_put: PUT runs/20260925_065825_fail_periodic.log -> 201 (9273 bytes)
2026-09-25 06:58:28,411 - DEBUG - [global] log_uploader: STEP 1 (window log) -> https://github.com/StarateJI/L2Mauto/blob/bot-logs/runs/20260925_065825_fail_periodic.log
2026-09-25 06:58:28,411 - DEBUG - [global] log_uploader: STEP 2 SKIP (no PNGs)
2026-09-25 06:58:29,478 - DEBUG - [global] _api_put: GET runs/20260925_065825_fail_global.log -> 404
2026-09-25 06:58:31,401 - DEBUG - [global] _api_put: PUT runs/20260925_065825_fail_global.log -> 201 (20334 bytes)
2026-09-25 06:58:31,402 - DEBUG - [global] log_uploader: STEP 3 (global log) -> https://github.com/StarateJI/L2Mauto/blob/bot-logs/runs/20260925_065825_fail_global.log
2026-09-25 06:58:31,402 - DEBUG - [global] log_uploader: END window=periodic
2026-09-25 06:58:31,402 - INFO - [global] LogUploader: upload_run_logs завершён
2026-09-25 06:58:38,232 - INFO - [global] Проверяю обновы...
2026-09-25 06:58:39,071 - DEBUG - [global] needs_update: raw → 5.13.07
2026-09-25 06:58:39,282 - DEBUG - [global] needs_update: API → 5.13.07
2026-09-25 06:58:39,282 - DEBUG - [global] needs_update: лучший источник raw → 5.13.07 (из 2)
2026-09-25 06:58:39,282 - INFO - [global] needs_update: local=(5, 13, 7) remote=(5, 13, 7) -> has_update=False
2026-09-25 06:58:39,283 - INFO - [global] Установлена последняя версия бота | 5.13.07
2026-09-25 06:59:09,302 - INFO - [global] Проверяю обновы...
2026-09-25 06:59:10,227 - DEBUG - [global] needs_update: raw → 5.13.07
2026-09-25 06:59:10,381 - DEBUG - [global] needs_update: API → 5.13.07
2026-09-25 06:59:10,381 - DEBUG - [global] needs_update: лучший источник raw → 5.13.07 (из 2)
2026-09-25 06:59:10,381 - INFO - [global] needs_update: local=(5, 13, 7) remote=(5, 13, 7) -> has_update=False
2026-09-25 06:59:10,382 - INFO - [global] Установлена последняя версия бота | 5.13.07
2026-09-25 06:59:31,437 - INFO - [global] LogUploader: запускаю upload_run_logs...
2026-09-25 06:59:31,437 - DEBUG - [global] log_uploader: START window=periodic made=-1 token=...Rjnfq
2026-09-25 06:59:32,373 - DEBUG - [global] _api_put: GET runs/20260925_065931_fail_periodic.log -> 404
2026-09-25 06:59:34,505 - DEBUG - [global] _api_put: PUT runs/20260925_065931_fail_periodic.log -> 201 (9273 bytes)
2026-09-25 06:59:34,507 - DEBUG - [global] log_uploader: STEP 1 (window log) -> https://github.com/StarateJI/L2Mauto/blob/bot-logs/runs/20260925_065931_fail_periodic.log
2026-09-25 06:59:34,507 - DEBUG - [global] log_uploader: STEP 2 SKIP (no PNGs)
2026-09-25 06:59:35,534 - DEBUG - [global] _api_put: GET runs/20260925_065931_fail_global.log -> 404
2026-09-25 06:59:37,644 - DEBUG - [global] _api_put: PUT runs/20260925_065931_fail_global.log -> 201 (20334 bytes)
2026-09-25 06:59:37,645 - DEBUG - [global] log_uploader: STEP 3 (global log) -> https://github.com/StarateJI/L2Mauto/blob/bot-logs/runs/20260925_065931_fail_global.log
2026-09-25 06:59:37,645 - DEBUG - [global] log_uploader: END window=periodic
2026-09-25 06:59:37,645 - INFO - [global] LogUploader: upload_run_logs завершён
2026-09-25 06:59:40,397 - INFO - [global] Проверяю обновы...
2026-09-25 06:59:41,281 - DEBUG - [global] needs_update: raw → 5.13.07
2026-09-25 06:59:41,517 - DEBUG - [global] needs_update: API → 5.13.07
2026-09-25 06:59:41,517 - DEBUG - [global] needs_update: лучший источник raw → 5.13.07 (из 2)
2026-09-25 06:59:41,517 - INFO - [global] needs_update: local=(5, 13, 7) remote=(5, 13, 7) -> has_update=False
2026-09-25 06:59:41,517 - INFO - [global] Установлена последняя версия бота | 5.13.07
2026-09-25 07:00:11,537 - INFO - [global] Проверяю обновы...
2026-09-25 07:00:12,599 - DEBUG - [global] needs_update: API → 5.13.07
2026-09-25 07:00:12,622 - DEBUG - [global] needs_update: raw → 5.13.07
2026-09-25 07:00:12,623 - DEBUG - [global] needs_update: лучший источник API → 5.13.07 (из 2)
2026-09-25 07:00:12,623 - INFO - [global] needs_update: local=(5, 13, 7) remote=(5, 13, 7) -> has_update=False
2026-09-25 07:00:12,624 - INFO - [global] Установлена последняя версия бота | 5.13.07
2026-09-25 07:00:37,683 - INFO - [global] LogUploader: запускаю upload_run_logs...
2026-09-25 07:00:37,683 - DEBUG - [global] log_uploader: START window=periodic made=-1 token=...Rjnfq
2026-09-25 07:00:38,592 - DEBUG - [global] _api_put: GET runs/20260925_070037_fail_periodic.log -> 404
2026-09-25 07:00:40,167 - DEBUG - [global] _api_put: PUT runs/20260925_070037_fail_periodic.log -> 201 (9273 bytes)
2026-09-25 07:00:40,169 - DEBUG - [global] log_uploader: STEP 1 (window log) -> https://github.com/StarateJI/L2Mauto/blob/bot-logs/runs/20260925_070037_fail_periodic.log
2026-09-25 07:00:40,170 - DEBUG - [global] log_uploader: STEP 2 SKIP (no PNGs)
2026-09-25 07:00:41,223 - DEBUG - [global] _api_put: GET runs/20260925_070037_fail_global.log -> 404
2026-09-25 07:00:42,640 - INFO - [global] Проверяю обновы...
2026-09-25 07:00:43,196 - DEBUG - [global] _api_put: PUT runs/20260925_070037_fail_global.log -> 201 (20334 bytes)
2026-09-25 07:00:43,199 - DEBUG - [global] log_uploader: STEP 3 (global log) -> https://github.com/StarateJI/L2Mauto/blob/bot-logs/runs/20260925_070037_fail_global.log
2026-09-25 07:00:43,199 - DEBUG - [global] log_uploader: END window=periodic
2026-09-25 07:00:43,199 - INFO - [global] LogUploader: upload_run_logs завершён
2026-09-25 07:00:43,543 - DEBUG - [global] needs_update: raw → 5.13.07
2026-09-25 07:00:43,698 - DEBUG - [global] needs_update: API → 5.13.07
2026-09-25 07:00:43,698 - DEBUG - [global] needs_update: лучший источник raw → 5.13.07 (из 2)
2026-09-25 07:00:43,699 - INFO - [global] needs_update: local=(5, 13, 7) remote=(5, 13, 7) -> has_update=False
2026-09-25 07:00:43,699 - INFO - [global] Установлена последняя версия бота | 5.13.07
2026-09-25 07:01:13,717 - INFO - [global] Проверяю обновы...
2026-09-25 07:01:14,608 - DEBUG - [global] needs_update: raw → 5.13.07
2026-09-25 07:01:14,765 - DEBUG - [global] needs_update: API → 5.13.07
2026-09-25 07:01:14,765 - DEBUG - [global] needs_update: лучший источник raw → 5.13.07 (из 2)
2026-09-25 07:01:14,766 - INFO - [global] needs_update: local=(5, 13, 7) remote=(5, 13, 7) -> has_update=False
2026-09-25 07:01:14,766 - INFO - [global] Установлена последняя версия бота | 5.13.07
2026-09-25 07:01:43,230 - INFO - [global] LogUploader: запускаю upload_run_logs...
2026-09-25 07:01:43,231 - DEBUG - [global] log_uploader: START window=periodic made=-1 token=...Rjnfq
2026-09-25 07:01:44,125 - DEBUG - [global] _api_put: GET runs/20260925_070143_fail_periodic.log -> 404
2026-09-25 07:01:44,784 - INFO - [global] Проверяю обновы...
2026-09-25 07:01:45,604 - DEBUG - [global] needs_update: raw → 5.13.07
2026-09-25 07:01:45,620 - DEBUG - [global] _api_put: PUT runs/20260925_070143_fail_periodic.log -> 201 (9273 bytes)
2026-09-25 07:01:45,622 - DEBUG - [global] log_uploader: STEP 1 (window log) -> https://github.com/StarateJI/L2Mauto/blob/bot-logs/runs/20260925_070143_fail_periodic.log
2026-09-25 07:01:45,623 - DEBUG - [global] log_uploader: STEP 2 SKIP (no PNGs)
2026-09-25 07:01:45,839 - DEBUG - [global] needs_update: API → 5.13.07
2026-09-25 07:01:45,840 - DEBUG - [global] needs_update: лучший источник raw → 5.13.07 (из 2)
2026-09-25 07:01:45,840 - INFO - [global] needs_update: local=(5, 13, 7) remote=(5, 13, 7) -> has_update=False
2026-09-25 07:01:45,840 - INFO - [global] Установлена последняя версия бота | 5.13.07
2026-09-25 07:01:46,626 - DEBUG - [global] _api_put: GET runs/20260925_070143_fail_global.log -> 404
2026-09-25 07:01:48,281 - DEBUG - [global] _api_put: PUT runs/20260925_070143_fail_global.log -> 201 (20297 bytes)
2026-09-25 07:01:48,283 - DEBUG - [global] log_uploader: STEP 3 (global log) -> https://github.com/StarateJI/L2Mauto/blob/bot-logs/runs/20260925_070143_fail_global.log
2026-09-25 07:01:48,283 - DEBUG - [global] log_uploader: END window=periodic
2026-09-25 07:01:48,283 - INFO - [global] LogUploader: upload_run_logs завершён
2026-09-25 07:02:15,857 - INFO - [global] Проверяю обновы...
2026-09-25 07:02:16,715 - DEBUG - [global] needs_update: raw → 5.13.07
2026-09-25 07:02:16,939 - DEBUG - [global] needs_update: API → 5.13.07
2026-09-25 07:02:16,940 - DEBUG - [global] needs_update: лучший источник raw → 5.13.07 (из 2)
2026-09-25 07:02:16,940 - INFO - [global] needs_update: local=(5, 13, 7) remote=(5, 13, 7) -> has_update=False
2026-09-25 07:02:16,940 - INFO - [global] Установлена последняя версия бота | 5.13.07
2026-09-25 07:02:46,958 - INFO - [global] Проверяю обновы...
2026-09-25 07:02:47,788 - DEBUG - [global] needs_update: raw → 5.13.07
2026-09-25 07:02:48,013 - DEBUG - [global] needs_update: API → 5.13.07
2026-09-25 07:02:48,013 - DEBUG - [global] needs_update: лучший источник raw → 5.13.07 (из 2)
2026-09-25 07:02:48,013 - INFO - [global] needs_update: local=(5, 13, 7) remote=(5, 13, 7) -> has_update=False
2026-09-25 07:02:48,014 - INFO - [global] Установлена последняя версия бота | 5.13.07
2026-09-25 07:02:48,314 - INFO - [global] LogUploader: запускаю upload_run_logs...
2026-09-25 07:02:48,315 - DEBUG - [global] log_uploader: START window=periodic made=-1 token=...Rjnfq
2026-09-25 07:02:49,220 - DEBUG - [global] _api_put: GET runs/20260925_070248_fail_periodic.log -> 404
2026-09-25 07:02:50,790 - DEBUG - [global] _api_put: PUT runs/20260925_070248_fail_periodic.log -> 201 (9273 bytes)
2026-09-25 07:02:50,793 - DEBUG - [global] log_uploader: STEP 1 (window log) -> https://github.com/StarateJI/L2Mauto/blob/bot-logs/runs/20260925_070248_fail_periodic.log
2026-09-25 07:02:50,794 - DEBUG - [global] log_uploader: STEP 2 SKIP (no PNGs)
2026-09-25 07:02:51,794 - DEBUG - [global] _api_put: GET runs/20260925_070248_fail_global.log -> 404
2026-09-25 07:02:53,480 - DEBUG - [global] _api_put: PUT runs/20260925_070248_fail_global.log -> 201 (20334 bytes)
2026-09-25 07:02:53,483 - DEBUG - [global] log_uploader: STEP 3 (global log) -> https://github.com/StarateJI/L2Mauto/blob/bot-logs/runs/20260925_070248_fail_global.log
2026-09-25 07:02:53,483 - DEBUG - [global] log_uploader: END window=periodic
2026-09-25 07:02:53,483 - INFO - [global] LogUploader: upload_run_logs завершён
2026-09-25 07:03:18,033 - INFO - [global] Проверяю обновы...
2026-09-25 07:03:18,895 - DEBUG - [global] needs_update: raw → 5.13.07
2026-09-25 07:03:19,035 - DEBUG - [global] needs_update: API → 5.13.07
2026-09-25 07:03:19,035 - DEBUG - [global] needs_update: лучший источник raw → 5.13.07 (из 2)
2026-09-25 07:03:19,035 - INFO - [global] needs_update: local=(5, 13, 7) remote=(5, 13, 7) -> has_update=False
2026-09-25 07:03:19,036 - INFO - [global] Установлена последняя версия бота | 5.13.07
2026-09-25 07:03:49,053 - INFO - [global] Проверяю обновы...
2026-09-25 07:03:49,940 - DEBUG - [global] needs_update: raw → 5.13.07
2026-09-25 07:03:50,074 - DEBUG - [global] needs_update: API → 5.13.07
2026-09-25 07:03:50,074 - DEBUG - [global] needs_update: лучший источник raw → 5.13.07 (из 2)
2026-09-25 07:03:50,074 - INFO - [global] needs_update: local=(5, 13, 7) remote=(5, 13, 7) -> has_update=False
2026-09-25 07:03:50,076 - INFO - [global] Установлена последняя версия бота | 5.13.07
2026-09-25 07:03:53,512 - INFO - [global] LogUploader: запускаю upload_run_logs...
2026-09-25 07:03:53,513 - DEBUG - [global] log_uploader: START window=periodic made=-1 token=...Rjnfq
2026-09-25 07:03:54,368 - DEBUG - [global] _api_put: GET runs/20260925_070353_fail_periodic.log -> 404
2026-09-25 07:03:55,874 - DEBUG - [global] _api_put: PUT runs/20260925_070353_fail_periodic.log -> 201 (9273 bytes)
2026-09-25 07:03:55,875 - DEBUG - [global] log_uploader: STEP 1 (window log) -> https://github.com/StarateJI/L2Mauto/blob/bot-logs/runs/20260925_070353_fail_periodic.log
2026-09-25 07:03:55,876 - DEBUG - [global] log_uploader: STEP 2 SKIP (no PNGs)
2026-09-25 07:03:57,043 - DEBUG - [global] _api_put: GET runs/20260925_070353_fail_global.log -> 200
2026-09-25 07:03:58,641 - DEBUG - [global] _api_put: PUT runs/20260925_070353_fail_global.log -> 200 (20334 bytes)
2026-09-25 07:03:58,642 - DEBUG - [global] log_uploader: STEP 3 (global log) -> https://github.com/StarateJI/L2Mauto/blob/bot-logs/runs/20260925_070353_fail_global.log
2026-09-25 07:03:58,642 - DEBUG - [global] log_uploader: END window=periodic
2026-09-25 07:03:58,642 - INFO - [global] LogUploader: upload_run_logs завершён
2026-09-25 07:04:20,093 - INFO - [global] Проверяю обновы...
2026-09-25 07:04:20,904 - DEBUG - [global] needs_update: raw → 5.13.07
2026-09-25 07:04:21,133 - DEBUG - [global] needs_update: API → 5.13.07
2026-09-25 07:04:21,133 - DEBUG - [global] needs_update: лучший источник raw → 5.13.07 (из 2)
2026-09-25 07:04:21,133 - INFO - [global] needs_update: local=(5, 13, 7) remote=(5, 13, 7) -> has_update=False
2026-09-25 07:04:21,133 - INFO - [global] Установлена последняя версия бота | 5.13.07
2026-09-25 07:04:51,152 - INFO - [global] Проверяю обновы...
2026-09-25 07:04:52,046 - DEBUG - [global] needs_update: raw → 5.13.07
2026-09-25 07:04:52,223 - DEBUG - [global] needs_update: API → 5.13.07
2026-09-25 07:04:52,223 - DEBUG - [global] needs_update: лучший источник raw → 5.13.07 (из 2)
2026-09-25 07:04:52,223 - INFO - [global] needs_update: local=(5, 13, 7) remote=(5, 13, 7) -> has_update=False
2026-09-25 07:04:52,223 - INFO - [global] Установлена последняя версия бота | 5.13.07
2026-09-25 07:04:58,680 - INFO - [global] LogUploader: запускаю upload_run_logs...
2026-09-25 07:04:58,681 - DEBUG - [global] log_uploader: START window=periodic made=-1 token=...Rjnfq
2026-09-25 07:04:59,719 - DEBUG - [global] _api_put: GET runs/20260925_070458_fail_periodic.log -> 404
2026-09-25 07:05:01,320 - DEBUG - [global] _api_put: PUT runs/20260925_070458_fail_periodic.log -> 201 (9273 bytes)
2026-09-25 07:05:01,322 - DEBUG - [global] log_uploader: STEP 1 (window log) -> https://github.com/StarateJI/L2Mauto/blob/bot-logs/runs/20260925_070458_fail_periodic.log
2026-09-25 07:05:01,322 - DEBUG - [global] log_uploader: STEP 2 SKIP (no PNGs)
