=== Log tail 2026-09-29T16:36:29.327036 | last 200 lines ===
2026-09-29 16:27:33,282 - DEBUG - [global] _api_put: GET runs/20260929_162732_fail_periodic.log -> 404
2026-09-29 16:27:35,949 - DEBUG - [global] _api_put: PUT runs/20260929_162732_fail_periodic.log -> 201 (3411 bytes)
2026-09-29 16:27:35,951 - DEBUG - [global] log_uploader: STEP 1 (window log) -> https://github.com/StarateJI/L2Mauto/blob/bot-logs/runs/20260929_162732_fail_periodic.log
2026-09-29 16:27:35,951 - DEBUG - [global] log_uploader: STEP 2 SKIP (no PNGs)
2026-09-29 16:27:36,859 - DEBUG - [global] _api_put: GET runs/20260929_162732_fail_global.log -> 404
2026-09-29 16:27:38,888 - INFO - [global] Проверяю обновы...
2026-09-29 16:27:39,665 - DEBUG - [global] _api_put: PUT runs/20260929_162732_fail_global.log -> 201 (20127 bytes)
2026-09-29 16:27:39,668 - DEBUG - [global] log_uploader: STEP 3 (global log) -> https://github.com/StarateJI/L2Mauto/blob/bot-logs/runs/20260929_162732_fail_global.log
2026-09-29 16:27:39,668 - DEBUG - [global] log_uploader: END window=periodic
2026-09-29 16:27:39,668 - INFO - [global] LogUploader: upload_run_logs завершён
2026-09-29 16:27:39,712 - DEBUG - [global] needs_update: raw → 5.13.09
2026-09-29 16:27:39,861 - DEBUG - [global] needs_update: API → 5.13.09
2026-09-29 16:27:39,861 - DEBUG - [global] needs_update: лучший источник raw → 5.13.09 (из 2)
2026-09-29 16:27:39,861 - INFO - [global] needs_update: local=(5, 13, 7) remote=(5, 13, 9) -> has_update=True
2026-09-29 16:27:39,861 - INFO - [global] Доступна обнова! Спавню кнопку
2026-09-29 16:28:09,879 - INFO - [global] Проверяю обновы...
2026-09-29 16:28:10,655 - DEBUG - [global] needs_update: raw → 5.13.09
2026-09-29 16:28:10,923 - DEBUG - [global] needs_update: API → 5.13.09
2026-09-29 16:28:10,923 - DEBUG - [global] needs_update: лучший источник raw → 5.13.09 (из 2)
2026-09-29 16:28:10,923 - INFO - [global] needs_update: local=(5, 13, 7) remote=(5, 13, 9) -> has_update=True
2026-09-29 16:28:10,923 - INFO - [global] Доступна обнова! Спавню кнопку
2026-09-29 16:28:39,697 - INFO - [global] LogUploader: запускаю upload_run_logs...
2026-09-29 16:28:39,697 - DEBUG - [global] log_uploader: START window=periodic made=-1 token=...Rjnfq
2026-09-29 16:28:40,567 - DEBUG - [global] _api_put: GET runs/20260929_162839_fail_periodic.log -> 404
2026-09-29 16:28:40,939 - INFO - [global] Проверяю обновы...
2026-09-29 16:28:41,754 - DEBUG - [global] needs_update: raw → 5.13.09
2026-09-29 16:28:42,003 - DEBUG - [global] needs_update: API → 5.13.09
2026-09-29 16:28:42,003 - DEBUG - [global] needs_update: лучший источник raw → 5.13.09 (из 2)
2026-09-29 16:28:42,004 - INFO - [global] needs_update: local=(5, 13, 7) remote=(5, 13, 9) -> has_update=True
2026-09-29 16:28:42,004 - INFO - [global] Доступна обнова! Спавню кнопку
2026-09-29 16:28:42,817 - DEBUG - [global] _api_put: PUT runs/20260929_162839_fail_periodic.log -> 201 (3411 bytes)
2026-09-29 16:28:42,819 - DEBUG - [global] log_uploader: STEP 1 (window log) -> https://github.com/StarateJI/L2Mauto/blob/bot-logs/runs/20260929_162839_fail_periodic.log
2026-09-29 16:28:42,820 - DEBUG - [global] log_uploader: STEP 2 SKIP (no PNGs)
2026-09-29 16:28:43,748 - DEBUG - [global] _api_put: GET runs/20260929_162839_fail_global.log -> 404
2026-09-29 16:28:46,247 - DEBUG - [global] _api_put: PUT runs/20260929_162839_fail_global.log -> 201 (20052 bytes)
2026-09-29 16:28:46,249 - DEBUG - [global] log_uploader: STEP 3 (global log) -> https://github.com/StarateJI/L2Mauto/blob/bot-logs/runs/20260929_162839_fail_global.log
2026-09-29 16:28:46,249 - DEBUG - [global] log_uploader: END window=periodic
2026-09-29 16:28:46,249 - INFO - [global] LogUploader: upload_run_logs завершён
2026-09-29 16:29:12,019 - INFO - [global] Проверяю обновы...
2026-09-29 16:29:12,801 - DEBUG - [global] needs_update: raw → 5.13.09
2026-09-29 16:29:13,015 - DEBUG - [global] needs_update: API → 5.13.09
2026-09-29 16:29:13,015 - DEBUG - [global] needs_update: лучший источник raw → 5.13.09 (из 2)
2026-09-29 16:29:13,015 - INFO - [global] needs_update: local=(5, 13, 7) remote=(5, 13, 9) -> has_update=True
2026-09-29 16:29:13,015 - INFO - [global] Доступна обнова! Спавню кнопку
2026-09-29 16:29:43,032 - INFO - [global] Проверяю обновы...
2026-09-29 16:29:43,855 - DEBUG - [global] needs_update: raw → 5.13.09
2026-09-29 16:29:44,025 - DEBUG - [global] needs_update: API → 5.13.09
2026-09-29 16:29:44,025 - DEBUG - [global] needs_update: лучший источник raw → 5.13.09 (из 2)
2026-09-29 16:29:44,025 - INFO - [global] needs_update: local=(5, 13, 7) remote=(5, 13, 9) -> has_update=True
2026-09-29 16:29:44,025 - INFO - [global] Доступна обнова! Спавню кнопку
2026-09-29 16:29:46,281 - INFO - [global] LogUploader: запускаю upload_run_logs...
2026-09-29 16:29:46,281 - DEBUG - [global] log_uploader: START window=periodic made=-1 token=...Rjnfq
2026-09-29 16:29:47,152 - DEBUG - [global] _api_put: GET runs/20260929_162946_fail_periodic.log -> 404
2026-09-29 16:29:49,309 - DEBUG - [global] _api_put: PUT runs/20260929_162946_fail_periodic.log -> 201 (3411 bytes)
2026-09-29 16:29:49,311 - DEBUG - [global] log_uploader: STEP 1 (window log) -> https://github.com/StarateJI/L2Mauto/blob/bot-logs/runs/20260929_162946_fail_periodic.log
2026-09-29 16:29:49,311 - DEBUG - [global] log_uploader: STEP 2 SKIP (no PNGs)
2026-09-29 16:29:50,406 - DEBUG - [global] _api_put: GET runs/20260929_162946_fail_global.log -> 404
2026-09-29 16:29:53,149 - DEBUG - [global] _api_put: PUT runs/20260929_162946_fail_global.log -> 201 (19965 bytes)
2026-09-29 16:29:53,151 - DEBUG - [global] log_uploader: STEP 3 (global log) -> https://github.com/StarateJI/L2Mauto/blob/bot-logs/runs/20260929_162946_fail_global.log
2026-09-29 16:29:53,152 - DEBUG - [global] log_uploader: END window=periodic
2026-09-29 16:29:53,152 - INFO - [global] LogUploader: upload_run_logs завершён
2026-09-29 16:30:14,037 - INFO - [global] Проверяю обновы...
2026-09-29 16:30:14,849 - DEBUG - [global] needs_update: raw → 5.13.09
2026-09-29 16:30:15,024 - DEBUG - [global] needs_update: API → 5.13.09
2026-09-29 16:30:15,025 - DEBUG - [global] needs_update: лучший источник raw → 5.13.09 (из 2)
2026-09-29 16:30:15,025 - INFO - [global] needs_update: local=(5, 13, 7) remote=(5, 13, 9) -> has_update=True
2026-09-29 16:30:15,025 - INFO - [global] Доступна обнова! Спавню кнопку
2026-09-29 16:30:45,043 - INFO - [global] Проверяю обновы...
2026-09-29 16:30:45,821 - DEBUG - [global] needs_update: raw → 5.13.09
2026-09-29 16:30:46,038 - DEBUG - [global] needs_update: API → 5.13.09
2026-09-29 16:30:46,038 - DEBUG - [global] needs_update: лучший источник raw → 5.13.09 (из 2)
2026-09-29 16:30:46,039 - INFO - [global] needs_update: local=(5, 13, 7) remote=(5, 13, 9) -> has_update=True
2026-09-29 16:30:46,039 - INFO - [global] Доступна обнова! Спавню кнопку
2026-09-29 16:30:53,181 - INFO - [global] LogUploader: запускаю upload_run_logs...
2026-09-29 16:30:53,181 - DEBUG - [global] log_uploader: START window=periodic made=-1 token=...Rjnfq
2026-09-29 16:30:54,043 - DEBUG - [global] _api_put: GET runs/20260929_163053_fail_periodic.log -> 404
2026-09-29 16:30:56,217 - DEBUG - [global] _api_put: PUT runs/20260929_163053_fail_periodic.log -> 201 (3411 bytes)
2026-09-29 16:30:56,219 - DEBUG - [global] log_uploader: STEP 1 (window log) -> https://github.com/StarateJI/L2Mauto/blob/bot-logs/runs/20260929_163053_fail_periodic.log
2026-09-29 16:30:56,219 - DEBUG - [global] log_uploader: STEP 2 SKIP (no PNGs)
2026-09-29 16:30:57,128 - DEBUG - [global] _api_put: GET runs/20260929_163053_fail_global.log -> 404
2026-09-29 16:30:59,966 - DEBUG - [global] _api_put: PUT runs/20260929_163053_fail_global.log -> 201 (19965 bytes)
2026-09-29 16:30:59,968 - DEBUG - [global] log_uploader: STEP 3 (global log) -> https://github.com/StarateJI/L2Mauto/blob/bot-logs/runs/20260929_163053_fail_global.log
2026-09-29 16:30:59,968 - DEBUG - [global] log_uploader: END window=periodic
2026-09-29 16:30:59,968 - INFO - [global] LogUploader: upload_run_logs завершён
2026-09-29 16:31:16,055 - INFO - [global] Проверяю обновы...
2026-09-29 16:31:16,927 - DEBUG - [global] needs_update: raw → 5.13.09
2026-09-29 16:31:17,066 - DEBUG - [global] needs_update: API → 5.13.09
2026-09-29 16:31:17,067 - DEBUG - [global] needs_update: лучший источник raw → 5.13.09 (из 2)
2026-09-29 16:31:17,067 - INFO - [global] needs_update: local=(5, 13, 7) remote=(5, 13, 9) -> has_update=True
2026-09-29 16:31:17,067 - INFO - [global] Доступна обнова! Спавню кнопку
2026-09-29 16:31:47,083 - INFO - [global] Проверяю обновы...
2026-09-29 16:31:47,918 - DEBUG - [global] needs_update: raw → 5.13.09
2026-09-29 16:31:48,106 - DEBUG - [global] needs_update: API → 5.13.09
2026-09-29 16:31:48,106 - DEBUG - [global] needs_update: лучший источник raw → 5.13.09 (из 2)
2026-09-29 16:31:48,106 - INFO - [global] needs_update: local=(5, 13, 7) remote=(5, 13, 9) -> has_update=True
2026-09-29 16:31:48,106 - INFO - [global] Доступна обнова! Спавню кнопку
2026-09-29 16:32:00,000 - INFO - [global] LogUploader: запускаю upload_run_logs...
2026-09-29 16:32:00,000 - DEBUG - [global] log_uploader: START window=periodic made=-1 token=...Rjnfq
2026-09-29 16:32:00,889 - DEBUG - [global] _api_put: GET runs/20260929_163200_fail_periodic.log -> 404
2026-09-29 16:32:02,995 - DEBUG - [global] _api_put: PUT runs/20260929_163200_fail_periodic.log -> 201 (3411 bytes)
2026-09-29 16:32:02,996 - DEBUG - [global] log_uploader: STEP 1 (window log) -> https://github.com/StarateJI/L2Mauto/blob/bot-logs/runs/20260929_163200_fail_periodic.log
2026-09-29 16:32:02,997 - DEBUG - [global] log_uploader: STEP 2 SKIP (no PNGs)
2026-09-29 16:32:04,156 - DEBUG - [global] _api_put: GET runs/20260929_163200_fail_global.log -> 404
2026-09-29 16:32:06,590 - DEBUG - [global] _api_put: PUT runs/20260929_163200_fail_global.log -> 201 (20010 bytes)
2026-09-29 16:32:06,592 - DEBUG - [global] log_uploader: STEP 3 (global log) -> https://github.com/StarateJI/L2Mauto/blob/bot-logs/runs/20260929_163200_fail_global.log
2026-09-29 16:32:06,592 - DEBUG - [global] log_uploader: END window=periodic
2026-09-29 16:32:06,592 - INFO - [global] LogUploader: upload_run_logs завершён
2026-09-29 16:32:18,121 - INFO - [global] Проверяю обновы...
2026-09-29 16:32:18,936 - DEBUG - [global] needs_update: raw → 5.13.09
2026-09-29 16:32:19,304 - DEBUG - [global] needs_update: API → 5.13.09
2026-09-29 16:32:19,304 - DEBUG - [global] needs_update: лучший источник raw → 5.13.09 (из 2)
2026-09-29 16:32:19,304 - INFO - [global] needs_update: local=(5, 13, 7) remote=(5, 13, 9) -> has_update=True
2026-09-29 16:32:19,304 - INFO - [global] Доступна обнова! Спавню кнопку
2026-09-29 16:32:49,317 - INFO - [global] Проверяю обновы...
2026-09-29 16:32:50,136 - DEBUG - [global] needs_update: raw → 5.13.09
2026-09-29 16:32:50,517 - DEBUG - [global] needs_update: API → 5.13.09
2026-09-29 16:32:50,517 - DEBUG - [global] needs_update: лучший источник raw → 5.13.09 (из 2)
2026-09-29 16:32:50,517 - INFO - [global] needs_update: local=(5, 13, 7) remote=(5, 13, 9) -> has_update=True
2026-09-29 16:32:50,517 - INFO - [global] Доступна обнова! Спавню кнопку
2026-09-29 16:33:06,618 - INFO - [global] LogUploader: запускаю upload_run_logs...
2026-09-29 16:33:06,618 - DEBUG - [global] log_uploader: START window=periodic made=-1 token=...Rjnfq
2026-09-29 16:33:07,552 - DEBUG - [global] _api_put: GET runs/20260929_163306_fail_periodic.log -> 404
2026-09-29 16:33:09,839 - DEBUG - [global] _api_put: PUT runs/20260929_163306_fail_periodic.log -> 201 (3411 bytes)
2026-09-29 16:33:09,841 - DEBUG - [global] log_uploader: STEP 1 (window log) -> https://github.com/StarateJI/L2Mauto/blob/bot-logs/runs/20260929_163306_fail_periodic.log
2026-09-29 16:33:09,841 - DEBUG - [global] log_uploader: STEP 2 SKIP (no PNGs)
2026-09-29 16:33:10,765 - DEBUG - [global] _api_put: GET runs/20260929_163306_fail_global.log -> 404
2026-09-29 16:33:13,080 - DEBUG - [global] _api_put: PUT runs/20260929_163306_fail_global.log -> 201 (20010 bytes)
2026-09-29 16:33:13,082 - DEBUG - [global] log_uploader: STEP 3 (global log) -> https://github.com/StarateJI/L2Mauto/blob/bot-logs/runs/20260929_163306_fail_global.log
2026-09-29 16:33:13,082 - DEBUG - [global] log_uploader: END window=periodic
2026-09-29 16:33:13,082 - INFO - [global] LogUploader: upload_run_logs завершён
2026-09-29 16:33:20,530 - INFO - [global] Проверяю обновы...
2026-09-29 16:33:21,314 - DEBUG - [global] needs_update: raw → 5.13.09
2026-09-29 16:33:21,532 - DEBUG - [global] needs_update: API → 5.13.09
2026-09-29 16:33:21,532 - DEBUG - [global] needs_update: лучший источник raw → 5.13.09 (из 2)
2026-09-29 16:33:21,533 - INFO - [global] needs_update: local=(5, 13, 7) remote=(5, 13, 9) -> has_update=True
2026-09-29 16:33:21,533 - INFO - [global] Доступна обнова! Спавню кнопку
2026-09-29 16:33:51,549 - INFO - [global] Проверяю обновы...
2026-09-29 16:33:52,356 - DEBUG - [global] needs_update: raw → 5.13.09
2026-09-29 16:33:52,579 - DEBUG - [global] needs_update: API → 5.13.09
2026-09-29 16:33:52,579 - DEBUG - [global] needs_update: лучший источник raw → 5.13.09 (из 2)
2026-09-29 16:33:52,579 - INFO - [global] needs_update: local=(5, 13, 7) remote=(5, 13, 9) -> has_update=True
2026-09-29 16:33:52,579 - INFO - [global] Доступна обнова! Спавню кнопку
2026-09-29 16:34:13,111 - INFO - [global] LogUploader: запускаю upload_run_logs...
2026-09-29 16:34:13,111 - DEBUG - [global] log_uploader: START window=periodic made=-1 token=...Rjnfq
2026-09-29 16:34:14,075 - DEBUG - [global] _api_put: GET runs/20260929_163413_fail_periodic.log -> 404
2026-09-29 16:34:16,135 - DEBUG - [global] _api_put: PUT runs/20260929_163413_fail_periodic.log -> 201 (3411 bytes)
2026-09-29 16:34:16,138 - DEBUG - [global] log_uploader: STEP 1 (window log) -> https://github.com/StarateJI/L2Mauto/blob/bot-logs/runs/20260929_163413_fail_periodic.log
2026-09-29 16:34:16,138 - DEBUG - [global] log_uploader: STEP 2 SKIP (no PNGs)
2026-09-29 16:34:17,184 - DEBUG - [global] _api_put: GET runs/20260929_163413_fail_global.log -> 404
2026-09-29 16:34:19,970 - DEBUG - [global] _api_put: PUT runs/20260929_163413_fail_global.log -> 201 (20010 bytes)
2026-09-29 16:34:19,972 - DEBUG - [global] log_uploader: STEP 3 (global log) -> https://github.com/StarateJI/L2Mauto/blob/bot-logs/runs/20260929_163413_fail_global.log
2026-09-29 16:34:19,972 - DEBUG - [global] log_uploader: END window=periodic
2026-09-29 16:34:19,972 - INFO - [global] LogUploader: upload_run_logs завершён
2026-09-29 16:34:22,595 - INFO - [global] Проверяю обновы...
2026-09-29 16:34:23,417 - DEBUG - [global] needs_update: raw → 5.13.09
2026-09-29 16:34:23,646 - DEBUG - [global] needs_update: API → 5.13.09
2026-09-29 16:34:23,646 - DEBUG - [global] needs_update: лучший источник raw → 5.13.09 (из 2)
2026-09-29 16:34:23,646 - INFO - [global] needs_update: local=(5, 13, 7) remote=(5, 13, 9) -> has_update=True
2026-09-29 16:34:23,647 - INFO - [global] Доступна обнова! Спавню кнопку
2026-09-29 16:34:53,663 - INFO - [global] Проверяю обновы...
2026-09-29 16:34:54,486 - DEBUG - [global] needs_update: raw → 5.13.09
2026-09-29 16:34:54,699 - DEBUG - [global] needs_update: API → 5.13.09
2026-09-29 16:34:54,699 - DEBUG - [global] needs_update: лучший источник raw → 5.13.09 (из 2)
2026-09-29 16:34:54,700 - INFO - [global] needs_update: local=(5, 13, 7) remote=(5, 13, 9) -> has_update=True
2026-09-29 16:34:54,700 - INFO - [global] Доступна обнова! Спавню кнопку
2026-09-29 16:35:19,999 - INFO - [global] LogUploader: запускаю upload_run_logs...
2026-09-29 16:35:19,999 - DEBUG - [global] log_uploader: START window=periodic made=-1 token=...Rjnfq
2026-09-29 16:35:20,977 - DEBUG - [global] _api_put: GET runs/20260929_163519_fail_periodic.log -> 404
2026-09-29 16:35:23,391 - DEBUG - [global] _api_put: PUT runs/20260929_163519_fail_periodic.log -> 201 (3411 bytes)
2026-09-29 16:35:23,393 - DEBUG - [global] log_uploader: STEP 1 (window log) -> https://github.com/StarateJI/L2Mauto/blob/bot-logs/runs/20260929_163519_fail_periodic.log
2026-09-29 16:35:23,394 - DEBUG - [global] log_uploader: STEP 2 SKIP (no PNGs)
2026-09-29 16:35:24,330 - DEBUG - [global] _api_put: GET runs/20260929_163519_fail_global.log -> 404
2026-09-29 16:35:24,717 - INFO - [global] Проверяю обновы...
2026-09-29 16:35:25,496 - DEBUG - [global] needs_update: raw → 5.13.09
2026-09-29 16:35:25,710 - DEBUG - [global] needs_update: API → 5.13.09
2026-09-29 16:35:25,711 - DEBUG - [global] needs_update: лучший источник raw → 5.13.09 (из 2)
2026-09-29 16:35:25,711 - INFO - [global] needs_update: local=(5, 13, 7) remote=(5, 13, 9) -> has_update=True
2026-09-29 16:35:25,711 - INFO - [global] Доступна обнова! Спавню кнопку
2026-09-29 16:35:26,247 - DEBUG - [global] _api_put: PUT runs/20260929_163519_fail_global.log -> 201 (20010 bytes)
2026-09-29 16:35:26,249 - DEBUG - [global] log_uploader: STEP 3 (global log) -> https://github.com/StarateJI/L2Mauto/blob/bot-logs/runs/20260929_163519_fail_global.log
2026-09-29 16:35:26,249 - DEBUG - [global] log_uploader: END window=periodic
2026-09-29 16:35:26,249 - INFO - [global] LogUploader: upload_run_logs завершён
2026-09-29 16:35:55,725 - INFO - [global] Проверяю обновы...
2026-09-29 16:35:56,557 - DEBUG - [global] needs_update: raw → 5.13.09
2026-09-29 16:35:56,766 - DEBUG - [global] needs_update: API → 5.13.09
2026-09-29 16:35:56,766 - DEBUG - [global] needs_update: лучший источник raw → 5.13.09 (из 2)
2026-09-29 16:35:56,766 - INFO - [global] needs_update: local=(5, 13, 7) remote=(5, 13, 9) -> has_update=True
2026-09-29 16:35:56,766 - INFO - [global] Доступна обнова! Спавню кнопку
2026-09-29 16:36:26,278 - INFO - [global] LogUploader: запускаю upload_run_logs...
2026-09-29 16:36:26,278 - DEBUG - [global] log_uploader: START window=periodic made=-1 token=...Rjnfq
2026-09-29 16:36:26,778 - INFO - [global] Проверяю обновы...
2026-09-29 16:36:27,215 - DEBUG - [global] _api_put: GET runs/20260929_163626_fail_periodic.log -> 404
2026-09-29 16:36:27,637 - DEBUG - [global] needs_update: raw → 5.13.09
2026-09-29 16:36:27,789 - DEBUG - [global] needs_update: API → 5.13.09
2026-09-29 16:36:27,789 - DEBUG - [global] needs_update: лучший источник raw → 5.13.09 (из 2)
2026-09-29 16:36:27,789 - INFO - [global] needs_update: local=(5, 13, 7) remote=(5, 13, 9) -> has_update=True
2026-09-29 16:36:27,789 - INFO - [global] Доступна обнова! Спавню кнопку
2026-09-29 16:36:29,292 - DEBUG - [global] _api_put: PUT runs/20260929_163626_fail_periodic.log -> 201 (3411 bytes)
2026-09-29 16:36:29,294 - DEBUG - [global] log_uploader: STEP 1 (window log) -> https://github.com/StarateJI/L2Mauto/blob/bot-logs/runs/20260929_163626_fail_periodic.log
2026-09-29 16:36:29,294 - DEBUG - [global] log_uploader: STEP 2 SKIP (no PNGs)
