=== Log tail 2026-09-26T15:26:09.186345 | last 200 lines ===
2026-09-26 15:16:59,430 - DEBUG - [global] needs_update: API → 5.13.09
2026-09-26 15:16:59,430 - DEBUG - [global] needs_update: лучший источник raw → 5.13.09 (из 2)
2026-09-26 15:16:59,430 - INFO - [global] needs_update: local=(5, 13, 7) remote=(5, 13, 9) -> has_update=True
2026-09-26 15:16:59,430 - INFO - [global] Доступна обнова! Спавню кнопку
2026-09-26 15:17:25,902 - INFO - [global] LogUploader: запускаю upload_run_logs...
2026-09-26 15:17:25,902 - DEBUG - [global] log_uploader: START window=periodic made=-1 token=...Rjnfq
2026-09-26 15:17:26,861 - DEBUG - [global] _api_put: GET runs/20260926_151725_fail_periodic.log -> 404
2026-09-26 15:17:28,332 - DEBUG - [global] _api_put: PUT runs/20260926_151725_fail_periodic.log -> 201 (1517 bytes)
2026-09-26 15:17:28,334 - DEBUG - [global] log_uploader: STEP 1 (window log) -> https://github.com/StarateJI/L2Mauto/blob/bot-logs/runs/20260926_151725_fail_periodic.log
2026-09-26 15:17:28,334 - DEBUG - [global] log_uploader: STEP 2 SKIP (no PNGs)
2026-09-26 15:17:29,219 - DEBUG - [global] _api_put: GET runs/20260926_151725_fail_global.log -> 404
2026-09-26 15:17:29,445 - INFO - [global] Проверяю обновы...
2026-09-26 15:17:30,271 - DEBUG - [global] needs_update: raw → 5.13.09
2026-09-26 15:17:30,448 - DEBUG - [global] needs_update: API → 5.13.09
2026-09-26 15:17:30,448 - DEBUG - [global] needs_update: лучший источник raw → 5.13.09 (из 2)
2026-09-26 15:17:30,448 - INFO - [global] needs_update: local=(5, 13, 7) remote=(5, 13, 9) -> has_update=True
2026-09-26 15:17:30,448 - INFO - [global] Доступна обнова! Спавню кнопку
2026-09-26 15:17:31,016 - DEBUG - [global] _api_put: PUT runs/20260926_151725_fail_global.log -> 201 (20289 bytes)
2026-09-26 15:17:31,017 - DEBUG - [global] log_uploader: STEP 3 (global log) -> https://github.com/StarateJI/L2Mauto/blob/bot-logs/runs/20260926_151725_fail_global.log
2026-09-26 15:17:31,017 - DEBUG - [global] log_uploader: END window=periodic
2026-09-26 15:17:31,017 - INFO - [global] LogUploader: upload_run_logs завершён
2026-09-26 15:18:00,461 - INFO - [global] Проверяю обновы...
2026-09-26 15:18:01,240 - DEBUG - [global] needs_update: raw → 5.13.09
2026-09-26 15:18:01,408 - DEBUG - [global] needs_update: API → 5.13.09
2026-09-26 15:18:01,408 - DEBUG - [global] needs_update: лучший источник raw → 5.13.09 (из 2)
2026-09-26 15:18:01,408 - INFO - [global] needs_update: local=(5, 13, 7) remote=(5, 13, 9) -> has_update=True
2026-09-26 15:18:01,409 - INFO - [global] Доступна обнова! Спавню кнопку
2026-09-26 15:18:31,044 - INFO - [global] LogUploader: запускаю upload_run_logs...
2026-09-26 15:18:31,045 - DEBUG - [global] log_uploader: START window=periodic made=-1 token=...Rjnfq
2026-09-26 15:18:31,424 - INFO - [global] Проверяю обновы...
2026-09-26 15:18:32,041 - DEBUG - [global] _api_put: GET runs/20260926_151831_fail_periodic.log -> 404
2026-09-26 15:18:32,268 - DEBUG - [global] needs_update: raw → 5.13.09
2026-09-26 15:18:32,481 - DEBUG - [global] needs_update: API → 5.13.09
2026-09-26 15:18:32,481 - DEBUG - [global] needs_update: лучший источник raw → 5.13.09 (из 2)
2026-09-26 15:18:32,481 - INFO - [global] needs_update: local=(5, 13, 7) remote=(5, 13, 9) -> has_update=True
2026-09-26 15:18:32,481 - INFO - [global] Доступна обнова! Спавню кнопку
2026-09-26 15:18:33,467 - DEBUG - [global] _api_put: PUT runs/20260926_151831_fail_periodic.log -> 201 (1517 bytes)
2026-09-26 15:18:33,469 - DEBUG - [global] log_uploader: STEP 1 (window log) -> https://github.com/StarateJI/L2Mauto/blob/bot-logs/runs/20260926_151831_fail_periodic.log
2026-09-26 15:18:33,469 - DEBUG - [global] log_uploader: STEP 2 SKIP (no PNGs)
2026-09-26 15:18:34,427 - DEBUG - [global] _api_put: GET runs/20260926_151831_fail_global.log -> 404
2026-09-26 15:18:36,045 - DEBUG - [global] _api_put: PUT runs/20260926_151831_fail_global.log -> 201 (20289 bytes)
2026-09-26 15:18:36,048 - DEBUG - [global] log_uploader: STEP 3 (global log) -> https://github.com/StarateJI/L2Mauto/blob/bot-logs/runs/20260926_151831_fail_global.log
2026-09-26 15:18:36,048 - DEBUG - [global] log_uploader: END window=periodic
2026-09-26 15:18:36,048 - INFO - [global] LogUploader: upload_run_logs завершён
2026-09-26 15:19:02,496 - INFO - [global] Проверяю обновы...
2026-09-26 15:19:03,304 - DEBUG - [global] needs_update: raw → 5.13.09
2026-09-26 15:19:03,445 - DEBUG - [global] needs_update: API → 5.13.09
2026-09-26 15:19:03,445 - DEBUG - [global] needs_update: лучший источник raw → 5.13.09 (из 2)
2026-09-26 15:19:03,445 - INFO - [global] needs_update: local=(5, 13, 7) remote=(5, 13, 9) -> has_update=True
2026-09-26 15:19:03,446 - INFO - [global] Доступна обнова! Спавню кнопку
2026-09-26 15:19:33,461 - INFO - [global] Проверяю обновы...
2026-09-26 15:19:34,234 - DEBUG - [global] needs_update: raw → 5.13.09
2026-09-26 15:19:34,454 - DEBUG - [global] needs_update: API → 5.13.09
2026-09-26 15:19:34,455 - DEBUG - [global] needs_update: лучший источник raw → 5.13.09 (из 2)
2026-09-26 15:19:34,455 - INFO - [global] needs_update: local=(5, 13, 7) remote=(5, 13, 9) -> has_update=True
2026-09-26 15:19:34,455 - INFO - [global] Доступна обнова! Спавню кнопку
2026-09-26 15:19:36,078 - INFO - [global] LogUploader: запускаю upload_run_logs...
2026-09-26 15:19:36,078 - DEBUG - [global] log_uploader: START window=periodic made=-1 token=...Rjnfq
2026-09-26 15:19:36,878 - DEBUG - [global] _api_put: GET runs/20260926_151936_fail_periodic.log -> 404
2026-09-26 15:19:38,288 - DEBUG - [global] _api_put: PUT runs/20260926_151936_fail_periodic.log -> 201 (1517 bytes)
2026-09-26 15:19:38,289 - DEBUG - [global] log_uploader: STEP 1 (window log) -> https://github.com/StarateJI/L2Mauto/blob/bot-logs/runs/20260926_151936_fail_periodic.log
2026-09-26 15:19:38,290 - DEBUG - [global] log_uploader: STEP 2 SKIP (no PNGs)
2026-09-26 15:19:39,213 - DEBUG - [global] _api_put: GET runs/20260926_151936_fail_global.log -> 404
2026-09-26 15:19:40,944 - DEBUG - [global] _api_put: PUT runs/20260926_151936_fail_global.log -> 201 (20207 bytes)
2026-09-26 15:19:40,946 - DEBUG - [global] log_uploader: STEP 3 (global log) -> https://github.com/StarateJI/L2Mauto/blob/bot-logs/runs/20260926_151936_fail_global.log
2026-09-26 15:19:40,946 - DEBUG - [global] log_uploader: END window=periodic
2026-09-26 15:19:40,946 - INFO - [global] LogUploader: upload_run_logs завершён
2026-09-26 15:20:04,471 - INFO - [global] Проверяю обновы...
2026-09-26 15:20:05,256 - DEBUG - [global] needs_update: raw → 5.13.09
2026-09-26 15:20:05,424 - DEBUG - [global] needs_update: API → 5.13.09
2026-09-26 15:20:05,424 - DEBUG - [global] needs_update: лучший источник raw → 5.13.09 (из 2)
2026-09-26 15:20:05,424 - INFO - [global] needs_update: local=(5, 13, 7) remote=(5, 13, 9) -> has_update=True
2026-09-26 15:20:05,424 - INFO - [global] Доступна обнова! Спавню кнопку
2026-09-26 15:20:35,441 - INFO - [global] Проверяю обновы...
2026-09-26 15:20:36,217 - DEBUG - [global] needs_update: raw → 5.13.09
2026-09-26 15:20:36,398 - DEBUG - [global] needs_update: API → 5.13.09
2026-09-26 15:20:36,399 - DEBUG - [global] needs_update: лучший источник raw → 5.13.09 (из 2)
2026-09-26 15:20:36,399 - INFO - [global] needs_update: local=(5, 13, 7) remote=(5, 13, 9) -> has_update=True
2026-09-26 15:20:36,399 - INFO - [global] Доступна обнова! Спавню кнопку
2026-09-26 15:20:40,977 - INFO - [global] LogUploader: запускаю upload_run_logs...
2026-09-26 15:20:40,978 - DEBUG - [global] log_uploader: START window=periodic made=-1 token=...Rjnfq
2026-09-26 15:20:41,806 - DEBUG - [global] _api_put: GET runs/20260926_152040_fail_periodic.log -> 404
2026-09-26 15:20:43,308 - DEBUG - [global] _api_put: PUT runs/20260926_152040_fail_periodic.log -> 201 (1517 bytes)
2026-09-26 15:20:43,310 - DEBUG - [global] log_uploader: STEP 1 (window log) -> https://github.com/StarateJI/L2Mauto/blob/bot-logs/runs/20260926_152040_fail_periodic.log
2026-09-26 15:20:43,311 - DEBUG - [global] log_uploader: STEP 2 SKIP (no PNGs)
2026-09-26 15:20:44,201 - DEBUG - [global] _api_put: GET runs/20260926_152040_fail_global.log -> 404
2026-09-26 15:20:45,980 - DEBUG - [global] _api_put: PUT runs/20260926_152040_fail_global.log -> 201 (20129 bytes)
2026-09-26 15:20:45,983 - DEBUG - [global] log_uploader: STEP 3 (global log) -> https://github.com/StarateJI/L2Mauto/blob/bot-logs/runs/20260926_152040_fail_global.log
2026-09-26 15:20:45,983 - DEBUG - [global] log_uploader: END window=periodic
2026-09-26 15:20:45,983 - INFO - [global] LogUploader: upload_run_logs завершён
2026-09-26 15:21:06,414 - INFO - [global] Проверяю обновы...
2026-09-26 15:21:07,394 - DEBUG - [global] needs_update: raw → 5.13.09
2026-09-26 15:21:07,394 - DEBUG - [global] needs_update: API → 5.13.09
2026-09-26 15:21:07,395 - DEBUG - [global] needs_update: лучший источник raw → 5.13.09 (из 2)
2026-09-26 15:21:07,395 - INFO - [global] needs_update: local=(5, 13, 7) remote=(5, 13, 9) -> has_update=True
2026-09-26 15:21:07,395 - INFO - [global] Доступна обнова! Спавню кнопку
2026-09-26 15:21:37,409 - INFO - [global] Проверяю обновы...
2026-09-26 15:21:38,193 - DEBUG - [global] needs_update: raw → 5.13.09
2026-09-26 15:21:38,394 - DEBUG - [global] needs_update: API → 5.13.09
2026-09-26 15:21:38,394 - DEBUG - [global] needs_update: лучший источник raw → 5.13.09 (из 2)
2026-09-26 15:21:38,394 - INFO - [global] needs_update: local=(5, 13, 7) remote=(5, 13, 9) -> has_update=True
2026-09-26 15:21:38,394 - INFO - [global] Доступна обнова! Спавню кнопку
2026-09-26 15:21:46,013 - INFO - [global] LogUploader: запускаю upload_run_logs...
2026-09-26 15:21:46,014 - DEBUG - [global] log_uploader: START window=periodic made=-1 token=...Rjnfq
2026-09-26 15:21:46,873 - DEBUG - [global] _api_put: GET runs/20260926_152146_fail_periodic.log -> 404
2026-09-26 15:21:48,637 - DEBUG - [global] _api_put: PUT runs/20260926_152146_fail_periodic.log -> 201 (1517 bytes)
2026-09-26 15:21:48,638 - DEBUG - [global] log_uploader: STEP 1 (window log) -> https://github.com/StarateJI/L2Mauto/blob/bot-logs/runs/20260926_152146_fail_periodic.log
2026-09-26 15:21:48,639 - DEBUG - [global] log_uploader: STEP 2 SKIP (no PNGs)
2026-09-26 15:21:49,567 - DEBUG - [global] _api_put: GET runs/20260926_152146_fail_global.log -> 404
2026-09-26 15:21:51,467 - DEBUG - [global] _api_put: PUT runs/20260926_152146_fail_global.log -> 201 (20129 bytes)
2026-09-26 15:21:51,468 - DEBUG - [global] log_uploader: STEP 3 (global log) -> https://github.com/StarateJI/L2Mauto/blob/bot-logs/runs/20260926_152146_fail_global.log
2026-09-26 15:21:51,468 - DEBUG - [global] log_uploader: END window=periodic
2026-09-26 15:21:51,468 - INFO - [global] LogUploader: upload_run_logs завершён
2026-09-26 15:22:08,410 - INFO - [global] Проверяю обновы...
2026-09-26 15:22:09,219 - DEBUG - [global] needs_update: raw → 5.13.09
2026-09-26 15:22:09,373 - DEBUG - [global] needs_update: API → 5.13.09
2026-09-26 15:22:09,373 - DEBUG - [global] needs_update: лучший источник raw → 5.13.09 (из 2)
2026-09-26 15:22:09,373 - INFO - [global] needs_update: local=(5, 13, 7) remote=(5, 13, 9) -> has_update=True
2026-09-26 15:22:09,373 - INFO - [global] Доступна обнова! Спавню кнопку
2026-09-26 15:22:39,387 - INFO - [global] Проверяю обновы...
2026-09-26 15:22:40,188 - DEBUG - [global] needs_update: raw → 5.13.09
2026-09-26 15:22:40,424 - DEBUG - [global] needs_update: API → 5.13.09
2026-09-26 15:22:40,424 - DEBUG - [global] needs_update: лучший источник raw → 5.13.09 (из 2)
2026-09-26 15:22:40,424 - INFO - [global] needs_update: local=(5, 13, 7) remote=(5, 13, 9) -> has_update=True
2026-09-26 15:22:40,424 - INFO - [global] Доступна обнова! Спавню кнопку
2026-09-26 15:22:51,497 - INFO - [global] LogUploader: запускаю upload_run_logs...
2026-09-26 15:22:51,497 - DEBUG - [global] log_uploader: START window=periodic made=-1 token=...Rjnfq
2026-09-26 15:22:52,341 - DEBUG - [global] _api_put: GET runs/20260926_152251_fail_periodic.log -> 404
2026-09-26 15:22:54,087 - DEBUG - [global] _api_put: PUT runs/20260926_152251_fail_periodic.log -> 201 (1517 bytes)
2026-09-26 15:22:54,089 - DEBUG - [global] log_uploader: STEP 1 (window log) -> https://github.com/StarateJI/L2Mauto/blob/bot-logs/runs/20260926_152251_fail_periodic.log
2026-09-26 15:22:54,089 - DEBUG - [global] log_uploader: STEP 2 SKIP (no PNGs)
2026-09-26 15:22:54,942 - DEBUG - [global] _api_put: GET runs/20260926_152251_fail_global.log -> 404
2026-09-26 15:22:56,702 - DEBUG - [global] _api_put: PUT runs/20260926_152251_fail_global.log -> 201 (20129 bytes)
2026-09-26 15:22:56,704 - DEBUG - [global] log_uploader: STEP 3 (global log) -> https://github.com/StarateJI/L2Mauto/blob/bot-logs/runs/20260926_152251_fail_global.log
2026-09-26 15:22:56,704 - DEBUG - [global] log_uploader: END window=periodic
2026-09-26 15:22:56,704 - INFO - [global] LogUploader: upload_run_logs завершён
2026-09-26 15:23:10,439 - INFO - [global] Проверяю обновы...
2026-09-26 15:23:11,187 - DEBUG - [global] needs_update: raw → 5.13.09
2026-09-26 15:23:11,462 - DEBUG - [global] needs_update: API → 5.13.09
2026-09-26 15:23:11,462 - DEBUG - [global] needs_update: лучший источник raw → 5.13.09 (из 2)
2026-09-26 15:23:11,462 - INFO - [global] needs_update: local=(5, 13, 7) remote=(5, 13, 9) -> has_update=True
2026-09-26 15:23:11,462 - INFO - [global] Доступна обнова! Спавню кнопку
2026-09-26 15:23:41,477 - INFO - [global] Проверяю обновы...
2026-09-26 15:23:42,245 - DEBUG - [global] needs_update: raw → 5.13.09
2026-09-26 15:23:42,496 - DEBUG - [global] needs_update: API → 5.13.09
2026-09-26 15:23:42,496 - DEBUG - [global] needs_update: лучший источник raw → 5.13.09 (из 2)
2026-09-26 15:23:42,497 - INFO - [global] needs_update: local=(5, 13, 7) remote=(5, 13, 9) -> has_update=True
2026-09-26 15:23:42,497 - INFO - [global] Доступна обнова! Спавню кнопку
2026-09-26 15:23:56,733 - INFO - [global] LogUploader: запускаю upload_run_logs...
2026-09-26 15:23:56,733 - DEBUG - [global] log_uploader: START window=periodic made=-1 token=...Rjnfq
2026-09-26 15:23:57,586 - DEBUG - [global] _api_put: GET runs/20260926_152356_fail_periodic.log -> 404
2026-09-26 15:23:59,078 - DEBUG - [global] _api_put: PUT runs/20260926_152356_fail_periodic.log -> 201 (1517 bytes)
2026-09-26 15:23:59,080 - DEBUG - [global] log_uploader: STEP 1 (window log) -> https://github.com/StarateJI/L2Mauto/blob/bot-logs/runs/20260926_152356_fail_periodic.log
2026-09-26 15:23:59,080 - DEBUG - [global] log_uploader: STEP 2 SKIP (no PNGs)
2026-09-26 15:23:59,992 - DEBUG - [global] _api_put: GET runs/20260926_152356_fail_global.log -> 404
2026-09-26 15:24:01,588 - DEBUG - [global] _api_put: PUT runs/20260926_152356_fail_global.log -> 201 (20129 bytes)
2026-09-26 15:24:01,591 - DEBUG - [global] log_uploader: STEP 3 (global log) -> https://github.com/StarateJI/L2Mauto/blob/bot-logs/runs/20260926_152356_fail_global.log
2026-09-26 15:24:01,591 - DEBUG - [global] log_uploader: END window=periodic
2026-09-26 15:24:01,591 - INFO - [global] LogUploader: upload_run_logs завершён
2026-09-26 15:24:12,510 - INFO - [global] Проверяю обновы...
2026-09-26 15:24:13,318 - DEBUG - [global] needs_update: raw → 5.13.09
2026-09-26 15:24:13,465 - DEBUG - [global] needs_update: API → 5.13.09
2026-09-26 15:24:13,465 - DEBUG - [global] needs_update: лучший источник raw → 5.13.09 (из 2)
2026-09-26 15:24:13,465 - INFO - [global] needs_update: local=(5, 13, 7) remote=(5, 13, 9) -> has_update=True
2026-09-26 15:24:13,465 - INFO - [global] Доступна обнова! Спавню кнопку
2026-09-26 15:24:43,479 - INFO - [global] Проверяю обновы...
2026-09-26 15:24:44,254 - DEBUG - [global] needs_update: raw → 5.13.09
2026-09-26 15:24:44,487 - DEBUG - [global] needs_update: API → 5.13.09
2026-09-26 15:24:44,487 - DEBUG - [global] needs_update: лучший источник raw → 5.13.09 (из 2)
2026-09-26 15:24:44,487 - INFO - [global] needs_update: local=(5, 13, 7) remote=(5, 13, 9) -> has_update=True
2026-09-26 15:24:44,487 - INFO - [global] Доступна обнова! Спавню кнопку
2026-09-26 15:25:01,620 - INFO - [global] LogUploader: запускаю upload_run_logs...
2026-09-26 15:25:01,620 - DEBUG - [global] log_uploader: START window=periodic made=-1 token=...Rjnfq
2026-09-26 15:25:02,449 - DEBUG - [global] _api_put: GET runs/20260926_152501_fail_periodic.log -> 404
2026-09-26 15:25:04,161 - DEBUG - [global] _api_put: PUT runs/20260926_152501_fail_periodic.log -> 201 (1517 bytes)
2026-09-26 15:25:04,163 - DEBUG - [global] log_uploader: STEP 1 (window log) -> https://github.com/StarateJI/L2Mauto/blob/bot-logs/runs/20260926_152501_fail_periodic.log
2026-09-26 15:25:04,163 - DEBUG - [global] log_uploader: STEP 2 SKIP (no PNGs)
2026-09-26 15:25:05,076 - DEBUG - [global] _api_put: GET runs/20260926_152501_fail_global.log -> 404
2026-09-26 15:25:06,644 - DEBUG - [global] _api_put: PUT runs/20260926_152501_fail_global.log -> 201 (20129 bytes)
2026-09-26 15:25:06,645 - DEBUG - [global] log_uploader: STEP 3 (global log) -> https://github.com/StarateJI/L2Mauto/blob/bot-logs/runs/20260926_152501_fail_global.log
2026-09-26 15:25:06,645 - DEBUG - [global] log_uploader: END window=periodic
2026-09-26 15:25:06,645 - INFO - [global] LogUploader: upload_run_logs завершён
2026-09-26 15:25:14,501 - INFO - [global] Проверяю обновы...
2026-09-26 15:25:15,308 - DEBUG - [global] needs_update: raw → 5.13.09
2026-09-26 15:25:15,452 - DEBUG - [global] needs_update: API → 5.13.09
2026-09-26 15:25:15,453 - DEBUG - [global] needs_update: лучший источник raw → 5.13.09 (из 2)
2026-09-26 15:25:15,453 - INFO - [global] needs_update: local=(5, 13, 7) remote=(5, 13, 9) -> has_update=True
2026-09-26 15:25:15,453 - INFO - [global] Доступна обнова! Спавню кнопку
2026-09-26 15:25:45,465 - INFO - [global] Проверяю обновы...
2026-09-26 15:25:46,196 - DEBUG - [global] needs_update: raw → 5.13.09
2026-09-26 15:25:46,499 - DEBUG - [global] needs_update: API → 5.13.09
2026-09-26 15:25:46,499 - DEBUG - [global] needs_update: лучший источник raw → 5.13.09 (из 2)
2026-09-26 15:25:46,499 - INFO - [global] needs_update: local=(5, 13, 7) remote=(5, 13, 9) -> has_update=True
2026-09-26 15:25:46,499 - INFO - [global] Доступна обнова! Спавню кнопку
2026-09-26 15:26:06,673 - INFO - [global] LogUploader: запускаю upload_run_logs...
2026-09-26 15:26:06,673 - DEBUG - [global] log_uploader: START window=periodic made=-1 token=...Rjnfq
2026-09-26 15:26:07,492 - DEBUG - [global] _api_put: GET runs/20260926_152606_fail_periodic.log -> 404
2026-09-26 15:26:09,142 - DEBUG - [global] _api_put: PUT runs/20260926_152606_fail_periodic.log -> 201 (1517 bytes)
2026-09-26 15:26:09,143 - DEBUG - [global] log_uploader: STEP 1 (window log) -> https://github.com/StarateJI/L2Mauto/blob/bot-logs/runs/20260926_152606_fail_periodic.log
2026-09-26 15:26:09,144 - DEBUG - [global] log_uploader: STEP 2 SKIP (no PNGs)
