=== Log tail 2026-10-01T18:28:26.753112 | last 200 lines ===
2026-10-01 18:19:20,771 - DEBUG - [global] needs_update: API → 5.13.09
2026-10-01 18:19:20,771 - DEBUG - [global] needs_update: лучший источник raw → 5.13.09 (из 2)
2026-10-01 18:19:20,771 - INFO - [global] needs_update: local=(5, 13, 7) remote=(5, 13, 9) -> has_update=True
2026-10-01 18:19:20,771 - INFO - [global] Доступна обнова! Спавню кнопку
2026-10-01 18:19:37,614 - INFO - [global] LogUploader: запускаю upload_run_logs...
2026-10-01 18:19:37,615 - DEBUG - [global] log_uploader: START window=periodic made=-1 token=...Rjnfq
2026-10-01 18:19:38,510 - DEBUG - [global] _api_put: GET runs/20261001_181937_fail_periodic.log -> 404
2026-10-01 18:19:40,353 - DEBUG - [global] _api_put: PUT runs/20261001_181937_fail_periodic.log -> 201 (3411 bytes)
2026-10-01 18:19:40,355 - DEBUG - [global] log_uploader: STEP 1 (window log) -> https://github.com/StarateJI/L2Mauto/blob/bot-logs/runs/20261001_181937_fail_periodic.log
2026-10-01 18:19:40,356 - DEBUG - [global] log_uploader: STEP 2 SKIP (no PNGs)
2026-10-01 18:19:41,349 - DEBUG - [global] _api_put: GET runs/20261001_181937_fail_global.log -> 404
2026-10-01 18:19:43,495 - DEBUG - [global] _api_put: PUT runs/20261001_181937_fail_global.log -> 201 (20209 bytes)
2026-10-01 18:19:43,497 - DEBUG - [global] log_uploader: STEP 3 (global log) -> https://github.com/StarateJI/L2Mauto/blob/bot-logs/runs/20261001_181937_fail_global.log
2026-10-01 18:19:43,497 - DEBUG - [global] log_uploader: END window=periodic
2026-10-01 18:19:43,497 - INFO - [global] LogUploader: upload_run_logs завершён
2026-10-01 18:19:50,789 - INFO - [global] Проверяю обновы...
2026-10-01 18:19:51,659 - DEBUG - [global] needs_update: raw → 5.13.09
2026-10-01 18:19:51,792 - DEBUG - [global] needs_update: API → 5.13.09
2026-10-01 18:19:51,792 - DEBUG - [global] needs_update: лучший источник raw → 5.13.09 (из 2)
2026-10-01 18:19:51,792 - INFO - [global] needs_update: local=(5, 13, 7) remote=(5, 13, 9) -> has_update=True
2026-10-01 18:19:51,792 - INFO - [global] Доступна обнова! Спавню кнопку
2026-10-01 18:20:21,806 - INFO - [global] Проверяю обновы...
2026-10-01 18:20:22,596 - DEBUG - [global] needs_update: raw → 5.13.09
2026-10-01 18:20:22,864 - DEBUG - [global] needs_update: API → 5.13.09
2026-10-01 18:20:22,864 - DEBUG - [global] needs_update: лучший источник raw → 5.13.09 (из 2)
2026-10-01 18:20:22,864 - INFO - [global] needs_update: local=(5, 13, 7) remote=(5, 13, 9) -> has_update=True
2026-10-01 18:20:22,864 - INFO - [global] Доступна обнова! Спавню кнопку
2026-10-01 18:20:43,524 - INFO - [global] LogUploader: запускаю upload_run_logs...
2026-10-01 18:20:43,524 - DEBUG - [global] log_uploader: START window=periodic made=-1 token=...Rjnfq
2026-10-01 18:20:44,455 - DEBUG - [global] _api_put: GET runs/20261001_182043_fail_periodic.log -> 404
2026-10-01 18:20:46,191 - DEBUG - [global] _api_put: PUT runs/20261001_182043_fail_periodic.log -> 201 (3411 bytes)
2026-10-01 18:20:46,193 - DEBUG - [global] log_uploader: STEP 1 (window log) -> https://github.com/StarateJI/L2Mauto/blob/bot-logs/runs/20261001_182043_fail_periodic.log
2026-10-01 18:20:46,193 - DEBUG - [global] log_uploader: STEP 2 SKIP (no PNGs)
2026-10-01 18:20:47,155 - DEBUG - [global] _api_put: GET runs/20261001_182043_fail_global.log -> 404
2026-10-01 18:20:49,157 - DEBUG - [global] _api_put: PUT runs/20261001_182043_fail_global.log -> 201 (20209 bytes)
2026-10-01 18:20:49,159 - DEBUG - [global] log_uploader: STEP 3 (global log) -> https://github.com/StarateJI/L2Mauto/blob/bot-logs/runs/20261001_182043_fail_global.log
2026-10-01 18:20:49,159 - DEBUG - [global] log_uploader: END window=periodic
2026-10-01 18:20:49,159 - INFO - [global] LogUploader: upload_run_logs завершён
2026-10-01 18:20:52,880 - INFO - [global] Проверяю обновы...
2026-10-01 18:20:53,745 - DEBUG - [global] needs_update: raw → 5.13.09
2026-10-01 18:20:53,953 - DEBUG - [global] needs_update: API → 5.13.09
2026-10-01 18:20:53,953 - DEBUG - [global] needs_update: лучший источник raw → 5.13.09 (из 2)
2026-10-01 18:20:53,953 - INFO - [global] needs_update: local=(5, 13, 7) remote=(5, 13, 9) -> has_update=True
2026-10-01 18:20:53,953 - INFO - [global] Доступна обнова! Спавню кнопку
2026-10-01 18:21:23,968 - INFO - [global] Проверяю обновы...
2026-10-01 18:21:24,717 - DEBUG - [global] needs_update: raw → 5.13.09
2026-10-01 18:21:24,995 - DEBUG - [global] needs_update: API → 5.13.09
2026-10-01 18:21:24,996 - DEBUG - [global] needs_update: лучший источник raw → 5.13.09 (из 2)
2026-10-01 18:21:24,996 - INFO - [global] needs_update: local=(5, 13, 7) remote=(5, 13, 9) -> has_update=True
2026-10-01 18:21:24,996 - INFO - [global] Доступна обнова! Спавню кнопку
2026-10-01 18:21:49,188 - INFO - [global] LogUploader: запускаю upload_run_logs...
2026-10-01 18:21:49,188 - DEBUG - [global] log_uploader: START window=periodic made=-1 token=...Rjnfq
2026-10-01 18:21:50,126 - DEBUG - [global] _api_put: GET runs/20261001_182149_fail_periodic.log -> 404
2026-10-01 18:21:52,025 - DEBUG - [global] _api_put: PUT runs/20261001_182149_fail_periodic.log -> 201 (3411 bytes)
2026-10-01 18:21:52,028 - DEBUG - [global] log_uploader: STEP 1 (window log) -> https://github.com/StarateJI/L2Mauto/blob/bot-logs/runs/20261001_182149_fail_periodic.log
2026-10-01 18:21:52,029 - DEBUG - [global] log_uploader: STEP 2 SKIP (no PNGs)
2026-10-01 18:21:53,002 - DEBUG - [global] _api_put: GET runs/20261001_182149_fail_global.log -> 404
2026-10-01 18:21:55,009 - INFO - [global] Проверяю обновы...
2026-10-01 18:21:55,177 - DEBUG - [global] _api_put: PUT runs/20261001_182149_fail_global.log -> 201 (20209 bytes)
2026-10-01 18:21:55,178 - DEBUG - [global] log_uploader: STEP 3 (global log) -> https://github.com/StarateJI/L2Mauto/blob/bot-logs/runs/20261001_182149_fail_global.log
2026-10-01 18:21:55,179 - DEBUG - [global] log_uploader: END window=periodic
2026-10-01 18:21:55,179 - INFO - [global] LogUploader: upload_run_logs завершён
2026-10-01 18:21:55,800 - DEBUG - [global] needs_update: raw → 5.13.09
2026-10-01 18:21:56,034 - DEBUG - [global] needs_update: API → 5.13.09
2026-10-01 18:21:56,034 - DEBUG - [global] needs_update: лучший источник raw → 5.13.09 (из 2)
2026-10-01 18:21:56,034 - INFO - [global] needs_update: local=(5, 13, 7) remote=(5, 13, 9) -> has_update=True
2026-10-01 18:21:56,034 - INFO - [global] Доступна обнова! Спавню кнопку
2026-10-01 18:22:26,046 - INFO - [global] Проверяю обновы...
2026-10-01 18:22:27,065 - DEBUG - [global] needs_update: raw → 5.13.09
2026-10-01 18:22:27,072 - DEBUG - [global] needs_update: API → 5.13.09
2026-10-01 18:22:27,072 - DEBUG - [global] needs_update: лучший источник raw → 5.13.09 (из 2)
2026-10-01 18:22:27,072 - INFO - [global] needs_update: local=(5, 13, 7) remote=(5, 13, 9) -> has_update=True
2026-10-01 18:22:27,072 - INFO - [global] Доступна обнова! Спавню кнопку
2026-10-01 18:22:55,211 - INFO - [global] LogUploader: запускаю upload_run_logs...
2026-10-01 18:22:55,211 - DEBUG - [global] log_uploader: START window=periodic made=-1 token=...Rjnfq
2026-10-01 18:22:56,104 - DEBUG - [global] _api_put: GET runs/20261001_182255_fail_periodic.log -> 404
2026-10-01 18:22:57,086 - INFO - [global] Проверяю обновы...
2026-10-01 18:22:57,897 - DEBUG - [global] needs_update: raw → 5.13.09
2026-10-01 18:22:58,013 - DEBUG - [global] _api_put: PUT runs/20261001_182255_fail_periodic.log -> 201 (3411 bytes)
2026-10-01 18:22:58,015 - DEBUG - [global] log_uploader: STEP 1 (window log) -> https://github.com/StarateJI/L2Mauto/blob/bot-logs/runs/20261001_182255_fail_periodic.log
2026-10-01 18:22:58,016 - DEBUG - [global] log_uploader: STEP 2 SKIP (no PNGs)
2026-10-01 18:22:58,067 - DEBUG - [global] needs_update: API → 5.13.09
2026-10-01 18:22:58,067 - DEBUG - [global] needs_update: лучший источник raw → 5.13.09 (из 2)
2026-10-01 18:22:58,068 - INFO - [global] needs_update: local=(5, 13, 7) remote=(5, 13, 9) -> has_update=True
2026-10-01 18:22:58,068 - INFO - [global] Доступна обнова! Спавню кнопку
2026-10-01 18:22:59,017 - DEBUG - [global] _api_put: GET runs/20261001_182255_fail_global.log -> 404
2026-10-01 18:23:00,798 - DEBUG - [global] _api_put: PUT runs/20261001_182255_fail_global.log -> 201 (20082 bytes)
2026-10-01 18:23:00,800 - DEBUG - [global] log_uploader: STEP 3 (global log) -> https://github.com/StarateJI/L2Mauto/blob/bot-logs/runs/20261001_182255_fail_global.log
2026-10-01 18:23:00,800 - DEBUG - [global] log_uploader: END window=periodic
2026-10-01 18:23:00,800 - INFO - [global] LogUploader: upload_run_logs завершён
2026-10-01 18:23:28,081 - INFO - [global] Проверяю обновы...
2026-10-01 18:23:28,931 - DEBUG - [global] needs_update: raw → 5.13.09
2026-10-01 18:23:29,119 - DEBUG - [global] needs_update: API → 5.13.09
2026-10-01 18:23:29,119 - DEBUG - [global] needs_update: лучший источник raw → 5.13.09 (из 2)
2026-10-01 18:23:29,119 - INFO - [global] needs_update: local=(5, 13, 7) remote=(5, 13, 9) -> has_update=True
2026-10-01 18:23:29,119 - INFO - [global] Доступна обнова! Спавню кнопку
2026-10-01 18:23:59,134 - INFO - [global] Проверяю обновы...
2026-10-01 18:23:59,900 - DEBUG - [global] needs_update: raw → 5.13.09
2026-10-01 18:24:00,115 - DEBUG - [global] needs_update: API → 5.13.09
2026-10-01 18:24:00,115 - DEBUG - [global] needs_update: лучший источник raw → 5.13.09 (из 2)
2026-10-01 18:24:00,115 - INFO - [global] needs_update: local=(5, 13, 7) remote=(5, 13, 9) -> has_update=True
2026-10-01 18:24:00,115 - INFO - [global] Доступна обнова! Спавню кнопку
2026-10-01 18:24:00,830 - INFO - [global] LogUploader: запускаю upload_run_logs...
2026-10-01 18:24:00,830 - DEBUG - [global] log_uploader: START window=periodic made=-1 token=...Rjnfq
2026-10-01 18:24:01,711 - DEBUG - [global] _api_put: GET runs/20261001_182400_fail_periodic.log -> 404
2026-10-01 18:24:03,621 - DEBUG - [global] _api_put: PUT runs/20261001_182400_fail_periodic.log -> 201 (3411 bytes)
2026-10-01 18:24:03,623 - DEBUG - [global] log_uploader: STEP 1 (window log) -> https://github.com/StarateJI/L2Mauto/blob/bot-logs/runs/20261001_182400_fail_periodic.log
2026-10-01 18:24:03,623 - DEBUG - [global] log_uploader: STEP 2 SKIP (no PNGs)
2026-10-01 18:24:04,586 - DEBUG - [global] _api_put: GET runs/20261001_182400_fail_global.log -> 404
2026-10-01 18:24:06,483 - DEBUG - [global] _api_put: PUT runs/20261001_182400_fail_global.log -> 201 (20010 bytes)
2026-10-01 18:24:06,484 - DEBUG - [global] log_uploader: STEP 3 (global log) -> https://github.com/StarateJI/L2Mauto/blob/bot-logs/runs/20261001_182400_fail_global.log
2026-10-01 18:24:06,484 - DEBUG - [global] log_uploader: END window=periodic
2026-10-01 18:24:06,484 - INFO - [global] LogUploader: upload_run_logs завершён
2026-10-01 18:24:30,132 - INFO - [global] Проверяю обновы...
2026-10-01 18:24:30,901 - DEBUG - [global] needs_update: raw → 5.13.09
2026-10-01 18:24:31,214 - DEBUG - [global] needs_update: API → 5.13.09
2026-10-01 18:24:31,214 - DEBUG - [global] needs_update: лучший источник raw → 5.13.09 (из 2)
2026-10-01 18:24:31,214 - INFO - [global] needs_update: local=(5, 13, 7) remote=(5, 13, 9) -> has_update=True
2026-10-01 18:24:31,214 - INFO - [global] Доступна обнова! Спавню кнопку
2026-10-01 18:25:01,227 - INFO - [global] Проверяю обновы...
2026-10-01 18:25:02,030 - DEBUG - [global] needs_update: raw → 5.13.09
2026-10-01 18:25:02,182 - DEBUG - [global] needs_update: API → 5.13.09
2026-10-01 18:25:02,182 - DEBUG - [global] needs_update: лучший источник raw → 5.13.09 (из 2)
2026-10-01 18:25:02,182 - INFO - [global] needs_update: local=(5, 13, 7) remote=(5, 13, 9) -> has_update=True
2026-10-01 18:25:02,182 - INFO - [global] Доступна обнова! Спавню кнопку
2026-10-01 18:25:06,512 - INFO - [global] LogUploader: запускаю upload_run_logs...
2026-10-01 18:25:06,513 - DEBUG - [global] log_uploader: START window=periodic made=-1 token=...Rjnfq
2026-10-01 18:25:07,452 - DEBUG - [global] _api_put: GET runs/20261001_182506_fail_periodic.log -> 404
2026-10-01 18:25:09,227 - DEBUG - [global] _api_put: PUT runs/20261001_182506_fail_periodic.log -> 201 (3411 bytes)
2026-10-01 18:25:09,228 - DEBUG - [global] log_uploader: STEP 1 (window log) -> https://github.com/StarateJI/L2Mauto/blob/bot-logs/runs/20261001_182506_fail_periodic.log
2026-10-01 18:25:09,229 - DEBUG - [global] log_uploader: STEP 2 SKIP (no PNGs)
2026-10-01 18:25:10,219 - DEBUG - [global] _api_put: GET runs/20261001_182506_fail_global.log -> 404
2026-10-01 18:25:12,121 - DEBUG - [global] _api_put: PUT runs/20261001_182506_fail_global.log -> 201 (20010 bytes)
2026-10-01 18:25:12,122 - DEBUG - [global] log_uploader: STEP 3 (global log) -> https://github.com/StarateJI/L2Mauto/blob/bot-logs/runs/20261001_182506_fail_global.log
2026-10-01 18:25:12,122 - DEBUG - [global] log_uploader: END window=periodic
2026-10-01 18:25:12,123 - INFO - [global] LogUploader: upload_run_logs завершён
2026-10-01 18:25:32,194 - INFO - [global] Проверяю обновы...
2026-10-01 18:25:32,943 - DEBUG - [global] needs_update: raw → 5.13.09
2026-10-01 18:25:33,433 - DEBUG - [global] needs_update: API → 5.13.09
2026-10-01 18:25:33,433 - DEBUG - [global] needs_update: лучший источник raw → 5.13.09 (из 2)
2026-10-01 18:25:33,433 - INFO - [global] needs_update: local=(5, 13, 7) remote=(5, 13, 9) -> has_update=True
2026-10-01 18:25:33,433 - INFO - [global] Доступна обнова! Спавню кнопку
2026-10-01 18:26:03,447 - INFO - [global] Проверяю обновы...
2026-10-01 18:26:04,264 - DEBUG - [global] needs_update: raw → 5.13.09
2026-10-01 18:26:04,496 - DEBUG - [global] needs_update: API → 5.13.09
2026-10-01 18:26:04,496 - DEBUG - [global] needs_update: лучший источник raw → 5.13.09 (из 2)
2026-10-01 18:26:04,496 - INFO - [global] needs_update: local=(5, 13, 7) remote=(5, 13, 9) -> has_update=True
2026-10-01 18:26:04,496 - INFO - [global] Доступна обнова! Спавню кнопку
2026-10-01 18:26:12,148 - INFO - [global] LogUploader: запускаю upload_run_logs...
2026-10-01 18:26:12,148 - DEBUG - [global] log_uploader: START window=periodic made=-1 token=...Rjnfq
2026-10-01 18:26:13,075 - DEBUG - [global] _api_put: GET runs/20261001_182612_fail_periodic.log -> 404
2026-10-01 18:26:15,046 - DEBUG - [global] _api_put: PUT runs/20261001_182612_fail_periodic.log -> 201 (3411 bytes)
2026-10-01 18:26:15,049 - DEBUG - [global] log_uploader: STEP 1 (window log) -> https://github.com/StarateJI/L2Mauto/blob/bot-logs/runs/20261001_182612_fail_periodic.log
2026-10-01 18:26:15,049 - DEBUG - [global] log_uploader: STEP 2 SKIP (no PNGs)
2026-10-01 18:26:15,996 - DEBUG - [global] _api_put: GET runs/20261001_182612_fail_global.log -> 404
2026-10-01 18:26:18,044 - DEBUG - [global] _api_put: PUT runs/20261001_182612_fail_global.log -> 201 (20010 bytes)
2026-10-01 18:26:18,046 - DEBUG - [global] log_uploader: STEP 3 (global log) -> https://github.com/StarateJI/L2Mauto/blob/bot-logs/runs/20261001_182612_fail_global.log
2026-10-01 18:26:18,046 - DEBUG - [global] log_uploader: END window=periodic
2026-10-01 18:26:18,046 - INFO - [global] LogUploader: upload_run_logs завершён
2026-10-01 18:26:34,510 - INFO - [global] Проверяю обновы...
2026-10-01 18:26:35,286 - DEBUG - [global] needs_update: raw → 5.13.09
2026-10-01 18:26:35,512 - DEBUG - [global] needs_update: API → 5.13.09
2026-10-01 18:26:35,512 - DEBUG - [global] needs_update: лучший источник raw → 5.13.09 (из 2)
2026-10-01 18:26:35,513 - INFO - [global] needs_update: local=(5, 13, 7) remote=(5, 13, 9) -> has_update=True
2026-10-01 18:26:35,513 - INFO - [global] Доступна обнова! Спавню кнопку
2026-10-01 18:27:05,523 - INFO - [global] Проверяю обновы...
2026-10-01 18:27:06,279 - DEBUG - [global] needs_update: raw → 5.13.09
2026-10-01 18:27:06,487 - DEBUG - [global] needs_update: API → 5.13.09
2026-10-01 18:27:06,487 - DEBUG - [global] needs_update: лучший источник raw → 5.13.09 (из 2)
2026-10-01 18:27:06,487 - INFO - [global] needs_update: local=(5, 13, 7) remote=(5, 13, 9) -> has_update=True
2026-10-01 18:27:06,487 - INFO - [global] Доступна обнова! Спавню кнопку
2026-10-01 18:27:18,074 - INFO - [global] LogUploader: запускаю upload_run_logs...
2026-10-01 18:27:18,075 - DEBUG - [global] log_uploader: START window=periodic made=-1 token=...Rjnfq
2026-10-01 18:27:18,945 - DEBUG - [global] _api_put: GET runs/20261001_182718_fail_periodic.log -> 404
2026-10-01 18:27:20,999 - DEBUG - [global] _api_put: PUT runs/20261001_182718_fail_periodic.log -> 201 (3411 bytes)
2026-10-01 18:27:21,000 - DEBUG - [global] log_uploader: STEP 1 (window log) -> https://github.com/StarateJI/L2Mauto/blob/bot-logs/runs/20261001_182718_fail_periodic.log
2026-10-01 18:27:21,000 - DEBUG - [global] log_uploader: STEP 2 SKIP (no PNGs)
2026-10-01 18:27:21,992 - DEBUG - [global] _api_put: GET runs/20261001_182718_fail_global.log -> 404
2026-10-01 18:27:23,856 - DEBUG - [global] _api_put: PUT runs/20261001_182718_fail_global.log -> 201 (20010 bytes)
2026-10-01 18:27:23,858 - DEBUG - [global] log_uploader: STEP 3 (global log) -> https://github.com/StarateJI/L2Mauto/blob/bot-logs/runs/20261001_182718_fail_global.log
2026-10-01 18:27:23,858 - DEBUG - [global] log_uploader: END window=periodic
2026-10-01 18:27:23,858 - INFO - [global] LogUploader: upload_run_logs завершён
2026-10-01 18:27:36,499 - INFO - [global] Проверяю обновы...
2026-10-01 18:27:37,464 - DEBUG - [global] needs_update: raw → 5.13.09
2026-10-01 18:27:37,501 - DEBUG - [global] needs_update: API → 5.13.09
2026-10-01 18:27:37,501 - DEBUG - [global] needs_update: лучший источник raw → 5.13.09 (из 2)
2026-10-01 18:27:37,501 - INFO - [global] needs_update: local=(5, 13, 7) remote=(5, 13, 9) -> has_update=True
2026-10-01 18:27:37,501 - INFO - [global] Доступна обнова! Спавню кнопку
2026-10-01 18:28:07,516 - INFO - [global] Проверяю обновы...
2026-10-01 18:28:08,302 - DEBUG - [global] needs_update: raw → 5.13.09
2026-10-01 18:28:08,500 - DEBUG - [global] needs_update: API → 5.13.09
2026-10-01 18:28:08,500 - DEBUG - [global] needs_update: лучший источник raw → 5.13.09 (из 2)
2026-10-01 18:28:08,500 - INFO - [global] needs_update: local=(5, 13, 7) remote=(5, 13, 9) -> has_update=True
2026-10-01 18:28:08,500 - INFO - [global] Доступна обнова! Спавню кнопку
2026-10-01 18:28:23,887 - INFO - [global] LogUploader: запускаю upload_run_logs...
2026-10-01 18:28:23,887 - DEBUG - [global] log_uploader: START window=periodic made=-1 token=...Rjnfq
2026-10-01 18:28:24,773 - DEBUG - [global] _api_put: GET runs/20261001_182823_fail_periodic.log -> 404
2026-10-01 18:28:26,673 - DEBUG - [global] _api_put: PUT runs/20261001_182823_fail_periodic.log -> 201 (3411 bytes)
2026-10-01 18:28:26,675 - DEBUG - [global] log_uploader: STEP 1 (window log) -> https://github.com/StarateJI/L2Mauto/blob/bot-logs/runs/20261001_182823_fail_periodic.log
2026-10-01 18:28:26,676 - DEBUG - [global] log_uploader: STEP 2 SKIP (no PNGs)
