=== Log tail 2026-09-27T11:46:51.230632 | last 200 lines ===
2026-09-27 11:37:49,125 - DEBUG - [global] needs_update: API → 5.13.09
2026-09-27 11:37:49,125 - DEBUG - [global] needs_update: лучший источник raw → 5.13.09 (из 2)
2026-09-27 11:37:49,125 - INFO - [global] needs_update: local=(5, 13, 7) remote=(5, 13, 9) -> has_update=True
2026-09-27 11:37:49,125 - INFO - [global] Доступна обнова! Спавню кнопку
2026-09-27 11:38:01,132 - INFO - [global] LogUploader: запускаю upload_run_logs...
2026-09-27 11:38:01,132 - DEBUG - [global] log_uploader: START window=periodic made=-1 token=...Rjnfq
2026-09-27 11:38:02,020 - DEBUG - [global] _api_put: GET runs/20260927_113801_fail_periodic.log -> 404
2026-09-27 11:38:03,782 - DEBUG - [global] _api_put: PUT runs/20260927_113801_fail_periodic.log -> 201 (9330 bytes)
2026-09-27 11:38:03,785 - DEBUG - [global] log_uploader: STEP 1 (window log) -> https://github.com/StarateJI/L2Mauto/blob/bot-logs/runs/20260927_113801_fail_periodic.log
2026-09-27 11:38:03,785 - DEBUG - [global] log_uploader: STEP 2 SKIP (no PNGs)
2026-09-27 11:38:04,796 - DEBUG - [global] _api_put: GET runs/20260927_113801_fail_global.log -> 404
2026-09-27 11:38:06,681 - DEBUG - [global] _api_put: PUT runs/20260927_113801_fail_global.log -> 201 (20010 bytes)
2026-09-27 11:38:06,684 - DEBUG - [global] log_uploader: STEP 3 (global log) -> https://github.com/StarateJI/L2Mauto/blob/bot-logs/runs/20260927_113801_fail_global.log
2026-09-27 11:38:06,684 - DEBUG - [global] log_uploader: END window=periodic
2026-09-27 11:38:06,684 - INFO - [global] LogUploader: upload_run_logs завершён
2026-09-27 11:38:19,149 - INFO - [global] Проверяю обновы...
2026-09-27 11:38:20,104 - DEBUG - [global] needs_update: raw → 5.13.09
2026-09-27 11:38:20,257 - DEBUG - [global] needs_update: API → 5.13.09
2026-09-27 11:38:20,257 - DEBUG - [global] needs_update: лучший источник raw → 5.13.09 (из 2)
2026-09-27 11:38:20,258 - INFO - [global] needs_update: local=(5, 13, 7) remote=(5, 13, 9) -> has_update=True
2026-09-27 11:38:20,258 - INFO - [global] Доступна обнова! Спавню кнопку
2026-09-27 11:38:50,285 - INFO - [global] Проверяю обновы...
2026-09-27 11:38:51,160 - DEBUG - [global] needs_update: raw → 5.13.09
2026-09-27 11:38:51,322 - DEBUG - [global] needs_update: API → 5.13.09
2026-09-27 11:38:51,323 - DEBUG - [global] needs_update: лучший источник raw → 5.13.09 (из 2)
2026-09-27 11:38:51,323 - INFO - [global] needs_update: local=(5, 13, 7) remote=(5, 13, 9) -> has_update=True
2026-09-27 11:38:51,324 - INFO - [global] Доступна обнова! Спавню кнопку
2026-09-27 11:39:06,729 - INFO - [global] LogUploader: запускаю upload_run_logs...
2026-09-27 11:39:06,730 - DEBUG - [global] log_uploader: START window=periodic made=-1 token=...Rjnfq
2026-09-27 11:39:07,703 - DEBUG - [global] _api_put: GET runs/20260927_113906_fail_periodic.log -> 404
2026-09-27 11:39:09,459 - DEBUG - [global] _api_put: PUT runs/20260927_113906_fail_periodic.log -> 201 (9330 bytes)
2026-09-27 11:39:09,462 - DEBUG - [global] log_uploader: STEP 1 (window log) -> https://github.com/StarateJI/L2Mauto/blob/bot-logs/runs/20260927_113906_fail_periodic.log
2026-09-27 11:39:09,462 - DEBUG - [global] log_uploader: STEP 2 SKIP (no PNGs)
2026-09-27 11:39:10,621 - DEBUG - [global] _api_put: GET runs/20260927_113906_fail_global.log -> 404
2026-09-27 11:39:12,627 - DEBUG - [global] _api_put: PUT runs/20260927_113906_fail_global.log -> 201 (20010 bytes)
2026-09-27 11:39:12,630 - DEBUG - [global] log_uploader: STEP 3 (global log) -> https://github.com/StarateJI/L2Mauto/blob/bot-logs/runs/20260927_113906_fail_global.log
2026-09-27 11:39:12,630 - DEBUG - [global] log_uploader: END window=periodic
2026-09-27 11:39:12,630 - INFO - [global] LogUploader: upload_run_logs завершён
2026-09-27 11:39:21,397 - INFO - [global] Проверяю обновы...
2026-09-27 11:39:22,324 - DEBUG - [global] needs_update: raw → 5.13.09
2026-09-27 11:39:22,521 - DEBUG - [global] needs_update: API → 5.13.09
2026-09-27 11:39:22,521 - DEBUG - [global] needs_update: лучший источник raw → 5.13.09 (из 2)
2026-09-27 11:39:22,521 - INFO - [global] needs_update: local=(5, 13, 7) remote=(5, 13, 9) -> has_update=True
2026-09-27 11:39:22,521 - INFO - [global] Доступна обнова! Спавню кнопку
2026-09-27 11:39:52,553 - INFO - [global] Проверяю обновы...
2026-09-27 11:39:53,556 - DEBUG - [global] needs_update: raw → 5.13.09
2026-09-27 11:39:53,719 - DEBUG - [global] needs_update: API → 5.13.09
2026-09-27 11:39:53,720 - DEBUG - [global] needs_update: лучший источник raw → 5.13.09 (из 2)
2026-09-27 11:39:53,720 - INFO - [global] needs_update: local=(5, 13, 7) remote=(5, 13, 9) -> has_update=True
2026-09-27 11:39:53,720 - INFO - [global] Доступна обнова! Спавню кнопку
2026-09-27 11:40:12,707 - INFO - [global] LogUploader: запускаю upload_run_logs...
2026-09-27 11:40:12,708 - DEBUG - [global] log_uploader: START window=periodic made=-1 token=...Rjnfq
2026-09-27 11:40:13,831 - DEBUG - [global] _api_put: GET runs/20260927_114012_fail_periodic.log -> 404
2026-09-27 11:40:15,690 - DEBUG - [global] _api_put: PUT runs/20260927_114012_fail_periodic.log -> 201 (9330 bytes)
2026-09-27 11:40:15,692 - DEBUG - [global] log_uploader: STEP 1 (window log) -> https://github.com/StarateJI/L2Mauto/blob/bot-logs/runs/20260927_114012_fail_periodic.log
2026-09-27 11:40:15,692 - DEBUG - [global] log_uploader: STEP 2 SKIP (no PNGs)
2026-09-27 11:40:16,838 - DEBUG - [global] _api_put: GET runs/20260927_114012_fail_global.log -> 404
2026-09-27 11:40:18,816 - DEBUG - [global] _api_put: PUT runs/20260927_114012_fail_global.log -> 201 (20010 bytes)
2026-09-27 11:40:18,818 - DEBUG - [global] log_uploader: STEP 3 (global log) -> https://github.com/StarateJI/L2Mauto/blob/bot-logs/runs/20260927_114012_fail_global.log
2026-09-27 11:40:18,818 - DEBUG - [global] log_uploader: END window=periodic
2026-09-27 11:40:18,818 - INFO - [global] LogUploader: upload_run_logs завершён
2026-09-27 11:40:23,766 - INFO - [global] Проверяю обновы...
2026-09-27 11:40:24,732 - DEBUG - [global] needs_update: raw → 5.13.09
2026-09-27 11:40:24,883 - DEBUG - [global] needs_update: API → 5.13.09
2026-09-27 11:40:24,883 - DEBUG - [global] needs_update: лучший источник raw → 5.13.09 (из 2)
2026-09-27 11:40:24,883 - INFO - [global] needs_update: local=(5, 13, 7) remote=(5, 13, 9) -> has_update=True
2026-09-27 11:40:24,883 - INFO - [global] Доступна обнова! Спавню кнопку
2026-09-27 11:40:54,936 - INFO - [global] Проверяю обновы...
2026-09-27 11:40:55,981 - DEBUG - [global] needs_update: raw → 5.13.09
2026-09-27 11:40:56,139 - DEBUG - [global] needs_update: API → 5.13.09
2026-09-27 11:40:56,140 - DEBUG - [global] needs_update: лучший источник raw → 5.13.09 (из 2)
2026-09-27 11:40:56,140 - INFO - [global] needs_update: local=(5, 13, 7) remote=(5, 13, 9) -> has_update=True
2026-09-27 11:40:56,140 - INFO - [global] Доступна обнова! Спавню кнопку
2026-09-27 11:41:18,967 - INFO - [global] LogUploader: запускаю upload_run_logs...
2026-09-27 11:41:18,968 - DEBUG - [global] log_uploader: START window=periodic made=-1 token=...Rjnfq
2026-09-27 11:41:19,993 - DEBUG - [global] _api_put: GET runs/20260927_114118_fail_periodic.log -> 404
2026-09-27 11:41:21,685 - DEBUG - [global] _api_put: PUT runs/20260927_114118_fail_periodic.log -> 201 (9330 bytes)
2026-09-27 11:41:21,688 - DEBUG - [global] log_uploader: STEP 1 (window log) -> https://github.com/StarateJI/L2Mauto/blob/bot-logs/runs/20260927_114118_fail_periodic.log
2026-09-27 11:41:21,688 - DEBUG - [global] log_uploader: STEP 2 SKIP (no PNGs)
2026-09-27 11:41:22,760 - DEBUG - [global] _api_put: GET runs/20260927_114118_fail_global.log -> 404
2026-09-27 11:41:24,728 - DEBUG - [global] _api_put: PUT runs/20260927_114118_fail_global.log -> 201 (20010 bytes)
2026-09-27 11:41:24,730 - DEBUG - [global] log_uploader: STEP 3 (global log) -> https://github.com/StarateJI/L2Mauto/blob/bot-logs/runs/20260927_114118_fail_global.log
2026-09-27 11:41:24,730 - DEBUG - [global] log_uploader: END window=periodic
2026-09-27 11:41:24,730 - INFO - [global] LogUploader: upload_run_logs завершён
2026-09-27 11:41:26,180 - INFO - [global] Проверяю обновы...
2026-09-27 11:41:27,175 - DEBUG - [global] needs_update: raw → 5.13.09
2026-09-27 11:41:27,392 - DEBUG - [global] needs_update: API → 5.13.09
2026-09-27 11:41:27,392 - DEBUG - [global] needs_update: лучший источник raw → 5.13.09 (из 2)
2026-09-27 11:41:27,393 - INFO - [global] needs_update: local=(5, 13, 7) remote=(5, 13, 9) -> has_update=True
2026-09-27 11:41:27,393 - INFO - [global] Доступна обнова! Спавню кнопку
2026-09-27 11:41:57,414 - INFO - [global] Проверяю обновы...
2026-09-27 11:41:58,448 - DEBUG - [global] needs_update: raw → 5.13.09
2026-09-27 11:41:58,646 - DEBUG - [global] needs_update: API → 5.13.09
2026-09-27 11:41:58,647 - DEBUG - [global] needs_update: лучший источник raw → 5.13.09 (из 2)
2026-09-27 11:41:58,647 - INFO - [global] needs_update: local=(5, 13, 7) remote=(5, 13, 9) -> has_update=True
2026-09-27 11:41:58,647 - INFO - [global] Доступна обнова! Спавню кнопку
2026-09-27 11:42:24,796 - INFO - [global] LogUploader: запускаю upload_run_logs...
2026-09-27 11:42:24,797 - DEBUG - [global] log_uploader: START window=periodic made=-1 token=...Rjnfq
2026-09-27 11:42:25,825 - DEBUG - [global] _api_put: GET runs/20260927_114224_fail_periodic.log -> 404
2026-09-27 11:42:27,555 - DEBUG - [global] _api_put: PUT runs/20260927_114224_fail_periodic.log -> 201 (9330 bytes)
2026-09-27 11:42:27,558 - DEBUG - [global] log_uploader: STEP 1 (window log) -> https://github.com/StarateJI/L2Mauto/blob/bot-logs/runs/20260927_114224_fail_periodic.log
2026-09-27 11:42:27,558 - DEBUG - [global] log_uploader: STEP 2 SKIP (no PNGs)
2026-09-27 11:42:28,575 - DEBUG - [global] _api_put: GET runs/20260927_114224_fail_global.log -> 404
2026-09-27 11:42:28,693 - INFO - [global] Проверяю обновы...
2026-09-27 11:42:29,707 - DEBUG - [global] needs_update: raw → 5.13.09
2026-09-27 11:42:29,905 - DEBUG - [global] needs_update: API → 5.13.09
2026-09-27 11:42:29,905 - DEBUG - [global] needs_update: лучший источник raw → 5.13.09 (из 2)
2026-09-27 11:42:29,905 - INFO - [global] needs_update: local=(5, 13, 7) remote=(5, 13, 9) -> has_update=True
2026-09-27 11:42:29,906 - INFO - [global] Доступна обнова! Спавню кнопку
2026-09-27 11:42:31,854 - DEBUG - [global] _api_put: PUT runs/20260927_114224_fail_global.log -> 201 (20010 bytes)
2026-09-27 11:42:31,858 - DEBUG - [global] log_uploader: STEP 3 (global log) -> https://github.com/StarateJI/L2Mauto/blob/bot-logs/runs/20260927_114224_fail_global.log
2026-09-27 11:42:31,858 - DEBUG - [global] log_uploader: END window=periodic
2026-09-27 11:42:31,858 - INFO - [global] LogUploader: upload_run_logs завершён
2026-09-27 11:42:59,929 - INFO - [global] Проверяю обновы...
2026-09-27 11:43:00,908 - DEBUG - [global] needs_update: raw → 5.13.09
2026-09-27 11:43:01,125 - DEBUG - [global] needs_update: API → 5.13.09
2026-09-27 11:43:01,126 - DEBUG - [global] needs_update: лучший источник raw → 5.13.09 (из 2)
2026-09-27 11:43:01,126 - INFO - [global] needs_update: local=(5, 13, 7) remote=(5, 13, 9) -> has_update=True
2026-09-27 11:43:01,126 - INFO - [global] Доступна обнова! Спавню кнопку
2026-09-27 11:43:31,153 - INFO - [global] Проверяю обновы...
2026-09-27 11:43:31,921 - INFO - [global] LogUploader: запускаю upload_run_logs...
2026-09-27 11:43:31,923 - DEBUG - [global] log_uploader: START window=periodic made=-1 token=...Rjnfq
2026-09-27 11:43:32,083 - DEBUG - [global] needs_update: raw → 5.13.09
2026-09-27 11:43:32,228 - DEBUG - [global] needs_update: API → 5.13.09
2026-09-27 11:43:32,228 - DEBUG - [global] needs_update: лучший источник raw → 5.13.09 (из 2)
2026-09-27 11:43:32,228 - INFO - [global] needs_update: local=(5, 13, 7) remote=(5, 13, 9) -> has_update=True
2026-09-27 11:43:32,228 - INFO - [global] Доступна обнова! Спавню кнопку
2026-09-27 11:43:32,932 - DEBUG - [global] _api_put: GET runs/20260927_114331_fail_periodic.log -> 404
2026-09-27 11:43:34,572 - DEBUG - [global] _api_put: PUT runs/20260927_114331_fail_periodic.log -> 201 (9330 bytes)
2026-09-27 11:43:34,574 - DEBUG - [global] log_uploader: STEP 1 (window log) -> https://github.com/StarateJI/L2Mauto/blob/bot-logs/runs/20260927_114331_fail_periodic.log
2026-09-27 11:43:34,575 - DEBUG - [global] log_uploader: STEP 2 SKIP (no PNGs)
2026-09-27 11:43:35,630 - DEBUG - [global] _api_put: GET runs/20260927_114331_fail_global.log -> 404
2026-09-27 11:43:37,456 - DEBUG - [global] _api_put: PUT runs/20260927_114331_fail_global.log -> 201 (20010 bytes)
2026-09-27 11:43:37,459 - DEBUG - [global] log_uploader: STEP 3 (global log) -> https://github.com/StarateJI/L2Mauto/blob/bot-logs/runs/20260927_114331_fail_global.log
2026-09-27 11:43:37,459 - DEBUG - [global] log_uploader: END window=periodic
2026-09-27 11:43:37,459 - INFO - [global] LogUploader: upload_run_logs завершён
2026-09-27 11:44:02,247 - INFO - [global] Проверяю обновы...
2026-09-27 11:44:03,120 - DEBUG - [global] needs_update: raw → 5.13.09
2026-09-27 11:44:03,297 - DEBUG - [global] needs_update: API → 5.13.09
2026-09-27 11:44:03,298 - DEBUG - [global] needs_update: лучший источник raw → 5.13.09 (из 2)
2026-09-27 11:44:03,298 - INFO - [global] needs_update: local=(5, 13, 7) remote=(5, 13, 9) -> has_update=True
2026-09-27 11:44:03,298 - INFO - [global] Доступна обнова! Спавню кнопку
2026-09-27 11:44:33,319 - INFO - [global] Проверяю обновы...
2026-09-27 11:44:34,130 - DEBUG - [global] needs_update: raw → 5.13.09
2026-09-27 11:44:34,331 - DEBUG - [global] needs_update: API → 5.13.09
2026-09-27 11:44:34,331 - DEBUG - [global] needs_update: лучший источник raw → 5.13.09 (из 2)
2026-09-27 11:44:34,331 - INFO - [global] needs_update: local=(5, 13, 7) remote=(5, 13, 9) -> has_update=True
2026-09-27 11:44:34,332 - INFO - [global] Доступна обнова! Спавню кнопку
2026-09-27 11:44:37,508 - INFO - [global] LogUploader: запускаю upload_run_logs...
2026-09-27 11:44:37,508 - DEBUG - [global] log_uploader: START window=periodic made=-1 token=...Rjnfq
2026-09-27 11:44:38,442 - DEBUG - [global] _api_put: GET runs/20260927_114437_fail_periodic.log -> 404
2026-09-27 11:44:40,148 - DEBUG - [global] _api_put: PUT runs/20260927_114437_fail_periodic.log -> 201 (9330 bytes)
2026-09-27 11:44:40,150 - DEBUG - [global] log_uploader: STEP 1 (window log) -> https://github.com/StarateJI/L2Mauto/blob/bot-logs/runs/20260927_114437_fail_periodic.log
2026-09-27 11:44:40,151 - DEBUG - [global] log_uploader: STEP 2 SKIP (no PNGs)
2026-09-27 11:44:41,145 - DEBUG - [global] _api_put: GET runs/20260927_114437_fail_global.log -> 404
2026-09-27 11:44:43,026 - DEBUG - [global] _api_put: PUT runs/20260927_114437_fail_global.log -> 201 (20010 bytes)
2026-09-27 11:44:43,028 - DEBUG - [global] log_uploader: STEP 3 (global log) -> https://github.com/StarateJI/L2Mauto/blob/bot-logs/runs/20260927_114437_fail_global.log
2026-09-27 11:44:43,028 - DEBUG - [global] log_uploader: END window=periodic
2026-09-27 11:44:43,029 - INFO - [global] LogUploader: upload_run_logs завершён
2026-09-27 11:45:04,349 - INFO - [global] Проверяю обновы...
2026-09-27 11:45:05,316 - DEBUG - [global] needs_update: raw → 5.13.09
2026-09-27 11:45:05,414 - DEBUG - [global] needs_update: API → 5.13.09
2026-09-27 11:45:05,415 - DEBUG - [global] needs_update: лучший источник raw → 5.13.09 (из 2)
2026-09-27 11:45:05,415 - INFO - [global] needs_update: local=(5, 13, 7) remote=(5, 13, 9) -> has_update=True
2026-09-27 11:45:05,415 - INFO - [global] Доступна обнова! Спавню кнопку
2026-09-27 11:45:35,439 - INFO - [global] Проверяю обновы...
2026-09-27 11:45:36,290 - DEBUG - [global] needs_update: raw → 5.13.09
2026-09-27 11:45:36,480 - DEBUG - [global] needs_update: API → 5.13.09
2026-09-27 11:45:36,480 - DEBUG - [global] needs_update: лучший источник raw → 5.13.09 (из 2)
2026-09-27 11:45:36,480 - INFO - [global] needs_update: local=(5, 13, 7) remote=(5, 13, 9) -> has_update=True
2026-09-27 11:45:36,480 - INFO - [global] Доступна обнова! Спавню кнопку
2026-09-27 11:45:43,072 - INFO - [global] LogUploader: запускаю upload_run_logs...
2026-09-27 11:45:43,073 - DEBUG - [global] log_uploader: START window=periodic made=-1 token=...Rjnfq
2026-09-27 11:45:44,027 - DEBUG - [global] _api_put: GET runs/20260927_114543_fail_periodic.log -> 404
2026-09-27 11:45:45,770 - DEBUG - [global] _api_put: PUT runs/20260927_114543_fail_periodic.log -> 201 (9330 bytes)
2026-09-27 11:45:45,773 - DEBUG - [global] log_uploader: STEP 1 (window log) -> https://github.com/StarateJI/L2Mauto/blob/bot-logs/runs/20260927_114543_fail_periodic.log
2026-09-27 11:45:45,774 - DEBUG - [global] log_uploader: STEP 2 SKIP (no PNGs)
2026-09-27 11:45:46,759 - DEBUG - [global] _api_put: GET runs/20260927_114543_fail_global.log -> 404
2026-09-27 11:45:48,560 - DEBUG - [global] _api_put: PUT runs/20260927_114543_fail_global.log -> 201 (20010 bytes)
2026-09-27 11:45:48,562 - DEBUG - [global] log_uploader: STEP 3 (global log) -> https://github.com/StarateJI/L2Mauto/blob/bot-logs/runs/20260927_114543_fail_global.log
2026-09-27 11:45:48,562 - DEBUG - [global] log_uploader: END window=periodic
2026-09-27 11:45:48,563 - INFO - [global] LogUploader: upload_run_logs завершён
2026-09-27 11:46:06,503 - INFO - [global] Проверяю обновы...
2026-09-27 11:46:07,417 - DEBUG - [global] needs_update: raw → 5.13.09
2026-09-27 11:46:07,628 - DEBUG - [global] needs_update: API → 5.13.09
2026-09-27 11:46:07,629 - DEBUG - [global] needs_update: лучший источник raw → 5.13.09 (из 2)
2026-09-27 11:46:07,629 - INFO - [global] needs_update: local=(5, 13, 7) remote=(5, 13, 9) -> has_update=True
2026-09-27 11:46:07,629 - INFO - [global] Доступна обнова! Спавню кнопку
2026-09-27 11:46:37,668 - INFO - [global] Проверяю обновы...
2026-09-27 11:46:38,485 - DEBUG - [global] needs_update: raw → 5.13.09
2026-09-27 11:46:38,691 - DEBUG - [global] needs_update: API → 5.13.09
2026-09-27 11:46:38,692 - DEBUG - [global] needs_update: лучший источник raw → 5.13.09 (из 2)
2026-09-27 11:46:38,692 - INFO - [global] needs_update: local=(5, 13, 7) remote=(5, 13, 9) -> has_update=True
2026-09-27 11:46:38,692 - INFO - [global] Доступна обнова! Спавню кнопку
2026-09-27 11:46:48,601 - INFO - [global] LogUploader: запускаю upload_run_logs...
2026-09-27 11:46:48,602 - DEBUG - [global] log_uploader: START window=periodic made=-1 token=...Rjnfq
2026-09-27 11:46:49,486 - DEBUG - [global] _api_put: GET runs/20260927_114648_fail_periodic.log -> 404
2026-09-27 11:46:51,196 - DEBUG - [global] _api_put: PUT runs/20260927_114648_fail_periodic.log -> 201 (9330 bytes)
2026-09-27 11:46:51,199 - DEBUG - [global] log_uploader: STEP 1 (window log) -> https://github.com/StarateJI/L2Mauto/blob/bot-logs/runs/20260927_114648_fail_periodic.log
2026-09-27 11:46:51,199 - DEBUG - [global] log_uploader: STEP 2 SKIP (no PNGs)
