=== Log tail 2026-09-28T16:31:50.813280 | last 200 lines ===
2026-09-28 16:22:50,416 - DEBUG - [global] _api_put: GET runs/20260928_162249_fail_periodic.log -> 404
2026-09-28 16:22:52,268 - DEBUG - [global] _api_put: PUT runs/20260928_162249_fail_periodic.log -> 201 (2785 bytes)
2026-09-28 16:22:52,271 - DEBUG - [global] log_uploader: STEP 1 (window log) -> https://github.com/StarateJI/L2Mauto/blob/bot-logs/runs/20260928_162249_fail_periodic.log
2026-09-28 16:22:52,271 - DEBUG - [global] log_uploader: STEP 2 SKIP (no PNGs)
2026-09-28 16:22:53,265 - DEBUG - [global] _api_put: GET runs/20260928_162249_fail_global.log -> 404
2026-09-28 16:22:55,089 - INFO - [global] Проверяю обновы...
2026-09-28 16:22:55,608 - DEBUG - [global] _api_put: PUT runs/20260928_162249_fail_global.log -> 201 (20010 bytes)
2026-09-28 16:22:55,610 - DEBUG - [global] log_uploader: STEP 3 (global log) -> https://github.com/StarateJI/L2Mauto/blob/bot-logs/runs/20260928_162249_fail_global.log
2026-09-28 16:22:55,610 - DEBUG - [global] log_uploader: END window=periodic
2026-09-28 16:22:55,610 - INFO - [global] LogUploader: upload_run_logs завершён
2026-09-28 16:22:55,887 - DEBUG - [global] needs_update: raw → 5.13.09
2026-09-28 16:22:56,288 - DEBUG - [global] needs_update: API → 5.13.09
2026-09-28 16:22:56,288 - DEBUG - [global] needs_update: лучший источник raw → 5.13.09 (из 2)
2026-09-28 16:22:56,288 - INFO - [global] needs_update: local=(5, 13, 7) remote=(5, 13, 9) -> has_update=True
2026-09-28 16:22:56,288 - INFO - [global] Доступна обнова! Спавню кнопку
2026-09-28 16:23:26,306 - INFO - [global] Проверяю обновы...
2026-09-28 16:23:27,176 - DEBUG - [global] needs_update: raw → 5.13.09
2026-09-28 16:23:27,372 - DEBUG - [global] needs_update: API → 5.13.09
2026-09-28 16:23:27,373 - DEBUG - [global] needs_update: лучший источник raw → 5.13.09 (из 2)
2026-09-28 16:23:27,373 - INFO - [global] needs_update: local=(5, 13, 7) remote=(5, 13, 9) -> has_update=True
2026-09-28 16:23:27,373 - INFO - [global] Доступна обнова! Спавню кнопку
2026-09-28 16:23:55,639 - INFO - [global] LogUploader: запускаю upload_run_logs...
2026-09-28 16:23:55,639 - DEBUG - [global] log_uploader: START window=periodic made=-1 token=...Rjnfq
2026-09-28 16:23:56,742 - DEBUG - [global] _api_put: GET runs/20260928_162355_fail_periodic.log -> 404
2026-09-28 16:23:57,387 - INFO - [global] Проверяю обновы...
2026-09-28 16:23:58,220 - DEBUG - [global] needs_update: raw → 5.13.09
2026-09-28 16:23:58,439 - DEBUG - [global] needs_update: API → 5.13.09
2026-09-28 16:23:58,439 - DEBUG - [global] needs_update: лучший источник raw → 5.13.09 (из 2)
2026-09-28 16:23:58,440 - INFO - [global] needs_update: local=(5, 13, 7) remote=(5, 13, 9) -> has_update=True
2026-09-28 16:23:58,440 - INFO - [global] Доступна обнова! Спавню кнопку
2026-09-28 16:23:58,707 - DEBUG - [global] _api_put: PUT runs/20260928_162355_fail_periodic.log -> 201 (2785 bytes)
2026-09-28 16:23:58,710 - DEBUG - [global] log_uploader: STEP 1 (window log) -> https://github.com/StarateJI/L2Mauto/blob/bot-logs/runs/20260928_162355_fail_periodic.log
2026-09-28 16:23:58,710 - DEBUG - [global] log_uploader: STEP 2 SKIP (no PNGs)
2026-09-28 16:23:59,661 - DEBUG - [global] _api_put: GET runs/20260928_162355_fail_global.log -> 404
2026-09-28 16:24:01,939 - DEBUG - [global] _api_put: PUT runs/20260928_162355_fail_global.log -> 201 (19965 bytes)
2026-09-28 16:24:01,942 - DEBUG - [global] log_uploader: STEP 3 (global log) -> https://github.com/StarateJI/L2Mauto/blob/bot-logs/runs/20260928_162355_fail_global.log
2026-09-28 16:24:01,942 - DEBUG - [global] log_uploader: END window=periodic
2026-09-28 16:24:01,942 - INFO - [global] LogUploader: upload_run_logs завершён
2026-09-28 16:24:28,453 - INFO - [global] Проверяю обновы...
2026-09-28 16:24:29,266 - DEBUG - [global] needs_update: raw → 5.13.09
2026-09-28 16:24:29,556 - DEBUG - [global] needs_update: API → 5.13.09
2026-09-28 16:24:29,556 - DEBUG - [global] needs_update: лучший источник raw → 5.13.09 (из 2)
2026-09-28 16:24:29,556 - INFO - [global] needs_update: local=(5, 13, 7) remote=(5, 13, 9) -> has_update=True
2026-09-28 16:24:29,556 - INFO - [global] Доступна обнова! Спавню кнопку
2026-09-28 16:24:59,571 - INFO - [global] Проверяю обновы...
2026-09-28 16:25:00,410 - DEBUG - [global] needs_update: raw → 5.13.09
2026-09-28 16:25:00,654 - DEBUG - [global] needs_update: API → 5.13.09
2026-09-28 16:25:00,654 - DEBUG - [global] needs_update: лучший источник raw → 5.13.09 (из 2)
2026-09-28 16:25:00,654 - INFO - [global] needs_update: local=(5, 13, 7) remote=(5, 13, 9) -> has_update=True
2026-09-28 16:25:00,654 - INFO - [global] Доступна обнова! Спавню кнопку
2026-09-28 16:25:01,975 - INFO - [global] LogUploader: запускаю upload_run_logs...
2026-09-28 16:25:01,975 - DEBUG - [global] log_uploader: START window=periodic made=-1 token=...Rjnfq
2026-09-28 16:25:02,978 - DEBUG - [global] _api_put: GET runs/20260928_162501_fail_periodic.log -> 404
2026-09-28 16:25:05,501 - DEBUG - [global] _api_put: PUT runs/20260928_162501_fail_periodic.log -> 201 (2785 bytes)
2026-09-28 16:25:05,504 - DEBUG - [global] log_uploader: STEP 1 (window log) -> https://github.com/StarateJI/L2Mauto/blob/bot-logs/runs/20260928_162501_fail_periodic.log
2026-09-28 16:25:05,505 - DEBUG - [global] log_uploader: STEP 2 SKIP (no PNGs)
2026-09-28 16:25:06,482 - DEBUG - [global] _api_put: GET runs/20260928_162501_fail_global.log -> 404
2026-09-28 16:25:08,981 - DEBUG - [global] _api_put: PUT runs/20260928_162501_fail_global.log -> 201 (19965 bytes)
2026-09-28 16:25:08,983 - DEBUG - [global] log_uploader: STEP 3 (global log) -> https://github.com/StarateJI/L2Mauto/blob/bot-logs/runs/20260928_162501_fail_global.log
2026-09-28 16:25:08,984 - DEBUG - [global] log_uploader: END window=periodic
2026-09-28 16:25:08,984 - INFO - [global] LogUploader: upload_run_logs завершён
2026-09-28 16:25:30,670 - INFO - [global] Проверяю обновы...
2026-09-28 16:25:31,509 - DEBUG - [global] needs_update: raw → 5.13.09
2026-09-28 16:25:31,888 - DEBUG - [global] needs_update: API → 5.13.09
2026-09-28 16:25:31,888 - DEBUG - [global] needs_update: лучший источник raw → 5.13.09 (из 2)
2026-09-28 16:25:31,889 - INFO - [global] needs_update: local=(5, 13, 7) remote=(5, 13, 9) -> has_update=True
2026-09-28 16:25:31,889 - INFO - [global] Доступна обнова! Спавню кнопку
2026-09-28 16:26:01,902 - INFO - [global] Проверяю обновы...
2026-09-28 16:26:02,690 - DEBUG - [global] needs_update: raw → 5.13.09
2026-09-28 16:26:03,066 - DEBUG - [global] needs_update: API → 5.13.09
2026-09-28 16:26:03,066 - DEBUG - [global] needs_update: лучший источник raw → 5.13.09 (из 2)
2026-09-28 16:26:03,066 - INFO - [global] needs_update: local=(5, 13, 7) remote=(5, 13, 9) -> has_update=True
2026-09-28 16:26:03,066 - INFO - [global] Доступна обнова! Спавню кнопку
2026-09-28 16:26:09,010 - INFO - [global] LogUploader: запускаю upload_run_logs...
2026-09-28 16:26:09,010 - DEBUG - [global] log_uploader: START window=periodic made=-1 token=...Rjnfq
2026-09-28 16:26:10,125 - DEBUG - [global] _api_put: GET runs/20260928_162609_fail_periodic.log -> 404
2026-09-28 16:26:12,670 - DEBUG - [global] _api_put: PUT runs/20260928_162609_fail_periodic.log -> 201 (2785 bytes)
2026-09-28 16:26:12,671 - DEBUG - [global] log_uploader: STEP 1 (window log) -> https://github.com/StarateJI/L2Mauto/blob/bot-logs/runs/20260928_162609_fail_periodic.log
2026-09-28 16:26:12,672 - DEBUG - [global] log_uploader: STEP 2 SKIP (no PNGs)
2026-09-28 16:26:14,165 - DEBUG - [global] _api_put: GET runs/20260928_162609_fail_global.log -> 404
2026-09-28 16:26:16,899 - DEBUG - [global] _api_put: PUT runs/20260928_162609_fail_global.log -> 201 (20010 bytes)
2026-09-28 16:26:16,903 - DEBUG - [global] log_uploader: STEP 3 (global log) -> https://github.com/StarateJI/L2Mauto/blob/bot-logs/runs/20260928_162609_fail_global.log
2026-09-28 16:26:16,903 - DEBUG - [global] log_uploader: END window=periodic
2026-09-28 16:26:16,903 - INFO - [global] LogUploader: upload_run_logs завершён
2026-09-28 16:26:33,082 - INFO - [global] Проверяю обновы...
2026-09-28 16:26:33,852 - DEBUG - [global] needs_update: raw → 5.13.09
2026-09-28 16:26:34,280 - DEBUG - [global] needs_update: API → 5.13.09
2026-09-28 16:26:34,280 - DEBUG - [global] needs_update: лучший источник raw → 5.13.09 (из 2)
2026-09-28 16:26:34,280 - INFO - [global] needs_update: local=(5, 13, 7) remote=(5, 13, 9) -> has_update=True
2026-09-28 16:26:34,280 - INFO - [global] Доступна обнова! Спавню кнопку
2026-09-28 16:27:04,295 - INFO - [global] Проверяю обновы...
2026-09-28 16:27:05,085 - DEBUG - [global] needs_update: raw → 5.13.09
2026-09-28 16:27:05,438 - DEBUG - [global] needs_update: API → 5.13.09
2026-09-28 16:27:05,438 - DEBUG - [global] needs_update: лучший источник raw → 5.13.09 (из 2)
2026-09-28 16:27:05,438 - INFO - [global] needs_update: local=(5, 13, 7) remote=(5, 13, 9) -> has_update=True
2026-09-28 16:27:05,438 - INFO - [global] Доступна обнова! Спавню кнопку
2026-09-28 16:27:16,929 - INFO - [global] LogUploader: запускаю upload_run_logs...
2026-09-28 16:27:16,929 - DEBUG - [global] log_uploader: START window=periodic made=-1 token=...Rjnfq
2026-09-28 16:27:19,015 - DEBUG - [global] _api_put: GET runs/20260928_162716_fail_periodic.log -> 404
2026-09-28 16:27:21,726 - DEBUG - [global] _api_put: PUT runs/20260928_162716_fail_periodic.log -> 201 (2785 bytes)
2026-09-28 16:27:21,728 - DEBUG - [global] log_uploader: STEP 1 (window log) -> https://github.com/StarateJI/L2Mauto/blob/bot-logs/runs/20260928_162716_fail_periodic.log
2026-09-28 16:27:21,729 - DEBUG - [global] log_uploader: STEP 2 SKIP (no PNGs)
2026-09-28 16:27:22,760 - DEBUG - [global] _api_put: GET runs/20260928_162716_fail_global.log -> 404
2026-09-28 16:27:25,024 - DEBUG - [global] _api_put: PUT runs/20260928_162716_fail_global.log -> 201 (20010 bytes)
2026-09-28 16:27:25,026 - DEBUG - [global] log_uploader: STEP 3 (global log) -> https://github.com/StarateJI/L2Mauto/blob/bot-logs/runs/20260928_162716_fail_global.log
2026-09-28 16:27:25,026 - DEBUG - [global] log_uploader: END window=periodic
2026-09-28 16:27:25,026 - INFO - [global] LogUploader: upload_run_logs завершён
2026-09-28 16:27:35,452 - INFO - [global] Проверяю обновы...
2026-09-28 16:27:36,226 - DEBUG - [global] needs_update: raw → 5.13.09
2026-09-28 16:27:36,624 - DEBUG - [global] needs_update: API → 5.13.09
2026-09-28 16:27:36,625 - DEBUG - [global] needs_update: лучший источник raw → 5.13.09 (из 2)
2026-09-28 16:27:36,625 - INFO - [global] needs_update: local=(5, 13, 7) remote=(5, 13, 9) -> has_update=True
2026-09-28 16:27:36,625 - INFO - [global] Доступна обнова! Спавню кнопку
2026-09-28 16:28:06,639 - INFO - [global] Проверяю обновы...
2026-09-28 16:28:07,460 - DEBUG - [global] needs_update: raw → 5.13.09
2026-09-28 16:28:07,748 - DEBUG - [global] needs_update: API → 5.13.09
2026-09-28 16:28:07,748 - DEBUG - [global] needs_update: лучший источник raw → 5.13.09 (из 2)
2026-09-28 16:28:07,748 - INFO - [global] needs_update: local=(5, 13, 7) remote=(5, 13, 9) -> has_update=True
2026-09-28 16:28:07,748 - INFO - [global] Доступна обнова! Спавню кнопку
2026-09-28 16:28:25,055 - INFO - [global] LogUploader: запускаю upload_run_logs...
2026-09-28 16:28:25,056 - DEBUG - [global] log_uploader: START window=periodic made=-1 token=...Rjnfq
2026-09-28 16:28:26,137 - DEBUG - [global] _api_put: GET runs/20260928_162825_fail_periodic.log -> 404
2026-09-28 16:28:28,692 - DEBUG - [global] _api_put: PUT runs/20260928_162825_fail_periodic.log -> 201 (2785 bytes)
2026-09-28 16:28:28,693 - DEBUG - [global] log_uploader: STEP 1 (window log) -> https://github.com/StarateJI/L2Mauto/blob/bot-logs/runs/20260928_162825_fail_periodic.log
2026-09-28 16:28:28,694 - DEBUG - [global] log_uploader: STEP 2 SKIP (no PNGs)
2026-09-28 16:28:29,723 - DEBUG - [global] _api_put: GET runs/20260928_162825_fail_global.log -> 404
2026-09-28 16:28:32,633 - DEBUG - [global] _api_put: PUT runs/20260928_162825_fail_global.log -> 201 (20010 bytes)
2026-09-28 16:28:32,635 - DEBUG - [global] log_uploader: STEP 3 (global log) -> https://github.com/StarateJI/L2Mauto/blob/bot-logs/runs/20260928_162825_fail_global.log
2026-09-28 16:28:32,635 - DEBUG - [global] log_uploader: END window=periodic
2026-09-28 16:28:32,635 - INFO - [global] LogUploader: upload_run_logs завершён
2026-09-28 16:28:37,766 - INFO - [global] Проверяю обновы...
2026-09-28 16:28:38,557 - DEBUG - [global] needs_update: raw → 5.13.09
2026-09-28 16:28:38,946 - DEBUG - [global] needs_update: API → 5.13.09
2026-09-28 16:28:38,946 - DEBUG - [global] needs_update: лучший источник raw → 5.13.09 (из 2)
2026-09-28 16:28:38,946 - INFO - [global] needs_update: local=(5, 13, 7) remote=(5, 13, 9) -> has_update=True
2026-09-28 16:28:38,946 - INFO - [global] Доступна обнова! Спавню кнопку
2026-09-28 16:29:08,961 - INFO - [global] Проверяю обновы...
2026-09-28 16:29:09,744 - DEBUG - [global] needs_update: raw → 5.13.09
2026-09-28 16:29:10,145 - DEBUG - [global] needs_update: API → 5.13.09
2026-09-28 16:29:10,145 - DEBUG - [global] needs_update: лучший источник raw → 5.13.09 (из 2)
2026-09-28 16:29:10,145 - INFO - [global] needs_update: local=(5, 13, 7) remote=(5, 13, 9) -> has_update=True
2026-09-28 16:29:10,145 - INFO - [global] Доступна обнова! Спавню кнопку
2026-09-28 16:29:32,665 - INFO - [global] LogUploader: запускаю upload_run_logs...
2026-09-28 16:29:32,665 - DEBUG - [global] log_uploader: START window=periodic made=-1 token=...Rjnfq
2026-09-28 16:29:33,715 - DEBUG - [global] _api_put: GET runs/20260928_162932_fail_periodic.log -> 404
2026-09-28 16:29:36,524 - DEBUG - [global] _api_put: PUT runs/20260928_162932_fail_periodic.log -> 201 (2785 bytes)
2026-09-28 16:29:36,526 - DEBUG - [global] log_uploader: STEP 1 (window log) -> https://github.com/StarateJI/L2Mauto/blob/bot-logs/runs/20260928_162932_fail_periodic.log
2026-09-28 16:29:36,527 - DEBUG - [global] log_uploader: STEP 2 SKIP (no PNGs)
2026-09-28 16:29:37,669 - DEBUG - [global] _api_put: GET runs/20260928_162932_fail_global.log -> 404
2026-09-28 16:29:40,161 - INFO - [global] Проверяю обновы...
2026-09-28 16:29:40,647 - DEBUG - [global] _api_put: PUT runs/20260928_162932_fail_global.log -> 201 (20010 bytes)
2026-09-28 16:29:40,649 - DEBUG - [global] log_uploader: STEP 3 (global log) -> https://github.com/StarateJI/L2Mauto/blob/bot-logs/runs/20260928_162932_fail_global.log
2026-09-28 16:29:40,649 - DEBUG - [global] log_uploader: END window=periodic
2026-09-28 16:29:40,649 - INFO - [global] LogUploader: upload_run_logs завершён
2026-09-28 16:29:40,983 - DEBUG - [global] needs_update: raw → 5.13.09
2026-09-28 16:29:41,233 - DEBUG - [global] needs_update: API → 5.13.09
2026-09-28 16:29:41,233 - DEBUG - [global] needs_update: лучший источник raw → 5.13.09 (из 2)
2026-09-28 16:29:41,233 - INFO - [global] needs_update: local=(5, 13, 7) remote=(5, 13, 9) -> has_update=True
2026-09-28 16:29:41,233 - INFO - [global] Доступна обнова! Спавню кнопку
2026-09-28 16:30:11,250 - INFO - [global] Проверяю обновы...
2026-09-28 16:30:12,308 - DEBUG - [global] needs_update: raw → 5.13.09
2026-09-28 16:30:12,513 - DEBUG - [global] needs_update: API → 5.13.09
2026-09-28 16:30:12,513 - DEBUG - [global] needs_update: лучший источник raw → 5.13.09 (из 2)
2026-09-28 16:30:12,513 - INFO - [global] needs_update: local=(5, 13, 7) remote=(5, 13, 9) -> has_update=True
2026-09-28 16:30:12,513 - INFO - [global] Доступна обнова! Спавню кнопку
2026-09-28 16:30:40,676 - INFO - [global] LogUploader: запускаю upload_run_logs...
2026-09-28 16:30:40,676 - DEBUG - [global] log_uploader: START window=periodic made=-1 token=...Rjnfq
2026-09-28 16:30:41,647 - DEBUG - [global] _api_put: GET runs/20260928_163040_fail_periodic.log -> 404
2026-09-28 16:30:42,526 - INFO - [global] Проверяю обновы...
2026-09-28 16:30:43,336 - DEBUG - [global] needs_update: raw → 5.13.09
2026-09-28 16:30:43,645 - DEBUG - [global] needs_update: API → 5.13.09
2026-09-28 16:30:43,646 - DEBUG - [global] needs_update: лучший источник raw → 5.13.09 (из 2)
2026-09-28 16:30:43,646 - INFO - [global] needs_update: local=(5, 13, 7) remote=(5, 13, 9) -> has_update=True
2026-09-28 16:30:43,646 - INFO - [global] Доступна обнова! Спавню кнопку
2026-09-28 16:30:44,171 - DEBUG - [global] _api_put: PUT runs/20260928_163040_fail_periodic.log -> 201 (2785 bytes)
2026-09-28 16:30:44,172 - DEBUG - [global] log_uploader: STEP 1 (window log) -> https://github.com/StarateJI/L2Mauto/blob/bot-logs/runs/20260928_163040_fail_periodic.log
2026-09-28 16:30:44,173 - DEBUG - [global] log_uploader: STEP 2 SKIP (no PNGs)
2026-09-28 16:30:45,212 - DEBUG - [global] _api_put: GET runs/20260928_163040_fail_global.log -> 404
2026-09-28 16:30:47,862 - DEBUG - [global] _api_put: PUT runs/20260928_163040_fail_global.log -> 201 (19965 bytes)
2026-09-28 16:30:47,864 - DEBUG - [global] log_uploader: STEP 3 (global log) -> https://github.com/StarateJI/L2Mauto/blob/bot-logs/runs/20260928_163040_fail_global.log
2026-09-28 16:30:47,864 - DEBUG - [global] log_uploader: END window=periodic
2026-09-28 16:30:47,864 - INFO - [global] LogUploader: upload_run_logs завершён
2026-09-28 16:31:13,663 - INFO - [global] Проверяю обновы...
2026-09-28 16:31:14,461 - DEBUG - [global] needs_update: raw → 5.13.09
2026-09-28 16:31:15,157 - DEBUG - [global] needs_update: API → 5.13.09
2026-09-28 16:31:15,157 - DEBUG - [global] needs_update: лучший источник raw → 5.13.09 (из 2)
2026-09-28 16:31:15,158 - INFO - [global] needs_update: local=(5, 13, 7) remote=(5, 13, 9) -> has_update=True
2026-09-28 16:31:15,158 - INFO - [global] Доступна обнова! Спавню кнопку
2026-09-28 16:31:45,171 - INFO - [global] Проверяю обновы...
2026-09-28 16:31:46,019 - DEBUG - [global] needs_update: raw → 5.13.09
2026-09-28 16:31:46,171 - DEBUG - [global] needs_update: API → 5.13.09
2026-09-28 16:31:46,171 - DEBUG - [global] needs_update: лучший источник raw → 5.13.09 (из 2)
2026-09-28 16:31:46,171 - INFO - [global] needs_update: local=(5, 13, 7) remote=(5, 13, 9) -> has_update=True
2026-09-28 16:31:46,171 - INFO - [global] Доступна обнова! Спавню кнопку
2026-09-28 16:31:47,893 - INFO - [global] LogUploader: запускаю upload_run_logs...
2026-09-28 16:31:47,893 - DEBUG - [global] log_uploader: START window=periodic made=-1 token=...Rjnfq
2026-09-28 16:31:48,875 - DEBUG - [global] _api_put: GET runs/20260928_163147_fail_periodic.log -> 404
2026-09-28 16:31:50,802 - DEBUG - [global] _api_put: PUT runs/20260928_163147_fail_periodic.log -> 201 (2785 bytes)
2026-09-28 16:31:50,803 - DEBUG - [global] log_uploader: STEP 1 (window log) -> https://github.com/StarateJI/L2Mauto/blob/bot-logs/runs/20260928_163147_fail_periodic.log
2026-09-28 16:31:50,804 - DEBUG - [global] log_uploader: STEP 2 SKIP (no PNGs)
