=== Log tail 2026-09-15T00:33:27.785565 | last 500 lines ===
2026-09-13 09:54:42,674 - INFO - [Loot] Находимся в энергорежиме
2026-09-13 09:56:16,971 - INFO - [Loot] Находимся в энергорежиме
2026-09-13 09:57:51,278 - INFO - [Loot] Находимся в энергорежиме
2026-09-13 09:59:25,546 - INFO - [Loot] Находимся в энергорежиме
2026-09-13 10:00:04,011 - INFO - [Loot] Ивент claim_mail добавлен в очередь с приоритетом 9
2026-09-13 10:00:04,016 - INFO - [Loot] Обработка: claim_mail
2026-09-13 10:00:04,016 - INFO - [Loot] Не мониторю новые события во время почты
2026-09-13 10:00:04,016 - INFO - [Loot] Находимся в энергорежиме
2026-09-13 10:00:18,527 - INFO - [Loot] Нашел почту
2026-09-13 10:00:31,404 - INFO - [Loot] Почта собрана
2026-09-13 10:00:31,930 - INFO - [Loot] Почта успешно собрана
2026-09-13 10:00:34,237 - INFO - [Loot] Не находимся в энерго
2026-09-13 10:00:51,006 - INFO - [Loot] Находимся в энергорежиме
2026-09-13 10:02:25,598 - INFO - [Loot] Находимся в энергорежиме
2026-09-13 10:03:59,846 - INFO - [Loot] Находимся в энергорежиме
2026-09-13 10:05:34,123 - INFO - [Loot] Находимся в энергорежиме
2026-09-13 10:07:08,402 - INFO - [Loot] Находимся в энергорежиме
2026-09-13 10:08:42,604 - INFO - [Loot] Находимся в энергорежиме
2026-09-13 10:10:16,939 - INFO - [Loot] Находимся в энергорежиме
2026-09-13 10:11:51,258 - INFO - [Loot] Находимся в энергорежиме
2026-09-13 10:13:25,516 - INFO - [Loot] Находимся в энергорежиме
2026-09-13 10:14:59,798 - INFO - [Loot] Находимся в энергорежиме
2026-09-13 10:16:34,135 - INFO - [Loot] Находимся в энергорежиме
2026-09-13 10:18:08,388 - INFO - [Loot] Находимся в энергорежиме
2026-09-13 10:19:42,675 - INFO - [Loot] Находимся в энергорежиме
2026-09-13 10:21:16,972 - INFO - [Loot] Находимся в энергорежиме
2026-09-13 10:22:51,236 - INFO - [Loot] Находимся в энергорежиме
2026-09-13 10:24:25,561 - INFO - [Loot] Находимся в энергорежиме
2026-09-13 10:25:59,871 - INFO - [Loot] Находимся в энергорежиме
2026-09-13 10:27:34,075 - INFO - [Loot] Находимся в энергорежиме
2026-09-13 10:29:08,434 - INFO - [Loot] Находимся в энергорежиме
2026-09-13 10:30:00,513 - INFO - [Loot] Ивент sell_stash_buy добавлен в очередь с приоритетом 11
2026-09-13 10:30:00,514 - INFO - [Loot] Обработка: sell_stash_buy
2026-09-13 10:30:00,514 - INFO - [Loot] Начал закупаться по расписанию!
2026-09-13 10:30:02,761 - INFO - [Loot] Сплю 3.2 сек. в вейт телепорте
2026-09-13 10:30:05,958 - INFO - [Loot] чекаю инет ошибку...
2026-09-13 10:30:06,803 - INFO - [Loot] 1/7 чекаю пиксель...
2026-09-13 10:30:08,698 - INFO - [Loot] 1 teleported=True
2026-09-13 10:30:08,699 - INFO - [Loot] 2/7 чекаю пиксель...
2026-09-13 10:30:09,098 - INFO - [Loot] 2 teleported=True
2026-09-13 10:30:09,101 - INFO - [Loot] 3/7 чекаю пиксель...
2026-09-13 10:30:09,486 - INFO - [Loot] 3 teleported=True
2026-09-13 10:30:09,486 - INFO - [Loot] 4/7 чекаю пиксель...
2026-09-13 10:30:09,874 - INFO - [Loot] 4 teleported=True
2026-09-13 10:30:09,874 - INFO - [Loot] 5/7 чекаю пиксель...
2026-09-13 10:30:10,287 - INFO - [Loot] 5 teleported=True
2026-09-13 10:30:10,287 - INFO - [Loot] 6/7 чекаю пиксель...
2026-09-13 10:30:10,672 - INFO - [Loot] 6 teleported=True
2026-09-13 10:30:10,673 - INFO - [Loot] 7/7 чекаю пиксель...
2026-09-13 10:30:11,072 - INFO - [Loot] 7 teleported=True
2026-09-13 10:30:11,072 - INFO - [Loot] 7
2026-09-13 10:30:11,072 - INFO - [Loot] tped succ | 7/7
2026-09-13 10:30:11,072 - INFO - [Loot] go_stash: старт
2026-09-13 10:30:11,072 - INFO - [Loot] Начал проверять в городе ли я, таймаут: 50
2026-09-13 10:30:11,899 - INFO - [Loot] Чекаю белый кубик на мапе
2026-09-13 10:30:12,900 - INFO - [Loot] Белого кубика не было
2026-09-13 10:30:15,924 - INFO - [Loot] Не находимся в энерго
2026-09-13 10:30:15,927 - INFO - [Loot] is_floran: False (1/8)
2026-09-13 10:30:18,496 - INFO - [Loot] Вероятно лвл апа не было [False, False]
2026-09-13 10:31:22,288 - INFO - [Loot] Список нпс уже открыт, мы в городе
2026-09-13 10:32:10,437 - INFO - [Loot] main_loop завершился
2026-09-13 10:32:10,439 - INFO - [Loot] dodger stopped =(
2026-09-13 10:32:10,443 - INFO - [Loot] Обработка прервана, чини
2026-09-13 10:46:55,877 - INFO - [Loot] Запуск профиля PVP Dodge 2.0.0
2026-09-13 10:46:56,365 - INFO - [Loot] hunt succ
2026-09-13 10:46:56,409 - INFO - [Loot] Находимся в энергорежиме
2026-09-13 10:52:10,411 - INFO - [Loot] Запуск профиля PVP Dodge 2.1.0
2026-09-13 10:52:10,825 - INFO - [Loot] hunt succ
2026-09-13 10:52:10,849 - INFO - [Loot] Находимся в энергорежиме
2026-09-13 10:54:10,977 - INFO - [Loot] Находимся в энергорежиме
2026-09-13 10:55:45,521 - INFO - [Loot] Находимся в энергорежиме
2026-09-13 10:57:22,132 - INFO - [Loot] Не находимся в энерго
2026-09-13 10:57:54,437 - INFO - [Loot] Не находимся в энерго
2026-09-13 10:58:24,441 - INFO - [Loot] Находимся в энергорежиме
2026-09-13 10:59:58,667 - INFO - [Loot] Находимся в энергорежиме
2026-09-13 11:03:02,194 - INFO - [Loot] Запуск профиля PVP Dodge 2.1.1
2026-09-13 11:03:02,848 - INFO - [Loot] hunt succ
2026-09-13 11:03:02,849 - INFO - [Loot] Находимся в энергорежиме
2026-09-13 11:05:02,930 - INFO - [Loot] Находимся в энергорежиме
2026-09-13 11:06:42,432 - INFO - [Loot] Находимся в энергорежиме
2026-09-13 11:06:51,550 - INFO - [Loot] Ивент scheduler_mode добавлен в очередь с приоритетом 16
2026-09-13 11:06:51,550 - INFO - [Loot] Обработка: scheduler_mode
2026-09-13 11:06:51,550 - INFO - [Loot] Шедуля-часовой: ивент — перезапускаю Шедулю
2026-09-13 11:06:51,550 - INFO - [Loot] Запускаю Шедулю (полный цикл)
2026-09-13 11:06:51,550 - INFO - [Loot] Находимся в энергорежиме
2026-09-13 11:07:01,443 - INFO - [Loot] Шедуля запущена — закрываю меню и отступаю (усыпит игра сама)
2026-09-13 11:07:11,578 - INFO - [Loot] Не находимся в энерго
2026-09-13 11:07:18,915 - INFO - [Loot] Не находимся в энерго
2026-09-13 11:07:26,241 - INFO - [Loot] Не находимся в энерго
2026-09-13 11:07:33,547 - INFO - [Loot] Не находимся в энерго
2026-09-13 11:07:40,895 - INFO - [Loot] Не находимся в энерго
2026-09-13 11:07:48,216 - INFO - [Loot] Не находимся в энерго
2026-09-13 11:07:55,553 - INFO - [Loot] Не находимся в энерго
2026-09-13 11:08:02,889 - INFO - [Loot] Не находимся в энерго
2026-09-13 11:08:10,226 - INFO - [Loot] Не находимся в энерго
2026-09-13 11:08:17,534 - INFO - [Loot] Не находимся в энерго
2026-09-13 11:08:24,861 - INFO - [Loot] Не находимся в энерго
2026-09-13 11:08:32,194 - INFO - [Loot] Не находимся в энерго
2026-09-13 11:08:32,194 - WARNING - [Loot] Окно не уснуло само за 60 сек — пробую помочь одним кликом
2026-09-13 11:08:34,523 - INFO - [Loot] Не находимся в энерго
2026-09-13 11:08:44,199 - INFO - [Loot] Находимся в энергорежиме
2026-09-13 11:10:20,906 - INFO - [Loot] main_loop завершился
2026-09-13 11:10:20,907 - INFO - [Loot] dodger stopped =(
2026-09-13 11:35:07,770 - INFO - [Loot] Запуск профиля PVP Dodge 2.1.4
2026-09-13 11:35:08,549 - INFO - [Loot] hunt succ
2026-09-13 11:35:08,550 - INFO - [Loot] Находимся в энергорежиме
2026-09-13 11:37:08,679 - INFO - [Loot] Находимся в энергорежиме
2026-09-13 11:38:42,896 - INFO - [Loot] Находимся в энергорежиме
2026-09-13 11:40:17,068 - INFO - [Loot] Находимся в энергорежиме
2026-09-13 11:41:51,298 - INFO - [Loot] Находимся в энергорежиме
2026-09-13 11:42:13,669 - INFO - [Loot] main_loop завершился
2026-09-13 11:42:13,670 - INFO - [Loot] dodger stopped =(
2026-09-14 04:47:04,879 - INFO - [Loot] Запуск профиля PVP Dodge 2.1.4
2026-09-14 04:47:05,177 - INFO - [Loot] hunt succ
2026-09-14 04:47:05,205 - INFO - [Loot] Находимся в энергорежиме
2026-09-14 04:49:05,231 - INFO - [Loot] Находимся в энергорежиме
2026-09-14 04:50:44,350 - INFO - [Loot] Находимся в энергорежиме
2026-09-14 04:50:53,929 - INFO - [Loot] Ивент scheduler_mode добавлен в очередь с приоритетом 16
2026-09-14 04:50:53,930 - INFO - [Loot] Обработка: scheduler_mode
2026-09-14 04:50:53,930 - INFO - [Loot] Шедуля-часовой: ивент — перезапускаю Шедулю
2026-09-14 04:50:53,930 - INFO - [Loot] Запускаю Шедулю (полный цикл)
2026-09-14 04:50:53,931 - INFO - [Loot] Находимся в энергорежиме
2026-09-14 04:51:16,086 - INFO - [Loot] Шедуля запущена — меню закрылось само, жду разгона (~20 сек)
2026-09-14 04:51:38,416 - INFO - [Loot] Не находимся в энерго
2026-09-14 04:51:48,101 - INFO - [Loot] Находимся в энергорежиме
2026-09-14 04:53:48,158 - INFO - [Loot] Находимся в энергорежиме
2026-09-14 04:55:22,676 - INFO - [Loot] Находимся в энергорежиме
2026-09-14 04:56:56,983 - INFO - [Loot] Находимся в энергорежиме
2026-09-14 04:58:31,287 - INFO - [Loot] Находимся в энергорежиме
2026-09-14 05:00:03,613 - INFO - [Loot] Ивент claim_mail добавлен в очередь с приоритетом 9
2026-09-14 05:00:03,620 - INFO - [Loot] Обработка: claim_mail
2026-09-14 05:00:03,620 - INFO - [Loot] Не мониторю новые события во время почты
2026-09-14 05:00:03,620 - INFO - [Loot] Находимся в энергорежиме
2026-09-14 05:00:17,067 - INFO - [Loot] Не найден значок почты
2026-09-14 05:00:17,067 - INFO - [Loot] Нет новой почты или не удалось собрать
2026-09-14 05:00:19,385 - INFO - [Loot] Не находимся в энерго
2026-09-14 05:02:31,479 - INFO - [Loot] Находимся в энергорежиме
2026-09-14 05:04:05,708 - INFO - [Loot] Находимся в энергорежиме
2026-09-14 05:05:39,898 - INFO - [Loot] Находимся в энергорежиме
2026-09-14 05:07:14,147 - INFO - [Loot] Находимся в энергорежиме
2026-09-14 05:08:48,432 - INFO - [Loot] Находимся в энергорежиме
2026-09-14 05:10:22,707 - INFO - [Loot] Находимся в энергорежиме
2026-09-14 05:11:56,989 - INFO - [Loot] Находимся в энергорежиме
2026-09-14 05:13:31,221 - INFO - [Loot] Находимся в энергорежиме
2026-09-14 05:15:05,546 - INFO - [Loot] Находимся в энергорежиме
2026-09-14 05:16:39,853 - INFO - [Loot] Находимся в энергорежиме
2026-09-14 05:18:14,109 - INFO - [Loot] Находимся в энергорежиме
2026-09-14 05:19:48,428 - INFO - [Loot] Находимся в энергорежиме
2026-09-14 05:21:22,727 - INFO - [Loot] Находимся в энергорежиме
2026-09-14 05:22:56,939 - INFO - [Loot] Находимся в энергорежиме
2026-09-14 05:24:31,286 - INFO - [Loot] Находимся в энергорежиме
2026-09-14 05:26:05,562 - INFO - [Loot] Находимся в энергорежиме
2026-09-14 05:27:39,845 - INFO - [Loot] Находимся в энергорежиме
2026-09-14 05:29:14,147 - INFO - [Loot] Находимся в энергорежиме
2026-09-14 05:30:48,443 - INFO - [Loot] Находимся в энергорежиме
2026-09-14 05:32:22,726 - INFO - [Loot] Находимся в энергорежиме
2026-09-14 05:33:56,975 - INFO - [Loot] Находимся в энергорежиме
2026-09-14 05:35:31,308 - INFO - [Loot] Находимся в энергорежиме
2026-09-14 05:37:05,604 - INFO - [Loot] Находимся в энергорежиме
2026-09-14 05:38:39,850 - INFO - [Loot] Находимся в энергорежиме
2026-09-14 05:40:14,137 - INFO - [Loot] Находимся в энергорежиме
2026-09-14 05:41:48,452 - INFO - [Loot] Находимся в энергорежиме
2026-09-14 05:43:22,768 - INFO - [Loot] Находимся в энергорежиме
2026-09-14 05:44:56,981 - INFO - [Loot] Находимся в энергорежиме
2026-09-14 05:46:31,216 - INFO - [Loot] Находимся в энергорежиме
2026-09-14 05:48:05,565 - INFO - [Loot] Находимся в энергорежиме
2026-09-14 05:49:39,869 - INFO - [Loot] Находимся в энергорежиме
2026-09-14 05:51:14,147 - INFO - [Loot] Находимся в энергорежиме
2026-09-14 05:52:48,451 - INFO - [Loot] Находимся в энергорежиме
2026-09-14 05:54:22,704 - INFO - [Loot] Находимся в энергорежиме
2026-09-14 05:55:56,989 - INFO - [Loot] Находимся в энергорежиме
2026-09-14 05:57:31,272 - INFO - [Loot] Находимся в энергорежиме
2026-09-14 05:59:05,504 - INFO - [Loot] Находимся в энергорежиме
2026-09-14 06:00:40,618 - INFO - [Loot] Находимся в энергорежиме
2026-09-14 06:02:14,898 - INFO - [Loot] Находимся в энергорежиме
2026-09-14 06:03:49,124 - INFO - [Loot] Находимся в энергорежиме
2026-09-14 06:05:23,477 - INFO - [Loot] Находимся в энергорежиме
2026-09-14 06:06:57,706 - INFO - [Loot] Находимся в энергорежиме
2026-09-14 06:08:32,071 - INFO - [Loot] Находимся в энергорежиме
2026-09-14 06:10:06,239 - INFO - [Loot] Находимся в энергорежиме
2026-09-14 06:11:40,594 - INFO - [Loot] Находимся в энергорежиме
2026-09-14 06:13:14,851 - INFO - [Loot] Находимся в энергорежиме
2026-09-14 06:14:49,159 - INFO - [Loot] Находимся в энергорежиме
2026-09-14 06:16:23,492 - INFO - [Loot] Находимся в энергорежиме
2026-09-14 06:17:57,738 - INFO - [Loot] Находимся в энергорежиме
2026-09-14 06:19:32,004 - INFO - [Loot] Находимся в энергорежиме
2026-09-14 06:21:06,313 - INFO - [Loot] Находимся в энергорежиме
2026-09-14 06:22:40,609 - INFO - [Loot] Находимся в энергорежиме
2026-09-14 06:24:14,847 - INFO - [Loot] Находимся в энергорежиме
2026-09-14 06:25:49,085 - INFO - [Loot] Находимся в энергорежиме
2026-09-14 06:27:23,398 - INFO - [Loot] Находимся в энергорежиме
2026-09-14 06:28:57,719 - INFO - [Loot] Находимся в энергорежиме
2026-09-14 06:30:31,984 - INFO - [Loot] Находимся в энергорежиме
2026-09-14 06:32:06,284 - INFO - [Loot] Находимся в энергорежиме
2026-09-14 06:33:40,575 - INFO - [Loot] Находимся в энергорежиме
2026-09-14 06:35:14,854 - INFO - [Loot] Находимся в энергорежиме
2026-09-14 06:36:49,232 - INFO - [Loot] Находимся в энергорежиме
2026-09-14 06:38:23,430 - INFO - [Loot] Находимся в энергорежиме
2026-09-14 06:39:57,760 - INFO - [Loot] Находимся в энергорежиме
2026-09-14 06:41:32,022 - INFO - [Loot] Находимся в энергорежиме
2026-09-14 06:43:06,311 - INFO - [Loot] Находимся в энергорежиме
2026-09-14 06:44:40,573 - INFO - [Loot] Находимся в энергорежиме
2026-09-14 06:46:14,870 - INFO - [Loot] Находимся в энергорежиме
2026-09-14 06:47:49,116 - INFO - [Loot] Находимся в энергорежиме
2026-09-14 06:49:23,478 - INFO - [Loot] Находимся в энергорежиме
2026-09-14 06:50:57,719 - INFO - [Loot] Находимся в энергорежиме
2026-09-14 06:52:31,982 - INFO - [Loot] Находимся в энергорежиме
2026-09-14 06:54:06,292 - INFO - [Loot] Находимся в энергорежиме
2026-09-14 06:55:40,555 - INFO - [Loot] Находимся в энергорежиме
2026-09-14 06:57:14,816 - INFO - [Loot] Находимся в энергорежиме
2026-09-14 06:58:49,170 - INFO - [Loot] Находимся в энергорежиме
2026-09-14 07:00:23,486 - INFO - [Loot] Находимся в энергорежиме
2026-09-14 07:01:57,722 - INFO - [Loot] Находимся в энергорежиме
2026-09-14 07:03:32,027 - INFO - [Loot] Находимся в энергорежиме
2026-09-14 07:05:06,379 - INFO - [Loot] Находимся в энергорежиме
2026-09-14 07:06:40,547 - INFO - [Loot] Находимся в энергорежиме
2026-09-14 07:08:14,850 - INFO - [Loot] Находимся в энергорежиме
2026-09-14 07:09:49,132 - INFO - [Loot] Находимся в энергорежиме
2026-09-14 07:11:23,429 - INFO - [Loot] Находимся в энергорежиме
2026-09-14 07:12:57,749 - INFO - [Loot] Находимся в энергорежиме
2026-09-14 07:14:32,042 - INFO - [Loot] Находимся в энергорежиме
2026-09-14 07:16:06,255 - INFO - [Loot] Находимся в энергорежиме
2026-09-14 07:17:40,546 - INFO - [Loot] Находимся в энергорежиме
2026-09-14 07:19:14,860 - INFO - [Loot] Находимся в энергорежиме
2026-09-14 07:20:49,162 - INFO - [Loot] Находимся в энергорежиме
2026-09-14 07:22:23,422 - INFO - [Loot] Находимся в энергорежиме
2026-09-14 07:23:57,722 - INFO - [Loot] Находимся в энергорежиме
2026-09-14 07:25:32,023 - INFO - [Loot] Находимся в энергорежиме
2026-09-14 07:27:06,266 - INFO - [Loot] Находимся в энергорежиме
2026-09-14 07:28:40,621 - INFO - [Loot] Находимся в энергорежиме
2026-09-14 07:30:14,872 - INFO - [Loot] Находимся в энергорежиме
2026-09-14 07:31:49,152 - INFO - [Loot] Находимся в энергорежиме
2026-09-14 07:33:23,440 - INFO - [Loot] Находимся в энергорежиме
2026-09-14 07:34:57,732 - INFO - [Loot] Находимся в энергорежиме
2026-09-14 07:36:31,985 - INFO - [Loot] Находимся в энергорежиме
2026-09-14 07:38:06,293 - INFO - [Loot] Находимся в энергорежиме
2026-09-14 07:39:40,545 - INFO - [Loot] Находимся в энергорежиме
2026-09-14 07:41:14,869 - INFO - [Loot] Находимся в энергорежиме
2026-09-14 07:42:49,186 - INFO - [Loot] Находимся в энергорежиме
2026-09-14 07:44:23,428 - INFO - [Loot] Находимся в энергорежиме
2026-09-14 07:45:57,761 - INFO - [Loot] Находимся в энергорежиме
2026-09-14 07:47:32,016 - INFO - [Loot] Находимся в энергорежиме
2026-09-14 07:49:06,398 - INFO - [Loot] Находимся в энергорежиме
2026-09-14 07:50:40,643 - INFO - [Loot] Находимся в энергорежиме
2026-09-14 07:52:14,878 - INFO - [Loot] Находимся в энергорежиме
2026-09-14 07:53:49,132 - INFO - [Loot] Находимся в энергорежиме
2026-09-14 07:55:23,375 - INFO - [Loot] Находимся в энергорежиме
2026-09-14 07:56:57,709 - INFO - [Loot] Находимся в энергорежиме
2026-09-14 07:58:32,019 - INFO - [Loot] Находимся в энергорежиме
2026-09-14 08:00:06,303 - INFO - [Loot] Находимся в энергорежиме
2026-09-14 08:01:40,561 - INFO - [Loot] Находимся в энергорежиме
2026-09-14 08:03:14,812 - INFO - [Loot] Находимся в энергорежиме
2026-09-14 08:04:49,137 - INFO - [Loot] Находимся в энергорежиме
2026-09-14 08:06:23,472 - INFO - [Loot] Находимся в энергорежиме
2026-09-14 08:07:57,717 - INFO - [Loot] Находимся в энергорежиме
2026-09-14 08:09:31,994 - INFO - [Loot] Находимся в энергорежиме
2026-09-14 08:11:06,301 - INFO - [Loot] Находимся в энергорежиме
2026-09-14 08:12:40,564 - INFO - [Loot] Находимся в энергорежиме
2026-09-14 08:14:14,863 - INFO - [Loot] Находимся в энергорежиме
2026-09-14 08:15:49,132 - INFO - [Loot] Находимся в энергорежиме
2026-09-14 08:17:23,402 - INFO - [Loot] Находимся в энергорежиме
2026-09-14 08:18:57,749 - INFO - [Loot] Находимся в энергорежиме
2026-09-14 08:20:32,047 - INFO - [Loot] Находимся в энергорежиме
2026-09-14 08:22:06,242 - INFO - [Loot] Находимся в энергорежиме
2026-09-14 08:23:40,572 - INFO - [Loot] Находимся в энергорежиме
2026-09-14 08:25:14,855 - INFO - [Loot] Находимся в энергорежиме
2026-09-14 08:26:49,167 - INFO - [Loot] Находимся в энергорежиме
2026-09-14 08:28:23,435 - INFO - [Loot] Находимся в энергорежиме
2026-09-14 08:29:57,672 - INFO - [Loot] Находимся в энергорежиме
2026-09-14 08:31:32,013 - INFO - [Loot] Находимся в энергорежиме
2026-09-14 08:33:06,259 - INFO - [Loot] Находимся в энергорежиме
2026-09-14 08:34:40,576 - INFO - [Loot] Находимся в энергорежиме
2026-09-14 08:36:14,844 - INFO - [Loot] Находимся в энергорежиме
2026-09-14 08:37:49,112 - INFO - [Loot] Находимся в энергорежиме
2026-09-14 08:39:23,453 - INFO - [Loot] Находимся в энергорежиме
2026-09-14 08:40:57,779 - INFO - [Loot] Находимся в энергорежиме
2026-09-14 08:42:32,053 - INFO - [Loot] Находимся в энергорежиме
2026-09-14 08:44:06,303 - INFO - [Loot] Находимся в энергорежиме
2026-09-14 08:45:40,650 - INFO - [Loot] Находимся в энергорежиме
2026-09-14 08:47:14,932 - INFO - [Loot] Находимся в энергорежиме
2026-09-14 08:48:49,123 - INFO - [Loot] Находимся в энергорежиме
2026-09-14 08:50:23,466 - INFO - [Loot] Находимся в энергорежиме
2026-09-14 08:51:57,734 - INFO - [Loot] Находимся в энергорежиме
2026-09-14 08:53:31,965 - INFO - [Loot] Находимся в энергорежиме
2026-09-14 08:55:06,307 - INFO - [Loot] Находимся в энергорежиме
2026-09-14 08:56:40,612 - INFO - [Loot] Находимся в энергорежиме
2026-09-14 08:58:14,890 - INFO - [Loot] Находимся в энергорежиме
2026-09-14 08:59:49,175 - INFO - [Loot] Находимся в энергорежиме
2026-09-14 09:01:23,449 - INFO - [Loot] Находимся в энергорежиме
2026-09-14 09:02:57,732 - INFO - [Loot] Находимся в энергорежиме
2026-09-14 09:04:32,039 - INFO - [Loot] Находимся в энергорежиме
2026-09-14 09:06:06,296 - INFO - [Loot] Находимся в энергорежиме
2026-09-14 09:07:40,565 - INFO - [Loot] Находимся в энергорежиме
2026-09-14 09:09:14,886 - INFO - [Loot] Находимся в энергорежиме
2026-09-14 09:10:49,167 - INFO - [Loot] Находимся в энергорежиме
2026-09-14 09:12:23,445 - INFO - [Loot] Находимся в энергорежиме
2026-09-14 09:13:57,751 - INFO - [Loot] Находимся в энергорежиме
2026-09-14 09:15:32,025 - INFO - [Loot] Находимся в энергорежиме
2026-09-14 09:17:06,300 - INFO - [Loot] Находимся в энергорежиме
2026-09-14 09:18:40,565 - INFO - [Loot] Находимся в энергорежиме
2026-09-14 09:20:14,897 - INFO - [Loot] Находимся в энергорежиме
2026-09-14 09:21:49,199 - INFO - [Loot] Находимся в энергорежиме
2026-09-14 09:23:23,477 - INFO - [Loot] Находимся в энергорежиме
2026-09-14 09:24:57,743 - INFO - [Loot] Находимся в энергорежиме
2026-09-14 09:26:32,063 - INFO - [Loot] Находимся в энергорежиме
2026-09-14 09:28:06,281 - INFO - [Loot] Находимся в энергорежиме
2026-09-14 09:29:40,599 - INFO - [Loot] Находимся в энергорежиме
2026-09-14 09:31:14,890 - INFO - [Loot] Находимся в энергорежиме
2026-09-14 09:32:49,138 - INFO - [Loot] Находимся в энергорежиме
2026-09-14 09:34:23,431 - INFO - [Loot] Находимся в энергорежиме
2026-09-14 09:35:57,745 - INFO - [Loot] Находимся в энергорежиме
2026-09-14 09:37:32,014 - INFO - [Loot] Находимся в энергорежиме
2026-09-14 09:39:06,266 - INFO - [Loot] Находимся в энергорежиме
2026-09-14 09:40:40,568 - INFO - [Loot] Находимся в энергорежиме
2026-09-14 09:42:14,860 - INFO - [Loot] Находимся в энергорежиме
2026-09-14 09:43:49,184 - INFO - [Loot] Находимся в энергорежиме
2026-09-14 09:45:23,493 - INFO - [Loot] Находимся в энергорежиме
2026-09-14 09:46:57,690 - INFO - [Loot] Находимся в энергорежиме
2026-09-14 09:48:32,003 - INFO - [Loot] Находимся в энергорежиме
2026-09-14 09:50:06,321 - INFO - [Loot] Находимся в энергорежиме
2026-09-14 09:51:40,603 - INFO - [Loot] Находимся в энергорежиме
2026-09-14 09:53:14,906 - INFO - [Loot] Находимся в энергорежиме
2026-09-14 09:54:49,144 - INFO - [Loot] Находимся в энергорежиме
2026-09-14 09:56:23,470 - INFO - [Loot] Находимся в энергорежиме
2026-09-14 09:57:57,811 - INFO - [Loot] Находимся в энергорежиме
2026-09-14 09:59:32,050 - INFO - [Loot] Находимся в энергорежиме
2026-09-14 10:00:03,524 - INFO - [Loot] Ивент claim_mail добавлен в очередь с приоритетом 9
2026-09-14 10:00:03,526 - INFO - [Loot] Обработка: claim_mail
2026-09-14 10:00:03,526 - INFO - [Loot] Не мониторю новые события во время почты
2026-09-14 10:00:03,527 - INFO - [Loot] Находимся в энергорежиме
2026-09-14 10:00:38,953 - INFO - [Loot] Нашел почту
2026-09-14 10:00:52,690 - INFO - [Loot] Почта собрана
2026-09-14 10:00:53,183 - INFO - [Loot] Почта успешно собрана
2026-09-14 10:00:55,500 - INFO - [Loot] Не находимся в энерго
2026-09-14 10:03:13,134 - INFO - [Loot] Находимся в энергорежиме
2026-09-14 10:04:47,753 - INFO - [Loot] Находимся в энергорежиме
2026-09-14 10:06:22,057 - INFO - [Loot] Находимся в энергорежиме
2026-09-14 10:07:56,261 - INFO - [Loot] Находимся в энергорежиме
2026-09-14 10:09:30,553 - INFO - [Loot] Находимся в энергорежиме
2026-09-14 10:11:04,870 - INFO - [Loot] Находимся в энергорежиме
2026-09-14 10:12:39,175 - INFO - [Loot] Находимся в энергорежиме
2026-09-14 10:14:13,452 - INFO - [Loot] Находимся в энергорежиме
2026-09-14 10:15:47,806 - INFO - [Loot] Находимся в энергорежиме
2026-09-14 10:17:22,022 - INFO - [Loot] Находимся в энергорежиме
2026-09-14 10:18:56,336 - INFO - [Loot] Находимся в энергорежиме
2026-09-14 10:20:30,552 - INFO - [Loot] Находимся в энергорежиме
2026-09-14 10:22:04,861 - INFO - [Loot] Находимся в энергорежиме
2026-09-14 10:23:39,140 - INFO - [Loot] Находимся в энергорежиме
2026-09-14 10:25:13,469 - INFO - [Loot] Находимся в энергорежиме
2026-09-14 10:26:47,721 - INFO - [Loot] Находимся в энергорежиме
2026-09-14 10:28:22,008 - INFO - [Loot] Находимся в энергорежиме
2026-09-14 10:29:56,333 - INFO - [Loot] Находимся в энергорежиме
2026-09-14 10:31:30,548 - INFO - [Loot] Находимся в энергорежиме
2026-09-14 10:33:04,889 - INFO - [Loot] Находимся в энергорежиме
2026-09-14 10:34:39,124 - INFO - [Loot] Находимся в энергорежиме
2026-09-14 10:36:13,431 - INFO - [Loot] Находимся в энергорежиме
2026-09-14 10:37:47,763 - INFO - [Loot] Находимся в энергорежиме
2026-09-14 10:39:22,015 - INFO - [Loot] Находимся в энергорежиме
2026-09-14 10:40:56,296 - INFO - [Loot] Находимся в энергорежиме
2026-09-14 10:42:30,578 - INFO - [Loot] Находимся в энергорежиме
2026-09-14 10:44:04,869 - INFO - [Loot] Находимся в энергорежиме
2026-09-14 10:45:39,134 - INFO - [Loot] Находимся в энергорежиме
2026-09-14 10:47:13,468 - INFO - [Loot] Находимся в энергорежиме
2026-09-14 10:48:47,725 - INFO - [Loot] Находимся в энергорежиме
2026-09-14 10:50:22,007 - INFO - [Loot] Находимся в энергорежиме
2026-09-14 10:51:56,268 - INFO - [Loot] Находимся в энергорежиме
2026-09-14 10:53:30,554 - INFO - [Loot] Находимся в энергорежиме
2026-09-14 10:55:07,175 - INFO - [Loot] Не находимся в энерго
2026-09-14 10:55:39,508 - INFO - [Loot] Не находимся в энерго
2026-09-14 10:56:11,838 - INFO - [Loot] Не находимся в энерго
2026-09-14 10:56:44,154 - INFO - [Loot] Не находимся в энерго
2026-09-14 10:57:16,501 - INFO - [Loot] Не находимся в энерго
2026-09-14 10:57:46,521 - INFO - [Loot] Находимся в энергорежиме
2026-09-14 15:19:39,007 - INFO - [Loot] Находимся в энергорежиме
2026-09-14 15:19:50,482 - INFO - [Loot] Ищем вкладки
2026-09-14 15:19:52,508 - INFO - [Loot] Перешел на вкладку: (381, 34)
2026-09-14 15:19:53,913 - INFO - [Loot] Собираю награду тут: (302, 101)
2026-09-14 15:20:00,367 - INFO - [Loot] Перешел на вкладку: (381, 59)
2026-09-14 15:20:01,800 - INFO - [Loot] Собираю награду тут: (302, 101)
2026-09-14 15:20:06,363 - INFO - [Loot] Всего собрано: 2
2026-09-14 15:20:06,364 - INFO - [Loot] Дейлик успешно собран
2026-09-14 15:20:08,690 - INFO - [Loot] Не находимся в энерго
2026-09-14 15:20:11,170 - INFO - [Loot] Нашел почту
2026-09-14 15:20:18,113 - INFO - [Loot] Почта собрана
2026-09-14 15:20:18,594 - INFO - [Loot] Почта успешно собран
2026-09-14 15:20:20,908 - INFO - [Loot] Не находимся в энерго
2026-09-14 15:20:25,926 - INFO - [Loot] Нет красной точки на иконке достижений
2026-09-14 15:20:25,926 - INFO - [Loot] Нет новых ачивы или не удалось собрать
2026-09-14 15:20:28,243 - INFO - [Loot] Не находимся в энерго
2026-09-14 15:20:29,456 - INFO - [Loot] Нашел сбор клана
2026-09-14 15:20:39,755 - INFO - [Loot] Клан успешно собран
2026-09-14 15:20:42,071 - INFO - [Loot] Не находимся в энерго
2026-09-14 15:20:45,186 - INFO - [Loot] Нашел сбор альянса, жму
2026-09-14 15:20:51,863 - INFO - [Loot] Альянс успешно собран
2026-09-14 15:20:54,172 - INFO - [Loot] Не находимся в энерго
2026-09-14 15:20:59,452 - INFO - [Loot] Батлпасса нет, собирать не будем
2026-09-14 15:20:59,453 - INFO - [Loot] Нет новых пасс или не удалось собрать
2026-09-14 15:21:01,768 - INFO - [Loot] Не находимся в энерго
2026-09-14 15:21:08,481 - INFO - [Loot] Вылезла обычная реклама, закрыл гадость
2026-09-14 15:21:27,508 - INFO - [Loot] Шоп успешно собран
2026-09-14 15:21:29,816 - INFO - [Loot] Не находимся в энерго
2026-09-14 15:21:36,482 - INFO - [Loot] main_loop завершился
2026-09-14 17:30:52,946 - INFO - [Loot] Запуск профиля PVP Dodge 2.1.4
2026-09-14 17:30:53,192 - INFO - [Loot] hunt succ
2026-09-14 17:30:53,226 - INFO - [Loot] Находимся в энергорежиме
2026-09-14 17:32:53,256 - INFO - [Loot] Находимся в энергорежиме
2026-09-14 17:34:32,388 - INFO - [Loot] Находимся в энергорежиме
2026-09-14 17:34:41,534 - INFO - [Loot] Ивент scheduler_mode добавлен в очередь с приоритетом 16
2026-09-14 17:34:41,534 - INFO - [Loot] Обработка: scheduler_mode
2026-09-14 17:34:41,535 - INFO - [Loot] Шедуля-часовой: ивент — перезапускаю Шедулю
2026-09-14 17:34:41,535 - INFO - [Loot] Запускаю Шедулю (полный цикл)
2026-09-14 17:34:41,535 - INFO - [Loot] Находимся в энергорежиме
2026-09-14 17:34:53,517 - INFO - [Loot] Шедуля запущена — меню закрылось само, жду разгона (~20 сек)
2026-09-14 17:35:15,840 - INFO - [Loot] Не находимся в энерго
2026-09-14 17:35:28,174 - INFO - [Loot] Находимся в энергорежиме
2026-09-14 17:37:28,174 - INFO - [Loot] Находимся в энергорежиме
2026-09-14 17:39:02,739 - INFO - [Loot] Находимся в энергорежиме
2026-09-14 17:40:36,978 - INFO - [Loot] Находимся в энергорежиме
2026-09-14 17:41:21,975 - INFO - [Loot] main_loop завершился
2026-09-14 17:41:21,975 - INFO - [Loot] dodger stopped =(
2026-09-14 22:30:07,298 - INFO - [Loot] Находимся в энергорежиме
2026-09-14 22:30:11,673 - INFO - [Loot] Аук: запущен relist (снять+найти+поставить)
2026-09-14 22:30:13,498 - INFO - [Loot] Не находимся в энерго
2026-09-14 22:30:34,714 - INFO - [Loot] Аук: загрузился
2026-09-14 22:30:34,723 - INFO - [Loot] Аук: сохранил позицию окна до resize: (0,305) 400x225
2026-09-14 22:30:34,740 - INFO - [Loot] Аук: выбрал позицию (0, 40) (занято: set())
2026-09-14 22:30:36,558 - INFO - [Loot] Аук: окно в рабочем размере (попытка 1) на (0,40)
2026-09-14 22:30:39,825 - INFO - [Loot] Аук: вкладка Продажа открыта
2026-09-14 22:30:39,825 - INFO - [Loot] Аук: предмет 1/10
2026-09-14 22:30:39,832 - INFO - [Loot] Аук: сохранён au_lot_zone.png
2026-09-14 22:30:39,833 - INFO - [Loot] Аук: сохранён au_sample.png
2026-09-14 22:30:39,835 - INFO - [Loot] Аук: SIFT образец (лот): 0 точек
2026-09-14 22:30:40,186 - DEBUG - [Loot] Аук: статус лота OCR: '='
2026-09-14 22:30:40,186 - DEBUG - [Loot] Аук: статус зелёных пикселей: 0 (0.00%)
2026-09-14 22:30:40,186 - WARNING - [Loot] Аук: OCR вернул пусто ('=') — НЕ ТРОГАЮ лот (безопасно, вдруг это «Продаётся»)
2026-09-14 22:30:40,187 - INFO - [Loot] Аук: первый лот в статусе «Продаётся» — пропускаю, не трогаю (защита от вечного цикла)
2026-09-14 22:30:40,187 - INFO - [Loot] Аук: лотов больше нет на странице (предмет 1)
2026-09-14 22:30:42,948 - INFO - [Loot] Аук: аук закрыт
2026-09-14 22:30:43,489 - INFO - [Loot] Аук: окно возвращено 400x225 на (0,305)
2026-09-14 22:30:45,298 - INFO - [Loot] Не находимся в энерго
2026-09-14 22:30:49,419 - INFO - [Loot] Аук: окно уложено спать (энерго включён)
2026-09-14 22:30:49,419 - INFO - [Loot] Аук: нечего переставлять (все лоты в «Продаётся» или список пуст)
2026-09-14 22:30:49,419 - WARNING - [Loot] log_uploader: нет GitHub-токена (.github_token / tg.ini [github] / env L2M_GITHUB_TOKEN) — пропускаю. Создай файл .github_token с токеном в корне проекта.
2026-09-14 22:30:49,419 - INFO - [Loot] Шось сломалось либо не смог перевыставить аук
2026-09-14 22:30:55,557 - INFO - [Loot] main_loop завершился
2026-09-14 23:14:30,691 - INFO - [Loot] Находимся в энергорежиме
2026-09-14 23:14:35,395 - INFO - [Loot] Аук: запущен relist (снять+найти+поставить)
2026-09-14 23:14:37,222 - INFO - [Loot] Не находимся в энерго
2026-09-14 23:14:58,439 - INFO - [Loot] Аук: загрузился
2026-09-14 23:14:58,445 - INFO - [Loot] Аук: сохранил позицию окна до resize: (0,305) 400x225
2026-09-14 23:14:58,463 - INFO - [Loot] Аук: выбрал позицию (0, 40) (занято: set())
2026-09-14 23:15:00,114 - INFO - [Loot] Аук: окно в рабочем размере (попытка 1) на (0,40)
2026-09-14 23:15:03,357 - INFO - [Loot] Аук: вкладка Продажа открыта
2026-09-14 23:15:03,623 - INFO - [Loot] Аук: сохранён фулл-скрин au_after_tab_sell.png (2560x1440)
2026-09-14 23:15:03,627 - INFO - [Loot] Аук: предмет 1/10
2026-09-14 23:15:03,641 - INFO - [Loot] Аук: сохранён au_lot_zone.png
2026-09-14 23:15:03,642 - INFO - [Loot] Аук: сохранён au_sample.png
2026-09-14 23:15:03,644 - INFO - [Loot] Аук: SIFT образец (лот): 0 точек
2026-09-14 23:15:04,065 - DEBUG - [Loot] Аук: статус лота OCR: 'брани). 1'
2026-09-14 23:15:04,065 - DEBUG - [Loot] Аук: статус зелёных пикселей: 0 (0.00%)
2026-09-14 23:15:04,065 - INFO - [Loot] Аук: образец лота пустой (нет иконки) и статус не «Продаётся» — видимо список лотов пуст. Завершаю прогон (не ошибка).
2026-09-14 23:15:04,065 - INFO - [Loot] Аук: лотов больше нет на странице (предмет 1)
2026-09-14 23:15:06,803 - INFO - [Loot] Аук: аук закрыт
2026-09-14 23:15:07,359 - INFO - [Loot] Аук: окно возвращено 400x225 на (0,305)
2026-09-14 23:15:09,174 - INFO - [Loot] Не находимся в энерго
2026-09-14 23:15:09,174 - WARNING - [Loot] Аук: энерго не включился (попытка 1/3) — пытаюсь ещё раз
2026-09-14 23:15:15,290 - INFO - [Loot] Находимся в энергорежиме
2026-09-14 23:15:15,291 - INFO - [Loot] Аук: окно уложено спать (энерго включён, попытка 2)
2026-09-14 23:15:15,559 - INFO - [Loot] Аук: сохранён фулл-скрин au_final_fullscreen.png (2560x1440)
2026-09-14 23:15:15,565 - INFO - [Loot] Аук: нечего переставлять (все лоты в «Продаётся» или список пуст)
2026-09-14 23:15:15,565 - WARNING - [Loot] log_uploader: файл лога не найден: C:\Users\PC\Desktop\logs\Loot.log
2026-09-14 23:15:15,566 - DEBUG - [Loot] log_uploader: debug PNG не найдены
2026-09-14 23:15:15,566 - INFO - [Loot] Шось сломалось либо не смог перевыставить аук
2026-09-14 23:15:25,705 - INFO - [Loot] main_loop завершился
2026-09-15 00:32:17,816 - INFO - [Loot] Находимся в энергорежиме
2026-09-15 00:32:22,549 - INFO - [Loot] Аук: запущен relist (снять+найти+поставить)
2026-09-15 00:32:24,364 - INFO - [Loot] Не находимся в энерго
2026-09-15 00:32:49,382 - INFO - [Loot] Аук: загрузился
2026-09-15 00:32:49,398 - INFO - [Loot] Аук: сохранил позицию окна до resize: (0,305) 400x225
2026-09-15 00:32:49,414 - INFO - [Loot] Аук: выбрал позицию (1280, 40) (занято: {(0, 40)})
2026-09-15 00:32:51,081 - INFO - [Loot] Аук: окно в рабочем размере (попытка 1) на (1280,40)
2026-09-15 00:32:54,332 - INFO - [Loot] Аук: вкладка Продажа открыта
2026-09-15 00:32:54,574 - INFO - [Loot] Аук: сохранён фулл-скрин au_after_tab_sell.png (2560x1440)
2026-09-15 00:32:54,578 - INFO - [Loot] Аук: предмет 1/10
2026-09-15 00:32:54,600 - INFO - [Loot] Аук: сохранён au_lot_zone.png
2026-09-15 00:32:54,601 - INFO - [Loot] Аук: сохранён au_sample.png
2026-09-15 00:32:54,603 - INFO - [Loot] Аук: SIFT образец (лот): 0 точек
2026-09-15 00:32:55,017 - DEBUG - [Loot] Аук: статус лота OCR: '='
2026-09-15 00:32:55,017 - DEBUG - [Loot] Аук: статус зелёных пикселей: 0 (0.00%)
2026-09-15 00:32:55,017 - WARNING - [Loot] Аук: OCR вернул пусто ('=') — НЕ ТРОГАЮ лот (безопасно, вдруг это «Продаётся»)
2026-09-15 00:32:55,017 - INFO - [Loot] Аук: первый лот в статусе «Продаётся» — пропускаю, не трогаю (защита от вечного цикла)
2026-09-15 00:32:55,018 - INFO - [Loot] Аук: лотов больше нет на странице (предмет 1)
2026-09-15 00:32:57,899 - INFO - [Loot] Аук: аук закрыт
2026-09-15 00:32:58,426 - INFO - [Loot] Аук: окно возвращено 400x225 на (0,305)
2026-09-15 00:33:00,247 - INFO - [Loot] Не находимся в энерго
2026-09-15 00:33:00,247 - WARNING - [Loot] Аук: энерго не включился (попытка 1/3) — пытаюсь ещё раз
2026-09-15 00:33:27,534 - INFO - [Loot] Находимся в энергорежиме
2026-09-15 00:33:27,534 - INFO - [Loot] Аук: окно уложено спать (энерго включён, попытка 2)
2026-09-15 00:33:27,762 - INFO - [Loot] Аук: сохранён фулл-скрин au_final_fullscreen.png (2560x1440)
2026-09-15 00:33:27,768 - INFO - [Loot] Аук: нечего переставлять (все лоты в «Продаётся» или список пуст)
