=== Log tail 2026-10-04T13:10:53.409825 | last 200 lines ===
2026-10-04 13:01:44,569 - INFO - [global] needs_update: local=(5, 13, 7) remote=(5, 13, 9) -> has_update=True
2026-10-04 13:01:44,569 - INFO - [global] Доступна обнова! Спавню кнопку
2026-10-04 13:01:58,859 - INFO - [global] LogUploader: запускаю upload_run_logs...
2026-10-04 13:01:58,860 - DEBUG - [global] log_uploader: START window=periodic made=-1 token=...Rjnfq
2026-10-04 13:01:59,936 - DEBUG - [global] _api_put: GET runs/20261004_130158_fail_periodic.log -> 404
2026-10-04 13:02:01,971 - DEBUG - [global] _api_put: PUT runs/20261004_130158_fail_periodic.log -> 201 (14081 bytes)
2026-10-04 13:02:01,975 - DEBUG - [global] log_uploader: STEP 1 (window log) -> https://github.com/StarateJI/L2Mauto/blob/bot-logs/runs/20261004_130158_fail_periodic.log
2026-10-04 13:02:01,976 - DEBUG - [global] log_uploader: STEP 2 SKIP (no PNGs)
2026-10-04 13:02:03,157 - DEBUG - [global] _api_put: GET runs/20261004_130158_fail_global.log -> 404
2026-10-04 13:02:05,300 - DEBUG - [global] _api_put: PUT runs/20261004_130158_fail_global.log -> 201 (20019 bytes)
2026-10-04 13:02:05,303 - DEBUG - [global] log_uploader: STEP 3 (global log) -> https://github.com/StarateJI/L2Mauto/blob/bot-logs/runs/20261004_130158_fail_global.log
2026-10-04 13:02:05,303 - DEBUG - [global] log_uploader: END window=periodic
2026-10-04 13:02:05,303 - INFO - [global] LogUploader: upload_run_logs завершён
2026-10-04 13:02:14,590 - INFO - [global] Проверяю обновы...
2026-10-04 13:02:15,579 - DEBUG - [global] needs_update: raw → 5.13.09
2026-10-04 13:02:15,764 - DEBUG - [global] needs_update: API → 5.13.09
2026-10-04 13:02:15,765 - DEBUG - [global] needs_update: лучший источник raw → 5.13.09 (из 2)
2026-10-04 13:02:15,765 - INFO - [global] needs_update: local=(5, 13, 7) remote=(5, 13, 9) -> has_update=True
2026-10-04 13:02:15,765 - INFO - [global] Доступна обнова! Спавню кнопку
2026-10-04 13:02:45,791 - INFO - [global] Проверяю обновы...
2026-10-04 13:02:46,963 - DEBUG - [global] needs_update: API → 5.13.09
2026-10-04 13:02:46,976 - DEBUG - [global] needs_update: raw → 5.13.09
2026-10-04 13:02:46,977 - DEBUG - [global] needs_update: лучший источник API → 5.13.09 (из 2)
2026-10-04 13:02:46,977 - INFO - [global] needs_update: local=(5, 13, 7) remote=(5, 13, 9) -> has_update=True
2026-10-04 13:02:46,977 - INFO - [global] Доступна обнова! Спавню кнопку
2026-10-04 13:03:05,351 - INFO - [global] LogUploader: запускаю upload_run_logs...
2026-10-04 13:03:05,352 - DEBUG - [global] log_uploader: START window=periodic made=-1 token=...Rjnfq
2026-10-04 13:03:06,608 - DEBUG - [global] _api_put: GET runs/20261004_130305_fail_periodic.log -> 404
2026-10-04 13:03:08,778 - DEBUG - [global] _api_put: PUT runs/20261004_130305_fail_periodic.log -> 201 (14081 bytes)
2026-10-04 13:03:08,780 - DEBUG - [global] log_uploader: STEP 1 (window log) -> https://github.com/StarateJI/L2Mauto/blob/bot-logs/runs/20261004_130305_fail_periodic.log
2026-10-04 13:03:08,781 - DEBUG - [global] log_uploader: STEP 2 SKIP (no PNGs)
2026-10-04 13:03:09,928 - DEBUG - [global] _api_put: GET runs/20261004_130305_fail_global.log -> 404
2026-10-04 13:03:12,051 - DEBUG - [global] _api_put: PUT runs/20261004_130305_fail_global.log -> 201 (20019 bytes)
2026-10-04 13:03:12,054 - DEBUG - [global] log_uploader: STEP 3 (global log) -> https://github.com/StarateJI/L2Mauto/blob/bot-logs/runs/20261004_130305_fail_global.log
2026-10-04 13:03:12,054 - DEBUG - [global] log_uploader: END window=periodic
2026-10-04 13:03:12,054 - INFO - [global] LogUploader: upload_run_logs завершён
2026-10-04 13:03:16,998 - INFO - [global] Проверяю обновы...
2026-10-04 13:03:18,023 - DEBUG - [global] needs_update: raw → 5.13.09
2026-10-04 13:03:18,181 - DEBUG - [global] needs_update: API → 5.13.09
2026-10-04 13:03:18,182 - DEBUG - [global] needs_update: лучший источник raw → 5.13.09 (из 2)
2026-10-04 13:03:18,182 - INFO - [global] needs_update: local=(5, 13, 7) remote=(5, 13, 9) -> has_update=True
2026-10-04 13:03:18,182 - INFO - [global] Доступна обнова! Спавню кнопку
2026-10-04 13:03:48,202 - INFO - [global] Проверяю обновы...
2026-10-04 13:03:49,213 - DEBUG - [global] needs_update: raw → 5.13.09
2026-10-04 13:03:49,374 - DEBUG - [global] needs_update: API → 5.13.09
2026-10-04 13:03:49,376 - DEBUG - [global] needs_update: лучший источник raw → 5.13.09 (из 2)
2026-10-04 13:03:49,376 - INFO - [global] needs_update: local=(5, 13, 7) remote=(5, 13, 9) -> has_update=True
2026-10-04 13:03:49,376 - INFO - [global] Доступна обнова! Спавню кнопку
2026-10-04 13:04:12,094 - INFO - [global] LogUploader: запускаю upload_run_logs...
2026-10-04 13:04:12,096 - DEBUG - [global] log_uploader: START window=periodic made=-1 token=...Rjnfq
2026-10-04 13:04:13,121 - DEBUG - [global] _api_put: GET runs/20261004_130412_fail_periodic.log -> 404
2026-10-04 13:04:15,191 - DEBUG - [global] _api_put: PUT runs/20261004_130412_fail_periodic.log -> 201 (14081 bytes)
2026-10-04 13:04:15,193 - DEBUG - [global] log_uploader: STEP 1 (window log) -> https://github.com/StarateJI/L2Mauto/blob/bot-logs/runs/20261004_130412_fail_periodic.log
2026-10-04 13:04:15,194 - DEBUG - [global] log_uploader: STEP 2 SKIP (no PNGs)
2026-10-04 13:04:16,398 - DEBUG - [global] _api_put: GET runs/20261004_130412_fail_global.log -> 404
2026-10-04 13:04:18,515 - DEBUG - [global] _api_put: PUT runs/20261004_130412_fail_global.log -> 201 (20019 bytes)
2026-10-04 13:04:18,518 - DEBUG - [global] log_uploader: STEP 3 (global log) -> https://github.com/StarateJI/L2Mauto/blob/bot-logs/runs/20261004_130412_fail_global.log
2026-10-04 13:04:18,518 - DEBUG - [global] log_uploader: END window=periodic
2026-10-04 13:04:18,518 - INFO - [global] LogUploader: upload_run_logs завершён
2026-10-04 13:04:19,399 - INFO - [global] Проверяю обновы...
2026-10-04 13:04:20,404 - DEBUG - [global] needs_update: raw → 5.13.09
2026-10-04 13:04:20,543 - DEBUG - [global] needs_update: API → 5.13.09
2026-10-04 13:04:20,543 - DEBUG - [global] needs_update: лучший источник raw → 5.13.09 (из 2)
2026-10-04 13:04:20,543 - INFO - [global] needs_update: local=(5, 13, 7) remote=(5, 13, 9) -> has_update=True
2026-10-04 13:04:20,544 - INFO - [global] Доступна обнова! Спавню кнопку
2026-10-04 13:04:50,567 - INFO - [global] Проверяю обновы...
2026-10-04 13:04:51,506 - DEBUG - [global] needs_update: raw → 5.13.09
2026-10-04 13:04:51,705 - DEBUG - [global] needs_update: API → 5.13.09
2026-10-04 13:04:51,706 - DEBUG - [global] needs_update: лучший источник raw → 5.13.09 (из 2)
2026-10-04 13:04:51,706 - INFO - [global] needs_update: local=(5, 13, 7) remote=(5, 13, 9) -> has_update=True
2026-10-04 13:04:51,706 - INFO - [global] Доступна обнова! Спавню кнопку
2026-10-04 13:05:18,553 - INFO - [global] LogUploader: запускаю upload_run_logs...
2026-10-04 13:05:18,555 - DEBUG - [global] log_uploader: START window=periodic made=-1 token=...Rjnfq
2026-10-04 13:05:19,627 - DEBUG - [global] _api_put: GET runs/20261004_130518_fail_periodic.log -> 404
2026-10-04 13:05:21,663 - DEBUG - [global] _api_put: PUT runs/20261004_130518_fail_periodic.log -> 201 (14081 bytes)
2026-10-04 13:05:21,666 - DEBUG - [global] log_uploader: STEP 1 (window log) -> https://github.com/StarateJI/L2Mauto/blob/bot-logs/runs/20261004_130518_fail_periodic.log
2026-10-04 13:05:21,668 - DEBUG - [global] log_uploader: STEP 2 SKIP (no PNGs)
2026-10-04 13:05:21,729 - INFO - [global] Проверяю обновы...
2026-10-04 13:05:22,767 - DEBUG - [global] needs_update: raw → 5.13.09
2026-10-04 13:05:22,941 - DEBUG - [global] needs_update: API → 5.13.09
2026-10-04 13:05:22,942 - DEBUG - [global] needs_update: лучший источник raw → 5.13.09 (из 2)
2026-10-04 13:05:22,942 - INFO - [global] needs_update: local=(5, 13, 7) remote=(5, 13, 9) -> has_update=True
2026-10-04 13:05:22,942 - INFO - [global] Доступна обнова! Спавню кнопку
2026-10-04 13:05:23,028 - DEBUG - [global] _api_put: GET runs/20261004_130518_fail_global.log -> 404
2026-10-04 13:05:25,131 - DEBUG - [global] _api_put: PUT runs/20261004_130518_fail_global.log -> 201 (20021 bytes)
2026-10-04 13:05:25,135 - DEBUG - [global] log_uploader: STEP 3 (global log) -> https://github.com/StarateJI/L2Mauto/blob/bot-logs/runs/20261004_130518_fail_global.log
2026-10-04 13:05:25,135 - DEBUG - [global] log_uploader: END window=periodic
2026-10-04 13:05:25,135 - INFO - [global] LogUploader: upload_run_logs завершён
2026-10-04 13:05:52,971 - INFO - [global] Проверяю обновы...
2026-10-04 13:05:53,918 - DEBUG - [global] needs_update: raw → 5.13.09
2026-10-04 13:05:54,113 - DEBUG - [global] needs_update: API → 5.13.09
2026-10-04 13:05:54,113 - DEBUG - [global] needs_update: лучший источник raw → 5.13.09 (из 2)
2026-10-04 13:05:54,113 - INFO - [global] needs_update: local=(5, 13, 7) remote=(5, 13, 9) -> has_update=True
2026-10-04 13:05:54,113 - INFO - [global] Доступна обнова! Спавню кнопку
2026-10-04 13:06:24,129 - INFO - [global] Проверяю обновы...
2026-10-04 13:06:25,062 - DEBUG - [global] needs_update: raw → 5.13.09
2026-10-04 13:06:25,172 - INFO - [global] LogUploader: запускаю upload_run_logs...
2026-10-04 13:06:25,173 - DEBUG - [global] log_uploader: START window=periodic made=-1 token=...Rjnfq
2026-10-04 13:06:25,262 - DEBUG - [global] needs_update: API → 5.13.09
2026-10-04 13:06:25,263 - DEBUG - [global] needs_update: лучший источник raw → 5.13.09 (из 2)
2026-10-04 13:06:25,263 - INFO - [global] needs_update: local=(5, 13, 7) remote=(5, 13, 9) -> has_update=True
2026-10-04 13:06:25,263 - INFO - [global] Доступна обнова! Спавню кнопку
2026-10-04 13:06:26,208 - DEBUG - [global] _api_put: GET runs/20261004_130625_fail_periodic.log -> 404
2026-10-04 13:06:28,547 - DEBUG - [global] _api_put: PUT runs/20261004_130625_fail_periodic.log -> 201 (14081 bytes)
2026-10-04 13:06:28,548 - DEBUG - [global] log_uploader: STEP 1 (window log) -> https://github.com/StarateJI/L2Mauto/blob/bot-logs/runs/20261004_130625_fail_periodic.log
2026-10-04 13:06:28,550 - DEBUG - [global] log_uploader: STEP 2 SKIP (no PNGs)
2026-10-04 13:06:29,669 - DEBUG - [global] _api_put: GET runs/20261004_130625_fail_global.log -> 404
2026-10-04 13:06:31,696 - DEBUG - [global] _api_put: PUT runs/20261004_130625_fail_global.log -> 409 (19974 bytes)
2026-10-04 13:06:31,696 - WARNING - [global] _api_put: PUT failed body: {"message":"is at 5f8235bfe0080f54ad0aa134f790521f86f85989 but expected 4a0a9ad3ce4830836aaf56fff4caf10fbb779fe0","documentation_url":"https://docs.github.com/rest/repos/contents#create-or-update-file
2026-10-04 13:06:31,699 - DEBUG - [global] log_uploader: STEP 3 (global log) -> FAILED
2026-10-04 13:06:31,699 - DEBUG - [global] log_uploader: END window=periodic
2026-10-04 13:06:31,699 - INFO - [global] LogUploader: upload_run_logs завершён
2026-10-04 13:06:55,282 - INFO - [global] Проверяю обновы...
2026-10-04 13:06:56,220 - DEBUG - [global] needs_update: raw → 5.13.09
2026-10-04 13:06:56,389 - DEBUG - [global] needs_update: API → 5.13.09
2026-10-04 13:06:56,389 - DEBUG - [global] needs_update: лучший источник raw → 5.13.09 (из 2)
2026-10-04 13:06:56,389 - INFO - [global] needs_update: local=(5, 13, 7) remote=(5, 13, 9) -> has_update=True
2026-10-04 13:06:56,389 - INFO - [global] Доступна обнова! Спавню кнопку
2026-10-04 13:07:26,409 - INFO - [global] Проверяю обновы...
2026-10-04 13:07:27,375 - DEBUG - [global] needs_update: raw → 5.13.09
2026-10-04 13:07:27,497 - DEBUG - [global] needs_update: API → 5.13.09
2026-10-04 13:07:27,498 - DEBUG - [global] needs_update: лучший источник raw → 5.13.09 (из 2)
2026-10-04 13:07:27,498 - INFO - [global] needs_update: local=(5, 13, 7) remote=(5, 13, 9) -> has_update=True
2026-10-04 13:07:27,498 - INFO - [global] Доступна обнова! Спавню кнопку
2026-10-04 13:07:31,735 - INFO - [global] LogUploader: запускаю upload_run_logs...
2026-10-04 13:07:31,736 - DEBUG - [global] log_uploader: START window=periodic made=-1 token=...Rjnfq
2026-10-04 13:07:32,716 - DEBUG - [global] _api_put: GET runs/20261004_130731_fail_periodic.log -> 404
2026-10-04 13:07:34,711 - DEBUG - [global] _api_put: PUT runs/20261004_130731_fail_periodic.log -> 201 (14081 bytes)
2026-10-04 13:07:34,715 - DEBUG - [global] log_uploader: STEP 1 (window log) -> https://github.com/StarateJI/L2Mauto/blob/bot-logs/runs/20261004_130731_fail_periodic.log
2026-10-04 13:07:34,716 - DEBUG - [global] log_uploader: STEP 2 SKIP (no PNGs)
2026-10-04 13:07:35,830 - DEBUG - [global] _api_put: GET runs/20261004_130731_fail_global.log -> 404
2026-10-04 13:07:37,819 - DEBUG - [global] _api_put: PUT runs/20261004_130731_fail_global.log -> 409 (20138 bytes)
2026-10-04 13:07:37,819 - WARNING - [global] _api_put: PUT failed body: {"message":"is at c780604c16ccd75f462ba242420cffcb164d0f01 but expected 1ea0d9bc08c3c704eb4d5334c2d53c21c67c3716","documentation_url":"https://docs.github.com/rest/repos/contents#create-or-update-file
2026-10-04 13:07:37,823 - DEBUG - [global] log_uploader: STEP 3 (global log) -> FAILED
2026-10-04 13:07:37,823 - DEBUG - [global] log_uploader: END window=periodic
2026-10-04 13:07:37,823 - INFO - [global] LogUploader: upload_run_logs завершён
2026-10-04 13:07:57,514 - INFO - [global] Проверяю обновы...
2026-10-04 13:07:58,508 - DEBUG - [global] needs_update: raw → 5.13.09
2026-10-04 13:07:58,686 - DEBUG - [global] needs_update: API → 5.13.09
2026-10-04 13:07:58,687 - DEBUG - [global] needs_update: лучший источник raw → 5.13.09 (из 2)
2026-10-04 13:07:58,687 - INFO - [global] needs_update: local=(5, 13, 7) remote=(5, 13, 9) -> has_update=True
2026-10-04 13:07:58,687 - INFO - [global] Доступна обнова! Спавню кнопку
2026-10-04 13:08:28,707 - INFO - [global] Проверяю обновы...
2026-10-04 13:08:29,685 - DEBUG - [global] needs_update: raw → 5.13.09
2026-10-04 13:08:29,856 - DEBUG - [global] needs_update: API → 5.13.09
2026-10-04 13:08:29,857 - DEBUG - [global] needs_update: лучший источник raw → 5.13.09 (из 2)
2026-10-04 13:08:29,857 - INFO - [global] needs_update: local=(5, 13, 7) remote=(5, 13, 9) -> has_update=True
2026-10-04 13:08:29,857 - INFO - [global] Доступна обнова! Спавню кнопку
2026-10-04 13:08:37,862 - INFO - [global] LogUploader: запускаю upload_run_logs...
2026-10-04 13:08:37,863 - DEBUG - [global] log_uploader: START window=periodic made=-1 token=...Rjnfq
2026-10-04 13:08:38,897 - DEBUG - [global] _api_put: GET runs/20261004_130837_fail_periodic.log -> 404
2026-10-04 13:08:40,900 - DEBUG - [global] _api_put: PUT runs/20261004_130837_fail_periodic.log -> 201 (14081 bytes)
2026-10-04 13:08:40,904 - DEBUG - [global] log_uploader: STEP 1 (window log) -> https://github.com/StarateJI/L2Mauto/blob/bot-logs/runs/20261004_130837_fail_periodic.log
2026-10-04 13:08:40,905 - DEBUG - [global] log_uploader: STEP 2 SKIP (no PNGs)
2026-10-04 13:08:41,995 - DEBUG - [global] _api_put: GET runs/20261004_130837_fail_global.log -> 404
2026-10-04 13:08:44,033 - DEBUG - [global] _api_put: PUT runs/20261004_130837_fail_global.log -> 201 (20218 bytes)
2026-10-04 13:08:44,037 - DEBUG - [global] log_uploader: STEP 3 (global log) -> https://github.com/StarateJI/L2Mauto/blob/bot-logs/runs/20261004_130837_fail_global.log
2026-10-04 13:08:44,037 - DEBUG - [global] log_uploader: END window=periodic
2026-10-04 13:08:44,037 - INFO - [global] LogUploader: upload_run_logs завершён
2026-10-04 13:08:59,872 - INFO - [global] Проверяю обновы...
2026-10-04 13:09:00,826 - DEBUG - [global] needs_update: raw → 5.13.09
2026-10-04 13:09:01,011 - DEBUG - [global] needs_update: API → 5.13.09
2026-10-04 13:09:01,012 - DEBUG - [global] needs_update: лучший источник raw → 5.13.09 (из 2)
2026-10-04 13:09:01,012 - INFO - [global] needs_update: local=(5, 13, 7) remote=(5, 13, 9) -> has_update=True
2026-10-04 13:09:01,012 - INFO - [global] Доступна обнова! Спавню кнопку
2026-10-04 13:09:31,034 - INFO - [global] Проверяю обновы...
2026-10-04 13:09:31,974 - DEBUG - [global] needs_update: raw → 5.13.09
2026-10-04 13:09:32,187 - DEBUG - [global] needs_update: API → 5.13.09
2026-10-04 13:09:32,188 - DEBUG - [global] needs_update: лучший источник raw → 5.13.09 (из 2)
2026-10-04 13:09:32,188 - INFO - [global] needs_update: local=(5, 13, 7) remote=(5, 13, 9) -> has_update=True
2026-10-04 13:09:32,188 - INFO - [global] Доступна обнова! Спавню кнопку
2026-10-04 13:09:44,072 - INFO - [global] LogUploader: запускаю upload_run_logs...
2026-10-04 13:09:44,073 - DEBUG - [global] log_uploader: START window=periodic made=-1 token=...Rjnfq
2026-10-04 13:09:45,098 - DEBUG - [global] _api_put: GET runs/20261004_130944_fail_periodic.log -> 404
2026-10-04 13:09:47,032 - DEBUG - [global] _api_put: PUT runs/20261004_130944_fail_periodic.log -> 201 (14081 bytes)
2026-10-04 13:09:47,035 - DEBUG - [global] log_uploader: STEP 1 (window log) -> https://github.com/StarateJI/L2Mauto/blob/bot-logs/runs/20261004_130944_fail_periodic.log
2026-10-04 13:09:47,035 - DEBUG - [global] log_uploader: STEP 2 SKIP (no PNGs)
2026-10-04 13:09:48,128 - DEBUG - [global] _api_put: GET runs/20261004_130944_fail_global.log -> 404
2026-10-04 13:09:50,283 - DEBUG - [global] _api_put: PUT runs/20261004_130944_fail_global.log -> 201 (20218 bytes)
2026-10-04 13:09:50,287 - DEBUG - [global] log_uploader: STEP 3 (global log) -> https://github.com/StarateJI/L2Mauto/blob/bot-logs/runs/20261004_130944_fail_global.log
2026-10-04 13:09:50,287 - DEBUG - [global] log_uploader: END window=periodic
2026-10-04 13:09:50,287 - INFO - [global] LogUploader: upload_run_logs завершён
2026-10-04 13:10:02,207 - INFO - [global] Проверяю обновы...
2026-10-04 13:10:03,176 - DEBUG - [global] needs_update: raw → 5.13.09
2026-10-04 13:10:03,367 - DEBUG - [global] needs_update: API → 5.13.09
2026-10-04 13:10:03,368 - DEBUG - [global] needs_update: лучший источник raw → 5.13.09 (из 2)
2026-10-04 13:10:03,369 - INFO - [global] needs_update: local=(5, 13, 7) remote=(5, 13, 9) -> has_update=True
2026-10-04 13:10:03,369 - INFO - [global] Доступна обнова! Спавню кнопку
2026-10-04 13:10:33,387 - INFO - [global] Проверяю обновы...
2026-10-04 13:10:34,372 - DEBUG - [global] needs_update: raw → 5.13.09
2026-10-04 13:10:34,522 - DEBUG - [global] needs_update: API → 5.13.09
2026-10-04 13:10:34,522 - DEBUG - [global] needs_update: лучший источник raw → 5.13.09 (из 2)
2026-10-04 13:10:34,523 - INFO - [global] needs_update: local=(5, 13, 7) remote=(5, 13, 9) -> has_update=True
2026-10-04 13:10:34,523 - INFO - [global] Доступна обнова! Спавню кнопку
2026-10-04 13:10:50,328 - INFO - [global] LogUploader: запускаю upload_run_logs...
2026-10-04 13:10:50,329 - DEBUG - [global] log_uploader: START window=periodic made=-1 token=...Rjnfq
2026-10-04 13:10:51,338 - DEBUG - [global] _api_put: GET runs/20261004_131050_fail_periodic.log -> 404
2026-10-04 13:10:53,326 - DEBUG - [global] _api_put: PUT runs/20261004_131050_fail_periodic.log -> 201 (14081 bytes)
2026-10-04 13:10:53,329 - DEBUG - [global] log_uploader: STEP 1 (window log) -> https://github.com/StarateJI/L2Mauto/blob/bot-logs/runs/20261004_131050_fail_periodic.log
2026-10-04 13:10:53,330 - DEBUG - [global] log_uploader: STEP 2 SKIP (no PNGs)
