=== Log tail 2026-09-15T09:00:45.494457 | last 200 lines ===
2026-09-15 08:52:02,065 - DEBUG - [global] _api_put: GET runs/20260915_085158_fail_global.log -> 404
2026-09-15 08:52:03,684 - DEBUG - [global] _api_put: PUT runs/20260915_085158_fail_global.log -> 201 (19869 bytes)
2026-09-15 08:52:03,686 - DEBUG - [global] log_uploader: STEP 3 (global log) -> https://github.com/StarateJI/L2Mauto/blob/bot-logs/runs/20260915_085158_fail_global.log
2026-09-15 08:52:03,686 - DEBUG - [global] log_uploader: END window=periodic
2026-09-15 08:52:03,686 - INFO - [global] LogUploader: upload_run_logs завершён
2026-09-15 08:52:18,737 - INFO - [global] Проверяю обновы...
2026-09-15 08:52:19,581 - DEBUG - [global] needs_update: raw → 5.4.1
2026-09-15 08:52:20,392 - DEBUG - [global] needs_update: API failed: HTTPError: 403 Client Error: rate limit exceeded for url: https://api.github.com/repos/StarateJI/L2Mauto/contents/bot/version.txt?ref=main
2026-09-15 08:52:21,198 - DEBUG - [global] needs_update: jsdelivr → 5.2.2
2026-09-15 08:52:21,198 - DEBUG - [global] needs_update: лучший источник raw → 5.4.1 (из 2)
2026-09-15 08:52:21,203 - INFO - [global] needs_update: local=(5, 4, 1) remote=(5, 4, 1) -> has_update=False
2026-09-15 08:52:21,204 - INFO - [global] Установлена последняя версия бота | 5.4.1
2026-09-15 08:52:51,225 - INFO - [global] Проверяю обновы...
2026-09-15 08:52:52,070 - DEBUG - [global] needs_update: raw → 5.4.1
2026-09-15 08:52:52,891 - DEBUG - [global] needs_update: API failed: HTTPError: 403 Client Error: rate limit exceeded for url: https://api.github.com/repos/StarateJI/L2Mauto/contents/bot/version.txt?ref=main
2026-09-15 08:52:53,737 - DEBUG - [global] needs_update: jsdelivr → 5.2.2
2026-09-15 08:52:53,737 - DEBUG - [global] needs_update: лучший источник raw → 5.4.1 (из 2)
2026-09-15 08:52:53,740 - INFO - [global] needs_update: local=(5, 4, 1) remote=(5, 4, 1) -> has_update=False
2026-09-15 08:52:53,741 - INFO - [global] Установлена последняя версия бота | 5.4.1
2026-09-15 08:53:03,734 - INFO - [global] LogUploader: запускаю upload_run_logs...
2026-09-15 08:53:03,735 - DEBUG - [global] log_uploader: START window=periodic made=-1 token=...Rjnfq
2026-09-15 08:53:04,757 - DEBUG - [global] _api_put: GET runs/20260915_085303_fail_periodic.log -> 404
2026-09-15 08:53:06,381 - DEBUG - [global] _api_put: PUT runs/20260915_085303_fail_periodic.log -> 201 (8836 bytes)
2026-09-15 08:53:06,383 - DEBUG - [global] log_uploader: STEP 1 (window log) -> https://github.com/StarateJI/L2Mauto/blob/bot-logs/runs/20260915_085303_fail_periodic.log
2026-09-15 08:53:06,384 - DEBUG - [global] log_uploader: STEP 2 SKIP (no PNGs)
2026-09-15 08:53:07,574 - DEBUG - [global] _api_put: GET runs/20260915_085303_fail_global.log -> 404
2026-09-15 08:53:09,365 - DEBUG - [global] _api_put: PUT runs/20260915_085303_fail_global.log -> 201 (20129 bytes)
2026-09-15 08:53:09,368 - DEBUG - [global] log_uploader: STEP 3 (global log) -> https://github.com/StarateJI/L2Mauto/blob/bot-logs/runs/20260915_085303_fail_global.log
2026-09-15 08:53:09,368 - DEBUG - [global] log_uploader: END window=periodic
2026-09-15 08:53:09,369 - INFO - [global] LogUploader: upload_run_logs завершён
2026-09-15 08:53:23,761 - INFO - [global] Проверяю обновы...
2026-09-15 08:53:24,637 - DEBUG - [global] needs_update: raw → 5.4.1
2026-09-15 08:53:25,502 - DEBUG - [global] needs_update: API failed: HTTPError: 403 Client Error: rate limit exceeded for url: https://api.github.com/repos/StarateJI/L2Mauto/contents/bot/version.txt?ref=main
2026-09-15 08:53:26,395 - DEBUG - [global] needs_update: jsdelivr → 5.2.2
2026-09-15 08:53:26,395 - DEBUG - [global] needs_update: лучший источник raw → 5.4.1 (из 2)
2026-09-15 08:53:26,398 - INFO - [global] needs_update: local=(5, 4, 1) remote=(5, 4, 1) -> has_update=False
2026-09-15 08:53:26,401 - INFO - [global] Установлена последняя версия бота | 5.4.1
2026-09-15 08:53:56,422 - INFO - [global] Проверяю обновы...
2026-09-15 08:53:57,306 - DEBUG - [global] needs_update: raw → 5.4.1
2026-09-15 08:53:58,181 - DEBUG - [global] needs_update: API failed: HTTPError: 403 Client Error: rate limit exceeded for url: https://api.github.com/repos/StarateJI/L2Mauto/contents/bot/version.txt?ref=main
2026-09-15 08:53:59,093 - DEBUG - [global] needs_update: jsdelivr → 5.2.2
2026-09-15 08:53:59,093 - DEBUG - [global] needs_update: лучший источник raw → 5.4.1 (из 2)
2026-09-15 08:53:59,096 - INFO - [global] needs_update: local=(5, 4, 1) remote=(5, 4, 1) -> has_update=False
2026-09-15 08:53:59,097 - INFO - [global] Установлена последняя версия бота | 5.4.1
2026-09-15 08:54:09,413 - INFO - [global] LogUploader: запускаю upload_run_logs...
2026-09-15 08:54:09,416 - DEBUG - [global] log_uploader: START window=periodic made=-1 token=...Rjnfq
2026-09-15 08:54:10,588 - DEBUG - [global] _api_put: GET runs/20260915_085409_fail_periodic.log -> 404
2026-09-15 08:54:12,176 - DEBUG - [global] _api_put: PUT runs/20260915_085409_fail_periodic.log -> 201 (8836 bytes)
2026-09-15 08:54:12,179 - DEBUG - [global] log_uploader: STEP 1 (window log) -> https://github.com/StarateJI/L2Mauto/blob/bot-logs/runs/20260915_085409_fail_periodic.log
2026-09-15 08:54:12,180 - DEBUG - [global] log_uploader: STEP 2 SKIP (no PNGs)
2026-09-15 08:54:13,268 - DEBUG - [global] _api_put: GET runs/20260915_085409_fail_global.log -> 404
2026-09-15 08:54:15,033 - DEBUG - [global] _api_put: PUT runs/20260915_085409_fail_global.log -> 201 (20389 bytes)
2026-09-15 08:54:15,037 - DEBUG - [global] log_uploader: STEP 3 (global log) -> https://github.com/StarateJI/L2Mauto/blob/bot-logs/runs/20260915_085409_fail_global.log
2026-09-15 08:54:15,037 - DEBUG - [global] log_uploader: END window=periodic
2026-09-15 08:54:15,037 - INFO - [global] LogUploader: upload_run_logs завершён
2026-09-15 08:54:29,115 - INFO - [global] Проверяю обновы...
2026-09-15 08:54:29,953 - DEBUG - [global] needs_update: raw → 5.4.1
2026-09-15 08:54:30,792 - DEBUG - [global] needs_update: API failed: HTTPError: 403 Client Error: rate limit exceeded for url: https://api.github.com/repos/StarateJI/L2Mauto/contents/bot/version.txt?ref=main
2026-09-15 08:54:31,635 - DEBUG - [global] needs_update: jsdelivr → 5.2.2
2026-09-15 08:54:31,635 - DEBUG - [global] needs_update: лучший источник raw → 5.4.1 (из 2)
2026-09-15 08:54:31,639 - INFO - [global] needs_update: local=(5, 4, 1) remote=(5, 4, 1) -> has_update=False
2026-09-15 08:54:31,640 - INFO - [global] Установлена последняя версия бота | 5.4.1
2026-09-15 08:55:01,660 - INFO - [global] Проверяю обновы...
2026-09-15 08:55:02,504 - DEBUG - [global] needs_update: raw → 5.4.1
2026-09-15 08:55:03,325 - DEBUG - [global] needs_update: API failed: HTTPError: 403 Client Error: rate limit exceeded for url: https://api.github.com/repos/StarateJI/L2Mauto/contents/bot/version.txt?ref=main
2026-09-15 08:55:04,151 - DEBUG - [global] needs_update: jsdelivr → 5.2.2
2026-09-15 08:55:04,151 - DEBUG - [global] needs_update: лучший источник raw → 5.4.1 (из 2)
2026-09-15 08:55:04,153 - INFO - [global] needs_update: local=(5, 4, 1) remote=(5, 4, 1) -> has_update=False
2026-09-15 08:55:04,154 - INFO - [global] Установлена последняя версия бота | 5.4.1
2026-09-15 08:55:15,075 - INFO - [global] LogUploader: запускаю upload_run_logs...
2026-09-15 08:55:15,077 - DEBUG - [global] log_uploader: START window=periodic made=-1 token=...Rjnfq
2026-09-15 08:55:16,161 - DEBUG - [global] _api_put: GET runs/20260915_085515_fail_periodic.log -> 404
2026-09-15 08:55:17,824 - DEBUG - [global] _api_put: PUT runs/20260915_085515_fail_periodic.log -> 201 (8836 bytes)
2026-09-15 08:55:17,827 - DEBUG - [global] log_uploader: STEP 1 (window log) -> https://github.com/StarateJI/L2Mauto/blob/bot-logs/runs/20260915_085515_fail_periodic.log
2026-09-15 08:55:17,828 - DEBUG - [global] log_uploader: STEP 2 SKIP (no PNGs)
2026-09-15 08:55:18,870 - DEBUG - [global] _api_put: GET runs/20260915_085515_fail_global.log -> 404
2026-09-15 08:55:20,496 - DEBUG - [global] _api_put: PUT runs/20260915_085515_fail_global.log -> 201 (20649 bytes)
2026-09-15 08:55:20,499 - DEBUG - [global] log_uploader: STEP 3 (global log) -> https://github.com/StarateJI/L2Mauto/blob/bot-logs/runs/20260915_085515_fail_global.log
2026-09-15 08:55:20,500 - DEBUG - [global] log_uploader: END window=periodic
2026-09-15 08:55:20,500 - INFO - [global] LogUploader: upload_run_logs завершён
2026-09-15 08:55:34,174 - INFO - [global] Проверяю обновы...
2026-09-15 08:55:35,027 - DEBUG - [global] needs_update: raw → 5.4.1
2026-09-15 08:55:35,867 - DEBUG - [global] needs_update: API failed: HTTPError: 403 Client Error: rate limit exceeded for url: https://api.github.com/repos/StarateJI/L2Mauto/contents/bot/version.txt?ref=main
2026-09-15 08:55:36,699 - DEBUG - [global] needs_update: jsdelivr → 5.2.2
2026-09-15 08:55:36,700 - DEBUG - [global] needs_update: лучший источник raw → 5.4.1 (из 2)
2026-09-15 08:55:36,702 - INFO - [global] needs_update: local=(5, 4, 1) remote=(5, 4, 1) -> has_update=False
2026-09-15 08:55:36,703 - INFO - [global] Установлена последняя версия бота | 5.4.1
2026-09-15 08:56:06,723 - INFO - [global] Проверяю обновы...
2026-09-15 08:56:07,606 - DEBUG - [global] needs_update: raw → 5.4.1
2026-09-15 08:56:08,427 - DEBUG - [global] needs_update: API failed: HTTPError: 403 Client Error: rate limit exceeded for url: https://api.github.com/repos/StarateJI/L2Mauto/contents/bot/version.txt?ref=main
2026-09-15 08:56:09,287 - DEBUG - [global] needs_update: jsdelivr → 5.2.2
2026-09-15 08:56:09,287 - DEBUG - [global] needs_update: лучший источник raw → 5.4.1 (из 2)
2026-09-15 08:56:09,290 - INFO - [global] needs_update: local=(5, 4, 1) remote=(5, 4, 1) -> has_update=False
2026-09-15 08:56:09,291 - INFO - [global] Установлена последняя версия бота | 5.4.1
2026-09-15 08:56:20,534 - INFO - [global] LogUploader: запускаю upload_run_logs...
2026-09-15 08:56:20,538 - DEBUG - [global] log_uploader: START window=periodic made=-1 token=...Rjnfq
2026-09-15 08:56:21,619 - DEBUG - [global] _api_put: GET runs/20260915_085620_fail_periodic.log -> 404
2026-09-15 08:56:23,174 - DEBUG - [global] _api_put: PUT runs/20260915_085620_fail_periodic.log -> 201 (8836 bytes)
2026-09-15 08:56:23,177 - DEBUG - [global] log_uploader: STEP 1 (window log) -> https://github.com/StarateJI/L2Mauto/blob/bot-logs/runs/20260915_085620_fail_periodic.log
2026-09-15 08:56:23,178 - DEBUG - [global] log_uploader: STEP 2 SKIP (no PNGs)
2026-09-15 08:56:24,237 - DEBUG - [global] _api_put: GET runs/20260915_085620_fail_global.log -> 404
2026-09-15 08:56:25,984 - DEBUG - [global] _api_put: PUT runs/20260915_085620_fail_global.log -> 201 (20909 bytes)
2026-09-15 08:56:25,988 - DEBUG - [global] log_uploader: STEP 3 (global log) -> https://github.com/StarateJI/L2Mauto/blob/bot-logs/runs/20260915_085620_fail_global.log
2026-09-15 08:56:25,988 - DEBUG - [global] log_uploader: END window=periodic
2026-09-15 08:56:25,988 - INFO - [global] LogUploader: upload_run_logs завершён
2026-09-15 08:56:39,312 - INFO - [global] Проверяю обновы...
2026-09-15 08:56:40,200 - DEBUG - [global] needs_update: raw → 5.4.1
2026-09-15 08:56:41,093 - DEBUG - [global] needs_update: API failed: HTTPError: 403 Client Error: rate limit exceeded for url: https://api.github.com/repos/StarateJI/L2Mauto/contents/bot/version.txt?ref=main
2026-09-15 08:56:41,925 - DEBUG - [global] needs_update: jsdelivr → 5.2.2
2026-09-15 08:56:41,925 - DEBUG - [global] needs_update: лучший источник raw → 5.4.1 (из 2)
2026-09-15 08:56:41,927 - INFO - [global] needs_update: local=(5, 4, 1) remote=(5, 4, 1) -> has_update=False
2026-09-15 08:56:41,927 - INFO - [global] Установлена последняя версия бота | 5.4.1
2026-09-15 08:57:11,949 - INFO - [global] Проверяю обновы...
2026-09-15 08:57:12,814 - DEBUG - [global] needs_update: raw → 5.4.1
2026-09-15 08:57:13,655 - DEBUG - [global] needs_update: API failed: HTTPError: 403 Client Error: rate limit exceeded for url: https://api.github.com/repos/StarateJI/L2Mauto/contents/bot/version.txt?ref=main
2026-09-15 08:57:14,542 - DEBUG - [global] needs_update: jsdelivr → 5.2.2
2026-09-15 08:57:14,543 - DEBUG - [global] needs_update: лучший источник raw → 5.4.1 (из 2)
2026-09-15 08:57:14,546 - INFO - [global] needs_update: local=(5, 4, 1) remote=(5, 4, 1) -> has_update=False
2026-09-15 08:57:14,546 - INFO - [global] Установлена последняя версия бота | 5.4.1
2026-09-15 08:57:26,032 - INFO - [global] LogUploader: запускаю upload_run_logs...
2026-09-15 08:57:26,033 - DEBUG - [global] log_uploader: START window=periodic made=-1 token=...Rjnfq
2026-09-15 08:57:27,114 - DEBUG - [global] _api_put: GET runs/20260915_085726_fail_periodic.log -> 404
2026-09-15 08:57:28,686 - DEBUG - [global] _api_put: PUT runs/20260915_085726_fail_periodic.log -> 201 (8836 bytes)
2026-09-15 08:57:28,689 - DEBUG - [global] log_uploader: STEP 1 (window log) -> https://github.com/StarateJI/L2Mauto/blob/bot-logs/runs/20260915_085726_fail_periodic.log
2026-09-15 08:57:28,690 - DEBUG - [global] log_uploader: STEP 2 SKIP (no PNGs)
2026-09-15 08:57:29,784 - DEBUG - [global] _api_put: GET runs/20260915_085726_fail_global.log -> 404
2026-09-15 08:57:31,622 - DEBUG - [global] _api_put: PUT runs/20260915_085726_fail_global.log -> 201 (21169 bytes)
2026-09-15 08:57:31,625 - DEBUG - [global] log_uploader: STEP 3 (global log) -> https://github.com/StarateJI/L2Mauto/blob/bot-logs/runs/20260915_085726_fail_global.log
2026-09-15 08:57:31,626 - DEBUG - [global] log_uploader: END window=periodic
2026-09-15 08:57:31,626 - INFO - [global] LogUploader: upload_run_logs завершён
2026-09-15 08:57:44,567 - INFO - [global] Проверяю обновы...
2026-09-15 08:57:45,612 - DEBUG - [global] needs_update: raw → 5.4.1
2026-09-15 08:57:46,467 - DEBUG - [global] needs_update: API failed: HTTPError: 403 Client Error: rate limit exceeded for url: https://api.github.com/repos/StarateJI/L2Mauto/contents/bot/version.txt?ref=main
2026-09-15 08:57:47,354 - DEBUG - [global] needs_update: jsdelivr → 5.2.2
2026-09-15 08:57:47,354 - DEBUG - [global] needs_update: лучший источник raw → 5.4.1 (из 2)
2026-09-15 08:57:47,357 - INFO - [global] needs_update: local=(5, 4, 1) remote=(5, 4, 1) -> has_update=False
2026-09-15 08:57:47,358 - INFO - [global] Установлена последняя версия бота | 5.4.1
2026-09-15 08:58:17,381 - INFO - [global] Проверяю обновы...
2026-09-15 08:58:18,298 - DEBUG - [global] needs_update: raw → 5.4.1
2026-09-15 08:58:19,165 - DEBUG - [global] needs_update: API failed: HTTPError: 403 Client Error: rate limit exceeded for url: https://api.github.com/repos/StarateJI/L2Mauto/contents/bot/version.txt?ref=main
2026-09-15 08:58:20,025 - DEBUG - [global] needs_update: jsdelivr → 5.2.2
2026-09-15 08:58:20,025 - DEBUG - [global] needs_update: лучший источник raw → 5.4.1 (из 2)
2026-09-15 08:58:20,027 - INFO - [global] needs_update: local=(5, 4, 1) remote=(5, 4, 1) -> has_update=False
2026-09-15 08:58:20,029 - INFO - [global] Установлена последняя версия бота | 5.4.1
2026-09-15 08:58:31,681 - INFO - [global] LogUploader: запускаю upload_run_logs...
2026-09-15 08:58:31,682 - DEBUG - [global] log_uploader: START window=periodic made=-1 token=...Rjnfq
2026-09-15 08:58:32,728 - DEBUG - [global] _api_put: GET runs/20260915_085831_fail_periodic.log -> 404
2026-09-15 08:58:34,214 - DEBUG - [global] _api_put: PUT runs/20260915_085831_fail_periodic.log -> 201 (8836 bytes)
2026-09-15 08:58:34,216 - DEBUG - [global] log_uploader: STEP 1 (window log) -> https://github.com/StarateJI/L2Mauto/blob/bot-logs/runs/20260915_085831_fail_periodic.log
2026-09-15 08:58:34,217 - DEBUG - [global] log_uploader: STEP 2 SKIP (no PNGs)
2026-09-15 08:58:35,286 - DEBUG - [global] _api_put: GET runs/20260915_085831_fail_global.log -> 404
2026-09-15 08:58:36,986 - DEBUG - [global] _api_put: PUT runs/20260915_085831_fail_global.log -> 201 (21429 bytes)
2026-09-15 08:58:36,989 - DEBUG - [global] log_uploader: STEP 3 (global log) -> https://github.com/StarateJI/L2Mauto/blob/bot-logs/runs/20260915_085831_fail_global.log
2026-09-15 08:58:36,990 - DEBUG - [global] log_uploader: END window=periodic
2026-09-15 08:58:36,990 - INFO - [global] LogUploader: upload_run_logs завершён
2026-09-15 08:58:50,054 - INFO - [global] Проверяю обновы...
2026-09-15 08:58:50,943 - DEBUG - [global] needs_update: raw → 5.4.1
2026-09-15 08:58:51,816 - DEBUG - [global] needs_update: API failed: HTTPError: 403 Client Error: rate limit exceeded for url: https://api.github.com/repos/StarateJI/L2Mauto/contents/bot/version.txt?ref=main
2026-09-15 08:58:52,666 - DEBUG - [global] needs_update: jsdelivr → 5.2.2
2026-09-15 08:58:52,667 - DEBUG - [global] needs_update: лучший источник raw → 5.4.1 (из 2)
2026-09-15 08:58:52,670 - INFO - [global] needs_update: local=(5, 4, 1) remote=(5, 4, 1) -> has_update=False
2026-09-15 08:58:52,670 - INFO - [global] Установлена последняя версия бота | 5.4.1
2026-09-15 08:59:22,688 - INFO - [global] Проверяю обновы...
2026-09-15 08:59:23,565 - DEBUG - [global] needs_update: raw → 5.4.1
2026-09-15 08:59:24,411 - DEBUG - [global] needs_update: API failed: HTTPError: 403 Client Error: rate limit exceeded for url: https://api.github.com/repos/StarateJI/L2Mauto/contents/bot/version.txt?ref=main
2026-09-15 08:59:25,161 - DEBUG - [global] needs_update: jsdelivr → 5.1.7
2026-09-15 08:59:25,162 - DEBUG - [global] needs_update: лучший источник raw → 5.4.1 (из 2)
2026-09-15 08:59:25,165 - INFO - [global] needs_update: local=(5, 4, 1) remote=(5, 4, 1) -> has_update=False
2026-09-15 08:59:25,166 - INFO - [global] Установлена последняя версия бота | 5.4.1
2026-09-15 08:59:37,029 - INFO - [global] LogUploader: запускаю upload_run_logs...
2026-09-15 08:59:37,032 - DEBUG - [global] log_uploader: START window=periodic made=-1 token=...Rjnfq
2026-09-15 08:59:38,115 - DEBUG - [global] _api_put: GET runs/20260915_085937_fail_periodic.log -> 404
2026-09-15 08:59:39,702 - DEBUG - [global] _api_put: PUT runs/20260915_085937_fail_periodic.log -> 201 (8836 bytes)
2026-09-15 08:59:39,705 - DEBUG - [global] log_uploader: STEP 1 (window log) -> https://github.com/StarateJI/L2Mauto/blob/bot-logs/runs/20260915_085937_fail_periodic.log
2026-09-15 08:59:39,706 - DEBUG - [global] log_uploader: STEP 2 SKIP (no PNGs)
2026-09-15 08:59:40,989 - DEBUG - [global] _api_put: GET runs/20260915_085937_fail_global.log -> 404
2026-09-15 08:59:42,747 - DEBUG - [global] _api_put: PUT runs/20260915_085937_fail_global.log -> 201 (21689 bytes)
2026-09-15 08:59:42,750 - DEBUG - [global] log_uploader: STEP 3 (global log) -> https://github.com/StarateJI/L2Mauto/blob/bot-logs/runs/20260915_085937_fail_global.log
2026-09-15 08:59:42,750 - DEBUG - [global] log_uploader: END window=periodic
2026-09-15 08:59:42,750 - INFO - [global] LogUploader: upload_run_logs завершён
2026-09-15 08:59:55,192 - INFO - [global] Проверяю обновы...
2026-09-15 08:59:56,068 - DEBUG - [global] needs_update: raw → 5.4.1
2026-09-15 08:59:56,922 - DEBUG - [global] needs_update: API failed: HTTPError: 403 Client Error: rate limit exceeded for url: https://api.github.com/repos/StarateJI/L2Mauto/contents/bot/version.txt?ref=main
2026-09-15 08:59:57,697 - DEBUG - [global] needs_update: jsdelivr → 5.1.7
2026-09-15 08:59:57,698 - DEBUG - [global] needs_update: лучший источник raw → 5.4.1 (из 2)
2026-09-15 08:59:57,701 - INFO - [global] needs_update: local=(5, 4, 1) remote=(5, 4, 1) -> has_update=False
2026-09-15 08:59:57,702 - INFO - [global] Установлена последняя версия бота | 5.4.1
2026-09-15 09:00:27,719 - INFO - [global] Проверяю обновы...
2026-09-15 09:00:28,574 - DEBUG - [global] needs_update: raw → 5.4.1
2026-09-15 09:00:29,517 - DEBUG - [global] needs_update: API failed: HTTPError: 403 Client Error: rate limit exceeded for url: https://api.github.com/repos/StarateJI/L2Mauto/contents/bot/version.txt?ref=main
2026-09-15 09:00:30,307 - DEBUG - [global] needs_update: jsdelivr → 5.1.7
2026-09-15 09:00:30,307 - DEBUG - [global] needs_update: лучший источник raw → 5.4.1 (из 2)
2026-09-15 09:00:30,309 - INFO - [global] needs_update: local=(5, 4, 1) remote=(5, 4, 1) -> has_update=False
2026-09-15 09:00:30,310 - INFO - [global] Установлена последняя версия бота | 5.4.1
2026-09-15 09:00:42,793 - INFO - [global] LogUploader: запускаю upload_run_logs...
2026-09-15 09:00:42,795 - DEBUG - [global] log_uploader: START window=periodic made=-1 token=...Rjnfq
2026-09-15 09:00:43,829 - DEBUG - [global] _api_put: GET runs/20260915_090042_fail_periodic.log -> 404
2026-09-15 09:00:45,460 - DEBUG - [global] _api_put: PUT runs/20260915_090042_fail_periodic.log -> 201 (8836 bytes)
2026-09-15 09:00:45,462 - DEBUG - [global] log_uploader: STEP 1 (window log) -> https://github.com/StarateJI/L2Mauto/blob/bot-logs/runs/20260915_090042_fail_periodic.log
2026-09-15 09:00:45,463 - DEBUG - [global] log_uploader: STEP 2 SKIP (no PNGs)
