=== Log tail 2026-09-30T07:04:16.638626 | last 200 lines ===
2026-09-30 06:55:21,363 - DEBUG - [global] needs_update: API → 5.13.09
2026-09-30 06:55:21,363 - DEBUG - [global] needs_update: лучший источник raw → 5.13.09 (из 2)
2026-09-30 06:55:21,363 - INFO - [global] needs_update: local=(5, 13, 7) remote=(5, 13, 9) -> has_update=True
2026-09-30 06:55:21,363 - INFO - [global] Доступна обнова! Спавню кнопку
2026-09-30 06:55:28,293 - INFO - [global] LogUploader: запускаю upload_run_logs...
2026-09-30 06:55:28,293 - DEBUG - [global] log_uploader: START window=periodic made=-1 token=...Rjnfq
2026-09-30 06:55:29,215 - DEBUG - [global] _api_put: GET runs/20260930_065528_fail_periodic.log -> 404
2026-09-30 06:55:30,933 - DEBUG - [global] _api_put: PUT runs/20260930_065528_fail_periodic.log -> 201 (3411 bytes)
2026-09-30 06:55:30,934 - DEBUG - [global] log_uploader: STEP 1 (window log) -> https://github.com/StarateJI/L2Mauto/blob/bot-logs/runs/20260930_065528_fail_periodic.log
2026-09-30 06:55:30,935 - DEBUG - [global] log_uploader: STEP 2 SKIP (no PNGs)
2026-09-30 06:55:31,956 - DEBUG - [global] _api_put: GET runs/20260930_065528_fail_global.log -> 404
2026-09-30 06:55:33,866 - DEBUG - [global] _api_put: PUT runs/20260930_065528_fail_global.log -> 201 (20205 bytes)
2026-09-30 06:55:33,869 - DEBUG - [global] log_uploader: STEP 3 (global log) -> https://github.com/StarateJI/L2Mauto/blob/bot-logs/runs/20260930_065528_fail_global.log
2026-09-30 06:55:33,869 - DEBUG - [global] log_uploader: END window=periodic
2026-09-30 06:55:33,870 - INFO - [global] LogUploader: upload_run_logs завершён
2026-09-30 06:55:51,376 - INFO - [global] Проверяю обновы...
2026-09-30 06:55:52,336 - DEBUG - [global] needs_update: raw → 5.13.09
2026-09-30 06:55:52,529 - DEBUG - [global] needs_update: API → 5.13.09
2026-09-30 06:55:52,529 - DEBUG - [global] needs_update: лучший источник raw → 5.13.09 (из 2)
2026-09-30 06:55:52,529 - INFO - [global] needs_update: local=(5, 13, 7) remote=(5, 13, 9) -> has_update=True
2026-09-30 06:55:52,529 - INFO - [global] Доступна обнова! Спавню кнопку
2026-09-30 06:56:22,542 - INFO - [global] Проверяю обновы...
2026-09-30 06:56:23,462 - DEBUG - [global] needs_update: raw → 5.13.09
2026-09-30 06:56:23,649 - DEBUG - [global] needs_update: API → 5.13.09
2026-09-30 06:56:23,649 - DEBUG - [global] needs_update: лучший источник raw → 5.13.09 (из 2)
2026-09-30 06:56:23,649 - INFO - [global] needs_update: local=(5, 13, 7) remote=(5, 13, 9) -> has_update=True
2026-09-30 06:56:23,649 - INFO - [global] Доступна обнова! Спавню кнопку
2026-09-30 06:56:33,898 - INFO - [global] LogUploader: запускаю upload_run_logs...
2026-09-30 06:56:33,898 - DEBUG - [global] log_uploader: START window=periodic made=-1 token=...Rjnfq
2026-09-30 06:56:34,800 - DEBUG - [global] _api_put: GET runs/20260930_065633_fail_periodic.log -> 404
2026-09-30 06:56:36,476 - DEBUG - [global] _api_put: PUT runs/20260930_065633_fail_periodic.log -> 201 (3411 bytes)
2026-09-30 06:56:36,478 - DEBUG - [global] log_uploader: STEP 1 (window log) -> https://github.com/StarateJI/L2Mauto/blob/bot-logs/runs/20260930_065633_fail_periodic.log
2026-09-30 06:56:36,479 - DEBUG - [global] log_uploader: STEP 2 SKIP (no PNGs)
2026-09-30 06:56:37,476 - DEBUG - [global] _api_put: GET runs/20260930_065633_fail_global.log -> 404
2026-09-30 06:56:39,321 - DEBUG - [global] _api_put: PUT runs/20260930_065633_fail_global.log -> 201 (20205 bytes)
2026-09-30 06:56:39,325 - DEBUG - [global] log_uploader: STEP 3 (global log) -> https://github.com/StarateJI/L2Mauto/blob/bot-logs/runs/20260930_065633_fail_global.log
2026-09-30 06:56:39,325 - DEBUG - [global] log_uploader: END window=periodic
2026-09-30 06:56:39,325 - INFO - [global] LogUploader: upload_run_logs завершён
2026-09-30 06:56:53,663 - INFO - [global] Проверяю обновы...
2026-09-30 06:56:54,584 - DEBUG - [global] needs_update: raw → 5.13.09
2026-09-30 06:56:54,703 - DEBUG - [global] needs_update: API → 5.13.09
2026-09-30 06:56:54,703 - DEBUG - [global] needs_update: лучший источник raw → 5.13.09 (из 2)
2026-09-30 06:56:54,704 - INFO - [global] needs_update: local=(5, 13, 7) remote=(5, 13, 9) -> has_update=True
2026-09-30 06:56:54,704 - INFO - [global] Доступна обнова! Спавню кнопку
2026-09-30 06:57:24,720 - INFO - [global] Проверяю обновы...
2026-09-30 06:57:25,538 - DEBUG - [global] needs_update: raw → 5.13.09
2026-09-30 06:57:25,768 - DEBUG - [global] needs_update: API → 5.13.09
2026-09-30 06:57:25,768 - DEBUG - [global] needs_update: лучший источник raw → 5.13.09 (из 2)
2026-09-30 06:57:25,769 - INFO - [global] needs_update: local=(5, 13, 7) remote=(5, 13, 9) -> has_update=True
2026-09-30 06:57:25,769 - INFO - [global] Доступна обнова! Спавню кнопку
2026-09-30 06:57:39,354 - INFO - [global] LogUploader: запускаю upload_run_logs...
2026-09-30 06:57:39,354 - DEBUG - [global] log_uploader: START window=periodic made=-1 token=...Rjnfq
2026-09-30 06:57:40,303 - DEBUG - [global] _api_put: GET runs/20260930_065739_fail_periodic.log -> 404
2026-09-30 06:57:42,045 - DEBUG - [global] _api_put: PUT runs/20260930_065739_fail_periodic.log -> 201 (3411 bytes)
2026-09-30 06:57:42,048 - DEBUG - [global] log_uploader: STEP 1 (window log) -> https://github.com/StarateJI/L2Mauto/blob/bot-logs/runs/20260930_065739_fail_periodic.log
2026-09-30 06:57:42,048 - DEBUG - [global] log_uploader: STEP 2 SKIP (no PNGs)
2026-09-30 06:57:43,080 - DEBUG - [global] _api_put: GET runs/20260930_065739_fail_global.log -> 404
2026-09-30 06:57:44,986 - DEBUG - [global] _api_put: PUT runs/20260930_065739_fail_global.log -> 201 (20205 bytes)
2026-09-30 06:57:44,988 - DEBUG - [global] log_uploader: STEP 3 (global log) -> https://github.com/StarateJI/L2Mauto/blob/bot-logs/runs/20260930_065739_fail_global.log
2026-09-30 06:57:44,988 - DEBUG - [global] log_uploader: END window=periodic
2026-09-30 06:57:44,988 - INFO - [global] LogUploader: upload_run_logs завершён
2026-09-30 06:57:55,782 - INFO - [global] Проверяю обновы...
2026-09-30 06:57:56,606 - DEBUG - [global] needs_update: raw → 5.13.09
2026-09-30 06:57:56,769 - DEBUG - [global] needs_update: API → 5.13.09
2026-09-30 06:57:56,770 - DEBUG - [global] needs_update: лучший источник raw → 5.13.09 (из 2)
2026-09-30 06:57:56,770 - INFO - [global] needs_update: local=(5, 13, 7) remote=(5, 13, 9) -> has_update=True
2026-09-30 06:57:56,770 - INFO - [global] Доступна обнова! Спавню кнопку
2026-09-30 06:58:26,783 - INFO - [global] Проверяю обновы...
2026-09-30 06:58:27,541 - DEBUG - [global] needs_update: raw → 5.13.09
2026-09-30 06:58:27,779 - DEBUG - [global] needs_update: API → 5.13.09
2026-09-30 06:58:27,779 - DEBUG - [global] needs_update: лучший источник raw → 5.13.09 (из 2)
2026-09-30 06:58:27,779 - INFO - [global] needs_update: local=(5, 13, 7) remote=(5, 13, 9) -> has_update=True
2026-09-30 06:58:27,779 - INFO - [global] Доступна обнова! Спавню кнопку
2026-09-30 06:58:45,012 - INFO - [global] LogUploader: запускаю upload_run_logs...
2026-09-30 06:58:45,012 - DEBUG - [global] log_uploader: START window=periodic made=-1 token=...Rjnfq
2026-09-30 06:58:45,915 - DEBUG - [global] _api_put: GET runs/20260930_065845_fail_periodic.log -> 404
2026-09-30 06:58:47,768 - DEBUG - [global] _api_put: PUT runs/20260930_065845_fail_periodic.log -> 201 (3411 bytes)
2026-09-30 06:58:47,770 - DEBUG - [global] log_uploader: STEP 1 (window log) -> https://github.com/StarateJI/L2Mauto/blob/bot-logs/runs/20260930_065845_fail_periodic.log
2026-09-30 06:58:47,771 - DEBUG - [global] log_uploader: STEP 2 SKIP (no PNGs)
2026-09-30 06:58:48,743 - DEBUG - [global] _api_put: GET runs/20260930_065845_fail_global.log -> 404
2026-09-30 06:58:50,655 - DEBUG - [global] _api_put: PUT runs/20260930_065845_fail_global.log -> 201 (20205 bytes)
2026-09-30 06:58:50,657 - DEBUG - [global] log_uploader: STEP 3 (global log) -> https://github.com/StarateJI/L2Mauto/blob/bot-logs/runs/20260930_065845_fail_global.log
2026-09-30 06:58:50,657 - DEBUG - [global] log_uploader: END window=periodic
2026-09-30 06:58:50,657 - INFO - [global] LogUploader: upload_run_logs завершён
2026-09-30 06:58:57,793 - INFO - [global] Проверяю обновы...
2026-09-30 06:58:58,581 - DEBUG - [global] needs_update: raw → 5.13.09
2026-09-30 06:58:58,783 - DEBUG - [global] needs_update: API → 5.13.09
2026-09-30 06:58:58,783 - DEBUG - [global] needs_update: лучший источник raw → 5.13.09 (из 2)
2026-09-30 06:58:58,783 - INFO - [global] needs_update: local=(5, 13, 7) remote=(5, 13, 9) -> has_update=True
2026-09-30 06:58:58,783 - INFO - [global] Доступна обнова! Спавню кнопку
2026-09-30 06:59:28,796 - INFO - [global] Проверяю обновы...
2026-09-30 06:59:29,616 - DEBUG - [global] needs_update: raw → 5.13.09
2026-09-30 06:59:29,839 - DEBUG - [global] needs_update: API → 5.13.09
2026-09-30 06:59:29,839 - DEBUG - [global] needs_update: лучший источник raw → 5.13.09 (из 2)
2026-09-30 06:59:29,839 - INFO - [global] needs_update: local=(5, 13, 7) remote=(5, 13, 9) -> has_update=True
2026-09-30 06:59:29,839 - INFO - [global] Доступна обнова! Спавню кнопку
2026-09-30 06:59:50,685 - INFO - [global] LogUploader: запускаю upload_run_logs...
2026-09-30 06:59:50,686 - DEBUG - [global] log_uploader: START window=periodic made=-1 token=...Rjnfq
2026-09-30 06:59:51,628 - DEBUG - [global] _api_put: GET runs/20260930_065950_fail_periodic.log -> 404
2026-09-30 06:59:53,401 - DEBUG - [global] _api_put: PUT runs/20260930_065950_fail_periodic.log -> 201 (3411 bytes)
2026-09-30 06:59:53,404 - DEBUG - [global] log_uploader: STEP 1 (window log) -> https://github.com/StarateJI/L2Mauto/blob/bot-logs/runs/20260930_065950_fail_periodic.log
2026-09-30 06:59:53,405 - DEBUG - [global] log_uploader: STEP 2 SKIP (no PNGs)
2026-09-30 06:59:54,431 - DEBUG - [global] _api_put: GET runs/20260930_065950_fail_global.log -> 404
2026-09-30 06:59:56,299 - DEBUG - [global] _api_put: PUT runs/20260930_065950_fail_global.log -> 201 (20205 bytes)
2026-09-30 06:59:56,300 - DEBUG - [global] log_uploader: STEP 3 (global log) -> https://github.com/StarateJI/L2Mauto/blob/bot-logs/runs/20260930_065950_fail_global.log
2026-09-30 06:59:56,300 - DEBUG - [global] log_uploader: END window=periodic
2026-09-30 06:59:56,300 - INFO - [global] LogUploader: upload_run_logs завершён
2026-09-30 06:59:59,851 - INFO - [global] Проверяю обновы...
2026-09-30 07:00:00,651 - DEBUG - [global] needs_update: raw → 5.13.09
2026-09-30 07:00:00,850 - DEBUG - [global] needs_update: API → 5.13.09
2026-09-30 07:00:00,851 - DEBUG - [global] needs_update: лучший источник raw → 5.13.09 (из 2)
2026-09-30 07:00:00,851 - INFO - [global] needs_update: local=(5, 13, 7) remote=(5, 13, 9) -> has_update=True
2026-09-30 07:00:00,851 - INFO - [global] Доступна обнова! Спавню кнопку
2026-09-30 07:00:30,865 - INFO - [global] Проверяю обновы...
2026-09-30 07:00:31,733 - DEBUG - [global] needs_update: raw → 5.13.09
2026-09-30 07:00:31,904 - DEBUG - [global] needs_update: API → 5.13.09
2026-09-30 07:00:31,905 - DEBUG - [global] needs_update: лучший источник raw → 5.13.09 (из 2)
2026-09-30 07:00:31,905 - INFO - [global] needs_update: local=(5, 13, 7) remote=(5, 13, 9) -> has_update=True
2026-09-30 07:00:31,905 - INFO - [global] Доступна обнова! Спавню кнопку
2026-09-30 07:00:56,326 - INFO - [global] LogUploader: запускаю upload_run_logs...
2026-09-30 07:00:56,326 - DEBUG - [global] log_uploader: START window=periodic made=-1 token=...Rjnfq
2026-09-30 07:00:57,193 - DEBUG - [global] _api_put: GET runs/20260930_070056_fail_periodic.log -> 404
2026-09-30 07:00:59,048 - DEBUG - [global] _api_put: PUT runs/20260930_070056_fail_periodic.log -> 201 (3411 bytes)
2026-09-30 07:00:59,052 - DEBUG - [global] log_uploader: STEP 1 (window log) -> https://github.com/StarateJI/L2Mauto/blob/bot-logs/runs/20260930_070056_fail_periodic.log
2026-09-30 07:00:59,053 - DEBUG - [global] log_uploader: STEP 2 SKIP (no PNGs)
2026-09-30 07:01:00,049 - DEBUG - [global] _api_put: GET runs/20260930_070056_fail_global.log -> 404
2026-09-30 07:01:01,921 - INFO - [global] Проверяю обновы...
2026-09-30 07:01:01,930 - DEBUG - [global] _api_put: PUT runs/20260930_070056_fail_global.log -> 201 (20127 bytes)
2026-09-30 07:01:01,932 - DEBUG - [global] log_uploader: STEP 3 (global log) -> https://github.com/StarateJI/L2Mauto/blob/bot-logs/runs/20260930_070056_fail_global.log
2026-09-30 07:01:01,933 - DEBUG - [global] log_uploader: END window=periodic
2026-09-30 07:01:01,933 - INFO - [global] LogUploader: upload_run_logs завершён
2026-09-30 07:01:02,772 - DEBUG - [global] needs_update: raw → 5.13.09
2026-09-30 07:01:02,953 - DEBUG - [global] needs_update: API → 5.13.09
2026-09-30 07:01:02,954 - DEBUG - [global] needs_update: лучший источник raw → 5.13.09 (из 2)
2026-09-30 07:01:02,954 - INFO - [global] needs_update: local=(5, 13, 7) remote=(5, 13, 9) -> has_update=True
2026-09-30 07:01:02,954 - INFO - [global] Доступна обнова! Спавню кнопку
2026-09-30 07:01:32,966 - INFO - [global] Проверяю обновы...
2026-09-30 07:01:33,790 - DEBUG - [global] needs_update: raw → 5.13.09
2026-09-30 07:01:34,011 - DEBUG - [global] needs_update: API → 5.13.09
2026-09-30 07:01:34,012 - DEBUG - [global] needs_update: лучший источник raw → 5.13.09 (из 2)
2026-09-30 07:01:34,012 - INFO - [global] needs_update: local=(5, 13, 7) remote=(5, 13, 9) -> has_update=True
2026-09-30 07:01:34,012 - INFO - [global] Доступна обнова! Спавню кнопку
2026-09-30 07:02:01,960 - INFO - [global] LogUploader: запускаю upload_run_logs...
2026-09-30 07:02:01,961 - DEBUG - [global] log_uploader: START window=periodic made=-1 token=...Rjnfq
2026-09-30 07:02:02,878 - DEBUG - [global] _api_put: GET runs/20260930_070201_fail_periodic.log -> 404
2026-09-30 07:02:04,025 - INFO - [global] Проверяю обновы...
2026-09-30 07:02:04,950 - DEBUG - [global] _api_put: PUT runs/20260930_070201_fail_periodic.log -> 201 (3411 bytes)
2026-09-30 07:02:04,953 - DEBUG - [global] log_uploader: STEP 1 (window log) -> https://github.com/StarateJI/L2Mauto/blob/bot-logs/runs/20260930_070201_fail_periodic.log
2026-09-30 07:02:04,954 - DEBUG - [global] log_uploader: STEP 2 SKIP (no PNGs)
2026-09-30 07:02:04,960 - DEBUG - [global] needs_update: raw → 5.13.09
2026-09-30 07:02:05,160 - DEBUG - [global] needs_update: API → 5.13.09
2026-09-30 07:02:05,160 - DEBUG - [global] needs_update: лучший источник raw → 5.13.09 (из 2)
2026-09-30 07:02:05,160 - INFO - [global] needs_update: local=(5, 13, 7) remote=(5, 13, 9) -> has_update=True
2026-09-30 07:02:05,161 - INFO - [global] Доступна обнова! Спавню кнопку
2026-09-30 07:02:05,920 - DEBUG - [global] _api_put: GET runs/20260930_070201_fail_global.log -> 404
2026-09-30 07:02:07,803 - DEBUG - [global] _api_put: PUT runs/20260930_070201_fail_global.log -> 201 (19973 bytes)
2026-09-30 07:02:07,805 - DEBUG - [global] log_uploader: STEP 3 (global log) -> https://github.com/StarateJI/L2Mauto/blob/bot-logs/runs/20260930_070201_fail_global.log
2026-09-30 07:02:07,805 - DEBUG - [global] log_uploader: END window=periodic
2026-09-30 07:02:07,805 - INFO - [global] LogUploader: upload_run_logs завершён
2026-09-30 07:02:35,175 - INFO - [global] Проверяю обновы...
2026-09-30 07:02:35,989 - DEBUG - [global] needs_update: raw → 5.13.09
2026-09-30 07:02:36,284 - DEBUG - [global] needs_update: API → 5.13.09
2026-09-30 07:02:36,284 - DEBUG - [global] needs_update: лучший источник raw → 5.13.09 (из 2)
2026-09-30 07:02:36,284 - INFO - [global] needs_update: local=(5, 13, 7) remote=(5, 13, 9) -> has_update=True
2026-09-30 07:02:36,284 - INFO - [global] Доступна обнова! Спавню кнопку
2026-09-30 07:03:06,298 - INFO - [global] Проверяю обновы...
2026-09-30 07:03:07,192 - DEBUG - [global] needs_update: raw → 5.13.09
2026-09-30 07:03:07,389 - DEBUG - [global] needs_update: API → 5.13.09
2026-09-30 07:03:07,390 - DEBUG - [global] needs_update: лучший источник raw → 5.13.09 (из 2)
2026-09-30 07:03:07,390 - INFO - [global] needs_update: local=(5, 13, 7) remote=(5, 13, 9) -> has_update=True
2026-09-30 07:03:07,390 - INFO - [global] Доступна обнова! Спавню кнопку
2026-09-30 07:03:07,835 - INFO - [global] LogUploader: запускаю upload_run_logs...
2026-09-30 07:03:07,835 - DEBUG - [global] log_uploader: START window=periodic made=-1 token=...Rjnfq
2026-09-30 07:03:08,808 - DEBUG - [global] _api_put: GET runs/20260930_070307_fail_periodic.log -> 404
2026-09-30 07:03:10,695 - DEBUG - [global] _api_put: PUT runs/20260930_070307_fail_periodic.log -> 201 (3411 bytes)
2026-09-30 07:03:10,697 - DEBUG - [global] log_uploader: STEP 1 (window log) -> https://github.com/StarateJI/L2Mauto/blob/bot-logs/runs/20260930_070307_fail_periodic.log
2026-09-30 07:03:10,697 - DEBUG - [global] log_uploader: STEP 2 SKIP (no PNGs)
2026-09-30 07:03:11,718 - DEBUG - [global] _api_put: GET runs/20260930_070307_fail_global.log -> 404
2026-09-30 07:03:13,668 - DEBUG - [global] _api_put: PUT runs/20260930_070307_fail_global.log -> 201 (20010 bytes)
2026-09-30 07:03:13,670 - DEBUG - [global] log_uploader: STEP 3 (global log) -> https://github.com/StarateJI/L2Mauto/blob/bot-logs/runs/20260930_070307_fail_global.log
2026-09-30 07:03:13,670 - DEBUG - [global] log_uploader: END window=periodic
2026-09-30 07:03:13,671 - INFO - [global] LogUploader: upload_run_logs завершён
2026-09-30 07:03:37,401 - INFO - [global] Проверяю обновы...
2026-09-30 07:03:38,279 - DEBUG - [global] needs_update: raw → 5.13.09
2026-09-30 07:03:38,502 - DEBUG - [global] needs_update: API → 5.13.09
2026-09-30 07:03:38,503 - DEBUG - [global] needs_update: лучший источник raw → 5.13.09 (из 2)
2026-09-30 07:03:38,503 - INFO - [global] needs_update: local=(5, 13, 7) remote=(5, 13, 9) -> has_update=True
2026-09-30 07:03:38,503 - INFO - [global] Доступна обнова! Спавню кнопку
2026-09-30 07:04:08,516 - INFO - [global] Проверяю обновы...
2026-09-30 07:04:09,368 - DEBUG - [global] needs_update: raw → 5.13.09
2026-09-30 07:04:09,586 - DEBUG - [global] needs_update: API → 5.13.09
2026-09-30 07:04:09,587 - DEBUG - [global] needs_update: лучший источник raw → 5.13.09 (из 2)
2026-09-30 07:04:09,587 - INFO - [global] needs_update: local=(5, 13, 7) remote=(5, 13, 9) -> has_update=True
2026-09-30 07:04:09,587 - INFO - [global] Доступна обнова! Спавню кнопку
2026-09-30 07:04:13,697 - INFO - [global] LogUploader: запускаю upload_run_logs...
2026-09-30 07:04:13,698 - DEBUG - [global] log_uploader: START window=periodic made=-1 token=...Rjnfq
2026-09-30 07:04:14,808 - DEBUG - [global] _api_put: GET runs/20260930_070413_fail_periodic.log -> 404
2026-09-30 07:04:16,580 - DEBUG - [global] _api_put: PUT runs/20260930_070413_fail_periodic.log -> 201 (3411 bytes)
2026-09-30 07:04:16,583 - DEBUG - [global] log_uploader: STEP 1 (window log) -> https://github.com/StarateJI/L2Mauto/blob/bot-logs/runs/20260930_070413_fail_periodic.log
2026-09-30 07:04:16,584 - DEBUG - [global] log_uploader: STEP 2 SKIP (no PNGs)
