=== Log tail 2026-09-28T22:49:29.368521 | last 200 lines ===
2026-09-28 22:40:25,020 - DEBUG - [global] needs_update: лучший источник raw → 5.13.09 (из 2)
2026-09-28 22:40:25,020 - INFO - [global] needs_update: local=(5, 13, 7) remote=(5, 13, 9) -> has_update=True
2026-09-28 22:40:25,021 - INFO - [global] Доступна обнова! Спавню кнопку
2026-09-28 22:40:37,494 - INFO - [global] LogUploader: запускаю upload_run_logs...
2026-09-28 22:40:37,494 - DEBUG - [global] log_uploader: START window=periodic made=-1 token=...Rjnfq
2026-09-28 22:40:38,373 - DEBUG - [global] _api_put: GET runs/20260928_224037_fail_periodic.log -> 404
2026-09-28 22:40:40,125 - DEBUG - [global] _api_put: PUT runs/20260928_224037_fail_periodic.log -> 201 (2785 bytes)
2026-09-28 22:40:40,126 - DEBUG - [global] log_uploader: STEP 1 (window log) -> https://github.com/StarateJI/L2Mauto/blob/bot-logs/runs/20260928_224037_fail_periodic.log
2026-09-28 22:40:40,127 - DEBUG - [global] log_uploader: STEP 2 SKIP (no PNGs)
2026-09-28 22:40:41,022 - DEBUG - [global] _api_put: GET runs/20260928_224037_fail_global.log -> 404
2026-09-28 22:40:43,259 - DEBUG - [global] _api_put: PUT runs/20260928_224037_fail_global.log -> 201 (20010 bytes)
2026-09-28 22:40:43,260 - DEBUG - [global] log_uploader: STEP 3 (global log) -> https://github.com/StarateJI/L2Mauto/blob/bot-logs/runs/20260928_224037_fail_global.log
2026-09-28 22:40:43,260 - DEBUG - [global] log_uploader: END window=periodic
2026-09-28 22:40:43,260 - INFO - [global] LogUploader: upload_run_logs завершён
2026-09-28 22:40:55,035 - INFO - [global] Проверяю обновы...
2026-09-28 22:40:55,823 - DEBUG - [global] needs_update: raw → 5.13.09
2026-09-28 22:40:56,049 - DEBUG - [global] needs_update: API → 5.13.09
2026-09-28 22:40:56,050 - DEBUG - [global] needs_update: лучший источник raw → 5.13.09 (из 2)
2026-09-28 22:40:56,050 - INFO - [global] needs_update: local=(5, 13, 7) remote=(5, 13, 9) -> has_update=True
2026-09-28 22:40:56,050 - INFO - [global] Доступна обнова! Спавню кнопку
2026-09-28 22:41:26,066 - INFO - [global] Проверяю обновы...
2026-09-28 22:41:26,873 - DEBUG - [global] needs_update: raw → 5.13.09
2026-09-28 22:41:27,095 - DEBUG - [global] needs_update: API → 5.13.09
2026-09-28 22:41:27,095 - DEBUG - [global] needs_update: лучший источник raw → 5.13.09 (из 2)
2026-09-28 22:41:27,095 - INFO - [global] needs_update: local=(5, 13, 7) remote=(5, 13, 9) -> has_update=True
2026-09-28 22:41:27,095 - INFO - [global] Доступна обнова! Спавню кнопку
2026-09-28 22:41:43,292 - INFO - [global] LogUploader: запускаю upload_run_logs...
2026-09-28 22:41:43,292 - DEBUG - [global] log_uploader: START window=periodic made=-1 token=...Rjnfq
2026-09-28 22:41:44,173 - DEBUG - [global] _api_put: GET runs/20260928_224143_fail_periodic.log -> 404
2026-09-28 22:41:46,488 - DEBUG - [global] _api_put: PUT runs/20260928_224143_fail_periodic.log -> 201 (2785 bytes)
2026-09-28 22:41:46,489 - DEBUG - [global] log_uploader: STEP 1 (window log) -> https://github.com/StarateJI/L2Mauto/blob/bot-logs/runs/20260928_224143_fail_periodic.log
2026-09-28 22:41:46,490 - DEBUG - [global] log_uploader: STEP 2 SKIP (no PNGs)
2026-09-28 22:41:47,384 - DEBUG - [global] _api_put: GET runs/20260928_224143_fail_global.log -> 404
2026-09-28 22:41:49,365 - DEBUG - [global] _api_put: PUT runs/20260928_224143_fail_global.log -> 201 (20010 bytes)
2026-09-28 22:41:49,368 - DEBUG - [global] log_uploader: STEP 3 (global log) -> https://github.com/StarateJI/L2Mauto/blob/bot-logs/runs/20260928_224143_fail_global.log
2026-09-28 22:41:49,368 - DEBUG - [global] log_uploader: END window=periodic
2026-09-28 22:41:49,368 - INFO - [global] LogUploader: upload_run_logs завершён
2026-09-28 22:41:57,112 - INFO - [global] Проверяю обновы...
2026-09-28 22:41:57,829 - DEBUG - [global] needs_update: raw → 5.13.09
2026-09-28 22:41:58,084 - DEBUG - [global] needs_update: API → 5.13.09
2026-09-28 22:41:58,084 - DEBUG - [global] needs_update: лучший источник raw → 5.13.09 (из 2)
2026-09-28 22:41:58,085 - INFO - [global] needs_update: local=(5, 13, 7) remote=(5, 13, 9) -> has_update=True
2026-09-28 22:41:58,085 - INFO - [global] Доступна обнова! Спавню кнопку
2026-09-28 22:42:28,100 - INFO - [global] Проверяю обновы...
2026-09-28 22:42:28,915 - DEBUG - [global] needs_update: raw → 5.13.09
2026-09-28 22:42:29,089 - DEBUG - [global] needs_update: API → 5.13.09
2026-09-28 22:42:29,089 - DEBUG - [global] needs_update: лучший источник raw → 5.13.09 (из 2)
2026-09-28 22:42:29,089 - INFO - [global] needs_update: local=(5, 13, 7) remote=(5, 13, 9) -> has_update=True
2026-09-28 22:42:29,089 - INFO - [global] Доступна обнова! Спавню кнопку
2026-09-28 22:42:49,398 - INFO - [global] LogUploader: запускаю upload_run_logs...
2026-09-28 22:42:49,399 - DEBUG - [global] log_uploader: START window=periodic made=-1 token=...Rjnfq
2026-09-28 22:42:50,229 - DEBUG - [global] _api_put: GET runs/20260928_224249_fail_periodic.log -> 404
2026-09-28 22:42:52,016 - DEBUG - [global] _api_put: PUT runs/20260928_224249_fail_periodic.log -> 409 (2785 bytes)
2026-09-28 22:42:52,016 - WARNING - [global] _api_put: PUT failed body: {"message":"is at d68bcd014c64b495565c1c137f74a2a865da4558 but expected 05d1c540bb3b939cecce6cc3fa77b509b03c2fd2","documentation_url":"https://docs.github.com/rest/repos/contents#create-or-update-file
2026-09-28 22:42:52,019 - DEBUG - [global] log_uploader: STEP 1 (window log) -> FAILED
2026-09-28 22:42:52,019 - DEBUG - [global] log_uploader: STEP 2 SKIP (no PNGs)
2026-09-28 22:42:52,909 - DEBUG - [global] _api_put: GET runs/20260928_224249_fail_global.log -> 404
2026-09-28 22:42:55,283 - DEBUG - [global] _api_put: PUT runs/20260928_224249_fail_global.log -> 201 (20127 bytes)
2026-09-28 22:42:55,285 - DEBUG - [global] log_uploader: STEP 3 (global log) -> https://github.com/StarateJI/L2Mauto/blob/bot-logs/runs/20260928_224249_fail_global.log
2026-09-28 22:42:55,285 - DEBUG - [global] log_uploader: END window=periodic
2026-09-28 22:42:55,285 - INFO - [global] LogUploader: upload_run_logs завершён
2026-09-28 22:42:59,104 - INFO - [global] Проверяю обновы...
2026-09-28 22:42:59,931 - DEBUG - [global] needs_update: raw → 5.13.09
2026-09-28 22:43:00,120 - DEBUG - [global] needs_update: API → 5.13.09
2026-09-28 22:43:00,120 - DEBUG - [global] needs_update: лучший источник raw → 5.13.09 (из 2)
2026-09-28 22:43:00,120 - INFO - [global] needs_update: local=(5, 13, 7) remote=(5, 13, 9) -> has_update=True
2026-09-28 22:43:00,121 - INFO - [global] Доступна обнова! Спавню кнопку
2026-09-28 22:43:30,133 - INFO - [global] Проверяю обновы...
2026-09-28 22:43:30,911 - DEBUG - [global] needs_update: raw → 5.13.09
2026-09-28 22:43:31,111 - DEBUG - [global] needs_update: API → 5.13.09
2026-09-28 22:43:31,112 - DEBUG - [global] needs_update: лучший источник raw → 5.13.09 (из 2)
2026-09-28 22:43:31,112 - INFO - [global] needs_update: local=(5, 13, 7) remote=(5, 13, 9) -> has_update=True
2026-09-28 22:43:31,112 - INFO - [global] Доступна обнова! Спавню кнопку
2026-09-28 22:43:55,315 - INFO - [global] LogUploader: запускаю upload_run_logs...
2026-09-28 22:43:55,315 - DEBUG - [global] log_uploader: START window=periodic made=-1 token=...Rjnfq
2026-09-28 22:43:56,198 - DEBUG - [global] _api_put: GET runs/20260928_224355_fail_periodic.log -> 404
2026-09-28 22:43:58,009 - DEBUG - [global] _api_put: PUT runs/20260928_224355_fail_periodic.log -> 201 (2785 bytes)
2026-09-28 22:43:58,011 - DEBUG - [global] log_uploader: STEP 1 (window log) -> https://github.com/StarateJI/L2Mauto/blob/bot-logs/runs/20260928_224355_fail_periodic.log
2026-09-28 22:43:58,011 - DEBUG - [global] log_uploader: STEP 2 SKIP (no PNGs)
2026-09-28 22:43:58,897 - DEBUG - [global] _api_put: GET runs/20260928_224355_fail_global.log -> 404
2026-09-28 22:44:01,125 - INFO - [global] Проверяю обновы...
2026-09-28 22:44:01,526 - DEBUG - [global] _api_put: PUT runs/20260928_224355_fail_global.log -> 201 (20127 bytes)
2026-09-28 22:44:01,527 - DEBUG - [global] log_uploader: STEP 3 (global log) -> https://github.com/StarateJI/L2Mauto/blob/bot-logs/runs/20260928_224355_fail_global.log
2026-09-28 22:44:01,527 - DEBUG - [global] log_uploader: END window=periodic
2026-09-28 22:44:01,527 - INFO - [global] LogUploader: upload_run_logs завершён
2026-09-28 22:44:01,888 - DEBUG - [global] needs_update: raw → 5.13.09
2026-09-28 22:44:02,106 - DEBUG - [global] needs_update: API → 5.13.09
2026-09-28 22:44:02,107 - DEBUG - [global] needs_update: лучший источник raw → 5.13.09 (из 2)
2026-09-28 22:44:02,107 - INFO - [global] needs_update: local=(5, 13, 7) remote=(5, 13, 9) -> has_update=True
2026-09-28 22:44:02,107 - INFO - [global] Доступна обнова! Спавню кнопку
2026-09-28 22:44:32,122 - INFO - [global] Проверяю обновы...
2026-09-28 22:44:32,888 - DEBUG - [global] needs_update: raw → 5.13.09
2026-09-28 22:44:33,137 - DEBUG - [global] needs_update: API → 5.13.09
2026-09-28 22:44:33,137 - DEBUG - [global] needs_update: лучший источник raw → 5.13.09 (из 2)
2026-09-28 22:44:33,137 - INFO - [global] needs_update: local=(5, 13, 7) remote=(5, 13, 9) -> has_update=True
2026-09-28 22:44:33,137 - INFO - [global] Доступна обнова! Спавню кнопку
2026-09-28 22:45:01,554 - INFO - [global] LogUploader: запускаю upload_run_logs...
2026-09-28 22:45:01,554 - DEBUG - [global] log_uploader: START window=periodic made=-1 token=...Rjnfq
2026-09-28 22:45:02,463 - DEBUG - [global] _api_put: GET runs/20260928_224501_fail_periodic.log -> 404
2026-09-28 22:45:03,150 - INFO - [global] Проверяю обновы...
2026-09-28 22:45:03,980 - DEBUG - [global] needs_update: raw → 5.13.09
2026-09-28 22:45:04,200 - DEBUG - [global] needs_update: API → 5.13.09
2026-09-28 22:45:04,200 - DEBUG - [global] needs_update: лучший источник raw → 5.13.09 (из 2)
2026-09-28 22:45:04,200 - INFO - [global] needs_update: local=(5, 13, 7) remote=(5, 13, 9) -> has_update=True
2026-09-28 22:45:04,200 - INFO - [global] Доступна обнова! Спавню кнопку
2026-09-28 22:45:04,967 - DEBUG - [global] _api_put: PUT runs/20260928_224501_fail_periodic.log -> 201 (2785 bytes)
2026-09-28 22:45:04,969 - DEBUG - [global] log_uploader: STEP 1 (window log) -> https://github.com/StarateJI/L2Mauto/blob/bot-logs/runs/20260928_224501_fail_periodic.log
2026-09-28 22:45:04,969 - DEBUG - [global] log_uploader: STEP 2 SKIP (no PNGs)
2026-09-28 22:45:05,863 - DEBUG - [global] _api_put: GET runs/20260928_224501_fail_global.log -> 404
2026-09-28 22:45:07,967 - DEBUG - [global] _api_put: PUT runs/20260928_224501_fail_global.log -> 201 (20052 bytes)
2026-09-28 22:45:07,969 - DEBUG - [global] log_uploader: STEP 3 (global log) -> https://github.com/StarateJI/L2Mauto/blob/bot-logs/runs/20260928_224501_fail_global.log
2026-09-28 22:45:07,969 - DEBUG - [global] log_uploader: END window=periodic
2026-09-28 22:45:07,969 - INFO - [global] LogUploader: upload_run_logs завершён
2026-09-28 22:45:34,216 - INFO - [global] Проверяю обновы...
2026-09-28 22:45:35,034 - DEBUG - [global] needs_update: raw → 5.13.09
2026-09-28 22:45:35,302 - DEBUG - [global] needs_update: API → 5.13.09
2026-09-28 22:45:35,303 - DEBUG - [global] needs_update: лучший источник raw → 5.13.09 (из 2)
2026-09-28 22:45:35,303 - INFO - [global] needs_update: local=(5, 13, 7) remote=(5, 13, 9) -> has_update=True
2026-09-28 22:45:35,303 - INFO - [global] Доступна обнова! Спавню кнопку
2026-09-28 22:46:05,316 - INFO - [global] Проверяю обновы...
2026-09-28 22:46:06,172 - DEBUG - [global] needs_update: raw → 5.13.09
2026-09-28 22:46:06,356 - DEBUG - [global] needs_update: API → 5.13.09
2026-09-28 22:46:06,357 - DEBUG - [global] needs_update: лучший источник raw → 5.13.09 (из 2)
2026-09-28 22:46:06,357 - INFO - [global] needs_update: local=(5, 13, 7) remote=(5, 13, 9) -> has_update=True
2026-09-28 22:46:06,357 - INFO - [global] Доступна обнова! Спавню кнопку
2026-09-28 22:46:07,999 - INFO - [global] LogUploader: запускаю upload_run_logs...
2026-09-28 22:46:07,999 - DEBUG - [global] log_uploader: START window=periodic made=-1 token=...Rjnfq
2026-09-28 22:46:08,898 - DEBUG - [global] _api_put: GET runs/20260928_224607_fail_periodic.log -> 404
2026-09-28 22:46:11,589 - DEBUG - [global] _api_put: PUT runs/20260928_224607_fail_periodic.log -> 201 (2785 bytes)
2026-09-28 22:46:11,590 - DEBUG - [global] log_uploader: STEP 1 (window log) -> https://github.com/StarateJI/L2Mauto/blob/bot-logs/runs/20260928_224607_fail_periodic.log
2026-09-28 22:46:11,591 - DEBUG - [global] log_uploader: STEP 2 SKIP (no PNGs)
2026-09-28 22:46:12,490 - DEBUG - [global] _api_put: GET runs/20260928_224607_fail_global.log -> 404
2026-09-28 22:46:14,446 - DEBUG - [global] _api_put: PUT runs/20260928_224607_fail_global.log -> 201 (20052 bytes)
2026-09-28 22:46:14,448 - DEBUG - [global] log_uploader: STEP 3 (global log) -> https://github.com/StarateJI/L2Mauto/blob/bot-logs/runs/20260928_224607_fail_global.log
2026-09-28 22:46:14,449 - DEBUG - [global] log_uploader: END window=periodic
2026-09-28 22:46:14,449 - INFO - [global] LogUploader: upload_run_logs завершён
2026-09-28 22:46:36,372 - INFO - [global] Проверяю обновы...
2026-09-28 22:46:37,185 - DEBUG - [global] needs_update: raw → 5.13.09
2026-09-28 22:46:37,371 - DEBUG - [global] needs_update: API → 5.13.09
2026-09-28 22:46:37,371 - DEBUG - [global] needs_update: лучший источник raw → 5.13.09 (из 2)
2026-09-28 22:46:37,372 - INFO - [global] needs_update: local=(5, 13, 7) remote=(5, 13, 9) -> has_update=True
2026-09-28 22:46:37,372 - INFO - [global] Доступна обнова! Спавню кнопку
2026-09-28 22:47:07,386 - INFO - [global] Проверяю обновы...
2026-09-28 22:47:08,189 - DEBUG - [global] needs_update: raw → 5.13.09
2026-09-28 22:47:08,389 - DEBUG - [global] needs_update: API → 5.13.09
2026-09-28 22:47:08,389 - DEBUG - [global] needs_update: лучший источник raw → 5.13.09 (из 2)
2026-09-28 22:47:08,390 - INFO - [global] needs_update: local=(5, 13, 7) remote=(5, 13, 9) -> has_update=True
2026-09-28 22:47:08,390 - INFO - [global] Доступна обнова! Спавню кнопку
2026-09-28 22:47:14,479 - INFO - [global] LogUploader: запускаю upload_run_logs...
2026-09-28 22:47:14,479 - DEBUG - [global] log_uploader: START window=periodic made=-1 token=...Rjnfq
2026-09-28 22:47:15,373 - DEBUG - [global] _api_put: GET runs/20260928_224714_fail_periodic.log -> 404
2026-09-28 22:47:18,186 - DEBUG - [global] _api_put: PUT runs/20260928_224714_fail_periodic.log -> 201 (2785 bytes)
2026-09-28 22:47:18,188 - DEBUG - [global] log_uploader: STEP 1 (window log) -> https://github.com/StarateJI/L2Mauto/blob/bot-logs/runs/20260928_224714_fail_periodic.log
2026-09-28 22:47:18,189 - DEBUG - [global] log_uploader: STEP 2 SKIP (no PNGs)
2026-09-28 22:47:19,056 - DEBUG - [global] _api_put: GET runs/20260928_224714_fail_global.log -> 404
2026-09-28 22:47:21,199 - DEBUG - [global] _api_put: PUT runs/20260928_224714_fail_global.log -> 201 (20127 bytes)
2026-09-28 22:47:21,200 - DEBUG - [global] log_uploader: STEP 3 (global log) -> https://github.com/StarateJI/L2Mauto/blob/bot-logs/runs/20260928_224714_fail_global.log
2026-09-28 22:47:21,200 - DEBUG - [global] log_uploader: END window=periodic
2026-09-28 22:47:21,200 - INFO - [global] LogUploader: upload_run_logs завершён
2026-09-28 22:47:38,408 - INFO - [global] Проверяю обновы...
2026-09-28 22:47:39,410 - DEBUG - [global] needs_update: API → 5.13.09
2026-09-28 22:47:39,456 - DEBUG - [global] needs_update: raw → 5.13.09
2026-09-28 22:47:39,457 - DEBUG - [global] needs_update: лучший источник API → 5.13.09 (из 2)
2026-09-28 22:47:39,457 - INFO - [global] needs_update: local=(5, 13, 7) remote=(5, 13, 9) -> has_update=True
2026-09-28 22:47:39,457 - INFO - [global] Доступна обнова! Спавню кнопку
2026-09-28 22:48:09,471 - INFO - [global] Проверяю обновы...
2026-09-28 22:48:10,250 - DEBUG - [global] needs_update: raw → 5.13.09
2026-09-28 22:48:10,465 - DEBUG - [global] needs_update: API → 5.13.09
2026-09-28 22:48:10,465 - DEBUG - [global] needs_update: лучший источник raw → 5.13.09 (из 2)
2026-09-28 22:48:10,465 - INFO - [global] needs_update: local=(5, 13, 7) remote=(5, 13, 9) -> has_update=True
2026-09-28 22:48:10,465 - INFO - [global] Доступна обнова! Спавню кнопку
2026-09-28 22:48:21,228 - INFO - [global] LogUploader: запускаю upload_run_logs...
2026-09-28 22:48:21,228 - DEBUG - [global] log_uploader: START window=periodic made=-1 token=...Rjnfq
2026-09-28 22:48:22,157 - DEBUG - [global] _api_put: GET runs/20260928_224821_fail_periodic.log -> 404
2026-09-28 22:48:23,830 - DEBUG - [global] _api_put: PUT runs/20260928_224821_fail_periodic.log -> 201 (2785 bytes)
2026-09-28 22:48:23,831 - DEBUG - [global] log_uploader: STEP 1 (window log) -> https://github.com/StarateJI/L2Mauto/blob/bot-logs/runs/20260928_224821_fail_periodic.log
2026-09-28 22:48:23,832 - DEBUG - [global] log_uploader: STEP 2 SKIP (no PNGs)
2026-09-28 22:48:24,709 - DEBUG - [global] _api_put: GET runs/20260928_224821_fail_global.log -> 404
2026-09-28 22:48:26,598 - DEBUG - [global] _api_put: PUT runs/20260928_224821_fail_global.log -> 201 (20127 bytes)
2026-09-28 22:48:26,601 - DEBUG - [global] log_uploader: STEP 3 (global log) -> https://github.com/StarateJI/L2Mauto/blob/bot-logs/runs/20260928_224821_fail_global.log
2026-09-28 22:48:26,601 - DEBUG - [global] log_uploader: END window=periodic
2026-09-28 22:48:26,601 - INFO - [global] LogUploader: upload_run_logs завершён
2026-09-28 22:48:40,478 - INFO - [global] Проверяю обновы...
2026-09-28 22:48:41,288 - DEBUG - [global] needs_update: raw → 5.13.09
2026-09-28 22:48:41,510 - DEBUG - [global] needs_update: API → 5.13.09
2026-09-28 22:48:41,510 - DEBUG - [global] needs_update: лучший источник raw → 5.13.09 (из 2)
2026-09-28 22:48:41,510 - INFO - [global] needs_update: local=(5, 13, 7) remote=(5, 13, 9) -> has_update=True
2026-09-28 22:48:41,510 - INFO - [global] Доступна обнова! Спавню кнопку
2026-09-28 22:49:11,528 - INFO - [global] Проверяю обновы...
2026-09-28 22:49:12,345 - DEBUG - [global] needs_update: raw → 5.13.09
2026-09-28 22:49:12,518 - DEBUG - [global] needs_update: API → 5.13.09
2026-09-28 22:49:12,518 - DEBUG - [global] needs_update: лучший источник raw → 5.13.09 (из 2)
2026-09-28 22:49:12,518 - INFO - [global] needs_update: local=(5, 13, 7) remote=(5, 13, 9) -> has_update=True
2026-09-28 22:49:12,518 - INFO - [global] Доступна обнова! Спавню кнопку
2026-09-28 22:49:26,628 - INFO - [global] LogUploader: запускаю upload_run_logs...
2026-09-28 22:49:26,628 - DEBUG - [global] log_uploader: START window=periodic made=-1 token=...Rjnfq
2026-09-28 22:49:27,478 - DEBUG - [global] _api_put: GET runs/20260928_224926_fail_periodic.log -> 404
2026-09-28 22:49:29,348 - DEBUG - [global] _api_put: PUT runs/20260928_224926_fail_periodic.log -> 201 (2785 bytes)
2026-09-28 22:49:29,351 - DEBUG - [global] log_uploader: STEP 1 (window log) -> https://github.com/StarateJI/L2Mauto/blob/bot-logs/runs/20260928_224926_fail_periodic.log
2026-09-28 22:49:29,351 - DEBUG - [global] log_uploader: STEP 2 SKIP (no PNGs)
