=== Log tail 2026-09-15T12:20:18.087752 | last 200 lines ===
2026-09-15 12:10:44,411 - DEBUG - [global] _api_put: GET runs/20260915_121043_fail_global.log -> 404
2026-09-15 12:10:46,397 - DEBUG - [global] _api_put: PUT runs/20260915_121043_fail_global.log -> 201 (21320 bytes)
2026-09-15 12:10:46,402 - DEBUG - [global] log_uploader: STEP 3 (global log) -> https://github.com/StarateJI/L2Mauto/blob/bot-logs/runs/20260915_121043_fail_global.log
2026-09-15 12:10:46,403 - DEBUG - [global] log_uploader: END window=periodic
2026-09-15 12:10:46,403 - INFO - [global] LogUploader: upload_run_logs завершён
2026-09-15 12:10:55,146 - INFO - [global] Проверяю обновы...
2026-09-15 12:10:56,176 - DEBUG - [global] needs_update: raw → 5.4.4
2026-09-15 12:10:57,192 - DEBUG - [global] needs_update: API failed: HTTPError: 403 Client Error: rate limit exceeded for url: https://api.github.com/repos/StarateJI/L2Mauto/contents/bot/version.txt?ref=main
2026-09-15 12:10:58,667 - DEBUG - [global] needs_update: jsdelivr → 5.4.2
2026-09-15 12:10:58,667 - DEBUG - [global] needs_update: лучший источник raw → 5.4.4 (из 2)
2026-09-15 12:10:58,674 - INFO - [global] needs_update: local=(5, 4, 1) remote=(5, 4, 4) -> has_update=True
2026-09-15 12:10:58,675 - INFO - [global] Доступна обнова! Спавню кнопку
2026-09-15 12:11:28,718 - INFO - [global] Проверяю обновы...
2026-09-15 12:11:29,772 - DEBUG - [global] needs_update: raw → 5.4.4
2026-09-15 12:11:31,180 - DEBUG - [global] needs_update: API failed: HTTPError: 403 Client Error: rate limit exceeded for url: https://api.github.com/repos/StarateJI/L2Mauto/contents/bot/version.txt?ref=main
2026-09-15 12:11:32,565 - DEBUG - [global] needs_update: jsdelivr → 5.4.2
2026-09-15 12:11:32,566 - DEBUG - [global] needs_update: лучший источник raw → 5.4.4 (из 2)
2026-09-15 12:11:32,575 - INFO - [global] needs_update: local=(5, 4, 1) remote=(5, 4, 4) -> has_update=True
2026-09-15 12:11:32,575 - INFO - [global] Доступна обнова! Спавню кнопку
2026-09-15 12:11:46,477 - INFO - [global] LogUploader: запускаю upload_run_logs...
2026-09-15 12:11:46,480 - DEBUG - [global] log_uploader: START window=periodic made=-1 token=...Rjnfq
2026-09-15 12:11:46,480 - DEBUG - [global] log_uploader: STEP 1 SKIP (no C:\Users\PC\Desktop\L2Mauto\logs\periodic.log)
2026-09-15 12:11:46,481 - DEBUG - [global] log_uploader: STEP 2 SKIP (no PNGs)
2026-09-15 12:11:47,819 - DEBUG - [global] _api_put: GET runs/20260915_121146_fail_global.log -> 404
2026-09-15 12:11:50,325 - DEBUG - [global] _api_put: PUT runs/20260915_121146_fail_global.log -> 201 (21301 bytes)
2026-09-15 12:11:50,331 - DEBUG - [global] log_uploader: STEP 3 (global log) -> https://github.com/StarateJI/L2Mauto/blob/bot-logs/runs/20260915_121146_fail_global.log
2026-09-15 12:11:50,331 - DEBUG - [global] log_uploader: END window=periodic
2026-09-15 12:11:50,331 - INFO - [global] LogUploader: upload_run_logs завершён
2026-09-15 12:12:02,634 - INFO - [global] Проверяю обновы...
2026-09-15 12:12:03,655 - DEBUG - [global] needs_update: raw → 5.4.4
2026-09-15 12:12:04,847 - DEBUG - [global] needs_update: API failed: HTTPError: 403 Client Error: rate limit exceeded for url: https://api.github.com/repos/StarateJI/L2Mauto/contents/bot/version.txt?ref=main
2026-09-15 12:12:06,313 - DEBUG - [global] needs_update: jsdelivr → 5.4.2
2026-09-15 12:12:06,313 - DEBUG - [global] needs_update: лучший источник raw → 5.4.4 (из 2)
2026-09-15 12:12:06,319 - INFO - [global] needs_update: local=(5, 4, 1) remote=(5, 4, 4) -> has_update=True
2026-09-15 12:12:06,319 - INFO - [global] Доступна обнова! Спавню кнопку
2026-09-15 12:12:36,340 - INFO - [global] Проверяю обновы...
2026-09-15 12:12:37,360 - DEBUG - [global] needs_update: raw → 5.4.4
2026-09-15 12:12:38,703 - DEBUG - [global] needs_update: API failed: HTTPError: 403 Client Error: rate limit exceeded for url: https://api.github.com/repos/StarateJI/L2Mauto/contents/bot/version.txt?ref=main
2026-09-15 12:12:40,221 - DEBUG - [global] needs_update: jsdelivr → 5.4.2
2026-09-15 12:12:40,221 - DEBUG - [global] needs_update: лучший источник raw → 5.4.4 (из 2)
2026-09-15 12:12:40,226 - INFO - [global] needs_update: local=(5, 4, 1) remote=(5, 4, 4) -> has_update=True
2026-09-15 12:12:40,227 - INFO - [global] Доступна обнова! Спавню кнопку
2026-09-15 12:12:50,414 - INFO - [global] LogUploader: запускаю upload_run_logs...
2026-09-15 12:12:50,417 - DEBUG - [global] log_uploader: START window=periodic made=-1 token=...Rjnfq
2026-09-15 12:12:50,417 - DEBUG - [global] log_uploader: STEP 1 SKIP (no C:\Users\PC\Desktop\L2Mauto\logs\periodic.log)
2026-09-15 12:12:50,418 - DEBUG - [global] log_uploader: STEP 2 SKIP (no PNGs)
2026-09-15 12:12:51,742 - DEBUG - [global] _api_put: GET runs/20260915_121250_fail_global.log -> 404
2026-09-15 12:12:54,180 - DEBUG - [global] _api_put: PUT runs/20260915_121250_fail_global.log -> 201 (21320 bytes)
2026-09-15 12:12:54,192 - DEBUG - [global] log_uploader: STEP 3 (global log) -> https://github.com/StarateJI/L2Mauto/blob/bot-logs/runs/20260915_121250_fail_global.log
2026-09-15 12:12:54,192 - DEBUG - [global] log_uploader: END window=periodic
2026-09-15 12:12:54,192 - INFO - [global] LogUploader: upload_run_logs завершён
2026-09-15 12:13:10,271 - INFO - [global] Проверяю обновы...
2026-09-15 12:13:11,316 - DEBUG - [global] needs_update: raw → 5.4.4
2026-09-15 12:13:12,807 - DEBUG - [global] needs_update: API failed: HTTPError: 403 Client Error: rate limit exceeded for url: https://api.github.com/repos/StarateJI/L2Mauto/contents/bot/version.txt?ref=main
2026-09-15 12:13:14,311 - DEBUG - [global] needs_update: jsdelivr → 5.4.2
2026-09-15 12:13:14,311 - DEBUG - [global] needs_update: лучший источник raw → 5.4.4 (из 2)
2026-09-15 12:13:14,316 - INFO - [global] needs_update: local=(5, 4, 1) remote=(5, 4, 4) -> has_update=True
2026-09-15 12:13:14,316 - INFO - [global] Доступна обнова! Спавню кнопку
2026-09-15 12:13:44,346 - INFO - [global] Проверяю обновы...
2026-09-15 12:13:45,421 - DEBUG - [global] needs_update: raw → 5.4.4
2026-09-15 12:13:46,684 - DEBUG - [global] needs_update: API failed: HTTPError: 403 Client Error: rate limit exceeded for url: https://api.github.com/repos/StarateJI/L2Mauto/contents/bot/version.txt?ref=main
2026-09-15 12:13:48,061 - DEBUG - [global] needs_update: jsdelivr → 5.4.2
2026-09-15 12:13:48,062 - DEBUG - [global] needs_update: лучший источник raw → 5.4.4 (из 2)
2026-09-15 12:13:48,070 - INFO - [global] needs_update: local=(5, 4, 1) remote=(5, 4, 4) -> has_update=True
2026-09-15 12:13:48,070 - INFO - [global] Доступна обнова! Спавню кнопку
2026-09-15 12:13:54,351 - INFO - [global] LogUploader: запускаю upload_run_logs...
2026-09-15 12:13:54,355 - DEBUG - [global] log_uploader: START window=periodic made=-1 token=...Rjnfq
2026-09-15 12:13:54,356 - DEBUG - [global] log_uploader: STEP 1 SKIP (no C:\Users\PC\Desktop\L2Mauto\logs\periodic.log)
2026-09-15 12:13:54,356 - DEBUG - [global] log_uploader: STEP 2 SKIP (no PNGs)
2026-09-15 12:13:55,732 - DEBUG - [global] _api_put: GET runs/20260915_121354_fail_global.log -> 404
2026-09-15 12:13:58,172 - DEBUG - [global] _api_put: PUT runs/20260915_121354_fail_global.log -> 201 (21229 bytes)
2026-09-15 12:13:58,181 - DEBUG - [global] log_uploader: STEP 3 (global log) -> https://github.com/StarateJI/L2Mauto/blob/bot-logs/runs/20260915_121354_fail_global.log
2026-09-15 12:13:58,181 - DEBUG - [global] log_uploader: END window=periodic
2026-09-15 12:13:58,181 - INFO - [global] LogUploader: upload_run_logs завершён
2026-09-15 12:14:18,107 - INFO - [global] Проверяю обновы...
2026-09-15 12:14:19,126 - DEBUG - [global] needs_update: raw → 5.4.4
2026-09-15 12:14:20,232 - DEBUG - [global] needs_update: API failed: HTTPError: 403 Client Error: rate limit exceeded for url: https://api.github.com/repos/StarateJI/L2Mauto/contents/bot/version.txt?ref=main
2026-09-15 12:14:21,494 - DEBUG - [global] needs_update: jsdelivr → 5.4.2
2026-09-15 12:14:21,494 - DEBUG - [global] needs_update: лучший источник raw → 5.4.4 (из 2)
2026-09-15 12:14:21,500 - INFO - [global] needs_update: local=(5, 4, 1) remote=(5, 4, 4) -> has_update=True
2026-09-15 12:14:21,501 - INFO - [global] Доступна обнова! Спавню кнопку
2026-09-15 12:14:51,525 - INFO - [global] Проверяю обновы...
2026-09-15 12:14:52,523 - DEBUG - [global] needs_update: raw → 5.4.4
2026-09-15 12:14:53,647 - DEBUG - [global] needs_update: API failed: HTTPError: 403 Client Error: rate limit exceeded for url: https://api.github.com/repos/StarateJI/L2Mauto/contents/bot/version.txt?ref=main
2026-09-15 12:14:55,183 - DEBUG - [global] needs_update: jsdelivr → 5.4.2
2026-09-15 12:14:55,184 - DEBUG - [global] needs_update: лучший источник raw → 5.4.4 (из 2)
2026-09-15 12:14:55,197 - INFO - [global] needs_update: local=(5, 4, 1) remote=(5, 4, 4) -> has_update=True
2026-09-15 12:14:55,198 - INFO - [global] Доступна обнова! Спавню кнопку
2026-09-15 12:14:58,260 - INFO - [global] LogUploader: запускаю upload_run_logs...
2026-09-15 12:14:58,267 - DEBUG - [global] log_uploader: START window=periodic made=-1 token=...Rjnfq
2026-09-15 12:14:58,268 - DEBUG - [global] log_uploader: STEP 1 SKIP (no C:\Users\PC\Desktop\L2Mauto\logs\periodic.log)
2026-09-15 12:14:58,269 - DEBUG - [global] log_uploader: STEP 2 SKIP (no PNGs)
2026-09-15 12:14:59,707 - DEBUG - [global] _api_put: GET runs/20260915_121458_fail_global.log -> 404
2026-09-15 12:15:02,285 - DEBUG - [global] _api_put: PUT runs/20260915_121458_fail_global.log -> 201 (21229 bytes)
2026-09-15 12:15:02,296 - DEBUG - [global] log_uploader: STEP 3 (global log) -> https://github.com/StarateJI/L2Mauto/blob/bot-logs/runs/20260915_121458_fail_global.log
2026-09-15 12:15:02,297 - DEBUG - [global] log_uploader: END window=periodic
2026-09-15 12:15:02,297 - INFO - [global] LogUploader: upload_run_logs завершён
2026-09-15 12:15:25,233 - INFO - [global] Проверяю обновы...
2026-09-15 12:15:26,283 - DEBUG - [global] needs_update: raw → 5.4.4
2026-09-15 12:15:27,473 - DEBUG - [global] needs_update: API failed: HTTPError: 403 Client Error: rate limit exceeded for url: https://api.github.com/repos/StarateJI/L2Mauto/contents/bot/version.txt?ref=main
2026-09-15 12:15:28,964 - DEBUG - [global] needs_update: jsdelivr → 5.4.2
2026-09-15 12:15:28,965 - DEBUG - [global] needs_update: лучший источник raw → 5.4.4 (из 2)
2026-09-15 12:15:28,974 - INFO - [global] needs_update: local=(5, 4, 1) remote=(5, 4, 4) -> has_update=True
2026-09-15 12:15:28,974 - INFO - [global] Доступна обнова! Спавню кнопку
2026-09-15 12:15:59,009 - INFO - [global] Проверяю обновы...
2026-09-15 12:16:00,054 - DEBUG - [global] needs_update: raw → 5.4.4
2026-09-15 12:16:01,154 - DEBUG - [global] needs_update: API failed: HTTPError: 403 Client Error: rate limit exceeded for url: https://api.github.com/repos/StarateJI/L2Mauto/contents/bot/version.txt?ref=main
2026-09-15 12:16:02,363 - INFO - [global] LogUploader: запускаю upload_run_logs...
2026-09-15 12:16:02,367 - DEBUG - [global] log_uploader: START window=periodic made=-1 token=...Rjnfq
2026-09-15 12:16:02,367 - DEBUG - [global] log_uploader: STEP 1 SKIP (no C:\Users\PC\Desktop\L2Mauto\logs\periodic.log)
2026-09-15 12:16:02,368 - DEBUG - [global] log_uploader: STEP 2 SKIP (no PNGs)
2026-09-15 12:16:02,499 - DEBUG - [global] needs_update: jsdelivr → 5.4.2
2026-09-15 12:16:02,500 - DEBUG - [global] needs_update: лучший источник raw → 5.4.4 (из 2)
2026-09-15 12:16:02,505 - INFO - [global] needs_update: local=(5, 4, 1) remote=(5, 4, 4) -> has_update=True
2026-09-15 12:16:02,506 - INFO - [global] Доступна обнова! Спавню кнопку
2026-09-15 12:16:03,870 - DEBUG - [global] _api_put: GET runs/20260915_121602_fail_global.log -> 404
2026-09-15 12:16:05,999 - DEBUG - [global] _api_put: PUT runs/20260915_121602_fail_global.log -> 201 (21229 bytes)
2026-09-15 12:16:06,008 - DEBUG - [global] log_uploader: STEP 3 (global log) -> https://github.com/StarateJI/L2Mauto/blob/bot-logs/runs/20260915_121602_fail_global.log
2026-09-15 12:16:06,009 - DEBUG - [global] log_uploader: END window=periodic
2026-09-15 12:16:06,009 - INFO - [global] LogUploader: upload_run_logs завершён
2026-09-15 12:16:32,540 - INFO - [global] Проверяю обновы...
2026-09-15 12:16:33,554 - DEBUG - [global] needs_update: raw → 5.4.4
2026-09-15 12:16:34,838 - DEBUG - [global] needs_update: API failed: HTTPError: 403 Client Error: rate limit exceeded for url: https://api.github.com/repos/StarateJI/L2Mauto/contents/bot/version.txt?ref=main
2026-09-15 12:16:36,370 - DEBUG - [global] needs_update: jsdelivr → 5.4.2
2026-09-15 12:16:36,370 - DEBUG - [global] needs_update: лучший источник raw → 5.4.4 (из 2)
2026-09-15 12:16:36,383 - INFO - [global] needs_update: local=(5, 4, 1) remote=(5, 4, 4) -> has_update=True
2026-09-15 12:16:36,384 - INFO - [global] Доступна обнова! Спавню кнопку
2026-09-15 12:17:06,064 - INFO - [global] LogUploader: запускаю upload_run_logs...
2026-09-15 12:17:06,067 - DEBUG - [global] log_uploader: START window=periodic made=-1 token=...Rjnfq
2026-09-15 12:17:06,067 - DEBUG - [global] log_uploader: STEP 1 SKIP (no C:\Users\PC\Desktop\L2Mauto\logs\periodic.log)
2026-09-15 12:17:06,068 - DEBUG - [global] log_uploader: STEP 2 SKIP (no PNGs)
2026-09-15 12:17:06,415 - INFO - [global] Проверяю обновы...
2026-09-15 12:17:07,448 - DEBUG - [global] _api_put: GET runs/20260915_121706_fail_global.log -> 404
2026-09-15 12:17:07,497 - DEBUG - [global] needs_update: raw → 5.4.4
2026-09-15 12:17:09,469 - DEBUG - [global] needs_update: API failed: HTTPError: 403 Client Error: rate limit exceeded for url: https://api.github.com/repos/StarateJI/L2Mauto/contents/bot/version.txt?ref=main
2026-09-15 12:17:10,262 - DEBUG - [global] _api_put: PUT runs/20260915_121706_fail_global.log -> 201 (21229 bytes)
2026-09-15 12:17:10,268 - DEBUG - [global] log_uploader: STEP 3 (global log) -> https://github.com/StarateJI/L2Mauto/blob/bot-logs/runs/20260915_121706_fail_global.log
2026-09-15 12:17:10,268 - DEBUG - [global] log_uploader: END window=periodic
2026-09-15 12:17:10,268 - INFO - [global] LogUploader: upload_run_logs завершён
2026-09-15 12:17:11,137 - DEBUG - [global] needs_update: jsdelivr → 5.4.2
2026-09-15 12:17:11,137 - DEBUG - [global] needs_update: лучший источник raw → 5.4.4 (из 2)
2026-09-15 12:17:11,142 - INFO - [global] needs_update: local=(5, 4, 1) remote=(5, 4, 4) -> has_update=True
2026-09-15 12:17:11,142 - INFO - [global] Доступна обнова! Спавню кнопку
2026-09-15 12:17:41,181 - INFO - [global] Проверяю обновы...
2026-09-15 12:17:42,394 - DEBUG - [global] needs_update: raw → 5.4.4
2026-09-15 12:17:43,943 - DEBUG - [global] needs_update: API failed: HTTPError: 403 Client Error: rate limit exceeded for url: https://api.github.com/repos/StarateJI/L2Mauto/contents/bot/version.txt?ref=main
2026-09-15 12:17:45,552 - DEBUG - [global] needs_update: jsdelivr → 5.4.1
2026-09-15 12:17:45,552 - DEBUG - [global] needs_update: лучший источник raw → 5.4.4 (из 2)
2026-09-15 12:17:45,559 - INFO - [global] needs_update: local=(5, 4, 1) remote=(5, 4, 4) -> has_update=True
2026-09-15 12:17:45,559 - INFO - [global] Доступна обнова! Спавню кнопку
2026-09-15 12:18:10,364 - INFO - [global] LogUploader: запускаю upload_run_logs...
2026-09-15 12:18:10,367 - DEBUG - [global] log_uploader: START window=periodic made=-1 token=...Rjnfq
2026-09-15 12:18:10,368 - DEBUG - [global] log_uploader: STEP 1 SKIP (no C:\Users\PC\Desktop\L2Mauto\logs\periodic.log)
2026-09-15 12:18:10,368 - DEBUG - [global] log_uploader: STEP 2 SKIP (no PNGs)
2026-09-15 12:18:11,685 - DEBUG - [global] _api_put: GET runs/20260915_121810_fail_global.log -> 404
2026-09-15 12:18:14,167 - DEBUG - [global] _api_put: PUT runs/20260915_121810_fail_global.log -> 201 (21229 bytes)
2026-09-15 12:18:14,182 - DEBUG - [global] log_uploader: STEP 3 (global log) -> https://github.com/StarateJI/L2Mauto/blob/bot-logs/runs/20260915_121810_fail_global.log
2026-09-15 12:18:14,182 - DEBUG - [global] log_uploader: END window=periodic
2026-09-15 12:18:14,182 - INFO - [global] LogUploader: upload_run_logs завершён
2026-09-15 12:18:15,583 - INFO - [global] Проверяю обновы...
2026-09-15 12:18:17,059 - DEBUG - [global] needs_update: raw → 5.4.4
2026-09-15 12:18:18,492 - DEBUG - [global] needs_update: API failed: HTTPError: 403 Client Error: rate limit exceeded for url: https://api.github.com/repos/StarateJI/L2Mauto/contents/bot/version.txt?ref=main
2026-09-15 12:18:19,927 - DEBUG - [global] needs_update: jsdelivr → 5.4.1
2026-09-15 12:18:19,927 - DEBUG - [global] needs_update: лучший источник raw → 5.4.4 (из 2)
2026-09-15 12:18:19,934 - INFO - [global] needs_update: local=(5, 4, 1) remote=(5, 4, 4) -> has_update=True
2026-09-15 12:18:19,934 - INFO - [global] Доступна обнова! Спавню кнопку
2026-09-15 12:18:49,956 - INFO - [global] Проверяю обновы...
2026-09-15 12:18:50,970 - DEBUG - [global] needs_update: raw → 5.4.4
2026-09-15 12:18:52,364 - DEBUG - [global] needs_update: API failed: HTTPError: 403 Client Error: rate limit exceeded for url: https://api.github.com/repos/StarateJI/L2Mauto/contents/bot/version.txt?ref=main
2026-09-15 12:18:53,974 - DEBUG - [global] needs_update: jsdelivr → 5.4.1
2026-09-15 12:18:53,975 - DEBUG - [global] needs_update: лучший источник raw → 5.4.4 (из 2)
2026-09-15 12:18:53,988 - INFO - [global] needs_update: local=(5, 4, 1) remote=(5, 4, 4) -> has_update=True
2026-09-15 12:18:53,988 - INFO - [global] Доступна обнова! Спавню кнопку
2026-09-15 12:19:14,286 - INFO - [global] LogUploader: запускаю upload_run_logs...
2026-09-15 12:19:14,290 - DEBUG - [global] log_uploader: START window=periodic made=-1 token=...Rjnfq
2026-09-15 12:19:14,290 - DEBUG - [global] log_uploader: STEP 1 SKIP (no C:\Users\PC\Desktop\L2Mauto\logs\periodic.log)
2026-09-15 12:19:14,291 - DEBUG - [global] log_uploader: STEP 2 SKIP (no PNGs)
2026-09-15 12:19:15,565 - DEBUG - [global] _api_put: GET runs/20260915_121914_fail_global.log -> 404
2026-09-15 12:19:17,975 - DEBUG - [global] _api_put: PUT runs/20260915_121914_fail_global.log -> 201 (21229 bytes)
2026-09-15 12:19:17,981 - DEBUG - [global] log_uploader: STEP 3 (global log) -> https://github.com/StarateJI/L2Mauto/blob/bot-logs/runs/20260915_121914_fail_global.log
2026-09-15 12:19:17,981 - DEBUG - [global] log_uploader: END window=periodic
2026-09-15 12:19:17,981 - INFO - [global] LogUploader: upload_run_logs завершён
2026-09-15 12:19:24,020 - INFO - [global] Проверяю обновы...
2026-09-15 12:19:25,024 - DEBUG - [global] needs_update: raw → 5.4.4
2026-09-15 12:19:26,078 - DEBUG - [global] needs_update: API failed: HTTPError: 403 Client Error: rate limit exceeded for url: https://api.github.com/repos/StarateJI/L2Mauto/contents/bot/version.txt?ref=main
2026-09-15 12:19:27,474 - DEBUG - [global] needs_update: jsdelivr → 5.4.1
2026-09-15 12:19:27,475 - DEBUG - [global] needs_update: лучший источник raw → 5.4.4 (из 2)
2026-09-15 12:19:27,482 - INFO - [global] needs_update: local=(5, 4, 1) remote=(5, 4, 4) -> has_update=True
2026-09-15 12:19:27,482 - INFO - [global] Доступна обнова! Спавню кнопку
2026-09-15 12:19:57,527 - INFO - [global] Проверяю обновы...
2026-09-15 12:19:58,554 - DEBUG - [global] needs_update: raw → 5.4.4
2026-09-15 12:19:59,845 - DEBUG - [global] needs_update: API failed: HTTPError: 403 Client Error: rate limit exceeded for url: https://api.github.com/repos/StarateJI/L2Mauto/contents/bot/version.txt?ref=main
2026-09-15 12:20:01,188 - DEBUG - [global] needs_update: jsdelivr → 5.4.1
2026-09-15 12:20:01,189 - DEBUG - [global] needs_update: лучший источник raw → 5.4.4 (из 2)
2026-09-15 12:20:01,195 - INFO - [global] needs_update: local=(5, 4, 1) remote=(5, 4, 4) -> has_update=True
2026-09-15 12:20:01,195 - INFO - [global] Доступна обнова! Спавню кнопку
2026-09-15 12:20:18,060 - INFO - [global] LogUploader: запускаю upload_run_logs...
2026-09-15 12:20:18,062 - DEBUG - [global] log_uploader: START window=periodic made=-1 token=...Rjnfq
2026-09-15 12:20:18,062 - DEBUG - [global] log_uploader: STEP 1 SKIP (no C:\Users\PC\Desktop\L2Mauto\logs\periodic.log)
2026-09-15 12:20:18,063 - DEBUG - [global] log_uploader: STEP 2 SKIP (no PNGs)
