=== Log tail 2026-09-18T22:44:08.588001 | last 200 lines ===
2026-09-18 22:35:29,288 - DEBUG - [global] _api_put: GET runs/20260918_223525_fail_global.log -> 404
2026-09-18 22:35:30,757 - DEBUG - [global] _api_put: PUT runs/20260918_223525_fail_global.log -> 201 (20085 bytes)
2026-09-18 22:35:30,758 - DEBUG - [global] log_uploader: STEP 3 (global log) -> https://github.com/StarateJI/L2Mauto/blob/bot-logs/runs/20260918_223525_fail_global.log
2026-09-18 22:35:30,758 - DEBUG - [global] log_uploader: END window=periodic
2026-09-18 22:35:30,758 - INFO - [global] LogUploader: upload_run_logs завершён
2026-09-18 22:35:51,903 - INFO - [global] Проверяю обновы...
2026-09-18 22:35:52,483 - DEBUG - [global] needs_update: raw → 5.11.18
2026-09-18 22:35:53,318 - DEBUG - [global] needs_update: API GitHub → 5.11.18
2026-09-18 22:35:53,915 - DEBUG - [global] needs_update: jsdelivr → 5.10.2
2026-09-18 22:35:53,915 - DEBUG - [global] needs_update: лучший источник raw → 5.11.18 (из 3)
2026-09-18 22:35:53,917 - INFO - [global] needs_update: local=(5, 11, 18) remote=(5, 11, 18) -> has_update=False
2026-09-18 22:35:53,917 - INFO - [global] Установлена последняя версия бота | 5.11.18
2026-09-18 22:36:23,936 - INFO - [global] Проверяю обновы...
2026-09-18 22:36:24,556 - DEBUG - [global] needs_update: raw → 5.11.18
2026-09-18 22:36:25,402 - DEBUG - [global] needs_update: API GitHub → 5.11.18
2026-09-18 22:36:26,061 - DEBUG - [global] needs_update: jsdelivr → 5.10.2
2026-09-18 22:36:26,062 - DEBUG - [global] needs_update: лучший источник raw → 5.11.18 (из 3)
2026-09-18 22:36:26,063 - INFO - [global] needs_update: local=(5, 11, 18) remote=(5, 11, 18) -> has_update=False
2026-09-18 22:36:26,064 - INFO - [global] Установлена последняя версия бота | 5.11.18
2026-09-18 22:36:30,788 - INFO - [global] LogUploader: запускаю upload_run_logs...
2026-09-18 22:36:30,789 - DEBUG - [global] log_uploader: START window=periodic made=-1 token=...Rjnfq
2026-09-18 22:36:31,597 - DEBUG - [global] _api_put: GET runs/20260918_223630_fail_periodic.log -> 404
2026-09-18 22:36:33,192 - DEBUG - [global] _api_put: PUT runs/20260918_223630_fail_periodic.log -> 201 (10405 bytes)
2026-09-18 22:36:33,193 - DEBUG - [global] log_uploader: STEP 1 (window log) -> https://github.com/StarateJI/L2Mauto/blob/bot-logs/runs/20260918_223630_fail_periodic.log
2026-09-18 22:36:33,194 - DEBUG - [global] log_uploader: STEP 2 SKIP (no PNGs)
2026-09-18 22:36:34,087 - DEBUG - [global] _api_put: GET runs/20260918_223630_fail_global.log -> 404
2026-09-18 22:36:35,653 - DEBUG - [global] _api_put: PUT runs/20260918_223630_fail_global.log -> 201 (20085 bytes)
2026-09-18 22:36:35,656 - DEBUG - [global] log_uploader: STEP 3 (global log) -> https://github.com/StarateJI/L2Mauto/blob/bot-logs/runs/20260918_223630_fail_global.log
2026-09-18 22:36:35,656 - DEBUG - [global] log_uploader: END window=periodic
2026-09-18 22:36:35,656 - INFO - [global] LogUploader: upload_run_logs завершён
2026-09-18 22:36:56,080 - INFO - [global] Проверяю обновы...
2026-09-18 22:36:56,727 - DEBUG - [global] needs_update: raw → 5.11.18
2026-09-18 22:36:57,691 - DEBUG - [global] needs_update: API GitHub → 5.11.18
2026-09-18 22:36:58,307 - DEBUG - [global] needs_update: jsdelivr → 5.10.2
2026-09-18 22:36:58,307 - DEBUG - [global] needs_update: лучший источник raw → 5.11.18 (из 3)
2026-09-18 22:36:58,308 - INFO - [global] needs_update: local=(5, 11, 18) remote=(5, 11, 18) -> has_update=False
2026-09-18 22:36:58,309 - INFO - [global] Установлена последняя версия бота | 5.11.18
2026-09-18 22:37:28,326 - INFO - [global] Проверяю обновы...
2026-09-18 22:37:28,948 - DEBUG - [global] needs_update: raw → 5.11.18
2026-09-18 22:37:29,790 - DEBUG - [global] needs_update: API GitHub → 5.11.18
2026-09-18 22:37:30,432 - DEBUG - [global] needs_update: jsdelivr → 5.10.2
2026-09-18 22:37:30,432 - DEBUG - [global] needs_update: лучший источник raw → 5.11.18 (из 3)
2026-09-18 22:37:30,435 - INFO - [global] needs_update: local=(5, 11, 18) remote=(5, 11, 18) -> has_update=False
2026-09-18 22:37:30,435 - INFO - [global] Установлена последняя версия бота | 5.11.18
2026-09-18 22:37:35,693 - INFO - [global] LogUploader: запускаю upload_run_logs...
2026-09-18 22:37:35,693 - DEBUG - [global] log_uploader: START window=periodic made=-1 token=...Rjnfq
2026-09-18 22:37:36,490 - DEBUG - [global] _api_put: GET runs/20260918_223735_fail_periodic.log -> 404
2026-09-18 22:37:37,948 - DEBUG - [global] _api_put: PUT runs/20260918_223735_fail_periodic.log -> 201 (10405 bytes)
2026-09-18 22:37:37,950 - DEBUG - [global] log_uploader: STEP 1 (window log) -> https://github.com/StarateJI/L2Mauto/blob/bot-logs/runs/20260918_223735_fail_periodic.log
2026-09-18 22:37:37,950 - DEBUG - [global] log_uploader: STEP 2 SKIP (no PNGs)
2026-09-18 22:37:38,818 - DEBUG - [global] _api_put: GET runs/20260918_223735_fail_global.log -> 404
2026-09-18 22:37:40,309 - DEBUG - [global] _api_put: PUT runs/20260918_223735_fail_global.log -> 201 (20085 bytes)
2026-09-18 22:37:40,311 - DEBUG - [global] log_uploader: STEP 3 (global log) -> https://github.com/StarateJI/L2Mauto/blob/bot-logs/runs/20260918_223735_fail_global.log
2026-09-18 22:37:40,311 - DEBUG - [global] log_uploader: END window=periodic
2026-09-18 22:37:40,312 - INFO - [global] LogUploader: upload_run_logs завершён
2026-09-18 22:38:00,452 - INFO - [global] Проверяю обновы...
2026-09-18 22:38:01,090 - DEBUG - [global] needs_update: raw → 5.11.18
2026-09-18 22:38:01,930 - DEBUG - [global] needs_update: API GitHub → 5.11.18
2026-09-18 22:38:02,568 - DEBUG - [global] needs_update: jsdelivr → 5.10.2
2026-09-18 22:38:02,568 - DEBUG - [global] needs_update: лучший источник raw → 5.11.18 (из 3)
2026-09-18 22:38:02,569 - INFO - [global] needs_update: local=(5, 11, 18) remote=(5, 11, 18) -> has_update=False
2026-09-18 22:38:02,570 - INFO - [global] Установлена последняя версия бота | 5.11.18
2026-09-18 22:38:32,589 - INFO - [global] Проверяю обновы...
2026-09-18 22:38:33,216 - DEBUG - [global] needs_update: raw → 5.11.18
2026-09-18 22:38:34,051 - DEBUG - [global] needs_update: API GitHub → 5.11.18
2026-09-18 22:38:34,690 - DEBUG - [global] needs_update: jsdelivr → 5.10.2
2026-09-18 22:38:34,690 - DEBUG - [global] needs_update: лучший источник raw → 5.11.18 (из 3)
2026-09-18 22:38:34,692 - INFO - [global] needs_update: local=(5, 11, 18) remote=(5, 11, 18) -> has_update=False
2026-09-18 22:38:34,693 - INFO - [global] Установлена последняя версия бота | 5.11.18
2026-09-18 22:38:40,349 - INFO - [global] LogUploader: запускаю upload_run_logs...
2026-09-18 22:38:40,349 - DEBUG - [global] log_uploader: START window=periodic made=-1 token=...Rjnfq
2026-09-18 22:38:41,220 - DEBUG - [global] _api_put: GET runs/20260918_223840_fail_periodic.log -> 404
2026-09-18 22:38:42,692 - DEBUG - [global] _api_put: PUT runs/20260918_223840_fail_periodic.log -> 201 (10405 bytes)
2026-09-18 22:38:42,694 - DEBUG - [global] log_uploader: STEP 1 (window log) -> https://github.com/StarateJI/L2Mauto/blob/bot-logs/runs/20260918_223840_fail_periodic.log
2026-09-18 22:38:42,694 - DEBUG - [global] log_uploader: STEP 2 SKIP (no PNGs)
2026-09-18 22:38:43,526 - DEBUG - [global] _api_put: GET runs/20260918_223840_fail_global.log -> 404
2026-09-18 22:38:45,129 - DEBUG - [global] _api_put: PUT runs/20260918_223840_fail_global.log -> 201 (20085 bytes)
2026-09-18 22:38:45,131 - DEBUG - [global] log_uploader: STEP 3 (global log) -> https://github.com/StarateJI/L2Mauto/blob/bot-logs/runs/20260918_223840_fail_global.log
2026-09-18 22:38:45,131 - DEBUG - [global] log_uploader: END window=periodic
2026-09-18 22:38:45,131 - INFO - [global] LogUploader: upload_run_logs завершён
2026-09-18 22:39:04,712 - INFO - [global] Проверяю обновы...
2026-09-18 22:39:05,378 - DEBUG - [global] needs_update: raw → 5.11.18
2026-09-18 22:39:06,203 - DEBUG - [global] needs_update: API GitHub → 5.11.18
2026-09-18 22:39:06,828 - DEBUG - [global] needs_update: jsdelivr → 5.10.2
2026-09-18 22:39:06,828 - DEBUG - [global] needs_update: лучший источник raw → 5.11.18 (из 3)
2026-09-18 22:39:06,830 - INFO - [global] needs_update: local=(5, 11, 18) remote=(5, 11, 18) -> has_update=False
2026-09-18 22:39:06,831 - INFO - [global] Установлена последняя версия бота | 5.11.18
2026-09-18 22:39:36,847 - INFO - [global] Проверяю обновы...
2026-09-18 22:39:37,474 - DEBUG - [global] needs_update: raw → 5.11.18
2026-09-18 22:39:38,297 - DEBUG - [global] needs_update: API GitHub → 5.11.18
2026-09-18 22:39:38,976 - DEBUG - [global] needs_update: jsdelivr → 5.10.2
2026-09-18 22:39:38,976 - DEBUG - [global] needs_update: лучший источник raw → 5.11.18 (из 3)
2026-09-18 22:39:38,977 - INFO - [global] needs_update: local=(5, 11, 18) remote=(5, 11, 18) -> has_update=False
2026-09-18 22:39:38,978 - INFO - [global] Установлена последняя версия бота | 5.11.18
2026-09-18 22:39:45,171 - INFO - [global] LogUploader: запускаю upload_run_logs...
2026-09-18 22:39:45,172 - DEBUG - [global] log_uploader: START window=periodic made=-1 token=...Rjnfq
2026-09-18 22:39:45,987 - DEBUG - [global] _api_put: GET runs/20260918_223945_fail_periodic.log -> 404
2026-09-18 22:39:47,488 - DEBUG - [global] _api_put: PUT runs/20260918_223945_fail_periodic.log -> 201 (10405 bytes)
2026-09-18 22:39:47,489 - DEBUG - [global] log_uploader: STEP 1 (window log) -> https://github.com/StarateJI/L2Mauto/blob/bot-logs/runs/20260918_223945_fail_periodic.log
2026-09-18 22:39:47,491 - DEBUG - [global] log_uploader: STEP 2 SKIP (no PNGs)
2026-09-18 22:39:48,364 - DEBUG - [global] _api_put: GET runs/20260918_223945_fail_global.log -> 404
2026-09-18 22:39:50,107 - DEBUG - [global] _api_put: PUT runs/20260918_223945_fail_global.log -> 201 (20085 bytes)
2026-09-18 22:39:50,109 - DEBUG - [global] log_uploader: STEP 3 (global log) -> https://github.com/StarateJI/L2Mauto/blob/bot-logs/runs/20260918_223945_fail_global.log
2026-09-18 22:39:50,109 - DEBUG - [global] log_uploader: END window=periodic
2026-09-18 22:39:50,109 - INFO - [global] LogUploader: upload_run_logs завершён
2026-09-18 22:40:08,996 - INFO - [global] Проверяю обновы...
2026-09-18 22:40:09,638 - DEBUG - [global] needs_update: raw → 5.11.18
2026-09-18 22:40:10,446 - DEBUG - [global] needs_update: API GitHub → 5.11.18
2026-09-18 22:40:11,058 - DEBUG - [global] needs_update: jsdelivr → 5.10.2
2026-09-18 22:40:11,058 - DEBUG - [global] needs_update: лучший источник raw → 5.11.18 (из 3)
2026-09-18 22:40:11,060 - INFO - [global] needs_update: local=(5, 11, 18) remote=(5, 11, 18) -> has_update=False
2026-09-18 22:40:11,060 - INFO - [global] Установлена последняя версия бота | 5.11.18
2026-09-18 22:40:41,079 - INFO - [global] Проверяю обновы...
2026-09-18 22:40:41,697 - DEBUG - [global] needs_update: raw → 5.11.18
2026-09-18 22:40:42,522 - DEBUG - [global] needs_update: API GitHub → 5.11.18
2026-09-18 22:40:43,221 - DEBUG - [global] needs_update: jsdelivr → 5.10.2
2026-09-18 22:40:43,222 - DEBUG - [global] needs_update: лучший источник raw → 5.11.18 (из 3)
2026-09-18 22:40:43,224 - INFO - [global] needs_update: local=(5, 11, 18) remote=(5, 11, 18) -> has_update=False
2026-09-18 22:40:43,224 - INFO - [global] Установлена последняя версия бота | 5.11.18
2026-09-18 22:40:50,143 - INFO - [global] LogUploader: запускаю upload_run_logs...
2026-09-18 22:40:50,143 - DEBUG - [global] log_uploader: START window=periodic made=-1 token=...Rjnfq
2026-09-18 22:40:50,941 - DEBUG - [global] _api_put: GET runs/20260918_224050_fail_periodic.log -> 404
2026-09-18 22:40:52,405 - DEBUG - [global] _api_put: PUT runs/20260918_224050_fail_periodic.log -> 201 (10405 bytes)
2026-09-18 22:40:52,407 - DEBUG - [global] log_uploader: STEP 1 (window log) -> https://github.com/StarateJI/L2Mauto/blob/bot-logs/runs/20260918_224050_fail_periodic.log
2026-09-18 22:40:52,407 - DEBUG - [global] log_uploader: STEP 2 SKIP (no PNGs)
2026-09-18 22:40:53,268 - DEBUG - [global] _api_put: GET runs/20260918_224050_fail_global.log -> 404
2026-09-18 22:40:55,007 - DEBUG - [global] _api_put: PUT runs/20260918_224050_fail_global.log -> 201 (20085 bytes)
2026-09-18 22:40:55,009 - DEBUG - [global] log_uploader: STEP 3 (global log) -> https://github.com/StarateJI/L2Mauto/blob/bot-logs/runs/20260918_224050_fail_global.log
2026-09-18 22:40:55,009 - DEBUG - [global] log_uploader: END window=periodic
2026-09-18 22:40:55,009 - INFO - [global] LogUploader: upload_run_logs завершён
2026-09-18 22:41:13,242 - INFO - [global] Проверяю обновы...
2026-09-18 22:41:13,881 - DEBUG - [global] needs_update: raw → 5.11.18
2026-09-18 22:41:14,693 - DEBUG - [global] needs_update: API GitHub → 5.11.18
2026-09-18 22:41:15,328 - DEBUG - [global] needs_update: jsdelivr → 5.10.2
2026-09-18 22:41:15,329 - DEBUG - [global] needs_update: лучший источник raw → 5.11.18 (из 3)
2026-09-18 22:41:15,331 - INFO - [global] needs_update: local=(5, 11, 18) remote=(5, 11, 18) -> has_update=False
2026-09-18 22:41:15,331 - INFO - [global] Установлена последняя версия бота | 5.11.18
2026-09-18 22:41:45,453 - INFO - [global] Проверяю обновы...
2026-09-18 22:41:46,054 - DEBUG - [global] needs_update: raw → 5.11.18
2026-09-18 22:41:46,865 - DEBUG - [global] needs_update: API GitHub → 5.11.18
2026-09-18 22:41:47,558 - DEBUG - [global] needs_update: jsdelivr → 5.10.2
2026-09-18 22:41:47,558 - DEBUG - [global] needs_update: лучший источник raw → 5.11.18 (из 3)
2026-09-18 22:41:47,559 - INFO - [global] needs_update: local=(5, 11, 18) remote=(5, 11, 18) -> has_update=False
2026-09-18 22:41:47,559 - INFO - [global] Установлена последняя версия бота | 5.11.18
2026-09-18 22:41:55,048 - INFO - [global] LogUploader: запускаю upload_run_logs...
2026-09-18 22:41:55,049 - DEBUG - [global] log_uploader: START window=periodic made=-1 token=...Rjnfq
2026-09-18 22:41:55,883 - DEBUG - [global] _api_put: GET runs/20260918_224155_fail_periodic.log -> 404
2026-09-18 22:41:57,449 - DEBUG - [global] _api_put: PUT runs/20260918_224155_fail_periodic.log -> 201 (10405 bytes)
2026-09-18 22:41:57,451 - DEBUG - [global] log_uploader: STEP 1 (window log) -> https://github.com/StarateJI/L2Mauto/blob/bot-logs/runs/20260918_224155_fail_periodic.log
2026-09-18 22:41:57,451 - DEBUG - [global] log_uploader: STEP 2 SKIP (no PNGs)
2026-09-18 22:41:58,283 - DEBUG - [global] _api_put: GET runs/20260918_224155_fail_global.log -> 404
2026-09-18 22:42:00,647 - DEBUG - [global] _api_put: PUT runs/20260918_224155_fail_global.log -> 201 (20085 bytes)
2026-09-18 22:42:00,649 - DEBUG - [global] log_uploader: STEP 3 (global log) -> https://github.com/StarateJI/L2Mauto/blob/bot-logs/runs/20260918_224155_fail_global.log
2026-09-18 22:42:00,650 - DEBUG - [global] log_uploader: END window=periodic
2026-09-18 22:42:00,650 - INFO - [global] LogUploader: upload_run_logs завершён
2026-09-18 22:42:17,576 - INFO - [global] Проверяю обновы...
2026-09-18 22:42:18,188 - DEBUG - [global] needs_update: raw → 5.11.18
2026-09-18 22:42:18,988 - DEBUG - [global] needs_update: API GitHub → 5.11.18
2026-09-18 22:42:19,583 - DEBUG - [global] needs_update: jsdelivr → 5.10.2
2026-09-18 22:42:19,583 - DEBUG - [global] needs_update: лучший источник raw → 5.11.18 (из 3)
2026-09-18 22:42:19,585 - INFO - [global] needs_update: local=(5, 11, 18) remote=(5, 11, 18) -> has_update=False
2026-09-18 22:42:19,586 - INFO - [global] Установлена последняя версия бота | 5.11.18
2026-09-18 22:42:49,606 - INFO - [global] Проверяю обновы...
2026-09-18 22:42:50,187 - DEBUG - [global] needs_update: raw → 5.11.18
2026-09-18 22:42:51,106 - DEBUG - [global] needs_update: API GitHub → 5.11.18
2026-09-18 22:42:51,727 - DEBUG - [global] needs_update: jsdelivr → 5.10.2
2026-09-18 22:42:51,727 - DEBUG - [global] needs_update: лучший источник raw → 5.11.18 (из 3)
2026-09-18 22:42:51,729 - INFO - [global] needs_update: local=(5, 11, 18) remote=(5, 11, 18) -> has_update=False
2026-09-18 22:42:51,729 - INFO - [global] Установлена последняя версия бота | 5.11.18
2026-09-18 22:43:00,681 - INFO - [global] LogUploader: запускаю upload_run_logs...
2026-09-18 22:43:00,683 - DEBUG - [global] log_uploader: START window=periodic made=-1 token=...Rjnfq
2026-09-18 22:43:02,134 - DEBUG - [global] _api_put: GET runs/20260918_224300_fail_periodic.log -> 404
2026-09-18 22:43:03,720 - DEBUG - [global] _api_put: PUT runs/20260918_224300_fail_periodic.log -> 201 (10405 bytes)
2026-09-18 22:43:03,722 - DEBUG - [global] log_uploader: STEP 1 (window log) -> https://github.com/StarateJI/L2Mauto/blob/bot-logs/runs/20260918_224300_fail_periodic.log
2026-09-18 22:43:03,724 - DEBUG - [global] log_uploader: STEP 2 SKIP (no PNGs)
2026-09-18 22:43:04,582 - DEBUG - [global] _api_put: GET runs/20260918_224300_fail_global.log -> 404
2026-09-18 22:43:06,099 - DEBUG - [global] _api_put: PUT runs/20260918_224300_fail_global.log -> 201 (20085 bytes)
2026-09-18 22:43:06,100 - DEBUG - [global] log_uploader: STEP 3 (global log) -> https://github.com/StarateJI/L2Mauto/blob/bot-logs/runs/20260918_224300_fail_global.log
2026-09-18 22:43:06,100 - DEBUG - [global] log_uploader: END window=periodic
2026-09-18 22:43:06,100 - INFO - [global] LogUploader: upload_run_logs завершён
2026-09-18 22:43:21,744 - INFO - [global] Проверяю обновы...
2026-09-18 22:43:22,330 - DEBUG - [global] needs_update: raw → 5.11.18
2026-09-18 22:43:23,099 - DEBUG - [global] needs_update: API GitHub → 5.11.18
2026-09-18 22:43:23,707 - DEBUG - [global] needs_update: jsdelivr → 5.10.2
2026-09-18 22:43:23,707 - DEBUG - [global] needs_update: лучший источник raw → 5.11.18 (из 3)
2026-09-18 22:43:23,709 - INFO - [global] needs_update: local=(5, 11, 18) remote=(5, 11, 18) -> has_update=False
2026-09-18 22:43:23,709 - INFO - [global] Установлена последняя версия бота | 5.11.18
2026-09-18 22:43:53,727 - INFO - [global] Проверяю обновы...
2026-09-18 22:43:54,344 - DEBUG - [global] needs_update: raw → 5.11.18
2026-09-18 22:43:55,121 - DEBUG - [global] needs_update: API GitHub → 5.11.18
2026-09-18 22:43:55,829 - DEBUG - [global] needs_update: jsdelivr → 5.10.2
2026-09-18 22:43:55,829 - DEBUG - [global] needs_update: лучший источник raw → 5.11.18 (из 3)
2026-09-18 22:43:55,831 - INFO - [global] needs_update: local=(5, 11, 18) remote=(5, 11, 18) -> has_update=False
2026-09-18 22:43:55,831 - INFO - [global] Установлена последняя версия бота | 5.11.18
2026-09-18 22:44:06,137 - INFO - [global] LogUploader: запускаю upload_run_logs...
2026-09-18 22:44:06,137 - DEBUG - [global] log_uploader: START window=periodic made=-1 token=...Rjnfq
2026-09-18 22:44:06,903 - DEBUG - [global] _api_put: GET runs/20260918_224406_fail_periodic.log -> 404
2026-09-18 22:44:08,527 - DEBUG - [global] _api_put: PUT runs/20260918_224406_fail_periodic.log -> 201 (10405 bytes)
2026-09-18 22:44:08,529 - DEBUG - [global] log_uploader: STEP 1 (window log) -> https://github.com/StarateJI/L2Mauto/blob/bot-logs/runs/20260918_224406_fail_periodic.log
2026-09-18 22:44:08,530 - DEBUG - [global] log_uploader: STEP 2 SKIP (no PNGs)
