=== Log tail 2026-09-28T03:17:52.883949 | last 200 lines ===
2026-09-28 03:08:57,446 - DEBUG - [global] needs_update: API → 5.13.09
2026-09-28 03:08:57,446 - DEBUG - [global] needs_update: лучший источник raw → 5.13.09 (из 2)
2026-09-28 03:08:57,447 - INFO - [global] needs_update: local=(5, 13, 7) remote=(5, 13, 9) -> has_update=True
2026-09-28 03:08:57,447 - INFO - [global] Доступна обнова! Спавню кнопку
2026-09-28 03:08:58,834 - INFO - [global] LogUploader: запускаю upload_run_logs...
2026-09-28 03:08:58,836 - DEBUG - [global] log_uploader: START window=periodic made=-1 token=...Rjnfq
2026-09-28 03:08:59,901 - DEBUG - [global] _api_put: GET runs/20260928_030858_fail_periodic.log -> 404
2026-09-28 03:09:01,987 - DEBUG - [global] _api_put: PUT runs/20260928_030858_fail_periodic.log -> 201 (12001 bytes)
2026-09-28 03:09:01,989 - DEBUG - [global] log_uploader: STEP 1 (window log) -> https://github.com/StarateJI/L2Mauto/blob/bot-logs/runs/20260928_030858_fail_periodic.log
2026-09-28 03:09:01,990 - DEBUG - [global] log_uploader: STEP 2 SKIP (no PNGs)
2026-09-28 03:09:03,119 - DEBUG - [global] _api_put: GET runs/20260928_030858_fail_global.log -> 404
2026-09-28 03:09:05,944 - DEBUG - [global] _api_put: PUT runs/20260928_030858_fail_global.log -> 201 (20019 bytes)
2026-09-28 03:09:05,946 - DEBUG - [global] log_uploader: STEP 3 (global log) -> https://github.com/StarateJI/L2Mauto/blob/bot-logs/runs/20260928_030858_fail_global.log
2026-09-28 03:09:05,947 - DEBUG - [global] log_uploader: END window=periodic
2026-09-28 03:09:05,947 - INFO - [global] LogUploader: upload_run_logs завершён
2026-09-28 03:09:27,473 - INFO - [global] Проверяю обновы...
2026-09-28 03:09:28,492 - DEBUG - [global] needs_update: raw → 5.13.09
2026-09-28 03:09:28,874 - DEBUG - [global] needs_update: API → 5.13.09
2026-09-28 03:09:28,875 - DEBUG - [global] needs_update: лучший источник raw → 5.13.09 (из 2)
2026-09-28 03:09:28,875 - INFO - [global] needs_update: local=(5, 13, 7) remote=(5, 13, 9) -> has_update=True
2026-09-28 03:09:28,875 - INFO - [global] Доступна обнова! Спавню кнопку
2026-09-28 03:09:58,892 - INFO - [global] Проверяю обновы...
2026-09-28 03:09:59,906 - DEBUG - [global] needs_update: raw → 5.13.09
2026-09-28 03:10:00,268 - DEBUG - [global] needs_update: API → 5.13.09
2026-09-28 03:10:00,269 - DEBUG - [global] needs_update: лучший источник raw → 5.13.09 (из 2)
2026-09-28 03:10:00,269 - INFO - [global] needs_update: local=(5, 13, 7) remote=(5, 13, 9) -> has_update=True
2026-09-28 03:10:00,270 - INFO - [global] Доступна обнова! Спавню кнопку
2026-09-28 03:10:05,986 - INFO - [global] LogUploader: запускаю upload_run_logs...
2026-09-28 03:10:05,989 - DEBUG - [global] log_uploader: START window=periodic made=-1 token=...Rjnfq
2026-09-28 03:10:07,089 - DEBUG - [global] _api_put: GET runs/20260928_031005_fail_periodic.log -> 200
2026-09-28 03:10:09,031 - DEBUG - [global] _api_put: PUT runs/20260928_031005_fail_periodic.log -> 200 (12001 bytes)
2026-09-28 03:10:09,032 - DEBUG - [global] log_uploader: STEP 1 (window log) -> https://github.com/StarateJI/L2Mauto/blob/bot-logs/runs/20260928_031005_fail_periodic.log
2026-09-28 03:10:09,033 - DEBUG - [global] log_uploader: STEP 2 SKIP (no PNGs)
2026-09-28 03:10:10,341 - DEBUG - [global] _api_put: GET runs/20260928_031005_fail_global.log -> 200
2026-09-28 03:10:12,376 - DEBUG - [global] _api_put: PUT runs/20260928_031005_fail_global.log -> 200 (20019 bytes)
2026-09-28 03:10:12,379 - DEBUG - [global] log_uploader: STEP 3 (global log) -> https://github.com/StarateJI/L2Mauto/blob/bot-logs/runs/20260928_031005_fail_global.log
2026-09-28 03:10:12,379 - DEBUG - [global] log_uploader: END window=periodic
2026-09-28 03:10:12,379 - INFO - [global] LogUploader: upload_run_logs завершён
2026-09-28 03:10:30,305 - INFO - [global] Проверяю обновы...
2026-09-28 03:10:31,282 - DEBUG - [global] needs_update: raw → 5.13.09
2026-09-28 03:10:31,498 - DEBUG - [global] needs_update: API → 5.13.09
2026-09-28 03:10:31,498 - DEBUG - [global] needs_update: лучший источник raw → 5.13.09 (из 2)
2026-09-28 03:10:31,498 - INFO - [global] needs_update: local=(5, 13, 7) remote=(5, 13, 9) -> has_update=True
2026-09-28 03:10:31,499 - INFO - [global] Доступна обнова! Спавню кнопку
2026-09-28 03:11:01,520 - INFO - [global] Проверяю обновы...
2026-09-28 03:11:02,530 - DEBUG - [global] needs_update: raw → 5.13.09
2026-09-28 03:11:02,713 - DEBUG - [global] needs_update: API → 5.13.09
2026-09-28 03:11:02,713 - DEBUG - [global] needs_update: лучший источник raw → 5.13.09 (из 2)
2026-09-28 03:11:02,713 - INFO - [global] needs_update: local=(5, 13, 7) remote=(5, 13, 9) -> has_update=True
2026-09-28 03:11:02,714 - INFO - [global] Доступна обнова! Спавню кнопку
2026-09-28 03:11:12,417 - INFO - [global] LogUploader: запускаю upload_run_logs...
2026-09-28 03:11:12,418 - DEBUG - [global] log_uploader: START window=periodic made=-1 token=...Rjnfq
2026-09-28 03:11:13,604 - DEBUG - [global] _api_put: GET runs/20260928_031112_fail_periodic.log -> 404
2026-09-28 03:11:15,376 - DEBUG - [global] _api_put: PUT runs/20260928_031112_fail_periodic.log -> 201 (12001 bytes)
2026-09-28 03:11:15,379 - DEBUG - [global] log_uploader: STEP 1 (window log) -> https://github.com/StarateJI/L2Mauto/blob/bot-logs/runs/20260928_031112_fail_periodic.log
2026-09-28 03:11:15,380 - DEBUG - [global] log_uploader: STEP 2 SKIP (no PNGs)
2026-09-28 03:11:16,496 - DEBUG - [global] _api_put: GET runs/20260928_031112_fail_global.log -> 404
2026-09-28 03:11:18,545 - DEBUG - [global] _api_put: PUT runs/20260928_031112_fail_global.log -> 201 (20019 bytes)
2026-09-28 03:11:18,548 - DEBUG - [global] log_uploader: STEP 3 (global log) -> https://github.com/StarateJI/L2Mauto/blob/bot-logs/runs/20260928_031112_fail_global.log
2026-09-28 03:11:18,548 - DEBUG - [global] log_uploader: END window=periodic
2026-09-28 03:11:18,548 - INFO - [global] LogUploader: upload_run_logs завершён
2026-09-28 03:11:32,748 - INFO - [global] Проверяю обновы...
2026-09-28 03:11:33,736 - DEBUG - [global] needs_update: raw → 5.13.09
2026-09-28 03:11:33,912 - DEBUG - [global] needs_update: API → 5.13.09
2026-09-28 03:11:33,912 - DEBUG - [global] needs_update: лучший источник raw → 5.13.09 (из 2)
2026-09-28 03:11:33,912 - INFO - [global] needs_update: local=(5, 13, 7) remote=(5, 13, 9) -> has_update=True
2026-09-28 03:11:33,912 - INFO - [global] Доступна обнова! Спавню кнопку
2026-09-28 03:12:03,932 - INFO - [global] Проверяю обновы...
2026-09-28 03:12:04,880 - DEBUG - [global] needs_update: raw → 5.13.09
2026-09-28 03:12:05,067 - DEBUG - [global] needs_update: API → 5.13.09
2026-09-28 03:12:05,067 - DEBUG - [global] needs_update: лучший источник raw → 5.13.09 (из 2)
2026-09-28 03:12:05,068 - INFO - [global] needs_update: local=(5, 13, 7) remote=(5, 13, 9) -> has_update=True
2026-09-28 03:12:05,068 - INFO - [global] Доступна обнова! Спавню кнопку
2026-09-28 03:12:18,584 - INFO - [global] LogUploader: запускаю upload_run_logs...
2026-09-28 03:12:18,586 - DEBUG - [global] log_uploader: START window=periodic made=-1 token=...Rjnfq
2026-09-28 03:12:19,642 - DEBUG - [global] _api_put: GET runs/20260928_031218_fail_periodic.log -> 404
2026-09-28 03:12:21,666 - DEBUG - [global] _api_put: PUT runs/20260928_031218_fail_periodic.log -> 201 (12001 bytes)
2026-09-28 03:12:21,670 - DEBUG - [global] log_uploader: STEP 1 (window log) -> https://github.com/StarateJI/L2Mauto/blob/bot-logs/runs/20260928_031218_fail_periodic.log
2026-09-28 03:12:21,670 - DEBUG - [global] log_uploader: STEP 2 SKIP (no PNGs)
2026-09-28 03:12:22,835 - DEBUG - [global] _api_put: GET runs/20260928_031218_fail_global.log -> 404
2026-09-28 03:12:24,752 - DEBUG - [global] _api_put: PUT runs/20260928_031218_fail_global.log -> 201 (20019 bytes)
2026-09-28 03:12:24,755 - DEBUG - [global] log_uploader: STEP 3 (global log) -> https://github.com/StarateJI/L2Mauto/blob/bot-logs/runs/20260928_031218_fail_global.log
2026-09-28 03:12:24,755 - DEBUG - [global] log_uploader: END window=periodic
2026-09-28 03:12:24,755 - INFO - [global] LogUploader: upload_run_logs завершён
2026-09-28 03:12:35,086 - INFO - [global] Проверяю обновы...
2026-09-28 03:12:36,081 - DEBUG - [global] needs_update: raw → 5.13.09
2026-09-28 03:12:36,271 - DEBUG - [global] needs_update: API → 5.13.09
2026-09-28 03:12:36,271 - DEBUG - [global] needs_update: лучший источник raw → 5.13.09 (из 2)
2026-09-28 03:12:36,271 - INFO - [global] needs_update: local=(5, 13, 7) remote=(5, 13, 9) -> has_update=True
2026-09-28 03:12:36,271 - INFO - [global] Доступна обнова! Спавню кнопку
2026-09-28 03:13:06,286 - INFO - [global] Проверяю обновы...
2026-09-28 03:13:07,255 - DEBUG - [global] needs_update: raw → 5.13.09
2026-09-28 03:13:07,409 - DEBUG - [global] needs_update: API → 5.13.09
2026-09-28 03:13:07,409 - DEBUG - [global] needs_update: лучший источник raw → 5.13.09 (из 2)
2026-09-28 03:13:07,409 - INFO - [global] needs_update: local=(5, 13, 7) remote=(5, 13, 9) -> has_update=True
2026-09-28 03:13:07,409 - INFO - [global] Доступна обнова! Спавню кнопку
2026-09-28 03:13:24,788 - INFO - [global] LogUploader: запускаю upload_run_logs...
2026-09-28 03:13:24,790 - DEBUG - [global] log_uploader: START window=periodic made=-1 token=...Rjnfq
2026-09-28 03:13:25,761 - DEBUG - [global] _api_put: GET runs/20260928_031324_fail_periodic.log -> 404
2026-09-28 03:13:27,819 - DEBUG - [global] _api_put: PUT runs/20260928_031324_fail_periodic.log -> 201 (12001 bytes)
2026-09-28 03:13:27,821 - DEBUG - [global] log_uploader: STEP 1 (window log) -> https://github.com/StarateJI/L2Mauto/blob/bot-logs/runs/20260928_031324_fail_periodic.log
2026-09-28 03:13:27,821 - DEBUG - [global] log_uploader: STEP 2 SKIP (no PNGs)
2026-09-28 03:13:28,894 - DEBUG - [global] _api_put: GET runs/20260928_031324_fail_global.log -> 404
2026-09-28 03:13:31,076 - DEBUG - [global] _api_put: PUT runs/20260928_031324_fail_global.log -> 201 (20019 bytes)
2026-09-28 03:13:31,080 - DEBUG - [global] log_uploader: STEP 3 (global log) -> https://github.com/StarateJI/L2Mauto/blob/bot-logs/runs/20260928_031324_fail_global.log
2026-09-28 03:13:31,080 - DEBUG - [global] log_uploader: END window=periodic
2026-09-28 03:13:31,080 - INFO - [global] LogUploader: upload_run_logs завершён
2026-09-28 03:13:37,428 - INFO - [global] Проверяю обновы...
2026-09-28 03:13:38,350 - DEBUG - [global] needs_update: raw → 5.13.09
2026-09-28 03:13:38,526 - DEBUG - [global] needs_update: API → 5.13.09
2026-09-28 03:13:38,526 - DEBUG - [global] needs_update: лучший источник raw → 5.13.09 (из 2)
2026-09-28 03:13:38,527 - INFO - [global] needs_update: local=(5, 13, 7) remote=(5, 13, 9) -> has_update=True
2026-09-28 03:13:38,527 - INFO - [global] Доступна обнова! Спавню кнопку
2026-09-28 03:14:08,542 - INFO - [global] Проверяю обновы...
2026-09-28 03:14:09,373 - DEBUG - [global] needs_update: raw → 5.13.09
2026-09-28 03:14:09,581 - DEBUG - [global] needs_update: API → 5.13.09
2026-09-28 03:14:09,581 - DEBUG - [global] needs_update: лучший источник raw → 5.13.09 (из 2)
2026-09-28 03:14:09,581 - INFO - [global] needs_update: local=(5, 13, 7) remote=(5, 13, 9) -> has_update=True
2026-09-28 03:14:09,581 - INFO - [global] Доступна обнова! Спавню кнопку
2026-09-28 03:14:31,116 - INFO - [global] LogUploader: запускаю upload_run_logs...
2026-09-28 03:14:31,117 - DEBUG - [global] log_uploader: START window=periodic made=-1 token=...Rjnfq
2026-09-28 03:14:32,113 - DEBUG - [global] _api_put: GET runs/20260928_031431_fail_periodic.log -> 404
2026-09-28 03:14:33,959 - DEBUG - [global] _api_put: PUT runs/20260928_031431_fail_periodic.log -> 201 (12001 bytes)
2026-09-28 03:14:33,962 - DEBUG - [global] log_uploader: STEP 1 (window log) -> https://github.com/StarateJI/L2Mauto/blob/bot-logs/runs/20260928_031431_fail_periodic.log
2026-09-28 03:14:33,962 - DEBUG - [global] log_uploader: STEP 2 SKIP (no PNGs)
2026-09-28 03:14:34,999 - DEBUG - [global] _api_put: GET runs/20260928_031431_fail_global.log -> 404
2026-09-28 03:14:36,990 - DEBUG - [global] _api_put: PUT runs/20260928_031431_fail_global.log -> 201 (20019 bytes)
2026-09-28 03:14:36,992 - DEBUG - [global] log_uploader: STEP 3 (global log) -> https://github.com/StarateJI/L2Mauto/blob/bot-logs/runs/20260928_031431_fail_global.log
2026-09-28 03:14:36,992 - DEBUG - [global] log_uploader: END window=periodic
2026-09-28 03:14:36,992 - INFO - [global] LogUploader: upload_run_logs завершён
2026-09-28 03:14:39,600 - INFO - [global] Проверяю обновы...
2026-09-28 03:14:40,441 - DEBUG - [global] needs_update: raw → 5.13.09
2026-09-28 03:14:40,660 - DEBUG - [global] needs_update: API → 5.13.09
2026-09-28 03:14:40,660 - DEBUG - [global] needs_update: лучший источник raw → 5.13.09 (из 2)
2026-09-28 03:14:40,660 - INFO - [global] needs_update: local=(5, 13, 7) remote=(5, 13, 9) -> has_update=True
2026-09-28 03:14:40,661 - INFO - [global] Доступна обнова! Спавню кнопку
2026-09-28 03:15:10,679 - INFO - [global] Проверяю обновы...
2026-09-28 03:15:11,546 - DEBUG - [global] needs_update: raw → 5.13.09
2026-09-28 03:15:11,778 - DEBUG - [global] needs_update: API → 5.13.09
2026-09-28 03:15:11,778 - DEBUG - [global] needs_update: лучший источник raw → 5.13.09 (из 2)
2026-09-28 03:15:11,779 - INFO - [global] needs_update: local=(5, 13, 7) remote=(5, 13, 9) -> has_update=True
2026-09-28 03:15:11,779 - INFO - [global] Доступна обнова! Спавню кнопку
2026-09-28 03:15:37,030 - INFO - [global] LogUploader: запускаю upload_run_logs...
2026-09-28 03:15:37,031 - DEBUG - [global] log_uploader: START window=periodic made=-1 token=...Rjnfq
2026-09-28 03:15:38,033 - DEBUG - [global] _api_put: GET runs/20260928_031537_fail_periodic.log -> 404
2026-09-28 03:15:40,095 - DEBUG - [global] _api_put: PUT runs/20260928_031537_fail_periodic.log -> 201 (12001 bytes)
2026-09-28 03:15:40,098 - DEBUG - [global] log_uploader: STEP 1 (window log) -> https://github.com/StarateJI/L2Mauto/blob/bot-logs/runs/20260928_031537_fail_periodic.log
2026-09-28 03:15:40,098 - DEBUG - [global] log_uploader: STEP 2 SKIP (no PNGs)
2026-09-28 03:15:41,172 - DEBUG - [global] _api_put: GET runs/20260928_031537_fail_global.log -> 404
2026-09-28 03:15:41,802 - INFO - [global] Проверяю обновы...
2026-09-28 03:15:42,719 - DEBUG - [global] needs_update: raw → 5.13.09
2026-09-28 03:15:42,908 - DEBUG - [global] needs_update: API → 5.13.09
2026-09-28 03:15:42,908 - DEBUG - [global] needs_update: лучший источник raw → 5.13.09 (из 2)
2026-09-28 03:15:42,908 - INFO - [global] needs_update: local=(5, 13, 7) remote=(5, 13, 9) -> has_update=True
2026-09-28 03:15:42,908 - INFO - [global] Доступна обнова! Спавню кнопку
2026-09-28 03:15:43,092 - DEBUG - [global] _api_put: PUT runs/20260928_031537_fail_global.log -> 201 (20019 bytes)
2026-09-28 03:15:43,094 - DEBUG - [global] log_uploader: STEP 3 (global log) -> https://github.com/StarateJI/L2Mauto/blob/bot-logs/runs/20260928_031537_fail_global.log
2026-09-28 03:15:43,095 - DEBUG - [global] log_uploader: END window=periodic
2026-09-28 03:15:43,095 - INFO - [global] LogUploader: upload_run_logs завершён
2026-09-28 03:16:12,927 - INFO - [global] Проверяю обновы...
2026-09-28 03:16:13,846 - DEBUG - [global] needs_update: raw → 5.13.09
2026-09-28 03:16:14,046 - DEBUG - [global] needs_update: API → 5.13.09
2026-09-28 03:16:14,047 - DEBUG - [global] needs_update: лучший источник raw → 5.13.09 (из 2)
2026-09-28 03:16:14,047 - INFO - [global] needs_update: local=(5, 13, 7) remote=(5, 13, 9) -> has_update=True
2026-09-28 03:16:14,047 - INFO - [global] Доступна обнова! Спавню кнопку
2026-09-28 03:16:43,132 - INFO - [global] LogUploader: запускаю upload_run_logs...
2026-09-28 03:16:43,134 - DEBUG - [global] log_uploader: START window=periodic made=-1 token=...Rjnfq
2026-09-28 03:16:44,087 - INFO - [global] Проверяю обновы...
2026-09-28 03:16:44,178 - DEBUG - [global] _api_put: GET runs/20260928_031643_fail_periodic.log -> 404
2026-09-28 03:16:45,179 - DEBUG - [global] needs_update: raw → 5.13.09
2026-09-28 03:16:45,400 - DEBUG - [global] needs_update: API → 5.13.09
2026-09-28 03:16:45,400 - DEBUG - [global] needs_update: лучший источник raw → 5.13.09 (из 2)
2026-09-28 03:16:45,400 - INFO - [global] needs_update: local=(5, 13, 7) remote=(5, 13, 9) -> has_update=True
2026-09-28 03:16:45,400 - INFO - [global] Доступна обнова! Спавню кнопку
2026-09-28 03:16:46,337 - DEBUG - [global] _api_put: PUT runs/20260928_031643_fail_periodic.log -> 201 (12001 bytes)
2026-09-28 03:16:46,340 - DEBUG - [global] log_uploader: STEP 1 (window log) -> https://github.com/StarateJI/L2Mauto/blob/bot-logs/runs/20260928_031643_fail_periodic.log
2026-09-28 03:16:46,341 - DEBUG - [global] log_uploader: STEP 2 SKIP (no PNGs)
2026-09-28 03:16:47,470 - DEBUG - [global] _api_put: GET runs/20260928_031643_fail_global.log -> 404
2026-09-28 03:16:49,495 - DEBUG - [global] _api_put: PUT runs/20260928_031643_fail_global.log -> 201 (19974 bytes)
2026-09-28 03:16:49,498 - DEBUG - [global] log_uploader: STEP 3 (global log) -> https://github.com/StarateJI/L2Mauto/blob/bot-logs/runs/20260928_031643_fail_global.log
2026-09-28 03:16:49,498 - DEBUG - [global] log_uploader: END window=periodic
2026-09-28 03:16:49,498 - INFO - [global] LogUploader: upload_run_logs завершён
2026-09-28 03:17:15,419 - INFO - [global] Проверяю обновы...
2026-09-28 03:17:16,545 - DEBUG - [global] needs_update: raw → 5.13.09
2026-09-28 03:17:16,560 - DEBUG - [global] needs_update: API → 5.13.09
2026-09-28 03:17:16,560 - DEBUG - [global] needs_update: лучший источник raw → 5.13.09 (из 2)
2026-09-28 03:17:16,560 - INFO - [global] needs_update: local=(5, 13, 7) remote=(5, 13, 9) -> has_update=True
2026-09-28 03:17:16,560 - INFO - [global] Доступна обнова! Спавню кнопку
2026-09-28 03:17:46,582 - INFO - [global] Проверяю обновы...
2026-09-28 03:17:47,562 - DEBUG - [global] needs_update: raw → 5.13.09
2026-09-28 03:17:47,810 - DEBUG - [global] needs_update: API → 5.13.09
2026-09-28 03:17:47,810 - DEBUG - [global] needs_update: лучший источник raw → 5.13.09 (из 2)
2026-09-28 03:17:47,810 - INFO - [global] needs_update: local=(5, 13, 7) remote=(5, 13, 9) -> has_update=True
2026-09-28 03:17:47,810 - INFO - [global] Доступна обнова! Спавню кнопку
2026-09-28 03:17:49,535 - INFO - [global] LogUploader: запускаю upload_run_logs...
2026-09-28 03:17:49,537 - DEBUG - [global] log_uploader: START window=periodic made=-1 token=...Rjnfq
2026-09-28 03:17:50,721 - DEBUG - [global] _api_put: GET runs/20260928_031749_fail_periodic.log -> 404
2026-09-28 03:17:52,767 - DEBUG - [global] _api_put: PUT runs/20260928_031749_fail_periodic.log -> 201 (12001 bytes)
2026-09-28 03:17:52,769 - DEBUG - [global] log_uploader: STEP 1 (window log) -> https://github.com/StarateJI/L2Mauto/blob/bot-logs/runs/20260928_031749_fail_periodic.log
2026-09-28 03:17:52,770 - DEBUG - [global] log_uploader: STEP 2 SKIP (no PNGs)
