=== Log tail 2026-10-02T05:53:02.711310 | last 200 lines ===
2026-10-02 05:43:52,379 - DEBUG - [global] needs_update: API → 5.13.09
2026-10-02 05:43:52,379 - DEBUG - [global] needs_update: лучший источник raw → 5.13.09 (из 2)
2026-10-02 05:43:52,379 - INFO - [global] needs_update: local=(5, 13, 7) remote=(5, 13, 9) -> has_update=True
2026-10-02 05:43:52,379 - INFO - [global] Доступна обнова! Спавню кнопку
2026-10-02 05:44:11,834 - INFO - [global] LogUploader: запускаю upload_run_logs...
2026-10-02 05:44:11,834 - DEBUG - [global] log_uploader: START window=periodic made=-1 token=...Rjnfq
2026-10-02 05:44:12,701 - DEBUG - [global] _api_put: GET runs/20261002_054411_fail_periodic.log -> 404
2026-10-02 05:44:14,818 - DEBUG - [global] _api_put: PUT runs/20261002_054411_fail_periodic.log -> 201 (19392 bytes)
2026-10-02 05:44:14,820 - DEBUG - [global] log_uploader: STEP 1 (window log) -> https://github.com/StarateJI/L2Mauto/blob/bot-logs/runs/20261002_054411_fail_periodic.log
2026-10-02 05:44:14,820 - DEBUG - [global] log_uploader: STEP 2 SKIP (no PNGs)
2026-10-02 05:44:15,784 - DEBUG - [global] _api_put: GET runs/20261002_054411_fail_global.log -> 404
2026-10-02 05:44:17,660 - DEBUG - [global] _api_put: PUT runs/20261002_054411_fail_global.log -> 201 (20019 bytes)
2026-10-02 05:44:17,662 - DEBUG - [global] log_uploader: STEP 3 (global log) -> https://github.com/StarateJI/L2Mauto/blob/bot-logs/runs/20261002_054411_fail_global.log
2026-10-02 05:44:17,662 - DEBUG - [global] log_uploader: END window=periodic
2026-10-02 05:44:17,662 - INFO - [global] LogUploader: upload_run_logs завершён
2026-10-02 05:44:22,396 - INFO - [global] Проверяю обновы...
2026-10-02 05:44:23,242 - DEBUG - [global] needs_update: raw → 5.13.09
2026-10-02 05:44:23,418 - DEBUG - [global] needs_update: API → 5.13.09
2026-10-02 05:44:23,419 - DEBUG - [global] needs_update: лучший источник raw → 5.13.09 (из 2)
2026-10-02 05:44:23,419 - INFO - [global] needs_update: local=(5, 13, 7) remote=(5, 13, 9) -> has_update=True
2026-10-02 05:44:23,419 - INFO - [global] Доступна обнова! Спавню кнопку
2026-10-02 05:44:53,436 - INFO - [global] Проверяю обновы...
2026-10-02 05:44:54,254 - DEBUG - [global] needs_update: raw → 5.13.09
2026-10-02 05:44:54,437 - DEBUG - [global] needs_update: API → 5.13.09
2026-10-02 05:44:54,437 - DEBUG - [global] needs_update: лучший источник raw → 5.13.09 (из 2)
2026-10-02 05:44:54,437 - INFO - [global] needs_update: local=(5, 13, 7) remote=(5, 13, 9) -> has_update=True
2026-10-02 05:44:54,437 - INFO - [global] Доступна обнова! Спавню кнопку
2026-10-02 05:45:17,697 - INFO - [global] LogUploader: запускаю upload_run_logs...
2026-10-02 05:45:17,697 - DEBUG - [global] log_uploader: START window=periodic made=-1 token=...Rjnfq
2026-10-02 05:45:18,529 - DEBUG - [global] _api_put: GET runs/20261002_054517_fail_periodic.log -> 404
2026-10-02 05:45:20,561 - DEBUG - [global] _api_put: PUT runs/20261002_054517_fail_periodic.log -> 201 (19392 bytes)
2026-10-02 05:45:20,562 - DEBUG - [global] log_uploader: STEP 1 (window log) -> https://github.com/StarateJI/L2Mauto/blob/bot-logs/runs/20261002_054517_fail_periodic.log
2026-10-02 05:45:20,563 - DEBUG - [global] log_uploader: STEP 2 SKIP (no PNGs)
2026-10-02 05:45:21,513 - DEBUG - [global] _api_put: GET runs/20261002_054517_fail_global.log -> 404
2026-10-02 05:45:23,478 - DEBUG - [global] _api_put: PUT runs/20261002_054517_fail_global.log -> 201 (20019 bytes)
2026-10-02 05:45:23,480 - DEBUG - [global] log_uploader: STEP 3 (global log) -> https://github.com/StarateJI/L2Mauto/blob/bot-logs/runs/20261002_054517_fail_global.log
2026-10-02 05:45:23,480 - DEBUG - [global] log_uploader: END window=periodic
2026-10-02 05:45:23,480 - INFO - [global] LogUploader: upload_run_logs завершён
2026-10-02 05:45:24,456 - INFO - [global] Проверяю обновы...
2026-10-02 05:45:25,281 - DEBUG - [global] needs_update: raw → 5.13.09
2026-10-02 05:45:25,477 - DEBUG - [global] needs_update: API → 5.13.09
2026-10-02 05:45:25,477 - DEBUG - [global] needs_update: лучший источник raw → 5.13.09 (из 2)
2026-10-02 05:45:25,477 - INFO - [global] needs_update: local=(5, 13, 7) remote=(5, 13, 9) -> has_update=True
2026-10-02 05:45:25,477 - INFO - [global] Доступна обнова! Спавню кнопку
2026-10-02 05:45:55,491 - INFO - [global] Проверяю обновы...
2026-10-02 05:45:56,299 - DEBUG - [global] needs_update: raw → 5.13.09
2026-10-02 05:45:56,512 - DEBUG - [global] needs_update: API → 5.13.09
2026-10-02 05:45:56,512 - DEBUG - [global] needs_update: лучший источник raw → 5.13.09 (из 2)
2026-10-02 05:45:56,513 - INFO - [global] needs_update: local=(5, 13, 7) remote=(5, 13, 9) -> has_update=True
2026-10-02 05:45:56,513 - INFO - [global] Доступна обнова! Спавню кнопку
2026-10-02 05:46:23,514 - INFO - [global] LogUploader: запускаю upload_run_logs...
2026-10-02 05:46:23,514 - DEBUG - [global] log_uploader: START window=periodic made=-1 token=...Rjnfq
2026-10-02 05:46:24,474 - DEBUG - [global] _api_put: GET runs/20261002_054623_fail_periodic.log -> 404
2026-10-02 05:46:26,528 - INFO - [global] Проверяю обновы...
2026-10-02 05:46:26,626 - DEBUG - [global] _api_put: PUT runs/20261002_054623_fail_periodic.log -> 201 (19392 bytes)
2026-10-02 05:46:26,628 - DEBUG - [global] log_uploader: STEP 1 (window log) -> https://github.com/StarateJI/L2Mauto/blob/bot-logs/runs/20261002_054623_fail_periodic.log
2026-10-02 05:46:26,629 - DEBUG - [global] log_uploader: STEP 2 SKIP (no PNGs)
2026-10-02 05:46:27,639 - DEBUG - [global] needs_update: API → 5.13.09
2026-10-02 05:46:27,677 - DEBUG - [global] needs_update: raw → 5.13.09
2026-10-02 05:46:27,678 - DEBUG - [global] needs_update: лучший источник API → 5.13.09 (из 2)
2026-10-02 05:46:27,678 - INFO - [global] needs_update: local=(5, 13, 7) remote=(5, 13, 9) -> has_update=True
2026-10-02 05:46:27,678 - INFO - [global] Доступна обнова! Спавню кнопку
2026-10-02 05:46:27,815 - DEBUG - [global] _api_put: GET runs/20261002_054623_fail_global.log -> 404
2026-10-02 05:46:29,905 - DEBUG - [global] _api_put: PUT runs/20261002_054623_fail_global.log -> 201 (20021 bytes)
2026-10-02 05:46:29,907 - DEBUG - [global] log_uploader: STEP 3 (global log) -> https://github.com/StarateJI/L2Mauto/blob/bot-logs/runs/20261002_054623_fail_global.log
2026-10-02 05:46:29,907 - DEBUG - [global] log_uploader: END window=periodic
2026-10-02 05:46:29,907 - INFO - [global] LogUploader: upload_run_logs завершён
2026-10-02 05:46:57,695 - INFO - [global] Проверяю обновы...
2026-10-02 05:46:58,551 - DEBUG - [global] needs_update: raw → 5.13.09
2026-10-02 05:46:58,725 - DEBUG - [global] needs_update: API → 5.13.09
2026-10-02 05:46:58,725 - DEBUG - [global] needs_update: лучший источник raw → 5.13.09 (из 2)
2026-10-02 05:46:58,725 - INFO - [global] needs_update: local=(5, 13, 7) remote=(5, 13, 9) -> has_update=True
2026-10-02 05:46:58,726 - INFO - [global] Доступна обнова! Спавню кнопку
2026-10-02 05:47:28,744 - INFO - [global] Проверяю обновы...
2026-10-02 05:47:29,589 - DEBUG - [global] needs_update: raw → 5.13.09
2026-10-02 05:47:29,790 - DEBUG - [global] needs_update: API → 5.13.09
2026-10-02 05:47:29,791 - DEBUG - [global] needs_update: лучший источник raw → 5.13.09 (из 2)
2026-10-02 05:47:29,791 - INFO - [global] needs_update: local=(5, 13, 7) remote=(5, 13, 9) -> has_update=True
2026-10-02 05:47:29,791 - INFO - [global] Доступна обнова! Спавню кнопку
2026-10-02 05:47:29,939 - INFO - [global] LogUploader: запускаю upload_run_logs...
2026-10-02 05:47:29,939 - DEBUG - [global] log_uploader: START window=periodic made=-1 token=...Rjnfq
2026-10-02 05:47:30,887 - DEBUG - [global] _api_put: GET runs/20261002_054729_fail_periodic.log -> 404
2026-10-02 05:47:32,821 - DEBUG - [global] _api_put: PUT runs/20261002_054729_fail_periodic.log -> 201 (19392 bytes)
2026-10-02 05:47:32,825 - DEBUG - [global] log_uploader: STEP 1 (window log) -> https://github.com/StarateJI/L2Mauto/blob/bot-logs/runs/20261002_054729_fail_periodic.log
2026-10-02 05:47:32,825 - DEBUG - [global] log_uploader: STEP 2 SKIP (no PNGs)
2026-10-02 05:47:33,801 - DEBUG - [global] _api_put: GET runs/20261002_054729_fail_global.log -> 404
2026-10-02 05:47:35,788 - DEBUG - [global] _api_put: PUT runs/20261002_054729_fail_global.log -> 201 (20019 bytes)
2026-10-02 05:47:35,791 - DEBUG - [global] log_uploader: STEP 3 (global log) -> https://github.com/StarateJI/L2Mauto/blob/bot-logs/runs/20261002_054729_fail_global.log
2026-10-02 05:47:35,791 - DEBUG - [global] log_uploader: END window=periodic
2026-10-02 05:47:35,791 - INFO - [global] LogUploader: upload_run_logs завершён
2026-10-02 05:47:59,809 - INFO - [global] Проверяю обновы...
2026-10-02 05:48:00,616 - DEBUG - [global] needs_update: raw → 5.13.09
2026-10-02 05:48:00,866 - DEBUG - [global] needs_update: API → 5.13.09
2026-10-02 05:48:00,866 - DEBUG - [global] needs_update: лучший источник raw → 5.13.09 (из 2)
2026-10-02 05:48:00,866 - INFO - [global] needs_update: local=(5, 13, 7) remote=(5, 13, 9) -> has_update=True
2026-10-02 05:48:00,866 - INFO - [global] Доступна обнова! Спавню кнопку
2026-10-02 05:48:30,886 - INFO - [global] Проверяю обновы...
2026-10-02 05:48:31,712 - DEBUG - [global] needs_update: raw → 5.13.09
2026-10-02 05:48:31,884 - DEBUG - [global] needs_update: API → 5.13.09
2026-10-02 05:48:31,884 - DEBUG - [global] needs_update: лучший источник raw → 5.13.09 (из 2)
2026-10-02 05:48:31,884 - INFO - [global] needs_update: local=(5, 13, 7) remote=(5, 13, 9) -> has_update=True
2026-10-02 05:48:31,884 - INFO - [global] Доступна обнова! Спавню кнопку
2026-10-02 05:48:35,824 - INFO - [global] LogUploader: запускаю upload_run_logs...
2026-10-02 05:48:35,825 - DEBUG - [global] log_uploader: START window=periodic made=-1 token=...Rjnfq
2026-10-02 05:48:36,796 - DEBUG - [global] _api_put: GET runs/20261002_054835_fail_periodic.log -> 404
2026-10-02 05:48:38,648 - DEBUG - [global] _api_put: PUT runs/20261002_054835_fail_periodic.log -> 201 (19392 bytes)
2026-10-02 05:48:38,650 - DEBUG - [global] log_uploader: STEP 1 (window log) -> https://github.com/StarateJI/L2Mauto/blob/bot-logs/runs/20261002_054835_fail_periodic.log
2026-10-02 05:48:38,650 - DEBUG - [global] log_uploader: STEP 2 SKIP (no PNGs)
2026-10-02 05:48:39,591 - DEBUG - [global] _api_put: GET runs/20261002_054835_fail_global.log -> 404
2026-10-02 05:48:41,577 - DEBUG - [global] _api_put: PUT runs/20261002_054835_fail_global.log -> 201 (20019 bytes)
2026-10-02 05:48:41,579 - DEBUG - [global] log_uploader: STEP 3 (global log) -> https://github.com/StarateJI/L2Mauto/blob/bot-logs/runs/20261002_054835_fail_global.log
2026-10-02 05:48:41,579 - DEBUG - [global] log_uploader: END window=periodic
2026-10-02 05:48:41,579 - INFO - [global] LogUploader: upload_run_logs завершён
2026-10-02 05:49:01,902 - INFO - [global] Проверяю обновы...
2026-10-02 05:49:02,701 - DEBUG - [global] needs_update: raw → 5.13.09
2026-10-02 05:49:02,946 - DEBUG - [global] needs_update: API → 5.13.09
2026-10-02 05:49:02,946 - DEBUG - [global] needs_update: лучший источник raw → 5.13.09 (из 2)
2026-10-02 05:49:02,947 - INFO - [global] needs_update: local=(5, 13, 7) remote=(5, 13, 9) -> has_update=True
2026-10-02 05:49:02,947 - INFO - [global] Доступна обнова! Спавню кнопку
2026-10-02 05:49:32,964 - INFO - [global] Проверяю обновы...
2026-10-02 05:49:33,788 - DEBUG - [global] needs_update: raw → 5.13.09
2026-10-02 05:49:33,964 - DEBUG - [global] needs_update: API → 5.13.09
2026-10-02 05:49:33,965 - DEBUG - [global] needs_update: лучший источник raw → 5.13.09 (из 2)
2026-10-02 05:49:33,966 - INFO - [global] needs_update: local=(5, 13, 7) remote=(5, 13, 9) -> has_update=True
2026-10-02 05:49:33,966 - INFO - [global] Доступна обнова! Спавню кнопку
2026-10-02 05:49:41,619 - INFO - [global] LogUploader: запускаю upload_run_logs...
2026-10-02 05:49:41,619 - DEBUG - [global] log_uploader: START window=periodic made=-1 token=...Rjnfq
2026-10-02 05:49:42,533 - DEBUG - [global] _api_put: GET runs/20261002_054941_fail_periodic.log -> 404
2026-10-02 05:49:44,514 - DEBUG - [global] _api_put: PUT runs/20261002_054941_fail_periodic.log -> 201 (19392 bytes)
2026-10-02 05:49:44,515 - DEBUG - [global] log_uploader: STEP 1 (window log) -> https://github.com/StarateJI/L2Mauto/blob/bot-logs/runs/20261002_054941_fail_periodic.log
2026-10-02 05:49:44,516 - DEBUG - [global] log_uploader: STEP 2 SKIP (no PNGs)
2026-10-02 05:49:45,442 - DEBUG - [global] _api_put: GET runs/20261002_054941_fail_global.log -> 404
2026-10-02 05:49:47,425 - DEBUG - [global] _api_put: PUT runs/20261002_054941_fail_global.log -> 201 (20019 bytes)
2026-10-02 05:49:47,427 - DEBUG - [global] log_uploader: STEP 3 (global log) -> https://github.com/StarateJI/L2Mauto/blob/bot-logs/runs/20261002_054941_fail_global.log
2026-10-02 05:49:47,427 - DEBUG - [global] log_uploader: END window=periodic
2026-10-02 05:49:47,427 - INFO - [global] LogUploader: upload_run_logs завершён
2026-10-02 05:50:03,982 - INFO - [global] Проверяю обновы...
2026-10-02 05:50:04,834 - DEBUG - [global] needs_update: raw → 5.13.09
2026-10-02 05:50:05,032 - DEBUG - [global] needs_update: API → 5.13.09
2026-10-02 05:50:05,033 - DEBUG - [global] needs_update: лучший источник raw → 5.13.09 (из 2)
2026-10-02 05:50:05,033 - INFO - [global] needs_update: local=(5, 13, 7) remote=(5, 13, 9) -> has_update=True
2026-10-02 05:50:05,033 - INFO - [global] Доступна обнова! Спавню кнопку
2026-10-02 05:50:35,051 - INFO - [global] Проверяю обновы...
2026-10-02 05:50:35,852 - DEBUG - [global] needs_update: raw → 5.13.09
2026-10-02 05:50:36,065 - DEBUG - [global] needs_update: API → 5.13.09
2026-10-02 05:50:36,066 - DEBUG - [global] needs_update: лучший источник raw → 5.13.09 (из 2)
2026-10-02 05:50:36,066 - INFO - [global] needs_update: local=(5, 13, 7) remote=(5, 13, 9) -> has_update=True
2026-10-02 05:50:36,066 - INFO - [global] Доступна обнова! Спавню кнопку
2026-10-02 05:50:47,466 - INFO - [global] LogUploader: запускаю upload_run_logs...
2026-10-02 05:50:47,466 - DEBUG - [global] log_uploader: START window=periodic made=-1 token=...Rjnfq
2026-10-02 05:50:48,398 - DEBUG - [global] _api_put: GET runs/20261002_055047_fail_periodic.log -> 404
2026-10-02 05:50:50,428 - DEBUG - [global] _api_put: PUT runs/20261002_055047_fail_periodic.log -> 201 (19392 bytes)
2026-10-02 05:50:50,429 - DEBUG - [global] log_uploader: STEP 1 (window log) -> https://github.com/StarateJI/L2Mauto/blob/bot-logs/runs/20261002_055047_fail_periodic.log
2026-10-02 05:50:50,429 - DEBUG - [global] log_uploader: STEP 2 SKIP (no PNGs)
2026-10-02 05:50:51,404 - DEBUG - [global] _api_put: GET runs/20261002_055047_fail_global.log -> 404
2026-10-02 05:50:53,604 - DEBUG - [global] _api_put: PUT runs/20261002_055047_fail_global.log -> 201 (20019 bytes)
2026-10-02 05:50:53,606 - DEBUG - [global] log_uploader: STEP 3 (global log) -> https://github.com/StarateJI/L2Mauto/blob/bot-logs/runs/20261002_055047_fail_global.log
2026-10-02 05:50:53,606 - DEBUG - [global] log_uploader: END window=periodic
2026-10-02 05:50:53,606 - INFO - [global] LogUploader: upload_run_logs завершён
2026-10-02 05:51:06,087 - INFO - [global] Проверяю обновы...
2026-10-02 05:51:06,976 - DEBUG - [global] needs_update: raw → 5.13.09
2026-10-02 05:51:07,200 - DEBUG - [global] needs_update: API → 5.13.09
2026-10-02 05:51:07,200 - DEBUG - [global] needs_update: лучший источник raw → 5.13.09 (из 2)
2026-10-02 05:51:07,200 - INFO - [global] needs_update: local=(5, 13, 7) remote=(5, 13, 9) -> has_update=True
2026-10-02 05:51:07,201 - INFO - [global] Доступна обнова! Спавню кнопку
2026-10-02 05:51:37,219 - INFO - [global] Проверяю обновы...
2026-10-02 05:51:38,166 - DEBUG - [global] needs_update: API → 5.13.09
2026-10-02 05:51:38,234 - DEBUG - [global] needs_update: raw → 5.13.09
2026-10-02 05:51:38,235 - DEBUG - [global] needs_update: лучший источник API → 5.13.09 (из 2)
2026-10-02 05:51:38,235 - INFO - [global] needs_update: local=(5, 13, 7) remote=(5, 13, 9) -> has_update=True
2026-10-02 05:51:38,235 - INFO - [global] Доступна обнова! Спавню кнопку
2026-10-02 05:51:53,653 - INFO - [global] LogUploader: запускаю upload_run_logs...
2026-10-02 05:51:53,653 - DEBUG - [global] log_uploader: START window=periodic made=-1 token=...Rjnfq
2026-10-02 05:51:54,605 - DEBUG - [global] _api_put: GET runs/20261002_055153_fail_periodic.log -> 404
2026-10-02 05:51:56,580 - DEBUG - [global] _api_put: PUT runs/20261002_055153_fail_periodic.log -> 201 (19392 bytes)
2026-10-02 05:51:56,584 - DEBUG - [global] log_uploader: STEP 1 (window log) -> https://github.com/StarateJI/L2Mauto/blob/bot-logs/runs/20261002_055153_fail_periodic.log
2026-10-02 05:51:56,584 - DEBUG - [global] log_uploader: STEP 2 SKIP (no PNGs)
2026-10-02 05:51:57,526 - DEBUG - [global] _api_put: GET runs/20261002_055153_fail_global.log -> 404
2026-10-02 05:51:59,483 - DEBUG - [global] _api_put: PUT runs/20261002_055153_fail_global.log -> 201 (20019 bytes)
2026-10-02 05:51:59,486 - DEBUG - [global] log_uploader: STEP 3 (global log) -> https://github.com/StarateJI/L2Mauto/blob/bot-logs/runs/20261002_055153_fail_global.log
2026-10-02 05:51:59,486 - DEBUG - [global] log_uploader: END window=periodic
2026-10-02 05:51:59,486 - INFO - [global] LogUploader: upload_run_logs завершён
2026-10-02 05:52:08,251 - INFO - [global] Проверяю обновы...
2026-10-02 05:52:09,055 - DEBUG - [global] needs_update: raw → 5.13.09
2026-10-02 05:52:09,250 - DEBUG - [global] needs_update: API → 5.13.09
2026-10-02 05:52:09,251 - DEBUG - [global] needs_update: лучший источник raw → 5.13.09 (из 2)
2026-10-02 05:52:09,251 - INFO - [global] needs_update: local=(5, 13, 7) remote=(5, 13, 9) -> has_update=True
2026-10-02 05:52:09,251 - INFO - [global] Доступна обнова! Спавню кнопку
2026-10-02 05:52:39,268 - INFO - [global] Проверяю обновы...
2026-10-02 05:52:40,088 - DEBUG - [global] needs_update: raw → 5.13.09
2026-10-02 05:52:40,275 - DEBUG - [global] needs_update: API → 5.13.09
2026-10-02 05:52:40,275 - DEBUG - [global] needs_update: лучший источник raw → 5.13.09 (из 2)
2026-10-02 05:52:40,275 - INFO - [global] needs_update: local=(5, 13, 7) remote=(5, 13, 9) -> has_update=True
2026-10-02 05:52:40,276 - INFO - [global] Доступна обнова! Спавню кнопку
2026-10-02 05:52:59,523 - INFO - [global] LogUploader: запускаю upload_run_logs...
2026-10-02 05:52:59,524 - DEBUG - [global] log_uploader: START window=periodic made=-1 token=...Rjnfq
2026-10-02 05:53:00,520 - DEBUG - [global] _api_put: GET runs/20261002_055259_fail_periodic.log -> 404
2026-10-02 05:53:02,636 - DEBUG - [global] _api_put: PUT runs/20261002_055259_fail_periodic.log -> 201 (19392 bytes)
2026-10-02 05:53:02,638 - DEBUG - [global] log_uploader: STEP 1 (window log) -> https://github.com/StarateJI/L2Mauto/blob/bot-logs/runs/20261002_055259_fail_periodic.log
2026-10-02 05:53:02,638 - DEBUG - [global] log_uploader: STEP 2 SKIP (no PNGs)
