=== Log tail 2026-09-15T00:24:54.486148 | last 200 lines ===
2026-09-15 00:21:53,412 - INFO - [global] Проверяю обновы...
2026-09-15 00:21:53,513 - DEBUG - [global] _api_put: PUT debug/Lupi/au_after_tab_sell.png -> 409 (2352419 bytes)
2026-09-15 00:21:53,514 - WARNING - [global] _api_put: PUT failed body: {"message":"is at c99f62750677c8e753b5d58a1257d34532dc7d36 but expected 65c2664480d24f7c5425d26d03005b356423506a","documentation_url":"https://docs.github.com/rest/repos/contents#create-or-update-file
2026-09-15 00:21:54,260 - DEBUG - [global] needs_update: raw → 5.2.5
2026-09-15 00:21:54,444 - DEBUG - [global] _api_put: GET debug/periodic/au_after_tab_sell.png -> 200
2026-09-15 00:21:54,580 - DEBUG - [global] _api_put: GET debug/Lupi/au_final_fullscreen.png -> 200
2026-09-15 00:21:55,192 - DEBUG - [global] needs_update: API GitHub → 5.3.0
2026-09-15 00:21:55,861 - DEBUG - [global] needs_update: jsdelivr → 5.1.7
2026-09-15 00:21:55,861 - DEBUG - [global] needs_update: лучший источник API → 5.3.0 (из 3)
2026-09-15 00:21:55,863 - INFO - [global] needs_update: local=(5, 3, 0) remote=(5, 3, 0) -> has_update=False
2026-09-15 00:21:55,864 - INFO - [global] Установлена последняя версия бота | 5.3.0
2026-09-15 00:21:57,762 - DEBUG - [global] _api_put: PUT debug/periodic/au_after_tab_sell.png -> 200 (2352419 bytes)
2026-09-15 00:21:58,215 - DEBUG - [global] _api_put: PUT debug/Lupi/au_final_fullscreen.png -> 409 (2326323 bytes)
2026-09-15 00:21:58,215 - WARNING - [global] _api_put: PUT failed body: {"message":"is at 5f8dcd1bbd53496471a58060770d513ddbf783e4 but expected c99f62750677c8e753b5d58a1257d34532dc7d36","documentation_url":"https://docs.github.com/rest/repos/contents#create-or-update-file
2026-09-15 00:21:58,671 - DEBUG - [global] _api_put: GET debug/periodic/au_final_fullscreen.png -> 200
2026-09-15 00:21:59,081 - DEBUG - [global] _api_put: GET debug/Lupi/au_lot_zone.png -> 200
2026-09-15 00:22:00,427 - DEBUG - [global] _api_put: PUT debug/Lupi/au_lot_zone.png -> 200 (1615 bytes)
2026-09-15 00:22:01,305 - DEBUG - [global] _api_put: GET debug/Lupi/au_sample.png -> 200
2026-09-15 00:22:01,467 - DEBUG - [global] _api_put: PUT debug/periodic/au_final_fullscreen.png -> 409 (2326323 bytes)
2026-09-15 00:22:01,467 - WARNING - [global] _api_put: PUT failed body: {"message":"is at 18b12d847c2c92ab6a7bdcb572151d30f40ad827 but expected 5f8dcd1bbd53496471a58060770d513ddbf783e4","documentation_url":"https://docs.github.com/rest/repos/contents#create-or-update-file
2026-09-15 00:22:02,394 - DEBUG - [global] _api_put: GET debug/periodic/au_sample.png -> 200
2026-09-15 00:22:02,957 - DEBUG - [global] _api_put: PUT debug/Lupi/au_sample.png -> 200 (1615 bytes)
2026-09-15 00:22:03,771 - DEBUG - [global] _api_put: GET debug/Lupi/au_status.png -> 404
2026-09-15 00:22:03,798 - DEBUG - [global] _api_put: PUT debug/periodic/au_sample.png -> 200 (1615 bytes)
2026-09-15 00:22:04,750 - DEBUG - [global] _api_put: GET debug/periodic/au_status.png -> 200
2026-09-15 00:22:05,895 - DEBUG - [global] _api_put: PUT debug/Lupi/au_status.png -> 201 (1161 bytes)
2026-09-15 00:22:05,898 - DEBUG - [global] log_uploader: STEP 2 (PNGs) -> 3/5 (удалено с диска: 3)
2026-09-15 00:22:06,139 - DEBUG - [global] _api_put: PUT debug/periodic/au_status.png -> 409 (1161 bytes)
2026-09-15 00:22:06,140 - WARNING - [global] _api_put: PUT failed body: {"message":"is at 80e49cd110a030053a3636e7d89ad9b3a29b77b5 but expected 65df628c07c44e23175502ebaa9aba1284786ed6","documentation_url":"https://docs.github.com/rest/repos/contents#create-or-update-file
2026-09-15 00:22:06,142 - DEBUG - [global] log_uploader: STEP 2 (PNGs) -> 2/5 (удалено с диска: 2)
2026-09-15 00:22:06,807 - DEBUG - [global] _api_put: GET runs/20260915_002146_fail_global.log -> 404
2026-09-15 00:22:07,142 - DEBUG - [global] _api_put: GET runs/20260915_002150_fail_global.log -> 404
2026-09-15 00:22:07,312 - INFO - [global] Ошибка отправки в тг | 380371690 | HTTP Client says - ClientConnectorError: Cannot connect to host api.telegram.org:443 ssl:default [Превышен таймаут семафора]
2026-09-15 00:22:08,610 - DEBUG - [global] _api_put: PUT runs/20260915_002146_fail_global.log -> 201 (21662 bytes)
2026-09-15 00:22:08,612 - DEBUG - [global] log_uploader: STEP 3 (global log) -> https://github.com/StarateJI/L2Mauto/blob/bot-logs/runs/20260915_002146_fail_global.log
2026-09-15 00:22:08,612 - DEBUG - [global] log_uploader: END window=Lupi
2026-09-15 00:22:08,647 - DEBUG - [global] _api_put: PUT runs/20260915_002150_fail_global.log -> 409 (21855 bytes)
2026-09-15 00:22:08,647 - WARNING - [global] _api_put: PUT failed body: {"message":"is at e2226c72cd205dfe1b9645f424fa26c5139c21cb but expected 80e49cd110a030053a3636e7d89ad9b3a29b77b5","documentation_url":"https://docs.github.com/rest/repos/contents#create-or-update-file
2026-09-15 00:22:08,650 - DEBUG - [global] log_uploader: STEP 3 (global log) -> FAILED
2026-09-15 00:22:08,650 - DEBUG - [global] log_uploader: END window=periodic
2026-09-15 00:22:08,650 - INFO - [global] LogUploader: upload_run_logs завершён
2026-09-15 00:22:08,900 - DEBUG - [global] log_uploader: START window=AE86 made=0 token=...Rjnfq
2026-09-15 00:22:09,733 - DEBUG - [global] _api_put: GET runs/20260915_002208_fail_AE86.log -> 404
2026-09-15 00:22:11,415 - DEBUG - [global] _api_put: PUT runs/20260915_002208_fail_AE86.log -> 201 (47410 bytes)
2026-09-15 00:22:11,417 - DEBUG - [global] log_uploader: STEP 1 (window log) -> https://github.com/StarateJI/L2Mauto/blob/bot-logs/runs/20260915_002208_fail_AE86.log
2026-09-15 00:22:12,377 - DEBUG - [global] _api_put: GET debug/AE86/au_final_fullscreen.png -> 200
2026-09-15 00:22:15,762 - DEBUG - [global] _api_put: PUT debug/AE86/au_final_fullscreen.png -> 200 (2401830 bytes)
2026-09-15 00:22:15,767 - DEBUG - [global] log_uploader: STEP 2 (PNGs) -> 1/1 (удалено с диска: 1)
2026-09-15 00:22:16,581 - DEBUG - [global] _api_put: GET runs/20260915_002208_fail_global.log -> 404
2026-09-15 00:22:18,084 - DEBUG - [global] _api_put: PUT runs/20260915_002208_fail_global.log -> 201 (22210 bytes)
2026-09-15 00:22:18,086 - DEBUG - [global] log_uploader: STEP 3 (global log) -> https://github.com/StarateJI/L2Mauto/blob/bot-logs/runs/20260915_002208_fail_global.log
2026-09-15 00:22:18,086 - DEBUG - [global] log_uploader: END window=AE86
2026-09-15 00:22:23,209 - INFO - [global] [-BaseProfile-] Остановил слушалку
2026-09-15 00:22:25,879 - INFO - [global] Проверяю обновы...
2026-09-15 00:22:26,741 - DEBUG - [global] needs_update: raw → 5.3.0
2026-09-15 00:22:27,429 - INFO - [global] [-BaseProfile-] Остановил слушалку
2026-09-15 00:22:27,580 - DEBUG - [global] needs_update: API GitHub → 5.3.0
2026-09-15 00:22:28,233 - DEBUG - [global] needs_update: jsdelivr → 5.1.7
2026-09-15 00:22:28,234 - DEBUG - [global] needs_update: лучший источник raw → 5.3.0 (из 3)
2026-09-15 00:22:28,236 - INFO - [global] needs_update: local=(5, 3, 0) remote=(5, 3, 0) -> has_update=False
2026-09-15 00:22:28,236 - INFO - [global] Установлена последняя версия бота | 5.3.0
2026-09-15 00:22:28,309 - INFO - [global] Запуск через 8 сек. | ['Керриганн', 'Glo']
2026-09-15 00:22:30,386 - INFO - [global] Ошибка отправки в тг | 380371690 | HTTP Client says - ClientConnectorError: Cannot connect to host api.telegram.org:443 ssl:default [Превышен таймаут семафора]
2026-09-15 00:22:58,256 - INFO - [global] Проверяю обновы...
2026-09-15 00:22:58,939 - DEBUG - [global] needs_update: raw → 5.3.0
2026-09-15 00:22:59,784 - DEBUG - [global] needs_update: API GitHub → 5.3.0
2026-09-15 00:23:00,443 - DEBUG - [global] needs_update: jsdelivr → 5.1.7
2026-09-15 00:23:00,443 - DEBUG - [global] needs_update: лучший источник raw → 5.3.0 (из 3)
2026-09-15 00:23:00,445 - INFO - [global] needs_update: local=(5, 3, 0) remote=(5, 3, 0) -> has_update=False
2026-09-15 00:23:00,446 - INFO - [global] Установлена последняя версия бота | 5.3.0
2026-09-15 00:23:04,798 - DEBUG - [global] log_uploader: START window=Керриганн made=0 token=...Rjnfq
2026-09-15 00:23:05,651 - DEBUG - [global] _api_put: GET runs/20260915_002304_fail_Керриганн.log -> 404
2026-09-15 00:23:07,217 - DEBUG - [global] _api_put: PUT runs/20260915_002304_fail_Керриганн.log -> 201 (53982 bytes)
2026-09-15 00:23:07,220 - DEBUG - [global] log_uploader: STEP 1 (window log) -> https://github.com/StarateJI/L2Mauto/blob/bot-logs/runs/20260915_002304_fail_%D0%9A%D0%B5%D1%80%D1%80%D0%B8%D0%B3%D0%B0%D0%BD%D0%BD.log
2026-09-15 00:23:08,068 - DEBUG - [global] _api_put: GET debug/Керриганн/au_after_tab_sell.png -> 404
2026-09-15 00:23:08,685 - INFO - [global] LogUploader: запускаю upload_run_logs...
2026-09-15 00:23:08,686 - DEBUG - [global] log_uploader: START window=periodic made=-1 token=...Rjnfq
2026-09-15 00:23:09,514 - DEBUG - [global] _api_put: GET runs/20260915_002308_fail_periodic.log -> 404
2026-09-15 00:23:10,874 - DEBUG - [global] _api_put: PUT runs/20260915_002308_fail_periodic.log -> 201 (4098 bytes)
2026-09-15 00:23:10,876 - DEBUG - [global] log_uploader: STEP 1 (window log) -> https://github.com/StarateJI/L2Mauto/blob/bot-logs/runs/20260915_002308_fail_periodic.log
2026-09-15 00:23:11,083 - DEBUG - [global] _api_put: PUT debug/Керриганн/au_after_tab_sell.png -> 409 (2356946 bytes)
2026-09-15 00:23:11,083 - WARNING - [global] _api_put: PUT failed body: {"message":"is at e7fea8a0de985a36dea3fb1182c14ea63f1f8a36 but expected 86d92e17d51a58b556cab6ca1c948ddaed1a8475","documentation_url":"https://docs.github.com/rest/repos/contents#create-or-update-file
2026-09-15 00:23:11,815 - DEBUG - [global] _api_put: GET debug/periodic/au_after_tab_sell.png -> 200
2026-09-15 00:23:11,996 - DEBUG - [global] _api_put: GET debug/Керриганн/au_final_fullscreen.png -> 404
2026-09-15 00:23:14,515 - DEBUG - [global] _api_put: PUT debug/periodic/au_after_tab_sell.png -> 200 (2356946 bytes)
2026-09-15 00:23:14,725 - DEBUG - [global] _api_put: PUT debug/Керриганн/au_final_fullscreen.png -> 409 (2331907 bytes)
2026-09-15 00:23:14,725 - WARNING - [global] _api_put: PUT failed body: {"message":"is at d7627b9fedc341dcdf55ae37b442a118102ab335 but expected e7fea8a0de985a36dea3fb1182c14ea63f1f8a36","documentation_url":"https://docs.github.com/rest/repos/contents#create-or-update-file
2026-09-15 00:23:15,468 - DEBUG - [global] _api_put: GET debug/periodic/au_final_fullscreen.png -> 200
2026-09-15 00:23:15,585 - DEBUG - [global] _api_put: GET debug/Керриганн/au_lot_zone.png -> 404
2026-09-15 00:23:17,350 - DEBUG - [global] _api_put: PUT debug/Керриганн/au_lot_zone.png -> 201 (1615 bytes)
2026-09-15 00:23:18,169 - DEBUG - [global] _api_put: GET debug/Керриганн/au_sample.png -> 404
2026-09-15 00:23:18,500 - DEBUG - [global] _api_put: PUT debug/periodic/au_final_fullscreen.png -> 409 (2331907 bytes)
2026-09-15 00:23:18,500 - WARNING - [global] _api_put: PUT failed body: {"message":"is at d69f58fb89e26033d18dc1b8eea170986a925510 but expected d7627b9fedc341dcdf55ae37b442a118102ab335","documentation_url":"https://docs.github.com/rest/repos/contents#create-or-update-file
2026-09-15 00:23:19,379 - DEBUG - [global] _api_put: GET debug/periodic/au_sample.png -> 200
2026-09-15 00:23:19,596 - DEBUG - [global] _api_put: PUT debug/Керриганн/au_sample.png -> 201 (1615 bytes)
2026-09-15 00:23:20,516 - DEBUG - [global] _api_put: GET debug/Керриганн/au_status.png -> 404
2026-09-15 00:23:20,710 - DEBUG - [global] _api_put: PUT debug/periodic/au_sample.png -> 200 (1615 bytes)
2026-09-15 00:23:21,624 - DEBUG - [global] _api_put: GET debug/periodic/au_status.png -> 200
2026-09-15 00:23:22,327 - DEBUG - [global] _api_put: PUT debug/Керриганн/au_status.png -> 201 (1161 bytes)
2026-09-15 00:23:22,331 - DEBUG - [global] log_uploader: STEP 2 (PNGs) -> 3/5 (удалено с диска: 3)
2026-09-15 00:23:22,886 - DEBUG - [global] _api_put: PUT debug/periodic/au_status.png -> 200 (1161 bytes)
2026-09-15 00:23:22,889 - DEBUG - [global] log_uploader: STEP 2 (PNGs) -> 3/5 (удалено с диска: 3)
2026-09-15 00:23:23,155 - DEBUG - [global] _api_put: GET runs/20260915_002304_fail_global.log -> 404
2026-09-15 00:23:23,781 - DEBUG - [global] _api_put: GET runs/20260915_002308_fail_global.log -> 404
2026-09-15 00:23:24,778 - DEBUG - [global] _api_put: PUT runs/20260915_002304_fail_global.log -> 201 (23361 bytes)
2026-09-15 00:23:24,780 - DEBUG - [global] log_uploader: STEP 3 (global log) -> https://github.com/StarateJI/L2Mauto/blob/bot-logs/runs/20260915_002304_fail_global.log
2026-09-15 00:23:24,780 - DEBUG - [global] log_uploader: END window=Керриганн
2026-09-15 00:23:25,033 - DEBUG - [global] log_uploader: START window=Glo made=0 token=...Rjnfq
2026-09-15 00:23:25,428 - DEBUG - [global] _api_put: PUT runs/20260915_002308_fail_global.log -> 201 (23373 bytes)
2026-09-15 00:23:25,431 - DEBUG - [global] log_uploader: STEP 3 (global log) -> https://github.com/StarateJI/L2Mauto/blob/bot-logs/runs/20260915_002308_fail_global.log
2026-09-15 00:23:25,431 - DEBUG - [global] log_uploader: END window=periodic
2026-09-15 00:23:25,431 - INFO - [global] LogUploader: upload_run_logs завершён
2026-09-15 00:23:25,838 - INFO - [global] Ошибка отправки в тг | 380371690 | HTTP Client says - ClientConnectorError: Cannot connect to host api.telegram.org:443 ssl:default [Превышен таймаут семафора]
2026-09-15 00:23:25,867 - DEBUG - [global] _api_put: GET runs/20260915_002325_fail_Glo.log -> 404
2026-09-15 00:23:27,428 - DEBUG - [global] _api_put: PUT runs/20260915_002325_fail_Glo.log -> 201 (46345 bytes)
2026-09-15 00:23:27,430 - DEBUG - [global] log_uploader: STEP 1 (window log) -> https://github.com/StarateJI/L2Mauto/blob/bot-logs/runs/20260915_002325_fail_Glo.log
2026-09-15 00:23:28,238 - DEBUG - [global] _api_put: GET debug/Glo/au_final_fullscreen.png -> 404
2026-09-15 00:23:30,458 - INFO - [global] Проверяю обновы...
2026-09-15 00:23:31,159 - DEBUG - [global] needs_update: raw → 5.3.0
2026-09-15 00:23:31,983 - DEBUG - [global] needs_update: API GitHub → 5.3.0
2026-09-15 00:23:32,646 - DEBUG - [global] needs_update: jsdelivr → 5.1.7
2026-09-15 00:23:32,646 - DEBUG - [global] needs_update: лучший источник raw → 5.3.0 (из 3)
2026-09-15 00:23:32,648 - INFO - [global] needs_update: local=(5, 3, 0) remote=(5, 3, 0) -> has_update=False
2026-09-15 00:23:32,649 - INFO - [global] Установлена последняя версия бота | 5.3.0
2026-09-15 00:23:36,275 - DEBUG - [global] _api_put: PUT debug/Glo/au_final_fullscreen.png -> 201 (2420875 bytes)
2026-09-15 00:23:36,280 - DEBUG - [global] log_uploader: STEP 2 (PNGs) -> 1/1 (удалено с диска: 1)
2026-09-15 00:23:37,149 - DEBUG - [global] _api_put: GET runs/20260915_002325_fail_global.log -> 404
2026-09-15 00:23:38,592 - DEBUG - [global] _api_put: PUT runs/20260915_002325_fail_global.log -> 201 (23627 bytes)
2026-09-15 00:23:38,594 - DEBUG - [global] log_uploader: STEP 3 (global log) -> https://github.com/StarateJI/L2Mauto/blob/bot-logs/runs/20260915_002325_fail_global.log
2026-09-15 00:23:38,594 - DEBUG - [global] log_uploader: END window=Glo
2026-09-15 00:23:43,729 - INFO - [global] [-BaseProfile-] Остановил слушалку
2026-09-15 00:23:46,070 - INFO - [global] Ошибка отправки в тг | 380371690 | HTTP Client says - ClientConnectorError: Cannot connect to host api.telegram.org:443 ssl:default [Превышен таймаут семафора]
2026-09-15 00:23:46,738 - INFO - [global] [-BaseProfile-] Остановил слушалку
2026-09-15 00:23:46,864 - INFO - [global] Запуск через 8 сек. | ['Tundra', 'ФармерФиола']
2026-09-15 00:24:02,666 - INFO - [global] Проверяю обновы...
2026-09-15 00:24:03,376 - DEBUG - [global] needs_update: raw → 5.3.0
2026-09-15 00:24:04,235 - DEBUG - [global] needs_update: API GitHub → 5.3.0
2026-09-15 00:24:04,954 - DEBUG - [global] needs_update: jsdelivr → 5.1.7
2026-09-15 00:24:04,954 - DEBUG - [global] needs_update: лучший источник raw → 5.3.0 (из 3)
2026-09-15 00:24:04,956 - INFO - [global] needs_update: local=(5, 3, 0) remote=(5, 3, 0) -> has_update=False
2026-09-15 00:24:04,957 - INFO - [global] Установлена последняя версия бота | 5.3.0
2026-09-15 00:24:23,629 - DEBUG - [global] log_uploader: START window=Tundra made=0 token=...Rjnfq
2026-09-15 00:24:24,510 - DEBUG - [global] _api_put: GET runs/20260915_002423_fail_Tundra.log -> 404
2026-09-15 00:24:25,468 - INFO - [global] LogUploader: запускаю upload_run_logs...
2026-09-15 00:24:25,469 - DEBUG - [global] log_uploader: START window=periodic made=-1 token=...Rjnfq
2026-09-15 00:24:26,304 - DEBUG - [global] _api_put: PUT runs/20260915_002423_fail_Tundra.log -> 201 (47579 bytes)
2026-09-15 00:24:26,306 - DEBUG - [global] log_uploader: STEP 1 (window log) -> https://github.com/StarateJI/L2Mauto/blob/bot-logs/runs/20260915_002423_fail_Tundra.log
2026-09-15 00:24:26,334 - DEBUG - [global] _api_put: GET runs/20260915_002425_fail_periodic.log -> 404
2026-09-15 00:24:27,296 - DEBUG - [global] _api_put: GET debug/Tundra/au_after_tab_sell.png -> 404
2026-09-15 00:24:27,770 - DEBUG - [global] _api_put: PUT runs/20260915_002425_fail_periodic.log -> 201 (4310 bytes)
2026-09-15 00:24:27,771 - DEBUG - [global] log_uploader: STEP 1 (window log) -> https://github.com/StarateJI/L2Mauto/blob/bot-logs/runs/20260915_002425_fail_periodic.log
2026-09-15 00:24:28,711 - DEBUG - [global] _api_put: GET debug/periodic/au_after_tab_sell.png -> 200
2026-09-15 00:24:30,259 - DEBUG - [global] _api_put: PUT debug/Tundra/au_after_tab_sell.png -> 201 (2401166 bytes)
2026-09-15 00:24:31,146 - DEBUG - [global] _api_put: GET debug/Tundra/au_final_fullscreen.png -> 404
2026-09-15 00:24:31,890 - DEBUG - [global] _api_put: PUT debug/periodic/au_after_tab_sell.png -> 200 (2401166 bytes)
2026-09-15 00:24:32,847 - DEBUG - [global] _api_put: GET debug/periodic/au_final_fullscreen.png -> 200
2026-09-15 00:24:33,841 - DEBUG - [global] _api_put: PUT debug/Tundra/au_final_fullscreen.png -> 201 (2327460 bytes)
2026-09-15 00:24:34,692 - DEBUG - [global] _api_put: GET debug/Tundra/au_lot_zone.png -> 404
2026-09-15 00:24:34,976 - INFO - [global] Проверяю обновы...
2026-09-15 00:24:35,742 - DEBUG - [global] needs_update: raw → 5.3.0
2026-09-15 00:24:35,757 - DEBUG - [global] _api_put: PUT debug/periodic/au_final_fullscreen.png -> 200 (2327460 bytes)
2026-09-15 00:24:36,044 - DEBUG - [global] _api_put: PUT debug/Tundra/au_lot_zone.png -> 409 (1615 bytes)
2026-09-15 00:24:36,044 - WARNING - [global] _api_put: PUT failed body: {"message":"is at cb6b74fd7ac292ae66f496684c591bc00af4fff5 but expected 6cd2ba844009e393f2b39c6ce160d429ef2b9e78","documentation_url":"https://docs.github.com/rest/repos/contents#create-or-update-file
2026-09-15 00:24:36,782 - DEBUG - [global] needs_update: API GitHub → 5.3.0
2026-09-15 00:24:36,834 - DEBUG - [global] _api_put: GET debug/periodic/au_lot_zone.png -> 200
2026-09-15 00:24:37,013 - DEBUG - [global] _api_put: GET debug/Tundra/au_sample.png -> 404
2026-09-15 00:24:37,654 - DEBUG - [global] needs_update: jsdelivr → 5.1.7
2026-09-15 00:24:37,654 - DEBUG - [global] needs_update: лучший источник raw → 5.3.0 (из 3)
2026-09-15 00:24:37,656 - INFO - [global] needs_update: local=(5, 3, 0) remote=(5, 3, 0) -> has_update=False
2026-09-15 00:24:37,657 - INFO - [global] Установлена последняя версия бота | 5.3.0
2026-09-15 00:24:38,302 - DEBUG - [global] _api_put: PUT debug/periodic/au_lot_zone.png -> 200 (1615 bytes)
2026-09-15 00:24:38,588 - DEBUG - [global] _api_put: PUT debug/Tundra/au_sample.png -> 409 (1615 bytes)
2026-09-15 00:24:38,588 - WARNING - [global] _api_put: PUT failed body: {"message":"is at 3d6a63456f9d627b36c3c7cc7131a1b56b661c64 but expected cb6b74fd7ac292ae66f496684c591bc00af4fff5","documentation_url":"https://docs.github.com/rest/repos/contents#create-or-update-file
2026-09-15 00:24:39,247 - DEBUG - [global] _api_put: GET debug/periodic/au_sample.png -> 200
2026-09-15 00:24:39,500 - DEBUG - [global] _api_put: GET debug/Tundra/au_status.png -> 404
2026-09-15 00:24:40,740 - DEBUG - [global] _api_put: PUT debug/periodic/au_sample.png -> 200 (1615 bytes)
2026-09-15 00:24:41,000 - DEBUG - [global] _api_put: PUT debug/Tundra/au_status.png -> 409 (5087 bytes)
2026-09-15 00:24:41,000 - WARNING - [global] _api_put: PUT failed body: {"message":"is at 9f915d67678d0d50a09f2df10d7154e486224caf but expected 3d6a63456f9d627b36c3c7cc7131a1b56b661c64","documentation_url":"https://docs.github.com/rest/repos/contents#create-or-update-file
2026-09-15 00:24:41,003 - DEBUG - [global] log_uploader: STEP 2 (PNGs) -> 2/5 (удалено с диска: 2)
2026-09-15 00:24:41,661 - DEBUG - [global] _api_put: GET debug/periodic/au_status.png -> 200
2026-09-15 00:24:41,917 - DEBUG - [global] _api_put: GET runs/20260915_002423_fail_global.log -> 404
2026-09-15 00:24:43,156 - DEBUG - [global] _api_put: PUT debug/periodic/au_status.png -> 200 (5087 bytes)
2026-09-15 00:24:43,159 - DEBUG - [global] log_uploader: STEP 2 (PNGs) -> 5/5 (удалено с диска: 5)
2026-09-15 00:24:43,602 - DEBUG - [global] _api_put: PUT runs/20260915_002423_fail_global.log -> 409 (23553 bytes)
2026-09-15 00:24:43,602 - WARNING - [global] _api_put: PUT failed body: {"message":"is at 06c613cb9162eae3f13c6738c3dfd951e70b6e33 but expected 9f915d67678d0d50a09f2df10d7154e486224caf","documentation_url":"https://docs.github.com/rest/repos/contents#create-or-update-file
2026-09-15 00:24:43,605 - DEBUG - [global] log_uploader: STEP 3 (global log) -> FAILED
2026-09-15 00:24:43,605 - DEBUG - [global] log_uploader: END window=Tundra
2026-09-15 00:24:43,875 - DEBUG - [global] log_uploader: START window=ФармерФиола made=0 token=...Rjnfq
2026-09-15 00:24:44,075 - DEBUG - [global] _api_put: GET runs/20260915_002425_fail_global.log -> 404
2026-09-15 00:24:44,661 - INFO - [global] Ошибка отправки в тг | 380371690 | HTTP Client says - ClientConnectorError: Cannot connect to host api.telegram.org:443 ssl:default [Превышен таймаут семафора]
2026-09-15 00:24:44,828 - DEBUG - [global] _api_put: GET runs/20260915_002443_fail_ФармерФиола.log -> 404
2026-09-15 00:24:45,931 - DEBUG - [global] _api_put: PUT runs/20260915_002425_fail_global.log -> 201 (23440 bytes)
2026-09-15 00:24:45,934 - DEBUG - [global] log_uploader: STEP 3 (global log) -> https://github.com/StarateJI/L2Mauto/blob/bot-logs/runs/20260915_002425_fail_global.log
2026-09-15 00:24:45,934 - DEBUG - [global] log_uploader: END window=periodic
2026-09-15 00:24:45,934 - INFO - [global] LogUploader: upload_run_logs завершён
2026-09-15 00:24:46,548 - DEBUG - [global] _api_put: PUT runs/20260915_002443_fail_ФармерФиола.log -> 201 (57226 bytes)
2026-09-15 00:24:46,550 - DEBUG - [global] log_uploader: STEP 1 (window log) -> https://github.com/StarateJI/L2Mauto/blob/bot-logs/runs/20260915_002443_fail_%D0%A4%D0%B0%D1%80%D0%BC%D0%B5%D1%80%D0%A4%D0%B8%D0%BE%D0%BB%D0%B0.log
2026-09-15 00:24:47,428 - DEBUG - [global] _api_put: GET debug/ФармерФиола/au_final_fullscreen.png -> 404
2026-09-15 00:24:54,464 - DEBUG - [global] _api_put: PUT debug/ФармерФиола/au_final_fullscreen.png -> 201 (2379359 bytes)
2026-09-15 00:24:54,468 - DEBUG - [global] log_uploader: STEP 2 (PNGs) -> 1/1 (удалено с диска: 1)
