=== Log tail 2026-10-01T02:05:42.083228 | last 200 lines ===
2026-10-01 01:56:29,614 - INFO - [global] needs_update: local=(5, 13, 7) remote=(5, 13, 9) -> has_update=True
2026-10-01 01:56:29,614 - INFO - [global] Доступна обнова! Спавню кнопку
2026-10-01 01:56:50,821 - INFO - [global] LogUploader: запускаю upload_run_logs...
2026-10-01 01:56:50,823 - DEBUG - [global] log_uploader: START window=periodic made=-1 token=...Rjnfq
2026-10-01 01:56:51,726 - DEBUG - [global] _api_put: GET runs/20261001_015650_fail_periodic.log -> 404
2026-10-01 01:56:53,583 - DEBUG - [global] _api_put: PUT runs/20261001_015650_fail_periodic.log -> 201 (12833 bytes)
2026-10-01 01:56:53,584 - DEBUG - [global] log_uploader: STEP 1 (window log) -> https://github.com/StarateJI/L2Mauto/blob/bot-logs/runs/20261001_015650_fail_periodic.log
2026-10-01 01:56:53,585 - DEBUG - [global] log_uploader: STEP 2 SKIP (no PNGs)
2026-10-01 01:56:54,601 - DEBUG - [global] _api_put: GET runs/20261001_015650_fail_global.log -> 404
2026-10-01 01:56:56,566 - DEBUG - [global] _api_put: PUT runs/20261001_015650_fail_global.log -> 201 (20019 bytes)
2026-10-01 01:56:56,569 - DEBUG - [global] log_uploader: STEP 3 (global log) -> https://github.com/StarateJI/L2Mauto/blob/bot-logs/runs/20261001_015650_fail_global.log
2026-10-01 01:56:56,569 - DEBUG - [global] log_uploader: END window=periodic
2026-10-01 01:56:56,569 - INFO - [global] LogUploader: upload_run_logs завершён
2026-10-01 01:56:59,632 - INFO - [global] Проверяю обновы...
2026-10-01 01:57:00,479 - DEBUG - [global] needs_update: raw → 5.13.09
2026-10-01 01:57:00,704 - DEBUG - [global] needs_update: API → 5.13.09
2026-10-01 01:57:00,704 - DEBUG - [global] needs_update: лучший источник raw → 5.13.09 (из 2)
2026-10-01 01:57:00,704 - INFO - [global] needs_update: local=(5, 13, 7) remote=(5, 13, 9) -> has_update=True
2026-10-01 01:57:00,704 - INFO - [global] Доступна обнова! Спавню кнопку
2026-10-01 01:57:30,721 - INFO - [global] Проверяю обновы...
2026-10-01 01:57:31,547 - DEBUG - [global] needs_update: raw → 5.13.09
2026-10-01 01:57:31,801 - DEBUG - [global] needs_update: API → 5.13.09
2026-10-01 01:57:31,801 - DEBUG - [global] needs_update: лучший источник raw → 5.13.09 (из 2)
2026-10-01 01:57:31,801 - INFO - [global] needs_update: local=(5, 13, 7) remote=(5, 13, 9) -> has_update=True
2026-10-01 01:57:31,801 - INFO - [global] Доступна обнова! Спавню кнопку
2026-10-01 01:57:56,603 - INFO - [global] LogUploader: запускаю upload_run_logs...
2026-10-01 01:57:56,605 - DEBUG - [global] log_uploader: START window=periodic made=-1 token=...Rjnfq
2026-10-01 01:57:57,670 - DEBUG - [global] _api_put: GET runs/20261001_015756_fail_periodic.log -> 404
2026-10-01 01:57:59,814 - DEBUG - [global] _api_put: PUT runs/20261001_015756_fail_periodic.log -> 201 (12833 bytes)
2026-10-01 01:57:59,817 - DEBUG - [global] log_uploader: STEP 1 (window log) -> https://github.com/StarateJI/L2Mauto/blob/bot-logs/runs/20261001_015756_fail_periodic.log
2026-10-01 01:57:59,817 - DEBUG - [global] log_uploader: STEP 2 SKIP (no PNGs)
2026-10-01 01:58:00,812 - DEBUG - [global] _api_put: GET runs/20261001_015756_fail_global.log -> 404
2026-10-01 01:58:01,818 - INFO - [global] Проверяю обновы...
2026-10-01 01:58:02,643 - DEBUG - [global] needs_update: raw → 5.13.09
2026-10-01 01:58:02,822 - DEBUG - [global] _api_put: PUT runs/20261001_015756_fail_global.log -> 201 (20019 bytes)
2026-10-01 01:58:02,825 - DEBUG - [global] log_uploader: STEP 3 (global log) -> https://github.com/StarateJI/L2Mauto/blob/bot-logs/runs/20261001_015756_fail_global.log
2026-10-01 01:58:02,825 - DEBUG - [global] log_uploader: END window=periodic
2026-10-01 01:58:02,825 - INFO - [global] LogUploader: upload_run_logs завершён
2026-10-01 01:58:02,835 - DEBUG - [global] needs_update: API → 5.13.09
2026-10-01 01:58:02,835 - DEBUG - [global] needs_update: лучший источник raw → 5.13.09 (из 2)
2026-10-01 01:58:02,835 - INFO - [global] needs_update: local=(5, 13, 7) remote=(5, 13, 9) -> has_update=True
2026-10-01 01:58:02,835 - INFO - [global] Доступна обнова! Спавню кнопку
2026-10-01 01:58:32,852 - INFO - [global] Проверяю обновы...
2026-10-01 01:58:33,738 - DEBUG - [global] needs_update: raw → 5.13.09
2026-10-01 01:58:33,915 - DEBUG - [global] needs_update: API → 5.13.09
2026-10-01 01:58:33,915 - DEBUG - [global] needs_update: лучший источник raw → 5.13.09 (из 2)
2026-10-01 01:58:33,916 - INFO - [global] needs_update: local=(5, 13, 7) remote=(5, 13, 9) -> has_update=True
2026-10-01 01:58:33,916 - INFO - [global] Доступна обнова! Спавню кнопку
2026-10-01 01:59:02,859 - INFO - [global] LogUploader: запускаю upload_run_logs...
2026-10-01 01:59:02,860 - DEBUG - [global] log_uploader: START window=periodic made=-1 token=...Rjnfq
2026-10-01 01:59:03,813 - DEBUG - [global] _api_put: GET runs/20261001_015902_fail_periodic.log -> 404
2026-10-01 01:59:03,931 - INFO - [global] Проверяю обновы...
2026-10-01 01:59:04,905 - DEBUG - [global] needs_update: raw → 5.13.09
2026-10-01 01:59:05,059 - DEBUG - [global] needs_update: API → 5.13.09
2026-10-01 01:59:05,059 - DEBUG - [global] needs_update: лучший источник raw → 5.13.09 (из 2)
2026-10-01 01:59:05,059 - INFO - [global] needs_update: local=(5, 13, 7) remote=(5, 13, 9) -> has_update=True
2026-10-01 01:59:05,059 - INFO - [global] Доступна обнова! Спавню кнопку
2026-10-01 01:59:06,060 - DEBUG - [global] _api_put: PUT runs/20261001_015902_fail_periodic.log -> 201 (12833 bytes)
2026-10-01 01:59:06,062 - DEBUG - [global] log_uploader: STEP 1 (window log) -> https://github.com/StarateJI/L2Mauto/blob/bot-logs/runs/20261001_015902_fail_periodic.log
2026-10-01 01:59:06,063 - DEBUG - [global] log_uploader: STEP 2 SKIP (no PNGs)
2026-10-01 01:59:07,146 - DEBUG - [global] _api_put: GET runs/20261001_015902_fail_global.log -> 404
2026-10-01 01:59:09,076 - DEBUG - [global] _api_put: PUT runs/20261001_015902_fail_global.log -> 201 (19974 bytes)
2026-10-01 01:59:09,078 - DEBUG - [global] log_uploader: STEP 3 (global log) -> https://github.com/StarateJI/L2Mauto/blob/bot-logs/runs/20261001_015902_fail_global.log
2026-10-01 01:59:09,078 - DEBUG - [global] log_uploader: END window=periodic
2026-10-01 01:59:09,078 - INFO - [global] LogUploader: upload_run_logs завершён
2026-10-01 01:59:35,077 - INFO - [global] Проверяю обновы...
2026-10-01 01:59:35,906 - DEBUG - [global] needs_update: raw → 5.13.09
2026-10-01 01:59:36,180 - DEBUG - [global] needs_update: API → 5.13.09
2026-10-01 01:59:36,180 - DEBUG - [global] needs_update: лучший источник raw → 5.13.09 (из 2)
2026-10-01 01:59:36,180 - INFO - [global] needs_update: local=(5, 13, 7) remote=(5, 13, 9) -> has_update=True
2026-10-01 01:59:36,180 - INFO - [global] Доступна обнова! Спавню кнопку
2026-10-01 02:00:06,196 - INFO - [global] Проверяю обновы...
2026-10-01 02:00:07,248 - DEBUG - [global] needs_update: raw → 5.13.09
2026-10-01 02:00:07,256 - DEBUG - [global] needs_update: API → 5.13.09
2026-10-01 02:00:07,257 - DEBUG - [global] needs_update: лучший источник raw → 5.13.09 (из 2)
2026-10-01 02:00:07,257 - INFO - [global] needs_update: local=(5, 13, 7) remote=(5, 13, 9) -> has_update=True
2026-10-01 02:00:07,257 - INFO - [global] Доступна обнова! Спавню кнопку
2026-10-01 02:00:09,113 - INFO - [global] LogUploader: запускаю upload_run_logs...
2026-10-01 02:00:09,113 - DEBUG - [global] log_uploader: START window=periodic made=-1 token=...Rjnfq
2026-10-01 02:00:10,043 - DEBUG - [global] _api_put: GET runs/20261001_020009_fail_periodic.log -> 404
2026-10-01 02:00:12,041 - DEBUG - [global] _api_put: PUT runs/20261001_020009_fail_periodic.log -> 201 (12833 bytes)
2026-10-01 02:00:12,043 - DEBUG - [global] log_uploader: STEP 1 (window log) -> https://github.com/StarateJI/L2Mauto/blob/bot-logs/runs/20261001_020009_fail_periodic.log
2026-10-01 02:00:12,044 - DEBUG - [global] log_uploader: STEP 2 SKIP (no PNGs)
2026-10-01 02:00:13,299 - DEBUG - [global] _api_put: GET runs/20261001_020009_fail_global.log -> 404
2026-10-01 02:00:15,298 - DEBUG - [global] _api_put: PUT runs/20261001_020009_fail_global.log -> 201 (20019 bytes)
2026-10-01 02:00:15,300 - DEBUG - [global] log_uploader: STEP 3 (global log) -> https://github.com/StarateJI/L2Mauto/blob/bot-logs/runs/20261001_020009_fail_global.log
2026-10-01 02:00:15,300 - DEBUG - [global] log_uploader: END window=periodic
2026-10-01 02:00:15,300 - INFO - [global] LogUploader: upload_run_logs завершён
2026-10-01 02:00:37,273 - INFO - [global] Проверяю обновы...
2026-10-01 02:00:38,130 - DEBUG - [global] needs_update: raw → 5.13.09
2026-10-01 02:00:38,296 - DEBUG - [global] needs_update: API → 5.13.09
2026-10-01 02:00:38,296 - DEBUG - [global] needs_update: лучший источник raw → 5.13.09 (из 2)
2026-10-01 02:00:38,296 - INFO - [global] needs_update: local=(5, 13, 7) remote=(5, 13, 9) -> has_update=True
2026-10-01 02:00:38,296 - INFO - [global] Доступна обнова! Спавню кнопку
2026-10-01 02:01:08,317 - INFO - [global] Проверяю обновы...
2026-10-01 02:01:09,173 - DEBUG - [global] needs_update: raw → 5.13.09
2026-10-01 02:01:09,345 - DEBUG - [global] needs_update: API → 5.13.09
2026-10-01 02:01:09,345 - DEBUG - [global] needs_update: лучший источник raw → 5.13.09 (из 2)
2026-10-01 02:01:09,345 - INFO - [global] needs_update: local=(5, 13, 7) remote=(5, 13, 9) -> has_update=True
2026-10-01 02:01:09,345 - INFO - [global] Доступна обнова! Спавню кнопку
2026-10-01 02:01:15,329 - INFO - [global] LogUploader: запускаю upload_run_logs...
2026-10-01 02:01:15,330 - DEBUG - [global] log_uploader: START window=periodic made=-1 token=...Rjnfq
2026-10-01 02:01:16,218 - DEBUG - [global] _api_put: GET runs/20261001_020115_fail_periodic.log -> 404
2026-10-01 02:01:18,028 - DEBUG - [global] _api_put: PUT runs/20261001_020115_fail_periodic.log -> 201 (12833 bytes)
2026-10-01 02:01:18,030 - DEBUG - [global] log_uploader: STEP 1 (window log) -> https://github.com/StarateJI/L2Mauto/blob/bot-logs/runs/20261001_020115_fail_periodic.log
2026-10-01 02:01:18,030 - DEBUG - [global] log_uploader: STEP 2 SKIP (no PNGs)
2026-10-01 02:01:19,024 - DEBUG - [global] _api_put: GET runs/20261001_020115_fail_global.log -> 404
2026-10-01 02:01:20,882 - DEBUG - [global] _api_put: PUT runs/20261001_020115_fail_global.log -> 201 (20019 bytes)
2026-10-01 02:01:20,883 - DEBUG - [global] log_uploader: STEP 3 (global log) -> https://github.com/StarateJI/L2Mauto/blob/bot-logs/runs/20261001_020115_fail_global.log
2026-10-01 02:01:20,883 - DEBUG - [global] log_uploader: END window=periodic
2026-10-01 02:01:20,883 - INFO - [global] LogUploader: upload_run_logs завершён
2026-10-01 02:01:39,362 - INFO - [global] Проверяю обновы...
2026-10-01 02:01:40,228 - DEBUG - [global] needs_update: raw → 5.13.09
2026-10-01 02:01:40,408 - DEBUG - [global] needs_update: API → 5.13.09
2026-10-01 02:01:40,409 - DEBUG - [global] needs_update: лучший источник raw → 5.13.09 (из 2)
2026-10-01 02:01:40,409 - INFO - [global] needs_update: local=(5, 13, 7) remote=(5, 13, 9) -> has_update=True
2026-10-01 02:01:40,409 - INFO - [global] Доступна обнова! Спавню кнопку
2026-10-01 02:02:10,427 - INFO - [global] Проверяю обновы...
2026-10-01 02:02:11,252 - DEBUG - [global] needs_update: raw → 5.13.09
2026-10-01 02:02:11,472 - DEBUG - [global] needs_update: API → 5.13.09
2026-10-01 02:02:11,472 - DEBUG - [global] needs_update: лучший источник raw → 5.13.09 (из 2)
2026-10-01 02:02:11,472 - INFO - [global] needs_update: local=(5, 13, 7) remote=(5, 13, 9) -> has_update=True
2026-10-01 02:02:11,472 - INFO - [global] Доступна обнова! Спавню кнопку
2026-10-01 02:02:20,919 - INFO - [global] LogUploader: запускаю upload_run_logs...
2026-10-01 02:02:20,919 - DEBUG - [global] log_uploader: START window=periodic made=-1 token=...Rjnfq
2026-10-01 02:02:21,832 - DEBUG - [global] _api_put: GET runs/20261001_020220_fail_periodic.log -> 404
2026-10-01 02:02:23,823 - DEBUG - [global] _api_put: PUT runs/20261001_020220_fail_periodic.log -> 201 (12833 bytes)
2026-10-01 02:02:23,825 - DEBUG - [global] log_uploader: STEP 1 (window log) -> https://github.com/StarateJI/L2Mauto/blob/bot-logs/runs/20261001_020220_fail_periodic.log
2026-10-01 02:02:23,825 - DEBUG - [global] log_uploader: STEP 2 SKIP (no PNGs)
2026-10-01 02:02:24,780 - DEBUG - [global] _api_put: GET runs/20261001_020220_fail_global.log -> 404
2026-10-01 02:02:26,736 - DEBUG - [global] _api_put: PUT runs/20261001_020220_fail_global.log -> 201 (20019 bytes)
2026-10-01 02:02:26,737 - DEBUG - [global] log_uploader: STEP 3 (global log) -> https://github.com/StarateJI/L2Mauto/blob/bot-logs/runs/20261001_020220_fail_global.log
2026-10-01 02:02:26,737 - DEBUG - [global] log_uploader: END window=periodic
2026-10-01 02:02:26,737 - INFO - [global] LogUploader: upload_run_logs завершён
2026-10-01 02:02:41,487 - INFO - [global] Проверяю обновы...
2026-10-01 02:02:42,338 - DEBUG - [global] needs_update: raw → 5.13.09
2026-10-01 02:02:42,539 - DEBUG - [global] needs_update: API → 5.13.09
2026-10-01 02:02:42,540 - DEBUG - [global] needs_update: лучший источник raw → 5.13.09 (из 2)
2026-10-01 02:02:42,540 - INFO - [global] needs_update: local=(5, 13, 7) remote=(5, 13, 9) -> has_update=True
2026-10-01 02:02:42,540 - INFO - [global] Доступна обнова! Спавню кнопку
2026-10-01 02:03:12,556 - INFO - [global] Проверяю обновы...
2026-10-01 02:03:13,413 - DEBUG - [global] needs_update: raw → 5.13.09
2026-10-01 02:03:13,616 - DEBUG - [global] needs_update: API → 5.13.09
2026-10-01 02:03:13,616 - DEBUG - [global] needs_update: лучший источник raw → 5.13.09 (из 2)
2026-10-01 02:03:13,616 - INFO - [global] needs_update: local=(5, 13, 7) remote=(5, 13, 9) -> has_update=True
2026-10-01 02:03:13,616 - INFO - [global] Доступна обнова! Спавню кнопку
2026-10-01 02:03:26,769 - INFO - [global] LogUploader: запускаю upload_run_logs...
2026-10-01 02:03:26,770 - DEBUG - [global] log_uploader: START window=periodic made=-1 token=...Rjnfq
2026-10-01 02:03:27,703 - DEBUG - [global] _api_put: GET runs/20261001_020326_fail_periodic.log -> 404
2026-10-01 02:03:29,838 - DEBUG - [global] _api_put: PUT runs/20261001_020326_fail_periodic.log -> 201 (12833 bytes)
2026-10-01 02:03:29,841 - DEBUG - [global] log_uploader: STEP 1 (window log) -> https://github.com/StarateJI/L2Mauto/blob/bot-logs/runs/20261001_020326_fail_periodic.log
2026-10-01 02:03:29,841 - DEBUG - [global] log_uploader: STEP 2 SKIP (no PNGs)
2026-10-01 02:03:30,848 - DEBUG - [global] _api_put: GET runs/20261001_020326_fail_global.log -> 404
2026-10-01 02:03:32,812 - DEBUG - [global] _api_put: PUT runs/20261001_020326_fail_global.log -> 409 (20019 bytes)
2026-10-01 02:03:32,812 - WARNING - [global] _api_put: PUT failed body: {"message":"is at d549cd140094816a586d63e50899df6062ecb29c but expected ac4e40717149f985fdb94ea835e129f0c7b0bd7f","documentation_url":"https://docs.github.com/rest/repos/contents#create-or-update-file
2026-10-01 02:03:32,814 - DEBUG - [global] log_uploader: STEP 3 (global log) -> FAILED
2026-10-01 02:03:32,815 - DEBUG - [global] log_uploader: END window=periodic
2026-10-01 02:03:32,815 - INFO - [global] LogUploader: upload_run_logs завершён
2026-10-01 02:03:43,633 - INFO - [global] Проверяю обновы...
2026-10-01 02:03:44,531 - DEBUG - [global] needs_update: raw → 5.13.09
2026-10-01 02:03:44,722 - DEBUG - [global] needs_update: API → 5.13.09
2026-10-01 02:03:44,722 - DEBUG - [global] needs_update: лучший источник raw → 5.13.09 (из 2)
2026-10-01 02:03:44,722 - INFO - [global] needs_update: local=(5, 13, 7) remote=(5, 13, 9) -> has_update=True
2026-10-01 02:03:44,723 - INFO - [global] Доступна обнова! Спавню кнопку
2026-10-01 02:04:14,742 - INFO - [global] Проверяю обновы...
2026-10-01 02:04:15,587 - DEBUG - [global] needs_update: raw → 5.13.09
2026-10-01 02:04:15,824 - DEBUG - [global] needs_update: API → 5.13.09
2026-10-01 02:04:15,825 - DEBUG - [global] needs_update: лучший источник raw → 5.13.09 (из 2)
2026-10-01 02:04:15,825 - INFO - [global] needs_update: local=(5, 13, 7) remote=(5, 13, 9) -> has_update=True
2026-10-01 02:04:15,825 - INFO - [global] Доступна обнова! Спавню кнопку
2026-10-01 02:04:32,849 - INFO - [global] LogUploader: запускаю upload_run_logs...
2026-10-01 02:04:32,850 - DEBUG - [global] log_uploader: START window=periodic made=-1 token=...Rjnfq
2026-10-01 02:04:33,838 - DEBUG - [global] _api_put: GET runs/20261001_020432_fail_periodic.log -> 404
2026-10-01 02:04:35,854 - DEBUG - [global] _api_put: PUT runs/20261001_020432_fail_periodic.log -> 201 (12833 bytes)
2026-10-01 02:04:35,856 - DEBUG - [global] log_uploader: STEP 1 (window log) -> https://github.com/StarateJI/L2Mauto/blob/bot-logs/runs/20261001_020432_fail_periodic.log
2026-10-01 02:04:35,857 - DEBUG - [global] log_uploader: STEP 2 SKIP (no PNGs)
2026-10-01 02:04:36,830 - DEBUG - [global] _api_put: GET runs/20261001_020432_fail_global.log -> 404
2026-10-01 02:04:38,775 - DEBUG - [global] _api_put: PUT runs/20261001_020432_fail_global.log -> 409 (20138 bytes)
2026-10-01 02:04:38,775 - WARNING - [global] _api_put: PUT failed body: {"message":"is at 62c535dd243f49b88f20c271db33afb6e1a526fe but expected 8889bb0f31a29c8563b4e0e24df103e4ddc5b896","documentation_url":"https://docs.github.com/rest/repos/contents#create-or-update-file
2026-10-01 02:04:38,777 - DEBUG - [global] log_uploader: STEP 3 (global log) -> FAILED
2026-10-01 02:04:38,777 - DEBUG - [global] log_uploader: END window=periodic
2026-10-01 02:04:38,777 - INFO - [global] LogUploader: upload_run_logs завершён
2026-10-01 02:04:45,843 - INFO - [global] Проверяю обновы...
2026-10-01 02:04:46,708 - DEBUG - [global] needs_update: raw → 5.13.09
2026-10-01 02:04:46,852 - DEBUG - [global] needs_update: API → 5.13.09
2026-10-01 02:04:46,853 - DEBUG - [global] needs_update: лучший источник raw → 5.13.09 (из 2)
2026-10-01 02:04:46,853 - INFO - [global] needs_update: local=(5, 13, 7) remote=(5, 13, 9) -> has_update=True
2026-10-01 02:04:46,853 - INFO - [global] Доступна обнова! Спавню кнопку
2026-10-01 02:05:16,870 - INFO - [global] Проверяю обновы...
2026-10-01 02:05:17,877 - DEBUG - [global] needs_update: raw → 5.13.09
2026-10-01 02:05:17,889 - DEBUG - [global] needs_update: API → 5.13.09
2026-10-01 02:05:17,889 - DEBUG - [global] needs_update: лучший источник raw → 5.13.09 (из 2)
2026-10-01 02:05:17,889 - INFO - [global] needs_update: local=(5, 13, 7) remote=(5, 13, 9) -> has_update=True
2026-10-01 02:05:17,889 - INFO - [global] Доступна обнова! Спавню кнопку
2026-10-01 02:05:38,811 - INFO - [global] LogUploader: запускаю upload_run_logs...
2026-10-01 02:05:38,812 - DEBUG - [global] log_uploader: START window=periodic made=-1 token=...Rjnfq
2026-10-01 02:05:39,782 - DEBUG - [global] _api_put: GET runs/20261001_020538_fail_periodic.log -> 404
2026-10-01 02:05:41,999 - DEBUG - [global] _api_put: PUT runs/20261001_020538_fail_periodic.log -> 201 (12833 bytes)
2026-10-01 02:05:42,002 - DEBUG - [global] log_uploader: STEP 1 (window log) -> https://github.com/StarateJI/L2Mauto/blob/bot-logs/runs/20261001_020538_fail_periodic.log
2026-10-01 02:05:42,002 - DEBUG - [global] log_uploader: STEP 2 SKIP (no PNGs)
