=== Log tail 2026-09-23T12:23:03.223511 | last 200 lines ===
2026-09-23 12:14:47,628 - INFO - [global] Проверяю обновы...
2026-09-23 12:14:49,165 - DEBUG - [global] needs_update: API GitHub → 5.11.59
2026-09-23 12:14:50,462 - DEBUG - [global] needs_update: raw → 5.11.59
2026-09-23 12:14:51,665 - DEBUG - [global] needs_update: jsdelivr → 5.11.58
2026-09-23 12:14:51,665 - DEBUG - [global] needs_update: лучший источник API → 5.11.59 (из 3)
2026-09-23 12:14:51,669 - INFO - [global] needs_update: local=(5, 11, 59) remote=(5, 11, 59) -> has_update=False
2026-09-23 12:14:51,675 - INFO - [global] Установлена последняя версия бота | 5.11.59
2026-09-23 12:15:03,819 - INFO - [global] LogUploader: запускаю upload_run_logs...
2026-09-23 12:15:03,823 - DEBUG - [global] log_uploader: START window=periodic made=-1 token=...Rjnfq
2026-09-23 12:15:05,282 - DEBUG - [global] _api_put: GET runs/20260923_121503_fail_periodic.log -> 404
2026-09-23 12:15:07,395 - DEBUG - [global] _api_put: PUT runs/20260923_121503_fail_periodic.log -> 201 (507 bytes)
2026-09-23 12:15:07,401 - DEBUG - [global] log_uploader: STEP 1 (window log) -> https://github.com/StarateJI/L2Mauto/blob/bot-logs/runs/20260923_121503_fail_periodic.log
2026-09-23 12:15:07,407 - DEBUG - [global] log_uploader: STEP 2 SKIP (no PNGs)
2026-09-23 12:15:09,112 - DEBUG - [global] _api_put: GET runs/20260923_121503_fail_global.log -> 404
2026-09-23 12:15:11,321 - DEBUG - [global] _api_put: PUT runs/20260923_121503_fail_global.log -> 201 (20561 bytes)
2026-09-23 12:15:11,329 - DEBUG - [global] log_uploader: STEP 3 (global log) -> https://github.com/StarateJI/L2Mauto/blob/bot-logs/runs/20260923_121503_fail_global.log
2026-09-23 12:15:11,329 - DEBUG - [global] log_uploader: END window=periodic
2026-09-23 12:15:11,329 - INFO - [global] LogUploader: upload_run_logs завершён
2026-09-23 12:15:21,972 - INFO - [global] Проверяю обновы...
2026-09-23 12:15:23,443 - DEBUG - [global] needs_update: API GitHub → 5.11.59
2026-09-23 12:15:24,980 - DEBUG - [global] needs_update: raw → 5.11.59
2026-09-23 12:15:26,295 - DEBUG - [global] needs_update: jsdelivr → 5.11.58
2026-09-23 12:15:26,295 - DEBUG - [global] needs_update: лучший источник API → 5.11.59 (из 3)
2026-09-23 12:15:26,301 - INFO - [global] needs_update: local=(5, 11, 59) remote=(5, 11, 59) -> has_update=False
2026-09-23 12:15:26,303 - INFO - [global] Установлена последняя версия бота | 5.11.59
2026-09-23 12:15:56,592 - INFO - [global] Проверяю обновы...
2026-09-23 12:15:58,031 - DEBUG - [global] needs_update: API GitHub → 5.11.59
2026-09-23 12:15:59,244 - DEBUG - [global] needs_update: raw → 5.11.59
2026-09-23 12:16:00,430 - DEBUG - [global] needs_update: jsdelivr → 5.11.58
2026-09-23 12:16:00,430 - DEBUG - [global] needs_update: лучший источник API → 5.11.59 (из 3)
2026-09-23 12:16:00,435 - INFO - [global] needs_update: local=(5, 11, 59) remote=(5, 11, 59) -> has_update=False
2026-09-23 12:16:00,438 - INFO - [global] Установлена последняя версия бота | 5.11.59
2026-09-23 12:16:12,233 - INFO - [global] LogUploader: запускаю upload_run_logs...
2026-09-23 12:16:12,235 - DEBUG - [global] log_uploader: START window=periodic made=-1 token=...Rjnfq
2026-09-23 12:16:13,702 - DEBUG - [global] _api_put: GET runs/20260923_121612_fail_periodic.log -> 404
2026-09-23 12:16:15,962 - DEBUG - [global] _api_put: PUT runs/20260923_121612_fail_periodic.log -> 201 (507 bytes)
2026-09-23 12:16:15,969 - DEBUG - [global] log_uploader: STEP 1 (window log) -> https://github.com/StarateJI/L2Mauto/blob/bot-logs/runs/20260923_121612_fail_periodic.log
2026-09-23 12:16:15,970 - DEBUG - [global] log_uploader: STEP 2 SKIP (no PNGs)
2026-09-23 12:16:17,800 - DEBUG - [global] _api_put: GET runs/20260923_121612_fail_global.log -> 404
2026-09-23 12:16:20,153 - DEBUG - [global] _api_put: PUT runs/20260923_121612_fail_global.log -> 201 (20454 bytes)
2026-09-23 12:16:20,160 - DEBUG - [global] log_uploader: STEP 3 (global log) -> https://github.com/StarateJI/L2Mauto/blob/bot-logs/runs/20260923_121612_fail_global.log
2026-09-23 12:16:20,160 - DEBUG - [global] log_uploader: END window=periodic
2026-09-23 12:16:20,160 - INFO - [global] LogUploader: upload_run_logs завершён
2026-09-23 12:16:30,599 - INFO - [global] Проверяю обновы...
2026-09-23 12:16:32,079 - DEBUG - [global] needs_update: API GitHub → 5.11.59
2026-09-23 12:16:33,341 - DEBUG - [global] needs_update: raw → 5.11.59
2026-09-23 12:16:34,629 - DEBUG - [global] needs_update: jsdelivr → 5.11.58
2026-09-23 12:16:34,631 - DEBUG - [global] needs_update: лучший источник API → 5.11.59 (из 3)
2026-09-23 12:16:34,680 - INFO - [global] needs_update: local=(5, 11, 59) remote=(5, 11, 59) -> has_update=False
2026-09-23 12:16:34,686 - INFO - [global] Установлена последняя версия бота | 5.11.59
2026-09-23 12:17:05,017 - INFO - [global] Проверяю обновы...
2026-09-23 12:17:06,507 - DEBUG - [global] needs_update: API GitHub → 5.11.59
2026-09-23 12:17:07,743 - DEBUG - [global] needs_update: raw → 5.11.59
2026-09-23 12:17:09,007 - DEBUG - [global] needs_update: jsdelivr → 5.11.58
2026-09-23 12:17:09,007 - DEBUG - [global] needs_update: лучший источник API → 5.11.59 (из 3)
2026-09-23 12:17:09,013 - INFO - [global] needs_update: local=(5, 11, 59) remote=(5, 11, 59) -> has_update=False
2026-09-23 12:17:09,014 - INFO - [global] Установлена последняя версия бота | 5.11.59
2026-09-23 12:17:20,655 - INFO - [global] LogUploader: запускаю upload_run_logs...
2026-09-23 12:17:20,659 - DEBUG - [global] log_uploader: START window=periodic made=-1 token=...Rjnfq
2026-09-23 12:17:22,102 - DEBUG - [global] _api_put: GET runs/20260923_121720_fail_periodic.log -> 404
2026-09-23 12:17:24,362 - DEBUG - [global] _api_put: PUT runs/20260923_121720_fail_periodic.log -> 201 (507 bytes)
2026-09-23 12:17:24,368 - DEBUG - [global] log_uploader: STEP 1 (window log) -> https://github.com/StarateJI/L2Mauto/blob/bot-logs/runs/20260923_121720_fail_periodic.log
2026-09-23 12:17:24,369 - DEBUG - [global] log_uploader: STEP 2 SKIP (no PNGs)
2026-09-23 12:17:26,156 - DEBUG - [global] _api_put: GET runs/20260923_121720_fail_global.log -> 404
2026-09-23 12:17:28,507 - DEBUG - [global] _api_put: PUT runs/20260923_121720_fail_global.log -> 201 (20439 bytes)
2026-09-23 12:17:28,513 - DEBUG - [global] log_uploader: STEP 3 (global log) -> https://github.com/StarateJI/L2Mauto/blob/bot-logs/runs/20260923_121720_fail_global.log
2026-09-23 12:17:28,514 - DEBUG - [global] log_uploader: END window=periodic
2026-09-23 12:17:28,514 - INFO - [global] LogUploader: upload_run_logs завершён
2026-09-23 12:17:39,330 - INFO - [global] Проверяю обновы...
2026-09-23 12:17:40,746 - DEBUG - [global] needs_update: API GitHub → 5.11.59
2026-09-23 12:17:42,041 - DEBUG - [global] needs_update: raw → 5.11.59
2026-09-23 12:17:43,244 - DEBUG - [global] needs_update: jsdelivr → 5.11.58
2026-09-23 12:17:43,244 - DEBUG - [global] needs_update: лучший источник API → 5.11.59 (из 3)
2026-09-23 12:17:43,250 - INFO - [global] needs_update: local=(5, 11, 59) remote=(5, 11, 59) -> has_update=False
2026-09-23 12:17:43,251 - INFO - [global] Установлена последняя версия бота | 5.11.59
2026-09-23 12:18:13,531 - INFO - [global] Проверяю обновы...
2026-09-23 12:18:15,005 - DEBUG - [global] needs_update: API GitHub → 5.11.59
2026-09-23 12:18:16,347 - DEBUG - [global] needs_update: raw → 5.11.59
2026-09-23 12:18:17,688 - DEBUG - [global] needs_update: jsdelivr → 5.11.58
2026-09-23 12:18:17,688 - DEBUG - [global] needs_update: лучший источник API → 5.11.59 (из 3)
2026-09-23 12:18:17,697 - INFO - [global] needs_update: local=(5, 11, 59) remote=(5, 11, 59) -> has_update=False
2026-09-23 12:18:17,697 - INFO - [global] Установлена последняя версия бота | 5.11.59
2026-09-23 12:18:28,982 - INFO - [global] LogUploader: запускаю upload_run_logs...
2026-09-23 12:18:28,984 - DEBUG - [global] log_uploader: START window=periodic made=-1 token=...Rjnfq
2026-09-23 12:18:30,482 - DEBUG - [global] _api_put: GET runs/20260923_121828_fail_periodic.log -> 404
2026-09-23 12:18:32,624 - DEBUG - [global] _api_put: PUT runs/20260923_121828_fail_periodic.log -> 201 (507 bytes)
2026-09-23 12:18:32,629 - DEBUG - [global] log_uploader: STEP 1 (window log) -> https://github.com/StarateJI/L2Mauto/blob/bot-logs/runs/20260923_121828_fail_periodic.log
2026-09-23 12:18:32,631 - DEBUG - [global] log_uploader: STEP 2 SKIP (no PNGs)
2026-09-23 12:18:34,311 - DEBUG - [global] _api_put: GET runs/20260923_121828_fail_global.log -> 404
2026-09-23 12:18:36,582 - DEBUG - [global] _api_put: PUT runs/20260923_121828_fail_global.log -> 201 (20339 bytes)
2026-09-23 12:18:36,589 - DEBUG - [global] log_uploader: STEP 3 (global log) -> https://github.com/StarateJI/L2Mauto/blob/bot-logs/runs/20260923_121828_fail_global.log
2026-09-23 12:18:36,589 - DEBUG - [global] log_uploader: END window=periodic
2026-09-23 12:18:36,589 - INFO - [global] LogUploader: upload_run_logs завершён
2026-09-23 12:18:48,180 - INFO - [global] Проверяю обновы...
2026-09-23 12:18:49,687 - DEBUG - [global] needs_update: API GitHub → 5.11.59
2026-09-23 12:18:50,919 - DEBUG - [global] needs_update: raw → 5.11.59
2026-09-23 12:18:52,243 - DEBUG - [global] needs_update: jsdelivr → 5.11.58
2026-09-23 12:18:52,244 - DEBUG - [global] needs_update: лучший источник API → 5.11.59 (из 3)
2026-09-23 12:18:52,248 - INFO - [global] needs_update: local=(5, 11, 59) remote=(5, 11, 59) -> has_update=False
2026-09-23 12:18:52,249 - INFO - [global] Установлена последняя версия бота | 5.11.59
2026-09-23 12:19:04,846 - INFO - [global] Пачка 1/6: старт (2 окон: ['JoePeach', 'Rezor'])
2026-09-23 12:19:04,846 - INFO - [global] Запуск через 3 сек. | ['JoePeach', 'Rezor']
2026-09-23 12:19:22,325 - INFO - [global] Проверяю обновы...
2026-09-23 12:19:23,745 - DEBUG - [global] needs_update: API GitHub → 5.11.59
2026-09-23 12:19:24,988 - DEBUG - [global] needs_update: raw → 5.11.59
2026-09-23 12:19:26,240 - DEBUG - [global] needs_update: jsdelivr → 5.11.58
2026-09-23 12:19:26,241 - DEBUG - [global] needs_update: лучший источник API → 5.11.59 (из 3)
2026-09-23 12:19:26,247 - INFO - [global] needs_update: local=(5, 11, 59) remote=(5, 11, 59) -> has_update=False
2026-09-23 12:19:26,248 - INFO - [global] Установлена последняя версия бота | 5.11.59
2026-09-23 12:19:36,870 - INFO - [global] LogUploader: запускаю upload_run_logs...
2026-09-23 12:19:36,873 - DEBUG - [global] log_uploader: START window=periodic made=-1 token=...Rjnfq
2026-09-23 12:19:38,092 - DEBUG - [global] _api_put: GET runs/20260923_121936_fail_periodic.log -> 404
2026-09-23 12:19:40,010 - DEBUG - [global] _api_put: PUT runs/20260923_121936_fail_periodic.log -> 201 (507 bytes)
2026-09-23 12:19:40,020 - DEBUG - [global] log_uploader: STEP 1 (window log) -> https://github.com/StarateJI/L2Mauto/blob/bot-logs/runs/20260923_121936_fail_periodic.log
2026-09-23 12:19:40,023 - DEBUG - [global] log_uploader: STEP 2 SKIP (no PNGs)
2026-09-23 12:19:41,668 - DEBUG - [global] _api_put: GET runs/20260923_121936_fail_global.log -> 404
2026-09-23 12:19:43,959 - DEBUG - [global] _api_put: PUT runs/20260923_121936_fail_global.log -> 201 (20223 bytes)
2026-09-23 12:19:43,974 - DEBUG - [global] log_uploader: STEP 3 (global log) -> https://github.com/StarateJI/L2Mauto/blob/bot-logs/runs/20260923_121936_fail_global.log
2026-09-23 12:19:43,974 - DEBUG - [global] log_uploader: END window=periodic
2026-09-23 12:19:43,974 - INFO - [global] LogUploader: upload_run_logs завершён
2026-09-23 12:19:56,304 - INFO - [global] Проверяю обновы...
2026-09-23 12:19:57,754 - DEBUG - [global] needs_update: API GitHub → 5.11.59
2026-09-23 12:19:58,900 - DEBUG - [global] needs_update: raw → 5.11.59
2026-09-23 12:20:00,145 - DEBUG - [global] needs_update: jsdelivr → 5.11.58
2026-09-23 12:20:00,146 - DEBUG - [global] needs_update: лучший источник API → 5.11.59 (из 3)
2026-09-23 12:20:00,151 - INFO - [global] needs_update: local=(5, 11, 59) remote=(5, 11, 59) -> has_update=False
2026-09-23 12:20:00,154 - INFO - [global] Установлена последняя версия бота | 5.11.59
2026-09-23 12:20:30,213 - INFO - [global] Проверяю обновы...
2026-09-23 12:20:31,628 - DEBUG - [global] needs_update: API GitHub → 5.11.59
2026-09-23 12:20:32,930 - DEBUG - [global] needs_update: raw → 5.11.59
2026-09-23 12:20:34,090 - DEBUG - [global] needs_update: jsdelivr → 5.11.58
2026-09-23 12:20:34,090 - DEBUG - [global] needs_update: лучший источник API → 5.11.59 (из 3)
2026-09-23 12:20:34,096 - INFO - [global] needs_update: local=(5, 11, 59) remote=(5, 11, 59) -> has_update=False
2026-09-23 12:20:34,098 - INFO - [global] Установлена последняя версия бота | 5.11.59
2026-09-23 12:20:42,152 - INFO - [global] [-BaseProfile-] Остановил слушалку
2026-09-23 12:20:44,125 - INFO - [global] LogUploader: запускаю upload_run_logs...
2026-09-23 12:20:44,129 - DEBUG - [global] log_uploader: START window=periodic made=-1 token=...Rjnfq
2026-09-23 12:20:45,520 - DEBUG - [global] _api_put: GET runs/20260923_122044_fail_periodic.log -> 404
2026-09-23 12:20:47,486 - DEBUG - [global] _api_put: PUT runs/20260923_122044_fail_periodic.log -> 201 (507 bytes)
2026-09-23 12:20:47,490 - DEBUG - [global] log_uploader: STEP 1 (window log) -> https://github.com/StarateJI/L2Mauto/blob/bot-logs/runs/20260923_122044_fail_periodic.log
2026-09-23 12:20:47,491 - DEBUG - [global] log_uploader: STEP 2 SKIP (no PNGs)
2026-09-23 12:20:48,947 - DEBUG - [global] _api_put: GET runs/20260923_122044_fail_global.log -> 404
2026-09-23 12:20:51,406 - DEBUG - [global] _api_put: PUT runs/20260923_122044_fail_global.log -> 201 (20113 bytes)
2026-09-23 12:20:51,411 - DEBUG - [global] log_uploader: STEP 3 (global log) -> https://github.com/StarateJI/L2Mauto/blob/bot-logs/runs/20260923_122044_fail_global.log
2026-09-23 12:20:51,412 - DEBUG - [global] log_uploader: END window=periodic
2026-09-23 12:20:51,412 - INFO - [global] LogUploader: upload_run_logs завершён
2026-09-23 12:20:59,601 - INFO - [global] [-BaseProfile-] Остановил слушалку
2026-09-23 12:20:59,784 - INFO - [global] Пачка 1/6: завершена за 115с
2026-09-23 12:21:00,788 - INFO - [global] Пачка 2/6: старт (2 окон: ['Щега', 'Tommi'])
2026-09-23 12:21:00,788 - INFO - [global] Запуск через 3 сек. | ['Щега', 'Tommi']
2026-09-23 12:21:04,173 - INFO - [global] Проверяю обновы...
2026-09-23 12:21:05,624 - DEBUG - [global] needs_update: API GitHub → 5.11.59
2026-09-23 12:21:06,845 - DEBUG - [global] needs_update: raw → 5.11.59
2026-09-23 12:21:08,156 - DEBUG - [global] needs_update: jsdelivr → 5.11.58
2026-09-23 12:21:08,157 - DEBUG - [global] needs_update: лучший источник API → 5.11.59 (из 3)
2026-09-23 12:21:08,161 - INFO - [global] needs_update: local=(5, 11, 59) remote=(5, 11, 59) -> has_update=False
2026-09-23 12:21:08,163 - INFO - [global] Установлена последняя версия бота | 5.11.59
2026-09-23 12:21:38,257 - INFO - [global] Проверяю обновы...
2026-09-23 12:21:39,615 - DEBUG - [global] needs_update: API GitHub → 5.11.59
2026-09-23 12:21:40,766 - DEBUG - [global] needs_update: raw → 5.11.59
2026-09-23 12:21:41,807 - DEBUG - [global] needs_update: jsdelivr → 5.11.58
2026-09-23 12:21:41,808 - DEBUG - [global] needs_update: лучший источник API → 5.11.59 (из 3)
2026-09-23 12:21:41,813 - INFO - [global] needs_update: local=(5, 11, 59) remote=(5, 11, 59) -> has_update=False
2026-09-23 12:21:41,814 - INFO - [global] Установлена последняя версия бота | 5.11.59
2026-09-23 12:21:51,566 - INFO - [global] LogUploader: запускаю upload_run_logs...
2026-09-23 12:21:51,570 - DEBUG - [global] log_uploader: START window=periodic made=-1 token=...Rjnfq
2026-09-23 12:21:52,990 - DEBUG - [global] _api_put: GET runs/20260923_122151_fail_periodic.log -> 404
2026-09-23 12:21:55,019 - DEBUG - [global] _api_put: PUT runs/20260923_122151_fail_periodic.log -> 201 (507 bytes)
2026-09-23 12:21:55,025 - DEBUG - [global] log_uploader: STEP 1 (window log) -> https://github.com/StarateJI/L2Mauto/blob/bot-logs/runs/20260923_122151_fail_periodic.log
2026-09-23 12:21:55,027 - DEBUG - [global] log_uploader: STEP 2 SKIP (no PNGs)
2026-09-23 12:21:56,712 - DEBUG - [global] _api_put: GET runs/20260923_122151_fail_global.log -> 404
2026-09-23 12:21:59,127 - DEBUG - [global] _api_put: PUT runs/20260923_122151_fail_global.log -> 201 (20184 bytes)
2026-09-23 12:21:59,134 - DEBUG - [global] log_uploader: STEP 3 (global log) -> https://github.com/StarateJI/L2Mauto/blob/bot-logs/runs/20260923_122151_fail_global.log
2026-09-23 12:21:59,135 - DEBUG - [global] log_uploader: END window=periodic
2026-09-23 12:21:59,135 - INFO - [global] LogUploader: upload_run_logs завершён
2026-09-23 12:22:11,947 - INFO - [global] Проверяю обновы...
2026-09-23 12:22:13,357 - DEBUG - [global] needs_update: API GitHub → 5.11.59
2026-09-23 12:22:14,490 - DEBUG - [global] needs_update: raw → 5.11.59
2026-09-23 12:22:15,696 - DEBUG - [global] needs_update: jsdelivr → 5.11.58
2026-09-23 12:22:15,697 - DEBUG - [global] needs_update: лучший источник API → 5.11.59 (из 3)
2026-09-23 12:22:15,705 - INFO - [global] needs_update: local=(5, 11, 59) remote=(5, 11, 59) -> has_update=False
2026-09-23 12:22:15,706 - INFO - [global] Установлена последняя версия бота | 5.11.59
2026-09-23 12:22:28,545 - INFO - [global] [-BaseProfile-] Остановил слушалку
2026-09-23 12:22:45,789 - INFO - [global] Проверяю обновы...
2026-09-23 12:22:47,099 - DEBUG - [global] needs_update: API GitHub → 5.11.59
2026-09-23 12:22:48,345 - DEBUG - [global] needs_update: raw → 5.11.59
2026-09-23 12:22:49,560 - DEBUG - [global] needs_update: jsdelivr → 5.11.58
2026-09-23 12:22:49,561 - DEBUG - [global] needs_update: лучший источник API → 5.11.59 (из 3)
2026-09-23 12:22:49,567 - INFO - [global] needs_update: local=(5, 11, 59) remote=(5, 11, 59) -> has_update=False
2026-09-23 12:22:49,570 - INFO - [global] Установлена последняя версия бота | 5.11.59
2026-09-23 12:22:53,491 - INFO - [global] [-BaseProfile-] Остановил слушалку
2026-09-23 12:22:53,728 - INFO - [global] Пачка 2/6: завершена за 113с
2026-09-23 12:22:54,734 - INFO - [global] Пачка 3/6: старт (2 окон: ['Чипинкос', 'Валупа'])
2026-09-23 12:22:54,734 - INFO - [global] Запуск через 3 сек. | ['Чипинкос', 'Валупа']
2026-09-23 12:22:59,275 - INFO - [global] LogUploader: запускаю upload_run_logs...
2026-09-23 12:22:59,279 - DEBUG - [global] log_uploader: START window=periodic made=-1 token=...Rjnfq
2026-09-23 12:23:00,846 - DEBUG - [global] _api_put: GET runs/20260923_122259_fail_periodic.log -> 404
2026-09-23 12:23:03,029 - DEBUG - [global] _api_put: PUT runs/20260923_122259_fail_periodic.log -> 201 (507 bytes)
2026-09-23 12:23:03,035 - DEBUG - [global] log_uploader: STEP 1 (window log) -> https://github.com/StarateJI/L2Mauto/blob/bot-logs/runs/20260923_122259_fail_periodic.log
2026-09-23 12:23:03,039 - DEBUG - [global] log_uploader: STEP 2 SKIP (no PNGs)
