=== Log tail 2026-09-29T18:24:02.141305 | last 200 lines ===
2026-09-29 18:14:39,253 - DEBUG - [global] needs_update: лучший источник raw → 5.13.09 (из 2)
2026-09-29 18:14:39,253 - INFO - [global] needs_update: local=(5, 13, 7) remote=(5, 13, 9) -> has_update=True
2026-09-29 18:14:39,253 - INFO - [global] Доступна обнова! Спавню кнопку
2026-09-29 18:14:52,612 - INFO - [global] LogUploader: запускаю upload_run_logs...
2026-09-29 18:14:52,615 - DEBUG - [global] log_uploader: START window=periodic made=-1 token=...Rjnfq
2026-09-29 18:14:54,178 - DEBUG - [global] _api_put: GET runs/20260929_181452_fail_periodic.log -> 404
2026-09-29 18:14:57,903 - DEBUG - [global] _api_put: PUT runs/20260929_181452_fail_periodic.log -> 201 (19392 bytes)
2026-09-29 18:14:57,907 - DEBUG - [global] log_uploader: STEP 1 (window log) -> https://github.com/StarateJI/L2Mauto/blob/bot-logs/runs/20260929_181452_fail_periodic.log
2026-09-29 18:14:57,907 - DEBUG - [global] log_uploader: STEP 2 SKIP (no PNGs)
2026-09-29 18:14:59,442 - DEBUG - [global] _api_put: GET runs/20260929_181452_fail_global.log -> 404
2026-09-29 18:15:01,930 - DEBUG - [global] _api_put: PUT runs/20260929_181452_fail_global.log -> 201 (20019 bytes)
2026-09-29 18:15:01,933 - DEBUG - [global] log_uploader: STEP 3 (global log) -> https://github.com/StarateJI/L2Mauto/blob/bot-logs/runs/20260929_181452_fail_global.log
2026-09-29 18:15:01,933 - DEBUG - [global] log_uploader: END window=periodic
2026-09-29 18:15:01,933 - INFO - [global] LogUploader: upload_run_logs завершён
2026-09-29 18:15:09,623 - INFO - [global] Проверяю обновы...
2026-09-29 18:15:10,601 - DEBUG - [global] needs_update: raw → 5.13.09
2026-09-29 18:15:10,893 - DEBUG - [global] needs_update: API → 5.13.09
2026-09-29 18:15:10,894 - DEBUG - [global] needs_update: лучший источник raw → 5.13.09 (из 2)
2026-09-29 18:15:10,894 - INFO - [global] needs_update: local=(5, 13, 7) remote=(5, 13, 9) -> has_update=True
2026-09-29 18:15:10,894 - INFO - [global] Доступна обнова! Спавню кнопку
2026-09-29 18:15:40,954 - INFO - [global] Проверяю обновы...
2026-09-29 18:15:41,915 - DEBUG - [global] needs_update: raw → 5.13.09
2026-09-29 18:15:42,132 - DEBUG - [global] needs_update: API → 5.13.09
2026-09-29 18:15:42,133 - DEBUG - [global] needs_update: лучший источник raw → 5.13.09 (из 2)
2026-09-29 18:15:42,134 - INFO - [global] needs_update: local=(5, 13, 7) remote=(5, 13, 9) -> has_update=True
2026-09-29 18:15:42,134 - INFO - [global] Доступна обнова! Спавню кнопку
2026-09-29 18:16:02,229 - INFO - [global] LogUploader: запускаю upload_run_logs...
2026-09-29 18:16:02,232 - DEBUG - [global] log_uploader: START window=periodic made=-1 token=...Rjnfq
2026-09-29 18:16:03,318 - DEBUG - [global] _api_put: GET runs/20260929_181602_fail_periodic.log -> 404
2026-09-29 18:16:06,086 - DEBUG - [global] _api_put: PUT runs/20260929_181602_fail_periodic.log -> 201 (19392 bytes)
2026-09-29 18:16:06,089 - DEBUG - [global] log_uploader: STEP 1 (window log) -> https://github.com/StarateJI/L2Mauto/blob/bot-logs/runs/20260929_181602_fail_periodic.log
2026-09-29 18:16:06,090 - DEBUG - [global] log_uploader: STEP 2 SKIP (no PNGs)
2026-09-29 18:16:07,365 - DEBUG - [global] _api_put: GET runs/20260929_181602_fail_global.log -> 404
2026-09-29 18:16:10,444 - DEBUG - [global] _api_put: PUT runs/20260929_181602_fail_global.log -> 201 (20019 bytes)
2026-09-29 18:16:10,446 - DEBUG - [global] log_uploader: STEP 3 (global log) -> https://github.com/StarateJI/L2Mauto/blob/bot-logs/runs/20260929_181602_fail_global.log
2026-09-29 18:16:10,446 - DEBUG - [global] log_uploader: END window=periodic
2026-09-29 18:16:10,446 - INFO - [global] LogUploader: upload_run_logs завершён
2026-09-29 18:16:12,240 - INFO - [global] Проверяю обновы...
2026-09-29 18:16:13,128 - DEBUG - [global] needs_update: raw → 5.13.09
2026-09-29 18:16:13,404 - DEBUG - [global] needs_update: API → 5.13.09
2026-09-29 18:16:13,404 - DEBUG - [global] needs_update: лучший источник raw → 5.13.09 (из 2)
2026-09-29 18:16:13,404 - INFO - [global] needs_update: local=(5, 13, 7) remote=(5, 13, 9) -> has_update=True
2026-09-29 18:16:13,404 - INFO - [global] Доступна обнова! Спавню кнопку
2026-09-29 18:16:43,424 - INFO - [global] Проверяю обновы...
2026-09-29 18:16:44,299 - DEBUG - [global] needs_update: raw → 5.13.09
2026-09-29 18:16:44,525 - DEBUG - [global] needs_update: API → 5.13.09
2026-09-29 18:16:44,525 - DEBUG - [global] needs_update: лучший источник raw → 5.13.09 (из 2)
2026-09-29 18:16:44,526 - INFO - [global] needs_update: local=(5, 13, 7) remote=(5, 13, 9) -> has_update=True
2026-09-29 18:16:44,526 - INFO - [global] Доступна обнова! Спавню кнопку
2026-09-29 18:17:10,499 - INFO - [global] LogUploader: запускаю upload_run_logs...
2026-09-29 18:17:10,500 - DEBUG - [global] log_uploader: START window=periodic made=-1 token=...Rjnfq
2026-09-29 18:17:11,562 - DEBUG - [global] _api_put: GET runs/20260929_181710_fail_periodic.log -> 404
2026-09-29 18:17:13,628 - DEBUG - [global] _api_put: PUT runs/20260929_181710_fail_periodic.log -> 201 (19392 bytes)
2026-09-29 18:17:13,631 - DEBUG - [global] log_uploader: STEP 1 (window log) -> https://github.com/StarateJI/L2Mauto/blob/bot-logs/runs/20260929_181710_fail_periodic.log
2026-09-29 18:17:13,631 - DEBUG - [global] log_uploader: STEP 2 SKIP (no PNGs)
2026-09-29 18:17:14,553 - INFO - [global] Проверяю обновы...
2026-09-29 18:17:14,775 - DEBUG - [global] _api_put: GET runs/20260929_181710_fail_global.log -> 404
2026-09-29 18:17:15,617 - DEBUG - [global] needs_update: raw → 5.13.09
2026-09-29 18:17:15,804 - DEBUG - [global] needs_update: API → 5.13.09
2026-09-29 18:17:15,805 - DEBUG - [global] needs_update: лучший источник raw → 5.13.09 (из 2)
2026-09-29 18:17:15,806 - INFO - [global] needs_update: local=(5, 13, 7) remote=(5, 13, 9) -> has_update=True
2026-09-29 18:17:15,806 - INFO - [global] Доступна обнова! Спавню кнопку
2026-09-29 18:17:17,545 - DEBUG - [global] _api_put: PUT runs/20260929_181710_fail_global.log -> 201 (20019 bytes)
2026-09-29 18:17:17,547 - DEBUG - [global] log_uploader: STEP 3 (global log) -> https://github.com/StarateJI/L2Mauto/blob/bot-logs/runs/20260929_181710_fail_global.log
2026-09-29 18:17:17,547 - DEBUG - [global] log_uploader: END window=periodic
2026-09-29 18:17:17,547 - INFO - [global] LogUploader: upload_run_logs завершён
2026-09-29 18:17:45,824 - INFO - [global] Проверяю обновы...
2026-09-29 18:17:46,771 - DEBUG - [global] needs_update: raw → 5.13.09
2026-09-29 18:17:46,990 - DEBUG - [global] needs_update: API → 5.13.09
2026-09-29 18:17:46,991 - DEBUG - [global] needs_update: лучший источник raw → 5.13.09 (из 2)
2026-09-29 18:17:46,991 - INFO - [global] needs_update: local=(5, 13, 7) remote=(5, 13, 9) -> has_update=True
2026-09-29 18:17:46,991 - INFO - [global] Доступна обнова! Спавню кнопку
2026-09-29 18:18:17,016 - INFO - [global] Проверяю обновы...
2026-09-29 18:18:17,625 - INFO - [global] LogUploader: запускаю upload_run_logs...
2026-09-29 18:18:17,625 - DEBUG - [global] log_uploader: START window=periodic made=-1 token=...Rjnfq
2026-09-29 18:18:17,877 - DEBUG - [global] needs_update: raw → 5.13.09
2026-09-29 18:18:18,197 - DEBUG - [global] needs_update: API → 5.13.09
2026-09-29 18:18:18,198 - DEBUG - [global] needs_update: лучший источник raw → 5.13.09 (из 2)
2026-09-29 18:18:18,198 - INFO - [global] needs_update: local=(5, 13, 7) remote=(5, 13, 9) -> has_update=True
2026-09-29 18:18:18,198 - INFO - [global] Доступна обнова! Спавню кнопку
2026-09-29 18:18:18,684 - DEBUG - [global] _api_put: GET runs/20260929_181817_fail_periodic.log -> 404
2026-09-29 18:18:21,275 - DEBUG - [global] _api_put: PUT runs/20260929_181817_fail_periodic.log -> 201 (19392 bytes)
2026-09-29 18:18:21,277 - DEBUG - [global] log_uploader: STEP 1 (window log) -> https://github.com/StarateJI/L2Mauto/blob/bot-logs/runs/20260929_181817_fail_periodic.log
2026-09-29 18:18:21,277 - DEBUG - [global] log_uploader: STEP 2 SKIP (no PNGs)
2026-09-29 18:18:22,380 - DEBUG - [global] _api_put: GET runs/20260929_181817_fail_global.log -> 404
2026-09-29 18:18:25,535 - DEBUG - [global] _api_put: PUT runs/20260929_181817_fail_global.log -> 201 (19974 bytes)
2026-09-29 18:18:25,537 - DEBUG - [global] log_uploader: STEP 3 (global log) -> https://github.com/StarateJI/L2Mauto/blob/bot-logs/runs/20260929_181817_fail_global.log
2026-09-29 18:18:25,538 - DEBUG - [global] log_uploader: END window=periodic
2026-09-29 18:18:25,538 - INFO - [global] LogUploader: upload_run_logs завершён
2026-09-29 18:18:48,214 - INFO - [global] Проверяю обновы...
2026-09-29 18:18:49,290 - DEBUG - [global] needs_update: raw → 5.13.09
2026-09-29 18:18:49,430 - DEBUG - [global] needs_update: API → 5.13.09
2026-09-29 18:18:49,431 - DEBUG - [global] needs_update: лучший источник raw → 5.13.09 (из 2)
2026-09-29 18:18:49,431 - INFO - [global] needs_update: local=(5, 13, 7) remote=(5, 13, 9) -> has_update=True
2026-09-29 18:18:49,431 - INFO - [global] Доступна обнова! Спавню кнопку
2026-09-29 18:19:19,520 - INFO - [global] Проверяю обновы...
2026-09-29 18:19:20,692 - DEBUG - [global] needs_update: raw → 5.13.09
2026-09-29 18:19:20,904 - DEBUG - [global] needs_update: API → 5.13.09
2026-09-29 18:19:20,905 - DEBUG - [global] needs_update: лучший источник raw → 5.13.09 (из 2)
2026-09-29 18:19:20,905 - INFO - [global] needs_update: local=(5, 13, 7) remote=(5, 13, 9) -> has_update=True
2026-09-29 18:19:20,905 - INFO - [global] Доступна обнова! Спавню кнопку
2026-09-29 18:19:25,652 - INFO - [global] LogUploader: запускаю upload_run_logs...
2026-09-29 18:19:25,657 - DEBUG - [global] log_uploader: START window=periodic made=-1 token=...Rjnfq
2026-09-29 18:19:26,794 - DEBUG - [global] _api_put: GET runs/20260929_181925_fail_periodic.log -> 404
2026-09-29 18:19:29,331 - DEBUG - [global] _api_put: PUT runs/20260929_181925_fail_periodic.log -> 201 (19392 bytes)
2026-09-29 18:19:29,334 - DEBUG - [global] log_uploader: STEP 1 (window log) -> https://github.com/StarateJI/L2Mauto/blob/bot-logs/runs/20260929_181925_fail_periodic.log
2026-09-29 18:19:29,335 - DEBUG - [global] log_uploader: STEP 2 SKIP (no PNGs)
2026-09-29 18:19:30,790 - DEBUG - [global] _api_put: GET runs/20260929_181925_fail_global.log -> 404
2026-09-29 18:19:33,343 - DEBUG - [global] _api_put: PUT runs/20260929_181925_fail_global.log -> 201 (19974 bytes)
2026-09-29 18:19:33,346 - DEBUG - [global] log_uploader: STEP 3 (global log) -> https://github.com/StarateJI/L2Mauto/blob/bot-logs/runs/20260929_181925_fail_global.log
2026-09-29 18:19:33,346 - DEBUG - [global] log_uploader: END window=periodic
2026-09-29 18:19:33,346 - INFO - [global] LogUploader: upload_run_logs завершён
2026-09-29 18:19:51,052 - INFO - [global] Проверяю обновы...
2026-09-29 18:19:52,047 - DEBUG - [global] needs_update: raw → 5.13.09
2026-09-29 18:19:52,423 - DEBUG - [global] needs_update: API → 5.13.09
2026-09-29 18:19:52,423 - DEBUG - [global] needs_update: лучший источник raw → 5.13.09 (из 2)
2026-09-29 18:19:52,423 - INFO - [global] needs_update: local=(5, 13, 7) remote=(5, 13, 9) -> has_update=True
2026-09-29 18:19:52,423 - INFO - [global] Доступна обнова! Спавню кнопку
2026-09-29 18:20:22,513 - INFO - [global] Проверяю обновы...
2026-09-29 18:20:23,525 - DEBUG - [global] needs_update: raw → 5.13.09
2026-09-29 18:20:23,697 - DEBUG - [global] needs_update: API → 5.13.09
2026-09-29 18:20:23,698 - DEBUG - [global] needs_update: лучший источник raw → 5.13.09 (из 2)
2026-09-29 18:20:23,698 - INFO - [global] needs_update: local=(5, 13, 7) remote=(5, 13, 9) -> has_update=True
2026-09-29 18:20:23,698 - INFO - [global] Доступна обнова! Спавню кнопку
2026-09-29 18:20:33,779 - INFO - [global] LogUploader: запускаю upload_run_logs...
2026-09-29 18:20:33,780 - DEBUG - [global] log_uploader: START window=periodic made=-1 token=...Rjnfq
2026-09-29 18:20:34,930 - DEBUG - [global] _api_put: GET runs/20260929_182033_fail_periodic.log -> 404
2026-09-29 18:20:38,300 - DEBUG - [global] _api_put: PUT runs/20260929_182033_fail_periodic.log -> 201 (19392 bytes)
2026-09-29 18:20:38,303 - DEBUG - [global] log_uploader: STEP 1 (window log) -> https://github.com/StarateJI/L2Mauto/blob/bot-logs/runs/20260929_182033_fail_periodic.log
2026-09-29 18:20:38,303 - DEBUG - [global] log_uploader: STEP 2 SKIP (no PNGs)
2026-09-29 18:20:39,582 - DEBUG - [global] _api_put: GET runs/20260929_182033_fail_global.log -> 404
2026-09-29 18:20:42,364 - DEBUG - [global] _api_put: PUT runs/20260929_182033_fail_global.log -> 201 (19974 bytes)
2026-09-29 18:20:42,366 - DEBUG - [global] log_uploader: STEP 3 (global log) -> https://github.com/StarateJI/L2Mauto/blob/bot-logs/runs/20260929_182033_fail_global.log
2026-09-29 18:20:42,366 - DEBUG - [global] log_uploader: END window=periodic
2026-09-29 18:20:42,366 - INFO - [global] LogUploader: upload_run_logs завершён
2026-09-29 18:20:53,809 - INFO - [global] Проверяю обновы...
2026-09-29 18:20:54,830 - DEBUG - [global] needs_update: raw → 5.13.09
2026-09-29 18:20:54,955 - DEBUG - [global] needs_update: API → 5.13.09
2026-09-29 18:20:54,956 - DEBUG - [global] needs_update: лучший источник raw → 5.13.09 (из 2)
2026-09-29 18:20:54,956 - INFO - [global] needs_update: local=(5, 13, 7) remote=(5, 13, 9) -> has_update=True
2026-09-29 18:20:54,956 - INFO - [global] Доступна обнова! Спавню кнопку
2026-09-29 18:21:25,070 - INFO - [global] Проверяю обновы...
2026-09-29 18:21:26,025 - DEBUG - [global] needs_update: raw → 5.13.09
2026-09-29 18:21:26,185 - DEBUG - [global] needs_update: API → 5.13.09
2026-09-29 18:21:26,185 - DEBUG - [global] needs_update: лучший источник raw → 5.13.09 (из 2)
2026-09-29 18:21:26,186 - INFO - [global] needs_update: local=(5, 13, 7) remote=(5, 13, 9) -> has_update=True
2026-09-29 18:21:26,186 - INFO - [global] Доступна обнова! Спавню кнопку
2026-09-29 18:21:42,642 - INFO - [global] LogUploader: запускаю upload_run_logs...
2026-09-29 18:21:42,642 - DEBUG - [global] log_uploader: START window=periodic made=-1 token=...Rjnfq
2026-09-29 18:21:43,806 - DEBUG - [global] _api_put: GET runs/20260929_182142_fail_periodic.log -> 404
2026-09-29 18:21:46,382 - DEBUG - [global] _api_put: PUT runs/20260929_182142_fail_periodic.log -> 201 (19392 bytes)
2026-09-29 18:21:46,385 - DEBUG - [global] log_uploader: STEP 1 (window log) -> https://github.com/StarateJI/L2Mauto/blob/bot-logs/runs/20260929_182142_fail_periodic.log
2026-09-29 18:21:46,386 - DEBUG - [global] log_uploader: STEP 2 SKIP (no PNGs)
2026-09-29 18:21:47,588 - DEBUG - [global] _api_put: GET runs/20260929_182142_fail_global.log -> 404
2026-09-29 18:21:50,035 - DEBUG - [global] _api_put: PUT runs/20260929_182142_fail_global.log -> 201 (20019 bytes)
2026-09-29 18:21:50,037 - DEBUG - [global] log_uploader: STEP 3 (global log) -> https://github.com/StarateJI/L2Mauto/blob/bot-logs/runs/20260929_182142_fail_global.log
2026-09-29 18:21:50,037 - DEBUG - [global] log_uploader: END window=periodic
2026-09-29 18:21:50,037 - INFO - [global] LogUploader: upload_run_logs завершён
2026-09-29 18:21:56,239 - INFO - [global] Проверяю обновы...
2026-09-29 18:21:57,324 - DEBUG - [global] needs_update: raw → 5.13.09
2026-09-29 18:21:57,432 - DEBUG - [global] needs_update: API → 5.13.09
2026-09-29 18:21:57,433 - DEBUG - [global] needs_update: лучший источник raw → 5.13.09 (из 2)
2026-09-29 18:21:57,433 - INFO - [global] needs_update: local=(5, 13, 7) remote=(5, 13, 9) -> has_update=True
2026-09-29 18:21:57,433 - INFO - [global] Доступна обнова! Спавню кнопку
2026-09-29 18:22:27,466 - INFO - [global] Проверяю обновы...
2026-09-29 18:22:28,400 - DEBUG - [global] needs_update: raw → 5.13.09
2026-09-29 18:22:28,781 - DEBUG - [global] needs_update: API → 5.13.09
2026-09-29 18:22:28,781 - DEBUG - [global] needs_update: лучший источник raw → 5.13.09 (из 2)
2026-09-29 18:22:28,781 - INFO - [global] needs_update: local=(5, 13, 7) remote=(5, 13, 9) -> has_update=True
2026-09-29 18:22:28,781 - INFO - [global] Доступна обнова! Спавню кнопку
2026-09-29 18:22:50,104 - INFO - [global] LogUploader: запускаю upload_run_logs...
2026-09-29 18:22:50,104 - DEBUG - [global] log_uploader: START window=periodic made=-1 token=...Rjnfq
2026-09-29 18:22:51,186 - DEBUG - [global] _api_put: GET runs/20260929_182250_fail_periodic.log -> 404
2026-09-29 18:22:53,342 - DEBUG - [global] _api_put: PUT runs/20260929_182250_fail_periodic.log -> 201 (19392 bytes)
2026-09-29 18:22:53,344 - DEBUG - [global] log_uploader: STEP 1 (window log) -> https://github.com/StarateJI/L2Mauto/blob/bot-logs/runs/20260929_182250_fail_periodic.log
2026-09-29 18:22:53,344 - DEBUG - [global] log_uploader: STEP 2 SKIP (no PNGs)
2026-09-29 18:22:54,903 - DEBUG - [global] _api_put: GET runs/20260929_182250_fail_global.log -> 404
2026-09-29 18:22:57,683 - DEBUG - [global] _api_put: PUT runs/20260929_182250_fail_global.log -> 201 (20019 bytes)
2026-09-29 18:22:57,687 - DEBUG - [global] log_uploader: STEP 3 (global log) -> https://github.com/StarateJI/L2Mauto/blob/bot-logs/runs/20260929_182250_fail_global.log
2026-09-29 18:22:57,687 - DEBUG - [global] log_uploader: END window=periodic
2026-09-29 18:22:57,687 - INFO - [global] LogUploader: upload_run_logs завершён
2026-09-29 18:22:58,828 - INFO - [global] Проверяю обновы...
2026-09-29 18:23:00,098 - DEBUG - [global] needs_update: API → 5.13.09
2026-09-29 18:23:00,403 - DEBUG - [global] needs_update: raw → 5.13.09
2026-09-29 18:23:00,405 - DEBUG - [global] needs_update: лучший источник API → 5.13.09 (из 2)
2026-09-29 18:23:00,405 - INFO - [global] needs_update: local=(5, 13, 7) remote=(5, 13, 9) -> has_update=True
2026-09-29 18:23:00,405 - INFO - [global] Доступна обнова! Спавню кнопку
2026-09-29 18:23:30,458 - INFO - [global] Проверяю обновы...
2026-09-29 18:23:31,510 - DEBUG - [global] needs_update: raw → 5.13.09
2026-09-29 18:23:31,744 - DEBUG - [global] needs_update: API → 5.13.09
2026-09-29 18:23:31,744 - DEBUG - [global] needs_update: лучший источник raw → 5.13.09 (из 2)
2026-09-29 18:23:31,744 - INFO - [global] needs_update: local=(5, 13, 7) remote=(5, 13, 9) -> has_update=True
2026-09-29 18:23:31,744 - INFO - [global] Доступна обнова! Спавню кнопку
2026-09-29 18:23:57,767 - INFO - [global] LogUploader: запускаю upload_run_logs...
2026-09-29 18:23:57,774 - DEBUG - [global] log_uploader: START window=periodic made=-1 token=...Rjnfq
2026-09-29 18:23:59,120 - DEBUG - [global] _api_put: GET runs/20260929_182357_fail_periodic.log -> 404
2026-09-29 18:24:01,877 - INFO - [global] Проверяю обновы...
2026-09-29 18:24:01,941 - DEBUG - [global] _api_put: PUT runs/20260929_182357_fail_periodic.log -> 201 (19392 bytes)
2026-09-29 18:24:01,944 - DEBUG - [global] log_uploader: STEP 1 (window log) -> https://github.com/StarateJI/L2Mauto/blob/bot-logs/runs/20260929_182357_fail_periodic.log
2026-09-29 18:24:01,945 - DEBUG - [global] log_uploader: STEP 2 SKIP (no PNGs)
