=== Log tail 2026-10-03T23:50:46.953691 | last 200 lines ===
2026-10-03 23:42:00,784 - DEBUG - [global] needs_update: лучший источник API → 5.13.09 (из 2)
2026-10-03 23:42:00,785 - INFO - [global] needs_update: local=(5, 13, 7) remote=(5, 13, 9) -> has_update=True
2026-10-03 23:42:00,785 - INFO - [global] Доступна обнова! Спавню кнопку
2026-10-03 23:42:01,279 - DEBUG - [global] _api_put: GET runs/20261003_234200_fail_periodic.log -> 404
2026-10-03 23:42:02,991 - DEBUG - [global] _api_put: PUT runs/20261003_234200_fail_periodic.log -> 409 (19392 bytes)
2026-10-03 23:42:02,991 - WARNING - [global] _api_put: PUT failed body: {"message":"is at 094fb217b10912c7685671111d10dea369853c67 but expected 89ad4ecfae8559b9c4b2cb0b2eb5c63704b27967","documentation_url":"https://docs.github.com/rest/repos/contents#create-or-update-file
2026-10-03 23:42:02,992 - DEBUG - [global] log_uploader: STEP 1 (window log) -> FAILED
2026-10-03 23:42:02,993 - DEBUG - [global] log_uploader: STEP 2 SKIP (no PNGs)
2026-10-03 23:42:03,935 - DEBUG - [global] _api_put: GET runs/20261003_234200_fail_global.log -> 404
2026-10-03 23:42:05,766 - DEBUG - [global] _api_put: PUT runs/20261003_234200_fail_global.log -> 201 (20385 bytes)
2026-10-03 23:42:05,767 - DEBUG - [global] log_uploader: STEP 3 (global log) -> https://github.com/StarateJI/L2Mauto/blob/bot-logs/runs/20261003_234200_fail_global.log
2026-10-03 23:42:05,767 - DEBUG - [global] log_uploader: END window=periodic
2026-10-03 23:42:05,767 - INFO - [global] LogUploader: upload_run_logs завершён
2026-10-03 23:42:30,800 - INFO - [global] Проверяю обновы...
2026-10-03 23:42:31,547 - DEBUG - [global] needs_update: raw → 5.13.09
2026-10-03 23:42:31,787 - DEBUG - [global] needs_update: API → 5.13.09
2026-10-03 23:42:31,787 - DEBUG - [global] needs_update: лучший источник raw → 5.13.09 (из 2)
2026-10-03 23:42:31,787 - INFO - [global] needs_update: local=(5, 13, 7) remote=(5, 13, 9) -> has_update=True
2026-10-03 23:42:31,787 - INFO - [global] Доступна обнова! Спавню кнопку
2026-10-03 23:43:01,801 - INFO - [global] Проверяю обновы...
2026-10-03 23:43:02,553 - DEBUG - [global] needs_update: raw → 5.13.09
2026-10-03 23:43:02,750 - DEBUG - [global] needs_update: API → 5.13.09
2026-10-03 23:43:02,750 - DEBUG - [global] needs_update: лучший источник raw → 5.13.09 (из 2)
2026-10-03 23:43:02,750 - INFO - [global] needs_update: local=(5, 13, 7) remote=(5, 13, 9) -> has_update=True
2026-10-03 23:43:02,750 - INFO - [global] Доступна обнова! Спавню кнопку
2026-10-03 23:43:05,803 - INFO - [global] LogUploader: запускаю upload_run_logs...
2026-10-03 23:43:05,803 - DEBUG - [global] log_uploader: START window=periodic made=-1 token=...Rjnfq
2026-10-03 23:43:06,670 - DEBUG - [global] _api_put: GET runs/20261003_234305_fail_periodic.log -> 404
2026-10-03 23:43:08,451 - DEBUG - [global] _api_put: PUT runs/20261003_234305_fail_periodic.log -> 409 (19392 bytes)
2026-10-03 23:43:08,451 - WARNING - [global] _api_put: PUT failed body: {"message":"is at 8fc867693dd8b374d02c34f0bf99ba9bff7f32c1 but expected 88f1263dee493d4d6fc97f03e4d6f8f31219558a","documentation_url":"https://docs.github.com/rest/repos/contents#create-or-update-file
2026-10-03 23:43:08,453 - DEBUG - [global] log_uploader: STEP 1 (window log) -> FAILED
2026-10-03 23:43:08,454 - DEBUG - [global] log_uploader: STEP 2 SKIP (no PNGs)
2026-10-03 23:43:09,438 - DEBUG - [global] _api_put: GET runs/20261003_234305_fail_global.log -> 404
2026-10-03 23:43:11,449 - DEBUG - [global] _api_put: PUT runs/20261003_234305_fail_global.log -> 201 (20484 bytes)
2026-10-03 23:43:11,452 - DEBUG - [global] log_uploader: STEP 3 (global log) -> https://github.com/StarateJI/L2Mauto/blob/bot-logs/runs/20261003_234305_fail_global.log
2026-10-03 23:43:11,452 - DEBUG - [global] log_uploader: END window=periodic
2026-10-03 23:43:11,452 - INFO - [global] LogUploader: upload_run_logs завершён
2026-10-03 23:43:32,767 - INFO - [global] Проверяю обновы...
2026-10-03 23:43:33,482 - DEBUG - [global] needs_update: raw → 5.13.09
2026-10-03 23:43:33,756 - DEBUG - [global] needs_update: API → 5.13.09
2026-10-03 23:43:33,757 - DEBUG - [global] needs_update: лучший источник raw → 5.13.09 (из 2)
2026-10-03 23:43:33,757 - INFO - [global] needs_update: local=(5, 13, 7) remote=(5, 13, 9) -> has_update=True
2026-10-03 23:43:33,757 - INFO - [global] Доступна обнова! Спавню кнопку
2026-10-03 23:44:03,773 - INFO - [global] Проверяю обновы...
2026-10-03 23:44:04,541 - DEBUG - [global] needs_update: raw → 5.13.09
2026-10-03 23:44:04,719 - DEBUG - [global] needs_update: API → 5.13.09
2026-10-03 23:44:04,719 - DEBUG - [global] needs_update: лучший источник raw → 5.13.09 (из 2)
2026-10-03 23:44:04,720 - INFO - [global] needs_update: local=(5, 13, 7) remote=(5, 13, 9) -> has_update=True
2026-10-03 23:44:04,720 - INFO - [global] Доступна обнова! Спавню кнопку
2026-10-03 23:44:11,493 - INFO - [global] LogUploader: запускаю upload_run_logs...
2026-10-03 23:44:11,493 - DEBUG - [global] log_uploader: START window=periodic made=-1 token=...Rjnfq
2026-10-03 23:44:12,357 - DEBUG - [global] _api_put: GET runs/20261003_234411_fail_periodic.log -> 404
2026-10-03 23:44:14,200 - DEBUG - [global] _api_put: PUT runs/20261003_234411_fail_periodic.log -> 409 (19392 bytes)
2026-10-03 23:44:14,200 - WARNING - [global] _api_put: PUT failed body: {"message":"is at 23197193c6aeb3100daea509f5c8df1dcfad0f7f but expected a89e6b71f8f7d3393696f3dc516bcf2363a4b678","documentation_url":"https://docs.github.com/rest/repos/contents#create-or-update-file
2026-10-03 23:44:14,201 - DEBUG - [global] log_uploader: STEP 1 (window log) -> FAILED
2026-10-03 23:44:14,201 - DEBUG - [global] log_uploader: STEP 2 SKIP (no PNGs)
2026-10-03 23:44:15,123 - DEBUG - [global] _api_put: GET runs/20261003_234411_fail_global.log -> 404
2026-10-03 23:44:16,934 - DEBUG - [global] _api_put: PUT runs/20261003_234411_fail_global.log -> 201 (20572 bytes)
2026-10-03 23:44:16,935 - DEBUG - [global] log_uploader: STEP 3 (global log) -> https://github.com/StarateJI/L2Mauto/blob/bot-logs/runs/20261003_234411_fail_global.log
2026-10-03 23:44:16,935 - DEBUG - [global] log_uploader: END window=periodic
2026-10-03 23:44:16,936 - INFO - [global] LogUploader: upload_run_logs завершён
2026-10-03 23:44:34,737 - INFO - [global] Проверяю обновы...
2026-10-03 23:44:35,514 - DEBUG - [global] needs_update: raw → 5.13.09
2026-10-03 23:44:35,741 - DEBUG - [global] needs_update: API → 5.13.09
2026-10-03 23:44:35,741 - DEBUG - [global] needs_update: лучший источник raw → 5.13.09 (из 2)
2026-10-03 23:44:35,741 - INFO - [global] needs_update: local=(5, 13, 7) remote=(5, 13, 9) -> has_update=True
2026-10-03 23:44:35,741 - INFO - [global] Доступна обнова! Спавню кнопку
2026-10-03 23:45:05,759 - INFO - [global] Проверяю обновы...
2026-10-03 23:45:06,498 - DEBUG - [global] needs_update: raw → 5.13.09
2026-10-03 23:45:06,898 - DEBUG - [global] needs_update: API → 5.13.09
2026-10-03 23:45:06,899 - DEBUG - [global] needs_update: лучший источник raw → 5.13.09 (из 2)
2026-10-03 23:45:06,899 - INFO - [global] needs_update: local=(5, 13, 7) remote=(5, 13, 9) -> has_update=True
2026-10-03 23:45:06,899 - INFO - [global] Доступна обнова! Спавню кнопку
2026-10-03 23:45:16,967 - INFO - [global] LogUploader: запускаю upload_run_logs...
2026-10-03 23:45:16,967 - DEBUG - [global] log_uploader: START window=periodic made=-1 token=...Rjnfq
2026-10-03 23:45:17,792 - DEBUG - [global] _api_put: GET runs/20261003_234516_fail_periodic.log -> 404
2026-10-03 23:45:19,421 - DEBUG - [global] _api_put: PUT runs/20261003_234516_fail_periodic.log -> 409 (19392 bytes)
2026-10-03 23:45:19,421 - WARNING - [global] _api_put: PUT failed body: {"message":"is at fe1c9d33b544fbf4b06fe2d7dec5fe0595dea43d but expected 52c13b039bfbe6f7196098d33f26551279586693","documentation_url":"https://docs.github.com/rest/repos/contents#create-or-update-file
2026-10-03 23:45:19,423 - DEBUG - [global] log_uploader: STEP 1 (window log) -> FAILED
2026-10-03 23:45:19,423 - DEBUG - [global] log_uploader: STEP 2 SKIP (no PNGs)
2026-10-03 23:45:20,357 - DEBUG - [global] _api_put: GET runs/20261003_234516_fail_global.log -> 404
2026-10-03 23:45:22,068 - DEBUG - [global] _api_put: PUT runs/20261003_234516_fail_global.log -> 201 (20659 bytes)
2026-10-03 23:45:22,071 - DEBUG - [global] log_uploader: STEP 3 (global log) -> https://github.com/StarateJI/L2Mauto/blob/bot-logs/runs/20261003_234516_fail_global.log
2026-10-03 23:45:22,071 - DEBUG - [global] log_uploader: END window=periodic
2026-10-03 23:45:22,071 - INFO - [global] LogUploader: upload_run_logs завершён
2026-10-03 23:45:36,918 - INFO - [global] Проверяю обновы...
2026-10-03 23:45:37,670 - DEBUG - [global] needs_update: raw → 5.13.09
2026-10-03 23:45:37,871 - DEBUG - [global] needs_update: API → 5.13.09
2026-10-03 23:45:37,874 - DEBUG - [global] needs_update: лучший источник raw → 5.13.09 (из 2)
2026-10-03 23:45:37,874 - INFO - [global] needs_update: local=(5, 13, 7) remote=(5, 13, 9) -> has_update=True
2026-10-03 23:45:37,874 - INFO - [global] Доступна обнова! Спавню кнопку
2026-10-03 23:46:07,891 - INFO - [global] Проверяю обновы...
2026-10-03 23:46:08,667 - DEBUG - [global] needs_update: raw → 5.13.09
2026-10-03 23:46:08,835 - DEBUG - [global] needs_update: API → 5.13.09
2026-10-03 23:46:08,835 - DEBUG - [global] needs_update: лучший источник raw → 5.13.09 (из 2)
2026-10-03 23:46:08,836 - INFO - [global] needs_update: local=(5, 13, 7) remote=(5, 13, 9) -> has_update=True
2026-10-03 23:46:08,836 - INFO - [global] Доступна обнова! Спавню кнопку
2026-10-03 23:46:22,099 - INFO - [global] LogUploader: запускаю upload_run_logs...
2026-10-03 23:46:22,099 - DEBUG - [global] log_uploader: START window=periodic made=-1 token=...Rjnfq
2026-10-03 23:46:22,907 - DEBUG - [global] _api_put: GET runs/20261003_234622_fail_periodic.log -> 404
2026-10-03 23:46:24,793 - DEBUG - [global] _api_put: PUT runs/20261003_234622_fail_periodic.log -> 409 (19392 bytes)
2026-10-03 23:46:24,793 - WARNING - [global] _api_put: PUT failed body: {"message":"is at f474dfb2f8f9dfd03e10f0f48160f3ba5f2dfe01 but expected b8c2d38d0dbc45c60c525975ab9a3b30a14ef728","documentation_url":"https://docs.github.com/rest/repos/contents#create-or-update-file
2026-10-03 23:46:24,795 - DEBUG - [global] log_uploader: STEP 1 (window log) -> FAILED
2026-10-03 23:46:24,796 - DEBUG - [global] log_uploader: STEP 2 SKIP (no PNGs)
2026-10-03 23:46:25,763 - DEBUG - [global] _api_put: GET runs/20261003_234622_fail_global.log -> 404
2026-10-03 23:46:27,527 - DEBUG - [global] _api_put: PUT runs/20261003_234622_fail_global.log -> 201 (20732 bytes)
2026-10-03 23:46:27,530 - DEBUG - [global] log_uploader: STEP 3 (global log) -> https://github.com/StarateJI/L2Mauto/blob/bot-logs/runs/20261003_234622_fail_global.log
2026-10-03 23:46:27,530 - DEBUG - [global] log_uploader: END window=periodic
2026-10-03 23:46:27,530 - INFO - [global] LogUploader: upload_run_logs завершён
2026-10-03 23:46:38,856 - INFO - [global] Проверяю обновы...
2026-10-03 23:46:39,622 - DEBUG - [global] needs_update: raw → 5.13.09
2026-10-03 23:46:39,855 - DEBUG - [global] needs_update: API → 5.13.09
2026-10-03 23:46:39,855 - DEBUG - [global] needs_update: лучший источник raw → 5.13.09 (из 2)
2026-10-03 23:46:39,855 - INFO - [global] needs_update: local=(5, 13, 7) remote=(5, 13, 9) -> has_update=True
2026-10-03 23:46:39,855 - INFO - [global] Доступна обнова! Спавню кнопку
2026-10-03 23:47:09,876 - INFO - [global] Проверяю обновы...
2026-10-03 23:47:10,794 - DEBUG - [global] needs_update: API → 5.13.09
2026-10-03 23:47:10,850 - DEBUG - [global] needs_update: raw → 5.13.09
2026-10-03 23:47:10,850 - DEBUG - [global] needs_update: лучший источник API → 5.13.09 (из 2)
2026-10-03 23:47:10,850 - INFO - [global] needs_update: local=(5, 13, 7) remote=(5, 13, 9) -> has_update=True
2026-10-03 23:47:10,850 - INFO - [global] Доступна обнова! Спавню кнопку
2026-10-03 23:47:27,562 - INFO - [global] LogUploader: запускаю upload_run_logs...
2026-10-03 23:47:27,562 - DEBUG - [global] log_uploader: START window=periodic made=-1 token=...Rjnfq
2026-10-03 23:47:28,396 - DEBUG - [global] _api_put: GET runs/20261003_234727_fail_periodic.log -> 404
2026-10-03 23:47:30,410 - DEBUG - [global] _api_put: PUT runs/20261003_234727_fail_periodic.log -> 409 (19392 bytes)
2026-10-03 23:47:30,411 - WARNING - [global] _api_put: PUT failed body: {"message":"is at bf7afcd509addc798efd250a1eabda3db4ea4785 but expected e14073efd278f41b90782a1c9fbcb18f344e4a1f","documentation_url":"https://docs.github.com/rest/repos/contents#create-or-update-file
2026-10-03 23:47:30,412 - DEBUG - [global] log_uploader: STEP 1 (window log) -> FAILED
2026-10-03 23:47:30,413 - DEBUG - [global] log_uploader: STEP 2 SKIP (no PNGs)
2026-10-03 23:47:31,360 - DEBUG - [global] _api_put: GET runs/20261003_234727_fail_global.log -> 404
2026-10-03 23:47:33,087 - DEBUG - [global] _api_put: PUT runs/20261003_234727_fail_global.log -> 201 (20649 bytes)
2026-10-03 23:47:33,089 - DEBUG - [global] log_uploader: STEP 3 (global log) -> https://github.com/StarateJI/L2Mauto/blob/bot-logs/runs/20261003_234727_fail_global.log
2026-10-03 23:47:33,089 - DEBUG - [global] log_uploader: END window=periodic
2026-10-03 23:47:33,089 - INFO - [global] LogUploader: upload_run_logs завершён
2026-10-03 23:47:40,874 - INFO - [global] Проверяю обновы...
2026-10-03 23:47:41,605 - DEBUG - [global] needs_update: raw → 5.13.09
2026-10-03 23:47:41,870 - DEBUG - [global] needs_update: API → 5.13.09
2026-10-03 23:47:41,870 - DEBUG - [global] needs_update: лучший источник raw → 5.13.09 (из 2)
2026-10-03 23:47:41,870 - INFO - [global] needs_update: local=(5, 13, 7) remote=(5, 13, 9) -> has_update=True
2026-10-03 23:47:41,871 - INFO - [global] Доступна обнова! Спавню кнопку
2026-10-03 23:48:11,889 - INFO - [global] Проверяю обновы...
2026-10-03 23:48:12,654 - DEBUG - [global] needs_update: raw → 5.13.09
2026-10-03 23:48:12,858 - DEBUG - [global] needs_update: API → 5.13.09
2026-10-03 23:48:12,858 - DEBUG - [global] needs_update: лучший источник raw → 5.13.09 (из 2)
2026-10-03 23:48:12,858 - INFO - [global] needs_update: local=(5, 13, 7) remote=(5, 13, 9) -> has_update=True
2026-10-03 23:48:12,858 - INFO - [global] Доступна обнова! Спавню кнопку
2026-10-03 23:48:33,122 - INFO - [global] LogUploader: запускаю upload_run_logs...
2026-10-03 23:48:33,123 - DEBUG - [global] log_uploader: START window=periodic made=-1 token=...Rjnfq
2026-10-03 23:48:33,947 - DEBUG - [global] _api_put: GET runs/20261003_234833_fail_periodic.log -> 404
2026-10-03 23:48:35,715 - DEBUG - [global] _api_put: PUT runs/20261003_234833_fail_periodic.log -> 201 (19392 bytes)
2026-10-03 23:48:35,717 - DEBUG - [global] log_uploader: STEP 1 (window log) -> https://github.com/StarateJI/L2Mauto/blob/bot-logs/runs/20261003_234833_fail_periodic.log
2026-10-03 23:48:35,718 - DEBUG - [global] log_uploader: STEP 2 SKIP (no PNGs)
2026-10-03 23:48:36,654 - DEBUG - [global] _api_put: GET runs/20261003_234833_fail_global.log -> 404
2026-10-03 23:48:38,668 - DEBUG - [global] _api_put: PUT runs/20261003_234833_fail_global.log -> 201 (20732 bytes)
2026-10-03 23:48:38,669 - DEBUG - [global] log_uploader: STEP 3 (global log) -> https://github.com/StarateJI/L2Mauto/blob/bot-logs/runs/20261003_234833_fail_global.log
2026-10-03 23:48:38,669 - DEBUG - [global] log_uploader: END window=periodic
2026-10-03 23:48:38,670 - INFO - [global] LogUploader: upload_run_logs завершён
2026-10-03 23:48:42,880 - INFO - [global] Проверяю обновы...
2026-10-03 23:48:43,649 - DEBUG - [global] needs_update: raw → 5.13.09
2026-10-03 23:48:43,909 - DEBUG - [global] needs_update: API → 5.13.09
2026-10-03 23:48:43,909 - DEBUG - [global] needs_update: лучший источник raw → 5.13.09 (из 2)
2026-10-03 23:48:43,909 - INFO - [global] needs_update: local=(5, 13, 7) remote=(5, 13, 9) -> has_update=True
2026-10-03 23:48:43,909 - INFO - [global] Доступна обнова! Спавню кнопку
2026-10-03 23:49:13,927 - INFO - [global] Проверяю обновы...
2026-10-03 23:49:14,700 - DEBUG - [global] needs_update: raw → 5.13.09
2026-10-03 23:49:14,844 - DEBUG - [global] needs_update: API → 5.13.09
2026-10-03 23:49:14,844 - DEBUG - [global] needs_update: лучший источник raw → 5.13.09 (из 2)
2026-10-03 23:49:14,844 - INFO - [global] needs_update: local=(5, 13, 7) remote=(5, 13, 9) -> has_update=True
2026-10-03 23:49:14,844 - INFO - [global] Доступна обнова! Спавню кнопку
2026-10-03 23:49:38,704 - INFO - [global] LogUploader: запускаю upload_run_logs...
2026-10-03 23:49:38,705 - DEBUG - [global] log_uploader: START window=periodic made=-1 token=...Rjnfq
2026-10-03 23:49:39,586 - DEBUG - [global] _api_put: GET runs/20261003_234938_fail_periodic.log -> 404
2026-10-03 23:49:41,365 - DEBUG - [global] _api_put: PUT runs/20261003_234938_fail_periodic.log -> 409 (19392 bytes)
2026-10-03 23:49:41,365 - WARNING - [global] _api_put: PUT failed body: {"message":"is at f5e4022107f035f56f84ecc1361914ae8e12a81e but expected d2ae3718d7217e16eb1a3cd2d0e31f30233ddf95","documentation_url":"https://docs.github.com/rest/repos/contents#create-or-update-file
2026-10-03 23:49:41,368 - DEBUG - [global] log_uploader: STEP 1 (window log) -> FAILED
2026-10-03 23:49:41,369 - DEBUG - [global] log_uploader: STEP 2 SKIP (no PNGs)
2026-10-03 23:49:42,316 - DEBUG - [global] _api_put: GET runs/20261003_234938_fail_global.log -> 404
2026-10-03 23:49:44,184 - DEBUG - [global] _api_put: PUT runs/20261003_234938_fail_global.log -> 201 (20732 bytes)
2026-10-03 23:49:44,186 - DEBUG - [global] log_uploader: STEP 3 (global log) -> https://github.com/StarateJI/L2Mauto/blob/bot-logs/runs/20261003_234938_fail_global.log
2026-10-03 23:49:44,186 - DEBUG - [global] log_uploader: END window=periodic
2026-10-03 23:49:44,186 - INFO - [global] LogUploader: upload_run_logs завершён
2026-10-03 23:49:44,863 - INFO - [global] Проверяю обновы...
2026-10-03 23:49:45,614 - DEBUG - [global] needs_update: raw → 5.13.09
2026-10-03 23:49:45,901 - DEBUG - [global] needs_update: API → 5.13.09
2026-10-03 23:49:45,901 - DEBUG - [global] needs_update: лучший источник raw → 5.13.09 (из 2)
2026-10-03 23:49:45,901 - INFO - [global] needs_update: local=(5, 13, 7) remote=(5, 13, 9) -> has_update=True
2026-10-03 23:49:45,901 - INFO - [global] Доступна обнова! Спавню кнопку
2026-10-03 23:50:15,919 - INFO - [global] Проверяю обновы...
2026-10-03 23:50:16,678 - DEBUG - [global] needs_update: raw → 5.13.09
2026-10-03 23:50:16,803 - DEBUG - [global] needs_update: API → 5.13.09
2026-10-03 23:50:16,803 - DEBUG - [global] needs_update: лучший источник raw → 5.13.09 (из 2)
2026-10-03 23:50:16,803 - INFO - [global] needs_update: local=(5, 13, 7) remote=(5, 13, 9) -> has_update=True
2026-10-03 23:50:16,803 - INFO - [global] Доступна обнова! Спавню кнопку
2026-10-03 23:50:44,222 - INFO - [global] LogUploader: запускаю upload_run_logs...
2026-10-03 23:50:44,222 - DEBUG - [global] log_uploader: START window=periodic made=-1 token=...Rjnfq
2026-10-03 23:50:45,076 - DEBUG - [global] _api_put: GET runs/20261003_235044_fail_periodic.log -> 404
2026-10-03 23:50:46,820 - INFO - [global] Проверяю обновы...
2026-10-03 23:50:46,861 - DEBUG - [global] _api_put: PUT runs/20261003_235044_fail_periodic.log -> 409 (19392 bytes)
2026-10-03 23:50:46,861 - WARNING - [global] _api_put: PUT failed body: {"message":"is at 09ac6927888ac735541121c413163e0404d79f31 but expected 705828334806019092f524ded6870b0193cffdf3","documentation_url":"https://docs.github.com/rest/repos/contents#create-or-update-file
2026-10-03 23:50:46,862 - DEBUG - [global] log_uploader: STEP 1 (window log) -> FAILED
2026-10-03 23:50:46,863 - DEBUG - [global] log_uploader: STEP 2 SKIP (no PNGs)
