=== Log tail 2026-09-20T05:23:12.001352 | last 200 lines ===
2026-09-20 04:11:58,628 - DEBUG - [global] log_uploader: STEP 3 (global log) -> FAILED
2026-09-20 04:11:58,628 - DEBUG - [global] log_uploader: END window=periodic
2026-09-20 04:11:58,628 - INFO - [global] LogUploader: upload_run_logs завершён
2026-09-20 04:12:06,842 - INFO - [global] Проверяю обновы...
2026-09-20 04:12:07,575 - DEBUG - [global] needs_update: raw → 5.11.51
2026-09-20 04:12:08,365 - DEBUG - [global] needs_update: jsdelivr → 5.11.51
2026-09-20 04:12:08,365 - DEBUG - [global] needs_update: лучший источник raw → 5.11.51 (из 2)
2026-09-20 04:12:08,368 - INFO - [global] needs_update: local=(5, 11, 49) remote=(5, 11, 51) -> has_update=True
2026-09-20 04:12:08,368 - INFO - [global] Доступна обнова! Спавню кнопку
2026-09-20 04:16:58,800 - INFO - [global] LogUploader: запускаю upload_run_logs...
2026-09-20 04:16:58,801 - DEBUG - [global] log_uploader: START window=periodic made=-1 token=...Rjnfq
2026-09-20 04:16:59,727 - DEBUG - [global] _api_put: GET runs/20260920_041658_fail_periodic.log -> 404
2026-09-20 04:17:01,157 - DEBUG - [global] _api_put: PUT runs/20260920_041658_fail_periodic.log -> 201 (8836 bytes)
2026-09-20 04:17:01,159 - DEBUG - [global] log_uploader: STEP 1 (window log) -> https://github.com/StarateJI/L2Mauto/blob/bot-logs/runs/20260920_041658_fail_periodic.log
2026-09-20 04:17:01,160 - DEBUG - [global] log_uploader: STEP 2 SKIP (no PNGs)
2026-09-20 04:17:02,146 - DEBUG - [global] _api_put: GET runs/20260920_041658_fail_global.log -> 404
2026-09-20 04:17:03,886 - DEBUG - [global] _api_put: PUT runs/20260920_041658_fail_global.log -> 201 (21401 bytes)
2026-09-20 04:17:03,888 - DEBUG - [global] log_uploader: STEP 3 (global log) -> https://github.com/StarateJI/L2Mauto/blob/bot-logs/runs/20260920_041658_fail_global.log
2026-09-20 04:17:03,889 - DEBUG - [global] log_uploader: END window=periodic
2026-09-20 04:17:03,889 - INFO - [global] LogUploader: upload_run_logs завершён
2026-09-20 04:22:04,041 - INFO - [global] LogUploader: запускаю upload_run_logs...
2026-09-20 04:22:04,042 - DEBUG - [global] log_uploader: START window=periodic made=-1 token=...Rjnfq
2026-09-20 04:22:05,060 - DEBUG - [global] _api_put: GET runs/20260920_042204_fail_periodic.log -> 404
2026-09-20 04:22:06,654 - DEBUG - [global] _api_put: PUT runs/20260920_042204_fail_periodic.log -> 201 (8836 bytes)
2026-09-20 04:22:06,656 - DEBUG - [global] log_uploader: STEP 1 (window log) -> https://github.com/StarateJI/L2Mauto/blob/bot-logs/runs/20260920_042204_fail_periodic.log
2026-09-20 04:22:06,657 - DEBUG - [global] log_uploader: STEP 2 SKIP (no PNGs)
2026-09-20 04:22:07,709 - DEBUG - [global] _api_put: GET runs/20260920_042204_fail_global.log -> 404
2026-09-20 04:22:08,741 - INFO - [global] Проверяю обновы...
2026-09-20 04:22:09,345 - DEBUG - [global] _api_put: PUT runs/20260920_042204_fail_global.log -> 201 (21401 bytes)
2026-09-20 04:22:09,346 - DEBUG - [global] log_uploader: STEP 3 (global log) -> https://github.com/StarateJI/L2Mauto/blob/bot-logs/runs/20260920_042204_fail_global.log
2026-09-20 04:22:09,347 - DEBUG - [global] log_uploader: END window=periodic
2026-09-20 04:22:09,347 - INFO - [global] LogUploader: upload_run_logs завершён
2026-09-20 04:22:09,444 - DEBUG - [global] needs_update: raw → 5.11.51
2026-09-20 04:22:10,086 - DEBUG - [global] needs_update: jsdelivr → 5.11.29
2026-09-20 04:22:10,086 - DEBUG - [global] needs_update: лучший источник raw → 5.11.51 (из 2)
2026-09-20 04:22:10,089 - INFO - [global] needs_update: local=(5, 11, 49) remote=(5, 11, 51) -> has_update=True
2026-09-20 04:22:10,089 - INFO - [global] Доступна обнова! Спавню кнопку
2026-09-20 04:27:09,524 - INFO - [global] LogUploader: запускаю upload_run_logs...
2026-09-20 04:27:09,525 - DEBUG - [global] log_uploader: START window=periodic made=-1 token=...Rjnfq
2026-09-20 04:27:10,485 - DEBUG - [global] _api_put: GET runs/20260920_042709_fail_periodic.log -> 404
2026-09-20 04:27:12,475 - DEBUG - [global] _api_put: PUT runs/20260920_042709_fail_periodic.log -> 201 (8836 bytes)
2026-09-20 04:27:12,478 - DEBUG - [global] log_uploader: STEP 1 (window log) -> https://github.com/StarateJI/L2Mauto/blob/bot-logs/runs/20260920_042709_fail_periodic.log
2026-09-20 04:27:12,479 - DEBUG - [global] log_uploader: STEP 2 SKIP (no PNGs)
2026-09-20 04:27:13,502 - DEBUG - [global] _api_put: GET runs/20260920_042709_fail_global.log -> 404
2026-09-20 04:27:15,170 - DEBUG - [global] _api_put: PUT runs/20260920_042709_fail_global.log -> 201 (21401 bytes)
2026-09-20 04:27:15,173 - DEBUG - [global] log_uploader: STEP 3 (global log) -> https://github.com/StarateJI/L2Mauto/blob/bot-logs/runs/20260920_042709_fail_global.log
2026-09-20 04:27:15,173 - DEBUG - [global] log_uploader: END window=periodic
2026-09-20 04:27:15,173 - INFO - [global] LogUploader: upload_run_logs завершён
2026-09-20 04:32:10,438 - INFO - [global] Проверяю обновы...
2026-09-20 04:32:11,167 - DEBUG - [global] needs_update: raw → 5.11.51
2026-09-20 04:32:11,811 - DEBUG - [global] needs_update: jsdelivr → 5.11.29
2026-09-20 04:32:11,812 - DEBUG - [global] needs_update: лучший источник raw → 5.11.51 (из 2)
2026-09-20 04:32:11,815 - INFO - [global] needs_update: local=(5, 11, 49) remote=(5, 11, 51) -> has_update=True
2026-09-20 04:32:11,815 - INFO - [global] Доступна обнова! Спавню кнопку
2026-09-20 04:32:15,341 - INFO - [global] LogUploader: запускаю upload_run_logs...
2026-09-20 04:32:15,342 - DEBUG - [global] log_uploader: START window=periodic made=-1 token=...Rjnfq
2026-09-20 04:32:16,264 - DEBUG - [global] _api_put: GET runs/20260920_043215_fail_periodic.log -> 404
2026-09-20 04:32:17,766 - DEBUG - [global] _api_put: PUT runs/20260920_043215_fail_periodic.log -> 201 (8836 bytes)
2026-09-20 04:32:17,769 - DEBUG - [global] log_uploader: STEP 1 (window log) -> https://github.com/StarateJI/L2Mauto/blob/bot-logs/runs/20260920_043215_fail_periodic.log
2026-09-20 04:32:17,769 - DEBUG - [global] log_uploader: STEP 2 SKIP (no PNGs)
2026-09-20 04:32:18,773 - DEBUG - [global] _api_put: GET runs/20260920_043215_fail_global.log -> 404
2026-09-20 04:32:20,469 - DEBUG - [global] _api_put: PUT runs/20260920_043215_fail_global.log -> 201 (21201 bytes)
2026-09-20 04:32:20,471 - DEBUG - [global] log_uploader: STEP 3 (global log) -> https://github.com/StarateJI/L2Mauto/blob/bot-logs/runs/20260920_043215_fail_global.log
2026-09-20 04:32:20,471 - DEBUG - [global] log_uploader: END window=periodic
2026-09-20 04:32:20,472 - INFO - [global] LogUploader: upload_run_logs завершён
2026-09-20 04:37:20,653 - INFO - [global] LogUploader: запускаю upload_run_logs...
2026-09-20 04:37:20,657 - DEBUG - [global] log_uploader: START window=periodic made=-1 token=...Rjnfq
2026-09-20 04:37:21,618 - DEBUG - [global] _api_put: GET runs/20260920_043720_fail_periodic.log -> 404
2026-09-20 04:37:23,182 - DEBUG - [global] _api_put: PUT runs/20260920_043720_fail_periodic.log -> 201 (8836 bytes)
2026-09-20 04:37:23,185 - DEBUG - [global] log_uploader: STEP 1 (window log) -> https://github.com/StarateJI/L2Mauto/blob/bot-logs/runs/20260920_043720_fail_periodic.log
2026-09-20 04:37:23,185 - DEBUG - [global] log_uploader: STEP 2 SKIP (no PNGs)
2026-09-20 04:37:24,266 - DEBUG - [global] _api_put: GET runs/20260920_043720_fail_global.log -> 200
2026-09-20 04:37:26,007 - DEBUG - [global] _api_put: PUT runs/20260920_043720_fail_global.log -> 200 (21401 bytes)
2026-09-20 04:37:26,010 - DEBUG - [global] log_uploader: STEP 3 (global log) -> https://github.com/StarateJI/L2Mauto/blob/bot-logs/runs/20260920_043720_fail_global.log
2026-09-20 04:37:26,010 - DEBUG - [global] log_uploader: END window=periodic
2026-09-20 04:37:26,010 - INFO - [global] LogUploader: upload_run_logs завершён
2026-09-20 04:42:12,160 - INFO - [global] Проверяю обновы...
2026-09-20 04:42:12,883 - DEBUG - [global] needs_update: raw → 5.11.51
2026-09-20 04:42:13,564 - DEBUG - [global] needs_update: jsdelivr → 5.11.29
2026-09-20 04:42:13,564 - DEBUG - [global] needs_update: лучший источник raw → 5.11.51 (из 2)
2026-09-20 04:42:13,566 - INFO - [global] needs_update: local=(5, 11, 49) remote=(5, 11, 51) -> has_update=True
2026-09-20 04:42:13,566 - INFO - [global] Доступна обнова! Спавню кнопку
2026-09-20 04:42:26,175 - INFO - [global] LogUploader: запускаю upload_run_logs...
2026-09-20 04:42:26,176 - DEBUG - [global] log_uploader: START window=periodic made=-1 token=...Rjnfq
2026-09-20 04:42:27,122 - DEBUG - [global] _api_put: GET runs/20260920_044226_fail_periodic.log -> 404
2026-09-20 04:42:28,652 - DEBUG - [global] _api_put: PUT runs/20260920_044226_fail_periodic.log -> 201 (8836 bytes)
2026-09-20 04:42:28,653 - DEBUG - [global] log_uploader: STEP 1 (window log) -> https://github.com/StarateJI/L2Mauto/blob/bot-logs/runs/20260920_044226_fail_periodic.log
2026-09-20 04:42:28,654 - DEBUG - [global] log_uploader: STEP 2 SKIP (no PNGs)
2026-09-20 04:42:29,672 - DEBUG - [global] _api_put: GET runs/20260920_044226_fail_global.log -> 404
2026-09-20 04:42:31,394 - DEBUG - [global] _api_put: PUT runs/20260920_044226_fail_global.log -> 201 (21201 bytes)
2026-09-20 04:42:31,396 - DEBUG - [global] log_uploader: STEP 3 (global log) -> https://github.com/StarateJI/L2Mauto/blob/bot-logs/runs/20260920_044226_fail_global.log
2026-09-20 04:42:31,396 - DEBUG - [global] log_uploader: END window=periodic
2026-09-20 04:42:31,396 - INFO - [global] LogUploader: upload_run_logs завершён
2026-09-20 04:47:31,562 - INFO - [global] LogUploader: запускаю upload_run_logs...
2026-09-20 04:47:31,562 - DEBUG - [global] log_uploader: START window=periodic made=-1 token=...Rjnfq
2026-09-20 04:47:32,495 - DEBUG - [global] _api_put: GET runs/20260920_044731_fail_periodic.log -> 404
2026-09-20 04:47:34,003 - DEBUG - [global] _api_put: PUT runs/20260920_044731_fail_periodic.log -> 201 (8836 bytes)
2026-09-20 04:47:34,005 - DEBUG - [global] log_uploader: STEP 1 (window log) -> https://github.com/StarateJI/L2Mauto/blob/bot-logs/runs/20260920_044731_fail_periodic.log
2026-09-20 04:47:34,006 - DEBUG - [global] log_uploader: STEP 2 SKIP (no PNGs)
2026-09-20 04:47:34,969 - DEBUG - [global] _api_put: GET runs/20260920_044731_fail_global.log -> 404
2026-09-20 04:47:36,739 - DEBUG - [global] _api_put: PUT runs/20260920_044731_fail_global.log -> 201 (21401 bytes)
2026-09-20 04:47:36,741 - DEBUG - [global] log_uploader: STEP 3 (global log) -> https://github.com/StarateJI/L2Mauto/blob/bot-logs/runs/20260920_044731_fail_global.log
2026-09-20 04:47:36,741 - DEBUG - [global] log_uploader: END window=periodic
2026-09-20 04:47:36,741 - INFO - [global] LogUploader: upload_run_logs завершён
2026-09-20 04:52:13,906 - INFO - [global] Проверяю обновы...
2026-09-20 04:52:14,678 - DEBUG - [global] needs_update: raw → 5.11.51
2026-09-20 04:52:15,409 - DEBUG - [global] needs_update: jsdelivr → 5.11.29
2026-09-20 04:52:15,409 - DEBUG - [global] needs_update: лучший источник raw → 5.11.51 (из 2)
2026-09-20 04:52:15,411 - INFO - [global] needs_update: local=(5, 11, 49) remote=(5, 11, 51) -> has_update=True
2026-09-20 04:52:15,411 - INFO - [global] Доступна обнова! Спавню кнопку
2026-09-20 04:52:36,917 - INFO - [global] LogUploader: запускаю upload_run_logs...
2026-09-20 04:52:36,917 - DEBUG - [global] log_uploader: START window=periodic made=-1 token=...Rjnfq
2026-09-20 04:52:37,921 - DEBUG - [global] _api_put: GET runs/20260920_045236_fail_periodic.log -> 404
2026-09-20 04:52:39,502 - DEBUG - [global] _api_put: PUT runs/20260920_045236_fail_periodic.log -> 201 (8836 bytes)
2026-09-20 04:52:39,504 - DEBUG - [global] log_uploader: STEP 1 (window log) -> https://github.com/StarateJI/L2Mauto/blob/bot-logs/runs/20260920_045236_fail_periodic.log
2026-09-20 04:52:39,505 - DEBUG - [global] log_uploader: STEP 2 SKIP (no PNGs)
2026-09-20 04:52:40,583 - DEBUG - [global] _api_put: GET runs/20260920_045236_fail_global.log -> 404
2026-09-20 04:52:42,368 - DEBUG - [global] _api_put: PUT runs/20260920_045236_fail_global.log -> 201 (21201 bytes)
2026-09-20 04:52:42,370 - DEBUG - [global] log_uploader: STEP 3 (global log) -> https://github.com/StarateJI/L2Mauto/blob/bot-logs/runs/20260920_045236_fail_global.log
2026-09-20 04:52:42,370 - DEBUG - [global] log_uploader: END window=periodic
2026-09-20 04:52:42,370 - INFO - [global] LogUploader: upload_run_logs завершён
2026-09-20 04:57:42,545 - INFO - [global] LogUploader: запускаю upload_run_logs...
2026-09-20 04:57:42,546 - DEBUG - [global] log_uploader: START window=periodic made=-1 token=...Rjnfq
2026-09-20 04:57:43,528 - DEBUG - [global] _api_put: GET runs/20260920_045742_fail_periodic.log -> 404
2026-09-20 04:57:45,067 - DEBUG - [global] _api_put: PUT runs/20260920_045742_fail_periodic.log -> 201 (8836 bytes)
2026-09-20 04:57:45,070 - DEBUG - [global] log_uploader: STEP 1 (window log) -> https://github.com/StarateJI/L2Mauto/blob/bot-logs/runs/20260920_045742_fail_periodic.log
2026-09-20 04:57:45,071 - DEBUG - [global] log_uploader: STEP 2 SKIP (no PNGs)
2026-09-20 04:57:46,105 - DEBUG - [global] _api_put: GET runs/20260920_045742_fail_global.log -> 404
2026-09-20 04:57:47,857 - DEBUG - [global] _api_put: PUT runs/20260920_045742_fail_global.log -> 201 (21401 bytes)
2026-09-20 04:57:47,859 - DEBUG - [global] log_uploader: STEP 3 (global log) -> https://github.com/StarateJI/L2Mauto/blob/bot-logs/runs/20260920_045742_fail_global.log
2026-09-20 04:57:47,859 - DEBUG - [global] log_uploader: END window=periodic
2026-09-20 04:57:47,859 - INFO - [global] LogUploader: upload_run_logs завершён
2026-09-20 05:02:15,767 - INFO - [global] Проверяю обновы...
2026-09-20 05:02:16,511 - DEBUG - [global] needs_update: raw → 5.11.51
2026-09-20 05:02:17,259 - DEBUG - [global] needs_update: jsdelivr → 5.11.51
2026-09-20 05:02:17,259 - DEBUG - [global] needs_update: лучший источник raw → 5.11.51 (из 2)
2026-09-20 05:02:17,262 - INFO - [global] needs_update: local=(5, 11, 49) remote=(5, 11, 51) -> has_update=True
2026-09-20 05:02:17,262 - INFO - [global] Доступна обнова! Спавню кнопку
2026-09-20 05:02:48,017 - INFO - [global] LogUploader: запускаю upload_run_logs...
2026-09-20 05:02:48,018 - DEBUG - [global] log_uploader: START window=periodic made=-1 token=...Rjnfq
2026-09-20 05:02:49,001 - DEBUG - [global] _api_put: GET runs/20260920_050248_fail_periodic.log -> 404
2026-09-20 05:02:50,496 - DEBUG - [global] _api_put: PUT runs/20260920_050248_fail_periodic.log -> 201 (8836 bytes)
2026-09-20 05:02:50,499 - DEBUG - [global] log_uploader: STEP 1 (window log) -> https://github.com/StarateJI/L2Mauto/blob/bot-logs/runs/20260920_050248_fail_periodic.log
2026-09-20 05:02:50,499 - DEBUG - [global] log_uploader: STEP 2 SKIP (no PNGs)
2026-09-20 05:02:51,506 - DEBUG - [global] _api_put: GET runs/20260920_050248_fail_global.log -> 404
2026-09-20 05:02:53,201 - DEBUG - [global] _api_put: PUT runs/20260920_050248_fail_global.log -> 201 (21201 bytes)
2026-09-20 05:02:53,204 - DEBUG - [global] log_uploader: STEP 3 (global log) -> https://github.com/StarateJI/L2Mauto/blob/bot-logs/runs/20260920_050248_fail_global.log
2026-09-20 05:02:53,204 - DEBUG - [global] log_uploader: END window=periodic
2026-09-20 05:02:53,204 - INFO - [global] LogUploader: upload_run_logs завершён
2026-09-20 05:07:53,369 - INFO - [global] LogUploader: запускаю upload_run_logs...
2026-09-20 05:07:53,372 - DEBUG - [global] log_uploader: START window=periodic made=-1 token=...Rjnfq
2026-09-20 05:07:54,266 - DEBUG - [global] _api_put: GET runs/20260920_050753_fail_periodic.log -> 404
2026-09-20 05:07:55,973 - DEBUG - [global] _api_put: PUT runs/20260920_050753_fail_periodic.log -> 201 (8836 bytes)
2026-09-20 05:07:55,975 - DEBUG - [global] log_uploader: STEP 1 (window log) -> https://github.com/StarateJI/L2Mauto/blob/bot-logs/runs/20260920_050753_fail_periodic.log
2026-09-20 05:07:55,977 - DEBUG - [global] log_uploader: STEP 2 SKIP (no PNGs)
2026-09-20 05:07:56,925 - DEBUG - [global] _api_put: GET runs/20260920_050753_fail_global.log -> 404
2026-09-20 05:07:58,482 - DEBUG - [global] _api_put: PUT runs/20260920_050753_fail_global.log -> 201 (21401 bytes)
2026-09-20 05:07:58,484 - DEBUG - [global] log_uploader: STEP 3 (global log) -> https://github.com/StarateJI/L2Mauto/blob/bot-logs/runs/20260920_050753_fail_global.log
2026-09-20 05:07:58,484 - DEBUG - [global] log_uploader: END window=periodic
2026-09-20 05:07:58,484 - INFO - [global] LogUploader: upload_run_logs завершён
2026-09-20 05:12:17,598 - INFO - [global] Проверяю обновы...
2026-09-20 05:12:18,294 - DEBUG - [global] needs_update: raw → 5.11.51
2026-09-20 05:12:19,043 - DEBUG - [global] needs_update: jsdelivr → 5.11.51
2026-09-20 05:12:19,043 - DEBUG - [global] needs_update: лучший источник raw → 5.11.51 (из 2)
2026-09-20 05:12:19,045 - INFO - [global] needs_update: local=(5, 11, 49) remote=(5, 11, 51) -> has_update=True
2026-09-20 05:12:19,045 - INFO - [global] Доступна обнова! Спавню кнопку
2026-09-20 05:12:58,654 - INFO - [global] LogUploader: запускаю upload_run_logs...
2026-09-20 05:12:58,655 - DEBUG - [global] log_uploader: START window=periodic made=-1 token=...Rjnfq
2026-09-20 05:12:59,570 - DEBUG - [global] _api_put: GET runs/20260920_051258_fail_periodic.log -> 404
2026-09-20 05:13:01,053 - DEBUG - [global] _api_put: PUT runs/20260920_051258_fail_periodic.log -> 201 (8836 bytes)
2026-09-20 05:13:01,056 - DEBUG - [global] log_uploader: STEP 1 (window log) -> https://github.com/StarateJI/L2Mauto/blob/bot-logs/runs/20260920_051258_fail_periodic.log
2026-09-20 05:13:01,057 - DEBUG - [global] log_uploader: STEP 2 SKIP (no PNGs)
2026-09-20 05:13:02,032 - DEBUG - [global] _api_put: GET runs/20260920_051258_fail_global.log -> 404
2026-09-20 05:13:03,597 - DEBUG - [global] _api_put: PUT runs/20260920_051258_fail_global.log -> 201 (21201 bytes)
2026-09-20 05:13:03,600 - DEBUG - [global] log_uploader: STEP 3 (global log) -> https://github.com/StarateJI/L2Mauto/blob/bot-logs/runs/20260920_051258_fail_global.log
2026-09-20 05:13:03,600 - DEBUG - [global] log_uploader: END window=periodic
2026-09-20 05:13:03,600 - INFO - [global] LogUploader: upload_run_logs завершён
2026-09-20 05:18:03,769 - INFO - [global] LogUploader: запускаю upload_run_logs...
2026-09-20 05:18:03,770 - DEBUG - [global] log_uploader: START window=periodic made=-1 token=...Rjnfq
2026-09-20 05:18:04,678 - DEBUG - [global] _api_put: GET runs/20260920_051803_fail_periodic.log -> 404
2026-09-20 05:18:06,143 - DEBUG - [global] _api_put: PUT runs/20260920_051803_fail_periodic.log -> 201 (8836 bytes)
2026-09-20 05:18:06,145 - DEBUG - [global] log_uploader: STEP 1 (window log) -> https://github.com/StarateJI/L2Mauto/blob/bot-logs/runs/20260920_051803_fail_periodic.log
2026-09-20 05:18:06,145 - DEBUG - [global] log_uploader: STEP 2 SKIP (no PNGs)
2026-09-20 05:18:07,100 - DEBUG - [global] _api_put: GET runs/20260920_051803_fail_global.log -> 404
2026-09-20 05:18:08,740 - DEBUG - [global] _api_put: PUT runs/20260920_051803_fail_global.log -> 201 (21401 bytes)
2026-09-20 05:18:08,742 - DEBUG - [global] log_uploader: STEP 3 (global log) -> https://github.com/StarateJI/L2Mauto/blob/bot-logs/runs/20260920_051803_fail_global.log
2026-09-20 05:18:08,742 - DEBUG - [global] log_uploader: END window=periodic
2026-09-20 05:18:08,742 - INFO - [global] LogUploader: upload_run_logs завершён
2026-09-20 05:22:19,374 - INFO - [global] Проверяю обновы...
2026-09-20 05:22:20,149 - DEBUG - [global] needs_update: raw → 5.11.51
2026-09-20 05:22:20,869 - DEBUG - [global] needs_update: jsdelivr → 5.11.29
2026-09-20 05:22:20,869 - DEBUG - [global] needs_update: лучший источник raw → 5.11.51 (из 2)
2026-09-20 05:22:20,871 - INFO - [global] needs_update: local=(5, 11, 49) remote=(5, 11, 51) -> has_update=True
2026-09-20 05:22:20,871 - INFO - [global] Доступна обнова! Спавню кнопку
2026-09-20 05:23:08,919 - INFO - [global] LogUploader: запускаю upload_run_logs...
2026-09-20 05:23:08,920 - DEBUG - [global] log_uploader: START window=periodic made=-1 token=...Rjnfq
2026-09-20 05:23:09,914 - DEBUG - [global] _api_put: GET runs/20260920_052308_fail_periodic.log -> 404
2026-09-20 05:23:11,937 - DEBUG - [global] _api_put: PUT runs/20260920_052308_fail_periodic.log -> 201 (8836 bytes)
2026-09-20 05:23:11,941 - DEBUG - [global] log_uploader: STEP 1 (window log) -> https://github.com/StarateJI/L2Mauto/blob/bot-logs/runs/20260920_052308_fail_periodic.log
2026-09-20 05:23:11,943 - DEBUG - [global] log_uploader: STEP 2 SKIP (no PNGs)
