=== Log tail 2026-09-26T09:33:24.901507 | last 500 lines ===
2026-09-23 20:51:51,145 - INFO - [UrcaDeLima] Находимся в энергорежиме
2026-09-23 20:51:54,996 - INFO - [UrcaDeLima] Аук: запущен relist (снять+найти+поставить)
2026-09-23 20:51:56,813 - INFO - [UrcaDeLima] Не находимся в энерго
2026-09-23 20:52:09,794 - INFO - [UrcaDeLima] Аук: жду загрузки... осталось 109с
2026-09-23 20:52:20,862 - INFO - [UrcaDeLima] Аук: загрузился
2026-09-23 20:52:20,867 - INFO - [UrcaDeLima] Аук: сохранил позицию окна до resize: (0,570) 400x225
2026-09-23 20:52:20,891 - INFO - [UrcaDeLima] Аук: выбрал позицию (960, 610) (занято: {(0, 40), (0, 610), (960, 40)})
2026-09-23 20:52:22,554 - INFO - [UrcaDeLima] Аук: окно в рабочем размере (попытка 1) на (960,610)
2026-09-23 20:52:28,335 - INFO - [UrcaDeLima] Аук: вкладка Продажа открыта
2026-09-23 20:52:28,335 - WARNING - [UrcaDeLima] Аук: не удалось сохранить фулл-скрин au_after_tab_sell.png: '_thread._local' object has no attribute 'srcdc'
2026-09-23 20:52:28,335 - INFO - [UrcaDeLima] Аук: предмет 1/10
2026-09-23 20:52:28,349 - INFO - [UrcaDeLima] Аук: сохранён au_lot_zone.png
2026-09-23 20:52:28,350 - INFO - [UrcaDeLima] Аук: сохранён au_sample.png
2026-09-23 20:52:28,351 - INFO - [UrcaDeLima] Аук: SIFT образец (лот): 0 точек
2026-09-23 20:52:28,727 - DEBUG - [UrcaDeLima] Аук: статус лота Tesseract: 'тту es су?'
2026-09-23 20:52:28,727 - DEBUG - [UrcaDeLima] Аук: статус зелёных пикселей: 0 (0.00%)
2026-09-23 20:52:28,727 - INFO - [UrcaDeLima] Аук: образец лота пустой (нет иконки) — список лотов пуст. Завершаю прогон (не ошибка).
2026-09-23 20:52:28,728 - INFO - [UrcaDeLima] Аук: лотов больше нет на странице (предмет 1)
2026-09-23 20:52:31,956 - INFO - [UrcaDeLima] Аук: аук закрыт
2026-09-23 20:52:32,502 - INFO - [UrcaDeLima] Аук: окно возвращено 400x225 на (0,570)
2026-09-23 20:52:34,314 - INFO - [UrcaDeLima] Не находимся в энерго
2026-09-23 20:52:40,430 - INFO - [UrcaDeLima] Находимся в энергорежиме
2026-09-23 20:52:40,430 - INFO - [UrcaDeLima] Аук: окно уложено спать
2026-09-23 20:52:40,430 - WARNING - [UrcaDeLima] Аук: не удалось сохранить фулл-скрин au_final_fullscreen.png: '_thread._local' object has no attribute 'srcdc'
2026-09-23 20:52:40,430 - INFO - [UrcaDeLima] Аук: нечего переставлять (все лоты в «Продаётся» или список пуст)
2026-09-23 20:52:40,431 - DEBUG - [UrcaDeLima] Аук: log_uploader запущен в фоне
2026-09-23 20:52:40,431 - INFO - [UrcaDeLima] Шось сломалось либо не смог перевыставить аук
2026-09-23 20:52:47,601 - INFO - [UrcaDeLima] main_loop завершился
2026-09-24 10:32:27,747 - INFO - [UrcaDeLima] Находимся в энергорежиме
2026-09-24 10:32:39,411 - INFO - [UrcaDeLima] Ищем вкладки
2026-09-24 10:32:41,435 - INFO - [UrcaDeLima] Перешел на вкладку: (381, 34)
2026-09-24 10:32:42,784 - INFO - [UrcaDeLima] Собираю награду тут: (302, 101)
2026-09-24 10:32:49,056 - INFO - [UrcaDeLima] Перешел на вкладку: (381, 59)
2026-09-24 10:32:50,385 - INFO - [UrcaDeLima] Собираю награду тут: (302, 101)
2026-09-24 10:32:54,913 - INFO - [UrcaDeLima] Всего собрано: 2
2026-09-24 10:32:54,914 - INFO - [UrcaDeLima] Дейлик успешно собран
2026-09-24 10:32:56,730 - INFO - [UrcaDeLima] Не находимся в энерго
2026-09-24 10:32:59,792 - INFO - [UrcaDeLima] Нашел почту
2026-09-24 10:33:04,987 - INFO - [UrcaDeLima] Лимит опыта, ливнул
2026-09-24 10:33:06,178 - INFO - [UrcaDeLima] Нет новых почта или не удалось собрать
2026-09-24 10:33:07,996 - INFO - [UrcaDeLima] Не находимся в энерго
2026-09-24 10:33:12,996 - INFO - [UrcaDeLima] Нет красной точки на иконке достижений
2026-09-24 10:33:12,996 - INFO - [UrcaDeLima] Нет новых ачивы или не удалось собрать
2026-09-24 10:33:14,831 - INFO - [UrcaDeLima] Не находимся в энерго
2026-09-24 10:33:15,763 - INFO - [UrcaDeLima] Нашел сбор клана
2026-09-24 10:33:25,751 - INFO - [UrcaDeLima] Клан успешно собран
2026-09-24 10:33:27,581 - INFO - [UrcaDeLima] Не находимся в энерго
2026-09-24 10:33:31,134 - INFO - [UrcaDeLima] Нашел сбор альянса, жму
2026-09-24 10:33:37,268 - INFO - [UrcaDeLima] Альянс успешно собран
2026-09-24 10:33:39,081 - INFO - [UrcaDeLima] Не находимся в энерго
2026-09-24 10:33:42,257 - INFO - [UrcaDeLima] Нашел бп
2026-09-24 10:33:43,751 - INFO - [UrcaDeLima] Пробую чекнуть вкладочки бп
2026-09-24 10:33:44,251 - INFO - [UrcaDeLima] {'left': 0, 'top': 595, 'width': 400, 'height': 1}
2026-09-24 10:33:44,265 - INFO - [UrcaDeLima] [155]
2026-09-24 10:33:44,265 - INFO - [UrcaDeLima] final [['155, 25', 'no']]
2026-09-24 10:33:44,265 - INFO - [UrcaDeLima] Обнаружил вкладок бп: 1, начинаю чекать...
2026-09-24 10:33:46,014 - INFO - [UrcaDeLima] Подвкладок найдено: 1
2026-09-24 10:33:47,298 - INFO - [UrcaDeLima] Собираю награду [1.1]
2026-09-24 10:33:51,064 - INFO - [UrcaDeLima] Нет наград во вкладке 1, под 1
2026-09-24 10:33:53,880 - INFO - [UrcaDeLima] Собирать нечего, проверяю следующую вкладку
2026-09-24 10:33:53,880 - INFO - [UrcaDeLima] Закрываю баттл пасс
2026-09-24 10:33:56,148 - INFO - [UrcaDeLima] Пасс успешно собран
2026-09-24 10:33:57,965 - INFO - [UrcaDeLima] Не находимся в энерго
2026-09-24 10:34:22,180 - INFO - [UrcaDeLima] Шоп успешно собран
2026-09-24 10:34:23,998 - INFO - [UrcaDeLima] Не находимся в энерго
2026-09-24 10:34:34,040 - INFO - [UrcaDeLima] main_loop завершился
2026-09-24 17:35:02,123 - INFO - [UrcaDeLima] Данги: окно wx=0 wy=570 400x225
2026-09-24 17:35:02,149 - INFO - [UrcaDeLima] Находимся в энергорежиме
2026-09-24 17:35:09,716 - INFO - [UrcaDeLima] Не находимся в энерго
2026-09-24 17:35:09,716 - INFO - [UrcaDeLima] _wake_up: вышли из сна с попытки 1
2026-09-24 17:35:13,251 - INFO - [UrcaDeLima] Данги: меню подземелий открыто
2026-09-24 17:35:13,275 - INFO - [UrcaDeLima] Данги: сохранён blessed_menu_opened.png -> C:\Users\PC\Desktop\L2Mauto\profiles\Dungeon\blessed_menu_opened.png
2026-09-24 17:35:13,288 - INFO - [UrcaDeLima] Данги: сохранён blessed_scroll_00.png -> C:\Users\PC\Desktop\L2Mauto\profiles\Dungeon\blessed_scroll_00.png
2026-09-24 17:35:14,091 - DEBUG - [UrcaDeLima] Данги OCR: '.. | er | . | was: | ра | im | peele | у | г. | . | sian, | - | = | ca | soe | . | . | 7 | me | pre '
2026-09-24 17:35:14,092 - DEBUG - [UrcaDeLima] Данги: попытка 1/15 — OCR=нет
2026-09-24 17:35:16,098 - DEBUG - [UrcaDeLima] Данги OCR: 'ты | ани | ротоьао | aed | za | uteectmapamo | atte | . | a | о | жеможиа | сое'
2026-09-24 17:35:16,099 - DEBUG - [UrcaDeLima] Данги: попытка 2/15 — OCR=нет
2026-09-24 17:35:18,349 - DEBUG - [UrcaDeLima] Данги OCR: '5$ | = | paroperoedl | замок | кокс | 5d | paces | тиши | oe | г | necae | pen | орудия | >. | on | '
2026-09-24 17:35:18,349 - DEBUG - [UrcaDeLima] Данги: попытка 3/15 — OCR=нет
2026-09-24 17:35:21,636 - INFO - [UrcaDeLima] Данги: сохранён blessed_scroll_03.png -> C:\Users\PC\Desktop\L2Mauto\profiles\Dungeon\blessed_scroll_03.png
2026-09-24 17:35:22,521 - DEBUG - [UrcaDeLima] Данги OCR: 'ct | oy | leita | taltetiieitel | к | нь | spree | mone | oman | 8 | хром | рассвета | pr | зеленые '
2026-09-24 17:35:23,424 - DEBUG - [UrcaDeLima] Данги: попытка 4/15 — OCR=да
2026-09-24 17:35:23,424 - INFO - [UrcaDeLima] Данги: найден через OCR (33,181)
2026-09-24 17:35:23,427 - INFO - [UrcaDeLima] Данги: сохранён blessed_found_ocr.png -> C:\Users\PC\Desktop\L2Mauto\profiles\Dungeon\blessed_found_ocr.png
2026-09-24 17:35:23,427 - INFO - [UrcaDeLima] Данги: клик по строке (33,181)
2026-09-24 17:35:25,578 - INFO - [UrcaDeLima] Данги: кликнул, проверяю время доступа
2026-09-24 17:35:25,605 - INFO - [UrcaDeLima] Данги: сохранён blessed_after_dungeon_click.png -> C:\Users\PC\Desktop\L2Mauto\profiles\Dungeon\blessed_after_dungeon_click.png
2026-09-24 17:35:25,616 - INFO - [UrcaDeLima] Данги: сохранён blessed_time_check.png -> C:\Users\PC\Desktop\L2Mauto\profiles\Dungeon\blessed_time_check.png
2026-09-24 17:35:25,617 - INFO - [UrcaDeLima] Данги: время доступа есть — иду в данж
2026-09-24 17:35:28,909 - INFO - [UrcaDeLima] Данги: нажал Вход
2026-09-24 17:35:28,921 - INFO - [UrcaDeLima] Данги: сохранён blessed_level_window.png -> C:\Users\PC\Desktop\L2Mauto\profiles\Dungeon\blessed_level_window.png
2026-09-24 17:35:29,225 - INFO - [UrcaDeLima] Данги: пробую Ур.75 — клик (260,164)
2026-09-24 17:35:31,506 - INFO - [UrcaDeLima] Данги: сохранён blessed_after_Ур_75.png -> C:\Users\PC\Desktop\L2Mauto\profiles\Dungeon\blessed_after_Ур_75.png
2026-09-24 17:35:31,506 - INFO - [UrcaDeLima] Данги: окно ещё открыто (mean=18) — пробую следующий
2026-09-24 17:35:31,801 - INFO - [UrcaDeLima] Данги: пробую Ур.70 — клик (260,146)
2026-09-24 17:35:34,071 - INFO - [UrcaDeLima] Данги: сохранён blessed_after_Ур_70.png -> C:\Users\PC\Desktop\L2Mauto\profiles\Dungeon\blessed_after_Ур_70.png
2026-09-24 17:35:34,072 - INFO - [UrcaDeLima] Данги: белый экран (mean=255) — данж запущен через Ур.70
2026-09-24 17:35:34,072 - INFO - [UrcaDeLima] Данги: данж запущен, жду 8 сек на загрузку
2026-09-24 17:35:42,110 - INFO - [UrcaDeLima] Данги: сохранён blessed_after_load.png -> C:\Users\PC\Desktop\L2Mauto\profiles\Dungeon\blessed_after_load.png
2026-09-24 17:35:43,934 - INFO - [UrcaDeLima] Не находимся в энерго
2026-09-24 17:35:43,934 - INFO - [UrcaDeLima] Данги: попытка усыпления 1/3
2026-09-24 17:35:50,116 - INFO - [UrcaDeLima] Находимся в энергорежиме
2026-09-24 17:35:50,116 - INFO - [UrcaDeLima] Данги: уснул с попытки 1
2026-09-24 17:35:50,116 - INFO - [UrcaDeLima] Данги: Благословенная Земля запущена, окно в сне
2026-09-24 17:35:50,117 - INFO - [UrcaDeLima] main_loop завершился
2026-09-24 17:59:41,669 - INFO - [UrcaDeLima] Данги: окно wx=0 wy=570 400x225
2026-09-24 17:59:41,688 - INFO - [UrcaDeLima] Находимся в энергорежиме
2026-09-24 17:59:48,438 - INFO - [UrcaDeLima] Не находимся в энерго
2026-09-24 17:59:48,439 - INFO - [UrcaDeLima] _wake_up: вышли из сна с попытки 1
2026-09-24 17:59:51,987 - INFO - [UrcaDeLima] Данги: меню подземелий открыто
2026-09-24 17:59:52,015 - INFO - [UrcaDeLima] Данги: сохранён blessed_menu_opened.png -> C:\Users\PC\Desktop\L2Mauto\profiles\Dungeon\blessed_menu_opened.png
2026-09-24 17:59:52,029 - INFO - [UrcaDeLima] Данги: сохранён blessed_scroll_00.png -> C:\Users\PC\Desktop\L2Mauto\profiles\Dungeon\blessed_scroll_00.png
2026-09-24 17:59:52,640 - DEBUG - [UrcaDeLima] Данги OCR: '$ | * | ormeert> | oa | you | ~. | . | 1 | : | г... | бро | oma | pres | т | as | ae | in | el: | ь '
2026-09-24 17:59:52,640 - DEBUG - [UrcaDeLima] Данги: попытка 1/15 — OCR=нет
2026-09-24 17:59:54,405 - DEBUG - [UrcaDeLima] Данги OCR: 'е, | . | iicnettn | ated | beak | остров | ненстовства | eo | x? | a | cipro | yam | nto | ne | re |'
2026-09-24 17:59:54,405 - DEBUG - [UrcaDeLima] Данги: попытка 2/15 — OCR=нет
2026-09-24 17:59:56,707 - DEBUG - [UrcaDeLima] Данги OCR: 'а | a | горный | saas | + | x? | be | ba | cigecom | pee | e | 000 | an | ая | < | `` | чбеюреьюь | '
2026-09-24 17:59:56,708 - DEBUG - [UrcaDeLima] Данги: попытка 3/15 — OCR=нет
2026-09-24 17:59:58,577 - INFO - [UrcaDeLima] Данги: сохранён blessed_scroll_03.png -> C:\Users\PC\Desktop\L2Mauto\profiles\Dungeon\blessed_scroll_03.png
2026-09-24 17:59:59,551 - DEBUG - [UrcaDeLima] Данги OCR: 'oy | в | и | ee | к | нь | spree | mone | oman | 8 | хром | рассвета | pr | зеленые | ae | лень | у '
2026-09-24 18:00:00,540 - DEBUG - [UrcaDeLima] Данги: попытка 4/15 — OCR=да
2026-09-24 18:00:00,540 - INFO - [UrcaDeLima] Данги: найден через OCR (33,181)
2026-09-24 18:00:00,542 - INFO - [UrcaDeLima] Данги: сохранён blessed_found_ocr.png -> C:\Users\PC\Desktop\L2Mauto\profiles\Dungeon\blessed_found_ocr.png
2026-09-24 18:00:00,542 - INFO - [UrcaDeLima] Данги: клик по строке (33,181)
2026-09-24 18:00:04,822 - INFO - [UrcaDeLima] Данги: кликнул, проверяю время доступа
2026-09-24 18:00:04,850 - INFO - [UrcaDeLima] Данги: сохранён blessed_after_dungeon_click.png -> C:\Users\PC\Desktop\L2Mauto\profiles\Dungeon\blessed_after_dungeon_click.png
2026-09-24 18:00:04,873 - INFO - [UrcaDeLima] Данги: сохранён blessed_time_check.png -> C:\Users\PC\Desktop\L2Mauto\profiles\Dungeon\blessed_time_check.png
2026-09-24 18:00:04,874 - INFO - [UrcaDeLima] Данги: время доступа есть — иду в данж
2026-09-24 18:00:08,161 - INFO - [UrcaDeLima] Данги: нажал Вход
2026-09-24 18:00:08,181 - INFO - [UrcaDeLima] Данги: сохранён blessed_level_window.png -> C:\Users\PC\Desktop\L2Mauto\profiles\Dungeon\blessed_level_window.png
2026-09-24 18:00:08,485 - INFO - [UrcaDeLima] Данги: пробую Ур.75 — клик (260,164)
2026-09-24 18:00:10,782 - INFO - [UrcaDeLima] Данги: сохранён blessed_after_Ур_75.png -> C:\Users\PC\Desktop\L2Mauto\profiles\Dungeon\blessed_after_Ур_75.png
2026-09-24 18:00:10,783 - INFO - [UrcaDeLima] Данги: окно ещё открыто (mean=43) — пробую следующий
2026-09-24 18:00:11,087 - INFO - [UrcaDeLima] Данги: пробую Ур.70 — клик (260,146)
2026-09-24 18:00:13,349 - INFO - [UrcaDeLima] Данги: сохранён blessed_after_Ур_70.png -> C:\Users\PC\Desktop\L2Mauto\profiles\Dungeon\blessed_after_Ур_70.png
2026-09-24 18:00:13,350 - INFO - [UrcaDeLima] Данги: окно ещё открыто (mean=43) — пробую следующий
2026-09-24 18:00:13,654 - INFO - [UrcaDeLima] Данги: пробую Ур.60 — клик (260,123)
2026-09-24 18:00:15,949 - INFO - [UrcaDeLima] Данги: сохранён blessed_after_Ур_60.png -> C:\Users\PC\Desktop\L2Mauto\profiles\Dungeon\blessed_after_Ур_60.png
2026-09-24 18:00:15,950 - INFO - [UrcaDeLima] Данги: окно ещё открыто (mean=43) — пробую следующий
2026-09-24 18:00:16,255 - INFO - [UrcaDeLima] Данги: пробую Ур.55 — клик (260,103)
2026-09-24 18:00:18,531 - INFO - [UrcaDeLima] Данги: сохранён blessed_after_Ур_55.png -> C:\Users\PC\Desktop\L2Mauto\profiles\Dungeon\blessed_after_Ур_55.png
2026-09-24 18:00:18,532 - INFO - [UrcaDeLima] Данги: окно ещё открыто (mean=43) — пробую следующий
2026-09-24 18:00:18,839 - INFO - [UrcaDeLima] Данги: пробую Ур.50 — клик (260,83)
2026-09-24 18:00:21,100 - INFO - [UrcaDeLima] Данги: сохранён blessed_after_Ур_50.png -> C:\Users\PC\Desktop\L2Mauto\profiles\Dungeon\blessed_after_Ур_50.png
2026-09-24 18:00:21,100 - INFO - [UrcaDeLima] Данги: окно ещё открыто (mean=43) — пробую следующий
2026-09-24 18:00:21,405 - INFO - [UrcaDeLima] Данги: пробую Ур.40 — клик (260,63)
2026-09-24 18:00:23,685 - INFO - [UrcaDeLima] Данги: сохранён blessed_after_Ур_40.png -> C:\Users\PC\Desktop\L2Mauto\profiles\Dungeon\blessed_after_Ур_40.png
2026-09-24 18:00:23,686 - INFO - [UrcaDeLima] Данги: окно ещё открыто (mean=43) — пробую следующий
2026-09-24 18:00:23,991 - INFO - [UrcaDeLima] Данги: пробую Ур.30 — клик (260,31)
2026-09-24 18:00:26,263 - INFO - [UrcaDeLima] Данги: сохранён blessed_after_Ур_30.png -> C:\Users\PC\Desktop\L2Mauto\profiles\Dungeon\blessed_after_Ур_30.png
2026-09-24 18:00:26,264 - INFO - [UrcaDeLima] Данги: окно ещё открыто (mean=23) — пробую следующий
2026-09-24 18:00:26,264 - WARNING - [UrcaDeLima] Данги: не смог кликнуть по стрелке
2026-09-24 18:00:26,535 - INFO - [UrcaDeLima] main_loop завершился
2026-09-24 18:19:55,969 - INFO - [UrcaDeLima] Данги: окно wx=0 wy=570 400x225
2026-09-24 18:19:55,991 - INFO - [UrcaDeLima] Находимся в энергорежиме
2026-09-24 18:20:03,474 - INFO - [UrcaDeLima] Не находимся в энерго
2026-09-24 18:20:03,474 - INFO - [UrcaDeLima] _wake_up: вышли из сна с попытки 1
2026-09-24 18:20:07,011 - INFO - [UrcaDeLima] Данги: меню подземелий открыто
2026-09-24 18:20:07,038 - INFO - [UrcaDeLima] Данги: сохранён blessed_menu_opened.png -> C:\Users\PC\Desktop\L2Mauto\profiles\Dungeon\blessed_menu_opened.png
2026-09-24 18:20:07,063 - INFO - [UrcaDeLima] Данги: сохранён blessed_scroll_00.png -> C:\Users\PC\Desktop\L2Mauto\profiles\Dungeon\blessed_scroll_00.png
2026-09-24 18:20:07,770 - DEBUG - [UrcaDeLima] Данги OCR: '$ | * | ormeert> | oa | you | ~. | . | 1 | : | г... | бро | oma | pres | т | as | ae | in | el: | ь '
2026-09-24 18:20:07,771 - DEBUG - [UrcaDeLima] Данги: попытка 1/15 — OCR=нет
2026-09-24 18:20:10,746 - DEBUG - [UrcaDeLima] Данги OCR: 'or | исз | ker | oe | epee | we | пела | остамаалано | oa | cs | toe | et | остров | немстовства | b'
2026-09-24 18:20:10,746 - DEBUG - [UrcaDeLima] Данги: попытка 2/15 — OCR=нет
2026-09-24 18:20:13,245 - DEBUG - [UrcaDeLima] Данги OCR: 'а | a | горный | saas | + | x? | be | ba | cigecom | pee | e | 000 | an | ая | < | `` | чбоюреьь | 1'
2026-09-24 18:20:13,245 - DEBUG - [UrcaDeLima] Данги: попытка 3/15 — OCR=нет
2026-09-24 18:20:16,295 - INFO - [UrcaDeLima] Данги: сохранён blessed_scroll_03.png -> C:\Users\PC\Desktop\L2Mauto\profiles\Dungeon\blessed_scroll_03.png
2026-09-24 18:20:17,289 - DEBUG - [UrcaDeLima] Данги OCR: 'о | за: | ее | о | иоиоимвнй | к | нь | spree | mone | oman | 8 | хром | рассвета | pr | зеленые | a'
2026-09-24 18:20:18,305 - DEBUG - [UrcaDeLima] Данги: попытка 4/15 — OCR=да
2026-09-24 18:20:18,306 - INFO - [UrcaDeLima] Данги: найден через OCR (33,181)
2026-09-24 18:20:18,309 - INFO - [UrcaDeLima] Данги: сохранён blessed_found_ocr.png -> C:\Users\PC\Desktop\L2Mauto\profiles\Dungeon\blessed_found_ocr.png
2026-09-24 18:20:18,309 - INFO - [UrcaDeLima] Данги: клик по строке (33,181)
2026-09-24 18:20:20,485 - INFO - [UrcaDeLima] Данги: кликнул, проверяю время доступа
2026-09-24 18:20:20,499 - INFO - [UrcaDeLima] Данги: сохранён blessed_after_dungeon_click.png -> C:\Users\PC\Desktop\L2Mauto\profiles\Dungeon\blessed_after_dungeon_click.png
2026-09-24 18:20:20,508 - INFO - [UrcaDeLima] Данги: сохранён blessed_time_check.png -> C:\Users\PC\Desktop\L2Mauto\profiles\Dungeon\blessed_time_check.png
2026-09-24 18:20:20,509 - INFO - [UrcaDeLima] Данги: время доступа есть — иду в данж
2026-09-24 18:20:23,801 - INFO - [UrcaDeLima] Данги: нажал Вход
2026-09-24 18:20:23,816 - INFO - [UrcaDeLima] Данги: сохранён blessed_level_window.png -> C:\Users\PC\Desktop\L2Mauto\profiles\Dungeon\blessed_level_window.png
2026-09-24 18:20:24,117 - INFO - [UrcaDeLima] Данги: пробую Ур.75 — клик (260,164)
2026-09-24 18:20:26,401 - INFO - [UrcaDeLima] Данги: сохранён blessed_after_Ур_75.png -> C:\Users\PC\Desktop\L2Mauto\profiles\Dungeon\blessed_after_Ур_75.png
2026-09-24 18:20:26,402 - INFO - [UrcaDeLima] Данги: окно ещё открыто (mean=43) — пробую следующий
2026-09-24 18:20:26,715 - INFO - [UrcaDeLima] Данги: пробую Ур.70 — клик (260,146)
2026-09-24 18:20:29,000 - INFO - [UrcaDeLima] Данги: сохранён blessed_after_Ур_70.png -> C:\Users\PC\Desktop\L2Mauto\profiles\Dungeon\blessed_after_Ур_70.png
2026-09-24 18:20:29,001 - INFO - [UrcaDeLima] Данги: окно ещё открыто (mean=43) — пробую следующий
2026-09-24 18:20:29,306 - INFO - [UrcaDeLima] Данги: пробую Ур.60 — клик (260,123)
2026-09-24 18:20:31,584 - INFO - [UrcaDeLima] Данги: сохранён blessed_after_Ур_60.png -> C:\Users\PC\Desktop\L2Mauto\profiles\Dungeon\blessed_after_Ур_60.png
2026-09-24 18:20:31,584 - INFO - [UrcaDeLima] Данги: окно ещё открыто (mean=43) — пробую следующий
2026-09-24 18:20:31,901 - INFO - [UrcaDeLima] Данги: пробую Ур.55 — клик (260,103)
2026-09-24 18:20:34,183 - INFO - [UrcaDeLima] Данги: сохранён blessed_after_Ур_55.png -> C:\Users\PC\Desktop\L2Mauto\profiles\Dungeon\blessed_after_Ур_55.png
2026-09-24 18:20:34,184 - INFO - [UrcaDeLima] Данги: окно ещё открыто (mean=43) — пробую следующий
2026-09-24 18:20:34,497 - INFO - [UrcaDeLima] Данги: пробую Ур.50 — клик (260,83)
2026-09-24 18:20:36,782 - INFO - [UrcaDeLima] Данги: сохранён blessed_after_Ур_50.png -> C:\Users\PC\Desktop\L2Mauto\profiles\Dungeon\blessed_after_Ур_50.png
2026-09-24 18:20:36,782 - INFO - [UrcaDeLima] Данги: окно ещё открыто (mean=43) — пробую следующий
2026-09-24 18:20:37,089 - INFO - [UrcaDeLima] Данги: пробую Ур.40 — клик (260,63)
2026-09-24 18:20:39,352 - INFO - [UrcaDeLima] Данги: сохранён blessed_after_Ур_40.png -> C:\Users\PC\Desktop\L2Mauto\profiles\Dungeon\blessed_after_Ур_40.png
2026-09-24 18:20:39,353 - INFO - [UrcaDeLima] Данги: окно ещё открыто (mean=43) — пробую следующий
2026-09-24 18:20:39,656 - INFO - [UrcaDeLima] Данги: пробую Ур.30 — клик (260,31)
2026-09-24 18:20:41,914 - INFO - [UrcaDeLima] Данги: сохранён blessed_after_Ур_30.png -> C:\Users\PC\Desktop\L2Mauto\profiles\Dungeon\blessed_after_Ур_30.png
2026-09-24 18:20:41,914 - INFO - [UrcaDeLima] Данги: окно ещё открыто (mean=23) — пробую следующий
2026-09-24 18:20:41,914 - WARNING - [UrcaDeLima] Данги: не смог кликнуть по стрелке
2026-09-24 18:20:42,192 - INFO - [UrcaDeLima] main_loop завершился
2026-09-24 21:43:14,090 - INFO - [UrcaDeLima] Находимся в энергорежиме
2026-09-24 21:43:18,002 - INFO - [UrcaDeLima] Аук: запущен relist (снять+найти+поставить)
2026-09-24 21:43:19,818 - INFO - [UrcaDeLima] Не находимся в энерго
2026-09-24 21:43:25,819 - INFO - [UrcaDeLima] Аук: загрузился
2026-09-24 21:43:25,826 - INFO - [UrcaDeLima] Аук: сохранил позицию окна до resize: (0,570) 400x225
2026-09-24 21:43:25,858 - INFO - [UrcaDeLima] Аук: выбрал позицию (960, 40) (занято: {(0, 40)})
2026-09-24 21:43:27,581 - INFO - [UrcaDeLima] Аук: окно в рабочем размере (попытка 1) на (960,40)
2026-09-24 21:43:33,339 - INFO - [UrcaDeLima] Аук: вкладка Продажа открыта
2026-09-24 21:43:33,339 - WARNING - [UrcaDeLima] Аук: не удалось сохранить фулл-скрин au_after_tab_sell.png: '_thread._local' object has no attribute 'srcdc'
2026-09-24 21:43:33,339 - INFO - [UrcaDeLima] Аук: предмет 1/10
2026-09-24 21:43:33,353 - INFO - [UrcaDeLima] Аук: сохранён au_lot_zone.png
2026-09-24 21:43:33,353 - INFO - [UrcaDeLima] Аук: сохранён au_sample.png
2026-09-24 21:43:33,355 - INFO - [UrcaDeLima] Аук: SIFT образец (лот): 0 точек
2026-09-24 21:43:33,831 - DEBUG - [UrcaDeLima] Аук: статус лота Tesseract: 'о wwe ss: 7'
2026-09-24 21:43:33,831 - DEBUG - [UrcaDeLima] Аук: статус зелёных пикселей: 0 (0.00%)
2026-09-24 21:43:33,831 - INFO - [UrcaDeLima] Аук: образец лота пустой (нет иконки) — список лотов пуст. Завершаю прогон (не ошибка).
2026-09-24 21:43:33,831 - INFO - [UrcaDeLima] Аук: лотов больше нет на странице (предмет 1)
2026-09-24 21:43:37,111 - INFO - [UrcaDeLima] Аук: аук закрыт
2026-09-24 21:43:37,678 - INFO - [UrcaDeLima] Аук: окно возвращено 400x225 на (0,570)
2026-09-24 21:43:39,504 - INFO - [UrcaDeLima] Не находимся в энерго
2026-09-24 21:43:45,635 - INFO - [UrcaDeLima] Находимся в энергорежиме
2026-09-24 21:43:45,635 - INFO - [UrcaDeLima] Аук: окно уложено спать
2026-09-24 21:43:45,636 - WARNING - [UrcaDeLima] Аук: не удалось сохранить фулл-скрин au_final_fullscreen.png: '_thread._local' object has no attribute 'srcdc'
2026-09-24 21:43:45,636 - INFO - [UrcaDeLima] Аук: нечего переставлять (все лоты в «Продаётся» или список пуст)
2026-09-24 21:43:45,636 - DEBUG - [UrcaDeLima] Аук: log_uploader запущен в фоне
2026-09-24 21:43:45,636 - INFO - [UrcaDeLima] Шось сломалось либо не смог перевыставить аук
2026-09-24 21:43:52,781 - INFO - [UrcaDeLima] main_loop завершился
2026-09-24 21:49:36,564 - INFO - [UrcaDeLima] Запуск Scheduler профиля
2026-09-24 21:49:36,574 - INFO - [UrcaDeLima] Находимся в энергорежиме
2026-09-24 21:49:36,574 - INFO - [UrcaDeLima] Был в энерго, вырубаю перед запуском Шедули
2026-09-24 21:49:44,242 - INFO - [UrcaDeLima] Schedule запущен, жду 40 сек (окно само летит в город и закупается)
2026-09-24 21:50:30,377 - INFO - [UrcaDeLima] Находимся в энергорежиме
2026-09-24 21:50:30,378 - INFO - [UrcaDeLima] Энерго подтверждён (попытка 1)
2026-09-24 21:50:30,378 - INFO - [UrcaDeLima] Энерго включён, профиль завершён
2026-09-24 21:50:30,378 - INFO - [UrcaDeLima] main_loop завершился
2026-09-25 06:18:42,275 - INFO - [UrcaDeLima] Данги: окно wx=0 wy=570 400x225
2026-09-25 06:18:42,310 - INFO - [UrcaDeLima] Находимся в энергорежиме
2026-09-25 06:18:49,861 - INFO - [UrcaDeLima] Не находимся в энерго
2026-09-25 06:18:49,861 - INFO - [UrcaDeLima] _wake_up: вышли из сна с попытки 1
2026-09-25 06:18:53,520 - INFO - [UrcaDeLima] Данги: меню подземелий открыто
2026-09-25 06:18:53,551 - INFO - [UrcaDeLima] Данги: сохранён blessed_menu_opened.png -> C:\Users\PC\Desktop\L2Mauto\profiles\Dungeon\blessed_menu_opened.png
2026-09-25 06:18:53,563 - INFO - [UrcaDeLima] Данги: сохранён blessed_scroll_00.png -> C:\Users\PC\Desktop\L2Mauto\profiles\Dungeon\blessed_scroll_00.png
2026-09-25 06:18:54,384 - DEBUG - [UrcaDeLima] Данги OCR: '.. | er | . | was: | ра | г. | . | sian, | - | = | ca | soe | . | . | 7 | me | re | nee | ™ | . | © '
2026-09-25 06:18:54,384 - DEBUG - [UrcaDeLima] Данги: попытка 1/15 — OCR=нет
2026-09-25 06:18:56,615 - DEBUG - [UrcaDeLima] Данги OCR: '2 | upcconpeeronttte | . | a | mpa | reomera | ское'
2026-09-25 06:18:56,615 - DEBUG - [UrcaDeLima] Данги: попытка 2/15 — OCR=нет
2026-09-25 06:18:58,934 - DEBUG - [UrcaDeLima] Данги OCR: 'x? | be | ba | cigecom | pee | e | 000 | an | ая | < | `` | чбоюреьь | 1000 | 1000-400 | on | р | le'
2026-09-25 06:18:58,934 - DEBUG - [UrcaDeLima] Данги: попытка 3/15 — OCR=нет
2026-09-25 06:19:01,782 - INFO - [UrcaDeLima] Данги: сохранён blessed_scroll_03.png -> C:\Users\PC\Desktop\L2Mauto\profiles\Dungeon\blessed_scroll_03.png
2026-09-25 06:19:02,693 - DEBUG - [UrcaDeLima] Данги OCR: 'oy | в | и | ee | к | нь | spree | mone | oman | 8 | хром | рассвета | pr | зеленые | ae | лень | у '
2026-09-25 06:19:03,635 - DEBUG - [UrcaDeLima] Данги: попытка 4/15 — OCR=да
2026-09-25 06:19:03,635 - DEBUG - [UrcaDeLima] Данги: OCR нашёл но в самом низу (ocr_y=139, list_h=146) — прокручиваю ещё
2026-09-25 06:19:06,001 - DEBUG - [UrcaDeLima] Данги OCR: 'ы | хром | россьета | пу | geo | mama | ‘te | + | последмяя | орумейыя | а | srocnosenaia | ным'
2026-09-25 06:19:06,001 - DEBUG - [UrcaDeLima] Данги: после прокрутки — OCR=нет ocr_y=0
2026-09-25 06:19:09,386 - DEBUG - [UrcaDeLima] Данги OCR: 'о | дни | р | + | последмяя | opyartan | at | ааеелиимиат | spews | aecryne | мот | .: | posteo | se'
2026-09-25 06:19:10,671 - DEBUG - [UrcaDeLima] Данги: попытка 5/15 — OCR=да
2026-09-25 06:19:10,671 - INFO - [UrcaDeLima] Данги: найден через OCR (33,134)
2026-09-25 06:19:10,675 - INFO - [UrcaDeLima] Данги: сохранён blessed_found_ocr.png -> C:\Users\PC\Desktop\L2Mauto\profiles\Dungeon\blessed_found_ocr.png
2026-09-25 06:19:10,675 - INFO - [UrcaDeLima] Данги: клик по строке (33,134)
2026-09-25 06:19:12,837 - INFO - [UrcaDeLima] Данги: кликнул, проверяю время доступа
2026-09-25 06:19:12,851 - INFO - [UrcaDeLima] Данги: сохранён blessed_after_dungeon_click.png -> C:\Users\PC\Desktop\L2Mauto\profiles\Dungeon\blessed_after_dungeon_click.png
2026-09-25 06:19:12,862 - INFO - [UrcaDeLima] Данги: сохранён blessed_time_check.png -> C:\Users\PC\Desktop\L2Mauto\profiles\Dungeon\blessed_time_check.png
2026-09-25 06:19:12,863 - INFO - [UrcaDeLima] Данги: время доступа есть — иду в данж
2026-09-25 06:19:16,093 - INFO - [UrcaDeLima] Данги: нажал Вход
2026-09-25 06:19:16,116 - INFO - [UrcaDeLima] Данги: сохранён blessed_level_window.png -> C:\Users\PC\Desktop\L2Mauto\profiles\Dungeon\blessed_level_window.png
2026-09-25 06:19:16,427 - INFO - [UrcaDeLima] Данги: пробую Ур.75 — клик (260,164)
2026-09-25 06:19:18,814 - INFO - [UrcaDeLima] Данги: сохранён blessed_after_Ур_75.png -> C:\Users\PC\Desktop\L2Mauto\profiles\Dungeon\blessed_after_Ур_75.png
2026-09-25 06:19:18,815 - INFO - [UrcaDeLima] Данги: белый экран (mean=255) — данж запущен через Ур.75
2026-09-25 06:19:18,815 - INFO - [UrcaDeLima] Данги: данж запущен, жду 8 сек на загрузку
2026-09-25 06:19:26,836 - INFO - [UrcaDeLima] Данги: сохранён blessed_after_load.png -> C:\Users\PC\Desktop\L2Mauto\profiles\Dungeon\blessed_after_load.png
2026-09-25 06:19:28,660 - INFO - [UrcaDeLima] Не находимся в энерго
2026-09-25 06:19:28,660 - INFO - [UrcaDeLima] Данги: попытка усыпления 1/3
2026-09-25 06:19:34,762 - INFO - [UrcaDeLima] Находимся в энергорежиме
2026-09-25 06:19:34,762 - INFO - [UrcaDeLima] Данги: уснул с попытки 1
2026-09-25 06:19:34,762 - INFO - [UrcaDeLima] Данги: Благословенная Земля запущена, окно в сне
2026-09-25 06:19:34,762 - INFO - [UrcaDeLima] main_loop завершился
2026-09-25 06:26:20,366 - INFO - [UrcaDeLima] Находимся в энергорежиме
2026-09-25 06:26:32,667 - INFO - [UrcaDeLima] Ищем вкладки
2026-09-25 06:26:34,696 - INFO - [UrcaDeLima] Перешел на вкладку: (381, 34)
2026-09-25 06:26:36,056 - INFO - [UrcaDeLima] Собираю награду тут: (302, 101)
2026-09-25 06:26:42,357 - INFO - [UrcaDeLima] Перешел на вкладку: (381, 59)
2026-09-25 06:26:43,691 - INFO - [UrcaDeLima] Собираю награду тут: (302, 101)
2026-09-25 06:26:48,198 - INFO - [UrcaDeLima] Всего собрано: 2
2026-09-25 06:26:48,199 - INFO - [UrcaDeLima] Дейлик успешно собран
2026-09-25 06:26:50,018 - INFO - [UrcaDeLima] Не находимся в энерго
2026-09-25 06:26:53,431 - INFO - [UrcaDeLima] Нашел почту
2026-09-25 06:27:00,309 - INFO - [UrcaDeLima] Почта собрана
2026-09-25 06:27:00,820 - INFO - [UrcaDeLima] Почта успешно собран
2026-09-25 06:27:02,634 - INFO - [UrcaDeLima] Не находимся в энерго
2026-09-25 06:27:03,047 - INFO - [UrcaDeLima] Нашел сбор ачив
2026-09-25 06:27:11,951 - INFO - [UrcaDeLima] Ачивок больше нет
2026-09-25 06:27:12,230 - INFO - [UrcaDeLima] Ачивы успешно собран
2026-09-25 06:27:14,068 - INFO - [UrcaDeLima] Не находимся в энерго
2026-09-25 06:27:15,856 - INFO - [UrcaDeLima] Нашел сбор клана
2026-09-25 06:27:25,737 - INFO - [UrcaDeLima] Клан успешно собран
2026-09-25 06:27:27,569 - INFO - [UrcaDeLima] Не находимся в энерго
2026-09-25 06:27:31,101 - INFO - [UrcaDeLima] Нашел сбор альянса, жму
2026-09-25 06:27:37,314 - INFO - [UrcaDeLima] Альянс успешно собран
2026-09-25 06:27:39,121 - INFO - [UrcaDeLima] Не находимся в энерго
2026-09-25 06:27:42,128 - INFO - [UrcaDeLima] Нашел бп
2026-09-25 06:27:43,621 - INFO - [UrcaDeLima] Пробую чекнуть вкладочки бп
2026-09-25 06:27:44,130 - INFO - [UrcaDeLima] {'left': 0, 'top': 595, 'width': 400, 'height': 1}
2026-09-25 06:27:44,135 - INFO - [UrcaDeLima] [155]
2026-09-25 06:27:44,136 - INFO - [UrcaDeLima] final [['155, 25', 'no']]
2026-09-25 06:27:44,136 - INFO - [UrcaDeLima] Обнаружил вкладок бп: 1, начинаю чекать...
2026-09-25 06:27:46,223 - INFO - [UrcaDeLima] Подвкладок найдено: 1
2026-09-25 06:27:47,469 - INFO - [UrcaDeLima] Собираю награду [1.1]
2026-09-25 06:27:51,254 - INFO - [UrcaDeLima] Нет наград во вкладке 1, под 1
2026-09-25 06:27:54,085 - INFO - [UrcaDeLima] Собирать нечего, проверяю следующую вкладку
2026-09-25 06:27:54,085 - INFO - [UrcaDeLima] Закрываю баттл пасс
2026-09-25 06:27:56,641 - INFO - [UrcaDeLima] Пасс успешно собран
2026-09-25 06:27:58,454 - INFO - [UrcaDeLima] Не находимся в энерго
2026-09-25 06:28:22,752 - INFO - [UrcaDeLima] Шоп успешно собран
2026-09-25 06:28:24,571 - INFO - [UrcaDeLima] Не находимся в энерго
2026-09-25 06:28:34,555 - INFO - [UrcaDeLima] main_loop завершился
2026-09-25 12:54:35,933 - INFO - [UrcaDeLima] Запуск Scheduler профиля
2026-09-25 12:54:35,958 - INFO - [UrcaDeLima] Находимся в энергорежиме
2026-09-25 12:54:35,958 - INFO - [UrcaDeLima] Был в энерго, вырубаю перед запуском Шедули
2026-09-25 12:54:51,425 - INFO - [UrcaDeLima] Не находимся в энерго
2026-09-25 12:54:55,643 - INFO - [UrcaDeLima] Не смог выйти из энерго — остановка
2026-09-25 12:54:55,682 - INFO - [UrcaDeLima] main_loop завершился
2026-09-25 13:25:41,621 - INFO - [UrcaDeLima] Находимся в энергорежиме
2026-09-25 13:25:56,337 - INFO - [UrcaDeLima] Не находимся в энерго
2026-09-25 13:26:01,555 - INFO - [UrcaDeLima] Аук: запущен relist (снять+найти+поставить)
2026-09-25 13:26:03,371 - INFO - [UrcaDeLima] Не находимся в энерго
2026-09-25 13:26:16,372 - INFO - [UrcaDeLima] Аук: жду загрузки... осталось 109с
2026-09-25 13:26:28,339 - INFO - [UrcaDeLima] Аук: загрузился
2026-09-25 13:26:28,342 - INFO - [UrcaDeLima] Аук: сохранил позицию окна до resize: (0,570) 400x225
2026-09-25 13:26:28,361 - INFO - [UrcaDeLima] Аук: выбрал позицию (960, 40) (занято: {(0, 40)})
2026-09-25 13:26:30,016 - INFO - [UrcaDeLima] Аук: окно в рабочем размере (попытка 1) на (960,40)
2026-09-25 13:26:35,779 - INFO - [UrcaDeLima] Аук: вкладка Продажа открыта
2026-09-25 13:26:35,779 - WARNING - [UrcaDeLima] Аук: не удалось сохранить фулл-скрин au_after_tab_sell.png: '_thread._local' object has no attribute 'srcdc'
2026-09-25 13:26:35,779 - INFO - [UrcaDeLima] Аук: предмет 1/10
2026-09-25 13:26:35,791 - INFO - [UrcaDeLima] Аук: сохранён au_lot_zone.png
2026-09-25 13:26:35,791 - INFO - [UrcaDeLima] Аук: сохранён au_sample.png
2026-09-25 13:26:35,794 - INFO - [UrcaDeLima] Аук: SIFT образец (лот): 0 точек
2026-09-25 13:26:36,136 - DEBUG - [UrcaDeLima] Аук: статус лота Tesseract: '‘т'
2026-09-25 13:26:36,136 - DEBUG - [UrcaDeLima] Аук: статус зелёных пикселей: 0 (0.00%)
2026-09-25 13:26:36,136 - INFO - [UrcaDeLima] Аук: образец лота пустой (нет иконки) — список лотов пуст. Завершаю прогон (не ошибка).
2026-09-25 13:26:36,136 - INFO - [UrcaDeLima] Аук: лотов больше нет на странице (предмет 1)
2026-09-25 13:26:39,395 - INFO - [UrcaDeLima] Аук: аук закрыт
2026-09-25 13:26:39,937 - INFO - [UrcaDeLima] Аук: окно возвращено 400x225 на (0,570)
2026-09-25 13:26:41,756 - INFO - [UrcaDeLima] Не находимся в энерго
2026-09-25 13:26:47,905 - INFO - [UrcaDeLima] Находимся в энергорежиме
2026-09-25 13:26:47,905 - INFO - [UrcaDeLima] Аук: окно уложено спать
2026-09-25 13:26:47,905 - WARNING - [UrcaDeLima] Аук: не удалось сохранить фулл-скрин au_final_fullscreen.png: '_thread._local' object has no attribute 'srcdc'
2026-09-25 13:26:47,906 - INFO - [UrcaDeLima] Аук: нечего переставлять (все лоты в «Продаётся» или список пуст)
2026-09-25 13:26:47,906 - DEBUG - [UrcaDeLima] Аук: log_uploader запущен в фоне
2026-09-25 13:26:47,907 - INFO - [UrcaDeLima] Шось сломалось либо не смог перевыставить аук
2026-09-25 13:26:54,055 - INFO - [UrcaDeLima] main_loop завершился
2026-09-26 00:05:11,576 - INFO - [UrcaDeLima] Запуск Scheduler профиля
2026-09-26 00:05:11,588 - INFO - [UrcaDeLima] Находимся в энергорежиме
2026-09-26 00:05:11,588 - INFO - [UrcaDeLima] Был в энерго, вырубаю перед запуском Шедули
2026-09-26 00:05:26,022 - WARNING - [UrcaDeLima] Кнопка «Начать расписание» не найдена — выхожу из меню и усыпаю окно (возможно расписание уже идёт)
2026-09-26 00:05:26,281 - DEBUG - [UrcaDeLima] Шедуля: клик выхода из меню (365, 45) — стрелочка
2026-09-26 00:05:31,604 - INFO - [UrcaDeLima] Не находимся в энерго
2026-09-26 00:05:35,743 - INFO - [UrcaDeLima] Шедуля: окно уложено спать (расписание уже идёт или кнопка не найдена)
2026-09-26 00:05:35,743 - INFO - [UrcaDeLima] main_loop завершился
2026-09-26 07:01:17,448 - INFO - [UrcaDeLima] Находимся в энергорежиме
2026-09-26 07:01:29,715 - INFO - [UrcaDeLima] Ищем вкладки
2026-09-26 07:01:31,739 - INFO - [UrcaDeLima] Перешел на вкладку: (381, 34)
2026-09-26 07:01:33,088 - INFO - [UrcaDeLima] Собираю награду тут: (302, 101)
2026-09-26 07:01:39,366 - INFO - [UrcaDeLima] Перешел на вкладку: (381, 59)
2026-09-26 07:01:40,725 - INFO - [UrcaDeLima] Собираю награду тут: (302, 101)
2026-09-26 07:01:45,240 - INFO - [UrcaDeLima] Всего собрано: 2
2026-09-26 07:01:45,240 - INFO - [UrcaDeLima] Дейлик успешно собран
2026-09-26 07:01:47,050 - INFO - [UrcaDeLima] Не находимся в энерго
2026-09-26 07:01:50,831 - INFO - [UrcaDeLima] Не найден значок почты
2026-09-26 07:01:50,831 - INFO - [UrcaDeLima] Нет новых почта или не удалось собрать
2026-09-26 07:01:52,669 - INFO - [UrcaDeLima] Не находимся в энерго
2026-09-26 07:01:57,682 - INFO - [UrcaDeLima] Нет красной точки на иконке достижений
2026-09-26 07:01:57,682 - INFO - [UrcaDeLima] Нет новых ачивы или не удалось собрать
2026-09-26 07:01:59,499 - INFO - [UrcaDeLima] Не находимся в энерго
2026-09-26 07:02:00,420 - INFO - [UrcaDeLima] Нашел сбор клана
2026-09-26 07:02:10,855 - INFO - [UrcaDeLima] Клан успешно собран
2026-09-26 07:02:12,666 - INFO - [UrcaDeLima] Не находимся в энерго
2026-09-26 07:02:16,302 - INFO - [UrcaDeLima] Нашел сбор альянса, жму
2026-09-26 07:02:22,461 - INFO - [UrcaDeLima] Альянс успешно собран
2026-09-26 07:02:24,267 - INFO - [UrcaDeLima] Не находимся в энерго
2026-09-26 07:02:27,331 - INFO - [UrcaDeLima] Нашел бп
2026-09-26 07:02:28,831 - INFO - [UrcaDeLima] Пробую чекнуть вкладочки бп
2026-09-26 07:02:29,331 - INFO - [UrcaDeLima] {'left': 0, 'top': 595, 'width': 400, 'height': 1}
2026-09-26 07:02:29,351 - INFO - [UrcaDeLima] [155]
2026-09-26 07:02:29,352 - INFO - [UrcaDeLima] final [['155, 25', 'no']]
2026-09-26 07:02:29,352 - INFO - [UrcaDeLima] Обнаружил вкладок бп: 1, начинаю чекать...
2026-09-26 07:02:31,151 - INFO - [UrcaDeLima] Подвкладок найдено: 1
2026-09-26 07:02:32,434 - INFO - [UrcaDeLima] Собираю награду [1.1]
2026-09-26 07:02:36,233 - INFO - [UrcaDeLima] Нет наград во вкладке 1, под 1
2026-09-26 07:02:42,851 - INFO - [UrcaDeLima] Закрываю баттл пасс
2026-09-26 07:02:45,110 - INFO - [UrcaDeLima] Пасс успешно собран
2026-09-26 07:02:46,917 - INFO - [UrcaDeLima] Не находимся в энерго
2026-09-26 07:02:50,940 - INFO - [UrcaDeLima] Вылезла обычная реклама, закрыл гадость
2026-09-26 07:03:12,450 - INFO - [UrcaDeLima] Шоп успешно собран
2026-09-26 07:03:14,268 - INFO - [UrcaDeLima] Не находимся в энерго
2026-09-26 07:03:24,236 - INFO - [UrcaDeLima] main_loop завершился
2026-09-26 07:28:52,546 - INFO - [UrcaDeLima] Данги: окно wx=0 wy=570 400x225
2026-09-26 07:28:52,560 - INFO - [UrcaDeLima] Находимся в энергорежиме
2026-09-26 07:28:59,277 - INFO - [UrcaDeLima] Не находимся в энерго
2026-09-26 07:28:59,278 - INFO - [UrcaDeLima] _wake_up: вышли из сна с попытки 1
2026-09-26 07:29:02,803 - INFO - [UrcaDeLima] Данги: меню подземелий открыто
2026-09-26 07:29:02,819 - INFO - [UrcaDeLima] Данги: сохранён blessed_menu_opened.png -> C:\Users\PC\Desktop\L2Mauto\profiles\Dungeon\blessed_menu_opened.png
2026-09-26 07:29:02,830 - INFO - [UrcaDeLima] Данги: сохранён blessed_scroll_00.png -> C:\Users\PC\Desktop\L2Mauto\profiles\Dungeon\blessed_scroll_00.png
2026-09-26 07:29:03,674 - DEBUG - [UrcaDeLima] Данги OCR: '.. | er | . | was: | ра | г. | . | sian, | - | = | ca | soe | . | . | 7 | me | re | nee | ™ | . | © '
2026-09-26 07:29:03,674 - DEBUG - [UrcaDeLima] Данги: попытка 1/15 — OCR=нет
2026-09-26 07:29:05,543 - DEBUG - [UrcaDeLima] Данги OCR: 'я | 1 | pce | ame | yaern | atte, | ae | i: | cigecompumoncsso | й | ae | a | № | poros | an | on'
2026-09-26 07:29:05,543 - DEBUG - [UrcaDeLima] Данги: попытка 2/15 — OCR=нет
2026-09-26 07:29:07,950 - DEBUG - [UrcaDeLima] Данги OCR: 'а | a | горный | saas | + | x? | be | ba | cigecom | pee | e | 000 | an | ая | < | `` | чбоюреьь | 1'
2026-09-26 07:29:07,950 - DEBUG - [UrcaDeLima] Данги: попытка 3/15 — OCR=нет
2026-09-26 07:29:09,732 - INFO - [UrcaDeLima] Данги: сохранён blessed_scroll_03.png -> C:\Users\PC\Desktop\L2Mauto\profiles\Dungeon\blessed_scroll_03.png
2026-09-26 07:29:10,814 - DEBUG - [UrcaDeLima] Данги OCR: 'а. | бо | о | оон | иоибиминй | oa | ир, | spee | sec | прет | 8 | хром | рассвета | аи | е | =. | л'
2026-09-26 07:29:11,878 - DEBUG - [UrcaDeLima] Данги: попытка 4/15 — OCR=да
2026-09-26 07:29:11,878 - DEBUG - [UrcaDeLima] Данги: OCR нашёл но в самом низу (ocr_y=140, list_h=146) — прокручиваю ещё
2026-09-26 07:29:16,172 - DEBUG - [UrcaDeLima] Данги OCR: 'ы | хром | россьета | пу | geo | mama | ‘te | + | последмяя | орумейыя | а | ssrocnosenaia | ным'
2026-09-26 07:29:16,172 - DEBUG - [UrcaDeLima] Данги: после прокрутки — OCR=нет ocr_y=0
2026-09-26 07:29:18,057 - DEBUG - [UrcaDeLima] Данги OCR: 'р | + | последмяя | opyartan | rad | ean | reaes | an | spews | aecryne | мот | .: | ля | pot | те |'
2026-09-26 07:29:18,912 - DEBUG - [UrcaDeLima] Данги: попытка 5/15 — OCR=да
2026-09-26 07:29:18,912 - INFO - [UrcaDeLima] Данги: найден через OCR (33,135)
2026-09-26 07:29:18,915 - INFO - [UrcaDeLima] Данги: сохранён blessed_found_ocr.png -> C:\Users\PC\Desktop\L2Mauto\profiles\Dungeon\blessed_found_ocr.png
2026-09-26 07:29:18,915 - INFO - [UrcaDeLima] Данги: клик по строке (33,135)
2026-09-26 07:29:22,827 - INFO - [UrcaDeLima] Данги: кликнул, проверяю время доступа
2026-09-26 07:29:22,850 - INFO - [UrcaDeLima] Данги: сохранён blessed_after_dungeon_click.png -> C:\Users\PC\Desktop\L2Mauto\profiles\Dungeon\blessed_after_dungeon_click.png
2026-09-26 07:29:22,860 - INFO - [UrcaDeLima] Данги: сохранён blessed_time_check.png -> C:\Users\PC\Desktop\L2Mauto\profiles\Dungeon\blessed_time_check.png
2026-09-26 07:29:22,862 - INFO - [UrcaDeLima] Данги: время доступа есть — иду в данж
2026-09-26 07:29:26,122 - INFO - [UrcaDeLima] Данги: нажал Вход
2026-09-26 07:29:26,149 - INFO - [UrcaDeLima] Данги: сохранён blessed_level_window.png -> C:\Users\PC\Desktop\L2Mauto\profiles\Dungeon\blessed_level_window.png
2026-09-26 07:29:26,456 - INFO - [UrcaDeLima] Данги: пробую Ур.75 — клик (260,164)
2026-09-26 07:29:28,732 - INFO - [UrcaDeLima] Данги: сохранён blessed_after_Ур_75.png -> C:\Users\PC\Desktop\L2Mauto\profiles\Dungeon\blessed_after_Ур_75.png
2026-09-26 07:29:28,732 - INFO - [UrcaDeLima] Данги: белый экран (mean=255) — данж запущен через Ур.75
2026-09-26 07:29:28,732 - INFO - [UrcaDeLima] Данги: данж запущен, жду 8 сек на загрузку
2026-09-26 07:29:36,757 - INFO - [UrcaDeLima] Данги: сохранён blessed_after_load.png -> C:\Users\PC\Desktop\L2Mauto\profiles\Dungeon\blessed_after_load.png
2026-09-26 07:29:38,578 - INFO - [UrcaDeLima] Не находимся в энерго
2026-09-26 07:29:38,579 - INFO - [UrcaDeLima] Данги: попытка усыпления 1/3
2026-09-26 07:29:44,743 - INFO - [UrcaDeLima] Находимся в энергорежиме
2026-09-26 07:29:44,744 - INFO - [UrcaDeLima] Данги: уснул с попытки 1
2026-09-26 07:29:44,744 - INFO - [UrcaDeLima] Данги: Благословенная Земля запущена, окно в сне
2026-09-26 07:29:44,744 - INFO - [UrcaDeLima] main_loop завершился
2026-09-26 09:15:31,413 - INFO - [UrcaDeLima] Находимся в энергорежиме
2026-09-26 09:15:40,229 - INFO - [UrcaDeLima] Не нашел красной точки, скипаю
2026-09-26 09:15:40,229 - INFO - [UrcaDeLima] Нет новых дейлик или не удалось собрать
2026-09-26 09:15:42,063 - INFO - [UrcaDeLima] Не находимся в энерго
2026-09-26 09:15:44,518 - INFO - [UrcaDeLima] Нашел почту
2026-09-26 09:15:51,578 - INFO - [UrcaDeLima] Почта собрана
2026-09-26 09:15:52,075 - INFO - [UrcaDeLima] Почта успешно собран
2026-09-26 09:15:53,897 - INFO - [UrcaDeLima] Не находимся в энерго
2026-09-26 09:15:58,912 - INFO - [UrcaDeLima] Нет красной точки на иконке достижений
2026-09-26 09:15:58,912 - INFO - [UrcaDeLima] Нет новых ачивы или не удалось собрать
2026-09-26 09:16:00,713 - INFO - [UrcaDeLima] Не находимся в энерго
2026-09-26 09:16:04,047 - INFO - [UrcaDeLima] Нет красной точки клана
2026-09-26 09:16:04,047 - INFO - [UrcaDeLima] Нет новых клан или не удалось собрать
2026-09-26 09:16:05,860 - INFO - [UrcaDeLima] Не находимся в энерго
2026-09-26 09:16:08,856 - INFO - [UrcaDeLima] Нашел сбор альянса, жму
2026-09-26 09:16:13,412 - INFO - [UrcaDeLima] Не нашел alliance_donate_2_button
2026-09-26 09:16:15,478 - INFO - [UrcaDeLima] Нет новых альянс или не удалось собрать
2026-09-26 09:16:17,313 - INFO - [UrcaDeLima] Не находимся в энерго
2026-09-26 09:16:20,413 - INFO - [UrcaDeLima] Нашел бп
2026-09-26 09:16:21,912 - INFO - [UrcaDeLima] Пробую чекнуть вкладочки бп
2026-09-26 09:16:22,403 - INFO - [UrcaDeLima] {'left': 0, 'top': 595, 'width': 400, 'height': 1}
2026-09-26 09:16:22,413 - INFO - [UrcaDeLima] [155]
2026-09-26 09:16:22,413 - INFO - [UrcaDeLima] final [['155, 25', 'no']]
2026-09-26 09:16:22,413 - INFO - [UrcaDeLima] Обнаружил вкладок бп: 1, начинаю чекать...
2026-09-26 09:16:24,186 - INFO - [UrcaDeLima] Подвкладок найдено: 1
2026-09-26 09:16:25,446 - INFO - [UrcaDeLima] Собираю награду [1.1]
2026-09-26 09:16:29,228 - INFO - [UrcaDeLima] Нет наград во вкладке 1, под 1
2026-09-26 09:16:35,846 - INFO - [UrcaDeLima] Закрываю баттл пасс
2026-09-26 09:16:38,106 - INFO - [UrcaDeLima] Пасс успешно собран
2026-09-26 09:16:39,929 - INFO - [UrcaDeLima] Не находимся в энерго
2026-09-26 09:16:51,222 - INFO - [UrcaDeLima] Чет пошло не так, skip!
2026-09-26 09:16:57,185 - INFO - [UrcaDeLima] Чет пошло не так, skip!
2026-09-26 09:16:59,495 - INFO - [UrcaDeLima] Шоп успешно собран
2026-09-26 09:17:01,313 - INFO - [UrcaDeLima] Не находимся в энерго
2026-09-26 09:17:06,214 - INFO - [UrcaDeLima] Вылезла обычная реклама, закрыл гадость
2026-09-26 09:17:07,047 - INFO - [UrcaDeLima] После энерго: закрыл рекламный баннер (проверка 1/3)
2026-09-26 09:17:12,314 - INFO - [UrcaDeLima] main_loop завершился
2026-09-26 09:32:53,477 - INFO - [UrcaDeLima] Находимся в энергорежиме
2026-09-26 09:32:57,394 - INFO - [UrcaDeLima] Аук: запущен relist (снять+найти+поставить)
2026-09-26 09:32:59,228 - INFO - [UrcaDeLima] Не находимся в энерго
2026-09-26 09:33:05,195 - INFO - [UrcaDeLima] Аук: загрузился
2026-09-26 09:33:05,207 - INFO - [UrcaDeLima] Аук: сохранил позицию окна до resize: (0,570) 400x225
2026-09-26 09:33:05,231 - INFO - [UrcaDeLima] Аук: выбрал позицию (960, 40) (занято: {(0, 40)})
2026-09-26 09:33:06,887 - INFO - [UrcaDeLima] Аук: окно в рабочем размере (попытка 1) на (960,40)
2026-09-26 09:33:12,655 - INFO - [UrcaDeLima] Аук: вкладка Продажа открыта
2026-09-26 09:33:12,655 - WARNING - [UrcaDeLima] Аук: не удалось сохранить фулл-скрин au_after_tab_sell.png: '_thread._local' object has no attribute 'srcdc'
2026-09-26 09:33:12,655 - INFO - [UrcaDeLima] Аук: предмет 1/10
2026-09-26 09:33:12,681 - INFO - [UrcaDeLima] Аук: сохранён au_lot_zone.png
2026-09-26 09:33:12,682 - INFO - [UrcaDeLima] Аук: сохранён au_sample.png
2026-09-26 09:33:12,683 - INFO - [UrcaDeLima] Аук: SIFT образец (лот): 0 точек
2026-09-26 09:33:13,045 - DEBUG - [UrcaDeLima] Аук: статус лота Tesseract: '‘т'
2026-09-26 09:33:13,046 - DEBUG - [UrcaDeLima] Аук: статус зелёных пикселей: 0 (0.00%)
2026-09-26 09:33:13,046 - INFO - [UrcaDeLima] Аук: образец лота пустой (нет иконки) — список лотов пуст. Завершаю прогон (не ошибка).
2026-09-26 09:33:13,046 - INFO - [UrcaDeLima] Аук: лотов больше нет на странице (предмет 1)
2026-09-26 09:33:16,296 - INFO - [UrcaDeLima] Аук: аук закрыт
2026-09-26 09:33:16,882 - INFO - [UrcaDeLima] Аук: окно возвращено 400x225 на (0,570)
2026-09-26 09:33:18,728 - INFO - [UrcaDeLima] Не находимся в энерго
2026-09-26 09:33:24,876 - INFO - [UrcaDeLima] Находимся в энергорежиме
2026-09-26 09:33:24,877 - INFO - [UrcaDeLima] Аук: окно уложено спать
2026-09-26 09:33:24,877 - WARNING - [UrcaDeLima] Аук: не удалось сохранить фулл-скрин au_final_fullscreen.png: '_thread._local' object has no attribute 'srcdc'
2026-09-26 09:33:24,878 - INFO - [UrcaDeLima] Аук: нечего переставлять (все лоты в «Продаётся» или список пуст)
2026-09-26 09:33:24,878 - DEBUG - [UrcaDeLima] Аук: log_uploader запущен в фоне
2026-09-26 09:33:24,878 - INFO - [UrcaDeLima] Шось сломалось либо не смог перевыставить аук
