=== Log tail 2026-09-24T22:51:09.256459 | last 200 lines ===
2026-09-24 22:42:02,883 - DEBUG - [global] needs_update: API → 5.13.07
2026-09-24 22:42:02,884 - DEBUG - [global] needs_update: лучший источник raw → 5.13.07 (из 2)
2026-09-24 22:42:02,884 - INFO - [global] needs_update: local=(5, 13, 7) remote=(5, 13, 7) -> has_update=False
2026-09-24 22:42:02,885 - INFO - [global] Установлена последняя версия бота | 5.13.07
2026-09-24 22:42:23,268 - INFO - [global] LogUploader: запускаю upload_run_logs...
2026-09-24 22:42:23,268 - DEBUG - [global] log_uploader: START window=periodic made=-1 token=...Rjnfq
2026-09-24 22:42:24,151 - DEBUG - [global] _api_put: GET runs/20260924_224223_fail_periodic.log -> 404
2026-09-24 22:42:25,780 - DEBUG - [global] _api_put: PUT runs/20260924_224223_fail_periodic.log -> 201 (6194 bytes)
2026-09-24 22:42:25,782 - DEBUG - [global] log_uploader: STEP 1 (window log) -> https://github.com/StarateJI/L2Mauto/blob/bot-logs/runs/20260924_224223_fail_periodic.log
2026-09-24 22:42:25,783 - DEBUG - [global] log_uploader: STEP 2 SKIP (no PNGs)
2026-09-24 22:42:26,673 - DEBUG - [global] _api_put: GET runs/20260924_224223_fail_global.log -> 404
2026-09-24 22:42:28,526 - DEBUG - [global] _api_put: PUT runs/20260924_224223_fail_global.log -> 201 (20334 bytes)
2026-09-24 22:42:28,527 - DEBUG - [global] log_uploader: STEP 3 (global log) -> https://github.com/StarateJI/L2Mauto/blob/bot-logs/runs/20260924_224223_fail_global.log
2026-09-24 22:42:28,527 - DEBUG - [global] log_uploader: END window=periodic
2026-09-24 22:42:28,527 - INFO - [global] LogUploader: upload_run_logs завершён
2026-09-24 22:42:32,910 - INFO - [global] Проверяю обновы...
2026-09-24 22:42:33,735 - DEBUG - [global] needs_update: raw → 5.13.07
2026-09-24 22:42:33,928 - DEBUG - [global] needs_update: API → 5.13.07
2026-09-24 22:42:33,929 - DEBUG - [global] needs_update: лучший источник raw → 5.13.07 (из 2)
2026-09-24 22:42:33,929 - INFO - [global] needs_update: local=(5, 13, 7) remote=(5, 13, 7) -> has_update=False
2026-09-24 22:42:33,929 - INFO - [global] Установлена последняя версия бота | 5.13.07
2026-09-24 22:43:03,946 - INFO - [global] Проверяю обновы...
2026-09-24 22:43:04,720 - DEBUG - [global] needs_update: raw → 5.13.07
2026-09-24 22:43:04,926 - DEBUG - [global] needs_update: API → 5.13.07
2026-09-24 22:43:04,926 - DEBUG - [global] needs_update: лучший источник raw → 5.13.07 (из 2)
2026-09-24 22:43:04,926 - INFO - [global] needs_update: local=(5, 13, 7) remote=(5, 13, 7) -> has_update=False
2026-09-24 22:43:04,927 - INFO - [global] Установлена последняя версия бота | 5.13.07
2026-09-24 22:43:28,561 - INFO - [global] LogUploader: запускаю upload_run_logs...
2026-09-24 22:43:28,561 - DEBUG - [global] log_uploader: START window=periodic made=-1 token=...Rjnfq
2026-09-24 22:43:29,408 - DEBUG - [global] _api_put: GET runs/20260924_224328_fail_periodic.log -> 404
2026-09-24 22:43:30,972 - DEBUG - [global] _api_put: PUT runs/20260924_224328_fail_periodic.log -> 201 (6194 bytes)
2026-09-24 22:43:30,975 - DEBUG - [global] log_uploader: STEP 1 (window log) -> https://github.com/StarateJI/L2Mauto/blob/bot-logs/runs/20260924_224328_fail_periodic.log
2026-09-24 22:43:30,976 - DEBUG - [global] log_uploader: STEP 2 SKIP (no PNGs)
2026-09-24 22:43:31,893 - DEBUG - [global] _api_put: GET runs/20260924_224328_fail_global.log -> 404
2026-09-24 22:43:33,717 - DEBUG - [global] _api_put: PUT runs/20260924_224328_fail_global.log -> 201 (20334 bytes)
2026-09-24 22:43:33,721 - DEBUG - [global] log_uploader: STEP 3 (global log) -> https://github.com/StarateJI/L2Mauto/blob/bot-logs/runs/20260924_224328_fail_global.log
2026-09-24 22:43:33,721 - DEBUG - [global] log_uploader: END window=periodic
2026-09-24 22:43:33,721 - INFO - [global] LogUploader: upload_run_logs завершён
2026-09-24 22:43:34,942 - INFO - [global] Проверяю обновы...
2026-09-24 22:43:35,706 - DEBUG - [global] needs_update: raw → 5.13.07
2026-09-24 22:43:35,951 - DEBUG - [global] needs_update: API → 5.13.07
2026-09-24 22:43:35,951 - DEBUG - [global] needs_update: лучший источник raw → 5.13.07 (из 2)
2026-09-24 22:43:35,951 - INFO - [global] needs_update: local=(5, 13, 7) remote=(5, 13, 7) -> has_update=False
2026-09-24 22:43:35,952 - INFO - [global] Установлена последняя версия бота | 5.13.07
2026-09-24 22:44:05,970 - INFO - [global] Проверяю обновы...
2026-09-24 22:44:06,774 - DEBUG - [global] needs_update: raw → 5.13.07
2026-09-24 22:44:06,915 - DEBUG - [global] needs_update: API → 5.13.07
2026-09-24 22:44:06,916 - DEBUG - [global] needs_update: лучший источник raw → 5.13.07 (из 2)
2026-09-24 22:44:06,916 - INFO - [global] needs_update: local=(5, 13, 7) remote=(5, 13, 7) -> has_update=False
2026-09-24 22:44:06,917 - INFO - [global] Установлена последняя версия бота | 5.13.07
2026-09-24 22:44:33,756 - INFO - [global] LogUploader: запускаю upload_run_logs...
2026-09-24 22:44:33,756 - DEBUG - [global] log_uploader: START window=periodic made=-1 token=...Rjnfq
2026-09-24 22:44:34,644 - DEBUG - [global] _api_put: GET runs/20260924_224433_fail_periodic.log -> 404
2026-09-24 22:44:36,366 - DEBUG - [global] _api_put: PUT runs/20260924_224433_fail_periodic.log -> 201 (6194 bytes)
2026-09-24 22:44:36,369 - DEBUG - [global] log_uploader: STEP 1 (window log) -> https://github.com/StarateJI/L2Mauto/blob/bot-logs/runs/20260924_224433_fail_periodic.log
2026-09-24 22:44:36,369 - DEBUG - [global] log_uploader: STEP 2 SKIP (no PNGs)
2026-09-24 22:44:36,932 - INFO - [global] Проверяю обновы...
2026-09-24 22:44:37,332 - DEBUG - [global] _api_put: GET runs/20260924_224433_fail_global.log -> 404
2026-09-24 22:44:37,786 - DEBUG - [global] needs_update: raw → 5.13.07
2026-09-24 22:44:37,954 - DEBUG - [global] needs_update: API → 5.13.07
2026-09-24 22:44:37,954 - DEBUG - [global] needs_update: лучший источник raw → 5.13.07 (из 2)
2026-09-24 22:44:37,954 - INFO - [global] needs_update: local=(5, 13, 7) remote=(5, 13, 7) -> has_update=False
2026-09-24 22:44:37,954 - INFO - [global] Установлена последняя версия бота | 5.13.07
2026-09-24 22:44:39,639 - DEBUG - [global] _api_put: PUT runs/20260924_224433_fail_global.log -> 201 (20334 bytes)
2026-09-24 22:44:39,640 - DEBUG - [global] log_uploader: STEP 3 (global log) -> https://github.com/StarateJI/L2Mauto/blob/bot-logs/runs/20260924_224433_fail_global.log
2026-09-24 22:44:39,640 - DEBUG - [global] log_uploader: END window=periodic
2026-09-24 22:44:39,640 - INFO - [global] LogUploader: upload_run_logs завершён
2026-09-24 22:45:07,974 - INFO - [global] Проверяю обновы...
2026-09-24 22:45:08,726 - DEBUG - [global] needs_update: raw → 5.13.07
2026-09-24 22:45:08,953 - DEBUG - [global] needs_update: API → 5.13.07
2026-09-24 22:45:08,953 - DEBUG - [global] needs_update: лучший источник raw → 5.13.07 (из 2)
2026-09-24 22:45:08,953 - INFO - [global] needs_update: local=(5, 13, 7) remote=(5, 13, 7) -> has_update=False
2026-09-24 22:45:08,954 - INFO - [global] Установлена последняя версия бота | 5.13.07
2026-09-24 22:45:38,972 - INFO - [global] Проверяю обновы...
2026-09-24 22:45:39,680 - INFO - [global] LogUploader: запускаю upload_run_logs...
2026-09-24 22:45:39,680 - DEBUG - [global] log_uploader: START window=periodic made=-1 token=...Rjnfq
2026-09-24 22:45:39,755 - DEBUG - [global] needs_update: raw → 5.13.07
2026-09-24 22:45:39,983 - DEBUG - [global] needs_update: API → 5.13.07
2026-09-24 22:45:39,983 - DEBUG - [global] needs_update: лучший источник raw → 5.13.07 (из 2)
2026-09-24 22:45:39,984 - INFO - [global] needs_update: local=(5, 13, 7) remote=(5, 13, 7) -> has_update=False
2026-09-24 22:45:39,984 - INFO - [global] Установлена последняя версия бота | 5.13.07
2026-09-24 22:45:40,580 - DEBUG - [global] _api_put: GET runs/20260924_224539_fail_periodic.log -> 404
2026-09-24 22:45:42,290 - DEBUG - [global] _api_put: PUT runs/20260924_224539_fail_periodic.log -> 201 (6194 bytes)
2026-09-24 22:45:42,292 - DEBUG - [global] log_uploader: STEP 1 (window log) -> https://github.com/StarateJI/L2Mauto/blob/bot-logs/runs/20260924_224539_fail_periodic.log
2026-09-24 22:45:42,292 - DEBUG - [global] log_uploader: STEP 2 SKIP (no PNGs)
2026-09-24 22:45:43,160 - DEBUG - [global] _api_put: GET runs/20260924_224539_fail_global.log -> 404
2026-09-24 22:45:44,781 - DEBUG - [global] _api_put: PUT runs/20260924_224539_fail_global.log -> 201 (20334 bytes)
2026-09-24 22:45:44,782 - DEBUG - [global] log_uploader: STEP 3 (global log) -> https://github.com/StarateJI/L2Mauto/blob/bot-logs/runs/20260924_224539_fail_global.log
2026-09-24 22:45:44,782 - DEBUG - [global] log_uploader: END window=periodic
2026-09-24 22:45:44,782 - INFO - [global] LogUploader: upload_run_logs завершён
2026-09-24 22:46:10,001 - INFO - [global] Проверяю обновы...
2026-09-24 22:46:10,773 - DEBUG - [global] needs_update: raw → 5.13.07
2026-09-24 22:46:10,957 - DEBUG - [global] needs_update: API → 5.13.07
2026-09-24 22:46:10,958 - DEBUG - [global] needs_update: лучший источник raw → 5.13.07 (из 2)
2026-09-24 22:46:10,958 - INFO - [global] needs_update: local=(5, 13, 7) remote=(5, 13, 7) -> has_update=False
2026-09-24 22:46:10,958 - INFO - [global] Установлена последняя версия бота | 5.13.07
2026-09-24 22:46:40,976 - INFO - [global] Проверяю обновы...
2026-09-24 22:46:41,729 - DEBUG - [global] needs_update: raw → 5.13.07
2026-09-24 22:46:41,970 - DEBUG - [global] needs_update: API → 5.13.07
2026-09-24 22:46:41,970 - DEBUG - [global] needs_update: лучший источник raw → 5.13.07 (из 2)
2026-09-24 22:46:41,970 - INFO - [global] needs_update: local=(5, 13, 7) remote=(5, 13, 7) -> has_update=False
2026-09-24 22:46:41,971 - INFO - [global] Установлена последняя версия бота | 5.13.07
2026-09-24 22:46:44,819 - INFO - [global] LogUploader: запускаю upload_run_logs...
2026-09-24 22:46:44,820 - DEBUG - [global] log_uploader: START window=periodic made=-1 token=...Rjnfq
2026-09-24 22:46:45,661 - DEBUG - [global] _api_put: GET runs/20260924_224644_fail_periodic.log -> 404
2026-09-24 22:46:47,197 - DEBUG - [global] _api_put: PUT runs/20260924_224644_fail_periodic.log -> 201 (6194 bytes)
2026-09-24 22:46:47,199 - DEBUG - [global] log_uploader: STEP 1 (window log) -> https://github.com/StarateJI/L2Mauto/blob/bot-logs/runs/20260924_224644_fail_periodic.log
2026-09-24 22:46:47,199 - DEBUG - [global] log_uploader: STEP 2 SKIP (no PNGs)
2026-09-24 22:46:48,131 - DEBUG - [global] _api_put: GET runs/20260924_224644_fail_global.log -> 404
2026-09-24 22:46:49,748 - DEBUG - [global] _api_put: PUT runs/20260924_224644_fail_global.log -> 201 (20334 bytes)
2026-09-24 22:46:49,751 - DEBUG - [global] log_uploader: STEP 3 (global log) -> https://github.com/StarateJI/L2Mauto/blob/bot-logs/runs/20260924_224644_fail_global.log
2026-09-24 22:46:49,751 - DEBUG - [global] log_uploader: END window=periodic
2026-09-24 22:46:49,751 - INFO - [global] LogUploader: upload_run_logs завершён
2026-09-24 22:47:11,989 - INFO - [global] Проверяю обновы...
2026-09-24 22:47:12,790 - DEBUG - [global] needs_update: raw → 5.13.07
2026-09-24 22:47:12,937 - DEBUG - [global] needs_update: API → 5.13.07
2026-09-24 22:47:12,937 - DEBUG - [global] needs_update: лучший источник raw → 5.13.07 (из 2)
2026-09-24 22:47:12,937 - INFO - [global] needs_update: local=(5, 13, 7) remote=(5, 13, 7) -> has_update=False
2026-09-24 22:47:12,938 - INFO - [global] Установлена последняя версия бота | 5.13.07
2026-09-24 22:47:42,953 - INFO - [global] Проверяю обновы...
2026-09-24 22:47:43,737 - DEBUG - [global] needs_update: raw → 5.13.07
2026-09-24 22:47:43,907 - DEBUG - [global] needs_update: API → 5.13.07
2026-09-24 22:47:43,907 - DEBUG - [global] needs_update: лучший источник raw → 5.13.07 (из 2)
2026-09-24 22:47:43,907 - INFO - [global] needs_update: local=(5, 13, 7) remote=(5, 13, 7) -> has_update=False
2026-09-24 22:47:43,908 - INFO - [global] Установлена последняя версия бота | 5.13.07
2026-09-24 22:47:49,783 - INFO - [global] LogUploader: запускаю upload_run_logs...
2026-09-24 22:47:49,783 - DEBUG - [global] log_uploader: START window=periodic made=-1 token=...Rjnfq
2026-09-24 22:47:50,693 - DEBUG - [global] _api_put: GET runs/20260924_224749_fail_periodic.log -> 404
2026-09-24 22:47:52,425 - DEBUG - [global] _api_put: PUT runs/20260924_224749_fail_periodic.log -> 201 (6194 bytes)
2026-09-24 22:47:52,427 - DEBUG - [global] log_uploader: STEP 1 (window log) -> https://github.com/StarateJI/L2Mauto/blob/bot-logs/runs/20260924_224749_fail_periodic.log
2026-09-24 22:47:52,427 - DEBUG - [global] log_uploader: STEP 2 SKIP (no PNGs)
2026-09-24 22:47:53,395 - DEBUG - [global] _api_put: GET runs/20260924_224749_fail_global.log -> 404
2026-09-24 22:47:55,206 - DEBUG - [global] _api_put: PUT runs/20260924_224749_fail_global.log -> 201 (20334 bytes)
2026-09-24 22:47:55,207 - DEBUG - [global] log_uploader: STEP 3 (global log) -> https://github.com/StarateJI/L2Mauto/blob/bot-logs/runs/20260924_224749_fail_global.log
2026-09-24 22:47:55,207 - DEBUG - [global] log_uploader: END window=periodic
2026-09-24 22:47:55,207 - INFO - [global] LogUploader: upload_run_logs завершён
2026-09-24 22:48:13,938 - INFO - [global] Проверяю обновы...
2026-09-24 22:48:14,788 - DEBUG - [global] needs_update: raw → 5.13.07
2026-09-24 22:48:15,040 - DEBUG - [global] needs_update: API → 5.13.07
2026-09-24 22:48:15,041 - DEBUG - [global] needs_update: лучший источник raw → 5.13.07 (из 2)
2026-09-24 22:48:15,041 - INFO - [global] needs_update: local=(5, 13, 7) remote=(5, 13, 7) -> has_update=False
2026-09-24 22:48:15,042 - INFO - [global] Установлена последняя версия бота | 5.13.07
2026-09-24 22:48:45,056 - INFO - [global] Проверяю обновы...
2026-09-24 22:48:46,091 - DEBUG - [global] needs_update: raw → 5.13.07
2026-09-24 22:48:46,261 - DEBUG - [global] needs_update: API → 5.13.07
2026-09-24 22:48:46,262 - DEBUG - [global] needs_update: лучший источник raw → 5.13.07 (из 2)
2026-09-24 22:48:46,262 - INFO - [global] needs_update: local=(5, 13, 7) remote=(5, 13, 7) -> has_update=False
2026-09-24 22:48:46,262 - INFO - [global] Установлена последняя версия бота | 5.13.07
2026-09-24 22:48:55,271 - INFO - [global] LogUploader: запускаю upload_run_logs...
2026-09-24 22:48:55,272 - DEBUG - [global] log_uploader: START window=periodic made=-1 token=...Rjnfq
2026-09-24 22:48:56,259 - DEBUG - [global] _api_put: GET runs/20260924_224855_fail_periodic.log -> 404
2026-09-24 22:48:57,992 - DEBUG - [global] _api_put: PUT runs/20260924_224855_fail_periodic.log -> 201 (6194 bytes)
2026-09-24 22:48:57,995 - DEBUG - [global] log_uploader: STEP 1 (window log) -> https://github.com/StarateJI/L2Mauto/blob/bot-logs/runs/20260924_224855_fail_periodic.log
2026-09-24 22:48:57,995 - DEBUG - [global] log_uploader: STEP 2 SKIP (no PNGs)
2026-09-24 22:48:59,031 - DEBUG - [global] _api_put: GET runs/20260924_224855_fail_global.log -> 404
2026-09-24 22:49:01,023 - DEBUG - [global] _api_put: PUT runs/20260924_224855_fail_global.log -> 201 (20334 bytes)
2026-09-24 22:49:01,027 - DEBUG - [global] log_uploader: STEP 3 (global log) -> https://github.com/StarateJI/L2Mauto/blob/bot-logs/runs/20260924_224855_fail_global.log
2026-09-24 22:49:01,027 - DEBUG - [global] log_uploader: END window=periodic
2026-09-24 22:49:01,027 - INFO - [global] LogUploader: upload_run_logs завершён
2026-09-24 22:49:16,285 - INFO - [global] Проверяю обновы...
2026-09-24 22:49:17,262 - DEBUG - [global] needs_update: raw → 5.13.07
2026-09-24 22:49:17,481 - DEBUG - [global] needs_update: API → 5.13.07
2026-09-24 22:49:17,482 - DEBUG - [global] needs_update: лучший источник raw → 5.13.07 (из 2)
2026-09-24 22:49:17,484 - INFO - [global] needs_update: local=(5, 13, 7) remote=(5, 13, 7) -> has_update=False
2026-09-24 22:49:17,485 - INFO - [global] Установлена последняя версия бота | 5.13.07
2026-09-24 22:49:47,510 - INFO - [global] Проверяю обновы...
2026-09-24 22:49:48,441 - DEBUG - [global] needs_update: raw → 5.13.07
2026-09-24 22:49:48,622 - DEBUG - [global] needs_update: API → 5.13.07
2026-09-24 22:49:48,623 - DEBUG - [global] needs_update: лучший источник raw → 5.13.07 (из 2)
2026-09-24 22:49:48,623 - INFO - [global] needs_update: local=(5, 13, 7) remote=(5, 13, 7) -> has_update=False
2026-09-24 22:49:48,624 - INFO - [global] Установлена последняя версия бота | 5.13.07
2026-09-24 22:50:01,083 - INFO - [global] LogUploader: запускаю upload_run_logs...
2026-09-24 22:50:01,084 - DEBUG - [global] log_uploader: START window=periodic made=-1 token=...Rjnfq
2026-09-24 22:50:02,113 - DEBUG - [global] _api_put: GET runs/20260924_225001_fail_periodic.log -> 404
2026-09-24 22:50:03,785 - DEBUG - [global] _api_put: PUT runs/20260924_225001_fail_periodic.log -> 201 (6194 bytes)
2026-09-24 22:50:03,787 - DEBUG - [global] log_uploader: STEP 1 (window log) -> https://github.com/StarateJI/L2Mauto/blob/bot-logs/runs/20260924_225001_fail_periodic.log
2026-09-24 22:50:03,788 - DEBUG - [global] log_uploader: STEP 2 SKIP (no PNGs)
2026-09-24 22:50:04,776 - DEBUG - [global] _api_put: GET runs/20260924_225001_fail_global.log -> 404
2026-09-24 22:50:06,540 - DEBUG - [global] _api_put: PUT runs/20260924_225001_fail_global.log -> 201 (20334 bytes)
2026-09-24 22:50:06,544 - DEBUG - [global] log_uploader: STEP 3 (global log) -> https://github.com/StarateJI/L2Mauto/blob/bot-logs/runs/20260924_225001_fail_global.log
2026-09-24 22:50:06,544 - DEBUG - [global] log_uploader: END window=periodic
2026-09-24 22:50:06,544 - INFO - [global] LogUploader: upload_run_logs завершён
2026-09-24 22:50:18,646 - INFO - [global] Проверяю обновы...
2026-09-24 22:50:19,500 - DEBUG - [global] needs_update: raw → 5.13.07
2026-09-24 22:50:19,685 - DEBUG - [global] needs_update: API → 5.13.07
2026-09-24 22:50:19,685 - DEBUG - [global] needs_update: лучший источник raw → 5.13.07 (из 2)
2026-09-24 22:50:19,686 - INFO - [global] needs_update: local=(5, 13, 7) remote=(5, 13, 7) -> has_update=False
2026-09-24 22:50:19,686 - INFO - [global] Установлена последняя версия бота | 5.13.07
2026-09-24 22:50:49,713 - INFO - [global] Проверяю обновы...
2026-09-24 22:50:50,607 - DEBUG - [global] needs_update: raw → 5.13.07
2026-09-24 22:50:50,747 - DEBUG - [global] needs_update: API → 5.13.07
2026-09-24 22:50:50,749 - DEBUG - [global] needs_update: лучший источник raw → 5.13.07 (из 2)
2026-09-24 22:50:50,749 - INFO - [global] needs_update: local=(5, 13, 7) remote=(5, 13, 7) -> has_update=False
2026-09-24 22:50:50,750 - INFO - [global] Установлена последняя версия бота | 5.13.07
2026-09-24 22:51:06,596 - INFO - [global] LogUploader: запускаю upload_run_logs...
2026-09-24 22:51:06,596 - DEBUG - [global] log_uploader: START window=periodic made=-1 token=...Rjnfq
2026-09-24 22:51:07,508 - DEBUG - [global] _api_put: GET runs/20260924_225106_fail_periodic.log -> 404
2026-09-24 22:51:09,209 - DEBUG - [global] _api_put: PUT runs/20260924_225106_fail_periodic.log -> 201 (6194 bytes)
2026-09-24 22:51:09,211 - DEBUG - [global] log_uploader: STEP 1 (window log) -> https://github.com/StarateJI/L2Mauto/blob/bot-logs/runs/20260924_225106_fail_periodic.log
2026-09-24 22:51:09,212 - DEBUG - [global] log_uploader: STEP 2 SKIP (no PNGs)
