=== Log tail 2026-09-17T02:01:22.924095 | last 200 lines ===
2026-09-17 01:52:46,671 - DEBUG - [global] needs_update: API GitHub → 5.9.0
2026-09-17 01:52:47,308 - DEBUG - [global] needs_update: jsdelivr → 5.9.0
2026-09-17 01:52:47,308 - DEBUG - [global] needs_update: лучший источник raw → 5.9.0 (из 3)
2026-09-17 01:52:47,310 - INFO - [global] needs_update: local=(5, 8, 2) remote=(5, 9, 0) -> has_update=True
2026-09-17 01:52:47,310 - INFO - [global] Доступна обнова! Спавню кнопку
2026-09-17 01:53:17,330 - INFO - [global] Проверяю обновы...
2026-09-17 01:53:18,129 - DEBUG - [global] needs_update: raw → 5.9.0
2026-09-17 01:53:18,961 - DEBUG - [global] needs_update: API GitHub → 5.9.0
2026-09-17 01:53:19,515 - DEBUG - [global] needs_update: jsdelivr → 5.9.0
2026-09-17 01:53:19,516 - DEBUG - [global] needs_update: лучший источник raw → 5.9.0 (из 3)
2026-09-17 01:53:19,518 - INFO - [global] needs_update: local=(5, 8, 2) remote=(5, 9, 0) -> has_update=True
2026-09-17 01:53:19,518 - INFO - [global] Доступна обнова! Спавню кнопку
2026-09-17 01:53:44,837 - INFO - [global] LogUploader: запускаю upload_run_logs...
2026-09-17 01:53:44,837 - DEBUG - [global] log_uploader: START window=periodic made=-1 token=...Rjnfq
2026-09-17 01:53:45,736 - DEBUG - [global] _api_put: GET runs/20260917_015344_fail_periodic.log -> 404
2026-09-17 01:53:47,129 - DEBUG - [global] _api_put: PUT runs/20260917_015344_fail_periodic.log -> 201 (10182 bytes)
2026-09-17 01:53:47,131 - DEBUG - [global] log_uploader: STEP 1 (window log) -> https://github.com/StarateJI/L2Mauto/blob/bot-logs/runs/20260917_015344_fail_periodic.log
2026-09-17 01:53:47,132 - DEBUG - [global] log_uploader: STEP 2 SKIP (no PNGs)
2026-09-17 01:53:48,065 - DEBUG - [global] _api_put: GET runs/20260917_015344_fail_global.log -> 404
2026-09-17 01:53:49,532 - INFO - [global] Проверяю обновы...
2026-09-17 01:53:49,594 - DEBUG - [global] _api_put: PUT runs/20260917_015344_fail_global.log -> 201 (19621 bytes)
2026-09-17 01:53:49,595 - DEBUG - [global] log_uploader: STEP 3 (global log) -> https://github.com/StarateJI/L2Mauto/blob/bot-logs/runs/20260917_015344_fail_global.log
2026-09-17 01:53:49,595 - DEBUG - [global] log_uploader: END window=periodic
2026-09-17 01:53:49,595 - INFO - [global] LogUploader: upload_run_logs завершён
2026-09-17 01:53:50,198 - DEBUG - [global] needs_update: raw → 5.9.0
2026-09-17 01:53:50,986 - DEBUG - [global] needs_update: API GitHub → 5.9.0
2026-09-17 01:53:51,510 - DEBUG - [global] needs_update: jsdelivr → 5.9.0
2026-09-17 01:53:51,511 - DEBUG - [global] needs_update: лучший источник raw → 5.9.0 (из 3)
2026-09-17 01:53:51,514 - INFO - [global] needs_update: local=(5, 8, 2) remote=(5, 9, 0) -> has_update=True
2026-09-17 01:53:51,514 - INFO - [global] Доступна обнова! Спавню кнопку
2026-09-17 01:54:21,534 - INFO - [global] Проверяю обновы...
2026-09-17 01:54:22,155 - DEBUG - [global] needs_update: raw → 5.9.0
2026-09-17 01:54:23,006 - DEBUG - [global] needs_update: API GitHub → 5.9.0
2026-09-17 01:54:23,521 - DEBUG - [global] needs_update: jsdelivr → 5.9.0
2026-09-17 01:54:23,521 - DEBUG - [global] needs_update: лучший источник raw → 5.9.0 (из 3)
2026-09-17 01:54:23,523 - INFO - [global] needs_update: local=(5, 8, 2) remote=(5, 9, 0) -> has_update=True
2026-09-17 01:54:23,524 - INFO - [global] Доступна обнова! Спавню кнопку
2026-09-17 01:54:49,629 - INFO - [global] LogUploader: запускаю upload_run_logs...
2026-09-17 01:54:49,630 - DEBUG - [global] log_uploader: START window=periodic made=-1 token=...Rjnfq
2026-09-17 01:54:50,484 - DEBUG - [global] _api_put: GET runs/20260917_015449_fail_periodic.log -> 404
2026-09-17 01:54:51,961 - DEBUG - [global] _api_put: PUT runs/20260917_015449_fail_periodic.log -> 201 (10182 bytes)
2026-09-17 01:54:51,963 - DEBUG - [global] log_uploader: STEP 1 (window log) -> https://github.com/StarateJI/L2Mauto/blob/bot-logs/runs/20260917_015449_fail_periodic.log
2026-09-17 01:54:51,964 - DEBUG - [global] log_uploader: STEP 2 SKIP (no PNGs)
2026-09-17 01:54:52,921 - DEBUG - [global] _api_put: GET runs/20260917_015449_fail_global.log -> 404
2026-09-17 01:54:53,542 - INFO - [global] Проверяю обновы...
2026-09-17 01:54:54,202 - DEBUG - [global] needs_update: raw → 5.9.0
2026-09-17 01:54:54,467 - DEBUG - [global] _api_put: PUT runs/20260917_015449_fail_global.log -> 201 (19621 bytes)
2026-09-17 01:54:54,469 - DEBUG - [global] log_uploader: STEP 3 (global log) -> https://github.com/StarateJI/L2Mauto/blob/bot-logs/runs/20260917_015449_fail_global.log
2026-09-17 01:54:54,469 - DEBUG - [global] log_uploader: END window=periodic
2026-09-17 01:54:54,469 - INFO - [global] LogUploader: upload_run_logs завершён
2026-09-17 01:54:55,004 - DEBUG - [global] needs_update: API GitHub → 5.9.0
2026-09-17 01:54:55,564 - DEBUG - [global] needs_update: jsdelivr → 5.9.0
2026-09-17 01:54:55,564 - DEBUG - [global] needs_update: лучший источник raw → 5.9.0 (из 3)
2026-09-17 01:54:55,565 - INFO - [global] needs_update: local=(5, 8, 2) remote=(5, 9, 0) -> has_update=True
2026-09-17 01:54:55,566 - INFO - [global] Доступна обнова! Спавню кнопку
2026-09-17 01:55:25,584 - INFO - [global] Проверяю обновы...
2026-09-17 01:55:26,245 - DEBUG - [global] needs_update: raw → 5.9.0
2026-09-17 01:55:27,267 - DEBUG - [global] needs_update: API GitHub → 5.9.0
2026-09-17 01:55:27,807 - DEBUG - [global] needs_update: jsdelivr → 5.9.0
2026-09-17 01:55:27,807 - DEBUG - [global] needs_update: лучший источник raw → 5.9.0 (из 3)
2026-09-17 01:55:27,810 - INFO - [global] needs_update: local=(5, 8, 2) remote=(5, 9, 0) -> has_update=True
2026-09-17 01:55:27,810 - INFO - [global] Доступна обнова! Спавню кнопку
2026-09-17 01:55:54,503 - INFO - [global] LogUploader: запускаю upload_run_logs...
2026-09-17 01:55:54,504 - DEBUG - [global] log_uploader: START window=periodic made=-1 token=...Rjnfq
2026-09-17 01:55:55,394 - DEBUG - [global] _api_put: GET runs/20260917_015554_fail_periodic.log -> 404
2026-09-17 01:55:56,900 - DEBUG - [global] _api_put: PUT runs/20260917_015554_fail_periodic.log -> 201 (10182 bytes)
2026-09-17 01:55:56,903 - DEBUG - [global] log_uploader: STEP 1 (window log) -> https://github.com/StarateJI/L2Mauto/blob/bot-logs/runs/20260917_015554_fail_periodic.log
2026-09-17 01:55:56,904 - DEBUG - [global] log_uploader: STEP 2 SKIP (no PNGs)
2026-09-17 01:55:57,828 - INFO - [global] Проверяю обновы...
2026-09-17 01:55:57,837 - DEBUG - [global] _api_put: GET runs/20260917_015554_fail_global.log -> 404
2026-09-17 01:55:58,601 - DEBUG - [global] needs_update: raw → 5.9.0
2026-09-17 01:55:59,432 - DEBUG - [global] needs_update: API GitHub → 5.9.0
2026-09-17 01:55:59,435 - DEBUG - [global] _api_put: PUT runs/20260917_015554_fail_global.log -> 201 (19621 bytes)
2026-09-17 01:55:59,439 - DEBUG - [global] log_uploader: STEP 3 (global log) -> https://github.com/StarateJI/L2Mauto/blob/bot-logs/runs/20260917_015554_fail_global.log
2026-09-17 01:55:59,439 - DEBUG - [global] log_uploader: END window=periodic
2026-09-17 01:55:59,439 - INFO - [global] LogUploader: upload_run_logs завершён
2026-09-17 01:55:59,984 - DEBUG - [global] needs_update: jsdelivr → 5.9.0
2026-09-17 01:55:59,984 - DEBUG - [global] needs_update: лучший источник raw → 5.9.0 (из 3)
2026-09-17 01:55:59,985 - INFO - [global] needs_update: local=(5, 8, 2) remote=(5, 9, 0) -> has_update=True
2026-09-17 01:55:59,985 - INFO - [global] Доступна обнова! Спавню кнопку
2026-09-17 01:56:30,004 - INFO - [global] Проверяю обновы...
2026-09-17 01:56:30,673 - DEBUG - [global] needs_update: raw → 5.9.0
2026-09-17 01:56:31,512 - DEBUG - [global] needs_update: API GitHub → 5.9.0
2026-09-17 01:56:32,116 - DEBUG - [global] needs_update: jsdelivr → 5.9.0
2026-09-17 01:56:32,116 - DEBUG - [global] needs_update: лучший источник raw → 5.9.0 (из 3)
2026-09-17 01:56:32,118 - INFO - [global] needs_update: local=(5, 8, 2) remote=(5, 9, 0) -> has_update=True
2026-09-17 01:56:32,118 - INFO - [global] Доступна обнова! Спавню кнопку
2026-09-17 01:56:59,476 - INFO - [global] LogUploader: запускаю upload_run_logs...
2026-09-17 01:56:59,477 - DEBUG - [global] log_uploader: START window=periodic made=-1 token=...Rjnfq
2026-09-17 01:57:00,319 - DEBUG - [global] _api_put: GET runs/20260917_015659_fail_periodic.log -> 404
2026-09-17 01:57:01,847 - DEBUG - [global] _api_put: PUT runs/20260917_015659_fail_periodic.log -> 201 (10182 bytes)
2026-09-17 01:57:01,850 - DEBUG - [global] log_uploader: STEP 1 (window log) -> https://github.com/StarateJI/L2Mauto/blob/bot-logs/runs/20260917_015659_fail_periodic.log
2026-09-17 01:57:01,850 - DEBUG - [global] log_uploader: STEP 2 SKIP (no PNGs)
2026-09-17 01:57:02,140 - INFO - [global] Проверяю обновы...
2026-09-17 01:57:02,858 - DEBUG - [global] needs_update: raw → 5.9.0
2026-09-17 01:57:03,021 - DEBUG - [global] _api_put: GET runs/20260917_015659_fail_global.log -> 404
2026-09-17 01:57:03,756 - DEBUG - [global] needs_update: API GitHub → 5.9.0
2026-09-17 01:57:04,311 - DEBUG - [global] needs_update: jsdelivr → 5.9.0
2026-09-17 01:57:04,311 - DEBUG - [global] needs_update: лучший источник raw → 5.9.0 (из 3)
2026-09-17 01:57:04,313 - INFO - [global] needs_update: local=(5, 8, 2) remote=(5, 9, 0) -> has_update=True
2026-09-17 01:57:04,313 - INFO - [global] Доступна обнова! Спавню кнопку
2026-09-17 01:57:04,612 - DEBUG - [global] _api_put: PUT runs/20260917_015659_fail_global.log -> 201 (19621 bytes)
2026-09-17 01:57:04,614 - DEBUG - [global] log_uploader: STEP 3 (global log) -> https://github.com/StarateJI/L2Mauto/blob/bot-logs/runs/20260917_015659_fail_global.log
2026-09-17 01:57:04,615 - DEBUG - [global] log_uploader: END window=periodic
2026-09-17 01:57:04,615 - INFO - [global] LogUploader: upload_run_logs завершён
2026-09-17 01:57:34,331 - INFO - [global] Проверяю обновы...
2026-09-17 01:57:34,980 - DEBUG - [global] needs_update: raw → 5.9.0
2026-09-17 01:57:35,801 - DEBUG - [global] needs_update: API GitHub → 5.9.0
2026-09-17 01:57:36,375 - DEBUG - [global] needs_update: jsdelivr → 5.9.0
2026-09-17 01:57:36,375 - DEBUG - [global] needs_update: лучший источник raw → 5.9.0 (из 3)
2026-09-17 01:57:36,377 - INFO - [global] needs_update: local=(5, 8, 2) remote=(5, 9, 0) -> has_update=True
2026-09-17 01:57:36,378 - INFO - [global] Доступна обнова! Спавню кнопку
2026-09-17 01:58:04,652 - INFO - [global] LogUploader: запускаю upload_run_logs...
2026-09-17 01:58:04,652 - DEBUG - [global] log_uploader: START window=periodic made=-1 token=...Rjnfq
2026-09-17 01:58:05,475 - DEBUG - [global] _api_put: GET runs/20260917_015804_fail_periodic.log -> 404
2026-09-17 01:58:06,396 - INFO - [global] Проверяю обновы...
2026-09-17 01:58:07,001 - DEBUG - [global] needs_update: raw → 5.9.0
2026-09-17 01:58:07,043 - DEBUG - [global] _api_put: PUT runs/20260917_015804_fail_periodic.log -> 201 (10182 bytes)
2026-09-17 01:58:07,045 - DEBUG - [global] log_uploader: STEP 1 (window log) -> https://github.com/StarateJI/L2Mauto/blob/bot-logs/runs/20260917_015804_fail_periodic.log
2026-09-17 01:58:07,045 - DEBUG - [global] log_uploader: STEP 2 SKIP (no PNGs)
2026-09-17 01:58:08,017 - DEBUG - [global] needs_update: API GitHub → 5.9.0
2026-09-17 01:58:08,160 - DEBUG - [global] _api_put: GET runs/20260917_015804_fail_global.log -> 404
2026-09-17 01:58:08,765 - DEBUG - [global] needs_update: jsdelivr → 5.9.0
2026-09-17 01:58:08,765 - DEBUG - [global] needs_update: лучший источник raw → 5.9.0 (из 3)
2026-09-17 01:58:08,767 - INFO - [global] needs_update: local=(5, 8, 2) remote=(5, 9, 0) -> has_update=True
2026-09-17 01:58:08,767 - INFO - [global] Доступна обнова! Спавню кнопку
2026-09-17 01:58:09,933 - DEBUG - [global] _api_put: PUT runs/20260917_015804_fail_global.log -> 201 (19551 bytes)
2026-09-17 01:58:09,938 - DEBUG - [global] log_uploader: STEP 3 (global log) -> https://github.com/StarateJI/L2Mauto/blob/bot-logs/runs/20260917_015804_fail_global.log
2026-09-17 01:58:09,938 - DEBUG - [global] log_uploader: END window=periodic
2026-09-17 01:58:09,938 - INFO - [global] LogUploader: upload_run_logs завершён
2026-09-17 01:58:38,785 - INFO - [global] Проверяю обновы...
2026-09-17 01:58:39,682 - DEBUG - [global] needs_update: raw → 5.9.0
2026-09-17 01:58:40,549 - DEBUG - [global] needs_update: API GitHub → 5.9.0
2026-09-17 01:58:41,085 - DEBUG - [global] needs_update: jsdelivr → 5.9.0
2026-09-17 01:58:41,085 - DEBUG - [global] needs_update: лучший источник raw → 5.9.0 (из 3)
2026-09-17 01:58:41,087 - INFO - [global] needs_update: local=(5, 8, 2) remote=(5, 9, 0) -> has_update=True
2026-09-17 01:58:41,087 - INFO - [global] Доступна обнова! Спавню кнопку
2026-09-17 01:59:09,970 - INFO - [global] LogUploader: запускаю upload_run_logs...
2026-09-17 01:59:09,971 - DEBUG - [global] log_uploader: START window=periodic made=-1 token=...Rjnfq
2026-09-17 01:59:10,878 - DEBUG - [global] _api_put: GET runs/20260917_015909_fail_periodic.log -> 404
2026-09-17 01:59:11,102 - INFO - [global] Проверяю обновы...
2026-09-17 01:59:11,804 - DEBUG - [global] needs_update: raw → 5.9.0
2026-09-17 01:59:12,447 - DEBUG - [global] _api_put: PUT runs/20260917_015909_fail_periodic.log -> 201 (10182 bytes)
2026-09-17 01:59:12,450 - DEBUG - [global] log_uploader: STEP 1 (window log) -> https://github.com/StarateJI/L2Mauto/blob/bot-logs/runs/20260917_015909_fail_periodic.log
2026-09-17 01:59:12,451 - DEBUG - [global] log_uploader: STEP 2 SKIP (no PNGs)
2026-09-17 01:59:12,684 - DEBUG - [global] needs_update: API GitHub → 5.9.0
2026-09-17 01:59:13,336 - DEBUG - [global] needs_update: jsdelivr → 5.9.0
2026-09-17 01:59:13,336 - DEBUG - [global] needs_update: лучший источник raw → 5.9.0 (из 3)
2026-09-17 01:59:13,338 - INFO - [global] needs_update: local=(5, 8, 2) remote=(5, 9, 0) -> has_update=True
2026-09-17 01:59:13,338 - INFO - [global] Доступна обнова! Спавню кнопку
2026-09-17 01:59:13,485 - DEBUG - [global] _api_put: GET runs/20260917_015909_fail_global.log -> 404
2026-09-17 01:59:14,991 - DEBUG - [global] _api_put: PUT runs/20260917_015909_fail_global.log -> 201 (19551 bytes)
2026-09-17 01:59:14,993 - DEBUG - [global] log_uploader: STEP 3 (global log) -> https://github.com/StarateJI/L2Mauto/blob/bot-logs/runs/20260917_015909_fail_global.log
2026-09-17 01:59:14,993 - DEBUG - [global] log_uploader: END window=periodic
2026-09-17 01:59:14,993 - INFO - [global] LogUploader: upload_run_logs завершён
2026-09-17 01:59:43,356 - INFO - [global] Проверяю обновы...
2026-09-17 01:59:43,969 - DEBUG - [global] needs_update: raw → 5.9.0
2026-09-17 01:59:44,798 - DEBUG - [global] needs_update: API GitHub → 5.9.0
2026-09-17 01:59:45,336 - DEBUG - [global] needs_update: jsdelivr → 5.9.0
2026-09-17 01:59:45,336 - DEBUG - [global] needs_update: лучший источник raw → 5.9.0 (из 3)
2026-09-17 01:59:45,337 - INFO - [global] needs_update: local=(5, 8, 2) remote=(5, 9, 0) -> has_update=True
2026-09-17 01:59:45,337 - INFO - [global] Доступна обнова! Спавню кнопку
2026-09-17 02:00:15,031 - INFO - [global] LogUploader: запускаю upload_run_logs...
2026-09-17 02:00:15,031 - DEBUG - [global] log_uploader: START window=periodic made=-1 token=...Rjnfq
2026-09-17 02:00:15,354 - INFO - [global] Проверяю обновы...
2026-09-17 02:00:15,993 - DEBUG - [global] _api_put: GET runs/20260917_020015_fail_periodic.log -> 404
2026-09-17 02:00:16,050 - DEBUG - [global] needs_update: raw → 5.9.0
2026-09-17 02:00:17,028 - DEBUG - [global] needs_update: API GitHub → 5.9.0
2026-09-17 02:00:17,630 - DEBUG - [global] _api_put: PUT runs/20260917_020015_fail_periodic.log -> 201 (10182 bytes)
2026-09-17 02:00:17,632 - DEBUG - [global] log_uploader: STEP 1 (window log) -> https://github.com/StarateJI/L2Mauto/blob/bot-logs/runs/20260917_020015_fail_periodic.log
2026-09-17 02:00:17,633 - DEBUG - [global] log_uploader: STEP 2 SKIP (no PNGs)
2026-09-17 02:00:17,673 - DEBUG - [global] needs_update: jsdelivr → 5.9.0
2026-09-17 02:00:17,673 - DEBUG - [global] needs_update: лучший источник raw → 5.9.0 (из 3)
2026-09-17 02:00:17,675 - INFO - [global] needs_update: local=(5, 8, 2) remote=(5, 9, 0) -> has_update=True
2026-09-17 02:00:17,675 - INFO - [global] Доступна обнова! Спавню кнопку
2026-09-17 02:00:18,704 - DEBUG - [global] _api_put: GET runs/20260917_020015_fail_global.log -> 404
2026-09-17 02:00:20,156 - DEBUG - [global] _api_put: PUT runs/20260917_020015_fail_global.log -> 201 (19543 bytes)
2026-09-17 02:00:20,158 - DEBUG - [global] log_uploader: STEP 3 (global log) -> https://github.com/StarateJI/L2Mauto/blob/bot-logs/runs/20260917_020015_fail_global.log
2026-09-17 02:00:20,158 - DEBUG - [global] log_uploader: END window=periodic
2026-09-17 02:00:20,158 - INFO - [global] LogUploader: upload_run_logs завершён
2026-09-17 02:00:47,693 - INFO - [global] Проверяю обновы...
2026-09-17 02:00:48,371 - DEBUG - [global] needs_update: raw → 5.9.0
2026-09-17 02:00:49,187 - DEBUG - [global] needs_update: API GitHub → 5.9.0
2026-09-17 02:00:49,748 - DEBUG - [global] needs_update: jsdelivr → 5.9.0
2026-09-17 02:00:49,748 - DEBUG - [global] needs_update: лучший источник raw → 5.9.0 (из 3)
2026-09-17 02:00:49,751 - INFO - [global] needs_update: local=(5, 8, 2) remote=(5, 9, 0) -> has_update=True
2026-09-17 02:00:49,751 - INFO - [global] Доступна обнова! Спавню кнопку
2026-09-17 02:01:19,770 - INFO - [global] Проверяю обновы...
2026-09-17 02:01:20,195 - INFO - [global] LogUploader: запускаю upload_run_logs...
2026-09-17 02:01:20,196 - DEBUG - [global] log_uploader: START window=periodic made=-1 token=...Rjnfq
2026-09-17 02:01:20,485 - DEBUG - [global] needs_update: raw → 5.9.0
2026-09-17 02:01:21,173 - DEBUG - [global] _api_put: GET runs/20260917_020120_fail_periodic.log -> 404
2026-09-17 02:01:21,372 - DEBUG - [global] needs_update: API GitHub → 5.9.0
2026-09-17 02:01:22,044 - DEBUG - [global] needs_update: jsdelivr → 5.9.0
2026-09-17 02:01:22,044 - DEBUG - [global] needs_update: лучший источник raw → 5.9.0 (из 3)
2026-09-17 02:01:22,046 - INFO - [global] needs_update: local=(5, 8, 2) remote=(5, 9, 0) -> has_update=True
2026-09-17 02:01:22,046 - INFO - [global] Доступна обнова! Спавню кнопку
2026-09-17 02:01:22,822 - DEBUG - [global] _api_put: PUT runs/20260917_020120_fail_periodic.log -> 201 (10182 bytes)
2026-09-17 02:01:22,826 - DEBUG - [global] log_uploader: STEP 1 (window log) -> https://github.com/StarateJI/L2Mauto/blob/bot-logs/runs/20260917_020120_fail_periodic.log
2026-09-17 02:01:22,827 - DEBUG - [global] log_uploader: STEP 2 SKIP (no PNGs)
