=== Log tail 2026-09-18T23:07:19.821722 | last 200 lines ===
2026-09-18 22:58:38,931 - DEBUG - [global] _api_put: GET runs/20260918_225835_fail_global.log -> 404
2026-09-18 22:58:40,686 - DEBUG - [global] _api_put: PUT runs/20260918_225835_fail_global.log -> 201 (19757 bytes)
2026-09-18 22:58:40,689 - DEBUG - [global] log_uploader: STEP 3 (global log) -> https://github.com/StarateJI/L2Mauto/blob/bot-logs/runs/20260918_225835_fail_global.log
2026-09-18 22:58:40,689 - DEBUG - [global] log_uploader: END window=periodic
2026-09-18 22:58:40,689 - INFO - [global] LogUploader: upload_run_logs завершён
2026-09-18 22:58:59,862 - INFO - [global] Проверяю обновы...
2026-09-18 22:59:00,763 - DEBUG - [global] needs_update: API GitHub → 5.11.18
2026-09-18 22:59:01,512 - DEBUG - [global] needs_update: raw → 5.11.18
2026-09-18 22:59:02,232 - DEBUG - [global] needs_update: jsdelivr → 5.10.2
2026-09-18 22:59:02,232 - DEBUG - [global] needs_update: лучший источник API → 5.11.18 (из 3)
2026-09-18 22:59:02,233 - INFO - [global] needs_update: local=(5, 9, 1) remote=(5, 11, 18) -> has_update=True
2026-09-18 22:59:02,233 - INFO - [global] Доступна обнова! Спавню кнопку
2026-09-18 22:59:32,251 - INFO - [global] Проверяю обновы...
2026-09-18 22:59:33,145 - DEBUG - [global] needs_update: API GitHub → 5.11.18
2026-09-18 22:59:33,943 - DEBUG - [global] needs_update: raw → 5.11.18
2026-09-18 22:59:34,728 - DEBUG - [global] needs_update: jsdelivr → 5.10.2
2026-09-18 22:59:34,728 - DEBUG - [global] needs_update: лучший источник API → 5.11.18 (из 3)
2026-09-18 22:59:34,729 - INFO - [global] needs_update: local=(5, 9, 1) remote=(5, 11, 18) -> has_update=True
2026-09-18 22:59:34,729 - INFO - [global] Доступна обнова! Спавню кнопку
2026-09-18 22:59:40,721 - INFO - [global] LogUploader: запускаю upload_run_logs...
2026-09-18 22:59:40,722 - DEBUG - [global] log_uploader: START window=periodic made=-1 token=...Rjnfq
2026-09-18 22:59:41,656 - DEBUG - [global] _api_put: GET runs/20260918_225940_fail_periodic.log -> 404
2026-09-18 22:59:43,148 - DEBUG - [global] _api_put: PUT runs/20260918_225940_fail_periodic.log -> 201 (8836 bytes)
2026-09-18 22:59:43,150 - DEBUG - [global] log_uploader: STEP 1 (window log) -> https://github.com/StarateJI/L2Mauto/blob/bot-logs/runs/20260918_225940_fail_periodic.log
2026-09-18 22:59:43,150 - DEBUG - [global] log_uploader: STEP 2 SKIP (no PNGs)
2026-09-18 22:59:44,102 - DEBUG - [global] _api_put: GET runs/20260918_225940_fail_global.log -> 404
2026-09-18 22:59:45,869 - DEBUG - [global] _api_put: PUT runs/20260918_225940_fail_global.log -> 201 (19757 bytes)
2026-09-18 22:59:45,871 - DEBUG - [global] log_uploader: STEP 3 (global log) -> https://github.com/StarateJI/L2Mauto/blob/bot-logs/runs/20260918_225940_fail_global.log
2026-09-18 22:59:45,872 - DEBUG - [global] log_uploader: END window=periodic
2026-09-18 22:59:45,872 - INFO - [global] LogUploader: upload_run_logs завершён
2026-09-18 23:00:04,747 - INFO - [global] Проверяю обновы...
2026-09-18 23:00:05,689 - DEBUG - [global] needs_update: API GitHub → 5.11.18
2026-09-18 23:00:06,663 - DEBUG - [global] needs_update: raw → 5.11.18
2026-09-18 23:00:07,438 - DEBUG - [global] needs_update: jsdelivr → 5.10.2
2026-09-18 23:00:07,438 - DEBUG - [global] needs_update: лучший источник API → 5.11.18 (из 3)
2026-09-18 23:00:07,441 - INFO - [global] needs_update: local=(5, 9, 1) remote=(5, 11, 18) -> has_update=True
2026-09-18 23:00:07,441 - INFO - [global] Доступна обнова! Спавню кнопку
2026-09-18 23:00:37,462 - INFO - [global] Проверяю обновы...
2026-09-18 23:00:38,410 - DEBUG - [global] needs_update: API GitHub → 5.11.18
2026-09-18 23:00:39,152 - DEBUG - [global] needs_update: raw → 5.11.18
2026-09-18 23:00:39,932 - DEBUG - [global] needs_update: jsdelivr → 5.10.2
2026-09-18 23:00:39,932 - DEBUG - [global] needs_update: лучший источник API → 5.11.18 (из 3)
2026-09-18 23:00:39,936 - INFO - [global] needs_update: local=(5, 9, 1) remote=(5, 11, 18) -> has_update=True
2026-09-18 23:00:39,936 - INFO - [global] Доступна обнова! Спавню кнопку
2026-09-18 23:00:45,904 - INFO - [global] LogUploader: запускаю upload_run_logs...
2026-09-18 23:00:45,905 - DEBUG - [global] log_uploader: START window=periodic made=-1 token=...Rjnfq
2026-09-18 23:00:46,842 - DEBUG - [global] _api_put: GET runs/20260918_230045_fail_periodic.log -> 404
2026-09-18 23:00:48,355 - DEBUG - [global] _api_put: PUT runs/20260918_230045_fail_periodic.log -> 201 (8836 bytes)
2026-09-18 23:00:48,358 - DEBUG - [global] log_uploader: STEP 1 (window log) -> https://github.com/StarateJI/L2Mauto/blob/bot-logs/runs/20260918_230045_fail_periodic.log
2026-09-18 23:00:48,358 - DEBUG - [global] log_uploader: STEP 2 SKIP (no PNGs)
2026-09-18 23:00:49,360 - DEBUG - [global] _api_put: GET runs/20260918_230045_fail_global.log -> 404
2026-09-18 23:00:51,040 - DEBUG - [global] _api_put: PUT runs/20260918_230045_fail_global.log -> 201 (19757 bytes)
2026-09-18 23:00:51,043 - DEBUG - [global] log_uploader: STEP 3 (global log) -> https://github.com/StarateJI/L2Mauto/blob/bot-logs/runs/20260918_230045_fail_global.log
2026-09-18 23:00:51,043 - DEBUG - [global] log_uploader: END window=periodic
2026-09-18 23:00:51,043 - INFO - [global] LogUploader: upload_run_logs завершён
2026-09-18 23:01:09,956 - INFO - [global] Проверяю обновы...
2026-09-18 23:01:10,878 - DEBUG - [global] needs_update: API GitHub → 5.11.18
2026-09-18 23:01:11,606 - DEBUG - [global] needs_update: raw → 5.11.18
2026-09-18 23:01:12,356 - DEBUG - [global] needs_update: jsdelivr → 5.10.2
2026-09-18 23:01:12,356 - DEBUG - [global] needs_update: лучший источник API → 5.11.18 (из 3)
2026-09-18 23:01:12,359 - INFO - [global] needs_update: local=(5, 9, 1) remote=(5, 11, 18) -> has_update=True
2026-09-18 23:01:12,359 - INFO - [global] Доступна обнова! Спавню кнопку
2026-09-18 23:01:42,399 - INFO - [global] Проверяю обновы...
2026-09-18 23:01:43,327 - DEBUG - [global] needs_update: API GitHub → 5.11.18
2026-09-18 23:01:44,061 - DEBUG - [global] needs_update: raw → 5.11.18
2026-09-18 23:01:44,798 - DEBUG - [global] needs_update: jsdelivr → 5.10.2
2026-09-18 23:01:44,798 - DEBUG - [global] needs_update: лучший источник API → 5.11.18 (из 3)
2026-09-18 23:01:44,800 - INFO - [global] needs_update: local=(5, 9, 1) remote=(5, 11, 18) -> has_update=True
2026-09-18 23:01:44,800 - INFO - [global] Доступна обнова! Спавню кнопку
2026-09-18 23:01:51,077 - INFO - [global] LogUploader: запускаю upload_run_logs...
2026-09-18 23:01:51,078 - DEBUG - [global] log_uploader: START window=periodic made=-1 token=...Rjnfq
2026-09-18 23:01:52,011 - DEBUG - [global] _api_put: GET runs/20260918_230151_fail_periodic.log -> 404
2026-09-18 23:01:53,903 - DEBUG - [global] _api_put: PUT runs/20260918_230151_fail_periodic.log -> 201 (8836 bytes)
2026-09-18 23:01:53,905 - DEBUG - [global] log_uploader: STEP 1 (window log) -> https://github.com/StarateJI/L2Mauto/blob/bot-logs/runs/20260918_230151_fail_periodic.log
2026-09-18 23:01:53,905 - DEBUG - [global] log_uploader: STEP 2 SKIP (no PNGs)
2026-09-18 23:01:54,865 - DEBUG - [global] _api_put: GET runs/20260918_230151_fail_global.log -> 404
2026-09-18 23:01:56,487 - DEBUG - [global] _api_put: PUT runs/20260918_230151_fail_global.log -> 201 (19757 bytes)
2026-09-18 23:01:56,489 - DEBUG - [global] log_uploader: STEP 3 (global log) -> https://github.com/StarateJI/L2Mauto/blob/bot-logs/runs/20260918_230151_fail_global.log
2026-09-18 23:01:56,489 - DEBUG - [global] log_uploader: END window=periodic
2026-09-18 23:01:56,489 - INFO - [global] LogUploader: upload_run_logs завершён
2026-09-18 23:02:14,818 - INFO - [global] Проверяю обновы...
2026-09-18 23:02:15,800 - DEBUG - [global] needs_update: API GitHub → 5.11.18
2026-09-18 23:02:16,527 - DEBUG - [global] needs_update: raw → 5.11.18
2026-09-18 23:02:17,234 - DEBUG - [global] needs_update: jsdelivr → 5.10.2
2026-09-18 23:02:17,234 - DEBUG - [global] needs_update: лучший источник API → 5.11.18 (из 3)
2026-09-18 23:02:17,235 - INFO - [global] needs_update: local=(5, 9, 1) remote=(5, 11, 18) -> has_update=True
2026-09-18 23:02:17,235 - INFO - [global] Доступна обнова! Спавню кнопку
2026-09-18 23:02:47,254 - INFO - [global] Проверяю обновы...
2026-09-18 23:02:48,165 - DEBUG - [global] needs_update: API GitHub → 5.11.18
2026-09-18 23:02:48,858 - DEBUG - [global] needs_update: raw → 5.11.18
2026-09-18 23:02:49,566 - DEBUG - [global] needs_update: jsdelivr → 5.10.2
2026-09-18 23:02:49,566 - DEBUG - [global] needs_update: лучший источник API → 5.11.18 (из 3)
2026-09-18 23:02:49,568 - INFO - [global] needs_update: local=(5, 9, 1) remote=(5, 11, 18) -> has_update=True
2026-09-18 23:02:49,568 - INFO - [global] Доступна обнова! Спавню кнопку
2026-09-18 23:02:56,519 - INFO - [global] LogUploader: запускаю upload_run_logs...
2026-09-18 23:02:56,520 - DEBUG - [global] log_uploader: START window=periodic made=-1 token=...Rjnfq
2026-09-18 23:02:57,429 - DEBUG - [global] _api_put: GET runs/20260918_230256_fail_periodic.log -> 404
2026-09-18 23:02:59,030 - DEBUG - [global] _api_put: PUT runs/20260918_230256_fail_periodic.log -> 201 (8836 bytes)
2026-09-18 23:02:59,032 - DEBUG - [global] log_uploader: STEP 1 (window log) -> https://github.com/StarateJI/L2Mauto/blob/bot-logs/runs/20260918_230256_fail_periodic.log
2026-09-18 23:02:59,033 - DEBUG - [global] log_uploader: STEP 2 SKIP (no PNGs)
2026-09-18 23:02:59,967 - DEBUG - [global] _api_put: GET runs/20260918_230256_fail_global.log -> 404
2026-09-18 23:03:01,633 - DEBUG - [global] _api_put: PUT runs/20260918_230256_fail_global.log -> 201 (19757 bytes)
2026-09-18 23:03:01,635 - DEBUG - [global] log_uploader: STEP 3 (global log) -> https://github.com/StarateJI/L2Mauto/blob/bot-logs/runs/20260918_230256_fail_global.log
2026-09-18 23:03:01,635 - DEBUG - [global] log_uploader: END window=periodic
2026-09-18 23:03:01,636 - INFO - [global] LogUploader: upload_run_logs завершён
2026-09-18 23:03:19,582 - INFO - [global] Проверяю обновы...
2026-09-18 23:03:20,446 - DEBUG - [global] needs_update: API GitHub → 5.11.18
2026-09-18 23:03:21,178 - DEBUG - [global] needs_update: raw → 5.11.18
2026-09-18 23:03:21,913 - DEBUG - [global] needs_update: jsdelivr → 5.10.2
2026-09-18 23:03:21,914 - DEBUG - [global] needs_update: лучший источник API → 5.11.18 (из 3)
2026-09-18 23:03:21,917 - INFO - [global] needs_update: local=(5, 9, 1) remote=(5, 11, 18) -> has_update=True
2026-09-18 23:03:21,917 - INFO - [global] Доступна обнова! Спавню кнопку
2026-09-18 23:03:51,933 - INFO - [global] Проверяю обновы...
2026-09-18 23:03:52,800 - DEBUG - [global] needs_update: API GitHub → 5.11.18
2026-09-18 23:03:53,496 - DEBUG - [global] needs_update: raw → 5.11.18
2026-09-18 23:03:54,203 - DEBUG - [global] needs_update: jsdelivr → 5.10.2
2026-09-18 23:03:54,204 - DEBUG - [global] needs_update: лучший источник API → 5.11.18 (из 3)
2026-09-18 23:03:54,206 - INFO - [global] needs_update: local=(5, 9, 1) remote=(5, 11, 18) -> has_update=True
2026-09-18 23:03:54,206 - INFO - [global] Доступна обнова! Спавню кнопку
2026-09-18 23:04:01,668 - INFO - [global] LogUploader: запускаю upload_run_logs...
2026-09-18 23:04:01,669 - DEBUG - [global] log_uploader: START window=periodic made=-1 token=...Rjnfq
2026-09-18 23:04:02,584 - DEBUG - [global] _api_put: GET runs/20260918_230401_fail_periodic.log -> 404
2026-09-18 23:04:04,015 - DEBUG - [global] _api_put: PUT runs/20260918_230401_fail_periodic.log -> 201 (8836 bytes)
2026-09-18 23:04:04,017 - DEBUG - [global] log_uploader: STEP 1 (window log) -> https://github.com/StarateJI/L2Mauto/blob/bot-logs/runs/20260918_230401_fail_periodic.log
2026-09-18 23:04:04,017 - DEBUG - [global] log_uploader: STEP 2 SKIP (no PNGs)
2026-09-18 23:04:04,914 - DEBUG - [global] _api_put: GET runs/20260918_230401_fail_global.log -> 404
2026-09-18 23:04:06,710 - DEBUG - [global] _api_put: PUT runs/20260918_230401_fail_global.log -> 201 (19757 bytes)
2026-09-18 23:04:06,712 - DEBUG - [global] log_uploader: STEP 3 (global log) -> https://github.com/StarateJI/L2Mauto/blob/bot-logs/runs/20260918_230401_fail_global.log
2026-09-18 23:04:06,713 - DEBUG - [global] log_uploader: END window=periodic
2026-09-18 23:04:06,713 - INFO - [global] LogUploader: upload_run_logs завершён
2026-09-18 23:04:24,222 - INFO - [global] Проверяю обновы...
2026-09-18 23:04:25,084 - DEBUG - [global] needs_update: API GitHub → 5.11.18
2026-09-18 23:04:25,772 - DEBUG - [global] needs_update: raw → 5.11.18
2026-09-18 23:04:26,488 - DEBUG - [global] needs_update: jsdelivr → 5.10.2
2026-09-18 23:04:26,488 - DEBUG - [global] needs_update: лучший источник API → 5.11.18 (из 3)
2026-09-18 23:04:26,492 - INFO - [global] needs_update: local=(5, 9, 1) remote=(5, 11, 18) -> has_update=True
2026-09-18 23:04:26,492 - INFO - [global] Доступна обнова! Спавню кнопку
2026-09-18 23:04:56,507 - INFO - [global] Проверяю обновы...
2026-09-18 23:04:57,410 - DEBUG - [global] needs_update: API GitHub → 5.11.18
2026-09-18 23:04:58,139 - DEBUG - [global] needs_update: raw → 5.11.18
2026-09-18 23:04:58,910 - DEBUG - [global] needs_update: jsdelivr → 5.10.2
2026-09-18 23:04:58,910 - DEBUG - [global] needs_update: лучший источник API → 5.11.18 (из 3)
2026-09-18 23:04:58,912 - INFO - [global] needs_update: local=(5, 9, 1) remote=(5, 11, 18) -> has_update=True
2026-09-18 23:04:58,912 - INFO - [global] Доступна обнова! Спавню кнопку
2026-09-18 23:05:06,746 - INFO - [global] LogUploader: запускаю upload_run_logs...
2026-09-18 23:05:06,747 - DEBUG - [global] log_uploader: START window=periodic made=-1 token=...Rjnfq
2026-09-18 23:05:07,624 - DEBUG - [global] _api_put: GET runs/20260918_230506_fail_periodic.log -> 404
2026-09-18 23:05:09,253 - DEBUG - [global] _api_put: PUT runs/20260918_230506_fail_periodic.log -> 201 (8836 bytes)
2026-09-18 23:05:09,255 - DEBUG - [global] log_uploader: STEP 1 (window log) -> https://github.com/StarateJI/L2Mauto/blob/bot-logs/runs/20260918_230506_fail_periodic.log
2026-09-18 23:05:09,256 - DEBUG - [global] log_uploader: STEP 2 SKIP (no PNGs)
2026-09-18 23:05:10,142 - DEBUG - [global] _api_put: GET runs/20260918_230506_fail_global.log -> 404
2026-09-18 23:05:11,772 - DEBUG - [global] _api_put: PUT runs/20260918_230506_fail_global.log -> 201 (19757 bytes)
2026-09-18 23:05:11,776 - DEBUG - [global] log_uploader: STEP 3 (global log) -> https://github.com/StarateJI/L2Mauto/blob/bot-logs/runs/20260918_230506_fail_global.log
2026-09-18 23:05:11,776 - DEBUG - [global] log_uploader: END window=periodic
2026-09-18 23:05:11,776 - INFO - [global] LogUploader: upload_run_logs завершён
2026-09-18 23:05:28,926 - INFO - [global] Проверяю обновы...
2026-09-18 23:05:29,852 - DEBUG - [global] needs_update: API GitHub → 5.11.18
2026-09-18 23:05:30,722 - DEBUG - [global] needs_update: raw → 5.11.18
2026-09-18 23:05:31,429 - DEBUG - [global] needs_update: jsdelivr → 5.10.2
2026-09-18 23:05:31,429 - DEBUG - [global] needs_update: лучший источник API → 5.11.18 (из 3)
2026-09-18 23:05:31,432 - INFO - [global] needs_update: local=(5, 9, 1) remote=(5, 11, 18) -> has_update=True
2026-09-18 23:05:31,432 - INFO - [global] Доступна обнова! Спавню кнопку
2026-09-18 23:06:01,452 - INFO - [global] Проверяю обновы...
2026-09-18 23:06:02,362 - DEBUG - [global] needs_update: API GitHub → 5.11.18
2026-09-18 23:06:03,103 - DEBUG - [global] needs_update: raw → 5.11.18
2026-09-18 23:06:03,910 - DEBUG - [global] needs_update: jsdelivr → 5.10.2
2026-09-18 23:06:03,910 - DEBUG - [global] needs_update: лучший источник API → 5.11.18 (из 3)
2026-09-18 23:06:03,912 - INFO - [global] needs_update: local=(5, 9, 1) remote=(5, 11, 18) -> has_update=True
2026-09-18 23:06:03,912 - INFO - [global] Доступна обнова! Спавню кнопку
2026-09-18 23:06:11,823 - INFO - [global] LogUploader: запускаю upload_run_logs...
2026-09-18 23:06:11,824 - DEBUG - [global] log_uploader: START window=periodic made=-1 token=...Rjnfq
2026-09-18 23:06:12,759 - DEBUG - [global] _api_put: GET runs/20260918_230611_fail_periodic.log -> 404
2026-09-18 23:06:14,573 - DEBUG - [global] _api_put: PUT runs/20260918_230611_fail_periodic.log -> 201 (8836 bytes)
2026-09-18 23:06:14,575 - DEBUG - [global] log_uploader: STEP 1 (window log) -> https://github.com/StarateJI/L2Mauto/blob/bot-logs/runs/20260918_230611_fail_periodic.log
2026-09-18 23:06:14,576 - DEBUG - [global] log_uploader: STEP 2 SKIP (no PNGs)
2026-09-18 23:06:15,531 - DEBUG - [global] _api_put: GET runs/20260918_230611_fail_global.log -> 404
2026-09-18 23:06:17,174 - DEBUG - [global] _api_put: PUT runs/20260918_230611_fail_global.log -> 201 (19757 bytes)
2026-09-18 23:06:17,177 - DEBUG - [global] log_uploader: STEP 3 (global log) -> https://github.com/StarateJI/L2Mauto/blob/bot-logs/runs/20260918_230611_fail_global.log
2026-09-18 23:06:17,177 - DEBUG - [global] log_uploader: END window=periodic
2026-09-18 23:06:17,177 - INFO - [global] LogUploader: upload_run_logs завершён
2026-09-18 23:06:33,930 - INFO - [global] Проверяю обновы...
2026-09-18 23:06:34,879 - DEBUG - [global] needs_update: API GitHub → 5.11.18
2026-09-18 23:06:35,581 - DEBUG - [global] needs_update: raw → 5.11.18
2026-09-18 23:06:36,276 - DEBUG - [global] needs_update: jsdelivr → 5.10.2
2026-09-18 23:06:36,276 - DEBUG - [global] needs_update: лучший источник API → 5.11.18 (из 3)
2026-09-18 23:06:36,278 - INFO - [global] needs_update: local=(5, 9, 1) remote=(5, 11, 18) -> has_update=True
2026-09-18 23:06:36,278 - INFO - [global] Доступна обнова! Спавню кнопку
2026-09-18 23:07:06,298 - INFO - [global] Проверяю обновы...
2026-09-18 23:07:07,186 - DEBUG - [global] needs_update: API GitHub → 5.11.18
2026-09-18 23:07:07,874 - DEBUG - [global] needs_update: raw → 5.11.18
2026-09-18 23:07:08,621 - DEBUG - [global] needs_update: jsdelivr → 5.10.2
2026-09-18 23:07:08,621 - DEBUG - [global] needs_update: лучший источник API → 5.11.18 (из 3)
2026-09-18 23:07:08,623 - INFO - [global] needs_update: local=(5, 9, 1) remote=(5, 11, 18) -> has_update=True
2026-09-18 23:07:08,623 - INFO - [global] Доступна обнова! Спавню кнопку
2026-09-18 23:07:17,215 - INFO - [global] LogUploader: запускаю upload_run_logs...
2026-09-18 23:07:17,216 - DEBUG - [global] log_uploader: START window=periodic made=-1 token=...Rjnfq
2026-09-18 23:07:18,066 - DEBUG - [global] _api_put: GET runs/20260918_230717_fail_periodic.log -> 404
2026-09-18 23:07:19,798 - DEBUG - [global] _api_put: PUT runs/20260918_230717_fail_periodic.log -> 201 (8836 bytes)
2026-09-18 23:07:19,801 - DEBUG - [global] log_uploader: STEP 1 (window log) -> https://github.com/StarateJI/L2Mauto/blob/bot-logs/runs/20260918_230717_fail_periodic.log
2026-09-18 23:07:19,801 - DEBUG - [global] log_uploader: STEP 2 SKIP (no PNGs)
