=== Log tail 2026-09-30T19:54:18.928066 | last 200 lines ===
2026-09-30 19:45:03,578 - DEBUG - [global] needs_update: лучший источник raw → 5.13.09 (из 2)
2026-09-30 19:45:03,578 - INFO - [global] needs_update: local=(5, 13, 7) remote=(5, 13, 9) -> has_update=True
2026-09-30 19:45:03,578 - INFO - [global] Доступна обнова! Спавню кнопку
2026-09-30 19:45:18,382 - INFO - [global] LogUploader: запускаю upload_run_logs...
2026-09-30 19:45:18,382 - DEBUG - [global] log_uploader: START window=periodic made=-1 token=...Rjnfq
2026-09-30 19:45:19,277 - DEBUG - [global] _api_put: GET runs/20260930_194518_fail_periodic.log -> 404
2026-09-30 19:45:21,949 - DEBUG - [global] _api_put: PUT runs/20260930_194518_fail_periodic.log -> 201 (19392 bytes)
2026-09-30 19:45:21,950 - DEBUG - [global] log_uploader: STEP 1 (window log) -> https://github.com/StarateJI/L2Mauto/blob/bot-logs/runs/20260930_194518_fail_periodic.log
2026-09-30 19:45:21,950 - DEBUG - [global] log_uploader: STEP 2 SKIP (no PNGs)
2026-09-30 19:45:22,838 - DEBUG - [global] _api_put: GET runs/20260930_194518_fail_global.log -> 404
2026-09-30 19:45:24,770 - DEBUG - [global] _api_put: PUT runs/20260930_194518_fail_global.log -> 201 (20296 bytes)
2026-09-30 19:45:24,773 - DEBUG - [global] log_uploader: STEP 3 (global log) -> https://github.com/StarateJI/L2Mauto/blob/bot-logs/runs/20260930_194518_fail_global.log
2026-09-30 19:45:24,774 - DEBUG - [global] log_uploader: END window=periodic
2026-09-30 19:45:24,774 - INFO - [global] LogUploader: upload_run_logs завершён
2026-09-30 19:45:33,597 - INFO - [global] Проверяю обновы...
2026-09-30 19:45:34,368 - DEBUG - [global] needs_update: raw → 5.13.09
2026-09-30 19:45:34,697 - DEBUG - [global] needs_update: API → 5.13.09
2026-09-30 19:45:34,697 - DEBUG - [global] needs_update: лучший источник raw → 5.13.09 (из 2)
2026-09-30 19:45:34,697 - INFO - [global] needs_update: local=(5, 13, 7) remote=(5, 13, 9) -> has_update=True
2026-09-30 19:45:34,697 - INFO - [global] Доступна обнова! Спавню кнопку
2026-09-30 19:46:04,718 - INFO - [global] Проверяю обновы...
2026-09-30 19:46:05,480 - DEBUG - [global] needs_update: raw → 5.13.09
2026-09-30 19:46:05,666 - DEBUG - [global] needs_update: API → 5.13.09
2026-09-30 19:46:05,666 - DEBUG - [global] needs_update: лучший источник raw → 5.13.09 (из 2)
2026-09-30 19:46:05,667 - INFO - [global] needs_update: local=(5, 13, 7) remote=(5, 13, 9) -> has_update=True
2026-09-30 19:46:05,667 - INFO - [global] Доступна обнова! Спавню кнопку
2026-09-30 19:46:24,801 - INFO - [global] LogUploader: запускаю upload_run_logs...
2026-09-30 19:46:24,802 - DEBUG - [global] log_uploader: START window=periodic made=-1 token=...Rjnfq
2026-09-30 19:46:28,117 - DEBUG - [global] _api_put: GET runs/20260930_194624_fail_periodic.log -> 404
2026-09-30 19:46:30,938 - DEBUG - [global] _api_put: PUT runs/20260930_194624_fail_periodic.log -> 201 (19392 bytes)
2026-09-30 19:46:30,939 - DEBUG - [global] log_uploader: STEP 1 (window log) -> https://github.com/StarateJI/L2Mauto/blob/bot-logs/runs/20260930_194624_fail_periodic.log
2026-09-30 19:46:30,939 - DEBUG - [global] log_uploader: STEP 2 SKIP (no PNGs)
2026-09-30 19:46:31,889 - DEBUG - [global] _api_put: GET runs/20260930_194624_fail_global.log -> 404
2026-09-30 19:46:33,985 - DEBUG - [global] _api_put: PUT runs/20260930_194624_fail_global.log -> 201 (20296 bytes)
2026-09-30 19:46:33,987 - DEBUG - [global] log_uploader: STEP 3 (global log) -> https://github.com/StarateJI/L2Mauto/blob/bot-logs/runs/20260930_194624_fail_global.log
2026-09-30 19:46:33,987 - DEBUG - [global] log_uploader: END window=periodic
2026-09-30 19:46:33,987 - INFO - [global] LogUploader: upload_run_logs завершён
2026-09-30 19:46:35,683 - INFO - [global] Проверяю обновы...
2026-09-30 19:46:36,476 - DEBUG - [global] needs_update: raw → 5.13.09
2026-09-30 19:46:36,652 - DEBUG - [global] needs_update: API → 5.13.09
2026-09-30 19:46:36,652 - DEBUG - [global] needs_update: лучший источник raw → 5.13.09 (из 2)
2026-09-30 19:46:36,652 - INFO - [global] needs_update: local=(5, 13, 7) remote=(5, 13, 9) -> has_update=True
2026-09-30 19:46:36,652 - INFO - [global] Доступна обнова! Спавню кнопку
2026-09-30 19:47:06,669 - INFO - [global] Проверяю обновы...
2026-09-30 19:47:07,473 - DEBUG - [global] needs_update: raw → 5.13.09
2026-09-30 19:47:08,803 - DEBUG - [global] needs_update: API → 5.13.09
2026-09-30 19:47:08,803 - DEBUG - [global] needs_update: лучший источник raw → 5.13.09 (из 2)
2026-09-30 19:47:08,803 - INFO - [global] needs_update: local=(5, 13, 7) remote=(5, 13, 9) -> has_update=True
2026-09-30 19:47:08,804 - INFO - [global] Доступна обнова! Спавню кнопку
2026-09-30 19:47:34,022 - INFO - [global] LogUploader: запускаю upload_run_logs...
2026-09-30 19:47:34,022 - DEBUG - [global] log_uploader: START window=periodic made=-1 token=...Rjnfq
2026-09-30 19:47:34,929 - DEBUG - [global] _api_put: GET runs/20260930_194734_fail_periodic.log -> 404
2026-09-30 19:47:37,532 - DEBUG - [global] _api_put: PUT runs/20260930_194734_fail_periodic.log -> 409 (19392 bytes)
2026-09-30 19:47:37,532 - WARNING - [global] _api_put: PUT failed body: {"message":"is at 6da9faa78d1c6ff5e88b0b1eafd755cfb26c9970 but expected 134f2cdf346c2560c07678992e3bce56fb90c734","documentation_url":"https://docs.github.com/rest/repos/contents#create-or-update-file
2026-09-30 19:47:37,534 - DEBUG - [global] log_uploader: STEP 1 (window log) -> FAILED
2026-09-30 19:47:37,535 - DEBUG - [global] log_uploader: STEP 2 SKIP (no PNGs)
2026-09-30 19:47:38,501 - DEBUG - [global] _api_put: GET runs/20260930_194734_fail_global.log -> 404
2026-09-30 19:47:38,820 - INFO - [global] Проверяю обновы...
2026-09-30 19:47:39,677 - DEBUG - [global] needs_update: raw → 5.13.09
2026-09-30 19:47:39,834 - DEBUG - [global] needs_update: API → 5.13.09
2026-09-30 19:47:39,834 - DEBUG - [global] needs_update: лучший источник raw → 5.13.09 (из 2)
2026-09-30 19:47:39,834 - INFO - [global] needs_update: local=(5, 13, 7) remote=(5, 13, 9) -> has_update=True
2026-09-30 19:47:39,834 - INFO - [global] Доступна обнова! Спавню кнопку
2026-09-30 19:47:40,931 - DEBUG - [global] _api_put: PUT runs/20260930_194734_fail_global.log -> 201 (20387 bytes)
2026-09-30 19:47:40,933 - DEBUG - [global] log_uploader: STEP 3 (global log) -> https://github.com/StarateJI/L2Mauto/blob/bot-logs/runs/20260930_194734_fail_global.log
2026-09-30 19:47:40,933 - DEBUG - [global] log_uploader: END window=periodic
2026-09-30 19:47:40,934 - INFO - [global] LogUploader: upload_run_logs завершён
2026-09-30 19:48:09,853 - INFO - [global] Проверяю обновы...
2026-09-30 19:48:10,611 - DEBUG - [global] needs_update: raw → 5.13.09
2026-09-30 19:48:10,862 - DEBUG - [global] needs_update: API → 5.13.09
2026-09-30 19:48:10,862 - DEBUG - [global] needs_update: лучший источник raw → 5.13.09 (из 2)
2026-09-30 19:48:10,862 - INFO - [global] needs_update: local=(5, 13, 7) remote=(5, 13, 9) -> has_update=True
2026-09-30 19:48:10,862 - INFO - [global] Доступна обнова! Спавню кнопку
2026-09-30 19:48:40,882 - INFO - [global] Проверяю обновы...
2026-09-30 19:48:40,967 - INFO - [global] LogUploader: запускаю upload_run_logs...
2026-09-30 19:48:40,967 - DEBUG - [global] log_uploader: START window=periodic made=-1 token=...Rjnfq
2026-09-30 19:48:41,804 - DEBUG - [global] needs_update: raw → 5.13.09
2026-09-30 19:48:41,902 - DEBUG - [global] needs_update: API → 5.13.09
2026-09-30 19:48:41,903 - DEBUG - [global] needs_update: лучший источник raw → 5.13.09 (из 2)
2026-09-30 19:48:41,903 - INFO - [global] needs_update: local=(5, 13, 7) remote=(5, 13, 9) -> has_update=True
2026-09-30 19:48:41,903 - INFO - [global] Доступна обнова! Спавню кнопку
2026-09-30 19:48:42,060 - DEBUG - [global] _api_put: GET runs/20260930_194840_fail_periodic.log -> 404
2026-09-30 19:48:44,208 - DEBUG - [global] _api_put: PUT runs/20260930_194840_fail_periodic.log -> 201 (19392 bytes)
2026-09-30 19:48:44,210 - DEBUG - [global] log_uploader: STEP 1 (window log) -> https://github.com/StarateJI/L2Mauto/blob/bot-logs/runs/20260930_194840_fail_periodic.log
2026-09-30 19:48:44,210 - DEBUG - [global] log_uploader: STEP 2 SKIP (no PNGs)
2026-09-30 19:48:45,110 - DEBUG - [global] _api_put: GET runs/20260930_194840_fail_global.log -> 404
2026-09-30 19:48:47,265 - DEBUG - [global] _api_put: PUT runs/20260930_194840_fail_global.log -> 201 (20156 bytes)
2026-09-30 19:48:47,267 - DEBUG - [global] log_uploader: STEP 3 (global log) -> https://github.com/StarateJI/L2Mauto/blob/bot-logs/runs/20260930_194840_fail_global.log
2026-09-30 19:48:47,267 - DEBUG - [global] log_uploader: END window=periodic
2026-09-30 19:48:47,267 - INFO - [global] LogUploader: upload_run_logs завершён
2026-09-30 19:49:11,922 - INFO - [global] Проверяю обновы...
2026-09-30 19:49:12,759 - DEBUG - [global] needs_update: raw → 5.13.09
2026-09-30 19:49:12,962 - DEBUG - [global] needs_update: API → 5.13.09
2026-09-30 19:49:12,963 - DEBUG - [global] needs_update: лучший источник raw → 5.13.09 (из 2)
2026-09-30 19:49:12,963 - INFO - [global] needs_update: local=(5, 13, 7) remote=(5, 13, 9) -> has_update=True
2026-09-30 19:49:12,963 - INFO - [global] Доступна обнова! Спавню кнопку
2026-09-30 19:49:42,981 - INFO - [global] Проверяю обновы...
2026-09-30 19:49:43,776 - DEBUG - [global] needs_update: raw → 5.13.09
2026-09-30 19:49:44,012 - DEBUG - [global] needs_update: API → 5.13.09
2026-09-30 19:49:44,012 - DEBUG - [global] needs_update: лучший источник raw → 5.13.09 (из 2)
2026-09-30 19:49:44,012 - INFO - [global] needs_update: local=(5, 13, 7) remote=(5, 13, 9) -> has_update=True
2026-09-30 19:49:44,012 - INFO - [global] Доступна обнова! Спавню кнопку
2026-09-30 19:49:47,307 - INFO - [global] LogUploader: запускаю upload_run_logs...
2026-09-30 19:49:47,307 - DEBUG - [global] log_uploader: START window=periodic made=-1 token=...Rjnfq
2026-09-30 19:49:48,200 - DEBUG - [global] _api_put: GET runs/20260930_194947_fail_periodic.log -> 404
2026-09-30 19:49:50,354 - DEBUG - [global] _api_put: PUT runs/20260930_194947_fail_periodic.log -> 201 (19392 bytes)
2026-09-30 19:49:50,355 - DEBUG - [global] log_uploader: STEP 1 (window log) -> https://github.com/StarateJI/L2Mauto/blob/bot-logs/runs/20260930_194947_fail_periodic.log
2026-09-30 19:49:50,356 - DEBUG - [global] log_uploader: STEP 2 SKIP (no PNGs)
2026-09-30 19:49:51,447 - DEBUG - [global] _api_put: GET runs/20260930_194947_fail_global.log -> 404
2026-09-30 19:49:53,558 - DEBUG - [global] _api_put: PUT runs/20260930_194947_fail_global.log -> 201 (20295 bytes)
2026-09-30 19:49:53,560 - DEBUG - [global] log_uploader: STEP 3 (global log) -> https://github.com/StarateJI/L2Mauto/blob/bot-logs/runs/20260930_194947_fail_global.log
2026-09-30 19:49:53,561 - DEBUG - [global] log_uploader: END window=periodic
2026-09-30 19:49:53,561 - INFO - [global] LogUploader: upload_run_logs завершён
2026-09-30 19:50:14,032 - INFO - [global] Проверяю обновы...
2026-09-30 19:50:14,779 - DEBUG - [global] needs_update: raw → 5.13.09
2026-09-30 19:50:15,032 - DEBUG - [global] needs_update: API → 5.13.09
2026-09-30 19:50:15,033 - DEBUG - [global] needs_update: лучший источник raw → 5.13.09 (из 2)
2026-09-30 19:50:15,033 - INFO - [global] needs_update: local=(5, 13, 7) remote=(5, 13, 9) -> has_update=True
2026-09-30 19:50:15,033 - INFO - [global] Доступна обнова! Спавню кнопку
2026-09-30 19:50:45,050 - INFO - [global] Проверяю обновы...
2026-09-30 19:50:45,777 - DEBUG - [global] needs_update: raw → 5.13.09
2026-09-30 19:50:46,057 - DEBUG - [global] needs_update: API → 5.13.09
2026-09-30 19:50:46,057 - DEBUG - [global] needs_update: лучший источник raw → 5.13.09 (из 2)
2026-09-30 19:50:46,057 - INFO - [global] needs_update: local=(5, 13, 7) remote=(5, 13, 9) -> has_update=True
2026-09-30 19:50:46,057 - INFO - [global] Доступна обнова! Спавню кнопку
2026-09-30 19:50:53,594 - INFO - [global] LogUploader: запускаю upload_run_logs...
2026-09-30 19:50:53,594 - DEBUG - [global] log_uploader: START window=periodic made=-1 token=...Rjnfq
2026-09-30 19:50:55,401 - DEBUG - [global] _api_put: GET runs/20260930_195053_fail_periodic.log -> 404
2026-09-30 19:50:57,437 - DEBUG - [global] _api_put: PUT runs/20260930_195053_fail_periodic.log -> 201 (19392 bytes)
2026-09-30 19:50:57,439 - DEBUG - [global] log_uploader: STEP 1 (window log) -> https://github.com/StarateJI/L2Mauto/blob/bot-logs/runs/20260930_195053_fail_periodic.log
2026-09-30 19:50:57,439 - DEBUG - [global] log_uploader: STEP 2 SKIP (no PNGs)
2026-09-30 19:50:58,354 - DEBUG - [global] _api_put: GET runs/20260930_195053_fail_global.log -> 404
2026-09-30 19:51:00,590 - DEBUG - [global] _api_put: PUT runs/20260930_195053_fail_global.log -> 201 (20216 bytes)
2026-09-30 19:51:00,592 - DEBUG - [global] log_uploader: STEP 3 (global log) -> https://github.com/StarateJI/L2Mauto/blob/bot-logs/runs/20260930_195053_fail_global.log
2026-09-30 19:51:00,592 - DEBUG - [global] log_uploader: END window=periodic
2026-09-30 19:51:00,592 - INFO - [global] LogUploader: upload_run_logs завершён
2026-09-30 19:51:16,077 - INFO - [global] Проверяю обновы...
2026-09-30 19:51:16,862 - DEBUG - [global] needs_update: raw → 5.13.09
2026-09-30 19:51:17,102 - DEBUG - [global] needs_update: API → 5.13.09
2026-09-30 19:51:17,102 - DEBUG - [global] needs_update: лучший источник raw → 5.13.09 (из 2)
2026-09-30 19:51:17,102 - INFO - [global] needs_update: local=(5, 13, 7) remote=(5, 13, 9) -> has_update=True
2026-09-30 19:51:17,102 - INFO - [global] Доступна обнова! Спавню кнопку
2026-09-30 19:51:47,119 - INFO - [global] Проверяю обновы...
2026-09-30 19:51:47,853 - DEBUG - [global] needs_update: raw → 5.13.09
2026-09-30 19:51:48,063 - DEBUG - [global] needs_update: API → 5.13.09
2026-09-30 19:51:48,063 - DEBUG - [global] needs_update: лучший источник raw → 5.13.09 (из 2)
2026-09-30 19:51:48,063 - INFO - [global] needs_update: local=(5, 13, 7) remote=(5, 13, 9) -> has_update=True
2026-09-30 19:51:48,063 - INFO - [global] Доступна обнова! Спавню кнопку
2026-09-30 19:52:00,623 - INFO - [global] LogUploader: запускаю upload_run_logs...
2026-09-30 19:52:00,623 - DEBUG - [global] log_uploader: START window=periodic made=-1 token=...Rjnfq
2026-09-30 19:52:02,025 - DEBUG - [global] _api_put: GET runs/20260930_195200_fail_periodic.log -> 404
2026-09-30 19:52:05,079 - DEBUG - [global] _api_put: PUT runs/20260930_195200_fail_periodic.log -> 201 (19392 bytes)
2026-09-30 19:52:05,081 - DEBUG - [global] log_uploader: STEP 1 (window log) -> https://github.com/StarateJI/L2Mauto/blob/bot-logs/runs/20260930_195200_fail_periodic.log
2026-09-30 19:52:05,081 - DEBUG - [global] log_uploader: STEP 2 SKIP (no PNGs)
2026-09-30 19:52:07,022 - DEBUG - [global] _api_put: GET runs/20260930_195200_fail_global.log -> 404
2026-09-30 19:52:10,108 - DEBUG - [global] _api_put: PUT runs/20260930_195200_fail_global.log -> 201 (20216 bytes)
2026-09-30 19:52:10,109 - DEBUG - [global] log_uploader: STEP 3 (global log) -> https://github.com/StarateJI/L2Mauto/blob/bot-logs/runs/20260930_195200_fail_global.log
2026-09-30 19:52:10,110 - DEBUG - [global] log_uploader: END window=periodic
2026-09-30 19:52:10,110 - INFO - [global] LogUploader: upload_run_logs завершён
2026-09-30 19:52:18,081 - INFO - [global] Проверяю обновы...
2026-09-30 19:52:18,860 - DEBUG - [global] needs_update: raw → 5.13.09
2026-09-30 19:52:19,037 - DEBUG - [global] needs_update: API → 5.13.09
2026-09-30 19:52:19,038 - DEBUG - [global] needs_update: лучший источник raw → 5.13.09 (из 2)
2026-09-30 19:52:19,038 - INFO - [global] needs_update: local=(5, 13, 7) remote=(5, 13, 9) -> has_update=True
2026-09-30 19:52:19,038 - INFO - [global] Доступна обнова! Спавню кнопку
2026-09-30 19:52:49,051 - INFO - [global] Проверяю обновы...
2026-09-30 19:52:49,829 - DEBUG - [global] needs_update: raw → 5.13.09
2026-09-30 19:52:50,186 - DEBUG - [global] needs_update: API → 5.13.09
2026-09-30 19:52:50,186 - DEBUG - [global] needs_update: лучший источник raw → 5.13.09 (из 2)
2026-09-30 19:52:50,187 - INFO - [global] needs_update: local=(5, 13, 7) remote=(5, 13, 9) -> has_update=True
2026-09-30 19:52:50,187 - INFO - [global] Доступна обнова! Спавню кнопку
2026-09-30 19:53:10,152 - INFO - [global] LogUploader: запускаю upload_run_logs...
2026-09-30 19:53:10,152 - DEBUG - [global] log_uploader: START window=periodic made=-1 token=...Rjnfq
2026-09-30 19:53:11,048 - DEBUG - [global] _api_put: GET runs/20260930_195310_fail_periodic.log -> 404
2026-09-30 19:53:13,225 - DEBUG - [global] _api_put: PUT runs/20260930_195310_fail_periodic.log -> 201 (19392 bytes)
2026-09-30 19:53:13,227 - DEBUG - [global] log_uploader: STEP 1 (window log) -> https://github.com/StarateJI/L2Mauto/blob/bot-logs/runs/20260930_195310_fail_periodic.log
2026-09-30 19:53:13,227 - DEBUG - [global] log_uploader: STEP 2 SKIP (no PNGs)
2026-09-30 19:53:14,119 - DEBUG - [global] _api_put: GET runs/20260930_195310_fail_global.log -> 404
2026-09-30 19:53:16,124 - DEBUG - [global] _api_put: PUT runs/20260930_195310_fail_global.log -> 201 (20136 bytes)
2026-09-30 19:53:16,126 - DEBUG - [global] log_uploader: STEP 3 (global log) -> https://github.com/StarateJI/L2Mauto/blob/bot-logs/runs/20260930_195310_fail_global.log
2026-09-30 19:53:16,126 - DEBUG - [global] log_uploader: END window=periodic
2026-09-30 19:53:16,126 - INFO - [global] LogUploader: upload_run_logs завершён
2026-09-30 19:53:20,202 - INFO - [global] Проверяю обновы...
2026-09-30 19:53:20,991 - DEBUG - [global] needs_update: raw → 5.13.09
2026-09-30 19:53:21,177 - DEBUG - [global] needs_update: API → 5.13.09
2026-09-30 19:53:21,178 - DEBUG - [global] needs_update: лучший источник raw → 5.13.09 (из 2)
2026-09-30 19:53:21,178 - INFO - [global] needs_update: local=(5, 13, 7) remote=(5, 13, 9) -> has_update=True
2026-09-30 19:53:21,178 - INFO - [global] Доступна обнова! Спавню кнопку
2026-09-30 19:53:51,194 - INFO - [global] Проверяю обновы...
2026-09-30 19:53:51,986 - DEBUG - [global] needs_update: raw → 5.13.09
2026-09-30 19:53:52,176 - DEBUG - [global] needs_update: API → 5.13.09
2026-09-30 19:53:52,176 - DEBUG - [global] needs_update: лучший источник raw → 5.13.09 (из 2)
2026-09-30 19:53:52,176 - INFO - [global] needs_update: local=(5, 13, 7) remote=(5, 13, 9) -> has_update=True
2026-09-30 19:53:52,176 - INFO - [global] Доступна обнова! Спавню кнопку
2026-09-30 19:54:16,159 - INFO - [global] LogUploader: запускаю upload_run_logs...
2026-09-30 19:54:16,159 - DEBUG - [global] log_uploader: START window=periodic made=-1 token=...Rjnfq
2026-09-30 19:54:17,031 - DEBUG - [global] _api_put: GET runs/20260930_195416_fail_periodic.log -> 404
2026-09-30 19:54:18,903 - DEBUG - [global] _api_put: PUT runs/20260930_195416_fail_periodic.log -> 201 (19392 bytes)
2026-09-30 19:54:18,905 - DEBUG - [global] log_uploader: STEP 1 (window log) -> https://github.com/StarateJI/L2Mauto/blob/bot-logs/runs/20260930_195416_fail_periodic.log
2026-09-30 19:54:18,905 - DEBUG - [global] log_uploader: STEP 2 SKIP (no PNGs)
