=== Log tail 2026-10-02T03:51:09.982613 | last 200 lines ===
2026-10-02 03:42:17,756 - DEBUG - [global] needs_update: API → 5.13.09
2026-10-02 03:42:17,757 - DEBUG - [global] needs_update: лучший источник raw → 5.13.09 (из 2)
2026-10-02 03:42:17,757 - INFO - [global] needs_update: local=(5, 13, 7) remote=(5, 13, 9) -> has_update=True
2026-10-02 03:42:17,757 - INFO - [global] Доступна обнова! Спавню кнопку
2026-10-02 03:42:18,227 - INFO - [global] LogUploader: запускаю upload_run_logs...
2026-10-02 03:42:18,228 - DEBUG - [global] log_uploader: START window=periodic made=-1 token=...Rjnfq
2026-10-02 03:42:19,109 - DEBUG - [global] _api_put: GET runs/20261002_034218_fail_periodic.log -> 404
2026-10-02 03:42:20,960 - DEBUG - [global] _api_put: PUT runs/20261002_034218_fail_periodic.log -> 201 (19392 bytes)
2026-10-02 03:42:20,962 - DEBUG - [global] log_uploader: STEP 1 (window log) -> https://github.com/StarateJI/L2Mauto/blob/bot-logs/runs/20261002_034218_fail_periodic.log
2026-10-02 03:42:20,962 - DEBUG - [global] log_uploader: STEP 2 SKIP (no PNGs)
2026-10-02 03:42:21,886 - DEBUG - [global] _api_put: GET runs/20261002_034218_fail_global.log -> 404
2026-10-02 03:42:23,920 - DEBUG - [global] _api_put: PUT runs/20261002_034218_fail_global.log -> 201 (20019 bytes)
2026-10-02 03:42:23,922 - DEBUG - [global] log_uploader: STEP 3 (global log) -> https://github.com/StarateJI/L2Mauto/blob/bot-logs/runs/20261002_034218_fail_global.log
2026-10-02 03:42:23,922 - DEBUG - [global] log_uploader: END window=periodic
2026-10-02 03:42:23,922 - INFO - [global] LogUploader: upload_run_logs завершён
2026-10-02 03:42:47,771 - INFO - [global] Проверяю обновы...
2026-10-02 03:42:48,540 - DEBUG - [global] needs_update: raw → 5.13.09
2026-10-02 03:42:48,749 - DEBUG - [global] needs_update: API → 5.13.09
2026-10-02 03:42:48,749 - DEBUG - [global] needs_update: лучший источник raw → 5.13.09 (из 2)
2026-10-02 03:42:48,750 - INFO - [global] needs_update: local=(5, 13, 7) remote=(5, 13, 9) -> has_update=True
2026-10-02 03:42:48,750 - INFO - [global] Доступна обнова! Спавню кнопку
2026-10-02 03:43:18,767 - INFO - [global] Проверяю обновы...
2026-10-02 03:43:19,589 - DEBUG - [global] needs_update: raw → 5.13.09
2026-10-02 03:43:19,790 - DEBUG - [global] needs_update: API → 5.13.09
2026-10-02 03:43:19,790 - DEBUG - [global] needs_update: лучший источник raw → 5.13.09 (из 2)
2026-10-02 03:43:19,791 - INFO - [global] needs_update: local=(5, 13, 7) remote=(5, 13, 9) -> has_update=True
2026-10-02 03:43:19,791 - INFO - [global] Доступна обнова! Спавню кнопку
2026-10-02 03:43:23,958 - INFO - [global] LogUploader: запускаю upload_run_logs...
2026-10-02 03:43:23,958 - DEBUG - [global] log_uploader: START window=periodic made=-1 token=...Rjnfq
2026-10-02 03:43:24,844 - DEBUG - [global] _api_put: GET runs/20261002_034323_fail_periodic.log -> 404
2026-10-02 03:43:26,832 - DEBUG - [global] _api_put: PUT runs/20261002_034323_fail_periodic.log -> 201 (19392 bytes)
2026-10-02 03:43:26,835 - DEBUG - [global] log_uploader: STEP 1 (window log) -> https://github.com/StarateJI/L2Mauto/blob/bot-logs/runs/20261002_034323_fail_periodic.log
2026-10-02 03:43:26,835 - DEBUG - [global] log_uploader: STEP 2 SKIP (no PNGs)
2026-10-02 03:43:27,813 - DEBUG - [global] _api_put: GET runs/20261002_034323_fail_global.log -> 404
2026-10-02 03:43:29,948 - DEBUG - [global] _api_put: PUT runs/20261002_034323_fail_global.log -> 201 (20019 bytes)
2026-10-02 03:43:29,950 - DEBUG - [global] log_uploader: STEP 3 (global log) -> https://github.com/StarateJI/L2Mauto/blob/bot-logs/runs/20261002_034323_fail_global.log
2026-10-02 03:43:29,950 - DEBUG - [global] log_uploader: END window=periodic
2026-10-02 03:43:29,950 - INFO - [global] LogUploader: upload_run_logs завершён
2026-10-02 03:43:49,809 - INFO - [global] Проверяю обновы...
2026-10-02 03:43:50,591 - DEBUG - [global] needs_update: raw → 5.13.09
2026-10-02 03:43:50,838 - DEBUG - [global] needs_update: API → 5.13.09
2026-10-02 03:43:50,838 - DEBUG - [global] needs_update: лучший источник raw → 5.13.09 (из 2)
2026-10-02 03:43:50,838 - INFO - [global] needs_update: local=(5, 13, 7) remote=(5, 13, 9) -> has_update=True
2026-10-02 03:43:50,838 - INFO - [global] Доступна обнова! Спавню кнопку
2026-10-02 03:44:20,854 - INFO - [global] Проверяю обновы...
2026-10-02 03:44:21,669 - DEBUG - [global] needs_update: raw → 5.13.09
2026-10-02 03:44:21,861 - DEBUG - [global] needs_update: API → 5.13.09
2026-10-02 03:44:21,861 - DEBUG - [global] needs_update: лучший источник raw → 5.13.09 (из 2)
2026-10-02 03:44:21,861 - INFO - [global] needs_update: local=(5, 13, 7) remote=(5, 13, 9) -> has_update=True
2026-10-02 03:44:21,862 - INFO - [global] Доступна обнова! Спавню кнопку
2026-10-02 03:44:29,984 - INFO - [global] LogUploader: запускаю upload_run_logs...
2026-10-02 03:44:29,985 - DEBUG - [global] log_uploader: START window=periodic made=-1 token=...Rjnfq
2026-10-02 03:44:30,877 - DEBUG - [global] _api_put: GET runs/20261002_034429_fail_periodic.log -> 404
2026-10-02 03:44:32,979 - DEBUG - [global] _api_put: PUT runs/20261002_034429_fail_periodic.log -> 201 (19392 bytes)
2026-10-02 03:44:32,981 - DEBUG - [global] log_uploader: STEP 1 (window log) -> https://github.com/StarateJI/L2Mauto/blob/bot-logs/runs/20261002_034429_fail_periodic.log
2026-10-02 03:44:32,982 - DEBUG - [global] log_uploader: STEP 2 SKIP (no PNGs)
2026-10-02 03:44:33,944 - DEBUG - [global] _api_put: GET runs/20261002_034429_fail_global.log -> 404
2026-10-02 03:44:35,778 - DEBUG - [global] _api_put: PUT runs/20261002_034429_fail_global.log -> 201 (20019 bytes)
2026-10-02 03:44:35,780 - DEBUG - [global] log_uploader: STEP 3 (global log) -> https://github.com/StarateJI/L2Mauto/blob/bot-logs/runs/20261002_034429_fail_global.log
2026-10-02 03:44:35,780 - DEBUG - [global] log_uploader: END window=periodic
2026-10-02 03:44:35,780 - INFO - [global] LogUploader: upload_run_logs завершён
2026-10-02 03:44:51,880 - INFO - [global] Проверяю обновы...
2026-10-02 03:44:52,702 - DEBUG - [global] needs_update: raw → 5.13.09
2026-10-02 03:44:52,919 - DEBUG - [global] needs_update: API → 5.13.09
2026-10-02 03:44:52,920 - DEBUG - [global] needs_update: лучший источник raw → 5.13.09 (из 2)
2026-10-02 03:44:52,920 - INFO - [global] needs_update: local=(5, 13, 7) remote=(5, 13, 9) -> has_update=True
2026-10-02 03:44:52,920 - INFO - [global] Доступна обнова! Спавню кнопку
2026-10-02 03:45:22,937 - INFO - [global] Проверяю обновы...
2026-10-02 03:45:23,754 - DEBUG - [global] needs_update: raw → 5.13.09
2026-10-02 03:45:23,918 - DEBUG - [global] needs_update: API → 5.13.09
2026-10-02 03:45:23,918 - DEBUG - [global] needs_update: лучший источник raw → 5.13.09 (из 2)
2026-10-02 03:45:23,918 - INFO - [global] needs_update: local=(5, 13, 7) remote=(5, 13, 9) -> has_update=True
2026-10-02 03:45:23,918 - INFO - [global] Доступна обнова! Спавню кнопку
2026-10-02 03:45:35,817 - INFO - [global] LogUploader: запускаю upload_run_logs...
2026-10-02 03:45:35,818 - DEBUG - [global] log_uploader: START window=periodic made=-1 token=...Rjnfq
2026-10-02 03:45:36,776 - DEBUG - [global] _api_put: GET runs/20261002_034535_fail_periodic.log -> 404
2026-10-02 03:45:38,725 - DEBUG - [global] _api_put: PUT runs/20261002_034535_fail_periodic.log -> 201 (19392 bytes)
2026-10-02 03:45:38,727 - DEBUG - [global] log_uploader: STEP 1 (window log) -> https://github.com/StarateJI/L2Mauto/blob/bot-logs/runs/20261002_034535_fail_periodic.log
2026-10-02 03:45:38,728 - DEBUG - [global] log_uploader: STEP 2 SKIP (no PNGs)
2026-10-02 03:45:39,732 - DEBUG - [global] _api_put: GET runs/20261002_034535_fail_global.log -> 404
2026-10-02 03:45:41,939 - DEBUG - [global] _api_put: PUT runs/20261002_034535_fail_global.log -> 201 (20019 bytes)
2026-10-02 03:45:41,941 - DEBUG - [global] log_uploader: STEP 3 (global log) -> https://github.com/StarateJI/L2Mauto/blob/bot-logs/runs/20261002_034535_fail_global.log
2026-10-02 03:45:41,941 - DEBUG - [global] log_uploader: END window=periodic
2026-10-02 03:45:41,941 - INFO - [global] LogUploader: upload_run_logs завершён
2026-10-02 03:45:53,936 - INFO - [global] Проверяю обновы...
2026-10-02 03:45:54,809 - DEBUG - [global] needs_update: raw → 5.13.09
2026-10-02 03:45:54,996 - DEBUG - [global] needs_update: API → 5.13.09
2026-10-02 03:45:54,997 - DEBUG - [global] needs_update: лучший источник raw → 5.13.09 (из 2)
2026-10-02 03:45:54,997 - INFO - [global] needs_update: local=(5, 13, 7) remote=(5, 13, 9) -> has_update=True
2026-10-02 03:45:54,997 - INFO - [global] Доступна обнова! Спавню кнопку
2026-10-02 03:46:25,029 - INFO - [global] Проверяю обновы...
2026-10-02 03:46:25,866 - DEBUG - [global] needs_update: raw → 5.13.09
2026-10-02 03:46:26,048 - DEBUG - [global] needs_update: API → 5.13.09
2026-10-02 03:46:26,048 - DEBUG - [global] needs_update: лучший источник raw → 5.13.09 (из 2)
2026-10-02 03:46:26,048 - INFO - [global] needs_update: local=(5, 13, 7) remote=(5, 13, 9) -> has_update=True
2026-10-02 03:46:26,048 - INFO - [global] Доступна обнова! Спавню кнопку
2026-10-02 03:46:41,976 - INFO - [global] LogUploader: запускаю upload_run_logs...
2026-10-02 03:46:41,976 - DEBUG - [global] log_uploader: START window=periodic made=-1 token=...Rjnfq
2026-10-02 03:46:42,885 - DEBUG - [global] _api_put: GET runs/20261002_034641_fail_periodic.log -> 404
2026-10-02 03:46:44,991 - DEBUG - [global] _api_put: PUT runs/20261002_034641_fail_periodic.log -> 201 (19392 bytes)
2026-10-02 03:46:44,992 - DEBUG - [global] log_uploader: STEP 1 (window log) -> https://github.com/StarateJI/L2Mauto/blob/bot-logs/runs/20261002_034641_fail_periodic.log
2026-10-02 03:46:44,993 - DEBUG - [global] log_uploader: STEP 2 SKIP (no PNGs)
2026-10-02 03:46:45,960 - DEBUG - [global] _api_put: GET runs/20261002_034641_fail_global.log -> 404
2026-10-02 03:46:48,101 - DEBUG - [global] _api_put: PUT runs/20261002_034641_fail_global.log -> 201 (20019 bytes)
2026-10-02 03:46:48,103 - DEBUG - [global] log_uploader: STEP 3 (global log) -> https://github.com/StarateJI/L2Mauto/blob/bot-logs/runs/20261002_034641_fail_global.log
2026-10-02 03:46:48,103 - DEBUG - [global] log_uploader: END window=periodic
2026-10-02 03:46:48,103 - INFO - [global] LogUploader: upload_run_logs завершён
2026-10-02 03:46:56,069 - INFO - [global] Проверяю обновы...
2026-10-02 03:46:56,884 - DEBUG - [global] needs_update: raw → 5.13.09
2026-10-02 03:46:57,110 - DEBUG - [global] needs_update: API → 5.13.09
2026-10-02 03:46:57,110 - DEBUG - [global] needs_update: лучший источник raw → 5.13.09 (из 2)
2026-10-02 03:46:57,110 - INFO - [global] needs_update: local=(5, 13, 7) remote=(5, 13, 9) -> has_update=True
2026-10-02 03:46:57,110 - INFO - [global] Доступна обнова! Спавню кнопку
2026-10-02 03:47:27,126 - INFO - [global] Проверяю обновы...
2026-10-02 03:47:28,153 - DEBUG - [global] needs_update: API → 5.13.09
2026-10-02 03:47:28,160 - DEBUG - [global] needs_update: raw → 5.13.09
2026-10-02 03:47:28,161 - DEBUG - [global] needs_update: лучший источник API → 5.13.09 (из 2)
2026-10-02 03:47:28,161 - INFO - [global] needs_update: local=(5, 13, 7) remote=(5, 13, 9) -> has_update=True
2026-10-02 03:47:28,161 - INFO - [global] Доступна обнова! Спавню кнопку
2026-10-02 03:47:48,138 - INFO - [global] LogUploader: запускаю upload_run_logs...
2026-10-02 03:47:48,138 - DEBUG - [global] log_uploader: START window=periodic made=-1 token=...Rjnfq
2026-10-02 03:47:49,056 - DEBUG - [global] _api_put: GET runs/20261002_034748_fail_periodic.log -> 404
2026-10-02 03:47:51,024 - DEBUG - [global] _api_put: PUT runs/20261002_034748_fail_periodic.log -> 201 (19392 bytes)
2026-10-02 03:47:51,026 - DEBUG - [global] log_uploader: STEP 1 (window log) -> https://github.com/StarateJI/L2Mauto/blob/bot-logs/runs/20261002_034748_fail_periodic.log
2026-10-02 03:47:51,027 - DEBUG - [global] log_uploader: STEP 2 SKIP (no PNGs)
2026-10-02 03:47:52,036 - DEBUG - [global] _api_put: GET runs/20261002_034748_fail_global.log -> 404
2026-10-02 03:47:54,564 - DEBUG - [global] _api_put: PUT runs/20261002_034748_fail_global.log -> 201 (20019 bytes)
2026-10-02 03:47:54,566 - DEBUG - [global] log_uploader: STEP 3 (global log) -> https://github.com/StarateJI/L2Mauto/blob/bot-logs/runs/20261002_034748_fail_global.log
2026-10-02 03:47:54,566 - DEBUG - [global] log_uploader: END window=periodic
2026-10-02 03:47:54,566 - INFO - [global] LogUploader: upload_run_logs завершён
2026-10-02 03:47:58,178 - INFO - [global] Проверяю обновы...
2026-10-02 03:47:59,054 - DEBUG - [global] needs_update: raw → 5.13.09
2026-10-02 03:48:00,372 - DEBUG - [global] needs_update: API → 5.13.09
2026-10-02 03:48:00,373 - DEBUG - [global] needs_update: лучший источник raw → 5.13.09 (из 2)
2026-10-02 03:48:00,373 - INFO - [global] needs_update: local=(5, 13, 7) remote=(5, 13, 9) -> has_update=True
2026-10-02 03:48:00,373 - INFO - [global] Доступна обнова! Спавню кнопку
2026-10-02 03:48:30,391 - INFO - [global] Проверяю обновы...
2026-10-02 03:48:31,176 - DEBUG - [global] needs_update: raw → 5.13.09
2026-10-02 03:48:31,374 - DEBUG - [global] needs_update: API → 5.13.09
2026-10-02 03:48:31,374 - DEBUG - [global] needs_update: лучший источник raw → 5.13.09 (из 2)
2026-10-02 03:48:31,374 - INFO - [global] needs_update: local=(5, 13, 7) remote=(5, 13, 9) -> has_update=True
2026-10-02 03:48:31,374 - INFO - [global] Доступна обнова! Спавню кнопку
2026-10-02 03:48:54,602 - INFO - [global] LogUploader: запускаю upload_run_logs...
2026-10-02 03:48:54,603 - DEBUG - [global] log_uploader: START window=periodic made=-1 token=...Rjnfq
2026-10-02 03:48:55,558 - DEBUG - [global] _api_put: GET runs/20261002_034854_fail_periodic.log -> 404
2026-10-02 03:48:57,512 - DEBUG - [global] _api_put: PUT runs/20261002_034854_fail_periodic.log -> 201 (19392 bytes)
2026-10-02 03:48:57,515 - DEBUG - [global] log_uploader: STEP 1 (window log) -> https://github.com/StarateJI/L2Mauto/blob/bot-logs/runs/20261002_034854_fail_periodic.log
2026-10-02 03:48:57,516 - DEBUG - [global] log_uploader: STEP 2 SKIP (no PNGs)
2026-10-02 03:48:58,483 - DEBUG - [global] _api_put: GET runs/20261002_034854_fail_global.log -> 404
2026-10-02 03:49:00,701 - DEBUG - [global] _api_put: PUT runs/20261002_034854_fail_global.log -> 201 (20019 bytes)
2026-10-02 03:49:00,702 - DEBUG - [global] log_uploader: STEP 3 (global log) -> https://github.com/StarateJI/L2Mauto/blob/bot-logs/runs/20261002_034854_fail_global.log
2026-10-02 03:49:00,702 - DEBUG - [global] log_uploader: END window=periodic
2026-10-02 03:49:00,702 - INFO - [global] LogUploader: upload_run_logs завершён
2026-10-02 03:49:01,393 - INFO - [global] Проверяю обновы...
2026-10-02 03:49:02,260 - DEBUG - [global] needs_update: raw → 5.13.09
2026-10-02 03:49:02,478 - DEBUG - [global] needs_update: API → 5.13.09
2026-10-02 03:49:02,479 - DEBUG - [global] needs_update: лучший источник raw → 5.13.09 (из 2)
2026-10-02 03:49:02,479 - INFO - [global] needs_update: local=(5, 13, 7) remote=(5, 13, 9) -> has_update=True
2026-10-02 03:49:02,479 - INFO - [global] Доступна обнова! Спавню кнопку
2026-10-02 03:49:32,491 - INFO - [global] Проверяю обновы...
2026-10-02 03:49:33,257 - DEBUG - [global] needs_update: raw → 5.13.09
2026-10-02 03:49:33,460 - DEBUG - [global] needs_update: API → 5.13.09
2026-10-02 03:49:33,461 - DEBUG - [global] needs_update: лучший источник raw → 5.13.09 (из 2)
2026-10-02 03:49:33,461 - INFO - [global] needs_update: local=(5, 13, 7) remote=(5, 13, 9) -> has_update=True
2026-10-02 03:49:33,461 - INFO - [global] Доступна обнова! Спавню кнопку
2026-10-02 03:50:00,737 - INFO - [global] LogUploader: запускаю upload_run_logs...
2026-10-02 03:50:00,738 - DEBUG - [global] log_uploader: START window=periodic made=-1 token=...Rjnfq
2026-10-02 03:50:01,665 - DEBUG - [global] _api_put: GET runs/20261002_035000_fail_periodic.log -> 404
2026-10-02 03:50:03,480 - INFO - [global] Проверяю обновы...
2026-10-02 03:50:03,671 - DEBUG - [global] _api_put: PUT runs/20261002_035000_fail_periodic.log -> 201 (19392 bytes)
2026-10-02 03:50:03,672 - DEBUG - [global] log_uploader: STEP 1 (window log) -> https://github.com/StarateJI/L2Mauto/blob/bot-logs/runs/20261002_035000_fail_periodic.log
2026-10-02 03:50:03,673 - DEBUG - [global] log_uploader: STEP 2 SKIP (no PNGs)
2026-10-02 03:50:04,370 - DEBUG - [global] needs_update: raw → 5.13.09
2026-10-02 03:50:04,565 - DEBUG - [global] needs_update: API → 5.13.09
2026-10-02 03:50:04,566 - DEBUG - [global] needs_update: лучший источник raw → 5.13.09 (из 2)
2026-10-02 03:50:04,566 - INFO - [global] needs_update: local=(5, 13, 7) remote=(5, 13, 9) -> has_update=True
2026-10-02 03:50:04,566 - INFO - [global] Доступна обнова! Спавню кнопку
2026-10-02 03:50:04,795 - DEBUG - [global] _api_put: GET runs/20261002_035000_fail_global.log -> 404
2026-10-02 03:50:06,931 - DEBUG - [global] _api_put: PUT runs/20261002_035000_fail_global.log -> 201 (20021 bytes)
2026-10-02 03:50:06,933 - DEBUG - [global] log_uploader: STEP 3 (global log) -> https://github.com/StarateJI/L2Mauto/blob/bot-logs/runs/20261002_035000_fail_global.log
2026-10-02 03:50:06,934 - DEBUG - [global] log_uploader: END window=periodic
2026-10-02 03:50:06,934 - INFO - [global] LogUploader: upload_run_logs завершён
2026-10-02 03:50:34,582 - INFO - [global] Проверяю обновы...
2026-10-02 03:50:35,432 - DEBUG - [global] needs_update: raw → 5.13.09
2026-10-02 03:50:35,587 - DEBUG - [global] needs_update: API → 5.13.09
2026-10-02 03:50:35,587 - DEBUG - [global] needs_update: лучший источник raw → 5.13.09 (из 2)
2026-10-02 03:50:35,587 - INFO - [global] needs_update: local=(5, 13, 7) remote=(5, 13, 9) -> has_update=True
2026-10-02 03:50:35,587 - INFO - [global] Доступна обнова! Спавню кнопку
2026-10-02 03:51:05,604 - INFO - [global] Проверяю обновы...
2026-10-02 03:51:06,429 - DEBUG - [global] needs_update: raw → 5.13.09
2026-10-02 03:51:06,633 - DEBUG - [global] needs_update: API → 5.13.09
2026-10-02 03:51:06,634 - DEBUG - [global] needs_update: лучший источник raw → 5.13.09 (из 2)
2026-10-02 03:51:06,634 - INFO - [global] needs_update: local=(5, 13, 7) remote=(5, 13, 9) -> has_update=True
2026-10-02 03:51:06,634 - INFO - [global] Доступна обнова! Спавню кнопку
2026-10-02 03:51:06,970 - INFO - [global] LogUploader: запускаю upload_run_logs...
2026-10-02 03:51:06,970 - DEBUG - [global] log_uploader: START window=periodic made=-1 token=...Rjnfq
2026-10-02 03:51:07,882 - DEBUG - [global] _api_put: GET runs/20261002_035106_fail_periodic.log -> 404
2026-10-02 03:51:09,917 - DEBUG - [global] _api_put: PUT runs/20261002_035106_fail_periodic.log -> 201 (19392 bytes)
2026-10-02 03:51:09,919 - DEBUG - [global] log_uploader: STEP 1 (window log) -> https://github.com/StarateJI/L2Mauto/blob/bot-logs/runs/20261002_035106_fail_periodic.log
2026-10-02 03:51:09,920 - DEBUG - [global] log_uploader: STEP 2 SKIP (no PNGs)
