=== Log tail 2026-09-24T23:34:50.903794 | last 200 lines ===
2026-09-24 23:25:36,080 - DEBUG - [global] needs_update: API → 5.13.07
2026-09-24 23:25:36,080 - DEBUG - [global] needs_update: лучший источник raw → 5.13.07 (из 2)
2026-09-24 23:25:36,080 - INFO - [global] needs_update: local=(5, 13, 7) remote=(5, 13, 7) -> has_update=False
2026-09-24 23:25:36,081 - INFO - [global] Установлена последняя версия бота | 5.13.07
2026-09-24 23:26:00,015 - INFO - [global] LogUploader: запускаю upload_run_logs...
2026-09-24 23:26:00,016 - DEBUG - [global] log_uploader: START window=periodic made=-1 token=...Rjnfq
2026-09-24 23:26:00,977 - DEBUG - [global] _api_put: GET runs/20260924_232600_fail_periodic.log -> 404
2026-09-24 23:26:02,618 - DEBUG - [global] _api_put: PUT runs/20260924_232600_fail_periodic.log -> 201 (9273 bytes)
2026-09-24 23:26:02,620 - DEBUG - [global] log_uploader: STEP 1 (window log) -> https://github.com/StarateJI/L2Mauto/blob/bot-logs/runs/20260924_232600_fail_periodic.log
2026-09-24 23:26:02,620 - DEBUG - [global] log_uploader: STEP 2 SKIP (no PNGs)
2026-09-24 23:26:03,676 - DEBUG - [global] _api_put: GET runs/20260924_232600_fail_global.log -> 404
2026-09-24 23:26:06,048 - DEBUG - [global] _api_put: PUT runs/20260924_232600_fail_global.log -> 201 (20334 bytes)
2026-09-24 23:26:06,051 - DEBUG - [global] log_uploader: STEP 3 (global log) -> https://github.com/StarateJI/L2Mauto/blob/bot-logs/runs/20260924_232600_fail_global.log
2026-09-24 23:26:06,051 - DEBUG - [global] log_uploader: END window=periodic
2026-09-24 23:26:06,051 - INFO - [global] LogUploader: upload_run_logs завершён
2026-09-24 23:26:06,100 - INFO - [global] Проверяю обновы...
2026-09-24 23:26:07,057 - DEBUG - [global] needs_update: raw → 5.13.07
2026-09-24 23:26:07,251 - DEBUG - [global] needs_update: API → 5.13.07
2026-09-24 23:26:07,251 - DEBUG - [global] needs_update: лучший источник raw → 5.13.07 (из 2)
2026-09-24 23:26:07,251 - INFO - [global] needs_update: local=(5, 13, 7) remote=(5, 13, 7) -> has_update=False
2026-09-24 23:26:07,252 - INFO - [global] Установлена последняя версия бота | 5.13.07
2026-09-24 23:26:37,279 - INFO - [global] Проверяю обновы...
2026-09-24 23:26:38,141 - DEBUG - [global] needs_update: raw → 5.13.07
2026-09-24 23:26:38,316 - DEBUG - [global] needs_update: API → 5.13.07
2026-09-24 23:26:38,316 - DEBUG - [global] needs_update: лучший источник raw → 5.13.07 (из 2)
2026-09-24 23:26:38,316 - INFO - [global] needs_update: local=(5, 13, 7) remote=(5, 13, 7) -> has_update=False
2026-09-24 23:26:38,317 - INFO - [global] Установлена последняя версия бота | 5.13.07
2026-09-24 23:27:06,092 - INFO - [global] LogUploader: запускаю upload_run_logs...
2026-09-24 23:27:06,094 - DEBUG - [global] log_uploader: START window=periodic made=-1 token=...Rjnfq
2026-09-24 23:27:07,049 - DEBUG - [global] _api_put: GET runs/20260924_232706_fail_periodic.log -> 404
2026-09-24 23:27:08,334 - INFO - [global] Проверяю обновы...
2026-09-24 23:27:08,748 - DEBUG - [global] _api_put: PUT runs/20260924_232706_fail_periodic.log -> 201 (9273 bytes)
2026-09-24 23:27:08,749 - DEBUG - [global] log_uploader: STEP 1 (window log) -> https://github.com/StarateJI/L2Mauto/blob/bot-logs/runs/20260924_232706_fail_periodic.log
2026-09-24 23:27:08,750 - DEBUG - [global] log_uploader: STEP 2 SKIP (no PNGs)
2026-09-24 23:27:09,174 - DEBUG - [global] needs_update: raw → 5.13.07
2026-09-24 23:27:09,440 - DEBUG - [global] needs_update: API → 5.13.07
2026-09-24 23:27:09,441 - DEBUG - [global] needs_update: лучший источник raw → 5.13.07 (из 2)
2026-09-24 23:27:09,441 - INFO - [global] needs_update: local=(5, 13, 7) remote=(5, 13, 7) -> has_update=False
2026-09-24 23:27:09,441 - INFO - [global] Установлена последняя версия бота | 5.13.07
2026-09-24 23:27:09,802 - DEBUG - [global] _api_put: GET runs/20260924_232706_fail_global.log -> 404
2026-09-24 23:27:11,568 - DEBUG - [global] _api_put: PUT runs/20260924_232706_fail_global.log -> 201 (20336 bytes)
2026-09-24 23:27:11,570 - DEBUG - [global] log_uploader: STEP 3 (global log) -> https://github.com/StarateJI/L2Mauto/blob/bot-logs/runs/20260924_232706_fail_global.log
2026-09-24 23:27:11,570 - DEBUG - [global] log_uploader: END window=periodic
2026-09-24 23:27:11,570 - INFO - [global] LogUploader: upload_run_logs завершён
2026-09-24 23:27:39,457 - INFO - [global] Проверяю обновы...
2026-09-24 23:27:40,327 - DEBUG - [global] needs_update: raw → 5.13.07
2026-09-24 23:27:40,540 - DEBUG - [global] needs_update: API → 5.13.07
2026-09-24 23:27:40,541 - DEBUG - [global] needs_update: лучший источник raw → 5.13.07 (из 2)
2026-09-24 23:27:40,541 - INFO - [global] needs_update: local=(5, 13, 7) remote=(5, 13, 7) -> has_update=False
2026-09-24 23:27:40,542 - INFO - [global] Установлена последняя версия бота | 5.13.07
2026-09-24 23:28:10,561 - INFO - [global] Проверяю обновы...
2026-09-24 23:28:11,431 - DEBUG - [global] needs_update: raw → 5.13.07
2026-09-24 23:28:11,606 - INFO - [global] LogUploader: запускаю upload_run_logs...
2026-09-24 23:28:11,607 - DEBUG - [global] log_uploader: START window=periodic made=-1 token=...Rjnfq
2026-09-24 23:28:11,626 - DEBUG - [global] needs_update: API → 5.13.07
2026-09-24 23:28:11,626 - DEBUG - [global] needs_update: лучший источник raw → 5.13.07 (из 2)
2026-09-24 23:28:11,626 - INFO - [global] needs_update: local=(5, 13, 7) remote=(5, 13, 7) -> has_update=False
2026-09-24 23:28:11,626 - INFO - [global] Установлена последняя версия бота | 5.13.07
2026-09-24 23:28:12,539 - DEBUG - [global] _api_put: GET runs/20260924_232811_fail_periodic.log -> 404
2026-09-24 23:28:14,203 - DEBUG - [global] _api_put: PUT runs/20260924_232811_fail_periodic.log -> 201 (9273 bytes)
2026-09-24 23:28:14,205 - DEBUG - [global] log_uploader: STEP 1 (window log) -> https://github.com/StarateJI/L2Mauto/blob/bot-logs/runs/20260924_232811_fail_periodic.log
2026-09-24 23:28:14,206 - DEBUG - [global] log_uploader: STEP 2 SKIP (no PNGs)
2026-09-24 23:28:15,457 - DEBUG - [global] _api_put: GET runs/20260924_232811_fail_global.log -> 404
2026-09-24 23:28:17,495 - DEBUG - [global] _api_put: PUT runs/20260924_232811_fail_global.log -> 201 (20334 bytes)
2026-09-24 23:28:17,496 - DEBUG - [global] log_uploader: STEP 3 (global log) -> https://github.com/StarateJI/L2Mauto/blob/bot-logs/runs/20260924_232811_fail_global.log
2026-09-24 23:28:17,496 - DEBUG - [global] log_uploader: END window=periodic
2026-09-24 23:28:17,496 - INFO - [global] LogUploader: upload_run_logs завершён
2026-09-24 23:28:41,644 - INFO - [global] Проверяю обновы...
2026-09-24 23:28:42,551 - DEBUG - [global] needs_update: raw → 5.13.07
2026-09-24 23:28:42,699 - DEBUG - [global] needs_update: API → 5.13.07
2026-09-24 23:28:42,700 - DEBUG - [global] needs_update: лучший источник raw → 5.13.07 (из 2)
2026-09-24 23:28:42,700 - INFO - [global] needs_update: local=(5, 13, 7) remote=(5, 13, 7) -> has_update=False
2026-09-24 23:28:42,700 - INFO - [global] Установлена последняя версия бота | 5.13.07
2026-09-24 23:29:12,719 - INFO - [global] Проверяю обновы...
2026-09-24 23:29:13,634 - DEBUG - [global] needs_update: raw → 5.13.07
2026-09-24 23:29:13,829 - DEBUG - [global] needs_update: API → 5.13.07
2026-09-24 23:29:13,829 - DEBUG - [global] needs_update: лучший источник raw → 5.13.07 (из 2)
2026-09-24 23:29:13,829 - INFO - [global] needs_update: local=(5, 13, 7) remote=(5, 13, 7) -> has_update=False
2026-09-24 23:29:13,830 - INFO - [global] Установлена последняя версия бота | 5.13.07
2026-09-24 23:29:17,530 - INFO - [global] LogUploader: запускаю upload_run_logs...
2026-09-24 23:29:17,532 - DEBUG - [global] log_uploader: START window=periodic made=-1 token=...Rjnfq
2026-09-24 23:29:18,479 - DEBUG - [global] _api_put: GET runs/20260924_232917_fail_periodic.log -> 404
2026-09-24 23:29:20,345 - DEBUG - [global] _api_put: PUT runs/20260924_232917_fail_periodic.log -> 201 (9273 bytes)
2026-09-24 23:29:20,348 - DEBUG - [global] log_uploader: STEP 1 (window log) -> https://github.com/StarateJI/L2Mauto/blob/bot-logs/runs/20260924_232917_fail_periodic.log
2026-09-24 23:29:20,348 - DEBUG - [global] log_uploader: STEP 2 SKIP (no PNGs)
2026-09-24 23:29:21,443 - DEBUG - [global] _api_put: GET runs/20260924_232917_fail_global.log -> 404
2026-09-24 23:29:23,391 - DEBUG - [global] _api_put: PUT runs/20260924_232917_fail_global.log -> 201 (20334 bytes)
2026-09-24 23:29:23,394 - DEBUG - [global] log_uploader: STEP 3 (global log) -> https://github.com/StarateJI/L2Mauto/blob/bot-logs/runs/20260924_232917_fail_global.log
2026-09-24 23:29:23,394 - DEBUG - [global] log_uploader: END window=periodic
2026-09-24 23:29:23,394 - INFO - [global] LogUploader: upload_run_logs завершён
2026-09-24 23:29:43,848 - INFO - [global] Проверяю обновы...
2026-09-24 23:29:44,737 - DEBUG - [global] needs_update: raw → 5.13.07
2026-09-24 23:29:44,937 - DEBUG - [global] needs_update: API → 5.13.07
2026-09-24 23:29:44,937 - DEBUG - [global] needs_update: лучший источник raw → 5.13.07 (из 2)
2026-09-24 23:29:44,937 - INFO - [global] needs_update: local=(5, 13, 7) remote=(5, 13, 7) -> has_update=False
2026-09-24 23:29:44,938 - INFO - [global] Установлена последняя версия бота | 5.13.07
2026-09-24 23:30:14,956 - INFO - [global] Проверяю обновы...
2026-09-24 23:30:15,837 - DEBUG - [global] needs_update: raw → 5.13.07
2026-09-24 23:30:16,076 - DEBUG - [global] needs_update: API → 5.13.07
2026-09-24 23:30:16,077 - DEBUG - [global] needs_update: лучший источник raw → 5.13.07 (из 2)
2026-09-24 23:30:16,077 - INFO - [global] needs_update: local=(5, 13, 7) remote=(5, 13, 7) -> has_update=False
2026-09-24 23:30:16,077 - INFO - [global] Установлена последняя версия бота | 5.13.07
2026-09-24 23:30:23,433 - INFO - [global] LogUploader: запускаю upload_run_logs...
2026-09-24 23:30:23,434 - DEBUG - [global] log_uploader: START window=periodic made=-1 token=...Rjnfq
2026-09-24 23:30:24,352 - DEBUG - [global] _api_put: GET runs/20260924_233023_fail_periodic.log -> 404
2026-09-24 23:30:27,578 - DEBUG - [global] _api_put: PUT runs/20260924_233023_fail_periodic.log -> 201 (9273 bytes)
2026-09-24 23:30:27,580 - DEBUG - [global] log_uploader: STEP 1 (window log) -> https://github.com/StarateJI/L2Mauto/blob/bot-logs/runs/20260924_233023_fail_periodic.log
2026-09-24 23:30:27,580 - DEBUG - [global] log_uploader: STEP 2 SKIP (no PNGs)
2026-09-24 23:30:28,585 - DEBUG - [global] _api_put: GET runs/20260924_233023_fail_global.log -> 404
2026-09-24 23:30:31,498 - DEBUG - [global] _api_put: PUT runs/20260924_233023_fail_global.log -> 201 (20334 bytes)
2026-09-24 23:30:31,501 - DEBUG - [global] log_uploader: STEP 3 (global log) -> https://github.com/StarateJI/L2Mauto/blob/bot-logs/runs/20260924_233023_fail_global.log
2026-09-24 23:30:31,501 - DEBUG - [global] log_uploader: END window=periodic
2026-09-24 23:30:31,501 - INFO - [global] LogUploader: upload_run_logs завершён
2026-09-24 23:30:46,092 - INFO - [global] Проверяю обновы...
2026-09-24 23:30:47,002 - DEBUG - [global] needs_update: raw → 5.13.07
2026-09-24 23:30:47,128 - DEBUG - [global] needs_update: API → 5.13.07
2026-09-24 23:30:47,128 - DEBUG - [global] needs_update: лучший источник raw → 5.13.07 (из 2)
2026-09-24 23:30:47,128 - INFO - [global] needs_update: local=(5, 13, 7) remote=(5, 13, 7) -> has_update=False
2026-09-24 23:30:47,128 - INFO - [global] Установлена последняя версия бота | 5.13.07
2026-09-24 23:31:17,146 - INFO - [global] Проверяю обновы...
2026-09-24 23:31:18,031 - DEBUG - [global] needs_update: raw → 5.13.07
2026-09-24 23:31:18,204 - DEBUG - [global] needs_update: API → 5.13.07
2026-09-24 23:31:18,204 - DEBUG - [global] needs_update: лучший источник raw → 5.13.07 (из 2)
2026-09-24 23:31:18,205 - INFO - [global] needs_update: local=(5, 13, 7) remote=(5, 13, 7) -> has_update=False
2026-09-24 23:31:18,205 - INFO - [global] Установлена последняя версия бота | 5.13.07
2026-09-24 23:31:31,531 - INFO - [global] LogUploader: запускаю upload_run_logs...
2026-09-24 23:31:31,532 - DEBUG - [global] log_uploader: START window=periodic made=-1 token=...Rjnfq
2026-09-24 23:31:32,447 - DEBUG - [global] _api_put: GET runs/20260924_233131_fail_periodic.log -> 200
2026-09-24 23:31:33,994 - DEBUG - [global] _api_put: PUT runs/20260924_233131_fail_periodic.log -> 200 (9273 bytes)
2026-09-24 23:31:33,996 - DEBUG - [global] log_uploader: STEP 1 (window log) -> https://github.com/StarateJI/L2Mauto/blob/bot-logs/runs/20260924_233131_fail_periodic.log
2026-09-24 23:31:33,996 - DEBUG - [global] log_uploader: STEP 2 SKIP (no PNGs)
2026-09-24 23:31:35,066 - DEBUG - [global] _api_put: GET runs/20260924_233131_fail_global.log -> 200
2026-09-24 23:31:37,446 - DEBUG - [global] _api_put: PUT runs/20260924_233131_fail_global.log -> 200 (20334 bytes)
2026-09-24 23:31:37,447 - DEBUG - [global] log_uploader: STEP 3 (global log) -> https://github.com/StarateJI/L2Mauto/blob/bot-logs/runs/20260924_233131_fail_global.log
2026-09-24 23:31:37,448 - DEBUG - [global] log_uploader: END window=periodic
2026-09-24 23:31:37,448 - INFO - [global] LogUploader: upload_run_logs завершён
2026-09-24 23:31:48,222 - INFO - [global] Проверяю обновы...
2026-09-24 23:31:49,048 - DEBUG - [global] needs_update: raw → 5.13.07
2026-09-24 23:31:49,322 - DEBUG - [global] needs_update: API → 5.13.07
2026-09-24 23:31:49,323 - DEBUG - [global] needs_update: лучший источник raw → 5.13.07 (из 2)
2026-09-24 23:31:49,323 - INFO - [global] needs_update: local=(5, 13, 7) remote=(5, 13, 7) -> has_update=False
2026-09-24 23:31:49,323 - INFO - [global] Установлена последняя версия бота | 5.13.07
2026-09-24 23:32:19,343 - INFO - [global] Проверяю обновы...
2026-09-24 23:32:20,230 - DEBUG - [global] needs_update: raw → 5.13.07
2026-09-24 23:32:20,381 - DEBUG - [global] needs_update: API → 5.13.07
2026-09-24 23:32:20,381 - DEBUG - [global] needs_update: лучший источник raw → 5.13.07 (из 2)
2026-09-24 23:32:20,381 - INFO - [global] needs_update: local=(5, 13, 7) remote=(5, 13, 7) -> has_update=False
2026-09-24 23:32:20,382 - INFO - [global] Установлена последняя версия бота | 5.13.07
2026-09-24 23:32:37,481 - INFO - [global] LogUploader: запускаю upload_run_logs...
2026-09-24 23:32:37,482 - DEBUG - [global] log_uploader: START window=periodic made=-1 token=...Rjnfq
2026-09-24 23:32:38,411 - DEBUG - [global] _api_put: GET runs/20260924_233237_fail_periodic.log -> 200
2026-09-24 23:32:40,013 - DEBUG - [global] _api_put: PUT runs/20260924_233237_fail_periodic.log -> 200 (9273 bytes)
2026-09-24 23:32:40,015 - DEBUG - [global] log_uploader: STEP 1 (window log) -> https://github.com/StarateJI/L2Mauto/blob/bot-logs/runs/20260924_233237_fail_periodic.log
2026-09-24 23:32:40,016 - DEBUG - [global] log_uploader: STEP 2 SKIP (no PNGs)
2026-09-24 23:32:41,134 - DEBUG - [global] _api_put: GET runs/20260924_233237_fail_global.log -> 200
2026-09-24 23:32:42,885 - DEBUG - [global] _api_put: PUT runs/20260924_233237_fail_global.log -> 200 (20334 bytes)
2026-09-24 23:32:42,887 - DEBUG - [global] log_uploader: STEP 3 (global log) -> https://github.com/StarateJI/L2Mauto/blob/bot-logs/runs/20260924_233237_fail_global.log
2026-09-24 23:32:42,887 - DEBUG - [global] log_uploader: END window=periodic
2026-09-24 23:32:42,887 - INFO - [global] LogUploader: upload_run_logs завершён
2026-09-24 23:32:50,399 - INFO - [global] Проверяю обновы...
2026-09-24 23:32:51,229 - DEBUG - [global] needs_update: raw → 5.13.07
2026-09-24 23:32:51,435 - DEBUG - [global] needs_update: API → 5.13.07
2026-09-24 23:32:51,435 - DEBUG - [global] needs_update: лучший источник raw → 5.13.07 (из 2)
2026-09-24 23:32:51,435 - INFO - [global] needs_update: local=(5, 13, 7) remote=(5, 13, 7) -> has_update=False
2026-09-24 23:32:51,436 - INFO - [global] Установлена последняя версия бота | 5.13.07
2026-09-24 23:33:21,452 - INFO - [global] Проверяю обновы...
2026-09-24 23:33:22,299 - DEBUG - [global] needs_update: raw → 5.13.07
2026-09-24 23:33:22,527 - DEBUG - [global] needs_update: API → 5.13.07
2026-09-24 23:33:22,527 - DEBUG - [global] needs_update: лучший источник raw → 5.13.07 (из 2)
2026-09-24 23:33:22,527 - INFO - [global] needs_update: local=(5, 13, 7) remote=(5, 13, 7) -> has_update=False
2026-09-24 23:33:22,528 - INFO - [global] Установлена последняя версия бота | 5.13.07
2026-09-24 23:33:42,921 - INFO - [global] LogUploader: запускаю upload_run_logs...
2026-09-24 23:33:42,922 - DEBUG - [global] log_uploader: START window=periodic made=-1 token=...Rjnfq
2026-09-24 23:33:43,870 - DEBUG - [global] _api_put: GET runs/20260924_233342_fail_periodic.log -> 200
2026-09-24 23:33:45,427 - DEBUG - [global] _api_put: PUT runs/20260924_233342_fail_periodic.log -> 200 (9273 bytes)
2026-09-24 23:33:45,429 - DEBUG - [global] log_uploader: STEP 1 (window log) -> https://github.com/StarateJI/L2Mauto/blob/bot-logs/runs/20260924_233342_fail_periodic.log
2026-09-24 23:33:45,429 - DEBUG - [global] log_uploader: STEP 2 SKIP (no PNGs)
2026-09-24 23:33:46,548 - DEBUG - [global] _api_put: GET runs/20260924_233342_fail_global.log -> 200
2026-09-24 23:33:48,205 - DEBUG - [global] _api_put: PUT runs/20260924_233342_fail_global.log -> 200 (20334 bytes)
2026-09-24 23:33:48,207 - DEBUG - [global] log_uploader: STEP 3 (global log) -> https://github.com/StarateJI/L2Mauto/blob/bot-logs/runs/20260924_233342_fail_global.log
2026-09-24 23:33:48,207 - DEBUG - [global] log_uploader: END window=periodic
2026-09-24 23:33:48,207 - INFO - [global] LogUploader: upload_run_logs завершён
2026-09-24 23:33:52,544 - INFO - [global] Проверяю обновы...
2026-09-24 23:33:53,415 - DEBUG - [global] needs_update: raw → 5.13.07
2026-09-24 23:33:53,641 - DEBUG - [global] needs_update: API → 5.13.07
2026-09-24 23:33:53,642 - DEBUG - [global] needs_update: лучший источник raw → 5.13.07 (из 2)
2026-09-24 23:33:53,642 - INFO - [global] needs_update: local=(5, 13, 7) remote=(5, 13, 7) -> has_update=False
2026-09-24 23:33:53,642 - INFO - [global] Установлена последняя версия бота | 5.13.07
2026-09-24 23:34:23,657 - INFO - [global] Проверяю обновы...
2026-09-24 23:34:24,540 - DEBUG - [global] needs_update: raw → 5.13.07
2026-09-24 23:34:24,749 - DEBUG - [global] needs_update: API → 5.13.07
2026-09-24 23:34:24,750 - DEBUG - [global] needs_update: лучший источник raw → 5.13.07 (из 2)
2026-09-24 23:34:24,750 - INFO - [global] needs_update: local=(5, 13, 7) remote=(5, 13, 7) -> has_update=False
2026-09-24 23:34:24,750 - INFO - [global] Установлена последняя версия бота | 5.13.07
2026-09-24 23:34:48,237 - INFO - [global] LogUploader: запускаю upload_run_logs...
2026-09-24 23:34:48,238 - DEBUG - [global] log_uploader: START window=periodic made=-1 token=...Rjnfq
2026-09-24 23:34:49,198 - DEBUG - [global] _api_put: GET runs/20260924_233448_fail_periodic.log -> 404
2026-09-24 23:34:50,812 - DEBUG - [global] _api_put: PUT runs/20260924_233448_fail_periodic.log -> 201 (9273 bytes)
2026-09-24 23:34:50,814 - DEBUG - [global] log_uploader: STEP 1 (window log) -> https://github.com/StarateJI/L2Mauto/blob/bot-logs/runs/20260924_233448_fail_periodic.log
2026-09-24 23:34:50,814 - DEBUG - [global] log_uploader: STEP 2 SKIP (no PNGs)
