=== Log tail 2026-09-27T11:18:33.863219 | last 200 lines ===
2026-09-27 11:14:05,351 - DEBUG - [global] _api_put: PUT debug/Фанфурье/au_after_click.png -> 200 (97958 bytes)
2026-09-27 11:14:05,430 - DEBUG - [global] needs_update: API → 5.13.09
2026-09-27 11:14:05,431 - DEBUG - [global] needs_update: лучший источник raw → 5.13.09 (из 2)
2026-09-27 11:14:05,431 - INFO - [global] needs_update: local=(5, 13, 7) remote=(5, 13, 9) -> has_update=True
2026-09-27 11:14:05,431 - INFO - [global] Доступна обнова! Спавню кнопку
2026-09-27 11:14:06,208 - DEBUG - [global] _api_put: GET debug/Фанфурье/au_lot_zone.png -> 200
2026-09-27 11:14:07,572 - DEBUG - [global] _api_put: PUT debug/Фанфурье/au_lot_zone.png -> 200 (1146 bytes)
2026-09-27 11:14:08,409 - DEBUG - [global] _api_put: GET debug/Фанфурье/au_page_up.png -> 404
2026-09-27 11:14:09,014 - INFO - [global] [-BaseProfile-] Остановил слушалку
2026-09-27 11:14:09,613 - INFO - [global] Пачка 5/12: завершена за 97с
2026-09-27 11:14:10,319 - DEBUG - [global] _api_put: PUT debug/Фанфурье/au_page_up.png -> 201 (96176 bytes)
2026-09-27 11:14:10,321 - DEBUG - [global] log_uploader: STEP 2 (PNGs) -> 3/3 (удалено с диска: 3)
2026-09-27 11:14:10,614 - INFO - [global] Пачка 6/12: старт (1 окон: ['Щега'])
2026-09-27 11:14:10,614 - INFO - [global] Запуск через 3 сек. | ['Щега']
2026-09-27 11:14:11,222 - DEBUG - [global] _api_put: GET runs/20260927_111359_fail_global.log -> 404
2026-09-27 11:14:13,137 - DEBUG - [global] _api_put: PUT runs/20260927_111359_fail_global.log -> 201 (22242 bytes)
2026-09-27 11:14:13,139 - DEBUG - [global] log_uploader: STEP 3 (global log) -> https://github.com/StarateJI/L2Mauto/blob/bot-logs/runs/20260927_111359_fail_global.log
2026-09-27 11:14:13,139 - DEBUG - [global] log_uploader: END window=Фанфурье
2026-09-27 11:14:35,447 - INFO - [global] Проверяю обновы...
2026-09-27 11:14:36,277 - DEBUG - [global] needs_update: raw → 5.13.09
2026-09-27 11:14:36,481 - DEBUG - [global] needs_update: API → 5.13.09
2026-09-27 11:14:36,482 - DEBUG - [global] needs_update: лучший источник raw → 5.13.09 (из 2)
2026-09-27 11:14:36,482 - INFO - [global] needs_update: local=(5, 13, 7) remote=(5, 13, 9) -> has_update=True
2026-09-27 11:14:36,482 - INFO - [global] Доступна обнова! Спавню кнопку
2026-09-27 11:14:44,676 - DEBUG - [global] log_uploader: START window=Щега made=0 token=...Rjnfq
2026-09-27 11:14:45,526 - DEBUG - [global] _api_put: GET runs/20260927_111444_fail_Щега.log -> 404
2026-09-27 11:14:47,216 - DEBUG - [global] _api_put: PUT runs/20260927_111444_fail_Щега.log -> 409 (39214 bytes)
2026-09-27 11:14:47,216 - WARNING - [global] _api_put: PUT failed body: {"message":"is at 30edf8814435c354f483d0992e22acf807507cf7 but expected 9490343df28f3365d4ada9e6516dd9b72c8fdb0f","documentation_url":"https://docs.github.com/rest/repos/contents#create-or-update-file
2026-09-27 11:14:47,217 - DEBUG - [global] log_uploader: STEP 1 (window log) -> FAILED
2026-09-27 11:14:48,037 - DEBUG - [global] _api_put: GET debug/Щега/au_lot_zone.png -> 200
2026-09-27 11:14:49,360 - DEBUG - [global] _api_put: PUT debug/Щега/au_lot_zone.png -> 409 (1146 bytes)
2026-09-27 11:14:49,360 - WARNING - [global] _api_put: PUT failed body: {"message":"is at 276b5b51ccdd396a40abbd213fcbd043bcf9a7a3 but expected 30edf8814435c354f483d0992e22acf807507cf7","documentation_url":"https://docs.github.com/rest/repos/contents#create-or-update-file
2026-09-27 11:14:50,233 - DEBUG - [global] _api_put: GET debug/Щега/au_sample.png -> 200
2026-09-27 11:14:51,638 - DEBUG - [global] _api_put: PUT debug/Щега/au_sample.png -> 200 (1146 bytes)
2026-09-27 11:14:52,476 - DEBUG - [global] _api_put: GET debug/Щега/au_status.png -> 200
2026-09-27 11:14:53,951 - DEBUG - [global] _api_put: PUT debug/Щега/au_status.png -> 200 (815 bytes)
2026-09-27 11:14:53,955 - DEBUG - [global] log_uploader: STEP 2 (PNGs) -> 2/3 (удалено с диска: 2)
2026-09-27 11:14:54,770 - INFO - [global] [-BaseProfile-] Остановил слушалку
2026-09-27 11:14:54,879 - DEBUG - [global] _api_put: GET runs/20260927_111444_fail_global.log -> 404
2026-09-27 11:14:55,137 - INFO - [global] Пачка 6/12: завершена за 45с
2026-09-27 11:14:56,137 - INFO - [global] Пачка 7/12: старт (1 окон: ['Валупа'])
2026-09-27 11:14:56,137 - INFO - [global] Запуск через 3 сек. | ['Валупа']
2026-09-27 11:14:56,619 - DEBUG - [global] _api_put: PUT runs/20260927_111444_fail_global.log -> 201 (22083 bytes)
2026-09-27 11:14:56,621 - DEBUG - [global] log_uploader: STEP 3 (global log) -> https://github.com/StarateJI/L2Mauto/blob/bot-logs/runs/20260927_111444_fail_global.log
2026-09-27 11:14:56,621 - DEBUG - [global] log_uploader: END window=Щега
2026-09-27 11:14:57,920 - INFO - [global] LogUploader: запускаю upload_run_logs...
2026-09-27 11:14:57,920 - DEBUG - [global] log_uploader: START window=periodic made=-1 token=...Rjnfq
2026-09-27 11:14:58,788 - DEBUG - [global] _api_put: GET runs/20260927_111457_fail_periodic.log -> 404
2026-09-27 11:15:00,418 - DEBUG - [global] _api_put: PUT runs/20260927_111457_fail_periodic.log -> 201 (1517 bytes)
2026-09-27 11:15:00,420 - DEBUG - [global] log_uploader: STEP 1 (window log) -> https://github.com/StarateJI/L2Mauto/blob/bot-logs/runs/20260927_111457_fail_periodic.log
2026-09-27 11:15:01,283 - DEBUG - [global] _api_put: GET debug/periodic/au_lot_zone.png -> 200
2026-09-27 11:15:02,685 - DEBUG - [global] _api_put: PUT debug/periodic/au_lot_zone.png -> 200 (1146 bytes)
2026-09-27 11:15:02,688 - DEBUG - [global] log_uploader: STEP 2 (PNGs) -> 1/1 (удалено с диска: 1)
2026-09-27 11:15:03,605 - DEBUG - [global] _api_put: GET runs/20260927_111457_fail_global.log -> 404
2026-09-27 11:15:05,339 - DEBUG - [global] _api_put: PUT runs/20260927_111457_fail_global.log -> 201 (22238 bytes)
2026-09-27 11:15:05,341 - DEBUG - [global] log_uploader: STEP 3 (global log) -> https://github.com/StarateJI/L2Mauto/blob/bot-logs/runs/20260927_111457_fail_global.log
2026-09-27 11:15:05,341 - DEBUG - [global] log_uploader: END window=periodic
2026-09-27 11:15:05,341 - INFO - [global] LogUploader: upload_run_logs завершён
2026-09-27 11:15:06,496 - INFO - [global] Проверяю обновы...
2026-09-27 11:15:07,348 - DEBUG - [global] needs_update: raw → 5.13.09
2026-09-27 11:15:07,503 - DEBUG - [global] needs_update: API → 5.13.09
2026-09-27 11:15:07,504 - DEBUG - [global] needs_update: лучший источник raw → 5.13.09 (из 2)
2026-09-27 11:15:07,504 - INFO - [global] needs_update: local=(5, 13, 7) remote=(5, 13, 9) -> has_update=True
2026-09-27 11:15:07,504 - INFO - [global] Доступна обнова! Спавню кнопку
2026-09-27 11:15:37,522 - INFO - [global] Проверяю обновы...
2026-09-27 11:15:38,473 - DEBUG - [global] needs_update: API → 5.13.09
2026-09-27 11:15:38,486 - DEBUG - [global] needs_update: raw → 5.13.09
2026-09-27 11:15:38,486 - DEBUG - [global] needs_update: лучший источник API → 5.13.09 (из 2)
2026-09-27 11:15:38,486 - INFO - [global] needs_update: local=(5, 13, 7) remote=(5, 13, 9) -> has_update=True
2026-09-27 11:15:38,486 - INFO - [global] Доступна обнова! Спавню кнопку
2026-09-27 11:15:49,184 - DEBUG - [global] log_uploader: START window=Валупа made=0 token=...Rjnfq
2026-09-27 11:15:50,022 - DEBUG - [global] _api_put: GET runs/20260927_111549_fail_Валупа.log -> 404
2026-09-27 11:15:51,957 - DEBUG - [global] _api_put: PUT runs/20260927_111549_fail_Валупа.log -> 201 (43051 bytes)
2026-09-27 11:15:51,960 - DEBUG - [global] log_uploader: STEP 1 (window log) -> https://github.com/StarateJI/L2Mauto/blob/bot-logs/runs/20260927_111549_fail_%D0%92%D0%B0%D0%BB%D1%83%D0%BF%D0%B0.log
2026-09-27 11:15:52,789 - DEBUG - [global] _api_put: GET debug/Валупа/au_lot_zone.png -> 200
2026-09-27 11:15:54,379 - DEBUG - [global] _api_put: PUT debug/Валупа/au_lot_zone.png -> 200 (1148 bytes)
2026-09-27 11:15:55,203 - DEBUG - [global] _api_put: GET debug/Валупа/au_sample.png -> 200
2026-09-27 11:15:56,327 - INFO - [global] [-BaseProfile-] Остановил слушалку
2026-09-27 11:15:56,593 - DEBUG - [global] _api_put: PUT debug/Валупа/au_sample.png -> 200 (1148 bytes)
2026-09-27 11:15:56,669 - INFO - [global] Пачка 7/12: завершена за 61с
2026-09-27 11:15:57,402 - DEBUG - [global] _api_put: GET debug/Валупа/au_status.png -> 200
2026-09-27 11:15:57,671 - INFO - [global] Пачка 8/12: старт (1 окон: ['Чипинкос'])
2026-09-27 11:15:57,671 - INFO - [global] Запуск через 3 сек. | ['Чипинкос']
2026-09-27 11:15:58,791 - DEBUG - [global] _api_put: PUT debug/Валупа/au_status.png -> 200 (815 bytes)
2026-09-27 11:15:58,794 - DEBUG - [global] log_uploader: STEP 2 (PNGs) -> 3/3 (удалено с диска: 3)
2026-09-27 11:15:59,685 - DEBUG - [global] _api_put: GET runs/20260927_111549_fail_global.log -> 404
2026-09-27 11:16:01,191 - DEBUG - [global] _api_put: PUT runs/20260927_111549_fail_global.log -> 409 (22209 bytes)
2026-09-27 11:16:01,191 - WARNING - [global] _api_put: PUT failed body: {"message":"is at 45b5856dec7e334bc37f068201e0e3cc709e1ee5 but expected 9c34331c1a9414bbed220178dfcc8a192111e7c0","documentation_url":"https://docs.github.com/rest/repos/contents#create-or-update-file
2026-09-27 11:16:01,193 - DEBUG - [global] log_uploader: STEP 3 (global log) -> FAILED
2026-09-27 11:16:01,193 - DEBUG - [global] log_uploader: END window=Валупа
2026-09-27 11:16:05,370 - INFO - [global] LogUploader: запускаю upload_run_logs...
2026-09-27 11:16:05,370 - DEBUG - [global] log_uploader: START window=periodic made=-1 token=...Rjnfq
2026-09-27 11:16:06,226 - DEBUG - [global] _api_put: GET runs/20260927_111605_fail_periodic.log -> 404
2026-09-27 11:16:07,717 - DEBUG - [global] _api_put: PUT runs/20260927_111605_fail_periodic.log -> 201 (1517 bytes)
2026-09-27 11:16:07,718 - DEBUG - [global] log_uploader: STEP 1 (window log) -> https://github.com/StarateJI/L2Mauto/blob/bot-logs/runs/20260927_111605_fail_periodic.log
2026-09-27 11:16:07,719 - DEBUG - [global] log_uploader: STEP 2 SKIP (no PNGs)
2026-09-27 11:16:08,500 - INFO - [global] Проверяю обновы...
2026-09-27 11:16:08,618 - DEBUG - [global] _api_put: GET runs/20260927_111605_fail_global.log -> 404
2026-09-27 11:16:09,397 - DEBUG - [global] needs_update: raw → 5.13.09
2026-09-27 11:16:09,556 - DEBUG - [global] needs_update: API → 5.13.09
2026-09-27 11:16:09,557 - DEBUG - [global] needs_update: лучший источник raw → 5.13.09 (из 2)
2026-09-27 11:16:09,557 - INFO - [global] needs_update: local=(5, 13, 7) remote=(5, 13, 9) -> has_update=True
2026-09-27 11:16:09,557 - INFO - [global] Доступна обнова! Спавню кнопку
2026-09-27 11:16:10,470 - DEBUG - [global] _api_put: PUT runs/20260927_111605_fail_global.log -> 201 (22331 bytes)
2026-09-27 11:16:10,472 - DEBUG - [global] log_uploader: STEP 3 (global log) -> https://github.com/StarateJI/L2Mauto/blob/bot-logs/runs/20260927_111605_fail_global.log
2026-09-27 11:16:10,472 - DEBUG - [global] log_uploader: END window=periodic
2026-09-27 11:16:10,472 - INFO - [global] LogUploader: upload_run_logs завершён
2026-09-27 11:16:39,571 - INFO - [global] Проверяю обновы...
2026-09-27 11:16:40,362 - DEBUG - [global] needs_update: raw → 5.13.09
2026-09-27 11:16:40,544 - DEBUG - [global] needs_update: API → 5.13.09
2026-09-27 11:16:40,544 - DEBUG - [global] needs_update: лучший источник raw → 5.13.09 (из 2)
2026-09-27 11:16:40,544 - INFO - [global] needs_update: local=(5, 13, 7) remote=(5, 13, 9) -> has_update=True
2026-09-27 11:16:40,544 - INFO - [global] Доступна обнова! Спавню кнопку
2026-09-27 11:16:52,713 - DEBUG - [global] log_uploader: START window=Чипинкос made=0 token=...Rjnfq
2026-09-27 11:16:53,547 - DEBUG - [global] _api_put: GET runs/20260927_111652_fail_Чипинкос.log -> 404
2026-09-27 11:16:55,417 - DEBUG - [global] _api_put: PUT runs/20260927_111652_fail_Чипинкос.log -> 201 (47288 bytes)
2026-09-27 11:16:55,419 - DEBUG - [global] log_uploader: STEP 1 (window log) -> https://github.com/StarateJI/L2Mauto/blob/bot-logs/runs/20260927_111652_fail_%D0%A7%D0%B8%D0%BF%D0%B8%D0%BD%D0%BA%D0%BE%D1%81.log
2026-09-27 11:16:56,313 - DEBUG - [global] _api_put: GET debug/Чипинкос/au_lot_zone.png -> 200
2026-09-27 11:16:57,544 - DEBUG - [global] _api_put: PUT debug/Чипинкос/au_lot_zone.png -> 409 (1146 bytes)
2026-09-27 11:16:57,544 - WARNING - [global] _api_put: PUT failed body: {"message":"is at efc2eb9a5bfa4a1b355e98ced21ce4e55af2ec87 but expected 4b9bf7d8298de9f9aa6374bb25cf1c5b13d5cc56","documentation_url":"https://docs.github.com/rest/repos/contents#create-or-update-file
2026-09-27 11:16:58,407 - DEBUG - [global] _api_put: GET debug/Чипинкос/au_sample.png -> 200
2026-09-27 11:16:59,625 - DEBUG - [global] _api_put: PUT debug/Чипинкос/au_sample.png -> 200 (1146 bytes)
2026-09-27 11:17:00,469 - DEBUG - [global] _api_put: GET debug/Чипинкос/au_status.png -> 200
2026-09-27 11:17:00,854 - INFO - [global] [-BaseProfile-] Остановил слушалку
2026-09-27 11:17:01,206 - INFO - [global] Пачка 8/12: завершена за 64с
2026-09-27 11:17:01,731 - DEBUG - [global] _api_put: PUT debug/Чипинкос/au_status.png -> 200 (815 bytes)
2026-09-27 11:17:01,733 - DEBUG - [global] log_uploader: STEP 2 (PNGs) -> 2/3 (удалено с диска: 2)
2026-09-27 11:17:02,207 - INFO - [global] Пачка 9/12: старт (1 окон: ['Tommi'])
2026-09-27 11:17:02,207 - INFO - [global] Запуск через 3 сек. | ['Tommi']
2026-09-27 11:17:02,635 - DEBUG - [global] _api_put: GET runs/20260927_111652_fail_global.log -> 404
2026-09-27 11:17:04,514 - DEBUG - [global] _api_put: PUT runs/20260927_111652_fail_global.log -> 409 (22073 bytes)
2026-09-27 11:17:04,514 - WARNING - [global] _api_put: PUT failed body: {"message":"is at 416dc3ab4590f846940b3174d0d195b83be0406b but expected d76b2a13d394fbc106ef070784c8f585e1f41fd6","documentation_url":"https://docs.github.com/rest/repos/contents#create-or-update-file
2026-09-27 11:17:04,515 - DEBUG - [global] log_uploader: STEP 3 (global log) -> FAILED
2026-09-27 11:17:04,515 - DEBUG - [global] log_uploader: END window=Чипинкос
2026-09-27 11:17:10,501 - INFO - [global] LogUploader: запускаю upload_run_logs...
2026-09-27 11:17:10,501 - DEBUG - [global] log_uploader: START window=periodic made=-1 token=...Rjnfq
2026-09-27 11:17:10,557 - INFO - [global] Проверяю обновы...
2026-09-27 11:17:11,415 - DEBUG - [global] needs_update: raw → 5.13.09
2026-09-27 11:17:11,581 - DEBUG - [global] _api_put: GET runs/20260927_111710_fail_periodic.log -> 404
2026-09-27 11:17:11,623 - DEBUG - [global] needs_update: API → 5.13.09
2026-09-27 11:17:11,623 - DEBUG - [global] needs_update: лучший источник raw → 5.13.09 (из 2)
2026-09-27 11:17:11,624 - INFO - [global] needs_update: local=(5, 13, 7) remote=(5, 13, 9) -> has_update=True
2026-09-27 11:17:11,624 - INFO - [global] Доступна обнова! Спавню кнопку
2026-09-27 11:17:13,167 - DEBUG - [global] _api_put: PUT runs/20260927_111710_fail_periodic.log -> 201 (1517 bytes)
2026-09-27 11:17:13,168 - DEBUG - [global] log_uploader: STEP 1 (window log) -> https://github.com/StarateJI/L2Mauto/blob/bot-logs/runs/20260927_111710_fail_periodic.log
2026-09-27 11:17:13,169 - DEBUG - [global] log_uploader: STEP 2 SKIP (no PNGs)
2026-09-27 11:17:14,064 - DEBUG - [global] _api_put: GET runs/20260927_111710_fail_global.log -> 404
2026-09-27 11:17:15,810 - DEBUG - [global] _api_put: PUT runs/20260927_111710_fail_global.log -> 201 (21901 bytes)
2026-09-27 11:17:15,812 - DEBUG - [global] log_uploader: STEP 3 (global log) -> https://github.com/StarateJI/L2Mauto/blob/bot-logs/runs/20260927_111710_fail_global.log
2026-09-27 11:17:15,812 - DEBUG - [global] log_uploader: END window=periodic
2026-09-27 11:17:15,813 - INFO - [global] LogUploader: upload_run_logs завершён
2026-09-27 11:17:41,635 - INFO - [global] Проверяю обновы...
2026-09-27 11:17:42,397 - DEBUG - [global] needs_update: raw → 5.13.09
2026-09-27 11:17:42,646 - DEBUG - [global] needs_update: API → 5.13.09
2026-09-27 11:17:42,647 - DEBUG - [global] needs_update: лучший источник raw → 5.13.09 (из 2)
2026-09-27 11:17:42,647 - INFO - [global] needs_update: local=(5, 13, 7) remote=(5, 13, 9) -> has_update=True
2026-09-27 11:17:42,647 - INFO - [global] Доступна обнова! Спавню кнопку
2026-09-27 11:18:12,661 - INFO - [global] Проверяю обновы...
2026-09-27 11:18:13,482 - DEBUG - [global] needs_update: raw → 5.13.09
2026-09-27 11:18:13,652 - DEBUG - [global] needs_update: API → 5.13.09
2026-09-27 11:18:13,652 - DEBUG - [global] needs_update: лучший источник raw → 5.13.09 (из 2)
2026-09-27 11:18:13,652 - INFO - [global] needs_update: local=(5, 13, 7) remote=(5, 13, 9) -> has_update=True
2026-09-27 11:18:13,652 - INFO - [global] Доступна обнова! Спавню кнопку
2026-09-27 11:18:15,843 - INFO - [global] LogUploader: запускаю upload_run_logs...
2026-09-27 11:18:15,843 - DEBUG - [global] log_uploader: START window=periodic made=-1 token=...Rjnfq
2026-09-27 11:18:16,696 - DEBUG - [global] _api_put: GET runs/20260927_111815_fail_periodic.log -> 404
2026-09-27 11:18:18,235 - DEBUG - [global] _api_put: PUT runs/20260927_111815_fail_periodic.log -> 201 (1517 bytes)
2026-09-27 11:18:18,236 - DEBUG - [global] log_uploader: STEP 1 (window log) -> https://github.com/StarateJI/L2Mauto/blob/bot-logs/runs/20260927_111815_fail_periodic.log
2026-09-27 11:18:19,267 - DEBUG - [global] _api_put: GET debug/periodic/au_after_click.png -> 200
2026-09-27 11:18:21,319 - DEBUG - [global] _api_put: PUT debug/periodic/au_after_click.png -> 200 (92674 bytes)
2026-09-27 11:18:21,829 - DEBUG - [global] log_uploader: START window=Tommi made=1 token=...Rjnfq
2026-09-27 11:18:22,287 - DEBUG - [global] _api_put: GET debug/periodic/au_after_item_click.png -> 200
2026-09-27 11:18:22,671 - DEBUG - [global] _api_put: GET runs/20260927_111821_ok_Tommi.log -> 404
2026-09-27 11:18:23,895 - DEBUG - [global] _api_put: PUT debug/periodic/au_after_item_click.png -> 200 (48905 bytes)
2026-09-27 11:18:24,461 - DEBUG - [global] _api_put: PUT runs/20260927_111821_ok_Tommi.log -> 409 (51027 bytes)
2026-09-27 11:18:24,461 - WARNING - [global] _api_put: PUT failed body: {"message":"is at 76715f54a8d2e23613e8c7bd2d7100925d34bea7 but expected 16e0ff26e0f749314186f3598a46bb4ce87bb0f0","documentation_url":"https://docs.github.com/rest/repos/contents#create-or-update-file
2026-09-27 11:18:24,463 - DEBUG - [global] log_uploader: STEP 1 (window log) -> FAILED
2026-09-27 11:18:24,715 - DEBUG - [global] _api_put: GET debug/periodic/au_lot_zone.png -> 200
2026-09-27 11:18:25,365 - DEBUG - [global] _api_put: GET debug/Tommi/au_lot_zone.png -> 200
2026-09-27 11:18:26,315 - DEBUG - [global] _api_put: PUT debug/periodic/au_lot_zone.png -> 200 (6356 bytes)
2026-09-27 11:18:26,611 - DEBUG - [global] _api_put: PUT debug/Tommi/au_lot_zone.png -> 409 (6356 bytes)
2026-09-27 11:18:26,611 - WARNING - [global] _api_put: PUT failed body: {"message":"is at 000b07215b05000f160f164e3640e08262643ede but expected 76715f54a8d2e23613e8c7bd2d7100925d34bea7","documentation_url":"https://docs.github.com/rest/repos/contents#create-or-update-file
2026-09-27 11:18:27,394 - DEBUG - [global] _api_put: GET debug/periodic/au_page_1.png -> 200
2026-09-27 11:18:27,712 - DEBUG - [global] _api_put: GET debug/Tommi/au_page_1.png -> 200
2026-09-27 11:18:27,982 - INFO - [global] [-BaseProfile-] Остановил слушалку
2026-09-27 11:18:28,744 - INFO - [global] Пачка 9/12: завершена за 87с
2026-09-27 11:18:29,080 - DEBUG - [global] _api_put: PUT debug/periodic/au_page_1.png -> 200 (92579 bytes)
2026-09-27 11:18:29,442 - DEBUG - [global] _api_put: PUT debug/Tommi/au_page_1.png -> 409 (92579 bytes)
2026-09-27 11:18:29,443 - WARNING - [global] _api_put: PUT failed body: {"message":"is at f77703c2152ad12d02496d017fe0c994ec0813d8 but expected 000b07215b05000f160f164e3640e08262643ede","documentation_url":"https://docs.github.com/rest/repos/contents#create-or-update-file
2026-09-27 11:18:29,744 - INFO - [global] Пачка 10/12: старт (1 окон: ['Rezor'])
2026-09-27 11:18:29,744 - INFO - [global] Запуск через 3 сек. | ['Rezor']
2026-09-27 11:18:29,943 - DEBUG - [global] _api_put: GET debug/periodic/au_sample.png -> 200
2026-09-27 11:18:30,268 - DEBUG - [global] _api_put: GET debug/Tommi/au_sample.png -> 200
2026-09-27 11:18:31,514 - DEBUG - [global] _api_put: PUT debug/Tommi/au_sample.png -> 409 (6356 bytes)
2026-09-27 11:18:31,514 - WARNING - [global] _api_put: PUT failed body: {"message":"is at b030263d050117928f5ea986d006885ff0a75c65 but expected f77703c2152ad12d02496d017fe0c994ec0813d8","documentation_url":"https://docs.github.com/rest/repos/contents#create-or-update-file
2026-09-27 11:18:31,692 - DEBUG - [global] _api_put: PUT debug/periodic/au_sample.png -> 200 (6356 bytes)
2026-09-27 11:18:32,407 - DEBUG - [global] _api_put: GET debug/Tommi/au_status.png -> 200
2026-09-27 11:18:32,571 - DEBUG - [global] _api_put: GET debug/periodic/au_status.png -> 200
2026-09-27 11:18:33,802 - DEBUG - [global] _api_put: PUT debug/Tommi/au_status.png -> 200 (2474 bytes)
2026-09-27 11:18:33,805 - DEBUG - [global] log_uploader: STEP 2 (PNGs) -> 1/4 (удалено с диска: 1)
