=== Log tail 2026-09-18T06:28:57.206149 | last 200 lines ===
2026-09-18 06:20:18,396 - DEBUG - [global] _api_put: PUT runs/20260918_062013_fail_global.log -> 201 (19802 bytes)
2026-09-18 06:20:18,398 - DEBUG - [global] log_uploader: STEP 3 (global log) -> https://github.com/StarateJI/L2Mauto/blob/bot-logs/runs/20260918_062013_fail_global.log
2026-09-18 06:20:18,399 - DEBUG - [global] log_uploader: END window=periodic
2026-09-18 06:20:18,399 - INFO - [global] LogUploader: upload_run_logs завершён
2026-09-18 06:20:46,109 - INFO - [global] Проверяю обновы...
2026-09-18 06:20:47,029 - DEBUG - [global] needs_update: API GitHub → 5.9.1
2026-09-18 06:20:47,727 - DEBUG - [global] needs_update: raw → 5.9.1
2026-09-18 06:20:48,422 - DEBUG - [global] needs_update: jsdelivr → 5.9.1
2026-09-18 06:20:48,422 - DEBUG - [global] needs_update: лучший источник API → 5.9.1 (из 3)
2026-09-18 06:20:48,424 - INFO - [global] needs_update: local=(5, 9, 1) remote=(5, 9, 1) -> has_update=False
2026-09-18 06:20:48,424 - INFO - [global] Установлена последняя версия бота | 5.9.1
2026-09-18 06:21:18,431 - INFO - [global] LogUploader: запускаю upload_run_logs...
2026-09-18 06:21:18,432 - DEBUG - [global] log_uploader: START window=periodic made=-1 token=...Rjnfq
2026-09-18 06:21:18,442 - INFO - [global] Проверяю обновы...
2026-09-18 06:21:19,478 - DEBUG - [global] needs_update: API GitHub → 5.9.1
2026-09-18 06:21:19,526 - DEBUG - [global] _api_put: GET runs/20260918_062118_fail_periodic.log -> 404
2026-09-18 06:21:20,299 - DEBUG - [global] needs_update: raw → 5.9.1
2026-09-18 06:21:21,003 - DEBUG - [global] needs_update: jsdelivr → 5.9.1
2026-09-18 06:21:21,003 - DEBUG - [global] needs_update: лучший источник API → 5.9.1 (из 3)
2026-09-18 06:21:21,004 - INFO - [global] needs_update: local=(5, 9, 1) remote=(5, 9, 1) -> has_update=False
2026-09-18 06:21:21,005 - INFO - [global] Установлена последняя версия бота | 5.9.1
2026-09-18 06:21:21,042 - DEBUG - [global] _api_put: PUT runs/20260918_062118_fail_periodic.log -> 201 (8836 bytes)
2026-09-18 06:21:21,044 - DEBUG - [global] log_uploader: STEP 1 (window log) -> https://github.com/StarateJI/L2Mauto/blob/bot-logs/runs/20260918_062118_fail_periodic.log
2026-09-18 06:21:21,045 - DEBUG - [global] log_uploader: STEP 2 SKIP (no PNGs)
2026-09-18 06:21:22,167 - DEBUG - [global] _api_put: GET runs/20260918_062118_fail_global.log -> 404
2026-09-18 06:21:23,874 - DEBUG - [global] _api_put: PUT runs/20260918_062118_fail_global.log -> 201 (19800 bytes)
2026-09-18 06:21:23,876 - DEBUG - [global] log_uploader: STEP 3 (global log) -> https://github.com/StarateJI/L2Mauto/blob/bot-logs/runs/20260918_062118_fail_global.log
2026-09-18 06:21:23,876 - DEBUG - [global] log_uploader: END window=periodic
2026-09-18 06:21:23,876 - INFO - [global] LogUploader: upload_run_logs завершён
2026-09-18 06:21:51,026 - INFO - [global] Проверяю обновы...
2026-09-18 06:21:51,925 - DEBUG - [global] needs_update: API GitHub → 5.9.1
2026-09-18 06:21:52,618 - DEBUG - [global] needs_update: raw → 5.9.1
2026-09-18 06:21:53,299 - DEBUG - [global] needs_update: jsdelivr → 5.9.1
2026-09-18 06:21:53,299 - DEBUG - [global] needs_update: лучший источник API → 5.9.1 (из 3)
2026-09-18 06:21:53,301 - INFO - [global] needs_update: local=(5, 9, 1) remote=(5, 9, 1) -> has_update=False
2026-09-18 06:21:53,302 - INFO - [global] Установлена последняя версия бота | 5.9.1
2026-09-18 06:22:23,323 - INFO - [global] Проверяю обновы...
2026-09-18 06:22:23,909 - INFO - [global] LogUploader: запускаю upload_run_logs...
2026-09-18 06:22:23,911 - DEBUG - [global] log_uploader: START window=periodic made=-1 token=...Rjnfq
2026-09-18 06:22:24,184 - DEBUG - [global] needs_update: API GitHub → 5.9.1
2026-09-18 06:22:24,810 - DEBUG - [global] _api_put: GET runs/20260918_062223_fail_periodic.log -> 404
2026-09-18 06:22:24,926 - DEBUG - [global] needs_update: raw → 5.9.1
2026-09-18 06:22:25,730 - DEBUG - [global] needs_update: jsdelivr → 5.9.1
2026-09-18 06:22:25,730 - DEBUG - [global] needs_update: лучший источник API → 5.9.1 (из 3)
2026-09-18 06:22:25,731 - INFO - [global] needs_update: local=(5, 9, 1) remote=(5, 9, 1) -> has_update=False
2026-09-18 06:22:25,732 - INFO - [global] Установлена последняя версия бота | 5.9.1
2026-09-18 06:22:26,441 - DEBUG - [global] _api_put: PUT runs/20260918_062223_fail_periodic.log -> 201 (8836 bytes)
2026-09-18 06:22:26,443 - DEBUG - [global] log_uploader: STEP 1 (window log) -> https://github.com/StarateJI/L2Mauto/blob/bot-logs/runs/20260918_062223_fail_periodic.log
2026-09-18 06:22:26,444 - DEBUG - [global] log_uploader: STEP 2 SKIP (no PNGs)
2026-09-18 06:22:27,405 - DEBUG - [global] _api_put: GET runs/20260918_062223_fail_global.log -> 404
2026-09-18 06:22:29,038 - DEBUG - [global] _api_put: PUT runs/20260918_062223_fail_global.log -> 201 (19817 bytes)
2026-09-18 06:22:29,041 - DEBUG - [global] log_uploader: STEP 3 (global log) -> https://github.com/StarateJI/L2Mauto/blob/bot-logs/runs/20260918_062223_fail_global.log
2026-09-18 06:22:29,041 - DEBUG - [global] log_uploader: END window=periodic
2026-09-18 06:22:29,041 - INFO - [global] LogUploader: upload_run_logs завершён
2026-09-18 06:22:55,749 - INFO - [global] Проверяю обновы...
2026-09-18 06:22:56,597 - DEBUG - [global] needs_update: API GitHub → 5.9.1
2026-09-18 06:22:57,264 - DEBUG - [global] needs_update: raw → 5.9.1
2026-09-18 06:22:57,940 - DEBUG - [global] needs_update: jsdelivr → 5.9.1
2026-09-18 06:22:57,940 - DEBUG - [global] needs_update: лучший источник API → 5.9.1 (из 3)
2026-09-18 06:22:57,942 - INFO - [global] needs_update: local=(5, 9, 1) remote=(5, 9, 1) -> has_update=False
2026-09-18 06:22:57,942 - INFO - [global] Установлена последняя версия бота | 5.9.1
2026-09-18 06:23:27,957 - INFO - [global] Проверяю обновы...
2026-09-18 06:23:28,841 - DEBUG - [global] needs_update: API GitHub → 5.9.1
2026-09-18 06:23:29,081 - INFO - [global] LogUploader: запускаю upload_run_logs...
2026-09-18 06:23:29,082 - DEBUG - [global] log_uploader: START window=periodic made=-1 token=...Rjnfq
2026-09-18 06:23:29,587 - DEBUG - [global] needs_update: raw → 5.9.1
2026-09-18 06:23:30,040 - DEBUG - [global] _api_put: GET runs/20260918_062329_fail_periodic.log -> 404
2026-09-18 06:23:30,276 - DEBUG - [global] needs_update: jsdelivr → 5.9.1
2026-09-18 06:23:30,276 - DEBUG - [global] needs_update: лучший источник API → 5.9.1 (из 3)
2026-09-18 06:23:30,278 - INFO - [global] needs_update: local=(5, 9, 1) remote=(5, 9, 1) -> has_update=False
2026-09-18 06:23:30,279 - INFO - [global] Установлена последняя версия бота | 5.9.1
2026-09-18 06:23:31,631 - DEBUG - [global] _api_put: PUT runs/20260918_062329_fail_periodic.log -> 201 (8836 bytes)
2026-09-18 06:23:31,633 - DEBUG - [global] log_uploader: STEP 1 (window log) -> https://github.com/StarateJI/L2Mauto/blob/bot-logs/runs/20260918_062329_fail_periodic.log
2026-09-18 06:23:31,633 - DEBUG - [global] log_uploader: STEP 2 SKIP (no PNGs)
2026-09-18 06:23:32,592 - DEBUG - [global] _api_put: GET runs/20260918_062329_fail_global.log -> 404
2026-09-18 06:23:34,474 - DEBUG - [global] _api_put: PUT runs/20260918_062329_fail_global.log -> 201 (19817 bytes)
2026-09-18 06:23:34,476 - DEBUG - [global] log_uploader: STEP 3 (global log) -> https://github.com/StarateJI/L2Mauto/blob/bot-logs/runs/20260918_062329_fail_global.log
2026-09-18 06:23:34,476 - DEBUG - [global] log_uploader: END window=periodic
2026-09-18 06:23:34,476 - INFO - [global] LogUploader: upload_run_logs завершён
2026-09-18 06:24:00,293 - INFO - [global] Проверяю обновы...
2026-09-18 06:24:01,139 - DEBUG - [global] needs_update: API GitHub → 5.9.1
2026-09-18 06:24:01,823 - DEBUG - [global] needs_update: raw → 5.9.1
2026-09-18 06:24:02,507 - DEBUG - [global] needs_update: jsdelivr → 5.9.1
2026-09-18 06:24:02,507 - DEBUG - [global] needs_update: лучший источник API → 5.9.1 (из 3)
2026-09-18 06:24:02,509 - INFO - [global] needs_update: local=(5, 9, 1) remote=(5, 9, 1) -> has_update=False
2026-09-18 06:24:02,509 - INFO - [global] Установлена последняя версия бота | 5.9.1
2026-09-18 06:24:32,527 - INFO - [global] Проверяю обновы...
2026-09-18 06:24:33,385 - DEBUG - [global] needs_update: API GitHub → 5.9.1
2026-09-18 06:24:34,060 - DEBUG - [global] needs_update: raw → 5.9.1
2026-09-18 06:24:34,512 - INFO - [global] LogUploader: запускаю upload_run_logs...
2026-09-18 06:24:34,513 - DEBUG - [global] log_uploader: START window=periodic made=-1 token=...Rjnfq
2026-09-18 06:24:34,735 - DEBUG - [global] needs_update: jsdelivr → 5.9.1
2026-09-18 06:24:34,735 - DEBUG - [global] needs_update: лучший источник API → 5.9.1 (из 3)
2026-09-18 06:24:34,737 - INFO - [global] needs_update: local=(5, 9, 1) remote=(5, 9, 1) -> has_update=False
2026-09-18 06:24:34,737 - INFO - [global] Установлена последняя версия бота | 5.9.1
2026-09-18 06:24:35,377 - DEBUG - [global] _api_put: GET runs/20260918_062434_fail_periodic.log -> 404
2026-09-18 06:24:36,766 - DEBUG - [global] _api_put: PUT runs/20260918_062434_fail_periodic.log -> 201 (8836 bytes)
2026-09-18 06:24:36,769 - DEBUG - [global] log_uploader: STEP 1 (window log) -> https://github.com/StarateJI/L2Mauto/blob/bot-logs/runs/20260918_062434_fail_periodic.log
2026-09-18 06:24:36,769 - DEBUG - [global] log_uploader: STEP 2 SKIP (no PNGs)
2026-09-18 06:24:37,737 - DEBUG - [global] _api_put: GET runs/20260918_062434_fail_global.log -> 404
2026-09-18 06:24:39,385 - DEBUG - [global] _api_put: PUT runs/20260918_062434_fail_global.log -> 201 (19882 bytes)
2026-09-18 06:24:39,386 - DEBUG - [global] log_uploader: STEP 3 (global log) -> https://github.com/StarateJI/L2Mauto/blob/bot-logs/runs/20260918_062434_fail_global.log
2026-09-18 06:24:39,386 - DEBUG - [global] log_uploader: END window=periodic
2026-09-18 06:24:39,386 - INFO - [global] LogUploader: upload_run_logs завершён
2026-09-18 06:25:04,753 - INFO - [global] Проверяю обновы...
2026-09-18 06:25:05,615 - DEBUG - [global] needs_update: API GitHub → 5.9.1
2026-09-18 06:25:06,288 - DEBUG - [global] needs_update: raw → 5.9.1
2026-09-18 06:25:06,972 - DEBUG - [global] needs_update: jsdelivr → 5.9.1
2026-09-18 06:25:06,972 - DEBUG - [global] needs_update: лучший источник API → 5.9.1 (из 3)
2026-09-18 06:25:06,974 - INFO - [global] needs_update: local=(5, 9, 1) remote=(5, 9, 1) -> has_update=False
2026-09-18 06:25:06,974 - INFO - [global] Установлена последняя версия бота | 5.9.1
2026-09-18 06:25:36,991 - INFO - [global] Проверяю обновы...
2026-09-18 06:25:37,907 - DEBUG - [global] needs_update: API GitHub → 5.9.1
2026-09-18 06:25:38,605 - DEBUG - [global] needs_update: raw → 5.9.1
2026-09-18 06:25:39,320 - DEBUG - [global] needs_update: jsdelivr → 5.9.1
2026-09-18 06:25:39,320 - DEBUG - [global] needs_update: лучший источник API → 5.9.1 (из 3)
2026-09-18 06:25:39,323 - INFO - [global] needs_update: local=(5, 9, 1) remote=(5, 9, 1) -> has_update=False
2026-09-18 06:25:39,323 - INFO - [global] Установлена последняя версия бота | 5.9.1
2026-09-18 06:25:39,416 - INFO - [global] LogUploader: запускаю upload_run_logs...
2026-09-18 06:25:39,417 - DEBUG - [global] log_uploader: START window=periodic made=-1 token=...Rjnfq
2026-09-18 06:25:40,504 - DEBUG - [global] _api_put: GET runs/20260918_062539_fail_periodic.log -> 404
2026-09-18 06:25:41,956 - DEBUG - [global] _api_put: PUT runs/20260918_062539_fail_periodic.log -> 201 (8836 bytes)
2026-09-18 06:25:41,959 - DEBUG - [global] log_uploader: STEP 1 (window log) -> https://github.com/StarateJI/L2Mauto/blob/bot-logs/runs/20260918_062539_fail_periodic.log
2026-09-18 06:25:41,959 - DEBUG - [global] log_uploader: STEP 2 SKIP (no PNGs)
2026-09-18 06:25:42,955 - DEBUG - [global] _api_put: GET runs/20260918_062539_fail_global.log -> 404
2026-09-18 06:25:44,573 - DEBUG - [global] _api_put: PUT runs/20260918_062539_fail_global.log -> 201 (19882 bytes)
2026-09-18 06:25:44,575 - DEBUG - [global] log_uploader: STEP 3 (global log) -> https://github.com/StarateJI/L2Mauto/blob/bot-logs/runs/20260918_062539_fail_global.log
2026-09-18 06:25:44,575 - DEBUG - [global] log_uploader: END window=periodic
2026-09-18 06:25:44,575 - INFO - [global] LogUploader: upload_run_logs завершён
2026-09-18 06:26:09,338 - INFO - [global] Проверяю обновы...
2026-09-18 06:26:10,242 - DEBUG - [global] needs_update: API GitHub → 5.9.1
2026-09-18 06:26:10,924 - DEBUG - [global] needs_update: raw → 5.9.1
2026-09-18 06:26:11,609 - DEBUG - [global] needs_update: jsdelivr → 5.9.1
2026-09-18 06:26:11,609 - DEBUG - [global] needs_update: лучший источник API → 5.9.1 (из 3)
2026-09-18 06:26:11,612 - INFO - [global] needs_update: local=(5, 9, 1) remote=(5, 9, 1) -> has_update=False
2026-09-18 06:26:11,613 - INFO - [global] Установлена последняя версия бота | 5.9.1
2026-09-18 06:26:41,630 - INFO - [global] Проверяю обновы...
2026-09-18 06:26:42,509 - DEBUG - [global] needs_update: API GitHub → 5.9.1
2026-09-18 06:26:43,184 - DEBUG - [global] needs_update: raw → 5.9.1
2026-09-18 06:26:43,845 - DEBUG - [global] needs_update: jsdelivr → 5.9.1
2026-09-18 06:26:43,845 - DEBUG - [global] needs_update: лучший источник API → 5.9.1 (из 3)
2026-09-18 06:26:43,847 - INFO - [global] needs_update: local=(5, 9, 1) remote=(5, 9, 1) -> has_update=False
2026-09-18 06:26:43,847 - INFO - [global] Установлена последняя версия бота | 5.9.1
2026-09-18 06:26:44,609 - INFO - [global] LogUploader: запускаю upload_run_logs...
2026-09-18 06:26:44,610 - DEBUG - [global] log_uploader: START window=periodic made=-1 token=...Rjnfq
2026-09-18 06:26:45,472 - DEBUG - [global] _api_put: GET runs/20260918_062644_fail_periodic.log -> 404
2026-09-18 06:26:46,875 - DEBUG - [global] _api_put: PUT runs/20260918_062644_fail_periodic.log -> 409 (8836 bytes)
2026-09-18 06:26:46,875 - WARNING - [global] _api_put: PUT failed body: {"message":"is at cb20987079652f08428af22922f29ac6f5003a40 but expected f761d11d15abbd2ff890f21d8c57292925ce2462","documentation_url":"https://docs.github.com/rest/repos/contents#create-or-update-file
2026-09-18 06:26:46,877 - DEBUG - [global] log_uploader: STEP 1 (window log) -> FAILED
2026-09-18 06:26:46,877 - DEBUG - [global] log_uploader: STEP 2 SKIP (no PNGs)
2026-09-18 06:26:47,958 - DEBUG - [global] _api_put: GET runs/20260918_062644_fail_global.log -> 200
2026-09-18 06:26:49,652 - DEBUG - [global] _api_put: PUT runs/20260918_062644_fail_global.log -> 200 (19958 bytes)
2026-09-18 06:26:49,655 - DEBUG - [global] log_uploader: STEP 3 (global log) -> https://github.com/StarateJI/L2Mauto/blob/bot-logs/runs/20260918_062644_fail_global.log
2026-09-18 06:26:49,655 - DEBUG - [global] log_uploader: END window=periodic
2026-09-18 06:26:49,655 - INFO - [global] LogUploader: upload_run_logs завершён
2026-09-18 06:27:13,864 - INFO - [global] Проверяю обновы...
2026-09-18 06:27:14,720 - DEBUG - [global] needs_update: API GitHub → 5.9.1
2026-09-18 06:27:15,383 - DEBUG - [global] needs_update: raw → 5.9.1
2026-09-18 06:27:16,085 - DEBUG - [global] needs_update: jsdelivr → 5.9.1
2026-09-18 06:27:16,086 - DEBUG - [global] needs_update: лучший источник API → 5.9.1 (из 3)
2026-09-18 06:27:16,086 - INFO - [global] needs_update: local=(5, 9, 1) remote=(5, 9, 1) -> has_update=False
2026-09-18 06:27:16,087 - INFO - [global] Установлена последняя версия бота | 5.9.1
2026-09-18 06:27:46,108 - INFO - [global] Проверяю обновы...
2026-09-18 06:27:46,999 - DEBUG - [global] needs_update: API GitHub → 5.9.1
2026-09-18 06:27:47,714 - DEBUG - [global] needs_update: raw → 5.9.1
2026-09-18 06:27:48,408 - DEBUG - [global] needs_update: jsdelivr → 5.9.1
2026-09-18 06:27:48,409 - DEBUG - [global] needs_update: лучший источник API → 5.9.1 (из 3)
2026-09-18 06:27:48,411 - INFO - [global] needs_update: local=(5, 9, 1) remote=(5, 9, 1) -> has_update=False
2026-09-18 06:27:48,411 - INFO - [global] Установлена последняя версия бота | 5.9.1
2026-09-18 06:27:49,687 - INFO - [global] LogUploader: запускаю upload_run_logs...
2026-09-18 06:27:49,688 - DEBUG - [global] log_uploader: START window=periodic made=-1 token=...Rjnfq
2026-09-18 06:27:50,563 - DEBUG - [global] _api_put: GET runs/20260918_062749_fail_periodic.log -> 404
2026-09-18 06:27:52,109 - DEBUG - [global] _api_put: PUT runs/20260918_062749_fail_periodic.log -> 201 (8836 bytes)
2026-09-18 06:27:52,112 - DEBUG - [global] log_uploader: STEP 1 (window log) -> https://github.com/StarateJI/L2Mauto/blob/bot-logs/runs/20260918_062749_fail_periodic.log
2026-09-18 06:27:52,112 - DEBUG - [global] log_uploader: STEP 2 SKIP (no PNGs)
2026-09-18 06:27:53,074 - DEBUG - [global] _api_put: GET runs/20260918_062749_fail_global.log -> 404
2026-09-18 06:27:54,742 - DEBUG - [global] _api_put: PUT runs/20260918_062749_fail_global.log -> 201 (19958 bytes)
2026-09-18 06:27:54,745 - DEBUG - [global] log_uploader: STEP 3 (global log) -> https://github.com/StarateJI/L2Mauto/blob/bot-logs/runs/20260918_062749_fail_global.log
2026-09-18 06:27:54,745 - DEBUG - [global] log_uploader: END window=periodic
2026-09-18 06:27:54,745 - INFO - [global] LogUploader: upload_run_logs завершён
2026-09-18 06:28:18,428 - INFO - [global] Проверяю обновы...
2026-09-18 06:28:19,309 - DEBUG - [global] needs_update: API GitHub → 5.9.1
2026-09-18 06:28:20,037 - DEBUG - [global] needs_update: raw → 5.9.1
2026-09-18 06:28:20,736 - DEBUG - [global] needs_update: jsdelivr → 5.9.1
2026-09-18 06:28:20,736 - DEBUG - [global] needs_update: лучший источник API → 5.9.1 (из 3)
2026-09-18 06:28:20,739 - INFO - [global] needs_update: local=(5, 9, 1) remote=(5, 9, 1) -> has_update=False
2026-09-18 06:28:20,740 - INFO - [global] Установлена последняя версия бота | 5.9.1
2026-09-18 06:28:50,756 - INFO - [global] Проверяю обновы...
2026-09-18 06:28:51,619 - DEBUG - [global] needs_update: API GitHub → 5.9.1
2026-09-18 06:28:52,282 - DEBUG - [global] needs_update: raw → 5.9.1
2026-09-18 06:28:52,950 - DEBUG - [global] needs_update: jsdelivr → 5.9.1
2026-09-18 06:28:52,950 - DEBUG - [global] needs_update: лучший источник API → 5.9.1 (из 3)
2026-09-18 06:28:52,952 - INFO - [global] needs_update: local=(5, 9, 1) remote=(5, 9, 1) -> has_update=False
2026-09-18 06:28:52,952 - INFO - [global] Установлена последняя версия бота | 5.9.1
2026-09-18 06:28:54,777 - INFO - [global] LogUploader: запускаю upload_run_logs...
2026-09-18 06:28:54,778 - DEBUG - [global] log_uploader: START window=periodic made=-1 token=...Rjnfq
2026-09-18 06:28:55,649 - DEBUG - [global] _api_put: GET runs/20260918_062854_fail_periodic.log -> 404
2026-09-18 06:28:57,123 - DEBUG - [global] _api_put: PUT runs/20260918_062854_fail_periodic.log -> 201 (8836 bytes)
2026-09-18 06:28:57,124 - DEBUG - [global] log_uploader: STEP 1 (window log) -> https://github.com/StarateJI/L2Mauto/blob/bot-logs/runs/20260918_062854_fail_periodic.log
2026-09-18 06:28:57,125 - DEBUG - [global] log_uploader: STEP 2 SKIP (no PNGs)
