=== Log tail 2026-09-17T08:23:47.589173 | last 200 lines ===
2026-09-17 08:14:18,202 - DEBUG - [global] _api_put: GET runs/20260917_081416_fail_global.log -> 404
2026-09-17 08:14:20,353 - DEBUG - [global] _api_put: PUT runs/20260917_081416_fail_global.log -> 201 (19363 bytes)
2026-09-17 08:14:20,360 - DEBUG - [global] log_uploader: STEP 3 (global log) -> https://github.com/StarateJI/L2Mauto/blob/bot-logs/runs/20260917_081416_fail_global.log
2026-09-17 08:14:20,361 - DEBUG - [global] log_uploader: END window=periodic
2026-09-17 08:14:20,361 - INFO - [global] LogUploader: upload_run_logs завершён
2026-09-17 08:14:47,341 - INFO - [global] Проверяю обновы...
2026-09-17 08:14:48,498 - DEBUG - [global] needs_update: API GitHub → 5.9.0
2026-09-17 08:14:49,440 - DEBUG - [global] needs_update: raw → 5.9.0
2026-09-17 08:14:50,489 - DEBUG - [global] needs_update: jsdelivr → 5.9.0
2026-09-17 08:14:50,489 - DEBUG - [global] needs_update: лучший источник API → 5.9.0 (из 3)
2026-09-17 08:14:50,494 - INFO - [global] needs_update: local=(5, 9, 0) remote=(5, 9, 0) -> has_update=False
2026-09-17 08:14:50,495 - INFO - [global] Установлена последняя версия бота | 5.9.0
2026-09-17 08:15:20,399 - INFO - [global] LogUploader: запускаю upload_run_logs...
2026-09-17 08:15:20,402 - DEBUG - [global] log_uploader: START window=periodic made=-1 token=...Rjnfq
2026-09-17 08:15:20,402 - DEBUG - [global] log_uploader: STEP 1 SKIP (no C:\Users\PC\Desktop\L2Mauto\logs\periodic.log)
2026-09-17 08:15:20,402 - DEBUG - [global] log_uploader: STEP 2 SKIP (no PNGs)
2026-09-17 08:15:20,520 - INFO - [global] Проверяю обновы...
2026-09-17 08:15:21,909 - DEBUG - [global] needs_update: API GitHub → 5.9.0
2026-09-17 08:15:21,920 - DEBUG - [global] _api_put: GET runs/20260917_081520_fail_global.log -> 404
2026-09-17 08:15:23,379 - DEBUG - [global] needs_update: raw → 5.9.0
2026-09-17 08:15:24,190 - DEBUG - [global] _api_put: PUT runs/20260917_081520_fail_global.log -> 201 (19459 bytes)
2026-09-17 08:15:24,198 - DEBUG - [global] log_uploader: STEP 3 (global log) -> https://github.com/StarateJI/L2Mauto/blob/bot-logs/runs/20260917_081520_fail_global.log
2026-09-17 08:15:24,201 - DEBUG - [global] log_uploader: END window=periodic
2026-09-17 08:15:24,201 - INFO - [global] LogUploader: upload_run_logs завершён
2026-09-17 08:15:24,505 - DEBUG - [global] needs_update: jsdelivr → 5.9.0
2026-09-17 08:15:24,506 - DEBUG - [global] needs_update: лучший источник API → 5.9.0 (из 3)
2026-09-17 08:15:24,510 - INFO - [global] needs_update: local=(5, 9, 0) remote=(5, 9, 0) -> has_update=False
2026-09-17 08:15:24,512 - INFO - [global] Установлена последняя версия бота | 5.9.0
2026-09-17 08:15:54,528 - INFO - [global] Проверяю обновы...
2026-09-17 08:15:55,698 - DEBUG - [global] needs_update: API GitHub → 5.9.0
2026-09-17 08:15:56,638 - DEBUG - [global] needs_update: raw → 5.9.0
2026-09-17 08:15:57,515 - DEBUG - [global] needs_update: jsdelivr → 5.9.0
2026-09-17 08:15:57,516 - DEBUG - [global] needs_update: лучший источник API → 5.9.0 (из 3)
2026-09-17 08:15:57,524 - INFO - [global] needs_update: local=(5, 9, 0) remote=(5, 9, 0) -> has_update=False
2026-09-17 08:15:57,526 - INFO - [global] Установлена последняя версия бота | 5.9.0
2026-09-17 08:16:24,235 - INFO - [global] LogUploader: запускаю upload_run_logs...
2026-09-17 08:16:24,238 - DEBUG - [global] log_uploader: START window=periodic made=-1 token=...Rjnfq
2026-09-17 08:16:24,238 - DEBUG - [global] log_uploader: STEP 1 SKIP (no C:\Users\PC\Desktop\L2Mauto\logs\periodic.log)
2026-09-17 08:16:24,239 - DEBUG - [global] log_uploader: STEP 2 SKIP (no PNGs)
2026-09-17 08:16:25,530 - DEBUG - [global] _api_put: GET runs/20260917_081624_fail_global.log -> 404
2026-09-17 08:16:27,279 - DEBUG - [global] _api_put: PUT runs/20260917_081624_fail_global.log -> 201 (19459 bytes)
2026-09-17 08:16:27,284 - DEBUG - [global] log_uploader: STEP 3 (global log) -> https://github.com/StarateJI/L2Mauto/blob/bot-logs/runs/20260917_081624_fail_global.log
2026-09-17 08:16:27,285 - DEBUG - [global] log_uploader: END window=periodic
2026-09-17 08:16:27,285 - INFO - [global] LogUploader: upload_run_logs завершён
2026-09-17 08:16:27,549 - INFO - [global] Проверяю обновы...
2026-09-17 08:16:28,734 - DEBUG - [global] needs_update: API GitHub → 5.9.0
2026-09-17 08:16:29,715 - DEBUG - [global] needs_update: raw → 5.9.0
2026-09-17 08:16:30,786 - DEBUG - [global] needs_update: jsdelivr → 5.9.0
2026-09-17 08:16:30,787 - DEBUG - [global] needs_update: лучший источник API → 5.9.0 (из 3)
2026-09-17 08:16:30,795 - INFO - [global] needs_update: local=(5, 9, 0) remote=(5, 9, 0) -> has_update=False
2026-09-17 08:16:30,797 - INFO - [global] Установлена последняя версия бота | 5.9.0
2026-09-17 08:17:00,815 - INFO - [global] Проверяю обновы...
2026-09-17 08:17:01,983 - DEBUG - [global] needs_update: API GitHub → 5.9.0
2026-09-17 08:17:02,953 - DEBUG - [global] needs_update: raw → 5.9.0
2026-09-17 08:17:03,991 - DEBUG - [global] needs_update: jsdelivr → 5.9.0
2026-09-17 08:17:03,992 - DEBUG - [global] needs_update: лучший источник API → 5.9.0 (из 3)
2026-09-17 08:17:03,997 - INFO - [global] needs_update: local=(5, 9, 0) remote=(5, 9, 0) -> has_update=False
2026-09-17 08:17:04,004 - INFO - [global] Установлена последняя версия бота | 5.9.0
2026-09-17 08:17:27,318 - INFO - [global] LogUploader: запускаю upload_run_logs...
2026-09-17 08:17:27,320 - DEBUG - [global] log_uploader: START window=periodic made=-1 token=...Rjnfq
2026-09-17 08:17:27,320 - DEBUG - [global] log_uploader: STEP 1 SKIP (no C:\Users\PC\Desktop\L2Mauto\logs\periodic.log)
2026-09-17 08:17:27,321 - DEBUG - [global] log_uploader: STEP 2 SKIP (no PNGs)
2026-09-17 08:17:28,598 - DEBUG - [global] _api_put: GET runs/20260917_081727_fail_global.log -> 404
2026-09-17 08:17:30,682 - DEBUG - [global] _api_put: PUT runs/20260917_081727_fail_global.log -> 201 (19459 bytes)
2026-09-17 08:17:30,688 - DEBUG - [global] log_uploader: STEP 3 (global log) -> https://github.com/StarateJI/L2Mauto/blob/bot-logs/runs/20260917_081727_fail_global.log
2026-09-17 08:17:30,688 - DEBUG - [global] log_uploader: END window=periodic
2026-09-17 08:17:30,688 - INFO - [global] LogUploader: upload_run_logs завершён
2026-09-17 08:17:34,023 - INFO - [global] Проверяю обновы...
2026-09-17 08:17:35,183 - DEBUG - [global] needs_update: API GitHub → 5.9.0
2026-09-17 08:17:36,138 - DEBUG - [global] needs_update: raw → 5.9.0
2026-09-17 08:17:37,158 - DEBUG - [global] needs_update: jsdelivr → 5.9.0
2026-09-17 08:17:37,159 - DEBUG - [global] needs_update: лучший источник API → 5.9.0 (из 3)
2026-09-17 08:17:37,166 - INFO - [global] needs_update: local=(5, 9, 0) remote=(5, 9, 0) -> has_update=False
2026-09-17 08:17:37,169 - INFO - [global] Установлена последняя версия бота | 5.9.0
2026-09-17 08:18:07,189 - INFO - [global] Проверяю обновы...
2026-09-17 08:18:08,393 - DEBUG - [global] needs_update: API GitHub → 5.9.0
2026-09-17 08:18:09,389 - DEBUG - [global] needs_update: raw → 5.9.0
2026-09-17 08:18:10,417 - DEBUG - [global] needs_update: jsdelivr → 5.9.0
2026-09-17 08:18:10,418 - DEBUG - [global] needs_update: лучший источник API → 5.9.0 (из 3)
2026-09-17 08:18:10,422 - INFO - [global] needs_update: local=(5, 9, 0) remote=(5, 9, 0) -> has_update=False
2026-09-17 08:18:10,424 - INFO - [global] Установлена последняя версия бота | 5.9.0
2026-09-17 08:18:30,728 - INFO - [global] LogUploader: запускаю upload_run_logs...
2026-09-17 08:18:30,731 - DEBUG - [global] log_uploader: START window=periodic made=-1 token=...Rjnfq
2026-09-17 08:18:30,731 - DEBUG - [global] log_uploader: STEP 1 SKIP (no C:\Users\PC\Desktop\L2Mauto\logs\periodic.log)
2026-09-17 08:18:30,731 - DEBUG - [global] log_uploader: STEP 2 SKIP (no PNGs)
2026-09-17 08:18:32,023 - DEBUG - [global] _api_put: GET runs/20260917_081830_fail_global.log -> 404
2026-09-17 08:18:34,213 - DEBUG - [global] _api_put: PUT runs/20260917_081830_fail_global.log -> 201 (19459 bytes)
2026-09-17 08:18:34,220 - DEBUG - [global] log_uploader: STEP 3 (global log) -> https://github.com/StarateJI/L2Mauto/blob/bot-logs/runs/20260917_081830_fail_global.log
2026-09-17 08:18:34,220 - DEBUG - [global] log_uploader: END window=periodic
2026-09-17 08:18:34,220 - INFO - [global] LogUploader: upload_run_logs завершён
2026-09-17 08:18:40,457 - INFO - [global] Проверяю обновы...
2026-09-17 08:18:41,632 - DEBUG - [global] needs_update: API GitHub → 5.9.0
2026-09-17 08:18:42,574 - DEBUG - [global] needs_update: raw → 5.9.0
2026-09-17 08:18:43,452 - DEBUG - [global] needs_update: jsdelivr → 5.9.0
2026-09-17 08:18:43,453 - DEBUG - [global] needs_update: лучший источник API → 5.9.0 (из 3)
2026-09-17 08:18:43,458 - INFO - [global] needs_update: local=(5, 9, 0) remote=(5, 9, 0) -> has_update=False
2026-09-17 08:18:43,459 - INFO - [global] Установлена последняя версия бота | 5.9.0
2026-09-17 08:19:13,478 - INFO - [global] Проверяю обновы...
2026-09-17 08:19:14,644 - DEBUG - [global] needs_update: API GitHub → 5.9.0
2026-09-17 08:19:15,610 - DEBUG - [global] needs_update: raw → 5.9.0
2026-09-17 08:19:16,628 - DEBUG - [global] needs_update: jsdelivr → 5.9.0
2026-09-17 08:19:16,628 - DEBUG - [global] needs_update: лучший источник API → 5.9.0 (из 3)
2026-09-17 08:19:16,634 - INFO - [global] needs_update: local=(5, 9, 0) remote=(5, 9, 0) -> has_update=False
2026-09-17 08:19:16,638 - INFO - [global] Установлена последняя версия бота | 5.9.0
2026-09-17 08:19:34,258 - INFO - [global] LogUploader: запускаю upload_run_logs...
2026-09-17 08:19:34,260 - DEBUG - [global] log_uploader: START window=periodic made=-1 token=...Rjnfq
2026-09-17 08:19:34,261 - DEBUG - [global] log_uploader: STEP 1 SKIP (no C:\Users\PC\Desktop\L2Mauto\logs\periodic.log)
2026-09-17 08:19:34,261 - DEBUG - [global] log_uploader: STEP 2 SKIP (no PNGs)
2026-09-17 08:19:35,535 - DEBUG - [global] _api_put: GET runs/20260917_081934_fail_global.log -> 404
2026-09-17 08:19:37,326 - DEBUG - [global] _api_put: PUT runs/20260917_081934_fail_global.log -> 201 (19459 bytes)
2026-09-17 08:19:37,330 - DEBUG - [global] log_uploader: STEP 3 (global log) -> https://github.com/StarateJI/L2Mauto/blob/bot-logs/runs/20260917_081934_fail_global.log
2026-09-17 08:19:37,330 - DEBUG - [global] log_uploader: END window=periodic
2026-09-17 08:19:37,330 - INFO - [global] LogUploader: upload_run_logs завершён
2026-09-17 08:19:46,662 - INFO - [global] Проверяю обновы...
2026-09-17 08:19:47,812 - DEBUG - [global] needs_update: API GitHub → 5.9.0
2026-09-17 08:19:48,750 - DEBUG - [global] needs_update: raw → 5.9.0
2026-09-17 08:19:49,768 - DEBUG - [global] needs_update: jsdelivr → 5.9.0
2026-09-17 08:19:49,768 - DEBUG - [global] needs_update: лучший источник API → 5.9.0 (из 3)
2026-09-17 08:19:49,777 - INFO - [global] needs_update: local=(5, 9, 0) remote=(5, 9, 0) -> has_update=False
2026-09-17 08:19:49,779 - INFO - [global] Установлена последняя версия бота | 5.9.0
2026-09-17 08:20:19,798 - INFO - [global] Проверяю обновы...
2026-09-17 08:20:20,998 - DEBUG - [global] needs_update: API GitHub → 5.9.0
2026-09-17 08:20:21,957 - DEBUG - [global] needs_update: raw → 5.9.0
2026-09-17 08:20:22,939 - DEBUG - [global] needs_update: jsdelivr → 5.9.0
2026-09-17 08:20:22,939 - DEBUG - [global] needs_update: лучший источник API → 5.9.0 (из 3)
2026-09-17 08:20:22,946 - INFO - [global] needs_update: local=(5, 9, 0) remote=(5, 9, 0) -> has_update=False
2026-09-17 08:20:22,949 - INFO - [global] Установлена последняя версия бота | 5.9.0
2026-09-17 08:20:37,367 - INFO - [global] LogUploader: запускаю upload_run_logs...
2026-09-17 08:20:37,370 - DEBUG - [global] log_uploader: START window=periodic made=-1 token=...Rjnfq
2026-09-17 08:20:37,371 - DEBUG - [global] log_uploader: STEP 1 SKIP (no C:\Users\PC\Desktop\L2Mauto\logs\periodic.log)
2026-09-17 08:20:37,371 - DEBUG - [global] log_uploader: STEP 2 SKIP (no PNGs)
2026-09-17 08:20:38,642 - DEBUG - [global] _api_put: GET runs/20260917_082037_fail_global.log -> 404
2026-09-17 08:20:40,934 - DEBUG - [global] _api_put: PUT runs/20260917_082037_fail_global.log -> 201 (19382 bytes)
2026-09-17 08:20:40,941 - DEBUG - [global] log_uploader: STEP 3 (global log) -> https://github.com/StarateJI/L2Mauto/blob/bot-logs/runs/20260917_082037_fail_global.log
2026-09-17 08:20:40,942 - DEBUG - [global] log_uploader: END window=periodic
2026-09-17 08:20:40,942 - INFO - [global] LogUploader: upload_run_logs завершён
2026-09-17 08:20:52,986 - INFO - [global] Проверяю обновы...
2026-09-17 08:20:54,159 - DEBUG - [global] needs_update: API GitHub → 5.9.0
2026-09-17 08:20:55,116 - DEBUG - [global] needs_update: raw → 5.9.0
2026-09-17 08:20:56,023 - DEBUG - [global] needs_update: jsdelivr → 5.9.0
2026-09-17 08:20:56,024 - DEBUG - [global] needs_update: лучший источник API → 5.9.0 (из 3)
2026-09-17 08:20:56,028 - INFO - [global] needs_update: local=(5, 9, 0) remote=(5, 9, 0) -> has_update=False
2026-09-17 08:20:56,029 - INFO - [global] Установлена последняя версия бота | 5.9.0
2026-09-17 08:21:26,048 - INFO - [global] Проверяю обновы...
2026-09-17 08:21:27,201 - DEBUG - [global] needs_update: API GitHub → 5.9.0
2026-09-17 08:21:28,178 - DEBUG - [global] needs_update: raw → 5.9.0
2026-09-17 08:21:29,176 - DEBUG - [global] needs_update: jsdelivr → 5.9.0
2026-09-17 08:21:29,177 - DEBUG - [global] needs_update: лучший источник API → 5.9.0 (из 3)
2026-09-17 08:21:29,181 - INFO - [global] needs_update: local=(5, 9, 0) remote=(5, 9, 0) -> has_update=False
2026-09-17 08:21:29,183 - INFO - [global] Установлена последняя версия бота | 5.9.0
2026-09-17 08:21:40,983 - INFO - [global] LogUploader: запускаю upload_run_logs...
2026-09-17 08:21:40,986 - DEBUG - [global] log_uploader: START window=periodic made=-1 token=...Rjnfq
2026-09-17 08:21:40,987 - DEBUG - [global] log_uploader: STEP 1 SKIP (no C:\Users\PC\Desktop\L2Mauto\logs\periodic.log)
2026-09-17 08:21:40,987 - DEBUG - [global] log_uploader: STEP 2 SKIP (no PNGs)
2026-09-17 08:21:42,290 - DEBUG - [global] _api_put: GET runs/20260917_082140_fail_global.log -> 404
2026-09-17 08:21:44,302 - DEBUG - [global] _api_put: PUT runs/20260917_082140_fail_global.log -> 201 (19382 bytes)
2026-09-17 08:21:44,307 - DEBUG - [global] log_uploader: STEP 3 (global log) -> https://github.com/StarateJI/L2Mauto/blob/bot-logs/runs/20260917_082140_fail_global.log
2026-09-17 08:21:44,308 - DEBUG - [global] log_uploader: END window=periodic
2026-09-17 08:21:44,308 - INFO - [global] LogUploader: upload_run_logs завершён
2026-09-17 08:21:59,201 - INFO - [global] Проверяю обновы...
2026-09-17 08:22:00,404 - DEBUG - [global] needs_update: API GitHub → 5.9.0
2026-09-17 08:22:01,404 - DEBUG - [global] needs_update: raw → 5.9.0
2026-09-17 08:22:02,384 - DEBUG - [global] needs_update: jsdelivr → 5.9.0
2026-09-17 08:22:02,384 - DEBUG - [global] needs_update: лучший источник API → 5.9.0 (из 3)
2026-09-17 08:22:02,390 - INFO - [global] needs_update: local=(5, 9, 0) remote=(5, 9, 0) -> has_update=False
2026-09-17 08:22:02,391 - INFO - [global] Установлена последняя версия бота | 5.9.0
2026-09-17 08:22:32,411 - INFO - [global] Проверяю обновы...
2026-09-17 08:22:33,612 - DEBUG - [global] needs_update: API GitHub → 5.9.0
2026-09-17 08:22:34,571 - DEBUG - [global] needs_update: raw → 5.9.0
2026-09-17 08:22:35,558 - DEBUG - [global] needs_update: jsdelivr → 5.9.0
2026-09-17 08:22:35,558 - DEBUG - [global] needs_update: лучший источник API → 5.9.0 (из 3)
2026-09-17 08:22:35,564 - INFO - [global] needs_update: local=(5, 9, 0) remote=(5, 9, 0) -> has_update=False
2026-09-17 08:22:35,565 - INFO - [global] Установлена последняя версия бота | 5.9.0
2026-09-17 08:22:44,342 - INFO - [global] LogUploader: запускаю upload_run_logs...
2026-09-17 08:22:44,345 - DEBUG - [global] log_uploader: START window=periodic made=-1 token=...Rjnfq
2026-09-17 08:22:44,346 - DEBUG - [global] log_uploader: STEP 1 SKIP (no C:\Users\PC\Desktop\L2Mauto\logs\periodic.log)
2026-09-17 08:22:44,346 - DEBUG - [global] log_uploader: STEP 2 SKIP (no PNGs)
2026-09-17 08:22:45,642 - DEBUG - [global] _api_put: GET runs/20260917_082244_fail_global.log -> 404
2026-09-17 08:22:47,442 - DEBUG - [global] _api_put: PUT runs/20260917_082244_fail_global.log -> 201 (19291 bytes)
2026-09-17 08:22:47,446 - DEBUG - [global] log_uploader: STEP 3 (global log) -> https://github.com/StarateJI/L2Mauto/blob/bot-logs/runs/20260917_082244_fail_global.log
2026-09-17 08:22:47,446 - DEBUG - [global] log_uploader: END window=periodic
2026-09-17 08:22:47,446 - INFO - [global] LogUploader: upload_run_logs завершён
2026-09-17 08:23:05,586 - INFO - [global] Проверяю обновы...
2026-09-17 08:23:06,764 - DEBUG - [global] needs_update: API GitHub → 5.9.0
2026-09-17 08:23:07,748 - DEBUG - [global] needs_update: raw → 5.9.0
2026-09-17 08:23:08,722 - DEBUG - [global] needs_update: jsdelivr → 5.9.0
2026-09-17 08:23:08,723 - DEBUG - [global] needs_update: лучший источник API → 5.9.0 (из 3)
2026-09-17 08:23:08,729 - INFO - [global] needs_update: local=(5, 9, 0) remote=(5, 9, 0) -> has_update=False
2026-09-17 08:23:08,730 - INFO - [global] Установлена последняя версия бота | 5.9.0
2026-09-17 08:23:38,746 - INFO - [global] Проверяю обновы...
2026-09-17 08:23:39,921 - DEBUG - [global] needs_update: API GitHub → 5.9.0
2026-09-17 08:23:40,906 - DEBUG - [global] needs_update: raw → 5.9.0
2026-09-17 08:23:41,948 - DEBUG - [global] needs_update: jsdelivr → 5.9.0
2026-09-17 08:23:41,948 - DEBUG - [global] needs_update: лучший источник API → 5.9.0 (из 3)
2026-09-17 08:23:41,953 - INFO - [global] needs_update: local=(5, 9, 0) remote=(5, 9, 0) -> has_update=False
2026-09-17 08:23:41,954 - INFO - [global] Установлена последняя версия бота | 5.9.0
2026-09-17 08:23:47,489 - INFO - [global] LogUploader: запускаю upload_run_logs...
2026-09-17 08:23:47,491 - DEBUG - [global] log_uploader: START window=periodic made=-1 token=...Rjnfq
2026-09-17 08:23:47,492 - DEBUG - [global] log_uploader: STEP 1 SKIP (no C:\Users\PC\Desktop\L2Mauto\logs\periodic.log)
2026-09-17 08:23:47,492 - DEBUG - [global] log_uploader: STEP 2 SKIP (no PNGs)
