=== Log tail 2026-09-17T14:42:53.603950 | last 200 lines ===
2026-09-17 14:34:34,656 - INFO - [global] Проверяю обновы...
2026-09-17 14:34:35,542 - DEBUG - [global] needs_update: API GitHub → 5.9.1
2026-09-17 14:34:36,199 - DEBUG - [global] needs_update: raw → 5.9.1
2026-09-17 14:34:36,893 - DEBUG - [global] needs_update: jsdelivr → 5.9.0
2026-09-17 14:34:36,893 - DEBUG - [global] needs_update: лучший источник API → 5.9.1 (из 3)
2026-09-17 14:34:36,896 - INFO - [global] needs_update: local=(5, 9, 1) remote=(5, 9, 1) -> has_update=False
2026-09-17 14:34:36,896 - INFO - [global] Установлена последняя версия бота | 5.9.1
2026-09-17 14:35:06,916 - INFO - [global] Проверяю обновы...
2026-09-17 14:35:07,819 - DEBUG - [global] needs_update: API GitHub → 5.9.1
2026-09-17 14:35:08,503 - DEBUG - [global] needs_update: raw → 5.9.1
2026-09-17 14:35:09,171 - DEBUG - [global] needs_update: jsdelivr → 5.9.0
2026-09-17 14:35:09,172 - DEBUG - [global] needs_update: лучший источник API → 5.9.1 (из 3)
2026-09-17 14:35:09,173 - INFO - [global] needs_update: local=(5, 9, 1) remote=(5, 9, 1) -> has_update=False
2026-09-17 14:35:09,174 - INFO - [global] Установлена последняя версия бота | 5.9.1
2026-09-17 14:35:16,998 - INFO - [global] LogUploader: запускаю upload_run_logs...
2026-09-17 14:35:16,999 - DEBUG - [global] log_uploader: START window=periodic made=-1 token=...Rjnfq
2026-09-17 14:35:17,835 - DEBUG - [global] _api_put: GET runs/20260917_143516_fail_periodic.log -> 404
2026-09-17 14:35:19,221 - DEBUG - [global] _api_put: PUT runs/20260917_143516_fail_periodic.log -> 201 (8836 bytes)
2026-09-17 14:35:19,223 - DEBUG - [global] log_uploader: STEP 1 (window log) -> https://github.com/StarateJI/L2Mauto/blob/bot-logs/runs/20260917_143516_fail_periodic.log
2026-09-17 14:35:19,224 - DEBUG - [global] log_uploader: STEP 2 SKIP (no PNGs)
2026-09-17 14:35:20,174 - DEBUG - [global] _api_put: GET runs/20260917_143516_fail_global.log -> 404
2026-09-17 14:35:21,680 - DEBUG - [global] _api_put: PUT runs/20260917_143516_fail_global.log -> 201 (20055 bytes)
2026-09-17 14:35:21,682 - DEBUG - [global] log_uploader: STEP 3 (global log) -> https://github.com/StarateJI/L2Mauto/blob/bot-logs/runs/20260917_143516_fail_global.log
2026-09-17 14:35:21,682 - DEBUG - [global] log_uploader: END window=periodic
2026-09-17 14:35:21,683 - INFO - [global] LogUploader: upload_run_logs завершён
2026-09-17 14:35:39,192 - INFO - [global] Проверяю обновы...
2026-09-17 14:35:40,064 - DEBUG - [global] needs_update: API GitHub → 5.9.1
2026-09-17 14:35:40,721 - DEBUG - [global] needs_update: raw → 5.9.1
2026-09-17 14:35:41,359 - DEBUG - [global] needs_update: jsdelivr → 5.9.0
2026-09-17 14:35:41,359 - DEBUG - [global] needs_update: лучший источник API → 5.9.1 (из 3)
2026-09-17 14:35:41,361 - INFO - [global] needs_update: local=(5, 9, 1) remote=(5, 9, 1) -> has_update=False
2026-09-17 14:35:41,361 - INFO - [global] Установлена последняя версия бота | 5.9.1
2026-09-17 14:36:11,377 - INFO - [global] Проверяю обновы...
2026-09-17 14:36:12,242 - DEBUG - [global] needs_update: API GitHub → 5.9.1
2026-09-17 14:36:12,922 - DEBUG - [global] needs_update: raw → 5.9.1
2026-09-17 14:36:13,588 - DEBUG - [global] needs_update: jsdelivr → 5.9.0
2026-09-17 14:36:13,588 - DEBUG - [global] needs_update: лучший источник API → 5.9.1 (из 3)
2026-09-17 14:36:13,590 - INFO - [global] needs_update: local=(5, 9, 1) remote=(5, 9, 1) -> has_update=False
2026-09-17 14:36:13,590 - INFO - [global] Установлена последняя версия бота | 5.9.1
2026-09-17 14:36:21,715 - INFO - [global] LogUploader: запускаю upload_run_logs...
2026-09-17 14:36:21,716 - DEBUG - [global] log_uploader: START window=periodic made=-1 token=...Rjnfq
2026-09-17 14:36:22,578 - DEBUG - [global] _api_put: GET runs/20260917_143621_fail_periodic.log -> 404
2026-09-17 14:36:24,054 - DEBUG - [global] _api_put: PUT runs/20260917_143621_fail_periodic.log -> 201 (8836 bytes)
2026-09-17 14:36:24,056 - DEBUG - [global] log_uploader: STEP 1 (window log) -> https://github.com/StarateJI/L2Mauto/blob/bot-logs/runs/20260917_143621_fail_periodic.log
2026-09-17 14:36:24,056 - DEBUG - [global] log_uploader: STEP 2 SKIP (no PNGs)
2026-09-17 14:36:24,982 - DEBUG - [global] _api_put: GET runs/20260917_143621_fail_global.log -> 404
2026-09-17 14:36:26,602 - DEBUG - [global] _api_put: PUT runs/20260917_143621_fail_global.log -> 201 (20055 bytes)
2026-09-17 14:36:26,604 - DEBUG - [global] log_uploader: STEP 3 (global log) -> https://github.com/StarateJI/L2Mauto/blob/bot-logs/runs/20260917_143621_fail_global.log
2026-09-17 14:36:26,604 - DEBUG - [global] log_uploader: END window=periodic
2026-09-17 14:36:26,604 - INFO - [global] LogUploader: upload_run_logs завершён
2026-09-17 14:36:43,604 - INFO - [global] Проверяю обновы...
2026-09-17 14:36:44,488 - DEBUG - [global] needs_update: API GitHub → 5.9.1
2026-09-17 14:36:45,183 - DEBUG - [global] needs_update: raw → 5.9.1
2026-09-17 14:36:45,931 - DEBUG - [global] needs_update: jsdelivr → 5.9.0
2026-09-17 14:36:45,931 - DEBUG - [global] needs_update: лучший источник API → 5.9.1 (из 3)
2026-09-17 14:36:45,934 - INFO - [global] needs_update: local=(5, 9, 1) remote=(5, 9, 1) -> has_update=False
2026-09-17 14:36:45,934 - INFO - [global] Установлена последняя версия бота | 5.9.1
2026-09-17 14:37:15,949 - INFO - [global] Проверяю обновы...
2026-09-17 14:37:17,149 - DEBUG - [global] needs_update: API GitHub → 5.9.1
2026-09-17 14:37:17,792 - DEBUG - [global] needs_update: raw → 5.9.1
2026-09-17 14:37:18,455 - DEBUG - [global] needs_update: jsdelivr → 5.9.0
2026-09-17 14:37:18,455 - DEBUG - [global] needs_update: лучший источник API → 5.9.1 (из 3)
2026-09-17 14:37:18,456 - INFO - [global] needs_update: local=(5, 9, 1) remote=(5, 9, 1) -> has_update=False
2026-09-17 14:37:18,457 - INFO - [global] Установлена последняя версия бота | 5.9.1
2026-09-17 14:37:26,642 - INFO - [global] LogUploader: запускаю upload_run_logs...
2026-09-17 14:37:26,643 - DEBUG - [global] log_uploader: START window=periodic made=-1 token=...Rjnfq
2026-09-17 14:37:27,546 - DEBUG - [global] _api_put: GET runs/20260917_143726_fail_periodic.log -> 404
2026-09-17 14:37:28,949 - DEBUG - [global] _api_put: PUT runs/20260917_143726_fail_periodic.log -> 201 (8836 bytes)
2026-09-17 14:37:28,951 - DEBUG - [global] log_uploader: STEP 1 (window log) -> https://github.com/StarateJI/L2Mauto/blob/bot-logs/runs/20260917_143726_fail_periodic.log
2026-09-17 14:37:28,951 - DEBUG - [global] log_uploader: STEP 2 SKIP (no PNGs)
2026-09-17 14:37:29,913 - DEBUG - [global] _api_put: GET runs/20260917_143726_fail_global.log -> 404
2026-09-17 14:37:31,624 - DEBUG - [global] _api_put: PUT runs/20260917_143726_fail_global.log -> 201 (20033 bytes)
2026-09-17 14:37:31,626 - DEBUG - [global] log_uploader: STEP 3 (global log) -> https://github.com/StarateJI/L2Mauto/blob/bot-logs/runs/20260917_143726_fail_global.log
2026-09-17 14:37:31,626 - DEBUG - [global] log_uploader: END window=periodic
2026-09-17 14:37:31,626 - INFO - [global] LogUploader: upload_run_logs завершён
2026-09-17 14:37:48,473 - INFO - [global] Проверяю обновы...
2026-09-17 14:37:49,653 - DEBUG - [global] needs_update: API GitHub → 5.9.1
2026-09-17 14:37:50,333 - DEBUG - [global] needs_update: raw → 5.9.1
2026-09-17 14:37:51,005 - DEBUG - [global] needs_update: jsdelivr → 5.9.0
2026-09-17 14:37:51,005 - DEBUG - [global] needs_update: лучший источник API → 5.9.1 (из 3)
2026-09-17 14:37:51,007 - INFO - [global] needs_update: local=(5, 9, 1) remote=(5, 9, 1) -> has_update=False
2026-09-17 14:37:51,007 - INFO - [global] Установлена последняя версия бота | 5.9.1
2026-09-17 14:38:21,024 - INFO - [global] Проверяю обновы...
2026-09-17 14:38:21,872 - DEBUG - [global] needs_update: API GitHub → 5.9.1
2026-09-17 14:38:22,514 - DEBUG - [global] needs_update: raw → 5.9.1
2026-09-17 14:38:23,185 - DEBUG - [global] needs_update: jsdelivr → 5.9.0
2026-09-17 14:38:23,185 - DEBUG - [global] needs_update: лучший источник API → 5.9.1 (из 3)
2026-09-17 14:38:23,187 - INFO - [global] needs_update: local=(5, 9, 1) remote=(5, 9, 1) -> has_update=False
2026-09-17 14:38:23,188 - INFO - [global] Установлена последняя версия бота | 5.9.1
2026-09-17 14:38:31,655 - INFO - [global] LogUploader: запускаю upload_run_logs...
2026-09-17 14:38:31,656 - DEBUG - [global] log_uploader: START window=periodic made=-1 token=...Rjnfq
2026-09-17 14:38:32,534 - DEBUG - [global] _api_put: GET runs/20260917_143831_fail_periodic.log -> 404
2026-09-17 14:38:33,938 - DEBUG - [global] _api_put: PUT runs/20260917_143831_fail_periodic.log -> 409 (8836 bytes)
2026-09-17 14:38:33,938 - WARNING - [global] _api_put: PUT failed body: {"message":"is at 7871a9732a5e60df9dcc568732c3d4ccf0b0287e but expected 4a9bac0230429396f9bda2bf6635bc950e678446","documentation_url":"https://docs.github.com/rest/repos/contents#create-or-update-file
2026-09-17 14:38:33,939 - DEBUG - [global] log_uploader: STEP 1 (window log) -> FAILED
2026-09-17 14:38:33,940 - DEBUG - [global] log_uploader: STEP 2 SKIP (no PNGs)
2026-09-17 14:38:34,857 - DEBUG - [global] _api_put: GET runs/20260917_143831_fail_global.log -> 404
2026-09-17 14:38:36,533 - DEBUG - [global] _api_put: PUT runs/20260917_143831_fail_global.log -> 201 (20055 bytes)
2026-09-17 14:38:36,535 - DEBUG - [global] log_uploader: STEP 3 (global log) -> https://github.com/StarateJI/L2Mauto/blob/bot-logs/runs/20260917_143831_fail_global.log
2026-09-17 14:38:36,535 - DEBUG - [global] log_uploader: END window=periodic
2026-09-17 14:38:36,535 - INFO - [global] LogUploader: upload_run_logs завершён
2026-09-17 14:38:53,207 - INFO - [global] Проверяю обновы...
2026-09-17 14:38:54,095 - DEBUG - [global] needs_update: API GitHub → 5.9.1
2026-09-17 14:38:54,749 - DEBUG - [global] needs_update: raw → 5.9.1
2026-09-17 14:38:55,391 - DEBUG - [global] needs_update: jsdelivr → 5.9.0
2026-09-17 14:38:55,391 - DEBUG - [global] needs_update: лучший источник API → 5.9.1 (из 3)
2026-09-17 14:38:55,392 - INFO - [global] needs_update: local=(5, 9, 1) remote=(5, 9, 1) -> has_update=False
2026-09-17 14:38:55,392 - INFO - [global] Установлена последняя версия бота | 5.9.1
2026-09-17 14:39:25,410 - INFO - [global] Проверяю обновы...
2026-09-17 14:39:26,284 - DEBUG - [global] needs_update: API GitHub → 5.9.1
2026-09-17 14:39:26,987 - DEBUG - [global] needs_update: raw → 5.9.1
2026-09-17 14:39:27,656 - DEBUG - [global] needs_update: jsdelivr → 5.9.0
2026-09-17 14:39:27,656 - DEBUG - [global] needs_update: лучший источник API → 5.9.1 (из 3)
2026-09-17 14:39:27,658 - INFO - [global] needs_update: local=(5, 9, 1) remote=(5, 9, 1) -> has_update=False
2026-09-17 14:39:27,658 - INFO - [global] Установлена последняя версия бота | 5.9.1
2026-09-17 14:39:36,568 - INFO - [global] LogUploader: запускаю upload_run_logs...
2026-09-17 14:39:36,569 - DEBUG - [global] log_uploader: START window=periodic made=-1 token=...Rjnfq
2026-09-17 14:39:37,667 - DEBUG - [global] _api_put: GET runs/20260917_143936_fail_periodic.log -> 404
2026-09-17 14:39:39,053 - DEBUG - [global] _api_put: PUT runs/20260917_143936_fail_periodic.log -> 409 (8836 bytes)
2026-09-17 14:39:39,053 - WARNING - [global] _api_put: PUT failed body: {"message":"is at e403ec24382c49bd8c41d8ddffe16a4fbe5ad8bd but expected bb6e43a914d21ee365d3ba48433b3cf771479b2b","documentation_url":"https://docs.github.com/rest/repos/contents#create-or-update-file
2026-09-17 14:39:39,055 - DEBUG - [global] log_uploader: STEP 1 (window log) -> FAILED
2026-09-17 14:39:39,055 - DEBUG - [global] log_uploader: STEP 2 SKIP (no PNGs)
2026-09-17 14:39:40,006 - DEBUG - [global] _api_put: GET runs/20260917_143936_fail_global.log -> 404
2026-09-17 14:39:41,552 - DEBUG - [global] _api_put: PUT runs/20260917_143936_fail_global.log -> 201 (20055 bytes)
2026-09-17 14:39:41,554 - DEBUG - [global] log_uploader: STEP 3 (global log) -> https://github.com/StarateJI/L2Mauto/blob/bot-logs/runs/20260917_143936_fail_global.log
2026-09-17 14:39:41,554 - DEBUG - [global] log_uploader: END window=periodic
2026-09-17 14:39:41,554 - INFO - [global] LogUploader: upload_run_logs завершён
2026-09-17 14:39:57,675 - INFO - [global] Проверяю обновы...
2026-09-17 14:39:58,509 - DEBUG - [global] needs_update: API GitHub → 5.9.1
2026-09-17 14:39:59,179 - DEBUG - [global] needs_update: raw → 5.9.1
2026-09-17 14:39:59,822 - DEBUG - [global] needs_update: jsdelivr → 5.9.0
2026-09-17 14:39:59,822 - DEBUG - [global] needs_update: лучший источник API → 5.9.1 (из 3)
2026-09-17 14:39:59,823 - INFO - [global] needs_update: local=(5, 9, 1) remote=(5, 9, 1) -> has_update=False
2026-09-17 14:39:59,824 - INFO - [global] Установлена последняя версия бота | 5.9.1
2026-09-17 14:40:29,838 - INFO - [global] Проверяю обновы...
2026-09-17 14:40:30,701 - DEBUG - [global] needs_update: API GitHub → 5.9.1
2026-09-17 14:40:31,345 - DEBUG - [global] needs_update: raw → 5.9.1
2026-09-17 14:40:31,992 - DEBUG - [global] needs_update: jsdelivr → 5.9.0
2026-09-17 14:40:31,992 - DEBUG - [global] needs_update: лучший источник API → 5.9.1 (из 3)
2026-09-17 14:40:31,995 - INFO - [global] needs_update: local=(5, 9, 1) remote=(5, 9, 1) -> has_update=False
2026-09-17 14:40:31,995 - INFO - [global] Установлена последняя версия бота | 5.9.1
2026-09-17 14:40:41,587 - INFO - [global] LogUploader: запускаю upload_run_logs...
2026-09-17 14:40:41,588 - DEBUG - [global] log_uploader: START window=periodic made=-1 token=...Rjnfq
2026-09-17 14:40:42,481 - DEBUG - [global] _api_put: GET runs/20260917_144041_fail_periodic.log -> 404
2026-09-17 14:40:43,808 - DEBUG - [global] _api_put: PUT runs/20260917_144041_fail_periodic.log -> 409 (8836 bytes)
2026-09-17 14:40:43,808 - WARNING - [global] _api_put: PUT failed body: {"message":"is at fb6d3438ed9b99179003766ce5336f070bff12a1 but expected 4ec8ebcdef920cc322b8a97244620853f89ee1b0","documentation_url":"https://docs.github.com/rest/repos/contents#create-or-update-file
2026-09-17 14:40:43,810 - DEBUG - [global] log_uploader: STEP 1 (window log) -> FAILED
2026-09-17 14:40:43,810 - DEBUG - [global] log_uploader: STEP 2 SKIP (no PNGs)
2026-09-17 14:40:44,786 - DEBUG - [global] _api_put: GET runs/20260917_144041_fail_global.log -> 404
2026-09-17 14:40:46,365 - DEBUG - [global] _api_put: PUT runs/20260917_144041_fail_global.log -> 201 (20055 bytes)
2026-09-17 14:40:46,367 - DEBUG - [global] log_uploader: STEP 3 (global log) -> https://github.com/StarateJI/L2Mauto/blob/bot-logs/runs/20260917_144041_fail_global.log
2026-09-17 14:40:46,367 - DEBUG - [global] log_uploader: END window=periodic
2026-09-17 14:40:46,367 - INFO - [global] LogUploader: upload_run_logs завершён
2026-09-17 14:41:02,012 - INFO - [global] Проверяю обновы...
2026-09-17 14:41:02,860 - DEBUG - [global] needs_update: API GitHub → 5.9.1
2026-09-17 14:41:03,545 - DEBUG - [global] needs_update: raw → 5.9.1
2026-09-17 14:41:04,164 - DEBUG - [global] needs_update: jsdelivr → 5.9.0
2026-09-17 14:41:04,164 - DEBUG - [global] needs_update: лучший источник API → 5.9.1 (из 3)
2026-09-17 14:41:04,166 - INFO - [global] needs_update: local=(5, 9, 1) remote=(5, 9, 1) -> has_update=False
2026-09-17 14:41:04,167 - INFO - [global] Установлена последняя версия бота | 5.9.1
2026-09-17 14:41:34,183 - INFO - [global] Проверяю обновы...
2026-09-17 14:41:35,083 - DEBUG - [global] needs_update: API GitHub → 5.9.1
2026-09-17 14:41:35,764 - DEBUG - [global] needs_update: raw → 5.9.1
2026-09-17 14:41:36,415 - DEBUG - [global] needs_update: jsdelivr → 5.9.0
2026-09-17 14:41:36,415 - DEBUG - [global] needs_update: лучший источник API → 5.9.1 (из 3)
2026-09-17 14:41:36,416 - INFO - [global] needs_update: local=(5, 9, 1) remote=(5, 9, 1) -> has_update=False
2026-09-17 14:41:36,417 - INFO - [global] Установлена последняя версия бота | 5.9.1
2026-09-17 14:41:46,400 - INFO - [global] LogUploader: запускаю upload_run_logs...
2026-09-17 14:41:46,401 - DEBUG - [global] log_uploader: START window=periodic made=-1 token=...Rjnfq
2026-09-17 14:41:47,257 - DEBUG - [global] _api_put: GET runs/20260917_144146_fail_periodic.log -> 404
2026-09-17 14:41:48,658 - DEBUG - [global] _api_put: PUT runs/20260917_144146_fail_periodic.log -> 409 (8836 bytes)
2026-09-17 14:41:48,658 - WARNING - [global] _api_put: PUT failed body: {"message":"is at 62623783fedc2b5c1b18abb671e4b06695917737 but expected 7f6f7314ac6f5343c3df346368cb8f94efd8f78c","documentation_url":"https://docs.github.com/rest/repos/contents#create-or-update-file
2026-09-17 14:41:48,660 - DEBUG - [global] log_uploader: STEP 1 (window log) -> FAILED
2026-09-17 14:41:48,661 - DEBUG - [global] log_uploader: STEP 2 SKIP (no PNGs)
2026-09-17 14:41:49,582 - DEBUG - [global] _api_put: GET runs/20260917_144146_fail_global.log -> 404
2026-09-17 14:41:51,231 - DEBUG - [global] _api_put: PUT runs/20260917_144146_fail_global.log -> 201 (20168 bytes)
2026-09-17 14:41:51,233 - DEBUG - [global] log_uploader: STEP 3 (global log) -> https://github.com/StarateJI/L2Mauto/blob/bot-logs/runs/20260917_144146_fail_global.log
2026-09-17 14:41:51,233 - DEBUG - [global] log_uploader: END window=periodic
2026-09-17 14:41:51,233 - INFO - [global] LogUploader: upload_run_logs завершён
2026-09-17 14:42:06,435 - INFO - [global] Проверяю обновы...
2026-09-17 14:42:07,293 - DEBUG - [global] needs_update: API GitHub → 5.9.1
2026-09-17 14:42:07,982 - DEBUG - [global] needs_update: raw → 5.9.1
2026-09-17 14:42:08,650 - DEBUG - [global] needs_update: jsdelivr → 5.9.0
2026-09-17 14:42:08,650 - DEBUG - [global] needs_update: лучший источник API → 5.9.1 (из 3)
2026-09-17 14:42:08,651 - INFO - [global] needs_update: local=(5, 9, 1) remote=(5, 9, 1) -> has_update=False
2026-09-17 14:42:08,651 - INFO - [global] Установлена последняя версия бота | 5.9.1
2026-09-17 14:42:38,667 - INFO - [global] Проверяю обновы...
2026-09-17 14:42:39,526 - DEBUG - [global] needs_update: API GitHub → 5.9.1
2026-09-17 14:42:40,184 - DEBUG - [global] needs_update: raw → 5.9.1
2026-09-17 14:42:40,832 - DEBUG - [global] needs_update: jsdelivr → 5.9.0
2026-09-17 14:42:40,832 - DEBUG - [global] needs_update: лучший источник API → 5.9.1 (из 3)
2026-09-17 14:42:40,834 - INFO - [global] needs_update: local=(5, 9, 1) remote=(5, 9, 1) -> has_update=False
2026-09-17 14:42:40,834 - INFO - [global] Установлена последняя версия бота | 5.9.1
2026-09-17 14:42:51,265 - INFO - [global] LogUploader: запускаю upload_run_logs...
2026-09-17 14:42:51,266 - DEBUG - [global] log_uploader: START window=periodic made=-1 token=...Rjnfq
2026-09-17 14:42:52,124 - DEBUG - [global] _api_put: GET runs/20260917_144251_fail_periodic.log -> 404
2026-09-17 14:42:53,536 - DEBUG - [global] _api_put: PUT runs/20260917_144251_fail_periodic.log -> 409 (8836 bytes)
2026-09-17 14:42:53,536 - WARNING - [global] _api_put: PUT failed body: {"message":"is at be70e92c1b7a75f25ef206a7a80419a6f5d121e6 but expected b0ee757c5b365fa3a5adc04ab1a7b31930e725ad","documentation_url":"https://docs.github.com/rest/repos/contents#create-or-update-file
2026-09-17 14:42:53,538 - DEBUG - [global] log_uploader: STEP 1 (window log) -> FAILED
2026-09-17 14:42:53,538 - DEBUG - [global] log_uploader: STEP 2 SKIP (no PNGs)
