=== Log tail 2026-09-15T10:26:05.947211 | last 200 lines ===
2026-09-15 10:17:24,897 - DEBUG - [global] _api_put: PUT runs/20260915_101719_fail_global.log -> 201 (21949 bytes)
2026-09-15 10:17:24,900 - DEBUG - [global] log_uploader: STEP 3 (global log) -> https://github.com/StarateJI/L2Mauto/blob/bot-logs/runs/20260915_101719_fail_global.log
2026-09-15 10:17:24,900 - DEBUG - [global] log_uploader: END window=periodic
2026-09-15 10:17:24,900 - INFO - [global] LogUploader: upload_run_logs завершён
2026-09-15 10:17:47,087 - INFO - [global] Проверяю обновы...
2026-09-15 10:17:47,956 - DEBUG - [global] needs_update: raw → 5.4.1
2026-09-15 10:17:48,825 - DEBUG - [global] needs_update: API failed: HTTPError: 403 Client Error: rate limit exceeded for url: https://api.github.com/repos/StarateJI/L2Mauto/contents/bot/version.txt?ref=main
2026-09-15 10:17:49,701 - DEBUG - [global] needs_update: jsdelivr → 5.2.2
2026-09-15 10:17:49,701 - DEBUG - [global] needs_update: лучший источник raw → 5.4.1 (из 2)
2026-09-15 10:17:49,703 - INFO - [global] needs_update: local=(5, 4, 1) remote=(5, 4, 1) -> has_update=False
2026-09-15 10:17:49,704 - INFO - [global] Установлена последняя версия бота | 5.4.1
2026-09-15 10:18:19,727 - INFO - [global] Проверяю обновы...
2026-09-15 10:18:20,781 - DEBUG - [global] needs_update: raw → 5.4.1
2026-09-15 10:18:21,644 - DEBUG - [global] needs_update: API failed: HTTPError: 403 Client Error: rate limit exceeded for url: https://api.github.com/repos/StarateJI/L2Mauto/contents/bot/version.txt?ref=main
2026-09-15 10:18:22,536 - DEBUG - [global] needs_update: jsdelivr → 5.2.2
2026-09-15 10:18:22,536 - DEBUG - [global] needs_update: лучший источник raw → 5.4.1 (из 2)
2026-09-15 10:18:22,539 - INFO - [global] needs_update: local=(5, 4, 1) remote=(5, 4, 1) -> has_update=False
2026-09-15 10:18:22,541 - INFO - [global] Установлена последняя версия бота | 5.4.1
2026-09-15 10:18:24,951 - INFO - [global] LogUploader: запускаю upload_run_logs...
2026-09-15 10:18:24,953 - DEBUG - [global] log_uploader: START window=periodic made=-1 token=...Rjnfq
2026-09-15 10:18:26,006 - DEBUG - [global] _api_put: GET runs/20260915_101824_fail_periodic.log -> 404
2026-09-15 10:18:27,521 - DEBUG - [global] _api_put: PUT runs/20260915_101824_fail_periodic.log -> 201 (8836 bytes)
2026-09-15 10:18:27,524 - DEBUG - [global] log_uploader: STEP 1 (window log) -> https://github.com/StarateJI/L2Mauto/blob/bot-logs/runs/20260915_101824_fail_periodic.log
2026-09-15 10:18:27,525 - DEBUG - [global] log_uploader: STEP 2 SKIP (no PNGs)
2026-09-15 10:18:28,619 - DEBUG - [global] _api_put: GET runs/20260915_101824_fail_global.log -> 404
2026-09-15 10:18:30,420 - DEBUG - [global] _api_put: PUT runs/20260915_101824_fail_global.log -> 201 (21949 bytes)
2026-09-15 10:18:30,422 - DEBUG - [global] log_uploader: STEP 3 (global log) -> https://github.com/StarateJI/L2Mauto/blob/bot-logs/runs/20260915_101824_fail_global.log
2026-09-15 10:18:30,422 - DEBUG - [global] log_uploader: END window=periodic
2026-09-15 10:18:30,422 - INFO - [global] LogUploader: upload_run_logs завершён
2026-09-15 10:18:52,562 - INFO - [global] Проверяю обновы...
2026-09-15 10:18:53,415 - DEBUG - [global] needs_update: raw → 5.4.1
2026-09-15 10:18:54,254 - DEBUG - [global] needs_update: API failed: HTTPError: 403 Client Error: rate limit exceeded for url: https://api.github.com/repos/StarateJI/L2Mauto/contents/bot/version.txt?ref=main
2026-09-15 10:18:55,120 - DEBUG - [global] needs_update: jsdelivr → 5.2.2
2026-09-15 10:18:55,121 - DEBUG - [global] needs_update: лучший источник raw → 5.4.1 (из 2)
2026-09-15 10:18:55,123 - INFO - [global] needs_update: local=(5, 4, 1) remote=(5, 4, 1) -> has_update=False
2026-09-15 10:18:55,125 - INFO - [global] Установлена последняя версия бота | 5.4.1
2026-09-15 10:19:25,141 - INFO - [global] Проверяю обновы...
2026-09-15 10:19:25,969 - DEBUG - [global] needs_update: raw → 5.4.1
2026-09-15 10:19:26,788 - DEBUG - [global] needs_update: API failed: HTTPError: 403 Client Error: rate limit exceeded for url: https://api.github.com/repos/StarateJI/L2Mauto/contents/bot/version.txt?ref=main
2026-09-15 10:19:27,604 - DEBUG - [global] needs_update: jsdelivr → 5.2.2
2026-09-15 10:19:27,604 - DEBUG - [global] needs_update: лучший источник raw → 5.4.1 (из 2)
2026-09-15 10:19:27,607 - INFO - [global] needs_update: local=(5, 4, 1) remote=(5, 4, 1) -> has_update=False
2026-09-15 10:19:27,607 - INFO - [global] Установлена последняя версия бота | 5.4.1
2026-09-15 10:19:30,475 - INFO - [global] LogUploader: запускаю upload_run_logs...
2026-09-15 10:19:30,476 - DEBUG - [global] log_uploader: START window=periodic made=-1 token=...Rjnfq
2026-09-15 10:19:31,584 - DEBUG - [global] _api_put: GET runs/20260915_101930_fail_periodic.log -> 404
2026-09-15 10:19:33,122 - DEBUG - [global] _api_put: PUT runs/20260915_101930_fail_periodic.log -> 201 (8836 bytes)
2026-09-15 10:19:33,124 - DEBUG - [global] log_uploader: STEP 1 (window log) -> https://github.com/StarateJI/L2Mauto/blob/bot-logs/runs/20260915_101930_fail_periodic.log
2026-09-15 10:19:33,126 - DEBUG - [global] log_uploader: STEP 2 SKIP (no PNGs)
2026-09-15 10:19:34,164 - DEBUG - [global] _api_put: GET runs/20260915_101930_fail_global.log -> 404
2026-09-15 10:19:35,856 - DEBUG - [global] _api_put: PUT runs/20260915_101930_fail_global.log -> 201 (21949 bytes)
2026-09-15 10:19:35,860 - DEBUG - [global] log_uploader: STEP 3 (global log) -> https://github.com/StarateJI/L2Mauto/blob/bot-logs/runs/20260915_101930_fail_global.log
2026-09-15 10:19:35,860 - DEBUG - [global] log_uploader: END window=periodic
2026-09-15 10:19:35,860 - INFO - [global] LogUploader: upload_run_logs завершён
2026-09-15 10:19:57,627 - INFO - [global] Проверяю обновы...
2026-09-15 10:19:58,497 - DEBUG - [global] needs_update: raw → 5.4.1
2026-09-15 10:19:59,325 - DEBUG - [global] needs_update: API failed: HTTPError: 403 Client Error: rate limit exceeded for url: https://api.github.com/repos/StarateJI/L2Mauto/contents/bot/version.txt?ref=main
2026-09-15 10:20:00,148 - DEBUG - [global] needs_update: jsdelivr → 5.2.2
2026-09-15 10:20:00,148 - DEBUG - [global] needs_update: лучший источник raw → 5.4.1 (из 2)
2026-09-15 10:20:00,151 - INFO - [global] needs_update: local=(5, 4, 1) remote=(5, 4, 1) -> has_update=False
2026-09-15 10:20:00,152 - INFO - [global] Установлена последняя версия бота | 5.4.1
2026-09-15 10:20:30,168 - INFO - [global] Проверяю обновы...
2026-09-15 10:20:31,000 - DEBUG - [global] needs_update: raw → 5.4.1
2026-09-15 10:20:31,897 - DEBUG - [global] needs_update: API failed: HTTPError: 403 Client Error: rate limit exceeded for url: https://api.github.com/repos/StarateJI/L2Mauto/contents/bot/version.txt?ref=main
2026-09-15 10:20:32,716 - DEBUG - [global] needs_update: jsdelivr → 5.2.2
2026-09-15 10:20:32,716 - DEBUG - [global] needs_update: лучший источник raw → 5.4.1 (из 2)
2026-09-15 10:20:32,720 - INFO - [global] needs_update: local=(5, 4, 1) remote=(5, 4, 1) -> has_update=False
2026-09-15 10:20:32,721 - INFO - [global] Установлена последняя версия бота | 5.4.1
2026-09-15 10:20:35,900 - INFO - [global] LogUploader: запускаю upload_run_logs...
2026-09-15 10:20:35,902 - DEBUG - [global] log_uploader: START window=periodic made=-1 token=...Rjnfq
2026-09-15 10:20:36,965 - DEBUG - [global] _api_put: GET runs/20260915_102035_fail_periodic.log -> 404
2026-09-15 10:20:38,731 - DEBUG - [global] _api_put: PUT runs/20260915_102035_fail_periodic.log -> 201 (8836 bytes)
2026-09-15 10:20:38,733 - DEBUG - [global] log_uploader: STEP 1 (window log) -> https://github.com/StarateJI/L2Mauto/blob/bot-logs/runs/20260915_102035_fail_periodic.log
2026-09-15 10:20:38,734 - DEBUG - [global] log_uploader: STEP 2 SKIP (no PNGs)
2026-09-15 10:20:39,809 - DEBUG - [global] _api_put: GET runs/20260915_102035_fail_global.log -> 404
2026-09-15 10:20:41,709 - DEBUG - [global] _api_put: PUT runs/20260915_102035_fail_global.log -> 201 (21949 bytes)
2026-09-15 10:20:41,712 - DEBUG - [global] log_uploader: STEP 3 (global log) -> https://github.com/StarateJI/L2Mauto/blob/bot-logs/runs/20260915_102035_fail_global.log
2026-09-15 10:20:41,712 - DEBUG - [global] log_uploader: END window=periodic
2026-09-15 10:20:41,712 - INFO - [global] LogUploader: upload_run_logs завершён
2026-09-15 10:21:02,740 - INFO - [global] Проверяю обновы...
2026-09-15 10:21:03,594 - DEBUG - [global] needs_update: raw → 5.4.1
2026-09-15 10:21:04,451 - DEBUG - [global] needs_update: API failed: HTTPError: 403 Client Error: rate limit exceeded for url: https://api.github.com/repos/StarateJI/L2Mauto/contents/bot/version.txt?ref=main
2026-09-15 10:21:05,312 - DEBUG - [global] needs_update: jsdelivr → 5.2.2
2026-09-15 10:21:05,312 - DEBUG - [global] needs_update: лучший источник raw → 5.4.1 (из 2)
2026-09-15 10:21:05,315 - INFO - [global] needs_update: local=(5, 4, 1) remote=(5, 4, 1) -> has_update=False
2026-09-15 10:21:05,316 - INFO - [global] Установлена последняя версия бота | 5.4.1
2026-09-15 10:21:35,345 - INFO - [global] Проверяю обновы...
2026-09-15 10:21:36,171 - DEBUG - [global] needs_update: raw → 5.4.1
2026-09-15 10:21:37,086 - DEBUG - [global] needs_update: API failed: HTTPError: 403 Client Error: rate limit exceeded for url: https://api.github.com/repos/StarateJI/L2Mauto/contents/bot/version.txt?ref=main
2026-09-15 10:21:37,917 - DEBUG - [global] needs_update: jsdelivr → 5.2.2
2026-09-15 10:21:37,917 - DEBUG - [global] needs_update: лучший источник raw → 5.4.1 (из 2)
2026-09-15 10:21:37,921 - INFO - [global] needs_update: local=(5, 4, 1) remote=(5, 4, 1) -> has_update=False
2026-09-15 10:21:37,922 - INFO - [global] Установлена последняя версия бота | 5.4.1
2026-09-15 10:21:41,744 - INFO - [global] LogUploader: запускаю upload_run_logs...
2026-09-15 10:21:41,745 - DEBUG - [global] log_uploader: START window=periodic made=-1 token=...Rjnfq
2026-09-15 10:21:42,783 - DEBUG - [global] _api_put: GET runs/20260915_102141_fail_periodic.log -> 404
2026-09-15 10:21:44,278 - DEBUG - [global] _api_put: PUT runs/20260915_102141_fail_periodic.log -> 201 (8836 bytes)
2026-09-15 10:21:44,282 - DEBUG - [global] log_uploader: STEP 1 (window log) -> https://github.com/StarateJI/L2Mauto/blob/bot-logs/runs/20260915_102141_fail_periodic.log
2026-09-15 10:21:44,282 - DEBUG - [global] log_uploader: STEP 2 SKIP (no PNGs)
2026-09-15 10:21:45,338 - DEBUG - [global] _api_put: GET runs/20260915_102141_fail_global.log -> 404
2026-09-15 10:21:46,510 - DEBUG - [global] _api_put: PUT runs/20260915_102141_fail_global.log -> 422 (21949 bytes)
2026-09-15 10:21:46,511 - WARNING - [global] _api_put: PUT failed body: {"message":"Invalid request.\n\n\"sha\" wasn't supplied.","documentation_url":"https://docs.github.com/rest/repos/contents#create-or-update-file-contents","status":"422"}
2026-09-15 10:21:46,513 - DEBUG - [global] log_uploader: STEP 3 (global log) -> FAILED
2026-09-15 10:21:46,513 - DEBUG - [global] log_uploader: END window=periodic
2026-09-15 10:21:46,513 - INFO - [global] LogUploader: upload_run_logs завершён
2026-09-15 10:22:07,941 - INFO - [global] Проверяю обновы...
2026-09-15 10:22:08,784 - DEBUG - [global] needs_update: raw → 5.4.1
2026-09-15 10:22:09,636 - DEBUG - [global] needs_update: API failed: HTTPError: 403 Client Error: rate limit exceeded for url: https://api.github.com/repos/StarateJI/L2Mauto/contents/bot/version.txt?ref=main
2026-09-15 10:22:10,497 - DEBUG - [global] needs_update: jsdelivr → 5.2.2
2026-09-15 10:22:10,497 - DEBUG - [global] needs_update: лучший источник raw → 5.4.1 (из 2)
2026-09-15 10:22:10,500 - INFO - [global] needs_update: local=(5, 4, 1) remote=(5, 4, 1) -> has_update=False
2026-09-15 10:22:10,500 - INFO - [global] Установлена последняя версия бота | 5.4.1
2026-09-15 10:22:40,523 - INFO - [global] Проверяю обновы...
2026-09-15 10:22:41,351 - DEBUG - [global] needs_update: raw → 5.4.1
2026-09-15 10:22:42,159 - DEBUG - [global] needs_update: API failed: HTTPError: 403 Client Error: rate limit exceeded for url: https://api.github.com/repos/StarateJI/L2Mauto/contents/bot/version.txt?ref=main
2026-09-15 10:22:42,984 - DEBUG - [global] needs_update: jsdelivr → 5.2.2
2026-09-15 10:22:42,984 - DEBUG - [global] needs_update: лучший источник raw → 5.4.1 (из 2)
2026-09-15 10:22:42,987 - INFO - [global] needs_update: local=(5, 4, 1) remote=(5, 4, 1) -> has_update=False
2026-09-15 10:22:42,988 - INFO - [global] Установлена последняя версия бота | 5.4.1
2026-09-15 10:22:46,555 - INFO - [global] LogUploader: запускаю upload_run_logs...
2026-09-15 10:22:46,557 - DEBUG - [global] log_uploader: START window=periodic made=-1 token=...Rjnfq
2026-09-15 10:22:47,587 - DEBUG - [global] _api_put: GET runs/20260915_102246_fail_periodic.log -> 404
2026-09-15 10:22:49,193 - DEBUG - [global] _api_put: PUT runs/20260915_102246_fail_periodic.log -> 201 (8836 bytes)
2026-09-15 10:22:49,196 - DEBUG - [global] log_uploader: STEP 1 (window log) -> https://github.com/StarateJI/L2Mauto/blob/bot-logs/runs/20260915_102246_fail_periodic.log
2026-09-15 10:22:49,197 - DEBUG - [global] log_uploader: STEP 2 SKIP (no PNGs)
2026-09-15 10:22:50,255 - DEBUG - [global] _api_put: GET runs/20260915_102246_fail_global.log -> 404
2026-09-15 10:22:51,977 - DEBUG - [global] _api_put: PUT runs/20260915_102246_fail_global.log -> 201 (22010 bytes)
2026-09-15 10:22:51,979 - DEBUG - [global] log_uploader: STEP 3 (global log) -> https://github.com/StarateJI/L2Mauto/blob/bot-logs/runs/20260915_102246_fail_global.log
2026-09-15 10:22:51,980 - DEBUG - [global] log_uploader: END window=periodic
2026-09-15 10:22:51,980 - INFO - [global] LogUploader: upload_run_logs завершён
2026-09-15 10:23:13,022 - INFO - [global] Проверяю обновы...
2026-09-15 10:23:13,850 - DEBUG - [global] needs_update: raw → 5.4.1
2026-09-15 10:23:14,669 - DEBUG - [global] needs_update: API failed: HTTPError: 403 Client Error: rate limit exceeded for url: https://api.github.com/repos/StarateJI/L2Mauto/contents/bot/version.txt?ref=main
2026-09-15 10:23:15,528 - DEBUG - [global] needs_update: jsdelivr → 5.2.2
2026-09-15 10:23:15,528 - DEBUG - [global] needs_update: лучший источник raw → 5.4.1 (из 2)
2026-09-15 10:23:15,530 - INFO - [global] needs_update: local=(5, 4, 1) remote=(5, 4, 1) -> has_update=False
2026-09-15 10:23:15,531 - INFO - [global] Установлена последняя версия бота | 5.4.1
2026-09-15 10:23:45,549 - INFO - [global] Проверяю обновы...
2026-09-15 10:23:46,425 - DEBUG - [global] needs_update: raw → 5.4.1
2026-09-15 10:23:47,287 - DEBUG - [global] needs_update: API failed: HTTPError: 403 Client Error: rate limit exceeded for url: https://api.github.com/repos/StarateJI/L2Mauto/contents/bot/version.txt?ref=main
2026-09-15 10:23:48,050 - DEBUG - [global] needs_update: jsdelivr → 5.1.7
2026-09-15 10:23:48,050 - DEBUG - [global] needs_update: лучший источник raw → 5.4.1 (из 2)
2026-09-15 10:23:48,053 - INFO - [global] needs_update: local=(5, 4, 1) remote=(5, 4, 1) -> has_update=False
2026-09-15 10:23:48,054 - INFO - [global] Установлена последняя версия бота | 5.4.1
2026-09-15 10:23:52,020 - INFO - [global] LogUploader: запускаю upload_run_logs...
2026-09-15 10:23:52,021 - DEBUG - [global] log_uploader: START window=periodic made=-1 token=...Rjnfq
2026-09-15 10:23:53,101 - DEBUG - [global] _api_put: GET runs/20260915_102352_fail_periodic.log -> 404
2026-09-15 10:23:55,200 - DEBUG - [global] _api_put: PUT runs/20260915_102352_fail_periodic.log -> 201 (8836 bytes)
2026-09-15 10:23:55,202 - DEBUG - [global] log_uploader: STEP 1 (window log) -> https://github.com/StarateJI/L2Mauto/blob/bot-logs/runs/20260915_102352_fail_periodic.log
2026-09-15 10:23:55,203 - DEBUG - [global] log_uploader: STEP 2 SKIP (no PNGs)
2026-09-15 10:23:56,281 - DEBUG - [global] _api_put: GET runs/20260915_102352_fail_global.log -> 404
2026-09-15 10:23:57,893 - DEBUG - [global] _api_put: PUT runs/20260915_102352_fail_global.log -> 201 (22010 bytes)
2026-09-15 10:23:57,896 - DEBUG - [global] log_uploader: STEP 3 (global log) -> https://github.com/StarateJI/L2Mauto/blob/bot-logs/runs/20260915_102352_fail_global.log
2026-09-15 10:23:57,896 - DEBUG - [global] log_uploader: END window=periodic
2026-09-15 10:23:57,896 - INFO - [global] LogUploader: upload_run_logs завершён
2026-09-15 10:24:18,077 - INFO - [global] Проверяю обновы...
2026-09-15 10:24:18,953 - DEBUG - [global] needs_update: raw → 5.4.1
2026-09-15 10:24:19,784 - DEBUG - [global] needs_update: API failed: HTTPError: 403 Client Error: rate limit exceeded for url: https://api.github.com/repos/StarateJI/L2Mauto/contents/bot/version.txt?ref=main
2026-09-15 10:24:20,650 - DEBUG - [global] needs_update: jsdelivr → 5.1.7
2026-09-15 10:24:20,650 - DEBUG - [global] needs_update: лучший источник raw → 5.4.1 (из 2)
2026-09-15 10:24:20,652 - INFO - [global] needs_update: local=(5, 4, 1) remote=(5, 4, 1) -> has_update=False
2026-09-15 10:24:20,654 - INFO - [global] Установлена последняя версия бота | 5.4.1
2026-09-15 10:24:50,674 - INFO - [global] Проверяю обновы...
2026-09-15 10:24:51,518 - DEBUG - [global] needs_update: raw → 5.4.1
2026-09-15 10:24:52,369 - DEBUG - [global] needs_update: API failed: HTTPError: 403 Client Error: rate limit exceeded for url: https://api.github.com/repos/StarateJI/L2Mauto/contents/bot/version.txt?ref=main
2026-09-15 10:24:53,146 - DEBUG - [global] needs_update: jsdelivr → 5.1.7
2026-09-15 10:24:53,147 - DEBUG - [global] needs_update: лучший источник raw → 5.4.1 (из 2)
2026-09-15 10:24:53,149 - INFO - [global] needs_update: local=(5, 4, 1) remote=(5, 4, 1) -> has_update=False
2026-09-15 10:24:53,150 - INFO - [global] Установлена последняя версия бота | 5.4.1
2026-09-15 10:24:57,931 - INFO - [global] LogUploader: запускаю upload_run_logs...
2026-09-15 10:24:57,932 - DEBUG - [global] log_uploader: START window=periodic made=-1 token=...Rjnfq
2026-09-15 10:24:59,042 - DEBUG - [global] _api_put: GET runs/20260915_102457_fail_periodic.log -> 404
2026-09-15 10:25:00,566 - DEBUG - [global] _api_put: PUT runs/20260915_102457_fail_periodic.log -> 201 (8836 bytes)
2026-09-15 10:25:00,569 - DEBUG - [global] log_uploader: STEP 1 (window log) -> https://github.com/StarateJI/L2Mauto/blob/bot-logs/runs/20260915_102457_fail_periodic.log
2026-09-15 10:25:00,569 - DEBUG - [global] log_uploader: STEP 2 SKIP (no PNGs)
2026-09-15 10:25:01,626 - DEBUG - [global] _api_put: GET runs/20260915_102457_fail_global.log -> 404
2026-09-15 10:25:03,302 - DEBUG - [global] _api_put: PUT runs/20260915_102457_fail_global.log -> 201 (22010 bytes)
2026-09-15 10:25:03,304 - DEBUG - [global] log_uploader: STEP 3 (global log) -> https://github.com/StarateJI/L2Mauto/blob/bot-logs/runs/20260915_102457_fail_global.log
2026-09-15 10:25:03,304 - DEBUG - [global] log_uploader: END window=periodic
2026-09-15 10:25:03,305 - INFO - [global] LogUploader: upload_run_logs завершён
2026-09-15 10:25:23,166 - INFO - [global] Проверяю обновы...
2026-09-15 10:25:24,000 - DEBUG - [global] needs_update: raw → 5.4.1
2026-09-15 10:25:24,811 - DEBUG - [global] needs_update: API failed: HTTPError: 403 Client Error: rate limit exceeded for url: https://api.github.com/repos/StarateJI/L2Mauto/contents/bot/version.txt?ref=main
2026-09-15 10:25:25,592 - DEBUG - [global] needs_update: jsdelivr → 5.1.7
2026-09-15 10:25:25,592 - DEBUG - [global] needs_update: лучший источник raw → 5.4.1 (из 2)
2026-09-15 10:25:25,596 - INFO - [global] needs_update: local=(5, 4, 1) remote=(5, 4, 1) -> has_update=False
2026-09-15 10:25:25,596 - INFO - [global] Установлена последняя версия бота | 5.4.1
2026-09-15 10:25:55,613 - INFO - [global] Проверяю обновы...
2026-09-15 10:25:56,451 - DEBUG - [global] needs_update: raw → 5.4.1
2026-09-15 10:25:57,289 - DEBUG - [global] needs_update: API failed: HTTPError: 403 Client Error: rate limit exceeded for url: https://api.github.com/repos/StarateJI/L2Mauto/contents/bot/version.txt?ref=main
2026-09-15 10:25:58,052 - DEBUG - [global] needs_update: jsdelivr → 5.1.7
2026-09-15 10:25:58,052 - DEBUG - [global] needs_update: лучший источник raw → 5.4.1 (из 2)
2026-09-15 10:25:58,055 - INFO - [global] needs_update: local=(5, 4, 1) remote=(5, 4, 1) -> has_update=False
2026-09-15 10:25:58,056 - INFO - [global] Установлена последняя версия бота | 5.4.1
2026-09-15 10:26:03,337 - INFO - [global] LogUploader: запускаю upload_run_logs...
2026-09-15 10:26:03,339 - DEBUG - [global] log_uploader: START window=periodic made=-1 token=...Rjnfq
2026-09-15 10:26:04,364 - DEBUG - [global] _api_put: GET runs/20260915_102603_fail_periodic.log -> 404
2026-09-15 10:26:05,914 - DEBUG - [global] _api_put: PUT runs/20260915_102603_fail_periodic.log -> 201 (8836 bytes)
2026-09-15 10:26:05,916 - DEBUG - [global] log_uploader: STEP 1 (window log) -> https://github.com/StarateJI/L2Mauto/blob/bot-logs/runs/20260915_102603_fail_periodic.log
2026-09-15 10:26:05,916 - DEBUG - [global] log_uploader: STEP 2 SKIP (no PNGs)
