=== Log tail 2026-09-25T14:21:33.192364 | last 500 lines ===
2026-09-22 08:48:04,371 - INFO - [Керриганн] Данги: сохранён blessed_after_Ур_75.png -> C:\Users\PC\Desktop\L2Mauto\profiles\Dungeon\blessed_after_Ур_75.png
2026-09-22 08:48:04,372 - INFO - [Керриганн] Данги: белый экран (mean=255) — данж запущен через Ур.75
2026-09-22 08:48:04,372 - INFO - [Керриганн] Данги: данж запущен, жду 8 сек на загрузку
2026-09-22 08:48:12,398 - INFO - [Керриганн] Данги: сохранён blessed_after_load.png -> C:\Users\PC\Desktop\L2Mauto\profiles\Dungeon\blessed_after_load.png
2026-09-22 08:48:14,218 - INFO - [Керриганн] Не находимся в энерго
2026-09-22 08:48:14,218 - INFO - [Керриганн] Данги: попытка усыпления 1/3
2026-09-22 08:48:20,337 - INFO - [Керриганн] Находимся в энергорежиме
2026-09-22 08:48:20,337 - INFO - [Керриганн] Данги: уснул с попытки 1
2026-09-22 08:48:20,337 - INFO - [Керриганн] Данги: Благословенная Земля запущена, окно в сне
2026-09-22 08:48:20,340 - INFO - [Керриганн] Данги: запущен фоновый upload скриншотов для Керриганн
2026-09-22 08:48:20,341 - INFO - [Керриганн] main_loop завершился
2026-09-22 09:17:52,301 - INFO - [Керриганн] Находимся в энергорежиме
2026-09-22 09:18:03,467 - INFO - [Керриганн] Ищем вкладки
2026-09-22 09:18:05,493 - INFO - [Керриганн] Перешел на вкладку: (381, 34)
2026-09-22 09:18:06,876 - INFO - [Керриганн] Собираю награду тут: (302, 101)
2026-09-22 09:18:13,257 - INFO - [Керриганн] Перешел на вкладку: (381, 59)
2026-09-22 09:18:14,610 - INFO - [Керриганн] Собираю награду тут: (302, 101)
2026-09-22 09:18:19,161 - INFO - [Керриганн] Всего собрано: 2
2026-09-22 09:18:19,161 - INFO - [Керриганн] Дейлик успешно собран
2026-09-22 09:18:20,968 - INFO - [Керриганн] Не находимся в энерго
2026-09-22 09:18:23,506 - INFO - [Керриганн] Нашел почту
2026-09-22 09:18:30,549 - INFO - [Керриганн] Почта собрана
2026-09-22 09:18:31,047 - INFO - [Керриганн] Почта успешно собран
2026-09-22 09:18:32,885 - INFO - [Керриганн] Не находимся в энерго
2026-09-22 09:18:37,902 - INFO - [Керриганн] Нет красной точки на иконке достижений
2026-09-22 09:18:37,902 - INFO - [Керриганн] Нет новых ачивы или не удалось собрать
2026-09-22 09:18:39,736 - INFO - [Керриганн] Не находимся в энерго
2026-09-22 09:18:40,944 - INFO - [Керриганн] Нашел сбор клана
2026-09-22 09:18:51,305 - INFO - [Керриганн] Клан успешно собран
2026-09-22 09:18:53,139 - INFO - [Керриганн] Не находимся в энерго
2026-09-22 09:18:56,144 - INFO - [Керриганн] Нашел сбор альянса, жму
2026-09-22 09:19:02,730 - INFO - [Керриганн] Альянс успешно собран
2026-09-22 09:19:04,587 - INFO - [Керриганн] Не находимся в энерго
2026-09-22 09:19:09,805 - INFO - [Керриганн] Батлпасса нет, собирать не будем
2026-09-22 09:19:09,805 - INFO - [Керриганн] Нет новых пасс или не удалось собрать
2026-09-22 09:19:11,639 - INFO - [Керриганн] Не находимся в энерго
2026-09-22 09:19:29,072 - INFO - [Керриганн] Чет пошло не так, skip!
2026-09-22 09:19:39,739 - INFO - [Керриганн] Шоп успешно собран
2026-09-22 09:19:41,570 - INFO - [Керриганн] Не находимся в энерго
2026-09-22 09:19:46,664 - INFO - [Керриганн] main_loop завершился
2026-09-22 12:12:31,419 - INFO - [Керриганн] Запуск Scheduler профиля
2026-09-22 12:12:31,436 - INFO - [Керриганн] Находимся в энергорежиме
2026-09-22 12:12:31,437 - INFO - [Керриганн] Был в энерго, вырубаю перед запуском Шедули
2026-09-22 12:12:47,170 - INFO - [Керриганн] Не находимся в энерго
2026-09-22 12:12:51,403 - INFO - [Керриганн] Не смог выйти из энерго — остановка
2026-09-22 12:12:51,413 - INFO - [Керриганн] main_loop завершился
2026-09-22 23:21:05,898 - INFO - [Керриганн] Запуск Scheduler профиля
2026-09-22 23:21:05,928 - INFO - [Керриганн] Находимся в энергорежиме
2026-09-22 23:21:05,928 - INFO - [Керриганн] Был в энерго, вырубаю перед запуском Шедули
2026-09-22 23:21:20,445 - INFO - [Керриганн] Не смог запустить schedule
2026-09-22 23:21:20,453 - INFO - [Керриганн] main_loop завершился
2026-09-22 23:27:20,867 - INFO - [Керриганн] Находимся в энергорежиме
2026-09-22 23:27:28,419 - INFO - [Керриганн] Не нашел красной точки, скипаю
2026-09-22 23:27:28,419 - INFO - [Керриганн] Нет новых дейлик или не удалось собрать
2026-09-22 23:27:30,233 - INFO - [Керриганн] Не находимся в энерго
2026-09-22 23:27:32,051 - INFO - [Керриганн] Нашел почту
2026-09-22 23:27:41,534 - INFO - [Керриганн] Лимит опыта, ливнул
2026-09-22 23:27:42,270 - INFO - [Керриганн] Нет новых почта или не удалось собрать
2026-09-22 23:27:44,101 - INFO - [Керриганн] Не находимся в энерго
2026-09-22 23:27:49,100 - INFO - [Керриганн] Нет красной точки на иконке достижений
2026-09-22 23:27:49,100 - INFO - [Керриганн] Нет новых ачивы или не удалось собрать
2026-09-22 23:27:50,934 - INFO - [Керриганн] Не находимся в энерго
2026-09-22 23:27:51,293 - INFO - [Керриганн] Нашел сбор клана
2026-09-22 23:27:54,319 - INFO - [Керриганн] Не нашел clan_1
2026-09-22 23:27:54,585 - INFO - [Керриганн] Нет новых клан или не удалось собрать
2026-09-22 23:27:56,418 - INFO - [Керриганн] Не находимся в энерго
2026-09-22 23:27:59,374 - INFO - [Керриганн] Нашел сбор альянса, жму
2026-09-22 23:28:03,919 - INFO - [Керриганн] Не нашел alliance_donate_2_button
2026-09-22 23:28:05,922 - INFO - [Керриганн] Нет новых альянс или не удалось собрать
2026-09-22 23:28:07,735 - INFO - [Керриганн] Не находимся в энерго
2026-09-22 23:28:12,887 - INFO - [Керриганн] Батлпасса нет, собирать не будем
2026-09-22 23:28:12,887 - INFO - [Керриганн] Нет новых пасс или не удалось собрать
2026-09-22 23:28:14,718 - INFO - [Керриганн] Не находимся в энерго
2026-09-22 23:28:20,339 - INFO - [Керриганн] Вылезла обычная реклама, закрыл гадость
2026-09-22 23:28:27,794 - INFO - [Керриганн] Чет пошло не так, skip!
2026-09-22 23:28:33,817 - INFO - [Керриганн] Чет пошло не так, skip!
2026-09-22 23:28:35,000 - INFO - [Керриганн] Шоп успешно собран
2026-09-22 23:28:36,818 - INFO - [Керриганн] Не находимся в энерго
2026-09-22 23:28:41,938 - INFO - [Керриганн] main_loop завершился
2026-09-23 11:58:32,974 - INFO - [Керриганн] Данги: окно wx=400 wy=570 400x225
2026-09-23 11:58:32,994 - INFO - [Керриганн] Находимся в энергорежиме
2026-09-23 11:58:39,727 - INFO - [Керриганн] Не находимся в энерго
2026-09-23 11:58:39,727 - INFO - [Керриганн] _wake_up: вышли из сна с попытки 1
2026-09-23 11:58:43,253 - INFO - [Керриганн] Данги: меню подземелий открыто
2026-09-23 11:58:43,270 - INFO - [Керриганн] Данги: сохранён blessed_menu_opened.png -> C:\Users\PC\Desktop\L2Mauto\profiles\Dungeon\blessed_menu_opened.png
2026-09-23 11:58:43,270 - WARNING - [Керриганн] Данги: blessed_zemlya.png не найден, fallback на text.png
2026-09-23 11:58:43,270 - WARNING - [Керриганн] Данги: файл шаблона не найден: C:\Users\PC\Desktop\L2Mauto\profiles\Dungeon\blessed_land_text.png
2026-09-23 11:58:43,282 - INFO - [Керриганн] Данги: сохранён blessed_scroll_00.png -> C:\Users\PC\Desktop\L2Mauto\profiles\Dungeon\blessed_scroll_00.png
2026-09-23 11:58:44,010 - DEBUG - [Керриганн] Данги OCR: 'a | er | . | was: | ра | г. | . | be | asentesglbpied | т | = | м | soe | . | , | .: | me | re | me '
2026-09-23 11:58:44,010 - DEBUG - [Керриганн] Данги: попытка 1/15 — TM=0.000 OCR=нет
2026-09-23 11:58:45,838 - DEBUG - [Керриганн] Данги OCR: 'ое, | . | iicnettn | ated | pe | ake | остров | ненстовства | to | x? | a | clpccom | yume | ace | c'
2026-09-23 11:58:45,838 - DEBUG - [Керриганн] Данги: попытка 2/15 — TM=0.000 OCR=нет
2026-09-23 11:58:48,091 - DEBUG - [Керриганн] Данги OCR: 'x | 4 | se | ft | ciccone | e000 | we | re | om | ми. | а | ко | lpecemqyaanes | 1000 | 1000-06 | 0 '
2026-09-23 11:58:48,092 - DEBUG - [Керриганн] Данги: попытка 3/15 — TM=0.000 OCR=нет
2026-09-23 11:58:49,598 - INFO - [Керриганн] Данги: сохранён blessed_scroll_03.png -> C:\Users\PC\Desktop\L2Mauto\profiles\Dungeon\blessed_scroll_03.png
2026-09-23 11:58:50,386 - DEBUG - [Керриганн] Данги OCR: 'пи | ая | et | ar | are | os: | 8 | хром | рассвета | и | пленения | де | ale | ke | у | ото | или |'
2026-09-23 11:58:50,386 - DEBUG - [Керриганн] Данги: попытка 4/15 — TM=0.000 OCR=нет
2026-09-23 11:58:53,751 - DEBUG - [Керриганн] Данги OCR: 'i | ee | a | a | pan | paccsera | ee | a | lean | ea | mere | ale | hho | le | tk] | + | последмяя |'
2026-09-23 11:58:53,752 - DEBUG - [Керриганн] Данги: попытка 5/15 — TM=0.000 OCR=нет
2026-09-23 11:58:55,290 - DEBUG - [Керриганн] Данги OCR: 'tk] | a | последмяя | opyartban | at | ры | spews | wecryne | or | a | posteo | sen | < | блогослове'
2026-09-23 11:58:55,939 - DEBUG - [Керриганн] Данги: попытка 6/15 — TM=0.000 OCR=да
2026-09-23 11:58:55,939 - INFO - [Керриганн] Данги: найден через OCR (33,121)
2026-09-23 11:58:55,941 - INFO - [Керриганн] Данги: сохранён blessed_found_ocr.png -> C:\Users\PC\Desktop\L2Mauto\profiles\Dungeon\blessed_found_ocr.png
2026-09-23 11:58:55,941 - INFO - [Керриганн] Данги: клик по строке (33,121)
2026-09-23 11:58:58,019 - INFO - [Керриганн] Данги: кликнул, проверяю время доступа
2026-09-23 11:58:58,036 - INFO - [Керриганн] Данги: сохранён blessed_after_dungeon_click.png -> C:\Users\PC\Desktop\L2Mauto\profiles\Dungeon\blessed_after_dungeon_click.png
2026-09-23 11:58:58,045 - INFO - [Керриганн] Данги: сохранён blessed_time_check.png -> C:\Users\PC\Desktop\L2Mauto\profiles\Dungeon\blessed_time_check.png
2026-09-23 11:58:58,045 - INFO - [Керриганн] Данги: время доступа есть (белый=0, красный=0) — иду в данж
2026-09-23 11:58:59,349 - INFO - [Керриганн] Данги: клик Вход (340,202)
2026-09-23 11:59:01,595 - INFO - [Керриганн] Данги: нажал Вход
2026-09-23 11:59:01,617 - INFO - [Керриганн] Данги: сохранён blessed_after_vhod.png -> C:\Users\PC\Desktop\L2Mauto\profiles\Dungeon\blessed_after_vhod.png
2026-09-23 11:59:01,633 - INFO - [Керриганн] Данги: сохранён blessed_level_window.png -> C:\Users\PC\Desktop\L2Mauto\profiles\Dungeon\blessed_level_window.png
2026-09-23 11:59:01,937 - INFO - [Керриганн] Данги: пробую Ур.75 — клик по стрелке (260,164) окно 400x225
2026-09-23 11:59:04,218 - INFO - [Керриганн] Данги: сохранён blessed_after_Ур_75.png -> C:\Users\PC\Desktop\L2Mauto\profiles\Dungeon\blessed_after_Ур_75.png
2026-09-23 11:59:04,219 - INFO - [Керриганн] Данги: белый экран (mean=255) — данж запущен через Ур.75
2026-09-23 11:59:04,219 - INFO - [Керриганн] Данги: данж запущен, жду 8 сек на загрузку
2026-09-23 11:59:12,237 - INFO - [Керриганн] Данги: сохранён blessed_after_load.png -> C:\Users\PC\Desktop\L2Mauto\profiles\Dungeon\blessed_after_load.png
2026-09-23 11:59:14,044 - INFO - [Керриганн] Не находимся в энерго
2026-09-23 11:59:14,044 - INFO - [Керриганн] Данги: попытка усыпления 1/3
2026-09-23 11:59:20,161 - INFO - [Керриганн] Находимся в энергорежиме
2026-09-23 11:59:20,161 - INFO - [Керриганн] Данги: уснул с попытки 1
2026-09-23 11:59:20,162 - INFO - [Керриганн] Данги: Благословенная Земля запущена, окно в сне
2026-09-23 11:59:20,162 - INFO - [Керриганн] Данги: запущен фоновый upload скриншотов для Керриганн
2026-09-23 11:59:20,162 - INFO - [Керриганн] main_loop завершился
2026-09-23 12:28:53,410 - INFO - [Керриганн] Находимся в энергорежиме
2026-09-23 12:29:04,589 - INFO - [Керриганн] Ищем вкладки
2026-09-23 12:29:06,617 - INFO - [Керриганн] Перешел на вкладку: (381, 34)
2026-09-23 12:29:07,948 - INFO - [Керриганн] Собираю награду тут: (302, 101)
2026-09-23 12:29:14,345 - INFO - [Керриганн] Перешел на вкладку: (381, 59)
2026-09-23 12:29:15,714 - INFO - [Керриганн] Собираю награду тут: (302, 101)
2026-09-23 12:29:21,979 - INFO - [Керриганн] Перешел на вкладку: (381, 109)
2026-09-23 12:29:23,349 - INFO - [Керриганн] Пропускаем кнопку с алмазом/донатом: (302, 101)
2026-09-23 12:29:23,627 - INFO - [Керриганн] Всего собрано: 3
2026-09-23 12:29:23,627 - INFO - [Керриганн] Дейлик успешно собран
2026-09-23 12:29:25,462 - INFO - [Керриганн] Не находимся в энерго
2026-09-23 12:29:27,985 - INFO - [Керриганн] Нашел почту
2026-09-23 12:29:33,574 - INFO - [Керриганн] Лимит опыта, ливнул
2026-09-23 12:29:34,369 - INFO - [Керриганн] Нет новых почта или не удалось собрать
2026-09-23 12:29:36,193 - INFO - [Керриганн] Не находимся в энерго
2026-09-23 12:29:41,195 - INFO - [Керриганн] Нет красной точки на иконке достижений
2026-09-23 12:29:41,195 - INFO - [Керриганн] Нет новых ачивы или не удалось собрать
2026-09-23 12:29:43,028 - INFO - [Керриганн] Не находимся в энерго
2026-09-23 12:29:43,319 - INFO - [Керриганн] Нашел сбор клана
2026-09-23 12:29:53,113 - INFO - [Керриганн] Клан успешно собран
2026-09-23 12:29:54,928 - INFO - [Керриганн] Не находимся в энерго
2026-09-23 12:29:57,900 - INFO - [Керриганн] Нашел сбор альянса, жму
2026-09-23 12:30:02,452 - INFO - [Керриганн] Альянс успешно собран
2026-09-23 12:30:04,294 - INFO - [Керриганн] Не находимся в энерго
2026-09-23 12:30:07,058 - INFO - [Керриганн] Нашел бп
2026-09-23 12:30:08,559 - INFO - [Керриганн] Пробую чекнуть вкладочки бп
2026-09-23 12:30:09,059 - INFO - [Керриганн] {'left': 400, 'top': 595, 'width': 400, 'height': 1}
2026-09-23 12:30:09,079 - INFO - [Керриганн] [155]
2026-09-23 12:30:09,079 - INFO - [Керриганн] final [['155, 25', 'no']]
2026-09-23 12:30:09,079 - INFO - [Керриганн] Обнаружил вкладок бп: 1, начинаю чекать...
2026-09-23 12:30:10,862 - INFO - [Керриганн] Подвкладок найдено: 0
2026-09-23 12:30:17,449 - INFO - [Керриганн] Закрываю баттл пасс
2026-09-23 12:30:19,689 - INFO - [Керриганн] Пасс успешно собран
2026-09-23 12:30:21,511 - INFO - [Керриганн] Не находимся в энерго
2026-09-23 12:30:26,553 - INFO - [Керриганн] Вылезла обычная реклама, закрыл гадость
2026-09-23 12:30:44,187 - INFO - [Керриганн] Шоп успешно собран
2026-09-23 12:30:46,012 - INFO - [Керриганн] Не находимся в энерго
2026-09-23 12:30:51,146 - INFO - [Керриганн] main_loop завершился
2026-09-23 15:24:25,829 - INFO - [Керриганн] Находимся в энергорежиме
2026-09-23 15:24:29,762 - INFO - [Керриганн] Аук: запущен relist (снять+найти+поставить)
2026-09-23 15:24:34,546 - INFO - [Керриганн] Не находимся в энерго
2026-09-23 15:24:40,494 - INFO - [Керриганн] Аук: загрузился
2026-09-23 15:24:40,502 - INFO - [Керриганн] Аук: сохранил позицию окна до resize: (400,570) 400x225
2026-09-23 15:24:40,528 - INFO - [Керриганн] Аук: выбрал позицию (960, 40) (занято: {(0, 40)})
2026-09-23 15:24:42,187 - INFO - [Керриганн] Аук: окно в рабочем размере (попытка 1) на (960,40)
2026-09-23 15:24:47,962 - INFO - [Керриганн] Аук: вкладка Продажа открыта
2026-09-23 15:24:48,181 - INFO - [Керриганн] Аук: сохранён фулл-скрин au_after_tab_sell.png (2560x1440)
2026-09-23 15:24:48,187 - INFO - [Керриганн] Аук: предмет 1/10
2026-09-23 15:24:48,197 - INFO - [Керриганн] Аук: сохранён au_lot_zone.png
2026-09-23 15:24:48,198 - INFO - [Керриганн] Аук: сохранён au_sample.png
2026-09-23 15:24:48,203 - INFO - [Керриганн] Аук: SIFT образец (лот): 42 точек
2026-09-23 15:24:48,574 - DEBUG - [Керриганн] Аук: статус лота Tesseract: 'parse se.o ep de'
2026-09-23 15:24:48,574 - DEBUG - [Керриганн] Аук: статус зелёных пикселей: 0 (0.00%)
2026-09-23 15:24:48,830 - INFO - [Керриганн] Аук: клик Отмена лота (1/2) (650, 179)
2026-09-23 15:24:50,345 - INFO - [Керриганн] Аук: окно подтверждения появилось
2026-09-23 15:24:53,610 - INFO - [Керриганн] Аук: клик ОК отмены (1/4) (546, 383)
2026-09-23 15:24:56,612 - INFO - [Керриганн] Аук: ОК сработал с попытки 1
2026-09-23 15:24:56,612 - INFO - [Керриганн] Аук: лот снят, предмет упал в конец инвентаря
2026-09-23 15:24:56,638 - INFO - [Керриганн] Аук: сохранён au_after_click.png
2026-09-23 15:24:56,639 - INFO - [Керриганн] Аук: ищу предмет (YOLOv8)...
2026-09-23 15:24:56,639 - INFO - [Керриганн] Аук: сканирую страницу 1/3
2026-09-23 15:24:56,653 - INFO - [Керриганн] Аук: сохранён au_page_1.png
2026-09-23 15:24:56,653 - DEBUG - [Керриганн] Аук: YOLOv8 не нашёл на стр 1
2026-09-23 15:24:59,795 - INFO - [Керриганн] Аук: свайп инвентаря down (21 точек, 428->150)
2026-09-23 15:25:02,796 - INFO - [Керриганн] Аук: сканирую страницу 2/3
2026-09-23 15:25:02,817 - INFO - [Керриганн] Аук: сохранён au_page_2.png
2026-09-23 15:25:02,817 - DEBUG - [Керриганн] Аук: YOLOv8 не нашёл на стр 2
2026-09-23 15:25:05,991 - INFO - [Керриганн] Аук: свайп инвентаря down (21 точек, 428->150)
2026-09-23 15:25:08,990 - INFO - [Керриганн] Аук: сканирую страницу 3/3
2026-09-23 15:25:09,007 - INFO - [Керриганн] Аук: сохранён au_page_3.png
2026-09-23 15:25:09,007 - DEBUG - [Керриганн] Аук: YOLOv8 не нашёл на стр 3
2026-09-23 15:25:12,155 - INFO - [Керриганн] Аук: свайп инвентаря up (21 точек, 150->428)
2026-09-23 15:25:18,322 - INFO - [Керриганн] Аук: свайп инвентаря up (21 точек, 150->428)
2026-09-23 15:25:24,504 - INFO - [Керриганн] Аук: свайп инвентаря up (21 точек, 150->428)
2026-09-23 15:25:28,505 - ERROR - [Керриганн] Аук: предмет не найден ни на одной из 3 страниц (ни иконки с красной точкой)
2026-09-23 15:25:28,510 - WARNING - [Керриганн] Аук: ошибка на предмете 1 — пропускаю, иду к следующему
2026-09-23 15:25:28,510 - INFO - [Керриганн] Аук: предмет 2/10
2026-09-23 15:25:28,530 - INFO - [Керриганн] Аук: сохранён au_lot_zone.png
2026-09-23 15:25:28,531 - INFO - [Керриганн] Аук: сохранён au_sample.png
2026-09-23 15:25:28,533 - INFO - [Керриганн] Аук: SIFT образец (лот): 0 точек
2026-09-23 15:25:28,859 - DEBUG - [Керриганн] Аук: статус лота Tesseract: '-'
2026-09-23 15:25:28,860 - DEBUG - [Керриганн] Аук: статус зелёных пикселей: 0 (0.00%)
2026-09-23 15:25:28,860 - DEBUG - [Керриганн] Аук: OCR вернул пусто/мусор ('-') — НЕ «Продаётся», работаю дальше (снимаю лот)
2026-09-23 15:25:28,860 - INFO - [Керриганн] Аук: образец лота пустой (нет иконки) — список лотов пуст. Завершаю прогон (не ошибка).
2026-09-23 15:25:28,860 - INFO - [Керриганн] Аук: лотов больше нет на странице (предмет 2)
2026-09-23 15:25:32,143 - INFO - [Керриганн] Аук: аук закрыт
2026-09-23 15:25:32,690 - INFO - [Керриганн] Аук: окно возвращено 400x225 на (400,570)
2026-09-23 15:25:34,511 - INFO - [Керриганн] Не находимся в энерго
2026-09-23 15:25:40,680 - INFO - [Керриганн] Находимся в энергорежиме
2026-09-23 15:25:40,680 - INFO - [Керриганн] Аук: окно уложено спать
2026-09-23 15:25:40,896 - INFO - [Керриганн] Аук: сохранён фулл-скрин au_final_fullscreen.png (2560x1440)
2026-09-23 15:25:40,905 - INFO - [Керриганн] Аук: нечего переставлять (все лоты в «Продаётся» или список пуст)
2026-09-23 15:25:40,906 - DEBUG - [Керриганн] Аук: log_uploader запущен в фоне
2026-09-23 15:25:40,906 - INFO - [Керриганн] Шось сломалось либо не смог перевыставить аук
2026-09-23 15:25:49,026 - INFO - [Керриганн] main_loop завершился
2026-09-23 15:25:51,950 - WARNING - [Керриганн] log_uploader: PNG au_lot_zone.png не загружен: [Errno 2] No such file or directory: 'C:\\Users\\PC\\Desktop\\L2Mauto\\bot\\methods\\game\\au_lot_zone.png'
2026-09-23 15:25:57,470 - WARNING - [Керриганн] log_uploader: PNG au_page_3.png не загружен: [Errno 2] No such file or directory: 'C:\\Users\\PC\\Desktop\\L2Mauto\\bot\\methods\\game\\au_page_3.png'
2026-09-23 15:25:57,470 - WARNING - [Керриганн] log_uploader: PNG au_sample.png не загружен: [Errno 2] No such file or directory: 'C:\\Users\\PC\\Desktop\\L2Mauto\\bot\\methods\\game\\au_sample.png'
2026-09-23 15:25:57,471 - WARNING - [Керриганн] log_uploader: PNG au_status.png не загружен: [Errno 2] No such file or directory: 'C:\\Users\\PC\\Desktop\\L2Mauto\\bot\\methods\\game\\au_status.png'
2026-09-23 20:44:24,561 - INFO - [Керриганн] Находимся в энергорежиме
2026-09-23 20:44:28,409 - INFO - [Керриганн] Аук: запущен relist (снять+найти+поставить)
2026-09-23 20:44:30,227 - INFO - [Керриганн] Не находимся в энерго
2026-09-23 20:44:36,159 - INFO - [Керриганн] Аук: загрузился
2026-09-23 20:44:36,162 - INFO - [Керриганн] Аук: сохранил позицию окна до resize: (400,570) 400x225
2026-09-23 20:44:36,180 - INFO - [Керриганн] Аук: выбрал позицию (960, 40) (занято: {(0, 40)})
2026-09-23 20:44:37,843 - INFO - [Керриганн] Аук: окно в рабочем размере (попытка 1) на (960,40)
2026-09-23 20:44:43,603 - INFO - [Керриганн] Аук: вкладка Продажа открыта
2026-09-23 20:44:43,838 - INFO - [Керриганн] Аук: сохранён фулл-скрин au_after_tab_sell.png (2560x1440)
2026-09-23 20:44:43,843 - INFO - [Керриганн] Аук: предмет 1/10
2026-09-23 20:44:43,860 - INFO - [Керриганн] Аук: сохранён au_lot_zone.png
2026-09-23 20:44:43,861 - INFO - [Керриганн] Аук: сохранён au_sample.png
2026-09-23 20:44:43,865 - INFO - [Керриганн] Аук: SIFT образец (лот): 27 точек
2026-09-23 20:44:44,204 - DEBUG - [Керриганн] Аук: статус лота Tesseract: '2 д. 21 ч. ]'
2026-09-23 20:44:44,204 - DEBUG - [Керриганн] Аук: статус зелёных пикселей: 0 (0.00%)
2026-09-23 20:44:44,457 - INFO - [Керриганн] Аук: клик Отмена лота (1/2) (650, 179)
2026-09-23 20:44:45,961 - INFO - [Керриганн] Аук: окно подтверждения появилось
2026-09-23 20:44:49,246 - INFO - [Керриганн] Аук: клик ОК отмены (1/4) (546, 383)
2026-09-23 20:44:52,276 - INFO - [Керриганн] Аук: ОК сработал с попытки 1
2026-09-23 20:44:52,276 - INFO - [Керриганн] Аук: лот снят, предмет упал в конец инвентаря
2026-09-23 20:44:52,301 - INFO - [Керриганн] Аук: сохранён au_after_click.png
2026-09-23 20:44:52,301 - INFO - [Керриганн] Аук: ищу предмет (YOLOv8)...
2026-09-23 20:44:52,301 - INFO - [Керриганн] Аук: сканирую страницу 1/3
2026-09-23 20:44:52,315 - INFO - [Керриганн] Аук: сохранён au_page_1.png
2026-09-23 20:44:52,473 - DEBUG - [Керриганн] Аук: YOLOv8 не нашёл на стр 1
2026-09-23 20:44:55,586 - INFO - [Керриганн] Аук: свайп инвентаря down (21 точек, 428->150)
2026-09-23 20:44:58,586 - INFO - [Керриганн] Аук: сканирую страницу 2/3
2026-09-23 20:44:58,601 - INFO - [Керриганн] Аук: сохранён au_page_2.png
2026-09-23 20:44:58,742 - DEBUG - [Керриганн] Аук: YOLOv8 не нашёл на стр 2
2026-09-23 20:45:01,880 - INFO - [Керриганн] Аук: свайп инвентаря down (21 точек, 428->150)
2026-09-23 20:45:04,880 - INFO - [Керриганн] Аук: сканирую страницу 3/3
2026-09-23 20:45:04,901 - INFO - [Керриганн] Аук: сохранён au_page_3.png
2026-09-23 20:45:05,044 - DEBUG - [Керриганн] Аук: YOLOv8 не нашёл на стр 3
2026-09-23 20:45:08,196 - INFO - [Керриганн] Аук: свайп инвентаря up (21 точек, 150->428)
2026-09-23 20:45:14,322 - INFO - [Керриганн] Аук: свайп инвентаря up (21 точек, 150->428)
2026-09-23 20:45:20,445 - INFO - [Керриганн] Аук: свайп инвентаря up (21 точек, 150->428)
2026-09-23 20:45:24,443 - ERROR - [Керриганн] Аук: предмет не найден ни на одной из 3 страниц (ни иконки с красной точкой)
2026-09-23 20:45:24,447 - WARNING - [Керриганн] Аук: ошибка на предмете 1 — пропускаю, иду к следующему
2026-09-23 20:45:24,447 - INFO - [Керриганн] Аук: предмет 2/10
2026-09-23 20:45:24,461 - INFO - [Керриганн] Аук: сохранён au_lot_zone.png
2026-09-23 20:45:24,462 - INFO - [Керриганн] Аук: сохранён au_sample.png
2026-09-23 20:45:24,463 - INFO - [Керриганн] Аук: SIFT образец (лот): 0 точек
2026-09-23 20:45:24,765 - DEBUG - [Керриганн] Аук: статус лота Tesseract: '-'
2026-09-23 20:45:24,766 - DEBUG - [Керриганн] Аук: статус зелёных пикселей: 0 (0.00%)
2026-09-23 20:45:24,766 - DEBUG - [Керриганн] Аук: OCR вернул пусто/мусор ('-') — НЕ «Продаётся», работаю дальше (снимаю лот)
2026-09-23 20:45:24,766 - INFO - [Керриганн] Аук: образец лота пустой (нет иконки) — список лотов пуст. Завершаю прогон (не ошибка).
2026-09-23 20:45:24,766 - INFO - [Керриганн] Аук: лотов больше нет на странице (предмет 2)
2026-09-23 20:45:28,020 - INFO - [Керриганн] Аук: аук закрыт
2026-09-23 20:45:28,585 - INFO - [Керриганн] Аук: окно возвращено 400x225 на (400,570)
2026-09-23 20:45:30,392 - INFO - [Керриганн] Не находимся в энерго
2026-09-23 20:45:36,578 - INFO - [Керриганн] Находимся в энергорежиме
2026-09-23 20:45:36,578 - INFO - [Керриганн] Аук: окно уложено спать
2026-09-23 20:45:36,805 - INFO - [Керриганн] Аук: сохранён фулл-скрин au_final_fullscreen.png (2560x1440)
2026-09-23 20:45:36,814 - INFO - [Керриганн] Аук: нечего переставлять (все лоты в «Продаётся» или список пуст)
2026-09-23 20:45:36,814 - DEBUG - [Керриганн] Аук: log_uploader запущен в фоне
2026-09-23 20:45:36,814 - INFO - [Керриганн] Шось сломалось либо не смог перевыставить аук
2026-09-23 20:45:43,896 - INFO - [Керриганн] main_loop завершился
2026-09-23 20:45:56,850 - WARNING - [Керриганн] log_uploader: PNG au_final_fullscreen.png не загружен: [Errno 2] No such file or directory: 'C:\\Users\\PC\\Desktop\\L2Mauto\\bot\\methods\\game\\au_final_fullscreen.png'
2026-09-23 20:45:56,850 - WARNING - [Керриганн] log_uploader: PNG au_lot_zone.png не загружен: [Errno 2] No such file or directory: 'C:\\Users\\PC\\Desktop\\L2Mauto\\bot\\methods\\game\\au_lot_zone.png'
2026-09-23 20:45:56,850 - WARNING - [Керриганн] log_uploader: PNG au_page_1.png не загружен: [Errno 2] No such file or directory: 'C:\\Users\\PC\\Desktop\\L2Mauto\\bot\\methods\\game\\au_page_1.png'
2026-09-23 20:45:56,850 - WARNING - [Керриганн] log_uploader: PNG au_page_2.png не загружен: [Errno 2] No such file or directory: 'C:\\Users\\PC\\Desktop\\L2Mauto\\bot\\methods\\game\\au_page_2.png'
2026-09-23 20:45:56,851 - WARNING - [Керриганн] log_uploader: PNG au_page_3.png не загружен: [Errno 2] No such file or directory: 'C:\\Users\\PC\\Desktop\\L2Mauto\\bot\\methods\\game\\au_page_3.png'
2026-09-23 20:45:56,851 - WARNING - [Керриганн] log_uploader: PNG au_sample.png не загружен: [Errno 2] No such file or directory: 'C:\\Users\\PC\\Desktop\\L2Mauto\\bot\\methods\\game\\au_sample.png'
2026-09-23 20:45:56,851 - WARNING - [Керриганн] log_uploader: PNG au_status.png не загружен: [Errno 2] No such file or directory: 'C:\\Users\\PC\\Desktop\\L2Mauto\\bot\\methods\\game\\au_status.png'
2026-09-24 10:32:04,961 - INFO - [Керриганн] Находимся в энергорежиме
2026-09-24 10:32:16,656 - INFO - [Керриганн] Ищем вкладки
2026-09-24 10:32:18,669 - INFO - [Керриганн] Перешел на вкладку: (381, 34)
2026-09-24 10:32:20,016 - INFO - [Керриганн] Собираю награду тут: (302, 101)
2026-09-24 10:32:26,285 - INFO - [Керриганн] Перешел на вкладку: (381, 59)
2026-09-24 10:32:27,648 - INFO - [Керриганн] Собираю награду тут: (302, 101)
2026-09-24 10:32:32,193 - INFO - [Керриганн] Всего собрано: 2
2026-09-24 10:32:32,193 - INFO - [Керриганн] Дейлик успешно собран
2026-09-24 10:32:34,028 - INFO - [Керриганн] Не находимся в энерго
2026-09-24 10:32:37,106 - INFO - [Керриганн] Нашел почту
2026-09-24 10:32:43,880 - INFO - [Керриганн] Почта собрана
2026-09-24 10:32:44,376 - INFO - [Керриганн] Почта успешно собран
2026-09-24 10:32:46,192 - INFO - [Керриганн] Не находимся в энерго
2026-09-24 10:32:51,194 - INFO - [Керриганн] Нет красной точки на иконке достижений
2026-09-24 10:32:51,195 - INFO - [Керриганн] Нет новых ачивы или не удалось собрать
2026-09-24 10:32:53,028 - INFO - [Керриганн] Не находимся в энерго
2026-09-24 10:32:54,541 - INFO - [Керриганн] Нашел сбор клана
2026-09-24 10:33:04,855 - INFO - [Керриганн] Клан успешно собран
2026-09-24 10:33:06,678 - INFO - [Керриганн] Не находимся в энерго
2026-09-24 10:33:10,236 - INFO - [Керриганн] Нашел сбор альянса, жму
2026-09-24 10:33:16,335 - INFO - [Керриганн] Альянс успешно собран
2026-09-24 10:33:18,144 - INFO - [Керриганн] Не находимся в энерго
2026-09-24 10:33:21,207 - INFO - [Керриганн] Нашел бп
2026-09-24 10:33:22,699 - INFO - [Керриганн] Пробую чекнуть вкладочки бп
2026-09-24 10:33:23,201 - INFO - [Керриганн] {'left': 400, 'top': 595, 'width': 400, 'height': 1}
2026-09-24 10:33:23,212 - INFO - [Керриганн] [155]
2026-09-24 10:33:23,212 - INFO - [Керриганн] final [['155, 25', 'no']]
2026-09-24 10:33:23,212 - INFO - [Керриганн] Обнаружил вкладок бп: 1, начинаю чекать...
2026-09-24 10:33:24,994 - INFO - [Керриганн] Подвкладок найдено: 1
2026-09-24 10:33:26,244 - INFO - [Керриганн] Собираю награду [1.1]
2026-09-24 10:33:30,028 - INFO - [Керриганн] Нет наград во вкладке 1, под 1
2026-09-24 10:33:32,863 - INFO - [Керриганн] Собирать нечего, проверяю следующую вкладку
2026-09-24 10:33:32,863 - INFO - [Керриганн] Закрываю баттл пасс
2026-09-24 10:33:35,104 - INFO - [Керриганн] Пасс успешно собран
2026-09-24 10:33:36,946 - INFO - [Керриганн] Не находимся в энерго
2026-09-24 10:33:59,931 - INFO - [Керриганн] Шоп успешно собран
2026-09-24 10:34:01,746 - INFO - [Керриганн] Не находимся в энерго
2026-09-24 10:34:11,752 - INFO - [Керриганн] main_loop завершился
2026-09-24 17:04:29,882 - INFO - [Керриганн] Данги: окно wx=400 wy=570 400x225
2026-09-24 17:04:29,905 - INFO - [Керриганн] Находимся в энергорежиме
2026-09-24 17:04:36,688 - INFO - [Керриганн] Не находимся в энерго
2026-09-24 17:04:36,688 - INFO - [Керриганн] _wake_up: вышли из сна с попытки 1
2026-09-24 17:04:40,186 - INFO - [Керриганн] Данги: меню подземелий открыто
2026-09-24 17:04:40,212 - INFO - [Керриганн] Данги: сохранён blessed_menu_opened.png -> C:\Users\PC\Desktop\L2Mauto\profiles\Dungeon\blessed_menu_opened.png
2026-09-24 17:04:40,224 - INFO - [Керриганн] Данги: сохранён blessed_scroll_00.png -> C:\Users\PC\Desktop\L2Mauto\profiles\Dungeon\blessed_scroll_00.png
2026-09-24 17:04:40,754 - DEBUG - [Керриганн] Данги OCR: 'з | * | lg | `аоднык | фунным | ronee | meer} | а | «бниетиеыоьи | е | ая | и | cael'
2026-09-24 17:04:40,755 - DEBUG - [Керриганн] Данги: попытка 1/15 — OCR=нет
2026-09-24 17:04:42,627 - DEBUG - [Керриганн] Данги OCR: 'ое, | . | iicnettn | ated | pe | ake | остров | ненстовства | to | x? | a | clpccom | yume | ace | c'
2026-09-24 17:04:42,627 - DEBUG - [Керриганн] Данги: попытка 2/15 — OCR=нет
2026-09-24 17:04:45,237 - DEBUG - [Керриганн] Данги OCR: 'x | 4 | se | ft | ciccone | e000 | we | re | om | ми. | а | ко | lpecemqyaanes | 1000 | 1000-06 | 0 '
2026-09-24 17:04:45,237 - DEBUG - [Керриганн] Данги: попытка 3/15 — OCR=нет
2026-09-24 17:04:46,841 - INFO - [Керриганн] Данги: сохранён blessed_scroll_03.png -> C:\Users\PC\Desktop\L2Mauto\profiles\Dungeon\blessed_scroll_03.png
2026-09-24 17:04:47,630 - DEBUG - [Керриганн] Данги OCR: 'с | аа | ee | ae | cote. | yom | pacosera, | : | ris | 4 | 7 | naan | eae | tpatenee | aee | le | ke'
2026-09-24 17:04:47,630 - DEBUG - [Керриганн] Данги: попытка 4/15 — OCR=нет
2026-09-24 17:04:50,330 - DEBUG - [Керриганн] Данги OCR: 'i | ee | a | a | pan | paccsera | ee | a | lean | ea | mere | ale | hho | le | tk] | + | последмяя |'
2026-09-24 17:04:50,330 - DEBUG - [Керриганн] Данги: попытка 5/15 — OCR=нет
2026-09-24 17:04:52,902 - DEBUG - [Керриганн] Данги OCR: 'tk] | a | последмяя | opyartban | at | ры | spews | wecryne | or | a | posteo | sen | < | блогослове'
2026-09-24 17:04:53,595 - DEBUG - [Керриганн] Данги: попытка 6/15 — OCR=да
2026-09-24 17:04:53,595 - INFO - [Керриганн] Данги: найден через OCR (33,121)
2026-09-24 17:04:53,599 - INFO - [Керриганн] Данги: сохранён blessed_found_ocr.png -> C:\Users\PC\Desktop\L2Mauto\profiles\Dungeon\blessed_found_ocr.png
2026-09-24 17:04:53,599 - INFO - [Керриганн] Данги: клик по строке (33,121)
2026-09-24 17:04:57,583 - INFO - [Керриганн] Данги: кликнул, проверяю время доступа
2026-09-24 17:04:57,612 - INFO - [Керриганн] Данги: сохранён blessed_after_dungeon_click.png -> C:\Users\PC\Desktop\L2Mauto\profiles\Dungeon\blessed_after_dungeon_click.png
2026-09-24 17:04:57,622 - INFO - [Керриганн] Данги: сохранён blessed_time_check.png -> C:\Users\PC\Desktop\L2Mauto\profiles\Dungeon\blessed_time_check.png
2026-09-24 17:04:57,623 - INFO - [Керриганн] Данги: время доступа есть — иду в данж
2026-09-24 17:05:00,878 - INFO - [Керриганн] Данги: нажал Вход
2026-09-24 17:05:00,894 - INFO - [Керриганн] Данги: сохранён blessed_level_window.png -> C:\Users\PC\Desktop\L2Mauto\profiles\Dungeon\blessed_level_window.png
2026-09-24 17:05:01,198 - INFO - [Керриганн] Данги: пробую Ур.75 — клик (260,164)
2026-09-24 17:05:03,495 - INFO - [Керриганн] Данги: сохранён blessed_after_Ур_75.png -> C:\Users\PC\Desktop\L2Mauto\profiles\Dungeon\blessed_after_Ур_75.png
2026-09-24 17:05:03,496 - INFO - [Керриганн] Данги: белый экран (mean=255) — данж запущен через Ур.75
2026-09-24 17:05:03,496 - INFO - [Керриганн] Данги: данж запущен, жду 8 сек на загрузку
2026-09-24 17:05:11,532 - INFO - [Керриганн] Данги: сохранён blessed_after_load.png -> C:\Users\PC\Desktop\L2Mauto\profiles\Dungeon\blessed_after_load.png
2026-09-24 17:05:13,355 - INFO - [Керриганн] Не находимся в энерго
2026-09-24 17:05:13,355 - INFO - [Керриганн] Данги: попытка усыпления 1/3
2026-09-24 17:05:19,506 - INFO - [Керриганн] Находимся в энергорежиме
2026-09-24 17:05:19,506 - INFO - [Керриганн] Данги: уснул с попытки 1
2026-09-24 17:05:19,506 - INFO - [Керриганн] Данги: Благословенная Земля запущена, окно в сне
2026-09-24 17:05:19,506 - INFO - [Керриганн] main_loop завершился
2026-09-24 21:51:52,696 - INFO - [Керриганн] Запуск Scheduler профиля
2026-09-24 21:51:52,712 - INFO - [Керриганн] Находимся в энергорежиме
2026-09-24 21:51:52,712 - INFO - [Керриганн] Был в энерго, вырубаю перед запуском Шедули
2026-09-24 21:52:00,487 - INFO - [Керриганн] Schedule запущен, жду 40 сек (окно само летит в город и закупается)
2026-09-24 21:52:46,611 - INFO - [Керриганн] Находимся в энергорежиме
2026-09-24 21:52:46,611 - INFO - [Керриганн] Энерго подтверждён (попытка 1)
2026-09-24 21:52:46,612 - INFO - [Керриганн] Энерго включён, профиль завершён
2026-09-24 21:52:46,617 - INFO - [Керриганн] main_loop завершился
2026-09-25 06:18:03,290 - INFO - [Керриганн] Данги: окно wx=400 wy=570 400x225
2026-09-25 06:18:03,319 - INFO - [Керриганн] Находимся в энергорежиме
2026-09-25 06:18:10,837 - INFO - [Керриганн] Не находимся в энерго
2026-09-25 06:18:10,837 - INFO - [Керриганн] _wake_up: вышли из сна с попытки 1
2026-09-25 06:18:14,514 - INFO - [Керриганн] Данги: меню подземелий открыто
2026-09-25 06:18:14,530 - INFO - [Керриганн] Данги: сохранён blessed_menu_opened.png -> C:\Users\PC\Desktop\L2Mauto\profiles\Dungeon\blessed_menu_opened.png
2026-09-25 06:18:14,540 - INFO - [Керриганн] Данги: сохранён blessed_scroll_00.png -> C:\Users\PC\Desktop\L2Mauto\profiles\Dungeon\blessed_scroll_00.png
2026-09-25 06:18:15,514 - DEBUG - [Керриганн] Данги OCR: 'a | er | . | was: | ра | г. | . | be | asentesglbpied | т | = | м | soe | . | , | .: | me | re | me '
2026-09-25 06:18:15,514 - DEBUG - [Керриганн] Данги: попытка 1/15 — OCR=нет
2026-09-25 06:18:17,968 - DEBUG - [Керриганн] Данги OCR: 'ое, | . | iicnettn | ated | pe | ake | остров | ненстовства | to | x? | a | cigeceme | perme | nto |'
2026-09-25 06:18:17,969 - DEBUG - [Керриганн] Данги: попытка 2/15 — OCR=нет
2026-09-25 06:18:20,364 - DEBUG - [Керриганн] Данги OCR: '8 | a | ae | tgecompamencito | щи: | № | meme. | ч | а.р: | вии | “™ | ре | re | nection'
2026-09-25 06:18:20,364 - DEBUG - [Керриганн] Данги: попытка 3/15 — OCR=нет
2026-09-25 06:18:23,459 - INFO - [Керриганн] Данги: сохранён blessed_scroll_03.png -> C:\Users\PC\Desktop\L2Mauto\profiles\Dungeon\blessed_scroll_03.png
2026-09-25 06:18:24,489 - DEBUG - [Керриганн] Данги OCR: 'пи | ая | et | ar | are | os: | 8 | хром | рассвета | и | пленения | де | ale | ke | у | ото | или |'
2026-09-25 06:18:24,489 - DEBUG - [Керриганн] Данги: попытка 4/15 — OCR=нет
2026-09-25 06:18:26,522 - DEBUG - [Керриганн] Данги OCR: 'i | ee | a | a | pan | paccsera | ee | a | lean | ea | mere | ale | hho | le | tk] | + | последмяя |'
2026-09-25 06:18:26,522 - DEBUG - [Керриганн] Данги: попытка 5/15 — OCR=нет
2026-09-25 06:18:28,699 - DEBUG - [Керриганн] Данги OCR: 'tk] | : | nocne | pain | оружедноя | as | aas | ras | ten | ды | .. | exe | ы | клогослобемьья | зем'
2026-09-25 06:18:29,647 - DEBUG - [Керриганн] Данги: попытка 6/15 — OCR=да
2026-09-25 06:18:29,647 - INFO - [Керриганн] Данги: найден через OCR (33,120)
2026-09-25 06:18:29,650 - INFO - [Керриганн] Данги: сохранён blessed_found_ocr.png -> C:\Users\PC\Desktop\L2Mauto\profiles\Dungeon\blessed_found_ocr.png
2026-09-25 06:18:29,650 - INFO - [Керриганн] Данги: клик по строке (33,120)
2026-09-25 06:18:34,076 - INFO - [Керриганн] Данги: кликнул, проверяю время доступа
2026-09-25 06:18:34,097 - INFO - [Керриганн] Данги: сохранён blessed_after_dungeon_click.png -> C:\Users\PC\Desktop\L2Mauto\profiles\Dungeon\blessed_after_dungeon_click.png
2026-09-25 06:18:34,107 - INFO - [Керриганн] Данги: сохранён blessed_time_check.png -> C:\Users\PC\Desktop\L2Mauto\profiles\Dungeon\blessed_time_check.png
2026-09-25 06:18:34,108 - INFO - [Керриганн] Данги: время доступа есть — иду в данж
2026-09-25 06:18:37,381 - INFO - [Керриганн] Данги: нажал Вход
2026-09-25 06:18:37,396 - INFO - [Керриганн] Данги: сохранён blessed_level_window.png -> C:\Users\PC\Desktop\L2Mauto\profiles\Dungeon\blessed_level_window.png
2026-09-25 06:18:37,702 - INFO - [Керриганн] Данги: пробую Ур.75 — клик (260,164)
2026-09-25 06:18:39,994 - INFO - [Керриганн] Данги: сохранён blessed_after_Ур_75.png -> C:\Users\PC\Desktop\L2Mauto\profiles\Dungeon\blessed_after_Ур_75.png
2026-09-25 06:18:39,995 - INFO - [Керриганн] Данги: белый экран (mean=255) — данж запущен через Ур.75
2026-09-25 06:18:39,995 - INFO - [Керриганн] Данги: данж запущен, жду 8 сек на загрузку
2026-09-25 06:18:48,016 - INFO - [Керриганн] Данги: сохранён blessed_after_load.png -> C:\Users\PC\Desktop\L2Mauto\profiles\Dungeon\blessed_after_load.png
2026-09-25 06:18:49,837 - INFO - [Керриганн] Не находимся в энерго
2026-09-25 06:18:49,837 - INFO - [Керриганн] Данги: попытка усыпления 1/3
2026-09-25 06:18:55,971 - INFO - [Керриганн] Находимся в энергорежиме
2026-09-25 06:18:55,971 - INFO - [Керриганн] Данги: уснул с попытки 1
2026-09-25 06:18:55,971 - INFO - [Керриганн] Данги: Благословенная Земля запущена, окно в сне
2026-09-25 06:18:55,971 - INFO - [Керриганн] main_loop завершился
2026-09-25 06:26:30,013 - INFO - [Керриганн] Находимся в энергорежиме
2026-09-25 06:26:42,263 - INFO - [Керриганн] Ищем вкладки
2026-09-25 06:26:44,285 - INFO - [Керриганн] Перешел на вкладку: (381, 34)
2026-09-25 06:26:45,618 - INFO - [Керриганн] Собираю награду тут: (302, 101)
2026-09-25 06:26:51,906 - INFO - [Керриганн] Перешел на вкладку: (381, 59)
2026-09-25 06:26:53,233 - INFO - [Керриганн] Собираю награду тут: (302, 101)
2026-09-25 06:26:57,787 - INFO - [Керриганн] Всего собрано: 2
2026-09-25 06:26:57,787 - INFO - [Керриганн] Дейлик успешно собран
2026-09-25 06:26:59,597 - INFO - [Керриганн] Не находимся в энерго
2026-09-25 06:27:02,723 - INFO - [Керриганн] Нашел почту
2026-09-25 06:27:09,780 - INFO - [Керриганн] Почта собрана
2026-09-25 06:27:10,281 - INFO - [Керриганн] Почта успешно собран
2026-09-25 06:27:12,114 - INFO - [Керриганн] Не находимся в энерго
2026-09-25 06:27:17,114 - INFO - [Керриганн] Нет красной точки на иконке достижений
2026-09-25 06:27:17,114 - INFO - [Керриганн] Нет новых ачивы или не удалось собрать
2026-09-25 06:27:18,947 - INFO - [Керриганн] Не находимся в энерго
2026-09-25 06:27:20,553 - INFO - [Керриганн] Нашел сбор клана
2026-09-25 06:27:31,106 - INFO - [Керриганн] Клан успешно собран
2026-09-25 06:27:32,930 - INFO - [Керриганн] Не находимся в энерго
2026-09-25 06:27:36,662 - INFO - [Керриганн] Нашел сбор альянса, жму
2026-09-25 06:27:42,943 - INFO - [Керриганн] Альянс успешно собран
2026-09-25 06:27:44,747 - INFO - [Керриганн] Не находимся в энерго
2026-09-25 06:27:50,598 - INFO - [Керриганн] Батлпасса нет, собирать не будем
2026-09-25 06:27:50,598 - INFO - [Керриганн] Нет новых пасс или не удалось собрать
2026-09-25 06:27:52,430 - INFO - [Керриганн] Не находимся в энерго
2026-09-25 06:27:57,019 - INFO - [Керриганн] Вылезла обычная реклама, закрыл гадость
2026-09-25 06:28:19,248 - INFO - [Керриганн] Шоп успешно собран
2026-09-25 06:28:21,067 - INFO - [Керриганн] Не находимся в энерго
2026-09-25 06:28:31,161 - INFO - [Керриганн] main_loop завершился
2026-09-25 12:55:35,906 - INFO - [Керриганн] Запуск Scheduler профиля
2026-09-25 12:55:35,919 - INFO - [Керриганн] Находимся в энергорежиме
2026-09-25 12:55:35,919 - INFO - [Керриганн] Был в энерго, вырубаю перед запуском Шедули
2026-09-25 12:55:43,627 - INFO - [Керриганн] Schedule запущен, жду 40 сек (окно само летит в город и закупается)
2026-09-25 12:56:29,755 - INFO - [Керриганн] Находимся в энергорежиме
2026-09-25 12:56:29,755 - INFO - [Керриганн] Энерго подтверждён (попытка 1)
2026-09-25 12:56:29,755 - INFO - [Керриганн] Энерго включён, профиль завершён
2026-09-25 12:56:29,759 - INFO - [Керриганн] main_loop завершился
2026-09-25 14:20:33,520 - INFO - [Керриганн] Находимся в энергорежиме
2026-09-25 14:20:37,405 - INFO - [Керриганн] Аук: запущен relist (снять+найти+поставить)
2026-09-25 14:20:39,222 - INFO - [Керриганн] Не находимся в энерго
2026-09-25 14:20:45,572 - INFO - [Керриганн] Аук: загрузился
2026-09-25 14:20:45,580 - INFO - [Керриганн] Аук: сохранил позицию окна до resize: (400,570) 400x225
2026-09-25 14:20:45,600 - INFO - [Керриганн] Аук: выбрал позицию (960, 40) (занято: {(0, 40)})
2026-09-25 14:20:47,263 - INFO - [Керриганн] Аук: окно в рабочем размере (попытка 1) на (960,40)
2026-09-25 14:20:53,024 - INFO - [Керриганн] Аук: вкладка Продажа открыта
2026-09-25 14:20:53,281 - INFO - [Керриганн] Аук: сохранён фулл-скрин au_after_tab_sell.png (2560x1440)
2026-09-25 14:20:53,286 - INFO - [Керриганн] Аук: предмет 1/10
2026-09-25 14:20:53,307 - INFO - [Керриганн] Аук: сохранён au_lot_zone.png
2026-09-25 14:20:53,308 - INFO - [Керриганн] Аук: сохранён au_sample.png
2026-09-25 14:20:53,312 - INFO - [Керриганн] Аук: SIFT образец (лот): 28 точек
2026-09-25 14:20:53,702 - DEBUG - [Керриганн] Аук: статус лота Tesseract: '2 д. 7 ч. ]'
2026-09-25 14:20:53,703 - DEBUG - [Керриганн] Аук: статус зелёных пикселей: 0 (0.00%)
2026-09-25 14:20:53,958 - INFO - [Керриганн] Аук: клик Отмена лота (1/2) (650, 179)
2026-09-25 14:20:55,472 - INFO - [Керриганн] Аук: окно подтверждения появилось
2026-09-25 14:20:58,746 - INFO - [Керриганн] Аук: клик ОК отмены (1/4) (546, 383)
2026-09-25 14:21:01,771 - INFO - [Керриганн] Аук: ОК сработал с попытки 1
2026-09-25 14:21:01,771 - INFO - [Керриганн] Аук: лот снят, предмет упал в конец инвентаря
2026-09-25 14:21:01,795 - INFO - [Керриганн] Аук: сохранён au_after_click.png
2026-09-25 14:21:01,796 - INFO - [Керриганн] Аук: ищу предмет (YOLOv8)...
2026-09-25 14:21:01,796 - INFO - [Керриганн] Аук: сканирую страницу 1/2 (вниз)
2026-09-25 14:21:01,811 - INFO - [Керриганн] Аук: сохранён au_page_1.png
2026-09-25 14:21:01,835 - INFO - [Керриганн] Аук: matchTemplate НАШЁЛ — стр 1 (215,165) score=0.897
2026-09-25 14:21:04,993 - INFO - [Керриганн] Аук: свайп инвентаря up (21 точек, 150->428)
2026-09-25 14:21:08,992 - INFO - [Керриганн] Аук: предмет найден! стр 1 (901,295) score=0.897
2026-09-25 14:21:08,992 - INFO - [Керриганн] Аук: pyautogui.click(1861,335) — окно=(960,40) item=(901,295)
2026-09-25 14:21:13,048 - INFO - [Керриганн] Аук: сохранён au_after_item_click.png
2026-09-25 14:21:13,352 - INFO - [Керриганн] Аук: OCR цена = 292 (raw='292')
2026-09-25 14:21:13,352 - INFO - [Керриганн] Аук: моя цена = 291 (мин=292)
2026-09-25 14:21:15,276 - INFO - [Керриганн] Аук: введена цена 291
2026-09-25 14:21:20,803 - INFO - [Керриганн] Аук: лот выставлен на продажу
2026-09-25 14:21:20,803 - INFO - [Керриганн] Аук: предмет 1 переставлен
2026-09-25 14:21:20,803 - INFO - [Керриганн] Аук: предмет 2/10
2026-09-25 14:21:20,823 - INFO - [Керриганн] Аук: сохранён au_lot_zone.png
2026-09-25 14:21:20,824 - INFO - [Керриганн] Аук: сохранён au_sample.png
2026-09-25 14:21:20,827 - INFO - [Керриганн] Аук: SIFT образец (лот): 27 точек
2026-09-25 14:21:21,161 - DEBUG - [Керриганн] Аук: статус лота Tesseract: 'продается ]'
2026-09-25 14:21:21,162 - INFO - [Керриганн] Аук: статус = «Продаётся» (Tesseract)
2026-09-25 14:21:21,162 - INFO - [Керриганн] Аук: первый лот в статусе «Продаётся» — пропускаю
2026-09-25 14:21:21,162 - INFO - [Керриганн] Аук: лотов больше нет на странице (предмет 2)
2026-09-25 14:21:24,450 - INFO - [Керриганн] Аук: аук закрыт
2026-09-25 14:21:24,981 - INFO - [Керриганн] Аук: окно возвращено 400x225 на (400,570)
2026-09-25 14:21:26,805 - INFO - [Керриганн] Не находимся в энерго
2026-09-25 14:21:32,940 - INFO - [Керриганн] Находимся в энергорежиме
2026-09-25 14:21:32,940 - INFO - [Керриганн] Аук: окно уложено спать
2026-09-25 14:21:33,170 - INFO - [Керриганн] Аук: сохранён фулл-скрин au_final_fullscreen.png (2560x1440)
2026-09-25 14:21:33,180 - INFO - [Керриганн] Аук: готово, переставлено 1
2026-09-25 14:21:33,180 - DEBUG - [Керриганн] Аук: log_uploader запущен в фоне
