=== Log tail 2026-09-25T00:36:01.850200 | last 200 lines ===
2026-09-25 00:27:01,757 - DEBUG - [global] needs_update: лучший источник raw → 5.13.07 (из 2)
2026-09-25 00:27:01,757 - INFO - [global] needs_update: local=(5, 13, 7) remote=(5, 13, 7) -> has_update=False
2026-09-25 00:27:01,758 - INFO - [global] Установлена последняя версия бота | 5.13.07
2026-09-25 00:27:14,473 - INFO - [global] LogUploader: запускаю upload_run_logs...
2026-09-25 00:27:14,473 - DEBUG - [global] log_uploader: START window=periodic made=-1 token=...Rjnfq
2026-09-25 00:27:15,403 - DEBUG - [global] _api_put: GET runs/20260925_002714_fail_periodic.log -> 404
2026-09-25 00:27:16,906 - DEBUG - [global] _api_put: PUT runs/20260925_002714_fail_periodic.log -> 201 (6194 bytes)
2026-09-25 00:27:16,908 - DEBUG - [global] log_uploader: STEP 1 (window log) -> https://github.com/StarateJI/L2Mauto/blob/bot-logs/runs/20260925_002714_fail_periodic.log
2026-09-25 00:27:16,909 - DEBUG - [global] log_uploader: STEP 2 SKIP (no PNGs)
2026-09-25 00:27:17,873 - DEBUG - [global] _api_put: GET runs/20260925_002714_fail_global.log -> 404
2026-09-25 00:27:19,938 - DEBUG - [global] _api_put: PUT runs/20260925_002714_fail_global.log -> 201 (20334 bytes)
2026-09-25 00:27:19,939 - DEBUG - [global] log_uploader: STEP 3 (global log) -> https://github.com/StarateJI/L2Mauto/blob/bot-logs/runs/20260925_002714_fail_global.log
2026-09-25 00:27:19,939 - DEBUG - [global] log_uploader: END window=periodic
2026-09-25 00:27:19,939 - INFO - [global] LogUploader: upload_run_logs завершён
2026-09-25 00:27:31,777 - INFO - [global] Проверяю обновы...
2026-09-25 00:27:32,614 - DEBUG - [global] needs_update: raw → 5.13.07
2026-09-25 00:27:32,823 - DEBUG - [global] needs_update: API → 5.13.07
2026-09-25 00:27:32,823 - DEBUG - [global] needs_update: лучший источник raw → 5.13.07 (из 2)
2026-09-25 00:27:32,823 - INFO - [global] needs_update: local=(5, 13, 7) remote=(5, 13, 7) -> has_update=False
2026-09-25 00:27:32,824 - INFO - [global] Установлена последняя версия бота | 5.13.07
2026-09-25 00:28:02,841 - INFO - [global] Проверяю обновы...
2026-09-25 00:28:03,655 - DEBUG - [global] needs_update: raw → 5.13.07
2026-09-25 00:28:03,891 - DEBUG - [global] needs_update: API → 5.13.07
2026-09-25 00:28:03,891 - DEBUG - [global] needs_update: лучший источник raw → 5.13.07 (из 2)
2026-09-25 00:28:03,891 - INFO - [global] needs_update: local=(5, 13, 7) remote=(5, 13, 7) -> has_update=False
2026-09-25 00:28:03,892 - INFO - [global] Установлена последняя версия бота | 5.13.07
2026-09-25 00:28:19,978 - INFO - [global] LogUploader: запускаю upload_run_logs...
2026-09-25 00:28:19,979 - DEBUG - [global] log_uploader: START window=periodic made=-1 token=...Rjnfq
2026-09-25 00:28:20,905 - DEBUG - [global] _api_put: GET runs/20260925_002819_fail_periodic.log -> 404
2026-09-25 00:28:22,554 - DEBUG - [global] _api_put: PUT runs/20260925_002819_fail_periodic.log -> 201 (6194 bytes)
2026-09-25 00:28:22,556 - DEBUG - [global] log_uploader: STEP 1 (window log) -> https://github.com/StarateJI/L2Mauto/blob/bot-logs/runs/20260925_002819_fail_periodic.log
2026-09-25 00:28:22,557 - DEBUG - [global] log_uploader: STEP 2 SKIP (no PNGs)
2026-09-25 00:28:23,489 - DEBUG - [global] _api_put: GET runs/20260925_002819_fail_global.log -> 404
2026-09-25 00:28:25,104 - DEBUG - [global] _api_put: PUT runs/20260925_002819_fail_global.log -> 201 (20334 bytes)
2026-09-25 00:28:25,107 - DEBUG - [global] log_uploader: STEP 3 (global log) -> https://github.com/StarateJI/L2Mauto/blob/bot-logs/runs/20260925_002819_fail_global.log
2026-09-25 00:28:25,107 - DEBUG - [global] log_uploader: END window=periodic
2026-09-25 00:28:25,107 - INFO - [global] LogUploader: upload_run_logs завершён
2026-09-25 00:28:33,912 - INFO - [global] Проверяю обновы...
2026-09-25 00:28:34,719 - DEBUG - [global] needs_update: raw → 5.13.07
2026-09-25 00:28:34,927 - DEBUG - [global] needs_update: API → 5.13.07
2026-09-25 00:28:34,927 - DEBUG - [global] needs_update: лучший источник raw → 5.13.07 (из 2)
2026-09-25 00:28:34,927 - INFO - [global] needs_update: local=(5, 13, 7) remote=(5, 13, 7) -> has_update=False
2026-09-25 00:28:34,928 - INFO - [global] Установлена последняя версия бота | 5.13.07
2026-09-25 00:29:04,945 - INFO - [global] Проверяю обновы...
2026-09-25 00:29:05,794 - DEBUG - [global] needs_update: raw → 5.13.07
2026-09-25 00:29:06,009 - DEBUG - [global] needs_update: API → 5.13.07
2026-09-25 00:29:06,009 - DEBUG - [global] needs_update: лучший источник raw → 5.13.07 (из 2)
2026-09-25 00:29:06,009 - INFO - [global] needs_update: local=(5, 13, 7) remote=(5, 13, 7) -> has_update=False
2026-09-25 00:29:06,010 - INFO - [global] Установлена последняя версия бота | 5.13.07
2026-09-25 00:29:25,145 - INFO - [global] LogUploader: запускаю upload_run_logs...
2026-09-25 00:29:25,145 - DEBUG - [global] log_uploader: START window=periodic made=-1 token=...Rjnfq
2026-09-25 00:29:26,053 - DEBUG - [global] _api_put: GET runs/20260925_002925_fail_periodic.log -> 404
2026-09-25 00:29:28,078 - DEBUG - [global] _api_put: PUT runs/20260925_002925_fail_periodic.log -> 201 (6194 bytes)
2026-09-25 00:29:28,080 - DEBUG - [global] log_uploader: STEP 1 (window log) -> https://github.com/StarateJI/L2Mauto/blob/bot-logs/runs/20260925_002925_fail_periodic.log
2026-09-25 00:29:28,080 - DEBUG - [global] log_uploader: STEP 2 SKIP (no PNGs)
2026-09-25 00:29:28,989 - DEBUG - [global] _api_put: GET runs/20260925_002925_fail_global.log -> 404
2026-09-25 00:29:31,403 - DEBUG - [global] _api_put: PUT runs/20260925_002925_fail_global.log -> 201 (20334 bytes)
2026-09-25 00:29:31,406 - DEBUG - [global] log_uploader: STEP 3 (global log) -> https://github.com/StarateJI/L2Mauto/blob/bot-logs/runs/20260925_002925_fail_global.log
2026-09-25 00:29:31,406 - DEBUG - [global] log_uploader: END window=periodic
2026-09-25 00:29:31,406 - INFO - [global] LogUploader: upload_run_logs завершён
2026-09-25 00:29:36,029 - INFO - [global] Проверяю обновы...
2026-09-25 00:29:36,870 - DEBUG - [global] needs_update: raw → 5.13.07
2026-09-25 00:29:37,105 - DEBUG - [global] needs_update: API → 5.13.07
2026-09-25 00:29:37,105 - DEBUG - [global] needs_update: лучший источник raw → 5.13.07 (из 2)
2026-09-25 00:29:37,106 - INFO - [global] needs_update: local=(5, 13, 7) remote=(5, 13, 7) -> has_update=False
2026-09-25 00:29:37,107 - INFO - [global] Установлена последняя версия бота | 5.13.07
2026-09-25 00:30:07,123 - INFO - [global] Проверяю обновы...
2026-09-25 00:30:07,916 - DEBUG - [global] needs_update: raw → 5.13.07
2026-09-25 00:30:08,137 - DEBUG - [global] needs_update: API → 5.13.07
2026-09-25 00:30:08,138 - DEBUG - [global] needs_update: лучший источник raw → 5.13.07 (из 2)
2026-09-25 00:30:08,138 - INFO - [global] needs_update: local=(5, 13, 7) remote=(5, 13, 7) -> has_update=False
2026-09-25 00:30:08,138 - INFO - [global] Установлена последняя версия бота | 5.13.07
2026-09-25 00:30:31,436 - INFO - [global] LogUploader: запускаю upload_run_logs...
2026-09-25 00:30:31,437 - DEBUG - [global] log_uploader: START window=periodic made=-1 token=...Rjnfq
2026-09-25 00:30:32,344 - DEBUG - [global] _api_put: GET runs/20260925_003031_fail_periodic.log -> 404
2026-09-25 00:30:34,157 - DEBUG - [global] _api_put: PUT runs/20260925_003031_fail_periodic.log -> 201 (6194 bytes)
2026-09-25 00:30:34,159 - DEBUG - [global] log_uploader: STEP 1 (window log) -> https://github.com/StarateJI/L2Mauto/blob/bot-logs/runs/20260925_003031_fail_periodic.log
2026-09-25 00:30:34,159 - DEBUG - [global] log_uploader: STEP 2 SKIP (no PNGs)
2026-09-25 00:30:35,057 - DEBUG - [global] _api_put: GET runs/20260925_003031_fail_global.log -> 404
2026-09-25 00:30:36,920 - DEBUG - [global] _api_put: PUT runs/20260925_003031_fail_global.log -> 201 (20334 bytes)
2026-09-25 00:30:36,922 - DEBUG - [global] log_uploader: STEP 3 (global log) -> https://github.com/StarateJI/L2Mauto/blob/bot-logs/runs/20260925_003031_fail_global.log
2026-09-25 00:30:36,923 - DEBUG - [global] log_uploader: END window=periodic
2026-09-25 00:30:36,923 - INFO - [global] LogUploader: upload_run_logs завершён
2026-09-25 00:30:38,153 - INFO - [global] Проверяю обновы...
2026-09-25 00:30:38,940 - DEBUG - [global] needs_update: raw → 5.13.07
2026-09-25 00:30:39,115 - DEBUG - [global] needs_update: API → 5.13.07
2026-09-25 00:30:39,115 - DEBUG - [global] needs_update: лучший источник raw → 5.13.07 (из 2)
2026-09-25 00:30:39,115 - INFO - [global] needs_update: local=(5, 13, 7) remote=(5, 13, 7) -> has_update=False
2026-09-25 00:30:39,116 - INFO - [global] Установлена последняя версия бота | 5.13.07
2026-09-25 00:31:09,134 - INFO - [global] Проверяю обновы...
2026-09-25 00:31:09,865 - DEBUG - [global] needs_update: raw → 5.13.07
2026-09-25 00:31:10,085 - DEBUG - [global] needs_update: API → 5.13.07
2026-09-25 00:31:10,085 - DEBUG - [global] needs_update: лучший источник raw → 5.13.07 (из 2)
2026-09-25 00:31:10,085 - INFO - [global] needs_update: local=(5, 13, 7) remote=(5, 13, 7) -> has_update=False
2026-09-25 00:31:10,085 - INFO - [global] Установлена последняя версия бота | 5.13.07
2026-09-25 00:31:36,961 - INFO - [global] LogUploader: запускаю upload_run_logs...
2026-09-25 00:31:36,962 - DEBUG - [global] log_uploader: START window=periodic made=-1 token=...Rjnfq
2026-09-25 00:31:37,858 - DEBUG - [global] _api_put: GET runs/20260925_003136_fail_periodic.log -> 404
2026-09-25 00:31:39,404 - DEBUG - [global] _api_put: PUT runs/20260925_003136_fail_periodic.log -> 201 (6194 bytes)
2026-09-25 00:31:39,406 - DEBUG - [global] log_uploader: STEP 1 (window log) -> https://github.com/StarateJI/L2Mauto/blob/bot-logs/runs/20260925_003136_fail_periodic.log
2026-09-25 00:31:39,407 - DEBUG - [global] log_uploader: STEP 2 SKIP (no PNGs)
2026-09-25 00:31:40,104 - INFO - [global] Проверяю обновы...
2026-09-25 00:31:40,322 - DEBUG - [global] _api_put: GET runs/20260925_003136_fail_global.log -> 404
2026-09-25 00:31:40,973 - DEBUG - [global] needs_update: raw → 5.13.07
2026-09-25 00:31:41,115 - DEBUG - [global] needs_update: API → 5.13.07
2026-09-25 00:31:41,116 - DEBUG - [global] needs_update: лучший источник raw → 5.13.07 (из 2)
2026-09-25 00:31:41,116 - INFO - [global] needs_update: local=(5, 13, 7) remote=(5, 13, 7) -> has_update=False
2026-09-25 00:31:41,116 - INFO - [global] Установлена последняя версия бота | 5.13.07
2026-09-25 00:31:42,570 - DEBUG - [global] _api_put: PUT runs/20260925_003136_fail_global.log -> 201 (20334 bytes)
2026-09-25 00:31:42,572 - DEBUG - [global] log_uploader: STEP 3 (global log) -> https://github.com/StarateJI/L2Mauto/blob/bot-logs/runs/20260925_003136_fail_global.log
2026-09-25 00:31:42,572 - DEBUG - [global] log_uploader: END window=periodic
2026-09-25 00:31:42,572 - INFO - [global] LogUploader: upload_run_logs завершён
2026-09-25 00:32:11,135 - INFO - [global] Проверяю обновы...
2026-09-25 00:32:11,947 - DEBUG - [global] needs_update: raw → 5.13.07
2026-09-25 00:32:12,184 - DEBUG - [global] needs_update: API → 5.13.07
2026-09-25 00:32:12,185 - DEBUG - [global] needs_update: лучший источник raw → 5.13.07 (из 2)
2026-09-25 00:32:12,185 - INFO - [global] needs_update: local=(5, 13, 7) remote=(5, 13, 7) -> has_update=False
2026-09-25 00:32:12,185 - INFO - [global] Установлена последняя версия бота | 5.13.07
2026-09-25 00:32:42,198 - INFO - [global] Проверяю обновы...
2026-09-25 00:32:42,606 - INFO - [global] LogUploader: запускаю upload_run_logs...
2026-09-25 00:32:42,606 - DEBUG - [global] log_uploader: START window=periodic made=-1 token=...Rjnfq
2026-09-25 00:32:42,995 - DEBUG - [global] needs_update: raw → 5.13.07
2026-09-25 00:32:43,218 - DEBUG - [global] needs_update: API → 5.13.07
2026-09-25 00:32:43,218 - DEBUG - [global] needs_update: лучший источник raw → 5.13.07 (из 2)
2026-09-25 00:32:43,218 - INFO - [global] needs_update: local=(5, 13, 7) remote=(5, 13, 7) -> has_update=False
2026-09-25 00:32:43,219 - INFO - [global] Установлена последняя версия бота | 5.13.07
2026-09-25 00:32:43,567 - DEBUG - [global] _api_put: GET runs/20260925_003242_fail_periodic.log -> 404
2026-09-25 00:32:45,507 - DEBUG - [global] _api_put: PUT runs/20260925_003242_fail_periodic.log -> 201 (6194 bytes)
2026-09-25 00:32:45,508 - DEBUG - [global] log_uploader: STEP 1 (window log) -> https://github.com/StarateJI/L2Mauto/blob/bot-logs/runs/20260925_003242_fail_periodic.log
2026-09-25 00:32:45,509 - DEBUG - [global] log_uploader: STEP 2 SKIP (no PNGs)
2026-09-25 00:32:46,475 - DEBUG - [global] _api_put: GET runs/20260925_003242_fail_global.log -> 404
2026-09-25 00:32:48,224 - DEBUG - [global] _api_put: PUT runs/20260925_003242_fail_global.log -> 201 (20334 bytes)
2026-09-25 00:32:48,225 - DEBUG - [global] log_uploader: STEP 3 (global log) -> https://github.com/StarateJI/L2Mauto/blob/bot-logs/runs/20260925_003242_fail_global.log
2026-09-25 00:32:48,225 - DEBUG - [global] log_uploader: END window=periodic
2026-09-25 00:32:48,225 - INFO - [global] LogUploader: upload_run_logs завершён
2026-09-25 00:33:13,235 - INFO - [global] Проверяю обновы...
2026-09-25 00:33:14,035 - DEBUG - [global] needs_update: raw → 5.13.07
2026-09-25 00:33:14,179 - DEBUG - [global] needs_update: API → 5.13.07
2026-09-25 00:33:14,180 - DEBUG - [global] needs_update: лучший источник raw → 5.13.07 (из 2)
2026-09-25 00:33:14,180 - INFO - [global] needs_update: local=(5, 13, 7) remote=(5, 13, 7) -> has_update=False
2026-09-25 00:33:14,180 - INFO - [global] Установлена последняя версия бота | 5.13.07
2026-09-25 00:33:44,203 - INFO - [global] Проверяю обновы...
2026-09-25 00:33:44,973 - DEBUG - [global] needs_update: raw → 5.13.07
2026-09-25 00:33:45,181 - DEBUG - [global] needs_update: API → 5.13.07
2026-09-25 00:33:45,181 - DEBUG - [global] needs_update: лучший источник raw → 5.13.07 (из 2)
2026-09-25 00:33:45,181 - INFO - [global] needs_update: local=(5, 13, 7) remote=(5, 13, 7) -> has_update=False
2026-09-25 00:33:45,182 - INFO - [global] Установлена последняя версия бота | 5.13.07
2026-09-25 00:33:48,257 - INFO - [global] LogUploader: запускаю upload_run_logs...
2026-09-25 00:33:48,258 - DEBUG - [global] log_uploader: START window=periodic made=-1 token=...Rjnfq
2026-09-25 00:33:49,089 - DEBUG - [global] _api_put: GET runs/20260925_003348_fail_periodic.log -> 404
2026-09-25 00:33:50,800 - DEBUG - [global] _api_put: PUT runs/20260925_003348_fail_periodic.log -> 201 (6194 bytes)
2026-09-25 00:33:50,802 - DEBUG - [global] log_uploader: STEP 1 (window log) -> https://github.com/StarateJI/L2Mauto/blob/bot-logs/runs/20260925_003348_fail_periodic.log
2026-09-25 00:33:50,803 - DEBUG - [global] log_uploader: STEP 2 SKIP (no PNGs)
2026-09-25 00:33:51,665 - DEBUG - [global] _api_put: GET runs/20260925_003348_fail_global.log -> 404
2026-09-25 00:33:53,420 - DEBUG - [global] _api_put: PUT runs/20260925_003348_fail_global.log -> 201 (20334 bytes)
2026-09-25 00:33:53,422 - DEBUG - [global] log_uploader: STEP 3 (global log) -> https://github.com/StarateJI/L2Mauto/blob/bot-logs/runs/20260925_003348_fail_global.log
2026-09-25 00:33:53,422 - DEBUG - [global] log_uploader: END window=periodic
2026-09-25 00:33:53,422 - INFO - [global] LogUploader: upload_run_logs завершён
2026-09-25 00:34:15,207 - INFO - [global] Проверяю обновы...
2026-09-25 00:34:16,037 - DEBUG - [global] needs_update: raw → 5.13.07
2026-09-25 00:34:16,198 - DEBUG - [global] needs_update: API → 5.13.07
2026-09-25 00:34:16,198 - DEBUG - [global] needs_update: лучший источник raw → 5.13.07 (из 2)
2026-09-25 00:34:16,198 - INFO - [global] needs_update: local=(5, 13, 7) remote=(5, 13, 7) -> has_update=False
2026-09-25 00:34:16,199 - INFO - [global] Установлена последняя версия бота | 5.13.07
2026-09-25 00:34:46,216 - INFO - [global] Проверяю обновы...
2026-09-25 00:34:46,962 - DEBUG - [global] needs_update: raw → 5.13.07
2026-09-25 00:34:47,169 - DEBUG - [global] needs_update: API → 5.13.07
2026-09-25 00:34:47,169 - DEBUG - [global] needs_update: лучший источник raw → 5.13.07 (из 2)
2026-09-25 00:34:47,169 - INFO - [global] needs_update: local=(5, 13, 7) remote=(5, 13, 7) -> has_update=False
2026-09-25 00:34:47,169 - INFO - [global] Установлена последняя версия бота | 5.13.07
2026-09-25 00:34:53,454 - INFO - [global] LogUploader: запускаю upload_run_logs...
2026-09-25 00:34:53,455 - DEBUG - [global] log_uploader: START window=periodic made=-1 token=...Rjnfq
2026-09-25 00:34:54,338 - DEBUG - [global] _api_put: GET runs/20260925_003453_fail_periodic.log -> 404
2026-09-25 00:34:55,851 - DEBUG - [global] _api_put: PUT runs/20260925_003453_fail_periodic.log -> 409 (6194 bytes)
2026-09-25 00:34:55,852 - WARNING - [global] _api_put: PUT failed body: {"message":"is at 07505210c20a359a7dcceef5500d61bb89838e87 but expected a6b83238587844bfbcf22c39b7249c6afc1284d8","documentation_url":"https://docs.github.com/rest/repos/contents#create-or-update-file
2026-09-25 00:34:55,854 - DEBUG - [global] log_uploader: STEP 1 (window log) -> FAILED
2026-09-25 00:34:55,854 - DEBUG - [global] log_uploader: STEP 2 SKIP (no PNGs)
2026-09-25 00:34:56,804 - DEBUG - [global] _api_put: GET runs/20260925_003453_fail_global.log -> 404
2026-09-25 00:34:59,084 - DEBUG - [global] _api_put: PUT runs/20260925_003453_fail_global.log -> 201 (20451 bytes)
2026-09-25 00:34:59,087 - DEBUG - [global] log_uploader: STEP 3 (global log) -> https://github.com/StarateJI/L2Mauto/blob/bot-logs/runs/20260925_003453_fail_global.log
2026-09-25 00:34:59,087 - DEBUG - [global] log_uploader: END window=periodic
2026-09-25 00:34:59,087 - INFO - [global] LogUploader: upload_run_logs завершён
2026-09-25 00:35:17,187 - INFO - [global] Проверяю обновы...
2026-09-25 00:35:18,000 - DEBUG - [global] needs_update: raw → 5.13.07
2026-09-25 00:35:18,180 - DEBUG - [global] needs_update: API → 5.13.07
2026-09-25 00:35:18,181 - DEBUG - [global] needs_update: лучший источник raw → 5.13.07 (из 2)
2026-09-25 00:35:18,181 - INFO - [global] needs_update: local=(5, 13, 7) remote=(5, 13, 7) -> has_update=False
2026-09-25 00:35:18,182 - INFO - [global] Установлена последняя версия бота | 5.13.07
2026-09-25 00:35:48,200 - INFO - [global] Проверяю обновы...
2026-09-25 00:35:48,988 - DEBUG - [global] needs_update: raw → 5.13.07
2026-09-25 00:35:49,184 - DEBUG - [global] needs_update: API → 5.13.07
2026-09-25 00:35:49,185 - DEBUG - [global] needs_update: лучший источник raw → 5.13.07 (из 2)
2026-09-25 00:35:49,185 - INFO - [global] needs_update: local=(5, 13, 7) remote=(5, 13, 7) -> has_update=False
2026-09-25 00:35:49,185 - INFO - [global] Установлена последняя версия бота | 5.13.07
2026-09-25 00:35:59,123 - INFO - [global] LogUploader: запускаю upload_run_logs...
2026-09-25 00:35:59,123 - DEBUG - [global] log_uploader: START window=periodic made=-1 token=...Rjnfq
2026-09-25 00:35:59,940 - DEBUG - [global] _api_put: GET runs/20260925_003559_fail_periodic.log -> 404
2026-09-25 00:36:01,803 - DEBUG - [global] _api_put: PUT runs/20260925_003559_fail_periodic.log -> 201 (6194 bytes)
2026-09-25 00:36:01,806 - DEBUG - [global] log_uploader: STEP 1 (window log) -> https://github.com/StarateJI/L2Mauto/blob/bot-logs/runs/20260925_003559_fail_periodic.log
2026-09-25 00:36:01,806 - DEBUG - [global] log_uploader: STEP 2 SKIP (no PNGs)
