=== Log tail 2026-09-18T08:39:01.815354 | last 200 lines ===
2026-09-18 08:29:28,945 - DEBUG - [global] _api_put: GET runs/20260918_082927_fail_global.log -> 404
2026-09-18 08:29:31,056 - DEBUG - [global] _api_put: PUT runs/20260918_082927_fail_global.log -> 201 (19291 bytes)
2026-09-18 08:29:31,063 - DEBUG - [global] log_uploader: STEP 3 (global log) -> https://github.com/StarateJI/L2Mauto/blob/bot-logs/runs/20260918_082927_fail_global.log
2026-09-18 08:29:31,063 - DEBUG - [global] log_uploader: END window=periodic
2026-09-18 08:29:31,063 - INFO - [global] LogUploader: upload_run_logs завершён
2026-09-18 08:29:39,047 - INFO - [global] Проверяю обновы...
2026-09-18 08:29:40,257 - DEBUG - [global] needs_update: API GitHub → 5.9.1
2026-09-18 08:29:41,254 - DEBUG - [global] needs_update: raw → 5.9.1
2026-09-18 08:29:42,248 - DEBUG - [global] needs_update: jsdelivr → 5.9.1
2026-09-18 08:29:42,248 - DEBUG - [global] needs_update: лучший источник API → 5.9.1 (из 3)
2026-09-18 08:29:42,253 - INFO - [global] needs_update: local=(5, 9, 1) remote=(5, 9, 1) -> has_update=False
2026-09-18 08:29:42,260 - INFO - [global] Установлена последняя версия бота | 5.9.1
2026-09-18 08:30:12,295 - INFO - [global] Проверяю обновы...
2026-09-18 08:30:13,488 - DEBUG - [global] needs_update: API GitHub → 5.9.1
2026-09-18 08:30:14,504 - DEBUG - [global] needs_update: raw → 5.9.1
2026-09-18 08:30:16,005 - DEBUG - [global] needs_update: jsdelivr → 5.9.1
2026-09-18 08:30:16,006 - DEBUG - [global] needs_update: лучший источник API → 5.9.1 (из 3)
2026-09-18 08:30:16,011 - INFO - [global] needs_update: local=(5, 9, 1) remote=(5, 9, 1) -> has_update=False
2026-09-18 08:30:16,012 - INFO - [global] Установлена последняя версия бота | 5.9.1
2026-09-18 08:30:31,106 - INFO - [global] LogUploader: запускаю upload_run_logs...
2026-09-18 08:30:31,109 - DEBUG - [global] log_uploader: START window=periodic made=-1 token=...Rjnfq
2026-09-18 08:30:31,109 - DEBUG - [global] log_uploader: STEP 1 SKIP (no C:\Users\PC\Desktop\L2Mauto\logs\periodic.log)
2026-09-18 08:30:31,110 - DEBUG - [global] log_uploader: STEP 2 SKIP (no PNGs)
2026-09-18 08:30:32,483 - DEBUG - [global] _api_put: GET runs/20260918_083031_fail_global.log -> 404
2026-09-18 08:30:34,506 - DEBUG - [global] _api_put: PUT runs/20260918_083031_fail_global.log -> 201 (19291 bytes)
2026-09-18 08:30:34,516 - DEBUG - [global] log_uploader: STEP 3 (global log) -> https://github.com/StarateJI/L2Mauto/blob/bot-logs/runs/20260918_083031_fail_global.log
2026-09-18 08:30:34,517 - DEBUG - [global] log_uploader: END window=periodic
2026-09-18 08:30:34,517 - INFO - [global] LogUploader: upload_run_logs завершён
2026-09-18 08:30:46,036 - INFO - [global] Проверяю обновы...
2026-09-18 08:30:47,269 - DEBUG - [global] needs_update: API GitHub → 5.9.1
2026-09-18 08:30:48,704 - DEBUG - [global] needs_update: raw → 5.9.1
2026-09-18 08:30:50,117 - DEBUG - [global] needs_update: jsdelivr → 5.9.1
2026-09-18 08:30:50,117 - DEBUG - [global] needs_update: лучший источник API → 5.9.1 (из 3)
2026-09-18 08:30:50,123 - INFO - [global] needs_update: local=(5, 9, 1) remote=(5, 9, 1) -> has_update=False
2026-09-18 08:30:50,125 - INFO - [global] Установлена последняя версия бота | 5.9.1
2026-09-18 08:31:20,166 - INFO - [global] Проверяю обновы...
2026-09-18 08:31:21,343 - DEBUG - [global] needs_update: API GitHub → 5.9.1
2026-09-18 08:31:22,375 - DEBUG - [global] needs_update: raw → 5.9.1
2026-09-18 08:31:23,423 - DEBUG - [global] needs_update: jsdelivr → 5.9.1
2026-09-18 08:31:23,423 - DEBUG - [global] needs_update: лучший источник API → 5.9.1 (из 3)
2026-09-18 08:31:23,429 - INFO - [global] needs_update: local=(5, 9, 1) remote=(5, 9, 1) -> has_update=False
2026-09-18 08:31:23,430 - INFO - [global] Установлена последняя версия бота | 5.9.1
2026-09-18 08:31:34,566 - INFO - [global] LogUploader: запускаю upload_run_logs...
2026-09-18 08:31:34,569 - DEBUG - [global] log_uploader: START window=periodic made=-1 token=...Rjnfq
2026-09-18 08:31:34,569 - DEBUG - [global] log_uploader: STEP 1 SKIP (no C:\Users\PC\Desktop\L2Mauto\logs\periodic.log)
2026-09-18 08:31:34,569 - DEBUG - [global] log_uploader: STEP 2 SKIP (no PNGs)
2026-09-18 08:31:35,966 - DEBUG - [global] _api_put: GET runs/20260918_083134_fail_global.log -> 404
2026-09-18 08:31:37,966 - DEBUG - [global] _api_put: PUT runs/20260918_083134_fail_global.log -> 201 (19291 bytes)
2026-09-18 08:31:37,970 - DEBUG - [global] log_uploader: STEP 3 (global log) -> https://github.com/StarateJI/L2Mauto/blob/bot-logs/runs/20260918_083134_fail_global.log
2026-09-18 08:31:37,971 - DEBUG - [global] log_uploader: END window=periodic
2026-09-18 08:31:37,971 - INFO - [global] LogUploader: upload_run_logs завершён
2026-09-18 08:31:53,453 - INFO - [global] Проверяю обновы...
2026-09-18 08:31:54,625 - DEBUG - [global] needs_update: API GitHub → 5.9.1
2026-09-18 08:31:55,629 - DEBUG - [global] needs_update: raw → 5.9.1
2026-09-18 08:31:56,742 - DEBUG - [global] needs_update: jsdelivr → 5.9.1
2026-09-18 08:31:56,743 - DEBUG - [global] needs_update: лучший источник API → 5.9.1 (из 3)
2026-09-18 08:31:56,749 - INFO - [global] needs_update: local=(5, 9, 1) remote=(5, 9, 1) -> has_update=False
2026-09-18 08:31:56,756 - INFO - [global] Установлена последняя версия бота | 5.9.1
2026-09-18 08:32:26,790 - INFO - [global] Проверяю обновы...
2026-09-18 08:32:27,992 - DEBUG - [global] needs_update: API GitHub → 5.9.1
2026-09-18 08:32:29,392 - DEBUG - [global] needs_update: raw → 5.9.1
2026-09-18 08:32:30,882 - DEBUG - [global] needs_update: jsdelivr → 5.9.1
2026-09-18 08:32:30,883 - DEBUG - [global] needs_update: лучший источник API → 5.9.1 (из 3)
2026-09-18 08:32:30,888 - INFO - [global] needs_update: local=(5, 9, 1) remote=(5, 9, 1) -> has_update=False
2026-09-18 08:32:30,926 - INFO - [global] Установлена последняя версия бота | 5.9.1
2026-09-18 08:32:38,025 - INFO - [global] LogUploader: запускаю upload_run_logs...
2026-09-18 08:32:38,028 - DEBUG - [global] log_uploader: START window=periodic made=-1 token=...Rjnfq
2026-09-18 08:32:38,028 - DEBUG - [global] log_uploader: STEP 1 SKIP (no C:\Users\PC\Desktop\L2Mauto\logs\periodic.log)
2026-09-18 08:32:38,029 - DEBUG - [global] log_uploader: STEP 2 SKIP (no PNGs)
2026-09-18 08:32:39,377 - DEBUG - [global] _api_put: GET runs/20260918_083238_fail_global.log -> 404
2026-09-18 08:32:41,395 - DEBUG - [global] _api_put: PUT runs/20260918_083238_fail_global.log -> 201 (19291 bytes)
2026-09-18 08:32:41,399 - DEBUG - [global] log_uploader: STEP 3 (global log) -> https://github.com/StarateJI/L2Mauto/blob/bot-logs/runs/20260918_083238_fail_global.log
2026-09-18 08:32:41,400 - DEBUG - [global] log_uploader: END window=periodic
2026-09-18 08:32:41,400 - INFO - [global] LogUploader: upload_run_logs завершён
2026-09-18 08:33:00,960 - INFO - [global] Проверяю обновы...
2026-09-18 08:33:02,145 - DEBUG - [global] needs_update: API GitHub → 5.9.1
2026-09-18 08:33:03,307 - DEBUG - [global] needs_update: raw → 5.9.1
2026-09-18 08:33:04,322 - DEBUG - [global] needs_update: jsdelivr → 5.9.1
2026-09-18 08:33:04,322 - DEBUG - [global] needs_update: лучший источник API → 5.9.1 (из 3)
2026-09-18 08:33:04,326 - INFO - [global] needs_update: local=(5, 9, 1) remote=(5, 9, 1) -> has_update=False
2026-09-18 08:33:04,328 - INFO - [global] Установлена последняя версия бота | 5.9.1
2026-09-18 08:33:34,395 - INFO - [global] Проверяю обновы...
2026-09-18 08:33:35,566 - DEBUG - [global] needs_update: API GitHub → 5.9.1
2026-09-18 08:33:36,570 - DEBUG - [global] needs_update: raw → 5.9.1
2026-09-18 08:33:37,899 - DEBUG - [global] needs_update: jsdelivr → 5.9.1
2026-09-18 08:33:37,900 - DEBUG - [global] needs_update: лучший источник API → 5.9.1 (из 3)
2026-09-18 08:33:37,904 - INFO - [global] needs_update: local=(5, 9, 1) remote=(5, 9, 1) -> has_update=False
2026-09-18 08:33:37,914 - INFO - [global] Установлена последняя версия бота | 5.9.1
2026-09-18 08:33:41,460 - INFO - [global] LogUploader: запускаю upload_run_logs...
2026-09-18 08:33:41,466 - DEBUG - [global] log_uploader: START window=periodic made=-1 token=...Rjnfq
2026-09-18 08:33:41,466 - DEBUG - [global] log_uploader: STEP 1 SKIP (no C:\Users\PC\Desktop\L2Mauto\logs\periodic.log)
2026-09-18 08:33:41,470 - DEBUG - [global] log_uploader: STEP 2 SKIP (no PNGs)
2026-09-18 08:33:43,509 - DEBUG - [global] _api_put: GET runs/20260918_083341_fail_global.log -> 404
2026-09-18 08:33:45,804 - DEBUG - [global] _api_put: PUT runs/20260918_083341_fail_global.log -> 201 (19291 bytes)
2026-09-18 08:33:45,810 - DEBUG - [global] log_uploader: STEP 3 (global log) -> https://github.com/StarateJI/L2Mauto/blob/bot-logs/runs/20260918_083341_fail_global.log
2026-09-18 08:33:45,810 - DEBUG - [global] log_uploader: END window=periodic
2026-09-18 08:33:45,810 - INFO - [global] LogUploader: upload_run_logs завершён
2026-09-18 08:34:07,947 - INFO - [global] Проверяю обновы...
2026-09-18 08:34:09,147 - DEBUG - [global] needs_update: API GitHub → 5.9.1
2026-09-18 08:34:10,140 - DEBUG - [global] needs_update: raw → 5.9.1
2026-09-18 08:34:11,377 - DEBUG - [global] needs_update: jsdelivr → 5.9.1
2026-09-18 08:34:11,378 - DEBUG - [global] needs_update: лучший источник API → 5.9.1 (из 3)
2026-09-18 08:34:11,384 - INFO - [global] needs_update: local=(5, 9, 1) remote=(5, 9, 1) -> has_update=False
2026-09-18 08:34:11,386 - INFO - [global] Установлена последняя версия бота | 5.9.1
2026-09-18 08:34:41,410 - INFO - [global] Проверяю обновы...
2026-09-18 08:34:42,687 - DEBUG - [global] needs_update: API GitHub → 5.9.1
2026-09-18 08:34:43,673 - DEBUG - [global] needs_update: raw → 5.9.1
2026-09-18 08:34:45,058 - DEBUG - [global] needs_update: jsdelivr → 5.9.1
2026-09-18 08:34:45,059 - DEBUG - [global] needs_update: лучший источник API → 5.9.1 (из 3)
2026-09-18 08:34:45,069 - INFO - [global] needs_update: local=(5, 9, 1) remote=(5, 9, 1) -> has_update=False
2026-09-18 08:34:45,071 - INFO - [global] Установлена последняя версия бота | 5.9.1
2026-09-18 08:34:45,872 - INFO - [global] LogUploader: запускаю upload_run_logs...
2026-09-18 08:34:45,877 - DEBUG - [global] log_uploader: START window=periodic made=-1 token=...Rjnfq
2026-09-18 08:34:45,878 - DEBUG - [global] log_uploader: STEP 1 SKIP (no C:\Users\PC\Desktop\L2Mauto\logs\periodic.log)
2026-09-18 08:34:45,879 - DEBUG - [global] log_uploader: STEP 2 SKIP (no PNGs)
2026-09-18 08:34:47,731 - DEBUG - [global] _api_put: GET runs/20260918_083445_fail_global.log -> 404
2026-09-18 08:34:49,955 - DEBUG - [global] _api_put: PUT runs/20260918_083445_fail_global.log -> 201 (19291 bytes)
2026-09-18 08:34:49,968 - DEBUG - [global] log_uploader: STEP 3 (global log) -> https://github.com/StarateJI/L2Mauto/blob/bot-logs/runs/20260918_083445_fail_global.log
2026-09-18 08:34:49,969 - DEBUG - [global] log_uploader: END window=periodic
2026-09-18 08:34:49,969 - INFO - [global] LogUploader: upload_run_logs завершён
2026-09-18 08:35:15,098 - INFO - [global] Проверяю обновы...
2026-09-18 08:35:16,252 - DEBUG - [global] needs_update: API GitHub → 5.9.1
2026-09-18 08:35:17,264 - DEBUG - [global] needs_update: raw → 5.9.1
2026-09-18 08:35:18,578 - DEBUG - [global] needs_update: jsdelivr → 5.9.1
2026-09-18 08:35:18,579 - DEBUG - [global] needs_update: лучший источник API → 5.9.1 (из 3)
2026-09-18 08:35:18,585 - INFO - [global] needs_update: local=(5, 9, 1) remote=(5, 9, 1) -> has_update=False
2026-09-18 08:35:18,587 - INFO - [global] Установлена последняя версия бота | 5.9.1
2026-09-18 08:35:48,612 - INFO - [global] Проверяю обновы...
2026-09-18 08:35:49,842 - DEBUG - [global] needs_update: API GitHub → 5.9.1
2026-09-18 08:35:50,009 - INFO - [global] LogUploader: запускаю upload_run_logs...
2026-09-18 08:35:50,012 - DEBUG - [global] log_uploader: START window=periodic made=-1 token=...Rjnfq
2026-09-18 08:35:50,012 - DEBUG - [global] log_uploader: STEP 1 SKIP (no C:\Users\PC\Desktop\L2Mauto\logs\periodic.log)
2026-09-18 08:35:50,013 - DEBUG - [global] log_uploader: STEP 2 SKIP (no PNGs)
2026-09-18 08:35:50,908 - DEBUG - [global] needs_update: raw → 5.9.1
2026-09-18 08:35:51,507 - DEBUG - [global] _api_put: GET runs/20260918_083550_fail_global.log -> 404
2026-09-18 08:35:52,372 - DEBUG - [global] needs_update: jsdelivr → 5.9.1
2026-09-18 08:35:52,372 - DEBUG - [global] needs_update: лучший источник API → 5.9.1 (из 3)
2026-09-18 08:35:52,385 - INFO - [global] needs_update: local=(5, 9, 1) remote=(5, 9, 1) -> has_update=False
2026-09-18 08:35:52,386 - INFO - [global] Установлена последняя версия бота | 5.9.1
2026-09-18 08:35:53,976 - DEBUG - [global] _api_put: PUT runs/20260918_083550_fail_global.log -> 201 (19291 bytes)
2026-09-18 08:35:53,985 - DEBUG - [global] log_uploader: STEP 3 (global log) -> https://github.com/StarateJI/L2Mauto/blob/bot-logs/runs/20260918_083550_fail_global.log
2026-09-18 08:35:53,985 - DEBUG - [global] log_uploader: END window=periodic
2026-09-18 08:35:53,985 - INFO - [global] LogUploader: upload_run_logs завершён
2026-09-18 08:36:22,409 - INFO - [global] Проверяю обновы...
2026-09-18 08:36:23,576 - DEBUG - [global] needs_update: API GitHub → 5.9.1
2026-09-18 08:36:24,565 - DEBUG - [global] needs_update: raw → 5.9.1
2026-09-18 08:36:25,933 - DEBUG - [global] needs_update: jsdelivr → 5.9.1
2026-09-18 08:36:25,933 - DEBUG - [global] needs_update: лучший источник API → 5.9.1 (из 3)
2026-09-18 08:36:25,939 - INFO - [global] needs_update: local=(5, 9, 1) remote=(5, 9, 1) -> has_update=False
2026-09-18 08:36:25,943 - INFO - [global] Установлена последняя версия бота | 5.9.1
2026-09-18 08:36:54,049 - INFO - [global] LogUploader: запускаю upload_run_logs...
2026-09-18 08:36:54,052 - DEBUG - [global] log_uploader: START window=periodic made=-1 token=...Rjnfq
2026-09-18 08:36:54,052 - DEBUG - [global] log_uploader: STEP 1 SKIP (no C:\Users\PC\Desktop\L2Mauto\logs\periodic.log)
2026-09-18 08:36:54,052 - DEBUG - [global] log_uploader: STEP 2 SKIP (no PNGs)
2026-09-18 08:36:55,462 - DEBUG - [global] _api_put: GET runs/20260918_083654_fail_global.log -> 404
2026-09-18 08:36:55,966 - INFO - [global] Проверяю обновы...
2026-09-18 08:36:57,526 - DEBUG - [global] needs_update: API GitHub → 5.9.1
2026-09-18 08:36:57,914 - DEBUG - [global] _api_put: PUT runs/20260918_083654_fail_global.log -> 201 (19291 bytes)
2026-09-18 08:36:57,921 - DEBUG - [global] log_uploader: STEP 3 (global log) -> https://github.com/StarateJI/L2Mauto/blob/bot-logs/runs/20260918_083654_fail_global.log
2026-09-18 08:36:57,921 - DEBUG - [global] log_uploader: END window=periodic
2026-09-18 08:36:57,921 - INFO - [global] LogUploader: upload_run_logs завершён
2026-09-18 08:36:58,852 - DEBUG - [global] needs_update: raw → 5.9.1
2026-09-18 08:37:00,199 - DEBUG - [global] needs_update: jsdelivr → 5.9.1
2026-09-18 08:37:00,199 - DEBUG - [global] needs_update: лучший источник API → 5.9.1 (из 3)
2026-09-18 08:37:00,210 - INFO - [global] needs_update: local=(5, 9, 1) remote=(5, 9, 1) -> has_update=False
2026-09-18 08:37:00,211 - INFO - [global] Установлена последняя версия бота | 5.9.1
2026-09-18 08:37:30,236 - INFO - [global] Проверяю обновы...
2026-09-18 08:37:31,443 - DEBUG - [global] needs_update: API GitHub → 5.9.1
2026-09-18 08:37:32,456 - DEBUG - [global] needs_update: raw → 5.9.1
2026-09-18 08:37:33,710 - DEBUG - [global] needs_update: jsdelivr → 5.9.1
2026-09-18 08:37:33,713 - DEBUG - [global] needs_update: лучший источник API → 5.9.1 (из 3)
2026-09-18 08:37:33,720 - INFO - [global] needs_update: local=(5, 9, 1) remote=(5, 9, 1) -> has_update=False
2026-09-18 08:37:33,721 - INFO - [global] Установлена последняя версия бота | 5.9.1
2026-09-18 08:37:57,966 - INFO - [global] LogUploader: запускаю upload_run_logs...
2026-09-18 08:37:57,969 - DEBUG - [global] log_uploader: START window=periodic made=-1 token=...Rjnfq
2026-09-18 08:37:57,971 - DEBUG - [global] log_uploader: STEP 1 SKIP (no C:\Users\PC\Desktop\L2Mauto\logs\periodic.log)
2026-09-18 08:37:57,971 - DEBUG - [global] log_uploader: STEP 2 SKIP (no PNGs)
2026-09-18 08:37:59,488 - DEBUG - [global] _api_put: GET runs/20260918_083757_fail_global.log -> 404
2026-09-18 08:38:01,626 - DEBUG - [global] _api_put: PUT runs/20260918_083757_fail_global.log -> 201 (19291 bytes)
2026-09-18 08:38:01,637 - DEBUG - [global] log_uploader: STEP 3 (global log) -> https://github.com/StarateJI/L2Mauto/blob/bot-logs/runs/20260918_083757_fail_global.log
2026-09-18 08:38:01,638 - DEBUG - [global] log_uploader: END window=periodic
2026-09-18 08:38:01,638 - INFO - [global] LogUploader: upload_run_logs завершён
2026-09-18 08:38:03,748 - INFO - [global] Проверяю обновы...
2026-09-18 08:38:05,270 - DEBUG - [global] needs_update: API GitHub → 5.9.1
2026-09-18 08:38:06,737 - DEBUG - [global] needs_update: raw → 5.9.1
2026-09-18 08:38:08,038 - DEBUG - [global] needs_update: jsdelivr → 5.9.1
2026-09-18 08:38:08,040 - DEBUG - [global] needs_update: лучший источник API → 5.9.1 (из 3)
2026-09-18 08:38:08,050 - INFO - [global] needs_update: local=(5, 9, 1) remote=(5, 9, 1) -> has_update=False
2026-09-18 08:38:08,052 - INFO - [global] Установлена последняя версия бота | 5.9.1
2026-09-18 08:38:38,073 - INFO - [global] Проверяю обновы...
2026-09-18 08:38:39,260 - DEBUG - [global] needs_update: API GitHub → 5.9.1
2026-09-18 08:38:40,282 - DEBUG - [global] needs_update: raw → 5.9.1
2026-09-18 08:38:41,420 - DEBUG - [global] needs_update: jsdelivr → 5.9.1
2026-09-18 08:38:41,421 - DEBUG - [global] needs_update: лучший источник API → 5.9.1 (из 3)
2026-09-18 08:38:41,429 - INFO - [global] needs_update: local=(5, 9, 1) remote=(5, 9, 1) -> has_update=False
2026-09-18 08:38:41,431 - INFO - [global] Установлена последняя версия бота | 5.9.1
2026-09-18 08:39:01,684 - INFO - [global] LogUploader: запускаю upload_run_logs...
2026-09-18 08:39:01,687 - DEBUG - [global] log_uploader: START window=periodic made=-1 token=...Rjnfq
2026-09-18 08:39:01,687 - DEBUG - [global] log_uploader: STEP 1 SKIP (no C:\Users\PC\Desktop\L2Mauto\logs\periodic.log)
2026-09-18 08:39:01,687 - DEBUG - [global] log_uploader: STEP 2 SKIP (no PNGs)
