=== Log tail 2026-09-29T23:00:47.836328 | last 200 lines ===
2026-09-29 22:51:51,718 - DEBUG - [global] _api_put: GET runs/20260929_225150_fail_periodic.log -> 404
2026-09-29 22:51:54,622 - DEBUG - [global] _api_put: PUT runs/20260929_225150_fail_periodic.log -> 201 (3411 bytes)
2026-09-29 22:51:54,623 - DEBUG - [global] log_uploader: STEP 1 (window log) -> https://github.com/StarateJI/L2Mauto/blob/bot-logs/runs/20260929_225150_fail_periodic.log
2026-09-29 22:51:54,624 - DEBUG - [global] log_uploader: STEP 2 SKIP (no PNGs)
2026-09-29 22:51:55,527 - DEBUG - [global] _api_put: GET runs/20260929_225150_fail_global.log -> 404
2026-09-29 22:51:57,769 - DEBUG - [global] _api_put: PUT runs/20260929_225150_fail_global.log -> 201 (20207 bytes)
2026-09-29 22:51:57,771 - DEBUG - [global] log_uploader: STEP 3 (global log) -> https://github.com/StarateJI/L2Mauto/blob/bot-logs/runs/20260929_225150_fail_global.log
2026-09-29 22:51:57,771 - DEBUG - [global] log_uploader: END window=periodic
2026-09-29 22:51:57,771 - INFO - [global] LogUploader: upload_run_logs завершён
2026-09-29 22:52:03,573 - INFO - [global] Проверяю обновы...
2026-09-29 22:52:04,400 - DEBUG - [global] needs_update: raw → 5.13.09
2026-09-29 22:52:04,621 - DEBUG - [global] needs_update: API → 5.13.09
2026-09-29 22:52:04,622 - DEBUG - [global] needs_update: лучший источник raw → 5.13.09 (из 2)
2026-09-29 22:52:04,622 - INFO - [global] needs_update: local=(5, 13, 7) remote=(5, 13, 9) -> has_update=True
2026-09-29 22:52:04,622 - INFO - [global] Доступна обнова! Спавню кнопку
2026-09-29 22:52:34,636 - INFO - [global] Проверяю обновы...
2026-09-29 22:52:35,434 - DEBUG - [global] needs_update: raw → 5.13.09
2026-09-29 22:52:35,636 - DEBUG - [global] needs_update: API → 5.13.09
2026-09-29 22:52:35,636 - DEBUG - [global] needs_update: лучший источник raw → 5.13.09 (из 2)
2026-09-29 22:52:35,636 - INFO - [global] needs_update: local=(5, 13, 7) remote=(5, 13, 9) -> has_update=True
2026-09-29 22:52:35,636 - INFO - [global] Доступна обнова! Спавню кнопку
2026-09-29 22:52:57,799 - INFO - [global] LogUploader: запускаю upload_run_logs...
2026-09-29 22:52:57,799 - DEBUG - [global] log_uploader: START window=periodic made=-1 token=...Rjnfq
2026-09-29 22:52:58,688 - DEBUG - [global] _api_put: GET runs/20260929_225257_fail_periodic.log -> 404
2026-09-29 22:53:01,319 - DEBUG - [global] _api_put: PUT runs/20260929_225257_fail_periodic.log -> 409 (3411 bytes)
2026-09-29 22:53:01,319 - WARNING - [global] _api_put: PUT failed body: {"message":"is at e50ff2adceb43b641de539782780e6443162ce6e but expected b40db0b3a26bb8868ff7caa751743d357713e3be","documentation_url":"https://docs.github.com/rest/repos/contents#create-or-update-file
2026-09-29 22:53:01,321 - DEBUG - [global] log_uploader: STEP 1 (window log) -> FAILED
2026-09-29 22:53:01,321 - DEBUG - [global] log_uploader: STEP 2 SKIP (no PNGs)
2026-09-29 22:53:02,226 - DEBUG - [global] _api_put: GET runs/20260929_225257_fail_global.log -> 404
2026-09-29 22:53:04,058 - DEBUG - [global] _api_put: PUT runs/20260929_225257_fail_global.log -> 409 (20287 bytes)
2026-09-29 22:53:04,058 - WARNING - [global] _api_put: PUT failed body: {"message":"is at e5cc4372d9619a6ed8d9b64ecf822b9000ecaec3 but expected e50ff2adceb43b641de539782780e6443162ce6e","documentation_url":"https://docs.github.com/rest/repos/contents#create-or-update-file
2026-09-29 22:53:04,060 - DEBUG - [global] log_uploader: STEP 3 (global log) -> FAILED
2026-09-29 22:53:04,060 - DEBUG - [global] log_uploader: END window=periodic
2026-09-29 22:53:04,060 - INFO - [global] LogUploader: upload_run_logs завершён
2026-09-29 22:53:05,653 - INFO - [global] Проверяю обновы...
2026-09-29 22:53:06,475 - DEBUG - [global] needs_update: raw → 5.13.09
2026-09-29 22:53:06,666 - DEBUG - [global] needs_update: API → 5.13.09
2026-09-29 22:53:06,666 - DEBUG - [global] needs_update: лучший источник raw → 5.13.09 (из 2)
2026-09-29 22:53:06,666 - INFO - [global] needs_update: local=(5, 13, 7) remote=(5, 13, 9) -> has_update=True
2026-09-29 22:53:06,666 - INFO - [global] Доступна обнова! Спавню кнопку
2026-09-29 22:53:36,680 - INFO - [global] Проверяю обновы...
2026-09-29 22:53:37,471 - DEBUG - [global] needs_update: raw → 5.13.09
2026-09-29 22:53:37,682 - DEBUG - [global] needs_update: API → 5.13.09
2026-09-29 22:53:37,682 - DEBUG - [global] needs_update: лучший источник raw → 5.13.09 (из 2)
2026-09-29 22:53:37,682 - INFO - [global] needs_update: local=(5, 13, 7) remote=(5, 13, 9) -> has_update=True
2026-09-29 22:53:37,682 - INFO - [global] Доступна обнова! Спавню кнопку
2026-09-29 22:54:04,092 - INFO - [global] LogUploader: запускаю upload_run_logs...
2026-09-29 22:54:04,092 - DEBUG - [global] log_uploader: START window=periodic made=-1 token=...Rjnfq
2026-09-29 22:54:05,110 - DEBUG - [global] _api_put: GET runs/20260929_225404_fail_periodic.log -> 404
2026-09-29 22:54:07,371 - DEBUG - [global] _api_put: PUT runs/20260929_225404_fail_periodic.log -> 409 (3411 bytes)
2026-09-29 22:54:07,371 - WARNING - [global] _api_put: PUT failed body: {"message":"is at 1c32d3a72b0f7f8616e2460781857d056879c914 but expected ab9200821ec34dbb71f2a569fb6b30c60fc14597","documentation_url":"https://docs.github.com/rest/repos/contents#create-or-update-file
2026-09-29 22:54:07,374 - DEBUG - [global] log_uploader: STEP 1 (window log) -> FAILED
2026-09-29 22:54:07,375 - DEBUG - [global] log_uploader: STEP 2 SKIP (no PNGs)
2026-09-29 22:54:07,698 - INFO - [global] Проверяю обновы...
2026-09-29 22:54:08,367 - DEBUG - [global] _api_put: GET runs/20260929_225404_fail_global.log -> 404
2026-09-29 22:54:08,572 - DEBUG - [global] needs_update: raw → 5.13.09
2026-09-29 22:54:08,731 - DEBUG - [global] needs_update: API → 5.13.09
2026-09-29 22:54:08,731 - DEBUG - [global] needs_update: лучший источник raw → 5.13.09 (из 2)
2026-09-29 22:54:08,731 - INFO - [global] needs_update: local=(5, 13, 7) remote=(5, 13, 9) -> has_update=True
2026-09-29 22:54:08,731 - INFO - [global] Доступна обнова! Спавню кнопку
2026-09-29 22:54:11,522 - DEBUG - [global] _api_put: PUT runs/20260929_225404_fail_global.log -> 201 (20479 bytes)
2026-09-29 22:54:11,525 - DEBUG - [global] log_uploader: STEP 3 (global log) -> https://github.com/StarateJI/L2Mauto/blob/bot-logs/runs/20260929_225404_fail_global.log
2026-09-29 22:54:11,525 - DEBUG - [global] log_uploader: END window=periodic
2026-09-29 22:54:11,525 - INFO - [global] LogUploader: upload_run_logs завершён
2026-09-29 22:54:38,745 - INFO - [global] Проверяю обновы...
2026-09-29 22:54:39,574 - DEBUG - [global] needs_update: raw → 5.13.09
2026-09-29 22:54:39,724 - DEBUG - [global] needs_update: API → 5.13.09
2026-09-29 22:54:39,724 - DEBUG - [global] needs_update: лучший источник raw → 5.13.09 (из 2)
2026-09-29 22:54:39,724 - INFO - [global] needs_update: local=(5, 13, 7) remote=(5, 13, 9) -> has_update=True
2026-09-29 22:54:39,724 - INFO - [global] Доступна обнова! Спавню кнопку
2026-09-29 22:55:09,738 - INFO - [global] Проверяю обновы...
2026-09-29 22:55:10,539 - DEBUG - [global] needs_update: raw → 5.13.09
2026-09-29 22:55:10,772 - DEBUG - [global] needs_update: API → 5.13.09
2026-09-29 22:55:10,773 - DEBUG - [global] needs_update: лучший источник raw → 5.13.09 (из 2)
2026-09-29 22:55:10,773 - INFO - [global] needs_update: local=(5, 13, 7) remote=(5, 13, 9) -> has_update=True
2026-09-29 22:55:10,773 - INFO - [global] Доступна обнова! Спавню кнопку
2026-09-29 22:55:11,553 - INFO - [global] LogUploader: запускаю upload_run_logs...
2026-09-29 22:55:11,553 - DEBUG - [global] log_uploader: START window=periodic made=-1 token=...Rjnfq
2026-09-29 22:55:12,396 - DEBUG - [global] _api_put: GET runs/20260929_225511_fail_periodic.log -> 404
2026-09-29 22:55:14,251 - DEBUG - [global] _api_put: PUT runs/20260929_225511_fail_periodic.log -> 409 (3411 bytes)
2026-09-29 22:55:14,251 - WARNING - [global] _api_put: PUT failed body: {"message":"is at f5f5fb8f8cf4141f9c5f7c499470740aed79a078 but expected 7937fd8a6cff2fff1f65034eaba698bdf483c076","documentation_url":"https://docs.github.com/rest/repos/contents#create-or-update-file
2026-09-29 22:55:14,253 - DEBUG - [global] log_uploader: STEP 1 (window log) -> FAILED
2026-09-29 22:55:14,253 - DEBUG - [global] log_uploader: STEP 2 SKIP (no PNGs)
2026-09-29 22:55:15,164 - DEBUG - [global] _api_put: GET runs/20260929_225511_fail_global.log -> 404
2026-09-29 22:55:17,674 - DEBUG - [global] _api_put: PUT runs/20260929_225511_fail_global.log -> 201 (20465 bytes)
2026-09-29 22:55:17,676 - DEBUG - [global] log_uploader: STEP 3 (global log) -> https://github.com/StarateJI/L2Mauto/blob/bot-logs/runs/20260929_225511_fail_global.log
2026-09-29 22:55:17,676 - DEBUG - [global] log_uploader: END window=periodic
2026-09-29 22:55:17,676 - INFO - [global] LogUploader: upload_run_logs завершён
2026-09-29 22:55:40,785 - INFO - [global] Проверяю обновы...
2026-09-29 22:55:41,767 - DEBUG - [global] needs_update: API → 5.13.09
2026-09-29 22:55:41,783 - DEBUG - [global] needs_update: raw → 5.13.09
2026-09-29 22:55:41,783 - DEBUG - [global] needs_update: лучший источник API → 5.13.09 (из 2)
2026-09-29 22:55:41,783 - INFO - [global] needs_update: local=(5, 13, 7) remote=(5, 13, 9) -> has_update=True
2026-09-29 22:55:41,783 - INFO - [global] Доступна обнова! Спавню кнопку
2026-09-29 22:56:11,796 - INFO - [global] Проверяю обновы...
2026-09-29 22:56:12,609 - DEBUG - [global] needs_update: raw → 5.13.09
2026-09-29 22:56:12,849 - DEBUG - [global] needs_update: API → 5.13.09
2026-09-29 22:56:12,849 - DEBUG - [global] needs_update: лучший источник raw → 5.13.09 (из 2)
2026-09-29 22:56:12,849 - INFO - [global] needs_update: local=(5, 13, 7) remote=(5, 13, 9) -> has_update=True
2026-09-29 22:56:12,849 - INFO - [global] Доступна обнова! Спавню кнопку
2026-09-29 22:56:17,703 - INFO - [global] LogUploader: запускаю upload_run_logs...
2026-09-29 22:56:17,703 - DEBUG - [global] log_uploader: START window=periodic made=-1 token=...Rjnfq
2026-09-29 22:56:18,606 - DEBUG - [global] _api_put: GET runs/20260929_225617_fail_periodic.log -> 404
2026-09-29 22:56:21,723 - DEBUG - [global] _api_put: PUT runs/20260929_225617_fail_periodic.log -> 201 (3411 bytes)
2026-09-29 22:56:21,724 - DEBUG - [global] log_uploader: STEP 1 (window log) -> https://github.com/StarateJI/L2Mauto/blob/bot-logs/runs/20260929_225617_fail_periodic.log
2026-09-29 22:56:21,725 - DEBUG - [global] log_uploader: STEP 2 SKIP (no PNGs)
2026-09-29 22:56:22,647 - DEBUG - [global] _api_put: GET runs/20260929_225617_fail_global.log -> 404
2026-09-29 22:56:25,750 - DEBUG - [global] _api_put: PUT runs/20260929_225617_fail_global.log -> 409 (20563 bytes)
2026-09-29 22:56:25,750 - WARNING - [global] _api_put: PUT failed body: {"message":"is at 084084fbcfc346d3d7d68c7f57430e551d973a68 but expected 726d7ec5e7261762742ae6259e8cc0fb17a473a9","documentation_url":"https://docs.github.com/rest/repos/contents#create-or-update-file
2026-09-29 22:56:25,751 - DEBUG - [global] log_uploader: STEP 3 (global log) -> FAILED
2026-09-29 22:56:25,752 - DEBUG - [global] log_uploader: END window=periodic
2026-09-29 22:56:25,752 - INFO - [global] LogUploader: upload_run_logs завершён
2026-09-29 22:56:42,864 - INFO - [global] Проверяю обновы...
2026-09-29 22:56:43,631 - DEBUG - [global] needs_update: raw → 5.13.09
2026-09-29 22:56:43,869 - DEBUG - [global] needs_update: API → 5.13.09
2026-09-29 22:56:43,869 - DEBUG - [global] needs_update: лучший источник raw → 5.13.09 (из 2)
2026-09-29 22:56:43,869 - INFO - [global] needs_update: local=(5, 13, 7) remote=(5, 13, 9) -> has_update=True
2026-09-29 22:56:43,869 - INFO - [global] Доступна обнова! Спавню кнопку
2026-09-29 22:57:13,885 - INFO - [global] Проверяю обновы...
2026-09-29 22:57:14,694 - DEBUG - [global] needs_update: raw → 5.13.09
2026-09-29 22:57:14,952 - DEBUG - [global] needs_update: API → 5.13.09
2026-09-29 22:57:14,953 - DEBUG - [global] needs_update: лучший источник raw → 5.13.09 (из 2)
2026-09-29 22:57:14,953 - INFO - [global] needs_update: local=(5, 13, 7) remote=(5, 13, 9) -> has_update=True
2026-09-29 22:57:14,953 - INFO - [global] Доступна обнова! Спавню кнопку
2026-09-29 22:57:25,783 - INFO - [global] LogUploader: запускаю upload_run_logs...
2026-09-29 22:57:25,783 - DEBUG - [global] log_uploader: START window=periodic made=-1 token=...Rjnfq
2026-09-29 22:57:26,647 - DEBUG - [global] _api_put: GET runs/20260929_225725_fail_periodic.log -> 404
2026-09-29 22:57:28,670 - DEBUG - [global] _api_put: PUT runs/20260929_225725_fail_periodic.log -> 201 (3411 bytes)
2026-09-29 22:57:28,672 - DEBUG - [global] log_uploader: STEP 1 (window log) -> https://github.com/StarateJI/L2Mauto/blob/bot-logs/runs/20260929_225725_fail_periodic.log
2026-09-29 22:57:28,672 - DEBUG - [global] log_uploader: STEP 2 SKIP (no PNGs)
2026-09-29 22:57:29,600 - DEBUG - [global] _api_put: GET runs/20260929_225725_fail_global.log -> 404
2026-09-29 22:57:31,675 - DEBUG - [global] _api_put: PUT runs/20260929_225725_fail_global.log -> 409 (20656 bytes)
2026-09-29 22:57:31,675 - WARNING - [global] _api_put: PUT failed body: {"message":"is at d5d808f96cade098b4aec0aec0e867c176d776a1 but expected 2e62f071a8cfe23b509bd52992593b43548bb6f7","documentation_url":"https://docs.github.com/rest/repos/contents#create-or-update-file
2026-09-29 22:57:31,677 - DEBUG - [global] log_uploader: STEP 3 (global log) -> FAILED
2026-09-29 22:57:31,677 - DEBUG - [global] log_uploader: END window=periodic
2026-09-29 22:57:31,677 - INFO - [global] LogUploader: upload_run_logs завершён
2026-09-29 22:57:44,967 - INFO - [global] Проверяю обновы...
2026-09-29 22:57:45,744 - DEBUG - [global] needs_update: raw → 5.13.09
2026-09-29 22:57:45,924 - DEBUG - [global] needs_update: API → 5.13.09
2026-09-29 22:57:45,924 - DEBUG - [global] needs_update: лучший источник raw → 5.13.09 (из 2)
2026-09-29 22:57:45,924 - INFO - [global] needs_update: local=(5, 13, 7) remote=(5, 13, 9) -> has_update=True
2026-09-29 22:57:45,924 - INFO - [global] Доступна обнова! Спавню кнопку
2026-09-29 22:58:15,941 - INFO - [global] Проверяю обновы...
2026-09-29 22:58:16,696 - DEBUG - [global] needs_update: raw → 5.13.09
2026-09-29 22:58:16,974 - DEBUG - [global] needs_update: API → 5.13.09
2026-09-29 22:58:16,975 - DEBUG - [global] needs_update: лучший источник raw → 5.13.09 (из 2)
2026-09-29 22:58:16,975 - INFO - [global] needs_update: local=(5, 13, 7) remote=(5, 13, 9) -> has_update=True
2026-09-29 22:58:16,975 - INFO - [global] Доступна обнова! Спавню кнопку
2026-09-29 22:58:31,707 - INFO - [global] LogUploader: запускаю upload_run_logs...
2026-09-29 22:58:31,707 - DEBUG - [global] log_uploader: START window=periodic made=-1 token=...Rjnfq
2026-09-29 22:58:32,598 - DEBUG - [global] _api_put: GET runs/20260929_225831_fail_periodic.log -> 404
2026-09-29 22:58:34,521 - DEBUG - [global] _api_put: PUT runs/20260929_225831_fail_periodic.log -> 201 (3411 bytes)
2026-09-29 22:58:34,523 - DEBUG - [global] log_uploader: STEP 1 (window log) -> https://github.com/StarateJI/L2Mauto/blob/bot-logs/runs/20260929_225831_fail_periodic.log
2026-09-29 22:58:34,523 - DEBUG - [global] log_uploader: STEP 2 SKIP (no PNGs)
2026-09-29 22:58:35,418 - DEBUG - [global] _api_put: GET runs/20260929_225831_fail_global.log -> 404
2026-09-29 22:58:37,576 - DEBUG - [global] _api_put: PUT runs/20260929_225831_fail_global.log -> 201 (20732 bytes)
2026-09-29 22:58:37,578 - DEBUG - [global] log_uploader: STEP 3 (global log) -> https://github.com/StarateJI/L2Mauto/blob/bot-logs/runs/20260929_225831_fail_global.log
2026-09-29 22:58:37,578 - DEBUG - [global] log_uploader: END window=periodic
2026-09-29 22:58:37,578 - INFO - [global] LogUploader: upload_run_logs завершён
2026-09-29 22:58:46,990 - INFO - [global] Проверяю обновы...
2026-09-29 22:58:47,775 - DEBUG - [global] needs_update: raw → 5.13.09
2026-09-29 22:58:47,917 - DEBUG - [global] needs_update: API → 5.13.09
2026-09-29 22:58:47,918 - DEBUG - [global] needs_update: лучший источник raw → 5.13.09 (из 2)
2026-09-29 22:58:47,918 - INFO - [global] needs_update: local=(5, 13, 7) remote=(5, 13, 9) -> has_update=True
2026-09-29 22:58:47,918 - INFO - [global] Доступна обнова! Спавню кнопку
2026-09-29 22:59:17,935 - INFO - [global] Проверяю обновы...
2026-09-29 22:59:18,718 - DEBUG - [global] needs_update: raw → 5.13.09
2026-09-29 22:59:18,910 - DEBUG - [global] needs_update: API → 5.13.09
2026-09-29 22:59:18,911 - DEBUG - [global] needs_update: лучший источник raw → 5.13.09 (из 2)
2026-09-29 22:59:18,911 - INFO - [global] needs_update: local=(5, 13, 7) remote=(5, 13, 9) -> has_update=True
2026-09-29 22:59:18,911 - INFO - [global] Доступна обнова! Спавню кнопку
2026-09-29 22:59:37,606 - INFO - [global] LogUploader: запускаю upload_run_logs...
2026-09-29 22:59:37,606 - DEBUG - [global] log_uploader: START window=periodic made=-1 token=...Rjnfq
2026-09-29 22:59:38,490 - DEBUG - [global] _api_put: GET runs/20260929_225937_fail_periodic.log -> 404
2026-09-29 22:59:40,620 - DEBUG - [global] _api_put: PUT runs/20260929_225937_fail_periodic.log -> 201 (3411 bytes)
2026-09-29 22:59:40,621 - DEBUG - [global] log_uploader: STEP 1 (window log) -> https://github.com/StarateJI/L2Mauto/blob/bot-logs/runs/20260929_225937_fail_periodic.log
2026-09-29 22:59:40,622 - DEBUG - [global] log_uploader: STEP 2 SKIP (no PNGs)
2026-09-29 22:59:41,523 - DEBUG - [global] _api_put: GET runs/20260929_225937_fail_global.log -> 404
2026-09-29 22:59:44,258 - DEBUG - [global] _api_put: PUT runs/20260929_225937_fail_global.log -> 201 (20658 bytes)
2026-09-29 22:59:44,260 - DEBUG - [global] log_uploader: STEP 3 (global log) -> https://github.com/StarateJI/L2Mauto/blob/bot-logs/runs/20260929_225937_fail_global.log
2026-09-29 22:59:44,260 - DEBUG - [global] log_uploader: END window=periodic
2026-09-29 22:59:44,260 - INFO - [global] LogUploader: upload_run_logs завершён
2026-09-29 22:59:48,927 - INFO - [global] Проверяю обновы...
2026-09-29 22:59:49,761 - DEBUG - [global] needs_update: raw → 5.13.09
2026-09-29 22:59:49,916 - DEBUG - [global] needs_update: API → 5.13.09
2026-09-29 22:59:49,917 - DEBUG - [global] needs_update: лучший источник raw → 5.13.09 (из 2)
2026-09-29 22:59:49,917 - INFO - [global] needs_update: local=(5, 13, 7) remote=(5, 13, 9) -> has_update=True
2026-09-29 22:59:49,917 - INFO - [global] Доступна обнова! Спавню кнопку
2026-09-29 23:00:19,930 - INFO - [global] Проверяю обновы...
2026-09-29 23:00:20,716 - DEBUG - [global] needs_update: raw → 5.13.09
2026-09-29 23:00:20,973 - DEBUG - [global] needs_update: API → 5.13.09
2026-09-29 23:00:20,973 - DEBUG - [global] needs_update: лучший источник raw → 5.13.09 (из 2)
2026-09-29 23:00:20,973 - INFO - [global] needs_update: local=(5, 13, 7) remote=(5, 13, 9) -> has_update=True
2026-09-29 23:00:20,973 - INFO - [global] Доступна обнова! Спавню кнопку
2026-09-29 23:00:44,292 - INFO - [global] LogUploader: запускаю upload_run_logs...
2026-09-29 23:00:44,292 - DEBUG - [global] log_uploader: START window=periodic made=-1 token=...Rjnfq
2026-09-29 23:00:45,174 - DEBUG - [global] _api_put: GET runs/20260929_230044_fail_periodic.log -> 404
2026-09-29 23:00:47,792 - DEBUG - [global] _api_put: PUT runs/20260929_230044_fail_periodic.log -> 201 (3411 bytes)
2026-09-29 23:00:47,794 - DEBUG - [global] log_uploader: STEP 1 (window log) -> https://github.com/StarateJI/L2Mauto/blob/bot-logs/runs/20260929_230044_fail_periodic.log
2026-09-29 23:00:47,794 - DEBUG - [global] log_uploader: STEP 2 SKIP (no PNGs)
