=== Log tail 2026-09-25T13:53:36.466575 | last 200 lines ===
2026-09-25 13:44:23,383 - DEBUG - [global] needs_update: лучший источник raw → 5.13.07 (из 2)
2026-09-25 13:44:23,383 - INFO - [global] needs_update: local=(5, 13, 7) remote=(5, 13, 7) -> has_update=False
2026-09-25 13:44:23,384 - INFO - [global] Установлена последняя версия бота | 5.13.07
2026-09-25 13:44:34,614 - INFO - [global] LogUploader: запускаю upload_run_logs...
2026-09-25 13:44:34,614 - DEBUG - [global] log_uploader: START window=periodic made=-1 token=...Rjnfq
2026-09-25 13:44:35,482 - DEBUG - [global] _api_put: GET runs/20260925_134434_fail_periodic.log -> 404
2026-09-25 13:44:37,004 - DEBUG - [global] _api_put: PUT runs/20260925_134434_fail_periodic.log -> 201 (477 bytes)
2026-09-25 13:44:37,006 - DEBUG - [global] log_uploader: STEP 1 (window log) -> https://github.com/StarateJI/L2Mauto/blob/bot-logs/runs/20260925_134434_fail_periodic.log
2026-09-25 13:44:37,006 - DEBUG - [global] log_uploader: STEP 2 SKIP (no PNGs)
2026-09-25 13:44:40,575 - DEBUG - [global] _api_put: GET runs/20260925_134434_fail_global.log -> 404
2026-09-25 13:44:42,218 - DEBUG - [global] _api_put: PUT runs/20260925_134434_fail_global.log -> 201 (20444 bytes)
2026-09-25 13:44:42,220 - DEBUG - [global] log_uploader: STEP 3 (global log) -> https://github.com/StarateJI/L2Mauto/blob/bot-logs/runs/20260925_134434_fail_global.log
2026-09-25 13:44:42,220 - DEBUG - [global] log_uploader: END window=periodic
2026-09-25 13:44:42,220 - INFO - [global] LogUploader: upload_run_logs завершён
2026-09-25 13:44:53,394 - INFO - [global] Проверяю обновы...
2026-09-25 13:44:54,195 - DEBUG - [global] needs_update: raw → 5.13.07
2026-09-25 13:44:57,214 - DEBUG - [global] needs_update: API → 5.13.07
2026-09-25 13:44:57,214 - DEBUG - [global] needs_update: лучший источник raw → 5.13.07 (из 2)
2026-09-25 13:44:57,214 - INFO - [global] needs_update: local=(5, 13, 7) remote=(5, 13, 7) -> has_update=False
2026-09-25 13:44:57,215 - INFO - [global] Установлена последняя версия бота | 5.13.07
2026-09-25 13:45:27,232 - INFO - [global] Проверяю обновы...
2026-09-25 13:45:27,998 - DEBUG - [global] needs_update: raw → 5.13.07
2026-09-25 13:45:28,252 - DEBUG - [global] needs_update: API → 5.13.07
2026-09-25 13:45:28,252 - DEBUG - [global] needs_update: лучший источник raw → 5.13.07 (из 2)
2026-09-25 13:45:28,252 - INFO - [global] needs_update: local=(5, 13, 7) remote=(5, 13, 7) -> has_update=False
2026-09-25 13:45:28,253 - INFO - [global] Установлена последняя версия бота | 5.13.07
2026-09-25 13:45:42,252 - INFO - [global] LogUploader: запускаю upload_run_logs...
2026-09-25 13:45:42,252 - DEBUG - [global] log_uploader: START window=periodic made=-1 token=...Rjnfq
2026-09-25 13:45:43,166 - DEBUG - [global] _api_put: GET runs/20260925_134542_fail_periodic.log -> 404
2026-09-25 13:45:44,786 - DEBUG - [global] _api_put: PUT runs/20260925_134542_fail_periodic.log -> 201 (477 bytes)
2026-09-25 13:45:44,787 - DEBUG - [global] log_uploader: STEP 1 (window log) -> https://github.com/StarateJI/L2Mauto/blob/bot-logs/runs/20260925_134542_fail_periodic.log
2026-09-25 13:45:44,788 - DEBUG - [global] log_uploader: STEP 2 SKIP (no PNGs)
2026-09-25 13:45:45,622 - DEBUG - [global] _api_put: GET runs/20260925_134542_fail_global.log -> 404
2026-09-25 13:45:47,418 - DEBUG - [global] _api_put: PUT runs/20260925_134542_fail_global.log -> 201 (20444 bytes)
2026-09-25 13:45:47,419 - DEBUG - [global] log_uploader: STEP 3 (global log) -> https://github.com/StarateJI/L2Mauto/blob/bot-logs/runs/20260925_134542_fail_global.log
2026-09-25 13:45:47,419 - DEBUG - [global] log_uploader: END window=periodic
2026-09-25 13:45:47,419 - INFO - [global] LogUploader: upload_run_logs завершён
2026-09-25 13:45:58,267 - INFO - [global] Проверяю обновы...
2026-09-25 13:45:59,037 - DEBUG - [global] needs_update: raw → 5.13.07
2026-09-25 13:45:59,259 - DEBUG - [global] needs_update: API → 5.13.07
2026-09-25 13:45:59,259 - DEBUG - [global] needs_update: лучший источник raw → 5.13.07 (из 2)
2026-09-25 13:45:59,259 - INFO - [global] needs_update: local=(5, 13, 7) remote=(5, 13, 7) -> has_update=False
2026-09-25 13:45:59,259 - INFO - [global] Установлена последняя версия бота | 5.13.07
2026-09-25 13:46:29,273 - INFO - [global] Проверяю обновы...
2026-09-25 13:46:30,065 - DEBUG - [global] needs_update: raw → 5.13.07
2026-09-25 13:46:30,224 - DEBUG - [global] needs_update: API → 5.13.07
2026-09-25 13:46:30,225 - DEBUG - [global] needs_update: лучший источник raw → 5.13.07 (из 2)
2026-09-25 13:46:30,225 - INFO - [global] needs_update: local=(5, 13, 7) remote=(5, 13, 7) -> has_update=False
2026-09-25 13:46:30,225 - INFO - [global] Установлена последняя версия бота | 5.13.07
2026-09-25 13:46:47,446 - INFO - [global] LogUploader: запускаю upload_run_logs...
2026-09-25 13:46:47,446 - DEBUG - [global] log_uploader: START window=periodic made=-1 token=...Rjnfq
2026-09-25 13:46:48,267 - DEBUG - [global] _api_put: GET runs/20260925_134647_fail_periodic.log -> 404
2026-09-25 13:46:49,983 - DEBUG - [global] _api_put: PUT runs/20260925_134647_fail_periodic.log -> 201 (477 bytes)
2026-09-25 13:46:49,985 - DEBUG - [global] log_uploader: STEP 1 (window log) -> https://github.com/StarateJI/L2Mauto/blob/bot-logs/runs/20260925_134647_fail_periodic.log
2026-09-25 13:46:49,985 - DEBUG - [global] log_uploader: STEP 2 SKIP (no PNGs)
2026-09-25 13:46:50,805 - DEBUG - [global] _api_put: GET runs/20260925_134647_fail_global.log -> 404
2026-09-25 13:46:52,452 - DEBUG - [global] _api_put: PUT runs/20260925_134647_fail_global.log -> 201 (20325 bytes)
2026-09-25 13:46:52,454 - DEBUG - [global] log_uploader: STEP 3 (global log) -> https://github.com/StarateJI/L2Mauto/blob/bot-logs/runs/20260925_134647_fail_global.log
2026-09-25 13:46:52,454 - DEBUG - [global] log_uploader: END window=periodic
2026-09-25 13:46:52,454 - INFO - [global] LogUploader: upload_run_logs завершён
2026-09-25 13:47:00,240 - INFO - [global] Проверяю обновы...
2026-09-25 13:47:01,049 - DEBUG - [global] needs_update: raw → 5.13.07
2026-09-25 13:47:01,278 - DEBUG - [global] needs_update: API → 5.13.07
2026-09-25 13:47:01,278 - DEBUG - [global] needs_update: лучший источник raw → 5.13.07 (из 2)
2026-09-25 13:47:01,278 - INFO - [global] needs_update: local=(5, 13, 7) remote=(5, 13, 7) -> has_update=False
2026-09-25 13:47:01,279 - INFO - [global] Установлена последняя версия бота | 5.13.07
2026-09-25 13:47:31,296 - INFO - [global] Проверяю обновы...
2026-09-25 13:47:32,079 - DEBUG - [global] needs_update: raw → 5.13.07
2026-09-25 13:47:32,446 - DEBUG - [global] needs_update: API → 5.13.07
2026-09-25 13:47:32,446 - DEBUG - [global] needs_update: лучший источник raw → 5.13.07 (из 2)
2026-09-25 13:47:32,446 - INFO - [global] needs_update: local=(5, 13, 7) remote=(5, 13, 7) -> has_update=False
2026-09-25 13:47:32,447 - INFO - [global] Установлена последняя версия бота | 5.13.07
2026-09-25 13:47:52,481 - INFO - [global] LogUploader: запускаю upload_run_logs...
2026-09-25 13:47:52,481 - DEBUG - [global] log_uploader: START window=periodic made=-1 token=...Rjnfq
2026-09-25 13:47:53,392 - DEBUG - [global] _api_put: GET runs/20260925_134752_fail_periodic.log -> 404
2026-09-25 13:47:55,224 - DEBUG - [global] _api_put: PUT runs/20260925_134752_fail_periodic.log -> 201 (477 bytes)
2026-09-25 13:47:55,225 - DEBUG - [global] log_uploader: STEP 1 (window log) -> https://github.com/StarateJI/L2Mauto/blob/bot-logs/runs/20260925_134752_fail_periodic.log
2026-09-25 13:47:55,226 - DEBUG - [global] log_uploader: STEP 2 SKIP (no PNGs)
2026-09-25 13:47:56,300 - DEBUG - [global] _api_put: GET runs/20260925_134752_fail_global.log -> 404
2026-09-25 13:47:58,155 - DEBUG - [global] _api_put: PUT runs/20260925_134752_fail_global.log -> 201 (20325 bytes)
2026-09-25 13:47:58,156 - DEBUG - [global] log_uploader: STEP 3 (global log) -> https://github.com/StarateJI/L2Mauto/blob/bot-logs/runs/20260925_134752_fail_global.log
2026-09-25 13:47:58,156 - DEBUG - [global] log_uploader: END window=periodic
2026-09-25 13:47:58,156 - INFO - [global] LogUploader: upload_run_logs завершён
2026-09-25 13:48:02,461 - INFO - [global] Проверяю обновы...
2026-09-25 13:48:03,271 - DEBUG - [global] needs_update: raw → 5.13.07
2026-09-25 13:48:04,636 - DEBUG - [global] needs_update: API → 5.13.07
2026-09-25 13:48:04,636 - DEBUG - [global] needs_update: лучший источник raw → 5.13.07 (из 2)
2026-09-25 13:48:04,637 - INFO - [global] needs_update: local=(5, 13, 7) remote=(5, 13, 7) -> has_update=False
2026-09-25 13:48:04,637 - INFO - [global] Установлена последняя версия бота | 5.13.07
2026-09-25 13:48:34,653 - INFO - [global] Проверяю обновы...
2026-09-25 13:48:35,472 - DEBUG - [global] needs_update: raw → 5.13.07
2026-09-25 13:48:35,686 - DEBUG - [global] needs_update: API → 5.13.07
2026-09-25 13:48:35,686 - DEBUG - [global] needs_update: лучший источник raw → 5.13.07 (из 2)
2026-09-25 13:48:35,686 - INFO - [global] needs_update: local=(5, 13, 7) remote=(5, 13, 7) -> has_update=False
2026-09-25 13:48:35,687 - INFO - [global] Установлена последняя версия бота | 5.13.07
2026-09-25 13:48:58,186 - INFO - [global] LogUploader: запускаю upload_run_logs...
2026-09-25 13:48:58,186 - DEBUG - [global] log_uploader: START window=periodic made=-1 token=...Rjnfq
2026-09-25 13:48:59,120 - DEBUG - [global] _api_put: GET runs/20260925_134858_fail_periodic.log -> 404
2026-09-25 13:49:00,965 - DEBUG - [global] _api_put: PUT runs/20260925_134858_fail_periodic.log -> 409 (477 bytes)
2026-09-25 13:49:00,965 - WARNING - [global] _api_put: PUT failed body: {"message":"is at 9a3734f8b9d9b7378e370524f2fda5c57b65f6d5 but expected 68b23cbba160a0f5ba63636df6c26a63b4701079","documentation_url":"https://docs.github.com/rest/repos/contents#create-or-update-file
2026-09-25 13:49:00,966 - DEBUG - [global] log_uploader: STEP 1 (window log) -> FAILED
2026-09-25 13:49:00,967 - DEBUG - [global] log_uploader: STEP 2 SKIP (no PNGs)
2026-09-25 13:49:02,940 - DEBUG - [global] _api_put: GET runs/20260925_134858_fail_global.log -> 404
2026-09-25 13:49:04,898 - DEBUG - [global] _api_put: PUT runs/20260925_134858_fail_global.log -> 201 (20442 bytes)
2026-09-25 13:49:04,899 - DEBUG - [global] log_uploader: STEP 3 (global log) -> https://github.com/StarateJI/L2Mauto/blob/bot-logs/runs/20260925_134858_fail_global.log
2026-09-25 13:49:04,899 - DEBUG - [global] log_uploader: END window=periodic
2026-09-25 13:49:04,899 - INFO - [global] LogUploader: upload_run_logs завершён
2026-09-25 13:49:05,700 - INFO - [global] Проверяю обновы...
2026-09-25 13:49:06,495 - DEBUG - [global] needs_update: raw → 5.13.07
2026-09-25 13:49:10,076 - DEBUG - [global] needs_update: API → 5.13.07
2026-09-25 13:49:10,076 - DEBUG - [global] needs_update: лучший источник raw → 5.13.07 (из 2)
2026-09-25 13:49:10,076 - INFO - [global] needs_update: local=(5, 13, 7) remote=(5, 13, 7) -> has_update=False
2026-09-25 13:49:10,077 - INFO - [global] Установлена последняя версия бота | 5.13.07
2026-09-25 13:49:40,092 - INFO - [global] Проверяю обновы...
2026-09-25 13:49:40,900 - DEBUG - [global] needs_update: raw → 5.13.07
2026-09-25 13:49:41,132 - DEBUG - [global] needs_update: API → 5.13.07
2026-09-25 13:49:41,132 - DEBUG - [global] needs_update: лучший источник raw → 5.13.07 (из 2)
2026-09-25 13:49:41,132 - INFO - [global] needs_update: local=(5, 13, 7) remote=(5, 13, 7) -> has_update=False
2026-09-25 13:49:41,133 - INFO - [global] Установлена последняя версия бота | 5.13.07
2026-09-25 13:50:04,926 - INFO - [global] LogUploader: запускаю upload_run_logs...
2026-09-25 13:50:04,926 - DEBUG - [global] log_uploader: START window=periodic made=-1 token=...Rjnfq
2026-09-25 13:50:08,683 - DEBUG - [global] _api_put: GET runs/20260925_135004_fail_periodic.log -> 404
2026-09-25 13:50:10,242 - DEBUG - [global] _api_put: PUT runs/20260925_135004_fail_periodic.log -> 201 (477 bytes)
2026-09-25 13:50:10,244 - DEBUG - [global] log_uploader: STEP 1 (window log) -> https://github.com/StarateJI/L2Mauto/blob/bot-logs/runs/20260925_135004_fail_periodic.log
2026-09-25 13:50:10,244 - DEBUG - [global] log_uploader: STEP 2 SKIP (no PNGs)
2026-09-25 13:50:11,147 - INFO - [global] Проверяю обновы...
2026-09-25 13:50:11,223 - DEBUG - [global] _api_put: GET runs/20260925_135004_fail_global.log -> 404
2026-09-25 13:50:11,974 - DEBUG - [global] needs_update: raw → 5.13.07
2026-09-25 13:50:12,218 - DEBUG - [global] needs_update: API → 5.13.07
2026-09-25 13:50:12,219 - DEBUG - [global] needs_update: лучший источник raw → 5.13.07 (из 2)
2026-09-25 13:50:12,219 - INFO - [global] needs_update: local=(5, 13, 7) remote=(5, 13, 7) -> has_update=False
2026-09-25 13:50:12,219 - INFO - [global] Установлена последняя версия бота | 5.13.07
2026-09-25 13:50:13,075 - DEBUG - [global] _api_put: PUT runs/20260925_135004_fail_global.log -> 201 (20442 bytes)
2026-09-25 13:50:13,078 - DEBUG - [global] log_uploader: STEP 3 (global log) -> https://github.com/StarateJI/L2Mauto/blob/bot-logs/runs/20260925_135004_fail_global.log
2026-09-25 13:50:13,078 - DEBUG - [global] log_uploader: END window=periodic
2026-09-25 13:50:13,078 - INFO - [global] LogUploader: upload_run_logs завершён
2026-09-25 13:50:42,234 - INFO - [global] Проверяю обновы...
2026-09-25 13:50:43,037 - DEBUG - [global] needs_update: raw → 5.13.07
2026-09-25 13:50:43,282 - DEBUG - [global] needs_update: API → 5.13.07
2026-09-25 13:50:43,282 - DEBUG - [global] needs_update: лучший источник raw → 5.13.07 (из 2)
2026-09-25 13:50:43,282 - INFO - [global] needs_update: local=(5, 13, 7) remote=(5, 13, 7) -> has_update=False
2026-09-25 13:50:43,282 - INFO - [global] Установлена последняя версия бота | 5.13.07
2026-09-25 13:51:13,108 - INFO - [global] LogUploader: запускаю upload_run_logs...
2026-09-25 13:51:13,108 - DEBUG - [global] log_uploader: START window=periodic made=-1 token=...Rjnfq
2026-09-25 13:51:13,297 - INFO - [global] Проверяю обновы...
2026-09-25 13:51:14,132 - DEBUG - [global] needs_update: raw → 5.13.07
2026-09-25 13:51:14,369 - DEBUG - [global] needs_update: API → 5.13.07
2026-09-25 13:51:14,369 - DEBUG - [global] needs_update: лучший источник raw → 5.13.07 (из 2)
2026-09-25 13:51:14,369 - INFO - [global] needs_update: local=(5, 13, 7) remote=(5, 13, 7) -> has_update=False
2026-09-25 13:51:14,370 - INFO - [global] Установлена последняя версия бота | 5.13.07
2026-09-25 13:51:22,701 - DEBUG - [global] _api_put: GET runs/20260925_135113_fail_periodic.log -> 404
2026-09-25 13:51:24,204 - DEBUG - [global] _api_put: PUT runs/20260925_135113_fail_periodic.log -> 201 (477 bytes)
2026-09-25 13:51:24,206 - DEBUG - [global] log_uploader: STEP 1 (window log) -> https://github.com/StarateJI/L2Mauto/blob/bot-logs/runs/20260925_135113_fail_periodic.log
2026-09-25 13:51:24,206 - DEBUG - [global] log_uploader: STEP 2 SKIP (no PNGs)
2026-09-25 13:51:25,340 - DEBUG - [global] _api_put: GET runs/20260925_135113_fail_global.log -> 404
2026-09-25 13:51:27,336 - DEBUG - [global] _api_put: PUT runs/20260925_135113_fail_global.log -> 201 (20442 bytes)
2026-09-25 13:51:27,338 - DEBUG - [global] log_uploader: STEP 3 (global log) -> https://github.com/StarateJI/L2Mauto/blob/bot-logs/runs/20260925_135113_fail_global.log
2026-09-25 13:51:27,338 - DEBUG - [global] log_uploader: END window=periodic
2026-09-25 13:51:27,338 - INFO - [global] LogUploader: upload_run_logs завершён
2026-09-25 13:51:44,384 - INFO - [global] Проверяю обновы...
2026-09-25 13:51:45,117 - DEBUG - [global] needs_update: raw → 5.13.07
2026-09-25 13:51:45,410 - DEBUG - [global] needs_update: API → 5.13.07
2026-09-25 13:51:45,410 - DEBUG - [global] needs_update: лучший источник raw → 5.13.07 (из 2)
2026-09-25 13:51:45,410 - INFO - [global] needs_update: local=(5, 13, 7) remote=(5, 13, 7) -> has_update=False
2026-09-25 13:51:45,410 - INFO - [global] Установлена последняя версия бота | 5.13.07
2026-09-25 13:52:15,425 - INFO - [global] Проверяю обновы...
2026-09-25 13:52:16,189 - DEBUG - [global] needs_update: raw → 5.13.07
2026-09-25 13:52:16,445 - DEBUG - [global] needs_update: API → 5.13.07
2026-09-25 13:52:16,446 - DEBUG - [global] needs_update: лучший источник raw → 5.13.07 (из 2)
2026-09-25 13:52:16,446 - INFO - [global] needs_update: local=(5, 13, 7) remote=(5, 13, 7) -> has_update=False
2026-09-25 13:52:16,446 - INFO - [global] Установлена последняя версия бота | 5.13.07
2026-09-25 13:52:27,366 - INFO - [global] LogUploader: запускаю upload_run_logs...
2026-09-25 13:52:27,366 - DEBUG - [global] log_uploader: START window=periodic made=-1 token=...Rjnfq
2026-09-25 13:52:28,269 - DEBUG - [global] _api_put: GET runs/20260925_135227_fail_periodic.log -> 404
2026-09-25 13:52:29,851 - DEBUG - [global] _api_put: PUT runs/20260925_135227_fail_periodic.log -> 201 (477 bytes)
2026-09-25 13:52:29,853 - DEBUG - [global] log_uploader: STEP 1 (window log) -> https://github.com/StarateJI/L2Mauto/blob/bot-logs/runs/20260925_135227_fail_periodic.log
2026-09-25 13:52:29,853 - DEBUG - [global] log_uploader: STEP 2 SKIP (no PNGs)
2026-09-25 13:52:30,744 - DEBUG - [global] _api_put: GET runs/20260925_135227_fail_global.log -> 404
2026-09-25 13:52:32,735 - DEBUG - [global] _api_put: PUT runs/20260925_135227_fail_global.log -> 201 (20442 bytes)
2026-09-25 13:52:32,737 - DEBUG - [global] log_uploader: STEP 3 (global log) -> https://github.com/StarateJI/L2Mauto/blob/bot-logs/runs/20260925_135227_fail_global.log
2026-09-25 13:52:32,737 - DEBUG - [global] log_uploader: END window=periodic
2026-09-25 13:52:32,737 - INFO - [global] LogUploader: upload_run_logs завершён
2026-09-25 13:52:46,459 - INFO - [global] Проверяю обновы...
2026-09-25 13:52:47,214 - DEBUG - [global] needs_update: raw → 5.13.07
2026-09-25 13:52:47,521 - DEBUG - [global] needs_update: API → 5.13.07
2026-09-25 13:52:47,522 - DEBUG - [global] needs_update: лучший источник raw → 5.13.07 (из 2)
2026-09-25 13:52:47,522 - INFO - [global] needs_update: local=(5, 13, 7) remote=(5, 13, 7) -> has_update=False
2026-09-25 13:52:47,522 - INFO - [global] Установлена последняя версия бота | 5.13.07
2026-09-25 13:53:17,536 - INFO - [global] Проверяю обновы...
2026-09-25 13:53:18,302 - DEBUG - [global] needs_update: raw → 5.13.07
2026-09-25 13:53:18,580 - DEBUG - [global] needs_update: API → 5.13.07
2026-09-25 13:53:18,581 - DEBUG - [global] needs_update: лучший источник raw → 5.13.07 (из 2)
2026-09-25 13:53:18,581 - INFO - [global] needs_update: local=(5, 13, 7) remote=(5, 13, 7) -> has_update=False
2026-09-25 13:53:18,581 - INFO - [global] Установлена последняя версия бота | 5.13.07
2026-09-25 13:53:32,765 - INFO - [global] LogUploader: запускаю upload_run_logs...
2026-09-25 13:53:32,765 - DEBUG - [global] log_uploader: START window=periodic made=-1 token=...Rjnfq
2026-09-25 13:53:34,768 - DEBUG - [global] _api_put: GET runs/20260925_135332_fail_periodic.log -> 404
2026-09-25 13:53:36,445 - DEBUG - [global] _api_put: PUT runs/20260925_135332_fail_periodic.log -> 201 (477 bytes)
2026-09-25 13:53:36,447 - DEBUG - [global] log_uploader: STEP 1 (window log) -> https://github.com/StarateJI/L2Mauto/blob/bot-logs/runs/20260925_135332_fail_periodic.log
2026-09-25 13:53:36,447 - DEBUG - [global] log_uploader: STEP 2 SKIP (no PNGs)
