=== Log tail 2026-09-30T03:16:11.305004 | last 200 lines ===
2026-09-30 03:07:20,433 - DEBUG - [global] needs_update: API → 5.13.09
2026-09-30 03:07:20,434 - DEBUG - [global] needs_update: лучший источник raw → 5.13.09 (из 2)
2026-09-30 03:07:20,434 - INFO - [global] needs_update: local=(5, 13, 7) remote=(5, 13, 9) -> has_update=True
2026-09-30 03:07:20,434 - INFO - [global] Доступна обнова! Спавню кнопку
2026-09-30 03:07:20,863 - INFO - [global] LogUploader: запускаю upload_run_logs...
2026-09-30 03:07:20,863 - DEBUG - [global] log_uploader: START window=periodic made=-1 token=...Rjnfq
2026-09-30 03:07:21,834 - DEBUG - [global] _api_put: GET runs/20260930_030720_fail_periodic.log -> 404
2026-09-30 03:07:23,647 - DEBUG - [global] _api_put: PUT runs/20260930_030720_fail_periodic.log -> 201 (3411 bytes)
2026-09-30 03:07:23,650 - DEBUG - [global] log_uploader: STEP 1 (window log) -> https://github.com/StarateJI/L2Mauto/blob/bot-logs/runs/20260930_030720_fail_periodic.log
2026-09-30 03:07:23,650 - DEBUG - [global] log_uploader: STEP 2 SKIP (no PNGs)
2026-09-30 03:07:24,632 - DEBUG - [global] _api_put: GET runs/20260930_030720_fail_global.log -> 404
2026-09-30 03:07:26,816 - DEBUG - [global] _api_put: PUT runs/20260930_030720_fail_global.log -> 201 (20010 bytes)
2026-09-30 03:07:26,818 - DEBUG - [global] log_uploader: STEP 3 (global log) -> https://github.com/StarateJI/L2Mauto/blob/bot-logs/runs/20260930_030720_fail_global.log
2026-09-30 03:07:26,818 - DEBUG - [global] log_uploader: END window=periodic
2026-09-30 03:07:26,819 - INFO - [global] LogUploader: upload_run_logs завершён
2026-09-30 03:07:50,446 - INFO - [global] Проверяю обновы...
2026-09-30 03:07:51,268 - DEBUG - [global] needs_update: raw → 5.13.09
2026-09-30 03:07:51,461 - DEBUG - [global] needs_update: API → 5.13.09
2026-09-30 03:07:51,461 - DEBUG - [global] needs_update: лучший источник raw → 5.13.09 (из 2)
2026-09-30 03:07:51,461 - INFO - [global] needs_update: local=(5, 13, 7) remote=(5, 13, 9) -> has_update=True
2026-09-30 03:07:51,461 - INFO - [global] Доступна обнова! Спавню кнопку
2026-09-30 03:08:21,475 - INFO - [global] Проверяю обновы...
2026-09-30 03:08:22,363 - DEBUG - [global] needs_update: raw → 5.13.09
2026-09-30 03:08:22,451 - DEBUG - [global] needs_update: API → 5.13.09
2026-09-30 03:08:22,451 - DEBUG - [global] needs_update: лучший источник raw → 5.13.09 (из 2)
2026-09-30 03:08:22,451 - INFO - [global] needs_update: local=(5, 13, 7) remote=(5, 13, 9) -> has_update=True
2026-09-30 03:08:22,451 - INFO - [global] Доступна обнова! Спавню кнопку
2026-09-30 03:08:26,846 - INFO - [global] LogUploader: запускаю upload_run_logs...
2026-09-30 03:08:26,846 - DEBUG - [global] log_uploader: START window=periodic made=-1 token=...Rjnfq
2026-09-30 03:08:27,809 - DEBUG - [global] _api_put: GET runs/20260930_030826_fail_periodic.log -> 404
2026-09-30 03:08:29,512 - DEBUG - [global] _api_put: PUT runs/20260930_030826_fail_periodic.log -> 201 (3411 bytes)
2026-09-30 03:08:29,513 - DEBUG - [global] log_uploader: STEP 1 (window log) -> https://github.com/StarateJI/L2Mauto/blob/bot-logs/runs/20260930_030826_fail_periodic.log
2026-09-30 03:08:29,514 - DEBUG - [global] log_uploader: STEP 2 SKIP (no PNGs)
2026-09-30 03:08:30,470 - DEBUG - [global] _api_put: GET runs/20260930_030826_fail_global.log -> 404
2026-09-30 03:08:32,503 - DEBUG - [global] _api_put: PUT runs/20260930_030826_fail_global.log -> 201 (20010 bytes)
2026-09-30 03:08:32,505 - DEBUG - [global] log_uploader: STEP 3 (global log) -> https://github.com/StarateJI/L2Mauto/blob/bot-logs/runs/20260930_030826_fail_global.log
2026-09-30 03:08:32,505 - DEBUG - [global] log_uploader: END window=periodic
2026-09-30 03:08:32,505 - INFO - [global] LogUploader: upload_run_logs завершён
2026-09-30 03:08:52,463 - INFO - [global] Проверяю обновы...
2026-09-30 03:08:53,313 - DEBUG - [global] needs_update: raw → 5.13.09
2026-09-30 03:08:53,614 - DEBUG - [global] needs_update: API → 5.13.09
2026-09-30 03:08:53,614 - DEBUG - [global] needs_update: лучший источник raw → 5.13.09 (из 2)
2026-09-30 03:08:53,614 - INFO - [global] needs_update: local=(5, 13, 7) remote=(5, 13, 9) -> has_update=True
2026-09-30 03:08:53,615 - INFO - [global] Доступна обнова! Спавню кнопку
2026-09-30 03:09:23,629 - INFO - [global] Проверяю обновы...
2026-09-30 03:09:24,498 - DEBUG - [global] needs_update: raw → 5.13.09
2026-09-30 03:09:24,738 - DEBUG - [global] needs_update: API → 5.13.09
2026-09-30 03:09:24,738 - DEBUG - [global] needs_update: лучший источник raw → 5.13.09 (из 2)
2026-09-30 03:09:24,738 - INFO - [global] needs_update: local=(5, 13, 7) remote=(5, 13, 9) -> has_update=True
2026-09-30 03:09:24,739 - INFO - [global] Доступна обнова! Спавню кнопку
2026-09-30 03:09:32,535 - INFO - [global] LogUploader: запускаю upload_run_logs...
2026-09-30 03:09:32,535 - DEBUG - [global] log_uploader: START window=periodic made=-1 token=...Rjnfq
2026-09-30 03:09:33,499 - DEBUG - [global] _api_put: GET runs/20260930_030932_fail_periodic.log -> 404
2026-09-30 03:09:35,354 - DEBUG - [global] _api_put: PUT runs/20260930_030932_fail_periodic.log -> 201 (3411 bytes)
2026-09-30 03:09:35,357 - DEBUG - [global] log_uploader: STEP 1 (window log) -> https://github.com/StarateJI/L2Mauto/blob/bot-logs/runs/20260930_030932_fail_periodic.log
2026-09-30 03:09:35,358 - DEBUG - [global] log_uploader: STEP 2 SKIP (no PNGs)
2026-09-30 03:09:36,321 - DEBUG - [global] _api_put: GET runs/20260930_030932_fail_global.log -> 404
2026-09-30 03:09:38,281 - DEBUG - [global] _api_put: PUT runs/20260930_030932_fail_global.log -> 201 (20010 bytes)
2026-09-30 03:09:38,283 - DEBUG - [global] log_uploader: STEP 3 (global log) -> https://github.com/StarateJI/L2Mauto/blob/bot-logs/runs/20260930_030932_fail_global.log
2026-09-30 03:09:38,283 - DEBUG - [global] log_uploader: END window=periodic
2026-09-30 03:09:38,283 - INFO - [global] LogUploader: upload_run_logs завершён
2026-09-30 03:09:54,751 - INFO - [global] Проверяю обновы...
2026-09-30 03:09:55,639 - DEBUG - [global] needs_update: raw → 5.13.09
2026-09-30 03:09:55,796 - DEBUG - [global] needs_update: API → 5.13.09
2026-09-30 03:09:55,797 - DEBUG - [global] needs_update: лучший источник raw → 5.13.09 (из 2)
2026-09-30 03:09:55,797 - INFO - [global] needs_update: local=(5, 13, 7) remote=(5, 13, 9) -> has_update=True
2026-09-30 03:09:55,797 - INFO - [global] Доступна обнова! Спавню кнопку
2026-09-30 03:10:25,812 - INFO - [global] Проверяю обновы...
2026-09-30 03:10:26,736 - DEBUG - [global] needs_update: raw → 5.13.09
2026-09-30 03:10:26,946 - DEBUG - [global] needs_update: API → 5.13.09
2026-09-30 03:10:26,946 - DEBUG - [global] needs_update: лучший источник raw → 5.13.09 (из 2)
2026-09-30 03:10:26,946 - INFO - [global] needs_update: local=(5, 13, 7) remote=(5, 13, 9) -> has_update=True
2026-09-30 03:10:26,946 - INFO - [global] Доступна обнова! Спавню кнопку
2026-09-30 03:10:38,309 - INFO - [global] LogUploader: запускаю upload_run_logs...
2026-09-30 03:10:38,309 - DEBUG - [global] log_uploader: START window=periodic made=-1 token=...Rjnfq
2026-09-30 03:10:39,237 - DEBUG - [global] _api_put: GET runs/20260930_031038_fail_periodic.log -> 404
2026-09-30 03:10:41,443 - DEBUG - [global] _api_put: PUT runs/20260930_031038_fail_periodic.log -> 201 (3411 bytes)
2026-09-30 03:10:41,446 - DEBUG - [global] log_uploader: STEP 1 (window log) -> https://github.com/StarateJI/L2Mauto/blob/bot-logs/runs/20260930_031038_fail_periodic.log
2026-09-30 03:10:41,447 - DEBUG - [global] log_uploader: STEP 2 SKIP (no PNGs)
2026-09-30 03:10:42,439 - DEBUG - [global] _api_put: GET runs/20260930_031038_fail_global.log -> 404
2026-09-30 03:10:44,336 - DEBUG - [global] _api_put: PUT runs/20260930_031038_fail_global.log -> 201 (20010 bytes)
2026-09-30 03:10:44,339 - DEBUG - [global] log_uploader: STEP 3 (global log) -> https://github.com/StarateJI/L2Mauto/blob/bot-logs/runs/20260930_031038_fail_global.log
2026-09-30 03:10:44,339 - DEBUG - [global] log_uploader: END window=periodic
2026-09-30 03:10:44,340 - INFO - [global] LogUploader: upload_run_logs завершён
2026-09-30 03:10:56,963 - INFO - [global] Проверяю обновы...
2026-09-30 03:10:57,853 - DEBUG - [global] needs_update: raw → 5.13.09
2026-09-30 03:10:58,102 - DEBUG - [global] needs_update: API → 5.13.09
2026-09-30 03:10:58,102 - DEBUG - [global] needs_update: лучший источник raw → 5.13.09 (из 2)
2026-09-30 03:10:58,103 - INFO - [global] needs_update: local=(5, 13, 7) remote=(5, 13, 9) -> has_update=True
2026-09-30 03:10:58,103 - INFO - [global] Доступна обнова! Спавню кнопку
2026-09-30 03:11:28,116 - INFO - [global] Проверяю обновы...
2026-09-30 03:11:29,078 - DEBUG - [global] needs_update: raw → 5.13.09
2026-09-30 03:11:29,246 - DEBUG - [global] needs_update: API → 5.13.09
2026-09-30 03:11:29,246 - DEBUG - [global] needs_update: лучший источник raw → 5.13.09 (из 2)
2026-09-30 03:11:29,246 - INFO - [global] needs_update: local=(5, 13, 7) remote=(5, 13, 9) -> has_update=True
2026-09-30 03:11:29,246 - INFO - [global] Доступна обнова! Спавню кнопку
2026-09-30 03:11:44,364 - INFO - [global] LogUploader: запускаю upload_run_logs...
2026-09-30 03:11:44,364 - DEBUG - [global] log_uploader: START window=periodic made=-1 token=...Rjnfq
2026-09-30 03:11:45,331 - DEBUG - [global] _api_put: GET runs/20260930_031144_fail_periodic.log -> 404
2026-09-30 03:11:47,331 - DEBUG - [global] _api_put: PUT runs/20260930_031144_fail_periodic.log -> 201 (3411 bytes)
2026-09-30 03:11:47,333 - DEBUG - [global] log_uploader: STEP 1 (window log) -> https://github.com/StarateJI/L2Mauto/blob/bot-logs/runs/20260930_031144_fail_periodic.log
2026-09-30 03:11:47,334 - DEBUG - [global] log_uploader: STEP 2 SKIP (no PNGs)
2026-09-30 03:11:48,278 - DEBUG - [global] _api_put: GET runs/20260930_031144_fail_global.log -> 404
2026-09-30 03:11:50,330 - DEBUG - [global] _api_put: PUT runs/20260930_031144_fail_global.log -> 201 (20010 bytes)
2026-09-30 03:11:50,332 - DEBUG - [global] log_uploader: STEP 3 (global log) -> https://github.com/StarateJI/L2Mauto/blob/bot-logs/runs/20260930_031144_fail_global.log
2026-09-30 03:11:50,332 - DEBUG - [global] log_uploader: END window=periodic
2026-09-30 03:11:50,333 - INFO - [global] LogUploader: upload_run_logs завершён
2026-09-30 03:11:59,262 - INFO - [global] Проверяю обновы...
2026-09-30 03:12:00,200 - DEBUG - [global] needs_update: raw → 5.13.09
2026-09-30 03:12:00,385 - DEBUG - [global] needs_update: API → 5.13.09
2026-09-30 03:12:00,385 - DEBUG - [global] needs_update: лучший источник raw → 5.13.09 (из 2)
2026-09-30 03:12:00,385 - INFO - [global] needs_update: local=(5, 13, 7) remote=(5, 13, 9) -> has_update=True
2026-09-30 03:12:00,385 - INFO - [global] Доступна обнова! Спавню кнопку
2026-09-30 03:12:30,398 - INFO - [global] Проверяю обновы...
2026-09-30 03:12:31,339 - DEBUG - [global] needs_update: raw → 5.13.09
2026-09-30 03:12:31,521 - DEBUG - [global] needs_update: API → 5.13.09
2026-09-30 03:12:31,521 - DEBUG - [global] needs_update: лучший источник raw → 5.13.09 (из 2)
2026-09-30 03:12:31,521 - INFO - [global] needs_update: local=(5, 13, 7) remote=(5, 13, 9) -> has_update=True
2026-09-30 03:12:31,521 - INFO - [global] Доступна обнова! Спавню кнопку
2026-09-30 03:12:50,361 - INFO - [global] LogUploader: запускаю upload_run_logs...
2026-09-30 03:12:50,361 - DEBUG - [global] log_uploader: START window=periodic made=-1 token=...Rjnfq
2026-09-30 03:12:51,312 - DEBUG - [global] _api_put: GET runs/20260930_031250_fail_periodic.log -> 404
2026-09-30 03:12:53,064 - DEBUG - [global] _api_put: PUT runs/20260930_031250_fail_periodic.log -> 201 (3411 bytes)
2026-09-30 03:12:53,066 - DEBUG - [global] log_uploader: STEP 1 (window log) -> https://github.com/StarateJI/L2Mauto/blob/bot-logs/runs/20260930_031250_fail_periodic.log
2026-09-30 03:12:53,067 - DEBUG - [global] log_uploader: STEP 2 SKIP (no PNGs)
2026-09-30 03:12:54,006 - DEBUG - [global] _api_put: GET runs/20260930_031250_fail_global.log -> 404
2026-09-30 03:12:56,045 - DEBUG - [global] _api_put: PUT runs/20260930_031250_fail_global.log -> 201 (20010 bytes)
2026-09-30 03:12:56,047 - DEBUG - [global] log_uploader: STEP 3 (global log) -> https://github.com/StarateJI/L2Mauto/blob/bot-logs/runs/20260930_031250_fail_global.log
2026-09-30 03:12:56,047 - DEBUG - [global] log_uploader: END window=periodic
2026-09-30 03:12:56,048 - INFO - [global] LogUploader: upload_run_logs завершён
2026-09-30 03:13:01,535 - INFO - [global] Проверяю обновы...
2026-09-30 03:13:02,373 - DEBUG - [global] needs_update: raw → 5.13.09
2026-09-30 03:13:02,564 - DEBUG - [global] needs_update: API → 5.13.09
2026-09-30 03:13:02,564 - DEBUG - [global] needs_update: лучший источник raw → 5.13.09 (из 2)
2026-09-30 03:13:02,564 - INFO - [global] needs_update: local=(5, 13, 7) remote=(5, 13, 9) -> has_update=True
2026-09-30 03:13:02,564 - INFO - [global] Доступна обнова! Спавню кнопку
2026-09-30 03:13:32,578 - INFO - [global] Проверяю обновы...
2026-09-30 03:13:33,384 - DEBUG - [global] needs_update: raw → 5.13.09
2026-09-30 03:13:33,779 - DEBUG - [global] needs_update: API → 5.13.09
2026-09-30 03:13:33,780 - DEBUG - [global] needs_update: лучший источник raw → 5.13.09 (из 2)
2026-09-30 03:13:33,780 - INFO - [global] needs_update: local=(5, 13, 7) remote=(5, 13, 9) -> has_update=True
2026-09-30 03:13:33,780 - INFO - [global] Доступна обнова! Спавню кнопку
2026-09-30 03:13:56,078 - INFO - [global] LogUploader: запускаю upload_run_logs...
2026-09-30 03:13:56,079 - DEBUG - [global] log_uploader: START window=periodic made=-1 token=...Rjnfq
2026-09-30 03:13:57,048 - DEBUG - [global] _api_put: GET runs/20260930_031356_fail_periodic.log -> 404
2026-09-30 03:13:58,916 - DEBUG - [global] _api_put: PUT runs/20260930_031356_fail_periodic.log -> 201 (3411 bytes)
2026-09-30 03:13:58,920 - DEBUG - [global] log_uploader: STEP 1 (window log) -> https://github.com/StarateJI/L2Mauto/blob/bot-logs/runs/20260930_031356_fail_periodic.log
2026-09-30 03:13:58,920 - DEBUG - [global] log_uploader: STEP 2 SKIP (no PNGs)
2026-09-30 03:13:59,882 - DEBUG - [global] _api_put: GET runs/20260930_031356_fail_global.log -> 404
2026-09-30 03:14:01,746 - DEBUG - [global] _api_put: PUT runs/20260930_031356_fail_global.log -> 201 (20010 bytes)
2026-09-30 03:14:01,748 - DEBUG - [global] log_uploader: STEP 3 (global log) -> https://github.com/StarateJI/L2Mauto/blob/bot-logs/runs/20260930_031356_fail_global.log
2026-09-30 03:14:01,749 - DEBUG - [global] log_uploader: END window=periodic
2026-09-30 03:14:01,749 - INFO - [global] LogUploader: upload_run_logs завершён
2026-09-30 03:14:03,794 - INFO - [global] Проверяю обновы...
2026-09-30 03:14:04,664 - DEBUG - [global] needs_update: raw → 5.13.09
2026-09-30 03:14:04,816 - DEBUG - [global] needs_update: API → 5.13.09
2026-09-30 03:14:04,816 - DEBUG - [global] needs_update: лучший источник raw → 5.13.09 (из 2)
2026-09-30 03:14:04,816 - INFO - [global] needs_update: local=(5, 13, 7) remote=(5, 13, 9) -> has_update=True
2026-09-30 03:14:04,816 - INFO - [global] Доступна обнова! Спавню кнопку
2026-09-30 03:14:34,832 - INFO - [global] Проверяю обновы...
2026-09-30 03:14:35,637 - DEBUG - [global] needs_update: raw → 5.13.09
2026-09-30 03:14:35,856 - DEBUG - [global] needs_update: API → 5.13.09
2026-09-30 03:14:35,857 - DEBUG - [global] needs_update: лучший источник raw → 5.13.09 (из 2)
2026-09-30 03:14:35,857 - INFO - [global] needs_update: local=(5, 13, 7) remote=(5, 13, 9) -> has_update=True
2026-09-30 03:14:35,857 - INFO - [global] Доступна обнова! Спавню кнопку
2026-09-30 03:15:01,782 - INFO - [global] LogUploader: запускаю upload_run_logs...
2026-09-30 03:15:01,782 - DEBUG - [global] log_uploader: START window=periodic made=-1 token=...Rjnfq
2026-09-30 03:15:02,688 - DEBUG - [global] _api_put: GET runs/20260930_031501_fail_periodic.log -> 404
2026-09-30 03:15:04,665 - DEBUG - [global] _api_put: PUT runs/20260930_031501_fail_periodic.log -> 201 (3411 bytes)
2026-09-30 03:15:04,667 - DEBUG - [global] log_uploader: STEP 1 (window log) -> https://github.com/StarateJI/L2Mauto/blob/bot-logs/runs/20260930_031501_fail_periodic.log
2026-09-30 03:15:04,668 - DEBUG - [global] log_uploader: STEP 2 SKIP (no PNGs)
2026-09-30 03:15:05,648 - DEBUG - [global] _api_put: GET runs/20260930_031501_fail_global.log -> 404
2026-09-30 03:15:05,869 - INFO - [global] Проверяю обновы...
2026-09-30 03:15:06,691 - DEBUG - [global] needs_update: raw → 5.13.09
2026-09-30 03:15:06,876 - DEBUG - [global] needs_update: API → 5.13.09
2026-09-30 03:15:06,876 - DEBUG - [global] needs_update: лучший источник raw → 5.13.09 (из 2)
2026-09-30 03:15:06,876 - INFO - [global] needs_update: local=(5, 13, 7) remote=(5, 13, 9) -> has_update=True
2026-09-30 03:15:06,876 - INFO - [global] Доступна обнова! Спавню кнопку
2026-09-30 03:15:07,727 - DEBUG - [global] _api_put: PUT runs/20260930_031501_fail_global.log -> 201 (20010 bytes)
2026-09-30 03:15:07,730 - DEBUG - [global] log_uploader: STEP 3 (global log) -> https://github.com/StarateJI/L2Mauto/blob/bot-logs/runs/20260930_031501_fail_global.log
2026-09-30 03:15:07,730 - DEBUG - [global] log_uploader: END window=periodic
2026-09-30 03:15:07,730 - INFO - [global] LogUploader: upload_run_logs завершён
2026-09-30 03:15:36,891 - INFO - [global] Проверяю обновы...
2026-09-30 03:15:37,695 - DEBUG - [global] needs_update: raw → 5.13.09
2026-09-30 03:15:37,878 - DEBUG - [global] needs_update: API → 5.13.09
2026-09-30 03:15:37,878 - DEBUG - [global] needs_update: лучший источник raw → 5.13.09 (из 2)
2026-09-30 03:15:37,878 - INFO - [global] needs_update: local=(5, 13, 7) remote=(5, 13, 9) -> has_update=True
2026-09-30 03:15:37,878 - INFO - [global] Доступна обнова! Спавню кнопку
2026-09-30 03:16:07,761 - INFO - [global] LogUploader: запускаю upload_run_logs...
2026-09-30 03:16:07,762 - DEBUG - [global] log_uploader: START window=periodic made=-1 token=...Rjnfq
2026-09-30 03:16:07,892 - INFO - [global] Проверяю обновы...
2026-09-30 03:16:08,787 - DEBUG - [global] needs_update: raw → 5.13.09
2026-09-30 03:16:08,981 - DEBUG - [global] needs_update: API → 5.13.09
2026-09-30 03:16:08,982 - DEBUG - [global] needs_update: лучший источник raw → 5.13.09 (из 2)
2026-09-30 03:16:08,982 - INFO - [global] needs_update: local=(5, 13, 7) remote=(5, 13, 9) -> has_update=True
2026-09-30 03:16:08,982 - INFO - [global] Доступна обнова! Спавню кнопку
2026-09-30 03:16:08,983 - DEBUG - [global] _api_put: GET runs/20260930_031607_fail_periodic.log -> 404
2026-09-30 03:16:11,256 - DEBUG - [global] _api_put: PUT runs/20260930_031607_fail_periodic.log -> 201 (3411 bytes)
2026-09-30 03:16:11,258 - DEBUG - [global] log_uploader: STEP 1 (window log) -> https://github.com/StarateJI/L2Mauto/blob/bot-logs/runs/20260930_031607_fail_periodic.log
2026-09-30 03:16:11,258 - DEBUG - [global] log_uploader: STEP 2 SKIP (no PNGs)
