=== Log tail 2026-10-01T17:03:11.683479 | last 200 lines ===
2026-10-01 16:54:17,818 - DEBUG - [global] needs_update: API → 5.13.09
2026-10-01 16:54:17,818 - DEBUG - [global] needs_update: лучший источник raw → 5.13.09 (из 2)
2026-10-01 16:54:17,818 - INFO - [global] needs_update: local=(5, 13, 7) remote=(5, 13, 9) -> has_update=True
2026-10-01 16:54:17,818 - INFO - [global] Доступна обнова! Спавню кнопку
2026-10-01 16:54:19,169 - INFO - [global] LogUploader: запускаю upload_run_logs...
2026-10-01 16:54:19,170 - DEBUG - [global] log_uploader: START window=periodic made=-1 token=...Rjnfq
2026-10-01 16:54:20,088 - DEBUG - [global] _api_put: GET runs/20261001_165419_fail_periodic.log -> 404
2026-10-01 16:54:22,150 - DEBUG - [global] _api_put: PUT runs/20261001_165419_fail_periodic.log -> 201 (12833 bytes)
2026-10-01 16:54:22,152 - DEBUG - [global] log_uploader: STEP 1 (window log) -> https://github.com/StarateJI/L2Mauto/blob/bot-logs/runs/20261001_165419_fail_periodic.log
2026-10-01 16:54:22,153 - DEBUG - [global] log_uploader: STEP 2 SKIP (no PNGs)
2026-10-01 16:54:23,181 - DEBUG - [global] _api_put: GET runs/20261001_165419_fail_global.log -> 404
2026-10-01 16:54:25,134 - DEBUG - [global] _api_put: PUT runs/20261001_165419_fail_global.log -> 201 (20019 bytes)
2026-10-01 16:54:25,137 - DEBUG - [global] log_uploader: STEP 3 (global log) -> https://github.com/StarateJI/L2Mauto/blob/bot-logs/runs/20261001_165419_fail_global.log
2026-10-01 16:54:25,137 - DEBUG - [global] log_uploader: END window=periodic
2026-10-01 16:54:25,137 - INFO - [global] LogUploader: upload_run_logs завершён
2026-10-01 16:54:47,833 - INFO - [global] Проверяю обновы...
2026-10-01 16:54:48,707 - DEBUG - [global] needs_update: raw → 5.13.09
2026-10-01 16:54:48,971 - DEBUG - [global] needs_update: API → 5.13.09
2026-10-01 16:54:48,971 - DEBUG - [global] needs_update: лучший источник raw → 5.13.09 (из 2)
2026-10-01 16:54:48,971 - INFO - [global] needs_update: local=(5, 13, 7) remote=(5, 13, 9) -> has_update=True
2026-10-01 16:54:48,971 - INFO - [global] Доступна обнова! Спавню кнопку
2026-10-01 16:55:18,988 - INFO - [global] Проверяю обновы...
2026-10-01 16:55:19,853 - DEBUG - [global] needs_update: raw → 5.13.09
2026-10-01 16:55:20,229 - DEBUG - [global] needs_update: API → 5.13.09
2026-10-01 16:55:20,230 - DEBUG - [global] needs_update: лучший источник raw → 5.13.09 (из 2)
2026-10-01 16:55:20,230 - INFO - [global] needs_update: local=(5, 13, 7) remote=(5, 13, 9) -> has_update=True
2026-10-01 16:55:20,230 - INFO - [global] Доступна обнова! Спавню кнопку
2026-10-01 16:55:25,173 - INFO - [global] LogUploader: запускаю upload_run_logs...
2026-10-01 16:55:25,173 - DEBUG - [global] log_uploader: START window=periodic made=-1 token=...Rjnfq
2026-10-01 16:55:26,100 - DEBUG - [global] _api_put: GET runs/20261001_165525_fail_periodic.log -> 404
2026-10-01 16:55:28,333 - DEBUG - [global] _api_put: PUT runs/20261001_165525_fail_periodic.log -> 201 (12833 bytes)
2026-10-01 16:55:28,335 - DEBUG - [global] log_uploader: STEP 1 (window log) -> https://github.com/StarateJI/L2Mauto/blob/bot-logs/runs/20261001_165525_fail_periodic.log
2026-10-01 16:55:28,336 - DEBUG - [global] log_uploader: STEP 2 SKIP (no PNGs)
2026-10-01 16:55:29,367 - DEBUG - [global] _api_put: GET runs/20261001_165525_fail_global.log -> 404
2026-10-01 16:55:31,471 - DEBUG - [global] _api_put: PUT runs/20261001_165525_fail_global.log -> 201 (20019 bytes)
2026-10-01 16:55:31,472 - DEBUG - [global] log_uploader: STEP 3 (global log) -> https://github.com/StarateJI/L2Mauto/blob/bot-logs/runs/20261001_165525_fail_global.log
2026-10-01 16:55:31,472 - DEBUG - [global] log_uploader: END window=periodic
2026-10-01 16:55:31,473 - INFO - [global] LogUploader: upload_run_logs завершён
2026-10-01 16:55:50,248 - INFO - [global] Проверяю обновы...
2026-10-01 16:55:51,061 - DEBUG - [global] needs_update: raw → 5.13.09
2026-10-01 16:55:51,518 - DEBUG - [global] needs_update: API → 5.13.09
2026-10-01 16:55:51,519 - DEBUG - [global] needs_update: лучший источник raw → 5.13.09 (из 2)
2026-10-01 16:55:51,519 - INFO - [global] needs_update: local=(5, 13, 7) remote=(5, 13, 9) -> has_update=True
2026-10-01 16:55:51,519 - INFO - [global] Доступна обнова! Спавню кнопку
2026-10-01 16:56:21,535 - INFO - [global] Проверяю обновы...
2026-10-01 16:56:22,369 - DEBUG - [global] needs_update: raw → 5.13.09
2026-10-01 16:56:22,650 - DEBUG - [global] needs_update: API → 5.13.09
2026-10-01 16:56:22,650 - DEBUG - [global] needs_update: лучший источник raw → 5.13.09 (из 2)
2026-10-01 16:56:22,651 - INFO - [global] needs_update: local=(5, 13, 7) remote=(5, 13, 9) -> has_update=True
2026-10-01 16:56:22,651 - INFO - [global] Доступна обнова! Спавню кнопку
2026-10-01 16:56:31,508 - INFO - [global] LogUploader: запускаю upload_run_logs...
2026-10-01 16:56:31,508 - DEBUG - [global] log_uploader: START window=periodic made=-1 token=...Rjnfq
2026-10-01 16:56:32,470 - DEBUG - [global] _api_put: GET runs/20261001_165631_fail_periodic.log -> 404
2026-10-01 16:56:34,729 - DEBUG - [global] _api_put: PUT runs/20261001_165631_fail_periodic.log -> 201 (12833 bytes)
2026-10-01 16:56:34,731 - DEBUG - [global] log_uploader: STEP 1 (window log) -> https://github.com/StarateJI/L2Mauto/blob/bot-logs/runs/20261001_165631_fail_periodic.log
2026-10-01 16:56:34,731 - DEBUG - [global] log_uploader: STEP 2 SKIP (no PNGs)
2026-10-01 16:56:35,786 - DEBUG - [global] _api_put: GET runs/20261001_165631_fail_global.log -> 404
2026-10-01 16:56:37,958 - DEBUG - [global] _api_put: PUT runs/20261001_165631_fail_global.log -> 201 (20019 bytes)
2026-10-01 16:56:37,959 - DEBUG - [global] log_uploader: STEP 3 (global log) -> https://github.com/StarateJI/L2Mauto/blob/bot-logs/runs/20261001_165631_fail_global.log
2026-10-01 16:56:37,959 - DEBUG - [global] log_uploader: END window=periodic
2026-10-01 16:56:37,960 - INFO - [global] LogUploader: upload_run_logs завершён
2026-10-01 16:56:52,673 - INFO - [global] Проверяю обновы...
2026-10-01 16:56:53,545 - DEBUG - [global] needs_update: raw → 5.13.09
2026-10-01 16:56:53,737 - DEBUG - [global] needs_update: API → 5.13.09
2026-10-01 16:56:53,737 - DEBUG - [global] needs_update: лучший источник raw → 5.13.09 (из 2)
2026-10-01 16:56:53,737 - INFO - [global] needs_update: local=(5, 13, 7) remote=(5, 13, 9) -> has_update=True
2026-10-01 16:56:53,738 - INFO - [global] Доступна обнова! Спавню кнопку
2026-10-01 16:57:23,756 - INFO - [global] Проверяю обновы...
2026-10-01 16:57:24,590 - DEBUG - [global] needs_update: raw → 5.13.09
2026-10-01 16:57:24,829 - DEBUG - [global] needs_update: API → 5.13.09
2026-10-01 16:57:24,830 - DEBUG - [global] needs_update: лучший источник raw → 5.13.09 (из 2)
2026-10-01 16:57:24,830 - INFO - [global] needs_update: local=(5, 13, 7) remote=(5, 13, 9) -> has_update=True
2026-10-01 16:57:24,830 - INFO - [global] Доступна обнова! Спавню кнопку
2026-10-01 16:57:37,991 - INFO - [global] LogUploader: запускаю upload_run_logs...
2026-10-01 16:57:37,992 - DEBUG - [global] log_uploader: START window=periodic made=-1 token=...Rjnfq
2026-10-01 16:57:38,966 - DEBUG - [global] _api_put: GET runs/20261001_165737_fail_periodic.log -> 404
2026-10-01 16:57:41,237 - DEBUG - [global] _api_put: PUT runs/20261001_165737_fail_periodic.log -> 201 (12833 bytes)
2026-10-01 16:57:41,240 - DEBUG - [global] log_uploader: STEP 1 (window log) -> https://github.com/StarateJI/L2Mauto/blob/bot-logs/runs/20261001_165737_fail_periodic.log
2026-10-01 16:57:41,240 - DEBUG - [global] log_uploader: STEP 2 SKIP (no PNGs)
2026-10-01 16:57:42,322 - DEBUG - [global] _api_put: GET runs/20261001_165737_fail_global.log -> 404
2026-10-01 16:57:44,221 - DEBUG - [global] _api_put: PUT runs/20261001_165737_fail_global.log -> 201 (20019 bytes)
2026-10-01 16:57:44,222 - DEBUG - [global] log_uploader: STEP 3 (global log) -> https://github.com/StarateJI/L2Mauto/blob/bot-logs/runs/20261001_165737_fail_global.log
2026-10-01 16:57:44,222 - DEBUG - [global] log_uploader: END window=periodic
2026-10-01 16:57:44,222 - INFO - [global] LogUploader: upload_run_logs завершён
2026-10-01 16:57:54,848 - INFO - [global] Проверяю обновы...
2026-10-01 16:57:55,691 - DEBUG - [global] needs_update: raw → 5.13.09
2026-10-01 16:57:55,874 - DEBUG - [global] needs_update: API → 5.13.09
2026-10-01 16:57:55,875 - DEBUG - [global] needs_update: лучший источник raw → 5.13.09 (из 2)
2026-10-01 16:57:55,875 - INFO - [global] needs_update: local=(5, 13, 7) remote=(5, 13, 9) -> has_update=True
2026-10-01 16:57:55,875 - INFO - [global] Доступна обнова! Спавню кнопку
2026-10-01 16:58:25,889 - INFO - [global] Проверяю обновы...
2026-10-01 16:58:26,700 - DEBUG - [global] needs_update: raw → 5.13.09
2026-10-01 16:58:26,945 - DEBUG - [global] needs_update: API → 5.13.09
2026-10-01 16:58:26,945 - DEBUG - [global] needs_update: лучший источник raw → 5.13.09 (из 2)
2026-10-01 16:58:26,945 - INFO - [global] needs_update: local=(5, 13, 7) remote=(5, 13, 9) -> has_update=True
2026-10-01 16:58:26,946 - INFO - [global] Доступна обнова! Спавню кнопку
2026-10-01 16:58:44,260 - INFO - [global] LogUploader: запускаю upload_run_logs...
2026-10-01 16:58:44,261 - DEBUG - [global] log_uploader: START window=periodic made=-1 token=...Rjnfq
2026-10-01 16:58:45,198 - DEBUG - [global] _api_put: GET runs/20261001_165844_fail_periodic.log -> 404
2026-10-01 16:58:47,259 - DEBUG - [global] _api_put: PUT runs/20261001_165844_fail_periodic.log -> 201 (12833 bytes)
2026-10-01 16:58:47,262 - DEBUG - [global] log_uploader: STEP 1 (window log) -> https://github.com/StarateJI/L2Mauto/blob/bot-logs/runs/20261001_165844_fail_periodic.log
2026-10-01 16:58:47,262 - DEBUG - [global] log_uploader: STEP 2 SKIP (no PNGs)
2026-10-01 16:58:48,283 - DEBUG - [global] _api_put: GET runs/20261001_165844_fail_global.log -> 404
2026-10-01 16:58:50,195 - DEBUG - [global] _api_put: PUT runs/20261001_165844_fail_global.log -> 201 (20019 bytes)
2026-10-01 16:58:50,198 - DEBUG - [global] log_uploader: STEP 3 (global log) -> https://github.com/StarateJI/L2Mauto/blob/bot-logs/runs/20261001_165844_fail_global.log
2026-10-01 16:58:50,198 - DEBUG - [global] log_uploader: END window=periodic
2026-10-01 16:58:50,198 - INFO - [global] LogUploader: upload_run_logs завершён
2026-10-01 16:58:56,964 - INFO - [global] Проверяю обновы...
2026-10-01 16:58:57,801 - DEBUG - [global] needs_update: raw → 5.13.09
2026-10-01 16:58:58,029 - DEBUG - [global] needs_update: API → 5.13.09
2026-10-01 16:58:58,030 - DEBUG - [global] needs_update: лучший источник raw → 5.13.09 (из 2)
2026-10-01 16:58:58,030 - INFO - [global] needs_update: local=(5, 13, 7) remote=(5, 13, 9) -> has_update=True
2026-10-01 16:58:58,030 - INFO - [global] Доступна обнова! Спавню кнопку
2026-10-01 16:59:28,049 - INFO - [global] Проверяю обновы...
2026-10-01 16:59:29,001 - DEBUG - [global] needs_update: raw → 5.13.09
2026-10-01 16:59:29,146 - DEBUG - [global] needs_update: API → 5.13.09
2026-10-01 16:59:29,147 - DEBUG - [global] needs_update: лучший источник raw → 5.13.09 (из 2)
2026-10-01 16:59:29,147 - INFO - [global] needs_update: local=(5, 13, 7) remote=(5, 13, 9) -> has_update=True
2026-10-01 16:59:29,147 - INFO - [global] Доступна обнова! Спавню кнопку
2026-10-01 16:59:50,234 - INFO - [global] LogUploader: запускаю upload_run_logs...
2026-10-01 16:59:50,235 - DEBUG - [global] log_uploader: START window=periodic made=-1 token=...Rjnfq
2026-10-01 16:59:51,151 - DEBUG - [global] _api_put: GET runs/20261001_165950_fail_periodic.log -> 404
2026-10-01 16:59:53,185 - DEBUG - [global] _api_put: PUT runs/20261001_165950_fail_periodic.log -> 201 (12833 bytes)
2026-10-01 16:59:53,188 - DEBUG - [global] log_uploader: STEP 1 (window log) -> https://github.com/StarateJI/L2Mauto/blob/bot-logs/runs/20261001_165950_fail_periodic.log
2026-10-01 16:59:53,189 - DEBUG - [global] log_uploader: STEP 2 SKIP (no PNGs)
2026-10-01 16:59:54,271 - DEBUG - [global] _api_put: GET runs/20261001_165950_fail_global.log -> 404
2026-10-01 16:59:56,472 - DEBUG - [global] _api_put: PUT runs/20261001_165950_fail_global.log -> 201 (20019 bytes)
2026-10-01 16:59:56,474 - DEBUG - [global] log_uploader: STEP 3 (global log) -> https://github.com/StarateJI/L2Mauto/blob/bot-logs/runs/20261001_165950_fail_global.log
2026-10-01 16:59:56,474 - DEBUG - [global] log_uploader: END window=periodic
2026-10-01 16:59:56,475 - INFO - [global] LogUploader: upload_run_logs завершён
2026-10-01 16:59:59,160 - INFO - [global] Проверяю обновы...
2026-10-01 16:59:59,993 - DEBUG - [global] needs_update: raw → 5.13.09
2026-10-01 17:00:00,238 - DEBUG - [global] needs_update: API → 5.13.09
2026-10-01 17:00:00,238 - DEBUG - [global] needs_update: лучший источник raw → 5.13.09 (из 2)
2026-10-01 17:00:00,238 - INFO - [global] needs_update: local=(5, 13, 7) remote=(5, 13, 9) -> has_update=True
2026-10-01 17:00:00,238 - INFO - [global] Доступна обнова! Спавню кнопку
2026-10-01 17:00:30,256 - INFO - [global] Проверяю обновы...
2026-10-01 17:00:31,141 - DEBUG - [global] needs_update: raw → 5.13.09
2026-10-01 17:00:31,366 - DEBUG - [global] needs_update: API → 5.13.09
2026-10-01 17:00:31,366 - DEBUG - [global] needs_update: лучший источник raw → 5.13.09 (из 2)
2026-10-01 17:00:31,366 - INFO - [global] needs_update: local=(5, 13, 7) remote=(5, 13, 9) -> has_update=True
2026-10-01 17:00:31,366 - INFO - [global] Доступна обнова! Спавню кнопку
2026-10-01 17:00:56,510 - INFO - [global] LogUploader: запускаю upload_run_logs...
2026-10-01 17:00:56,512 - DEBUG - [global] log_uploader: START window=periodic made=-1 token=...Rjnfq
2026-10-01 17:00:57,464 - DEBUG - [global] _api_put: GET runs/20261001_170056_fail_periodic.log -> 404
2026-10-01 17:00:59,391 - DEBUG - [global] _api_put: PUT runs/20261001_170056_fail_periodic.log -> 201 (12833 bytes)
2026-10-01 17:00:59,394 - DEBUG - [global] log_uploader: STEP 1 (window log) -> https://github.com/StarateJI/L2Mauto/blob/bot-logs/runs/20261001_170056_fail_periodic.log
2026-10-01 17:00:59,394 - DEBUG - [global] log_uploader: STEP 2 SKIP (no PNGs)
2026-10-01 17:01:00,428 - DEBUG - [global] _api_put: GET runs/20261001_170056_fail_global.log -> 404
2026-10-01 17:01:01,383 - INFO - [global] Проверяю обновы...
2026-10-01 17:01:02,225 - DEBUG - [global] needs_update: raw → 5.13.09
2026-10-01 17:01:02,417 - DEBUG - [global] _api_put: PUT runs/20261001_170056_fail_global.log -> 201 (20019 bytes)
2026-10-01 17:01:02,419 - DEBUG - [global] log_uploader: STEP 3 (global log) -> https://github.com/StarateJI/L2Mauto/blob/bot-logs/runs/20261001_170056_fail_global.log
2026-10-01 17:01:02,419 - DEBUG - [global] log_uploader: END window=periodic
2026-10-01 17:01:02,419 - INFO - [global] LogUploader: upload_run_logs завершён
2026-10-01 17:01:02,453 - DEBUG - [global] needs_update: API → 5.13.09
2026-10-01 17:01:02,453 - DEBUG - [global] needs_update: лучший источник raw → 5.13.09 (из 2)
2026-10-01 17:01:02,453 - INFO - [global] needs_update: local=(5, 13, 7) remote=(5, 13, 9) -> has_update=True
2026-10-01 17:01:02,453 - INFO - [global] Доступна обнова! Спавню кнопку
2026-10-01 17:01:32,469 - INFO - [global] Проверяю обновы...
2026-10-01 17:01:33,350 - DEBUG - [global] needs_update: raw → 5.13.09
2026-10-01 17:01:33,559 - DEBUG - [global] needs_update: API → 5.13.09
2026-10-01 17:01:33,559 - DEBUG - [global] needs_update: лучший источник raw → 5.13.09 (из 2)
2026-10-01 17:01:33,559 - INFO - [global] needs_update: local=(5, 13, 7) remote=(5, 13, 9) -> has_update=True
2026-10-01 17:01:33,559 - INFO - [global] Доступна обнова! Спавню кнопку
2026-10-01 17:02:02,456 - INFO - [global] LogUploader: запускаю upload_run_logs...
2026-10-01 17:02:02,457 - DEBUG - [global] log_uploader: START window=periodic made=-1 token=...Rjnfq
2026-10-01 17:02:03,389 - DEBUG - [global] _api_put: GET runs/20261001_170202_fail_periodic.log -> 404
2026-10-01 17:02:03,573 - INFO - [global] Проверяю обновы...
2026-10-01 17:02:04,471 - DEBUG - [global] needs_update: raw → 5.13.09
2026-10-01 17:02:04,711 - DEBUG - [global] needs_update: API → 5.13.09
2026-10-01 17:02:04,711 - DEBUG - [global] needs_update: лучший источник raw → 5.13.09 (из 2)
2026-10-01 17:02:04,711 - INFO - [global] needs_update: local=(5, 13, 7) remote=(5, 13, 9) -> has_update=True
2026-10-01 17:02:04,711 - INFO - [global] Доступна обнова! Спавню кнопку
2026-10-01 17:02:05,421 - DEBUG - [global] _api_put: PUT runs/20261001_170202_fail_periodic.log -> 201 (12833 bytes)
2026-10-01 17:02:05,424 - DEBUG - [global] log_uploader: STEP 1 (window log) -> https://github.com/StarateJI/L2Mauto/blob/bot-logs/runs/20261001_170202_fail_periodic.log
2026-10-01 17:02:05,424 - DEBUG - [global] log_uploader: STEP 2 SKIP (no PNGs)
2026-10-01 17:02:06,467 - DEBUG - [global] _api_put: GET runs/20261001_170202_fail_global.log -> 404
2026-10-01 17:02:08,436 - DEBUG - [global] _api_put: PUT runs/20261001_170202_fail_global.log -> 201 (19974 bytes)
2026-10-01 17:02:08,438 - DEBUG - [global] log_uploader: STEP 3 (global log) -> https://github.com/StarateJI/L2Mauto/blob/bot-logs/runs/20261001_170202_fail_global.log
2026-10-01 17:02:08,438 - DEBUG - [global] log_uploader: END window=periodic
2026-10-01 17:02:08,438 - INFO - [global] LogUploader: upload_run_logs завершён
2026-10-01 17:02:34,732 - INFO - [global] Проверяю обновы...
2026-10-01 17:02:35,604 - DEBUG - [global] needs_update: raw → 5.13.09
2026-10-01 17:02:35,810 - DEBUG - [global] needs_update: API → 5.13.09
2026-10-01 17:02:35,810 - DEBUG - [global] needs_update: лучший источник raw → 5.13.09 (из 2)
2026-10-01 17:02:35,810 - INFO - [global] needs_update: local=(5, 13, 7) remote=(5, 13, 9) -> has_update=True
2026-10-01 17:02:35,810 - INFO - [global] Доступна обнова! Спавню кнопку
2026-10-01 17:03:05,830 - INFO - [global] Проверяю обновы...
2026-10-01 17:03:06,701 - DEBUG - [global] needs_update: raw → 5.13.09
2026-10-01 17:03:06,902 - DEBUG - [global] needs_update: API → 5.13.09
2026-10-01 17:03:06,903 - DEBUG - [global] needs_update: лучший источник raw → 5.13.09 (из 2)
2026-10-01 17:03:06,903 - INFO - [global] needs_update: local=(5, 13, 7) remote=(5, 13, 9) -> has_update=True
2026-10-01 17:03:06,903 - INFO - [global] Доступна обнова! Спавню кнопку
2026-10-01 17:03:08,471 - INFO - [global] LogUploader: запускаю upload_run_logs...
2026-10-01 17:03:08,472 - DEBUG - [global] log_uploader: START window=periodic made=-1 token=...Rjnfq
2026-10-01 17:03:09,435 - DEBUG - [global] _api_put: GET runs/20261001_170308_fail_periodic.log -> 404
2026-10-01 17:03:11,597 - DEBUG - [global] _api_put: PUT runs/20261001_170308_fail_periodic.log -> 201 (12833 bytes)
2026-10-01 17:03:11,599 - DEBUG - [global] log_uploader: STEP 1 (window log) -> https://github.com/StarateJI/L2Mauto/blob/bot-logs/runs/20261001_170308_fail_periodic.log
2026-10-01 17:03:11,599 - DEBUG - [global] log_uploader: STEP 2 SKIP (no PNGs)
