=== Log tail 2026-10-04T17:41:45.372213 | last 200 lines ===
2026-10-04 17:32:45,633 - INFO - [global] Доступна обнова! Спавню кнопку
2026-10-04 17:32:56,325 - INFO - [global] LogUploader: запускаю upload_run_logs...
2026-10-04 17:32:56,326 - DEBUG - [global] log_uploader: START window=periodic made=-1 token=...Rjnfq
2026-10-04 17:32:57,208 - DEBUG - [global] _api_put: GET runs/20261004_173256_fail_periodic.log -> 404
2026-10-04 17:33:00,039 - DEBUG - [global] _api_put: PUT runs/20261004_173256_fail_periodic.log -> 409 (4451 bytes)
2026-10-04 17:33:00,039 - WARNING - [global] _api_put: PUT failed body: {"message":"is at 1af2862db1cd13f6b719457f73c79c9864ca73bc but expected 0b4c2cdd8251ca95f4566685ac3dd29a9943a933","documentation_url":"https://docs.github.com/rest/repos/contents#create-or-update-file
2026-10-04 17:33:00,041 - DEBUG - [global] log_uploader: STEP 1 (window log) -> FAILED
2026-10-04 17:33:00,041 - DEBUG - [global] log_uploader: STEP 2 SKIP (no PNGs)
2026-10-04 17:33:00,940 - DEBUG - [global] _api_put: GET runs/20261004_173256_fail_global.log -> 404
2026-10-04 17:33:02,881 - DEBUG - [global] _api_put: PUT runs/20261004_173256_fail_global.log -> 201 (20205 bytes)
2026-10-04 17:33:02,883 - DEBUG - [global] log_uploader: STEP 3 (global log) -> https://github.com/StarateJI/L2Mauto/blob/bot-logs/runs/20261004_173256_fail_global.log
2026-10-04 17:33:02,883 - DEBUG - [global] log_uploader: END window=periodic
2026-10-04 17:33:02,883 - INFO - [global] LogUploader: upload_run_logs завершён
2026-10-04 17:33:15,646 - INFO - [global] Проверяю обновы...
2026-10-04 17:33:16,369 - DEBUG - [global] needs_update: raw → 5.13.09
2026-10-04 17:33:16,699 - DEBUG - [global] needs_update: API → 5.13.09
2026-10-04 17:33:16,700 - DEBUG - [global] needs_update: лучший источник raw → 5.13.09 (из 2)
2026-10-04 17:33:16,700 - INFO - [global] needs_update: local=(5, 13, 7) remote=(5, 13, 9) -> has_update=True
2026-10-04 17:33:16,700 - INFO - [global] Доступна обнова! Спавню кнопку
2026-10-04 17:33:46,716 - INFO - [global] Проверяю обновы...
2026-10-04 17:33:47,535 - DEBUG - [global] needs_update: raw → 5.13.09
2026-10-04 17:33:47,714 - DEBUG - [global] needs_update: API → 5.13.09
2026-10-04 17:33:47,714 - DEBUG - [global] needs_update: лучший источник raw → 5.13.09 (из 2)
2026-10-04 17:33:47,714 - INFO - [global] needs_update: local=(5, 13, 7) remote=(5, 13, 9) -> has_update=True
2026-10-04 17:33:47,714 - INFO - [global] Доступна обнова! Спавню кнопку
2026-10-04 17:34:02,913 - INFO - [global] LogUploader: запускаю upload_run_logs...
2026-10-04 17:34:02,913 - DEBUG - [global] log_uploader: START window=periodic made=-1 token=...Rjnfq
2026-10-04 17:34:03,810 - DEBUG - [global] _api_put: GET runs/20261004_173402_fail_periodic.log -> 404
2026-10-04 17:34:05,345 - DEBUG - [global] _api_put: PUT runs/20261004_173402_fail_periodic.log -> 409 (4451 bytes)
2026-10-04 17:34:05,345 - WARNING - [global] _api_put: PUT failed body: {"message":"is at 8f3bbe4d815d763d97cc39239ed14ce203b6a8a7 but expected 9f7d412306fb1d27f4c571dadad5de605b934bba","documentation_url":"https://docs.github.com/rest/repos/contents#create-or-update-file
2026-10-04 17:34:05,346 - DEBUG - [global] log_uploader: STEP 1 (window log) -> FAILED
2026-10-04 17:34:05,347 - DEBUG - [global] log_uploader: STEP 2 SKIP (no PNGs)
2026-10-04 17:34:06,290 - DEBUG - [global] _api_put: GET runs/20261004_173402_fail_global.log -> 404
2026-10-04 17:34:08,213 - DEBUG - [global] _api_put: PUT runs/20261004_173402_fail_global.log -> 201 (20285 bytes)
2026-10-04 17:34:08,215 - DEBUG - [global] log_uploader: STEP 3 (global log) -> https://github.com/StarateJI/L2Mauto/blob/bot-logs/runs/20261004_173402_fail_global.log
2026-10-04 17:34:08,215 - DEBUG - [global] log_uploader: END window=periodic
2026-10-04 17:34:08,215 - INFO - [global] LogUploader: upload_run_logs завершён
2026-10-04 17:34:17,732 - INFO - [global] Проверяю обновы...
2026-10-04 17:34:18,499 - DEBUG - [global] needs_update: raw → 5.13.09
2026-10-04 17:34:18,761 - DEBUG - [global] needs_update: API → 5.13.09
2026-10-04 17:34:18,761 - DEBUG - [global] needs_update: лучший источник raw → 5.13.09 (из 2)
2026-10-04 17:34:18,761 - INFO - [global] needs_update: local=(5, 13, 7) remote=(5, 13, 9) -> has_update=True
2026-10-04 17:34:18,761 - INFO - [global] Доступна обнова! Спавню кнопку
2026-10-04 17:34:48,778 - INFO - [global] Проверяю обновы...
2026-10-04 17:34:49,573 - DEBUG - [global] needs_update: raw → 5.13.09
2026-10-04 17:34:49,721 - DEBUG - [global] needs_update: API → 5.13.09
2026-10-04 17:34:49,721 - DEBUG - [global] needs_update: лучший источник raw → 5.13.09 (из 2)
2026-10-04 17:34:49,721 - INFO - [global] needs_update: local=(5, 13, 7) remote=(5, 13, 9) -> has_update=True
2026-10-04 17:34:49,721 - INFO - [global] Доступна обнова! Спавню кнопку
2026-10-04 17:35:08,244 - INFO - [global] LogUploader: запускаю upload_run_logs...
2026-10-04 17:35:08,244 - DEBUG - [global] log_uploader: START window=periodic made=-1 token=...Rjnfq
2026-10-04 17:35:09,152 - DEBUG - [global] _api_put: GET runs/20261004_173508_fail_periodic.log -> 404
2026-10-04 17:35:10,917 - DEBUG - [global] _api_put: PUT runs/20261004_173508_fail_periodic.log -> 201 (4451 bytes)
2026-10-04 17:35:10,919 - DEBUG - [global] log_uploader: STEP 1 (window log) -> https://github.com/StarateJI/L2Mauto/blob/bot-logs/runs/20261004_173508_fail_periodic.log
2026-10-04 17:35:10,919 - DEBUG - [global] log_uploader: STEP 2 SKIP (no PNGs)
2026-10-04 17:35:11,881 - DEBUG - [global] _api_put: GET runs/20261004_173508_fail_global.log -> 404
2026-10-04 17:35:13,698 - DEBUG - [global] _api_put: PUT runs/20261004_173508_fail_global.log -> 201 (20285 bytes)
2026-10-04 17:35:13,700 - DEBUG - [global] log_uploader: STEP 3 (global log) -> https://github.com/StarateJI/L2Mauto/blob/bot-logs/runs/20261004_173508_fail_global.log
2026-10-04 17:35:13,700 - DEBUG - [global] log_uploader: END window=periodic
2026-10-04 17:35:13,700 - INFO - [global] LogUploader: upload_run_logs завершён
2026-10-04 17:35:19,737 - INFO - [global] Проверяю обновы...
2026-10-04 17:35:20,479 - DEBUG - [global] needs_update: raw → 5.13.09
2026-10-04 17:35:20,748 - DEBUG - [global] needs_update: API → 5.13.09
2026-10-04 17:35:20,748 - DEBUG - [global] needs_update: лучший источник raw → 5.13.09 (из 2)
2026-10-04 17:35:20,748 - INFO - [global] needs_update: local=(5, 13, 7) remote=(5, 13, 9) -> has_update=True
2026-10-04 17:35:20,748 - INFO - [global] Доступна обнова! Спавню кнопку
2026-10-04 17:35:50,761 - INFO - [global] Проверяю обновы...
2026-10-04 17:35:51,566 - DEBUG - [global] needs_update: raw → 5.13.09
2026-10-04 17:35:51,737 - DEBUG - [global] needs_update: API → 5.13.09
2026-10-04 17:35:51,737 - DEBUG - [global] needs_update: лучший источник raw → 5.13.09 (из 2)
2026-10-04 17:35:51,737 - INFO - [global] needs_update: local=(5, 13, 7) remote=(5, 13, 9) -> has_update=True
2026-10-04 17:35:51,737 - INFO - [global] Доступна обнова! Спавню кнопку
2026-10-04 17:36:13,730 - INFO - [global] LogUploader: запускаю upload_run_logs...
2026-10-04 17:36:13,730 - DEBUG - [global] log_uploader: START window=periodic made=-1 token=...Rjnfq
2026-10-04 17:36:14,789 - DEBUG - [global] _api_put: GET runs/20261004_173613_fail_periodic.log -> 404
2026-10-04 17:36:16,573 - DEBUG - [global] _api_put: PUT runs/20261004_173613_fail_periodic.log -> 201 (4451 bytes)
2026-10-04 17:36:16,574 - DEBUG - [global] log_uploader: STEP 1 (window log) -> https://github.com/StarateJI/L2Mauto/blob/bot-logs/runs/20261004_173613_fail_periodic.log
2026-10-04 17:36:16,575 - DEBUG - [global] log_uploader: STEP 2 SKIP (no PNGs)
2026-10-04 17:36:17,520 - DEBUG - [global] _api_put: GET runs/20261004_173613_fail_global.log -> 404
2026-10-04 17:36:19,400 - DEBUG - [global] _api_put: PUT runs/20261004_173613_fail_global.log -> 201 (20205 bytes)
2026-10-04 17:36:19,403 - DEBUG - [global] log_uploader: STEP 3 (global log) -> https://github.com/StarateJI/L2Mauto/blob/bot-logs/runs/20261004_173613_fail_global.log
2026-10-04 17:36:19,403 - DEBUG - [global] log_uploader: END window=periodic
2026-10-04 17:36:19,403 - INFO - [global] LogUploader: upload_run_logs завершён
2026-10-04 17:36:21,751 - INFO - [global] Проверяю обновы...
2026-10-04 17:36:22,584 - DEBUG - [global] needs_update: raw → 5.13.09
2026-10-04 17:36:22,763 - DEBUG - [global] needs_update: API → 5.13.09
2026-10-04 17:36:22,764 - DEBUG - [global] needs_update: лучший источник raw → 5.13.09 (из 2)
2026-10-04 17:36:22,764 - INFO - [global] needs_update: local=(5, 13, 7) remote=(5, 13, 9) -> has_update=True
2026-10-04 17:36:22,764 - INFO - [global] Доступна обнова! Спавню кнопку
2026-10-04 17:36:52,781 - INFO - [global] Проверяю обновы...
2026-10-04 17:36:53,620 - DEBUG - [global] needs_update: raw → 5.13.09
2026-10-04 17:36:53,788 - DEBUG - [global] needs_update: API → 5.13.09
2026-10-04 17:36:53,788 - DEBUG - [global] needs_update: лучший источник raw → 5.13.09 (из 2)
2026-10-04 17:36:53,788 - INFO - [global] needs_update: local=(5, 13, 7) remote=(5, 13, 9) -> has_update=True
2026-10-04 17:36:53,788 - INFO - [global] Доступна обнова! Спавню кнопку
2026-10-04 17:37:19,434 - INFO - [global] LogUploader: запускаю upload_run_logs...
2026-10-04 17:37:19,434 - DEBUG - [global] log_uploader: START window=periodic made=-1 token=...Rjnfq
2026-10-04 17:37:20,347 - DEBUG - [global] _api_put: GET runs/20261004_173719_fail_periodic.log -> 404
2026-10-04 17:37:22,164 - DEBUG - [global] _api_put: PUT runs/20261004_173719_fail_periodic.log -> 201 (4451 bytes)
2026-10-04 17:37:22,165 - DEBUG - [global] log_uploader: STEP 1 (window log) -> https://github.com/StarateJI/L2Mauto/blob/bot-logs/runs/20261004_173719_fail_periodic.log
2026-10-04 17:37:22,166 - DEBUG - [global] log_uploader: STEP 2 SKIP (no PNGs)
2026-10-04 17:37:23,210 - DEBUG - [global] _api_put: GET runs/20261004_173719_fail_global.log -> 404
2026-10-04 17:37:23,801 - INFO - [global] Проверяю обновы...
2026-10-04 17:37:24,689 - DEBUG - [global] needs_update: raw → 5.13.09
2026-10-04 17:37:24,886 - DEBUG - [global] needs_update: API → 5.13.09
2026-10-04 17:37:24,886 - DEBUG - [global] needs_update: лучший источник raw → 5.13.09 (из 2)
2026-10-04 17:37:24,887 - INFO - [global] needs_update: local=(5, 13, 7) remote=(5, 13, 9) -> has_update=True
2026-10-04 17:37:24,887 - INFO - [global] Доступна обнова! Спавню кнопку
2026-10-04 17:37:25,008 - DEBUG - [global] _api_put: PUT runs/20261004_173719_fail_global.log -> 409 (20205 bytes)
2026-10-04 17:37:25,008 - WARNING - [global] _api_put: PUT failed body: {"message":"is at b5bf788342434c5daad2013d1ad3ecce3b871fcd but expected 041a26654fcaf3b899a2454bfe38697db6b7bf6e","documentation_url":"https://docs.github.com/rest/repos/contents#create-or-update-file
2026-10-04 17:37:25,010 - DEBUG - [global] log_uploader: STEP 3 (global log) -> FAILED
2026-10-04 17:37:25,010 - DEBUG - [global] log_uploader: END window=periodic
2026-10-04 17:37:25,010 - INFO - [global] LogUploader: upload_run_logs завершён
2026-10-04 17:37:54,900 - INFO - [global] Проверяю обновы...
2026-10-04 17:37:55,773 - DEBUG - [global] needs_update: raw → 5.13.09
2026-10-04 17:37:55,923 - DEBUG - [global] needs_update: API → 5.13.09
2026-10-04 17:37:55,924 - DEBUG - [global] needs_update: лучший источник raw → 5.13.09 (из 2)
2026-10-04 17:37:55,924 - INFO - [global] needs_update: local=(5, 13, 7) remote=(5, 13, 9) -> has_update=True
2026-10-04 17:37:55,924 - INFO - [global] Доступна обнова! Спавню кнопку
2026-10-04 17:38:25,042 - INFO - [global] LogUploader: запускаю upload_run_logs...
2026-10-04 17:38:25,042 - DEBUG - [global] log_uploader: START window=periodic made=-1 token=...Rjnfq
2026-10-04 17:38:25,939 - INFO - [global] Проверяю обновы...
2026-10-04 17:38:25,972 - DEBUG - [global] _api_put: GET runs/20261004_173825_fail_periodic.log -> 404
2026-10-04 17:38:26,912 - DEBUG - [global] needs_update: raw → 5.13.09
2026-10-04 17:38:27,052 - DEBUG - [global] needs_update: API → 5.13.09
2026-10-04 17:38:27,052 - DEBUG - [global] needs_update: лучший источник raw → 5.13.09 (из 2)
2026-10-04 17:38:27,052 - INFO - [global] needs_update: local=(5, 13, 7) remote=(5, 13, 9) -> has_update=True
2026-10-04 17:38:27,052 - INFO - [global] Доступна обнова! Спавню кнопку
2026-10-04 17:38:28,046 - DEBUG - [global] _api_put: PUT runs/20261004_173825_fail_periodic.log -> 201 (4451 bytes)
2026-10-04 17:38:28,049 - DEBUG - [global] log_uploader: STEP 1 (window log) -> https://github.com/StarateJI/L2Mauto/blob/bot-logs/runs/20261004_173825_fail_periodic.log
2026-10-04 17:38:28,050 - DEBUG - [global] log_uploader: STEP 2 SKIP (no PNGs)
2026-10-04 17:38:29,048 - DEBUG - [global] _api_put: GET runs/20261004_173825_fail_global.log -> 404
2026-10-04 17:38:30,918 - DEBUG - [global] _api_put: PUT runs/20261004_173825_fail_global.log -> 201 (20316 bytes)
2026-10-04 17:38:30,921 - DEBUG - [global] log_uploader: STEP 3 (global log) -> https://github.com/StarateJI/L2Mauto/blob/bot-logs/runs/20261004_173825_fail_global.log
2026-10-04 17:38:30,921 - DEBUG - [global] log_uploader: END window=periodic
2026-10-04 17:38:30,921 - INFO - [global] LogUploader: upload_run_logs завершён
2026-10-04 17:38:57,066 - INFO - [global] Проверяю обновы...
2026-10-04 17:38:57,939 - DEBUG - [global] needs_update: raw → 5.13.09
2026-10-04 17:38:58,112 - DEBUG - [global] needs_update: API → 5.13.09
2026-10-04 17:38:58,113 - DEBUG - [global] needs_update: лучший источник raw → 5.13.09 (из 2)
2026-10-04 17:38:58,113 - INFO - [global] needs_update: local=(5, 13, 7) remote=(5, 13, 9) -> has_update=True
2026-10-04 17:38:58,113 - INFO - [global] Доступна обнова! Спавню кнопку
2026-10-04 17:39:28,130 - INFO - [global] Проверяю обновы...
2026-10-04 17:39:29,060 - DEBUG - [global] needs_update: raw → 5.13.09
2026-10-04 17:39:29,144 - DEBUG - [global] needs_update: API → 5.13.09
2026-10-04 17:39:29,144 - DEBUG - [global] needs_update: лучший источник raw → 5.13.09 (из 2)
2026-10-04 17:39:29,144 - INFO - [global] needs_update: local=(5, 13, 7) remote=(5, 13, 9) -> has_update=True
2026-10-04 17:39:29,144 - INFO - [global] Доступна обнова! Спавню кнопку
2026-10-04 17:39:30,948 - INFO - [global] LogUploader: запускаю upload_run_logs...
2026-10-04 17:39:30,948 - DEBUG - [global] log_uploader: START window=periodic made=-1 token=...Rjnfq
2026-10-04 17:39:31,887 - DEBUG - [global] _api_put: GET runs/20261004_173930_fail_periodic.log -> 404
2026-10-04 17:39:33,723 - DEBUG - [global] _api_put: PUT runs/20261004_173930_fail_periodic.log -> 201 (4451 bytes)
2026-10-04 17:39:33,725 - DEBUG - [global] log_uploader: STEP 1 (window log) -> https://github.com/StarateJI/L2Mauto/blob/bot-logs/runs/20261004_173930_fail_periodic.log
2026-10-04 17:39:33,726 - DEBUG - [global] log_uploader: STEP 2 SKIP (no PNGs)
2026-10-04 17:39:34,706 - DEBUG - [global] _api_put: GET runs/20261004_173930_fail_global.log -> 404
2026-10-04 17:39:36,694 - DEBUG - [global] _api_put: PUT runs/20261004_173930_fail_global.log -> 201 (20287 bytes)
2026-10-04 17:39:36,697 - DEBUG - [global] log_uploader: STEP 3 (global log) -> https://github.com/StarateJI/L2Mauto/blob/bot-logs/runs/20261004_173930_fail_global.log
2026-10-04 17:39:36,697 - DEBUG - [global] log_uploader: END window=periodic
2026-10-04 17:39:36,698 - INFO - [global] LogUploader: upload_run_logs завершён
2026-10-04 17:39:59,157 - INFO - [global] Проверяю обновы...
2026-10-04 17:40:00,018 - DEBUG - [global] needs_update: raw → 5.13.09
2026-10-04 17:40:00,193 - DEBUG - [global] needs_update: API → 5.13.09
2026-10-04 17:40:00,194 - DEBUG - [global] needs_update: лучший источник raw → 5.13.09 (из 2)
2026-10-04 17:40:00,194 - INFO - [global] needs_update: local=(5, 13, 7) remote=(5, 13, 9) -> has_update=True
2026-10-04 17:40:00,194 - INFO - [global] Доступна обнова! Спавню кнопку
2026-10-04 17:40:30,212 - INFO - [global] Проверяю обновы...
2026-10-04 17:40:31,043 - DEBUG - [global] needs_update: raw → 5.13.09
2026-10-04 17:40:31,225 - DEBUG - [global] needs_update: API → 5.13.09
2026-10-04 17:40:31,225 - DEBUG - [global] needs_update: лучший источник raw → 5.13.09 (из 2)
2026-10-04 17:40:31,225 - INFO - [global] needs_update: local=(5, 13, 7) remote=(5, 13, 9) -> has_update=True
2026-10-04 17:40:31,225 - INFO - [global] Доступна обнова! Спавню кнопку
2026-10-04 17:40:36,728 - INFO - [global] LogUploader: запускаю upload_run_logs...
2026-10-04 17:40:36,729 - DEBUG - [global] log_uploader: START window=periodic made=-1 token=...Rjnfq
2026-10-04 17:40:37,705 - DEBUG - [global] _api_put: GET runs/20261004_174036_fail_periodic.log -> 404
2026-10-04 17:40:39,503 - DEBUG - [global] _api_put: PUT runs/20261004_174036_fail_periodic.log -> 201 (4451 bytes)
2026-10-04 17:40:39,505 - DEBUG - [global] log_uploader: STEP 1 (window log) -> https://github.com/StarateJI/L2Mauto/blob/bot-logs/runs/20261004_174036_fail_periodic.log
2026-10-04 17:40:39,505 - DEBUG - [global] log_uploader: STEP 2 SKIP (no PNGs)
2026-10-04 17:40:40,502 - DEBUG - [global] _api_put: GET runs/20261004_174036_fail_global.log -> 404
2026-10-04 17:40:42,536 - DEBUG - [global] _api_put: PUT runs/20261004_174036_fail_global.log -> 201 (20287 bytes)
2026-10-04 17:40:42,539 - DEBUG - [global] log_uploader: STEP 3 (global log) -> https://github.com/StarateJI/L2Mauto/blob/bot-logs/runs/20261004_174036_fail_global.log
2026-10-04 17:40:42,539 - DEBUG - [global] log_uploader: END window=periodic
2026-10-04 17:40:42,540 - INFO - [global] LogUploader: upload_run_logs завершён
2026-10-04 17:41:01,241 - INFO - [global] Проверяю обновы...
2026-10-04 17:41:02,165 - DEBUG - [global] needs_update: raw → 5.13.09
2026-10-04 17:41:02,271 - DEBUG - [global] needs_update: API → 5.13.09
2026-10-04 17:41:02,272 - DEBUG - [global] needs_update: лучший источник raw → 5.13.09 (из 2)
2026-10-04 17:41:02,272 - INFO - [global] needs_update: local=(5, 13, 7) remote=(5, 13, 9) -> has_update=True
2026-10-04 17:41:02,272 - INFO - [global] Доступна обнова! Спавню кнопку
2026-10-04 17:41:32,288 - INFO - [global] Проверяю обновы...
2026-10-04 17:41:33,192 - DEBUG - [global] needs_update: raw → 5.13.09
2026-10-04 17:41:33,359 - DEBUG - [global] needs_update: API → 5.13.09
2026-10-04 17:41:33,360 - DEBUG - [global] needs_update: лучший источник raw → 5.13.09 (из 2)
2026-10-04 17:41:33,360 - INFO - [global] needs_update: local=(5, 13, 7) remote=(5, 13, 9) -> has_update=True
2026-10-04 17:41:33,360 - INFO - [global] Доступна обнова! Спавню кнопку
2026-10-04 17:41:42,570 - INFO - [global] LogUploader: запускаю upload_run_logs...
2026-10-04 17:41:42,570 - DEBUG - [global] log_uploader: START window=periodic made=-1 token=...Rjnfq
2026-10-04 17:41:43,524 - DEBUG - [global] _api_put: GET runs/20261004_174142_fail_periodic.log -> 404
2026-10-04 17:41:45,291 - DEBUG - [global] _api_put: PUT runs/20261004_174142_fail_periodic.log -> 201 (4451 bytes)
2026-10-04 17:41:45,293 - DEBUG - [global] log_uploader: STEP 1 (window log) -> https://github.com/StarateJI/L2Mauto/blob/bot-logs/runs/20261004_174142_fail_periodic.log
2026-10-04 17:41:45,294 - DEBUG - [global] log_uploader: STEP 2 SKIP (no PNGs)
