=== Log tail 2026-09-15T10:46:59.958538 | last 200 lines ===
2026-09-15 10:37:31,774 - INFO - [global] Установлена последняя версия бота | 5.4.1
2026-09-15 10:37:33,045 - DEBUG - [global] _api_put: PUT runs/20260915_103729_fail_global.log -> 201 (21431 bytes)
2026-09-15 10:37:33,052 - DEBUG - [global] log_uploader: STEP 3 (global log) -> https://github.com/StarateJI/L2Mauto/blob/bot-logs/runs/20260915_103729_fail_global.log
2026-09-15 10:37:33,052 - DEBUG - [global] log_uploader: END window=periodic
2026-09-15 10:37:33,052 - INFO - [global] LogUploader: upload_run_logs завершён
2026-09-15 10:38:01,792 - INFO - [global] Проверяю обновы...
2026-09-15 10:38:02,841 - DEBUG - [global] needs_update: raw → 5.4.1
2026-09-15 10:38:03,847 - DEBUG - [global] needs_update: API GitHub → 5.4.1
2026-09-15 10:38:04,865 - DEBUG - [global] needs_update: jsdelivr → 5.2.2
2026-09-15 10:38:04,866 - DEBUG - [global] needs_update: лучший источник raw → 5.4.1 (из 3)
2026-09-15 10:38:04,870 - INFO - [global] needs_update: local=(5, 4, 1) remote=(5, 4, 1) -> has_update=False
2026-09-15 10:38:04,872 - INFO - [global] Установлена последняя версия бота | 5.4.1
2026-09-15 10:38:33,087 - INFO - [global] LogUploader: запускаю upload_run_logs...
2026-09-15 10:38:33,089 - DEBUG - [global] log_uploader: START window=periodic made=-1 token=...Rjnfq
2026-09-15 10:38:33,090 - DEBUG - [global] log_uploader: STEP 1 SKIP (no C:\Users\PC\Desktop\L2Mauto\logs\periodic.log)
2026-09-15 10:38:33,091 - DEBUG - [global] log_uploader: STEP 2 SKIP (no PNGs)
2026-09-15 10:38:34,413 - DEBUG - [global] _api_put: GET runs/20260915_103833_fail_global.log -> 404
2026-09-15 10:38:34,890 - INFO - [global] Проверяю обновы...
2026-09-15 10:38:35,921 - DEBUG - [global] needs_update: raw → 5.4.1
2026-09-15 10:38:36,332 - DEBUG - [global] _api_put: PUT runs/20260915_103833_fail_global.log -> 201 (21241 bytes)
2026-09-15 10:38:36,337 - DEBUG - [global] log_uploader: STEP 3 (global log) -> https://github.com/StarateJI/L2Mauto/blob/bot-logs/runs/20260915_103833_fail_global.log
2026-09-15 10:38:36,337 - DEBUG - [global] log_uploader: END window=periodic
2026-09-15 10:38:36,338 - INFO - [global] LogUploader: upload_run_logs завершён
2026-09-15 10:38:36,906 - DEBUG - [global] needs_update: API GitHub → 5.4.1
2026-09-15 10:38:37,892 - DEBUG - [global] needs_update: jsdelivr → 5.2.2
2026-09-15 10:38:37,892 - DEBUG - [global] needs_update: лучший источник raw → 5.4.1 (из 3)
2026-09-15 10:38:37,896 - INFO - [global] needs_update: local=(5, 4, 1) remote=(5, 4, 1) -> has_update=False
2026-09-15 10:38:37,898 - INFO - [global] Установлена последняя версия бота | 5.4.1
2026-09-15 10:39:07,916 - INFO - [global] Проверяю обновы...
2026-09-15 10:39:08,927 - DEBUG - [global] needs_update: raw → 5.4.1
2026-09-15 10:39:09,932 - DEBUG - [global] needs_update: API GitHub → 5.4.1
2026-09-15 10:39:10,941 - DEBUG - [global] needs_update: jsdelivr → 5.2.2
2026-09-15 10:39:10,942 - DEBUG - [global] needs_update: лучший источник raw → 5.4.1 (из 3)
2026-09-15 10:39:10,946 - INFO - [global] needs_update: local=(5, 4, 1) remote=(5, 4, 1) -> has_update=False
2026-09-15 10:39:10,947 - INFO - [global] Установлена последняя версия бота | 5.4.1
2026-09-15 10:39:36,373 - INFO - [global] LogUploader: запускаю upload_run_logs...
2026-09-15 10:39:36,375 - DEBUG - [global] log_uploader: START window=periodic made=-1 token=...Rjnfq
2026-09-15 10:39:36,376 - DEBUG - [global] log_uploader: STEP 1 SKIP (no C:\Users\PC\Desktop\L2Mauto\logs\periodic.log)
2026-09-15 10:39:36,377 - DEBUG - [global] log_uploader: STEP 2 SKIP (no PNGs)
2026-09-15 10:39:37,650 - DEBUG - [global] _api_put: GET runs/20260915_103936_fail_global.log -> 404
2026-09-15 10:39:39,491 - DEBUG - [global] _api_put: PUT runs/20260915_103936_fail_global.log -> 201 (20981 bytes)
2026-09-15 10:39:39,495 - DEBUG - [global] log_uploader: STEP 3 (global log) -> https://github.com/StarateJI/L2Mauto/blob/bot-logs/runs/20260915_103936_fail_global.log
2026-09-15 10:39:39,495 - DEBUG - [global] log_uploader: END window=periodic
2026-09-15 10:39:39,496 - INFO - [global] LogUploader: upload_run_logs завершён
2026-09-15 10:39:40,962 - INFO - [global] Проверяю обновы...
2026-09-15 10:39:41,970 - DEBUG - [global] needs_update: raw → 5.4.1
2026-09-15 10:39:42,949 - DEBUG - [global] needs_update: API GitHub → 5.4.1
2026-09-15 10:39:43,948 - DEBUG - [global] needs_update: jsdelivr → 5.2.2
2026-09-15 10:39:43,948 - DEBUG - [global] needs_update: лучший источник raw → 5.4.1 (из 3)
2026-09-15 10:39:43,952 - INFO - [global] needs_update: local=(5, 4, 1) remote=(5, 4, 1) -> has_update=False
2026-09-15 10:39:43,953 - INFO - [global] Установлена последняя версия бота | 5.4.1
2026-09-15 10:40:13,971 - INFO - [global] Проверяю обновы...
2026-09-15 10:40:14,994 - DEBUG - [global] needs_update: raw → 5.4.1
2026-09-15 10:40:16,004 - DEBUG - [global] needs_update: API GitHub → 5.4.1
2026-09-15 10:40:17,019 - DEBUG - [global] needs_update: jsdelivr → 5.2.2
2026-09-15 10:40:17,020 - DEBUG - [global] needs_update: лучший источник raw → 5.4.1 (из 3)
2026-09-15 10:40:17,025 - INFO - [global] needs_update: local=(5, 4, 1) remote=(5, 4, 1) -> has_update=False
2026-09-15 10:40:17,026 - INFO - [global] Установлена последняя версия бота | 5.4.1
2026-09-15 10:40:39,530 - INFO - [global] LogUploader: запускаю upload_run_logs...
2026-09-15 10:40:39,533 - DEBUG - [global] log_uploader: START window=periodic made=-1 token=...Rjnfq
2026-09-15 10:40:39,534 - DEBUG - [global] log_uploader: STEP 1 SKIP (no C:\Users\PC\Desktop\L2Mauto\logs\periodic.log)
2026-09-15 10:40:39,534 - DEBUG - [global] log_uploader: STEP 2 SKIP (no PNGs)
2026-09-15 10:40:40,899 - DEBUG - [global] _api_put: GET runs/20260915_104039_fail_global.log -> 404
2026-09-15 10:40:42,820 - DEBUG - [global] _api_put: PUT runs/20260915_104039_fail_global.log -> 201 (20721 bytes)
2026-09-15 10:40:42,825 - DEBUG - [global] log_uploader: STEP 3 (global log) -> https://github.com/StarateJI/L2Mauto/blob/bot-logs/runs/20260915_104039_fail_global.log
2026-09-15 10:40:42,826 - DEBUG - [global] log_uploader: END window=periodic
2026-09-15 10:40:42,826 - INFO - [global] LogUploader: upload_run_logs завершён
2026-09-15 10:40:47,049 - INFO - [global] Проверяю обновы...
2026-09-15 10:40:48,074 - DEBUG - [global] needs_update: raw → 5.4.1
2026-09-15 10:40:49,092 - DEBUG - [global] needs_update: API GitHub → 5.4.1
2026-09-15 10:40:50,084 - DEBUG - [global] needs_update: jsdelivr → 5.2.2
2026-09-15 10:40:50,085 - DEBUG - [global] needs_update: лучший источник raw → 5.4.1 (из 3)
2026-09-15 10:40:50,089 - INFO - [global] needs_update: local=(5, 4, 1) remote=(5, 4, 1) -> has_update=False
2026-09-15 10:40:50,090 - INFO - [global] Установлена последняя версия бота | 5.4.1
2026-09-15 10:41:20,107 - INFO - [global] Проверяю обновы...
2026-09-15 10:41:21,109 - DEBUG - [global] needs_update: raw → 5.4.1
2026-09-15 10:41:22,149 - DEBUG - [global] needs_update: API GitHub → 5.4.1
2026-09-15 10:41:23,201 - DEBUG - [global] needs_update: jsdelivr → 5.2.2
2026-09-15 10:41:23,202 - DEBUG - [global] needs_update: лучший источник raw → 5.4.1 (из 3)
2026-09-15 10:41:23,208 - INFO - [global] needs_update: local=(5, 4, 1) remote=(5, 4, 1) -> has_update=False
2026-09-15 10:41:23,211 - INFO - [global] Установлена последняя версия бота | 5.4.1
2026-09-15 10:41:42,860 - INFO - [global] LogUploader: запускаю upload_run_logs...
2026-09-15 10:41:42,864 - DEBUG - [global] log_uploader: START window=periodic made=-1 token=...Rjnfq
2026-09-15 10:41:42,865 - DEBUG - [global] log_uploader: STEP 1 SKIP (no C:\Users\PC\Desktop\L2Mauto\logs\periodic.log)
2026-09-15 10:41:42,865 - DEBUG - [global] log_uploader: STEP 2 SKIP (no PNGs)
2026-09-15 10:41:44,131 - DEBUG - [global] _api_put: GET runs/20260915_104142_fail_global.log -> 404
2026-09-15 10:41:46,131 - DEBUG - [global] _api_put: PUT runs/20260915_104142_fail_global.log -> 201 (20461 bytes)
2026-09-15 10:41:46,136 - DEBUG - [global] log_uploader: STEP 3 (global log) -> https://github.com/StarateJI/L2Mauto/blob/bot-logs/runs/20260915_104142_fail_global.log
2026-09-15 10:41:46,136 - DEBUG - [global] log_uploader: END window=periodic
2026-09-15 10:41:46,136 - INFO - [global] LogUploader: upload_run_logs завершён
2026-09-15 10:41:53,228 - INFO - [global] Проверяю обновы...
2026-09-15 10:41:54,249 - DEBUG - [global] needs_update: raw → 5.4.1
2026-09-15 10:41:55,260 - DEBUG - [global] needs_update: API GitHub → 5.4.1
2026-09-15 10:41:56,266 - DEBUG - [global] needs_update: jsdelivr → 5.2.2
2026-09-15 10:41:56,267 - DEBUG - [global] needs_update: лучший источник raw → 5.4.1 (из 3)
2026-09-15 10:41:56,271 - INFO - [global] needs_update: local=(5, 4, 1) remote=(5, 4, 1) -> has_update=False
2026-09-15 10:41:56,273 - INFO - [global] Установлена последняя версия бота | 5.4.1
2026-09-15 10:42:26,292 - INFO - [global] Проверяю обновы...
2026-09-15 10:42:27,339 - DEBUG - [global] needs_update: raw → 5.4.1
2026-09-15 10:42:28,333 - DEBUG - [global] needs_update: API GitHub → 5.4.1
2026-09-15 10:42:29,393 - DEBUG - [global] needs_update: jsdelivr → 5.2.2
2026-09-15 10:42:29,393 - DEBUG - [global] needs_update: лучший источник raw → 5.4.1 (из 3)
2026-09-15 10:42:29,398 - INFO - [global] needs_update: local=(5, 4, 1) remote=(5, 4, 1) -> has_update=False
2026-09-15 10:42:29,399 - INFO - [global] Установлена последняя версия бота | 5.4.1
2026-09-15 10:42:46,176 - INFO - [global] LogUploader: запускаю upload_run_logs...
2026-09-15 10:42:46,179 - DEBUG - [global] log_uploader: START window=periodic made=-1 token=...Rjnfq
2026-09-15 10:42:46,180 - DEBUG - [global] log_uploader: STEP 1 SKIP (no C:\Users\PC\Desktop\L2Mauto\logs\periodic.log)
2026-09-15 10:42:46,180 - DEBUG - [global] log_uploader: STEP 2 SKIP (no PNGs)
2026-09-15 10:42:47,406 - DEBUG - [global] _api_put: GET runs/20260915_104246_fail_global.log -> 404
2026-09-15 10:42:49,684 - DEBUG - [global] _api_put: PUT runs/20260915_104246_fail_global.log -> 201 (20201 bytes)
2026-09-15 10:42:49,689 - DEBUG - [global] log_uploader: STEP 3 (global log) -> https://github.com/StarateJI/L2Mauto/blob/bot-logs/runs/20260915_104246_fail_global.log
2026-09-15 10:42:49,689 - DEBUG - [global] log_uploader: END window=periodic
2026-09-15 10:42:49,689 - INFO - [global] LogUploader: upload_run_logs завершён
2026-09-15 10:42:59,415 - INFO - [global] Проверяю обновы...
2026-09-15 10:43:00,452 - DEBUG - [global] needs_update: raw → 5.4.1
2026-09-15 10:43:01,491 - DEBUG - [global] needs_update: API GitHub → 5.4.1
2026-09-15 10:43:02,461 - DEBUG - [global] needs_update: jsdelivr → 5.2.2
2026-09-15 10:43:02,462 - DEBUG - [global] needs_update: лучший источник raw → 5.4.1 (из 3)
2026-09-15 10:43:02,466 - INFO - [global] needs_update: local=(5, 4, 1) remote=(5, 4, 1) -> has_update=False
2026-09-15 10:43:02,468 - INFO - [global] Установлена последняя версия бота | 5.4.1
2026-09-15 10:43:32,485 - INFO - [global] Проверяю обновы...
2026-09-15 10:43:33,482 - DEBUG - [global] needs_update: raw → 5.4.1
2026-09-15 10:43:34,473 - DEBUG - [global] needs_update: API GitHub → 5.4.1
2026-09-15 10:43:35,502 - DEBUG - [global] needs_update: jsdelivr → 5.2.2
2026-09-15 10:43:35,503 - DEBUG - [global] needs_update: лучший источник raw → 5.4.1 (из 3)
2026-09-15 10:43:35,507 - INFO - [global] needs_update: local=(5, 4, 1) remote=(5, 4, 1) -> has_update=False
2026-09-15 10:43:35,509 - INFO - [global] Установлена последняя версия бота | 5.4.1
2026-09-15 10:43:49,718 - INFO - [global] LogUploader: запускаю upload_run_logs...
2026-09-15 10:43:49,721 - DEBUG - [global] log_uploader: START window=periodic made=-1 token=...Rjnfq
2026-09-15 10:43:49,722 - DEBUG - [global] log_uploader: STEP 1 SKIP (no C:\Users\PC\Desktop\L2Mauto\logs\periodic.log)
2026-09-15 10:43:49,723 - DEBUG - [global] log_uploader: STEP 2 SKIP (no PNGs)
2026-09-15 10:43:51,039 - DEBUG - [global] _api_put: GET runs/20260915_104349_fail_global.log -> 404
2026-09-15 10:43:52,928 - DEBUG - [global] _api_put: PUT runs/20260915_104349_fail_global.log -> 201 (19941 bytes)
2026-09-15 10:43:52,933 - DEBUG - [global] log_uploader: STEP 3 (global log) -> https://github.com/StarateJI/L2Mauto/blob/bot-logs/runs/20260915_104349_fail_global.log
2026-09-15 10:43:52,933 - DEBUG - [global] log_uploader: END window=periodic
2026-09-15 10:43:52,933 - INFO - [global] LogUploader: upload_run_logs завершён
2026-09-15 10:44:05,528 - INFO - [global] Проверяю обновы...
2026-09-15 10:44:06,572 - DEBUG - [global] needs_update: raw → 5.4.1
2026-09-15 10:44:07,576 - DEBUG - [global] needs_update: API GitHub → 5.4.1
2026-09-15 10:44:08,573 - DEBUG - [global] needs_update: jsdelivr → 5.2.2
2026-09-15 10:44:08,573 - DEBUG - [global] needs_update: лучший источник raw → 5.4.1 (из 3)
2026-09-15 10:44:08,578 - INFO - [global] needs_update: local=(5, 4, 1) remote=(5, 4, 1) -> has_update=False
2026-09-15 10:44:08,579 - INFO - [global] Установлена последняя версия бота | 5.4.1
2026-09-15 10:44:38,599 - INFO - [global] Проверяю обновы...
2026-09-15 10:44:39,781 - DEBUG - [global] needs_update: raw → 5.4.1
2026-09-15 10:44:40,807 - DEBUG - [global] needs_update: API GitHub → 5.4.1
2026-09-15 10:44:41,822 - DEBUG - [global] needs_update: jsdelivr → 5.2.2
2026-09-15 10:44:41,822 - DEBUG - [global] needs_update: лучший источник raw → 5.4.1 (из 3)
2026-09-15 10:44:41,827 - INFO - [global] needs_update: local=(5, 4, 1) remote=(5, 4, 1) -> has_update=False
2026-09-15 10:44:41,828 - INFO - [global] Установлена последняя версия бота | 5.4.1
2026-09-15 10:44:52,967 - INFO - [global] LogUploader: запускаю upload_run_logs...
2026-09-15 10:44:52,969 - DEBUG - [global] log_uploader: START window=periodic made=-1 token=...Rjnfq
2026-09-15 10:44:52,970 - DEBUG - [global] log_uploader: STEP 1 SKIP (no C:\Users\PC\Desktop\L2Mauto\logs\periodic.log)
2026-09-15 10:44:52,971 - DEBUG - [global] log_uploader: STEP 2 SKIP (no PNGs)
2026-09-15 10:44:54,270 - DEBUG - [global] _api_put: GET runs/20260915_104452_fail_global.log -> 404
2026-09-15 10:44:56,462 - DEBUG - [global] _api_put: PUT runs/20260915_104452_fail_global.log -> 201 (19681 bytes)
2026-09-15 10:44:56,467 - DEBUG - [global] log_uploader: STEP 3 (global log) -> https://github.com/StarateJI/L2Mauto/blob/bot-logs/runs/20260915_104452_fail_global.log
2026-09-15 10:44:56,467 - DEBUG - [global] log_uploader: END window=periodic
2026-09-15 10:44:56,467 - INFO - [global] LogUploader: upload_run_logs завершён
2026-09-15 10:45:11,848 - INFO - [global] Проверяю обновы...
2026-09-15 10:45:12,853 - DEBUG - [global] needs_update: raw → 5.4.1
2026-09-15 10:45:13,842 - DEBUG - [global] needs_update: API GitHub → 5.4.1
2026-09-15 10:45:14,847 - DEBUG - [global] needs_update: jsdelivr → 5.2.2
2026-09-15 10:45:14,848 - DEBUG - [global] needs_update: лучший источник raw → 5.4.1 (из 3)
2026-09-15 10:45:14,852 - INFO - [global] needs_update: local=(5, 4, 1) remote=(5, 4, 1) -> has_update=False
2026-09-15 10:45:14,853 - INFO - [global] Установлена последняя версия бота | 5.4.1
2026-09-15 10:45:44,873 - INFO - [global] Проверяю обновы...
2026-09-15 10:45:45,907 - DEBUG - [global] needs_update: raw → 5.4.1
2026-09-15 10:45:46,927 - DEBUG - [global] needs_update: API GitHub → 5.4.1
2026-09-15 10:45:47,946 - DEBUG - [global] needs_update: jsdelivr → 5.2.2
2026-09-15 10:45:47,946 - DEBUG - [global] needs_update: лучший источник raw → 5.4.1 (из 3)
2026-09-15 10:45:47,951 - INFO - [global] needs_update: local=(5, 4, 1) remote=(5, 4, 1) -> has_update=False
2026-09-15 10:45:47,952 - INFO - [global] Установлена последняя версия бота | 5.4.1
2026-09-15 10:45:56,503 - INFO - [global] LogUploader: запускаю upload_run_logs...
2026-09-15 10:45:56,506 - DEBUG - [global] log_uploader: START window=periodic made=-1 token=...Rjnfq
2026-09-15 10:45:56,507 - DEBUG - [global] log_uploader: STEP 1 SKIP (no C:\Users\PC\Desktop\L2Mauto\logs\periodic.log)
2026-09-15 10:45:56,508 - DEBUG - [global] log_uploader: STEP 2 SKIP (no PNGs)
2026-09-15 10:45:57,882 - DEBUG - [global] _api_put: GET runs/20260915_104556_fail_global.log -> 404
2026-09-15 10:45:59,892 - DEBUG - [global] _api_put: PUT runs/20260915_104556_fail_global.log -> 201 (19421 bytes)
2026-09-15 10:45:59,898 - DEBUG - [global] log_uploader: STEP 3 (global log) -> https://github.com/StarateJI/L2Mauto/blob/bot-logs/runs/20260915_104556_fail_global.log
2026-09-15 10:45:59,898 - DEBUG - [global] log_uploader: END window=periodic
2026-09-15 10:45:59,898 - INFO - [global] LogUploader: upload_run_logs завершён
2026-09-15 10:46:17,972 - INFO - [global] Проверяю обновы...
2026-09-15 10:46:19,037 - DEBUG - [global] needs_update: raw → 5.4.1
2026-09-15 10:46:20,055 - DEBUG - [global] needs_update: API GitHub → 5.4.1
2026-09-15 10:46:21,047 - DEBUG - [global] needs_update: jsdelivr → 5.2.2
2026-09-15 10:46:21,047 - DEBUG - [global] needs_update: лучший источник raw → 5.4.1 (из 3)
2026-09-15 10:46:21,052 - INFO - [global] needs_update: local=(5, 4, 1) remote=(5, 4, 1) -> has_update=False
2026-09-15 10:46:21,054 - INFO - [global] Установлена последняя версия бота | 5.4.1
2026-09-15 10:46:51,068 - INFO - [global] Проверяю обновы...
2026-09-15 10:46:52,054 - DEBUG - [global] needs_update: raw → 5.4.1
2026-09-15 10:46:53,045 - DEBUG - [global] needs_update: API GitHub → 5.4.1
2026-09-15 10:46:54,078 - DEBUG - [global] needs_update: jsdelivr → 5.2.2
2026-09-15 10:46:54,078 - DEBUG - [global] needs_update: лучший источник raw → 5.4.1 (из 3)
2026-09-15 10:46:54,082 - INFO - [global] needs_update: local=(5, 4, 1) remote=(5, 4, 1) -> has_update=False
2026-09-15 10:46:54,083 - INFO - [global] Установлена последняя версия бота | 5.4.1
2026-09-15 10:46:59,932 - INFO - [global] LogUploader: запускаю upload_run_logs...
2026-09-15 10:46:59,935 - DEBUG - [global] log_uploader: START window=periodic made=-1 token=...Rjnfq
2026-09-15 10:46:59,935 - DEBUG - [global] log_uploader: STEP 1 SKIP (no C:\Users\PC\Desktop\L2Mauto\logs\periodic.log)
2026-09-15 10:46:59,935 - DEBUG - [global] log_uploader: STEP 2 SKIP (no PNGs)
