=== Log tail 2026-09-25T05:40:55.475391 | last 200 lines ===
2026-09-25 05:32:02,478 - DEBUG - [global] needs_update: API → 5.13.07
2026-09-25 05:32:02,478 - DEBUG - [global] needs_update: лучший источник raw → 5.13.07 (из 2)
2026-09-25 05:32:02,478 - INFO - [global] needs_update: local=(5, 13, 7) remote=(5, 13, 7) -> has_update=False
2026-09-25 05:32:02,478 - INFO - [global] Установлена последняя версия бота | 5.13.07
2026-09-25 05:32:08,388 - INFO - [global] LogUploader: запускаю upload_run_logs...
2026-09-25 05:32:08,389 - DEBUG - [global] log_uploader: START window=periodic made=-1 token=...Rjnfq
2026-09-25 05:32:09,313 - DEBUG - [global] _api_put: GET runs/20260925_053208_fail_periodic.log -> 404
2026-09-25 05:32:10,958 - DEBUG - [global] _api_put: PUT runs/20260925_053208_fail_periodic.log -> 201 (9273 bytes)
2026-09-25 05:32:10,961 - DEBUG - [global] log_uploader: STEP 1 (window log) -> https://github.com/StarateJI/L2Mauto/blob/bot-logs/runs/20260925_053208_fail_periodic.log
2026-09-25 05:32:10,961 - DEBUG - [global] log_uploader: STEP 2 SKIP (no PNGs)
2026-09-25 05:32:11,958 - DEBUG - [global] _api_put: GET runs/20260925_053208_fail_global.log -> 404
2026-09-25 05:32:14,046 - DEBUG - [global] _api_put: PUT runs/20260925_053208_fail_global.log -> 201 (20451 bytes)
2026-09-25 05:32:14,047 - DEBUG - [global] log_uploader: STEP 3 (global log) -> https://github.com/StarateJI/L2Mauto/blob/bot-logs/runs/20260925_053208_fail_global.log
2026-09-25 05:32:14,048 - DEBUG - [global] log_uploader: END window=periodic
2026-09-25 05:32:14,048 - INFO - [global] LogUploader: upload_run_logs завершён
2026-09-25 05:32:32,495 - INFO - [global] Проверяю обновы...
2026-09-25 05:32:33,363 - DEBUG - [global] needs_update: raw → 5.13.07
2026-09-25 05:32:33,680 - DEBUG - [global] needs_update: API → 5.13.07
2026-09-25 05:32:33,680 - DEBUG - [global] needs_update: лучший источник raw → 5.13.07 (из 2)
2026-09-25 05:32:33,681 - INFO - [global] needs_update: local=(5, 13, 7) remote=(5, 13, 7) -> has_update=False
2026-09-25 05:32:33,681 - INFO - [global] Установлена последняя версия бота | 5.13.07
2026-09-25 05:33:03,697 - INFO - [global] Проверяю обновы...
2026-09-25 05:33:04,649 - DEBUG - [global] needs_update: raw → 5.13.07
2026-09-25 05:33:04,776 - DEBUG - [global] needs_update: API → 5.13.07
2026-09-25 05:33:04,776 - DEBUG - [global] needs_update: лучший источник raw → 5.13.07 (из 2)
2026-09-25 05:33:04,776 - INFO - [global] needs_update: local=(5, 13, 7) remote=(5, 13, 7) -> has_update=False
2026-09-25 05:33:04,777 - INFO - [global] Установлена последняя версия бота | 5.13.07
2026-09-25 05:33:14,081 - INFO - [global] LogUploader: запускаю upload_run_logs...
2026-09-25 05:33:14,082 - DEBUG - [global] log_uploader: START window=periodic made=-1 token=...Rjnfq
2026-09-25 05:33:14,999 - DEBUG - [global] _api_put: GET runs/20260925_053314_fail_periodic.log -> 404
2026-09-25 05:33:16,889 - DEBUG - [global] _api_put: PUT runs/20260925_053314_fail_periodic.log -> 201 (9273 bytes)
2026-09-25 05:33:16,890 - DEBUG - [global] log_uploader: STEP 1 (window log) -> https://github.com/StarateJI/L2Mauto/blob/bot-logs/runs/20260925_053314_fail_periodic.log
2026-09-25 05:33:16,891 - DEBUG - [global] log_uploader: STEP 2 SKIP (no PNGs)
2026-09-25 05:33:17,942 - DEBUG - [global] _api_put: GET runs/20260925_053314_fail_global.log -> 404
2026-09-25 05:33:19,797 - DEBUG - [global] _api_put: PUT runs/20260925_053314_fail_global.log -> 201 (20451 bytes)
2026-09-25 05:33:19,799 - DEBUG - [global] log_uploader: STEP 3 (global log) -> https://github.com/StarateJI/L2Mauto/blob/bot-logs/runs/20260925_053314_fail_global.log
2026-09-25 05:33:19,799 - DEBUG - [global] log_uploader: END window=periodic
2026-09-25 05:33:19,799 - INFO - [global] LogUploader: upload_run_logs завершён
2026-09-25 05:33:34,794 - INFO - [global] Проверяю обновы...
2026-09-25 05:33:35,697 - DEBUG - [global] needs_update: raw → 5.13.07
2026-09-25 05:33:35,835 - DEBUG - [global] needs_update: API → 5.13.07
2026-09-25 05:33:35,836 - DEBUG - [global] needs_update: лучший источник raw → 5.13.07 (из 2)
2026-09-25 05:33:35,836 - INFO - [global] needs_update: local=(5, 13, 7) remote=(5, 13, 7) -> has_update=False
2026-09-25 05:33:35,836 - INFO - [global] Установлена последняя версия бота | 5.13.07
2026-09-25 05:34:05,854 - INFO - [global] Проверяю обновы...
2026-09-25 05:34:06,733 - DEBUG - [global] needs_update: raw → 5.13.07
2026-09-25 05:34:06,914 - DEBUG - [global] needs_update: API → 5.13.07
2026-09-25 05:34:06,914 - DEBUG - [global] needs_update: лучший источник raw → 5.13.07 (из 2)
2026-09-25 05:34:06,914 - INFO - [global] needs_update: local=(5, 13, 7) remote=(5, 13, 7) -> has_update=False
2026-09-25 05:34:06,915 - INFO - [global] Установлена последняя версия бота | 5.13.07
2026-09-25 05:34:19,832 - INFO - [global] LogUploader: запускаю upload_run_logs...
2026-09-25 05:34:19,833 - DEBUG - [global] log_uploader: START window=periodic made=-1 token=...Rjnfq
2026-09-25 05:34:20,718 - DEBUG - [global] _api_put: GET runs/20260925_053419_fail_periodic.log -> 404
2026-09-25 05:34:22,338 - DEBUG - [global] _api_put: PUT runs/20260925_053419_fail_periodic.log -> 201 (9273 bytes)
2026-09-25 05:34:22,341 - DEBUG - [global] log_uploader: STEP 1 (window log) -> https://github.com/StarateJI/L2Mauto/blob/bot-logs/runs/20260925_053419_fail_periodic.log
2026-09-25 05:34:22,342 - DEBUG - [global] log_uploader: STEP 2 SKIP (no PNGs)
2026-09-25 05:34:23,336 - DEBUG - [global] _api_put: GET runs/20260925_053419_fail_global.log -> 404
2026-09-25 05:34:25,063 - DEBUG - [global] _api_put: PUT runs/20260925_053419_fail_global.log -> 201 (20451 bytes)
2026-09-25 05:34:25,065 - DEBUG - [global] log_uploader: STEP 3 (global log) -> https://github.com/StarateJI/L2Mauto/blob/bot-logs/runs/20260925_053419_fail_global.log
2026-09-25 05:34:25,065 - DEBUG - [global] log_uploader: END window=periodic
2026-09-25 05:34:25,065 - INFO - [global] LogUploader: upload_run_logs завершён
2026-09-25 05:34:36,931 - INFO - [global] Проверяю обновы...
2026-09-25 05:34:37,803 - DEBUG - [global] needs_update: raw → 5.13.07
2026-09-25 05:34:37,973 - DEBUG - [global] needs_update: API → 5.13.07
2026-09-25 05:34:37,973 - DEBUG - [global] needs_update: лучший источник raw → 5.13.07 (из 2)
2026-09-25 05:34:37,973 - INFO - [global] needs_update: local=(5, 13, 7) remote=(5, 13, 7) -> has_update=False
2026-09-25 05:34:37,973 - INFO - [global] Установлена последняя версия бота | 5.13.07
2026-09-25 05:35:07,996 - INFO - [global] Проверяю обновы...
2026-09-25 05:35:08,932 - DEBUG - [global] needs_update: raw → 5.13.07
2026-09-25 05:35:09,074 - DEBUG - [global] needs_update: API → 5.13.07
2026-09-25 05:35:09,075 - DEBUG - [global] needs_update: лучший источник raw → 5.13.07 (из 2)
2026-09-25 05:35:09,075 - INFO - [global] needs_update: local=(5, 13, 7) remote=(5, 13, 7) -> has_update=False
2026-09-25 05:35:09,075 - INFO - [global] Установлена последняя версия бота | 5.13.07
2026-09-25 05:35:25,102 - INFO - [global] LogUploader: запускаю upload_run_logs...
2026-09-25 05:35:25,103 - DEBUG - [global] log_uploader: START window=periodic made=-1 token=...Rjnfq
2026-09-25 05:35:26,044 - DEBUG - [global] _api_put: GET runs/20260925_053525_fail_periodic.log -> 404
2026-09-25 05:35:27,583 - DEBUG - [global] _api_put: PUT runs/20260925_053525_fail_periodic.log -> 201 (9273 bytes)
2026-09-25 05:35:27,586 - DEBUG - [global] log_uploader: STEP 1 (window log) -> https://github.com/StarateJI/L2Mauto/blob/bot-logs/runs/20260925_053525_fail_periodic.log
2026-09-25 05:35:27,587 - DEBUG - [global] log_uploader: STEP 2 SKIP (no PNGs)
2026-09-25 05:35:28,666 - DEBUG - [global] _api_put: GET runs/20260925_053525_fail_global.log -> 404
2026-09-25 05:35:30,420 - DEBUG - [global] _api_put: PUT runs/20260925_053525_fail_global.log -> 201 (20451 bytes)
2026-09-25 05:35:30,424 - DEBUG - [global] log_uploader: STEP 3 (global log) -> https://github.com/StarateJI/L2Mauto/blob/bot-logs/runs/20260925_053525_fail_global.log
2026-09-25 05:35:30,424 - DEBUG - [global] log_uploader: END window=periodic
2026-09-25 05:35:30,424 - INFO - [global] LogUploader: upload_run_logs завершён
2026-09-25 05:35:39,094 - INFO - [global] Проверяю обновы...
2026-09-25 05:35:39,957 - DEBUG - [global] needs_update: raw → 5.13.07
2026-09-25 05:35:40,165 - DEBUG - [global] needs_update: API → 5.13.07
2026-09-25 05:35:40,166 - DEBUG - [global] needs_update: лучший источник raw → 5.13.07 (из 2)
2026-09-25 05:35:40,166 - INFO - [global] needs_update: local=(5, 13, 7) remote=(5, 13, 7) -> has_update=False
2026-09-25 05:35:40,166 - INFO - [global] Установлена последняя версия бота | 5.13.07
2026-09-25 05:36:10,181 - INFO - [global] Проверяю обновы...
2026-09-25 05:36:11,073 - DEBUG - [global] needs_update: raw → 5.13.07
2026-09-25 05:36:11,277 - DEBUG - [global] needs_update: API → 5.13.07
2026-09-25 05:36:11,277 - DEBUG - [global] needs_update: лучший источник raw → 5.13.07 (из 2)
2026-09-25 05:36:11,277 - INFO - [global] needs_update: local=(5, 13, 7) remote=(5, 13, 7) -> has_update=False
2026-09-25 05:36:11,279 - INFO - [global] Установлена последняя версия бота | 5.13.07
2026-09-25 05:36:30,456 - INFO - [global] LogUploader: запускаю upload_run_logs...
2026-09-25 05:36:30,459 - DEBUG - [global] log_uploader: START window=periodic made=-1 token=...Rjnfq
2026-09-25 05:36:31,462 - DEBUG - [global] _api_put: GET runs/20260925_053630_fail_periodic.log -> 404
2026-09-25 05:36:33,033 - DEBUG - [global] _api_put: PUT runs/20260925_053630_fail_periodic.log -> 201 (9273 bytes)
2026-09-25 05:36:33,035 - DEBUG - [global] log_uploader: STEP 1 (window log) -> https://github.com/StarateJI/L2Mauto/blob/bot-logs/runs/20260925_053630_fail_periodic.log
2026-09-25 05:36:33,036 - DEBUG - [global] log_uploader: STEP 2 SKIP (no PNGs)
2026-09-25 05:36:34,148 - DEBUG - [global] _api_put: GET runs/20260925_053630_fail_global.log -> 404
2026-09-25 05:36:36,034 - DEBUG - [global] _api_put: PUT runs/20260925_053630_fail_global.log -> 201 (20334 bytes)
2026-09-25 05:36:36,036 - DEBUG - [global] log_uploader: STEP 3 (global log) -> https://github.com/StarateJI/L2Mauto/blob/bot-logs/runs/20260925_053630_fail_global.log
2026-09-25 05:36:36,036 - DEBUG - [global] log_uploader: END window=periodic
2026-09-25 05:36:36,036 - INFO - [global] LogUploader: upload_run_logs завершён
2026-09-25 05:36:41,295 - INFO - [global] Проверяю обновы...
2026-09-25 05:36:42,702 - DEBUG - [global] needs_update: raw → 5.13.07
2026-09-25 05:36:42,947 - DEBUG - [global] needs_update: API → 5.13.07
2026-09-25 05:36:42,947 - DEBUG - [global] needs_update: лучший источник raw → 5.13.07 (из 2)
2026-09-25 05:36:42,947 - INFO - [global] needs_update: local=(5, 13, 7) remote=(5, 13, 7) -> has_update=False
2026-09-25 05:36:42,948 - INFO - [global] Установлена последняя версия бота | 5.13.07
2026-09-25 05:37:12,969 - INFO - [global] Проверяю обновы...
2026-09-25 05:37:13,897 - DEBUG - [global] needs_update: raw → 5.13.07
2026-09-25 05:37:14,062 - DEBUG - [global] needs_update: API → 5.13.07
2026-09-25 05:37:14,062 - DEBUG - [global] needs_update: лучший источник raw → 5.13.07 (из 2)
2026-09-25 05:37:14,062 - INFO - [global] needs_update: local=(5, 13, 7) remote=(5, 13, 7) -> has_update=False
2026-09-25 05:37:14,063 - INFO - [global] Установлена последняя версия бота | 5.13.07
2026-09-25 05:37:36,077 - INFO - [global] LogUploader: запускаю upload_run_logs...
2026-09-25 05:37:36,078 - DEBUG - [global] log_uploader: START window=periodic made=-1 token=...Rjnfq
2026-09-25 05:37:37,206 - DEBUG - [global] _api_put: GET runs/20260925_053736_fail_periodic.log -> 404
2026-09-25 05:37:38,882 - DEBUG - [global] _api_put: PUT runs/20260925_053736_fail_periodic.log -> 201 (9273 bytes)
2026-09-25 05:37:38,884 - DEBUG - [global] log_uploader: STEP 1 (window log) -> https://github.com/StarateJI/L2Mauto/blob/bot-logs/runs/20260925_053736_fail_periodic.log
2026-09-25 05:37:38,884 - DEBUG - [global] log_uploader: STEP 2 SKIP (no PNGs)
2026-09-25 05:37:39,899 - DEBUG - [global] _api_put: GET runs/20260925_053736_fail_global.log -> 404
2026-09-25 05:37:41,653 - DEBUG - [global] _api_put: PUT runs/20260925_053736_fail_global.log -> 201 (20334 bytes)
2026-09-25 05:37:41,654 - DEBUG - [global] log_uploader: STEP 3 (global log) -> https://github.com/StarateJI/L2Mauto/blob/bot-logs/runs/20260925_053736_fail_global.log
2026-09-25 05:37:41,655 - DEBUG - [global] log_uploader: END window=periodic
2026-09-25 05:37:41,655 - INFO - [global] LogUploader: upload_run_logs завершён
2026-09-25 05:37:44,081 - INFO - [global] Проверяю обновы...
2026-09-25 05:37:44,968 - DEBUG - [global] needs_update: raw → 5.13.07
2026-09-25 05:37:45,123 - DEBUG - [global] needs_update: API → 5.13.07
2026-09-25 05:37:45,123 - DEBUG - [global] needs_update: лучший источник raw → 5.13.07 (из 2)
2026-09-25 05:37:45,123 - INFO - [global] needs_update: local=(5, 13, 7) remote=(5, 13, 7) -> has_update=False
2026-09-25 05:37:45,124 - INFO - [global] Установлена последняя версия бота | 5.13.07
2026-09-25 05:38:15,147 - INFO - [global] Проверяю обновы...
2026-09-25 05:38:16,020 - DEBUG - [global] needs_update: raw → 5.13.07
2026-09-25 05:38:16,220 - DEBUG - [global] needs_update: API → 5.13.07
2026-09-25 05:38:16,221 - DEBUG - [global] needs_update: лучший источник raw → 5.13.07 (из 2)
2026-09-25 05:38:16,221 - INFO - [global] needs_update: local=(5, 13, 7) remote=(5, 13, 7) -> has_update=False
2026-09-25 05:38:16,221 - INFO - [global] Установлена последняя версия бота | 5.13.07
2026-09-25 05:38:41,690 - INFO - [global] LogUploader: запускаю upload_run_logs...
2026-09-25 05:38:41,691 - DEBUG - [global] log_uploader: START window=periodic made=-1 token=...Rjnfq
2026-09-25 05:38:42,602 - DEBUG - [global] _api_put: GET runs/20260925_053841_fail_periodic.log -> 404
2026-09-25 05:38:44,160 - DEBUG - [global] _api_put: PUT runs/20260925_053841_fail_periodic.log -> 201 (9273 bytes)
2026-09-25 05:38:44,162 - DEBUG - [global] log_uploader: STEP 1 (window log) -> https://github.com/StarateJI/L2Mauto/blob/bot-logs/runs/20260925_053841_fail_periodic.log
2026-09-25 05:38:44,162 - DEBUG - [global] log_uploader: STEP 2 SKIP (no PNGs)
2026-09-25 05:38:45,193 - DEBUG - [global] _api_put: GET runs/20260925_053841_fail_global.log -> 404
2026-09-25 05:38:46,239 - INFO - [global] Проверяю обновы...
2026-09-25 05:38:47,023 - DEBUG - [global] _api_put: PUT runs/20260925_053841_fail_global.log -> 201 (20334 bytes)
2026-09-25 05:38:47,026 - DEBUG - [global] log_uploader: STEP 3 (global log) -> https://github.com/StarateJI/L2Mauto/blob/bot-logs/runs/20260925_053841_fail_global.log
2026-09-25 05:38:47,026 - DEBUG - [global] log_uploader: END window=periodic
2026-09-25 05:38:47,026 - INFO - [global] LogUploader: upload_run_logs завершён
2026-09-25 05:38:47,155 - DEBUG - [global] needs_update: raw → 5.13.07
2026-09-25 05:38:47,272 - DEBUG - [global] needs_update: API → 5.13.07
2026-09-25 05:38:47,272 - DEBUG - [global] needs_update: лучший источник raw → 5.13.07 (из 2)
2026-09-25 05:38:47,273 - INFO - [global] needs_update: local=(5, 13, 7) remote=(5, 13, 7) -> has_update=False
2026-09-25 05:38:47,273 - INFO - [global] Установлена последняя версия бота | 5.13.07
2026-09-25 05:39:17,289 - INFO - [global] Проверяю обновы...
2026-09-25 05:39:18,199 - DEBUG - [global] needs_update: raw → 5.13.07
2026-09-25 05:39:18,358 - DEBUG - [global] needs_update: API → 5.13.07
2026-09-25 05:39:18,358 - DEBUG - [global] needs_update: лучший источник raw → 5.13.07 (из 2)
2026-09-25 05:39:18,358 - INFO - [global] needs_update: local=(5, 13, 7) remote=(5, 13, 7) -> has_update=False
2026-09-25 05:39:18,359 - INFO - [global] Установлена последняя версия бота | 5.13.07
2026-09-25 05:39:47,066 - INFO - [global] LogUploader: запускаю upload_run_logs...
2026-09-25 05:39:47,067 - DEBUG - [global] log_uploader: START window=periodic made=-1 token=...Rjnfq
2026-09-25 05:39:47,971 - DEBUG - [global] _api_put: GET runs/20260925_053947_fail_periodic.log -> 404
2026-09-25 05:39:48,379 - INFO - [global] Проверяю обновы...
2026-09-25 05:39:49,292 - DEBUG - [global] needs_update: raw → 5.13.07
2026-09-25 05:39:49,422 - DEBUG - [global] needs_update: API → 5.13.07
2026-09-25 05:39:49,422 - DEBUG - [global] needs_update: лучший источник raw → 5.13.07 (из 2)
2026-09-25 05:39:49,422 - INFO - [global] needs_update: local=(5, 13, 7) remote=(5, 13, 7) -> has_update=False
2026-09-25 05:39:49,422 - INFO - [global] Установлена последняя версия бота | 5.13.07
2026-09-25 05:39:49,816 - DEBUG - [global] _api_put: PUT runs/20260925_053947_fail_periodic.log -> 201 (9273 bytes)
2026-09-25 05:39:49,819 - DEBUG - [global] log_uploader: STEP 1 (window log) -> https://github.com/StarateJI/L2Mauto/blob/bot-logs/runs/20260925_053947_fail_periodic.log
2026-09-25 05:39:49,819 - DEBUG - [global] log_uploader: STEP 2 SKIP (no PNGs)
2026-09-25 05:39:50,856 - DEBUG - [global] _api_put: GET runs/20260925_053947_fail_global.log -> 404
2026-09-25 05:39:52,757 - DEBUG - [global] _api_put: PUT runs/20260925_053947_fail_global.log -> 201 (20334 bytes)
2026-09-25 05:39:52,760 - DEBUG - [global] log_uploader: STEP 3 (global log) -> https://github.com/StarateJI/L2Mauto/blob/bot-logs/runs/20260925_053947_fail_global.log
2026-09-25 05:39:52,760 - DEBUG - [global] log_uploader: END window=periodic
2026-09-25 05:39:52,760 - INFO - [global] LogUploader: upload_run_logs завершён
2026-09-25 05:40:19,444 - INFO - [global] Проверяю обновы...
2026-09-25 05:40:20,351 - DEBUG - [global] needs_update: raw → 5.13.07
2026-09-25 05:40:20,564 - DEBUG - [global] needs_update: API → 5.13.07
2026-09-25 05:40:20,565 - DEBUG - [global] needs_update: лучший источник raw → 5.13.07 (из 2)
2026-09-25 05:40:20,565 - INFO - [global] needs_update: local=(5, 13, 7) remote=(5, 13, 7) -> has_update=False
2026-09-25 05:40:20,565 - INFO - [global] Установлена последняя версия бота | 5.13.07
2026-09-25 05:40:50,582 - INFO - [global] Проверяю обновы...
2026-09-25 05:40:51,440 - DEBUG - [global] needs_update: raw → 5.13.07
2026-09-25 05:40:51,672 - DEBUG - [global] needs_update: API → 5.13.07
2026-09-25 05:40:51,672 - DEBUG - [global] needs_update: лучший источник raw → 5.13.07 (из 2)
2026-09-25 05:40:51,672 - INFO - [global] needs_update: local=(5, 13, 7) remote=(5, 13, 7) -> has_update=False
2026-09-25 05:40:51,673 - INFO - [global] Установлена последняя версия бота | 5.13.07
2026-09-25 05:40:52,798 - INFO - [global] LogUploader: запускаю upload_run_logs...
2026-09-25 05:40:52,799 - DEBUG - [global] log_uploader: START window=periodic made=-1 token=...Rjnfq
2026-09-25 05:40:53,742 - DEBUG - [global] _api_put: GET runs/20260925_054052_fail_periodic.log -> 404
2026-09-25 05:40:55,374 - DEBUG - [global] _api_put: PUT runs/20260925_054052_fail_periodic.log -> 201 (9273 bytes)
2026-09-25 05:40:55,376 - DEBUG - [global] log_uploader: STEP 1 (window log) -> https://github.com/StarateJI/L2Mauto/blob/bot-logs/runs/20260925_054052_fail_periodic.log
2026-09-25 05:40:55,377 - DEBUG - [global] log_uploader: STEP 2 SKIP (no PNGs)
