=== Log tail 2026-09-30T02:06:03.121712 | last 200 lines ===
2026-09-30 01:56:59,400 - INFO - [global] needs_update: local=(5, 13, 7) remote=(5, 13, 9) -> has_update=True
2026-09-30 01:56:59,400 - INFO - [global] Доступна обнова! Спавню кнопку
2026-09-30 01:57:13,290 - INFO - [global] LogUploader: запускаю upload_run_logs...
2026-09-30 01:57:13,290 - DEBUG - [global] log_uploader: START window=periodic made=-1 token=...Rjnfq
2026-09-30 01:57:14,193 - DEBUG - [global] _api_put: GET runs/20260930_015713_fail_periodic.log -> 404
2026-09-30 01:57:16,122 - DEBUG - [global] _api_put: PUT runs/20260930_015713_fail_periodic.log -> 201 (19392 bytes)
2026-09-30 01:57:16,124 - DEBUG - [global] log_uploader: STEP 1 (window log) -> https://github.com/StarateJI/L2Mauto/blob/bot-logs/runs/20260930_015713_fail_periodic.log
2026-09-30 01:57:16,125 - DEBUG - [global] log_uploader: STEP 2 SKIP (no PNGs)
2026-09-30 01:57:17,926 - DEBUG - [global] _api_put: GET runs/20260930_015713_fail_global.log -> 404
2026-09-30 01:57:19,994 - DEBUG - [global] _api_put: PUT runs/20260930_015713_fail_global.log -> 201 (20389 bytes)
2026-09-30 01:57:19,996 - DEBUG - [global] log_uploader: STEP 3 (global log) -> https://github.com/StarateJI/L2Mauto/blob/bot-logs/runs/20260930_015713_fail_global.log
2026-09-30 01:57:19,996 - DEBUG - [global] log_uploader: END window=periodic
2026-09-30 01:57:19,996 - INFO - [global] LogUploader: upload_run_logs завершён
2026-09-30 01:57:29,414 - INFO - [global] Проверяю обновы...
2026-09-30 01:57:30,176 - DEBUG - [global] needs_update: raw → 5.13.09
2026-09-30 01:57:30,398 - DEBUG - [global] needs_update: API → 5.13.09
2026-09-30 01:57:30,398 - DEBUG - [global] needs_update: лучший источник raw → 5.13.09 (из 2)
2026-09-30 01:57:30,398 - INFO - [global] needs_update: local=(5, 13, 7) remote=(5, 13, 9) -> has_update=True
2026-09-30 01:57:30,398 - INFO - [global] Доступна обнова! Спавню кнопку
2026-09-30 01:58:00,410 - INFO - [global] Проверяю обновы...
2026-09-30 01:58:01,120 - DEBUG - [global] needs_update: raw → 5.13.09
2026-09-30 01:58:01,326 - DEBUG - [global] needs_update: API → 5.13.09
2026-09-30 01:58:01,326 - DEBUG - [global] needs_update: лучший источник raw → 5.13.09 (из 2)
2026-09-30 01:58:01,326 - INFO - [global] needs_update: local=(5, 13, 7) remote=(5, 13, 9) -> has_update=True
2026-09-30 01:58:01,326 - INFO - [global] Доступна обнова! Спавню кнопку
2026-09-30 01:58:20,025 - INFO - [global] LogUploader: запускаю upload_run_logs...
2026-09-30 01:58:20,025 - DEBUG - [global] log_uploader: START window=periodic made=-1 token=...Rjnfq
2026-09-30 01:58:20,823 - DEBUG - [global] _api_put: GET runs/20260930_015820_fail_periodic.log -> 404
2026-09-30 01:58:22,927 - DEBUG - [global] _api_put: PUT runs/20260930_015820_fail_periodic.log -> 201 (19392 bytes)
2026-09-30 01:58:22,929 - DEBUG - [global] log_uploader: STEP 1 (window log) -> https://github.com/StarateJI/L2Mauto/blob/bot-logs/runs/20260930_015820_fail_periodic.log
2026-09-30 01:58:22,930 - DEBUG - [global] log_uploader: STEP 2 SKIP (no PNGs)
2026-09-30 01:58:23,872 - DEBUG - [global] _api_put: GET runs/20260930_015820_fail_global.log -> 404
2026-09-30 01:58:25,903 - DEBUG - [global] _api_put: PUT runs/20260930_015820_fail_global.log -> 201 (20389 bytes)
2026-09-30 01:58:25,904 - DEBUG - [global] log_uploader: STEP 3 (global log) -> https://github.com/StarateJI/L2Mauto/blob/bot-logs/runs/20260930_015820_fail_global.log
2026-09-30 01:58:25,904 - DEBUG - [global] log_uploader: END window=periodic
2026-09-30 01:58:25,904 - INFO - [global] LogUploader: upload_run_logs завершён
2026-09-30 01:58:31,341 - INFO - [global] Проверяю обновы...
2026-09-30 01:58:32,076 - DEBUG - [global] needs_update: raw → 5.13.09
2026-09-30 01:58:32,270 - DEBUG - [global] needs_update: API → 5.13.09
2026-09-30 01:58:32,270 - DEBUG - [global] needs_update: лучший источник raw → 5.13.09 (из 2)
2026-09-30 01:58:32,270 - INFO - [global] needs_update: local=(5, 13, 7) remote=(5, 13, 9) -> has_update=True
2026-09-30 01:58:32,270 - INFO - [global] Доступна обнова! Спавню кнопку
2026-09-30 01:59:02,285 - INFO - [global] Проверяю обновы...
2026-09-30 01:59:02,962 - DEBUG - [global] needs_update: raw → 5.13.09
2026-09-30 01:59:03,168 - DEBUG - [global] needs_update: API → 5.13.09
2026-09-30 01:59:03,168 - DEBUG - [global] needs_update: лучший источник raw → 5.13.09 (из 2)
2026-09-30 01:59:03,168 - INFO - [global] needs_update: local=(5, 13, 7) remote=(5, 13, 9) -> has_update=True
2026-09-30 01:59:03,169 - INFO - [global] Доступна обнова! Спавню кнопку
2026-09-30 01:59:25,930 - INFO - [global] LogUploader: запускаю upload_run_logs...
2026-09-30 01:59:25,931 - DEBUG - [global] log_uploader: START window=periodic made=-1 token=...Rjnfq
2026-09-30 01:59:26,774 - DEBUG - [global] _api_put: GET runs/20260930_015925_fail_periodic.log -> 404
2026-09-30 01:59:28,962 - DEBUG - [global] _api_put: PUT runs/20260930_015925_fail_periodic.log -> 201 (19392 bytes)
2026-09-30 01:59:28,963 - DEBUG - [global] log_uploader: STEP 1 (window log) -> https://github.com/StarateJI/L2Mauto/blob/bot-logs/runs/20260930_015925_fail_periodic.log
2026-09-30 01:59:28,964 - DEBUG - [global] log_uploader: STEP 2 SKIP (no PNGs)
2026-09-30 01:59:29,997 - DEBUG - [global] _api_put: GET runs/20260930_015925_fail_global.log -> 404
2026-09-30 01:59:33,184 - INFO - [global] Проверяю обновы...
2026-09-30 01:59:33,904 - DEBUG - [global] needs_update: raw → 5.13.09
2026-09-30 01:59:33,948 - DEBUG - [global] _api_put: PUT runs/20260930_015925_fail_global.log -> 201 (20389 bytes)
2026-09-30 01:59:33,950 - DEBUG - [global] log_uploader: STEP 3 (global log) -> https://github.com/StarateJI/L2Mauto/blob/bot-logs/runs/20260930_015925_fail_global.log
2026-09-30 01:59:33,950 - DEBUG - [global] log_uploader: END window=periodic
2026-09-30 01:59:33,950 - INFO - [global] LogUploader: upload_run_logs завершён
2026-09-30 01:59:34,123 - DEBUG - [global] needs_update: API → 5.13.09
2026-09-30 01:59:34,124 - DEBUG - [global] needs_update: лучший источник raw → 5.13.09 (из 2)
2026-09-30 01:59:34,124 - INFO - [global] needs_update: local=(5, 13, 7) remote=(5, 13, 9) -> has_update=True
2026-09-30 01:59:34,124 - INFO - [global] Доступна обнова! Спавню кнопку
2026-09-30 02:00:04,138 - INFO - [global] Проверяю обновы...
2026-09-30 02:00:04,895 - DEBUG - [global] needs_update: raw → 5.13.09
2026-09-30 02:00:05,032 - DEBUG - [global] needs_update: API → 5.13.09
2026-09-30 02:00:05,032 - DEBUG - [global] needs_update: лучший источник raw → 5.13.09 (из 2)
2026-09-30 02:00:05,032 - INFO - [global] needs_update: local=(5, 13, 7) remote=(5, 13, 9) -> has_update=True
2026-09-30 02:00:05,032 - INFO - [global] Доступна обнова! Спавню кнопку
2026-09-30 02:00:33,982 - INFO - [global] LogUploader: запускаю upload_run_logs...
2026-09-30 02:00:33,982 - DEBUG - [global] log_uploader: START window=periodic made=-1 token=...Rjnfq
2026-09-30 02:00:34,787 - DEBUG - [global] _api_put: GET runs/20260930_020033_fail_periodic.log -> 404
2026-09-30 02:00:35,046 - INFO - [global] Проверяю обновы...
2026-09-30 02:00:35,751 - DEBUG - [global] needs_update: raw → 5.13.09
2026-09-30 02:00:35,953 - DEBUG - [global] needs_update: API → 5.13.09
2026-09-30 02:00:35,954 - DEBUG - [global] needs_update: лучший источник raw → 5.13.09 (из 2)
2026-09-30 02:00:35,954 - INFO - [global] needs_update: local=(5, 13, 7) remote=(5, 13, 9) -> has_update=True
2026-09-30 02:00:35,954 - INFO - [global] Доступна обнова! Спавню кнопку
2026-09-30 02:00:36,609 - DEBUG - [global] _api_put: PUT runs/20260930_020033_fail_periodic.log -> 201 (19392 bytes)
2026-09-30 02:00:36,610 - DEBUG - [global] log_uploader: STEP 1 (window log) -> https://github.com/StarateJI/L2Mauto/blob/bot-logs/runs/20260930_020033_fail_periodic.log
2026-09-30 02:00:36,611 - DEBUG - [global] log_uploader: STEP 2 SKIP (no PNGs)
2026-09-30 02:00:37,415 - DEBUG - [global] _api_put: GET runs/20260930_020033_fail_global.log -> 404
2026-09-30 02:00:39,101 - DEBUG - [global] _api_put: PUT runs/20260930_020033_fail_global.log -> 201 (20136 bytes)
2026-09-30 02:00:39,102 - DEBUG - [global] log_uploader: STEP 3 (global log) -> https://github.com/StarateJI/L2Mauto/blob/bot-logs/runs/20260930_020033_fail_global.log
2026-09-30 02:00:39,102 - DEBUG - [global] log_uploader: END window=periodic
2026-09-30 02:00:39,102 - INFO - [global] LogUploader: upload_run_logs завершён
2026-09-30 02:01:05,968 - INFO - [global] Проверяю обновы...
2026-09-30 02:01:06,686 - DEBUG - [global] needs_update: raw → 5.13.09
2026-09-30 02:01:06,877 - DEBUG - [global] needs_update: API → 5.13.09
2026-09-30 02:01:06,877 - DEBUG - [global] needs_update: лучший источник raw → 5.13.09 (из 2)
2026-09-30 02:01:06,877 - INFO - [global] needs_update: local=(5, 13, 7) remote=(5, 13, 9) -> has_update=True
2026-09-30 02:01:06,878 - INFO - [global] Доступна обнова! Спавню кнопку
2026-09-30 02:01:36,891 - INFO - [global] Проверяю обновы...
2026-09-30 02:01:37,505 - DEBUG - [global] needs_update: raw → 5.13.09
2026-09-30 02:01:37,771 - DEBUG - [global] needs_update: API → 5.13.09
2026-09-30 02:01:37,771 - DEBUG - [global] needs_update: лучший источник raw → 5.13.09 (из 2)
2026-09-30 02:01:37,772 - INFO - [global] needs_update: local=(5, 13, 7) remote=(5, 13, 9) -> has_update=True
2026-09-30 02:01:37,772 - INFO - [global] Доступна обнова! Спавню кнопку
2026-09-30 02:01:39,125 - INFO - [global] LogUploader: запускаю upload_run_logs...
2026-09-30 02:01:39,125 - DEBUG - [global] log_uploader: START window=periodic made=-1 token=...Rjnfq
2026-09-30 02:01:39,888 - DEBUG - [global] _api_put: GET runs/20260930_020139_fail_periodic.log -> 404
2026-09-30 02:01:41,652 - DEBUG - [global] _api_put: PUT runs/20260930_020139_fail_periodic.log -> 201 (19392 bytes)
2026-09-30 02:01:41,653 - DEBUG - [global] log_uploader: STEP 1 (window log) -> https://github.com/StarateJI/L2Mauto/blob/bot-logs/runs/20260930_020139_fail_periodic.log
2026-09-30 02:01:41,654 - DEBUG - [global] log_uploader: STEP 2 SKIP (no PNGs)
2026-09-30 02:01:42,592 - DEBUG - [global] _api_put: GET runs/20260930_020139_fail_global.log -> 404
2026-09-30 02:01:44,634 - DEBUG - [global] _api_put: PUT runs/20260930_020139_fail_global.log -> 201 (20089 bytes)
2026-09-30 02:01:44,636 - DEBUG - [global] log_uploader: STEP 3 (global log) -> https://github.com/StarateJI/L2Mauto/blob/bot-logs/runs/20260930_020139_fail_global.log
2026-09-30 02:01:44,636 - DEBUG - [global] log_uploader: END window=periodic
2026-09-30 02:01:44,636 - INFO - [global] LogUploader: upload_run_logs завершён
2026-09-30 02:02:07,786 - INFO - [global] Проверяю обновы...
2026-09-30 02:02:08,630 - DEBUG - [global] needs_update: API → 5.13.09
2026-09-30 02:02:08,665 - DEBUG - [global] needs_update: raw → 5.13.09
2026-09-30 02:02:08,665 - DEBUG - [global] needs_update: лучший источник API → 5.13.09 (из 2)
2026-09-30 02:02:08,665 - INFO - [global] needs_update: local=(5, 13, 7) remote=(5, 13, 9) -> has_update=True
2026-09-30 02:02:08,665 - INFO - [global] Доступна обнова! Спавню кнопку
2026-09-30 02:02:38,682 - INFO - [global] Проверяю обновы...
2026-09-30 02:02:39,332 - DEBUG - [global] needs_update: raw → 5.13.09
2026-09-30 02:02:39,603 - DEBUG - [global] needs_update: API → 5.13.09
2026-09-30 02:02:39,604 - DEBUG - [global] needs_update: лучший источник raw → 5.13.09 (из 2)
2026-09-30 02:02:39,604 - INFO - [global] needs_update: local=(5, 13, 7) remote=(5, 13, 9) -> has_update=True
2026-09-30 02:02:39,604 - INFO - [global] Доступна обнова! Спавню кнопку
2026-09-30 02:02:44,663 - INFO - [global] LogUploader: запускаю upload_run_logs...
2026-09-30 02:02:44,663 - DEBUG - [global] log_uploader: START window=periodic made=-1 token=...Rjnfq
2026-09-30 02:02:45,521 - DEBUG - [global] _api_put: GET runs/20260930_020244_fail_periodic.log -> 404
2026-09-30 02:02:47,297 - DEBUG - [global] _api_put: PUT runs/20260930_020244_fail_periodic.log -> 201 (19392 bytes)
2026-09-30 02:02:47,299 - DEBUG - [global] log_uploader: STEP 1 (window log) -> https://github.com/StarateJI/L2Mauto/blob/bot-logs/runs/20260930_020244_fail_periodic.log
2026-09-30 02:02:47,299 - DEBUG - [global] log_uploader: STEP 2 SKIP (no PNGs)
2026-09-30 02:02:48,233 - DEBUG - [global] _api_put: GET runs/20260930_020244_fail_global.log -> 404
2026-09-30 02:02:49,971 - DEBUG - [global] _api_put: PUT runs/20260930_020244_fail_global.log -> 201 (20136 bytes)
2026-09-30 02:02:49,973 - DEBUG - [global] log_uploader: STEP 3 (global log) -> https://github.com/StarateJI/L2Mauto/blob/bot-logs/runs/20260930_020244_fail_global.log
2026-09-30 02:02:49,973 - DEBUG - [global] log_uploader: END window=periodic
2026-09-30 02:02:49,973 - INFO - [global] LogUploader: upload_run_logs завершён
2026-09-30 02:03:09,616 - INFO - [global] Проверяю обновы...
2026-09-30 02:03:10,322 - DEBUG - [global] needs_update: raw → 5.13.09
2026-09-30 02:03:10,536 - DEBUG - [global] needs_update: API → 5.13.09
2026-09-30 02:03:10,536 - DEBUG - [global] needs_update: лучший источник raw → 5.13.09 (из 2)
2026-09-30 02:03:10,536 - INFO - [global] needs_update: local=(5, 13, 7) remote=(5, 13, 9) -> has_update=True
2026-09-30 02:03:10,536 - INFO - [global] Доступна обнова! Спавню кнопку
2026-09-30 02:03:40,548 - INFO - [global] Проверяю обновы...
2026-09-30 02:03:41,273 - DEBUG - [global] needs_update: raw → 5.13.09
2026-09-30 02:03:41,413 - DEBUG - [global] needs_update: API → 5.13.09
2026-09-30 02:03:41,414 - DEBUG - [global] needs_update: лучший источник raw → 5.13.09 (из 2)
2026-09-30 02:03:41,414 - INFO - [global] needs_update: local=(5, 13, 7) remote=(5, 13, 9) -> has_update=True
2026-09-30 02:03:41,414 - INFO - [global] Доступна обнова! Спавню кнопку
2026-09-30 02:03:50,000 - INFO - [global] LogUploader: запускаю upload_run_logs...
2026-09-30 02:03:50,000 - DEBUG - [global] log_uploader: START window=periodic made=-1 token=...Rjnfq
2026-09-30 02:03:50,734 - DEBUG - [global] _api_put: GET runs/20260930_020350_fail_periodic.log -> 404
2026-09-30 02:03:52,351 - DEBUG - [global] _api_put: PUT runs/20260930_020350_fail_periodic.log -> 201 (19392 bytes)
2026-09-30 02:03:52,353 - DEBUG - [global] log_uploader: STEP 1 (window log) -> https://github.com/StarateJI/L2Mauto/blob/bot-logs/runs/20260930_020350_fail_periodic.log
2026-09-30 02:03:52,354 - DEBUG - [global] log_uploader: STEP 2 SKIP (no PNGs)
2026-09-30 02:03:53,246 - DEBUG - [global] _api_put: GET runs/20260930_020350_fail_global.log -> 404
2026-09-30 02:03:54,841 - DEBUG - [global] _api_put: PUT runs/20260930_020350_fail_global.log -> 409 (20136 bytes)
2026-09-30 02:03:54,842 - WARNING - [global] _api_put: PUT failed body: {"message":"is at 7bb334409e0e0a48982ff2802b1862a6dc8bc9b6 but expected 1e45f903f047506c611a97aa944f0f658eed1de8","documentation_url":"https://docs.github.com/rest/repos/contents#create-or-update-file
2026-09-30 02:03:54,843 - DEBUG - [global] log_uploader: STEP 3 (global log) -> FAILED
2026-09-30 02:03:54,843 - DEBUG - [global] log_uploader: END window=periodic
2026-09-30 02:03:54,843 - INFO - [global] LogUploader: upload_run_logs завершён
2026-09-30 02:04:11,426 - INFO - [global] Проверяю обновы...
2026-09-30 02:04:12,081 - DEBUG - [global] needs_update: raw → 5.13.09
2026-09-30 02:04:12,353 - DEBUG - [global] needs_update: API → 5.13.09
2026-09-30 02:04:12,354 - DEBUG - [global] needs_update: лучший источник raw → 5.13.09 (из 2)
2026-09-30 02:04:12,354 - INFO - [global] needs_update: local=(5, 13, 7) remote=(5, 13, 9) -> has_update=True
2026-09-30 02:04:12,354 - INFO - [global] Доступна обнова! Спавню кнопку
2026-09-30 02:04:42,367 - INFO - [global] Проверяю обновы...
2026-09-30 02:04:43,072 - DEBUG - [global] needs_update: raw → 5.13.09
2026-09-30 02:04:43,316 - DEBUG - [global] needs_update: API → 5.13.09
2026-09-30 02:04:43,316 - DEBUG - [global] needs_update: лучший источник raw → 5.13.09 (из 2)
2026-09-30 02:04:43,316 - INFO - [global] needs_update: local=(5, 13, 7) remote=(5, 13, 9) -> has_update=True
2026-09-30 02:04:43,317 - INFO - [global] Доступна обнова! Спавню кнопку
2026-09-30 02:04:54,871 - INFO - [global] LogUploader: запускаю upload_run_logs...
2026-09-30 02:04:54,871 - DEBUG - [global] log_uploader: START window=periodic made=-1 token=...Rjnfq
2026-09-30 02:04:55,666 - DEBUG - [global] _api_put: GET runs/20260930_020454_fail_periodic.log -> 404
2026-09-30 02:04:57,374 - DEBUG - [global] _api_put: PUT runs/20260930_020454_fail_periodic.log -> 201 (19392 bytes)
2026-09-30 02:04:57,378 - DEBUG - [global] log_uploader: STEP 1 (window log) -> https://github.com/StarateJI/L2Mauto/blob/bot-logs/runs/20260930_020454_fail_periodic.log
2026-09-30 02:04:57,378 - DEBUG - [global] log_uploader: STEP 2 SKIP (no PNGs)
2026-09-30 02:04:58,472 - DEBUG - [global] _api_put: GET runs/20260930_020454_fail_global.log -> 404
2026-09-30 02:05:00,291 - DEBUG - [global] _api_put: PUT runs/20260930_020454_fail_global.log -> 409 (20138 bytes)
2026-09-30 02:05:00,292 - WARNING - [global] _api_put: PUT failed body: {"message":"is at cb11938292c53c9977482f99bb6282104fc52770 but expected f5fef1f7055284e510f1f45999a31d0399ff036e","documentation_url":"https://docs.github.com/rest/repos/contents#create-or-update-file
2026-09-30 02:05:00,293 - DEBUG - [global] log_uploader: STEP 3 (global log) -> FAILED
2026-09-30 02:05:00,293 - DEBUG - [global] log_uploader: END window=periodic
2026-09-30 02:05:00,293 - INFO - [global] LogUploader: upload_run_logs завершён
2026-09-30 02:05:13,330 - INFO - [global] Проверяю обновы...
2026-09-30 02:05:14,038 - DEBUG - [global] needs_update: raw → 5.13.09
2026-09-30 02:05:14,231 - DEBUG - [global] needs_update: API → 5.13.09
2026-09-30 02:05:14,231 - DEBUG - [global] needs_update: лучший источник raw → 5.13.09 (из 2)
2026-09-30 02:05:14,231 - INFO - [global] needs_update: local=(5, 13, 7) remote=(5, 13, 9) -> has_update=True
2026-09-30 02:05:14,231 - INFO - [global] Доступна обнова! Спавню кнопку
2026-09-30 02:05:44,247 - INFO - [global] Проверяю обновы...
2026-09-30 02:05:44,976 - DEBUG - [global] needs_update: raw → 5.13.09
2026-09-30 02:05:45,150 - DEBUG - [global] needs_update: API → 5.13.09
2026-09-30 02:05:45,150 - DEBUG - [global] needs_update: лучший источник raw → 5.13.09 (из 2)
2026-09-30 02:05:45,151 - INFO - [global] needs_update: local=(5, 13, 7) remote=(5, 13, 9) -> has_update=True
2026-09-30 02:05:45,151 - INFO - [global] Доступна обнова! Спавню кнопку
2026-09-30 02:06:00,322 - INFO - [global] LogUploader: запускаю upload_run_logs...
2026-09-30 02:06:00,322 - DEBUG - [global] log_uploader: START window=periodic made=-1 token=...Rjnfq
2026-09-30 02:06:01,147 - DEBUG - [global] _api_put: GET runs/20260930_020600_fail_periodic.log -> 404
2026-09-30 02:06:03,036 - DEBUG - [global] _api_put: PUT runs/20260930_020600_fail_periodic.log -> 201 (19392 bytes)
2026-09-30 02:06:03,037 - DEBUG - [global] log_uploader: STEP 1 (window log) -> https://github.com/StarateJI/L2Mauto/blob/bot-logs/runs/20260930_020600_fail_periodic.log
2026-09-30 02:06:03,038 - DEBUG - [global] log_uploader: STEP 2 SKIP (no PNGs)
