=== Log tail 2026-09-25T22:00:31.100632 | last 200 lines ===
2026-09-25 21:51:31,966 - DEBUG - [global] needs_update: API → 5.13.09
2026-09-25 21:51:31,966 - DEBUG - [global] needs_update: лучший источник raw → 5.13.09 (из 2)
2026-09-25 21:51:31,967 - INFO - [global] needs_update: local=(5, 13, 7) remote=(5, 13, 9) -> has_update=True
2026-09-25 21:51:31,967 - INFO - [global] Доступна обнова! Спавню кнопку
2026-09-25 21:51:41,946 - INFO - [global] LogUploader: запускаю upload_run_logs...
2026-09-25 21:51:41,946 - DEBUG - [global] log_uploader: START window=periodic made=-1 token=...Rjnfq
2026-09-25 21:51:42,866 - DEBUG - [global] _api_put: GET runs/20260925_215141_fail_periodic.log -> 404
2026-09-25 21:51:44,577 - DEBUG - [global] _api_put: PUT runs/20260925_215141_fail_periodic.log -> 201 (6822 bytes)
2026-09-25 21:51:44,579 - DEBUG - [global] log_uploader: STEP 1 (window log) -> https://github.com/StarateJI/L2Mauto/blob/bot-logs/runs/20260925_215141_fail_periodic.log
2026-09-25 21:51:44,580 - DEBUG - [global] log_uploader: STEP 2 SKIP (no PNGs)
2026-09-25 21:51:45,589 - DEBUG - [global] _api_put: GET runs/20260925_215141_fail_global.log -> 404
2026-09-25 21:51:47,461 - DEBUG - [global] _api_put: PUT runs/20260925_215141_fail_global.log -> 201 (20010 bytes)
2026-09-25 21:51:47,463 - DEBUG - [global] log_uploader: STEP 3 (global log) -> https://github.com/StarateJI/L2Mauto/blob/bot-logs/runs/20260925_215141_fail_global.log
2026-09-25 21:51:47,464 - DEBUG - [global] log_uploader: END window=periodic
2026-09-25 21:51:47,464 - INFO - [global] LogUploader: upload_run_logs завершён
2026-09-25 21:52:01,985 - INFO - [global] Проверяю обновы...
2026-09-25 21:52:02,871 - DEBUG - [global] needs_update: raw → 5.13.09
2026-09-25 21:52:03,041 - DEBUG - [global] needs_update: API → 5.13.09
2026-09-25 21:52:03,042 - DEBUG - [global] needs_update: лучший источник raw → 5.13.09 (из 2)
2026-09-25 21:52:03,042 - INFO - [global] needs_update: local=(5, 13, 7) remote=(5, 13, 9) -> has_update=True
2026-09-25 21:52:03,042 - INFO - [global] Доступна обнова! Спавню кнопку
2026-09-25 21:52:33,073 - INFO - [global] Проверяю обновы...
2026-09-25 21:52:33,960 - DEBUG - [global] needs_update: raw → 5.13.09
2026-09-25 21:52:34,161 - DEBUG - [global] needs_update: API → 5.13.09
2026-09-25 21:52:34,161 - DEBUG - [global] needs_update: лучший источник raw → 5.13.09 (из 2)
2026-09-25 21:52:34,161 - INFO - [global] needs_update: local=(5, 13, 7) remote=(5, 13, 9) -> has_update=True
2026-09-25 21:52:34,161 - INFO - [global] Доступна обнова! Спавню кнопку
2026-09-25 21:52:47,505 - INFO - [global] LogUploader: запускаю upload_run_logs...
2026-09-25 21:52:47,505 - DEBUG - [global] log_uploader: START window=periodic made=-1 token=...Rjnfq
2026-09-25 21:52:48,422 - DEBUG - [global] _api_put: GET runs/20260925_215247_fail_periodic.log -> 404
2026-09-25 21:52:50,078 - DEBUG - [global] _api_put: PUT runs/20260925_215247_fail_periodic.log -> 201 (6822 bytes)
2026-09-25 21:52:50,081 - DEBUG - [global] log_uploader: STEP 1 (window log) -> https://github.com/StarateJI/L2Mauto/blob/bot-logs/runs/20260925_215247_fail_periodic.log
2026-09-25 21:52:50,081 - DEBUG - [global] log_uploader: STEP 2 SKIP (no PNGs)
2026-09-25 21:52:51,100 - DEBUG - [global] _api_put: GET runs/20260925_215247_fail_global.log -> 404
2026-09-25 21:52:53,229 - DEBUG - [global] _api_put: PUT runs/20260925_215247_fail_global.log -> 201 (20010 bytes)
2026-09-25 21:52:53,231 - DEBUG - [global] log_uploader: STEP 3 (global log) -> https://github.com/StarateJI/L2Mauto/blob/bot-logs/runs/20260925_215247_fail_global.log
2026-09-25 21:52:53,231 - DEBUG - [global] log_uploader: END window=periodic
2026-09-25 21:52:53,231 - INFO - [global] LogUploader: upload_run_logs завершён
2026-09-25 21:53:04,182 - INFO - [global] Проверяю обновы...
2026-09-25 21:53:05,057 - DEBUG - [global] needs_update: raw → 5.13.09
2026-09-25 21:53:05,241 - DEBUG - [global] needs_update: API → 5.13.09
2026-09-25 21:53:05,241 - DEBUG - [global] needs_update: лучший источник raw → 5.13.09 (из 2)
2026-09-25 21:53:05,242 - INFO - [global] needs_update: local=(5, 13, 7) remote=(5, 13, 9) -> has_update=True
2026-09-25 21:53:05,242 - INFO - [global] Доступна обнова! Спавню кнопку
2026-09-25 21:53:35,258 - INFO - [global] Проверяю обновы...
2026-09-25 21:53:36,144 - DEBUG - [global] needs_update: raw → 5.13.09
2026-09-25 21:53:36,315 - DEBUG - [global] needs_update: API → 5.13.09
2026-09-25 21:53:36,315 - DEBUG - [global] needs_update: лучший источник raw → 5.13.09 (из 2)
2026-09-25 21:53:36,315 - INFO - [global] needs_update: local=(5, 13, 7) remote=(5, 13, 9) -> has_update=True
2026-09-25 21:53:36,315 - INFO - [global] Доступна обнова! Спавню кнопку
2026-09-25 21:53:53,272 - INFO - [global] LogUploader: запускаю upload_run_logs...
2026-09-25 21:53:53,273 - DEBUG - [global] log_uploader: START window=periodic made=-1 token=...Rjnfq
2026-09-25 21:53:54,224 - DEBUG - [global] _api_put: GET runs/20260925_215353_fail_periodic.log -> 404
2026-09-25 21:53:56,096 - DEBUG - [global] _api_put: PUT runs/20260925_215353_fail_periodic.log -> 201 (6822 bytes)
2026-09-25 21:53:56,100 - DEBUG - [global] log_uploader: STEP 1 (window log) -> https://github.com/StarateJI/L2Mauto/blob/bot-logs/runs/20260925_215353_fail_periodic.log
2026-09-25 21:53:56,100 - DEBUG - [global] log_uploader: STEP 2 SKIP (no PNGs)
2026-09-25 21:53:57,169 - DEBUG - [global] _api_put: GET runs/20260925_215353_fail_global.log -> 404
2026-09-25 21:53:59,339 - DEBUG - [global] _api_put: PUT runs/20260925_215353_fail_global.log -> 201 (20010 bytes)
2026-09-25 21:53:59,342 - DEBUG - [global] log_uploader: STEP 3 (global log) -> https://github.com/StarateJI/L2Mauto/blob/bot-logs/runs/20260925_215353_fail_global.log
2026-09-25 21:53:59,342 - DEBUG - [global] log_uploader: END window=periodic
2026-09-25 21:53:59,342 - INFO - [global] LogUploader: upload_run_logs завершён
2026-09-25 21:54:06,331 - INFO - [global] Проверяю обновы...
2026-09-25 21:54:07,178 - DEBUG - [global] needs_update: raw → 5.13.09
2026-09-25 21:54:07,394 - DEBUG - [global] needs_update: API → 5.13.09
2026-09-25 21:54:07,394 - DEBUG - [global] needs_update: лучший источник raw → 5.13.09 (из 2)
2026-09-25 21:54:07,394 - INFO - [global] needs_update: local=(5, 13, 7) remote=(5, 13, 9) -> has_update=True
2026-09-25 21:54:07,394 - INFO - [global] Доступна обнова! Спавню кнопку
2026-09-25 21:54:37,412 - INFO - [global] Проверяю обновы...
2026-09-25 21:54:38,316 - DEBUG - [global] needs_update: raw → 5.13.09
2026-09-25 21:54:38,455 - DEBUG - [global] needs_update: API → 5.13.09
2026-09-25 21:54:38,455 - DEBUG - [global] needs_update: лучший источник raw → 5.13.09 (из 2)
2026-09-25 21:54:38,455 - INFO - [global] needs_update: local=(5, 13, 7) remote=(5, 13, 9) -> has_update=True
2026-09-25 21:54:38,455 - INFO - [global] Доступна обнова! Спавню кнопку
2026-09-25 21:54:59,379 - INFO - [global] LogUploader: запускаю upload_run_logs...
2026-09-25 21:54:59,380 - DEBUG - [global] log_uploader: START window=periodic made=-1 token=...Rjnfq
2026-09-25 21:55:00,301 - DEBUG - [global] _api_put: GET runs/20260925_215459_fail_periodic.log -> 404
2026-09-25 21:55:01,967 - DEBUG - [global] _api_put: PUT runs/20260925_215459_fail_periodic.log -> 201 (6822 bytes)
2026-09-25 21:55:01,971 - DEBUG - [global] log_uploader: STEP 1 (window log) -> https://github.com/StarateJI/L2Mauto/blob/bot-logs/runs/20260925_215459_fail_periodic.log
2026-09-25 21:55:01,971 - DEBUG - [global] log_uploader: STEP 2 SKIP (no PNGs)
2026-09-25 21:55:02,957 - DEBUG - [global] _api_put: GET runs/20260925_215459_fail_global.log -> 404
2026-09-25 21:55:05,201 - DEBUG - [global] _api_put: PUT runs/20260925_215459_fail_global.log -> 201 (20010 bytes)
2026-09-25 21:55:05,204 - DEBUG - [global] log_uploader: STEP 3 (global log) -> https://github.com/StarateJI/L2Mauto/blob/bot-logs/runs/20260925_215459_fail_global.log
2026-09-25 21:55:05,204 - DEBUG - [global] log_uploader: END window=periodic
2026-09-25 21:55:05,204 - INFO - [global] LogUploader: upload_run_logs завершён
2026-09-25 21:55:08,474 - INFO - [global] Проверяю обновы...
2026-09-25 21:55:09,401 - DEBUG - [global] needs_update: raw → 5.13.09
2026-09-25 21:55:09,579 - DEBUG - [global] needs_update: API → 5.13.09
2026-09-25 21:55:09,580 - DEBUG - [global] needs_update: лучший источник raw → 5.13.09 (из 2)
2026-09-25 21:55:09,580 - INFO - [global] needs_update: local=(5, 13, 7) remote=(5, 13, 9) -> has_update=True
2026-09-25 21:55:09,580 - INFO - [global] Доступна обнова! Спавню кнопку
2026-09-25 21:55:39,600 - INFO - [global] Проверяю обновы...
2026-09-25 21:55:40,492 - DEBUG - [global] needs_update: raw → 5.13.09
2026-09-25 21:55:40,661 - DEBUG - [global] needs_update: API → 5.13.09
2026-09-25 21:55:40,662 - DEBUG - [global] needs_update: лучший источник raw → 5.13.09 (из 2)
2026-09-25 21:55:40,663 - INFO - [global] needs_update: local=(5, 13, 7) remote=(5, 13, 9) -> has_update=True
2026-09-25 21:55:40,663 - INFO - [global] Доступна обнова! Спавню кнопку
2026-09-25 21:56:05,242 - INFO - [global] LogUploader: запускаю upload_run_logs...
2026-09-25 21:56:05,242 - DEBUG - [global] log_uploader: START window=periodic made=-1 token=...Rjnfq
2026-09-25 21:56:06,166 - DEBUG - [global] _api_put: GET runs/20260925_215605_fail_periodic.log -> 404
2026-09-25 21:56:07,783 - DEBUG - [global] _api_put: PUT runs/20260925_215605_fail_periodic.log -> 201 (6822 bytes)
2026-09-25 21:56:07,785 - DEBUG - [global] log_uploader: STEP 1 (window log) -> https://github.com/StarateJI/L2Mauto/blob/bot-logs/runs/20260925_215605_fail_periodic.log
2026-09-25 21:56:07,786 - DEBUG - [global] log_uploader: STEP 2 SKIP (no PNGs)
2026-09-25 21:56:08,805 - DEBUG - [global] _api_put: GET runs/20260925_215605_fail_global.log -> 404
2026-09-25 21:56:10,658 - DEBUG - [global] _api_put: PUT runs/20260925_215605_fail_global.log -> 201 (20010 bytes)
2026-09-25 21:56:10,661 - DEBUG - [global] log_uploader: STEP 3 (global log) -> https://github.com/StarateJI/L2Mauto/blob/bot-logs/runs/20260925_215605_fail_global.log
2026-09-25 21:56:10,661 - DEBUG - [global] log_uploader: END window=periodic
2026-09-25 21:56:10,661 - INFO - [global] LogUploader: upload_run_logs завершён
2026-09-25 21:56:10,682 - INFO - [global] Проверяю обновы...
2026-09-25 21:56:11,587 - DEBUG - [global] needs_update: API → 5.13.09
2026-09-25 21:56:12,371 - DEBUG - [global] needs_update: raw → 5.13.09
2026-09-25 21:56:12,371 - DEBUG - [global] needs_update: лучший источник API → 5.13.09 (из 2)
2026-09-25 21:56:12,372 - INFO - [global] needs_update: local=(5, 13, 7) remote=(5, 13, 9) -> has_update=True
2026-09-25 21:56:12,372 - INFO - [global] Доступна обнова! Спавню кнопку
2026-09-25 21:56:42,394 - INFO - [global] Проверяю обновы...
2026-09-25 21:56:43,241 - DEBUG - [global] needs_update: raw → 5.13.09
2026-09-25 21:56:43,457 - DEBUG - [global] needs_update: API → 5.13.09
2026-09-25 21:56:43,457 - DEBUG - [global] needs_update: лучший источник raw → 5.13.09 (из 2)
2026-09-25 21:56:43,458 - INFO - [global] needs_update: local=(5, 13, 7) remote=(5, 13, 9) -> has_update=True
2026-09-25 21:56:43,458 - INFO - [global] Доступна обнова! Спавню кнопку
2026-09-25 21:57:10,695 - INFO - [global] LogUploader: запускаю upload_run_logs...
2026-09-25 21:57:10,696 - DEBUG - [global] log_uploader: START window=periodic made=-1 token=...Rjnfq
2026-09-25 21:57:11,658 - DEBUG - [global] _api_put: GET runs/20260925_215710_fail_periodic.log -> 404
2026-09-25 21:57:13,477 - INFO - [global] Проверяю обновы...
2026-09-25 21:57:13,669 - DEBUG - [global] _api_put: PUT runs/20260925_215710_fail_periodic.log -> 201 (6822 bytes)
2026-09-25 21:57:13,671 - DEBUG - [global] log_uploader: STEP 1 (window log) -> https://github.com/StarateJI/L2Mauto/blob/bot-logs/runs/20260925_215710_fail_periodic.log
2026-09-25 21:57:13,672 - DEBUG - [global] log_uploader: STEP 2 SKIP (no PNGs)
2026-09-25 21:57:14,368 - DEBUG - [global] needs_update: raw → 5.13.09
2026-09-25 21:57:14,558 - DEBUG - [global] needs_update: API → 5.13.09
2026-09-25 21:57:14,559 - DEBUG - [global] needs_update: лучший источник raw → 5.13.09 (из 2)
2026-09-25 21:57:14,559 - INFO - [global] needs_update: local=(5, 13, 7) remote=(5, 13, 9) -> has_update=True
2026-09-25 21:57:14,559 - INFO - [global] Доступна обнова! Спавню кнопку
2026-09-25 21:57:14,803 - DEBUG - [global] _api_put: GET runs/20260925_215710_fail_global.log -> 404
2026-09-25 21:57:16,598 - DEBUG - [global] _api_put: PUT runs/20260925_215710_fail_global.log -> 201 (20012 bytes)
2026-09-25 21:57:16,601 - DEBUG - [global] log_uploader: STEP 3 (global log) -> https://github.com/StarateJI/L2Mauto/blob/bot-logs/runs/20260925_215710_fail_global.log
2026-09-25 21:57:16,601 - DEBUG - [global] log_uploader: END window=periodic
2026-09-25 21:57:16,601 - INFO - [global] LogUploader: upload_run_logs завершён
2026-09-25 21:57:44,580 - INFO - [global] Проверяю обновы...
2026-09-25 21:57:45,693 - DEBUG - [global] needs_update: API → 5.13.09
2026-09-25 21:57:45,702 - DEBUG - [global] needs_update: raw → 5.13.09
2026-09-25 21:57:45,703 - DEBUG - [global] needs_update: лучший источник API → 5.13.09 (из 2)
2026-09-25 21:57:45,703 - INFO - [global] needs_update: local=(5, 13, 7) remote=(5, 13, 9) -> has_update=True
2026-09-25 21:57:45,703 - INFO - [global] Доступна обнова! Спавню кнопку
2026-09-25 21:58:15,723 - INFO - [global] Проверяю обновы...
2026-09-25 21:58:16,638 - DEBUG - [global] needs_update: raw → 5.13.09
2026-09-25 21:58:16,641 - INFO - [global] LogUploader: запускаю upload_run_logs...
2026-09-25 21:58:16,641 - DEBUG - [global] log_uploader: START window=periodic made=-1 token=...Rjnfq
2026-09-25 21:58:16,843 - DEBUG - [global] needs_update: API → 5.13.09
2026-09-25 21:58:16,844 - DEBUG - [global] needs_update: лучший источник raw → 5.13.09 (из 2)
2026-09-25 21:58:16,844 - INFO - [global] needs_update: local=(5, 13, 7) remote=(5, 13, 9) -> has_update=True
2026-09-25 21:58:16,844 - INFO - [global] Доступна обнова! Спавню кнопку
2026-09-25 21:58:17,636 - DEBUG - [global] _api_put: GET runs/20260925_215816_fail_periodic.log -> 404
2026-09-25 21:58:19,339 - DEBUG - [global] _api_put: PUT runs/20260925_215816_fail_periodic.log -> 201 (6822 bytes)
2026-09-25 21:58:19,341 - DEBUG - [global] log_uploader: STEP 1 (window log) -> https://github.com/StarateJI/L2Mauto/blob/bot-logs/runs/20260925_215816_fail_periodic.log
2026-09-25 21:58:19,342 - DEBUG - [global] log_uploader: STEP 2 SKIP (no PNGs)
2026-09-25 21:58:20,429 - DEBUG - [global] _api_put: GET runs/20260925_215816_fail_global.log -> 404
2026-09-25 21:58:22,494 - DEBUG - [global] _api_put: PUT runs/20260925_215816_fail_global.log -> 201 (20010 bytes)
2026-09-25 21:58:22,497 - DEBUG - [global] log_uploader: STEP 3 (global log) -> https://github.com/StarateJI/L2Mauto/blob/bot-logs/runs/20260925_215816_fail_global.log
2026-09-25 21:58:22,497 - DEBUG - [global] log_uploader: END window=periodic
2026-09-25 21:58:22,497 - INFO - [global] LogUploader: upload_run_logs завершён
2026-09-25 21:58:46,875 - INFO - [global] Проверяю обновы...
2026-09-25 21:58:47,820 - DEBUG - [global] needs_update: raw → 5.13.09
2026-09-25 21:58:48,088 - DEBUG - [global] needs_update: API → 5.13.09
2026-09-25 21:58:48,090 - DEBUG - [global] needs_update: лучший источник raw → 5.13.09 (из 2)
2026-09-25 21:58:48,090 - INFO - [global] needs_update: local=(5, 13, 7) remote=(5, 13, 9) -> has_update=True
2026-09-25 21:58:48,090 - INFO - [global] Доступна обнова! Спавню кнопку
2026-09-25 21:59:18,117 - INFO - [global] Проверяю обновы...
2026-09-25 21:59:19,096 - DEBUG - [global] needs_update: raw → 5.13.09
2026-09-25 21:59:19,328 - DEBUG - [global] needs_update: API → 5.13.09
2026-09-25 21:59:19,331 - DEBUG - [global] needs_update: лучший источник raw → 5.13.09 (из 2)
2026-09-25 21:59:19,332 - INFO - [global] needs_update: local=(5, 13, 7) remote=(5, 13, 9) -> has_update=True
2026-09-25 21:59:19,332 - INFO - [global] Доступна обнова! Спавню кнопку
2026-09-25 21:59:22,537 - INFO - [global] LogUploader: запускаю upload_run_logs...
2026-09-25 21:59:22,537 - DEBUG - [global] log_uploader: START window=periodic made=-1 token=...Rjnfq
2026-09-25 21:59:23,586 - DEBUG - [global] _api_put: GET runs/20260925_215922_fail_periodic.log -> 404
2026-09-25 21:59:25,352 - DEBUG - [global] _api_put: PUT runs/20260925_215922_fail_periodic.log -> 201 (6822 bytes)
2026-09-25 21:59:25,355 - DEBUG - [global] log_uploader: STEP 1 (window log) -> https://github.com/StarateJI/L2Mauto/blob/bot-logs/runs/20260925_215922_fail_periodic.log
2026-09-25 21:59:25,356 - DEBUG - [global] log_uploader: STEP 2 SKIP (no PNGs)
2026-09-25 21:59:26,433 - DEBUG - [global] _api_put: GET runs/20260925_215922_fail_global.log -> 404
2026-09-25 21:59:28,332 - DEBUG - [global] _api_put: PUT runs/20260925_215922_fail_global.log -> 201 (20010 bytes)
2026-09-25 21:59:28,335 - DEBUG - [global] log_uploader: STEP 3 (global log) -> https://github.com/StarateJI/L2Mauto/blob/bot-logs/runs/20260925_215922_fail_global.log
2026-09-25 21:59:28,335 - DEBUG - [global] log_uploader: END window=periodic
2026-09-25 21:59:28,335 - INFO - [global] LogUploader: upload_run_logs завершён
2026-09-25 21:59:49,359 - INFO - [global] Проверяю обновы...
2026-09-25 21:59:50,340 - DEBUG - [global] needs_update: raw → 5.13.09
2026-09-25 21:59:50,522 - DEBUG - [global] needs_update: API → 5.13.09
2026-09-25 21:59:50,522 - DEBUG - [global] needs_update: лучший источник raw → 5.13.09 (из 2)
2026-09-25 21:59:50,523 - INFO - [global] needs_update: local=(5, 13, 7) remote=(5, 13, 9) -> has_update=True
2026-09-25 21:59:50,523 - INFO - [global] Доступна обнова! Спавню кнопку
2026-09-25 22:00:20,541 - INFO - [global] Проверяю обновы...
2026-09-25 22:00:21,389 - DEBUG - [global] needs_update: raw → 5.13.09
2026-09-25 22:00:21,629 - DEBUG - [global] needs_update: API → 5.13.09
2026-09-25 22:00:21,629 - DEBUG - [global] needs_update: лучший источник raw → 5.13.09 (из 2)
2026-09-25 22:00:21,629 - INFO - [global] needs_update: local=(5, 13, 7) remote=(5, 13, 9) -> has_update=True
2026-09-25 22:00:21,629 - INFO - [global] Доступна обнова! Спавню кнопку
2026-09-25 22:00:28,380 - INFO - [global] LogUploader: запускаю upload_run_logs...
2026-09-25 22:00:28,381 - DEBUG - [global] log_uploader: START window=periodic made=-1 token=...Rjnfq
2026-09-25 22:00:29,334 - DEBUG - [global] _api_put: GET runs/20260925_220028_fail_periodic.log -> 404
2026-09-25 22:00:31,002 - DEBUG - [global] _api_put: PUT runs/20260925_220028_fail_periodic.log -> 201 (6822 bytes)
2026-09-25 22:00:31,004 - DEBUG - [global] log_uploader: STEP 1 (window log) -> https://github.com/StarateJI/L2Mauto/blob/bot-logs/runs/20260925_220028_fail_periodic.log
2026-09-25 22:00:31,005 - DEBUG - [global] log_uploader: STEP 2 SKIP (no PNGs)
