=== Log tail 2026-09-17T03:54:22.472963 | last 200 lines ===
2026-09-17 03:45:44,833 - DEBUG - [global] needs_update: API GitHub → 5.9.0
2026-09-17 03:45:45,436 - DEBUG - [global] needs_update: jsdelivr → 5.9.0
2026-09-17 03:45:45,436 - DEBUG - [global] needs_update: лучший источник raw → 5.9.0 (из 3)
2026-09-17 03:45:45,437 - INFO - [global] needs_update: local=(5, 7, 1) remote=(5, 9, 0) -> has_update=True
2026-09-17 03:45:45,437 - INFO - [global] Доступна обнова! Спавню кнопку
2026-09-17 03:46:15,456 - INFO - [global] Проверяю обновы...
2026-09-17 03:46:16,140 - DEBUG - [global] needs_update: raw → 5.9.0
2026-09-17 03:46:16,838 - DEBUG - [global] needs_update: API GitHub → 5.9.0
2026-09-17 03:46:17,431 - DEBUG - [global] needs_update: jsdelivr → 5.9.0
2026-09-17 03:46:17,431 - DEBUG - [global] needs_update: лучший источник raw → 5.9.0 (из 3)
2026-09-17 03:46:17,433 - INFO - [global] needs_update: local=(5, 7, 1) remote=(5, 9, 0) -> has_update=True
2026-09-17 03:46:17,433 - INFO - [global] Доступна обнова! Спавню кнопку
2026-09-17 03:46:42,499 - INFO - [global] LogUploader: запускаю upload_run_logs...
2026-09-17 03:46:42,499 - DEBUG - [global] log_uploader: START window=periodic made=-1 token=...Rjnfq
2026-09-17 03:46:43,376 - DEBUG - [global] _api_put: GET runs/20260917_034642_fail_periodic.log -> 404
2026-09-17 03:46:44,833 - DEBUG - [global] _api_put: PUT runs/20260917_034642_fail_periodic.log -> 201 (8836 bytes)
2026-09-17 03:46:44,836 - DEBUG - [global] log_uploader: STEP 1 (window log) -> https://github.com/StarateJI/L2Mauto/blob/bot-logs/runs/20260917_034642_fail_periodic.log
2026-09-17 03:46:44,836 - DEBUG - [global] log_uploader: STEP 2 SKIP (no PNGs)
2026-09-17 03:46:45,947 - DEBUG - [global] _api_put: GET runs/20260917_034642_fail_global.log -> 404
2026-09-17 03:46:47,448 - INFO - [global] Проверяю обновы...
2026-09-17 03:46:47,849 - DEBUG - [global] _api_put: PUT runs/20260917_034642_fail_global.log -> 201 (19704 bytes)
2026-09-17 03:46:47,852 - DEBUG - [global] log_uploader: STEP 3 (global log) -> https://github.com/StarateJI/L2Mauto/blob/bot-logs/runs/20260917_034642_fail_global.log
2026-09-17 03:46:47,852 - DEBUG - [global] log_uploader: END window=periodic
2026-09-17 03:46:47,852 - INFO - [global] LogUploader: upload_run_logs завершён
2026-09-17 03:46:48,108 - DEBUG - [global] needs_update: raw → 5.9.0
2026-09-17 03:46:48,783 - DEBUG - [global] needs_update: API GitHub → 5.9.0
2026-09-17 03:46:49,362 - DEBUG - [global] needs_update: jsdelivr → 5.9.0
2026-09-17 03:46:49,362 - DEBUG - [global] needs_update: лучший источник raw → 5.9.0 (из 3)
2026-09-17 03:46:49,364 - INFO - [global] needs_update: local=(5, 7, 1) remote=(5, 9, 0) -> has_update=True
2026-09-17 03:46:49,364 - INFO - [global] Доступна обнова! Спавню кнопку
2026-09-17 03:47:19,378 - INFO - [global] Проверяю обновы...
2026-09-17 03:47:20,026 - DEBUG - [global] needs_update: raw → 5.9.0
2026-09-17 03:47:20,720 - DEBUG - [global] needs_update: API GitHub → 5.9.0
2026-09-17 03:47:21,315 - DEBUG - [global] needs_update: jsdelivr → 5.9.0
2026-09-17 03:47:21,315 - DEBUG - [global] needs_update: лучший источник raw → 5.9.0 (из 3)
2026-09-17 03:47:21,317 - INFO - [global] needs_update: local=(5, 7, 1) remote=(5, 9, 0) -> has_update=True
2026-09-17 03:47:21,317 - INFO - [global] Доступна обнова! Спавню кнопку
2026-09-17 03:47:47,886 - INFO - [global] LogUploader: запускаю upload_run_logs...
2026-09-17 03:47:47,886 - DEBUG - [global] log_uploader: START window=periodic made=-1 token=...Rjnfq
2026-09-17 03:47:48,786 - DEBUG - [global] _api_put: GET runs/20260917_034747_fail_periodic.log -> 404
2026-09-17 03:47:50,264 - DEBUG - [global] _api_put: PUT runs/20260917_034747_fail_periodic.log -> 201 (8836 bytes)
2026-09-17 03:47:50,266 - DEBUG - [global] log_uploader: STEP 1 (window log) -> https://github.com/StarateJI/L2Mauto/blob/bot-logs/runs/20260917_034747_fail_periodic.log
2026-09-17 03:47:50,266 - DEBUG - [global] log_uploader: STEP 2 SKIP (no PNGs)
2026-09-17 03:47:51,274 - DEBUG - [global] _api_put: GET runs/20260917_034747_fail_global.log -> 404
2026-09-17 03:47:51,332 - INFO - [global] Проверяю обновы...
2026-09-17 03:47:52,154 - DEBUG - [global] needs_update: raw → 5.9.0
2026-09-17 03:47:52,897 - DEBUG - [global] needs_update: API GitHub → 5.9.0
2026-09-17 03:47:52,962 - DEBUG - [global] _api_put: PUT runs/20260917_034747_fail_global.log -> 201 (19613 bytes)
2026-09-17 03:47:52,965 - DEBUG - [global] log_uploader: STEP 3 (global log) -> https://github.com/StarateJI/L2Mauto/blob/bot-logs/runs/20260917_034747_fail_global.log
2026-09-17 03:47:52,965 - DEBUG - [global] log_uploader: END window=periodic
2026-09-17 03:47:52,966 - INFO - [global] LogUploader: upload_run_logs завершён
2026-09-17 03:47:53,521 - DEBUG - [global] needs_update: jsdelivr → 5.9.0
2026-09-17 03:47:53,522 - DEBUG - [global] needs_update: лучший источник raw → 5.9.0 (из 3)
2026-09-17 03:47:53,523 - INFO - [global] needs_update: local=(5, 7, 1) remote=(5, 9, 0) -> has_update=True
2026-09-17 03:47:53,524 - INFO - [global] Доступна обнова! Спавню кнопку
2026-09-17 03:48:23,537 - INFO - [global] Проверяю обновы...
2026-09-17 03:48:24,210 - DEBUG - [global] needs_update: raw → 5.9.0
2026-09-17 03:48:24,912 - DEBUG - [global] needs_update: API GitHub → 5.9.0
2026-09-17 03:48:25,495 - DEBUG - [global] needs_update: jsdelivr → 5.9.0
2026-09-17 03:48:25,495 - DEBUG - [global] needs_update: лучший источник raw → 5.9.0 (из 3)
2026-09-17 03:48:25,497 - INFO - [global] needs_update: local=(5, 7, 1) remote=(5, 9, 0) -> has_update=True
2026-09-17 03:48:25,497 - INFO - [global] Доступна обнова! Спавню кнопку
2026-09-17 03:48:53,001 - INFO - [global] LogUploader: запускаю upload_run_logs...
2026-09-17 03:48:53,001 - DEBUG - [global] log_uploader: START window=periodic made=-1 token=...Rjnfq
2026-09-17 03:48:53,929 - DEBUG - [global] _api_put: GET runs/20260917_034853_fail_periodic.log -> 404
2026-09-17 03:48:55,516 - INFO - [global] Проверяю обновы...
2026-09-17 03:48:56,176 - DEBUG - [global] needs_update: raw → 5.9.0
2026-09-17 03:48:56,445 - DEBUG - [global] _api_put: PUT runs/20260917_034853_fail_periodic.log -> 201 (8836 bytes)
2026-09-17 03:48:56,447 - DEBUG - [global] log_uploader: STEP 1 (window log) -> https://github.com/StarateJI/L2Mauto/blob/bot-logs/runs/20260917_034853_fail_periodic.log
2026-09-17 03:48:56,447 - DEBUG - [global] log_uploader: STEP 2 SKIP (no PNGs)
2026-09-17 03:48:56,925 - DEBUG - [global] needs_update: API GitHub → 5.9.0
2026-09-17 03:48:57,481 - DEBUG - [global] _api_put: GET runs/20260917_034853_fail_global.log -> 404
2026-09-17 03:48:57,572 - DEBUG - [global] needs_update: jsdelivr → 5.9.0
2026-09-17 03:48:57,572 - DEBUG - [global] needs_update: лучший источник raw → 5.9.0 (из 3)
2026-09-17 03:48:57,575 - INFO - [global] needs_update: local=(5, 7, 1) remote=(5, 9, 0) -> has_update=True
2026-09-17 03:48:57,575 - INFO - [global] Доступна обнова! Спавню кнопку
2026-09-17 03:48:59,275 - DEBUG - [global] _api_put: PUT runs/20260917_034853_fail_global.log -> 201 (19543 bytes)
2026-09-17 03:48:59,277 - DEBUG - [global] log_uploader: STEP 3 (global log) -> https://github.com/StarateJI/L2Mauto/blob/bot-logs/runs/20260917_034853_fail_global.log
2026-09-17 03:48:59,277 - DEBUG - [global] log_uploader: END window=periodic
2026-09-17 03:48:59,277 - INFO - [global] LogUploader: upload_run_logs завершён
2026-09-17 03:49:27,592 - INFO - [global] Проверяю обновы...
2026-09-17 03:49:28,260 - DEBUG - [global] needs_update: raw → 5.9.0
2026-09-17 03:49:28,964 - DEBUG - [global] needs_update: API GitHub → 5.9.0
2026-09-17 03:49:29,579 - DEBUG - [global] needs_update: jsdelivr → 5.9.0
2026-09-17 03:49:29,579 - DEBUG - [global] needs_update: лучший источник raw → 5.9.0 (из 3)
2026-09-17 03:49:29,582 - INFO - [global] needs_update: local=(5, 7, 1) remote=(5, 9, 0) -> has_update=True
2026-09-17 03:49:29,582 - INFO - [global] Доступна обнова! Спавню кнопку
2026-09-17 03:49:59,316 - INFO - [global] LogUploader: запускаю upload_run_logs...
2026-09-17 03:49:59,317 - DEBUG - [global] log_uploader: START window=periodic made=-1 token=...Rjnfq
2026-09-17 03:49:59,598 - INFO - [global] Проверяю обновы...
2026-09-17 03:50:00,220 - DEBUG - [global] _api_put: GET runs/20260917_034959_fail_periodic.log -> 404
2026-09-17 03:50:00,324 - DEBUG - [global] needs_update: raw → 5.9.0
2026-09-17 03:50:01,108 - DEBUG - [global] needs_update: API GitHub → 5.9.0
2026-09-17 03:50:01,709 - DEBUG - [global] needs_update: jsdelivr → 5.9.0
2026-09-17 03:50:01,709 - DEBUG - [global] needs_update: лучший источник raw → 5.9.0 (из 3)
2026-09-17 03:50:01,712 - INFO - [global] needs_update: local=(5, 7, 1) remote=(5, 9, 0) -> has_update=True
2026-09-17 03:50:01,712 - INFO - [global] Доступна обнова! Спавню кнопку
2026-09-17 03:50:01,769 - DEBUG - [global] _api_put: PUT runs/20260917_034959_fail_periodic.log -> 201 (8836 bytes)
2026-09-17 03:50:01,772 - DEBUG - [global] log_uploader: STEP 1 (window log) -> https://github.com/StarateJI/L2Mauto/blob/bot-logs/runs/20260917_034959_fail_periodic.log
2026-09-17 03:50:01,773 - DEBUG - [global] log_uploader: STEP 2 SKIP (no PNGs)
2026-09-17 03:50:02,773 - DEBUG - [global] _api_put: GET runs/20260917_034959_fail_global.log -> 404
2026-09-17 03:50:04,391 - DEBUG - [global] _api_put: PUT runs/20260917_034959_fail_global.log -> 201 (19535 bytes)
2026-09-17 03:50:04,394 - DEBUG - [global] log_uploader: STEP 3 (global log) -> https://github.com/StarateJI/L2Mauto/blob/bot-logs/runs/20260917_034959_fail_global.log
2026-09-17 03:50:04,394 - DEBUG - [global] log_uploader: END window=periodic
2026-09-17 03:50:04,394 - INFO - [global] LogUploader: upload_run_logs завершён
2026-09-17 03:50:31,732 - INFO - [global] Проверяю обновы...
2026-09-17 03:50:32,569 - DEBUG - [global] needs_update: raw → 5.9.0
2026-09-17 03:50:33,266 - DEBUG - [global] needs_update: API GitHub → 5.9.0
2026-09-17 03:50:33,832 - DEBUG - [global] needs_update: jsdelivr → 5.9.0
2026-09-17 03:50:33,832 - DEBUG - [global] needs_update: лучший источник raw → 5.9.0 (из 3)
2026-09-17 03:50:33,834 - INFO - [global] needs_update: local=(5, 7, 1) remote=(5, 9, 0) -> has_update=True
2026-09-17 03:50:33,834 - INFO - [global] Доступна обнова! Спавню кнопку
2026-09-17 03:51:03,851 - INFO - [global] Проверяю обновы...
2026-09-17 03:51:04,432 - INFO - [global] LogUploader: запускаю upload_run_logs...
2026-09-17 03:51:04,433 - DEBUG - [global] log_uploader: START window=periodic made=-1 token=...Rjnfq
2026-09-17 03:51:04,541 - DEBUG - [global] needs_update: raw → 5.9.0
2026-09-17 03:51:05,369 - DEBUG - [global] needs_update: API GitHub → 5.9.0
2026-09-17 03:51:05,461 - DEBUG - [global] _api_put: GET runs/20260917_035104_fail_periodic.log -> 404
2026-09-17 03:51:06,098 - DEBUG - [global] needs_update: jsdelivr → 5.9.0
2026-09-17 03:51:06,098 - DEBUG - [global] needs_update: лучший источник raw → 5.9.0 (из 3)
2026-09-17 03:51:06,100 - INFO - [global] needs_update: local=(5, 7, 1) remote=(5, 9, 0) -> has_update=True
2026-09-17 03:51:06,100 - INFO - [global] Доступна обнова! Спавню кнопку
2026-09-17 03:51:07,229 - DEBUG - [global] _api_put: PUT runs/20260917_035104_fail_periodic.log -> 201 (8836 bytes)
2026-09-17 03:51:07,230 - DEBUG - [global] log_uploader: STEP 1 (window log) -> https://github.com/StarateJI/L2Mauto/blob/bot-logs/runs/20260917_035104_fail_periodic.log
2026-09-17 03:51:07,232 - DEBUG - [global] log_uploader: STEP 2 SKIP (no PNGs)
2026-09-17 03:51:08,260 - DEBUG - [global] _api_put: GET runs/20260917_035104_fail_global.log -> 404
2026-09-17 03:51:10,073 - DEBUG - [global] _api_put: PUT runs/20260917_035104_fail_global.log -> 201 (19535 bytes)
2026-09-17 03:51:10,076 - DEBUG - [global] log_uploader: STEP 3 (global log) -> https://github.com/StarateJI/L2Mauto/blob/bot-logs/runs/20260917_035104_fail_global.log
2026-09-17 03:51:10,076 - DEBUG - [global] log_uploader: END window=periodic
2026-09-17 03:51:10,076 - INFO - [global] LogUploader: upload_run_logs завершён
2026-09-17 03:51:36,117 - INFO - [global] Проверяю обновы...
2026-09-17 03:51:36,785 - DEBUG - [global] needs_update: raw → 5.9.0
2026-09-17 03:51:37,493 - DEBUG - [global] needs_update: API GitHub → 5.9.0
2026-09-17 03:51:38,083 - DEBUG - [global] needs_update: jsdelivr → 5.9.0
2026-09-17 03:51:38,083 - DEBUG - [global] needs_update: лучший источник raw → 5.9.0 (из 3)
2026-09-17 03:51:38,085 - INFO - [global] needs_update: local=(5, 7, 1) remote=(5, 9, 0) -> has_update=True
2026-09-17 03:51:38,085 - INFO - [global] Доступна обнова! Спавню кнопку
2026-09-17 03:52:08,101 - INFO - [global] Проверяю обновы...
2026-09-17 03:52:08,832 - DEBUG - [global] needs_update: raw → 5.9.0
2026-09-17 03:52:09,499 - DEBUG - [global] needs_update: API GitHub → 5.9.0
2026-09-17 03:52:10,104 - DEBUG - [global] needs_update: jsdelivr → 5.9.0
2026-09-17 03:52:10,104 - DEBUG - [global] needs_update: лучший источник raw → 5.9.0 (из 3)
2026-09-17 03:52:10,106 - INFO - [global] needs_update: local=(5, 7, 1) remote=(5, 9, 0) -> has_update=True
2026-09-17 03:52:10,106 - INFO - [global] Доступна обнова! Спавню кнопку
2026-09-17 03:52:10,111 - INFO - [global] LogUploader: запускаю upload_run_logs...
2026-09-17 03:52:10,112 - DEBUG - [global] log_uploader: START window=periodic made=-1 token=...Rjnfq
2026-09-17 03:52:11,003 - DEBUG - [global] _api_put: GET runs/20260917_035210_fail_periodic.log -> 404
2026-09-17 03:52:12,522 - DEBUG - [global] _api_put: PUT runs/20260917_035210_fail_periodic.log -> 201 (8836 bytes)
2026-09-17 03:52:12,523 - DEBUG - [global] log_uploader: STEP 1 (window log) -> https://github.com/StarateJI/L2Mauto/blob/bot-logs/runs/20260917_035210_fail_periodic.log
2026-09-17 03:52:12,524 - DEBUG - [global] log_uploader: STEP 2 SKIP (no PNGs)
2026-09-17 03:52:13,506 - DEBUG - [global] _api_put: GET runs/20260917_035210_fail_global.log -> 404
2026-09-17 03:52:15,023 - DEBUG - [global] _api_put: PUT runs/20260917_035210_fail_global.log -> 201 (19535 bytes)
2026-09-17 03:52:15,025 - DEBUG - [global] log_uploader: STEP 3 (global log) -> https://github.com/StarateJI/L2Mauto/blob/bot-logs/runs/20260917_035210_fail_global.log
2026-09-17 03:52:15,025 - DEBUG - [global] log_uploader: END window=periodic
2026-09-17 03:52:15,025 - INFO - [global] LogUploader: upload_run_logs завершён
2026-09-17 03:52:40,122 - INFO - [global] Проверяю обновы...
2026-09-17 03:52:40,888 - DEBUG - [global] needs_update: raw → 5.9.0
2026-09-17 03:52:41,550 - DEBUG - [global] needs_update: API GitHub → 5.9.0
2026-09-17 03:52:42,158 - DEBUG - [global] needs_update: jsdelivr → 5.9.0
2026-09-17 03:52:42,158 - DEBUG - [global] needs_update: лучший источник raw → 5.9.0 (из 3)
2026-09-17 03:52:42,159 - INFO - [global] needs_update: local=(5, 7, 1) remote=(5, 9, 0) -> has_update=True
2026-09-17 03:52:42,159 - INFO - [global] Доступна обнова! Спавню кнопку
2026-09-17 03:53:12,179 - INFO - [global] Проверяю обновы...
2026-09-17 03:53:12,886 - DEBUG - [global] needs_update: raw → 5.9.0
2026-09-17 03:53:13,587 - DEBUG - [global] needs_update: API GitHub → 5.9.0
2026-09-17 03:53:14,175 - DEBUG - [global] needs_update: jsdelivr → 5.9.0
2026-09-17 03:53:14,175 - DEBUG - [global] needs_update: лучший источник raw → 5.9.0 (из 3)
2026-09-17 03:53:14,177 - INFO - [global] needs_update: local=(5, 7, 1) remote=(5, 9, 0) -> has_update=True
2026-09-17 03:53:14,177 - INFO - [global] Доступна обнова! Спавню кнопку
2026-09-17 03:53:15,057 - INFO - [global] LogUploader: запускаю upload_run_logs...
2026-09-17 03:53:15,058 - DEBUG - [global] log_uploader: START window=periodic made=-1 token=...Rjnfq
2026-09-17 03:53:15,975 - DEBUG - [global] _api_put: GET runs/20260917_035315_fail_periodic.log -> 404
2026-09-17 03:53:17,546 - DEBUG - [global] _api_put: PUT runs/20260917_035315_fail_periodic.log -> 201 (8836 bytes)
2026-09-17 03:53:17,548 - DEBUG - [global] log_uploader: STEP 1 (window log) -> https://github.com/StarateJI/L2Mauto/blob/bot-logs/runs/20260917_035315_fail_periodic.log
2026-09-17 03:53:17,548 - DEBUG - [global] log_uploader: STEP 2 SKIP (no PNGs)
2026-09-17 03:53:18,479 - DEBUG - [global] _api_put: GET runs/20260917_035315_fail_global.log -> 404
2026-09-17 03:53:20,162 - DEBUG - [global] _api_put: PUT runs/20260917_035315_fail_global.log -> 201 (19535 bytes)
2026-09-17 03:53:20,164 - DEBUG - [global] log_uploader: STEP 3 (global log) -> https://github.com/StarateJI/L2Mauto/blob/bot-logs/runs/20260917_035315_fail_global.log
2026-09-17 03:53:20,164 - DEBUG - [global] log_uploader: END window=periodic
2026-09-17 03:53:20,164 - INFO - [global] LogUploader: upload_run_logs завершён
2026-09-17 03:53:44,193 - INFO - [global] Проверяю обновы...
2026-09-17 03:53:44,914 - DEBUG - [global] needs_update: raw → 5.9.0
2026-09-17 03:53:45,634 - DEBUG - [global] needs_update: API GitHub → 5.9.0
2026-09-17 03:53:46,260 - DEBUG - [global] needs_update: jsdelivr → 5.9.0
2026-09-17 03:53:46,260 - DEBUG - [global] needs_update: лучший источник raw → 5.9.0 (из 3)
2026-09-17 03:53:46,263 - INFO - [global] needs_update: local=(5, 7, 1) remote=(5, 9, 0) -> has_update=True
2026-09-17 03:53:46,263 - INFO - [global] Доступна обнова! Спавню кнопку
2026-09-17 03:54:16,284 - INFO - [global] Проверяю обновы...
2026-09-17 03:54:16,963 - DEBUG - [global] needs_update: raw → 5.9.0
2026-09-17 03:54:17,686 - DEBUG - [global] needs_update: API GitHub → 5.9.0
2026-09-17 03:54:18,309 - DEBUG - [global] needs_update: jsdelivr → 5.9.0
2026-09-17 03:54:18,309 - DEBUG - [global] needs_update: лучший источник raw → 5.9.0 (из 3)
2026-09-17 03:54:18,311 - INFO - [global] needs_update: local=(5, 7, 1) remote=(5, 9, 0) -> has_update=True
2026-09-17 03:54:18,311 - INFO - [global] Доступна обнова! Спавню кнопку
2026-09-17 03:54:20,204 - INFO - [global] LogUploader: запускаю upload_run_logs...
2026-09-17 03:54:20,205 - DEBUG - [global] log_uploader: START window=periodic made=-1 token=...Rjnfq
2026-09-17 03:54:21,087 - DEBUG - [global] _api_put: GET runs/20260917_035420_fail_periodic.log -> 404
2026-09-17 03:54:22,411 - DEBUG - [global] _api_put: PUT runs/20260917_035420_fail_periodic.log -> 201 (8836 bytes)
2026-09-17 03:54:22,413 - DEBUG - [global] log_uploader: STEP 1 (window log) -> https://github.com/StarateJI/L2Mauto/blob/bot-logs/runs/20260917_035420_fail_periodic.log
2026-09-17 03:54:22,414 - DEBUG - [global] log_uploader: STEP 2 SKIP (no PNGs)
