=== Log tail 2026-09-15T17:59:06.276776 | last 200 lines ===
2026-09-15 17:49:33,565 - DEBUG - [global] _api_put: GET runs/20260915_174932_fail_global.log -> 404
2026-09-15 17:49:34,045 - DEBUG - [global] needs_update: API GitHub → 5.6.16
2026-09-15 17:49:35,817 - DEBUG - [global] needs_update: jsdelivr → 5.4.2
2026-09-15 17:49:35,817 - DEBUG - [global] needs_update: лучший источник raw → 5.6.16 (из 3)
2026-09-15 17:49:35,824 - INFO - [global] needs_update: local=(5, 6, 16) remote=(5, 6, 16) -> has_update=False
2026-09-15 17:49:35,825 - INFO - [global] Установлена последняя версия бота | 5.6.16
2026-09-15 17:49:36,194 - DEBUG - [global] _api_put: PUT runs/20260915_174932_fail_global.log -> 201 (19382 bytes)
2026-09-15 17:49:36,200 - DEBUG - [global] log_uploader: STEP 3 (global log) -> https://github.com/StarateJI/L2Mauto/blob/bot-logs/runs/20260915_174932_fail_global.log
2026-09-15 17:49:36,201 - DEBUG - [global] log_uploader: END window=periodic
2026-09-15 17:49:36,201 - INFO - [global] LogUploader: upload_run_logs завершён
2026-09-15 17:50:05,859 - INFO - [global] Проверяю обновы...
2026-09-15 17:50:06,901 - DEBUG - [global] needs_update: raw → 5.6.16
2026-09-15 17:50:08,001 - DEBUG - [global] needs_update: API GitHub → 5.6.16
2026-09-15 17:50:09,594 - DEBUG - [global] needs_update: jsdelivr → 5.4.2
2026-09-15 17:50:09,594 - DEBUG - [global] needs_update: лучший источник raw → 5.6.16 (из 3)
2026-09-15 17:50:09,599 - INFO - [global] needs_update: local=(5, 6, 16) remote=(5, 6, 16) -> has_update=False
2026-09-15 17:50:09,601 - INFO - [global] Установлена последняя версия бота | 5.6.16
2026-09-15 17:50:36,300 - INFO - [global] LogUploader: запускаю upload_run_logs...
2026-09-15 17:50:36,302 - DEBUG - [global] log_uploader: START window=periodic made=-1 token=...Rjnfq
2026-09-15 17:50:36,302 - DEBUG - [global] log_uploader: STEP 1 SKIP (no C:\Users\PC\Desktop\L2Mauto\logs\periodic.log)
2026-09-15 17:50:36,303 - DEBUG - [global] log_uploader: STEP 2 SKIP (no PNGs)
2026-09-15 17:50:37,577 - DEBUG - [global] _api_put: GET runs/20260915_175036_fail_global.log -> 404
2026-09-15 17:50:39,541 - DEBUG - [global] _api_put: PUT runs/20260915_175036_fail_global.log -> 201 (19442 bytes)
2026-09-15 17:50:39,546 - DEBUG - [global] log_uploader: STEP 3 (global log) -> https://github.com/StarateJI/L2Mauto/blob/bot-logs/runs/20260915_175036_fail_global.log
2026-09-15 17:50:39,546 - DEBUG - [global] log_uploader: END window=periodic
2026-09-15 17:50:39,546 - INFO - [global] LogUploader: upload_run_logs завершён
2026-09-15 17:50:39,637 - INFO - [global] Проверяю обновы...
2026-09-15 17:50:40,652 - DEBUG - [global] needs_update: raw → 5.6.16
2026-09-15 17:50:41,863 - DEBUG - [global] needs_update: API GitHub → 5.6.16
2026-09-15 17:50:43,400 - DEBUG - [global] needs_update: jsdelivr → 5.4.2
2026-09-15 17:50:43,401 - DEBUG - [global] needs_update: лучший источник raw → 5.6.16 (из 3)
2026-09-15 17:50:43,413 - INFO - [global] needs_update: local=(5, 6, 16) remote=(5, 6, 16) -> has_update=False
2026-09-15 17:50:43,417 - INFO - [global] Установлена последняя версия бота | 5.6.16
2026-09-15 17:51:13,453 - INFO - [global] Проверяю обновы...
2026-09-15 17:51:14,490 - DEBUG - [global] needs_update: raw → 5.6.16
2026-09-15 17:51:16,075 - DEBUG - [global] needs_update: API GitHub → 5.6.16
2026-09-15 17:51:17,674 - DEBUG - [global] needs_update: jsdelivr → 5.4.2
2026-09-15 17:51:17,675 - DEBUG - [global] needs_update: лучший источник raw → 5.6.16 (из 3)
2026-09-15 17:51:17,680 - INFO - [global] needs_update: local=(5, 6, 16) remote=(5, 6, 16) -> has_update=False
2026-09-15 17:51:17,682 - INFO - [global] Установлена последняя версия бота | 5.6.16
2026-09-15 17:51:39,673 - INFO - [global] LogUploader: запускаю upload_run_logs...
2026-09-15 17:51:39,674 - DEBUG - [global] log_uploader: START window=periodic made=-1 token=...Rjnfq
2026-09-15 17:51:39,674 - DEBUG - [global] log_uploader: STEP 1 SKIP (no C:\Users\PC\Desktop\L2Mauto\logs\periodic.log)
2026-09-15 17:51:39,675 - DEBUG - [global] log_uploader: STEP 2 SKIP (no PNGs)
2026-09-15 17:51:40,948 - DEBUG - [global] _api_put: GET runs/20260915_175139_fail_global.log -> 404
2026-09-15 17:51:42,935 - DEBUG - [global] _api_put: PUT runs/20260915_175139_fail_global.log -> 201 (19430 bytes)
2026-09-15 17:51:42,942 - DEBUG - [global] log_uploader: STEP 3 (global log) -> https://github.com/StarateJI/L2Mauto/blob/bot-logs/runs/20260915_175139_fail_global.log
2026-09-15 17:51:42,942 - DEBUG - [global] log_uploader: END window=periodic
2026-09-15 17:51:42,942 - INFO - [global] LogUploader: upload_run_logs завершён
2026-09-15 17:51:47,818 - INFO - [global] Проверяю обновы...
2026-09-15 17:51:48,825 - DEBUG - [global] needs_update: raw → 5.6.16
2026-09-15 17:51:50,312 - DEBUG - [global] needs_update: API GitHub → 5.6.16
2026-09-15 17:51:52,213 - DEBUG - [global] needs_update: jsdelivr → 5.4.2
2026-09-15 17:51:52,213 - DEBUG - [global] needs_update: лучший источник raw → 5.6.16 (из 3)
2026-09-15 17:51:52,219 - INFO - [global] needs_update: local=(5, 6, 16) remote=(5, 6, 16) -> has_update=False
2026-09-15 17:51:52,220 - INFO - [global] Установлена последняя версия бота | 5.6.16
2026-09-15 17:52:22,258 - INFO - [global] Проверяю обновы...
2026-09-15 17:52:23,303 - DEBUG - [global] needs_update: raw → 5.6.16
2026-09-15 17:52:24,325 - DEBUG - [global] needs_update: API GitHub → 5.6.16
2026-09-15 17:52:25,371 - DEBUG - [global] needs_update: jsdelivr → 5.4.2
2026-09-15 17:52:25,372 - DEBUG - [global] needs_update: лучший источник raw → 5.6.16 (из 3)
2026-09-15 17:52:25,376 - INFO - [global] needs_update: local=(5, 6, 16) remote=(5, 6, 16) -> has_update=False
2026-09-15 17:52:25,384 - INFO - [global] Установлена последняя версия бота | 5.6.16
2026-09-15 17:52:43,055 - INFO - [global] LogUploader: запускаю upload_run_logs...
2026-09-15 17:52:43,057 - DEBUG - [global] log_uploader: START window=periodic made=-1 token=...Rjnfq
2026-09-15 17:52:43,058 - DEBUG - [global] log_uploader: STEP 1 SKIP (no C:\Users\PC\Desktop\L2Mauto\logs\periodic.log)
2026-09-15 17:52:43,059 - DEBUG - [global] log_uploader: STEP 2 SKIP (no PNGs)
2026-09-15 17:52:44,401 - DEBUG - [global] _api_put: GET runs/20260915_175243_fail_global.log -> 404
2026-09-15 17:52:46,735 - DEBUG - [global] _api_put: PUT runs/20260915_175243_fail_global.log -> 201 (19393 bytes)
2026-09-15 17:52:46,744 - DEBUG - [global] log_uploader: STEP 3 (global log) -> https://github.com/StarateJI/L2Mauto/blob/bot-logs/runs/20260915_175243_fail_global.log
2026-09-15 17:52:46,744 - DEBUG - [global] log_uploader: END window=periodic
2026-09-15 17:52:46,744 - INFO - [global] LogUploader: upload_run_logs завершён
2026-09-15 17:52:55,420 - INFO - [global] Проверяю обновы...
2026-09-15 17:52:56,459 - DEBUG - [global] needs_update: raw → 5.6.16
2026-09-15 17:52:57,796 - DEBUG - [global] needs_update: API failed: HTTPError: 403 Client Error: rate limit exceeded for url: https://api.github.com/repos/StarateJI/L2Mauto/contents/bot/version.txt?ref=main
2026-09-15 17:52:59,192 - DEBUG - [global] needs_update: jsdelivr → 5.4.2
2026-09-15 17:52:59,192 - DEBUG - [global] needs_update: лучший источник raw → 5.6.16 (из 2)
2026-09-15 17:52:59,197 - INFO - [global] needs_update: local=(5, 6, 16) remote=(5, 6, 16) -> has_update=False
2026-09-15 17:52:59,203 - INFO - [global] Установлена последняя версия бота | 5.6.16
2026-09-15 17:53:29,236 - INFO - [global] Проверяю обновы...
2026-09-15 17:53:30,294 - DEBUG - [global] needs_update: raw → 5.6.16
2026-09-15 17:53:31,366 - DEBUG - [global] needs_update: API failed: HTTPError: 403 Client Error: rate limit exceeded for url: https://api.github.com/repos/StarateJI/L2Mauto/contents/bot/version.txt?ref=main
2026-09-15 17:53:32,703 - DEBUG - [global] needs_update: jsdelivr → 5.4.2
2026-09-15 17:53:32,704 - DEBUG - [global] needs_update: лучший источник raw → 5.6.16 (из 2)
2026-09-15 17:53:32,716 - INFO - [global] needs_update: local=(5, 6, 16) remote=(5, 6, 16) -> has_update=False
2026-09-15 17:53:32,718 - INFO - [global] Установлена последняя версия бота | 5.6.16
2026-09-15 17:53:46,837 - INFO - [global] LogUploader: запускаю upload_run_logs...
2026-09-15 17:53:46,839 - DEBUG - [global] log_uploader: START window=periodic made=-1 token=...Rjnfq
2026-09-15 17:53:46,839 - DEBUG - [global] log_uploader: STEP 1 SKIP (no C:\Users\PC\Desktop\L2Mauto\logs\periodic.log)
2026-09-15 17:53:46,840 - DEBUG - [global] log_uploader: STEP 2 SKIP (no PNGs)
2026-09-15 17:53:48,183 - DEBUG - [global] _api_put: GET runs/20260915_175346_fail_global.log -> 404
2026-09-15 17:53:50,539 - DEBUG - [global] _api_put: PUT runs/20260915_175346_fail_global.log -> 201 (19651 bytes)
2026-09-15 17:53:50,543 - DEBUG - [global] log_uploader: STEP 3 (global log) -> https://github.com/StarateJI/L2Mauto/blob/bot-logs/runs/20260915_175346_fail_global.log
2026-09-15 17:53:50,544 - DEBUG - [global] log_uploader: END window=periodic
2026-09-15 17:53:50,544 - INFO - [global] LogUploader: upload_run_logs завершён
2026-09-15 17:54:02,775 - INFO - [global] Проверяю обновы...
2026-09-15 17:54:03,809 - DEBUG - [global] needs_update: raw → 5.6.16
2026-09-15 17:54:04,896 - DEBUG - [global] needs_update: API failed: HTTPError: 403 Client Error: rate limit exceeded for url: https://api.github.com/repos/StarateJI/L2Mauto/contents/bot/version.txt?ref=main
2026-09-15 17:54:06,281 - DEBUG - [global] needs_update: jsdelivr → 5.4.2
2026-09-15 17:54:06,282 - DEBUG - [global] needs_update: лучший источник raw → 5.6.16 (из 2)
2026-09-15 17:54:06,291 - INFO - [global] needs_update: local=(5, 6, 16) remote=(5, 6, 16) -> has_update=False
2026-09-15 17:54:06,299 - INFO - [global] Установлена последняя версия бота | 5.6.16
2026-09-15 17:54:36,320 - INFO - [global] Проверяю обновы...
2026-09-15 17:54:37,366 - DEBUG - [global] needs_update: raw → 5.6.16
2026-09-15 17:54:38,455 - DEBUG - [global] needs_update: API failed: HTTPError: 403 Client Error: rate limit exceeded for url: https://api.github.com/repos/StarateJI/L2Mauto/contents/bot/version.txt?ref=main
2026-09-15 17:54:39,758 - DEBUG - [global] needs_update: jsdelivr → 5.4.2
2026-09-15 17:54:39,760 - DEBUG - [global] needs_update: лучший источник raw → 5.6.16 (из 2)
2026-09-15 17:54:39,768 - INFO - [global] needs_update: local=(5, 6, 16) remote=(5, 6, 16) -> has_update=False
2026-09-15 17:54:39,770 - INFO - [global] Установлена последняя версия бота | 5.6.16
2026-09-15 17:54:50,587 - INFO - [global] LogUploader: запускаю upload_run_logs...
2026-09-15 17:54:50,590 - DEBUG - [global] log_uploader: START window=periodic made=-1 token=...Rjnfq
2026-09-15 17:54:50,590 - DEBUG - [global] log_uploader: STEP 1 SKIP (no C:\Users\PC\Desktop\L2Mauto\logs\periodic.log)
2026-09-15 17:54:50,590 - DEBUG - [global] log_uploader: STEP 2 SKIP (no PNGs)
2026-09-15 17:54:51,965 - DEBUG - [global] _api_put: GET runs/20260915_175450_fail_global.log -> 404
2026-09-15 17:54:54,436 - DEBUG - [global] _api_put: PUT runs/20260915_175450_fail_global.log -> 409 (19909 bytes)
2026-09-15 17:54:54,437 - WARNING - [global] _api_put: PUT failed body: {"message":"is at acaa924b106cea5018ec82ca34f39df42a1e18ef but expected 4989962087d7f7b6e54d6db554947795ac7e1132","documentation_url":"https://docs.github.com/rest/repos/contents#create-or-update-file
2026-09-15 17:54:54,443 - DEBUG - [global] log_uploader: STEP 3 (global log) -> FAILED
2026-09-15 17:54:54,443 - DEBUG - [global] log_uploader: END window=periodic
2026-09-15 17:54:54,443 - INFO - [global] LogUploader: upload_run_logs завершён
2026-09-15 17:55:11,050 - INFO - [global] Проверяю обновы...
2026-09-15 17:55:12,089 - DEBUG - [global] needs_update: raw → 5.6.16
2026-09-15 17:55:13,259 - DEBUG - [global] needs_update: API failed: HTTPError: 403 Client Error: rate limit exceeded for url: https://api.github.com/repos/StarateJI/L2Mauto/contents/bot/version.txt?ref=main
2026-09-15 17:55:14,784 - DEBUG - [global] needs_update: jsdelivr → 5.4.2
2026-09-15 17:55:14,784 - DEBUG - [global] needs_update: лучший источник raw → 5.6.16 (из 2)
2026-09-15 17:55:14,794 - INFO - [global] needs_update: local=(5, 6, 16) remote=(5, 6, 16) -> has_update=False
2026-09-15 17:55:14,798 - INFO - [global] Установлена последняя версия бота | 5.6.16
2026-09-15 17:55:44,822 - INFO - [global] Проверяю обновы...
2026-09-15 17:55:45,824 - DEBUG - [global] needs_update: raw → 5.6.16
2026-09-15 17:55:47,060 - DEBUG - [global] needs_update: API failed: HTTPError: 403 Client Error: rate limit exceeded for url: https://api.github.com/repos/StarateJI/L2Mauto/contents/bot/version.txt?ref=main
2026-09-15 17:55:48,459 - DEBUG - [global] needs_update: jsdelivr → 5.4.2
2026-09-15 17:55:48,460 - DEBUG - [global] needs_update: лучший источник raw → 5.6.16 (из 2)
2026-09-15 17:55:48,471 - INFO - [global] needs_update: local=(5, 6, 16) remote=(5, 6, 16) -> has_update=False
2026-09-15 17:55:48,478 - INFO - [global] Установлена последняя версия бота | 5.6.16
2026-09-15 17:55:56,000 - INFO - [global] LogUploader: запускаю upload_run_logs...
2026-09-15 17:55:56,002 - DEBUG - [global] log_uploader: START window=periodic made=-1 token=...Rjnfq
2026-09-15 17:55:56,003 - DEBUG - [global] log_uploader: STEP 1 SKIP (no C:\Users\PC\Desktop\L2Mauto\logs\periodic.log)
2026-09-15 17:55:56,004 - DEBUG - [global] log_uploader: STEP 2 SKIP (no PNGs)
2026-09-15 17:55:57,277 - DEBUG - [global] _api_put: GET runs/20260915_175556_fail_global.log -> 404
2026-09-15 17:55:59,279 - DEBUG - [global] _api_put: PUT runs/20260915_175556_fail_global.log -> 201 (20258 bytes)
2026-09-15 17:55:59,283 - DEBUG - [global] log_uploader: STEP 3 (global log) -> https://github.com/StarateJI/L2Mauto/blob/bot-logs/runs/20260915_175556_fail_global.log
2026-09-15 17:55:59,284 - DEBUG - [global] log_uploader: END window=periodic
2026-09-15 17:55:59,284 - INFO - [global] LogUploader: upload_run_logs завершён
2026-09-15 17:56:18,505 - INFO - [global] Проверяю обновы...
2026-09-15 17:56:19,510 - DEBUG - [global] needs_update: raw → 5.6.16
2026-09-15 17:56:20,716 - DEBUG - [global] needs_update: API failed: HTTPError: 403 Client Error: rate limit exceeded for url: https://api.github.com/repos/StarateJI/L2Mauto/contents/bot/version.txt?ref=main
2026-09-15 17:56:21,920 - DEBUG - [global] needs_update: jsdelivr → 5.4.2
2026-09-15 17:56:21,920 - DEBUG - [global] needs_update: лучший источник raw → 5.6.16 (из 2)
2026-09-15 17:56:21,925 - INFO - [global] needs_update: local=(5, 6, 16) remote=(5, 6, 16) -> has_update=False
2026-09-15 17:56:21,926 - INFO - [global] Установлена последняя версия бота | 5.6.16
2026-09-15 17:56:51,948 - INFO - [global] Проверяю обновы...
2026-09-15 17:56:52,981 - DEBUG - [global] needs_update: raw → 5.6.16
2026-09-15 17:56:54,050 - DEBUG - [global] needs_update: API failed: HTTPError: 403 Client Error: rate limit exceeded for url: https://api.github.com/repos/StarateJI/L2Mauto/contents/bot/version.txt?ref=main
2026-09-15 17:56:55,213 - DEBUG - [global] needs_update: jsdelivr → 5.4.2
2026-09-15 17:56:55,213 - DEBUG - [global] needs_update: лучший источник raw → 5.6.16 (из 2)
2026-09-15 17:56:55,218 - INFO - [global] needs_update: local=(5, 6, 16) remote=(5, 6, 16) -> has_update=False
2026-09-15 17:56:55,219 - INFO - [global] Установлена последняя версия бота | 5.6.16
2026-09-15 17:56:59,323 - INFO - [global] LogUploader: запускаю upload_run_logs...
2026-09-15 17:56:59,325 - DEBUG - [global] log_uploader: START window=periodic made=-1 token=...Rjnfq
2026-09-15 17:56:59,326 - DEBUG - [global] log_uploader: STEP 1 SKIP (no C:\Users\PC\Desktop\L2Mauto\logs\periodic.log)
2026-09-15 17:56:59,326 - DEBUG - [global] log_uploader: STEP 2 SKIP (no PNGs)
2026-09-15 17:57:00,531 - DEBUG - [global] _api_put: GET runs/20260915_175659_fail_global.log -> 404
2026-09-15 17:57:02,496 - DEBUG - [global] _api_put: PUT runs/20260915_175659_fail_global.log -> 201 (20516 bytes)
2026-09-15 17:57:02,501 - DEBUG - [global] log_uploader: STEP 3 (global log) -> https://github.com/StarateJI/L2Mauto/blob/bot-logs/runs/20260915_175659_fail_global.log
2026-09-15 17:57:02,501 - DEBUG - [global] log_uploader: END window=periodic
2026-09-15 17:57:02,501 - INFO - [global] LogUploader: upload_run_logs завершён
2026-09-15 17:57:25,242 - INFO - [global] Проверяю обновы...
2026-09-15 17:57:26,267 - DEBUG - [global] needs_update: raw → 5.6.16
2026-09-15 17:57:27,282 - DEBUG - [global] needs_update: API failed: HTTPError: 403 Client Error: rate limit exceeded for url: https://api.github.com/repos/StarateJI/L2Mauto/contents/bot/version.txt?ref=main
2026-09-15 17:57:28,533 - DEBUG - [global] needs_update: jsdelivr → 5.4.2
2026-09-15 17:57:28,534 - DEBUG - [global] needs_update: лучший источник raw → 5.6.16 (из 2)
2026-09-15 17:57:28,540 - INFO - [global] needs_update: local=(5, 6, 16) remote=(5, 6, 16) -> has_update=False
2026-09-15 17:57:28,546 - INFO - [global] Установлена последняя версия бота | 5.6.16
2026-09-15 17:57:58,564 - INFO - [global] Проверяю обновы...
2026-09-15 17:57:59,551 - DEBUG - [global] needs_update: raw → 5.6.16
2026-09-15 17:58:00,562 - DEBUG - [global] needs_update: API failed: HTTPError: 403 Client Error: rate limit exceeded for url: https://api.github.com/repos/StarateJI/L2Mauto/contents/bot/version.txt?ref=main
2026-09-15 17:58:01,724 - DEBUG - [global] needs_update: jsdelivr → 5.4.2
2026-09-15 17:58:01,724 - DEBUG - [global] needs_update: лучший источник raw → 5.6.16 (из 2)
2026-09-15 17:58:01,732 - INFO - [global] needs_update: local=(5, 6, 16) remote=(5, 6, 16) -> has_update=False
2026-09-15 17:58:01,733 - INFO - [global] Установлена последняя версия бота | 5.6.16
2026-09-15 17:58:02,539 - INFO - [global] LogUploader: запускаю upload_run_logs...
2026-09-15 17:58:02,542 - DEBUG - [global] log_uploader: START window=periodic made=-1 token=...Rjnfq
2026-09-15 17:58:02,543 - DEBUG - [global] log_uploader: STEP 1 SKIP (no C:\Users\PC\Desktop\L2Mauto\logs\periodic.log)
2026-09-15 17:58:02,544 - DEBUG - [global] log_uploader: STEP 2 SKIP (no PNGs)
2026-09-15 17:58:03,975 - DEBUG - [global] _api_put: GET runs/20260915_175802_fail_global.log -> 404
2026-09-15 17:58:06,194 - DEBUG - [global] _api_put: PUT runs/20260915_175802_fail_global.log -> 201 (20774 bytes)
2026-09-15 17:58:06,200 - DEBUG - [global] log_uploader: STEP 3 (global log) -> https://github.com/StarateJI/L2Mauto/blob/bot-logs/runs/20260915_175802_fail_global.log
2026-09-15 17:58:06,200 - DEBUG - [global] log_uploader: END window=periodic
2026-09-15 17:58:06,201 - INFO - [global] LogUploader: upload_run_logs завершён
2026-09-15 17:58:31,751 - INFO - [global] Проверяю обновы...
2026-09-15 17:58:32,772 - DEBUG - [global] needs_update: raw → 5.6.16
2026-09-15 17:58:33,961 - DEBUG - [global] needs_update: API failed: HTTPError: 403 Client Error: rate limit exceeded for url: https://api.github.com/repos/StarateJI/L2Mauto/contents/bot/version.txt?ref=main
2026-09-15 17:58:35,159 - DEBUG - [global] needs_update: jsdelivr → 5.4.1
2026-09-15 17:58:35,160 - DEBUG - [global] needs_update: лучший источник raw → 5.6.16 (из 2)
2026-09-15 17:58:35,166 - INFO - [global] needs_update: local=(5, 6, 16) remote=(5, 6, 16) -> has_update=False
2026-09-15 17:58:35,169 - INFO - [global] Установлена последняя версия бота | 5.6.16
2026-09-15 17:59:05,191 - INFO - [global] Проверяю обновы...
2026-09-15 17:59:06,239 - INFO - [global] LogUploader: запускаю upload_run_logs...
2026-09-15 17:59:06,241 - DEBUG - [global] log_uploader: START window=periodic made=-1 token=...Rjnfq
2026-09-15 17:59:06,242 - DEBUG - [global] log_uploader: STEP 1 SKIP (no C:\Users\PC\Desktop\L2Mauto\logs\periodic.log)
2026-09-15 17:59:06,242 - DEBUG - [global] log_uploader: STEP 2 SKIP (no PNGs)
