=== Log tail 2026-09-24T01:44:50.638610 | last 200 lines ===
2026-09-24 01:32:24,355 - DEBUG - [global] needs_update: raw → 5.11.99
2026-09-24 01:32:24,501 - DEBUG - [global] needs_update: API → 5.12.00
2026-09-24 01:32:24,509 - DEBUG - [global] needs_update: лучший источник API → 5.12.00 (из 2)
2026-09-24 01:32:24,510 - INFO - [global] needs_update: local=(5, 11, 99) remote=(5, 12, 0) -> has_update=True
2026-09-24 01:32:24,510 - INFO - [global] Доступна обнова! Спавню кнопку
2026-09-24 01:32:25,023 - DEBUG - [global] needs_update: raw → 5.11.99
2026-09-24 01:32:25,249 - DEBUG - [global] needs_update: API → 5.12.00
2026-09-24 01:32:25,250 - DEBUG - [global] needs_update: лучший источник API → 5.12.00 (из 2)
2026-09-24 01:32:25,250 - INFO - [global] needs_update: local=(5, 11, 99) remote=(5, 12, 0) -> has_update=True
2026-09-24 01:32:37,679 - INFO - [global] Сделан лёгкий бэкап .py в C:\Users\PC\Desktop\L2Mauto\backups\update_backup_5.11.99.zip
2026-09-24 01:32:37,681 - INFO - [global] Обнова: бэкап сделан, качаю файлы ПАРАЛЛЕЛЬНО (8 потоков)...
2026-09-24 01:32:39,559 - DEBUG - [global] Обнова: скачано 20/71 (ok=20, fail=0)
2026-09-24 01:32:39,788 - DEBUG - [global] Обнова: скачано 40/71 (ok=40, fail=0)
2026-09-24 01:32:40,007 - DEBUG - [global] Обнова: скачано 60/71 (ok=56, fail=4)
2026-09-24 01:32:40,138 - DEBUG - [global] Обнова: скачано 71/71 (ok=67, fail=4)
2026-09-24 01:32:40,139 - INFO - [global] Обнова: скачано 67/71 файлов за 2.5с, ошибок: 4
2026-09-24 01:32:40,140 - WARNING - [global] Обнова: НЕ скачаны (4): ['profiles/PvPDodge/pvp.py', 'profiles/Rewards/rewards.py', 'profiles/MainAlchemy/main_alch.py', 'profiles/Buyer/buyer.py']
2026-09-24 01:32:40,140 - DEBUG - [global] Обнова: повтор неудачных (4)...
2026-09-24 01:32:40,505 - WARNING - [global] Обнова: окончательно НЕ скачаны: ['profiles/PvPDodge/pvp.py', 'profiles/Rewards/rewards.py', 'profiles/MainAlchemy/main_alch.py', 'profiles/Buyer/buyer.py']
2026-09-24 01:32:40,562 - INFO - [global] Создан apply_update.bat: C:\Users\PC\Desktop\L2Mauto\apply_update.bat
2026-09-24 01:32:40,563 - INFO - [global] Накатил обнпату через apply_update.bat, закрываюсь для рестарта...
2026-09-24 01:32:54,787 - INFO - [global] Драйвер работает! | Клава=1 | Мышь=11
2026-09-24 01:33:00,151 - INFO - [global] Запустил чекер обнов
2026-09-24 01:33:00,152 - INFO - [global] Проверяю обновы...
2026-09-24 01:33:00,155 - INFO - [global] Запустил периодический загрузчик логов
2026-09-24 01:33:01,775 - DEBUG - [global] needs_update: raw → 5.11.99
2026-09-24 01:33:02,014 - DEBUG - [global] needs_update: API → 5.12.00
2026-09-24 01:33:02,017 - DEBUG - [global] needs_update: лучший источник API → 5.12.00 (из 2)
2026-09-24 01:33:02,018 - INFO - [global] needs_update: local=(5, 11, 99) remote=(5, 12, 0) -> has_update=True
2026-09-24 01:33:02,018 - INFO - [global] Доступна обнова! Спавню кнопку
2026-09-24 01:33:02,379 - DEBUG - [global] needs_update: raw → 5.11.99
2026-09-24 01:33:02,607 - DEBUG - [global] needs_update: API → 5.12.00
2026-09-24 01:33:02,670 - DEBUG - [global] needs_update: лучший источник API → 5.12.00 (из 2)
2026-09-24 01:33:02,672 - INFO - [global] needs_update: local=(5, 11, 99) remote=(5, 12, 0) -> has_update=True
2026-09-24 01:34:09,521 - INFO - [global] Сделан лёгкий бэкап .py в C:\Users\PC\Desktop\L2Mauto\backups\update_backup_5.11.99.zip
2026-09-24 01:34:09,522 - INFO - [global] Обнова: бэкап сделан, качаю файлы ПАРАЛЛЕЛЬНО (8 потоков)...
2026-09-24 01:34:11,399 - DEBUG - [global] Обнова: скачано 20/71 (ok=20, fail=0)
2026-09-24 01:34:11,635 - DEBUG - [global] Обнова: скачано 40/71 (ok=40, fail=0)
2026-09-24 01:34:11,939 - DEBUG - [global] Обнова: скачано 60/71 (ok=56, fail=4)
2026-09-24 01:34:13,192 - DEBUG - [global] Обнова: скачано 71/71 (ok=67, fail=4)
2026-09-24 01:34:13,194 - INFO - [global] Обнова: скачано 67/71 файлов за 3.7с, ошибок: 4
2026-09-24 01:34:13,194 - WARNING - [global] Обнова: НЕ скачаны (4): ['profiles/PvPDodge/pvp.py', 'profiles/Rewards/rewards.py', 'profiles/MainAlchemy/main_alch.py', 'profiles/Buyer/buyer.py']
2026-09-24 01:34:13,194 - DEBUG - [global] Обнова: повтор неудачных (4)...
2026-09-24 01:34:13,524 - WARNING - [global] Обнова: окончательно НЕ скачаны: ['profiles/PvPDodge/pvp.py', 'profiles/Rewards/rewards.py', 'profiles/MainAlchemy/main_alch.py', 'profiles/Buyer/buyer.py']
2026-09-24 01:34:13,579 - INFO - [global] Создан apply_update.bat: C:\Users\PC\Desktop\L2Mauto\apply_update.bat
2026-09-24 01:34:13,579 - INFO - [global] Накатил обнпату через apply_update.bat, закрываюсь для рестарта...
2026-09-24 01:34:29,453 - INFO - [global] Драйвер работает! | Клава=1 | Мышь=11
2026-09-24 01:34:33,422 - INFO - [global] Запустил периодический загрузчик логов
2026-09-24 01:34:33,424 - INFO - [global] Запустил чекер обнов
2026-09-24 01:34:33,424 - INFO - [global] Проверяю обновы...
2026-09-24 01:34:34,959 - DEBUG - [global] needs_update: raw → 5.11.99
2026-09-24 01:34:35,240 - DEBUG - [global] needs_update: API → 5.12.00
2026-09-24 01:34:35,258 - DEBUG - [global] needs_update: лучший источник API → 5.12.00 (из 2)
2026-09-24 01:34:35,258 - INFO - [global] needs_update: local=(5, 11, 99) remote=(5, 12, 0) -> has_update=True
2026-09-24 01:34:35,258 - INFO - [global] Доступна обнова! Спавню кнопку
2026-09-24 01:34:35,927 - DEBUG - [global] needs_update: raw → 5.11.99
2026-09-24 01:34:36,704 - DEBUG - [global] needs_update: API → 5.12.00
2026-09-24 01:34:36,823 - DEBUG - [global] needs_update: лучший источник API → 5.12.00 (из 2)
2026-09-24 01:34:36,824 - INFO - [global] needs_update: local=(5, 11, 99) remote=(5, 12, 0) -> has_update=True
2026-09-24 01:35:37,636 - INFO - [global] Сделан лёгкий бэкап .py в C:\Users\PC\Desktop\L2Mauto\backups\update_backup_5.11.99.zip
2026-09-24 01:35:37,637 - INFO - [global] Обнова: бэкап сделан, качаю файлы ПАРАЛЛЕЛЬНО (8 потоков)...
2026-09-24 01:35:39,516 - DEBUG - [global] Обнова: скачано 20/71 (ok=20, fail=0)
2026-09-24 01:35:39,756 - DEBUG - [global] Обнова: скачано 40/71 (ok=40, fail=0)
2026-09-24 01:35:40,064 - DEBUG - [global] Обнова: скачано 60/71 (ok=56, fail=4)
2026-09-24 01:35:40,184 - DEBUG - [global] Обнова: скачано 71/71 (ok=67, fail=4)
2026-09-24 01:35:40,185 - INFO - [global] Обнова: скачано 67/71 файлов за 2.5с, ошибок: 4
2026-09-24 01:35:40,185 - WARNING - [global] Обнова: НЕ скачаны (4): ['profiles/PvPDodge/pvp.py', 'profiles/Rewards/rewards.py', 'profiles/Buyer/buyer.py', 'profiles/MainAlchemy/main_alch.py']
2026-09-24 01:35:40,185 - DEBUG - [global] Обнова: повтор неудачных (4)...
2026-09-24 01:35:40,506 - WARNING - [global] Обнова: окончательно НЕ скачаны: ['profiles/PvPDodge/pvp.py', 'profiles/Rewards/rewards.py', 'profiles/Buyer/buyer.py', 'profiles/MainAlchemy/main_alch.py']
2026-09-24 01:35:40,562 - INFO - [global] Создан apply_update.bat: C:\Users\PC\Desktop\L2Mauto\apply_update.bat
2026-09-24 01:35:40,563 - INFO - [global] Накатил обнпату через apply_update.bat, закрываюсь для рестарта...
2026-09-24 01:35:55,298 - INFO - [global] Драйвер работает! | Клава=1 | Мышь=11
2026-09-24 01:35:58,645 - INFO - [global] Запустил периодический загрузчик логов
2026-09-24 01:35:58,647 - INFO - [global] Запустил чекер обнов
2026-09-24 01:35:58,647 - INFO - [global] Проверяю обновы...
2026-09-24 01:36:00,389 - DEBUG - [global] needs_update: raw → 5.11.99
2026-09-24 01:36:00,580 - DEBUG - [global] needs_update: API → 5.12.00
2026-09-24 01:36:00,584 - DEBUG - [global] needs_update: лучший источник API → 5.12.00 (из 2)
2026-09-24 01:36:00,585 - INFO - [global] needs_update: local=(5, 11, 99) remote=(5, 12, 0) -> has_update=True
2026-09-24 01:36:00,585 - INFO - [global] Доступна обнова! Спавню кнопку
2026-09-24 01:36:00,793 - DEBUG - [global] needs_update: raw → 5.11.99
2026-09-24 01:36:01,136 - DEBUG - [global] needs_update: API → 5.12.00
2026-09-24 01:36:01,141 - DEBUG - [global] needs_update: лучший источник API → 5.12.00 (из 2)
2026-09-24 01:36:01,142 - INFO - [global] needs_update: local=(5, 11, 99) remote=(5, 12, 0) -> has_update=True
2026-09-24 01:36:31,084 - INFO - [global] Сделан лёгкий бэкап .py в C:\Users\PC\Desktop\L2Mauto\backups\update_backup_5.11.99.zip
2026-09-24 01:36:31,084 - INFO - [global] Обнова: бэкап сделан, качаю файлы ПАРАЛЛЕЛЬНО (8 потоков)...
2026-09-24 01:36:32,991 - DEBUG - [global] Обнова: скачано 20/71 (ok=20, fail=0)
2026-09-24 01:36:33,222 - DEBUG - [global] Обнова: скачано 40/71 (ok=40, fail=0)
2026-09-24 01:36:33,437 - DEBUG - [global] Обнова: скачано 60/71 (ok=56, fail=4)
2026-09-24 01:36:33,548 - DEBUG - [global] Обнова: скачано 71/71 (ok=67, fail=4)
2026-09-24 01:36:33,549 - INFO - [global] Обнова: скачано 67/71 файлов за 2.5с, ошибок: 4
2026-09-24 01:36:33,549 - WARNING - [global] Обнова: НЕ скачаны (4): ['profiles/PvPDodge/pvp.py', 'profiles/Rewards/rewards.py', 'profiles/Buyer/buyer.py', 'profiles/MainAlchemy/main_alch.py']
2026-09-24 01:36:33,549 - DEBUG - [global] Обнова: повтор неудачных (4)...
2026-09-24 01:36:33,884 - WARNING - [global] Обнова: окончательно НЕ скачаны: ['profiles/PvPDodge/pvp.py', 'profiles/Rewards/rewards.py', 'profiles/Buyer/buyer.py', 'profiles/MainAlchemy/main_alch.py']
2026-09-24 01:36:33,947 - INFO - [global] Создан apply_update.bat: C:\Users\PC\Desktop\L2Mauto\apply_update.bat
2026-09-24 01:36:33,947 - INFO - [global] Накатил обнпату через apply_update.bat, закрываюсь для рестарта...
2026-09-24 01:36:48,281 - INFO - [global] Драйвер работает! | Клава=1 | Мышь=11
2026-09-24 01:36:51,581 - INFO - [global] Запустил чекер обнов
2026-09-24 01:36:51,583 - INFO - [global] Проверяю обновы...
2026-09-24 01:36:51,583 - INFO - [global] Запустил периодический загрузчик логов
2026-09-24 01:36:53,270 - DEBUG - [global] needs_update: raw → 5.12.01
2026-09-24 01:36:53,506 - DEBUG - [global] needs_update: API → 5.12.01
2026-09-24 01:36:53,516 - DEBUG - [global] needs_update: лучший источник raw → 5.12.01 (из 2)
2026-09-24 01:36:53,517 - INFO - [global] needs_update: local=(5, 12, 1) remote=(5, 12, 1) -> has_update=False
2026-09-24 01:36:53,535 - INFO - [global] Установлена последняя версия бота | 5.12.01
2026-09-24 01:36:53,883 - DEBUG - [global] needs_update: raw → 5.12.01
2026-09-24 01:36:54,203 - DEBUG - [global] needs_update: API → 5.12.01
2026-09-24 01:36:54,308 - DEBUG - [global] needs_update: лучший источник raw → 5.12.01 (из 2)
2026-09-24 01:36:54,309 - INFO - [global] needs_update: local=(5, 12, 1) remote=(5, 12, 1) -> has_update=False
2026-09-24 01:37:12,668 - INFO - [global] Запуск через 3 сек. | ['Whiterun']
2026-09-24 01:37:15,755 - INFO - [global] Создал мышь
2026-09-24 01:37:15,755 - INFO - [global] Инициализировал созданную мышь!
2026-09-24 01:38:36,850 - DEBUG - [global] log_uploader: START window=Whiterun made=0 token=...Rjnfq
2026-09-24 01:38:38,053 - DEBUG - [global] _api_put: GET runs/20260924_013836_fail_Whiterun.log -> 404
2026-09-24 01:38:40,139 - DEBUG - [global] _api_put: PUT runs/20260924_013836_fail_Whiterun.log -> 201 (55378 bytes)
2026-09-24 01:38:40,142 - DEBUG - [global] log_uploader: STEP 1 (window log) -> https://github.com/StarateJI/L2Mauto/blob/bot-logs/runs/20260924_013836_fail_Whiterun.log
2026-09-24 01:38:41,221 - INFO - [global] Ошибка отправки в тг | 380371690 | HTTP Client says - ClientConnectorError: Cannot connect to host api.telegram.org:443 ssl:default [Превышен таймаут семафора]
2026-09-24 01:38:41,505 - DEBUG - [global] _api_put: GET debug/Whiterun/au_after_click.png -> 200
2026-09-24 01:38:43,622 - DEBUG - [global] _api_put: PUT debug/Whiterun/au_after_click.png -> 200 (96886 bytes)
2026-09-24 01:38:45,023 - DEBUG - [global] _api_put: GET debug/Whiterun/au_after_item_click.png -> 200
2026-09-24 01:38:46,008 - INFO - [global] [-BaseProfile-] Остановил слушалку
2026-09-24 01:38:47,080 - DEBUG - [global] _api_put: PUT debug/Whiterun/au_after_item_click.png -> 200 (97340 bytes)
2026-09-24 01:38:48,357 - DEBUG - [global] _api_put: GET debug/Whiterun/au_after_tab_sell.png -> 200
2026-09-24 01:38:51,191 - DEBUG - [global] _api_put: PUT debug/Whiterun/au_after_tab_sell.png -> 200 (2040321 bytes)
2026-09-24 01:38:52,229 - INFO - [global] LogUploader: запускаю upload_run_logs...
2026-09-24 01:38:52,231 - DEBUG - [global] log_uploader: START window=periodic made=-1 token=...Rjnfq
2026-09-24 01:38:52,442 - DEBUG - [global] _api_put: GET debug/Whiterun/au_confirm_sample.png -> 200
2026-09-24 01:38:53,481 - DEBUG - [global] _api_put: GET runs/20260924_013852_fail_periodic.log -> 404
2026-09-24 01:38:54,304 - DEBUG - [global] _api_put: PUT debug/Whiterun/au_confirm_sample.png -> 200 (928 bytes)
2026-09-24 01:38:55,506 - DEBUG - [global] _api_put: GET debug/Whiterun/au_final_fullscreen.png -> 200
2026-09-24 01:38:55,760 - DEBUG - [global] _api_put: PUT runs/20260924_013852_fail_periodic.log -> 201 (1551 bytes)
2026-09-24 01:38:55,763 - DEBUG - [global] log_uploader: STEP 1 (window log) -> https://github.com/StarateJI/L2Mauto/blob/bot-logs/runs/20260924_013852_fail_periodic.log
2026-09-24 01:38:57,079 - DEBUG - [global] _api_put: GET debug/periodic/au_final_fullscreen.png -> 200
2026-09-24 01:38:58,739 - DEBUG - [global] _api_put: PUT debug/Whiterun/au_final_fullscreen.png -> 200 (2127646 bytes)
2026-09-24 01:38:59,670 - DEBUG - [global] _api_put: PUT debug/periodic/au_final_fullscreen.png -> 200 (2127646 bytes)
2026-09-24 01:38:59,932 - DEBUG - [global] _api_put: GET debug/Whiterun/au_lot_zone.png -> 200
2026-09-24 01:39:00,964 - DEBUG - [global] _api_put: GET debug/periodic/au_lot_zone.png -> 200
2026-09-24 01:39:01,685 - DEBUG - [global] _api_put: PUT debug/Whiterun/au_lot_zone.png -> 200 (4350 bytes)
2026-09-24 01:39:02,585 - INFO - [global] Ошибка отправки в тг | 5225806782 | HTTP Client says - ClientConnectorError: Cannot connect to host api.telegram.org:443 ssl:default [Превышен таймаут семафора]
2026-09-24 01:39:02,670 - DEBUG - [global] _api_put: PUT debug/periodic/au_lot_zone.png -> 200 (4350 bytes)
2026-09-24 01:39:03,025 - DEBUG - [global] _api_put: GET debug/Whiterun/au_page_1.png -> 200
2026-09-24 01:39:04,054 - DEBUG - [global] _api_put: GET debug/periodic/au_page_1.png -> 200
2026-09-24 01:39:05,224 - DEBUG - [global] _api_put: PUT debug/Whiterun/au_page_1.png -> 200 (96939 bytes)
2026-09-24 01:39:06,258 - DEBUG - [global] _api_put: PUT debug/periodic/au_page_1.png -> 200 (96939 bytes)
2026-09-24 01:39:06,649 - DEBUG - [global] _api_put: GET debug/Whiterun/au_page_2.png -> 200
2026-09-24 01:39:07,771 - DEBUG - [global] _api_put: GET debug/periodic/au_page_2.png -> 200
2026-09-24 01:39:09,055 - DEBUG - [global] _api_put: PUT debug/Whiterun/au_page_2.png -> 200 (97996 bytes)
2026-09-24 01:39:09,887 - DEBUG - [global] _api_put: PUT debug/periodic/au_page_2.png -> 200 (97996 bytes)
2026-09-24 01:39:10,438 - DEBUG - [global] _api_put: GET debug/Whiterun/au_page_3.png -> 200
2026-09-24 01:39:11,397 - DEBUG - [global] _api_put: GET debug/periodic/au_page_3.png -> 200
2026-09-24 01:39:12,743 - DEBUG - [global] _api_put: PUT debug/Whiterun/au_page_3.png -> 200 (114171 bytes)
2026-09-24 01:39:13,391 - DEBUG - [global] _api_put: PUT debug/periodic/au_page_3.png -> 200 (114171 bytes)
2026-09-24 01:39:13,931 - DEBUG - [global] _api_put: GET debug/Whiterun/au_sample.png -> 200
2026-09-24 01:39:14,570 - DEBUG - [global] _api_put: GET debug/periodic/au_sample.png -> 200
2026-09-24 01:39:15,654 - DEBUG - [global] _api_put: PUT debug/Whiterun/au_sample.png -> 200 (4350 bytes)
2026-09-24 01:39:16,565 - DEBUG - [global] _api_put: PUT debug/periodic/au_sample.png -> 200 (4350 bytes)
2026-09-24 01:39:16,830 - DEBUG - [global] _api_put: GET debug/Whiterun/au_status.png -> 200
2026-09-24 01:39:17,816 - DEBUG - [global] _api_put: GET debug/periodic/au_status.png -> 200
2026-09-24 01:39:18,673 - DEBUG - [global] _api_put: PUT debug/Whiterun/au_status.png -> 200 (3318 bytes)
2026-09-24 01:39:19,611 - DEBUG - [global] _api_put: PUT debug/periodic/au_status.png -> 200 (3318 bytes)
2026-09-24 01:39:19,801 - DEBUG - [global] _api_put: GET debug/Whiterun/au_step_cancel_1_25669.png -> 404
2026-09-24 01:39:20,885 - DEBUG - [global] _api_put: GET debug/periodic/au_step_cancel_1_25669.png -> 404
2026-09-24 01:39:23,378 - DEBUG - [global] _api_put: PUT debug/Whiterun/au_step_cancel_1_25669.png -> 201 (1914670 bytes)
2026-09-24 01:39:23,908 - DEBUG - [global] _api_put: PUT debug/periodic/au_step_cancel_1_25669.png -> 409 (1914670 bytes)
2026-09-24 01:39:23,909 - WARNING - [global] _api_put: PUT failed body: {"message":"is at f9491990c98f32065d28dce7dd276a84a6bbc64a but expected 11dfd16c7403a17c833fd16d9f9eda229bdc7727","documentation_url":"https://docs.github.com/rest/repos/contents#create-or-update-file
2026-09-24 01:39:24,614 - DEBUG - [global] _api_put: GET debug/Whiterun/au_step_cancel_1_26154.png -> 404
2026-09-24 01:39:25,166 - DEBUG - [global] _api_put: GET debug/periodic/au_step_cancel_1_26154.png -> 404
2026-09-24 01:39:27,915 - DEBUG - [global] _api_put: PUT debug/Whiterun/au_step_cancel_1_26154.png -> 201 (2573117 bytes)
2026-09-24 01:39:28,453 - DEBUG - [global] _api_put: PUT debug/periodic/au_step_cancel_1_26154.png -> 409 (2573117 bytes)
2026-09-24 01:39:28,453 - WARNING - [global] _api_put: PUT failed body: {"message":"is at 1ae46884e80e6e67b34751e31fd6314d6eb4c41a but expected f9491990c98f32065d28dce7dd276a84a6bbc64a","documentation_url":"https://docs.github.com/rest/repos/contents#create-or-update-file
2026-09-24 01:39:29,158 - DEBUG - [global] _api_put: GET debug/Whiterun/au_step_cancel_2_26175.png -> 404
2026-09-24 01:39:29,729 - DEBUG - [global] _api_put: GET debug/periodic/au_step_cancel_2_26175.png -> 404
2026-09-24 01:39:32,786 - DEBUG - [global] _api_put: PUT debug/periodic/au_step_cancel_2_26175.png -> 201 (2623397 bytes)
2026-09-24 01:39:33,978 - DEBUG - [global] _api_put: GET debug/periodic/au_step_item_26095.png -> 404
2026-09-24 01:39:34,339 - DEBUG - [global] _api_put: PUT debug/Whiterun/au_step_cancel_2_26175.png -> 409 (2623397 bytes)
2026-09-24 01:39:34,339 - WARNING - [global] _api_put: PUT failed body: {"message":"is at 24e151a49196755a91bd229d869da0b6aa12f91a but expected 1ae46884e80e6e67b34751e31fd6314d6eb4c41a","documentation_url":"https://docs.github.com/rest/repos/contents#create-or-update-file
2026-09-24 01:39:35,675 - DEBUG - [global] _api_put: GET debug/Whiterun/au_step_item_26095.png -> 404
2026-09-24 01:39:37,207 - DEBUG - [global] _api_put: PUT debug/periodic/au_step_item_26095.png -> 201 (2065970 bytes)
2026-09-24 01:39:38,405 - DEBUG - [global] _api_put: GET debug/periodic/au_step_ok_cancel_1_25700.png -> 404
2026-09-24 01:39:39,816 - DEBUG - [global] _api_put: PUT debug/Whiterun/au_step_item_26095.png -> 201 (2065970 bytes)
2026-09-24 01:39:41,006 - DEBUG - [global] _api_put: GET debug/Whiterun/au_step_ok_cancel_1_25700.png -> 404
2026-09-24 01:39:41,577 - DEBUG - [global] _api_put: PUT debug/periodic/au_step_ok_cancel_1_25700.png -> 201 (2050243 bytes)
2026-09-24 01:39:41,583 - DEBUG - [global] log_uploader: STEP 2 (PNGs) -> 10/12 (удалено с диска: 10)
2026-09-24 01:39:42,914 - DEBUG - [global] _api_put: GET runs/20260924_013852_fail_global.log -> 404
2026-09-24 01:39:44,215 - DEBUG - [global] _api_put: PUT debug/Whiterun/au_step_ok_cancel_1_25700.png -> 201 (2050243 bytes)
2026-09-24 01:39:44,221 - DEBUG - [global] log_uploader: STEP 2 (PNGs) -> 15/16 (удалено с диска: 15)
2026-09-24 01:39:45,074 - DEBUG - [global] _api_put: PUT runs/20260924_013852_fail_global.log -> 201 (22908 bytes)
2026-09-24 01:39:45,080 - DEBUG - [global] log_uploader: STEP 3 (global log) -> https://github.com/StarateJI/L2Mauto/blob/bot-logs/runs/20260924_013852_fail_global.log
2026-09-24 01:39:45,080 - DEBUG - [global] log_uploader: END window=periodic
2026-09-24 01:39:45,081 - INFO - [global] LogUploader: upload_run_logs завершён
2026-09-24 01:39:45,496 - DEBUG - [global] _api_put: GET runs/20260924_013836_fail_global.log -> 404
2026-09-24 01:39:47,551 - DEBUG - [global] _api_put: PUT runs/20260924_013836_fail_global.log -> 201 (22842 bytes)
2026-09-24 01:39:47,557 - DEBUG - [global] log_uploader: STEP 3 (global log) -> https://github.com/StarateJI/L2Mauto/blob/bot-logs/runs/20260924_013836_fail_global.log
2026-09-24 01:39:47,557 - DEBUG - [global] log_uploader: END window=Whiterun
2026-09-24 01:44:46,114 - INFO - [global] LogUploader: запускаю upload_run_logs...
2026-09-24 01:44:46,121 - DEBUG - [global] log_uploader: START window=periodic made=-1 token=...Rjnfq
2026-09-24 01:44:47,903 - DEBUG - [global] _api_put: GET runs/20260924_014446_fail_periodic.log -> 404
2026-09-24 01:44:50,334 - DEBUG - [global] _api_put: PUT runs/20260924_014446_fail_periodic.log -> 201 (1551 bytes)
2026-09-24 01:44:50,341 - DEBUG - [global] log_uploader: STEP 1 (window log) -> https://github.com/StarateJI/L2Mauto/blob/bot-logs/runs/20260924_014446_fail_periodic.log
2026-09-24 01:44:50,347 - DEBUG - [global] log_uploader: STEP 2 SKIP (no PNGs)
