=== Log tail 2026-09-29T04:50:11.675172 | last 200 lines ===
2026-09-29 04:40:58,545 - INFO - [global] needs_update: local=(5, 13, 7) remote=(5, 13, 9) -> has_update=True
2026-09-29 04:40:58,545 - INFO - [global] Доступна обнова! Спавню кнопку
2026-09-29 04:41:25,272 - INFO - [global] LogUploader: запускаю upload_run_logs...
2026-09-29 04:41:25,272 - DEBUG - [global] log_uploader: START window=periodic made=-1 token=...Rjnfq
2026-09-29 04:41:26,131 - DEBUG - [global] _api_put: GET runs/20260929_044125_fail_periodic.log -> 404
2026-09-29 04:41:27,955 - DEBUG - [global] _api_put: PUT runs/20260929_044125_fail_periodic.log -> 201 (2785 bytes)
2026-09-29 04:41:27,956 - DEBUG - [global] log_uploader: STEP 1 (window log) -> https://github.com/StarateJI/L2Mauto/blob/bot-logs/runs/20260929_044125_fail_periodic.log
2026-09-29 04:41:27,956 - DEBUG - [global] log_uploader: STEP 2 SKIP (no PNGs)
2026-09-29 04:41:28,556 - INFO - [global] Проверяю обновы...
2026-09-29 04:41:28,810 - DEBUG - [global] _api_put: GET runs/20260929_044125_fail_global.log -> 404
2026-09-29 04:41:29,384 - DEBUG - [global] needs_update: raw → 5.13.09
2026-09-29 04:41:29,585 - DEBUG - [global] needs_update: API → 5.13.09
2026-09-29 04:41:29,585 - DEBUG - [global] needs_update: лучший источник raw → 5.13.09 (из 2)
2026-09-29 04:41:29,585 - INFO - [global] needs_update: local=(5, 13, 7) remote=(5, 13, 9) -> has_update=True
2026-09-29 04:41:29,586 - INFO - [global] Доступна обнова! Спавню кнопку
2026-09-29 04:41:30,801 - DEBUG - [global] _api_put: PUT runs/20260929_044125_fail_global.log -> 201 (20010 bytes)
2026-09-29 04:41:30,803 - DEBUG - [global] log_uploader: STEP 3 (global log) -> https://github.com/StarateJI/L2Mauto/blob/bot-logs/runs/20260929_044125_fail_global.log
2026-09-29 04:41:30,803 - DEBUG - [global] log_uploader: END window=periodic
2026-09-29 04:41:30,804 - INFO - [global] LogUploader: upload_run_logs завершён
2026-09-29 04:41:59,601 - INFO - [global] Проверяю обновы...
2026-09-29 04:42:00,380 - DEBUG - [global] needs_update: raw → 5.13.09
2026-09-29 04:42:00,592 - DEBUG - [global] needs_update: API → 5.13.09
2026-09-29 04:42:00,592 - DEBUG - [global] needs_update: лучший источник raw → 5.13.09 (из 2)
2026-09-29 04:42:00,592 - INFO - [global] needs_update: local=(5, 13, 7) remote=(5, 13, 9) -> has_update=True
2026-09-29 04:42:00,592 - INFO - [global] Доступна обнова! Спавню кнопку
2026-09-29 04:42:30,607 - INFO - [global] Проверяю обновы...
2026-09-29 04:42:30,833 - INFO - [global] LogUploader: запускаю upload_run_logs...
2026-09-29 04:42:30,833 - DEBUG - [global] log_uploader: START window=periodic made=-1 token=...Rjnfq
2026-09-29 04:42:31,469 - DEBUG - [global] needs_update: raw → 5.13.09
2026-09-29 04:42:31,685 - DEBUG - [global] needs_update: API → 5.13.09
2026-09-29 04:42:31,685 - DEBUG - [global] needs_update: лучший источник raw → 5.13.09 (из 2)
2026-09-29 04:42:31,685 - INFO - [global] needs_update: local=(5, 13, 7) remote=(5, 13, 9) -> has_update=True
2026-09-29 04:42:31,685 - INFO - [global] Доступна обнова! Спавню кнопку
2026-09-29 04:42:31,847 - DEBUG - [global] _api_put: GET runs/20260929_044230_fail_periodic.log -> 404
2026-09-29 04:42:33,391 - DEBUG - [global] _api_put: PUT runs/20260929_044230_fail_periodic.log -> 201 (2785 bytes)
2026-09-29 04:42:33,392 - DEBUG - [global] log_uploader: STEP 1 (window log) -> https://github.com/StarateJI/L2Mauto/blob/bot-logs/runs/20260929_044230_fail_periodic.log
2026-09-29 04:42:33,393 - DEBUG - [global] log_uploader: STEP 2 SKIP (no PNGs)
2026-09-29 04:42:34,267 - DEBUG - [global] _api_put: GET runs/20260929_044230_fail_global.log -> 404
2026-09-29 04:42:36,345 - DEBUG - [global] _api_put: PUT runs/20260929_044230_fail_global.log -> 201 (20010 bytes)
2026-09-29 04:42:36,347 - DEBUG - [global] log_uploader: STEP 3 (global log) -> https://github.com/StarateJI/L2Mauto/blob/bot-logs/runs/20260929_044230_fail_global.log
2026-09-29 04:42:36,347 - DEBUG - [global] log_uploader: END window=periodic
2026-09-29 04:42:36,347 - INFO - [global] LogUploader: upload_run_logs завершён
2026-09-29 04:43:01,698 - INFO - [global] Проверяю обновы...
2026-09-29 04:43:02,466 - DEBUG - [global] needs_update: raw → 5.13.09
2026-09-29 04:43:02,668 - DEBUG - [global] needs_update: API → 5.13.09
2026-09-29 04:43:02,668 - DEBUG - [global] needs_update: лучший источник raw → 5.13.09 (из 2)
2026-09-29 04:43:02,668 - INFO - [global] needs_update: local=(5, 13, 7) remote=(5, 13, 9) -> has_update=True
2026-09-29 04:43:02,668 - INFO - [global] Доступна обнова! Спавню кнопку
2026-09-29 04:43:32,682 - INFO - [global] Проверяю обновы...
2026-09-29 04:43:33,488 - DEBUG - [global] needs_update: raw → 5.13.09
2026-09-29 04:43:33,684 - DEBUG - [global] needs_update: API → 5.13.09
2026-09-29 04:43:33,684 - DEBUG - [global] needs_update: лучший источник raw → 5.13.09 (из 2)
2026-09-29 04:43:33,684 - INFO - [global] needs_update: local=(5, 13, 7) remote=(5, 13, 9) -> has_update=True
2026-09-29 04:43:33,684 - INFO - [global] Доступна обнова! Спавню кнопку
2026-09-29 04:43:36,373 - INFO - [global] LogUploader: запускаю upload_run_logs...
2026-09-29 04:43:36,373 - DEBUG - [global] log_uploader: START window=periodic made=-1 token=...Rjnfq
2026-09-29 04:43:37,305 - DEBUG - [global] _api_put: GET runs/20260929_044336_fail_periodic.log -> 200
2026-09-29 04:43:39,037 - DEBUG - [global] _api_put: PUT runs/20260929_044336_fail_periodic.log -> 200 (2785 bytes)
2026-09-29 04:43:39,039 - DEBUG - [global] log_uploader: STEP 1 (window log) -> https://github.com/StarateJI/L2Mauto/blob/bot-logs/runs/20260929_044336_fail_periodic.log
2026-09-29 04:43:39,039 - DEBUG - [global] log_uploader: STEP 2 SKIP (no PNGs)
2026-09-29 04:43:40,053 - DEBUG - [global] _api_put: GET runs/20260929_044336_fail_global.log -> 200
2026-09-29 04:43:41,780 - DEBUG - [global] _api_put: PUT runs/20260929_044336_fail_global.log -> 200 (20010 bytes)
2026-09-29 04:43:41,782 - DEBUG - [global] log_uploader: STEP 3 (global log) -> https://github.com/StarateJI/L2Mauto/blob/bot-logs/runs/20260929_044336_fail_global.log
2026-09-29 04:43:41,782 - DEBUG - [global] log_uploader: END window=periodic
2026-09-29 04:43:41,782 - INFO - [global] LogUploader: upload_run_logs завершён
2026-09-29 04:44:03,697 - INFO - [global] Проверяю обновы...
2026-09-29 04:44:04,513 - DEBUG - [global] needs_update: raw → 5.13.09
2026-09-29 04:44:04,721 - DEBUG - [global] needs_update: API → 5.13.09
2026-09-29 04:44:04,722 - DEBUG - [global] needs_update: лучший источник raw → 5.13.09 (из 2)
2026-09-29 04:44:04,722 - INFO - [global] needs_update: local=(5, 13, 7) remote=(5, 13, 9) -> has_update=True
2026-09-29 04:44:04,722 - INFO - [global] Доступна обнова! Спавню кнопку
2026-09-29 04:44:34,737 - INFO - [global] Проверяю обновы...
2026-09-29 04:44:35,568 - DEBUG - [global] needs_update: raw → 5.13.09
2026-09-29 04:44:35,739 - DEBUG - [global] needs_update: API → 5.13.09
2026-09-29 04:44:35,739 - DEBUG - [global] needs_update: лучший источник raw → 5.13.09 (из 2)
2026-09-29 04:44:35,739 - INFO - [global] needs_update: local=(5, 13, 7) remote=(5, 13, 9) -> has_update=True
2026-09-29 04:44:35,739 - INFO - [global] Доступна обнова! Спавню кнопку
2026-09-29 04:44:41,812 - INFO - [global] LogUploader: запускаю upload_run_logs...
2026-09-29 04:44:41,812 - DEBUG - [global] log_uploader: START window=periodic made=-1 token=...Rjnfq
2026-09-29 04:44:42,683 - DEBUG - [global] _api_put: GET runs/20260929_044441_fail_periodic.log -> 404
2026-09-29 04:44:44,273 - DEBUG - [global] _api_put: PUT runs/20260929_044441_fail_periodic.log -> 201 (2785 bytes)
2026-09-29 04:44:44,274 - DEBUG - [global] log_uploader: STEP 1 (window log) -> https://github.com/StarateJI/L2Mauto/blob/bot-logs/runs/20260929_044441_fail_periodic.log
2026-09-29 04:44:44,275 - DEBUG - [global] log_uploader: STEP 2 SKIP (no PNGs)
2026-09-29 04:44:45,242 - DEBUG - [global] _api_put: GET runs/20260929_044441_fail_global.log -> 404
2026-09-29 04:44:47,056 - DEBUG - [global] _api_put: PUT runs/20260929_044441_fail_global.log -> 201 (20010 bytes)
2026-09-29 04:44:47,058 - DEBUG - [global] log_uploader: STEP 3 (global log) -> https://github.com/StarateJI/L2Mauto/blob/bot-logs/runs/20260929_044441_fail_global.log
2026-09-29 04:44:47,058 - DEBUG - [global] log_uploader: END window=periodic
2026-09-29 04:44:47,058 - INFO - [global] LogUploader: upload_run_logs завершён
2026-09-29 04:45:05,756 - INFO - [global] Проверяю обновы...
2026-09-29 04:45:06,517 - DEBUG - [global] needs_update: raw → 5.13.09
2026-09-29 04:45:06,742 - DEBUG - [global] needs_update: API → 5.13.09
2026-09-29 04:45:06,743 - DEBUG - [global] needs_update: лучший источник raw → 5.13.09 (из 2)
2026-09-29 04:45:06,743 - INFO - [global] needs_update: local=(5, 13, 7) remote=(5, 13, 9) -> has_update=True
2026-09-29 04:45:06,743 - INFO - [global] Доступна обнова! Спавню кнопку
2026-09-29 04:45:36,758 - INFO - [global] Проверяю обновы...
2026-09-29 04:45:37,524 - DEBUG - [global] needs_update: raw → 5.13.09
2026-09-29 04:45:37,730 - DEBUG - [global] needs_update: API → 5.13.09
2026-09-29 04:45:37,730 - DEBUG - [global] needs_update: лучший источник raw → 5.13.09 (из 2)
2026-09-29 04:45:37,730 - INFO - [global] needs_update: local=(5, 13, 7) remote=(5, 13, 9) -> has_update=True
2026-09-29 04:45:37,730 - INFO - [global] Доступна обнова! Спавню кнопку
2026-09-29 04:45:47,087 - INFO - [global] LogUploader: запускаю upload_run_logs...
2026-09-29 04:45:47,088 - DEBUG - [global] log_uploader: START window=periodic made=-1 token=...Rjnfq
2026-09-29 04:45:47,970 - DEBUG - [global] _api_put: GET runs/20260929_044547_fail_periodic.log -> 404
2026-09-29 04:45:49,604 - DEBUG - [global] _api_put: PUT runs/20260929_044547_fail_periodic.log -> 201 (2785 bytes)
2026-09-29 04:45:49,606 - DEBUG - [global] log_uploader: STEP 1 (window log) -> https://github.com/StarateJI/L2Mauto/blob/bot-logs/runs/20260929_044547_fail_periodic.log
2026-09-29 04:45:49,606 - DEBUG - [global] log_uploader: STEP 2 SKIP (no PNGs)
2026-09-29 04:45:50,498 - DEBUG - [global] _api_put: GET runs/20260929_044547_fail_global.log -> 404
2026-09-29 04:45:52,373 - DEBUG - [global] _api_put: PUT runs/20260929_044547_fail_global.log -> 201 (20010 bytes)
2026-09-29 04:45:52,375 - DEBUG - [global] log_uploader: STEP 3 (global log) -> https://github.com/StarateJI/L2Mauto/blob/bot-logs/runs/20260929_044547_fail_global.log
2026-09-29 04:45:52,375 - DEBUG - [global] log_uploader: END window=periodic
2026-09-29 04:45:52,375 - INFO - [global] LogUploader: upload_run_logs завершён
2026-09-29 04:46:07,743 - INFO - [global] Проверяю обновы...
2026-09-29 04:46:08,564 - DEBUG - [global] needs_update: raw → 5.13.09
2026-09-29 04:46:08,749 - DEBUG - [global] needs_update: API → 5.13.09
2026-09-29 04:46:08,749 - DEBUG - [global] needs_update: лучший источник raw → 5.13.09 (из 2)
2026-09-29 04:46:08,749 - INFO - [global] needs_update: local=(5, 13, 7) remote=(5, 13, 9) -> has_update=True
2026-09-29 04:46:08,749 - INFO - [global] Доступна обнова! Спавню кнопку
2026-09-29 04:46:38,764 - INFO - [global] Проверяю обновы...
2026-09-29 04:46:39,566 - DEBUG - [global] needs_update: raw → 5.13.09
2026-09-29 04:46:39,934 - DEBUG - [global] needs_update: API → 5.13.09
2026-09-29 04:46:39,934 - DEBUG - [global] needs_update: лучший источник raw → 5.13.09 (из 2)
2026-09-29 04:46:39,934 - INFO - [global] needs_update: local=(5, 13, 7) remote=(5, 13, 9) -> has_update=True
2026-09-29 04:46:39,934 - INFO - [global] Доступна обнова! Спавню кнопку
2026-09-29 04:46:52,402 - INFO - [global] LogUploader: запускаю upload_run_logs...
2026-09-29 04:46:52,403 - DEBUG - [global] log_uploader: START window=periodic made=-1 token=...Rjnfq
2026-09-29 04:46:53,302 - DEBUG - [global] _api_put: GET runs/20260929_044652_fail_periodic.log -> 404
2026-09-29 04:46:55,261 - DEBUG - [global] _api_put: PUT runs/20260929_044652_fail_periodic.log -> 201 (2785 bytes)
2026-09-29 04:46:55,263 - DEBUG - [global] log_uploader: STEP 1 (window log) -> https://github.com/StarateJI/L2Mauto/blob/bot-logs/runs/20260929_044652_fail_periodic.log
2026-09-29 04:46:55,264 - DEBUG - [global] log_uploader: STEP 2 SKIP (no PNGs)
2026-09-29 04:46:56,158 - DEBUG - [global] _api_put: GET runs/20260929_044652_fail_global.log -> 404
2026-09-29 04:46:58,119 - DEBUG - [global] _api_put: PUT runs/20260929_044652_fail_global.log -> 201 (20010 bytes)
2026-09-29 04:46:58,121 - DEBUG - [global] log_uploader: STEP 3 (global log) -> https://github.com/StarateJI/L2Mauto/blob/bot-logs/runs/20260929_044652_fail_global.log
2026-09-29 04:46:58,121 - DEBUG - [global] log_uploader: END window=periodic
2026-09-29 04:46:58,121 - INFO - [global] LogUploader: upload_run_logs завершён
2026-09-29 04:47:09,950 - INFO - [global] Проверяю обновы...
2026-09-29 04:47:10,746 - DEBUG - [global] needs_update: raw → 5.13.09
2026-09-29 04:47:10,898 - DEBUG - [global] needs_update: API → 5.13.09
2026-09-29 04:47:10,898 - DEBUG - [global] needs_update: лучший источник raw → 5.13.09 (из 2)
2026-09-29 04:47:10,898 - INFO - [global] needs_update: local=(5, 13, 7) remote=(5, 13, 9) -> has_update=True
2026-09-29 04:47:10,898 - INFO - [global] Доступна обнова! Спавню кнопку
2026-09-29 04:47:40,912 - INFO - [global] Проверяю обновы...
2026-09-29 04:47:41,653 - DEBUG - [global] needs_update: raw → 5.13.09
2026-09-29 04:47:41,905 - DEBUG - [global] needs_update: API → 5.13.09
2026-09-29 04:47:41,905 - DEBUG - [global] needs_update: лучший источник raw → 5.13.09 (из 2)
2026-09-29 04:47:41,905 - INFO - [global] needs_update: local=(5, 13, 7) remote=(5, 13, 9) -> has_update=True
2026-09-29 04:47:41,905 - INFO - [global] Доступна обнова! Спавню кнопку
2026-09-29 04:47:58,151 - INFO - [global] LogUploader: запускаю upload_run_logs...
2026-09-29 04:47:58,151 - DEBUG - [global] log_uploader: START window=periodic made=-1 token=...Rjnfq
2026-09-29 04:47:59,007 - DEBUG - [global] _api_put: GET runs/20260929_044758_fail_periodic.log -> 404
2026-09-29 04:48:00,709 - DEBUG - [global] _api_put: PUT runs/20260929_044758_fail_periodic.log -> 201 (2785 bytes)
2026-09-29 04:48:00,711 - DEBUG - [global] log_uploader: STEP 1 (window log) -> https://github.com/StarateJI/L2Mauto/blob/bot-logs/runs/20260929_044758_fail_periodic.log
2026-09-29 04:48:00,711 - DEBUG - [global] log_uploader: STEP 2 SKIP (no PNGs)
2026-09-29 04:48:01,704 - DEBUG - [global] _api_put: GET runs/20260929_044758_fail_global.log -> 404
2026-09-29 04:48:03,916 - DEBUG - [global] _api_put: PUT runs/20260929_044758_fail_global.log -> 201 (20010 bytes)
2026-09-29 04:48:03,918 - DEBUG - [global] log_uploader: STEP 3 (global log) -> https://github.com/StarateJI/L2Mauto/blob/bot-logs/runs/20260929_044758_fail_global.log
2026-09-29 04:48:03,918 - DEBUG - [global] log_uploader: END window=periodic
2026-09-29 04:48:03,918 - INFO - [global] LogUploader: upload_run_logs завершён
2026-09-29 04:48:11,919 - INFO - [global] Проверяю обновы...
2026-09-29 04:48:12,707 - DEBUG - [global] needs_update: raw → 5.13.09
2026-09-29 04:48:12,851 - DEBUG - [global] needs_update: API → 5.13.09
2026-09-29 04:48:12,852 - DEBUG - [global] needs_update: лучший источник raw → 5.13.09 (из 2)
2026-09-29 04:48:12,852 - INFO - [global] needs_update: local=(5, 13, 7) remote=(5, 13, 9) -> has_update=True
2026-09-29 04:48:12,852 - INFO - [global] Доступна обнова! Спавню кнопку
2026-09-29 04:48:42,864 - INFO - [global] Проверяю обновы...
2026-09-29 04:48:43,606 - DEBUG - [global] needs_update: raw → 5.13.09
2026-09-29 04:48:43,828 - DEBUG - [global] needs_update: API → 5.13.09
2026-09-29 04:48:43,829 - DEBUG - [global] needs_update: лучший источник raw → 5.13.09 (из 2)
2026-09-29 04:48:43,829 - INFO - [global] needs_update: local=(5, 13, 7) remote=(5, 13, 9) -> has_update=True
2026-09-29 04:48:43,829 - INFO - [global] Доступна обнова! Спавню кнопку
2026-09-29 04:49:03,944 - INFO - [global] LogUploader: запускаю upload_run_logs...
2026-09-29 04:49:03,944 - DEBUG - [global] log_uploader: START window=periodic made=-1 token=...Rjnfq
2026-09-29 04:49:04,786 - DEBUG - [global] _api_put: GET runs/20260929_044903_fail_periodic.log -> 404
2026-09-29 04:49:06,368 - DEBUG - [global] _api_put: PUT runs/20260929_044903_fail_periodic.log -> 409 (2785 bytes)
2026-09-29 04:49:06,368 - WARNING - [global] _api_put: PUT failed body: {"message":"is at bd804a658980f3c3bb9c20c7bf7794cfff0d071d but expected 0adcfc7e541971414389aaf0ccfdbac5fe0fb5bc","documentation_url":"https://docs.github.com/rest/repos/contents#create-or-update-file
2026-09-29 04:49:06,370 - DEBUG - [global] log_uploader: STEP 1 (window log) -> FAILED
2026-09-29 04:49:06,370 - DEBUG - [global] log_uploader: STEP 2 SKIP (no PNGs)
2026-09-29 04:49:07,231 - DEBUG - [global] _api_put: GET runs/20260929_044903_fail_global.log -> 404
2026-09-29 04:49:09,113 - DEBUG - [global] _api_put: PUT runs/20260929_044903_fail_global.log -> 201 (20127 bytes)
2026-09-29 04:49:09,114 - DEBUG - [global] log_uploader: STEP 3 (global log) -> https://github.com/StarateJI/L2Mauto/blob/bot-logs/runs/20260929_044903_fail_global.log
2026-09-29 04:49:09,114 - DEBUG - [global] log_uploader: END window=periodic
2026-09-29 04:49:09,114 - INFO - [global] LogUploader: upload_run_logs завершён
2026-09-29 04:49:13,843 - INFO - [global] Проверяю обновы...
2026-09-29 04:49:14,623 - DEBUG - [global] needs_update: raw → 5.13.09
2026-09-29 04:49:14,813 - DEBUG - [global] needs_update: API → 5.13.09
2026-09-29 04:49:14,813 - DEBUG - [global] needs_update: лучший источник raw → 5.13.09 (из 2)
2026-09-29 04:49:14,813 - INFO - [global] needs_update: local=(5, 13, 7) remote=(5, 13, 9) -> has_update=True
2026-09-29 04:49:14,813 - INFO - [global] Доступна обнова! Спавню кнопку
2026-09-29 04:49:44,830 - INFO - [global] Проверяю обновы...
2026-09-29 04:49:45,607 - DEBUG - [global] needs_update: raw → 5.13.09
2026-09-29 04:49:45,831 - DEBUG - [global] needs_update: API → 5.13.09
2026-09-29 04:49:45,831 - DEBUG - [global] needs_update: лучший источник raw → 5.13.09 (из 2)
2026-09-29 04:49:45,832 - INFO - [global] needs_update: local=(5, 13, 7) remote=(5, 13, 9) -> has_update=True
2026-09-29 04:49:45,832 - INFO - [global] Доступна обнова! Спавню кнопку
2026-09-29 04:50:09,144 - INFO - [global] LogUploader: запускаю upload_run_logs...
2026-09-29 04:50:09,144 - DEBUG - [global] log_uploader: START window=periodic made=-1 token=...Rjnfq
2026-09-29 04:50:09,983 - DEBUG - [global] _api_put: GET runs/20260929_045009_fail_periodic.log -> 404
2026-09-29 04:50:11,649 - DEBUG - [global] _api_put: PUT runs/20260929_045009_fail_periodic.log -> 409 (2785 bytes)
2026-09-29 04:50:11,649 - WARNING - [global] _api_put: PUT failed body: {"message":"is at a43754f0636d6690d0678081465f2d6f72d982d7 but expected ef1a3bd7b149208c0146a7d622e45729f06f10d0","documentation_url":"https://docs.github.com/rest/repos/contents#create-or-update-file
2026-09-29 04:50:11,652 - DEBUG - [global] log_uploader: STEP 1 (window log) -> FAILED
2026-09-29 04:50:11,653 - DEBUG - [global] log_uploader: STEP 2 SKIP (no PNGs)
