=== Log tail 2026-09-25T05:58:23.090224 | last 200 lines ===
2026-09-25 05:49:09,003 - DEBUG - [global] needs_update: API → 5.13.07
2026-09-25 05:49:09,003 - DEBUG - [global] needs_update: лучший источник raw → 5.13.07 (из 2)
2026-09-25 05:49:09,003 - INFO - [global] needs_update: local=(5, 13, 7) remote=(5, 13, 7) -> has_update=False
2026-09-25 05:49:09,004 - INFO - [global] Установлена последняя версия бота | 5.13.07
2026-09-25 05:49:36,512 - INFO - [global] LogUploader: запускаю upload_run_logs...
2026-09-25 05:49:36,513 - DEBUG - [global] log_uploader: START window=periodic made=-1 token=...Rjnfq
2026-09-25 05:49:37,434 - DEBUG - [global] _api_put: GET runs/20260925_054936_fail_periodic.log -> 404
2026-09-25 05:49:39,021 - INFO - [global] Проверяю обновы...
2026-09-25 05:49:39,163 - DEBUG - [global] _api_put: PUT runs/20260925_054936_fail_periodic.log -> 201 (9273 bytes)
2026-09-25 05:49:39,165 - DEBUG - [global] log_uploader: STEP 1 (window log) -> https://github.com/StarateJI/L2Mauto/blob/bot-logs/runs/20260925_054936_fail_periodic.log
2026-09-25 05:49:39,165 - DEBUG - [global] log_uploader: STEP 2 SKIP (no PNGs)
2026-09-25 05:49:39,977 - DEBUG - [global] needs_update: raw → 5.13.07
2026-09-25 05:49:40,207 - DEBUG - [global] needs_update: API → 5.13.07
2026-09-25 05:49:40,207 - DEBUG - [global] needs_update: лучший источник raw → 5.13.07 (из 2)
2026-09-25 05:49:40,207 - INFO - [global] needs_update: local=(5, 13, 7) remote=(5, 13, 7) -> has_update=False
2026-09-25 05:49:40,208 - INFO - [global] Установлена последняя версия бота | 5.13.07
2026-09-25 05:49:40,378 - DEBUG - [global] _api_put: GET runs/20260925_054936_fail_global.log -> 404
2026-09-25 05:49:43,020 - DEBUG - [global] _api_put: PUT runs/20260925_054936_fail_global.log -> 201 (20336 bytes)
2026-09-25 05:49:43,022 - DEBUG - [global] log_uploader: STEP 3 (global log) -> https://github.com/StarateJI/L2Mauto/blob/bot-logs/runs/20260925_054936_fail_global.log
2026-09-25 05:49:43,022 - DEBUG - [global] log_uploader: END window=periodic
2026-09-25 05:49:43,022 - INFO - [global] LogUploader: upload_run_logs завершён
2026-09-25 05:50:10,225 - INFO - [global] Проверяю обновы...
2026-09-25 05:50:11,115 - DEBUG - [global] needs_update: raw → 5.13.07
2026-09-25 05:50:11,310 - DEBUG - [global] needs_update: API → 5.13.07
2026-09-25 05:50:11,310 - DEBUG - [global] needs_update: лучший источник raw → 5.13.07 (из 2)
2026-09-25 05:50:11,311 - INFO - [global] needs_update: local=(5, 13, 7) remote=(5, 13, 7) -> has_update=False
2026-09-25 05:50:11,311 - INFO - [global] Установлена последняя версия бота | 5.13.07
2026-09-25 05:50:41,327 - INFO - [global] Проверяю обновы...
2026-09-25 05:50:42,196 - DEBUG - [global] needs_update: raw → 5.13.07
2026-09-25 05:50:42,404 - DEBUG - [global] needs_update: API → 5.13.07
2026-09-25 05:50:42,404 - DEBUG - [global] needs_update: лучший источник raw → 5.13.07 (из 2)
2026-09-25 05:50:42,404 - INFO - [global] needs_update: local=(5, 13, 7) remote=(5, 13, 7) -> has_update=False
2026-09-25 05:50:42,405 - INFO - [global] Установлена последняя версия бота | 5.13.07
2026-09-25 05:50:43,059 - INFO - [global] LogUploader: запускаю upload_run_logs...
2026-09-25 05:50:43,060 - DEBUG - [global] log_uploader: START window=periodic made=-1 token=...Rjnfq
2026-09-25 05:50:43,966 - DEBUG - [global] _api_put: GET runs/20260925_055043_fail_periodic.log -> 404
2026-09-25 05:50:45,697 - DEBUG - [global] _api_put: PUT runs/20260925_055043_fail_periodic.log -> 201 (9273 bytes)
2026-09-25 05:50:45,699 - DEBUG - [global] log_uploader: STEP 1 (window log) -> https://github.com/StarateJI/L2Mauto/blob/bot-logs/runs/20260925_055043_fail_periodic.log
2026-09-25 05:50:45,699 - DEBUG - [global] log_uploader: STEP 2 SKIP (no PNGs)
2026-09-25 05:50:46,694 - DEBUG - [global] _api_put: GET runs/20260925_055043_fail_global.log -> 404
2026-09-25 05:50:48,241 - DEBUG - [global] _api_put: PUT runs/20260925_055043_fail_global.log -> 201 (20334 bytes)
2026-09-25 05:50:48,244 - DEBUG - [global] log_uploader: STEP 3 (global log) -> https://github.com/StarateJI/L2Mauto/blob/bot-logs/runs/20260925_055043_fail_global.log
2026-09-25 05:50:48,244 - DEBUG - [global] log_uploader: END window=periodic
2026-09-25 05:50:48,244 - INFO - [global] LogUploader: upload_run_logs завершён
2026-09-25 05:51:12,420 - INFO - [global] Проверяю обновы...
2026-09-25 05:51:13,282 - DEBUG - [global] needs_update: raw → 5.13.07
2026-09-25 05:51:13,471 - DEBUG - [global] needs_update: API → 5.13.07
2026-09-25 05:51:13,472 - DEBUG - [global] needs_update: лучший источник raw → 5.13.07 (из 2)
2026-09-25 05:51:13,472 - INFO - [global] needs_update: local=(5, 13, 7) remote=(5, 13, 7) -> has_update=False
2026-09-25 05:51:13,473 - INFO - [global] Установлена последняя версия бота | 5.13.07
2026-09-25 05:51:43,491 - INFO - [global] Проверяю обновы...
2026-09-25 05:51:44,320 - DEBUG - [global] needs_update: raw → 5.13.07
2026-09-25 05:51:44,533 - DEBUG - [global] needs_update: API → 5.13.07
2026-09-25 05:51:44,534 - DEBUG - [global] needs_update: лучший источник raw → 5.13.07 (из 2)
2026-09-25 05:51:44,534 - INFO - [global] needs_update: local=(5, 13, 7) remote=(5, 13, 7) -> has_update=False
2026-09-25 05:51:44,535 - INFO - [global] Установлена последняя версия бота | 5.13.07
2026-09-25 05:51:48,274 - INFO - [global] LogUploader: запускаю upload_run_logs...
2026-09-25 05:51:48,275 - DEBUG - [global] log_uploader: START window=periodic made=-1 token=...Rjnfq
2026-09-25 05:51:49,142 - DEBUG - [global] _api_put: GET runs/20260925_055148_fail_periodic.log -> 404
2026-09-25 05:51:50,712 - DEBUG - [global] _api_put: PUT runs/20260925_055148_fail_periodic.log -> 201 (9273 bytes)
2026-09-25 05:51:50,714 - DEBUG - [global] log_uploader: STEP 1 (window log) -> https://github.com/StarateJI/L2Mauto/blob/bot-logs/runs/20260925_055148_fail_periodic.log
2026-09-25 05:51:50,714 - DEBUG - [global] log_uploader: STEP 2 SKIP (no PNGs)
2026-09-25 05:51:51,757 - DEBUG - [global] _api_put: GET runs/20260925_055148_fail_global.log -> 404
2026-09-25 05:51:53,515 - DEBUG - [global] _api_put: PUT runs/20260925_055148_fail_global.log -> 201 (20334 bytes)
2026-09-25 05:51:53,519 - DEBUG - [global] log_uploader: STEP 3 (global log) -> https://github.com/StarateJI/L2Mauto/blob/bot-logs/runs/20260925_055148_fail_global.log
2026-09-25 05:51:53,519 - DEBUG - [global] log_uploader: END window=periodic
2026-09-25 05:51:53,519 - INFO - [global] LogUploader: upload_run_logs завершён
2026-09-25 05:52:14,552 - INFO - [global] Проверяю обновы...
2026-09-25 05:52:15,419 - DEBUG - [global] needs_update: raw → 5.13.07
2026-09-25 05:52:15,611 - DEBUG - [global] needs_update: API → 5.13.07
2026-09-25 05:52:15,611 - DEBUG - [global] needs_update: лучший источник raw → 5.13.07 (из 2)
2026-09-25 05:52:15,611 - INFO - [global] needs_update: local=(5, 13, 7) remote=(5, 13, 7) -> has_update=False
2026-09-25 05:52:15,611 - INFO - [global] Установлена последняя версия бота | 5.13.07
2026-09-25 05:52:45,631 - INFO - [global] Проверяю обновы...
2026-09-25 05:52:46,514 - DEBUG - [global] needs_update: raw → 5.13.07
2026-09-25 05:52:46,734 - DEBUG - [global] needs_update: API → 5.13.07
2026-09-25 05:52:46,736 - DEBUG - [global] needs_update: лучший источник raw → 5.13.07 (из 2)
2026-09-25 05:52:46,736 - INFO - [global] needs_update: local=(5, 13, 7) remote=(5, 13, 7) -> has_update=False
2026-09-25 05:52:46,737 - INFO - [global] Установлена последняя версия бота | 5.13.07
2026-09-25 05:52:53,558 - INFO - [global] LogUploader: запускаю upload_run_logs...
2026-09-25 05:52:53,559 - DEBUG - [global] log_uploader: START window=periodic made=-1 token=...Rjnfq
2026-09-25 05:52:54,449 - DEBUG - [global] _api_put: GET runs/20260925_055253_fail_periodic.log -> 404
2026-09-25 05:52:55,892 - DEBUG - [global] _api_put: PUT runs/20260925_055253_fail_periodic.log -> 201 (9273 bytes)
2026-09-25 05:52:55,894 - DEBUG - [global] log_uploader: STEP 1 (window log) -> https://github.com/StarateJI/L2Mauto/blob/bot-logs/runs/20260925_055253_fail_periodic.log
2026-09-25 05:52:55,894 - DEBUG - [global] log_uploader: STEP 2 SKIP (no PNGs)
2026-09-25 05:52:56,912 - DEBUG - [global] _api_put: GET runs/20260925_055253_fail_global.log -> 404
2026-09-25 05:52:58,572 - DEBUG - [global] _api_put: PUT runs/20260925_055253_fail_global.log -> 201 (20334 bytes)
2026-09-25 05:52:58,575 - DEBUG - [global] log_uploader: STEP 3 (global log) -> https://github.com/StarateJI/L2Mauto/blob/bot-logs/runs/20260925_055253_fail_global.log
2026-09-25 05:52:58,575 - DEBUG - [global] log_uploader: END window=periodic
2026-09-25 05:52:58,575 - INFO - [global] LogUploader: upload_run_logs завершён
2026-09-25 05:53:16,763 - INFO - [global] Проверяю обновы...
2026-09-25 05:53:17,653 - DEBUG - [global] needs_update: raw → 5.13.07
2026-09-25 05:53:17,828 - DEBUG - [global] needs_update: API → 5.13.07
2026-09-25 05:53:17,829 - DEBUG - [global] needs_update: лучший источник raw → 5.13.07 (из 2)
2026-09-25 05:53:17,829 - INFO - [global] needs_update: local=(5, 13, 7) remote=(5, 13, 7) -> has_update=False
2026-09-25 05:53:17,830 - INFO - [global] Установлена последняя версия бота | 5.13.07
2026-09-25 05:53:47,856 - INFO - [global] Проверяю обновы...
2026-09-25 05:53:48,676 - DEBUG - [global] needs_update: raw → 5.13.07
2026-09-25 05:53:48,870 - DEBUG - [global] needs_update: API → 5.13.07
2026-09-25 05:53:48,870 - DEBUG - [global] needs_update: лучший источник raw → 5.13.07 (из 2)
2026-09-25 05:53:48,871 - INFO - [global] needs_update: local=(5, 13, 7) remote=(5, 13, 7) -> has_update=False
2026-09-25 05:53:48,871 - INFO - [global] Установлена последняя версия бота | 5.13.07
2026-09-25 05:53:58,611 - INFO - [global] LogUploader: запускаю upload_run_logs...
2026-09-25 05:53:58,612 - DEBUG - [global] log_uploader: START window=periodic made=-1 token=...Rjnfq
2026-09-25 05:53:59,560 - DEBUG - [global] _api_put: GET runs/20260925_055358_fail_periodic.log -> 404
2026-09-25 05:54:01,230 - DEBUG - [global] _api_put: PUT runs/20260925_055358_fail_periodic.log -> 201 (9273 bytes)
2026-09-25 05:54:01,233 - DEBUG - [global] log_uploader: STEP 1 (window log) -> https://github.com/StarateJI/L2Mauto/blob/bot-logs/runs/20260925_055358_fail_periodic.log
2026-09-25 05:54:01,233 - DEBUG - [global] log_uploader: STEP 2 SKIP (no PNGs)
2026-09-25 05:54:02,236 - DEBUG - [global] _api_put: GET runs/20260925_055358_fail_global.log -> 404
2026-09-25 05:54:03,896 - DEBUG - [global] _api_put: PUT runs/20260925_055358_fail_global.log -> 201 (20334 bytes)
2026-09-25 05:54:03,898 - DEBUG - [global] log_uploader: STEP 3 (global log) -> https://github.com/StarateJI/L2Mauto/blob/bot-logs/runs/20260925_055358_fail_global.log
2026-09-25 05:54:03,898 - DEBUG - [global] log_uploader: END window=periodic
2026-09-25 05:54:03,898 - INFO - [global] LogUploader: upload_run_logs завершён
2026-09-25 05:54:18,893 - INFO - [global] Проверяю обновы...
2026-09-25 05:54:19,764 - DEBUG - [global] needs_update: raw → 5.13.07
2026-09-25 05:54:19,991 - DEBUG - [global] needs_update: API → 5.13.07
2026-09-25 05:54:19,991 - DEBUG - [global] needs_update: лучший источник raw → 5.13.07 (из 2)
2026-09-25 05:54:19,992 - INFO - [global] needs_update: local=(5, 13, 7) remote=(5, 13, 7) -> has_update=False
2026-09-25 05:54:19,992 - INFO - [global] Установлена последняя версия бота | 5.13.07
2026-09-25 05:54:50,009 - INFO - [global] Проверяю обновы...
2026-09-25 05:54:50,870 - DEBUG - [global] needs_update: raw → 5.13.07
2026-09-25 05:54:51,049 - DEBUG - [global] needs_update: API → 5.13.07
2026-09-25 05:54:51,049 - DEBUG - [global] needs_update: лучший источник raw → 5.13.07 (из 2)
2026-09-25 05:54:51,049 - INFO - [global] needs_update: local=(5, 13, 7) remote=(5, 13, 7) -> has_update=False
2026-09-25 05:54:51,050 - INFO - [global] Установлена последняя версия бота | 5.13.07
2026-09-25 05:55:03,934 - INFO - [global] LogUploader: запускаю upload_run_logs...
2026-09-25 05:55:03,935 - DEBUG - [global] log_uploader: START window=periodic made=-1 token=...Rjnfq
2026-09-25 05:55:04,868 - DEBUG - [global] _api_put: GET runs/20260925_055503_fail_periodic.log -> 404
2026-09-25 05:55:06,364 - DEBUG - [global] _api_put: PUT runs/20260925_055503_fail_periodic.log -> 201 (9273 bytes)
2026-09-25 05:55:06,367 - DEBUG - [global] log_uploader: STEP 1 (window log) -> https://github.com/StarateJI/L2Mauto/blob/bot-logs/runs/20260925_055503_fail_periodic.log
2026-09-25 05:55:06,367 - DEBUG - [global] log_uploader: STEP 2 SKIP (no PNGs)
2026-09-25 05:55:07,437 - DEBUG - [global] _api_put: GET runs/20260925_055503_fail_global.log -> 404
2026-09-25 05:55:09,331 - DEBUG - [global] _api_put: PUT runs/20260925_055503_fail_global.log -> 201 (20334 bytes)
2026-09-25 05:55:09,333 - DEBUG - [global] log_uploader: STEP 3 (global log) -> https://github.com/StarateJI/L2Mauto/blob/bot-logs/runs/20260925_055503_fail_global.log
2026-09-25 05:55:09,333 - DEBUG - [global] log_uploader: END window=periodic
2026-09-25 05:55:09,333 - INFO - [global] LogUploader: upload_run_logs завершён
2026-09-25 05:55:21,069 - INFO - [global] Проверяю обновы...
2026-09-25 05:55:21,977 - DEBUG - [global] needs_update: raw → 5.13.07
2026-09-25 05:55:22,200 - DEBUG - [global] needs_update: API → 5.13.07
2026-09-25 05:55:22,201 - DEBUG - [global] needs_update: лучший источник raw → 5.13.07 (из 2)
2026-09-25 05:55:22,201 - INFO - [global] needs_update: local=(5, 13, 7) remote=(5, 13, 7) -> has_update=False
2026-09-25 05:55:22,201 - INFO - [global] Установлена последняя версия бота | 5.13.07
2026-09-25 05:55:52,229 - INFO - [global] Проверяю обновы...
2026-09-25 05:55:53,173 - DEBUG - [global] needs_update: raw → 5.13.07
2026-09-25 05:55:53,343 - DEBUG - [global] needs_update: API → 5.13.07
2026-09-25 05:55:53,343 - DEBUG - [global] needs_update: лучший источник raw → 5.13.07 (из 2)
2026-09-25 05:55:53,344 - INFO - [global] needs_update: local=(5, 13, 7) remote=(5, 13, 7) -> has_update=False
2026-09-25 05:55:53,344 - INFO - [global] Установлена последняя версия бота | 5.13.07
2026-09-25 05:56:09,367 - INFO - [global] LogUploader: запускаю upload_run_logs...
2026-09-25 05:56:09,369 - DEBUG - [global] log_uploader: START window=periodic made=-1 token=...Rjnfq
2026-09-25 05:56:10,317 - DEBUG - [global] _api_put: GET runs/20260925_055609_fail_periodic.log -> 404
2026-09-25 05:56:11,906 - DEBUG - [global] _api_put: PUT runs/20260925_055609_fail_periodic.log -> 201 (9273 bytes)
2026-09-25 05:56:11,908 - DEBUG - [global] log_uploader: STEP 1 (window log) -> https://github.com/StarateJI/L2Mauto/blob/bot-logs/runs/20260925_055609_fail_periodic.log
2026-09-25 05:56:11,909 - DEBUG - [global] log_uploader: STEP 2 SKIP (no PNGs)
2026-09-25 05:56:12,961 - DEBUG - [global] _api_put: GET runs/20260925_055609_fail_global.log -> 404
2026-09-25 05:56:14,684 - DEBUG - [global] _api_put: PUT runs/20260925_055609_fail_global.log -> 201 (20334 bytes)
2026-09-25 05:56:14,686 - DEBUG - [global] log_uploader: STEP 3 (global log) -> https://github.com/StarateJI/L2Mauto/blob/bot-logs/runs/20260925_055609_fail_global.log
2026-09-25 05:56:14,686 - DEBUG - [global] log_uploader: END window=periodic
2026-09-25 05:56:14,686 - INFO - [global] LogUploader: upload_run_logs завершён
2026-09-25 05:56:23,360 - INFO - [global] Проверяю обновы...
2026-09-25 05:56:24,311 - DEBUG - [global] needs_update: raw → 5.13.07
2026-09-25 05:56:24,483 - DEBUG - [global] needs_update: API → 5.13.07
2026-09-25 05:56:24,483 - DEBUG - [global] needs_update: лучший источник raw → 5.13.07 (из 2)
2026-09-25 05:56:24,483 - INFO - [global] needs_update: local=(5, 13, 7) remote=(5, 13, 7) -> has_update=False
2026-09-25 05:56:24,484 - INFO - [global] Установлена последняя версия бота | 5.13.07
2026-09-25 05:56:54,503 - INFO - [global] Проверяю обновы...
2026-09-25 05:56:55,383 - DEBUG - [global] needs_update: raw → 5.13.07
2026-09-25 05:56:55,575 - DEBUG - [global] needs_update: API → 5.13.07
2026-09-25 05:56:55,576 - DEBUG - [global] needs_update: лучший источник raw → 5.13.07 (из 2)
2026-09-25 05:56:55,576 - INFO - [global] needs_update: local=(5, 13, 7) remote=(5, 13, 7) -> has_update=False
2026-09-25 05:56:55,578 - INFO - [global] Установлена последняя версия бота | 5.13.07
2026-09-25 05:57:14,731 - INFO - [global] LogUploader: запускаю upload_run_logs...
2026-09-25 05:57:14,732 - DEBUG - [global] log_uploader: START window=periodic made=-1 token=...Rjnfq
2026-09-25 05:57:15,665 - DEBUG - [global] _api_put: GET runs/20260925_055714_fail_periodic.log -> 404
2026-09-25 05:57:17,269 - DEBUG - [global] _api_put: PUT runs/20260925_055714_fail_periodic.log -> 201 (9273 bytes)
2026-09-25 05:57:17,271 - DEBUG - [global] log_uploader: STEP 1 (window log) -> https://github.com/StarateJI/L2Mauto/blob/bot-logs/runs/20260925_055714_fail_periodic.log
2026-09-25 05:57:17,271 - DEBUG - [global] log_uploader: STEP 2 SKIP (no PNGs)
2026-09-25 05:57:18,327 - DEBUG - [global] _api_put: GET runs/20260925_055714_fail_global.log -> 404
2026-09-25 05:57:20,328 - DEBUG - [global] _api_put: PUT runs/20260925_055714_fail_global.log -> 201 (20334 bytes)
2026-09-25 05:57:20,330 - DEBUG - [global] log_uploader: STEP 3 (global log) -> https://github.com/StarateJI/L2Mauto/blob/bot-logs/runs/20260925_055714_fail_global.log
2026-09-25 05:57:20,330 - DEBUG - [global] log_uploader: END window=periodic
2026-09-25 05:57:20,330 - INFO - [global] LogUploader: upload_run_logs завершён
2026-09-25 05:57:25,595 - INFO - [global] Проверяю обновы...
2026-09-25 05:57:26,513 - DEBUG - [global] needs_update: raw → 5.13.07
2026-09-25 05:57:26,702 - DEBUG - [global] needs_update: API → 5.13.07
2026-09-25 05:57:26,703 - DEBUG - [global] needs_update: лучший источник raw → 5.13.07 (из 2)
2026-09-25 05:57:26,703 - INFO - [global] needs_update: local=(5, 13, 7) remote=(5, 13, 7) -> has_update=False
2026-09-25 05:57:26,704 - INFO - [global] Установлена последняя версия бота | 5.13.07
2026-09-25 05:57:56,722 - INFO - [global] Проверяю обновы...
2026-09-25 05:57:57,630 - DEBUG - [global] needs_update: raw → 5.13.07
2026-09-25 05:57:57,813 - DEBUG - [global] needs_update: API → 5.13.07
2026-09-25 05:57:57,813 - DEBUG - [global] needs_update: лучший источник raw → 5.13.07 (из 2)
2026-09-25 05:57:57,813 - INFO - [global] needs_update: local=(5, 13, 7) remote=(5, 13, 7) -> has_update=False
2026-09-25 05:57:57,814 - INFO - [global] Установлена последняя версия бота | 5.13.07
2026-09-25 05:58:20,369 - INFO - [global] LogUploader: запускаю upload_run_logs...
2026-09-25 05:58:20,370 - DEBUG - [global] log_uploader: START window=periodic made=-1 token=...Rjnfq
2026-09-25 05:58:21,310 - DEBUG - [global] _api_put: GET runs/20260925_055820_fail_periodic.log -> 404
2026-09-25 05:58:22,986 - DEBUG - [global] _api_put: PUT runs/20260925_055820_fail_periodic.log -> 201 (9273 bytes)
2026-09-25 05:58:22,989 - DEBUG - [global] log_uploader: STEP 1 (window log) -> https://github.com/StarateJI/L2Mauto/blob/bot-logs/runs/20260925_055820_fail_periodic.log
2026-09-25 05:58:22,989 - DEBUG - [global] log_uploader: STEP 2 SKIP (no PNGs)
