=== Log tail 2026-09-28T13:34:49.484026 | last 200 lines ===
2026-09-28 13:25:25,087 - DEBUG - [global] needs_update: API → 5.13.09
2026-09-28 13:25:25,089 - DEBUG - [global] needs_update: лучший источник raw → 5.13.09 (из 2)
2026-09-28 13:25:25,089 - INFO - [global] needs_update: local=(5, 13, 7) remote=(5, 13, 9) -> has_update=True
2026-09-28 13:25:25,089 - INFO - [global] Доступна обнова! Спавню кнопку
2026-09-28 13:25:40,520 - INFO - [global] LogUploader: запускаю upload_run_logs...
2026-09-28 13:25:40,520 - DEBUG - [global] log_uploader: START window=periodic made=-1 token=...Rjnfq
2026-09-28 13:25:41,743 - DEBUG - [global] _api_put: GET runs/20260928_132540_fail_periodic.log -> 404
2026-09-28 13:25:44,604 - DEBUG - [global] _api_put: PUT runs/20260928_132540_fail_periodic.log -> 201 (14800 bytes)
2026-09-28 13:25:44,606 - DEBUG - [global] log_uploader: STEP 1 (window log) -> https://github.com/StarateJI/L2Mauto/blob/bot-logs/runs/20260928_132540_fail_periodic.log
2026-09-28 13:25:44,608 - DEBUG - [global] log_uploader: STEP 2 SKIP (no PNGs)
2026-09-28 13:25:45,955 - DEBUG - [global] _api_put: GET runs/20260928_132540_fail_global.log -> 404
2026-09-28 13:25:48,238 - DEBUG - [global] _api_put: PUT runs/20260928_132540_fail_global.log -> 201 (20019 bytes)
2026-09-28 13:25:48,241 - DEBUG - [global] log_uploader: STEP 3 (global log) -> https://github.com/StarateJI/L2Mauto/blob/bot-logs/runs/20260928_132540_fail_global.log
2026-09-28 13:25:48,241 - DEBUG - [global] log_uploader: END window=periodic
2026-09-28 13:25:48,241 - INFO - [global] LogUploader: upload_run_logs завершён
2026-09-28 13:25:55,119 - INFO - [global] Проверяю обновы...
2026-09-28 13:25:56,062 - DEBUG - [global] needs_update: raw → 5.13.09
2026-09-28 13:25:56,383 - DEBUG - [global] needs_update: API → 5.13.09
2026-09-28 13:25:56,384 - DEBUG - [global] needs_update: лучший источник raw → 5.13.09 (из 2)
2026-09-28 13:25:56,384 - INFO - [global] needs_update: local=(5, 13, 7) remote=(5, 13, 9) -> has_update=True
2026-09-28 13:25:56,384 - INFO - [global] Доступна обнова! Спавню кнопку
2026-09-28 13:26:26,415 - INFO - [global] Проверяю обновы...
2026-09-28 13:26:27,313 - DEBUG - [global] needs_update: raw → 5.13.09
2026-09-28 13:26:27,633 - DEBUG - [global] needs_update: API → 5.13.09
2026-09-28 13:26:27,634 - DEBUG - [global] needs_update: лучший источник raw → 5.13.09 (из 2)
2026-09-28 13:26:27,634 - INFO - [global] needs_update: local=(5, 13, 7) remote=(5, 13, 9) -> has_update=True
2026-09-28 13:26:27,634 - INFO - [global] Доступна обнова! Спавню кнопку
2026-09-28 13:26:48,284 - INFO - [global] LogUploader: запускаю upload_run_logs...
2026-09-28 13:26:48,284 - DEBUG - [global] log_uploader: START window=periodic made=-1 token=...Rjnfq
2026-09-28 13:26:49,288 - DEBUG - [global] _api_put: GET runs/20260928_132648_fail_periodic.log -> 404
2026-09-28 13:26:51,305 - DEBUG - [global] _api_put: PUT runs/20260928_132648_fail_periodic.log -> 201 (14800 bytes)
2026-09-28 13:26:51,308 - DEBUG - [global] log_uploader: STEP 1 (window log) -> https://github.com/StarateJI/L2Mauto/blob/bot-logs/runs/20260928_132648_fail_periodic.log
2026-09-28 13:26:51,309 - DEBUG - [global] log_uploader: STEP 2 SKIP (no PNGs)
2026-09-28 13:26:52,425 - DEBUG - [global] _api_put: GET runs/20260928_132648_fail_global.log -> 404
2026-09-28 13:26:54,489 - DEBUG - [global] _api_put: PUT runs/20260928_132648_fail_global.log -> 201 (20019 bytes)
2026-09-28 13:26:54,491 - DEBUG - [global] log_uploader: STEP 3 (global log) -> https://github.com/StarateJI/L2Mauto/blob/bot-logs/runs/20260928_132648_fail_global.log
2026-09-28 13:26:54,491 - DEBUG - [global] log_uploader: END window=periodic
2026-09-28 13:26:54,491 - INFO - [global] LogUploader: upload_run_logs завершён
2026-09-28 13:26:57,655 - INFO - [global] Проверяю обновы...
2026-09-28 13:26:58,596 - DEBUG - [global] needs_update: raw → 5.13.09
2026-09-28 13:26:58,922 - DEBUG - [global] needs_update: API → 5.13.09
2026-09-28 13:26:58,923 - DEBUG - [global] needs_update: лучший источник raw → 5.13.09 (из 2)
2026-09-28 13:26:58,923 - INFO - [global] needs_update: local=(5, 13, 7) remote=(5, 13, 9) -> has_update=True
2026-09-28 13:26:58,923 - INFO - [global] Доступна обнова! Спавню кнопку
2026-09-28 13:27:28,948 - INFO - [global] Проверяю обновы...
2026-09-28 13:27:29,901 - DEBUG - [global] needs_update: raw → 5.13.09
2026-09-28 13:27:30,456 - DEBUG - [global] needs_update: API → 5.13.09
2026-09-28 13:27:30,457 - DEBUG - [global] needs_update: лучший источник raw → 5.13.09 (из 2)
2026-09-28 13:27:30,457 - INFO - [global] needs_update: local=(5, 13, 7) remote=(5, 13, 9) -> has_update=True
2026-09-28 13:27:30,457 - INFO - [global] Доступна обнова! Спавню кнопку
2026-09-28 13:27:54,561 - INFO - [global] LogUploader: запускаю upload_run_logs...
2026-09-28 13:27:54,561 - DEBUG - [global] log_uploader: START window=periodic made=-1 token=...Rjnfq
2026-09-28 13:27:55,915 - DEBUG - [global] _api_put: GET runs/20260928_132754_fail_periodic.log -> 404
2026-09-28 13:27:58,100 - DEBUG - [global] _api_put: PUT runs/20260928_132754_fail_periodic.log -> 201 (14800 bytes)
2026-09-28 13:27:58,104 - DEBUG - [global] log_uploader: STEP 1 (window log) -> https://github.com/StarateJI/L2Mauto/blob/bot-logs/runs/20260928_132754_fail_periodic.log
2026-09-28 13:27:58,104 - DEBUG - [global] log_uploader: STEP 2 SKIP (no PNGs)
2026-09-28 13:27:59,484 - DEBUG - [global] _api_put: GET runs/20260928_132754_fail_global.log -> 404
2026-09-28 13:28:00,499 - INFO - [global] Проверяю обновы...
2026-09-28 13:28:01,476 - DEBUG - [global] needs_update: raw → 5.13.09
2026-09-28 13:28:01,737 - DEBUG - [global] needs_update: API → 5.13.09
2026-09-28 13:28:01,738 - DEBUG - [global] needs_update: лучший источник raw → 5.13.09 (из 2)
2026-09-28 13:28:01,739 - INFO - [global] needs_update: local=(5, 13, 7) remote=(5, 13, 9) -> has_update=True
2026-09-28 13:28:01,739 - INFO - [global] Доступна обнова! Спавню кнопку
2026-09-28 13:28:02,792 - DEBUG - [global] _api_put: PUT runs/20260928_132754_fail_global.log -> 201 (20019 bytes)
2026-09-28 13:28:02,795 - DEBUG - [global] log_uploader: STEP 3 (global log) -> https://github.com/StarateJI/L2Mauto/blob/bot-logs/runs/20260928_132754_fail_global.log
2026-09-28 13:28:02,795 - DEBUG - [global] log_uploader: END window=periodic
2026-09-28 13:28:02,795 - INFO - [global] LogUploader: upload_run_logs завершён
2026-09-28 13:28:31,823 - INFO - [global] Проверяю обновы...
2026-09-28 13:28:33,047 - DEBUG - [global] needs_update: raw → 5.13.09
2026-09-28 13:28:33,058 - DEBUG - [global] needs_update: API → 5.13.09
2026-09-28 13:28:33,058 - DEBUG - [global] needs_update: лучший источник raw → 5.13.09 (из 2)
2026-09-28 13:28:33,058 - INFO - [global] needs_update: local=(5, 13, 7) remote=(5, 13, 9) -> has_update=True
2026-09-28 13:28:33,058 - INFO - [global] Доступна обнова! Спавню кнопку
2026-09-28 13:29:02,935 - INFO - [global] LogUploader: запускаю upload_run_logs...
2026-09-28 13:29:02,935 - DEBUG - [global] log_uploader: START window=periodic made=-1 token=...Rjnfq
2026-09-28 13:29:03,149 - INFO - [global] Проверяю обновы...
2026-09-28 13:29:04,208 - DEBUG - [global] needs_update: raw → 5.13.09
2026-09-28 13:29:04,540 - DEBUG - [global] _api_put: GET runs/20260928_132902_fail_periodic.log -> 404
2026-09-28 13:29:04,611 - DEBUG - [global] needs_update: API → 5.13.09
2026-09-28 13:29:04,612 - DEBUG - [global] needs_update: лучший источник raw → 5.13.09 (из 2)
2026-09-28 13:29:04,612 - INFO - [global] needs_update: local=(5, 13, 7) remote=(5, 13, 9) -> has_update=True
2026-09-28 13:29:04,612 - INFO - [global] Доступна обнова! Спавню кнопку
2026-09-28 13:29:06,806 - DEBUG - [global] _api_put: PUT runs/20260928_132902_fail_periodic.log -> 201 (14800 bytes)
2026-09-28 13:29:06,810 - DEBUG - [global] log_uploader: STEP 1 (window log) -> https://github.com/StarateJI/L2Mauto/blob/bot-logs/runs/20260928_132902_fail_periodic.log
2026-09-28 13:29:06,810 - DEBUG - [global] log_uploader: STEP 2 SKIP (no PNGs)
2026-09-28 13:29:08,115 - DEBUG - [global] _api_put: GET runs/20260928_132902_fail_global.log -> 404
2026-09-28 13:29:10,719 - DEBUG - [global] _api_put: PUT runs/20260928_132902_fail_global.log -> 201 (19974 bytes)
2026-09-28 13:29:10,722 - DEBUG - [global] log_uploader: STEP 3 (global log) -> https://github.com/StarateJI/L2Mauto/blob/bot-logs/runs/20260928_132902_fail_global.log
2026-09-28 13:29:10,722 - DEBUG - [global] log_uploader: END window=periodic
2026-09-28 13:29:10,722 - INFO - [global] LogUploader: upload_run_logs завершён
2026-09-28 13:29:34,743 - INFO - [global] Проверяю обновы...
2026-09-28 13:29:35,880 - DEBUG - [global] needs_update: raw → 5.13.09
2026-09-28 13:29:36,193 - DEBUG - [global] needs_update: API → 5.13.09
2026-09-28 13:29:36,198 - DEBUG - [global] needs_update: лучший источник raw → 5.13.09 (из 2)
2026-09-28 13:29:36,198 - INFO - [global] needs_update: local=(5, 13, 7) remote=(5, 13, 9) -> has_update=True
2026-09-28 13:29:36,198 - INFO - [global] Доступна обнова! Спавню кнопку
2026-09-28 13:30:06,383 - INFO - [global] Проверяю обновы...
2026-09-28 13:30:07,444 - DEBUG - [global] needs_update: raw → 5.13.09
2026-09-28 13:30:07,762 - DEBUG - [global] needs_update: API → 5.13.09
2026-09-28 13:30:07,763 - DEBUG - [global] needs_update: лучший источник raw → 5.13.09 (из 2)
2026-09-28 13:30:07,763 - INFO - [global] needs_update: local=(5, 13, 7) remote=(5, 13, 9) -> has_update=True
2026-09-28 13:30:07,763 - INFO - [global] Доступна обнова! Спавню кнопку
2026-09-28 13:30:11,093 - INFO - [global] LogUploader: запускаю upload_run_logs...
2026-09-28 13:30:11,094 - DEBUG - [global] log_uploader: START window=periodic made=-1 token=...Rjnfq
2026-09-28 13:30:12,304 - DEBUG - [global] _api_put: GET runs/20260928_133011_fail_periodic.log -> 404
2026-09-28 13:30:14,804 - DEBUG - [global] _api_put: PUT runs/20260928_133011_fail_periodic.log -> 201 (14800 bytes)
2026-09-28 13:30:14,806 - DEBUG - [global] log_uploader: STEP 1 (window log) -> https://github.com/StarateJI/L2Mauto/blob/bot-logs/runs/20260928_133011_fail_periodic.log
2026-09-28 13:30:14,807 - DEBUG - [global] log_uploader: STEP 2 SKIP (no PNGs)
2026-09-28 13:30:16,335 - DEBUG - [global] _api_put: GET runs/20260928_133011_fail_global.log -> 404
2026-09-28 13:30:18,852 - DEBUG - [global] _api_put: PUT runs/20260928_133011_fail_global.log -> 201 (19974 bytes)
2026-09-28 13:30:18,855 - DEBUG - [global] log_uploader: STEP 3 (global log) -> https://github.com/StarateJI/L2Mauto/blob/bot-logs/runs/20260928_133011_fail_global.log
2026-09-28 13:30:18,856 - DEBUG - [global] log_uploader: END window=periodic
2026-09-28 13:30:18,856 - INFO - [global] LogUploader: upload_run_logs завершён
2026-09-28 13:30:38,002 - INFO - [global] Проверяю обновы...
2026-09-28 13:30:39,177 - DEBUG - [global] needs_update: raw → 5.13.09
2026-09-28 13:30:39,554 - DEBUG - [global] needs_update: API → 5.13.09
2026-09-28 13:30:39,555 - DEBUG - [global] needs_update: лучший источник raw → 5.13.09 (из 2)
2026-09-28 13:30:39,555 - INFO - [global] needs_update: local=(5, 13, 7) remote=(5, 13, 9) -> has_update=True
2026-09-28 13:30:39,555 - INFO - [global] Доступна обнова! Спавню кнопку
2026-09-28 13:31:09,630 - INFO - [global] Проверяю обновы...
2026-09-28 13:31:10,645 - DEBUG - [global] needs_update: raw → 5.13.09
2026-09-28 13:31:10,958 - DEBUG - [global] needs_update: API → 5.13.09
2026-09-28 13:31:10,959 - DEBUG - [global] needs_update: лучший источник raw → 5.13.09 (из 2)
2026-09-28 13:31:10,959 - INFO - [global] needs_update: local=(5, 13, 7) remote=(5, 13, 9) -> has_update=True
2026-09-28 13:31:10,959 - INFO - [global] Доступна обнова! Спавню кнопку
2026-09-28 13:31:19,083 - INFO - [global] LogUploader: запускаю upload_run_logs...
2026-09-28 13:31:19,083 - DEBUG - [global] log_uploader: START window=periodic made=-1 token=...Rjnfq
2026-09-28 13:31:20,354 - DEBUG - [global] _api_put: GET runs/20260928_133119_fail_periodic.log -> 404
2026-09-28 13:31:22,773 - DEBUG - [global] _api_put: PUT runs/20260928_133119_fail_periodic.log -> 201 (14800 bytes)
2026-09-28 13:31:22,776 - DEBUG - [global] log_uploader: STEP 1 (window log) -> https://github.com/StarateJI/L2Mauto/blob/bot-logs/runs/20260928_133119_fail_periodic.log
2026-09-28 13:31:22,777 - DEBUG - [global] log_uploader: STEP 2 SKIP (no PNGs)
2026-09-28 13:31:24,203 - DEBUG - [global] _api_put: GET runs/20260928_133119_fail_global.log -> 404
2026-09-28 13:31:26,611 - DEBUG - [global] _api_put: PUT runs/20260928_133119_fail_global.log -> 201 (19974 bytes)
2026-09-28 13:31:26,614 - DEBUG - [global] log_uploader: STEP 3 (global log) -> https://github.com/StarateJI/L2Mauto/blob/bot-logs/runs/20260928_133119_fail_global.log
2026-09-28 13:31:26,614 - DEBUG - [global] log_uploader: END window=periodic
2026-09-28 13:31:26,614 - INFO - [global] LogUploader: upload_run_logs завершён
2026-09-28 13:31:41,075 - INFO - [global] Проверяю обновы...
2026-09-28 13:31:42,108 - DEBUG - [global] needs_update: raw → 5.13.09
2026-09-28 13:31:42,571 - DEBUG - [global] needs_update: API → 5.13.09
2026-09-28 13:31:42,572 - DEBUG - [global] needs_update: лучший источник raw → 5.13.09 (из 2)
2026-09-28 13:31:42,573 - INFO - [global] needs_update: local=(5, 13, 7) remote=(5, 13, 9) -> has_update=True
2026-09-28 13:31:42,573 - INFO - [global] Доступна обнова! Спавню кнопку
2026-09-28 13:32:12,727 - INFO - [global] Проверяю обновы...
2026-09-28 13:32:13,769 - DEBUG - [global] needs_update: raw → 5.13.09
2026-09-28 13:32:14,121 - DEBUG - [global] needs_update: API → 5.13.09
2026-09-28 13:32:14,121 - DEBUG - [global] needs_update: лучший источник raw → 5.13.09 (из 2)
2026-09-28 13:32:14,122 - INFO - [global] needs_update: local=(5, 13, 7) remote=(5, 13, 9) -> has_update=True
2026-09-28 13:32:14,122 - INFO - [global] Доступна обнова! Спавню кнопку
2026-09-28 13:32:26,861 - INFO - [global] LogUploader: запускаю upload_run_logs...
2026-09-28 13:32:26,863 - DEBUG - [global] log_uploader: START window=periodic made=-1 token=...Rjnfq
2026-09-28 13:32:28,264 - DEBUG - [global] _api_put: GET runs/20260928_133226_fail_periodic.log -> 404
2026-09-28 13:32:31,090 - DEBUG - [global] _api_put: PUT runs/20260928_133226_fail_periodic.log -> 201 (14800 bytes)
2026-09-28 13:32:31,094 - DEBUG - [global] log_uploader: STEP 1 (window log) -> https://github.com/StarateJI/L2Mauto/blob/bot-logs/runs/20260928_133226_fail_periodic.log
2026-09-28 13:32:31,094 - DEBUG - [global] log_uploader: STEP 2 SKIP (no PNGs)
2026-09-28 13:32:32,541 - DEBUG - [global] _api_put: GET runs/20260928_133226_fail_global.log -> 404
2026-09-28 13:32:35,246 - DEBUG - [global] _api_put: PUT runs/20260928_133226_fail_global.log -> 201 (20019 bytes)
2026-09-28 13:32:35,249 - DEBUG - [global] log_uploader: STEP 3 (global log) -> https://github.com/StarateJI/L2Mauto/blob/bot-logs/runs/20260928_133226_fail_global.log
2026-09-28 13:32:35,249 - DEBUG - [global] log_uploader: END window=periodic
2026-09-28 13:32:35,249 - INFO - [global] LogUploader: upload_run_logs завершён
2026-09-28 13:32:44,377 - INFO - [global] Проверяю обновы...
2026-09-28 13:32:45,389 - DEBUG - [global] needs_update: raw → 5.13.09
2026-09-28 13:32:45,805 - DEBUG - [global] needs_update: API → 5.13.09
2026-09-28 13:32:45,805 - DEBUG - [global] needs_update: лучший источник raw → 5.13.09 (из 2)
2026-09-28 13:32:45,805 - INFO - [global] needs_update: local=(5, 13, 7) remote=(5, 13, 9) -> has_update=True
2026-09-28 13:32:45,805 - INFO - [global] Доступна обнова! Спавню кнопку
2026-09-28 13:33:16,118 - INFO - [global] Проверяю обновы...
2026-09-28 13:33:17,166 - DEBUG - [global] needs_update: raw → 5.13.09
2026-09-28 13:33:17,461 - DEBUG - [global] needs_update: API → 5.13.09
2026-09-28 13:33:17,461 - DEBUG - [global] needs_update: лучший источник raw → 5.13.09 (из 2)
2026-09-28 13:33:17,461 - INFO - [global] needs_update: local=(5, 13, 7) remote=(5, 13, 9) -> has_update=True
2026-09-28 13:33:17,461 - INFO - [global] Доступна обнова! Спавню кнопку
2026-09-28 13:33:36,211 - INFO - [global] LogUploader: запускаю upload_run_logs...
2026-09-28 13:33:36,212 - DEBUG - [global] log_uploader: START window=periodic made=-1 token=...Rjnfq
2026-09-28 13:33:37,765 - DEBUG - [global] _api_put: GET runs/20260928_133336_fail_periodic.log -> 404
2026-09-28 13:33:40,462 - DEBUG - [global] _api_put: PUT runs/20260928_133336_fail_periodic.log -> 201 (14800 bytes)
2026-09-28 13:33:40,465 - DEBUG - [global] log_uploader: STEP 1 (window log) -> https://github.com/StarateJI/L2Mauto/blob/bot-logs/runs/20260928_133336_fail_periodic.log
2026-09-28 13:33:40,466 - DEBUG - [global] log_uploader: STEP 2 SKIP (no PNGs)
2026-09-28 13:33:42,225 - DEBUG - [global] _api_put: GET runs/20260928_133336_fail_global.log -> 404
2026-09-28 13:33:45,055 - DEBUG - [global] _api_put: PUT runs/20260928_133336_fail_global.log -> 201 (20019 bytes)
2026-09-28 13:33:45,058 - DEBUG - [global] log_uploader: STEP 3 (global log) -> https://github.com/StarateJI/L2Mauto/blob/bot-logs/runs/20260928_133336_fail_global.log
2026-09-28 13:33:45,058 - DEBUG - [global] log_uploader: END window=periodic
2026-09-28 13:33:45,058 - INFO - [global] LogUploader: upload_run_logs завершён
2026-09-28 13:33:47,841 - INFO - [global] Проверяю обновы...
2026-09-28 13:33:48,913 - DEBUG - [global] needs_update: raw → 5.13.09
2026-09-28 13:33:49,158 - DEBUG - [global] needs_update: API → 5.13.09
2026-09-28 13:33:49,159 - DEBUG - [global] needs_update: лучший источник raw → 5.13.09 (из 2)
2026-09-28 13:33:49,159 - INFO - [global] needs_update: local=(5, 13, 7) remote=(5, 13, 9) -> has_update=True
2026-09-28 13:33:49,159 - INFO - [global] Доступна обнова! Спавню кнопку
2026-09-28 13:34:19,424 - INFO - [global] Проверяю обновы...
2026-09-28 13:34:20,484 - DEBUG - [global] needs_update: raw → 5.13.09
2026-09-28 13:34:20,844 - DEBUG - [global] needs_update: API → 5.13.09
2026-09-28 13:34:20,845 - DEBUG - [global] needs_update: лучший источник raw → 5.13.09 (из 2)
2026-09-28 13:34:20,845 - INFO - [global] needs_update: local=(5, 13, 7) remote=(5, 13, 9) -> has_update=True
2026-09-28 13:34:20,845 - INFO - [global] Доступна обнова! Спавню кнопку
2026-09-28 13:34:45,594 - INFO - [global] LogUploader: запускаю upload_run_logs...
2026-09-28 13:34:45,598 - DEBUG - [global] log_uploader: START window=periodic made=-1 token=...Rjnfq
2026-09-28 13:34:46,855 - DEBUG - [global] _api_put: GET runs/20260928_133445_fail_periodic.log -> 404
2026-09-28 13:34:49,394 - DEBUG - [global] _api_put: PUT runs/20260928_133445_fail_periodic.log -> 201 (14800 bytes)
2026-09-28 13:34:49,397 - DEBUG - [global] log_uploader: STEP 1 (window log) -> https://github.com/StarateJI/L2Mauto/blob/bot-logs/runs/20260928_133445_fail_periodic.log
2026-09-28 13:34:49,397 - DEBUG - [global] log_uploader: STEP 2 SKIP (no PNGs)
