=== Log tail 2026-10-01T02:47:55.145654 | last 200 lines ===
2026-10-01 02:39:06,698 - DEBUG - [global] needs_update: API → 5.13.09
2026-10-01 02:39:06,698 - DEBUG - [global] needs_update: лучший источник raw → 5.13.09 (из 2)
2026-10-01 02:39:06,698 - INFO - [global] needs_update: local=(5, 13, 7) remote=(5, 13, 9) -> has_update=True
2026-10-01 02:39:06,698 - INFO - [global] Доступна обнова! Спавню кнопку
2026-10-01 02:39:06,927 - INFO - [global] LogUploader: запускаю upload_run_logs...
2026-10-01 02:39:06,927 - DEBUG - [global] log_uploader: START window=periodic made=-1 token=...Rjnfq
2026-10-01 02:39:07,785 - DEBUG - [global] _api_put: GET runs/20261001_023906_fail_periodic.log -> 404
2026-10-01 02:39:09,468 - DEBUG - [global] _api_put: PUT runs/20261001_023906_fail_periodic.log -> 201 (19392 bytes)
2026-10-01 02:39:09,469 - DEBUG - [global] log_uploader: STEP 1 (window log) -> https://github.com/StarateJI/L2Mauto/blob/bot-logs/runs/20261001_023906_fail_periodic.log
2026-10-01 02:39:09,470 - DEBUG - [global] log_uploader: STEP 2 SKIP (no PNGs)
2026-10-01 02:39:10,312 - DEBUG - [global] _api_put: GET runs/20261001_023906_fail_global.log -> 404
2026-10-01 02:39:12,208 - DEBUG - [global] _api_put: PUT runs/20261001_023906_fail_global.log -> 201 (20019 bytes)
2026-10-01 02:39:12,210 - DEBUG - [global] log_uploader: STEP 3 (global log) -> https://github.com/StarateJI/L2Mauto/blob/bot-logs/runs/20261001_023906_fail_global.log
2026-10-01 02:39:12,210 - DEBUG - [global] log_uploader: END window=periodic
2026-10-01 02:39:12,210 - INFO - [global] LogUploader: upload_run_logs завершён
2026-10-01 02:39:36,718 - INFO - [global] Проверяю обновы...
2026-10-01 02:39:37,473 - DEBUG - [global] needs_update: raw → 5.13.09
2026-10-01 02:39:37,672 - DEBUG - [global] needs_update: API → 5.13.09
2026-10-01 02:39:37,672 - DEBUG - [global] needs_update: лучший источник raw → 5.13.09 (из 2)
2026-10-01 02:39:37,672 - INFO - [global] needs_update: local=(5, 13, 7) remote=(5, 13, 9) -> has_update=True
2026-10-01 02:39:37,673 - INFO - [global] Доступна обнова! Спавню кнопку
2026-10-01 02:40:07,687 - INFO - [global] Проверяю обновы...
2026-10-01 02:40:08,444 - DEBUG - [global] needs_update: raw → 5.13.09
2026-10-01 02:40:08,641 - DEBUG - [global] needs_update: API → 5.13.09
2026-10-01 02:40:08,641 - DEBUG - [global] needs_update: лучший источник raw → 5.13.09 (из 2)
2026-10-01 02:40:08,641 - INFO - [global] needs_update: local=(5, 13, 7) remote=(5, 13, 9) -> has_update=True
2026-10-01 02:40:08,641 - INFO - [global] Доступна обнова! Спавню кнопку
2026-10-01 02:40:12,249 - INFO - [global] LogUploader: запускаю upload_run_logs...
2026-10-01 02:40:12,249 - DEBUG - [global] log_uploader: START window=periodic made=-1 token=...Rjnfq
2026-10-01 02:40:13,118 - DEBUG - [global] _api_put: GET runs/20261001_024012_fail_periodic.log -> 404
2026-10-01 02:40:14,834 - DEBUG - [global] _api_put: PUT runs/20261001_024012_fail_periodic.log -> 201 (19392 bytes)
2026-10-01 02:40:14,837 - DEBUG - [global] log_uploader: STEP 1 (window log) -> https://github.com/StarateJI/L2Mauto/blob/bot-logs/runs/20261001_024012_fail_periodic.log
2026-10-01 02:40:14,838 - DEBUG - [global] log_uploader: STEP 2 SKIP (no PNGs)
2026-10-01 02:40:15,720 - DEBUG - [global] _api_put: GET runs/20261001_024012_fail_global.log -> 404
2026-10-01 02:40:17,542 - DEBUG - [global] _api_put: PUT runs/20261001_024012_fail_global.log -> 201 (20019 bytes)
2026-10-01 02:40:17,545 - DEBUG - [global] log_uploader: STEP 3 (global log) -> https://github.com/StarateJI/L2Mauto/blob/bot-logs/runs/20261001_024012_fail_global.log
2026-10-01 02:40:17,545 - DEBUG - [global] log_uploader: END window=periodic
2026-10-01 02:40:17,545 - INFO - [global] LogUploader: upload_run_logs завершён
2026-10-01 02:40:38,658 - INFO - [global] Проверяю обновы...
2026-10-01 02:40:39,435 - DEBUG - [global] needs_update: raw → 5.13.09
2026-10-01 02:40:39,595 - DEBUG - [global] needs_update: API → 5.13.09
2026-10-01 02:40:39,595 - DEBUG - [global] needs_update: лучший источник raw → 5.13.09 (из 2)
2026-10-01 02:40:39,596 - INFO - [global] needs_update: local=(5, 13, 7) remote=(5, 13, 9) -> has_update=True
2026-10-01 02:40:39,596 - INFO - [global] Доступна обнова! Спавню кнопку
2026-10-01 02:41:09,610 - INFO - [global] Проверяю обновы...
2026-10-01 02:41:10,379 - DEBUG - [global] needs_update: raw → 5.13.09
2026-10-01 02:41:10,578 - DEBUG - [global] needs_update: API → 5.13.09
2026-10-01 02:41:10,579 - DEBUG - [global] needs_update: лучший источник raw → 5.13.09 (из 2)
2026-10-01 02:41:10,579 - INFO - [global] needs_update: local=(5, 13, 7) remote=(5, 13, 9) -> has_update=True
2026-10-01 02:41:10,579 - INFO - [global] Доступна обнова! Спавню кнопку
2026-10-01 02:41:17,580 - INFO - [global] LogUploader: запускаю upload_run_logs...
2026-10-01 02:41:17,580 - DEBUG - [global] log_uploader: START window=periodic made=-1 token=...Rjnfq
2026-10-01 02:41:18,438 - DEBUG - [global] _api_put: GET runs/20261001_024117_fail_periodic.log -> 404
2026-10-01 02:41:20,247 - DEBUG - [global] _api_put: PUT runs/20261001_024117_fail_periodic.log -> 201 (19392 bytes)
2026-10-01 02:41:20,249 - DEBUG - [global] log_uploader: STEP 1 (window log) -> https://github.com/StarateJI/L2Mauto/blob/bot-logs/runs/20261001_024117_fail_periodic.log
2026-10-01 02:41:20,249 - DEBUG - [global] log_uploader: STEP 2 SKIP (no PNGs)
2026-10-01 02:41:21,106 - DEBUG - [global] _api_put: GET runs/20261001_024117_fail_global.log -> 404
2026-10-01 02:41:22,984 - DEBUG - [global] _api_put: PUT runs/20261001_024117_fail_global.log -> 201 (20019 bytes)
2026-10-01 02:41:22,985 - DEBUG - [global] log_uploader: STEP 3 (global log) -> https://github.com/StarateJI/L2Mauto/blob/bot-logs/runs/20261001_024117_fail_global.log
2026-10-01 02:41:22,985 - DEBUG - [global] log_uploader: END window=periodic
2026-10-01 02:41:22,986 - INFO - [global] LogUploader: upload_run_logs завершён
2026-10-01 02:41:40,595 - INFO - [global] Проверяю обновы...
2026-10-01 02:41:41,363 - DEBUG - [global] needs_update: raw → 5.13.09
2026-10-01 02:41:41,612 - DEBUG - [global] needs_update: API → 5.13.09
2026-10-01 02:41:41,613 - DEBUG - [global] needs_update: лучший источник raw → 5.13.09 (из 2)
2026-10-01 02:41:41,613 - INFO - [global] needs_update: local=(5, 13, 7) remote=(5, 13, 9) -> has_update=True
2026-10-01 02:41:41,613 - INFO - [global] Доступна обнова! Спавню кнопку
2026-10-01 02:42:11,630 - INFO - [global] Проверяю обновы...
2026-10-01 02:42:12,409 - DEBUG - [global] needs_update: raw → 5.13.09
2026-10-01 02:42:12,636 - DEBUG - [global] needs_update: API → 5.13.09
2026-10-01 02:42:12,636 - DEBUG - [global] needs_update: лучший источник raw → 5.13.09 (из 2)
2026-10-01 02:42:12,636 - INFO - [global] needs_update: local=(5, 13, 7) remote=(5, 13, 9) -> has_update=True
2026-10-01 02:42:12,636 - INFO - [global] Доступна обнова! Спавню кнопку
2026-10-01 02:42:23,017 - INFO - [global] LogUploader: запускаю upload_run_logs...
2026-10-01 02:42:23,018 - DEBUG - [global] log_uploader: START window=periodic made=-1 token=...Rjnfq
2026-10-01 02:42:23,902 - DEBUG - [global] _api_put: GET runs/20261001_024223_fail_periodic.log -> 404
2026-10-01 02:42:25,753 - DEBUG - [global] _api_put: PUT runs/20261001_024223_fail_periodic.log -> 201 (19392 bytes)
2026-10-01 02:42:25,755 - DEBUG - [global] log_uploader: STEP 1 (window log) -> https://github.com/StarateJI/L2Mauto/blob/bot-logs/runs/20261001_024223_fail_periodic.log
2026-10-01 02:42:25,756 - DEBUG - [global] log_uploader: STEP 2 SKIP (no PNGs)
2026-10-01 02:42:26,631 - DEBUG - [global] _api_put: GET runs/20261001_024223_fail_global.log -> 404
2026-10-01 02:42:28,382 - DEBUG - [global] _api_put: PUT runs/20261001_024223_fail_global.log -> 201 (20019 bytes)
2026-10-01 02:42:28,384 - DEBUG - [global] log_uploader: STEP 3 (global log) -> https://github.com/StarateJI/L2Mauto/blob/bot-logs/runs/20261001_024223_fail_global.log
2026-10-01 02:42:28,384 - DEBUG - [global] log_uploader: END window=periodic
2026-10-01 02:42:28,384 - INFO - [global] LogUploader: upload_run_logs завершён
2026-10-01 02:42:42,652 - INFO - [global] Проверяю обновы...
2026-10-01 02:42:43,415 - DEBUG - [global] needs_update: raw → 5.13.09
2026-10-01 02:42:43,576 - DEBUG - [global] needs_update: API → 5.13.09
2026-10-01 02:42:43,576 - DEBUG - [global] needs_update: лучший источник raw → 5.13.09 (из 2)
2026-10-01 02:42:43,576 - INFO - [global] needs_update: local=(5, 13, 7) remote=(5, 13, 9) -> has_update=True
2026-10-01 02:42:43,576 - INFO - [global] Доступна обнова! Спавню кнопку
2026-10-01 02:43:13,592 - INFO - [global] Проверяю обновы...
2026-10-01 02:43:14,373 - DEBUG - [global] needs_update: raw → 5.13.09
2026-10-01 02:43:14,629 - DEBUG - [global] needs_update: API → 5.13.09
2026-10-01 02:43:14,629 - DEBUG - [global] needs_update: лучший источник raw → 5.13.09 (из 2)
2026-10-01 02:43:14,630 - INFO - [global] needs_update: local=(5, 13, 7) remote=(5, 13, 9) -> has_update=True
2026-10-01 02:43:14,630 - INFO - [global] Доступна обнова! Спавню кнопку
2026-10-01 02:43:28,418 - INFO - [global] LogUploader: запускаю upload_run_logs...
2026-10-01 02:43:28,418 - DEBUG - [global] log_uploader: START window=periodic made=-1 token=...Rjnfq
2026-10-01 02:43:29,290 - DEBUG - [global] _api_put: GET runs/20261001_024328_fail_periodic.log -> 404
2026-10-01 02:43:31,095 - DEBUG - [global] _api_put: PUT runs/20261001_024328_fail_periodic.log -> 201 (19392 bytes)
2026-10-01 02:43:31,097 - DEBUG - [global] log_uploader: STEP 1 (window log) -> https://github.com/StarateJI/L2Mauto/blob/bot-logs/runs/20261001_024328_fail_periodic.log
2026-10-01 02:43:31,097 - DEBUG - [global] log_uploader: STEP 2 SKIP (no PNGs)
2026-10-01 02:43:31,978 - DEBUG - [global] _api_put: GET runs/20261001_024328_fail_global.log -> 404
2026-10-01 02:43:33,850 - DEBUG - [global] _api_put: PUT runs/20261001_024328_fail_global.log -> 201 (20019 bytes)
2026-10-01 02:43:33,852 - DEBUG - [global] log_uploader: STEP 3 (global log) -> https://github.com/StarateJI/L2Mauto/blob/bot-logs/runs/20261001_024328_fail_global.log
2026-10-01 02:43:33,852 - DEBUG - [global] log_uploader: END window=periodic
2026-10-01 02:43:33,852 - INFO - [global] LogUploader: upload_run_logs завершён
2026-10-01 02:43:44,650 - INFO - [global] Проверяю обновы...
2026-10-01 02:43:45,451 - DEBUG - [global] needs_update: raw → 5.13.09
2026-10-01 02:43:45,795 - DEBUG - [global] needs_update: API → 5.13.09
2026-10-01 02:43:45,795 - DEBUG - [global] needs_update: лучший источник raw → 5.13.09 (из 2)
2026-10-01 02:43:45,795 - INFO - [global] needs_update: local=(5, 13, 7) remote=(5, 13, 9) -> has_update=True
2026-10-01 02:43:45,796 - INFO - [global] Доступна обнова! Спавню кнопку
2026-10-01 02:44:15,810 - INFO - [global] Проверяю обновы...
2026-10-01 02:44:16,571 - DEBUG - [global] needs_update: raw → 5.13.09
2026-10-01 02:44:16,765 - DEBUG - [global] needs_update: API → 5.13.09
2026-10-01 02:44:16,765 - DEBUG - [global] needs_update: лучший источник raw → 5.13.09 (из 2)
2026-10-01 02:44:16,765 - INFO - [global] needs_update: local=(5, 13, 7) remote=(5, 13, 9) -> has_update=True
2026-10-01 02:44:16,765 - INFO - [global] Доступна обнова! Спавню кнопку
2026-10-01 02:44:33,892 - INFO - [global] LogUploader: запускаю upload_run_logs...
2026-10-01 02:44:33,892 - DEBUG - [global] log_uploader: START window=periodic made=-1 token=...Rjnfq
2026-10-01 02:44:34,733 - DEBUG - [global] _api_put: GET runs/20261001_024433_fail_periodic.log -> 404
2026-10-01 02:44:36,455 - DEBUG - [global] _api_put: PUT runs/20261001_024433_fail_periodic.log -> 201 (19392 bytes)
2026-10-01 02:44:36,457 - DEBUG - [global] log_uploader: STEP 1 (window log) -> https://github.com/StarateJI/L2Mauto/blob/bot-logs/runs/20261001_024433_fail_periodic.log
2026-10-01 02:44:36,457 - DEBUG - [global] log_uploader: STEP 2 SKIP (no PNGs)
2026-10-01 02:44:37,296 - DEBUG - [global] _api_put: GET runs/20261001_024433_fail_global.log -> 404
2026-10-01 02:44:39,135 - DEBUG - [global] _api_put: PUT runs/20261001_024433_fail_global.log -> 201 (20019 bytes)
2026-10-01 02:44:39,137 - DEBUG - [global] log_uploader: STEP 3 (global log) -> https://github.com/StarateJI/L2Mauto/blob/bot-logs/runs/20261001_024433_fail_global.log
2026-10-01 02:44:39,137 - DEBUG - [global] log_uploader: END window=periodic
2026-10-01 02:44:39,137 - INFO - [global] LogUploader: upload_run_logs завершён
2026-10-01 02:44:46,781 - INFO - [global] Проверяю обновы...
2026-10-01 02:44:47,589 - DEBUG - [global] needs_update: raw → 5.13.09
2026-10-01 02:44:47,709 - DEBUG - [global] needs_update: API → 5.13.09
2026-10-01 02:44:47,710 - DEBUG - [global] needs_update: лучший источник raw → 5.13.09 (из 2)
2026-10-01 02:44:47,710 - INFO - [global] needs_update: local=(5, 13, 7) remote=(5, 13, 9) -> has_update=True
2026-10-01 02:44:47,710 - INFO - [global] Доступна обнова! Спавню кнопку
2026-10-01 02:45:17,728 - INFO - [global] Проверяю обновы...
2026-10-01 02:45:18,489 - DEBUG - [global] needs_update: raw → 5.13.09
2026-10-01 02:45:18,732 - DEBUG - [global] needs_update: API → 5.13.09
2026-10-01 02:45:18,733 - DEBUG - [global] needs_update: лучший источник raw → 5.13.09 (из 2)
2026-10-01 02:45:18,733 - INFO - [global] needs_update: local=(5, 13, 7) remote=(5, 13, 9) -> has_update=True
2026-10-01 02:45:18,733 - INFO - [global] Доступна обнова! Спавню кнопку
2026-10-01 02:45:39,171 - INFO - [global] LogUploader: запускаю upload_run_logs...
2026-10-01 02:45:39,171 - DEBUG - [global] log_uploader: START window=periodic made=-1 token=...Rjnfq
2026-10-01 02:45:40,068 - DEBUG - [global] _api_put: GET runs/20261001_024539_fail_periodic.log -> 404
2026-10-01 02:45:42,238 - DEBUG - [global] _api_put: PUT runs/20261001_024539_fail_periodic.log -> 201 (19392 bytes)
2026-10-01 02:45:42,240 - DEBUG - [global] log_uploader: STEP 1 (window log) -> https://github.com/StarateJI/L2Mauto/blob/bot-logs/runs/20261001_024539_fail_periodic.log
2026-10-01 02:45:42,240 - DEBUG - [global] log_uploader: STEP 2 SKIP (no PNGs)
2026-10-01 02:45:43,122 - DEBUG - [global] _api_put: GET runs/20261001_024539_fail_global.log -> 404
2026-10-01 02:45:46,759 - DEBUG - [global] _api_put: PUT runs/20261001_024539_fail_global.log -> 201 (20019 bytes)
2026-10-01 02:45:46,761 - DEBUG - [global] log_uploader: STEP 3 (global log) -> https://github.com/StarateJI/L2Mauto/blob/bot-logs/runs/20261001_024539_fail_global.log
2026-10-01 02:45:46,761 - DEBUG - [global] log_uploader: END window=periodic
2026-10-01 02:45:46,761 - INFO - [global] LogUploader: upload_run_logs завершён
2026-10-01 02:45:48,748 - INFO - [global] Проверяю обновы...
2026-10-01 02:45:49,516 - DEBUG - [global] needs_update: raw → 5.13.09
2026-10-01 02:45:49,712 - DEBUG - [global] needs_update: API → 5.13.09
2026-10-01 02:45:49,712 - DEBUG - [global] needs_update: лучший источник raw → 5.13.09 (из 2)
2026-10-01 02:45:49,713 - INFO - [global] needs_update: local=(5, 13, 7) remote=(5, 13, 9) -> has_update=True
2026-10-01 02:45:49,713 - INFO - [global] Доступна обнова! Спавню кнопку
2026-10-01 02:46:19,725 - INFO - [global] Проверяю обновы...
2026-10-01 02:46:20,501 - DEBUG - [global] needs_update: raw → 5.13.09
2026-10-01 02:46:20,674 - DEBUG - [global] needs_update: API → 5.13.09
2026-10-01 02:46:20,674 - DEBUG - [global] needs_update: лучший источник raw → 5.13.09 (из 2)
2026-10-01 02:46:20,675 - INFO - [global] needs_update: local=(5, 13, 7) remote=(5, 13, 9) -> has_update=True
2026-10-01 02:46:20,675 - INFO - [global] Доступна обнова! Спавню кнопку
2026-10-01 02:46:46,799 - INFO - [global] LogUploader: запускаю upload_run_logs...
2026-10-01 02:46:46,799 - DEBUG - [global] log_uploader: START window=periodic made=-1 token=...Rjnfq
2026-10-01 02:46:47,632 - DEBUG - [global] _api_put: GET runs/20261001_024646_fail_periodic.log -> 404
2026-10-01 02:46:49,483 - DEBUG - [global] _api_put: PUT runs/20261001_024646_fail_periodic.log -> 201 (19392 bytes)
2026-10-01 02:46:49,485 - DEBUG - [global] log_uploader: STEP 1 (window log) -> https://github.com/StarateJI/L2Mauto/blob/bot-logs/runs/20261001_024646_fail_periodic.log
2026-10-01 02:46:49,485 - DEBUG - [global] log_uploader: STEP 2 SKIP (no PNGs)
2026-10-01 02:46:50,382 - DEBUG - [global] _api_put: GET runs/20261001_024646_fail_global.log -> 404
2026-10-01 02:46:50,692 - INFO - [global] Проверяю обновы...
2026-10-01 02:46:51,508 - DEBUG - [global] needs_update: raw → 5.13.09
2026-10-01 02:46:51,729 - DEBUG - [global] needs_update: API → 5.13.09
2026-10-01 02:46:51,730 - DEBUG - [global] needs_update: лучший источник raw → 5.13.09 (из 2)
2026-10-01 02:46:51,730 - INFO - [global] needs_update: local=(5, 13, 7) remote=(5, 13, 9) -> has_update=True
2026-10-01 02:46:51,730 - INFO - [global] Доступна обнова! Спавню кнопку
2026-10-01 02:46:52,335 - DEBUG - [global] _api_put: PUT runs/20261001_024646_fail_global.log -> 201 (20019 bytes)
2026-10-01 02:46:52,336 - DEBUG - [global] log_uploader: STEP 3 (global log) -> https://github.com/StarateJI/L2Mauto/blob/bot-logs/runs/20261001_024646_fail_global.log
2026-10-01 02:46:52,337 - DEBUG - [global] log_uploader: END window=periodic
2026-10-01 02:46:52,337 - INFO - [global] LogUploader: upload_run_logs завершён
2026-10-01 02:47:21,743 - INFO - [global] Проверяю обновы...
2026-10-01 02:47:22,521 - DEBUG - [global] needs_update: raw → 5.13.09
2026-10-01 02:47:22,726 - DEBUG - [global] needs_update: API → 5.13.09
2026-10-01 02:47:22,726 - DEBUG - [global] needs_update: лучший источник raw → 5.13.09 (из 2)
2026-10-01 02:47:22,726 - INFO - [global] needs_update: local=(5, 13, 7) remote=(5, 13, 9) -> has_update=True
2026-10-01 02:47:22,727 - INFO - [global] Доступна обнова! Спавню кнопку
2026-10-01 02:47:52,372 - INFO - [global] LogUploader: запускаю upload_run_logs...
2026-10-01 02:47:52,372 - DEBUG - [global] log_uploader: START window=periodic made=-1 token=...Rjnfq
2026-10-01 02:47:52,744 - INFO - [global] Проверяю обновы...
2026-10-01 02:47:53,288 - DEBUG - [global] _api_put: GET runs/20261001_024752_fail_periodic.log -> 404
2026-10-01 02:47:53,521 - DEBUG - [global] needs_update: raw → 5.13.09
2026-10-01 02:47:53,905 - DEBUG - [global] needs_update: API → 5.13.09
2026-10-01 02:47:53,905 - DEBUG - [global] needs_update: лучший источник raw → 5.13.09 (из 2)
2026-10-01 02:47:53,906 - INFO - [global] needs_update: local=(5, 13, 7) remote=(5, 13, 9) -> has_update=True
2026-10-01 02:47:53,906 - INFO - [global] Доступна обнова! Спавню кнопку
2026-10-01 02:47:55,117 - DEBUG - [global] _api_put: PUT runs/20261001_024752_fail_periodic.log -> 201 (19392 bytes)
2026-10-01 02:47:55,118 - DEBUG - [global] log_uploader: STEP 1 (window log) -> https://github.com/StarateJI/L2Mauto/blob/bot-logs/runs/20261001_024752_fail_periodic.log
2026-10-01 02:47:55,118 - DEBUG - [global] log_uploader: STEP 2 SKIP (no PNGs)
