=== Log tail 2026-09-25T03:08:05.458790 | last 200 lines ===
2026-09-25 02:58:06,646 - INFO - [global] Установлена последняя версия бота | 5.13.07
2026-09-25 02:58:36,662 - INFO - [global] Проверяю обновы...
2026-09-25 02:58:37,427 - DEBUG - [global] needs_update: raw → 5.13.07
2026-09-25 02:58:37,673 - DEBUG - [global] needs_update: API → 5.13.07
2026-09-25 02:58:37,673 - DEBUG - [global] needs_update: лучший источник raw → 5.13.07 (из 2)
2026-09-25 02:58:37,673 - INFO - [global] needs_update: local=(5, 13, 7) remote=(5, 13, 7) -> has_update=False
2026-09-25 02:58:37,674 - INFO - [global] Установлена последняя версия бота | 5.13.07
2026-09-25 02:58:41,825 - INFO - [global] LogUploader: запускаю upload_run_logs...
2026-09-25 02:58:41,825 - DEBUG - [global] log_uploader: START window=periodic made=-1 token=...Rjnfq
2026-09-25 02:58:41,825 - DEBUG - [global] log_uploader: STEP 1 SKIP (no C:\Users\PC\Desktop\L2Mauto\logs\periodic.log)
2026-09-25 02:58:41,826 - DEBUG - [global] log_uploader: STEP 2 SKIP (no PNGs)
2026-09-25 02:58:42,666 - DEBUG - [global] _api_put: GET runs/20260925_025841_fail_global.log -> 404
2026-09-25 02:58:44,300 - DEBUG - [global] _api_put: PUT runs/20260925_025841_fail_global.log -> 201 (19678 bytes)
2026-09-25 02:58:44,302 - DEBUG - [global] log_uploader: STEP 3 (global log) -> https://github.com/StarateJI/L2Mauto/blob/bot-logs/runs/20260925_025841_fail_global.log
2026-09-25 02:58:44,302 - DEBUG - [global] log_uploader: END window=periodic
2026-09-25 02:58:44,302 - INFO - [global] LogUploader: upload_run_logs завершён
2026-09-25 02:59:07,688 - INFO - [global] Проверяю обновы...
2026-09-25 02:59:08,466 - DEBUG - [global] needs_update: raw → 5.13.07
2026-09-25 02:59:08,644 - DEBUG - [global] needs_update: API → 5.13.07
2026-09-25 02:59:08,645 - DEBUG - [global] needs_update: лучший источник raw → 5.13.07 (из 2)
2026-09-25 02:59:08,645 - INFO - [global] needs_update: local=(5, 13, 7) remote=(5, 13, 7) -> has_update=False
2026-09-25 02:59:08,645 - INFO - [global] Установлена последняя версия бота | 5.13.07
2026-09-25 02:59:38,662 - INFO - [global] Проверяю обновы...
2026-09-25 02:59:39,451 - DEBUG - [global] needs_update: raw → 5.13.07
2026-09-25 02:59:39,861 - DEBUG - [global] needs_update: API → 5.13.07
2026-09-25 02:59:39,861 - DEBUG - [global] needs_update: лучший источник raw → 5.13.07 (из 2)
2026-09-25 02:59:39,861 - INFO - [global] needs_update: local=(5, 13, 7) remote=(5, 13, 7) -> has_update=False
2026-09-25 02:59:39,861 - INFO - [global] Установлена последняя версия бота | 5.13.07
2026-09-25 02:59:44,327 - INFO - [global] LogUploader: запускаю upload_run_logs...
2026-09-25 02:59:44,327 - DEBUG - [global] log_uploader: START window=periodic made=-1 token=...Rjnfq
2026-09-25 02:59:44,327 - DEBUG - [global] log_uploader: STEP 1 SKIP (no C:\Users\PC\Desktop\L2Mauto\logs\periodic.log)
2026-09-25 02:59:44,328 - DEBUG - [global] log_uploader: STEP 2 SKIP (no PNGs)
2026-09-25 02:59:45,180 - DEBUG - [global] _api_put: GET runs/20260925_025944_fail_global.log -> 404
2026-09-25 02:59:46,955 - DEBUG - [global] _api_put: PUT runs/20260925_025944_fail_global.log -> 201 (19678 bytes)
2026-09-25 02:59:46,956 - DEBUG - [global] log_uploader: STEP 3 (global log) -> https://github.com/StarateJI/L2Mauto/blob/bot-logs/runs/20260925_025944_fail_global.log
2026-09-25 02:59:46,956 - DEBUG - [global] log_uploader: END window=periodic
2026-09-25 02:59:46,956 - INFO - [global] LogUploader: upload_run_logs завершён
2026-09-25 03:00:09,876 - INFO - [global] Проверяю обновы...
2026-09-25 03:00:10,656 - DEBUG - [global] needs_update: raw → 5.13.07
2026-09-25 03:00:10,897 - DEBUG - [global] needs_update: API → 5.13.07
2026-09-25 03:00:10,898 - DEBUG - [global] needs_update: лучший источник raw → 5.13.07 (из 2)
2026-09-25 03:00:10,898 - INFO - [global] needs_update: local=(5, 13, 7) remote=(5, 13, 7) -> has_update=False
2026-09-25 03:00:10,898 - INFO - [global] Установлена последняя версия бота | 5.13.07
2026-09-25 03:00:40,915 - INFO - [global] Проверяю обновы...
2026-09-25 03:00:41,687 - DEBUG - [global] needs_update: raw → 5.13.07
2026-09-25 03:00:41,887 - DEBUG - [global] needs_update: API → 5.13.07
2026-09-25 03:00:41,887 - DEBUG - [global] needs_update: лучший источник raw → 5.13.07 (из 2)
2026-09-25 03:00:41,887 - INFO - [global] needs_update: local=(5, 13, 7) remote=(5, 13, 7) -> has_update=False
2026-09-25 03:00:41,888 - INFO - [global] Установлена последняя версия бота | 5.13.07
2026-09-25 03:00:46,985 - INFO - [global] LogUploader: запускаю upload_run_logs...
2026-09-25 03:00:46,985 - DEBUG - [global] log_uploader: START window=periodic made=-1 token=...Rjnfq
2026-09-25 03:00:46,985 - DEBUG - [global] log_uploader: STEP 1 SKIP (no C:\Users\PC\Desktop\L2Mauto\logs\periodic.log)
2026-09-25 03:00:46,986 - DEBUG - [global] log_uploader: STEP 2 SKIP (no PNGs)
2026-09-25 03:00:47,816 - DEBUG - [global] _api_put: GET runs/20260925_030046_fail_global.log -> 404
2026-09-25 03:00:49,747 - DEBUG - [global] _api_put: PUT runs/20260925_030046_fail_global.log -> 201 (19678 bytes)
2026-09-25 03:00:49,749 - DEBUG - [global] log_uploader: STEP 3 (global log) -> https://github.com/StarateJI/L2Mauto/blob/bot-logs/runs/20260925_030046_fail_global.log
2026-09-25 03:00:49,749 - DEBUG - [global] log_uploader: END window=periodic
2026-09-25 03:00:49,749 - INFO - [global] LogUploader: upload_run_logs завершён
2026-09-25 03:01:11,906 - INFO - [global] Проверяю обновы...
2026-09-25 03:01:12,661 - DEBUG - [global] needs_update: raw → 5.13.07
2026-09-25 03:01:12,922 - DEBUG - [global] needs_update: API → 5.13.07
2026-09-25 03:01:12,922 - DEBUG - [global] needs_update: лучший источник raw → 5.13.07 (из 2)
2026-09-25 03:01:12,923 - INFO - [global] needs_update: local=(5, 13, 7) remote=(5, 13, 7) -> has_update=False
2026-09-25 03:01:12,923 - INFO - [global] Установлена последняя версия бота | 5.13.07
2026-09-25 03:01:42,938 - INFO - [global] Проверяю обновы...
2026-09-25 03:01:43,689 - DEBUG - [global] needs_update: raw → 5.13.07
2026-09-25 03:01:43,932 - DEBUG - [global] needs_update: API → 5.13.07
2026-09-25 03:01:43,932 - DEBUG - [global] needs_update: лучший источник raw → 5.13.07 (из 2)
2026-09-25 03:01:43,932 - INFO - [global] needs_update: local=(5, 13, 7) remote=(5, 13, 7) -> has_update=False
2026-09-25 03:01:43,933 - INFO - [global] Установлена последняя версия бота | 5.13.07
2026-09-25 03:01:49,777 - INFO - [global] LogUploader: запускаю upload_run_logs...
2026-09-25 03:01:49,777 - DEBUG - [global] log_uploader: START window=periodic made=-1 token=...Rjnfq
2026-09-25 03:01:49,777 - DEBUG - [global] log_uploader: STEP 1 SKIP (no C:\Users\PC\Desktop\L2Mauto\logs\periodic.log)
2026-09-25 03:01:49,778 - DEBUG - [global] log_uploader: STEP 2 SKIP (no PNGs)
2026-09-25 03:01:50,708 - DEBUG - [global] _api_put: GET runs/20260925_030149_fail_global.log -> 200
2026-09-25 03:01:52,310 - DEBUG - [global] _api_put: PUT runs/20260925_030149_fail_global.log -> 200 (19678 bytes)
2026-09-25 03:01:52,312 - DEBUG - [global] log_uploader: STEP 3 (global log) -> https://github.com/StarateJI/L2Mauto/blob/bot-logs/runs/20260925_030149_fail_global.log
2026-09-25 03:01:52,312 - DEBUG - [global] log_uploader: END window=periodic
2026-09-25 03:01:52,312 - INFO - [global] LogUploader: upload_run_logs завершён
2026-09-25 03:02:13,947 - INFO - [global] Проверяю обновы...
2026-09-25 03:02:14,706 - DEBUG - [global] needs_update: raw → 5.13.07
2026-09-25 03:02:14,978 - DEBUG - [global] needs_update: API → 5.13.07
2026-09-25 03:02:14,978 - DEBUG - [global] needs_update: лучший источник raw → 5.13.07 (из 2)
2026-09-25 03:02:14,978 - INFO - [global] needs_update: local=(5, 13, 7) remote=(5, 13, 7) -> has_update=False
2026-09-25 03:02:14,979 - INFO - [global] Установлена последняя версия бота | 5.13.07
2026-09-25 03:02:44,996 - INFO - [global] Проверяю обновы...
2026-09-25 03:02:45,995 - DEBUG - [global] needs_update: raw → 5.13.07
2026-09-25 03:02:46,004 - DEBUG - [global] needs_update: API → 5.13.07
2026-09-25 03:02:46,004 - DEBUG - [global] needs_update: лучший источник raw → 5.13.07 (из 2)
2026-09-25 03:02:46,004 - INFO - [global] needs_update: local=(5, 13, 7) remote=(5, 13, 7) -> has_update=False
2026-09-25 03:02:46,005 - INFO - [global] Установлена последняя версия бота | 5.13.07
2026-09-25 03:02:52,340 - INFO - [global] LogUploader: запускаю upload_run_logs...
2026-09-25 03:02:52,340 - DEBUG - [global] log_uploader: START window=periodic made=-1 token=...Rjnfq
2026-09-25 03:02:52,340 - DEBUG - [global] log_uploader: STEP 1 SKIP (no C:\Users\PC\Desktop\L2Mauto\logs\periodic.log)
2026-09-25 03:02:52,341 - DEBUG - [global] log_uploader: STEP 2 SKIP (no PNGs)
2026-09-25 03:02:53,202 - DEBUG - [global] _api_put: GET runs/20260925_030252_fail_global.log -> 404
2026-09-25 03:02:54,796 - DEBUG - [global] _api_put: PUT runs/20260925_030252_fail_global.log -> 201 (19678 bytes)
2026-09-25 03:02:54,798 - DEBUG - [global] log_uploader: STEP 3 (global log) -> https://github.com/StarateJI/L2Mauto/blob/bot-logs/runs/20260925_030252_fail_global.log
2026-09-25 03:02:54,798 - DEBUG - [global] log_uploader: END window=periodic
2026-09-25 03:02:54,798 - INFO - [global] LogUploader: upload_run_logs завершён
2026-09-25 03:03:16,017 - INFO - [global] Проверяю обновы...
2026-09-25 03:03:16,795 - DEBUG - [global] needs_update: raw → 5.13.07
2026-09-25 03:03:17,067 - DEBUG - [global] needs_update: API → 5.13.07
2026-09-25 03:03:17,067 - DEBUG - [global] needs_update: лучший источник raw → 5.13.07 (из 2)
2026-09-25 03:03:17,067 - INFO - [global] needs_update: local=(5, 13, 7) remote=(5, 13, 7) -> has_update=False
2026-09-25 03:03:17,068 - INFO - [global] Установлена последняя версия бота | 5.13.07
2026-09-25 03:03:47,083 - INFO - [global] Проверяю обновы...
2026-09-25 03:03:47,846 - DEBUG - [global] needs_update: raw → 5.13.07
2026-09-25 03:03:48,062 - DEBUG - [global] needs_update: API → 5.13.07
2026-09-25 03:03:48,062 - DEBUG - [global] needs_update: лучший источник raw → 5.13.07 (из 2)
2026-09-25 03:03:48,063 - INFO - [global] needs_update: local=(5, 13, 7) remote=(5, 13, 7) -> has_update=False
2026-09-25 03:03:48,063 - INFO - [global] Установлена последняя версия бота | 5.13.07
2026-09-25 03:03:54,828 - INFO - [global] LogUploader: запускаю upload_run_logs...
2026-09-25 03:03:54,828 - DEBUG - [global] log_uploader: START window=periodic made=-1 token=...Rjnfq
2026-09-25 03:03:54,828 - DEBUG - [global] log_uploader: STEP 1 SKIP (no C:\Users\PC\Desktop\L2Mauto\logs\periodic.log)
2026-09-25 03:03:54,828 - DEBUG - [global] log_uploader: STEP 2 SKIP (no PNGs)
2026-09-25 03:03:55,694 - DEBUG - [global] _api_put: GET runs/20260925_030354_fail_global.log -> 404
2026-09-25 03:03:57,336 - DEBUG - [global] _api_put: PUT runs/20260925_030354_fail_global.log -> 201 (19678 bytes)
2026-09-25 03:03:57,338 - DEBUG - [global] log_uploader: STEP 3 (global log) -> https://github.com/StarateJI/L2Mauto/blob/bot-logs/runs/20260925_030354_fail_global.log
2026-09-25 03:03:57,338 - DEBUG - [global] log_uploader: END window=periodic
2026-09-25 03:03:57,338 - INFO - [global] LogUploader: upload_run_logs завершён
2026-09-25 03:04:18,082 - INFO - [global] Проверяю обновы...
2026-09-25 03:04:18,866 - DEBUG - [global] needs_update: raw → 5.13.07
2026-09-25 03:04:19,016 - DEBUG - [global] needs_update: API → 5.13.07
2026-09-25 03:04:19,016 - DEBUG - [global] needs_update: лучший источник raw → 5.13.07 (из 2)
2026-09-25 03:04:19,016 - INFO - [global] needs_update: local=(5, 13, 7) remote=(5, 13, 7) -> has_update=False
2026-09-25 03:04:19,016 - INFO - [global] Установлена последняя версия бота | 5.13.07
2026-09-25 03:04:49,030 - INFO - [global] Проверяю обновы...
2026-09-25 03:04:49,824 - DEBUG - [global] needs_update: raw → 5.13.07
2026-09-25 03:04:50,027 - DEBUG - [global] needs_update: API → 5.13.07
2026-09-25 03:04:50,028 - DEBUG - [global] needs_update: лучший источник raw → 5.13.07 (из 2)
2026-09-25 03:04:50,028 - INFO - [global] needs_update: local=(5, 13, 7) remote=(5, 13, 7) -> has_update=False
2026-09-25 03:04:50,028 - INFO - [global] Установлена последняя версия бота | 5.13.07
2026-09-25 03:04:57,365 - INFO - [global] LogUploader: запускаю upload_run_logs...
2026-09-25 03:04:57,366 - DEBUG - [global] log_uploader: START window=periodic made=-1 token=...Rjnfq
2026-09-25 03:04:57,366 - DEBUG - [global] log_uploader: STEP 1 SKIP (no C:\Users\PC\Desktop\L2Mauto\logs\periodic.log)
2026-09-25 03:04:57,366 - DEBUG - [global] log_uploader: STEP 2 SKIP (no PNGs)
2026-09-25 03:04:58,392 - DEBUG - [global] _api_put: GET runs/20260925_030457_fail_global.log -> 404
2026-09-25 03:05:00,239 - DEBUG - [global] _api_put: PUT runs/20260925_030457_fail_global.log -> 201 (19678 bytes)
2026-09-25 03:05:00,241 - DEBUG - [global] log_uploader: STEP 3 (global log) -> https://github.com/StarateJI/L2Mauto/blob/bot-logs/runs/20260925_030457_fail_global.log
2026-09-25 03:05:00,241 - DEBUG - [global] log_uploader: END window=periodic
2026-09-25 03:05:00,241 - INFO - [global] LogUploader: upload_run_logs завершён
2026-09-25 03:05:20,043 - INFO - [global] Проверяю обновы...
2026-09-25 03:05:20,793 - DEBUG - [global] needs_update: raw → 5.13.07
2026-09-25 03:05:21,047 - DEBUG - [global] needs_update: API → 5.13.07
2026-09-25 03:05:21,047 - DEBUG - [global] needs_update: лучший источник raw → 5.13.07 (из 2)
2026-09-25 03:05:21,047 - INFO - [global] needs_update: local=(5, 13, 7) remote=(5, 13, 7) -> has_update=False
2026-09-25 03:05:21,048 - INFO - [global] Установлена последняя версия бота | 5.13.07
2026-09-25 03:05:51,062 - INFO - [global] Проверяю обновы...
2026-09-25 03:05:51,875 - DEBUG - [global] needs_update: raw → 5.13.07
2026-09-25 03:05:51,998 - DEBUG - [global] needs_update: API → 5.13.07
2026-09-25 03:05:51,999 - DEBUG - [global] needs_update: лучший источник raw → 5.13.07 (из 2)
2026-09-25 03:05:51,999 - INFO - [global] needs_update: local=(5, 13, 7) remote=(5, 13, 7) -> has_update=False
2026-09-25 03:05:52,000 - INFO - [global] Установлена последняя версия бота | 5.13.07
2026-09-25 03:06:00,270 - INFO - [global] LogUploader: запускаю upload_run_logs...
2026-09-25 03:06:00,270 - DEBUG - [global] log_uploader: START window=periodic made=-1 token=...Rjnfq
2026-09-25 03:06:00,270 - DEBUG - [global] log_uploader: STEP 1 SKIP (no C:\Users\PC\Desktop\L2Mauto\logs\periodic.log)
2026-09-25 03:06:00,271 - DEBUG - [global] log_uploader: STEP 2 SKIP (no PNGs)
2026-09-25 03:06:01,084 - DEBUG - [global] _api_put: GET runs/20260925_030600_fail_global.log -> 404
2026-09-25 03:06:02,942 - DEBUG - [global] _api_put: PUT runs/20260925_030600_fail_global.log -> 201 (19678 bytes)
2026-09-25 03:06:02,943 - DEBUG - [global] log_uploader: STEP 3 (global log) -> https://github.com/StarateJI/L2Mauto/blob/bot-logs/runs/20260925_030600_fail_global.log
2026-09-25 03:06:02,943 - DEBUG - [global] log_uploader: END window=periodic
2026-09-25 03:06:02,943 - INFO - [global] LogUploader: upload_run_logs завершён
2026-09-25 03:06:22,016 - INFO - [global] Проверяю обновы...
2026-09-25 03:06:22,839 - DEBUG - [global] needs_update: raw → 5.13.07
2026-09-25 03:06:23,058 - DEBUG - [global] needs_update: API → 5.13.07
2026-09-25 03:06:23,058 - DEBUG - [global] needs_update: лучший источник raw → 5.13.07 (из 2)
2026-09-25 03:06:23,058 - INFO - [global] needs_update: local=(5, 13, 7) remote=(5, 13, 7) -> has_update=False
2026-09-25 03:06:23,058 - INFO - [global] Установлена последняя версия бота | 5.13.07
2026-09-25 03:06:53,073 - INFO - [global] Проверяю обновы...
2026-09-25 03:06:53,877 - DEBUG - [global] needs_update: raw → 5.13.07
2026-09-25 03:06:54,066 - DEBUG - [global] needs_update: API → 5.13.07
2026-09-25 03:06:54,066 - DEBUG - [global] needs_update: лучший источник raw → 5.13.07 (из 2)
2026-09-25 03:06:54,066 - INFO - [global] needs_update: local=(5, 13, 7) remote=(5, 13, 7) -> has_update=False
2026-09-25 03:06:54,067 - INFO - [global] Установлена последняя версия бота | 5.13.07
2026-09-25 03:07:02,970 - INFO - [global] LogUploader: запускаю upload_run_logs...
2026-09-25 03:07:02,970 - DEBUG - [global] log_uploader: START window=periodic made=-1 token=...Rjnfq
2026-09-25 03:07:02,970 - DEBUG - [global] log_uploader: STEP 1 SKIP (no C:\Users\PC\Desktop\L2Mauto\logs\periodic.log)
2026-09-25 03:07:02,971 - DEBUG - [global] log_uploader: STEP 2 SKIP (no PNGs)
2026-09-25 03:07:03,811 - DEBUG - [global] _api_put: GET runs/20260925_030702_fail_global.log -> 404
2026-09-25 03:07:05,418 - DEBUG - [global] _api_put: PUT runs/20260925_030702_fail_global.log -> 201 (19678 bytes)
2026-09-25 03:07:05,419 - DEBUG - [global] log_uploader: STEP 3 (global log) -> https://github.com/StarateJI/L2Mauto/blob/bot-logs/runs/20260925_030702_fail_global.log
2026-09-25 03:07:05,419 - DEBUG - [global] log_uploader: END window=periodic
2026-09-25 03:07:05,419 - INFO - [global] LogUploader: upload_run_logs завершён
2026-09-25 03:07:24,083 - INFO - [global] Проверяю обновы...
2026-09-25 03:07:24,867 - DEBUG - [global] needs_update: raw → 5.13.07
2026-09-25 03:07:25,118 - DEBUG - [global] needs_update: API → 5.13.07
2026-09-25 03:07:25,118 - DEBUG - [global] needs_update: лучший источник raw → 5.13.07 (из 2)
2026-09-25 03:07:25,118 - INFO - [global] needs_update: local=(5, 13, 7) remote=(5, 13, 7) -> has_update=False
2026-09-25 03:07:25,119 - INFO - [global] Установлена последняя версия бота | 5.13.07
2026-09-25 03:07:55,132 - INFO - [global] Проверяю обновы...
2026-09-25 03:07:56,120 - DEBUG - [global] needs_update: raw → 5.13.07
2026-09-25 03:07:56,123 - DEBUG - [global] needs_update: API → 5.13.07
2026-09-25 03:07:56,123 - DEBUG - [global] needs_update: лучший источник raw → 5.13.07 (из 2)
2026-09-25 03:07:56,123 - INFO - [global] needs_update: local=(5, 13, 7) remote=(5, 13, 7) -> has_update=False
2026-09-25 03:07:56,124 - INFO - [global] Установлена последняя версия бота | 5.13.07
2026-09-25 03:08:05,450 - INFO - [global] LogUploader: запускаю upload_run_logs...
2026-09-25 03:08:05,450 - DEBUG - [global] log_uploader: START window=periodic made=-1 token=...Rjnfq
2026-09-25 03:08:05,450 - DEBUG - [global] log_uploader: STEP 1 SKIP (no C:\Users\PC\Desktop\L2Mauto\logs\periodic.log)
2026-09-25 03:08:05,451 - DEBUG - [global] log_uploader: STEP 2 SKIP (no PNGs)
