=== Log tail 2026-10-03T19:07:08.527677 | last 200 lines ===
2026-10-03 08:43:13,734 - INFO - [global] needs_update: local=(5, 13, 7) remote=(5, 13, 9) -> has_update=True
2026-10-03 08:43:13,734 - INFO - [global] Доступна обнова! Спавню кнопку
2026-10-03 08:43:43,752 - INFO - [global] Проверяю обновы...
2026-10-03 08:43:44,619 - DEBUG - [global] needs_update: raw → 5.13.09
2026-10-03 08:43:44,873 - DEBUG - [global] needs_update: API → 5.13.09
2026-10-03 08:43:44,873 - DEBUG - [global] needs_update: лучший источник raw → 5.13.09 (из 2)
2026-10-03 08:43:44,873 - INFO - [global] needs_update: local=(5, 13, 7) remote=(5, 13, 9) -> has_update=True
2026-10-03 08:43:44,873 - INFO - [global] Доступна обнова! Спавню кнопку
2026-10-03 08:44:10,515 - INFO - [global] LogUploader: запускаю upload_run_logs...
2026-10-03 08:44:10,516 - DEBUG - [global] log_uploader: START window=periodic made=-1 token=...Rjnfq
2026-10-03 08:44:11,477 - DEBUG - [global] _api_put: GET runs/20261003_084410_fail_periodic.log -> 404
2026-10-03 08:44:13,760 - DEBUG - [global] _api_put: PUT runs/20261003_084410_fail_periodic.log -> 201 (12833 bytes)
2026-10-03 08:44:13,762 - DEBUG - [global] log_uploader: STEP 1 (window log) -> https://github.com/StarateJI/L2Mauto/blob/bot-logs/runs/20261003_084410_fail_periodic.log
2026-10-03 08:44:13,762 - DEBUG - [global] log_uploader: STEP 2 SKIP (no PNGs)
2026-10-03 08:44:14,787 - DEBUG - [global] _api_put: GET runs/20261003_084410_fail_global.log -> 404
2026-10-03 08:44:14,893 - INFO - [global] Проверяю обновы...
2026-10-03 08:44:15,843 - DEBUG - [global] needs_update: raw → 5.13.09
2026-10-03 08:44:16,042 - DEBUG - [global] needs_update: API → 5.13.09
2026-10-03 08:44:16,042 - DEBUG - [global] needs_update: лучший источник raw → 5.13.09 (из 2)
2026-10-03 08:44:16,042 - INFO - [global] needs_update: local=(5, 13, 7) remote=(5, 13, 9) -> has_update=True
2026-10-03 08:44:16,042 - INFO - [global] Доступна обнова! Спавню кнопку
2026-10-03 08:44:16,995 - DEBUG - [global] _api_put: PUT runs/20261003_084410_fail_global.log -> 201 (20019 bytes)
2026-10-03 08:44:16,998 - DEBUG - [global] log_uploader: STEP 3 (global log) -> https://github.com/StarateJI/L2Mauto/blob/bot-logs/runs/20261003_084410_fail_global.log
2026-10-03 08:44:16,998 - DEBUG - [global] log_uploader: END window=periodic
2026-10-03 08:44:16,998 - INFO - [global] LogUploader: upload_run_logs завершён
2026-10-03 08:44:46,068 - INFO - [global] Проверяю обновы...
2026-10-03 08:44:46,929 - DEBUG - [global] needs_update: raw → 5.13.09
2026-10-03 08:44:47,126 - DEBUG - [global] needs_update: API → 5.13.09
2026-10-03 08:44:47,127 - DEBUG - [global] needs_update: лучший источник raw → 5.13.09 (из 2)
2026-10-03 08:44:47,127 - INFO - [global] needs_update: local=(5, 13, 7) remote=(5, 13, 9) -> has_update=True
2026-10-03 08:44:47,127 - INFO - [global] Доступна обнова! Спавню кнопку
2026-10-03 08:45:17,032 - INFO - [global] LogUploader: запускаю upload_run_logs...
2026-10-03 08:45:17,033 - DEBUG - [global] log_uploader: START window=periodic made=-1 token=...Rjnfq
2026-10-03 08:45:17,146 - INFO - [global] Проверяю обновы...
2026-10-03 08:45:18,073 - DEBUG - [global] needs_update: raw → 5.13.09
2026-10-03 08:45:18,121 - DEBUG - [global] _api_put: GET runs/20261003_084517_fail_periodic.log -> 404
2026-10-03 08:45:18,281 - DEBUG - [global] needs_update: API → 5.13.09
2026-10-03 08:45:18,281 - DEBUG - [global] needs_update: лучший источник raw → 5.13.09 (из 2)
2026-10-03 08:45:18,281 - INFO - [global] needs_update: local=(5, 13, 7) remote=(5, 13, 9) -> has_update=True
2026-10-03 08:45:18,281 - INFO - [global] Доступна обнова! Спавню кнопку
2026-10-03 08:45:20,379 - DEBUG - [global] _api_put: PUT runs/20261003_084517_fail_periodic.log -> 201 (12833 bytes)
2026-10-03 08:45:20,380 - DEBUG - [global] log_uploader: STEP 1 (window log) -> https://github.com/StarateJI/L2Mauto/blob/bot-logs/runs/20261003_084517_fail_periodic.log
2026-10-03 08:45:20,381 - DEBUG - [global] log_uploader: STEP 2 SKIP (no PNGs)
2026-10-03 08:45:21,366 - DEBUG - [global] _api_put: GET runs/20261003_084517_fail_global.log -> 404
2026-10-03 08:45:23,479 - DEBUG - [global] _api_put: PUT runs/20261003_084517_fail_global.log -> 201 (19974 bytes)
2026-10-03 08:45:23,481 - DEBUG - [global] log_uploader: STEP 3 (global log) -> https://github.com/StarateJI/L2Mauto/blob/bot-logs/runs/20261003_084517_fail_global.log
2026-10-03 08:45:23,481 - DEBUG - [global] log_uploader: END window=periodic
2026-10-03 08:45:23,481 - INFO - [global] LogUploader: upload_run_logs завершён
2026-10-03 08:45:48,294 - INFO - [global] Проверяю обновы...
2026-10-03 08:45:49,171 - DEBUG - [global] needs_update: raw → 5.13.09
2026-10-03 08:45:49,375 - DEBUG - [global] needs_update: API → 5.13.09
2026-10-03 08:45:49,376 - DEBUG - [global] needs_update: лучший источник raw → 5.13.09 (из 2)
2026-10-03 08:45:49,376 - INFO - [global] needs_update: local=(5, 13, 7) remote=(5, 13, 9) -> has_update=True
2026-10-03 08:45:49,376 - INFO - [global] Доступна обнова! Спавню кнопку
2026-10-03 08:46:19,392 - INFO - [global] Проверяю обновы...
2026-10-03 08:46:20,203 - DEBUG - [global] needs_update: raw → 5.13.09
2026-10-03 08:46:20,412 - DEBUG - [global] needs_update: API → 5.13.09
2026-10-03 08:46:20,412 - DEBUG - [global] needs_update: лучший источник raw → 5.13.09 (из 2)
2026-10-03 08:46:20,412 - INFO - [global] needs_update: local=(5, 13, 7) remote=(5, 13, 9) -> has_update=True
2026-10-03 08:46:20,412 - INFO - [global] Доступна обнова! Спавню кнопку
2026-10-03 08:46:23,509 - INFO - [global] LogUploader: запускаю upload_run_logs...
2026-10-03 08:46:23,511 - DEBUG - [global] log_uploader: START window=periodic made=-1 token=...Rjnfq
2026-10-03 08:46:24,530 - DEBUG - [global] _api_put: GET runs/20261003_084623_fail_periodic.log -> 404
2026-10-03 08:46:26,513 - DEBUG - [global] _api_put: PUT runs/20261003_084623_fail_periodic.log -> 201 (12833 bytes)
2026-10-03 08:46:26,514 - DEBUG - [global] log_uploader: STEP 1 (window log) -> https://github.com/StarateJI/L2Mauto/blob/bot-logs/runs/20261003_084623_fail_periodic.log
2026-10-03 08:46:26,515 - DEBUG - [global] log_uploader: STEP 2 SKIP (no PNGs)
2026-10-03 08:46:27,522 - DEBUG - [global] _api_put: GET runs/20261003_084623_fail_global.log -> 404
2026-10-03 08:46:29,570 - DEBUG - [global] _api_put: PUT runs/20261003_084623_fail_global.log -> 201 (20019 bytes)
2026-10-03 08:46:29,572 - DEBUG - [global] log_uploader: STEP 3 (global log) -> https://github.com/StarateJI/L2Mauto/blob/bot-logs/runs/20261003_084623_fail_global.log
2026-10-03 08:46:29,572 - DEBUG - [global] log_uploader: END window=periodic
2026-10-03 08:46:29,572 - INFO - [global] LogUploader: upload_run_logs завершён
2026-10-03 08:46:50,432 - INFO - [global] Проверяю обновы...
2026-10-03 08:46:51,338 - DEBUG - [global] needs_update: raw → 5.13.09
2026-10-03 08:46:51,508 - DEBUG - [global] needs_update: API → 5.13.09
2026-10-03 08:46:51,508 - DEBUG - [global] needs_update: лучший источник raw → 5.13.09 (из 2)
2026-10-03 08:46:51,508 - INFO - [global] needs_update: local=(5, 13, 7) remote=(5, 13, 9) -> has_update=True
2026-10-03 08:46:51,508 - INFO - [global] Доступна обнова! Спавню кнопку
2026-10-03 08:47:21,525 - INFO - [global] Проверяю обновы...
2026-10-03 08:47:22,389 - DEBUG - [global] needs_update: raw → 5.13.09
2026-10-03 08:47:22,598 - DEBUG - [global] needs_update: API → 5.13.09
2026-10-03 08:47:22,598 - DEBUG - [global] needs_update: лучший источник raw → 5.13.09 (из 2)
2026-10-03 08:47:22,598 - INFO - [global] needs_update: local=(5, 13, 7) remote=(5, 13, 9) -> has_update=True
2026-10-03 08:47:22,598 - INFO - [global] Доступна обнова! Спавню кнопку
2026-10-03 08:47:29,630 - INFO - [global] LogUploader: запускаю upload_run_logs...
2026-10-03 08:47:29,631 - DEBUG - [global] log_uploader: START window=periodic made=-1 token=...Rjnfq
2026-10-03 08:47:30,628 - DEBUG - [global] _api_put: GET runs/20261003_084729_fail_periodic.log -> 404
2026-10-03 08:47:35,646 - DEBUG - [global] _api_put: PUT runs/20261003_084729_fail_periodic.log -> 201 (12833 bytes)
2026-10-03 08:47:35,647 - DEBUG - [global] log_uploader: STEP 1 (window log) -> https://github.com/StarateJI/L2Mauto/blob/bot-logs/runs/20261003_084729_fail_periodic.log
2026-10-03 08:47:35,648 - DEBUG - [global] log_uploader: STEP 2 SKIP (no PNGs)
2026-10-03 08:47:36,683 - DEBUG - [global] _api_put: GET runs/20261003_084729_fail_global.log -> 404
2026-10-03 08:47:38,737 - DEBUG - [global] _api_put: PUT runs/20261003_084729_fail_global.log -> 201 (20019 bytes)
2026-10-03 08:47:38,738 - DEBUG - [global] log_uploader: STEP 3 (global log) -> https://github.com/StarateJI/L2Mauto/blob/bot-logs/runs/20261003_084729_fail_global.log
2026-10-03 08:47:38,739 - DEBUG - [global] log_uploader: END window=periodic
2026-10-03 08:47:38,739 - INFO - [global] LogUploader: upload_run_logs завершён
2026-10-03 08:47:52,618 - INFO - [global] Проверяю обновы...
2026-10-03 08:47:53,524 - DEBUG - [global] needs_update: raw → 5.13.09
2026-10-03 08:47:53,702 - DEBUG - [global] needs_update: API → 5.13.09
2026-10-03 08:47:53,702 - DEBUG - [global] needs_update: лучший источник raw → 5.13.09 (из 2)
2026-10-03 08:47:53,702 - INFO - [global] needs_update: local=(5, 13, 7) remote=(5, 13, 9) -> has_update=True
2026-10-03 08:47:53,702 - INFO - [global] Доступна обнова! Спавню кнопку
2026-10-03 08:48:23,720 - INFO - [global] Проверяю обновы...
2026-10-03 08:48:24,793 - DEBUG - [global] needs_update: raw → 5.13.09
2026-10-03 08:48:24,796 - DEBUG - [global] needs_update: API → 5.13.09
2026-10-03 08:48:24,796 - DEBUG - [global] needs_update: лучший источник raw → 5.13.09 (из 2)
2026-10-03 08:48:24,796 - INFO - [global] needs_update: local=(5, 13, 7) remote=(5, 13, 9) -> has_update=True
2026-10-03 08:48:24,796 - INFO - [global] Доступна обнова! Спавню кнопку
2026-10-03 08:48:38,776 - INFO - [global] LogUploader: запускаю upload_run_logs...
2026-10-03 08:48:38,778 - DEBUG - [global] log_uploader: START window=periodic made=-1 token=...Rjnfq
2026-10-03 08:48:39,753 - DEBUG - [global] _api_put: GET runs/20261003_084838_fail_periodic.log -> 404
2026-10-03 08:48:41,827 - DEBUG - [global] _api_put: PUT runs/20261003_084838_fail_periodic.log -> 201 (12833 bytes)
2026-10-03 08:48:41,829 - DEBUG - [global] log_uploader: STEP 1 (window log) -> https://github.com/StarateJI/L2Mauto/blob/bot-logs/runs/20261003_084838_fail_periodic.log
2026-10-03 08:48:41,829 - DEBUG - [global] log_uploader: STEP 2 SKIP (no PNGs)
2026-10-03 08:48:42,847 - DEBUG - [global] _api_put: GET runs/20261003_084838_fail_global.log -> 404
2026-10-03 08:48:44,897 - DEBUG - [global] _api_put: PUT runs/20261003_084838_fail_global.log -> 201 (20019 bytes)
2026-10-03 08:48:44,899 - DEBUG - [global] log_uploader: STEP 3 (global log) -> https://github.com/StarateJI/L2Mauto/blob/bot-logs/runs/20261003_084838_fail_global.log
2026-10-03 08:48:44,899 - DEBUG - [global] log_uploader: END window=periodic
2026-10-03 08:48:44,899 - INFO - [global] LogUploader: upload_run_logs завершён
2026-10-03 08:48:54,816 - INFO - [global] Проверяю обновы...
2026-10-03 08:48:55,678 - DEBUG - [global] needs_update: raw → 5.13.09
2026-10-03 08:48:55,881 - DEBUG - [global] needs_update: API → 5.13.09
2026-10-03 08:48:55,881 - DEBUG - [global] needs_update: лучший источник raw → 5.13.09 (из 2)
2026-10-03 08:48:55,881 - INFO - [global] needs_update: local=(5, 13, 7) remote=(5, 13, 9) -> has_update=True
2026-10-03 08:48:55,881 - INFO - [global] Доступна обнова! Спавню кнопку
2026-10-03 08:49:25,900 - INFO - [global] Проверяю обновы...
2026-10-03 08:49:26,763 - DEBUG - [global] needs_update: raw → 5.13.09
2026-10-03 08:49:27,010 - DEBUG - [global] needs_update: API → 5.13.09
2026-10-03 08:49:27,011 - DEBUG - [global] needs_update: лучший источник raw → 5.13.09 (из 2)
2026-10-03 08:49:27,011 - INFO - [global] needs_update: local=(5, 13, 7) remote=(5, 13, 9) -> has_update=True
2026-10-03 08:49:27,011 - INFO - [global] Доступна обнова! Спавню кнопку
2026-10-03 08:49:44,935 - INFO - [global] LogUploader: запускаю upload_run_logs...
2026-10-03 08:49:44,937 - DEBUG - [global] log_uploader: START window=periodic made=-1 token=...Rjnfq
2026-10-03 08:49:46,007 - DEBUG - [global] _api_put: GET runs/20261003_084944_fail_periodic.log -> 404
2026-10-03 08:49:48,092 - DEBUG - [global] _api_put: PUT runs/20261003_084944_fail_periodic.log -> 201 (12833 bytes)
2026-10-03 08:49:48,095 - DEBUG - [global] log_uploader: STEP 1 (window log) -> https://github.com/StarateJI/L2Mauto/blob/bot-logs/runs/20261003_084944_fail_periodic.log
2026-10-03 08:49:48,096 - DEBUG - [global] log_uploader: STEP 2 SKIP (no PNGs)
2026-10-03 08:49:49,185 - DEBUG - [global] _api_put: GET runs/20261003_084944_fail_global.log -> 404
2026-10-03 08:49:51,183 - DEBUG - [global] _api_put: PUT runs/20261003_084944_fail_global.log -> 201 (20019 bytes)
2026-10-03 08:49:51,186 - DEBUG - [global] log_uploader: STEP 3 (global log) -> https://github.com/StarateJI/L2Mauto/blob/bot-logs/runs/20261003_084944_fail_global.log
2026-10-03 08:49:51,186 - DEBUG - [global] log_uploader: END window=periodic
2026-10-03 08:49:51,186 - INFO - [global] LogUploader: upload_run_logs завершён
2026-10-03 08:49:57,024 - INFO - [global] Проверяю обновы...
2026-10-03 08:49:57,913 - DEBUG - [global] needs_update: raw → 5.13.09
2026-10-03 08:49:58,105 - DEBUG - [global] needs_update: API → 5.13.09
2026-10-03 08:49:58,105 - DEBUG - [global] needs_update: лучший источник raw → 5.13.09 (из 2)
2026-10-03 08:49:58,105 - INFO - [global] needs_update: local=(5, 13, 7) remote=(5, 13, 9) -> has_update=True
2026-10-03 08:49:58,105 - INFO - [global] Доступна обнова! Спавню кнопку
2026-10-03 08:50:28,121 - INFO - [global] Проверяю обновы...
2026-10-03 08:50:28,980 - DEBUG - [global] needs_update: raw → 5.13.09
2026-10-03 08:50:29,157 - DEBUG - [global] needs_update: API → 5.13.09
2026-10-03 08:50:29,157 - DEBUG - [global] needs_update: лучший источник raw → 5.13.09 (из 2)
2026-10-03 08:50:29,157 - INFO - [global] needs_update: local=(5, 13, 7) remote=(5, 13, 9) -> has_update=True
2026-10-03 08:50:29,157 - INFO - [global] Доступна обнова! Спавню кнопку
2026-10-03 08:50:51,219 - INFO - [global] LogUploader: запускаю upload_run_logs...
2026-10-03 08:50:51,220 - DEBUG - [global] log_uploader: START window=periodic made=-1 token=...Rjnfq
2026-10-03 08:50:52,091 - DEBUG - [global] _api_put: GET runs/20261003_085051_fail_periodic.log -> 404
2026-10-03 08:50:53,960 - DEBUG - [global] _api_put: PUT runs/20261003_085051_fail_periodic.log -> 201 (12833 bytes)
2026-10-03 08:50:53,962 - DEBUG - [global] log_uploader: STEP 1 (window log) -> https://github.com/StarateJI/L2Mauto/blob/bot-logs/runs/20261003_085051_fail_periodic.log
2026-10-03 08:50:53,963 - DEBUG - [global] log_uploader: STEP 2 SKIP (no PNGs)
2026-10-03 08:50:54,838 - DEBUG - [global] _api_put: GET runs/20261003_085051_fail_global.log -> 404
2026-10-03 08:50:56,647 - DEBUG - [global] _api_put: PUT runs/20261003_085051_fail_global.log -> 201 (20019 bytes)
2026-10-03 08:50:56,648 - DEBUG - [global] log_uploader: STEP 3 (global log) -> https://github.com/StarateJI/L2Mauto/blob/bot-logs/runs/20261003_085051_fail_global.log
2026-10-03 08:50:56,648 - DEBUG - [global] log_uploader: END window=periodic
2026-10-03 08:50:56,648 - INFO - [global] LogUploader: upload_run_logs завершён
2026-10-03 08:50:59,175 - INFO - [global] Проверяю обновы...
2026-10-03 08:50:59,909 - DEBUG - [global] needs_update: raw → 5.13.09
2026-10-03 08:51:00,139 - DEBUG - [global] needs_update: API → 5.13.09
2026-10-03 08:51:00,140 - DEBUG - [global] needs_update: лучший источник raw → 5.13.09 (из 2)
2026-10-03 08:51:00,140 - INFO - [global] needs_update: local=(5, 13, 7) remote=(5, 13, 9) -> has_update=True
2026-10-03 08:51:00,140 - INFO - [global] Доступна обнова! Спавню кнопку
2026-10-03 08:51:05,454 - INFO - [global] СТОП ВСЕ: нажато, останавливаю...
2026-10-03 08:51:05,455 - INFO - [global] СТОП ВСЕ: останавливаю 0 окон: []
2026-10-03 08:51:05,455 - INFO - [global] СТОП ВСЕ: команда отправлена, _batch_stop=True
2026-10-03 08:51:05,458 - INFO - [global] Стопнул чекер обнов
2026-10-03 08:51:05,568 - INFO - [global] Стопнул загрузчик логов
2026-10-03 19:06:33,092 - INFO - [global] Драйвер работает! | Клава=1 | Мышь=11
2026-10-03 19:06:35,142 - INFO - [global] Запустил периодический загрузчик логов
2026-10-03 19:06:35,143 - INFO - [global] Запустил чекер обнов
2026-10-03 19:06:35,143 - INFO - [global] Проверяю обновы...
2026-10-03 19:06:36,380 - DEBUG - [global] needs_update: raw → 5.13.09
2026-10-03 19:06:36,423 - DEBUG - [global] needs_update: raw → 5.13.09
2026-10-03 19:06:36,565 - DEBUG - [global] needs_update: API → 5.13.09
2026-10-03 19:06:36,566 - DEBUG - [global] needs_update: лучший источник raw → 5.13.09 (из 2)
2026-10-03 19:06:36,566 - INFO - [global] needs_update: local=(5, 13, 7) remote=(5, 13, 9) -> has_update=True
2026-10-03 19:06:36,566 - INFO - [global] Доступна обнова! Спавню кнопку
2026-10-03 19:06:36,609 - DEBUG - [global] needs_update: API → 5.13.09
2026-10-03 19:06:36,610 - DEBUG - [global] needs_update: лучший источник raw → 5.13.09 (из 2)
2026-10-03 19:06:36,610 - INFO - [global] needs_update: local=(5, 13, 7) remote=(5, 13, 9) -> has_update=True
2026-10-03 19:07:05,207 - INFO - [global] LogUploader: запускаю upload_run_logs...
2026-10-03 19:07:05,218 - DEBUG - [global] log_uploader: START window=periodic made=-1 token=...Rjnfq
2026-10-03 19:07:06,321 - DEBUG - [global] _api_put: GET runs/20261003_190705_fail_periodic.log -> 404
2026-10-03 19:07:06,703 - INFO - [global] Проверяю обновы...
2026-10-03 19:07:07,822 - DEBUG - [global] needs_update: raw → 5.13.09
2026-10-03 19:07:08,002 - DEBUG - [global] needs_update: API → 5.13.09
2026-10-03 19:07:08,002 - DEBUG - [global] needs_update: лучший источник raw → 5.13.09 (из 2)
2026-10-03 19:07:08,003 - INFO - [global] needs_update: local=(5, 13, 7) remote=(5, 13, 9) -> has_update=True
2026-10-03 19:07:08,003 - INFO - [global] Доступна обнова! Спавню кнопку
2026-10-03 19:07:08,414 - DEBUG - [global] _api_put: PUT runs/20261003_190705_fail_periodic.log -> 409 (12833 bytes)
2026-10-03 19:07:08,415 - WARNING - [global] _api_put: PUT failed body: {"message":"is at 259e29dcc9afcc35e87ae0562326106f9dee7d15 but expected 3999efbcbd59e4c34b945fb1dafa5c9b9276b810","documentation_url":"https://docs.github.com/rest/repos/contents#create-or-update-file
2026-10-03 19:07:08,428 - DEBUG - [global] log_uploader: STEP 1 (window log) -> FAILED
2026-10-03 19:07:08,430 - DEBUG - [global] log_uploader: STEP 2 SKIP (no PNGs)
