=== Log tail 2026-09-15T02:30:06.456000 | last 200 lines ===
2026-09-15 02:21:30,733 - DEBUG - [global] log_uploader: STEP 3 (global log) -> https://github.com/StarateJI/L2Mauto/blob/bot-logs/runs/20260915_022126_fail_global.log
2026-09-15 02:21:30,733 - DEBUG - [global] log_uploader: END window=periodic
2026-09-15 02:21:30,734 - INFO - [global] LogUploader: upload_run_logs завершён
2026-09-15 02:21:30,932 - DEBUG - [global] needs_update: raw → 5.4.0
2026-09-15 02:21:31,749 - DEBUG - [global] needs_update: API GitHub → 5.4.0
2026-09-15 02:21:32,451 - DEBUG - [global] needs_update: jsdelivr → 5.1.7
2026-09-15 02:21:32,451 - DEBUG - [global] needs_update: лучший источник raw → 5.4.0 (из 3)
2026-09-15 02:21:32,453 - INFO - [global] needs_update: local=(5, 4, 0) remote=(5, 4, 0) -> has_update=False
2026-09-15 02:21:32,453 - INFO - [global] Установлена последняя версия бота | 5.4.0
2026-09-15 02:22:02,474 - INFO - [global] Проверяю обновы...
2026-09-15 02:22:03,155 - DEBUG - [global] needs_update: raw → 5.4.0
2026-09-15 02:22:03,972 - DEBUG - [global] needs_update: API GitHub → 5.4.0
2026-09-15 02:22:04,654 - DEBUG - [global] needs_update: jsdelivr → 5.1.7
2026-09-15 02:22:04,654 - DEBUG - [global] needs_update: лучший источник raw → 5.4.0 (из 3)
2026-09-15 02:22:04,656 - INFO - [global] needs_update: local=(5, 4, 0) remote=(5, 4, 0) -> has_update=False
2026-09-15 02:22:04,657 - INFO - [global] Установлена последняя версия бота | 5.4.0
2026-09-15 02:22:30,771 - INFO - [global] LogUploader: запускаю upload_run_logs...
2026-09-15 02:22:30,771 - DEBUG - [global] log_uploader: START window=periodic made=-1 token=...Rjnfq
2026-09-15 02:22:31,687 - DEBUG - [global] _api_put: GET runs/20260915_022230_fail_periodic.log -> 200
2026-09-15 02:22:33,074 - DEBUG - [global] _api_put: PUT runs/20260915_022230_fail_periodic.log -> 200 (6406 bytes)
2026-09-15 02:22:33,077 - DEBUG - [global] log_uploader: STEP 1 (window log) -> https://github.com/StarateJI/L2Mauto/blob/bot-logs/runs/20260915_022230_fail_periodic.log
2026-09-15 02:22:33,078 - DEBUG - [global] log_uploader: STEP 2 SKIP (no PNGs)
2026-09-15 02:22:34,119 - DEBUG - [global] _api_put: GET runs/20260915_022230_fail_global.log -> 200
2026-09-15 02:22:34,678 - INFO - [global] Проверяю обновы...
2026-09-15 02:22:35,541 - DEBUG - [global] needs_update: raw → 5.4.0
2026-09-15 02:22:35,610 - DEBUG - [global] _api_put: PUT runs/20260915_022230_fail_global.log -> 200 (21489 bytes)
2026-09-15 02:22:35,612 - DEBUG - [global] log_uploader: STEP 3 (global log) -> https://github.com/StarateJI/L2Mauto/blob/bot-logs/runs/20260915_022230_fail_global.log
2026-09-15 02:22:35,613 - DEBUG - [global] log_uploader: END window=periodic
2026-09-15 02:22:35,613 - INFO - [global] LogUploader: upload_run_logs завершён
2026-09-15 02:22:36,432 - DEBUG - [global] needs_update: API GitHub → 5.4.0
2026-09-15 02:22:37,136 - DEBUG - [global] needs_update: jsdelivr → 5.1.7
2026-09-15 02:22:37,137 - DEBUG - [global] needs_update: лучший источник raw → 5.4.0 (из 3)
2026-09-15 02:22:37,139 - INFO - [global] needs_update: local=(5, 4, 0) remote=(5, 4, 0) -> has_update=False
2026-09-15 02:22:37,139 - INFO - [global] Установлена последняя версия бота | 5.4.0
2026-09-15 02:23:07,157 - INFO - [global] Проверяю обновы...
2026-09-15 02:23:07,829 - DEBUG - [global] needs_update: raw → 5.4.0
2026-09-15 02:23:08,701 - DEBUG - [global] needs_update: API GitHub → 5.4.0
2026-09-15 02:23:09,380 - DEBUG - [global] needs_update: jsdelivr → 5.1.7
2026-09-15 02:23:09,381 - DEBUG - [global] needs_update: лучший источник raw → 5.4.0 (из 3)
2026-09-15 02:23:09,383 - INFO - [global] needs_update: local=(5, 4, 0) remote=(5, 4, 0) -> has_update=False
2026-09-15 02:23:09,383 - INFO - [global] Установлена последняя версия бота | 5.4.0
2026-09-15 02:23:35,666 - INFO - [global] LogUploader: запускаю upload_run_logs...
2026-09-15 02:23:35,667 - DEBUG - [global] log_uploader: START window=periodic made=-1 token=...Rjnfq
2026-09-15 02:23:36,456 - DEBUG - [global] _api_put: GET runs/20260915_022335_fail_periodic.log -> 404
2026-09-15 02:23:37,365 - DEBUG - [global] _api_put: PUT runs/20260915_022335_fail_periodic.log -> 422 (6406 bytes)
2026-09-15 02:23:37,365 - WARNING - [global] _api_put: PUT failed body: {"message":"Invalid request.\n\n\"sha\" wasn't supplied.","documentation_url":"https://docs.github.com/rest/repos/contents#create-or-update-file-contents","status":"422"}
2026-09-15 02:23:37,366 - DEBUG - [global] log_uploader: STEP 1 (window log) -> FAILED
2026-09-15 02:23:37,367 - DEBUG - [global] log_uploader: STEP 2 SKIP (no PNGs)
2026-09-15 02:23:38,202 - DEBUG - [global] _api_put: GET runs/20260915_022335_fail_global.log -> 404
2026-09-15 02:23:39,408 - INFO - [global] Проверяю обновы...
2026-09-15 02:23:39,645 - DEBUG - [global] _api_put: PUT runs/20260915_022335_fail_global.log -> 409 (21179 bytes)
2026-09-15 02:23:39,645 - WARNING - [global] _api_put: PUT failed body: {"message":"is at dc7f4bc05e71cdb6895051f656588e540199355b but expected 5d59d3d07a8e6f73a4c0feafcdf681a15cb40660","documentation_url":"https://docs.github.com/rest/repos/contents#create-or-update-file
2026-09-15 02:23:39,647 - DEBUG - [global] log_uploader: STEP 3 (global log) -> FAILED
2026-09-15 02:23:39,648 - DEBUG - [global] log_uploader: END window=periodic
2026-09-15 02:23:39,648 - INFO - [global] LogUploader: upload_run_logs завершён
2026-09-15 02:23:40,100 - DEBUG - [global] needs_update: raw → 5.4.0
2026-09-15 02:23:40,921 - DEBUG - [global] needs_update: API GitHub → 5.4.0
2026-09-15 02:23:41,600 - DEBUG - [global] needs_update: jsdelivr → 5.1.7
2026-09-15 02:23:41,600 - DEBUG - [global] needs_update: лучший источник raw → 5.4.0 (из 3)
2026-09-15 02:23:41,602 - INFO - [global] needs_update: local=(5, 4, 0) remote=(5, 4, 0) -> has_update=False
2026-09-15 02:23:41,603 - INFO - [global] Установлена последняя версия бота | 5.4.0
2026-09-15 02:24:11,620 - INFO - [global] Проверяю обновы...
2026-09-15 02:24:12,301 - DEBUG - [global] needs_update: raw → 5.4.0
2026-09-15 02:24:13,143 - DEBUG - [global] needs_update: API GitHub → 5.4.0
2026-09-15 02:24:13,832 - DEBUG - [global] needs_update: jsdelivr → 5.1.7
2026-09-15 02:24:13,832 - DEBUG - [global] needs_update: лучший источник raw → 5.4.0 (из 3)
2026-09-15 02:24:13,834 - INFO - [global] needs_update: local=(5, 4, 0) remote=(5, 4, 0) -> has_update=False
2026-09-15 02:24:13,835 - INFO - [global] Установлена последняя версия бота | 5.4.0
2026-09-15 02:24:39,685 - INFO - [global] LogUploader: запускаю upload_run_logs...
2026-09-15 02:24:39,687 - DEBUG - [global] log_uploader: START window=periodic made=-1 token=...Rjnfq
2026-09-15 02:24:40,588 - DEBUG - [global] _api_put: GET runs/20260915_022439_fail_periodic.log -> 404
2026-09-15 02:24:41,973 - DEBUG - [global] _api_put: PUT runs/20260915_022439_fail_periodic.log -> 409 (6406 bytes)
2026-09-15 02:24:41,974 - WARNING - [global] _api_put: PUT failed body: {"message":"is at a3f222c680f0c0cb42bd99970b73676bcb1dd38c but expected b4620a7786aa2db8f688725cfe96f3e46d5004cd","documentation_url":"https://docs.github.com/rest/repos/contents#create-or-update-file
2026-09-15 02:24:41,975 - DEBUG - [global] log_uploader: STEP 1 (window log) -> FAILED
2026-09-15 02:24:41,975 - DEBUG - [global] log_uploader: STEP 2 SKIP (no PNGs)
2026-09-15 02:24:42,861 - DEBUG - [global] _api_put: GET runs/20260915_022439_fail_global.log -> 404
2026-09-15 02:24:43,854 - INFO - [global] Проверяю обновы...
2026-09-15 02:24:44,461 - DEBUG - [global] _api_put: PUT runs/20260915_022439_fail_global.log -> 201 (21177 bytes)
2026-09-15 02:24:44,463 - DEBUG - [global] log_uploader: STEP 3 (global log) -> https://github.com/StarateJI/L2Mauto/blob/bot-logs/runs/20260915_022439_fail_global.log
2026-09-15 02:24:44,464 - DEBUG - [global] log_uploader: END window=periodic
2026-09-15 02:24:44,464 - INFO - [global] LogUploader: upload_run_logs завершён
2026-09-15 02:24:44,549 - DEBUG - [global] needs_update: raw → 5.4.0
2026-09-15 02:24:45,398 - DEBUG - [global] needs_update: API GitHub → 5.4.0
2026-09-15 02:24:46,100 - DEBUG - [global] needs_update: jsdelivr → 5.1.7
2026-09-15 02:24:46,100 - DEBUG - [global] needs_update: лучший источник raw → 5.4.0 (из 3)
2026-09-15 02:24:46,101 - INFO - [global] needs_update: local=(5, 4, 0) remote=(5, 4, 0) -> has_update=False
2026-09-15 02:24:46,102 - INFO - [global] Установлена последняя версия бота | 5.4.0
2026-09-15 02:25:16,121 - INFO - [global] Проверяю обновы...
2026-09-15 02:25:16,831 - DEBUG - [global] needs_update: raw → 5.4.0
2026-09-15 02:25:17,708 - DEBUG - [global] needs_update: API GitHub → 5.4.0
2026-09-15 02:25:18,386 - DEBUG - [global] needs_update: jsdelivr → 5.1.7
2026-09-15 02:25:18,386 - DEBUG - [global] needs_update: лучший источник raw → 5.4.0 (из 3)
2026-09-15 02:25:18,388 - INFO - [global] needs_update: local=(5, 4, 0) remote=(5, 4, 0) -> has_update=False
2026-09-15 02:25:18,389 - INFO - [global] Установлена последняя версия бота | 5.4.0
2026-09-15 02:25:44,511 - INFO - [global] LogUploader: запускаю upload_run_logs...
2026-09-15 02:25:44,513 - DEBUG - [global] log_uploader: START window=periodic made=-1 token=...Rjnfq
2026-09-15 02:25:45,378 - DEBUG - [global] _api_put: GET runs/20260915_022544_fail_periodic.log -> 404
2026-09-15 02:25:46,753 - DEBUG - [global] _api_put: PUT runs/20260915_022544_fail_periodic.log -> 201 (6406 bytes)
2026-09-15 02:25:46,754 - DEBUG - [global] log_uploader: STEP 1 (window log) -> https://github.com/StarateJI/L2Mauto/blob/bot-logs/runs/20260915_022544_fail_periodic.log
2026-09-15 02:25:46,755 - DEBUG - [global] log_uploader: STEP 2 SKIP (no PNGs)
2026-09-15 02:25:47,697 - DEBUG - [global] _api_put: GET runs/20260915_022544_fail_global.log -> 404
2026-09-15 02:25:48,411 - INFO - [global] Проверяю обновы...
2026-09-15 02:25:49,157 - DEBUG - [global] needs_update: raw → 5.4.0
2026-09-15 02:25:49,169 - DEBUG - [global] _api_put: PUT runs/20260915_022544_fail_global.log -> 201 (20977 bytes)
2026-09-15 02:25:49,171 - DEBUG - [global] log_uploader: STEP 3 (global log) -> https://github.com/StarateJI/L2Mauto/blob/bot-logs/runs/20260915_022544_fail_global.log
2026-09-15 02:25:49,171 - DEBUG - [global] log_uploader: END window=periodic
2026-09-15 02:25:49,171 - INFO - [global] LogUploader: upload_run_logs завершён
2026-09-15 02:25:50,081 - DEBUG - [global] needs_update: API GitHub → 5.4.0
2026-09-15 02:25:50,799 - DEBUG - [global] needs_update: jsdelivr → 5.1.7
2026-09-15 02:25:50,799 - DEBUG - [global] needs_update: лучший источник raw → 5.4.0 (из 3)
2026-09-15 02:25:50,801 - INFO - [global] needs_update: local=(5, 4, 0) remote=(5, 4, 0) -> has_update=False
2026-09-15 02:25:50,802 - INFO - [global] Установлена последняя версия бота | 5.4.0
2026-09-15 02:26:20,818 - INFO - [global] Проверяю обновы...
2026-09-15 02:26:21,517 - DEBUG - [global] needs_update: raw → 5.4.0
2026-09-15 02:26:22,357 - DEBUG - [global] needs_update: API GitHub → 5.4.0
2026-09-15 02:26:23,031 - DEBUG - [global] needs_update: jsdelivr → 5.1.7
2026-09-15 02:26:23,031 - DEBUG - [global] needs_update: лучший источник raw → 5.4.0 (из 3)
2026-09-15 02:26:23,033 - INFO - [global] needs_update: local=(5, 4, 0) remote=(5, 4, 0) -> has_update=False
2026-09-15 02:26:23,033 - INFO - [global] Установлена последняя версия бота | 5.4.0
2026-09-15 02:26:49,207 - INFO - [global] LogUploader: запускаю upload_run_logs...
2026-09-15 02:26:49,208 - DEBUG - [global] log_uploader: START window=periodic made=-1 token=...Rjnfq
2026-09-15 02:26:50,088 - DEBUG - [global] _api_put: GET runs/20260915_022649_fail_periodic.log -> 404
2026-09-15 02:26:51,418 - DEBUG - [global] _api_put: PUT runs/20260915_022649_fail_periodic.log -> 201 (6406 bytes)
2026-09-15 02:26:51,420 - DEBUG - [global] log_uploader: STEP 1 (window log) -> https://github.com/StarateJI/L2Mauto/blob/bot-logs/runs/20260915_022649_fail_periodic.log
2026-09-15 02:26:51,421 - DEBUG - [global] log_uploader: STEP 2 SKIP (no PNGs)
2026-09-15 02:26:52,311 - DEBUG - [global] _api_put: GET runs/20260915_022649_fail_global.log -> 404
2026-09-15 02:26:53,065 - INFO - [global] Проверяю обновы...
2026-09-15 02:26:53,778 - DEBUG - [global] needs_update: raw → 5.4.0
2026-09-15 02:26:54,035 - DEBUG - [global] _api_put: PUT runs/20260915_022649_fail_global.log -> 201 (20993 bytes)
2026-09-15 02:26:54,037 - DEBUG - [global] log_uploader: STEP 3 (global log) -> https://github.com/StarateJI/L2Mauto/blob/bot-logs/runs/20260915_022649_fail_global.log
2026-09-15 02:26:54,037 - DEBUG - [global] log_uploader: END window=periodic
2026-09-15 02:26:54,037 - INFO - [global] LogUploader: upload_run_logs завершён
2026-09-15 02:26:54,665 - DEBUG - [global] needs_update: API GitHub → 5.4.0
2026-09-15 02:26:55,374 - DEBUG - [global] needs_update: jsdelivr → 5.1.7
2026-09-15 02:26:55,374 - DEBUG - [global] needs_update: лучший источник raw → 5.4.0 (из 3)
2026-09-15 02:26:55,376 - INFO - [global] needs_update: local=(5, 4, 0) remote=(5, 4, 0) -> has_update=False
2026-09-15 02:26:55,377 - INFO - [global] Установлена последняя версия бота | 5.4.0
2026-09-15 02:27:25,397 - INFO - [global] Проверяю обновы...
2026-09-15 02:27:26,051 - DEBUG - [global] needs_update: raw → 5.4.0
2026-09-15 02:27:26,902 - DEBUG - [global] needs_update: API GitHub → 5.4.0
2026-09-15 02:27:27,590 - DEBUG - [global] needs_update: jsdelivr → 5.1.7
2026-09-15 02:27:27,590 - DEBUG - [global] needs_update: лучший источник raw → 5.4.0 (из 3)
2026-09-15 02:27:27,593 - INFO - [global] needs_update: local=(5, 4, 0) remote=(5, 4, 0) -> has_update=False
2026-09-15 02:27:27,594 - INFO - [global] Установлена последняя версия бота | 5.4.0
2026-09-15 02:27:54,075 - INFO - [global] LogUploader: запускаю upload_run_logs...
2026-09-15 02:27:54,076 - DEBUG - [global] log_uploader: START window=periodic made=-1 token=...Rjnfq
2026-09-15 02:27:54,943 - DEBUG - [global] _api_put: GET runs/20260915_022754_fail_periodic.log -> 404
2026-09-15 02:27:56,534 - DEBUG - [global] _api_put: PUT runs/20260915_022754_fail_periodic.log -> 201 (6406 bytes)
2026-09-15 02:27:56,536 - DEBUG - [global] log_uploader: STEP 1 (window log) -> https://github.com/StarateJI/L2Mauto/blob/bot-logs/runs/20260915_022754_fail_periodic.log
2026-09-15 02:27:56,536 - DEBUG - [global] log_uploader: STEP 2 SKIP (no PNGs)
2026-09-15 02:27:57,435 - DEBUG - [global] _api_put: GET runs/20260915_022754_fail_global.log -> 404
2026-09-15 02:27:57,619 - INFO - [global] Проверяю обновы...
2026-09-15 02:27:58,554 - DEBUG - [global] needs_update: raw → 5.4.0
2026-09-15 02:27:59,393 - DEBUG - [global] _api_put: PUT runs/20260915_022754_fail_global.log -> 201 (20635 bytes)
2026-09-15 02:27:59,395 - DEBUG - [global] log_uploader: STEP 3 (global log) -> https://github.com/StarateJI/L2Mauto/blob/bot-logs/runs/20260915_022754_fail_global.log
2026-09-15 02:27:59,395 - DEBUG - [global] log_uploader: END window=periodic
2026-09-15 02:27:59,395 - INFO - [global] LogUploader: upload_run_logs завершён
2026-09-15 02:27:59,401 - DEBUG - [global] needs_update: API GitHub → 5.4.0
2026-09-15 02:28:00,095 - DEBUG - [global] needs_update: jsdelivr → 5.1.7
2026-09-15 02:28:00,095 - DEBUG - [global] needs_update: лучший источник raw → 5.4.0 (из 3)
2026-09-15 02:28:00,097 - INFO - [global] needs_update: local=(5, 4, 0) remote=(5, 4, 0) -> has_update=False
2026-09-15 02:28:00,098 - INFO - [global] Установлена последняя версия бота | 5.4.0
2026-09-15 02:28:30,113 - INFO - [global] Проверяю обновы...
2026-09-15 02:28:30,825 - DEBUG - [global] needs_update: raw → 5.4.0
2026-09-15 02:28:31,669 - DEBUG - [global] needs_update: API GitHub → 5.4.0
2026-09-15 02:28:32,363 - DEBUG - [global] needs_update: jsdelivr → 5.1.7
2026-09-15 02:28:32,363 - DEBUG - [global] needs_update: лучший источник raw → 5.4.0 (из 3)
2026-09-15 02:28:32,366 - INFO - [global] needs_update: local=(5, 4, 0) remote=(5, 4, 0) -> has_update=False
2026-09-15 02:28:32,367 - INFO - [global] Установлена последняя версия бота | 5.4.0
2026-09-15 02:28:59,432 - INFO - [global] LogUploader: запускаю upload_run_logs...
2026-09-15 02:28:59,433 - DEBUG - [global] log_uploader: START window=periodic made=-1 token=...Rjnfq
2026-09-15 02:29:00,267 - DEBUG - [global] _api_put: GET runs/20260915_022859_fail_periodic.log -> 404
2026-09-15 02:29:01,748 - DEBUG - [global] _api_put: PUT runs/20260915_022859_fail_periodic.log -> 201 (6406 bytes)
2026-09-15 02:29:01,751 - DEBUG - [global] log_uploader: STEP 1 (window log) -> https://github.com/StarateJI/L2Mauto/blob/bot-logs/runs/20260915_022859_fail_periodic.log
2026-09-15 02:29:01,752 - DEBUG - [global] log_uploader: STEP 2 SKIP (no PNGs)
2026-09-15 02:29:02,386 - INFO - [global] Проверяю обновы...
2026-09-15 02:29:02,624 - DEBUG - [global] _api_put: GET runs/20260915_022859_fail_global.log -> 404
2026-09-15 02:29:03,141 - DEBUG - [global] needs_update: raw → 5.4.0
2026-09-15 02:29:04,002 - DEBUG - [global] needs_update: API GitHub → 5.4.0
2026-09-15 02:29:04,204 - DEBUG - [global] _api_put: PUT runs/20260915_022859_fail_global.log -> 201 (20276 bytes)
2026-09-15 02:29:04,206 - DEBUG - [global] log_uploader: STEP 3 (global log) -> https://github.com/StarateJI/L2Mauto/blob/bot-logs/runs/20260915_022859_fail_global.log
2026-09-15 02:29:04,206 - DEBUG - [global] log_uploader: END window=periodic
2026-09-15 02:29:04,206 - INFO - [global] LogUploader: upload_run_logs завершён
2026-09-15 02:29:04,689 - DEBUG - [global] needs_update: jsdelivr → 5.1.7
2026-09-15 02:29:04,689 - DEBUG - [global] needs_update: лучший источник raw → 5.4.0 (из 3)
2026-09-15 02:29:04,691 - INFO - [global] needs_update: local=(5, 4, 0) remote=(5, 4, 0) -> has_update=False
2026-09-15 02:29:04,693 - INFO - [global] Установлена последняя версия бота | 5.4.0
2026-09-15 02:29:34,709 - INFO - [global] Проверяю обновы...
2026-09-15 02:29:35,386 - DEBUG - [global] needs_update: raw → 5.4.0
2026-09-15 02:29:36,252 - DEBUG - [global] needs_update: API GitHub → 5.4.0
2026-09-15 02:29:36,907 - DEBUG - [global] needs_update: jsdelivr → 5.1.7
2026-09-15 02:29:36,907 - DEBUG - [global] needs_update: лучший источник raw → 5.4.0 (из 3)
2026-09-15 02:29:36,909 - INFO - [global] needs_update: local=(5, 4, 0) remote=(5, 4, 0) -> has_update=False
2026-09-15 02:29:36,910 - INFO - [global] Установлена последняя версия бота | 5.4.0
2026-09-15 02:30:04,243 - INFO - [global] LogUploader: запускаю upload_run_logs...
2026-09-15 02:30:04,245 - DEBUG - [global] log_uploader: START window=periodic made=-1 token=...Rjnfq
2026-09-15 02:30:05,125 - DEBUG - [global] _api_put: GET runs/20260915_023004_fail_periodic.log -> 404
2026-09-15 02:30:06,430 - DEBUG - [global] _api_put: PUT runs/20260915_023004_fail_periodic.log -> 201 (6406 bytes)
2026-09-15 02:30:06,431 - DEBUG - [global] log_uploader: STEP 1 (window log) -> https://github.com/StarateJI/L2Mauto/blob/bot-logs/runs/20260915_023004_fail_periodic.log
2026-09-15 02:30:06,432 - DEBUG - [global] log_uploader: STEP 2 SKIP (no PNGs)
