=== Log tail 2026-09-29T16:10:24.644097 | last 200 lines ===
2026-09-29 16:02:47,548 - INFO - [global] Проверяю обновы...
2026-09-29 16:02:48,887 - DEBUG - [global] needs_update: raw → 5.13.09
2026-09-29 16:02:49,424 - DEBUG - [global] needs_update: API → 5.13.09
2026-09-29 16:02:49,425 - DEBUG - [global] needs_update: лучший источник raw → 5.13.09 (из 2)
2026-09-29 16:02:49,426 - INFO - [global] needs_update: local=(5, 13, 7) remote=(5, 13, 9) -> has_update=True
2026-09-29 16:02:49,426 - INFO - [global] Доступна обнова! Спавню кнопку
2026-09-29 16:02:58,177 - INFO - [global] LogUploader: запускаю upload_run_logs...
2026-09-29 16:02:58,178 - DEBUG - [global] log_uploader: START window=periodic made=-1 token=...Rjnfq
2026-09-29 16:03:00,137 - DEBUG - [global] _api_put: GET runs/20260929_160258_fail_periodic.log -> 404
2026-09-29 16:03:03,555 - DEBUG - [global] _api_put: PUT runs/20260929_160258_fail_periodic.log -> 201 (14800 bytes)
2026-09-29 16:03:03,558 - DEBUG - [global] log_uploader: STEP 1 (window log) -> https://github.com/StarateJI/L2Mauto/blob/bot-logs/runs/20260929_160258_fail_periodic.log
2026-09-29 16:03:03,558 - DEBUG - [global] log_uploader: STEP 2 SKIP (no PNGs)
2026-09-29 16:03:05,370 - DEBUG - [global] _api_put: GET runs/20260929_160258_fail_global.log -> 404
2026-09-29 16:03:08,665 - DEBUG - [global] _api_put: PUT runs/20260929_160258_fail_global.log -> 201 (19974 bytes)
2026-09-29 16:03:08,667 - DEBUG - [global] log_uploader: STEP 3 (global log) -> https://github.com/StarateJI/L2Mauto/blob/bot-logs/runs/20260929_160258_fail_global.log
2026-09-29 16:03:08,668 - DEBUG - [global] log_uploader: END window=periodic
2026-09-29 16:03:08,668 - INFO - [global] LogUploader: upload_run_logs завершён
2026-09-29 16:03:19,809 - INFO - [global] Проверяю обновы...
2026-09-29 16:03:20,844 - DEBUG - [global] needs_update: raw → 5.13.09
2026-09-29 16:03:21,108 - DEBUG - [global] needs_update: API → 5.13.09
2026-09-29 16:03:21,109 - DEBUG - [global] needs_update: лучший источник raw → 5.13.09 (из 2)
2026-09-29 16:03:21,110 - INFO - [global] needs_update: local=(5, 13, 7) remote=(5, 13, 9) -> has_update=True
2026-09-29 16:03:21,110 - INFO - [global] Доступна обнова! Спавню кнопку
2026-09-29 16:03:51,609 - INFO - [global] Проверяю обновы...
2026-09-29 16:03:52,819 - DEBUG - [global] needs_update: raw → 5.13.09
2026-09-29 16:03:53,020 - DEBUG - [global] needs_update: API → 5.13.09
2026-09-29 16:03:53,029 - DEBUG - [global] needs_update: лучший источник raw → 5.13.09 (из 2)
2026-09-29 16:03:53,030 - INFO - [global] needs_update: local=(5, 13, 7) remote=(5, 13, 9) -> has_update=True
2026-09-29 16:03:53,030 - INFO - [global] Доступна обнова! Спавню кнопку
2026-09-29 16:04:09,676 - INFO - [global] LogUploader: запускаю upload_run_logs...
2026-09-29 16:04:09,677 - DEBUG - [global] log_uploader: START window=periodic made=-1 token=...Rjnfq
2026-09-29 16:04:11,300 - DEBUG - [global] _api_put: GET runs/20260929_160409_fail_periodic.log -> 404
2026-09-29 16:04:14,787 - DEBUG - [global] _api_put: PUT runs/20260929_160409_fail_periodic.log -> 201 (14800 bytes)
2026-09-29 16:04:14,790 - DEBUG - [global] log_uploader: STEP 1 (window log) -> https://github.com/StarateJI/L2Mauto/blob/bot-logs/runs/20260929_160409_fail_periodic.log
2026-09-29 16:04:14,790 - DEBUG - [global] log_uploader: STEP 2 SKIP (no PNGs)
2026-09-29 16:04:16,437 - DEBUG - [global] _api_put: GET runs/20260929_160409_fail_global.log -> 404
2026-09-29 16:04:19,261 - DEBUG - [global] _api_put: PUT runs/20260929_160409_fail_global.log -> 201 (19974 bytes)
2026-09-29 16:04:19,264 - DEBUG - [global] log_uploader: STEP 3 (global log) -> https://github.com/StarateJI/L2Mauto/blob/bot-logs/runs/20260929_160409_fail_global.log
2026-09-29 16:04:19,265 - DEBUG - [global] log_uploader: END window=periodic
2026-09-29 16:04:19,265 - INFO - [global] LogUploader: upload_run_logs завершён
2026-09-29 16:04:23,496 - INFO - [global] Проверяю обновы...
2026-09-29 16:04:24,518 - DEBUG - [global] needs_update: raw → 5.13.09
2026-09-29 16:04:24,834 - DEBUG - [global] needs_update: API → 5.13.09
2026-09-29 16:04:24,836 - DEBUG - [global] needs_update: лучший источник raw → 5.13.09 (из 2)
2026-09-29 16:04:24,838 - INFO - [global] needs_update: local=(5, 13, 7) remote=(5, 13, 9) -> has_update=True
2026-09-29 16:04:24,838 - INFO - [global] Доступна обнова! Спавню кнопку
2026-09-29 16:04:55,447 - INFO - [global] Проверяю обновы...
2026-09-29 16:04:56,589 - DEBUG - [global] needs_update: raw → 5.13.09
2026-09-29 16:04:56,789 - DEBUG - [global] needs_update: API → 5.13.09
2026-09-29 16:04:56,790 - DEBUG - [global] needs_update: лучший источник raw → 5.13.09 (из 2)
2026-09-29 16:04:56,790 - INFO - [global] needs_update: local=(5, 13, 7) remote=(5, 13, 9) -> has_update=True
2026-09-29 16:04:56,790 - INFO - [global] Доступна обнова! Спавню кнопку
2026-09-29 16:05:20,212 - INFO - [global] LogUploader: запускаю upload_run_logs...
2026-09-29 16:05:20,212 - DEBUG - [global] log_uploader: START window=periodic made=-1 token=...Rjnfq
2026-09-29 16:05:22,073 - DEBUG - [global] _api_put: GET runs/20260929_160520_fail_periodic.log -> 404
2026-09-29 16:05:24,391 - DEBUG - [global] _api_put: PUT runs/20260929_160520_fail_periodic.log -> 201 (14800 bytes)
2026-09-29 16:05:24,393 - DEBUG - [global] log_uploader: STEP 1 (window log) -> https://github.com/StarateJI/L2Mauto/blob/bot-logs/runs/20260929_160520_fail_periodic.log
2026-09-29 16:05:24,394 - DEBUG - [global] log_uploader: STEP 2 SKIP (no PNGs)
2026-09-29 16:05:26,247 - DEBUG - [global] _api_put: GET runs/20260929_160520_fail_global.log -> 404
2026-09-29 16:05:27,353 - INFO - [global] Проверяю обновы...
2026-09-29 16:05:28,643 - DEBUG - [global] needs_update: raw → 5.13.09
2026-09-29 16:05:28,866 - DEBUG - [global] needs_update: API → 5.13.09
2026-09-29 16:05:28,867 - DEBUG - [global] needs_update: лучший источник raw → 5.13.09 (из 2)
2026-09-29 16:05:28,867 - INFO - [global] needs_update: local=(5, 13, 7) remote=(5, 13, 9) -> has_update=True
2026-09-29 16:05:28,867 - INFO - [global] Доступна обнова! Спавню кнопку
2026-09-29 16:05:29,790 - DEBUG - [global] _api_put: PUT runs/20260929_160520_fail_global.log -> 201 (19974 bytes)
2026-09-29 16:05:29,792 - DEBUG - [global] log_uploader: STEP 3 (global log) -> https://github.com/StarateJI/L2Mauto/blob/bot-logs/runs/20260929_160520_fail_global.log
2026-09-29 16:05:29,793 - DEBUG - [global] log_uploader: END window=periodic
2026-09-29 16:05:29,793 - INFO - [global] LogUploader: upload_run_logs завершён
2026-09-29 16:05:59,463 - INFO - [global] Проверяю обновы...
2026-09-29 16:06:00,691 - DEBUG - [global] needs_update: raw → 5.13.09
2026-09-29 16:06:00,903 - DEBUG - [global] needs_update: API → 5.13.09
2026-09-29 16:06:00,903 - DEBUG - [global] needs_update: лучший источник raw → 5.13.09 (из 2)
2026-09-29 16:06:00,903 - INFO - [global] needs_update: local=(5, 13, 7) remote=(5, 13, 9) -> has_update=True
2026-09-29 16:06:00,903 - INFO - [global] Доступна обнова! Спавню кнопку
2026-09-29 16:06:30,766 - INFO - [global] LogUploader: запускаю upload_run_logs...
2026-09-29 16:06:30,767 - DEBUG - [global] log_uploader: START window=periodic made=-1 token=...Rjnfq
2026-09-29 16:06:31,355 - INFO - [global] Проверяю обновы...
2026-09-29 16:06:32,581 - DEBUG - [global] needs_update: raw → 5.13.09
2026-09-29 16:06:32,752 - DEBUG - [global] needs_update: API → 5.13.09
2026-09-29 16:06:32,753 - DEBUG - [global] needs_update: лучший источник raw → 5.13.09 (из 2)
2026-09-29 16:06:32,753 - INFO - [global] needs_update: local=(5, 13, 7) remote=(5, 13, 9) -> has_update=True
2026-09-29 16:06:32,753 - INFO - [global] Доступна обнова! Спавню кнопку
2026-09-29 16:06:32,988 - DEBUG - [global] _api_put: GET runs/20260929_160630_fail_periodic.log -> 404
2026-09-29 16:06:35,990 - DEBUG - [global] _api_put: PUT runs/20260929_160630_fail_periodic.log -> 201 (14800 bytes)
2026-09-29 16:06:35,992 - DEBUG - [global] log_uploader: STEP 1 (window log) -> https://github.com/StarateJI/L2Mauto/blob/bot-logs/runs/20260929_160630_fail_periodic.log
2026-09-29 16:06:35,995 - DEBUG - [global] log_uploader: STEP 2 SKIP (no PNGs)
2026-09-29 16:06:38,003 - DEBUG - [global] _api_put: GET runs/20260929_160630_fail_global.log -> 404
2026-09-29 16:06:40,847 - DEBUG - [global] _api_put: PUT runs/20260929_160630_fail_global.log -> 409 (19974 bytes)
2026-09-29 16:06:40,847 - WARNING - [global] _api_put: PUT failed body: {"message":"is at 36a6200f199b311d9c339ca9cb4504a200d1c69c but expected d0e0720e7e5858a2ec9e922b66e0b30bb556fc87","documentation_url":"https://docs.github.com/rest/repos/contents#create-or-update-file
2026-09-29 16:06:40,849 - DEBUG - [global] log_uploader: STEP 3 (global log) -> FAILED
2026-09-29 16:06:40,849 - DEBUG - [global] log_uploader: END window=periodic
2026-09-29 16:06:40,849 - INFO - [global] LogUploader: upload_run_logs завершён
2026-09-29 16:07:03,235 - INFO - [global] Проверяю обновы...
2026-09-29 16:07:04,394 - DEBUG - [global] needs_update: raw → 5.13.09
2026-09-29 16:07:04,639 - DEBUG - [global] needs_update: API → 5.13.09
2026-09-29 16:07:04,641 - DEBUG - [global] needs_update: лучший источник raw → 5.13.09 (из 2)
2026-09-29 16:07:04,643 - INFO - [global] needs_update: local=(5, 13, 7) remote=(5, 13, 9) -> has_update=True
2026-09-29 16:07:04,643 - INFO - [global] Доступна обнова! Спавню кнопку
2026-09-29 16:07:34,990 - INFO - [global] Проверяю обновы...
2026-09-29 16:07:37,585 - DEBUG - [global] needs_update: API → 5.13.09
2026-09-29 16:07:37,585 - DEBUG - [global] needs_update: raw → 5.13.09
2026-09-29 16:07:37,586 - DEBUG - [global] needs_update: лучший источник API → 5.13.09 (из 2)
2026-09-29 16:07:37,586 - INFO - [global] needs_update: local=(5, 13, 7) remote=(5, 13, 9) -> has_update=True
2026-09-29 16:07:37,586 - INFO - [global] Доступна обнова! Спавню кнопку
2026-09-29 16:07:41,867 - INFO - [global] LogUploader: запускаю upload_run_logs...
2026-09-29 16:07:41,868 - DEBUG - [global] log_uploader: START window=periodic made=-1 token=...Rjnfq
2026-09-29 16:07:43,433 - DEBUG - [global] _api_put: GET runs/20260929_160741_fail_periodic.log -> 404
2026-09-29 16:07:46,218 - DEBUG - [global] _api_put: PUT runs/20260929_160741_fail_periodic.log -> 201 (14800 bytes)
2026-09-29 16:07:46,221 - DEBUG - [global] log_uploader: STEP 1 (window log) -> https://github.com/StarateJI/L2Mauto/blob/bot-logs/runs/20260929_160741_fail_periodic.log
2026-09-29 16:07:46,222 - DEBUG - [global] log_uploader: STEP 2 SKIP (no PNGs)
2026-09-29 16:07:48,057 - DEBUG - [global] _api_put: GET runs/20260929_160741_fail_global.log -> 404
2026-09-29 16:07:51,733 - DEBUG - [global] _api_put: PUT runs/20260929_160741_fail_global.log -> 201 (20063 bytes)
2026-09-29 16:07:51,735 - DEBUG - [global] log_uploader: STEP 3 (global log) -> https://github.com/StarateJI/L2Mauto/blob/bot-logs/runs/20260929_160741_fail_global.log
2026-09-29 16:07:51,735 - DEBUG - [global] log_uploader: END window=periodic
2026-09-29 16:07:51,736 - INFO - [global] LogUploader: upload_run_logs завершён
2026-09-29 16:08:08,020 - INFO - [global] Проверяю обновы...
2026-09-29 16:08:09,067 - DEBUG - [global] needs_update: raw → 5.13.09
2026-09-29 16:08:09,255 - DEBUG - [global] needs_update: API → 5.13.09
2026-09-29 16:08:09,256 - DEBUG - [global] needs_update: лучший источник raw → 5.13.09 (из 2)
2026-09-29 16:08:09,256 - INFO - [global] needs_update: local=(5, 13, 7) remote=(5, 13, 9) -> has_update=True
2026-09-29 16:08:09,256 - INFO - [global] Доступна обнова! Спавню кнопку
2026-09-29 16:08:39,719 - INFO - [global] Проверяю обновы...
2026-09-29 16:08:40,013 - INFO - [global] Пачка 1/20: старт (1 окон: ['ФармерФиола'])
2026-09-29 16:08:40,013 - INFO - [global] Запуск через 3 сек. | ['ФармерФиола']
2026-09-29 16:08:40,642 - DEBUG - [global] needs_update: raw → 5.13.09
2026-09-29 16:08:40,790 - DEBUG - [global] needs_update: API → 5.13.09
2026-09-29 16:08:40,790 - DEBUG - [global] needs_update: лучший источник raw → 5.13.09 (из 2)
2026-09-29 16:08:40,791 - INFO - [global] needs_update: local=(5, 13, 7) remote=(5, 13, 9) -> has_update=True
2026-09-29 16:08:40,791 - INFO - [global] Доступна обнова! Спавню кнопку
2026-09-29 16:08:52,747 - INFO - [global] LogUploader: запускаю upload_run_logs...
2026-09-29 16:08:52,749 - DEBUG - [global] log_uploader: START window=periodic made=-1 token=...Rjnfq
2026-09-29 16:08:54,162 - DEBUG - [global] _api_put: GET runs/20260929_160852_fail_periodic.log -> 404
2026-09-29 16:08:57,097 - DEBUG - [global] _api_put: PUT runs/20260929_160852_fail_periodic.log -> 201 (14800 bytes)
2026-09-29 16:08:57,099 - DEBUG - [global] log_uploader: STEP 1 (window log) -> https://github.com/StarateJI/L2Mauto/blob/bot-logs/runs/20260929_160852_fail_periodic.log
2026-09-29 16:08:57,100 - DEBUG - [global] log_uploader: STEP 2 SKIP (no PNGs)
2026-09-29 16:08:59,069 - DEBUG - [global] _api_put: GET runs/20260929_160852_fail_global.log -> 404
2026-09-29 16:09:01,628 - DEBUG - [global] _api_put: PUT runs/20260929_160852_fail_global.log -> 201 (19992 bytes)
2026-09-29 16:09:01,631 - DEBUG - [global] log_uploader: STEP 3 (global log) -> https://github.com/StarateJI/L2Mauto/blob/bot-logs/runs/20260929_160852_fail_global.log
2026-09-29 16:09:01,632 - DEBUG - [global] log_uploader: END window=periodic
2026-09-29 16:09:01,632 - INFO - [global] LogUploader: upload_run_logs завершён
2026-09-29 16:09:11,232 - INFO - [global] Проверяю обновы...
2026-09-29 16:09:12,270 - DEBUG - [global] needs_update: raw → 5.13.09
2026-09-29 16:09:12,527 - DEBUG - [global] needs_update: API → 5.13.09
2026-09-29 16:09:12,528 - DEBUG - [global] needs_update: лучший источник raw → 5.13.09 (из 2)
2026-09-29 16:09:12,528 - INFO - [global] needs_update: local=(5, 13, 7) remote=(5, 13, 9) -> has_update=True
2026-09-29 16:09:12,528 - INFO - [global] Доступна обнова! Спавню кнопку
2026-09-29 16:09:18,657 - DEBUG - [global] log_uploader: START window=ФармерФиола made=0 token=...Rjnfq
2026-09-29 16:09:19,864 - DEBUG - [global] _api_put: GET runs/20260929_160918_fail_ФармерФиола.log -> 404
2026-09-29 16:09:22,206 - DEBUG - [global] _api_put: PUT runs/20260929_160918_fail_ФармерФиола.log -> 201 (59055 bytes)
2026-09-29 16:09:22,209 - DEBUG - [global] log_uploader: STEP 1 (window log) -> https://github.com/StarateJI/L2Mauto/blob/bot-logs/runs/20260929_160918_fail_%D0%A4%D0%B0%D1%80%D0%BC%D0%B5%D1%80%D0%A4%D0%B8%D0%BE%D0%BB%D0%B0.log
2026-09-29 16:09:23,423 - DEBUG - [global] _api_put: GET debug/ФармерФиола/au_after_tab_sell.png -> 200
2026-09-29 16:09:25,248 - INFO - [global] [-BaseProfile-] Остановил слушалку
2026-09-29 16:09:25,629 - INFO - [global] Пачка 1/20: завершена за 46с
2026-09-29 16:09:26,629 - INFO - [global] Пачка 2/20: старт (1 окон: ['Zakamsk'])
2026-09-29 16:09:26,629 - INFO - [global] Запуск через 3 сек. | ['Zakamsk']
2026-09-29 16:09:28,040 - DEBUG - [global] _api_put: PUT debug/ФармерФиола/au_after_tab_sell.png -> 200 (2372136 bytes)
2026-09-29 16:09:29,381 - DEBUG - [global] _api_put: GET debug/ФармерФиола/au_final_fullscreen.png -> 200
2026-09-29 16:09:34,779 - DEBUG - [global] _api_put: PUT debug/ФармерФиола/au_final_fullscreen.png -> 200 (2295310 bytes)
2026-09-29 16:09:34,784 - DEBUG - [global] log_uploader: STEP 2 (PNGs) -> 2/5 (удалено с диска: 2)
2026-09-29 16:09:36,154 - DEBUG - [global] _api_put: GET runs/20260929_160918_fail_global.log -> 404
2026-09-29 16:09:38,374 - DEBUG - [global] _api_put: PUT runs/20260929_160918_fail_global.log -> 201 (20280 bytes)
2026-09-29 16:09:38,377 - DEBUG - [global] log_uploader: STEP 3 (global log) -> https://github.com/StarateJI/L2Mauto/blob/bot-logs/runs/20260929_160918_fail_global.log
2026-09-29 16:09:38,377 - DEBUG - [global] log_uploader: END window=ФармерФиола
2026-09-29 16:09:42,977 - INFO - [global] Проверяю обновы...
2026-09-29 16:09:44,363 - DEBUG - [global] needs_update: raw → 5.13.09
2026-09-29 16:09:44,615 - DEBUG - [global] needs_update: API → 5.13.09
2026-09-29 16:09:44,616 - DEBUG - [global] needs_update: лучший источник raw → 5.13.09 (из 2)
2026-09-29 16:09:44,617 - INFO - [global] needs_update: local=(5, 13, 7) remote=(5, 13, 9) -> has_update=True
2026-09-29 16:09:44,617 - INFO - [global] Доступна обнова! Спавню кнопку
2026-09-29 16:10:02,666 - INFO - [global] LogUploader: запускаю upload_run_logs...
2026-09-29 16:10:02,667 - DEBUG - [global] log_uploader: START window=periodic made=-1 token=...Rjnfq
2026-09-29 16:10:04,375 - DEBUG - [global] _api_put: GET runs/20260929_161002_fail_periodic.log -> 404
2026-09-29 16:10:07,133 - DEBUG - [global] log_uploader: START window=Zakamsk made=0 token=...Rjnfq
2026-09-29 16:10:07,839 - DEBUG - [global] _api_put: PUT runs/20260929_161002_fail_periodic.log -> 201 (14800 bytes)
2026-09-29 16:10:07,842 - DEBUG - [global] log_uploader: STEP 1 (window log) -> https://github.com/StarateJI/L2Mauto/blob/bot-logs/runs/20260929_161002_fail_periodic.log
2026-09-29 16:10:08,500 - DEBUG - [global] _api_put: GET runs/20260929_161007_fail_Zakamsk.log -> 404
2026-09-29 16:10:10,183 - DEBUG - [global] _api_put: GET debug/periodic/au_after_tab_sell.png -> 200
2026-09-29 16:10:11,411 - DEBUG - [global] _api_put: PUT runs/20260929_161007_fail_Zakamsk.log -> 201 (51831 bytes)
2026-09-29 16:10:11,413 - DEBUG - [global] log_uploader: STEP 1 (window log) -> https://github.com/StarateJI/L2Mauto/blob/bot-logs/runs/20260929_161007_fail_Zakamsk.log
2026-09-29 16:10:12,835 - DEBUG - [global] _api_put: GET debug/Zakamsk/au_after_tab_sell.png -> 200
2026-09-29 16:10:13,865 - INFO - [global] [-BaseProfile-] Остановил слушалку
2026-09-29 16:10:14,253 - INFO - [global] Пачка 2/20: завершена за 48с
2026-09-29 16:10:15,051 - INFO - [global] Проверяю обновы...
2026-09-29 16:10:15,254 - INFO - [global] Пачка 3/20: старт (1 окон: ['Numa'])
2026-09-29 16:10:15,254 - INFO - [global] Запуск через 3 сек. | ['Numa']
2026-09-29 16:10:16,339 - DEBUG - [global] needs_update: raw → 5.13.09
2026-09-29 16:10:16,499 - DEBUG - [global] needs_update: API → 5.13.09
2026-09-29 16:10:16,499 - DEBUG - [global] needs_update: лучший источник raw → 5.13.09 (из 2)
2026-09-29 16:10:16,500 - INFO - [global] needs_update: local=(5, 13, 7) remote=(5, 13, 9) -> has_update=True
2026-09-29 16:10:16,500 - INFO - [global] Доступна обнова! Спавню кнопку
2026-09-29 16:10:16,511 - DEBUG - [global] _api_put: PUT debug/periodic/au_after_tab_sell.png -> 200 (2567207 bytes)
2026-09-29 16:10:17,879 - DEBUG - [global] _api_put: PUT debug/Zakamsk/au_after_tab_sell.png -> 200 (2567207 bytes)
2026-09-29 16:10:18,232 - DEBUG - [global] _api_put: GET debug/periodic/au_final_fullscreen.png -> 200
2026-09-29 16:10:19,156 - DEBUG - [global] _api_put: GET debug/Zakamsk/au_final_fullscreen.png -> 200
2026-09-29 16:10:22,960 - DEBUG - [global] _api_put: PUT debug/periodic/au_final_fullscreen.png -> 409 (2294000 bytes)
2026-09-29 16:10:22,960 - WARNING - [global] _api_put: PUT failed body: {"message":"is at e4b6d4aa523fb9e8634ea4cd46e93202c2319230 but expected 6868bd517350d132e3ea2b7bfd38d2370ba67753","documentation_url":"https://docs.github.com/rest/repos/contents#create-or-update-file
2026-09-29 16:10:22,965 - DEBUG - [global] log_uploader: STEP 2 (PNGs) -> 1/5 (удалено с диска: 1)
2026-09-29 16:10:24,518 - DEBUG - [global] _api_put: PUT debug/Zakamsk/au_final_fullscreen.png -> 200 (2294000 bytes)
2026-09-29 16:10:24,522 - DEBUG - [global] log_uploader: STEP 2 (PNGs) -> 2/5 (удалено с диска: 2)
