=== Log tail 2026-09-23T07:15:40.219945 | last 200 lines ===
2026-09-23 06:04:13,186 - DEBUG - [global] _api_put: GET runs/20260923_060412_fail_periodic.log -> 404
2026-09-23 06:04:14,782 - DEBUG - [global] _api_put: PUT runs/20260923_060412_fail_periodic.log -> 201 (523 bytes)
2026-09-23 06:04:14,785 - DEBUG - [global] log_uploader: STEP 1 (window log) -> https://github.com/StarateJI/L2Mauto/blob/bot-logs/runs/20260923_060412_fail_periodic.log
2026-09-23 06:04:14,785 - DEBUG - [global] log_uploader: STEP 2 SKIP (no PNGs)
2026-09-23 06:04:15,734 - DEBUG - [global] _api_put: GET runs/20260923_060412_fail_global.log -> 404
2026-09-23 06:04:17,489 - DEBUG - [global] _api_put: PUT runs/20260923_060412_fail_global.log -> 201 (21297 bytes)
2026-09-23 06:04:17,491 - DEBUG - [global] log_uploader: STEP 3 (global log) -> https://github.com/StarateJI/L2Mauto/blob/bot-logs/runs/20260923_060412_fail_global.log
2026-09-23 06:04:17,492 - DEBUG - [global] log_uploader: END window=periodic
2026-09-23 06:04:17,492 - INFO - [global] LogUploader: upload_run_logs завершён
2026-09-23 06:09:00,423 - INFO - [global] Проверяю обновы...
2026-09-23 06:09:01,182 - DEBUG - [global] needs_update: raw → 5.11.58
2026-09-23 06:09:01,907 - DEBUG - [global] needs_update: jsdelivr → 5.11.58
2026-09-23 06:09:01,907 - DEBUG - [global] needs_update: лучший источник raw → 5.11.58 (из 2)
2026-09-23 06:09:01,910 - INFO - [global] needs_update: local=(5, 11, 54) remote=(5, 11, 58) -> has_update=True
2026-09-23 06:09:01,910 - INFO - [global] Доступна обнова! Спавню кнопку
2026-09-23 06:09:17,682 - INFO - [global] LogUploader: запускаю upload_run_logs...
2026-09-23 06:09:17,682 - DEBUG - [global] log_uploader: START window=periodic made=-1 token=...Rjnfq
2026-09-23 06:09:18,641 - DEBUG - [global] _api_put: GET runs/20260923_060917_fail_periodic.log -> 404
2026-09-23 06:09:20,176 - DEBUG - [global] _api_put: PUT runs/20260923_060917_fail_periodic.log -> 201 (523 bytes)
2026-09-23 06:09:20,179 - DEBUG - [global] log_uploader: STEP 1 (window log) -> https://github.com/StarateJI/L2Mauto/blob/bot-logs/runs/20260923_060917_fail_periodic.log
2026-09-23 06:09:20,180 - DEBUG - [global] log_uploader: STEP 2 SKIP (no PNGs)
2026-09-23 06:09:21,166 - DEBUG - [global] _api_put: GET runs/20260923_060917_fail_global.log -> 404
2026-09-23 06:09:23,177 - DEBUG - [global] _api_put: PUT runs/20260923_060917_fail_global.log -> 201 (21163 bytes)
2026-09-23 06:09:23,179 - DEBUG - [global] log_uploader: STEP 3 (global log) -> https://github.com/StarateJI/L2Mauto/blob/bot-logs/runs/20260923_060917_fail_global.log
2026-09-23 06:09:23,179 - DEBUG - [global] log_uploader: END window=periodic
2026-09-23 06:09:23,179 - INFO - [global] LogUploader: upload_run_logs завершён
2026-09-23 06:14:23,461 - INFO - [global] LogUploader: запускаю upload_run_logs...
2026-09-23 06:14:23,461 - DEBUG - [global] log_uploader: START window=periodic made=-1 token=...Rjnfq
2026-09-23 06:14:24,411 - DEBUG - [global] _api_put: GET runs/20260923_061423_fail_periodic.log -> 404
2026-09-23 06:14:25,918 - DEBUG - [global] _api_put: PUT runs/20260923_061423_fail_periodic.log -> 201 (523 bytes)
2026-09-23 06:14:25,921 - DEBUG - [global] log_uploader: STEP 1 (window log) -> https://github.com/StarateJI/L2Mauto/blob/bot-logs/runs/20260923_061423_fail_periodic.log
2026-09-23 06:14:25,922 - DEBUG - [global] log_uploader: STEP 2 SKIP (no PNGs)
2026-09-23 06:14:26,917 - DEBUG - [global] _api_put: GET runs/20260923_061423_fail_global.log -> 404
2026-09-23 06:14:29,035 - DEBUG - [global] _api_put: PUT runs/20260923_061423_fail_global.log -> 201 (21297 bytes)
2026-09-23 06:14:29,037 - DEBUG - [global] log_uploader: STEP 3 (global log) -> https://github.com/StarateJI/L2Mauto/blob/bot-logs/runs/20260923_061423_fail_global.log
2026-09-23 06:14:29,037 - DEBUG - [global] log_uploader: END window=periodic
2026-09-23 06:14:29,037 - INFO - [global] LogUploader: upload_run_logs завершён
2026-09-23 06:19:02,469 - INFO - [global] Проверяю обновы...
2026-09-23 06:19:03,224 - DEBUG - [global] needs_update: raw → 5.11.58
2026-09-23 06:19:03,950 - DEBUG - [global] needs_update: jsdelivr → 5.11.58
2026-09-23 06:19:03,951 - DEBUG - [global] needs_update: лучший источник raw → 5.11.58 (из 2)
2026-09-23 06:19:03,952 - INFO - [global] needs_update: local=(5, 11, 54) remote=(5, 11, 58) -> has_update=True
2026-09-23 06:19:03,953 - INFO - [global] Доступна обнова! Спавню кнопку
2026-09-23 06:19:29,227 - INFO - [global] LogUploader: запускаю upload_run_logs...
2026-09-23 06:19:29,227 - DEBUG - [global] log_uploader: START window=periodic made=-1 token=...Rjnfq
2026-09-23 06:19:30,197 - DEBUG - [global] _api_put: GET runs/20260923_061929_fail_periodic.log -> 404
2026-09-23 06:19:31,899 - DEBUG - [global] _api_put: PUT runs/20260923_061929_fail_periodic.log -> 201 (523 bytes)
2026-09-23 06:19:31,901 - DEBUG - [global] log_uploader: STEP 1 (window log) -> https://github.com/StarateJI/L2Mauto/blob/bot-logs/runs/20260923_061929_fail_periodic.log
2026-09-23 06:19:31,902 - DEBUG - [global] log_uploader: STEP 2 SKIP (no PNGs)
2026-09-23 06:19:32,941 - DEBUG - [global] _api_put: GET runs/20260923_061929_fail_global.log -> 404
2026-09-23 06:19:34,823 - DEBUG - [global] _api_put: PUT runs/20260923_061929_fail_global.log -> 201 (21163 bytes)
2026-09-23 06:19:34,825 - DEBUG - [global] log_uploader: STEP 3 (global log) -> https://github.com/StarateJI/L2Mauto/blob/bot-logs/runs/20260923_061929_fail_global.log
2026-09-23 06:19:34,825 - DEBUG - [global] log_uploader: END window=periodic
2026-09-23 06:19:34,826 - INFO - [global] LogUploader: upload_run_logs завершён
2026-09-23 06:24:35,255 - INFO - [global] LogUploader: запускаю upload_run_logs...
2026-09-23 06:24:35,255 - DEBUG - [global] log_uploader: START window=periodic made=-1 token=...Rjnfq
2026-09-23 06:24:36,195 - DEBUG - [global] _api_put: GET runs/20260923_062435_fail_periodic.log -> 404
2026-09-23 06:24:37,840 - DEBUG - [global] _api_put: PUT runs/20260923_062435_fail_periodic.log -> 201 (523 bytes)
2026-09-23 06:24:37,843 - DEBUG - [global] log_uploader: STEP 1 (window log) -> https://github.com/StarateJI/L2Mauto/blob/bot-logs/runs/20260923_062435_fail_periodic.log
2026-09-23 06:24:37,844 - DEBUG - [global] log_uploader: STEP 2 SKIP (no PNGs)
2026-09-23 06:24:38,821 - DEBUG - [global] _api_put: GET runs/20260923_062435_fail_global.log -> 404
2026-09-23 06:24:40,844 - DEBUG - [global] _api_put: PUT runs/20260923_062435_fail_global.log -> 201 (21297 bytes)
2026-09-23 06:24:40,846 - DEBUG - [global] log_uploader: STEP 3 (global log) -> https://github.com/StarateJI/L2Mauto/blob/bot-logs/runs/20260923_062435_fail_global.log
2026-09-23 06:24:40,846 - DEBUG - [global] log_uploader: END window=periodic
2026-09-23 06:24:40,846 - INFO - [global] LogUploader: upload_run_logs завершён
2026-09-23 06:29:04,510 - INFO - [global] Проверяю обновы...
2026-09-23 06:29:05,279 - DEBUG - [global] needs_update: raw → 5.11.58
2026-09-23 06:29:06,098 - DEBUG - [global] needs_update: jsdelivr → 5.11.58
2026-09-23 06:29:06,098 - DEBUG - [global] needs_update: лучший источник raw → 5.11.58 (из 2)
2026-09-23 06:29:06,100 - INFO - [global] needs_update: local=(5, 11, 54) remote=(5, 11, 58) -> has_update=True
2026-09-23 06:29:06,100 - INFO - [global] Доступна обнова! Спавню кнопку
2026-09-23 06:29:41,071 - INFO - [global] LogUploader: запускаю upload_run_logs...
2026-09-23 06:29:41,072 - DEBUG - [global] log_uploader: START window=periodic made=-1 token=...Rjnfq
2026-09-23 06:29:42,061 - DEBUG - [global] _api_put: GET runs/20260923_062941_fail_periodic.log -> 404
2026-09-23 06:29:43,604 - DEBUG - [global] _api_put: PUT runs/20260923_062941_fail_periodic.log -> 201 (523 bytes)
2026-09-23 06:29:43,607 - DEBUG - [global] log_uploader: STEP 1 (window log) -> https://github.com/StarateJI/L2Mauto/blob/bot-logs/runs/20260923_062941_fail_periodic.log
2026-09-23 06:29:43,608 - DEBUG - [global] log_uploader: STEP 2 SKIP (no PNGs)
2026-09-23 06:29:44,654 - DEBUG - [global] _api_put: GET runs/20260923_062941_fail_global.log -> 404
2026-09-23 06:29:46,446 - DEBUG - [global] _api_put: PUT runs/20260923_062941_fail_global.log -> 201 (21163 bytes)
2026-09-23 06:29:46,448 - DEBUG - [global] log_uploader: STEP 3 (global log) -> https://github.com/StarateJI/L2Mauto/blob/bot-logs/runs/20260923_062941_fail_global.log
2026-09-23 06:29:46,448 - DEBUG - [global] log_uploader: END window=periodic
2026-09-23 06:29:46,448 - INFO - [global] LogUploader: upload_run_logs завершён
2026-09-23 06:34:47,321 - INFO - [global] LogUploader: запускаю upload_run_logs...
2026-09-23 06:34:47,322 - DEBUG - [global] log_uploader: START window=periodic made=-1 token=...Rjnfq
2026-09-23 06:34:48,344 - DEBUG - [global] _api_put: GET runs/20260923_063447_fail_periodic.log -> 404
2026-09-23 06:34:49,989 - DEBUG - [global] _api_put: PUT runs/20260923_063447_fail_periodic.log -> 201 (523 bytes)
2026-09-23 06:34:49,991 - DEBUG - [global] log_uploader: STEP 1 (window log) -> https://github.com/StarateJI/L2Mauto/blob/bot-logs/runs/20260923_063447_fail_periodic.log
2026-09-23 06:34:49,992 - DEBUG - [global] log_uploader: STEP 2 SKIP (no PNGs)
2026-09-23 06:34:51,040 - DEBUG - [global] _api_put: GET runs/20260923_063447_fail_global.log -> 404
2026-09-23 06:34:52,848 - DEBUG - [global] _api_put: PUT runs/20260923_063447_fail_global.log -> 201 (21297 bytes)
2026-09-23 06:34:52,850 - DEBUG - [global] log_uploader: STEP 3 (global log) -> https://github.com/StarateJI/L2Mauto/blob/bot-logs/runs/20260923_063447_fail_global.log
2026-09-23 06:34:52,850 - DEBUG - [global] log_uploader: END window=periodic
2026-09-23 06:34:52,850 - INFO - [global] LogUploader: upload_run_logs завершён
2026-09-23 06:39:07,156 - INFO - [global] Проверяю обновы...
2026-09-23 06:39:07,960 - DEBUG - [global] needs_update: raw → 5.11.58
2026-09-23 06:39:08,765 - DEBUG - [global] needs_update: jsdelivr → 5.11.58
2026-09-23 06:39:08,765 - DEBUG - [global] needs_update: лучший источник raw → 5.11.58 (из 2)
2026-09-23 06:39:08,768 - INFO - [global] needs_update: local=(5, 11, 54) remote=(5, 11, 58) -> has_update=True
2026-09-23 06:39:08,768 - INFO - [global] Доступна обнова! Спавню кнопку
2026-09-23 06:39:53,070 - INFO - [global] LogUploader: запускаю upload_run_logs...
2026-09-23 06:39:53,071 - DEBUG - [global] log_uploader: START window=periodic made=-1 token=...Rjnfq
2026-09-23 06:39:54,151 - DEBUG - [global] _api_put: GET runs/20260923_063953_fail_periodic.log -> 404
2026-09-23 06:39:55,846 - DEBUG - [global] _api_put: PUT runs/20260923_063953_fail_periodic.log -> 201 (523 bytes)
2026-09-23 06:39:55,850 - DEBUG - [global] log_uploader: STEP 1 (window log) -> https://github.com/StarateJI/L2Mauto/blob/bot-logs/runs/20260923_063953_fail_periodic.log
2026-09-23 06:39:55,851 - DEBUG - [global] log_uploader: STEP 2 SKIP (no PNGs)
2026-09-23 06:39:56,919 - DEBUG - [global] _api_put: GET runs/20260923_063953_fail_global.log -> 404
2026-09-23 06:39:58,714 - DEBUG - [global] _api_put: PUT runs/20260923_063953_fail_global.log -> 201 (21163 bytes)
2026-09-23 06:39:58,717 - DEBUG - [global] log_uploader: STEP 3 (global log) -> https://github.com/StarateJI/L2Mauto/blob/bot-logs/runs/20260923_063953_fail_global.log
2026-09-23 06:39:58,717 - DEBUG - [global] log_uploader: END window=periodic
2026-09-23 06:39:58,717 - INFO - [global] LogUploader: upload_run_logs завершён
2026-09-23 06:44:59,431 - INFO - [global] LogUploader: запускаю upload_run_logs...
2026-09-23 06:44:59,432 - DEBUG - [global] log_uploader: START window=periodic made=-1 token=...Rjnfq
2026-09-23 06:45:00,554 - DEBUG - [global] _api_put: GET runs/20260923_064459_fail_periodic.log -> 404
2026-09-23 06:45:02,111 - DEBUG - [global] _api_put: PUT runs/20260923_064459_fail_periodic.log -> 201 (523 bytes)
2026-09-23 06:45:02,114 - DEBUG - [global] log_uploader: STEP 1 (window log) -> https://github.com/StarateJI/L2Mauto/blob/bot-logs/runs/20260923_064459_fail_periodic.log
2026-09-23 06:45:02,115 - DEBUG - [global] log_uploader: STEP 2 SKIP (no PNGs)
2026-09-23 06:45:03,121 - DEBUG - [global] _api_put: GET runs/20260923_064459_fail_global.log -> 404
2026-09-23 06:45:05,067 - DEBUG - [global] _api_put: PUT runs/20260923_064459_fail_global.log -> 201 (21297 bytes)
2026-09-23 06:45:05,070 - DEBUG - [global] log_uploader: STEP 3 (global log) -> https://github.com/StarateJI/L2Mauto/blob/bot-logs/runs/20260923_064459_fail_global.log
2026-09-23 06:45:05,071 - DEBUG - [global] log_uploader: END window=periodic
2026-09-23 06:45:05,071 - INFO - [global] LogUploader: upload_run_logs завершён
2026-09-23 06:49:09,611 - INFO - [global] Проверяю обновы...
2026-09-23 06:49:10,433 - DEBUG - [global] needs_update: raw → 5.11.58
2026-09-23 06:49:11,245 - DEBUG - [global] needs_update: jsdelivr → 5.11.58
2026-09-23 06:49:11,245 - DEBUG - [global] needs_update: лучший источник raw → 5.11.58 (из 2)
2026-09-23 06:49:11,247 - INFO - [global] needs_update: local=(5, 11, 54) remote=(5, 11, 58) -> has_update=True
2026-09-23 06:49:11,247 - INFO - [global] Доступна обнова! Спавню кнопку
2026-09-23 06:50:05,309 - INFO - [global] LogUploader: запускаю upload_run_logs...
2026-09-23 06:50:05,310 - DEBUG - [global] log_uploader: START window=periodic made=-1 token=...Rjnfq
2026-09-23 06:50:06,385 - DEBUG - [global] _api_put: GET runs/20260923_065005_fail_periodic.log -> 404
2026-09-23 06:50:08,171 - DEBUG - [global] _api_put: PUT runs/20260923_065005_fail_periodic.log -> 201 (523 bytes)
2026-09-23 06:50:08,174 - DEBUG - [global] log_uploader: STEP 1 (window log) -> https://github.com/StarateJI/L2Mauto/blob/bot-logs/runs/20260923_065005_fail_periodic.log
2026-09-23 06:50:08,175 - DEBUG - [global] log_uploader: STEP 2 SKIP (no PNGs)
2026-09-23 06:50:09,290 - DEBUG - [global] _api_put: GET runs/20260923_065005_fail_global.log -> 404
2026-09-23 06:50:11,095 - DEBUG - [global] _api_put: PUT runs/20260923_065005_fail_global.log -> 201 (21163 bytes)
2026-09-23 06:50:11,098 - DEBUG - [global] log_uploader: STEP 3 (global log) -> https://github.com/StarateJI/L2Mauto/blob/bot-logs/runs/20260923_065005_fail_global.log
2026-09-23 06:50:11,098 - DEBUG - [global] log_uploader: END window=periodic
2026-09-23 06:50:11,098 - INFO - [global] LogUploader: upload_run_logs завершён
2026-09-23 06:55:11,909 - INFO - [global] LogUploader: запускаю upload_run_logs...
2026-09-23 06:55:11,910 - DEBUG - [global] log_uploader: START window=periodic made=-1 token=...Rjnfq
2026-09-23 06:55:12,898 - DEBUG - [global] _api_put: GET runs/20260923_065511_fail_periodic.log -> 404
2026-09-23 06:55:14,532 - DEBUG - [global] _api_put: PUT runs/20260923_065511_fail_periodic.log -> 201 (523 bytes)
2026-09-23 06:55:14,535 - DEBUG - [global] log_uploader: STEP 1 (window log) -> https://github.com/StarateJI/L2Mauto/blob/bot-logs/runs/20260923_065511_fail_periodic.log
2026-09-23 06:55:14,536 - DEBUG - [global] log_uploader: STEP 2 SKIP (no PNGs)
2026-09-23 06:55:15,546 - DEBUG - [global] _api_put: GET runs/20260923_065511_fail_global.log -> 404
2026-09-23 06:55:17,176 - DEBUG - [global] _api_put: PUT runs/20260923_065511_fail_global.log -> 201 (21297 bytes)
2026-09-23 06:55:17,179 - DEBUG - [global] log_uploader: STEP 3 (global log) -> https://github.com/StarateJI/L2Mauto/blob/bot-logs/runs/20260923_065511_fail_global.log
2026-09-23 06:55:17,179 - DEBUG - [global] log_uploader: END window=periodic
2026-09-23 06:55:17,179 - INFO - [global] LogUploader: upload_run_logs завершён
2026-09-23 06:59:12,595 - INFO - [global] Проверяю обновы...
2026-09-23 06:59:13,444 - DEBUG - [global] needs_update: raw → 5.11.58
2026-09-23 06:59:14,288 - DEBUG - [global] needs_update: jsdelivr → 5.11.58
2026-09-23 06:59:14,288 - DEBUG - [global] needs_update: лучший источник raw → 5.11.58 (из 2)
2026-09-23 06:59:14,290 - INFO - [global] needs_update: local=(5, 11, 54) remote=(5, 11, 58) -> has_update=True
2026-09-23 06:59:14,290 - INFO - [global] Доступна обнова! Спавню кнопку
2026-09-23 07:00:17,437 - INFO - [global] LogUploader: запускаю upload_run_logs...
2026-09-23 07:00:17,439 - DEBUG - [global] log_uploader: START window=periodic made=-1 token=...Rjnfq
2026-09-23 07:00:18,533 - DEBUG - [global] _api_put: GET runs/20260923_070017_fail_periodic.log -> 404
2026-09-23 07:00:20,252 - DEBUG - [global] _api_put: PUT runs/20260923_070017_fail_periodic.log -> 201 (523 bytes)
2026-09-23 07:00:20,255 - DEBUG - [global] log_uploader: STEP 1 (window log) -> https://github.com/StarateJI/L2Mauto/blob/bot-logs/runs/20260923_070017_fail_periodic.log
2026-09-23 07:00:20,255 - DEBUG - [global] log_uploader: STEP 2 SKIP (no PNGs)
2026-09-23 07:00:21,285 - DEBUG - [global] _api_put: GET runs/20260923_070017_fail_global.log -> 404
2026-09-23 07:00:23,186 - DEBUG - [global] _api_put: PUT runs/20260923_070017_fail_global.log -> 201 (21231 bytes)
2026-09-23 07:00:23,188 - DEBUG - [global] log_uploader: STEP 3 (global log) -> https://github.com/StarateJI/L2Mauto/blob/bot-logs/runs/20260923_070017_fail_global.log
2026-09-23 07:00:23,188 - DEBUG - [global] log_uploader: END window=periodic
2026-09-23 07:00:23,188 - INFO - [global] LogUploader: upload_run_logs завершён
2026-09-23 07:05:24,112 - INFO - [global] LogUploader: запускаю upload_run_logs...
2026-09-23 07:05:24,113 - DEBUG - [global] log_uploader: START window=periodic made=-1 token=...Rjnfq
2026-09-23 07:05:25,106 - DEBUG - [global] _api_put: GET runs/20260923_070524_fail_periodic.log -> 404
2026-09-23 07:05:27,399 - DEBUG - [global] _api_put: PUT runs/20260923_070524_fail_periodic.log -> 201 (523 bytes)
2026-09-23 07:05:27,402 - DEBUG - [global] log_uploader: STEP 1 (window log) -> https://github.com/StarateJI/L2Mauto/blob/bot-logs/runs/20260923_070524_fail_periodic.log
2026-09-23 07:05:27,403 - DEBUG - [global] log_uploader: STEP 2 SKIP (no PNGs)
2026-09-23 07:05:28,378 - DEBUG - [global] _api_put: GET runs/20260923_070524_fail_global.log -> 404
2026-09-23 07:05:30,167 - DEBUG - [global] _api_put: PUT runs/20260923_070524_fail_global.log -> 201 (21297 bytes)
2026-09-23 07:05:30,170 - DEBUG - [global] log_uploader: STEP 3 (global log) -> https://github.com/StarateJI/L2Mauto/blob/bot-logs/runs/20260923_070524_fail_global.log
2026-09-23 07:05:30,170 - DEBUG - [global] log_uploader: END window=periodic
2026-09-23 07:05:30,171 - INFO - [global] LogUploader: upload_run_logs завершён
2026-09-23 07:09:15,423 - INFO - [global] Проверяю обновы...
2026-09-23 07:09:16,330 - DEBUG - [global] needs_update: raw → 5.11.58
2026-09-23 07:09:17,207 - DEBUG - [global] needs_update: jsdelivr → 5.11.58
2026-09-23 07:09:17,207 - DEBUG - [global] needs_update: лучший источник raw → 5.11.58 (из 2)
2026-09-23 07:09:17,210 - INFO - [global] needs_update: local=(5, 11, 54) remote=(5, 11, 58) -> has_update=True
2026-09-23 07:09:17,210 - INFO - [global] Доступна обнова! Спавню кнопку
2026-09-23 07:10:30,446 - INFO - [global] LogUploader: запускаю upload_run_logs...
2026-09-23 07:10:30,447 - DEBUG - [global] log_uploader: START window=periodic made=-1 token=...Rjnfq
2026-09-23 07:10:31,572 - DEBUG - [global] _api_put: GET runs/20260923_071030_fail_periodic.log -> 404
2026-09-23 07:10:33,477 - DEBUG - [global] _api_put: PUT runs/20260923_071030_fail_periodic.log -> 201 (523 bytes)
2026-09-23 07:10:33,480 - DEBUG - [global] log_uploader: STEP 1 (window log) -> https://github.com/StarateJI/L2Mauto/blob/bot-logs/runs/20260923_071030_fail_periodic.log
2026-09-23 07:10:33,481 - DEBUG - [global] log_uploader: STEP 2 SKIP (no PNGs)
2026-09-23 07:10:34,525 - DEBUG - [global] _api_put: GET runs/20260923_071030_fail_global.log -> 404
2026-09-23 07:10:36,490 - DEBUG - [global] _api_put: PUT runs/20260923_071030_fail_global.log -> 201 (21297 bytes)
2026-09-23 07:10:36,492 - DEBUG - [global] log_uploader: STEP 3 (global log) -> https://github.com/StarateJI/L2Mauto/blob/bot-logs/runs/20260923_071030_fail_global.log
2026-09-23 07:10:36,492 - DEBUG - [global] log_uploader: END window=periodic
2026-09-23 07:10:36,492 - INFO - [global] LogUploader: upload_run_logs завершён
2026-09-23 07:15:37,616 - INFO - [global] LogUploader: запускаю upload_run_logs...
2026-09-23 07:15:37,617 - DEBUG - [global] log_uploader: START window=periodic made=-1 token=...Rjnfq
2026-09-23 07:15:38,584 - DEBUG - [global] _api_put: GET runs/20260923_071537_fail_periodic.log -> 404
2026-09-23 07:15:40,184 - DEBUG - [global] _api_put: PUT runs/20260923_071537_fail_periodic.log -> 201 (523 bytes)
2026-09-23 07:15:40,186 - DEBUG - [global] log_uploader: STEP 1 (window log) -> https://github.com/StarateJI/L2Mauto/blob/bot-logs/runs/20260923_071537_fail_periodic.log
2026-09-23 07:15:40,187 - DEBUG - [global] log_uploader: STEP 2 SKIP (no PNGs)
