=== Log tail 2026-10-01T13:24:00.332870 | last 200 lines ===
2026-10-01 13:14:54,225 - DEBUG - [global] needs_update: API → 5.13.09
2026-10-01 13:14:54,227 - DEBUG - [global] needs_update: лучший источник raw → 5.13.09 (из 2)
2026-10-01 13:14:54,227 - INFO - [global] needs_update: local=(5, 13, 7) remote=(5, 13, 9) -> has_update=True
2026-10-01 13:14:54,227 - INFO - [global] Доступна обнова! Спавню кнопку
2026-10-01 13:14:55,012 - INFO - [global] LogUploader: запускаю upload_run_logs...
2026-10-01 13:14:55,014 - DEBUG - [global] log_uploader: START window=periodic made=-1 token=...Rjnfq
2026-10-01 13:14:56,458 - DEBUG - [global] _api_put: GET runs/20261001_131455_fail_periodic.log -> 404
2026-10-01 13:14:58,849 - DEBUG - [global] _api_put: PUT runs/20261001_131455_fail_periodic.log -> 201 (3411 bytes)
2026-10-01 13:14:58,853 - DEBUG - [global] log_uploader: STEP 1 (window log) -> https://github.com/StarateJI/L2Mauto/blob/bot-logs/runs/20261001_131455_fail_periodic.log
2026-10-01 13:14:58,854 - DEBUG - [global] log_uploader: STEP 2 SKIP (no PNGs)
2026-10-01 13:15:00,247 - DEBUG - [global] _api_put: GET runs/20261001_131455_fail_global.log -> 404
2026-10-01 13:15:02,702 - DEBUG - [global] _api_put: PUT runs/20261001_131455_fail_global.log -> 201 (20126 bytes)
2026-10-01 13:15:02,710 - DEBUG - [global] log_uploader: STEP 3 (global log) -> https://github.com/StarateJI/L2Mauto/blob/bot-logs/runs/20261001_131455_fail_global.log
2026-10-01 13:15:02,710 - DEBUG - [global] log_uploader: END window=periodic
2026-10-01 13:15:02,710 - INFO - [global] LogUploader: upload_run_logs завершён
2026-10-01 13:15:24,259 - INFO - [global] Проверяю обновы...
2026-10-01 13:15:25,482 - DEBUG - [global] needs_update: raw → 5.13.09
2026-10-01 13:15:25,731 - DEBUG - [global] needs_update: API → 5.13.09
2026-10-01 13:15:25,740 - DEBUG - [global] needs_update: лучший источник raw → 5.13.09 (из 2)
2026-10-01 13:15:25,740 - INFO - [global] needs_update: local=(5, 13, 7) remote=(5, 13, 9) -> has_update=True
2026-10-01 13:15:25,740 - INFO - [global] Доступна обнова! Спавню кнопку
2026-10-01 13:15:55,775 - INFO - [global] Проверяю обновы...
2026-10-01 13:15:56,965 - DEBUG - [global] needs_update: raw → 5.13.09
2026-10-01 13:15:57,046 - DEBUG - [global] needs_update: API → 5.13.09
2026-10-01 13:15:57,047 - DEBUG - [global] needs_update: лучший источник raw → 5.13.09 (из 2)
2026-10-01 13:15:57,047 - INFO - [global] needs_update: local=(5, 13, 7) remote=(5, 13, 9) -> has_update=True
2026-10-01 13:15:57,047 - INFO - [global] Доступна обнова! Спавню кнопку
2026-10-01 13:16:02,782 - INFO - [global] LogUploader: запускаю upload_run_logs...
2026-10-01 13:16:02,783 - DEBUG - [global] log_uploader: START window=periodic made=-1 token=...Rjnfq
2026-10-01 13:16:03,993 - DEBUG - [global] _api_put: GET runs/20261001_131602_fail_periodic.log -> 404
2026-10-01 13:16:06,053 - DEBUG - [global] _api_put: PUT runs/20261001_131602_fail_periodic.log -> 201 (3411 bytes)
2026-10-01 13:16:06,059 - DEBUG - [global] log_uploader: STEP 1 (window log) -> https://github.com/StarateJI/L2Mauto/blob/bot-logs/runs/20261001_131602_fail_periodic.log
2026-10-01 13:16:06,060 - DEBUG - [global] log_uploader: STEP 2 SKIP (no PNGs)
2026-10-01 13:16:07,463 - DEBUG - [global] _api_put: GET runs/20261001_131602_fail_global.log -> 404
2026-10-01 13:16:09,614 - DEBUG - [global] _api_put: PUT runs/20261001_131602_fail_global.log -> 201 (20080 bytes)
2026-10-01 13:16:09,618 - DEBUG - [global] log_uploader: STEP 3 (global log) -> https://github.com/StarateJI/L2Mauto/blob/bot-logs/runs/20261001_131602_fail_global.log
2026-10-01 13:16:09,619 - DEBUG - [global] log_uploader: END window=periodic
2026-10-01 13:16:09,619 - INFO - [global] LogUploader: upload_run_logs завершён
2026-10-01 13:16:27,090 - INFO - [global] Проверяю обновы...
2026-10-01 13:16:28,210 - DEBUG - [global] needs_update: raw → 5.13.09
2026-10-01 13:16:28,408 - DEBUG - [global] needs_update: API → 5.13.09
2026-10-01 13:16:28,409 - DEBUG - [global] needs_update: лучший источник raw → 5.13.09 (из 2)
2026-10-01 13:16:28,409 - INFO - [global] needs_update: local=(5, 13, 7) remote=(5, 13, 9) -> has_update=True
2026-10-01 13:16:28,409 - INFO - [global] Доступна обнова! Спавню кнопку
2026-10-01 13:16:58,433 - INFO - [global] Проверяю обновы...
2026-10-01 13:16:59,527 - DEBUG - [global] needs_update: raw → 5.13.09
2026-10-01 13:16:59,713 - DEBUG - [global] needs_update: API → 5.13.09
2026-10-01 13:16:59,714 - DEBUG - [global] needs_update: лучший источник raw → 5.13.09 (из 2)
2026-10-01 13:16:59,714 - INFO - [global] needs_update: local=(5, 13, 7) remote=(5, 13, 9) -> has_update=True
2026-10-01 13:16:59,714 - INFO - [global] Доступна обнова! Спавню кнопку
2026-10-01 13:17:09,663 - INFO - [global] LogUploader: запускаю upload_run_logs...
2026-10-01 13:17:09,664 - DEBUG - [global] log_uploader: START window=periodic made=-1 token=...Rjnfq
2026-10-01 13:17:10,851 - DEBUG - [global] _api_put: GET runs/20261001_131709_fail_periodic.log -> 404
2026-10-01 13:17:13,426 - DEBUG - [global] _api_put: PUT runs/20261001_131709_fail_periodic.log -> 201 (3411 bytes)
2026-10-01 13:17:13,431 - DEBUG - [global] log_uploader: STEP 1 (window log) -> https://github.com/StarateJI/L2Mauto/blob/bot-logs/runs/20261001_131709_fail_periodic.log
2026-10-01 13:17:13,433 - DEBUG - [global] log_uploader: STEP 2 SKIP (no PNGs)
2026-10-01 13:17:14,788 - DEBUG - [global] _api_put: GET runs/20261001_131709_fail_global.log -> 404
2026-10-01 13:17:17,191 - DEBUG - [global] _api_put: PUT runs/20261001_131709_fail_global.log -> 201 (20127 bytes)
2026-10-01 13:17:17,201 - DEBUG - [global] log_uploader: STEP 3 (global log) -> https://github.com/StarateJI/L2Mauto/blob/bot-logs/runs/20261001_131709_fail_global.log
2026-10-01 13:17:17,202 - DEBUG - [global] log_uploader: END window=periodic
2026-10-01 13:17:17,202 - INFO - [global] LogUploader: upload_run_logs завершён
2026-10-01 13:17:29,735 - INFO - [global] Проверяю обновы...
2026-10-01 13:17:30,927 - DEBUG - [global] needs_update: raw → 5.13.09
2026-10-01 13:17:31,179 - DEBUG - [global] needs_update: API → 5.13.09
2026-10-01 13:17:31,182 - DEBUG - [global] needs_update: лучший источник raw → 5.13.09 (из 2)
2026-10-01 13:17:31,182 - INFO - [global] needs_update: local=(5, 13, 7) remote=(5, 13, 9) -> has_update=True
2026-10-01 13:17:31,182 - INFO - [global] Доступна обнова! Спавню кнопку
2026-10-01 13:18:01,204 - INFO - [global] Проверяю обновы...
2026-10-01 13:18:02,405 - DEBUG - [global] needs_update: raw → 5.13.09
2026-10-01 13:18:02,587 - DEBUG - [global] needs_update: API → 5.13.09
2026-10-01 13:18:02,587 - DEBUG - [global] needs_update: лучший источник raw → 5.13.09 (из 2)
2026-10-01 13:18:02,588 - INFO - [global] needs_update: local=(5, 13, 7) remote=(5, 13, 9) -> has_update=True
2026-10-01 13:18:02,588 - INFO - [global] Доступна обнова! Спавню кнопку
2026-10-01 13:18:17,241 - INFO - [global] LogUploader: запускаю upload_run_logs...
2026-10-01 13:18:17,242 - DEBUG - [global] log_uploader: START window=periodic made=-1 token=...Rjnfq
2026-10-01 13:18:18,446 - DEBUG - [global] _api_put: GET runs/20261001_131817_fail_periodic.log -> 404
2026-10-01 13:18:20,528 - DEBUG - [global] _api_put: PUT runs/20261001_131817_fail_periodic.log -> 201 (3411 bytes)
2026-10-01 13:18:20,533 - DEBUG - [global] log_uploader: STEP 1 (window log) -> https://github.com/StarateJI/L2Mauto/blob/bot-logs/runs/20261001_131817_fail_periodic.log
2026-10-01 13:18:20,534 - DEBUG - [global] log_uploader: STEP 2 SKIP (no PNGs)
2026-10-01 13:18:21,917 - DEBUG - [global] _api_put: GET runs/20261001_131817_fail_global.log -> 404
2026-10-01 13:18:25,161 - DEBUG - [global] _api_put: PUT runs/20261001_131817_fail_global.log -> 201 (20010 bytes)
2026-10-01 13:18:25,167 - DEBUG - [global] log_uploader: STEP 3 (global log) -> https://github.com/StarateJI/L2Mauto/blob/bot-logs/runs/20261001_131817_fail_global.log
2026-10-01 13:18:25,168 - DEBUG - [global] log_uploader: END window=periodic
2026-10-01 13:18:25,168 - INFO - [global] LogUploader: upload_run_logs завершён
2026-10-01 13:18:32,606 - INFO - [global] Проверяю обновы...
2026-10-01 13:18:33,752 - DEBUG - [global] needs_update: raw → 5.13.09
2026-10-01 13:18:33,950 - DEBUG - [global] needs_update: API → 5.13.09
2026-10-01 13:18:33,950 - DEBUG - [global] needs_update: лучший источник raw → 5.13.09 (из 2)
2026-10-01 13:18:33,950 - INFO - [global] needs_update: local=(5, 13, 7) remote=(5, 13, 9) -> has_update=True
2026-10-01 13:18:33,950 - INFO - [global] Доступна обнова! Спавню кнопку
2026-10-01 13:19:03,972 - INFO - [global] Проверяю обновы...
2026-10-01 13:19:05,223 - DEBUG - [global] needs_update: raw → 5.13.09
2026-10-01 13:19:05,346 - DEBUG - [global] needs_update: API → 5.13.09
2026-10-01 13:19:05,347 - DEBUG - [global] needs_update: лучший источник raw → 5.13.09 (из 2)
2026-10-01 13:19:05,347 - INFO - [global] needs_update: local=(5, 13, 7) remote=(5, 13, 9) -> has_update=True
2026-10-01 13:19:05,347 - INFO - [global] Доступна обнова! Спавню кнопку
2026-10-01 13:19:25,212 - INFO - [global] LogUploader: запускаю upload_run_logs...
2026-10-01 13:19:25,213 - DEBUG - [global] log_uploader: START window=periodic made=-1 token=...Rjnfq
2026-10-01 13:19:26,487 - DEBUG - [global] _api_put: GET runs/20261001_131925_fail_periodic.log -> 404
2026-10-01 13:19:28,676 - DEBUG - [global] _api_put: PUT runs/20261001_131925_fail_periodic.log -> 201 (3411 bytes)
2026-10-01 13:19:28,682 - DEBUG - [global] log_uploader: STEP 1 (window log) -> https://github.com/StarateJI/L2Mauto/blob/bot-logs/runs/20261001_131925_fail_periodic.log
2026-10-01 13:19:28,683 - DEBUG - [global] log_uploader: STEP 2 SKIP (no PNGs)
2026-10-01 13:19:30,345 - DEBUG - [global] _api_put: GET runs/20261001_131925_fail_global.log -> 404
2026-10-01 13:19:32,921 - DEBUG - [global] _api_put: PUT runs/20261001_131925_fail_global.log -> 201 (20010 bytes)
2026-10-01 13:19:32,925 - DEBUG - [global] log_uploader: STEP 3 (global log) -> https://github.com/StarateJI/L2Mauto/blob/bot-logs/runs/20261001_131925_fail_global.log
2026-10-01 13:19:32,926 - DEBUG - [global] log_uploader: END window=periodic
2026-10-01 13:19:32,926 - INFO - [global] LogUploader: upload_run_logs завершён
2026-10-01 13:19:35,391 - INFO - [global] Проверяю обновы...
2026-10-01 13:19:36,588 - DEBUG - [global] needs_update: raw → 5.13.09
2026-10-01 13:19:36,820 - DEBUG - [global] needs_update: API → 5.13.09
2026-10-01 13:19:36,822 - DEBUG - [global] needs_update: лучший источник raw → 5.13.09 (из 2)
2026-10-01 13:19:36,822 - INFO - [global] needs_update: local=(5, 13, 7) remote=(5, 13, 9) -> has_update=True
2026-10-01 13:19:36,823 - INFO - [global] Доступна обнова! Спавню кнопку
2026-10-01 13:20:06,852 - INFO - [global] Проверяю обновы...
2026-10-01 13:20:07,993 - DEBUG - [global] needs_update: raw → 5.13.09
2026-10-01 13:20:08,147 - DEBUG - [global] needs_update: API → 5.13.09
2026-10-01 13:20:08,147 - DEBUG - [global] needs_update: лучший источник raw → 5.13.09 (из 2)
2026-10-01 13:20:08,148 - INFO - [global] needs_update: local=(5, 13, 7) remote=(5, 13, 9) -> has_update=True
2026-10-01 13:20:08,148 - INFO - [global] Доступна обнова! Спавню кнопку
2026-10-01 13:20:32,994 - INFO - [global] LogUploader: запускаю upload_run_logs...
2026-10-01 13:20:32,995 - DEBUG - [global] log_uploader: START window=periodic made=-1 token=...Rjnfq
2026-10-01 13:20:34,300 - DEBUG - [global] _api_put: GET runs/20261001_132032_fail_periodic.log -> 404
2026-10-01 13:20:36,585 - DEBUG - [global] _api_put: PUT runs/20261001_132032_fail_periodic.log -> 201 (3411 bytes)
2026-10-01 13:20:36,590 - DEBUG - [global] log_uploader: STEP 1 (window log) -> https://github.com/StarateJI/L2Mauto/blob/bot-logs/runs/20261001_132032_fail_periodic.log
2026-10-01 13:20:36,591 - DEBUG - [global] log_uploader: STEP 2 SKIP (no PNGs)
2026-10-01 13:20:38,005 - DEBUG - [global] _api_put: GET runs/20261001_132032_fail_global.log -> 404
2026-10-01 13:20:38,195 - INFO - [global] Проверяю обновы...
2026-10-01 13:20:39,841 - DEBUG - [global] needs_update: raw → 5.13.09
2026-10-01 13:20:39,957 - DEBUG - [global] needs_update: API → 5.13.09
2026-10-01 13:20:39,961 - DEBUG - [global] needs_update: лучший источник raw → 5.13.09 (из 2)
2026-10-01 13:20:39,961 - INFO - [global] needs_update: local=(5, 13, 7) remote=(5, 13, 9) -> has_update=True
2026-10-01 13:20:39,961 - INFO - [global] Доступна обнова! Спавню кнопку
2026-10-01 13:20:40,956 - DEBUG - [global] _api_put: PUT runs/20261001_132032_fail_global.log -> 201 (20010 bytes)
2026-10-01 13:20:40,963 - DEBUG - [global] log_uploader: STEP 3 (global log) -> https://github.com/StarateJI/L2Mauto/blob/bot-logs/runs/20261001_132032_fail_global.log
2026-10-01 13:20:40,963 - DEBUG - [global] log_uploader: END window=periodic
2026-10-01 13:20:40,964 - INFO - [global] LogUploader: upload_run_logs завершён
2026-10-01 13:21:09,990 - INFO - [global] Проверяю обновы...
2026-10-01 13:21:11,112 - DEBUG - [global] needs_update: raw → 5.13.09
2026-10-01 13:21:11,316 - DEBUG - [global] needs_update: API → 5.13.09
2026-10-01 13:21:11,317 - DEBUG - [global] needs_update: лучший источник raw → 5.13.09 (из 2)
2026-10-01 13:21:11,318 - INFO - [global] needs_update: local=(5, 13, 7) remote=(5, 13, 9) -> has_update=True
2026-10-01 13:21:11,318 - INFO - [global] Доступна обнова! Спавню кнопку
2026-10-01 13:21:41,025 - INFO - [global] LogUploader: запускаю upload_run_logs...
2026-10-01 13:21:41,026 - DEBUG - [global] log_uploader: START window=periodic made=-1 token=...Rjnfq
2026-10-01 13:21:41,351 - INFO - [global] Проверяю обновы...
2026-10-01 13:21:42,369 - DEBUG - [global] _api_put: GET runs/20261001_132141_fail_periodic.log -> 404
2026-10-01 13:21:42,573 - DEBUG - [global] needs_update: raw → 5.13.09
2026-10-01 13:21:42,775 - DEBUG - [global] needs_update: API → 5.13.09
2026-10-01 13:21:42,779 - DEBUG - [global] needs_update: лучший источник raw → 5.13.09 (из 2)
2026-10-01 13:21:42,779 - INFO - [global] needs_update: local=(5, 13, 7) remote=(5, 13, 9) -> has_update=True
2026-10-01 13:21:42,779 - INFO - [global] Доступна обнова! Спавню кнопку
2026-10-01 13:21:44,790 - DEBUG - [global] _api_put: PUT runs/20261001_132141_fail_periodic.log -> 201 (3411 bytes)
2026-10-01 13:21:44,795 - DEBUG - [global] log_uploader: STEP 1 (window log) -> https://github.com/StarateJI/L2Mauto/blob/bot-logs/runs/20261001_132141_fail_periodic.log
2026-10-01 13:21:44,796 - DEBUG - [global] log_uploader: STEP 2 SKIP (no PNGs)
2026-10-01 13:21:46,372 - DEBUG - [global] _api_put: GET runs/20261001_132141_fail_global.log -> 404
2026-10-01 13:21:49,048 - DEBUG - [global] _api_put: PUT runs/20261001_132141_fail_global.log -> 201 (19965 bytes)
2026-10-01 13:21:49,053 - DEBUG - [global] log_uploader: STEP 3 (global log) -> https://github.com/StarateJI/L2Mauto/blob/bot-logs/runs/20261001_132141_fail_global.log
2026-10-01 13:21:49,054 - DEBUG - [global] log_uploader: END window=periodic
2026-10-01 13:21:49,054 - INFO - [global] LogUploader: upload_run_logs завершён
2026-10-01 13:22:12,796 - INFO - [global] Проверяю обновы...
2026-10-01 13:22:13,907 - DEBUG - [global] needs_update: raw → 5.13.09
2026-10-01 13:22:14,206 - DEBUG - [global] needs_update: API → 5.13.09
2026-10-01 13:22:14,212 - DEBUG - [global] needs_update: лучший источник raw → 5.13.09 (из 2)
2026-10-01 13:22:14,213 - INFO - [global] needs_update: local=(5, 13, 7) remote=(5, 13, 9) -> has_update=True
2026-10-01 13:22:14,214 - INFO - [global] Доступна обнова! Спавню кнопку
2026-10-01 13:22:44,242 - INFO - [global] Проверяю обновы...
2026-10-01 13:22:45,490 - DEBUG - [global] needs_update: raw → 5.13.09
2026-10-01 13:22:45,662 - DEBUG - [global] needs_update: API → 5.13.09
2026-10-01 13:22:45,663 - DEBUG - [global] needs_update: лучший источник raw → 5.13.09 (из 2)
2026-10-01 13:22:45,663 - INFO - [global] needs_update: local=(5, 13, 7) remote=(5, 13, 9) -> has_update=True
2026-10-01 13:22:45,663 - INFO - [global] Доступна обнова! Спавню кнопку
2026-10-01 13:22:49,103 - INFO - [global] LogUploader: запускаю upload_run_logs...
2026-10-01 13:22:49,104 - DEBUG - [global] log_uploader: START window=periodic made=-1 token=...Rjnfq
2026-10-01 13:22:50,498 - DEBUG - [global] _api_put: GET runs/20261001_132249_fail_periodic.log -> 404
2026-10-01 13:22:52,862 - DEBUG - [global] _api_put: PUT runs/20261001_132249_fail_periodic.log -> 201 (3411 bytes)
2026-10-01 13:22:52,867 - DEBUG - [global] log_uploader: STEP 1 (window log) -> https://github.com/StarateJI/L2Mauto/blob/bot-logs/runs/20261001_132249_fail_periodic.log
2026-10-01 13:22:52,868 - DEBUG - [global] log_uploader: STEP 2 SKIP (no PNGs)
2026-10-01 13:22:54,262 - DEBUG - [global] _api_put: GET runs/20261001_132249_fail_global.log -> 404
2026-10-01 13:22:56,344 - DEBUG - [global] _api_put: PUT runs/20261001_132249_fail_global.log -> 201 (19965 bytes)
2026-10-01 13:22:56,349 - DEBUG - [global] log_uploader: STEP 3 (global log) -> https://github.com/StarateJI/L2Mauto/blob/bot-logs/runs/20261001_132249_fail_global.log
2026-10-01 13:22:56,350 - DEBUG - [global] log_uploader: END window=periodic
2026-10-01 13:22:56,350 - INFO - [global] LogUploader: upload_run_logs завершён
2026-10-01 13:23:15,680 - INFO - [global] Проверяю обновы...
2026-10-01 13:23:16,952 - DEBUG - [global] needs_update: raw → 5.13.09
2026-10-01 13:23:17,106 - DEBUG - [global] needs_update: API → 5.13.09
2026-10-01 13:23:17,108 - DEBUG - [global] needs_update: лучший источник raw → 5.13.09 (из 2)
2026-10-01 13:23:17,110 - INFO - [global] needs_update: local=(5, 13, 7) remote=(5, 13, 9) -> has_update=True
2026-10-01 13:23:17,110 - INFO - [global] Доступна обнова! Спавню кнопку
2026-10-01 13:23:47,128 - INFO - [global] Проверяю обновы...
2026-10-01 13:23:48,315 - DEBUG - [global] needs_update: raw → 5.13.09
2026-10-01 13:23:48,527 - DEBUG - [global] needs_update: API → 5.13.09
2026-10-01 13:23:48,530 - DEBUG - [global] needs_update: лучший источник raw → 5.13.09 (из 2)
2026-10-01 13:23:48,530 - INFO - [global] needs_update: local=(5, 13, 7) remote=(5, 13, 9) -> has_update=True
2026-10-01 13:23:48,530 - INFO - [global] Доступна обнова! Спавню кнопку
2026-10-01 13:23:56,400 - INFO - [global] LogUploader: запускаю upload_run_logs...
2026-10-01 13:23:56,401 - DEBUG - [global] log_uploader: START window=periodic made=-1 token=...Rjnfq
2026-10-01 13:23:57,641 - DEBUG - [global] _api_put: GET runs/20261001_132356_fail_periodic.log -> 404
2026-10-01 13:24:00,156 - DEBUG - [global] _api_put: PUT runs/20261001_132356_fail_periodic.log -> 201 (3411 bytes)
2026-10-01 13:24:00,163 - DEBUG - [global] log_uploader: STEP 1 (window log) -> https://github.com/StarateJI/L2Mauto/blob/bot-logs/runs/20261001_132356_fail_periodic.log
2026-10-01 13:24:00,165 - DEBUG - [global] log_uploader: STEP 2 SKIP (no PNGs)
