=== Log tail 2026-09-25T19:02:53.164789 | last 200 lines ===
2026-09-25 18:53:20,440 - INFO - [global] needs_update: local=(5, 13, 7) remote=(5, 13, 9) -> has_update=True
2026-09-25 18:53:20,440 - INFO - [global] Доступна обнова! Спавню кнопку
2026-09-25 18:53:32,123 - INFO - [global] LogUploader: запускаю upload_run_logs...
2026-09-25 18:53:32,125 - DEBUG - [global] log_uploader: START window=periodic made=-1 token=...Rjnfq
2026-09-25 18:53:33,147 - DEBUG - [global] _api_put: GET runs/20260925_185332_fail_periodic.log -> 404
2026-09-25 18:53:35,160 - DEBUG - [global] _api_put: PUT runs/20260925_185332_fail_periodic.log -> 201 (10313 bytes)
2026-09-25 18:53:35,162 - DEBUG - [global] log_uploader: STEP 1 (window log) -> https://github.com/StarateJI/L2Mauto/blob/bot-logs/runs/20260925_185332_fail_periodic.log
2026-09-25 18:53:35,163 - DEBUG - [global] log_uploader: STEP 2 SKIP (no PNGs)
2026-09-25 18:53:40,594 - DEBUG - [global] _api_put: GET runs/20260925_185332_fail_global.log -> 404
2026-09-25 18:53:45,814 - DEBUG - [global] _api_put: PUT runs/20260925_185332_fail_global.log -> 201 (20115 bytes)
2026-09-25 18:53:45,818 - DEBUG - [global] log_uploader: STEP 3 (global log) -> https://github.com/StarateJI/L2Mauto/blob/bot-logs/runs/20260925_185332_fail_global.log
2026-09-25 18:53:45,818 - DEBUG - [global] log_uploader: END window=periodic
2026-09-25 18:53:45,818 - INFO - [global] LogUploader: upload_run_logs завершён
2026-09-25 18:53:50,457 - INFO - [global] Проверяю обновы...
2026-09-25 18:53:51,422 - DEBUG - [global] needs_update: raw → 5.13.09
2026-09-25 18:53:55,337 - DEBUG - [global] needs_update: API → 5.13.09
2026-09-25 18:53:55,337 - DEBUG - [global] needs_update: лучший источник raw → 5.13.09 (из 2)
2026-09-25 18:53:55,337 - INFO - [global] needs_update: local=(5, 13, 7) remote=(5, 13, 9) -> has_update=True
2026-09-25 18:53:55,337 - INFO - [global] Доступна обнова! Спавню кнопку
2026-09-25 18:54:25,352 - INFO - [global] Проверяю обновы...
2026-09-25 18:54:26,259 - DEBUG - [global] needs_update: raw → 5.13.09
2026-09-25 18:54:26,528 - DEBUG - [global] needs_update: API → 5.13.09
2026-09-25 18:54:26,528 - DEBUG - [global] needs_update: лучший источник raw → 5.13.09 (из 2)
2026-09-25 18:54:26,528 - INFO - [global] needs_update: local=(5, 13, 7) remote=(5, 13, 9) -> has_update=True
2026-09-25 18:54:26,528 - INFO - [global] Доступна обнова! Спавню кнопку
2026-09-25 18:54:45,854 - INFO - [global] LogUploader: запускаю upload_run_logs...
2026-09-25 18:54:45,856 - DEBUG - [global] log_uploader: START window=periodic made=-1 token=...Rjnfq
2026-09-25 18:54:56,545 - INFO - [global] Проверяю обновы...
2026-09-25 18:54:57,492 - DEBUG - [global] _api_put: GET exception: HTTPSConnectionPool(host='api.github.com', port=443): Read timed out. (read timeout=10)
2026-09-25 18:54:57,523 - DEBUG - [global] needs_update: raw → 5.13.09
2026-09-25 18:54:57,787 - DEBUG - [global] needs_update: API → 5.13.09
2026-09-25 18:54:57,787 - DEBUG - [global] needs_update: лучший источник raw → 5.13.09 (из 2)
2026-09-25 18:54:57,787 - INFO - [global] needs_update: local=(5, 13, 7) remote=(5, 13, 9) -> has_update=True
2026-09-25 18:54:57,787 - INFO - [global] Доступна обнова! Спавню кнопку
2026-09-25 18:55:02,592 - DEBUG - [global] _api_put: PUT runs/20260925_185445_fail_periodic.log -> 201 (10313 bytes)
2026-09-25 18:55:02,592 - DEBUG - [global] log_uploader: STEP 1 (window log) -> https://github.com/StarateJI/L2Mauto/blob/bot-logs/runs/20260925_185445_fail_periodic.log
2026-09-25 18:55:02,593 - DEBUG - [global] log_uploader: STEP 2 SKIP (no PNGs)
2026-09-25 18:55:04,880 - DEBUG - [global] _api_put: GET runs/20260925_185445_fail_global.log -> 404
2026-09-25 18:55:07,031 - DEBUG - [global] _api_put: PUT runs/20260925_185445_fail_global.log -> 201 (20123 bytes)
2026-09-25 18:55:07,034 - DEBUG - [global] log_uploader: STEP 3 (global log) -> https://github.com/StarateJI/L2Mauto/blob/bot-logs/runs/20260925_185445_fail_global.log
2026-09-25 18:55:07,034 - DEBUG - [global] log_uploader: END window=periodic
2026-09-25 18:55:07,034 - INFO - [global] LogUploader: upload_run_logs завершён
2026-09-25 18:55:27,804 - INFO - [global] Проверяю обновы...
2026-09-25 18:55:28,754 - DEBUG - [global] needs_update: raw → 5.13.09
2026-09-25 18:55:28,938 - DEBUG - [global] needs_update: API → 5.13.09
2026-09-25 18:55:28,938 - DEBUG - [global] needs_update: лучший источник raw → 5.13.09 (из 2)
2026-09-25 18:55:28,938 - INFO - [global] needs_update: local=(5, 13, 7) remote=(5, 13, 9) -> has_update=True
2026-09-25 18:55:28,938 - INFO - [global] Доступна обнова! Спавню кнопку
2026-09-25 18:55:58,959 - INFO - [global] Проверяю обновы...
2026-09-25 18:56:00,186 - DEBUG - [global] needs_update: API → 5.13.09
2026-09-25 18:56:00,241 - DEBUG - [global] needs_update: raw → 5.13.09
2026-09-25 18:56:00,243 - DEBUG - [global] needs_update: лучший источник API → 5.13.09 (из 2)
2026-09-25 18:56:00,243 - INFO - [global] needs_update: local=(5, 13, 7) remote=(5, 13, 9) -> has_update=True
2026-09-25 18:56:00,243 - INFO - [global] Доступна обнова! Спавню кнопку
2026-09-25 18:56:07,071 - INFO - [global] LogUploader: запускаю upload_run_logs...
2026-09-25 18:56:07,073 - DEBUG - [global] log_uploader: START window=periodic made=-1 token=...Rjnfq
2026-09-25 18:56:08,124 - DEBUG - [global] _api_put: GET runs/20260925_185607_fail_periodic.log -> 404
2026-09-25 18:56:10,135 - DEBUG - [global] _api_put: PUT runs/20260925_185607_fail_periodic.log -> 201 (10313 bytes)
2026-09-25 18:56:10,137 - DEBUG - [global] log_uploader: STEP 1 (window log) -> https://github.com/StarateJI/L2Mauto/blob/bot-logs/runs/20260925_185607_fail_periodic.log
2026-09-25 18:56:10,140 - DEBUG - [global] log_uploader: STEP 2 SKIP (no PNGs)
2026-09-25 18:56:11,261 - DEBUG - [global] _api_put: GET runs/20260925_185607_fail_global.log -> 404
2026-09-25 18:56:13,142 - DEBUG - [global] _api_put: PUT runs/20260925_185607_fail_global.log -> 201 (20123 bytes)
2026-09-25 18:56:13,144 - DEBUG - [global] log_uploader: STEP 3 (global log) -> https://github.com/StarateJI/L2Mauto/blob/bot-logs/runs/20260925_185607_fail_global.log
2026-09-25 18:56:13,144 - DEBUG - [global] log_uploader: END window=periodic
2026-09-25 18:56:13,144 - INFO - [global] LogUploader: upload_run_logs завершён
2026-09-25 18:56:30,273 - INFO - [global] Проверяю обновы...
2026-09-25 18:56:31,297 - DEBUG - [global] needs_update: raw → 5.13.09
2026-09-25 18:56:31,580 - DEBUG - [global] needs_update: API → 5.13.09
2026-09-25 18:56:31,580 - DEBUG - [global] needs_update: лучший источник raw → 5.13.09 (из 2)
2026-09-25 18:56:31,581 - INFO - [global] needs_update: local=(5, 13, 7) remote=(5, 13, 9) -> has_update=True
2026-09-25 18:56:31,581 - INFO - [global] Доступна обнова! Спавню кнопку
2026-09-25 18:57:01,597 - INFO - [global] Проверяю обновы...
2026-09-25 18:57:02,577 - DEBUG - [global] needs_update: raw → 5.13.09
2026-09-25 18:57:07,511 - DEBUG - [global] needs_update: API failed: ReadTimeout: HTTPSConnectionPool(host='api.github.com', port=443): Read timed out. (read timeout=5)
2026-09-25 18:57:07,512 - DEBUG - [global] needs_update: лучший источник raw → 5.13.09 (из 1)
2026-09-25 18:57:07,512 - INFO - [global] needs_update: local=(5, 13, 7) remote=(5, 13, 9) -> has_update=True
2026-09-25 18:57:07,512 - INFO - [global] Доступна обнова! Спавню кнопку
2026-09-25 18:57:13,178 - INFO - [global] LogUploader: запускаю upload_run_logs...
2026-09-25 18:57:13,179 - DEBUG - [global] log_uploader: START window=periodic made=-1 token=...Rjnfq
2026-09-25 18:57:15,251 - DEBUG - [global] _api_put: GET runs/20260925_185713_fail_periodic.log -> 404
2026-09-25 18:57:17,427 - DEBUG - [global] _api_put: PUT runs/20260925_185713_fail_periodic.log -> 201 (10313 bytes)
2026-09-25 18:57:17,430 - DEBUG - [global] log_uploader: STEP 1 (window log) -> https://github.com/StarateJI/L2Mauto/blob/bot-logs/runs/20260925_185713_fail_periodic.log
2026-09-25 18:57:17,431 - DEBUG - [global] log_uploader: STEP 2 SKIP (no PNGs)
2026-09-25 18:57:18,638 - DEBUG - [global] _api_put: GET runs/20260925_185713_fail_global.log -> 404
2026-09-25 18:57:20,734 - DEBUG - [global] _api_put: PUT runs/20260925_185713_fail_global.log -> 201 (20219 bytes)
2026-09-25 18:57:20,736 - DEBUG - [global] log_uploader: STEP 3 (global log) -> https://github.com/StarateJI/L2Mauto/blob/bot-logs/runs/20260925_185713_fail_global.log
2026-09-25 18:57:20,736 - DEBUG - [global] log_uploader: END window=periodic
2026-09-25 18:57:20,736 - INFO - [global] LogUploader: upload_run_logs завершён
2026-09-25 18:57:37,531 - INFO - [global] Проверяю обновы...
2026-09-25 18:57:38,442 - DEBUG - [global] needs_update: raw → 5.13.09
2026-09-25 18:57:38,825 - DEBUG - [global] needs_update: API → 5.13.09
2026-09-25 18:57:38,825 - DEBUG - [global] needs_update: лучший источник raw → 5.13.09 (из 2)
2026-09-25 18:57:38,825 - INFO - [global] needs_update: local=(5, 13, 7) remote=(5, 13, 9) -> has_update=True
2026-09-25 18:57:38,825 - INFO - [global] Доступна обнова! Спавню кнопку
2026-09-25 18:58:08,845 - INFO - [global] Проверяю обновы...
2026-09-25 18:58:09,796 - DEBUG - [global] needs_update: raw → 5.13.09
2026-09-25 18:58:10,146 - DEBUG - [global] needs_update: API → 5.13.09
2026-09-25 18:58:10,146 - DEBUG - [global] needs_update: лучший источник raw → 5.13.09 (из 2)
2026-09-25 18:58:10,146 - INFO - [global] needs_update: local=(5, 13, 7) remote=(5, 13, 9) -> has_update=True
2026-09-25 18:58:10,147 - INFO - [global] Доступна обнова! Спавню кнопку
2026-09-25 18:58:20,775 - INFO - [global] LogUploader: запускаю upload_run_logs...
2026-09-25 18:58:20,777 - DEBUG - [global] log_uploader: START window=periodic made=-1 token=...Rjnfq
2026-09-25 18:58:24,988 - DEBUG - [global] _api_put: GET runs/20260925_185820_fail_periodic.log -> 404
2026-09-25 18:58:26,840 - DEBUG - [global] _api_put: PUT runs/20260925_185820_fail_periodic.log -> 201 (10313 bytes)
2026-09-25 18:58:26,842 - DEBUG - [global] log_uploader: STEP 1 (window log) -> https://github.com/StarateJI/L2Mauto/blob/bot-logs/runs/20260925_185820_fail_periodic.log
2026-09-25 18:58:26,843 - DEBUG - [global] log_uploader: STEP 2 SKIP (no PNGs)
2026-09-25 18:58:27,961 - DEBUG - [global] _api_put: GET runs/20260925_185820_fail_global.log -> 404
2026-09-25 18:58:30,040 - DEBUG - [global] _api_put: PUT runs/20260925_185820_fail_global.log -> 201 (20219 bytes)
2026-09-25 18:58:30,041 - DEBUG - [global] log_uploader: STEP 3 (global log) -> https://github.com/StarateJI/L2Mauto/blob/bot-logs/runs/20260925_185820_fail_global.log
2026-09-25 18:58:30,041 - DEBUG - [global] log_uploader: END window=periodic
2026-09-25 18:58:30,042 - INFO - [global] LogUploader: upload_run_logs завершён
2026-09-25 18:58:40,184 - INFO - [global] Проверяю обновы...
2026-09-25 18:58:40,987 - DEBUG - [global] needs_update: raw → 5.13.09
2026-09-25 18:58:42,256 - DEBUG - [global] needs_update: API → 5.13.09
2026-09-25 18:58:42,256 - DEBUG - [global] needs_update: лучший источник raw → 5.13.09 (из 2)
2026-09-25 18:58:42,256 - INFO - [global] needs_update: local=(5, 13, 7) remote=(5, 13, 9) -> has_update=True
2026-09-25 18:58:42,257 - INFO - [global] Доступна обнова! Спавню кнопку
2026-09-25 18:59:12,275 - INFO - [global] Проверяю обновы...
2026-09-25 18:59:13,105 - DEBUG - [global] needs_update: raw → 5.13.09
2026-09-25 18:59:14,388 - DEBUG - [global] needs_update: API → 5.13.09
2026-09-25 18:59:14,388 - DEBUG - [global] needs_update: лучший источник raw → 5.13.09 (из 2)
2026-09-25 18:59:14,389 - INFO - [global] needs_update: local=(5, 13, 7) remote=(5, 13, 9) -> has_update=True
2026-09-25 18:59:14,389 - INFO - [global] Доступна обнова! Спавню кнопку
2026-09-25 18:59:30,086 - INFO - [global] LogUploader: запускаю upload_run_logs...
2026-09-25 18:59:30,088 - DEBUG - [global] log_uploader: START window=periodic made=-1 token=...Rjnfq
2026-09-25 18:59:31,325 - DEBUG - [global] _api_put: GET runs/20260925_185930_fail_periodic.log -> 404
2026-09-25 18:59:34,332 - DEBUG - [global] _api_put: PUT runs/20260925_185930_fail_periodic.log -> 201 (10313 bytes)
2026-09-25 18:59:34,335 - DEBUG - [global] log_uploader: STEP 1 (window log) -> https://github.com/StarateJI/L2Mauto/blob/bot-logs/runs/20260925_185930_fail_periodic.log
2026-09-25 18:59:34,335 - DEBUG - [global] log_uploader: STEP 2 SKIP (no PNGs)
2026-09-25 18:59:35,490 - DEBUG - [global] _api_put: GET runs/20260925_185930_fail_global.log -> 404
2026-09-25 18:59:37,690 - DEBUG - [global] _api_put: PUT runs/20260925_185930_fail_global.log -> 201 (20123 bytes)
2026-09-25 18:59:37,692 - DEBUG - [global] log_uploader: STEP 3 (global log) -> https://github.com/StarateJI/L2Mauto/blob/bot-logs/runs/20260925_185930_fail_global.log
2026-09-25 18:59:37,692 - DEBUG - [global] log_uploader: END window=periodic
2026-09-25 18:59:37,692 - INFO - [global] LogUploader: upload_run_logs завершён
2026-09-25 18:59:44,406 - INFO - [global] Проверяю обновы...
2026-09-25 18:59:45,360 - DEBUG - [global] needs_update: raw → 5.13.09
2026-09-25 18:59:45,660 - DEBUG - [global] needs_update: API → 5.13.09
2026-09-25 18:59:45,661 - DEBUG - [global] needs_update: лучший источник raw → 5.13.09 (из 2)
2026-09-25 18:59:45,661 - INFO - [global] needs_update: local=(5, 13, 7) remote=(5, 13, 9) -> has_update=True
2026-09-25 18:59:45,661 - INFO - [global] Доступна обнова! Спавню кнопку
2026-09-25 19:00:15,680 - INFO - [global] Проверяю обновы...
2026-09-25 19:00:16,658 - DEBUG - [global] needs_update: raw → 5.13.09
2026-09-25 19:00:16,899 - DEBUG - [global] needs_update: API → 5.13.09
2026-09-25 19:00:16,899 - DEBUG - [global] needs_update: лучший источник raw → 5.13.09 (из 2)
2026-09-25 19:00:16,900 - INFO - [global] needs_update: local=(5, 13, 7) remote=(5, 13, 9) -> has_update=True
2026-09-25 19:00:16,900 - INFO - [global] Доступна обнова! Спавню кнопку
2026-09-25 19:00:37,730 - INFO - [global] LogUploader: запускаю upload_run_logs...
2026-09-25 19:00:37,731 - DEBUG - [global] log_uploader: START window=periodic made=-1 token=...Rjnfq
2026-09-25 19:00:38,848 - DEBUG - [global] _api_put: GET runs/20260925_190037_fail_periodic.log -> 404
2026-09-25 19:00:40,557 - DEBUG - [global] _api_put: PUT runs/20260925_190037_fail_periodic.log -> 201 (10313 bytes)
2026-09-25 19:00:40,560 - DEBUG - [global] log_uploader: STEP 1 (window log) -> https://github.com/StarateJI/L2Mauto/blob/bot-logs/runs/20260925_190037_fail_periodic.log
2026-09-25 19:00:40,560 - DEBUG - [global] log_uploader: STEP 2 SKIP (no PNGs)
2026-09-25 19:00:41,600 - DEBUG - [global] _api_put: GET runs/20260925_190037_fail_global.log -> 404
2026-09-25 19:00:43,459 - DEBUG - [global] _api_put: PUT runs/20260925_190037_fail_global.log -> 201 (20168 bytes)
2026-09-25 19:00:43,461 - DEBUG - [global] log_uploader: STEP 3 (global log) -> https://github.com/StarateJI/L2Mauto/blob/bot-logs/runs/20260925_190037_fail_global.log
2026-09-25 19:00:43,462 - DEBUG - [global] log_uploader: END window=periodic
2026-09-25 19:00:43,462 - INFO - [global] LogUploader: upload_run_logs завершён
2026-09-25 19:00:46,917 - INFO - [global] Проверяю обновы...
2026-09-25 19:00:47,798 - DEBUG - [global] needs_update: raw → 5.13.09
2026-09-25 19:00:48,002 - DEBUG - [global] needs_update: API → 5.13.09
2026-09-25 19:00:48,003 - DEBUG - [global] needs_update: лучший источник raw → 5.13.09 (из 2)
2026-09-25 19:00:48,003 - INFO - [global] needs_update: local=(5, 13, 7) remote=(5, 13, 9) -> has_update=True
2026-09-25 19:00:48,003 - INFO - [global] Доступна обнова! Спавню кнопку
2026-09-25 19:01:18,022 - INFO - [global] Проверяю обновы...
2026-09-25 19:01:19,115 - DEBUG - [global] needs_update: API → 5.13.09
2026-09-25 19:01:19,129 - DEBUG - [global] needs_update: raw → 5.13.09
2026-09-25 19:01:19,130 - DEBUG - [global] needs_update: лучший источник API → 5.13.09 (из 2)
2026-09-25 19:01:19,130 - INFO - [global] needs_update: local=(5, 13, 7) remote=(5, 13, 9) -> has_update=True
2026-09-25 19:01:19,130 - INFO - [global] Доступна обнова! Спавню кнопку
2026-09-25 19:01:43,496 - INFO - [global] LogUploader: запускаю upload_run_logs...
2026-09-25 19:01:43,497 - DEBUG - [global] log_uploader: START window=periodic made=-1 token=...Rjnfq
2026-09-25 19:01:44,559 - DEBUG - [global] _api_put: GET runs/20260925_190143_fail_periodic.log -> 404
2026-09-25 19:01:46,324 - DEBUG - [global] _api_put: PUT runs/20260925_190143_fail_periodic.log -> 201 (10313 bytes)
2026-09-25 19:01:46,327 - DEBUG - [global] log_uploader: STEP 1 (window log) -> https://github.com/StarateJI/L2Mauto/blob/bot-logs/runs/20260925_190143_fail_periodic.log
2026-09-25 19:01:46,327 - DEBUG - [global] log_uploader: STEP 2 SKIP (no PNGs)
2026-09-25 19:01:47,297 - DEBUG - [global] _api_put: GET runs/20260925_190143_fail_global.log -> 404
2026-09-25 19:01:49,005 - DEBUG - [global] _api_put: PUT runs/20260925_190143_fail_global.log -> 201 (20168 bytes)
2026-09-25 19:01:49,007 - DEBUG - [global] log_uploader: STEP 3 (global log) -> https://github.com/StarateJI/L2Mauto/blob/bot-logs/runs/20260925_190143_fail_global.log
2026-09-25 19:01:49,007 - DEBUG - [global] log_uploader: END window=periodic
2026-09-25 19:01:49,007 - INFO - [global] LogUploader: upload_run_logs завершён
2026-09-25 19:01:49,155 - INFO - [global] Проверяю обновы...
2026-09-25 19:01:50,075 - DEBUG - [global] needs_update: raw → 5.13.09
2026-09-25 19:01:50,243 - DEBUG - [global] needs_update: API → 5.13.09
2026-09-25 19:01:50,244 - DEBUG - [global] needs_update: лучший источник raw → 5.13.09 (из 2)
2026-09-25 19:01:50,244 - INFO - [global] needs_update: local=(5, 13, 7) remote=(5, 13, 9) -> has_update=True
2026-09-25 19:01:50,244 - INFO - [global] Доступна обнова! Спавню кнопку
2026-09-25 19:02:20,262 - INFO - [global] Проверяю обновы...
2026-09-25 19:02:21,194 - DEBUG - [global] needs_update: raw → 5.13.09
2026-09-25 19:02:21,375 - DEBUG - [global] needs_update: API → 5.13.09
2026-09-25 19:02:21,375 - DEBUG - [global] needs_update: лучший источник raw → 5.13.09 (из 2)
2026-09-25 19:02:21,375 - INFO - [global] needs_update: local=(5, 13, 7) remote=(5, 13, 9) -> has_update=True
2026-09-25 19:02:21,376 - INFO - [global] Доступна обнова! Спавню кнопку
2026-09-25 19:02:49,045 - INFO - [global] LogUploader: запускаю upload_run_logs...
2026-09-25 19:02:49,046 - DEBUG - [global] log_uploader: START window=periodic made=-1 token=...Rjnfq
2026-09-25 19:02:50,248 - DEBUG - [global] _api_put: GET runs/20260925_190249_fail_periodic.log -> 404
2026-09-25 19:02:51,389 - INFO - [global] Проверяю обновы...
2026-09-25 19:02:52,328 - DEBUG - [global] needs_update: raw → 5.13.09
2026-09-25 19:02:53,138 - DEBUG - [global] _api_put: PUT runs/20260925_190249_fail_periodic.log -> 201 (10313 bytes)
2026-09-25 19:02:53,140 - DEBUG - [global] log_uploader: STEP 1 (window log) -> https://github.com/StarateJI/L2Mauto/blob/bot-logs/runs/20260925_190249_fail_periodic.log
2026-09-25 19:02:53,141 - DEBUG - [global] log_uploader: STEP 2 SKIP (no PNGs)
