=== Log tail 2026-09-29T12:15:59.089228 | last 200 lines ===
2026-09-29 12:06:23,335 - DEBUG - [global] _api_put: PUT runs/20260929_120618_fail_periodic.log -> 201 (14800 bytes)
2026-09-29 12:06:23,337 - DEBUG - [global] log_uploader: STEP 1 (window log) -> https://github.com/StarateJI/L2Mauto/blob/bot-logs/runs/20260929_120618_fail_periodic.log
2026-09-29 12:06:23,342 - DEBUG - [global] log_uploader: STEP 2 SKIP (no PNGs)
2026-09-29 12:06:25,760 - DEBUG - [global] _api_put: GET runs/20260929_120618_fail_global.log -> 404
2026-09-29 12:06:28,902 - DEBUG - [global] _api_put: PUT runs/20260929_120618_fail_global.log -> 201 (19974 bytes)
2026-09-29 12:06:28,905 - DEBUG - [global] log_uploader: STEP 3 (global log) -> https://github.com/StarateJI/L2Mauto/blob/bot-logs/runs/20260929_120618_fail_global.log
2026-09-29 12:06:28,905 - DEBUG - [global] log_uploader: END window=periodic
2026-09-29 12:06:28,905 - INFO - [global] LogUploader: upload_run_logs завершён
2026-09-29 12:06:46,374 - INFO - [global] Проверяю обновы...
2026-09-29 12:06:48,635 - DEBUG - [global] needs_update: API → 5.13.09
2026-09-29 12:06:48,732 - DEBUG - [global] needs_update: raw → 5.13.09
2026-09-29 12:06:48,737 - DEBUG - [global] needs_update: лучший источник API → 5.13.09 (из 2)
2026-09-29 12:06:48,740 - INFO - [global] needs_update: local=(5, 13, 7) remote=(5, 13, 9) -> has_update=True
2026-09-29 12:06:48,740 - INFO - [global] Доступна обнова! Спавню кнопку
2026-09-29 12:07:19,292 - INFO - [global] Проверяю обновы...
2026-09-29 12:07:20,416 - DEBUG - [global] needs_update: raw → 5.13.09
2026-09-29 12:07:20,642 - DEBUG - [global] needs_update: API → 5.13.09
2026-09-29 12:07:20,665 - DEBUG - [global] needs_update: лучший источник raw → 5.13.09 (из 2)
2026-09-29 12:07:20,665 - INFO - [global] needs_update: local=(5, 13, 7) remote=(5, 13, 9) -> has_update=True
2026-09-29 12:07:20,665 - INFO - [global] Доступна обнова! Спавню кнопку
2026-09-29 12:07:29,837 - INFO - [global] LogUploader: запускаю upload_run_logs...
2026-09-29 12:07:29,838 - DEBUG - [global] log_uploader: START window=periodic made=-1 token=...Rjnfq
2026-09-29 12:07:32,121 - DEBUG - [global] _api_put: GET runs/20260929_120729_fail_periodic.log -> 404
2026-09-29 12:07:35,432 - DEBUG - [global] _api_put: PUT runs/20260929_120729_fail_periodic.log -> 201 (14800 bytes)
2026-09-29 12:07:35,434 - DEBUG - [global] log_uploader: STEP 1 (window log) -> https://github.com/StarateJI/L2Mauto/blob/bot-logs/runs/20260929_120729_fail_periodic.log
2026-09-29 12:07:35,435 - DEBUG - [global] log_uploader: STEP 2 SKIP (no PNGs)
2026-09-29 12:07:37,802 - DEBUG - [global] _api_put: GET runs/20260929_120729_fail_global.log -> 404
2026-09-29 12:07:41,057 - DEBUG - [global] _api_put: PUT runs/20260929_120729_fail_global.log -> 409 (19974 bytes)
2026-09-29 12:07:41,057 - WARNING - [global] _api_put: PUT failed body: {"message":"is at 25f0a920560b1a2f6752934da626db58d6e55aae but expected c6a8648cfd401a9970fdda9d03de326cf1931604","documentation_url":"https://docs.github.com/rest/repos/contents#create-or-update-file
2026-09-29 12:07:41,058 - DEBUG - [global] log_uploader: STEP 3 (global log) -> FAILED
2026-09-29 12:07:41,058 - DEBUG - [global] log_uploader: END window=periodic
2026-09-29 12:07:41,058 - INFO - [global] LogUploader: upload_run_logs завершён
2026-09-29 12:07:51,192 - INFO - [global] Проверяю обновы...
2026-09-29 12:07:52,359 - DEBUG - [global] needs_update: raw → 5.13.09
2026-09-29 12:07:52,515 - DEBUG - [global] needs_update: API → 5.13.09
2026-09-29 12:07:52,517 - DEBUG - [global] needs_update: лучший источник raw → 5.13.09 (из 2)
2026-09-29 12:07:52,517 - INFO - [global] needs_update: local=(5, 13, 7) remote=(5, 13, 9) -> has_update=True
2026-09-29 12:07:52,517 - INFO - [global] Доступна обнова! Спавню кнопку
2026-09-29 12:08:23,093 - INFO - [global] Проверяю обновы...
2026-09-29 12:08:24,237 - DEBUG - [global] needs_update: raw → 5.13.09
2026-09-29 12:08:24,526 - DEBUG - [global] needs_update: API → 5.13.09
2026-09-29 12:08:24,528 - DEBUG - [global] needs_update: лучший источник raw → 5.13.09 (из 2)
2026-09-29 12:08:24,528 - INFO - [global] needs_update: local=(5, 13, 7) remote=(5, 13, 9) -> has_update=True
2026-09-29 12:08:24,528 - INFO - [global] Доступна обнова! Спавню кнопку
2026-09-29 12:08:41,996 - INFO - [global] LogUploader: запускаю upload_run_logs...
2026-09-29 12:08:41,999 - DEBUG - [global] log_uploader: START window=periodic made=-1 token=...Rjnfq
2026-09-29 12:08:43,562 - DEBUG - [global] _api_put: GET runs/20260929_120841_fail_periodic.log -> 404
2026-09-29 12:08:46,273 - DEBUG - [global] _api_put: PUT runs/20260929_120841_fail_periodic.log -> 201 (14800 bytes)
2026-09-29 12:08:46,275 - DEBUG - [global] log_uploader: STEP 1 (window log) -> https://github.com/StarateJI/L2Mauto/blob/bot-logs/runs/20260929_120841_fail_periodic.log
2026-09-29 12:08:46,276 - DEBUG - [global] log_uploader: STEP 2 SKIP (no PNGs)
2026-09-29 12:08:48,402 - DEBUG - [global] _api_put: GET runs/20260929_120841_fail_global.log -> 404
2026-09-29 12:08:51,364 - DEBUG - [global] _api_put: PUT runs/20260929_120841_fail_global.log -> 201 (20063 bytes)
2026-09-29 12:08:51,367 - DEBUG - [global] log_uploader: STEP 3 (global log) -> https://github.com/StarateJI/L2Mauto/blob/bot-logs/runs/20260929_120841_fail_global.log
2026-09-29 12:08:51,367 - DEBUG - [global] log_uploader: END window=periodic
2026-09-29 12:08:51,367 - INFO - [global] LogUploader: upload_run_logs завершён
2026-09-29 12:08:55,006 - INFO - [global] Проверяю обновы...
2026-09-29 12:08:56,121 - DEBUG - [global] needs_update: raw → 5.13.09
2026-09-29 12:08:56,299 - DEBUG - [global] needs_update: API → 5.13.09
2026-09-29 12:08:56,318 - DEBUG - [global] needs_update: лучший источник raw → 5.13.09 (из 2)
2026-09-29 12:08:56,318 - INFO - [global] needs_update: local=(5, 13, 7) remote=(5, 13, 9) -> has_update=True
2026-09-29 12:08:56,318 - INFO - [global] Доступна обнова! Спавню кнопку
2026-09-29 12:09:26,899 - INFO - [global] Проверяю обновы...
2026-09-29 12:09:28,093 - DEBUG - [global] needs_update: raw → 5.13.09
2026-09-29 12:09:28,189 - DEBUG - [global] needs_update: API → 5.13.09
2026-09-29 12:09:28,221 - DEBUG - [global] needs_update: лучший источник raw → 5.13.09 (из 2)
2026-09-29 12:09:28,221 - INFO - [global] needs_update: local=(5, 13, 7) remote=(5, 13, 9) -> has_update=True
2026-09-29 12:09:28,221 - INFO - [global] Доступна обнова! Спавню кнопку
2026-09-29 12:09:52,294 - INFO - [global] LogUploader: запускаю upload_run_logs...
2026-09-29 12:09:52,294 - DEBUG - [global] log_uploader: START window=periodic made=-1 token=...Rjnfq
2026-09-29 12:09:54,033 - DEBUG - [global] _api_put: GET runs/20260929_120952_fail_periodic.log -> 404
2026-09-29 12:09:56,951 - DEBUG - [global] _api_put: PUT runs/20260929_120952_fail_periodic.log -> 201 (14800 bytes)
2026-09-29 12:09:56,953 - DEBUG - [global] log_uploader: STEP 1 (window log) -> https://github.com/StarateJI/L2Mauto/blob/bot-logs/runs/20260929_120952_fail_periodic.log
2026-09-29 12:09:56,955 - DEBUG - [global] log_uploader: STEP 2 SKIP (no PNGs)
2026-09-29 12:09:58,987 - INFO - [global] Проверяю обновы...
2026-09-29 12:09:59,234 - DEBUG - [global] _api_put: GET runs/20260929_120952_fail_global.log -> 404
2026-09-29 12:10:00,465 - DEBUG - [global] needs_update: raw → 5.13.09
2026-09-29 12:10:00,781 - DEBUG - [global] needs_update: API → 5.13.09
2026-09-29 12:10:00,788 - DEBUG - [global] needs_update: лучший источник raw → 5.13.09 (из 2)
2026-09-29 12:10:00,789 - INFO - [global] needs_update: local=(5, 13, 7) remote=(5, 13, 9) -> has_update=True
2026-09-29 12:10:00,789 - INFO - [global] Доступна обнова! Спавню кнопку
2026-09-29 12:10:02,953 - DEBUG - [global] _api_put: PUT runs/20260929_120952_fail_global.log -> 201 (20063 bytes)
2026-09-29 12:10:02,955 - DEBUG - [global] log_uploader: STEP 3 (global log) -> https://github.com/StarateJI/L2Mauto/blob/bot-logs/runs/20260929_120952_fail_global.log
2026-09-29 12:10:02,956 - DEBUG - [global] log_uploader: END window=periodic
2026-09-29 12:10:02,956 - INFO - [global] LogUploader: upload_run_logs завершён
2026-09-29 12:10:31,299 - INFO - [global] Проверяю обновы...
2026-09-29 12:10:32,536 - DEBUG - [global] needs_update: raw → 5.13.09
2026-09-29 12:10:32,757 - DEBUG - [global] needs_update: API → 5.13.09
2026-09-29 12:10:32,758 - DEBUG - [global] needs_update: лучший источник raw → 5.13.09 (из 2)
2026-09-29 12:10:32,758 - INFO - [global] needs_update: local=(5, 13, 7) remote=(5, 13, 9) -> has_update=True
2026-09-29 12:10:32,758 - INFO - [global] Доступна обнова! Спавню кнопку
2026-09-29 12:11:03,198 - INFO - [global] Проверяю обновы...
2026-09-29 12:11:04,013 - INFO - [global] LogUploader: запускаю upload_run_logs...
2026-09-29 12:11:04,014 - DEBUG - [global] log_uploader: START window=periodic made=-1 token=...Rjnfq
2026-09-29 12:11:04,625 - DEBUG - [global] needs_update: raw → 5.13.09
2026-09-29 12:11:04,857 - DEBUG - [global] needs_update: API → 5.13.09
2026-09-29 12:11:04,858 - DEBUG - [global] needs_update: лучший источник raw → 5.13.09 (из 2)
2026-09-29 12:11:04,859 - INFO - [global] needs_update: local=(5, 13, 7) remote=(5, 13, 9) -> has_update=True
2026-09-29 12:11:04,859 - INFO - [global] Доступна обнова! Спавню кнопку
2026-09-29 12:11:06,462 - DEBUG - [global] _api_put: GET runs/20260929_121104_fail_periodic.log -> 404
2026-09-29 12:11:09,823 - DEBUG - [global] _api_put: PUT runs/20260929_121104_fail_periodic.log -> 201 (14800 bytes)
2026-09-29 12:11:09,829 - DEBUG - [global] log_uploader: STEP 1 (window log) -> https://github.com/StarateJI/L2Mauto/blob/bot-logs/runs/20260929_121104_fail_periodic.log
2026-09-29 12:11:09,830 - DEBUG - [global] log_uploader: STEP 2 SKIP (no PNGs)
2026-09-29 12:11:12,163 - DEBUG - [global] _api_put: GET runs/20260929_121104_fail_global.log -> 404
2026-09-29 12:11:15,813 - DEBUG - [global] _api_put: PUT runs/20260929_121104_fail_global.log -> 201 (20063 bytes)
2026-09-29 12:11:15,815 - DEBUG - [global] log_uploader: STEP 3 (global log) -> https://github.com/StarateJI/L2Mauto/blob/bot-logs/runs/20260929_121104_fail_global.log
2026-09-29 12:11:15,816 - DEBUG - [global] log_uploader: END window=periodic
2026-09-29 12:11:15,816 - INFO - [global] LogUploader: upload_run_logs завершён
2026-09-29 12:11:35,305 - INFO - [global] Проверяю обновы...
2026-09-29 12:11:38,105 - DEBUG - [global] needs_update: raw → 5.13.09
2026-09-29 12:11:38,171 - DEBUG - [global] needs_update: API → 5.13.09
2026-09-29 12:11:38,171 - DEBUG - [global] needs_update: лучший источник raw → 5.13.09 (из 2)
2026-09-29 12:11:38,172 - INFO - [global] needs_update: local=(5, 13, 7) remote=(5, 13, 9) -> has_update=True
2026-09-29 12:11:38,172 - INFO - [global] Доступна обнова! Спавню кнопку
2026-09-29 12:12:08,625 - INFO - [global] Проверяю обновы...
2026-09-29 12:12:09,837 - DEBUG - [global] needs_update: raw → 5.13.09
2026-09-29 12:12:10,009 - DEBUG - [global] needs_update: API → 5.13.09
2026-09-29 12:12:10,014 - DEBUG - [global] needs_update: лучший источник raw → 5.13.09 (из 2)
2026-09-29 12:12:10,014 - INFO - [global] needs_update: local=(5, 13, 7) remote=(5, 13, 9) -> has_update=True
2026-09-29 12:12:10,014 - INFO - [global] Доступна обнова! Спавню кнопку
2026-09-29 12:12:16,731 - INFO - [global] LogUploader: запускаю upload_run_logs...
2026-09-29 12:12:16,732 - DEBUG - [global] log_uploader: START window=periodic made=-1 token=...Rjnfq
2026-09-29 12:12:18,475 - DEBUG - [global] _api_put: GET runs/20260929_121216_fail_periodic.log -> 404
2026-09-29 12:12:21,677 - DEBUG - [global] _api_put: PUT runs/20260929_121216_fail_periodic.log -> 201 (14800 bytes)
2026-09-29 12:12:21,681 - DEBUG - [global] log_uploader: STEP 1 (window log) -> https://github.com/StarateJI/L2Mauto/blob/bot-logs/runs/20260929_121216_fail_periodic.log
2026-09-29 12:12:21,684 - DEBUG - [global] log_uploader: STEP 2 SKIP (no PNGs)
2026-09-29 12:12:23,686 - DEBUG - [global] _api_put: GET runs/20260929_121216_fail_global.log -> 404
2026-09-29 12:12:26,500 - DEBUG - [global] _api_put: PUT runs/20260929_121216_fail_global.log -> 201 (20063 bytes)
2026-09-29 12:12:26,502 - DEBUG - [global] log_uploader: STEP 3 (global log) -> https://github.com/StarateJI/L2Mauto/blob/bot-logs/runs/20260929_121216_fail_global.log
2026-09-29 12:12:26,502 - DEBUG - [global] log_uploader: END window=periodic
2026-09-29 12:12:26,502 - INFO - [global] LogUploader: upload_run_logs завершён
2026-09-29 12:12:40,501 - INFO - [global] Проверяю обновы...
2026-09-29 12:12:41,620 - DEBUG - [global] needs_update: raw → 5.13.09
2026-09-29 12:12:41,779 - DEBUG - [global] needs_update: API → 5.13.09
2026-09-29 12:12:41,781 - DEBUG - [global] needs_update: лучший источник raw → 5.13.09 (из 2)
2026-09-29 12:12:41,781 - INFO - [global] needs_update: local=(5, 13, 7) remote=(5, 13, 9) -> has_update=True
2026-09-29 12:12:41,782 - INFO - [global] Доступна обнова! Спавню кнопку
2026-09-29 12:13:12,232 - INFO - [global] Проверяю обновы...
2026-09-29 12:13:13,350 - DEBUG - [global] needs_update: raw → 5.13.09
2026-09-29 12:13:13,635 - DEBUG - [global] needs_update: API → 5.13.09
2026-09-29 12:13:13,640 - DEBUG - [global] needs_update: лучший источник raw → 5.13.09 (из 2)
2026-09-29 12:13:13,640 - INFO - [global] needs_update: local=(5, 13, 7) remote=(5, 13, 9) -> has_update=True
2026-09-29 12:13:13,640 - INFO - [global] Доступна обнова! Спавню кнопку
2026-09-29 12:13:27,478 - INFO - [global] LogUploader: запускаю upload_run_logs...
2026-09-29 12:13:27,479 - DEBUG - [global] log_uploader: START window=periodic made=-1 token=...Rjnfq
2026-09-29 12:13:29,342 - DEBUG - [global] _api_put: GET runs/20260929_121327_fail_periodic.log -> 404
2026-09-29 12:13:32,979 - DEBUG - [global] _api_put: PUT runs/20260929_121327_fail_periodic.log -> 201 (14800 bytes)
2026-09-29 12:13:32,982 - DEBUG - [global] log_uploader: STEP 1 (window log) -> https://github.com/StarateJI/L2Mauto/blob/bot-logs/runs/20260929_121327_fail_periodic.log
2026-09-29 12:13:32,983 - DEBUG - [global] log_uploader: STEP 2 SKIP (no PNGs)
2026-09-29 12:13:35,215 - DEBUG - [global] _api_put: GET runs/20260929_121327_fail_global.log -> 404
2026-09-29 12:13:38,285 - DEBUG - [global] _api_put: PUT runs/20260929_121327_fail_global.log -> 201 (20063 bytes)
2026-09-29 12:13:38,287 - DEBUG - [global] log_uploader: STEP 3 (global log) -> https://github.com/StarateJI/L2Mauto/blob/bot-logs/runs/20260929_121327_fail_global.log
2026-09-29 12:13:38,288 - DEBUG - [global] log_uploader: END window=periodic
2026-09-29 12:13:38,288 - INFO - [global] LogUploader: upload_run_logs завершён
2026-09-29 12:13:44,137 - INFO - [global] Проверяю обновы...
2026-09-29 12:13:45,276 - DEBUG - [global] needs_update: raw → 5.13.09
2026-09-29 12:13:45,500 - DEBUG - [global] needs_update: API → 5.13.09
2026-09-29 12:13:45,501 - DEBUG - [global] needs_update: лучший источник raw → 5.13.09 (из 2)
2026-09-29 12:13:45,501 - INFO - [global] needs_update: local=(5, 13, 7) remote=(5, 13, 9) -> has_update=True
2026-09-29 12:13:45,501 - INFO - [global] Доступна обнова! Спавню кнопку
2026-09-29 12:14:16,046 - INFO - [global] Проверяю обновы...
2026-09-29 12:14:17,183 - DEBUG - [global] needs_update: raw → 5.13.09
2026-09-29 12:14:17,394 - DEBUG - [global] needs_update: API → 5.13.09
2026-09-29 12:14:17,396 - DEBUG - [global] needs_update: лучший источник raw → 5.13.09 (из 2)
2026-09-29 12:14:17,397 - INFO - [global] needs_update: local=(5, 13, 7) remote=(5, 13, 9) -> has_update=True
2026-09-29 12:14:17,397 - INFO - [global] Доступна обнова! Спавню кнопку
2026-09-29 12:14:39,192 - INFO - [global] LogUploader: запускаю upload_run_logs...
2026-09-29 12:14:39,193 - DEBUG - [global] log_uploader: START window=periodic made=-1 token=...Rjnfq
2026-09-29 12:14:41,450 - DEBUG - [global] _api_put: GET runs/20260929_121439_fail_periodic.log -> 404
2026-09-29 12:14:44,480 - DEBUG - [global] _api_put: PUT runs/20260929_121439_fail_periodic.log -> 201 (14800 bytes)
2026-09-29 12:14:44,482 - DEBUG - [global] log_uploader: STEP 1 (window log) -> https://github.com/StarateJI/L2Mauto/blob/bot-logs/runs/20260929_121439_fail_periodic.log
2026-09-29 12:14:44,483 - DEBUG - [global] log_uploader: STEP 2 SKIP (no PNGs)
2026-09-29 12:14:46,868 - DEBUG - [global] _api_put: GET runs/20260929_121439_fail_global.log -> 404
2026-09-29 12:14:47,957 - INFO - [global] Проверяю обновы...
2026-09-29 12:14:49,507 - DEBUG - [global] needs_update: API → 5.13.09
2026-09-29 12:14:49,512 - DEBUG - [global] needs_update: raw → 5.13.09
2026-09-29 12:14:49,513 - DEBUG - [global] needs_update: лучший источник API → 5.13.09 (из 2)
2026-09-29 12:14:49,513 - INFO - [global] needs_update: local=(5, 13, 7) remote=(5, 13, 9) -> has_update=True
2026-09-29 12:14:49,513 - INFO - [global] Доступна обнова! Спавню кнопку
2026-09-29 12:14:50,783 - DEBUG - [global] _api_put: PUT runs/20260929_121439_fail_global.log -> 201 (20063 bytes)
2026-09-29 12:14:50,787 - DEBUG - [global] log_uploader: STEP 3 (global log) -> https://github.com/StarateJI/L2Mauto/blob/bot-logs/runs/20260929_121439_fail_global.log
2026-09-29 12:14:50,787 - DEBUG - [global] log_uploader: END window=periodic
2026-09-29 12:14:50,787 - INFO - [global] LogUploader: upload_run_logs завершён
2026-09-29 12:15:20,018 - INFO - [global] Проверяю обновы...
2026-09-29 12:15:21,333 - DEBUG - [global] needs_update: raw → 5.13.09
2026-09-29 12:15:21,644 - DEBUG - [global] needs_update: API → 5.13.09
2026-09-29 12:15:21,647 - DEBUG - [global] needs_update: лучший источник raw → 5.13.09 (из 2)
2026-09-29 12:15:21,648 - INFO - [global] needs_update: local=(5, 13, 7) remote=(5, 13, 9) -> has_update=True
2026-09-29 12:15:21,648 - INFO - [global] Доступна обнова! Спавню кнопку
2026-09-29 12:15:51,743 - INFO - [global] LogUploader: запускаю upload_run_logs...
2026-09-29 12:15:51,744 - DEBUG - [global] log_uploader: START window=periodic made=-1 token=...Rjnfq
2026-09-29 12:15:52,151 - INFO - [global] Проверяю обновы...
2026-09-29 12:15:53,788 - DEBUG - [global] needs_update: raw → 5.13.09
2026-09-29 12:15:53,993 - DEBUG - [global] needs_update: API → 5.13.09
2026-09-29 12:15:53,995 - DEBUG - [global] needs_update: лучший источник raw → 5.13.09 (из 2)
2026-09-29 12:15:53,996 - INFO - [global] needs_update: local=(5, 13, 7) remote=(5, 13, 9) -> has_update=True
2026-09-29 12:15:53,996 - INFO - [global] Доступна обнова! Спавню кнопку
2026-09-29 12:15:55,095 - DEBUG - [global] _api_put: GET runs/20260929_121551_fail_periodic.log -> 404
2026-09-29 12:15:58,670 - DEBUG - [global] _api_put: PUT runs/20260929_121551_fail_periodic.log -> 201 (14800 bytes)
2026-09-29 12:15:58,672 - DEBUG - [global] log_uploader: STEP 1 (window log) -> https://github.com/StarateJI/L2Mauto/blob/bot-logs/runs/20260929_121551_fail_periodic.log
2026-09-29 12:15:58,675 - DEBUG - [global] log_uploader: STEP 2 SKIP (no PNGs)
