=== Log tail 2026-09-30T14:47:07.133428 | last 200 lines ===
2026-09-30 14:38:16,122 - DEBUG - [global] log_uploader: START window=periodic made=-1 token=...Rjnfq
2026-09-30 14:38:16,972 - DEBUG - [global] _api_put: GET runs/20260930_143816_fail_periodic.log -> 404
2026-09-30 14:38:19,287 - DEBUG - [global] _api_put: PUT runs/20260930_143816_fail_periodic.log -> 201 (19392 bytes)
2026-09-30 14:38:19,289 - DEBUG - [global] log_uploader: STEP 1 (window log) -> https://github.com/StarateJI/L2Mauto/blob/bot-logs/runs/20260930_143816_fail_periodic.log
2026-09-30 14:38:19,289 - DEBUG - [global] log_uploader: STEP 2 SKIP (no PNGs)
2026-09-30 14:38:21,161 - DEBUG - [global] _api_put: GET runs/20260930_143816_fail_global.log -> 404
2026-09-30 14:38:23,235 - DEBUG - [global] _api_put: PUT runs/20260930_143816_fail_global.log -> 409 (20578 bytes)
2026-09-30 14:38:23,235 - WARNING - [global] _api_put: PUT failed body: {"message":"is at 3752711af8beece43245e3490f77620972c6ed14 but expected b85f393ada97e69d8653d1ddfa4bb311254fa583","documentation_url":"https://docs.github.com/rest/repos/contents#create-or-update-file
2026-09-30 14:38:23,237 - DEBUG - [global] log_uploader: STEP 3 (global log) -> FAILED
2026-09-30 14:38:23,237 - DEBUG - [global] log_uploader: END window=periodic
2026-09-30 14:38:23,237 - INFO - [global] LogUploader: upload_run_logs завершён
2026-09-30 14:38:40,227 - INFO - [global] Проверяю обновы...
2026-09-30 14:38:40,930 - DEBUG - [global] needs_update: raw → 5.13.09
2026-09-30 14:38:41,220 - DEBUG - [global] needs_update: API → 5.13.09
2026-09-30 14:38:41,220 - DEBUG - [global] needs_update: лучший источник raw → 5.13.09 (из 2)
2026-09-30 14:38:41,220 - INFO - [global] needs_update: local=(5, 13, 7) remote=(5, 13, 9) -> has_update=True
2026-09-30 14:38:41,220 - INFO - [global] Доступна обнова! Спавню кнопку
2026-09-30 14:39:11,236 - INFO - [global] Проверяю обновы...
2026-09-30 14:39:12,011 - DEBUG - [global] needs_update: raw → 5.13.09
2026-09-30 14:39:12,189 - DEBUG - [global] needs_update: API → 5.13.09
2026-09-30 14:39:12,189 - DEBUG - [global] needs_update: лучший источник raw → 5.13.09 (из 2)
2026-09-30 14:39:12,189 - INFO - [global] needs_update: local=(5, 13, 7) remote=(5, 13, 9) -> has_update=True
2026-09-30 14:39:12,189 - INFO - [global] Доступна обнова! Спавню кнопку
2026-09-30 14:39:23,264 - INFO - [global] LogUploader: запускаю upload_run_logs...
2026-09-30 14:39:23,264 - DEBUG - [global] log_uploader: START window=periodic made=-1 token=...Rjnfq
2026-09-30 14:39:24,141 - DEBUG - [global] _api_put: GET runs/20260930_143923_fail_periodic.log -> 404
2026-09-30 14:39:26,284 - DEBUG - [global] _api_put: PUT runs/20260930_143923_fail_periodic.log -> 409 (19392 bytes)
2026-09-30 14:39:26,284 - WARNING - [global] _api_put: PUT failed body: {"message":"is at a931e1a890b75c2d0c849b26f6f7ec8e72884232 but expected 2b415dd368210b91e6379b63c4388d55e6e27c4b","documentation_url":"https://docs.github.com/rest/repos/contents#create-or-update-file
2026-09-30 14:39:26,286 - DEBUG - [global] log_uploader: STEP 1 (window log) -> FAILED
2026-09-30 14:39:26,286 - DEBUG - [global] log_uploader: STEP 2 SKIP (no PNGs)
2026-09-30 14:39:27,325 - DEBUG - [global] _api_put: GET runs/20260930_143923_fail_global.log -> 404
2026-09-30 14:39:29,451 - DEBUG - [global] _api_put: PUT runs/20260930_143923_fail_global.log -> 409 (20665 bytes)
2026-09-30 14:39:29,451 - WARNING - [global] _api_put: PUT failed body: {"message":"is at dd1d54a80a98549e52e5fd433994d66654a38abb but expected a931e1a890b75c2d0c849b26f6f7ec8e72884232","documentation_url":"https://docs.github.com/rest/repos/contents#create-or-update-file
2026-09-30 14:39:29,452 - DEBUG - [global] log_uploader: STEP 3 (global log) -> FAILED
2026-09-30 14:39:29,452 - DEBUG - [global] log_uploader: END window=periodic
2026-09-30 14:39:29,453 - INFO - [global] LogUploader: upload_run_logs завершён
2026-09-30 14:39:42,207 - INFO - [global] Проверяю обновы...
2026-09-30 14:39:42,910 - DEBUG - [global] needs_update: raw → 5.13.09
2026-09-30 14:39:43,151 - DEBUG - [global] needs_update: API → 5.13.09
2026-09-30 14:39:43,152 - DEBUG - [global] needs_update: лучший источник raw → 5.13.09 (из 2)
2026-09-30 14:39:43,152 - INFO - [global] needs_update: local=(5, 13, 7) remote=(5, 13, 9) -> has_update=True
2026-09-30 14:39:43,152 - INFO - [global] Доступна обнова! Спавню кнопку
2026-09-30 14:40:13,169 - INFO - [global] Проверяю обновы...
2026-09-30 14:40:13,887 - DEBUG - [global] needs_update: raw → 5.13.09
2026-09-30 14:40:14,125 - DEBUG - [global] needs_update: API → 5.13.09
2026-09-30 14:40:14,126 - DEBUG - [global] needs_update: лучший источник raw → 5.13.09 (из 2)
2026-09-30 14:40:14,126 - INFO - [global] needs_update: local=(5, 13, 7) remote=(5, 13, 9) -> has_update=True
2026-09-30 14:40:14,126 - INFO - [global] Доступна обнова! Спавню кнопку
2026-09-30 14:40:29,486 - INFO - [global] LogUploader: запускаю upload_run_logs...
2026-09-30 14:40:29,486 - DEBUG - [global] log_uploader: START window=periodic made=-1 token=...Rjnfq
2026-09-30 14:40:30,326 - DEBUG - [global] _api_put: GET runs/20260930_144029_fail_periodic.log -> 404
2026-09-30 14:40:32,244 - DEBUG - [global] _api_put: PUT runs/20260930_144029_fail_periodic.log -> 201 (19392 bytes)
2026-09-30 14:40:32,245 - DEBUG - [global] log_uploader: STEP 1 (window log) -> https://github.com/StarateJI/L2Mauto/blob/bot-logs/runs/20260930_144029_fail_periodic.log
2026-09-30 14:40:32,246 - DEBUG - [global] log_uploader: STEP 2 SKIP (no PNGs)
2026-09-30 14:40:33,098 - DEBUG - [global] _api_put: GET runs/20260930_144029_fail_global.log -> 404
2026-09-30 14:40:35,103 - DEBUG - [global] _api_put: PUT runs/20260930_144029_fail_global.log -> 201 (20740 bytes)
2026-09-30 14:40:35,104 - DEBUG - [global] log_uploader: STEP 3 (global log) -> https://github.com/StarateJI/L2Mauto/blob/bot-logs/runs/20260930_144029_fail_global.log
2026-09-30 14:40:35,104 - DEBUG - [global] log_uploader: END window=periodic
2026-09-30 14:40:35,104 - INFO - [global] LogUploader: upload_run_logs завершён
2026-09-30 14:40:44,147 - INFO - [global] Проверяю обновы...
2026-09-30 14:40:44,916 - DEBUG - [global] needs_update: raw → 5.13.09
2026-09-30 14:40:45,215 - DEBUG - [global] needs_update: API → 5.13.09
2026-09-30 14:40:45,215 - DEBUG - [global] needs_update: лучший источник raw → 5.13.09 (из 2)
2026-09-30 14:40:45,215 - INFO - [global] needs_update: local=(5, 13, 7) remote=(5, 13, 9) -> has_update=True
2026-09-30 14:40:45,215 - INFO - [global] Доступна обнова! Спавню кнопку
2026-09-30 14:41:15,231 - INFO - [global] Проверяю обновы...
2026-09-30 14:41:16,030 - DEBUG - [global] needs_update: raw → 5.13.09
2026-09-30 14:41:16,225 - DEBUG - [global] needs_update: API → 5.13.09
2026-09-30 14:41:16,226 - DEBUG - [global] needs_update: лучший источник raw → 5.13.09 (из 2)
2026-09-30 14:41:16,226 - INFO - [global] needs_update: local=(5, 13, 7) remote=(5, 13, 9) -> has_update=True
2026-09-30 14:41:16,226 - INFO - [global] Доступна обнова! Спавню кнопку
2026-09-30 14:41:35,137 - INFO - [global] LogUploader: запускаю upload_run_logs...
2026-09-30 14:41:35,137 - DEBUG - [global] log_uploader: START window=periodic made=-1 token=...Rjnfq
2026-09-30 14:41:35,974 - DEBUG - [global] _api_put: GET runs/20260930_144135_fail_periodic.log -> 404
2026-09-30 14:41:37,925 - DEBUG - [global] _api_put: PUT runs/20260930_144135_fail_periodic.log -> 409 (19392 bytes)
2026-09-30 14:41:37,925 - WARNING - [global] _api_put: PUT failed body: {"message":"is at 1f29bfe9b7af0639bf16dd5aea06153416340f7f but expected fdd6e71a6bd9938fbdce02c2305a0653f8f95335","documentation_url":"https://docs.github.com/rest/repos/contents#create-or-update-file
2026-09-30 14:41:37,926 - DEBUG - [global] log_uploader: STEP 1 (window log) -> FAILED
2026-09-30 14:41:37,928 - DEBUG - [global] log_uploader: STEP 2 SKIP (no PNGs)
2026-09-30 14:41:38,789 - DEBUG - [global] _api_put: GET runs/20260930_144135_fail_global.log -> 404
2026-09-30 14:41:40,559 - DEBUG - [global] _api_put: PUT runs/20260930_144135_fail_global.log -> 201 (20760 bytes)
2026-09-30 14:41:40,560 - DEBUG - [global] log_uploader: STEP 3 (global log) -> https://github.com/StarateJI/L2Mauto/blob/bot-logs/runs/20260930_144135_fail_global.log
2026-09-30 14:41:40,560 - DEBUG - [global] log_uploader: END window=periodic
2026-09-30 14:41:40,561 - INFO - [global] LogUploader: upload_run_logs завершён
2026-09-30 14:41:46,251 - INFO - [global] Проверяю обновы...
2026-09-30 14:41:46,965 - DEBUG - [global] needs_update: raw → 5.13.09
2026-09-30 14:41:47,221 - DEBUG - [global] needs_update: API → 5.13.09
2026-09-30 14:41:47,221 - DEBUG - [global] needs_update: лучший источник raw → 5.13.09 (из 2)
2026-09-30 14:41:47,222 - INFO - [global] needs_update: local=(5, 13, 7) remote=(5, 13, 9) -> has_update=True
2026-09-30 14:41:47,222 - INFO - [global] Доступна обнова! Спавню кнопку
2026-09-30 14:42:17,236 - INFO - [global] Проверяю обновы...
2026-09-30 14:42:18,019 - DEBUG - [global] needs_update: raw → 5.13.09
2026-09-30 14:42:18,240 - DEBUG - [global] needs_update: API → 5.13.09
2026-09-30 14:42:18,240 - DEBUG - [global] needs_update: лучший источник raw → 5.13.09 (из 2)
2026-09-30 14:42:18,240 - INFO - [global] needs_update: local=(5, 13, 7) remote=(5, 13, 9) -> has_update=True
2026-09-30 14:42:18,240 - INFO - [global] Доступна обнова! Спавню кнопку
2026-09-30 14:42:40,592 - INFO - [global] LogUploader: запускаю upload_run_logs...
2026-09-30 14:42:40,592 - DEBUG - [global] log_uploader: START window=periodic made=-1 token=...Rjnfq
2026-09-30 14:42:41,463 - DEBUG - [global] _api_put: GET runs/20260930_144240_fail_periodic.log -> 404
2026-09-30 14:42:43,734 - DEBUG - [global] _api_put: PUT runs/20260930_144240_fail_periodic.log -> 409 (19392 bytes)
2026-09-30 14:42:43,734 - WARNING - [global] _api_put: PUT failed body: {"message":"is at d131059209d1caebcd859e4d2c9d0917e52dcfd9 but expected 48a768f4a89fc058f2876c374879c68b4f13fe2f","documentation_url":"https://docs.github.com/rest/repos/contents#create-or-update-file
2026-09-30 14:42:43,736 - DEBUG - [global] log_uploader: STEP 1 (window log) -> FAILED
2026-09-30 14:42:43,737 - DEBUG - [global] log_uploader: STEP 2 SKIP (no PNGs)
2026-09-30 14:42:44,628 - DEBUG - [global] _api_put: GET runs/20260930_144240_fail_global.log -> 404
2026-09-30 14:42:46,506 - DEBUG - [global] _api_put: PUT runs/20260930_144240_fail_global.log -> 201 (20760 bytes)
2026-09-30 14:42:46,507 - DEBUG - [global] log_uploader: STEP 3 (global log) -> https://github.com/StarateJI/L2Mauto/blob/bot-logs/runs/20260930_144240_fail_global.log
2026-09-30 14:42:46,507 - DEBUG - [global] log_uploader: END window=periodic
2026-09-30 14:42:46,508 - INFO - [global] LogUploader: upload_run_logs завершён
2026-09-30 14:42:48,256 - INFO - [global] Проверяю обновы...
2026-09-30 14:42:49,005 - DEBUG - [global] needs_update: raw → 5.13.09
2026-09-30 14:42:49,283 - DEBUG - [global] needs_update: API → 5.13.09
2026-09-30 14:42:49,284 - DEBUG - [global] needs_update: лучший источник raw → 5.13.09 (из 2)
2026-09-30 14:42:49,284 - INFO - [global] needs_update: local=(5, 13, 7) remote=(5, 13, 9) -> has_update=True
2026-09-30 14:42:49,284 - INFO - [global] Доступна обнова! Спавню кнопку
2026-09-30 14:43:19,303 - INFO - [global] Проверяю обновы...
2026-09-30 14:43:20,045 - DEBUG - [global] needs_update: raw → 5.13.09
2026-09-30 14:43:20,238 - DEBUG - [global] needs_update: API → 5.13.09
2026-09-30 14:43:20,238 - DEBUG - [global] needs_update: лучший источник raw → 5.13.09 (из 2)
2026-09-30 14:43:20,238 - INFO - [global] needs_update: local=(5, 13, 7) remote=(5, 13, 9) -> has_update=True
2026-09-30 14:43:20,238 - INFO - [global] Доступна обнова! Спавню кнопку
2026-09-30 14:43:46,546 - INFO - [global] LogUploader: запускаю upload_run_logs...
2026-09-30 14:43:46,546 - DEBUG - [global] log_uploader: START window=periodic made=-1 token=...Rjnfq
2026-09-30 14:43:47,467 - DEBUG - [global] _api_put: GET runs/20260930_144346_fail_periodic.log -> 404
2026-09-30 14:43:49,378 - DEBUG - [global] _api_put: PUT runs/20260930_144346_fail_periodic.log -> 201 (19392 bytes)
2026-09-30 14:43:49,379 - DEBUG - [global] log_uploader: STEP 1 (window log) -> https://github.com/StarateJI/L2Mauto/blob/bot-logs/runs/20260930_144346_fail_periodic.log
2026-09-30 14:43:49,380 - DEBUG - [global] log_uploader: STEP 2 SKIP (no PNGs)
2026-09-30 14:43:50,258 - INFO - [global] Проверяю обновы...
2026-09-30 14:43:50,298 - DEBUG - [global] _api_put: GET runs/20260930_144346_fail_global.log -> 404
2026-09-30 14:43:51,096 - DEBUG - [global] needs_update: raw → 5.13.09
2026-09-30 14:43:51,286 - DEBUG - [global] needs_update: API → 5.13.09
2026-09-30 14:43:51,286 - DEBUG - [global] needs_update: лучший источник raw → 5.13.09 (из 2)
2026-09-30 14:43:51,286 - INFO - [global] needs_update: local=(5, 13, 7) remote=(5, 13, 9) -> has_update=True
2026-09-30 14:43:51,286 - INFO - [global] Доступна обнова! Спавню кнопку
2026-09-30 14:43:52,312 - DEBUG - [global] _api_put: PUT runs/20260930_144346_fail_global.log -> 201 (20760 bytes)
2026-09-30 14:43:52,314 - DEBUG - [global] log_uploader: STEP 3 (global log) -> https://github.com/StarateJI/L2Mauto/blob/bot-logs/runs/20260930_144346_fail_global.log
2026-09-30 14:43:52,314 - DEBUG - [global] log_uploader: END window=periodic
2026-09-30 14:43:52,314 - INFO - [global] LogUploader: upload_run_logs завершён
2026-09-30 14:44:21,304 - INFO - [global] Проверяю обновы...
2026-09-30 14:44:22,091 - DEBUG - [global] needs_update: raw → 5.13.09
2026-09-30 14:44:22,274 - DEBUG - [global] needs_update: API → 5.13.09
2026-09-30 14:44:22,274 - DEBUG - [global] needs_update: лучший источник raw → 5.13.09 (из 2)
2026-09-30 14:44:22,275 - INFO - [global] needs_update: local=(5, 13, 7) remote=(5, 13, 9) -> has_update=True
2026-09-30 14:44:22,275 - INFO - [global] Доступна обнова! Спавню кнопку
2026-09-30 14:44:52,294 - INFO - [global] Проверяю обновы...
2026-09-30 14:44:52,345 - INFO - [global] LogUploader: запускаю upload_run_logs...
2026-09-30 14:44:52,345 - DEBUG - [global] log_uploader: START window=periodic made=-1 token=...Rjnfq
2026-09-30 14:44:53,124 - DEBUG - [global] needs_update: raw → 5.13.09
2026-09-30 14:44:53,408 - DEBUG - [global] needs_update: API → 5.13.09
2026-09-30 14:44:53,408 - DEBUG - [global] needs_update: лучший источник raw → 5.13.09 (из 2)
2026-09-30 14:44:53,408 - INFO - [global] needs_update: local=(5, 13, 7) remote=(5, 13, 9) -> has_update=True
2026-09-30 14:44:53,408 - INFO - [global] Доступна обнова! Спавню кнопку
2026-09-30 14:44:53,412 - DEBUG - [global] _api_put: GET runs/20260930_144452_fail_periodic.log -> 404
2026-09-30 14:44:55,375 - DEBUG - [global] _api_put: PUT runs/20260930_144452_fail_periodic.log -> 201 (19392 bytes)
2026-09-30 14:44:55,376 - DEBUG - [global] log_uploader: STEP 1 (window log) -> https://github.com/StarateJI/L2Mauto/blob/bot-logs/runs/20260930_144452_fail_periodic.log
2026-09-30 14:44:55,377 - DEBUG - [global] log_uploader: STEP 2 SKIP (no PNGs)
2026-09-30 14:44:56,227 - DEBUG - [global] _api_put: GET runs/20260930_144452_fail_global.log -> 404
2026-09-30 14:44:58,005 - DEBUG - [global] _api_put: PUT runs/20260930_144452_fail_global.log -> 201 (20657 bytes)
2026-09-30 14:44:58,007 - DEBUG - [global] log_uploader: STEP 3 (global log) -> https://github.com/StarateJI/L2Mauto/blob/bot-logs/runs/20260930_144452_fail_global.log
2026-09-30 14:44:58,007 - DEBUG - [global] log_uploader: END window=periodic
2026-09-30 14:44:58,007 - INFO - [global] LogUploader: upload_run_logs завершён
2026-09-30 14:45:23,427 - INFO - [global] Проверяю обновы...
2026-09-30 14:45:24,221 - DEBUG - [global] needs_update: raw → 5.13.09
2026-09-30 14:45:24,404 - DEBUG - [global] needs_update: API → 5.13.09
2026-09-30 14:45:24,405 - DEBUG - [global] needs_update: лучший источник raw → 5.13.09 (из 2)
2026-09-30 14:45:24,405 - INFO - [global] needs_update: local=(5, 13, 7) remote=(5, 13, 9) -> has_update=True
2026-09-30 14:45:24,405 - INFO - [global] Доступна обнова! Спавню кнопку
2026-09-30 14:45:54,419 - INFO - [global] Проверяю обновы...
2026-09-30 14:45:55,131 - DEBUG - [global] needs_update: raw → 5.13.09
2026-09-30 14:45:55,390 - DEBUG - [global] needs_update: API → 5.13.09
2026-09-30 14:45:55,390 - DEBUG - [global] needs_update: лучший источник raw → 5.13.09 (из 2)
2026-09-30 14:45:55,390 - INFO - [global] needs_update: local=(5, 13, 7) remote=(5, 13, 9) -> has_update=True
2026-09-30 14:45:55,390 - INFO - [global] Доступна обнова! Спавню кнопку
2026-09-30 14:45:58,042 - INFO - [global] LogUploader: запускаю upload_run_logs...
2026-09-30 14:45:58,042 - DEBUG - [global] log_uploader: START window=periodic made=-1 token=...Rjnfq
2026-09-30 14:45:58,888 - DEBUG - [global] _api_put: GET runs/20260930_144558_fail_periodic.log -> 404
2026-09-30 14:46:01,294 - DEBUG - [global] _api_put: PUT runs/20260930_144558_fail_periodic.log -> 201 (19392 bytes)
2026-09-30 14:46:01,297 - DEBUG - [global] log_uploader: STEP 1 (window log) -> https://github.com/StarateJI/L2Mauto/blob/bot-logs/runs/20260930_144558_fail_periodic.log
2026-09-30 14:46:01,297 - DEBUG - [global] log_uploader: STEP 2 SKIP (no PNGs)
2026-09-30 14:46:02,143 - DEBUG - [global] _api_put: GET runs/20260930_144558_fail_global.log -> 404
2026-09-30 14:46:04,355 - DEBUG - [global] _api_put: PUT runs/20260930_144558_fail_global.log -> 201 (20665 bytes)
2026-09-30 14:46:04,356 - DEBUG - [global] log_uploader: STEP 3 (global log) -> https://github.com/StarateJI/L2Mauto/blob/bot-logs/runs/20260930_144558_fail_global.log
2026-09-30 14:46:04,356 - DEBUG - [global] log_uploader: END window=periodic
2026-09-30 14:46:04,356 - INFO - [global] LogUploader: upload_run_logs завершён
2026-09-30 14:46:25,406 - INFO - [global] Проверяю обновы...
2026-09-30 14:46:26,178 - DEBUG - [global] needs_update: raw → 5.13.09
2026-09-30 14:46:26,354 - DEBUG - [global] needs_update: API → 5.13.09
2026-09-30 14:46:26,354 - DEBUG - [global] needs_update: лучший источник raw → 5.13.09 (из 2)
2026-09-30 14:46:26,355 - INFO - [global] needs_update: local=(5, 13, 7) remote=(5, 13, 9) -> has_update=True
2026-09-30 14:46:26,355 - INFO - [global] Доступна обнова! Спавню кнопку
2026-09-30 14:46:56,375 - INFO - [global] Проверяю обновы...
2026-09-30 14:46:57,120 - DEBUG - [global] needs_update: raw → 5.13.09
2026-09-30 14:46:57,337 - DEBUG - [global] needs_update: API → 5.13.09
2026-09-30 14:46:57,337 - DEBUG - [global] needs_update: лучший источник raw → 5.13.09 (из 2)
2026-09-30 14:46:57,337 - INFO - [global] needs_update: local=(5, 13, 7) remote=(5, 13, 9) -> has_update=True
2026-09-30 14:46:57,337 - INFO - [global] Доступна обнова! Спавню кнопку
2026-09-30 14:47:04,389 - INFO - [global] LogUploader: запускаю upload_run_logs...
2026-09-30 14:47:04,389 - DEBUG - [global] log_uploader: START window=periodic made=-1 token=...Rjnfq
2026-09-30 14:47:05,205 - DEBUG - [global] _api_put: GET runs/20260930_144704_fail_periodic.log -> 404
2026-09-30 14:47:07,114 - DEBUG - [global] _api_put: PUT runs/20260930_144704_fail_periodic.log -> 201 (19392 bytes)
2026-09-30 14:47:07,115 - DEBUG - [global] log_uploader: STEP 1 (window log) -> https://github.com/StarateJI/L2Mauto/blob/bot-logs/runs/20260930_144704_fail_periodic.log
2026-09-30 14:47:07,116 - DEBUG - [global] log_uploader: STEP 2 SKIP (no PNGs)
