=== Log tail 2026-09-30T13:46:30.837153 | last 200 lines ===
2026-09-30 13:37:10,977 - INFO - [global] Доступна обнова! Спавню кнопку
2026-09-30 13:37:27,165 - INFO - [global] LogUploader: запускаю upload_run_logs...
2026-09-30 13:37:27,166 - DEBUG - [global] log_uploader: START window=periodic made=-1 token=...Rjnfq
2026-09-30 13:37:28,464 - DEBUG - [global] _api_put: GET runs/20260930_133727_fail_periodic.log -> 404
2026-09-30 13:37:30,782 - DEBUG - [global] _api_put: PUT runs/20260930_133727_fail_periodic.log -> 201 (3411 bytes)
2026-09-30 13:37:30,787 - DEBUG - [global] log_uploader: STEP 1 (window log) -> https://github.com/StarateJI/L2Mauto/blob/bot-logs/runs/20260930_133727_fail_periodic.log
2026-09-30 13:37:30,788 - DEBUG - [global] log_uploader: STEP 2 SKIP (no PNGs)
2026-09-30 13:37:32,177 - DEBUG - [global] _api_put: GET runs/20260930_133727_fail_global.log -> 404
2026-09-30 13:37:34,760 - DEBUG - [global] _api_put: PUT runs/20260930_133727_fail_global.log -> 201 (20129 bytes)
2026-09-30 13:37:34,766 - DEBUG - [global] log_uploader: STEP 3 (global log) -> https://github.com/StarateJI/L2Mauto/blob/bot-logs/runs/20260930_133727_fail_global.log
2026-09-30 13:37:34,766 - DEBUG - [global] log_uploader: END window=periodic
2026-09-30 13:37:34,767 - INFO - [global] LogUploader: upload_run_logs завершён
2026-09-30 13:37:40,997 - INFO - [global] Проверяю обновы...
2026-09-30 13:37:42,088 - DEBUG - [global] needs_update: raw → 5.13.09
2026-09-30 13:37:42,306 - DEBUG - [global] needs_update: API → 5.13.09
2026-09-30 13:37:42,307 - DEBUG - [global] needs_update: лучший источник raw → 5.13.09 (из 2)
2026-09-30 13:37:42,308 - INFO - [global] needs_update: local=(5, 13, 7) remote=(5, 13, 9) -> has_update=True
2026-09-30 13:37:42,308 - INFO - [global] Доступна обнова! Спавню кнопку
2026-09-30 13:38:12,330 - INFO - [global] Проверяю обновы...
2026-09-30 13:38:13,449 - DEBUG - [global] needs_update: raw → 5.13.09
2026-09-30 13:38:13,652 - DEBUG - [global] needs_update: API → 5.13.09
2026-09-30 13:38:13,652 - DEBUG - [global] needs_update: лучший источник raw → 5.13.09 (из 2)
2026-09-30 13:38:13,652 - INFO - [global] needs_update: local=(5, 13, 7) remote=(5, 13, 9) -> has_update=True
2026-09-30 13:38:13,652 - INFO - [global] Доступна обнова! Спавню кнопку
2026-09-30 13:38:34,814 - INFO - [global] LogUploader: запускаю upload_run_logs...
2026-09-30 13:38:34,815 - DEBUG - [global] log_uploader: START window=periodic made=-1 token=...Rjnfq
2026-09-30 13:38:36,099 - DEBUG - [global] _api_put: GET runs/20260930_133834_fail_periodic.log -> 404
2026-09-30 13:38:38,053 - DEBUG - [global] _api_put: PUT runs/20260930_133834_fail_periodic.log -> 409 (3411 bytes)
2026-09-30 13:38:38,053 - WARNING - [global] _api_put: PUT failed body: {"message":"is at 53a5980141a3c184818e3104eeca4198a8c719f7 but expected ae193128eb183bd5787f2cf0c4b9e60cce86e2d0","documentation_url":"https://docs.github.com/rest/repos/contents#create-or-update-file
2026-09-30 13:38:38,058 - DEBUG - [global] log_uploader: STEP 1 (window log) -> FAILED
2026-09-30 13:38:38,059 - DEBUG - [global] log_uploader: STEP 2 SKIP (no PNGs)
2026-09-30 13:38:39,367 - DEBUG - [global] _api_put: GET runs/20260930_133834_fail_global.log -> 404
2026-09-30 13:38:41,746 - DEBUG - [global] _api_put: PUT runs/20260930_133834_fail_global.log -> 201 (20207 bytes)
2026-09-30 13:38:41,751 - DEBUG - [global] log_uploader: STEP 3 (global log) -> https://github.com/StarateJI/L2Mauto/blob/bot-logs/runs/20260930_133834_fail_global.log
2026-09-30 13:38:41,751 - DEBUG - [global] log_uploader: END window=periodic
2026-09-30 13:38:41,751 - INFO - [global] LogUploader: upload_run_logs завершён
2026-09-30 13:38:43,675 - INFO - [global] Проверяю обновы...
2026-09-30 13:38:44,800 - DEBUG - [global] needs_update: raw → 5.13.09
2026-09-30 13:38:45,007 - DEBUG - [global] needs_update: API → 5.13.09
2026-09-30 13:38:45,013 - DEBUG - [global] needs_update: лучший источник raw → 5.13.09 (из 2)
2026-09-30 13:38:45,013 - INFO - [global] needs_update: local=(5, 13, 7) remote=(5, 13, 9) -> has_update=True
2026-09-30 13:38:45,013 - INFO - [global] Доступна обнова! Спавню кнопку
2026-09-30 13:39:15,037 - INFO - [global] Проверяю обновы...
2026-09-30 13:39:16,150 - DEBUG - [global] needs_update: raw → 5.13.09
2026-09-30 13:39:16,384 - DEBUG - [global] needs_update: API → 5.13.09
2026-09-30 13:39:16,389 - DEBUG - [global] needs_update: лучший источник raw → 5.13.09 (из 2)
2026-09-30 13:39:16,390 - INFO - [global] needs_update: local=(5, 13, 7) remote=(5, 13, 9) -> has_update=True
2026-09-30 13:39:16,390 - INFO - [global] Доступна обнова! Спавню кнопку
2026-09-30 13:39:41,797 - INFO - [global] LogUploader: запускаю upload_run_logs...
2026-09-30 13:39:41,799 - DEBUG - [global] log_uploader: START window=periodic made=-1 token=...Rjnfq
2026-09-30 13:39:43,040 - DEBUG - [global] _api_put: GET runs/20260930_133941_fail_periodic.log -> 404
2026-09-30 13:39:45,024 - DEBUG - [global] _api_put: PUT runs/20260930_133941_fail_periodic.log -> 409 (3411 bytes)
2026-09-30 13:39:45,024 - WARNING - [global] _api_put: PUT failed body: {"message":"is at 4cd7cabbae1870b211511430a84d76298a7fdd46 but expected faf98b57e42a336285ff40a9685ad3b936dab344","documentation_url":"https://docs.github.com/rest/repos/contents#create-or-update-file
2026-09-30 13:39:45,029 - DEBUG - [global] log_uploader: STEP 1 (window log) -> FAILED
2026-09-30 13:39:45,030 - DEBUG - [global] log_uploader: STEP 2 SKIP (no PNGs)
2026-09-30 13:39:46,357 - DEBUG - [global] _api_put: GET runs/20260930_133941_fail_global.log -> 404
2026-09-30 13:39:46,414 - INFO - [global] Проверяю обновы...
2026-09-30 13:39:47,607 - DEBUG - [global] needs_update: raw → 5.13.09
2026-09-30 13:39:47,779 - DEBUG - [global] needs_update: API → 5.13.09
2026-09-30 13:39:47,785 - DEBUG - [global] needs_update: лучший источник raw → 5.13.09 (из 2)
2026-09-30 13:39:47,786 - INFO - [global] needs_update: local=(5, 13, 7) remote=(5, 13, 9) -> has_update=True
2026-09-30 13:39:47,786 - INFO - [global] Доступна обнова! Спавню кнопку
2026-09-30 13:39:48,642 - DEBUG - [global] _api_put: PUT runs/20260930_133941_fail_global.log -> 201 (20287 bytes)
2026-09-30 13:39:48,648 - DEBUG - [global] log_uploader: STEP 3 (global log) -> https://github.com/StarateJI/L2Mauto/blob/bot-logs/runs/20260930_133941_fail_global.log
2026-09-30 13:39:48,649 - DEBUG - [global] log_uploader: END window=periodic
2026-09-30 13:39:48,649 - INFO - [global] LogUploader: upload_run_logs завершён
2026-09-30 13:40:17,807 - INFO - [global] Проверяю обновы...
2026-09-30 13:40:18,986 - DEBUG - [global] needs_update: raw → 5.13.09
2026-09-30 13:40:19,175 - DEBUG - [global] needs_update: API → 5.13.09
2026-09-30 13:40:19,176 - DEBUG - [global] needs_update: лучший источник raw → 5.13.09 (из 2)
2026-09-30 13:40:19,176 - INFO - [global] needs_update: local=(5, 13, 7) remote=(5, 13, 9) -> has_update=True
2026-09-30 13:40:19,176 - INFO - [global] Доступна обнова! Спавню кнопку
2026-09-30 13:40:48,692 - INFO - [global] LogUploader: запускаю upload_run_logs...
2026-09-30 13:40:48,694 - DEBUG - [global] log_uploader: START window=periodic made=-1 token=...Rjnfq
2026-09-30 13:40:49,200 - INFO - [global] Проверяю обновы...
2026-09-30 13:40:50,017 - DEBUG - [global] _api_put: GET runs/20260930_134048_fail_periodic.log -> 404
2026-09-30 13:40:50,468 - DEBUG - [global] needs_update: raw → 5.13.09
2026-09-30 13:40:50,659 - DEBUG - [global] needs_update: API → 5.13.09
2026-09-30 13:40:50,660 - DEBUG - [global] needs_update: лучший источник raw → 5.13.09 (из 2)
2026-09-30 13:40:50,661 - INFO - [global] needs_update: local=(5, 13, 7) remote=(5, 13, 9) -> has_update=True
2026-09-30 13:40:50,661 - INFO - [global] Доступна обнова! Спавню кнопку
2026-09-30 13:40:52,325 - DEBUG - [global] _api_put: PUT runs/20260930_134048_fail_periodic.log -> 409 (3411 bytes)
2026-09-30 13:40:52,325 - WARNING - [global] _api_put: PUT failed body: {"message":"is at 60d77cdd4644515afbb8a7397613b476ad2fcb78 but expected 0996bab845587b37c61ead5920e6f00fb47502e7","documentation_url":"https://docs.github.com/rest/repos/contents#create-or-update-file
2026-09-30 13:40:52,331 - DEBUG - [global] log_uploader: STEP 1 (window log) -> FAILED
2026-09-30 13:40:52,332 - DEBUG - [global] log_uploader: STEP 2 SKIP (no PNGs)
2026-09-30 13:40:53,982 - DEBUG - [global] _api_put: GET runs/20260930_134048_fail_global.log -> 404
2026-09-30 13:40:56,590 - DEBUG - [global] _api_put: PUT runs/20260930_134048_fail_global.log -> 201 (20259 bytes)
2026-09-30 13:40:56,595 - DEBUG - [global] log_uploader: STEP 3 (global log) -> https://github.com/StarateJI/L2Mauto/blob/bot-logs/runs/20260930_134048_fail_global.log
2026-09-30 13:40:56,595 - DEBUG - [global] log_uploader: END window=periodic
2026-09-30 13:40:56,595 - INFO - [global] LogUploader: upload_run_logs завершён
2026-09-30 13:41:20,683 - INFO - [global] Проверяю обновы...
2026-09-30 13:41:21,928 - DEBUG - [global] needs_update: raw → 5.13.09
2026-09-30 13:41:22,115 - DEBUG - [global] needs_update: API → 5.13.09
2026-09-30 13:41:22,116 - DEBUG - [global] needs_update: лучший источник raw → 5.13.09 (из 2)
2026-09-30 13:41:22,117 - INFO - [global] needs_update: local=(5, 13, 7) remote=(5, 13, 9) -> has_update=True
2026-09-30 13:41:22,117 - INFO - [global] Доступна обнова! Спавню кнопку
2026-09-30 13:41:52,138 - INFO - [global] Проверяю обновы...
2026-09-30 13:41:53,322 - DEBUG - [global] needs_update: raw → 5.13.09
2026-09-30 13:41:53,555 - DEBUG - [global] needs_update: API → 5.13.09
2026-09-30 13:41:53,555 - DEBUG - [global] needs_update: лучший источник raw → 5.13.09 (из 2)
2026-09-30 13:41:53,556 - INFO - [global] needs_update: local=(5, 13, 7) remote=(5, 13, 9) -> has_update=True
2026-09-30 13:41:53,556 - INFO - [global] Доступна обнова! Спавню кнопку
2026-09-30 13:41:56,644 - INFO - [global] LogUploader: запускаю upload_run_logs...
2026-09-30 13:41:56,646 - DEBUG - [global] log_uploader: START window=periodic made=-1 token=...Rjnfq
2026-09-30 13:41:58,065 - DEBUG - [global] _api_put: GET runs/20260930_134156_fail_periodic.log -> 404
2026-09-30 13:42:00,572 - DEBUG - [global] _api_put: PUT runs/20260930_134156_fail_periodic.log -> 201 (3411 bytes)
2026-09-30 13:42:00,577 - DEBUG - [global] log_uploader: STEP 1 (window log) -> https://github.com/StarateJI/L2Mauto/blob/bot-logs/runs/20260930_134156_fail_periodic.log
2026-09-30 13:42:00,579 - DEBUG - [global] log_uploader: STEP 2 SKIP (no PNGs)
2026-09-30 13:42:01,931 - DEBUG - [global] _api_put: GET runs/20260930_134156_fail_global.log -> 404
2026-09-30 13:42:04,140 - DEBUG - [global] _api_put: PUT runs/20260930_134156_fail_global.log -> 201 (20360 bytes)
2026-09-30 13:42:04,145 - DEBUG - [global] log_uploader: STEP 3 (global log) -> https://github.com/StarateJI/L2Mauto/blob/bot-logs/runs/20260930_134156_fail_global.log
2026-09-30 13:42:04,145 - DEBUG - [global] log_uploader: END window=periodic
2026-09-30 13:42:04,145 - INFO - [global] LogUploader: upload_run_logs завершён
2026-09-30 13:42:23,582 - INFO - [global] Проверяю обновы...
2026-09-30 13:42:24,768 - DEBUG - [global] needs_update: raw → 5.13.09
2026-09-30 13:42:25,001 - DEBUG - [global] needs_update: API → 5.13.09
2026-09-30 13:42:25,002 - DEBUG - [global] needs_update: лучший источник raw → 5.13.09 (из 2)
2026-09-30 13:42:25,003 - INFO - [global] needs_update: local=(5, 13, 7) remote=(5, 13, 9) -> has_update=True
2026-09-30 13:42:25,003 - INFO - [global] Доступна обнова! Спавню кнопку
2026-09-30 13:42:55,025 - INFO - [global] Проверяю обновы...
2026-09-30 13:42:56,133 - DEBUG - [global] needs_update: raw → 5.13.09
2026-09-30 13:42:56,352 - DEBUG - [global] needs_update: API → 5.13.09
2026-09-30 13:42:56,353 - DEBUG - [global] needs_update: лучший источник raw → 5.13.09 (из 2)
2026-09-30 13:42:56,353 - INFO - [global] needs_update: local=(5, 13, 7) remote=(5, 13, 9) -> has_update=True
2026-09-30 13:42:56,353 - INFO - [global] Доступна обнова! Спавню кнопку
2026-09-30 13:43:04,185 - INFO - [global] LogUploader: запускаю upload_run_logs...
2026-09-30 13:43:04,186 - DEBUG - [global] log_uploader: START window=periodic made=-1 token=...Rjnfq
2026-09-30 13:43:05,413 - DEBUG - [global] _api_put: GET runs/20260930_134304_fail_periodic.log -> 404
2026-09-30 13:43:07,353 - DEBUG - [global] _api_put: PUT runs/20260930_134304_fail_periodic.log -> 201 (3411 bytes)
2026-09-30 13:43:07,358 - DEBUG - [global] log_uploader: STEP 1 (window log) -> https://github.com/StarateJI/L2Mauto/blob/bot-logs/runs/20260930_134304_fail_periodic.log
2026-09-30 13:43:07,359 - DEBUG - [global] log_uploader: STEP 2 SKIP (no PNGs)
2026-09-30 13:43:08,689 - DEBUG - [global] _api_put: GET runs/20260930_134304_fail_global.log -> 404
2026-09-30 13:43:10,979 - DEBUG - [global] _api_put: PUT runs/20260930_134304_fail_global.log -> 201 (20378 bytes)
2026-09-30 13:43:10,984 - DEBUG - [global] log_uploader: STEP 3 (global log) -> https://github.com/StarateJI/L2Mauto/blob/bot-logs/runs/20260930_134304_fail_global.log
2026-09-30 13:43:10,985 - DEBUG - [global] log_uploader: END window=periodic
2026-09-30 13:43:10,985 - INFO - [global] LogUploader: upload_run_logs завершён
2026-09-30 13:43:26,372 - INFO - [global] Проверяю обновы...
2026-09-30 13:43:27,512 - DEBUG - [global] needs_update: raw → 5.13.09
2026-09-30 13:43:27,686 - DEBUG - [global] needs_update: API → 5.13.09
2026-09-30 13:43:27,687 - DEBUG - [global] needs_update: лучший источник raw → 5.13.09 (из 2)
2026-09-30 13:43:27,688 - INFO - [global] needs_update: local=(5, 13, 7) remote=(5, 13, 9) -> has_update=True
2026-09-30 13:43:27,688 - INFO - [global] Доступна обнова! Спавню кнопку
2026-09-30 13:43:57,713 - INFO - [global] Проверяю обновы...
2026-09-30 13:43:58,827 - DEBUG - [global] needs_update: raw → 5.13.09
2026-09-30 13:43:59,033 - DEBUG - [global] needs_update: API → 5.13.09
2026-09-30 13:43:59,033 - DEBUG - [global] needs_update: лучший источник raw → 5.13.09 (из 2)
2026-09-30 13:43:59,034 - INFO - [global] needs_update: local=(5, 13, 7) remote=(5, 13, 9) -> has_update=True
2026-09-30 13:43:59,034 - INFO - [global] Доступна обнова! Спавню кнопку
2026-09-30 13:44:11,027 - INFO - [global] LogUploader: запускаю upload_run_logs...
2026-09-30 13:44:11,028 - DEBUG - [global] log_uploader: START window=periodic made=-1 token=...Rjnfq
2026-09-30 13:44:12,269 - DEBUG - [global] _api_put: GET runs/20260930_134411_fail_periodic.log -> 404
2026-09-30 13:44:14,638 - DEBUG - [global] _api_put: PUT runs/20260930_134411_fail_periodic.log -> 201 (3411 bytes)
2026-09-30 13:44:14,642 - DEBUG - [global] log_uploader: STEP 1 (window log) -> https://github.com/StarateJI/L2Mauto/blob/bot-logs/runs/20260930_134411_fail_periodic.log
2026-09-30 13:44:14,644 - DEBUG - [global] log_uploader: STEP 2 SKIP (no PNGs)
2026-09-30 13:44:16,089 - DEBUG - [global] _api_put: GET runs/20260930_134411_fail_global.log -> 404
2026-09-30 13:44:18,496 - DEBUG - [global] _api_put: PUT runs/20260930_134411_fail_global.log -> 201 (20378 bytes)
2026-09-30 13:44:18,501 - DEBUG - [global] log_uploader: STEP 3 (global log) -> https://github.com/StarateJI/L2Mauto/blob/bot-logs/runs/20260930_134411_fail_global.log
2026-09-30 13:44:18,501 - DEBUG - [global] log_uploader: END window=periodic
2026-09-30 13:44:18,501 - INFO - [global] LogUploader: upload_run_logs завершён
2026-09-30 13:44:29,053 - INFO - [global] Проверяю обновы...
2026-09-30 13:44:30,212 - DEBUG - [global] needs_update: raw → 5.13.09
2026-09-30 13:44:30,421 - DEBUG - [global] needs_update: API → 5.13.09
2026-09-30 13:44:30,421 - DEBUG - [global] needs_update: лучший источник raw → 5.13.09 (из 2)
2026-09-30 13:44:30,422 - INFO - [global] needs_update: local=(5, 13, 7) remote=(5, 13, 9) -> has_update=True
2026-09-30 13:44:30,422 - INFO - [global] Доступна обнова! Спавню кнопку
2026-09-30 13:45:00,442 - INFO - [global] Проверяю обновы...
2026-09-30 13:45:01,537 - DEBUG - [global] needs_update: raw → 5.13.09
2026-09-30 13:45:01,799 - DEBUG - [global] needs_update: API → 5.13.09
2026-09-30 13:45:01,799 - DEBUG - [global] needs_update: лучший источник raw → 5.13.09 (из 2)
2026-09-30 13:45:01,799 - INFO - [global] needs_update: local=(5, 13, 7) remote=(5, 13, 9) -> has_update=True
2026-09-30 13:45:01,799 - INFO - [global] Доступна обнова! Спавню кнопку
2026-09-30 13:45:18,546 - INFO - [global] LogUploader: запускаю upload_run_logs...
2026-09-30 13:45:18,547 - DEBUG - [global] log_uploader: START window=periodic made=-1 token=...Rjnfq
2026-09-30 13:45:19,925 - DEBUG - [global] _api_put: GET runs/20260930_134518_fail_periodic.log -> 404
2026-09-30 13:45:22,510 - DEBUG - [global] _api_put: PUT runs/20260930_134518_fail_periodic.log -> 201 (3411 bytes)
2026-09-30 13:45:22,515 - DEBUG - [global] log_uploader: STEP 1 (window log) -> https://github.com/StarateJI/L2Mauto/blob/bot-logs/runs/20260930_134518_fail_periodic.log
2026-09-30 13:45:22,517 - DEBUG - [global] log_uploader: STEP 2 SKIP (no PNGs)
2026-09-30 13:45:24,317 - DEBUG - [global] _api_put: GET runs/20260930_134518_fail_global.log -> 404
2026-09-30 13:45:27,300 - DEBUG - [global] _api_put: PUT runs/20260930_134518_fail_global.log -> 201 (20285 bytes)
2026-09-30 13:45:27,305 - DEBUG - [global] log_uploader: STEP 3 (global log) -> https://github.com/StarateJI/L2Mauto/blob/bot-logs/runs/20260930_134518_fail_global.log
2026-09-30 13:45:27,305 - DEBUG - [global] log_uploader: END window=periodic
2026-09-30 13:45:27,306 - INFO - [global] LogUploader: upload_run_logs завершён
2026-09-30 13:45:31,823 - INFO - [global] Проверяю обновы...
2026-09-30 13:45:33,019 - DEBUG - [global] needs_update: raw → 5.13.09
2026-09-30 13:45:33,201 - DEBUG - [global] needs_update: API → 5.13.09
2026-09-30 13:45:33,202 - DEBUG - [global] needs_update: лучший источник raw → 5.13.09 (из 2)
2026-09-30 13:45:33,202 - INFO - [global] needs_update: local=(5, 13, 7) remote=(5, 13, 9) -> has_update=True
2026-09-30 13:45:33,203 - INFO - [global] Доступна обнова! Спавню кнопку
2026-09-30 13:46:03,222 - INFO - [global] Проверяю обновы...
2026-09-30 13:46:04,481 - DEBUG - [global] needs_update: raw → 5.13.09
2026-09-30 13:46:04,546 - DEBUG - [global] needs_update: API → 5.13.09
2026-09-30 13:46:04,547 - DEBUG - [global] needs_update: лучший источник raw → 5.13.09 (из 2)
2026-09-30 13:46:04,547 - INFO - [global] needs_update: local=(5, 13, 7) remote=(5, 13, 9) -> has_update=True
2026-09-30 13:46:04,547 - INFO - [global] Доступна обнова! Спавню кнопку
2026-09-30 13:46:27,346 - INFO - [global] LogUploader: запускаю upload_run_logs...
2026-09-30 13:46:27,346 - DEBUG - [global] log_uploader: START window=periodic made=-1 token=...Rjnfq
2026-09-30 13:46:28,565 - DEBUG - [global] _api_put: GET runs/20260930_134627_fail_periodic.log -> 404
2026-09-30 13:46:30,739 - DEBUG - [global] _api_put: PUT runs/20260930_134627_fail_periodic.log -> 201 (3411 bytes)
2026-09-30 13:46:30,744 - DEBUG - [global] log_uploader: STEP 1 (window log) -> https://github.com/StarateJI/L2Mauto/blob/bot-logs/runs/20260930_134627_fail_periodic.log
2026-09-30 13:46:30,745 - DEBUG - [global] log_uploader: STEP 2 SKIP (no PNGs)
