=== Log tail 2026-09-26T19:40:07.209179 | last 200 lines ===
2026-09-26 19:31:02,794 - DEBUG - [global] needs_update: API → 5.13.09
2026-09-26 19:31:02,795 - DEBUG - [global] needs_update: лучший источник raw → 5.13.09 (из 2)
2026-09-26 19:31:02,795 - INFO - [global] needs_update: local=(5, 13, 7) remote=(5, 13, 9) -> has_update=True
2026-09-26 19:31:02,795 - INFO - [global] Доступна обнова! Спавню кнопку
2026-09-26 19:31:15,083 - INFO - [global] LogUploader: запускаю upload_run_logs...
2026-09-26 19:31:15,084 - DEBUG - [global] log_uploader: START window=periodic made=-1 token=...Rjnfq
2026-09-26 19:31:16,153 - DEBUG - [global] _api_put: GET runs/20260926_193115_fail_periodic.log -> 404
2026-09-26 19:31:18,238 - DEBUG - [global] _api_put: PUT runs/20260926_193115_fail_periodic.log -> 201 (11793 bytes)
2026-09-26 19:31:18,241 - DEBUG - [global] log_uploader: STEP 1 (window log) -> https://github.com/StarateJI/L2Mauto/blob/bot-logs/runs/20260926_193115_fail_periodic.log
2026-09-26 19:31:18,241 - DEBUG - [global] log_uploader: STEP 2 SKIP (no PNGs)
2026-09-26 19:31:19,366 - DEBUG - [global] _api_put: GET runs/20260926_193115_fail_global.log -> 404
2026-09-26 19:31:21,346 - DEBUG - [global] _api_put: PUT runs/20260926_193115_fail_global.log -> 201 (20296 bytes)
2026-09-26 19:31:21,349 - DEBUG - [global] log_uploader: STEP 3 (global log) -> https://github.com/StarateJI/L2Mauto/blob/bot-logs/runs/20260926_193115_fail_global.log
2026-09-26 19:31:21,349 - DEBUG - [global] log_uploader: END window=periodic
2026-09-26 19:31:21,349 - INFO - [global] LogUploader: upload_run_logs завершён
2026-09-26 19:31:32,814 - INFO - [global] Проверяю обновы...
2026-09-26 19:31:33,820 - DEBUG - [global] needs_update: raw → 5.13.09
2026-09-26 19:31:33,977 - DEBUG - [global] needs_update: API → 5.13.09
2026-09-26 19:31:33,977 - DEBUG - [global] needs_update: лучший источник raw → 5.13.09 (из 2)
2026-09-26 19:31:33,977 - INFO - [global] needs_update: local=(5, 13, 7) remote=(5, 13, 9) -> has_update=True
2026-09-26 19:31:33,977 - INFO - [global] Доступна обнова! Спавню кнопку
2026-09-26 19:32:03,994 - INFO - [global] Проверяю обновы...
2026-09-26 19:32:04,902 - DEBUG - [global] needs_update: raw → 5.13.09
2026-09-26 19:32:05,146 - DEBUG - [global] needs_update: API → 5.13.09
2026-09-26 19:32:05,147 - DEBUG - [global] needs_update: лучший источник raw → 5.13.09 (из 2)
2026-09-26 19:32:05,147 - INFO - [global] needs_update: local=(5, 13, 7) remote=(5, 13, 9) -> has_update=True
2026-09-26 19:32:05,147 - INFO - [global] Доступна обнова! Спавню кнопку
2026-09-26 19:32:21,395 - INFO - [global] LogUploader: запускаю upload_run_logs...
2026-09-26 19:32:21,397 - DEBUG - [global] log_uploader: START window=periodic made=-1 token=...Rjnfq
2026-09-26 19:32:22,423 - DEBUG - [global] _api_put: GET runs/20260926_193221_fail_periodic.log -> 404
2026-09-26 19:32:24,070 - DEBUG - [global] _api_put: PUT runs/20260926_193221_fail_periodic.log -> 201 (11793 bytes)
2026-09-26 19:32:24,073 - DEBUG - [global] log_uploader: STEP 1 (window log) -> https://github.com/StarateJI/L2Mauto/blob/bot-logs/runs/20260926_193221_fail_periodic.log
2026-09-26 19:32:24,073 - DEBUG - [global] log_uploader: STEP 2 SKIP (no PNGs)
2026-09-26 19:32:25,330 - DEBUG - [global] _api_put: GET runs/20260926_193221_fail_global.log -> 404
2026-09-26 19:32:27,190 - DEBUG - [global] _api_put: PUT runs/20260926_193221_fail_global.log -> 201 (20136 bytes)
2026-09-26 19:32:27,192 - DEBUG - [global] log_uploader: STEP 3 (global log) -> https://github.com/StarateJI/L2Mauto/blob/bot-logs/runs/20260926_193221_fail_global.log
2026-09-26 19:32:27,192 - DEBUG - [global] log_uploader: END window=periodic
2026-09-26 19:32:27,192 - INFO - [global] LogUploader: upload_run_logs завершён
2026-09-26 19:32:35,164 - INFO - [global] Проверяю обновы...
2026-09-26 19:32:36,067 - DEBUG - [global] needs_update: raw → 5.13.09
2026-09-26 19:32:36,308 - DEBUG - [global] needs_update: API → 5.13.09
2026-09-26 19:32:36,308 - DEBUG - [global] needs_update: лучший источник raw → 5.13.09 (из 2)
2026-09-26 19:32:36,308 - INFO - [global] needs_update: local=(5, 13, 7) remote=(5, 13, 9) -> has_update=True
2026-09-26 19:32:36,308 - INFO - [global] Доступна обнова! Спавню кнопку
2026-09-26 19:33:06,325 - INFO - [global] Проверяю обновы...
2026-09-26 19:33:07,243 - DEBUG - [global] needs_update: raw → 5.13.09
2026-09-26 19:33:07,415 - DEBUG - [global] needs_update: API → 5.13.09
2026-09-26 19:33:07,416 - DEBUG - [global] needs_update: лучший источник raw → 5.13.09 (из 2)
2026-09-26 19:33:07,416 - INFO - [global] needs_update: local=(5, 13, 7) remote=(5, 13, 9) -> has_update=True
2026-09-26 19:33:07,416 - INFO - [global] Доступна обнова! Спавню кнопку
2026-09-26 19:33:27,239 - INFO - [global] LogUploader: запускаю upload_run_logs...
2026-09-26 19:33:27,241 - DEBUG - [global] log_uploader: START window=periodic made=-1 token=...Rjnfq
2026-09-26 19:33:28,233 - DEBUG - [global] _api_put: GET runs/20260926_193327_fail_periodic.log -> 200
2026-09-26 19:33:29,949 - DEBUG - [global] _api_put: PUT runs/20260926_193327_fail_periodic.log -> 200 (11793 bytes)
2026-09-26 19:33:29,951 - DEBUG - [global] log_uploader: STEP 1 (window log) -> https://github.com/StarateJI/L2Mauto/blob/bot-logs/runs/20260926_193327_fail_periodic.log
2026-09-26 19:33:29,952 - DEBUG - [global] log_uploader: STEP 2 SKIP (no PNGs)
2026-09-26 19:33:31,107 - DEBUG - [global] _api_put: GET runs/20260926_193327_fail_global.log -> 200
2026-09-26 19:33:32,801 - DEBUG - [global] _api_put: PUT runs/20260926_193327_fail_global.log -> 200 (20136 bytes)
2026-09-26 19:33:32,803 - DEBUG - [global] log_uploader: STEP 3 (global log) -> https://github.com/StarateJI/L2Mauto/blob/bot-logs/runs/20260926_193327_fail_global.log
2026-09-26 19:33:32,803 - DEBUG - [global] log_uploader: END window=periodic
2026-09-26 19:33:32,803 - INFO - [global] LogUploader: upload_run_logs завершён
2026-09-26 19:33:37,441 - INFO - [global] Проверяю обновы...
2026-09-26 19:33:38,344 - DEBUG - [global] needs_update: raw → 5.13.09
2026-09-26 19:33:38,591 - DEBUG - [global] needs_update: API → 5.13.09
2026-09-26 19:33:38,591 - DEBUG - [global] needs_update: лучший источник raw → 5.13.09 (из 2)
2026-09-26 19:33:38,592 - INFO - [global] needs_update: local=(5, 13, 7) remote=(5, 13, 9) -> has_update=True
2026-09-26 19:33:38,592 - INFO - [global] Доступна обнова! Спавню кнопку
2026-09-26 19:34:08,611 - INFO - [global] Проверяю обновы...
2026-09-26 19:34:09,739 - DEBUG - [global] needs_update: API → 5.13.09
2026-09-26 19:34:09,760 - DEBUG - [global] needs_update: raw → 5.13.09
2026-09-26 19:34:09,760 - DEBUG - [global] needs_update: лучший источник API → 5.13.09 (из 2)
2026-09-26 19:34:09,760 - INFO - [global] needs_update: local=(5, 13, 7) remote=(5, 13, 9) -> has_update=True
2026-09-26 19:34:09,760 - INFO - [global] Доступна обнова! Спавню кнопку
2026-09-26 19:34:32,840 - INFO - [global] LogUploader: запускаю upload_run_logs...
2026-09-26 19:34:32,841 - DEBUG - [global] log_uploader: START window=periodic made=-1 token=...Rjnfq
2026-09-26 19:34:33,867 - DEBUG - [global] _api_put: GET runs/20260926_193432_fail_periodic.log -> 200
2026-09-26 19:34:35,747 - DEBUG - [global] _api_put: PUT runs/20260926_193432_fail_periodic.log -> 200 (11793 bytes)
2026-09-26 19:34:35,749 - DEBUG - [global] log_uploader: STEP 1 (window log) -> https://github.com/StarateJI/L2Mauto/blob/bot-logs/runs/20260926_193432_fail_periodic.log
2026-09-26 19:34:35,750 - DEBUG - [global] log_uploader: STEP 2 SKIP (no PNGs)
2026-09-26 19:34:36,909 - DEBUG - [global] _api_put: GET runs/20260926_193432_fail_global.log -> 200
2026-09-26 19:34:39,068 - DEBUG - [global] _api_put: PUT runs/20260926_193432_fail_global.log -> 200 (20136 bytes)
2026-09-26 19:34:39,071 - DEBUG - [global] log_uploader: STEP 3 (global log) -> https://github.com/StarateJI/L2Mauto/blob/bot-logs/runs/20260926_193432_fail_global.log
2026-09-26 19:34:39,071 - DEBUG - [global] log_uploader: END window=periodic
2026-09-26 19:34:39,072 - INFO - [global] LogUploader: upload_run_logs завершён
2026-09-26 19:34:39,780 - INFO - [global] Проверяю обновы...
2026-09-26 19:34:40,724 - DEBUG - [global] needs_update: raw → 5.13.09
2026-09-26 19:34:40,875 - DEBUG - [global] needs_update: API → 5.13.09
2026-09-26 19:34:40,876 - DEBUG - [global] needs_update: лучший источник raw → 5.13.09 (из 2)
2026-09-26 19:34:40,876 - INFO - [global] needs_update: local=(5, 13, 7) remote=(5, 13, 9) -> has_update=True
2026-09-26 19:34:40,877 - INFO - [global] Доступна обнова! Спавню кнопку
2026-09-26 19:35:10,897 - INFO - [global] Проверяю обновы...
2026-09-26 19:35:11,866 - DEBUG - [global] needs_update: raw → 5.13.09
2026-09-26 19:35:12,065 - DEBUG - [global] needs_update: API → 5.13.09
2026-09-26 19:35:12,065 - DEBUG - [global] needs_update: лучший источник raw → 5.13.09 (из 2)
2026-09-26 19:35:12,065 - INFO - [global] needs_update: local=(5, 13, 7) remote=(5, 13, 9) -> has_update=True
2026-09-26 19:35:12,065 - INFO - [global] Доступна обнова! Спавню кнопку
2026-09-26 19:35:39,104 - INFO - [global] LogUploader: запускаю upload_run_logs...
2026-09-26 19:35:39,105 - DEBUG - [global] log_uploader: START window=periodic made=-1 token=...Rjnfq
2026-09-26 19:35:40,165 - DEBUG - [global] _api_put: GET runs/20260926_193539_fail_periodic.log -> 404
2026-09-26 19:35:41,965 - DEBUG - [global] _api_put: PUT runs/20260926_193539_fail_periodic.log -> 201 (11793 bytes)
2026-09-26 19:35:41,970 - DEBUG - [global] log_uploader: STEP 1 (window log) -> https://github.com/StarateJI/L2Mauto/blob/bot-logs/runs/20260926_193539_fail_periodic.log
2026-09-26 19:35:41,970 - DEBUG - [global] log_uploader: STEP 2 SKIP (no PNGs)
2026-09-26 19:35:42,082 - INFO - [global] Проверяю обновы...
2026-09-26 19:35:43,153 - DEBUG - [global] needs_update: raw → 5.13.09
2026-09-26 19:35:43,337 - DEBUG - [global] _api_put: GET runs/20260926_193539_fail_global.log -> 404
2026-09-26 19:35:43,370 - DEBUG - [global] needs_update: API → 5.13.09
2026-09-26 19:35:43,370 - DEBUG - [global] needs_update: лучший источник raw → 5.13.09 (из 2)
2026-09-26 19:35:43,371 - INFO - [global] needs_update: local=(5, 13, 7) remote=(5, 13, 9) -> has_update=True
2026-09-26 19:35:43,371 - INFO - [global] Доступна обнова! Спавню кнопку
2026-09-26 19:35:45,298 - DEBUG - [global] _api_put: PUT runs/20260926_193539_fail_global.log -> 201 (20136 bytes)
2026-09-26 19:35:45,302 - DEBUG - [global] log_uploader: STEP 3 (global log) -> https://github.com/StarateJI/L2Mauto/blob/bot-logs/runs/20260926_193539_fail_global.log
2026-09-26 19:35:45,302 - DEBUG - [global] log_uploader: END window=periodic
2026-09-26 19:35:45,302 - INFO - [global] LogUploader: upload_run_logs завершён
2026-09-26 19:36:13,393 - INFO - [global] Проверяю обновы...
2026-09-26 19:36:14,318 - DEBUG - [global] needs_update: raw → 5.13.09
2026-09-26 19:36:14,566 - DEBUG - [global] needs_update: API → 5.13.09
2026-09-26 19:36:14,567 - DEBUG - [global] needs_update: лучший источник raw → 5.13.09 (из 2)
2026-09-26 19:36:14,567 - INFO - [global] needs_update: local=(5, 13, 7) remote=(5, 13, 9) -> has_update=True
2026-09-26 19:36:14,567 - INFO - [global] Доступна обнова! Спавню кнопку
2026-09-26 19:36:44,588 - INFO - [global] Проверяю обновы...
2026-09-26 19:36:45,353 - INFO - [global] LogUploader: запускаю upload_run_logs...
2026-09-26 19:36:45,355 - DEBUG - [global] log_uploader: START window=periodic made=-1 token=...Rjnfq
2026-09-26 19:36:45,649 - DEBUG - [global] needs_update: raw → 5.13.09
2026-09-26 19:36:45,824 - DEBUG - [global] needs_update: API → 5.13.09
2026-09-26 19:36:45,825 - DEBUG - [global] needs_update: лучший источник raw → 5.13.09 (из 2)
2026-09-26 19:36:45,826 - INFO - [global] needs_update: local=(5, 13, 7) remote=(5, 13, 9) -> has_update=True
2026-09-26 19:36:45,826 - INFO - [global] Доступна обнова! Спавню кнопку
2026-09-26 19:36:46,495 - DEBUG - [global] _api_put: GET runs/20260926_193645_fail_periodic.log -> 404
2026-09-26 19:36:48,439 - DEBUG - [global] _api_put: PUT runs/20260926_193645_fail_periodic.log -> 201 (11793 bytes)
2026-09-26 19:36:48,441 - DEBUG - [global] log_uploader: STEP 1 (window log) -> https://github.com/StarateJI/L2Mauto/blob/bot-logs/runs/20260926_193645_fail_periodic.log
2026-09-26 19:36:48,442 - DEBUG - [global] log_uploader: STEP 2 SKIP (no PNGs)
2026-09-26 19:36:49,738 - DEBUG - [global] _api_put: GET runs/20260926_193645_fail_global.log -> 404
2026-09-26 19:36:51,751 - DEBUG - [global] _api_put: PUT runs/20260926_193645_fail_global.log -> 201 (20019 bytes)
2026-09-26 19:36:51,754 - DEBUG - [global] log_uploader: STEP 3 (global log) -> https://github.com/StarateJI/L2Mauto/blob/bot-logs/runs/20260926_193645_fail_global.log
2026-09-26 19:36:51,754 - DEBUG - [global] log_uploader: END window=periodic
2026-09-26 19:36:51,754 - INFO - [global] LogUploader: upload_run_logs завершён
2026-09-26 19:37:15,851 - INFO - [global] Проверяю обновы...
2026-09-26 19:37:16,857 - DEBUG - [global] needs_update: raw → 5.13.09
2026-09-26 19:37:17,057 - DEBUG - [global] needs_update: API → 5.13.09
2026-09-26 19:37:17,058 - DEBUG - [global] needs_update: лучший источник raw → 5.13.09 (из 2)
2026-09-26 19:37:17,058 - INFO - [global] needs_update: local=(5, 13, 7) remote=(5, 13, 9) -> has_update=True
2026-09-26 19:37:17,058 - INFO - [global] Доступна обнова! Спавню кнопку
2026-09-26 19:37:47,078 - INFO - [global] Проверяю обновы...
2026-09-26 19:37:48,159 - DEBUG - [global] needs_update: raw → 5.13.09
2026-09-26 19:37:48,484 - DEBUG - [global] needs_update: API → 5.13.09
2026-09-26 19:37:48,485 - DEBUG - [global] needs_update: лучший источник raw → 5.13.09 (из 2)
2026-09-26 19:37:48,485 - INFO - [global] needs_update: local=(5, 13, 7) remote=(5, 13, 9) -> has_update=True
2026-09-26 19:37:48,485 - INFO - [global] Доступна обнова! Спавню кнопку
2026-09-26 19:37:51,800 - INFO - [global] LogUploader: запускаю upload_run_logs...
2026-09-26 19:37:51,802 - DEBUG - [global] log_uploader: START window=periodic made=-1 token=...Rjnfq
2026-09-26 19:37:52,965 - DEBUG - [global] _api_put: GET runs/20260926_193751_fail_periodic.log -> 404
2026-09-26 19:37:54,850 - DEBUG - [global] _api_put: PUT runs/20260926_193751_fail_periodic.log -> 201 (11793 bytes)
2026-09-26 19:37:54,854 - DEBUG - [global] log_uploader: STEP 1 (window log) -> https://github.com/StarateJI/L2Mauto/blob/bot-logs/runs/20260926_193751_fail_periodic.log
2026-09-26 19:37:54,855 - DEBUG - [global] log_uploader: STEP 2 SKIP (no PNGs)
2026-09-26 19:37:56,045 - DEBUG - [global] _api_put: GET runs/20260926_193751_fail_global.log -> 404
2026-09-26 19:37:57,894 - DEBUG - [global] _api_put: PUT runs/20260926_193751_fail_global.log -> 201 (20019 bytes)
2026-09-26 19:37:57,896 - DEBUG - [global] log_uploader: STEP 3 (global log) -> https://github.com/StarateJI/L2Mauto/blob/bot-logs/runs/20260926_193751_fail_global.log
2026-09-26 19:37:57,897 - DEBUG - [global] log_uploader: END window=periodic
2026-09-26 19:37:57,897 - INFO - [global] LogUploader: upload_run_logs завершён
2026-09-26 19:38:18,505 - INFO - [global] Проверяю обновы...
2026-09-26 19:38:19,490 - DEBUG - [global] needs_update: raw → 5.13.09
2026-09-26 19:38:20,132 - DEBUG - [global] needs_update: API → 5.13.09
2026-09-26 19:38:20,133 - DEBUG - [global] needs_update: лучший источник raw → 5.13.09 (из 2)
2026-09-26 19:38:20,133 - INFO - [global] needs_update: local=(5, 13, 7) remote=(5, 13, 9) -> has_update=True
2026-09-26 19:38:20,133 - INFO - [global] Доступна обнова! Спавню кнопку
2026-09-26 19:38:50,166 - INFO - [global] Проверяю обновы...
2026-09-26 19:38:51,202 - DEBUG - [global] needs_update: raw → 5.13.09
2026-09-26 19:38:51,384 - DEBUG - [global] needs_update: API → 5.13.09
2026-09-26 19:38:51,384 - DEBUG - [global] needs_update: лучший источник raw → 5.13.09 (из 2)
2026-09-26 19:38:51,384 - INFO - [global] needs_update: local=(5, 13, 7) remote=(5, 13, 9) -> has_update=True
2026-09-26 19:38:51,384 - INFO - [global] Доступна обнова! Спавню кнопку
2026-09-26 19:38:57,932 - INFO - [global] LogUploader: запускаю upload_run_logs...
2026-09-26 19:38:57,933 - DEBUG - [global] log_uploader: START window=periodic made=-1 token=...Rjnfq
2026-09-26 19:38:58,976 - DEBUG - [global] _api_put: GET runs/20260926_193857_fail_periodic.log -> 404
2026-09-26 19:39:00,850 - DEBUG - [global] _api_put: PUT runs/20260926_193857_fail_periodic.log -> 201 (11793 bytes)
2026-09-26 19:39:00,852 - DEBUG - [global] log_uploader: STEP 1 (window log) -> https://github.com/StarateJI/L2Mauto/blob/bot-logs/runs/20260926_193857_fail_periodic.log
2026-09-26 19:39:00,853 - DEBUG - [global] log_uploader: STEP 2 SKIP (no PNGs)
2026-09-26 19:39:01,956 - DEBUG - [global] _api_put: GET runs/20260926_193857_fail_global.log -> 404
2026-09-26 19:39:03,962 - DEBUG - [global] _api_put: PUT runs/20260926_193857_fail_global.log -> 201 (20019 bytes)
2026-09-26 19:39:03,965 - DEBUG - [global] log_uploader: STEP 3 (global log) -> https://github.com/StarateJI/L2Mauto/blob/bot-logs/runs/20260926_193857_fail_global.log
2026-09-26 19:39:03,965 - DEBUG - [global] log_uploader: END window=periodic
2026-09-26 19:39:03,965 - INFO - [global] LogUploader: upload_run_logs завершён
2026-09-26 19:39:21,404 - INFO - [global] Проверяю обновы...
2026-09-26 19:39:22,621 - DEBUG - [global] needs_update: API → 5.13.09
2026-09-26 19:39:22,631 - DEBUG - [global] needs_update: raw → 5.13.09
2026-09-26 19:39:22,631 - DEBUG - [global] needs_update: лучший источник API → 5.13.09 (из 2)
2026-09-26 19:39:22,631 - INFO - [global] needs_update: local=(5, 13, 7) remote=(5, 13, 9) -> has_update=True
2026-09-26 19:39:22,631 - INFO - [global] Доступна обнова! Спавню кнопку
2026-09-26 19:39:52,655 - INFO - [global] Проверяю обновы...
2026-09-26 19:39:53,693 - DEBUG - [global] needs_update: raw → 5.13.09
2026-09-26 19:39:53,889 - DEBUG - [global] needs_update: API → 5.13.09
2026-09-26 19:39:53,890 - DEBUG - [global] needs_update: лучший источник raw → 5.13.09 (из 2)
2026-09-26 19:39:53,890 - INFO - [global] needs_update: local=(5, 13, 7) remote=(5, 13, 9) -> has_update=True
2026-09-26 19:39:53,890 - INFO - [global] Доступна обнова! Спавню кнопку
2026-09-26 19:40:04,003 - INFO - [global] LogUploader: запускаю upload_run_logs...
2026-09-26 19:40:04,004 - DEBUG - [global] log_uploader: START window=periodic made=-1 token=...Rjnfq
2026-09-26 19:40:05,034 - DEBUG - [global] _api_put: GET runs/20260926_194004_fail_periodic.log -> 404
2026-09-26 19:40:07,145 - DEBUG - [global] _api_put: PUT runs/20260926_194004_fail_periodic.log -> 201 (11793 bytes)
2026-09-26 19:40:07,148 - DEBUG - [global] log_uploader: STEP 1 (window log) -> https://github.com/StarateJI/L2Mauto/blob/bot-logs/runs/20260926_194004_fail_periodic.log
2026-09-26 19:40:07,148 - DEBUG - [global] log_uploader: STEP 2 SKIP (no PNGs)
