=== Log tail 2026-09-27T03:17:27.113105 | last 200 lines ===
2026-09-27 03:08:14,029 - DEBUG - [global] needs_update: API → 5.13.09
2026-09-27 03:08:14,029 - DEBUG - [global] needs_update: лучший источник raw → 5.13.09 (из 2)
2026-09-27 03:08:14,029 - INFO - [global] needs_update: local=(5, 13, 7) remote=(5, 13, 9) -> has_update=True
2026-09-27 03:08:14,029 - INFO - [global] Доступна обнова! Спавню кнопку
2026-09-27 03:08:37,789 - INFO - [global] LogUploader: запускаю upload_run_logs...
2026-09-27 03:08:37,790 - DEBUG - [global] log_uploader: START window=periodic made=-1 token=...Rjnfq
2026-09-27 03:08:38,769 - DEBUG - [global] _api_put: GET runs/20260927_030837_fail_periodic.log -> 404
2026-09-27 03:08:40,637 - DEBUG - [global] _api_put: PUT runs/20260927_030837_fail_periodic.log -> 201 (11793 bytes)
2026-09-27 03:08:40,640 - DEBUG - [global] log_uploader: STEP 1 (window log) -> https://github.com/StarateJI/L2Mauto/blob/bot-logs/runs/20260927_030837_fail_periodic.log
2026-09-27 03:08:40,640 - DEBUG - [global] log_uploader: STEP 2 SKIP (no PNGs)
2026-09-27 03:08:41,669 - DEBUG - [global] _api_put: GET runs/20260927_030837_fail_global.log -> 404
2026-09-27 03:08:43,519 - DEBUG - [global] _api_put: PUT runs/20260927_030837_fail_global.log -> 201 (20019 bytes)
2026-09-27 03:08:43,522 - DEBUG - [global] log_uploader: STEP 3 (global log) -> https://github.com/StarateJI/L2Mauto/blob/bot-logs/runs/20260927_030837_fail_global.log
2026-09-27 03:08:43,522 - DEBUG - [global] log_uploader: END window=periodic
2026-09-27 03:08:43,522 - INFO - [global] LogUploader: upload_run_logs завершён
2026-09-27 03:08:44,047 - INFO - [global] Проверяю обновы...
2026-09-27 03:08:44,947 - DEBUG - [global] needs_update: raw → 5.13.09
2026-09-27 03:08:45,155 - DEBUG - [global] needs_update: API → 5.13.09
2026-09-27 03:08:45,155 - DEBUG - [global] needs_update: лучший источник raw → 5.13.09 (из 2)
2026-09-27 03:08:45,155 - INFO - [global] needs_update: local=(5, 13, 7) remote=(5, 13, 9) -> has_update=True
2026-09-27 03:08:45,156 - INFO - [global] Доступна обнова! Спавню кнопку
2026-09-27 03:09:15,174 - INFO - [global] Проверяю обновы...
2026-09-27 03:09:16,098 - DEBUG - [global] needs_update: raw → 5.13.09
2026-09-27 03:09:16,290 - DEBUG - [global] needs_update: API → 5.13.09
2026-09-27 03:09:16,290 - DEBUG - [global] needs_update: лучший источник raw → 5.13.09 (из 2)
2026-09-27 03:09:16,290 - INFO - [global] needs_update: local=(5, 13, 7) remote=(5, 13, 9) -> has_update=True
2026-09-27 03:09:16,290 - INFO - [global] Доступна обнова! Спавню кнопку
2026-09-27 03:09:43,563 - INFO - [global] LogUploader: запускаю upload_run_logs...
2026-09-27 03:09:43,565 - DEBUG - [global] log_uploader: START window=periodic made=-1 token=...Rjnfq
2026-09-27 03:09:44,538 - DEBUG - [global] _api_put: GET runs/20260927_030943_fail_periodic.log -> 404
2026-09-27 03:09:46,308 - INFO - [global] Проверяю обновы...
2026-09-27 03:09:46,492 - DEBUG - [global] _api_put: PUT runs/20260927_030943_fail_periodic.log -> 201 (11793 bytes)
2026-09-27 03:09:46,496 - DEBUG - [global] log_uploader: STEP 1 (window log) -> https://github.com/StarateJI/L2Mauto/blob/bot-logs/runs/20260927_030943_fail_periodic.log
2026-09-27 03:09:46,496 - DEBUG - [global] log_uploader: STEP 2 SKIP (no PNGs)
2026-09-27 03:09:47,272 - DEBUG - [global] needs_update: raw → 5.13.09
2026-09-27 03:09:47,530 - DEBUG - [global] needs_update: API → 5.13.09
2026-09-27 03:09:47,531 - DEBUG - [global] needs_update: лучший источник raw → 5.13.09 (из 2)
2026-09-27 03:09:47,531 - INFO - [global] needs_update: local=(5, 13, 7) remote=(5, 13, 9) -> has_update=True
2026-09-27 03:09:47,531 - INFO - [global] Доступна обнова! Спавню кнопку
2026-09-27 03:09:47,728 - DEBUG - [global] _api_put: GET runs/20260927_030943_fail_global.log -> 404
2026-09-27 03:09:49,563 - DEBUG - [global] _api_put: PUT runs/20260927_030943_fail_global.log -> 201 (20021 bytes)
2026-09-27 03:09:49,565 - DEBUG - [global] log_uploader: STEP 3 (global log) -> https://github.com/StarateJI/L2Mauto/blob/bot-logs/runs/20260927_030943_fail_global.log
2026-09-27 03:09:49,565 - DEBUG - [global] log_uploader: END window=periodic
2026-09-27 03:09:49,565 - INFO - [global] LogUploader: upload_run_logs завершён
2026-09-27 03:10:17,562 - INFO - [global] Проверяю обновы...
2026-09-27 03:10:18,504 - DEBUG - [global] needs_update: raw → 5.13.09
2026-09-27 03:10:18,704 - DEBUG - [global] needs_update: API → 5.13.09
2026-09-27 03:10:18,705 - DEBUG - [global] needs_update: лучший источник raw → 5.13.09 (из 2)
2026-09-27 03:10:18,705 - INFO - [global] needs_update: local=(5, 13, 7) remote=(5, 13, 9) -> has_update=True
2026-09-27 03:10:18,705 - INFO - [global] Доступна обнова! Спавню кнопку
2026-09-27 03:10:48,723 - INFO - [global] Проверяю обновы...
2026-09-27 03:10:49,597 - INFO - [global] LogUploader: запускаю upload_run_logs...
2026-09-27 03:10:49,598 - DEBUG - [global] log_uploader: START window=periodic made=-1 token=...Rjnfq
2026-09-27 03:10:49,700 - DEBUG - [global] needs_update: raw → 5.13.09
2026-09-27 03:10:49,823 - DEBUG - [global] needs_update: API → 5.13.09
2026-09-27 03:10:49,823 - DEBUG - [global] needs_update: лучший источник raw → 5.13.09 (из 2)
2026-09-27 03:10:49,824 - INFO - [global] needs_update: local=(5, 13, 7) remote=(5, 13, 9) -> has_update=True
2026-09-27 03:10:49,824 - INFO - [global] Доступна обнова! Спавню кнопку
2026-09-27 03:10:50,565 - DEBUG - [global] _api_put: GET runs/20260927_031049_fail_periodic.log -> 404
2026-09-27 03:10:52,505 - DEBUG - [global] _api_put: PUT runs/20260927_031049_fail_periodic.log -> 201 (11793 bytes)
2026-09-27 03:10:52,508 - DEBUG - [global] log_uploader: STEP 1 (window log) -> https://github.com/StarateJI/L2Mauto/blob/bot-logs/runs/20260927_031049_fail_periodic.log
2026-09-27 03:10:52,508 - DEBUG - [global] log_uploader: STEP 2 SKIP (no PNGs)
2026-09-27 03:10:53,584 - DEBUG - [global] _api_put: GET runs/20260927_031049_fail_global.log -> 404
2026-09-27 03:10:55,441 - DEBUG - [global] _api_put: PUT runs/20260927_031049_fail_global.log -> 201 (20019 bytes)
2026-09-27 03:10:55,445 - DEBUG - [global] log_uploader: STEP 3 (global log) -> https://github.com/StarateJI/L2Mauto/blob/bot-logs/runs/20260927_031049_fail_global.log
2026-09-27 03:10:55,445 - DEBUG - [global] log_uploader: END window=periodic
2026-09-27 03:10:55,445 - INFO - [global] LogUploader: upload_run_logs завершён
2026-09-27 03:11:19,844 - INFO - [global] Проверяю обновы...
2026-09-27 03:11:20,727 - DEBUG - [global] needs_update: raw → 5.13.09
2026-09-27 03:11:20,932 - DEBUG - [global] needs_update: API → 5.13.09
2026-09-27 03:11:20,932 - DEBUG - [global] needs_update: лучший источник raw → 5.13.09 (из 2)
2026-09-27 03:11:20,932 - INFO - [global] needs_update: local=(5, 13, 7) remote=(5, 13, 9) -> has_update=True
2026-09-27 03:11:20,932 - INFO - [global] Доступна обнова! Спавню кнопку
2026-09-27 03:11:50,948 - INFO - [global] Проверяю обновы...
2026-09-27 03:11:51,841 - DEBUG - [global] needs_update: raw → 5.13.09
2026-09-27 03:11:52,022 - DEBUG - [global] needs_update: API → 5.13.09
2026-09-27 03:11:52,023 - DEBUG - [global] needs_update: лучший источник raw → 5.13.09 (из 2)
2026-09-27 03:11:52,023 - INFO - [global] needs_update: local=(5, 13, 7) remote=(5, 13, 9) -> has_update=True
2026-09-27 03:11:52,023 - INFO - [global] Доступна обнова! Спавню кнопку
2026-09-27 03:11:55,495 - INFO - [global] LogUploader: запускаю upload_run_logs...
2026-09-27 03:11:55,497 - DEBUG - [global] log_uploader: START window=periodic made=-1 token=...Rjnfq
2026-09-27 03:11:56,465 - DEBUG - [global] _api_put: GET runs/20260927_031155_fail_periodic.log -> 404
2026-09-27 03:11:58,194 - DEBUG - [global] _api_put: PUT runs/20260927_031155_fail_periodic.log -> 201 (11793 bytes)
2026-09-27 03:11:58,196 - DEBUG - [global] log_uploader: STEP 1 (window log) -> https://github.com/StarateJI/L2Mauto/blob/bot-logs/runs/20260927_031155_fail_periodic.log
2026-09-27 03:11:58,196 - DEBUG - [global] log_uploader: STEP 2 SKIP (no PNGs)
2026-09-27 03:11:59,238 - DEBUG - [global] _api_put: GET runs/20260927_031155_fail_global.log -> 404
2026-09-27 03:12:01,118 - DEBUG - [global] _api_put: PUT runs/20260927_031155_fail_global.log -> 201 (20019 bytes)
2026-09-27 03:12:01,121 - DEBUG - [global] log_uploader: STEP 3 (global log) -> https://github.com/StarateJI/L2Mauto/blob/bot-logs/runs/20260927_031155_fail_global.log
2026-09-27 03:12:01,121 - DEBUG - [global] log_uploader: END window=periodic
2026-09-27 03:12:01,121 - INFO - [global] LogUploader: upload_run_logs завершён
2026-09-27 03:12:22,045 - INFO - [global] Проверяю обновы...
2026-09-27 03:12:22,956 - DEBUG - [global] needs_update: raw → 5.13.09
2026-09-27 03:12:23,120 - DEBUG - [global] needs_update: API → 5.13.09
2026-09-27 03:12:23,120 - DEBUG - [global] needs_update: лучший источник raw → 5.13.09 (из 2)
2026-09-27 03:12:23,120 - INFO - [global] needs_update: local=(5, 13, 7) remote=(5, 13, 9) -> has_update=True
2026-09-27 03:12:23,120 - INFO - [global] Доступна обнова! Спавню кнопку
2026-09-27 03:12:53,138 - INFO - [global] Проверяю обновы...
2026-09-27 03:12:54,028 - DEBUG - [global] needs_update: raw → 5.13.09
2026-09-27 03:12:54,174 - DEBUG - [global] needs_update: API → 5.13.09
2026-09-27 03:12:54,174 - DEBUG - [global] needs_update: лучший источник raw → 5.13.09 (из 2)
2026-09-27 03:12:54,175 - INFO - [global] needs_update: local=(5, 13, 7) remote=(5, 13, 9) -> has_update=True
2026-09-27 03:12:54,175 - INFO - [global] Доступна обнова! Спавню кнопку
2026-09-27 03:13:01,158 - INFO - [global] LogUploader: запускаю upload_run_logs...
2026-09-27 03:13:01,159 - DEBUG - [global] log_uploader: START window=periodic made=-1 token=...Rjnfq
2026-09-27 03:13:02,092 - DEBUG - [global] _api_put: GET runs/20260927_031301_fail_periodic.log -> 404
2026-09-27 03:13:03,927 - DEBUG - [global] _api_put: PUT runs/20260927_031301_fail_periodic.log -> 201 (11793 bytes)
2026-09-27 03:13:03,929 - DEBUG - [global] log_uploader: STEP 1 (window log) -> https://github.com/StarateJI/L2Mauto/blob/bot-logs/runs/20260927_031301_fail_periodic.log
2026-09-27 03:13:03,930 - DEBUG - [global] log_uploader: STEP 2 SKIP (no PNGs)
2026-09-27 03:13:04,896 - DEBUG - [global] _api_put: GET runs/20260927_031301_fail_global.log -> 404
2026-09-27 03:13:06,555 - DEBUG - [global] _api_put: PUT runs/20260927_031301_fail_global.log -> 201 (20019 bytes)
2026-09-27 03:13:06,558 - DEBUG - [global] log_uploader: STEP 3 (global log) -> https://github.com/StarateJI/L2Mauto/blob/bot-logs/runs/20260927_031301_fail_global.log
2026-09-27 03:13:06,558 - DEBUG - [global] log_uploader: END window=periodic
2026-09-27 03:13:06,558 - INFO - [global] LogUploader: upload_run_logs завершён
2026-09-27 03:13:24,191 - INFO - [global] Проверяю обновы...
2026-09-27 03:13:25,241 - DEBUG - [global] needs_update: API → 5.13.09
2026-09-27 03:13:25,247 - DEBUG - [global] needs_update: raw → 5.13.09
2026-09-27 03:13:25,247 - DEBUG - [global] needs_update: лучший источник API → 5.13.09 (из 2)
2026-09-27 03:13:25,247 - INFO - [global] needs_update: local=(5, 13, 7) remote=(5, 13, 9) -> has_update=True
2026-09-27 03:13:25,247 - INFO - [global] Доступна обнова! Спавню кнопку
2026-09-27 03:13:55,267 - INFO - [global] Проверяю обновы...
2026-09-27 03:13:56,225 - DEBUG - [global] needs_update: raw → 5.13.09
2026-09-27 03:13:56,404 - DEBUG - [global] needs_update: API → 5.13.09
2026-09-27 03:13:56,405 - DEBUG - [global] needs_update: лучший источник raw → 5.13.09 (из 2)
2026-09-27 03:13:56,405 - INFO - [global] needs_update: local=(5, 13, 7) remote=(5, 13, 9) -> has_update=True
2026-09-27 03:13:56,405 - INFO - [global] Доступна обнова! Спавню кнопку
2026-09-27 03:14:06,598 - INFO - [global] LogUploader: запускаю upload_run_logs...
2026-09-27 03:14:06,599 - DEBUG - [global] log_uploader: START window=periodic made=-1 token=...Rjnfq
2026-09-27 03:14:07,565 - DEBUG - [global] _api_put: GET runs/20260927_031406_fail_periodic.log -> 404
2026-09-27 03:14:09,357 - DEBUG - [global] _api_put: PUT runs/20260927_031406_fail_periodic.log -> 201 (11793 bytes)
2026-09-27 03:14:09,359 - DEBUG - [global] log_uploader: STEP 1 (window log) -> https://github.com/StarateJI/L2Mauto/blob/bot-logs/runs/20260927_031406_fail_periodic.log
2026-09-27 03:14:09,360 - DEBUG - [global] log_uploader: STEP 2 SKIP (no PNGs)
2026-09-27 03:14:10,411 - DEBUG - [global] _api_put: GET runs/20260927_031406_fail_global.log -> 404
2026-09-27 03:14:12,262 - DEBUG - [global] _api_put: PUT runs/20260927_031406_fail_global.log -> 201 (20019 bytes)
2026-09-27 03:14:12,266 - DEBUG - [global] log_uploader: STEP 3 (global log) -> https://github.com/StarateJI/L2Mauto/blob/bot-logs/runs/20260927_031406_fail_global.log
2026-09-27 03:14:12,266 - DEBUG - [global] log_uploader: END window=periodic
2026-09-27 03:14:12,266 - INFO - [global] LogUploader: upload_run_logs завершён
2026-09-27 03:14:26,422 - INFO - [global] Проверяю обновы...
2026-09-27 03:14:27,317 - DEBUG - [global] needs_update: raw → 5.13.09
2026-09-27 03:14:27,545 - DEBUG - [global] needs_update: API → 5.13.09
2026-09-27 03:14:27,545 - DEBUG - [global] needs_update: лучший источник raw → 5.13.09 (из 2)
2026-09-27 03:14:27,545 - INFO - [global] needs_update: local=(5, 13, 7) remote=(5, 13, 9) -> has_update=True
2026-09-27 03:14:27,545 - INFO - [global] Доступна обнова! Спавню кнопку
2026-09-27 03:14:57,564 - INFO - [global] Проверяю обновы...
2026-09-27 03:14:58,436 - DEBUG - [global] needs_update: raw → 5.13.09
2026-09-27 03:14:58,660 - DEBUG - [global] needs_update: API → 5.13.09
2026-09-27 03:14:58,660 - DEBUG - [global] needs_update: лучший источник raw → 5.13.09 (из 2)
2026-09-27 03:14:58,660 - INFO - [global] needs_update: local=(5, 13, 7) remote=(5, 13, 9) -> has_update=True
2026-09-27 03:14:58,660 - INFO - [global] Доступна обнова! Спавню кнопку
2026-09-27 03:15:12,300 - INFO - [global] LogUploader: запускаю upload_run_logs...
2026-09-27 03:15:12,301 - DEBUG - [global] log_uploader: START window=periodic made=-1 token=...Rjnfq
2026-09-27 03:15:13,253 - DEBUG - [global] _api_put: GET runs/20260927_031512_fail_periodic.log -> 404
2026-09-27 03:15:15,110 - DEBUG - [global] _api_put: PUT runs/20260927_031512_fail_periodic.log -> 201 (11793 bytes)
2026-09-27 03:15:15,114 - DEBUG - [global] log_uploader: STEP 1 (window log) -> https://github.com/StarateJI/L2Mauto/blob/bot-logs/runs/20260927_031512_fail_periodic.log
2026-09-27 03:15:15,114 - DEBUG - [global] log_uploader: STEP 2 SKIP (no PNGs)
2026-09-27 03:15:16,163 - DEBUG - [global] _api_put: GET runs/20260927_031512_fail_global.log -> 404
2026-09-27 03:15:18,049 - DEBUG - [global] _api_put: PUT runs/20260927_031512_fail_global.log -> 201 (20019 bytes)
2026-09-27 03:15:18,051 - DEBUG - [global] log_uploader: STEP 3 (global log) -> https://github.com/StarateJI/L2Mauto/blob/bot-logs/runs/20260927_031512_fail_global.log
2026-09-27 03:15:18,051 - DEBUG - [global] log_uploader: END window=periodic
2026-09-27 03:15:18,051 - INFO - [global] LogUploader: upload_run_logs завершён
2026-09-27 03:15:28,676 - INFO - [global] Проверяю обновы...
2026-09-27 03:15:29,617 - DEBUG - [global] needs_update: raw → 5.13.09
2026-09-27 03:15:29,814 - DEBUG - [global] needs_update: API → 5.13.09
2026-09-27 03:15:29,815 - DEBUG - [global] needs_update: лучший источник raw → 5.13.09 (из 2)
2026-09-27 03:15:29,815 - INFO - [global] needs_update: local=(5, 13, 7) remote=(5, 13, 9) -> has_update=True
2026-09-27 03:15:29,815 - INFO - [global] Доступна обнова! Спавню кнопку
2026-09-27 03:15:59,835 - INFO - [global] Проверяю обновы...
2026-09-27 03:16:00,789 - DEBUG - [global] needs_update: raw → 5.13.09
2026-09-27 03:16:01,010 - DEBUG - [global] needs_update: API → 5.13.09
2026-09-27 03:16:01,011 - DEBUG - [global] needs_update: лучший источник raw → 5.13.09 (из 2)
2026-09-27 03:16:01,011 - INFO - [global] needs_update: local=(5, 13, 7) remote=(5, 13, 9) -> has_update=True
2026-09-27 03:16:01,011 - INFO - [global] Доступна обнова! Спавню кнопку
2026-09-27 03:16:18,088 - INFO - [global] LogUploader: запускаю upload_run_logs...
2026-09-27 03:16:18,089 - DEBUG - [global] log_uploader: START window=periodic made=-1 token=...Rjnfq
2026-09-27 03:16:19,133 - DEBUG - [global] _api_put: GET runs/20260927_031618_fail_periodic.log -> 404
2026-09-27 03:16:20,942 - DEBUG - [global] _api_put: PUT runs/20260927_031618_fail_periodic.log -> 201 (11793 bytes)
2026-09-27 03:16:20,945 - DEBUG - [global] log_uploader: STEP 1 (window log) -> https://github.com/StarateJI/L2Mauto/blob/bot-logs/runs/20260927_031618_fail_periodic.log
2026-09-27 03:16:20,945 - DEBUG - [global] log_uploader: STEP 2 SKIP (no PNGs)
2026-09-27 03:16:21,962 - DEBUG - [global] _api_put: GET runs/20260927_031618_fail_global.log -> 404
2026-09-27 03:16:23,788 - DEBUG - [global] _api_put: PUT runs/20260927_031618_fail_global.log -> 201 (20019 bytes)
2026-09-27 03:16:23,792 - DEBUG - [global] log_uploader: STEP 3 (global log) -> https://github.com/StarateJI/L2Mauto/blob/bot-logs/runs/20260927_031618_fail_global.log
2026-09-27 03:16:23,792 - DEBUG - [global] log_uploader: END window=periodic
2026-09-27 03:16:23,792 - INFO - [global] LogUploader: upload_run_logs завершён
2026-09-27 03:16:31,029 - INFO - [global] Проверяю обновы...
2026-09-27 03:16:32,036 - DEBUG - [global] needs_update: raw → 5.13.09
2026-09-27 03:16:32,185 - DEBUG - [global] needs_update: API → 5.13.09
2026-09-27 03:16:32,185 - DEBUG - [global] needs_update: лучший источник raw → 5.13.09 (из 2)
2026-09-27 03:16:32,186 - INFO - [global] needs_update: local=(5, 13, 7) remote=(5, 13, 9) -> has_update=True
2026-09-27 03:16:32,186 - INFO - [global] Доступна обнова! Спавню кнопку
2026-09-27 03:17:02,205 - INFO - [global] Проверяю обновы...
2026-09-27 03:17:03,115 - DEBUG - [global] needs_update: raw → 5.13.09
2026-09-27 03:17:03,325 - DEBUG - [global] needs_update: API → 5.13.09
2026-09-27 03:17:03,325 - DEBUG - [global] needs_update: лучший источник raw → 5.13.09 (из 2)
2026-09-27 03:17:03,325 - INFO - [global] needs_update: local=(5, 13, 7) remote=(5, 13, 9) -> has_update=True
2026-09-27 03:17:03,325 - INFO - [global] Доступна обнова! Спавню кнопку
2026-09-27 03:17:23,831 - INFO - [global] LogUploader: запускаю upload_run_logs...
2026-09-27 03:17:23,832 - DEBUG - [global] log_uploader: START window=periodic made=-1 token=...Rjnfq
2026-09-27 03:17:25,044 - DEBUG - [global] _api_put: GET runs/20260927_031723_fail_periodic.log -> 404
2026-09-27 03:17:27,043 - DEBUG - [global] _api_put: PUT runs/20260927_031723_fail_periodic.log -> 201 (11793 bytes)
2026-09-27 03:17:27,045 - DEBUG - [global] log_uploader: STEP 1 (window log) -> https://github.com/StarateJI/L2Mauto/blob/bot-logs/runs/20260927_031723_fail_periodic.log
2026-09-27 03:17:27,046 - DEBUG - [global] log_uploader: STEP 2 SKIP (no PNGs)
