=== Log tail 2026-09-15T18:43:43.568236 | last 200 lines ===
2026-09-15 18:36:04,617 - DEBUG - [global] needs_update: jsdelivr → 5.4.1
2026-09-15 18:36:04,617 - DEBUG - [global] needs_update: лучший источник raw → 5.6.18 (из 3)
2026-09-15 18:36:04,620 - INFO - [global] needs_update: local=(5, 6, 18) remote=(5, 6, 18) -> has_update=False
2026-09-15 18:36:04,620 - INFO - [global] Установлена последняя версия бота | 5.6.18
2026-09-15 18:36:05,653 - DEBUG - [global] _api_put: PUT runs/20260915_183559_fail_global.log -> 201 (19952 bytes)
2026-09-15 18:36:05,655 - DEBUG - [global] log_uploader: STEP 3 (global log) -> https://github.com/StarateJI/L2Mauto/blob/bot-logs/runs/20260915_183559_fail_global.log
2026-09-15 18:36:05,655 - DEBUG - [global] log_uploader: END window=periodic
2026-09-15 18:36:05,655 - INFO - [global] LogUploader: upload_run_logs завершён
2026-09-15 18:36:35,608 - INFO - [global] Проверяю обновы...
2026-09-15 18:36:36,405 - DEBUG - [global] needs_update: raw → 5.6.18
2026-09-15 18:36:37,409 - DEBUG - [global] needs_update: API GitHub → 5.6.19
2026-09-15 18:36:38,245 - DEBUG - [global] needs_update: jsdelivr → 5.4.1
2026-09-15 18:36:38,245 - DEBUG - [global] needs_update: лучший источник API → 5.6.19 (из 3)
2026-09-15 18:36:38,248 - INFO - [global] needs_update: local=(5, 6, 18) remote=(5, 6, 19) -> has_update=True
2026-09-15 18:36:38,248 - INFO - [global] Доступна обнова! Спавню кнопку
2026-09-15 18:37:06,635 - INFO - [global] LogUploader: запускаю upload_run_logs...
2026-09-15 18:37:06,636 - DEBUG - [global] log_uploader: START window=periodic made=-1 token=...Rjnfq
2026-09-15 18:37:07,581 - DEBUG - [global] _api_put: GET runs/20260915_183706_fail_periodic.log -> 404
2026-09-15 18:37:08,285 - INFO - [global] Проверяю обновы...
2026-09-15 18:37:09,034 - DEBUG - [global] needs_update: raw → 5.6.18
2026-09-15 18:37:09,140 - DEBUG - [global] _api_put: PUT runs/20260915_183706_fail_periodic.log -> 409 (10182 bytes)
2026-09-15 18:37:09,140 - WARNING - [global] _api_put: PUT failed body: {"message":"is at 76178f1be467d6b1c7a8abc4c55b60a51d57fb5d but expected 3d58c4d7a6a5aff439cd205dfd13a08d99983b91","documentation_url":"https://docs.github.com/rest/repos/contents#create-or-update-file
2026-09-15 18:37:09,142 - DEBUG - [global] log_uploader: STEP 1 (window log) -> FAILED
2026-09-15 18:37:09,143 - DEBUG - [global] log_uploader: STEP 2 SKIP (no PNGs)
2026-09-15 18:37:10,071 - DEBUG - [global] needs_update: API GitHub → 5.6.19
2026-09-15 18:37:10,232 - DEBUG - [global] _api_put: GET runs/20260915_183706_fail_global.log -> 404
2026-09-15 18:37:10,927 - DEBUG - [global] needs_update: jsdelivr → 5.4.1
2026-09-15 18:37:10,927 - DEBUG - [global] needs_update: лучший источник API → 5.6.19 (из 3)
2026-09-15 18:37:10,930 - INFO - [global] needs_update: local=(5, 6, 18) remote=(5, 6, 19) -> has_update=True
2026-09-15 18:37:10,930 - INFO - [global] Доступна обнова! Спавню кнопку
2026-09-15 18:37:12,523 - DEBUG - [global] _api_put: PUT runs/20260915_183706_fail_global.log -> 201 (20049 bytes)
2026-09-15 18:37:12,526 - DEBUG - [global] log_uploader: STEP 3 (global log) -> https://github.com/StarateJI/L2Mauto/blob/bot-logs/runs/20260915_183706_fail_global.log
2026-09-15 18:37:12,526 - DEBUG - [global] log_uploader: END window=periodic
2026-09-15 18:37:12,526 - INFO - [global] LogUploader: upload_run_logs завершён
2026-09-15 18:37:24,666 - INFO - [global] [-BaseProfile-] Остановил слушалку
2026-09-15 18:37:25,591 - INFO - [global] [-BaseProfile-] Остановил слушалку
2026-09-15 18:37:26,561 - INFO - [global] Пачка 1/10: завершена за 115с
2026-09-15 18:37:27,563 - INFO - [global] Пачка 2/10: старт (2 окон: ['ФармерФиола', '2680V4'])
2026-09-15 18:37:27,563 - INFO - [global] Запуск через 3 сек. | ['ФармерФиола', '2680V4']
2026-09-15 18:37:40,950 - INFO - [global] Проверяю обновы...
2026-09-15 18:37:41,730 - DEBUG - [global] needs_update: raw → 5.6.18
2026-09-15 18:37:42,695 - DEBUG - [global] needs_update: API GitHub → 5.6.19
2026-09-15 18:37:43,431 - DEBUG - [global] needs_update: jsdelivr → 5.4.1
2026-09-15 18:37:43,431 - DEBUG - [global] needs_update: лучший источник API → 5.6.19 (из 3)
2026-09-15 18:37:43,433 - INFO - [global] needs_update: local=(5, 6, 18) remote=(5, 6, 19) -> has_update=True
2026-09-15 18:37:43,434 - INFO - [global] Доступна обнова! Спавню кнопку
2026-09-15 18:37:45,276 - INFO - [global] Ошибка отправки в тг | 380371690 | HTTP Client says - ClientConnectorError: Cannot connect to host api.telegram.org:443 ssl:default [Превышен таймаут семафора]
2026-09-15 18:37:45,892 - INFO - [global] Ошибка отправки в тг | 380371690 | HTTP Client says - ClientConnectorError: Cannot connect to host api.telegram.org:443 ssl:default [Превышен таймаут семафора]
2026-09-15 18:38:12,579 - INFO - [global] LogUploader: запускаю upload_run_logs...
2026-09-15 18:38:12,580 - DEBUG - [global] log_uploader: START window=periodic made=-1 token=...Rjnfq
2026-09-15 18:38:13,450 - INFO - [global] Проверяю обновы...
2026-09-15 18:38:13,535 - DEBUG - [global] _api_put: GET runs/20260915_183812_fail_periodic.log -> 404
2026-09-15 18:38:14,401 - DEBUG - [global] needs_update: raw → 5.6.18
2026-09-15 18:38:15,340 - DEBUG - [global] needs_update: API GitHub → 5.6.19
2026-09-15 18:38:15,348 - DEBUG - [global] _api_put: PUT runs/20260915_183812_fail_periodic.log -> 201 (10182 bytes)
2026-09-15 18:38:15,351 - DEBUG - [global] log_uploader: STEP 1 (window log) -> https://github.com/StarateJI/L2Mauto/blob/bot-logs/runs/20260915_183812_fail_periodic.log
2026-09-15 18:38:15,352 - DEBUG - [global] log_uploader: STEP 2 SKIP (no PNGs)
2026-09-15 18:38:16,203 - DEBUG - [global] needs_update: jsdelivr → 5.4.1
2026-09-15 18:38:16,203 - DEBUG - [global] needs_update: лучший источник API → 5.6.19 (из 3)
2026-09-15 18:38:16,206 - INFO - [global] needs_update: local=(5, 6, 18) remote=(5, 6, 19) -> has_update=True
2026-09-15 18:38:16,206 - INFO - [global] Доступна обнова! Спавню кнопку
2026-09-15 18:38:16,435 - DEBUG - [global] _api_put: GET runs/20260915_183812_fail_global.log -> 404
2026-09-15 18:38:18,144 - DEBUG - [global] _api_put: PUT runs/20260915_183812_fail_global.log -> 201 (20263 bytes)
2026-09-15 18:38:18,148 - DEBUG - [global] log_uploader: STEP 3 (global log) -> https://github.com/StarateJI/L2Mauto/blob/bot-logs/runs/20260915_183812_fail_global.log
2026-09-15 18:38:18,148 - DEBUG - [global] log_uploader: END window=periodic
2026-09-15 18:38:18,148 - INFO - [global] LogUploader: upload_run_logs завершён
2026-09-15 18:38:46,242 - INFO - [global] Проверяю обновы...
2026-09-15 18:38:47,166 - DEBUG - [global] needs_update: raw → 5.6.19
2026-09-15 18:38:48,281 - DEBUG - [global] needs_update: API GitHub → 5.6.19
2026-09-15 18:38:49,069 - DEBUG - [global] needs_update: jsdelivr → 5.4.2
2026-09-15 18:38:49,069 - DEBUG - [global] needs_update: лучший источник raw → 5.6.19 (из 3)
2026-09-15 18:38:49,071 - INFO - [global] needs_update: local=(5, 6, 18) remote=(5, 6, 19) -> has_update=True
2026-09-15 18:38:49,071 - INFO - [global] Доступна обнова! Спавню кнопку
2026-09-15 18:39:18,195 - INFO - [global] LogUploader: запускаю upload_run_logs...
2026-09-15 18:39:18,196 - DEBUG - [global] log_uploader: START window=periodic made=-1 token=...Rjnfq
2026-09-15 18:39:18,753 - INFO - [global] [-BaseProfile-] Остановил слушалку
2026-09-15 18:39:19,091 - INFO - [global] Проверяю обновы...
2026-09-15 18:39:19,095 - DEBUG - [global] _api_put: GET runs/20260915_183918_fail_periodic.log -> 404
2026-09-15 18:39:19,994 - DEBUG - [global] needs_update: raw → 5.6.19
2026-09-15 18:39:20,890 - DEBUG - [global] needs_update: API GitHub → 5.6.19
2026-09-15 18:39:21,005 - DEBUG - [global] _api_put: PUT runs/20260915_183918_fail_periodic.log -> 201 (10182 bytes)
2026-09-15 18:39:21,008 - DEBUG - [global] log_uploader: STEP 1 (window log) -> https://github.com/StarateJI/L2Mauto/blob/bot-logs/runs/20260915_183918_fail_periodic.log
2026-09-15 18:39:21,009 - DEBUG - [global] log_uploader: STEP 2 SKIP (no PNGs)
2026-09-15 18:39:21,731 - DEBUG - [global] needs_update: jsdelivr → 5.4.2
2026-09-15 18:39:21,731 - DEBUG - [global] needs_update: лучший источник raw → 5.6.19 (из 3)
2026-09-15 18:39:21,733 - INFO - [global] needs_update: local=(5, 6, 18) remote=(5, 6, 19) -> has_update=True
2026-09-15 18:39:21,733 - INFO - [global] Доступна обнова! Спавню кнопку
2026-09-15 18:39:22,125 - DEBUG - [global] _api_put: GET runs/20260915_183918_fail_global.log -> 404
2026-09-15 18:39:23,816 - DEBUG - [global] _api_put: PUT runs/20260915_183918_fail_global.log -> 201 (20265 bytes)
2026-09-15 18:39:23,819 - DEBUG - [global] log_uploader: STEP 3 (global log) -> https://github.com/StarateJI/L2Mauto/blob/bot-logs/runs/20260915_183918_fail_global.log
2026-09-15 18:39:23,819 - DEBUG - [global] log_uploader: END window=periodic
2026-09-15 18:39:23,819 - INFO - [global] LogUploader: upload_run_logs завершён
2026-09-15 18:39:39,181 - INFO - [global] Ошибка отправки в тг | 380371690 | HTTP Client says - ClientConnectorError: Cannot connect to host api.telegram.org:443 ssl:default [Превышен таймаут семафора]
2026-09-15 18:39:51,754 - INFO - [global] Проверяю обновы...
2026-09-15 18:39:52,511 - DEBUG - [global] needs_update: raw → 5.6.19
2026-09-15 18:39:53,440 - DEBUG - [global] needs_update: API GitHub → 5.6.19
2026-09-15 18:39:54,168 - DEBUG - [global] needs_update: jsdelivr → 5.4.2
2026-09-15 18:39:54,168 - DEBUG - [global] needs_update: лучший источник raw → 5.6.19 (из 3)
2026-09-15 18:39:54,170 - INFO - [global] needs_update: local=(5, 6, 18) remote=(5, 6, 19) -> has_update=True
2026-09-15 18:39:54,170 - INFO - [global] Доступна обнова! Спавню кнопку
2026-09-15 18:40:09,406 - INFO - [global] [-BaseProfile-] Остановил слушалку
2026-09-15 18:40:10,198 - INFO - [global] Пачка 2/10: завершена за 163с
2026-09-15 18:40:11,199 - INFO - [global] Пачка 3/10: старт (2 окон: ['KCAS', 'FranklinSaint'])
2026-09-15 18:40:11,200 - INFO - [global] Запуск через 3 сек. | ['KCAS', 'FranklinSaint']
2026-09-15 18:40:23,875 - INFO - [global] LogUploader: запускаю upload_run_logs...
2026-09-15 18:40:23,875 - DEBUG - [global] log_uploader: START window=periodic made=-1 token=...Rjnfq
2026-09-15 18:40:24,196 - INFO - [global] Проверяю обновы...
2026-09-15 18:40:25,037 - DEBUG - [global] _api_put: GET runs/20260915_184023_fail_periodic.log -> 404
2026-09-15 18:40:25,177 - DEBUG - [global] needs_update: raw → 5.6.19
2026-09-15 18:40:26,268 - DEBUG - [global] needs_update: API GitHub → 5.6.19
2026-09-15 18:40:26,762 - DEBUG - [global] _api_put: PUT runs/20260915_184023_fail_periodic.log -> 201 (10182 bytes)
2026-09-15 18:40:26,764 - DEBUG - [global] log_uploader: STEP 1 (window log) -> https://github.com/StarateJI/L2Mauto/blob/bot-logs/runs/20260915_184023_fail_periodic.log
2026-09-15 18:40:26,765 - DEBUG - [global] log_uploader: STEP 2 SKIP (no PNGs)
2026-09-15 18:40:27,187 - DEBUG - [global] needs_update: jsdelivr → 5.4.2
2026-09-15 18:40:27,187 - DEBUG - [global] needs_update: лучший источник raw → 5.6.19 (из 3)
2026-09-15 18:40:27,190 - INFO - [global] needs_update: local=(5, 6, 18) remote=(5, 6, 19) -> has_update=True
2026-09-15 18:40:27,190 - INFO - [global] Доступна обнова! Спавню кнопку
2026-09-15 18:40:27,814 - DEBUG - [global] _api_put: GET runs/20260915_184023_fail_global.log -> 404
2026-09-15 18:40:29,507 - DEBUG - [global] _api_put: PUT runs/20260915_184023_fail_global.log -> 201 (20340 bytes)
2026-09-15 18:40:29,510 - DEBUG - [global] log_uploader: STEP 3 (global log) -> https://github.com/StarateJI/L2Mauto/blob/bot-logs/runs/20260915_184023_fail_global.log
2026-09-15 18:40:29,510 - DEBUG - [global] log_uploader: END window=periodic
2026-09-15 18:40:29,510 - INFO - [global] LogUploader: upload_run_logs завершён
2026-09-15 18:40:30,077 - INFO - [global] Ошибка отправки в тг | 380371690 | HTTP Client says - ClientConnectorError: Cannot connect to host api.telegram.org:443 ssl:default [Превышен таймаут семафора]
2026-09-15 18:40:57,216 - INFO - [global] Проверяю обновы...
2026-09-15 18:40:58,317 - DEBUG - [global] needs_update: raw → 5.6.19
2026-09-15 18:40:59,322 - DEBUG - [global] needs_update: API GitHub → 5.6.19
2026-09-15 18:41:00,136 - DEBUG - [global] needs_update: jsdelivr → 5.4.1
2026-09-15 18:41:00,136 - DEBUG - [global] needs_update: лучший источник raw → 5.6.19 (из 3)
2026-09-15 18:41:00,139 - INFO - [global] needs_update: local=(5, 6, 18) remote=(5, 6, 19) -> has_update=True
2026-09-15 18:41:00,139 - INFO - [global] Доступна обнова! Спавню кнопку
2026-09-15 18:41:29,578 - INFO - [global] LogUploader: запускаю upload_run_logs...
2026-09-15 18:41:29,579 - DEBUG - [global] log_uploader: START window=periodic made=-1 token=...Rjnfq
2026-09-15 18:41:30,172 - INFO - [global] Проверяю обновы...
2026-09-15 18:41:30,460 - DEBUG - [global] _api_put: GET runs/20260915_184129_fail_periodic.log -> 404
2026-09-15 18:41:31,038 - DEBUG - [global] needs_update: raw → 5.6.19
2026-09-15 18:41:32,000 - DEBUG - [global] needs_update: API GitHub → 5.6.19
2026-09-15 18:41:32,207 - DEBUG - [global] _api_put: PUT runs/20260915_184129_fail_periodic.log -> 201 (10182 bytes)
2026-09-15 18:41:32,209 - DEBUG - [global] log_uploader: STEP 1 (window log) -> https://github.com/StarateJI/L2Mauto/blob/bot-logs/runs/20260915_184129_fail_periodic.log
2026-09-15 18:41:32,209 - DEBUG - [global] log_uploader: STEP 2 SKIP (no PNGs)
2026-09-15 18:41:32,837 - DEBUG - [global] needs_update: jsdelivr → 5.4.2
2026-09-15 18:41:32,838 - DEBUG - [global] needs_update: лучший источник raw → 5.6.19 (из 3)
2026-09-15 18:41:32,840 - INFO - [global] needs_update: local=(5, 6, 18) remote=(5, 6, 19) -> has_update=True
2026-09-15 18:41:32,841 - INFO - [global] Доступна обнова! Спавню кнопку
2026-09-15 18:41:33,305 - DEBUG - [global] _api_put: GET runs/20260915_184129_fail_global.log -> 404
2026-09-15 18:41:35,341 - DEBUG - [global] _api_put: PUT runs/20260915_184129_fail_global.log -> 201 (20445 bytes)
2026-09-15 18:41:35,344 - DEBUG - [global] log_uploader: STEP 3 (global log) -> https://github.com/StarateJI/L2Mauto/blob/bot-logs/runs/20260915_184129_fail_global.log
2026-09-15 18:41:35,344 - DEBUG - [global] log_uploader: END window=periodic
2026-09-15 18:41:35,344 - INFO - [global] LogUploader: upload_run_logs завершён
2026-09-15 18:42:02,092 - INFO - [global] [-BaseProfile-] Остановил слушалку
2026-09-15 18:42:02,878 - INFO - [global] Проверяю обновы...
2026-09-15 18:42:03,663 - DEBUG - [global] needs_update: raw → 5.6.19
2026-09-15 18:42:04,600 - DEBUG - [global] needs_update: API GitHub → 5.6.19
2026-09-15 18:42:05,413 - DEBUG - [global] needs_update: jsdelivr → 5.4.1
2026-09-15 18:42:05,413 - DEBUG - [global] needs_update: лучший источник raw → 5.6.19 (из 3)
2026-09-15 18:42:05,415 - INFO - [global] needs_update: local=(5, 6, 18) remote=(5, 6, 19) -> has_update=True
2026-09-15 18:42:05,416 - INFO - [global] Доступна обнова! Спавню кнопку
2026-09-15 18:42:10,974 - INFO - [global] [-BaseProfile-] Остановил слушалку
2026-09-15 18:42:11,813 - INFO - [global] Пачка 3/10: завершена за 121с
2026-09-15 18:42:12,813 - INFO - [global] Пачка 4/10: старт (2 окон: ['Снегопад', 'Acura'])
2026-09-15 18:42:12,813 - INFO - [global] Запуск через 3 сек. | ['Снегопад', 'Acura']
2026-09-15 18:42:22,492 - INFO - [global] Ошибка отправки в тг | 380371690 | HTTP Client says - ClientConnectorError: Cannot connect to host api.telegram.org:443 ssl:default [Превышен таймаут семафора]
2026-09-15 18:42:31,107 - INFO - [global] Ошибка отправки в тг | 380371690 | HTTP Client says - ClientConnectorError: Cannot connect to host api.telegram.org:443 ssl:default [Превышен таймаут семафора]
2026-09-15 18:42:35,385 - INFO - [global] LogUploader: запускаю upload_run_logs...
2026-09-15 18:42:35,386 - DEBUG - [global] log_uploader: START window=periodic made=-1 token=...Rjnfq
2026-09-15 18:42:35,436 - INFO - [global] Проверяю обновы...
2026-09-15 18:42:36,310 - DEBUG - [global] needs_update: raw → 5.6.19
2026-09-15 18:42:36,403 - DEBUG - [global] _api_put: GET runs/20260915_184235_fail_periodic.log -> 404
2026-09-15 18:42:37,293 - DEBUG - [global] needs_update: API GitHub → 5.6.19
2026-09-15 18:42:38,025 - DEBUG - [global] needs_update: jsdelivr → 5.4.1
2026-09-15 18:42:38,025 - DEBUG - [global] needs_update: лучший источник raw → 5.6.19 (из 3)
2026-09-15 18:42:38,028 - INFO - [global] needs_update: local=(5, 6, 18) remote=(5, 6, 19) -> has_update=True
2026-09-15 18:42:38,028 - INFO - [global] Доступна обнова! Спавню кнопку
2026-09-15 18:42:38,292 - DEBUG - [global] _api_put: PUT runs/20260915_184235_fail_periodic.log -> 201 (10182 bytes)
2026-09-15 18:42:38,293 - DEBUG - [global] log_uploader: STEP 1 (window log) -> https://github.com/StarateJI/L2Mauto/blob/bot-logs/runs/20260915_184235_fail_periodic.log
2026-09-15 18:42:38,293 - DEBUG - [global] log_uploader: STEP 2 SKIP (no PNGs)
2026-09-15 18:42:39,228 - DEBUG - [global] _api_put: GET runs/20260915_184235_fail_global.log -> 404
2026-09-15 18:42:40,842 - DEBUG - [global] _api_put: PUT runs/20260915_184235_fail_global.log -> 201 (20684 bytes)
2026-09-15 18:42:40,844 - DEBUG - [global] log_uploader: STEP 3 (global log) -> https://github.com/StarateJI/L2Mauto/blob/bot-logs/runs/20260915_184235_fail_global.log
2026-09-15 18:42:40,844 - DEBUG - [global] log_uploader: END window=periodic
2026-09-15 18:42:40,844 - INFO - [global] LogUploader: upload_run_logs завершён
2026-09-15 18:43:08,046 - INFO - [global] Проверяю обновы...
2026-09-15 18:43:08,789 - DEBUG - [global] needs_update: raw → 5.6.19
2026-09-15 18:43:09,660 - DEBUG - [global] needs_update: API GitHub → 5.6.19
2026-09-15 18:43:10,360 - DEBUG - [global] needs_update: jsdelivr → 5.4.1
2026-09-15 18:43:10,360 - DEBUG - [global] needs_update: лучший источник raw → 5.6.19 (из 3)
2026-09-15 18:43:10,362 - INFO - [global] needs_update: local=(5, 6, 18) remote=(5, 6, 19) -> has_update=True
2026-09-15 18:43:10,362 - INFO - [global] Доступна обнова! Спавню кнопку
2026-09-15 18:43:40,390 - INFO - [global] Проверяю обновы...
2026-09-15 18:43:40,881 - INFO - [global] LogUploader: запускаю upload_run_logs...
2026-09-15 18:43:40,882 - DEBUG - [global] log_uploader: START window=periodic made=-1 token=...Rjnfq
2026-09-15 18:43:41,139 - DEBUG - [global] needs_update: raw → 5.6.19
2026-09-15 18:43:41,885 - DEBUG - [global] _api_put: GET runs/20260915_184340_fail_periodic.log -> 404
2026-09-15 18:43:42,104 - DEBUG - [global] needs_update: API GitHub → 5.6.19
2026-09-15 18:43:42,862 - DEBUG - [global] needs_update: jsdelivr → 5.4.1
2026-09-15 18:43:42,862 - DEBUG - [global] needs_update: лучший источник raw → 5.6.19 (из 3)
2026-09-15 18:43:42,865 - INFO - [global] needs_update: local=(5, 6, 18) remote=(5, 6, 19) -> has_update=True
2026-09-15 18:43:42,865 - INFO - [global] Доступна обнова! Спавню кнопку
2026-09-15 18:43:43,514 - DEBUG - [global] _api_put: PUT runs/20260915_184340_fail_periodic.log -> 201 (10182 bytes)
2026-09-15 18:43:43,516 - DEBUG - [global] log_uploader: STEP 1 (window log) -> https://github.com/StarateJI/L2Mauto/blob/bot-logs/runs/20260915_184340_fail_periodic.log
2026-09-15 18:43:43,516 - DEBUG - [global] log_uploader: STEP 2 SKIP (no PNGs)
