=== Log tail 2026-09-19T13:34:03.682242 | last 200 lines ===
2026-09-19 13:25:23,395 - DEBUG - [global] _api_put: GET runs/20260919_132520_fail_global.log -> 404
2026-09-19 13:25:25,071 - DEBUG - [global] _api_put: PUT runs/20260919_132520_fail_global.log -> 201 (20121 bytes)
2026-09-19 13:25:25,073 - DEBUG - [global] log_uploader: STEP 3 (global log) -> https://github.com/StarateJI/L2Mauto/blob/bot-logs/runs/20260919_132520_fail_global.log
2026-09-19 13:25:25,073 - DEBUG - [global] log_uploader: END window=periodic
2026-09-19 13:25:25,073 - INFO - [global] LogUploader: upload_run_logs завершён
2026-09-19 13:25:50,302 - INFO - [global] Проверяю обновы...
2026-09-19 13:25:50,987 - DEBUG - [global] needs_update: raw → 5.11.21
2026-09-19 13:25:51,671 - DEBUG - [global] needs_update: API GitHub → 5.11.21
2026-09-19 13:25:52,351 - DEBUG - [global] needs_update: jsdelivr → 5.11.18
2026-09-19 13:25:52,352 - DEBUG - [global] needs_update: лучший источник raw → 5.11.21 (из 3)
2026-09-19 13:25:52,354 - INFO - [global] needs_update: local=(5, 11, 19) remote=(5, 11, 21) -> has_update=True
2026-09-19 13:25:52,354 - INFO - [global] Доступна обнова! Спавню кнопку
2026-09-19 13:26:22,373 - INFO - [global] Проверяю обновы...
2026-09-19 13:26:23,071 - DEBUG - [global] needs_update: raw → 5.11.21
2026-09-19 13:26:23,808 - DEBUG - [global] needs_update: API GitHub → 5.11.21
2026-09-19 13:26:24,473 - DEBUG - [global] needs_update: jsdelivr → 5.11.18
2026-09-19 13:26:24,473 - DEBUG - [global] needs_update: лучший источник raw → 5.11.21 (из 3)
2026-09-19 13:26:24,475 - INFO - [global] needs_update: local=(5, 11, 19) remote=(5, 11, 21) -> has_update=True
2026-09-19 13:26:24,475 - INFO - [global] Доступна обнова! Спавню кнопку
2026-09-19 13:26:25,113 - INFO - [global] LogUploader: запускаю upload_run_logs...
2026-09-19 13:26:25,114 - DEBUG - [global] log_uploader: START window=periodic made=-1 token=...Rjnfq
2026-09-19 13:26:26,044 - DEBUG - [global] _api_put: GET runs/20260919_132625_fail_periodic.log -> 404
2026-09-19 13:26:27,533 - DEBUG - [global] _api_put: PUT runs/20260919_132625_fail_periodic.log -> 201 (8836 bytes)
2026-09-19 13:26:27,535 - DEBUG - [global] log_uploader: STEP 1 (window log) -> https://github.com/StarateJI/L2Mauto/blob/bot-logs/runs/20260919_132625_fail_periodic.log
2026-09-19 13:26:27,536 - DEBUG - [global] log_uploader: STEP 2 SKIP (no PNGs)
2026-09-19 13:26:28,504 - DEBUG - [global] _api_put: GET runs/20260919_132625_fail_global.log -> 404
2026-09-19 13:26:30,287 - DEBUG - [global] _api_put: PUT runs/20260919_132625_fail_global.log -> 201 (19865 bytes)
2026-09-19 13:26:30,290 - DEBUG - [global] log_uploader: STEP 3 (global log) -> https://github.com/StarateJI/L2Mauto/blob/bot-logs/runs/20260919_132625_fail_global.log
2026-09-19 13:26:30,290 - DEBUG - [global] log_uploader: END window=periodic
2026-09-19 13:26:30,290 - INFO - [global] LogUploader: upload_run_logs завершён
2026-09-19 13:26:54,488 - INFO - [global] Проверяю обновы...
2026-09-19 13:26:55,167 - DEBUG - [global] needs_update: raw → 5.11.21
2026-09-19 13:26:55,888 - DEBUG - [global] needs_update: API GitHub → 5.11.21
2026-09-19 13:26:56,528 - DEBUG - [global] needs_update: jsdelivr → 5.11.18
2026-09-19 13:26:56,528 - DEBUG - [global] needs_update: лучший источник raw → 5.11.21 (из 3)
2026-09-19 13:26:56,530 - INFO - [global] needs_update: local=(5, 11, 19) remote=(5, 11, 21) -> has_update=True
2026-09-19 13:26:56,530 - INFO - [global] Доступна обнова! Спавню кнопку
2026-09-19 13:27:26,547 - INFO - [global] Проверяю обновы...
2026-09-19 13:27:27,250 - DEBUG - [global] needs_update: raw → 5.11.21
2026-09-19 13:27:27,969 - DEBUG - [global] needs_update: API GitHub → 5.11.21
2026-09-19 13:27:28,603 - DEBUG - [global] needs_update: jsdelivr → 5.11.18
2026-09-19 13:27:28,604 - DEBUG - [global] needs_update: лучший источник raw → 5.11.21 (из 3)
2026-09-19 13:27:28,606 - INFO - [global] needs_update: local=(5, 11, 19) remote=(5, 11, 21) -> has_update=True
2026-09-19 13:27:28,606 - INFO - [global] Доступна обнова! Спавню кнопку
2026-09-19 13:27:30,323 - INFO - [global] LogUploader: запускаю upload_run_logs...
2026-09-19 13:27:30,324 - DEBUG - [global] log_uploader: START window=periodic made=-1 token=...Rjnfq
2026-09-19 13:27:31,230 - DEBUG - [global] _api_put: GET runs/20260919_132730_fail_periodic.log -> 404
2026-09-19 13:27:32,705 - DEBUG - [global] _api_put: PUT runs/20260919_132730_fail_periodic.log -> 201 (8836 bytes)
2026-09-19 13:27:32,707 - DEBUG - [global] log_uploader: STEP 1 (window log) -> https://github.com/StarateJI/L2Mauto/blob/bot-logs/runs/20260919_132730_fail_periodic.log
2026-09-19 13:27:32,707 - DEBUG - [global] log_uploader: STEP 2 SKIP (no PNGs)
2026-09-19 13:27:33,629 - DEBUG - [global] _api_put: GET runs/20260919_132730_fail_global.log -> 404
2026-09-19 13:27:35,363 - DEBUG - [global] _api_put: PUT runs/20260919_132730_fail_global.log -> 201 (19737 bytes)
2026-09-19 13:27:35,365 - DEBUG - [global] log_uploader: STEP 3 (global log) -> https://github.com/StarateJI/L2Mauto/blob/bot-logs/runs/20260919_132730_fail_global.log
2026-09-19 13:27:35,365 - DEBUG - [global] log_uploader: END window=periodic
2026-09-19 13:27:35,365 - INFO - [global] LogUploader: upload_run_logs завершён
2026-09-19 13:27:58,621 - INFO - [global] Проверяю обновы...
2026-09-19 13:27:59,308 - DEBUG - [global] needs_update: raw → 5.11.21
2026-09-19 13:28:00,008 - DEBUG - [global] needs_update: API GitHub → 5.11.21
2026-09-19 13:28:00,617 - DEBUG - [global] needs_update: jsdelivr → 5.11.18
2026-09-19 13:28:00,617 - DEBUG - [global] needs_update: лучший источник raw → 5.11.21 (из 3)
2026-09-19 13:28:00,619 - INFO - [global] needs_update: local=(5, 11, 19) remote=(5, 11, 21) -> has_update=True
2026-09-19 13:28:00,619 - INFO - [global] Доступна обнова! Спавню кнопку
2026-09-19 13:28:30,639 - INFO - [global] Проверяю обновы...
2026-09-19 13:28:31,292 - DEBUG - [global] needs_update: raw → 5.11.21
2026-09-19 13:28:32,016 - DEBUG - [global] needs_update: API GitHub → 5.11.21
2026-09-19 13:28:32,736 - DEBUG - [global] needs_update: jsdelivr → 5.11.18
2026-09-19 13:28:32,736 - DEBUG - [global] needs_update: лучший источник raw → 5.11.21 (из 3)
2026-09-19 13:28:32,738 - INFO - [global] needs_update: local=(5, 11, 19) remote=(5, 11, 21) -> has_update=True
2026-09-19 13:28:32,738 - INFO - [global] Доступна обнова! Спавню кнопку
2026-09-19 13:28:35,396 - INFO - [global] LogUploader: запускаю upload_run_logs...
2026-09-19 13:28:35,397 - DEBUG - [global] log_uploader: START window=periodic made=-1 token=...Rjnfq
2026-09-19 13:28:36,323 - DEBUG - [global] _api_put: GET runs/20260919_132835_fail_periodic.log -> 404
2026-09-19 13:28:37,868 - DEBUG - [global] _api_put: PUT runs/20260919_132835_fail_periodic.log -> 201 (8836 bytes)
2026-09-19 13:28:37,871 - DEBUG - [global] log_uploader: STEP 1 (window log) -> https://github.com/StarateJI/L2Mauto/blob/bot-logs/runs/20260919_132835_fail_periodic.log
2026-09-19 13:28:37,871 - DEBUG - [global] log_uploader: STEP 2 SKIP (no PNGs)
2026-09-19 13:28:38,816 - DEBUG - [global] _api_put: GET runs/20260919_132835_fail_global.log -> 404
2026-09-19 13:28:40,455 - DEBUG - [global] _api_put: PUT runs/20260919_132835_fail_global.log -> 201 (19745 bytes)
2026-09-19 13:28:40,457 - DEBUG - [global] log_uploader: STEP 3 (global log) -> https://github.com/StarateJI/L2Mauto/blob/bot-logs/runs/20260919_132835_fail_global.log
2026-09-19 13:28:40,457 - DEBUG - [global] log_uploader: END window=periodic
2026-09-19 13:28:40,458 - INFO - [global] LogUploader: upload_run_logs завершён
2026-09-19 13:29:02,760 - INFO - [global] Проверяю обновы...
2026-09-19 13:29:03,439 - DEBUG - [global] needs_update: raw → 5.11.21
2026-09-19 13:29:04,156 - DEBUG - [global] needs_update: API GitHub → 5.11.21
2026-09-19 13:29:04,838 - DEBUG - [global] needs_update: jsdelivr → 5.11.18
2026-09-19 13:29:04,838 - DEBUG - [global] needs_update: лучший источник raw → 5.11.21 (из 3)
2026-09-19 13:29:04,840 - INFO - [global] needs_update: local=(5, 11, 19) remote=(5, 11, 21) -> has_update=True
2026-09-19 13:29:04,840 - INFO - [global] Доступна обнова! Спавню кнопку
2026-09-19 13:29:34,866 - INFO - [global] Проверяю обновы...
2026-09-19 13:29:35,558 - DEBUG - [global] needs_update: raw → 5.11.21
2026-09-19 13:29:36,241 - DEBUG - [global] needs_update: API GitHub → 5.11.21
2026-09-19 13:29:36,935 - DEBUG - [global] needs_update: jsdelivr → 5.11.18
2026-09-19 13:29:36,935 - DEBUG - [global] needs_update: лучший источник raw → 5.11.21 (из 3)
2026-09-19 13:29:36,936 - INFO - [global] needs_update: local=(5, 11, 19) remote=(5, 11, 21) -> has_update=True
2026-09-19 13:29:36,936 - INFO - [global] Доступна обнова! Спавню кнопку
2026-09-19 13:29:40,493 - INFO - [global] LogUploader: запускаю upload_run_logs...
2026-09-19 13:29:40,494 - DEBUG - [global] log_uploader: START window=periodic made=-1 token=...Rjnfq
2026-09-19 13:29:41,393 - DEBUG - [global] _api_put: GET runs/20260919_132940_fail_periodic.log -> 404
2026-09-19 13:29:42,865 - DEBUG - [global] _api_put: PUT runs/20260919_132940_fail_periodic.log -> 201 (8836 bytes)
2026-09-19 13:29:42,866 - DEBUG - [global] log_uploader: STEP 1 (window log) -> https://github.com/StarateJI/L2Mauto/blob/bot-logs/runs/20260919_132940_fail_periodic.log
2026-09-19 13:29:42,868 - DEBUG - [global] log_uploader: STEP 2 SKIP (no PNGs)
2026-09-19 13:29:43,897 - DEBUG - [global] _api_put: GET runs/20260919_132940_fail_global.log -> 404
2026-09-19 13:29:45,704 - DEBUG - [global] _api_put: PUT runs/20260919_132940_fail_global.log -> 201 (19803 bytes)
2026-09-19 13:29:45,707 - DEBUG - [global] log_uploader: STEP 3 (global log) -> https://github.com/StarateJI/L2Mauto/blob/bot-logs/runs/20260919_132940_fail_global.log
2026-09-19 13:29:45,707 - DEBUG - [global] log_uploader: END window=periodic
2026-09-19 13:29:45,707 - INFO - [global] LogUploader: upload_run_logs завершён
2026-09-19 13:30:06,954 - INFO - [global] Проверяю обновы...
2026-09-19 13:30:07,669 - DEBUG - [global] needs_update: raw → 5.11.21
2026-09-19 13:30:08,424 - DEBUG - [global] needs_update: API GitHub → 5.11.21
2026-09-19 13:30:09,089 - DEBUG - [global] needs_update: jsdelivr → 5.11.18
2026-09-19 13:30:09,090 - DEBUG - [global] needs_update: лучший источник raw → 5.11.21 (из 3)
2026-09-19 13:30:09,092 - INFO - [global] needs_update: local=(5, 11, 19) remote=(5, 11, 21) -> has_update=True
2026-09-19 13:30:09,092 - INFO - [global] Доступна обнова! Спавню кнопку
2026-09-19 13:30:39,109 - INFO - [global] Проверяю обновы...
2026-09-19 13:30:39,819 - DEBUG - [global] needs_update: raw → 5.11.21
2026-09-19 13:30:40,548 - DEBUG - [global] needs_update: API GitHub → 5.11.21
2026-09-19 13:30:41,225 - DEBUG - [global] needs_update: jsdelivr → 5.11.18
2026-09-19 13:30:41,225 - DEBUG - [global] needs_update: лучший источник raw → 5.11.21 (из 3)
2026-09-19 13:30:41,228 - INFO - [global] needs_update: local=(5, 11, 19) remote=(5, 11, 21) -> has_update=True
2026-09-19 13:30:41,228 - INFO - [global] Доступна обнова! Спавню кнопку
2026-09-19 13:30:45,746 - INFO - [global] LogUploader: запускаю upload_run_logs...
2026-09-19 13:30:45,747 - DEBUG - [global] log_uploader: START window=periodic made=-1 token=...Rjnfq
2026-09-19 13:30:46,683 - DEBUG - [global] _api_put: GET runs/20260919_133045_fail_periodic.log -> 404
2026-09-19 13:30:48,257 - DEBUG - [global] _api_put: PUT runs/20260919_133045_fail_periodic.log -> 201 (8836 bytes)
2026-09-19 13:30:48,259 - DEBUG - [global] log_uploader: STEP 1 (window log) -> https://github.com/StarateJI/L2Mauto/blob/bot-logs/runs/20260919_133045_fail_periodic.log
2026-09-19 13:30:48,260 - DEBUG - [global] log_uploader: STEP 2 SKIP (no PNGs)
2026-09-19 13:30:49,237 - DEBUG - [global] _api_put: GET runs/20260919_133045_fail_global.log -> 404
2026-09-19 13:30:50,917 - DEBUG - [global] _api_put: PUT runs/20260919_133045_fail_global.log -> 201 (19803 bytes)
2026-09-19 13:30:50,919 - DEBUG - [global] log_uploader: STEP 3 (global log) -> https://github.com/StarateJI/L2Mauto/blob/bot-logs/runs/20260919_133045_fail_global.log
2026-09-19 13:30:50,919 - DEBUG - [global] log_uploader: END window=periodic
2026-09-19 13:30:50,919 - INFO - [global] LogUploader: upload_run_logs завершён
2026-09-19 13:31:11,247 - INFO - [global] Проверяю обновы...
2026-09-19 13:31:12,009 - DEBUG - [global] needs_update: raw → 5.11.21
2026-09-19 13:31:12,721 - DEBUG - [global] needs_update: API GitHub → 5.11.21
2026-09-19 13:31:13,393 - DEBUG - [global] needs_update: jsdelivr → 5.11.18
2026-09-19 13:31:13,393 - DEBUG - [global] needs_update: лучший источник raw → 5.11.21 (из 3)
2026-09-19 13:31:13,396 - INFO - [global] needs_update: local=(5, 11, 19) remote=(5, 11, 21) -> has_update=True
2026-09-19 13:31:13,396 - INFO - [global] Доступна обнова! Спавню кнопку
2026-09-19 13:31:43,414 - INFO - [global] Проверяю обновы...
2026-09-19 13:31:44,126 - DEBUG - [global] needs_update: raw → 5.11.21
2026-09-19 13:31:44,888 - DEBUG - [global] needs_update: API GitHub → 5.11.21
2026-09-19 13:31:45,584 - DEBUG - [global] needs_update: jsdelivr → 5.11.18
2026-09-19 13:31:45,584 - DEBUG - [global] needs_update: лучший источник raw → 5.11.21 (из 3)
2026-09-19 13:31:45,586 - INFO - [global] needs_update: local=(5, 11, 19) remote=(5, 11, 21) -> has_update=True
2026-09-19 13:31:45,587 - INFO - [global] Доступна обнова! Спавню кнопку
2026-09-19 13:31:50,951 - INFO - [global] LogUploader: запускаю upload_run_logs...
2026-09-19 13:31:50,952 - DEBUG - [global] log_uploader: START window=periodic made=-1 token=...Rjnfq
2026-09-19 13:31:51,870 - DEBUG - [global] _api_put: GET runs/20260919_133150_fail_periodic.log -> 404
2026-09-19 13:31:53,372 - DEBUG - [global] _api_put: PUT runs/20260919_133150_fail_periodic.log -> 201 (8836 bytes)
2026-09-19 13:31:53,374 - DEBUG - [global] log_uploader: STEP 1 (window log) -> https://github.com/StarateJI/L2Mauto/blob/bot-logs/runs/20260919_133150_fail_periodic.log
2026-09-19 13:31:53,376 - DEBUG - [global] log_uploader: STEP 2 SKIP (no PNGs)
2026-09-19 13:31:54,316 - DEBUG - [global] _api_put: GET runs/20260919_133150_fail_global.log -> 404
2026-09-19 13:31:56,064 - DEBUG - [global] _api_put: PUT runs/20260919_133150_fail_global.log -> 201 (19805 bytes)
2026-09-19 13:31:56,066 - DEBUG - [global] log_uploader: STEP 3 (global log) -> https://github.com/StarateJI/L2Mauto/blob/bot-logs/runs/20260919_133150_fail_global.log
2026-09-19 13:31:56,066 - DEBUG - [global] log_uploader: END window=periodic
2026-09-19 13:31:56,066 - INFO - [global] LogUploader: upload_run_logs завершён
2026-09-19 13:32:15,605 - INFO - [global] Проверяю обновы...
2026-09-19 13:32:16,344 - DEBUG - [global] needs_update: raw → 5.11.21
2026-09-19 13:32:17,080 - DEBUG - [global] needs_update: API GitHub → 5.11.21
2026-09-19 13:32:17,779 - DEBUG - [global] needs_update: jsdelivr → 5.11.18
2026-09-19 13:32:17,780 - DEBUG - [global] needs_update: лучший источник raw → 5.11.21 (из 3)
2026-09-19 13:32:17,781 - INFO - [global] needs_update: local=(5, 11, 19) remote=(5, 11, 21) -> has_update=True
2026-09-19 13:32:17,781 - INFO - [global] Доступна обнова! Спавню кнопку
2026-09-19 13:32:47,798 - INFO - [global] Проверяю обновы...
2026-09-19 13:32:48,466 - DEBUG - [global] needs_update: raw → 5.11.21
2026-09-19 13:32:49,176 - DEBUG - [global] needs_update: API GitHub → 5.11.21
2026-09-19 13:32:49,825 - DEBUG - [global] needs_update: jsdelivr → 5.11.18
2026-09-19 13:32:49,825 - DEBUG - [global] needs_update: лучший источник raw → 5.11.21 (из 3)
2026-09-19 13:32:49,827 - INFO - [global] needs_update: local=(5, 11, 19) remote=(5, 11, 21) -> has_update=True
2026-09-19 13:32:49,827 - INFO - [global] Доступна обнова! Спавню кнопку
2026-09-19 13:32:56,101 - INFO - [global] LogUploader: запускаю upload_run_logs...
2026-09-19 13:32:56,102 - DEBUG - [global] log_uploader: START window=periodic made=-1 token=...Rjnfq
2026-09-19 13:32:56,999 - DEBUG - [global] _api_put: GET runs/20260919_133256_fail_periodic.log -> 404
2026-09-19 13:32:58,487 - DEBUG - [global] _api_put: PUT runs/20260919_133256_fail_periodic.log -> 201 (8836 bytes)
2026-09-19 13:32:58,489 - DEBUG - [global] log_uploader: STEP 1 (window log) -> https://github.com/StarateJI/L2Mauto/blob/bot-logs/runs/20260919_133256_fail_periodic.log
2026-09-19 13:32:58,489 - DEBUG - [global] log_uploader: STEP 2 SKIP (no PNGs)
2026-09-19 13:32:59,417 - DEBUG - [global] _api_put: GET runs/20260919_133256_fail_global.log -> 404
2026-09-19 13:33:01,191 - DEBUG - [global] _api_put: PUT runs/20260919_133256_fail_global.log -> 201 (19805 bytes)
2026-09-19 13:33:01,193 - DEBUG - [global] log_uploader: STEP 3 (global log) -> https://github.com/StarateJI/L2Mauto/blob/bot-logs/runs/20260919_133256_fail_global.log
2026-09-19 13:33:01,194 - DEBUG - [global] log_uploader: END window=periodic
2026-09-19 13:33:01,194 - INFO - [global] LogUploader: upload_run_logs завершён
2026-09-19 13:33:19,845 - INFO - [global] Проверяю обновы...
2026-09-19 13:33:20,521 - DEBUG - [global] needs_update: raw → 5.11.21
2026-09-19 13:33:21,205 - DEBUG - [global] needs_update: API failed: HTTPError: 403 Client Error: rate limit exceeded for url: https://api.github.com/repos/StarateJI/L2Mauto/contents/bot/version.txt?ref=main
2026-09-19 13:33:21,875 - DEBUG - [global] needs_update: jsdelivr → 5.11.18
2026-09-19 13:33:21,875 - DEBUG - [global] needs_update: лучший источник raw → 5.11.21 (из 2)
2026-09-19 13:33:21,877 - INFO - [global] needs_update: local=(5, 11, 19) remote=(5, 11, 21) -> has_update=True
2026-09-19 13:33:21,877 - INFO - [global] Доступна обнова! Спавню кнопку
2026-09-19 13:33:51,894 - INFO - [global] Проверяю обновы...
2026-09-19 13:33:52,570 - DEBUG - [global] needs_update: raw → 5.11.21
2026-09-19 13:33:53,249 - DEBUG - [global] needs_update: API failed: HTTPError: 403 Client Error: rate limit exceeded for url: https://api.github.com/repos/StarateJI/L2Mauto/contents/bot/version.txt?ref=main
2026-09-19 13:33:53,900 - DEBUG - [global] needs_update: jsdelivr → 5.11.18
2026-09-19 13:33:53,900 - DEBUG - [global] needs_update: лучший источник raw → 5.11.21 (из 2)
2026-09-19 13:33:53,902 - INFO - [global] needs_update: local=(5, 11, 19) remote=(5, 11, 21) -> has_update=True
2026-09-19 13:33:53,903 - INFO - [global] Доступна обнова! Спавню кнопку
2026-09-19 13:34:01,231 - INFO - [global] LogUploader: запускаю upload_run_logs...
2026-09-19 13:34:01,232 - DEBUG - [global] log_uploader: START window=periodic made=-1 token=...Rjnfq
2026-09-19 13:34:02,112 - DEBUG - [global] _api_put: GET runs/20260919_133401_fail_periodic.log -> 404
2026-09-19 13:34:03,642 - DEBUG - [global] _api_put: PUT runs/20260919_133401_fail_periodic.log -> 201 (8836 bytes)
2026-09-19 13:34:03,644 - DEBUG - [global] log_uploader: STEP 1 (window log) -> https://github.com/StarateJI/L2Mauto/blob/bot-logs/runs/20260919_133401_fail_periodic.log
2026-09-19 13:34:03,645 - DEBUG - [global] log_uploader: STEP 2 SKIP (no PNGs)
