=== Log tail 2026-09-28T05:15:54.466454 | last 200 lines ===
2026-09-28 05:06:56,817 - INFO - [global] Проверяю обновы...
2026-09-28 05:06:57,797 - DEBUG - [global] needs_update: raw → 5.13.09
2026-09-28 05:06:57,964 - DEBUG - [global] _api_put: PUT runs/20260928_050654_fail_periodic.log -> 201 (12066 bytes)
2026-09-28 05:06:57,967 - DEBUG - [global] log_uploader: STEP 1 (window log) -> https://github.com/StarateJI/L2Mauto/blob/bot-logs/runs/20260928_050654_fail_periodic.log
2026-09-28 05:06:57,968 - DEBUG - [global] log_uploader: STEP 2 SKIP (no PNGs)
2026-09-28 05:06:58,001 - DEBUG - [global] needs_update: API → 5.13.09
2026-09-28 05:06:58,003 - DEBUG - [global] needs_update: лучший источник raw → 5.13.09 (из 2)
2026-09-28 05:06:58,003 - INFO - [global] needs_update: local=(5, 13, 7) remote=(5, 13, 9) -> has_update=True
2026-09-28 05:06:58,003 - INFO - [global] Доступна обнова! Спавню кнопку
2026-09-28 05:06:59,098 - DEBUG - [global] _api_put: GET runs/20260928_050654_fail_global.log -> 404
2026-09-28 05:07:01,091 - DEBUG - [global] _api_put: PUT runs/20260928_050654_fail_global.log -> 201 (20063 bytes)
2026-09-28 05:07:01,093 - DEBUG - [global] log_uploader: STEP 3 (global log) -> https://github.com/StarateJI/L2Mauto/blob/bot-logs/runs/20260928_050654_fail_global.log
2026-09-28 05:07:01,093 - DEBUG - [global] log_uploader: END window=periodic
2026-09-28 05:07:01,093 - INFO - [global] LogUploader: upload_run_logs завершён
2026-09-28 05:07:28,036 - INFO - [global] Проверяю обновы...
2026-09-28 05:07:28,988 - DEBUG - [global] needs_update: raw → 5.13.09
2026-09-28 05:07:29,241 - DEBUG - [global] needs_update: API → 5.13.09
2026-09-28 05:07:29,242 - DEBUG - [global] needs_update: лучший источник raw → 5.13.09 (из 2)
2026-09-28 05:07:29,243 - INFO - [global] needs_update: local=(5, 13, 7) remote=(5, 13, 9) -> has_update=True
2026-09-28 05:07:29,243 - INFO - [global] Доступна обнова! Спавню кнопку
2026-09-28 05:07:59,268 - INFO - [global] Проверяю обновы...
2026-09-28 05:08:00,244 - DEBUG - [global] needs_update: raw → 5.13.09
2026-09-28 05:08:00,406 - DEBUG - [global] needs_update: API → 5.13.09
2026-09-28 05:08:00,406 - DEBUG - [global] needs_update: лучший источник raw → 5.13.09 (из 2)
2026-09-28 05:08:00,406 - INFO - [global] needs_update: local=(5, 13, 7) remote=(5, 13, 9) -> has_update=True
2026-09-28 05:08:00,406 - INFO - [global] Доступна обнова! Спавню кнопку
2026-09-28 05:08:01,159 - INFO - [global] LogUploader: запускаю upload_run_logs...
2026-09-28 05:08:01,159 - DEBUG - [global] log_uploader: START window=periodic made=-1 token=...Rjnfq
2026-09-28 05:08:02,157 - DEBUG - [global] _api_put: GET runs/20260928_050801_fail_periodic.log -> 404
2026-09-28 05:08:04,086 - DEBUG - [global] _api_put: PUT runs/20260928_050801_fail_periodic.log -> 201 (12066 bytes)
2026-09-28 05:08:04,088 - DEBUG - [global] log_uploader: STEP 1 (window log) -> https://github.com/StarateJI/L2Mauto/blob/bot-logs/runs/20260928_050801_fail_periodic.log
2026-09-28 05:08:04,088 - DEBUG - [global] log_uploader: STEP 2 SKIP (no PNGs)
2026-09-28 05:08:05,191 - DEBUG - [global] _api_put: GET runs/20260928_050801_fail_global.log -> 404
2026-09-28 05:08:07,148 - DEBUG - [global] _api_put: PUT runs/20260928_050801_fail_global.log -> 201 (20091 bytes)
2026-09-28 05:08:07,150 - DEBUG - [global] log_uploader: STEP 3 (global log) -> https://github.com/StarateJI/L2Mauto/blob/bot-logs/runs/20260928_050801_fail_global.log
2026-09-28 05:08:07,150 - DEBUG - [global] log_uploader: END window=periodic
2026-09-28 05:08:07,150 - INFO - [global] LogUploader: upload_run_logs завершён
2026-09-28 05:08:30,446 - INFO - [global] Проверяю обновы...
2026-09-28 05:08:31,409 - DEBUG - [global] needs_update: raw → 5.13.09
2026-09-28 05:08:31,595 - DEBUG - [global] needs_update: API → 5.13.09
2026-09-28 05:08:31,596 - DEBUG - [global] needs_update: лучший источник raw → 5.13.09 (из 2)
2026-09-28 05:08:31,596 - INFO - [global] needs_update: local=(5, 13, 7) remote=(5, 13, 9) -> has_update=True
2026-09-28 05:08:31,596 - INFO - [global] Доступна обнова! Спавню кнопку
2026-09-28 05:09:01,660 - INFO - [global] Проверяю обновы...
2026-09-28 05:09:02,679 - DEBUG - [global] needs_update: raw → 5.13.09
2026-09-28 05:09:02,830 - DEBUG - [global] needs_update: API → 5.13.09
2026-09-28 05:09:02,831 - DEBUG - [global] needs_update: лучший источник raw → 5.13.09 (из 2)
2026-09-28 05:09:02,831 - INFO - [global] needs_update: local=(5, 13, 7) remote=(5, 13, 9) -> has_update=True
2026-09-28 05:09:02,831 - INFO - [global] Доступна обнова! Спавню кнопку
2026-09-28 05:09:07,208 - INFO - [global] LogUploader: запускаю upload_run_logs...
2026-09-28 05:09:07,209 - DEBUG - [global] log_uploader: START window=periodic made=-1 token=...Rjnfq
2026-09-28 05:09:08,386 - DEBUG - [global] _api_put: GET runs/20260928_050907_fail_periodic.log -> 404
2026-09-28 05:09:10,732 - DEBUG - [global] _api_put: PUT runs/20260928_050907_fail_periodic.log -> 201 (12066 bytes)
2026-09-28 05:09:10,735 - DEBUG - [global] log_uploader: STEP 1 (window log) -> https://github.com/StarateJI/L2Mauto/blob/bot-logs/runs/20260928_050907_fail_periodic.log
2026-09-28 05:09:10,737 - DEBUG - [global] log_uploader: STEP 2 SKIP (no PNGs)
2026-09-28 05:09:11,955 - DEBUG - [global] _api_put: GET runs/20260928_050907_fail_global.log -> 404
2026-09-28 05:09:13,880 - DEBUG - [global] _api_put: PUT runs/20260928_050907_fail_global.log -> 409 (20138 bytes)
2026-09-28 05:09:13,880 - WARNING - [global] _api_put: PUT failed body: {"message":"is at ac5af83bebc2c4fe2b31af6954e91205bfe7eeea but expected 3d057dd6f4d6bf14132546e6516e4a05b14c33d2","documentation_url":"https://docs.github.com/rest/repos/contents#create-or-update-file
2026-09-28 05:09:13,883 - DEBUG - [global] log_uploader: STEP 3 (global log) -> FAILED
2026-09-28 05:09:13,883 - DEBUG - [global] log_uploader: END window=periodic
2026-09-28 05:09:13,883 - INFO - [global] LogUploader: upload_run_logs завершён
2026-09-28 05:09:33,017 - INFO - [global] Проверяю обновы...
2026-09-28 05:09:34,066 - DEBUG - [global] needs_update: raw → 5.13.09
2026-09-28 05:09:34,224 - DEBUG - [global] needs_update: API → 5.13.09
2026-09-28 05:09:34,226 - DEBUG - [global] needs_update: лучший источник raw → 5.13.09 (из 2)
2026-09-28 05:09:34,226 - INFO - [global] needs_update: local=(5, 13, 7) remote=(5, 13, 9) -> has_update=True
2026-09-28 05:09:34,226 - INFO - [global] Доступна обнова! Спавню кнопку
2026-09-28 05:10:04,377 - INFO - [global] Проверяю обновы...
2026-09-28 05:10:05,391 - DEBUG - [global] needs_update: raw → 5.13.09
2026-09-28 05:10:05,656 - DEBUG - [global] needs_update: API → 5.13.09
2026-09-28 05:10:05,661 - DEBUG - [global] needs_update: лучший источник raw → 5.13.09 (из 2)
2026-09-28 05:10:05,661 - INFO - [global] needs_update: local=(5, 13, 7) remote=(5, 13, 9) -> has_update=True
2026-09-28 05:10:05,661 - INFO - [global] Доступна обнова! Спавню кнопку
2026-09-28 05:10:14,420 - INFO - [global] LogUploader: запускаю upload_run_logs...
2026-09-28 05:10:14,420 - DEBUG - [global] log_uploader: START window=periodic made=-1 token=...Rjnfq
2026-09-28 05:10:15,757 - DEBUG - [global] _api_put: GET runs/20260928_051014_fail_periodic.log -> 404
2026-09-28 05:10:17,881 - DEBUG - [global] _api_put: PUT runs/20260928_051014_fail_periodic.log -> 201 (12066 bytes)
2026-09-28 05:10:17,884 - DEBUG - [global] log_uploader: STEP 1 (window log) -> https://github.com/StarateJI/L2Mauto/blob/bot-logs/runs/20260928_051014_fail_periodic.log
2026-09-28 05:10:17,886 - DEBUG - [global] log_uploader: STEP 2 SKIP (no PNGs)
2026-09-28 05:10:19,116 - DEBUG - [global] _api_put: GET runs/20260928_051014_fail_global.log -> 404
2026-09-28 05:10:21,761 - DEBUG - [global] _api_put: PUT runs/20260928_051014_fail_global.log -> 201 (20218 bytes)
2026-09-28 05:10:21,764 - DEBUG - [global] log_uploader: STEP 3 (global log) -> https://github.com/StarateJI/L2Mauto/blob/bot-logs/runs/20260928_051014_fail_global.log
2026-09-28 05:10:21,764 - DEBUG - [global] log_uploader: END window=periodic
2026-09-28 05:10:21,765 - INFO - [global] LogUploader: upload_run_logs завершён
2026-09-28 05:10:35,771 - INFO - [global] Проверяю обновы...
2026-09-28 05:10:36,785 - DEBUG - [global] needs_update: raw → 5.13.09
2026-09-28 05:10:37,029 - DEBUG - [global] needs_update: API → 5.13.09
2026-09-28 05:10:37,029 - DEBUG - [global] needs_update: лучший источник raw → 5.13.09 (из 2)
2026-09-28 05:10:37,029 - INFO - [global] needs_update: local=(5, 13, 7) remote=(5, 13, 9) -> has_update=True
2026-09-28 05:10:37,029 - INFO - [global] Доступна обнова! Спавню кнопку
2026-09-28 05:11:07,112 - INFO - [global] Проверяю обновы...
2026-09-28 05:11:08,197 - DEBUG - [global] needs_update: raw → 5.13.09
2026-09-28 05:11:08,318 - DEBUG - [global] needs_update: API → 5.13.09
2026-09-28 05:11:08,318 - DEBUG - [global] needs_update: лучший источник raw → 5.13.09 (из 2)
2026-09-28 05:11:08,319 - INFO - [global] needs_update: local=(5, 13, 7) remote=(5, 13, 9) -> has_update=True
2026-09-28 05:11:08,319 - INFO - [global] Доступна обнова! Спавню кнопку
2026-09-28 05:11:21,934 - INFO - [global] LogUploader: запускаю upload_run_logs...
2026-09-28 05:11:21,935 - DEBUG - [global] log_uploader: START window=periodic made=-1 token=...Rjnfq
2026-09-28 05:11:23,149 - DEBUG - [global] _api_put: GET runs/20260928_051121_fail_periodic.log -> 404
2026-09-28 05:11:25,372 - DEBUG - [global] _api_put: PUT runs/20260928_051121_fail_periodic.log -> 201 (12066 bytes)
2026-09-28 05:11:25,375 - DEBUG - [global] log_uploader: STEP 1 (window log) -> https://github.com/StarateJI/L2Mauto/blob/bot-logs/runs/20260928_051121_fail_periodic.log
2026-09-28 05:11:25,376 - DEBUG - [global] log_uploader: STEP 2 SKIP (no PNGs)
2026-09-28 05:11:26,608 - DEBUG - [global] _api_put: GET runs/20260928_051121_fail_global.log -> 404
2026-09-28 05:11:28,785 - DEBUG - [global] _api_put: PUT runs/20260928_051121_fail_global.log -> 201 (20218 bytes)
2026-09-28 05:11:28,788 - DEBUG - [global] log_uploader: STEP 3 (global log) -> https://github.com/StarateJI/L2Mauto/blob/bot-logs/runs/20260928_051121_fail_global.log
2026-09-28 05:11:28,789 - DEBUG - [global] log_uploader: END window=periodic
2026-09-28 05:11:28,789 - INFO - [global] LogUploader: upload_run_logs завершён
2026-09-28 05:11:38,447 - INFO - [global] Проверяю обновы...
2026-09-28 05:11:39,451 - DEBUG - [global] needs_update: raw → 5.13.09
2026-09-28 05:11:39,853 - DEBUG - [global] needs_update: API → 5.13.09
2026-09-28 05:11:39,854 - DEBUG - [global] needs_update: лучший источник raw → 5.13.09 (из 2)
2026-09-28 05:11:39,854 - INFO - [global] needs_update: local=(5, 13, 7) remote=(5, 13, 9) -> has_update=True
2026-09-28 05:11:39,854 - INFO - [global] Доступна обнова! Спавню кнопку
2026-09-28 05:12:10,036 - INFO - [global] Проверяю обновы...
2026-09-28 05:12:11,039 - DEBUG - [global] needs_update: raw → 5.13.09
2026-09-28 05:12:11,210 - DEBUG - [global] needs_update: API → 5.13.09
2026-09-28 05:12:11,212 - DEBUG - [global] needs_update: лучший источник raw → 5.13.09 (из 2)
2026-09-28 05:12:11,212 - INFO - [global] needs_update: local=(5, 13, 7) remote=(5, 13, 9) -> has_update=True
2026-09-28 05:12:11,212 - INFO - [global] Доступна обнова! Спавню кнопку
2026-09-28 05:12:29,146 - INFO - [global] LogUploader: запускаю upload_run_logs...
2026-09-28 05:12:29,147 - DEBUG - [global] log_uploader: START window=periodic made=-1 token=...Rjnfq
2026-09-28 05:12:30,609 - DEBUG - [global] _api_put: GET runs/20260928_051229_fail_periodic.log -> 404
2026-09-28 05:12:32,873 - DEBUG - [global] _api_put: PUT runs/20260928_051229_fail_periodic.log -> 201 (12066 bytes)
2026-09-28 05:12:32,876 - DEBUG - [global] log_uploader: STEP 1 (window log) -> https://github.com/StarateJI/L2Mauto/blob/bot-logs/runs/20260928_051229_fail_periodic.log
2026-09-28 05:12:32,877 - DEBUG - [global] log_uploader: STEP 2 SKIP (no PNGs)
2026-09-28 05:12:34,437 - DEBUG - [global] _api_put: GET runs/20260928_051229_fail_global.log -> 404
2026-09-28 05:12:36,865 - DEBUG - [global] _api_put: PUT runs/20260928_051229_fail_global.log -> 201 (20218 bytes)
2026-09-28 05:12:36,868 - DEBUG - [global] log_uploader: STEP 3 (global log) -> https://github.com/StarateJI/L2Mauto/blob/bot-logs/runs/20260928_051229_fail_global.log
2026-09-28 05:12:36,868 - DEBUG - [global] log_uploader: END window=periodic
2026-09-28 05:12:36,868 - INFO - [global] LogUploader: upload_run_logs завершён
2026-09-28 05:12:41,474 - INFO - [global] Проверяю обновы...
2026-09-28 05:12:42,578 - DEBUG - [global] needs_update: raw → 5.13.09
2026-09-28 05:12:42,701 - DEBUG - [global] needs_update: API → 5.13.09
2026-09-28 05:12:42,701 - DEBUG - [global] needs_update: лучший источник raw → 5.13.09 (из 2)
2026-09-28 05:12:42,702 - INFO - [global] needs_update: local=(5, 13, 7) remote=(5, 13, 9) -> has_update=True
2026-09-28 05:12:42,703 - INFO - [global] Доступна обнова! Спавню кнопку
2026-09-28 05:13:12,972 - INFO - [global] Проверяю обновы...
2026-09-28 05:13:14,000 - DEBUG - [global] needs_update: raw → 5.13.09
2026-09-28 05:13:14,209 - DEBUG - [global] needs_update: API → 5.13.09
2026-09-28 05:13:14,219 - DEBUG - [global] needs_update: лучший источник raw → 5.13.09 (из 2)
2026-09-28 05:13:14,220 - INFO - [global] needs_update: local=(5, 13, 7) remote=(5, 13, 9) -> has_update=True
2026-09-28 05:13:14,220 - INFO - [global] Доступна обнова! Спавню кнопку
2026-09-28 05:13:37,436 - INFO - [global] LogUploader: запускаю upload_run_logs...
2026-09-28 05:13:37,437 - DEBUG - [global] log_uploader: START window=periodic made=-1 token=...Rjnfq
2026-09-28 05:13:38,555 - DEBUG - [global] _api_put: GET runs/20260928_051337_fail_periodic.log -> 404
2026-09-28 05:13:40,736 - DEBUG - [global] _api_put: PUT runs/20260928_051337_fail_periodic.log -> 201 (12066 bytes)
2026-09-28 05:13:40,739 - DEBUG - [global] log_uploader: STEP 1 (window log) -> https://github.com/StarateJI/L2Mauto/blob/bot-logs/runs/20260928_051337_fail_periodic.log
2026-09-28 05:13:40,739 - DEBUG - [global] log_uploader: STEP 2 SKIP (no PNGs)
2026-09-28 05:13:42,309 - DEBUG - [global] _api_put: GET runs/20260928_051337_fail_global.log -> 404
2026-09-28 05:13:44,618 - INFO - [global] Проверяю обновы...
2026-09-28 05:13:44,648 - DEBUG - [global] _api_put: PUT runs/20260928_051337_fail_global.log -> 201 (20218 bytes)
2026-09-28 05:13:44,650 - DEBUG - [global] log_uploader: STEP 3 (global log) -> https://github.com/StarateJI/L2Mauto/blob/bot-logs/runs/20260928_051337_fail_global.log
2026-09-28 05:13:44,650 - DEBUG - [global] log_uploader: END window=periodic
2026-09-28 05:13:44,651 - INFO - [global] LogUploader: upload_run_logs завершён
2026-09-28 05:13:45,632 - DEBUG - [global] needs_update: raw → 5.13.09
2026-09-28 05:13:45,821 - DEBUG - [global] needs_update: API → 5.13.09
2026-09-28 05:13:45,822 - DEBUG - [global] needs_update: лучший источник raw → 5.13.09 (из 2)
2026-09-28 05:13:45,822 - INFO - [global] needs_update: local=(5, 13, 7) remote=(5, 13, 9) -> has_update=True
2026-09-28 05:13:45,823 - INFO - [global] Доступна обнова! Спавню кнопку
2026-09-28 05:14:15,911 - INFO - [global] Проверяю обновы...
2026-09-28 05:14:16,911 - DEBUG - [global] needs_update: raw → 5.13.09
2026-09-28 05:14:17,170 - DEBUG - [global] needs_update: API → 5.13.09
2026-09-28 05:14:17,171 - DEBUG - [global] needs_update: лучший источник raw → 5.13.09 (из 2)
2026-09-28 05:14:17,172 - INFO - [global] needs_update: local=(5, 13, 7) remote=(5, 13, 9) -> has_update=True
2026-09-28 05:14:17,172 - INFO - [global] Доступна обнова! Спавню кнопку
2026-09-28 05:14:44,774 - INFO - [global] LogUploader: запускаю upload_run_logs...
2026-09-28 05:14:44,775 - DEBUG - [global] log_uploader: START window=periodic made=-1 token=...Rjnfq
2026-09-28 05:14:45,860 - DEBUG - [global] _api_put: GET runs/20260928_051444_fail_periodic.log -> 404
2026-09-28 05:14:47,227 - INFO - [global] Проверяю обновы...
2026-09-28 05:14:48,172 - DEBUG - [global] _api_put: PUT runs/20260928_051444_fail_periodic.log -> 201 (12066 bytes)
2026-09-28 05:14:48,175 - DEBUG - [global] log_uploader: STEP 1 (window log) -> https://github.com/StarateJI/L2Mauto/blob/bot-logs/runs/20260928_051444_fail_periodic.log
2026-09-28 05:14:48,176 - DEBUG - [global] log_uploader: STEP 2 SKIP (no PNGs)
2026-09-28 05:14:48,220 - DEBUG - [global] needs_update: raw → 5.13.09
2026-09-28 05:14:48,444 - DEBUG - [global] needs_update: API → 5.13.09
2026-09-28 05:14:48,446 - DEBUG - [global] needs_update: лучший источник raw → 5.13.09 (из 2)
2026-09-28 05:14:48,447 - INFO - [global] needs_update: local=(5, 13, 7) remote=(5, 13, 9) -> has_update=True
2026-09-28 05:14:48,447 - INFO - [global] Доступна обнова! Спавню кнопку
2026-09-28 05:14:49,416 - DEBUG - [global] _api_put: GET runs/20260928_051444_fail_global.log -> 404
2026-09-28 05:14:51,443 - DEBUG - [global] _api_put: PUT runs/20260928_051444_fail_global.log -> 201 (20157 bytes)
2026-09-28 05:14:51,445 - DEBUG - [global] log_uploader: STEP 3 (global log) -> https://github.com/StarateJI/L2Mauto/blob/bot-logs/runs/20260928_051444_fail_global.log
2026-09-28 05:14:51,446 - DEBUG - [global] log_uploader: END window=periodic
2026-09-28 05:14:51,446 - INFO - [global] LogUploader: upload_run_logs завершён
2026-09-28 05:15:18,483 - INFO - [global] Проверяю обновы...
2026-09-28 05:15:19,433 - DEBUG - [global] needs_update: raw → 5.13.09
2026-09-28 05:15:19,697 - DEBUG - [global] needs_update: API → 5.13.09
2026-09-28 05:15:19,698 - DEBUG - [global] needs_update: лучший источник raw → 5.13.09 (из 2)
2026-09-28 05:15:19,698 - INFO - [global] needs_update: local=(5, 13, 7) remote=(5, 13, 9) -> has_update=True
2026-09-28 05:15:19,698 - INFO - [global] Доступна обнова! Спавню кнопку
2026-09-28 05:15:49,732 - INFO - [global] Проверяю обновы...
2026-09-28 05:15:50,645 - DEBUG - [global] needs_update: raw → 5.13.09
2026-09-28 05:15:50,857 - DEBUG - [global] needs_update: API → 5.13.09
2026-09-28 05:15:50,858 - DEBUG - [global] needs_update: лучший источник raw → 5.13.09 (из 2)
2026-09-28 05:15:50,859 - INFO - [global] needs_update: local=(5, 13, 7) remote=(5, 13, 9) -> has_update=True
2026-09-28 05:15:50,859 - INFO - [global] Доступна обнова! Спавню кнопку
2026-09-28 05:15:51,517 - INFO - [global] LogUploader: запускаю upload_run_logs...
2026-09-28 05:15:51,518 - DEBUG - [global] log_uploader: START window=periodic made=-1 token=...Rjnfq
2026-09-28 05:15:52,531 - DEBUG - [global] _api_put: GET runs/20260928_051551_fail_periodic.log -> 404
2026-09-28 05:15:54,401 - DEBUG - [global] _api_put: PUT runs/20260928_051551_fail_periodic.log -> 201 (12066 bytes)
2026-09-28 05:15:54,403 - DEBUG - [global] log_uploader: STEP 1 (window log) -> https://github.com/StarateJI/L2Mauto/blob/bot-logs/runs/20260928_051551_fail_periodic.log
2026-09-28 05:15:54,404 - DEBUG - [global] log_uploader: STEP 2 SKIP (no PNGs)
