=== Log tail 2026-09-16T22:08:33.035513 | last 200 lines ===
2026-09-16 21:59:05,131 - DEBUG - [global] log_uploader: STEP 3 (global log) -> https://github.com/StarateJI/L2Mauto/blob/bot-logs/runs/20260916_215900_fail_global.log
2026-09-16 21:59:05,132 - DEBUG - [global] log_uploader: END window=periodic
2026-09-16 21:59:05,132 - INFO - [global] LogUploader: upload_run_logs завершён
2026-09-16 21:59:06,673 - INFO - [global] Проверяю обновы...
2026-09-16 21:59:07,657 - DEBUG - [global] needs_update: raw → 5.8.2
2026-09-16 21:59:08,684 - DEBUG - [global] needs_update: API GitHub → 5.8.2
2026-09-16 21:59:09,689 - DEBUG - [global] needs_update: jsdelivr → 5.7.4
2026-09-16 21:59:09,689 - DEBUG - [global] needs_update: лучший источник raw → 5.8.2 (из 3)
2026-09-16 21:59:09,694 - INFO - [global] needs_update: local=(5, 8, 2) remote=(5, 8, 2) -> has_update=False
2026-09-16 21:59:09,694 - INFO - [global] Установлена последняя версия бота | 5.8.2
2026-09-16 21:59:39,711 - INFO - [global] Проверяю обновы...
2026-09-16 21:59:40,708 - DEBUG - [global] needs_update: raw → 5.8.2
2026-09-16 21:59:43,674 - DEBUG - [global] needs_update: API GitHub → 5.8.2
2026-09-16 21:59:44,704 - DEBUG - [global] needs_update: jsdelivr → 5.7.4
2026-09-16 21:59:44,704 - DEBUG - [global] needs_update: лучший источник raw → 5.8.2 (из 3)
2026-09-16 21:59:44,709 - INFO - [global] needs_update: local=(5, 8, 2) remote=(5, 8, 2) -> has_update=False
2026-09-16 21:59:44,710 - INFO - [global] Установлена последняя версия бота | 5.8.2
2026-09-16 22:00:05,165 - INFO - [global] LogUploader: запускаю upload_run_logs...
2026-09-16 22:00:05,167 - DEBUG - [global] log_uploader: START window=periodic made=-1 token=...Rjnfq
2026-09-16 22:00:05,168 - DEBUG - [global] log_uploader: STEP 1 SKIP (no C:\Users\PC\Desktop\L2Mauto\logs\periodic.log)
2026-09-16 22:00:05,168 - DEBUG - [global] log_uploader: STEP 2 SKIP (no PNGs)
2026-09-16 22:00:06,470 - DEBUG - [global] _api_put: GET runs/20260916_220005_fail_global.log -> 404
2026-09-16 22:00:08,539 - DEBUG - [global] _api_put: PUT runs/20260916_220005_fail_global.log -> 201 (19391 bytes)
2026-09-16 22:00:08,544 - DEBUG - [global] log_uploader: STEP 3 (global log) -> https://github.com/StarateJI/L2Mauto/blob/bot-logs/runs/20260916_220005_fail_global.log
2026-09-16 22:00:08,544 - DEBUG - [global] log_uploader: END window=periodic
2026-09-16 22:00:08,544 - INFO - [global] LogUploader: upload_run_logs завершён
2026-09-16 22:00:14,724 - INFO - [global] Проверяю обновы...
2026-09-16 22:00:15,719 - DEBUG - [global] needs_update: raw → 5.8.2
2026-09-16 22:00:16,737 - DEBUG - [global] needs_update: API GitHub → 5.8.2
2026-09-16 22:00:17,748 - DEBUG - [global] needs_update: jsdelivr → 5.7.4
2026-09-16 22:00:17,748 - DEBUG - [global] needs_update: лучший источник raw → 5.8.2 (из 3)
2026-09-16 22:00:17,753 - INFO - [global] needs_update: local=(5, 8, 2) remote=(5, 8, 2) -> has_update=False
2026-09-16 22:00:17,754 - INFO - [global] Установлена последняя версия бота | 5.8.2
2026-09-16 22:00:47,773 - INFO - [global] Проверяю обновы...
2026-09-16 22:00:48,777 - DEBUG - [global] needs_update: raw → 5.8.2
2026-09-16 22:00:49,787 - DEBUG - [global] needs_update: API GitHub → 5.8.2
2026-09-16 22:00:50,813 - DEBUG - [global] needs_update: jsdelivr → 5.7.4
2026-09-16 22:00:50,813 - DEBUG - [global] needs_update: лучший источник raw → 5.8.2 (из 3)
2026-09-16 22:00:50,818 - INFO - [global] needs_update: local=(5, 8, 2) remote=(5, 8, 2) -> has_update=False
2026-09-16 22:00:50,819 - INFO - [global] Установлена последняя версия бота | 5.8.2
2026-09-16 22:01:08,579 - INFO - [global] LogUploader: запускаю upload_run_logs...
2026-09-16 22:01:08,581 - DEBUG - [global] log_uploader: START window=periodic made=-1 token=...Rjnfq
2026-09-16 22:01:08,582 - DEBUG - [global] log_uploader: STEP 1 SKIP (no C:\Users\PC\Desktop\L2Mauto\logs\periodic.log)
2026-09-16 22:01:08,583 - DEBUG - [global] log_uploader: STEP 2 SKIP (no PNGs)
2026-09-16 22:01:09,899 - DEBUG - [global] _api_put: GET runs/20260916_220108_fail_global.log -> 404
2026-09-16 22:01:12,148 - DEBUG - [global] _api_put: PUT runs/20260916_220108_fail_global.log -> 201 (19391 bytes)
2026-09-16 22:01:12,154 - DEBUG - [global] log_uploader: STEP 3 (global log) -> https://github.com/StarateJI/L2Mauto/blob/bot-logs/runs/20260916_220108_fail_global.log
2026-09-16 22:01:12,154 - DEBUG - [global] log_uploader: END window=periodic
2026-09-16 22:01:12,154 - INFO - [global] LogUploader: upload_run_logs завершён
2026-09-16 22:01:20,835 - INFO - [global] Проверяю обновы...
2026-09-16 22:01:21,824 - DEBUG - [global] needs_update: raw → 5.8.2
2026-09-16 22:01:22,825 - DEBUG - [global] needs_update: API GitHub → 5.8.2
2026-09-16 22:01:23,820 - DEBUG - [global] needs_update: jsdelivr → 5.7.4
2026-09-16 22:01:23,821 - DEBUG - [global] needs_update: лучший источник raw → 5.8.2 (из 3)
2026-09-16 22:01:23,826 - INFO - [global] needs_update: local=(5, 8, 2) remote=(5, 8, 2) -> has_update=False
2026-09-16 22:01:23,827 - INFO - [global] Установлена последняя версия бота | 5.8.2
2026-09-16 22:01:53,844 - INFO - [global] Проверяю обновы...
2026-09-16 22:01:54,848 - DEBUG - [global] needs_update: raw → 5.8.2
2026-09-16 22:01:55,858 - DEBUG - [global] needs_update: API GitHub → 5.8.2
2026-09-16 22:01:56,868 - DEBUG - [global] needs_update: jsdelivr → 5.7.4
2026-09-16 22:01:56,868 - DEBUG - [global] needs_update: лучший источник raw → 5.8.2 (из 3)
2026-09-16 22:01:56,874 - INFO - [global] needs_update: local=(5, 8, 2) remote=(5, 8, 2) -> has_update=False
2026-09-16 22:01:56,875 - INFO - [global] Установлена последняя версия бота | 5.8.2
2026-09-16 22:02:12,191 - INFO - [global] LogUploader: запускаю upload_run_logs...
2026-09-16 22:02:12,194 - DEBUG - [global] log_uploader: START window=periodic made=-1 token=...Rjnfq
2026-09-16 22:02:12,194 - DEBUG - [global] log_uploader: STEP 1 SKIP (no C:\Users\PC\Desktop\L2Mauto\logs\periodic.log)
2026-09-16 22:02:12,195 - DEBUG - [global] log_uploader: STEP 2 SKIP (no PNGs)
2026-09-16 22:02:13,540 - DEBUG - [global] _api_put: GET runs/20260916_220212_fail_global.log -> 404
2026-09-16 22:02:15,615 - DEBUG - [global] _api_put: PUT runs/20260916_220212_fail_global.log -> 201 (19391 bytes)
2026-09-16 22:02:15,621 - DEBUG - [global] log_uploader: STEP 3 (global log) -> https://github.com/StarateJI/L2Mauto/blob/bot-logs/runs/20260916_220212_fail_global.log
2026-09-16 22:02:15,621 - DEBUG - [global] log_uploader: END window=periodic
2026-09-16 22:02:15,621 - INFO - [global] LogUploader: upload_run_logs завершён
2026-09-16 22:02:26,892 - INFO - [global] Проверяю обновы...
2026-09-16 22:02:27,914 - DEBUG - [global] needs_update: raw → 5.8.2
2026-09-16 22:02:28,927 - DEBUG - [global] needs_update: API GitHub → 5.8.2
2026-09-16 22:02:29,952 - DEBUG - [global] needs_update: jsdelivr → 5.7.4
2026-09-16 22:02:29,952 - DEBUG - [global] needs_update: лучший источник raw → 5.8.2 (из 3)
2026-09-16 22:02:29,958 - INFO - [global] needs_update: local=(5, 8, 2) remote=(5, 8, 2) -> has_update=False
2026-09-16 22:02:29,959 - INFO - [global] Установлена последняя версия бота | 5.8.2
2026-09-16 22:02:59,976 - INFO - [global] Проверяю обновы...
2026-09-16 22:03:00,970 - DEBUG - [global] needs_update: raw → 5.8.2
2026-09-16 22:03:01,996 - DEBUG - [global] needs_update: API GitHub → 5.8.2
2026-09-16 22:03:02,988 - DEBUG - [global] needs_update: jsdelivr → 5.7.4
2026-09-16 22:03:02,988 - DEBUG - [global] needs_update: лучший источник raw → 5.8.2 (из 3)
2026-09-16 22:03:02,993 - INFO - [global] needs_update: local=(5, 8, 2) remote=(5, 8, 2) -> has_update=False
2026-09-16 22:03:02,994 - INFO - [global] Установлена последняя версия бота | 5.8.2
2026-09-16 22:03:15,653 - INFO - [global] LogUploader: запускаю upload_run_logs...
2026-09-16 22:03:15,656 - DEBUG - [global] log_uploader: START window=periodic made=-1 token=...Rjnfq
2026-09-16 22:03:15,656 - DEBUG - [global] log_uploader: STEP 1 SKIP (no C:\Users\PC\Desktop\L2Mauto\logs\periodic.log)
2026-09-16 22:03:15,657 - DEBUG - [global] log_uploader: STEP 2 SKIP (no PNGs)
2026-09-16 22:03:17,161 - DEBUG - [global] _api_put: GET runs/20260916_220315_fail_global.log -> 404
2026-09-16 22:03:19,556 - DEBUG - [global] _api_put: PUT runs/20260916_220315_fail_global.log -> 201 (19391 bytes)
2026-09-16 22:03:19,561 - DEBUG - [global] log_uploader: STEP 3 (global log) -> https://github.com/StarateJI/L2Mauto/blob/bot-logs/runs/20260916_220315_fail_global.log
2026-09-16 22:03:19,561 - DEBUG - [global] log_uploader: END window=periodic
2026-09-16 22:03:19,561 - INFO - [global] LogUploader: upload_run_logs завершён
2026-09-16 22:03:33,010 - INFO - [global] Проверяю обновы...
2026-09-16 22:03:34,176 - DEBUG - [global] needs_update: raw → 5.8.2
2026-09-16 22:03:35,191 - DEBUG - [global] needs_update: API GitHub → 5.8.2
2026-09-16 22:03:36,214 - DEBUG - [global] needs_update: jsdelivr → 5.7.4
2026-09-16 22:03:36,214 - DEBUG - [global] needs_update: лучший источник raw → 5.8.2 (из 3)
2026-09-16 22:03:36,219 - INFO - [global] needs_update: local=(5, 8, 2) remote=(5, 8, 2) -> has_update=False
2026-09-16 22:03:36,220 - INFO - [global] Установлена последняя версия бота | 5.8.2
2026-09-16 22:04:06,236 - INFO - [global] Проверяю обновы...
2026-09-16 22:04:07,228 - DEBUG - [global] needs_update: raw → 5.8.2
2026-09-16 22:04:08,219 - DEBUG - [global] needs_update: API failed: HTTPError: 403 Client Error: rate limit exceeded for url: https://api.github.com/repos/StarateJI/L2Mauto/contents/bot/version.txt?ref=main
2026-09-16 22:04:09,258 - DEBUG - [global] needs_update: jsdelivr → 5.7.4
2026-09-16 22:04:09,258 - DEBUG - [global] needs_update: лучший источник raw → 5.8.2 (из 2)
2026-09-16 22:04:09,263 - INFO - [global] needs_update: local=(5, 8, 2) remote=(5, 8, 2) -> has_update=False
2026-09-16 22:04:09,265 - INFO - [global] Установлена последняя версия бота | 5.8.2
2026-09-16 22:04:19,598 - INFO - [global] LogUploader: запускаю upload_run_logs...
2026-09-16 22:04:19,601 - DEBUG - [global] log_uploader: START window=periodic made=-1 token=...Rjnfq
2026-09-16 22:04:19,601 - DEBUG - [global] log_uploader: STEP 1 SKIP (no C:\Users\PC\Desktop\L2Mauto\logs\periodic.log)
2026-09-16 22:04:19,602 - DEBUG - [global] log_uploader: STEP 2 SKIP (no PNGs)
2026-09-16 22:04:20,890 - DEBUG - [global] _api_put: GET runs/20260916_220419_fail_global.log -> 404
2026-09-16 22:04:22,806 - DEBUG - [global] _api_put: PUT runs/20260916_220419_fail_global.log -> 201 (19521 bytes)
2026-09-16 22:04:22,812 - DEBUG - [global] log_uploader: STEP 3 (global log) -> https://github.com/StarateJI/L2Mauto/blob/bot-logs/runs/20260916_220419_fail_global.log
2026-09-16 22:04:22,812 - DEBUG - [global] log_uploader: END window=periodic
2026-09-16 22:04:22,812 - INFO - [global] LogUploader: upload_run_logs завершён
2026-09-16 22:04:39,285 - INFO - [global] Проверяю обновы...
2026-09-16 22:04:40,241 - DEBUG - [global] needs_update: raw → 5.8.2
2026-09-16 22:04:41,238 - DEBUG - [global] needs_update: API failed: HTTPError: 403 Client Error: rate limit exceeded for url: https://api.github.com/repos/StarateJI/L2Mauto/contents/bot/version.txt?ref=main
2026-09-16 22:04:42,228 - DEBUG - [global] needs_update: jsdelivr → 5.7.4
2026-09-16 22:04:42,228 - DEBUG - [global] needs_update: лучший источник raw → 5.8.2 (из 2)
2026-09-16 22:04:42,233 - INFO - [global] needs_update: local=(5, 8, 2) remote=(5, 8, 2) -> has_update=False
2026-09-16 22:04:42,234 - INFO - [global] Установлена последняя версия бота | 5.8.2
2026-09-16 22:05:12,251 - INFO - [global] Проверяю обновы...
2026-09-16 22:05:13,250 - DEBUG - [global] needs_update: raw → 5.8.2
2026-09-16 22:05:14,238 - DEBUG - [global] needs_update: API failed: HTTPError: 403 Client Error: rate limit exceeded for url: https://api.github.com/repos/StarateJI/L2Mauto/contents/bot/version.txt?ref=main
2026-09-16 22:05:15,232 - DEBUG - [global] needs_update: jsdelivr → 5.7.4
2026-09-16 22:05:15,232 - DEBUG - [global] needs_update: лучший источник raw → 5.8.2 (из 2)
2026-09-16 22:05:15,237 - INFO - [global] needs_update: local=(5, 8, 2) remote=(5, 8, 2) -> has_update=False
2026-09-16 22:05:15,238 - INFO - [global] Установлена последняя версия бота | 5.8.2
2026-09-16 22:05:22,843 - INFO - [global] LogUploader: запускаю upload_run_logs...
2026-09-16 22:05:22,846 - DEBUG - [global] log_uploader: START window=periodic made=-1 token=...Rjnfq
2026-09-16 22:05:22,846 - DEBUG - [global] log_uploader: STEP 1 SKIP (no C:\Users\PC\Desktop\L2Mauto\logs\periodic.log)
2026-09-16 22:05:22,847 - DEBUG - [global] log_uploader: STEP 2 SKIP (no PNGs)
2026-09-16 22:05:24,112 - DEBUG - [global] _api_put: GET runs/20260916_220522_fail_global.log -> 404
2026-09-16 22:05:26,316 - DEBUG - [global] _api_put: PUT runs/20260916_220522_fail_global.log -> 201 (19781 bytes)
2026-09-16 22:05:26,321 - DEBUG - [global] log_uploader: STEP 3 (global log) -> https://github.com/StarateJI/L2Mauto/blob/bot-logs/runs/20260916_220522_fail_global.log
2026-09-16 22:05:26,321 - DEBUG - [global] log_uploader: END window=periodic
2026-09-16 22:05:26,322 - INFO - [global] LogUploader: upload_run_logs завершён
2026-09-16 22:05:45,254 - INFO - [global] Проверяю обновы...
2026-09-16 22:05:46,254 - DEBUG - [global] needs_update: raw → 5.8.2
2026-09-16 22:05:48,983 - DEBUG - [global] needs_update: API failed: HTTPError: 403 Client Error: rate limit exceeded for url: https://api.github.com/repos/StarateJI/L2Mauto/contents/bot/version.txt?ref=main
2026-09-16 22:05:49,969 - DEBUG - [global] needs_update: jsdelivr → 5.7.4
2026-09-16 22:05:49,969 - DEBUG - [global] needs_update: лучший источник raw → 5.8.2 (из 2)
2026-09-16 22:05:49,973 - INFO - [global] needs_update: local=(5, 8, 2) remote=(5, 8, 2) -> has_update=False
2026-09-16 22:05:49,974 - INFO - [global] Установлена последняя версия бота | 5.8.2
2026-09-16 22:06:19,991 - INFO - [global] Проверяю обновы...
2026-09-16 22:06:20,999 - DEBUG - [global] needs_update: raw → 5.8.2
2026-09-16 22:06:21,982 - DEBUG - [global] needs_update: API failed: HTTPError: 403 Client Error: rate limit exceeded for url: https://api.github.com/repos/StarateJI/L2Mauto/contents/bot/version.txt?ref=main
2026-09-16 22:06:22,982 - DEBUG - [global] needs_update: jsdelivr → 5.7.4
2026-09-16 22:06:22,982 - DEBUG - [global] needs_update: лучший источник raw → 5.8.2 (из 2)
2026-09-16 22:06:22,987 - INFO - [global] needs_update: local=(5, 8, 2) remote=(5, 8, 2) -> has_update=False
2026-09-16 22:06:22,988 - INFO - [global] Установлена последняя версия бота | 5.8.2
2026-09-16 22:06:26,353 - INFO - [global] LogUploader: запускаю upload_run_logs...
2026-09-16 22:06:26,356 - DEBUG - [global] log_uploader: START window=periodic made=-1 token=...Rjnfq
2026-09-16 22:06:26,356 - DEBUG - [global] log_uploader: STEP 1 SKIP (no C:\Users\PC\Desktop\L2Mauto\logs\periodic.log)
2026-09-16 22:06:26,357 - DEBUG - [global] log_uploader: STEP 2 SKIP (no PNGs)
2026-09-16 22:06:27,628 - DEBUG - [global] _api_put: GET runs/20260916_220626_fail_global.log -> 404
2026-09-16 22:06:29,538 - DEBUG - [global] _api_put: PUT runs/20260916_220626_fail_global.log -> 201 (20041 bytes)
2026-09-16 22:06:29,544 - DEBUG - [global] log_uploader: STEP 3 (global log) -> https://github.com/StarateJI/L2Mauto/blob/bot-logs/runs/20260916_220626_fail_global.log
2026-09-16 22:06:29,544 - DEBUG - [global] log_uploader: END window=periodic
2026-09-16 22:06:29,544 - INFO - [global] LogUploader: upload_run_logs завершён
2026-09-16 22:06:53,004 - INFO - [global] Проверяю обновы...
2026-09-16 22:06:53,977 - DEBUG - [global] needs_update: raw → 5.8.2
2026-09-16 22:06:54,974 - DEBUG - [global] needs_update: API failed: HTTPError: 403 Client Error: rate limit exceeded for url: https://api.github.com/repos/StarateJI/L2Mauto/contents/bot/version.txt?ref=main
2026-09-16 22:06:55,927 - DEBUG - [global] needs_update: jsdelivr → 5.7.4
2026-09-16 22:06:55,928 - DEBUG - [global] needs_update: лучший источник raw → 5.8.2 (из 2)
2026-09-16 22:06:55,934 - INFO - [global] needs_update: local=(5, 8, 2) remote=(5, 8, 2) -> has_update=False
2026-09-16 22:06:55,934 - INFO - [global] Установлена последняя версия бота | 5.8.2
2026-09-16 22:07:25,950 - INFO - [global] Проверяю обновы...
2026-09-16 22:07:26,842 - DEBUG - [global] needs_update: raw failed: ConnectionError: ('Connection aborted.', ConnectionResetError(10054, 'Удаленный хост принудительно разорвал существующее подключение', None, 10054, None))
2026-09-16 22:07:27,823 - DEBUG - [global] needs_update: API failed: HTTPError: 403 Client Error: rate limit exceeded for url: https://api.github.com/repos/StarateJI/L2Mauto/contents/bot/version.txt?ref=main
2026-09-16 22:07:28,837 - DEBUG - [global] needs_update: jsdelivr → 5.7.4
2026-09-16 22:07:28,837 - DEBUG - [global] needs_update: лучший источник jsdelivr → 5.7.4 (из 1)
2026-09-16 22:07:28,842 - INFO - [global] needs_update: local=(5, 8, 2) remote=(5, 7, 4) -> has_update=False
2026-09-16 22:07:28,843 - INFO - [global] Установлена последняя версия бота | 5.8.2
2026-09-16 22:07:29,575 - INFO - [global] LogUploader: запускаю upload_run_logs...
2026-09-16 22:07:29,578 - DEBUG - [global] log_uploader: START window=periodic made=-1 token=...Rjnfq
2026-09-16 22:07:29,578 - DEBUG - [global] log_uploader: STEP 1 SKIP (no C:\Users\PC\Desktop\L2Mauto\logs\periodic.log)
2026-09-16 22:07:29,579 - DEBUG - [global] log_uploader: STEP 2 SKIP (no PNGs)
2026-09-16 22:07:30,966 - DEBUG - [global] _api_put: GET runs/20260916_220729_fail_global.log -> 200
2026-09-16 22:07:32,916 - DEBUG - [global] _api_put: PUT runs/20260916_220729_fail_global.log -> 200 (20354 bytes)
2026-09-16 22:07:32,922 - DEBUG - [global] log_uploader: STEP 3 (global log) -> https://github.com/StarateJI/L2Mauto/blob/bot-logs/runs/20260916_220729_fail_global.log
2026-09-16 22:07:32,922 - DEBUG - [global] log_uploader: END window=periodic
2026-09-16 22:07:32,922 - INFO - [global] LogUploader: upload_run_logs завершён
2026-09-16 22:07:58,861 - INFO - [global] Проверяю обновы...
2026-09-16 22:07:59,856 - DEBUG - [global] needs_update: raw → 5.8.2
2026-09-16 22:08:00,860 - DEBUG - [global] needs_update: API failed: HTTPError: 403 Client Error: rate limit exceeded for url: https://api.github.com/repos/StarateJI/L2Mauto/contents/bot/version.txt?ref=main
2026-09-16 22:08:01,885 - DEBUG - [global] needs_update: jsdelivr → 5.7.4
2026-09-16 22:08:01,885 - DEBUG - [global] needs_update: лучший источник raw → 5.8.2 (из 2)
2026-09-16 22:08:01,890 - INFO - [global] needs_update: local=(5, 8, 2) remote=(5, 8, 2) -> has_update=False
2026-09-16 22:08:01,891 - INFO - [global] Установлена последняя версия бота | 5.8.2
2026-09-16 22:08:31,909 - INFO - [global] Проверяю обновы...
2026-09-16 22:08:32,927 - DEBUG - [global] needs_update: raw → 5.8.2
2026-09-16 22:08:32,952 - INFO - [global] LogUploader: запускаю upload_run_logs...
2026-09-16 22:08:32,955 - DEBUG - [global] log_uploader: START window=periodic made=-1 token=...Rjnfq
2026-09-16 22:08:32,956 - DEBUG - [global] log_uploader: STEP 1 SKIP (no C:\Users\PC\Desktop\L2Mauto\logs\periodic.log)
2026-09-16 22:08:32,956 - DEBUG - [global] log_uploader: STEP 2 SKIP (no PNGs)
