=== Log tail 2026-09-19T02:22:04.465491 | last 200 lines ===
2026-09-19 02:13:24,300 - DEBUG - [global] _api_put: GET runs/20260919_021320_fail_global.log -> 404
2026-09-19 02:13:25,884 - DEBUG - [global] _api_put: PUT runs/20260919_021320_fail_global.log -> 201 (19768 bytes)
2026-09-19 02:13:25,885 - DEBUG - [global] log_uploader: STEP 3 (global log) -> https://github.com/StarateJI/L2Mauto/blob/bot-logs/runs/20260919_021320_fail_global.log
2026-09-19 02:13:25,885 - DEBUG - [global] log_uploader: END window=periodic
2026-09-19 02:13:25,885 - INFO - [global] LogUploader: upload_run_logs завершён
2026-09-19 02:13:28,009 - INFO - [global] Проверяю обновы...
2026-09-19 02:13:28,898 - DEBUG - [global] needs_update: API GitHub → 5.11.18
2026-09-19 02:13:29,623 - DEBUG - [global] needs_update: raw → 5.11.18
2026-09-19 02:13:30,381 - DEBUG - [global] needs_update: jsdelivr → 5.11.18
2026-09-19 02:13:30,382 - DEBUG - [global] needs_update: лучший источник API → 5.11.18 (из 3)
2026-09-19 02:13:30,383 - INFO - [global] needs_update: local=(5, 9, 1) remote=(5, 11, 18) -> has_update=True
2026-09-19 02:13:30,383 - INFO - [global] Доступна обнова! Спавню кнопку
2026-09-19 02:14:00,400 - INFO - [global] Проверяю обновы...
2026-09-19 02:14:01,285 - DEBUG - [global] needs_update: API GitHub → 5.11.18
2026-09-19 02:14:02,011 - DEBUG - [global] needs_update: raw → 5.11.18
2026-09-19 02:14:02,719 - DEBUG - [global] needs_update: jsdelivr → 5.11.18
2026-09-19 02:14:02,719 - DEBUG - [global] needs_update: лучший источник API → 5.11.18 (из 3)
2026-09-19 02:14:02,721 - INFO - [global] needs_update: local=(5, 9, 1) remote=(5, 11, 18) -> has_update=True
2026-09-19 02:14:02,722 - INFO - [global] Доступна обнова! Спавню кнопку
2026-09-19 02:14:25,919 - INFO - [global] LogUploader: запускаю upload_run_logs...
2026-09-19 02:14:25,920 - DEBUG - [global] log_uploader: START window=periodic made=-1 token=...Rjnfq
2026-09-19 02:14:26,809 - DEBUG - [global] _api_put: GET runs/20260919_021425_fail_periodic.log -> 404
2026-09-19 02:14:28,399 - DEBUG - [global] _api_put: PUT runs/20260919_021425_fail_periodic.log -> 201 (8836 bytes)
2026-09-19 02:14:28,400 - DEBUG - [global] log_uploader: STEP 1 (window log) -> https://github.com/StarateJI/L2Mauto/blob/bot-logs/runs/20260919_021425_fail_periodic.log
2026-09-19 02:14:28,400 - DEBUG - [global] log_uploader: STEP 2 SKIP (no PNGs)
2026-09-19 02:14:29,296 - DEBUG - [global] _api_put: GET runs/20260919_021425_fail_global.log -> 404
2026-09-19 02:14:30,910 - DEBUG - [global] _api_put: PUT runs/20260919_021425_fail_global.log -> 201 (19768 bytes)
2026-09-19 02:14:30,912 - DEBUG - [global] log_uploader: STEP 3 (global log) -> https://github.com/StarateJI/L2Mauto/blob/bot-logs/runs/20260919_021425_fail_global.log
2026-09-19 02:14:30,912 - DEBUG - [global] log_uploader: END window=periodic
2026-09-19 02:14:30,912 - INFO - [global] LogUploader: upload_run_logs завершён
2026-09-19 02:14:32,739 - INFO - [global] Проверяю обновы...
2026-09-19 02:14:33,639 - DEBUG - [global] needs_update: API GitHub → 5.11.18
2026-09-19 02:14:34,325 - DEBUG - [global] needs_update: raw → 5.11.18
2026-09-19 02:14:35,043 - DEBUG - [global] needs_update: jsdelivr → 5.11.18
2026-09-19 02:14:35,043 - DEBUG - [global] needs_update: лучший источник API → 5.11.18 (из 3)
2026-09-19 02:14:35,045 - INFO - [global] needs_update: local=(5, 9, 1) remote=(5, 11, 18) -> has_update=True
2026-09-19 02:14:35,045 - INFO - [global] Доступна обнова! Спавню кнопку
2026-09-19 02:15:05,061 - INFO - [global] Проверяю обновы...
2026-09-19 02:15:05,936 - DEBUG - [global] needs_update: API GitHub → 5.11.18
2026-09-19 02:15:06,624 - DEBUG - [global] needs_update: raw → 5.11.18
2026-09-19 02:15:07,331 - DEBUG - [global] needs_update: jsdelivr → 5.11.18
2026-09-19 02:15:07,331 - DEBUG - [global] needs_update: лучший источник API → 5.11.18 (из 3)
2026-09-19 02:15:07,334 - INFO - [global] needs_update: local=(5, 9, 1) remote=(5, 11, 18) -> has_update=True
2026-09-19 02:15:07,334 - INFO - [global] Доступна обнова! Спавню кнопку
2026-09-19 02:15:30,941 - INFO - [global] LogUploader: запускаю upload_run_logs...
2026-09-19 02:15:30,942 - DEBUG - [global] log_uploader: START window=periodic made=-1 token=...Rjnfq
2026-09-19 02:15:31,838 - DEBUG - [global] _api_put: GET runs/20260919_021530_fail_periodic.log -> 404
2026-09-19 02:15:33,374 - DEBUG - [global] _api_put: PUT runs/20260919_021530_fail_periodic.log -> 201 (8836 bytes)
2026-09-19 02:15:33,376 - DEBUG - [global] log_uploader: STEP 1 (window log) -> https://github.com/StarateJI/L2Mauto/blob/bot-logs/runs/20260919_021530_fail_periodic.log
2026-09-19 02:15:33,377 - DEBUG - [global] log_uploader: STEP 2 SKIP (no PNGs)
2026-09-19 02:15:34,336 - DEBUG - [global] _api_put: GET runs/20260919_021530_fail_global.log -> 404
2026-09-19 02:15:35,963 - DEBUG - [global] _api_put: PUT runs/20260919_021530_fail_global.log -> 201 (19768 bytes)
2026-09-19 02:15:35,966 - DEBUG - [global] log_uploader: STEP 3 (global log) -> https://github.com/StarateJI/L2Mauto/blob/bot-logs/runs/20260919_021530_fail_global.log
2026-09-19 02:15:35,966 - DEBUG - [global] log_uploader: END window=periodic
2026-09-19 02:15:35,966 - INFO - [global] LogUploader: upload_run_logs завершён
2026-09-19 02:15:37,350 - INFO - [global] Проверяю обновы...
2026-09-19 02:15:38,236 - DEBUG - [global] needs_update: API GitHub → 5.11.18
2026-09-19 02:15:38,947 - DEBUG - [global] needs_update: raw → 5.11.18
2026-09-19 02:15:39,738 - DEBUG - [global] needs_update: jsdelivr → 5.11.18
2026-09-19 02:15:39,738 - DEBUG - [global] needs_update: лучший источник API → 5.11.18 (из 3)
2026-09-19 02:15:39,739 - INFO - [global] needs_update: local=(5, 9, 1) remote=(5, 11, 18) -> has_update=True
2026-09-19 02:15:39,739 - INFO - [global] Доступна обнова! Спавню кнопку
2026-09-19 02:16:09,760 - INFO - [global] Проверяю обновы...
2026-09-19 02:16:10,673 - DEBUG - [global] needs_update: API GitHub → 5.11.18
2026-09-19 02:16:11,379 - DEBUG - [global] needs_update: raw → 5.11.18
2026-09-19 02:16:12,099 - DEBUG - [global] needs_update: jsdelivr → 5.11.18
2026-09-19 02:16:12,099 - DEBUG - [global] needs_update: лучший источник API → 5.11.18 (из 3)
2026-09-19 02:16:12,102 - INFO - [global] needs_update: local=(5, 9, 1) remote=(5, 11, 18) -> has_update=True
2026-09-19 02:16:12,102 - INFO - [global] Доступна обнова! Спавню кнопку
2026-09-19 02:16:35,999 - INFO - [global] LogUploader: запускаю upload_run_logs...
2026-09-19 02:16:36,000 - DEBUG - [global] log_uploader: START window=periodic made=-1 token=...Rjnfq
2026-09-19 02:16:36,915 - DEBUG - [global] _api_put: GET runs/20260919_021636_fail_periodic.log -> 404
2026-09-19 02:16:38,378 - DEBUG - [global] _api_put: PUT runs/20260919_021636_fail_periodic.log -> 201 (8836 bytes)
2026-09-19 02:16:38,379 - DEBUG - [global] log_uploader: STEP 1 (window log) -> https://github.com/StarateJI/L2Mauto/blob/bot-logs/runs/20260919_021636_fail_periodic.log
2026-09-19 02:16:38,380 - DEBUG - [global] log_uploader: STEP 2 SKIP (no PNGs)
2026-09-19 02:16:39,349 - DEBUG - [global] _api_put: GET runs/20260919_021636_fail_global.log -> 404
2026-09-19 02:16:41,020 - DEBUG - [global] _api_put: PUT runs/20260919_021636_fail_global.log -> 201 (19768 bytes)
2026-09-19 02:16:41,022 - DEBUG - [global] log_uploader: STEP 3 (global log) -> https://github.com/StarateJI/L2Mauto/blob/bot-logs/runs/20260919_021636_fail_global.log
2026-09-19 02:16:41,022 - DEBUG - [global] log_uploader: END window=periodic
2026-09-19 02:16:41,022 - INFO - [global] LogUploader: upload_run_logs завершён
2026-09-19 02:16:42,118 - INFO - [global] Проверяю обновы...
2026-09-19 02:16:43,223 - DEBUG - [global] needs_update: API GitHub → 5.11.18
2026-09-19 02:16:43,944 - DEBUG - [global] needs_update: raw → 5.11.18
2026-09-19 02:16:44,698 - DEBUG - [global] needs_update: jsdelivr → 5.11.18
2026-09-19 02:16:44,698 - DEBUG - [global] needs_update: лучший источник API → 5.11.18 (из 3)
2026-09-19 02:16:44,699 - INFO - [global] needs_update: local=(5, 9, 1) remote=(5, 11, 18) -> has_update=True
2026-09-19 02:16:44,699 - INFO - [global] Доступна обнова! Спавню кнопку
2026-09-19 02:17:14,718 - INFO - [global] Проверяю обновы...
2026-09-19 02:17:15,611 - DEBUG - [global] needs_update: API GitHub → 5.11.18
2026-09-19 02:17:16,296 - DEBUG - [global] needs_update: raw → 5.11.18
2026-09-19 02:17:16,981 - DEBUG - [global] needs_update: jsdelivr → 5.11.18
2026-09-19 02:17:16,981 - DEBUG - [global] needs_update: лучший источник API → 5.11.18 (из 3)
2026-09-19 02:17:16,984 - INFO - [global] needs_update: local=(5, 9, 1) remote=(5, 11, 18) -> has_update=True
2026-09-19 02:17:16,984 - INFO - [global] Доступна обнова! Спавню кнопку
2026-09-19 02:17:41,053 - INFO - [global] LogUploader: запускаю upload_run_logs...
2026-09-19 02:17:41,054 - DEBUG - [global] log_uploader: START window=periodic made=-1 token=...Rjnfq
2026-09-19 02:17:41,981 - DEBUG - [global] _api_put: GET runs/20260919_021741_fail_periodic.log -> 404
2026-09-19 02:17:43,455 - DEBUG - [global] _api_put: PUT runs/20260919_021741_fail_periodic.log -> 201 (8836 bytes)
2026-09-19 02:17:43,456 - DEBUG - [global] log_uploader: STEP 1 (window log) -> https://github.com/StarateJI/L2Mauto/blob/bot-logs/runs/20260919_021741_fail_periodic.log
2026-09-19 02:17:43,457 - DEBUG - [global] log_uploader: STEP 2 SKIP (no PNGs)
2026-09-19 02:17:44,433 - DEBUG - [global] _api_put: GET runs/20260919_021741_fail_global.log -> 404
2026-09-19 02:17:45,996 - DEBUG - [global] _api_put: PUT runs/20260919_021741_fail_global.log -> 201 (19768 bytes)
2026-09-19 02:17:45,999 - DEBUG - [global] log_uploader: STEP 3 (global log) -> https://github.com/StarateJI/L2Mauto/blob/bot-logs/runs/20260919_021741_fail_global.log
2026-09-19 02:17:45,999 - DEBUG - [global] log_uploader: END window=periodic
2026-09-19 02:17:45,999 - INFO - [global] LogUploader: upload_run_logs завершён
2026-09-19 02:17:47,001 - INFO - [global] Проверяю обновы...
2026-09-19 02:17:47,917 - DEBUG - [global] needs_update: API GitHub → 5.11.18
2026-09-19 02:17:48,638 - DEBUG - [global] needs_update: raw → 5.11.18
2026-09-19 02:17:49,398 - DEBUG - [global] needs_update: jsdelivr → 5.11.18
2026-09-19 02:17:49,398 - DEBUG - [global] needs_update: лучший источник API → 5.11.18 (из 3)
2026-09-19 02:17:49,400 - INFO - [global] needs_update: local=(5, 9, 1) remote=(5, 11, 18) -> has_update=True
2026-09-19 02:17:49,400 - INFO - [global] Доступна обнова! Спавню кнопку
2026-09-19 02:18:19,417 - INFO - [global] Проверяю обновы...
2026-09-19 02:18:20,327 - DEBUG - [global] needs_update: API GitHub → 5.11.18
2026-09-19 02:18:21,069 - DEBUG - [global] needs_update: raw → 5.11.18
2026-09-19 02:18:21,766 - DEBUG - [global] needs_update: jsdelivr → 5.11.18
2026-09-19 02:18:21,767 - DEBUG - [global] needs_update: лучший источник API → 5.11.18 (из 3)
2026-09-19 02:18:21,768 - INFO - [global] needs_update: local=(5, 9, 1) remote=(5, 11, 18) -> has_update=True
2026-09-19 02:18:21,768 - INFO - [global] Доступна обнова! Спавню кнопку
2026-09-19 02:18:46,032 - INFO - [global] LogUploader: запускаю upload_run_logs...
2026-09-19 02:18:46,033 - DEBUG - [global] log_uploader: START window=periodic made=-1 token=...Rjnfq
2026-09-19 02:18:46,968 - DEBUG - [global] _api_put: GET runs/20260919_021846_fail_periodic.log -> 404
2026-09-19 02:18:48,422 - DEBUG - [global] _api_put: PUT runs/20260919_021846_fail_periodic.log -> 201 (8836 bytes)
2026-09-19 02:18:48,425 - DEBUG - [global] log_uploader: STEP 1 (window log) -> https://github.com/StarateJI/L2Mauto/blob/bot-logs/runs/20260919_021846_fail_periodic.log
2026-09-19 02:18:48,425 - DEBUG - [global] log_uploader: STEP 2 SKIP (no PNGs)
2026-09-19 02:18:49,358 - DEBUG - [global] _api_put: GET runs/20260919_021846_fail_global.log -> 404
2026-09-19 02:18:51,089 - DEBUG - [global] _api_put: PUT runs/20260919_021846_fail_global.log -> 201 (19769 bytes)
2026-09-19 02:18:51,091 - DEBUG - [global] log_uploader: STEP 3 (global log) -> https://github.com/StarateJI/L2Mauto/blob/bot-logs/runs/20260919_021846_fail_global.log
2026-09-19 02:18:51,091 - DEBUG - [global] log_uploader: END window=periodic
2026-09-19 02:18:51,091 - INFO - [global] LogUploader: upload_run_logs завершён
2026-09-19 02:18:51,788 - INFO - [global] Проверяю обновы...
2026-09-19 02:18:52,672 - DEBUG - [global] needs_update: API GitHub → 5.11.18
2026-09-19 02:18:53,395 - DEBUG - [global] needs_update: raw → 5.11.18
2026-09-19 02:18:54,184 - DEBUG - [global] needs_update: jsdelivr → 5.11.18
2026-09-19 02:18:54,184 - DEBUG - [global] needs_update: лучший источник API → 5.11.18 (из 3)
2026-09-19 02:18:54,185 - INFO - [global] needs_update: local=(5, 9, 1) remote=(5, 11, 18) -> has_update=True
2026-09-19 02:18:54,185 - INFO - [global] Доступна обнова! Спавню кнопку
2026-09-19 02:19:24,201 - INFO - [global] Проверяю обновы...
2026-09-19 02:19:25,100 - DEBUG - [global] needs_update: API GitHub → 5.11.18
2026-09-19 02:19:26,002 - DEBUG - [global] needs_update: raw → 5.11.18
2026-09-19 02:19:26,706 - DEBUG - [global] needs_update: jsdelivr → 5.11.18
2026-09-19 02:19:26,706 - DEBUG - [global] needs_update: лучший источник API → 5.11.18 (из 3)
2026-09-19 02:19:26,708 - INFO - [global] needs_update: local=(5, 9, 1) remote=(5, 11, 18) -> has_update=True
2026-09-19 02:19:26,708 - INFO - [global] Доступна обнова! Спавню кнопку
2026-09-19 02:19:51,124 - INFO - [global] LogUploader: запускаю upload_run_logs...
2026-09-19 02:19:51,125 - DEBUG - [global] log_uploader: START window=periodic made=-1 token=...Rjnfq
2026-09-19 02:19:52,078 - DEBUG - [global] _api_put: GET runs/20260919_021951_fail_periodic.log -> 404
2026-09-19 02:19:53,771 - DEBUG - [global] _api_put: PUT runs/20260919_021951_fail_periodic.log -> 201 (8836 bytes)
2026-09-19 02:19:53,773 - DEBUG - [global] log_uploader: STEP 1 (window log) -> https://github.com/StarateJI/L2Mauto/blob/bot-logs/runs/20260919_021951_fail_periodic.log
2026-09-19 02:19:53,773 - DEBUG - [global] log_uploader: STEP 2 SKIP (no PNGs)
2026-09-19 02:19:54,764 - DEBUG - [global] _api_put: GET runs/20260919_021951_fail_global.log -> 404
2026-09-19 02:19:56,643 - DEBUG - [global] _api_put: PUT runs/20260919_021951_fail_global.log -> 201 (19771 bytes)
2026-09-19 02:19:56,645 - DEBUG - [global] log_uploader: STEP 3 (global log) -> https://github.com/StarateJI/L2Mauto/blob/bot-logs/runs/20260919_021951_fail_global.log
2026-09-19 02:19:56,645 - DEBUG - [global] log_uploader: END window=periodic
2026-09-19 02:19:56,646 - INFO - [global] LogUploader: upload_run_logs завершён
2026-09-19 02:19:56,725 - INFO - [global] Проверяю обновы...
2026-09-19 02:19:57,661 - DEBUG - [global] needs_update: API GitHub → 5.11.18
2026-09-19 02:19:58,430 - DEBUG - [global] needs_update: raw → 5.11.18
2026-09-19 02:19:59,259 - DEBUG - [global] needs_update: jsdelivr → 5.11.18
2026-09-19 02:19:59,259 - DEBUG - [global] needs_update: лучший источник API → 5.11.18 (из 3)
2026-09-19 02:19:59,261 - INFO - [global] needs_update: local=(5, 9, 1) remote=(5, 11, 18) -> has_update=True
2026-09-19 02:19:59,262 - INFO - [global] Доступна обнова! Спавню кнопку
2026-09-19 02:20:29,281 - INFO - [global] Проверяю обновы...
2026-09-19 02:20:30,228 - DEBUG - [global] needs_update: API GitHub → 5.11.18
2026-09-19 02:20:30,982 - DEBUG - [global] needs_update: raw → 5.11.18
2026-09-19 02:20:31,756 - DEBUG - [global] needs_update: jsdelivr → 5.11.18
2026-09-19 02:20:31,756 - DEBUG - [global] needs_update: лучший источник API → 5.11.18 (из 3)
2026-09-19 02:20:31,758 - INFO - [global] needs_update: local=(5, 9, 1) remote=(5, 11, 18) -> has_update=True
2026-09-19 02:20:31,758 - INFO - [global] Доступна обнова! Спавню кнопку
2026-09-19 02:20:56,680 - INFO - [global] LogUploader: запускаю upload_run_logs...
2026-09-19 02:20:56,682 - DEBUG - [global] log_uploader: START window=periodic made=-1 token=...Rjnfq
2026-09-19 02:20:57,667 - DEBUG - [global] _api_put: GET runs/20260919_022056_fail_periodic.log -> 404
2026-09-19 02:20:59,244 - DEBUG - [global] _api_put: PUT runs/20260919_022056_fail_periodic.log -> 201 (8836 bytes)
2026-09-19 02:20:59,245 - DEBUG - [global] log_uploader: STEP 1 (window log) -> https://github.com/StarateJI/L2Mauto/blob/bot-logs/runs/20260919_022056_fail_periodic.log
2026-09-19 02:20:59,246 - DEBUG - [global] log_uploader: STEP 2 SKIP (no PNGs)
2026-09-19 02:21:00,263 - DEBUG - [global] _api_put: GET runs/20260919_022056_fail_global.log -> 404
2026-09-19 02:21:01,787 - INFO - [global] Проверяю обновы...
2026-09-19 02:21:01,914 - DEBUG - [global] _api_put: PUT runs/20260919_022056_fail_global.log -> 201 (19773 bytes)
2026-09-19 02:21:01,916 - DEBUG - [global] log_uploader: STEP 3 (global log) -> https://github.com/StarateJI/L2Mauto/blob/bot-logs/runs/20260919_022056_fail_global.log
2026-09-19 02:21:01,916 - DEBUG - [global] log_uploader: END window=periodic
2026-09-19 02:21:01,916 - INFO - [global] LogUploader: upload_run_logs завершён
2026-09-19 02:21:02,815 - DEBUG - [global] needs_update: API GitHub → 5.11.18
2026-09-19 02:21:03,579 - DEBUG - [global] needs_update: raw → 5.11.18
2026-09-19 02:21:04,368 - DEBUG - [global] needs_update: jsdelivr → 5.11.18
2026-09-19 02:21:04,368 - DEBUG - [global] needs_update: лучший источник API → 5.11.18 (из 3)
2026-09-19 02:21:04,371 - INFO - [global] needs_update: local=(5, 9, 1) remote=(5, 11, 18) -> has_update=True
2026-09-19 02:21:04,371 - INFO - [global] Доступна обнова! Спавню кнопку
2026-09-19 02:21:34,387 - INFO - [global] Проверяю обновы...
2026-09-19 02:21:35,352 - DEBUG - [global] needs_update: API GitHub → 5.11.18
2026-09-19 02:21:36,126 - DEBUG - [global] needs_update: raw → 5.11.18
2026-09-19 02:21:36,921 - DEBUG - [global] needs_update: jsdelivr → 5.11.18
2026-09-19 02:21:36,921 - DEBUG - [global] needs_update: лучший источник API → 5.11.18 (из 3)
2026-09-19 02:21:36,925 - INFO - [global] needs_update: local=(5, 9, 1) remote=(5, 11, 18) -> has_update=True
2026-09-19 02:21:36,925 - INFO - [global] Доступна обнова! Спавню кнопку
2026-09-19 02:22:01,959 - INFO - [global] LogUploader: запускаю upload_run_logs...
2026-09-19 02:22:01,960 - DEBUG - [global] log_uploader: START window=periodic made=-1 token=...Rjnfq
2026-09-19 02:22:02,876 - DEBUG - [global] _api_put: GET runs/20260919_022201_fail_periodic.log -> 404
2026-09-19 02:22:04,430 - DEBUG - [global] _api_put: PUT runs/20260919_022201_fail_periodic.log -> 201 (8836 bytes)
2026-09-19 02:22:04,432 - DEBUG - [global] log_uploader: STEP 1 (window log) -> https://github.com/StarateJI/L2Mauto/blob/bot-logs/runs/20260919_022201_fail_periodic.log
2026-09-19 02:22:04,432 - DEBUG - [global] log_uploader: STEP 2 SKIP (no PNGs)
