=== Log tail 2026-10-04T13:05:21.736927 | last 200 lines ===
2026-10-04 12:56:01,648 - DEBUG - [global] needs_update: лучший источник raw → 5.13.09 (из 2)
2026-10-04 12:56:01,649 - INFO - [global] needs_update: local=(5, 13, 7) remote=(5, 13, 9) -> has_update=True
2026-10-04 12:56:01,649 - INFO - [global] Доступна обнова! Спавню кнопку
2026-10-04 12:56:27,465 - INFO - [global] LogUploader: запускаю upload_run_logs...
2026-10-04 12:56:27,466 - DEBUG - [global] log_uploader: START window=periodic made=-1 token=...Rjnfq
2026-10-04 12:56:28,499 - DEBUG - [global] _api_put: GET runs/20261004_125627_fail_periodic.log -> 404
2026-10-04 12:56:30,369 - DEBUG - [global] _api_put: PUT runs/20261004_125627_fail_periodic.log -> 201 (14081 bytes)
2026-10-04 12:56:30,371 - DEBUG - [global] log_uploader: STEP 1 (window log) -> https://github.com/StarateJI/L2Mauto/blob/bot-logs/runs/20261004_125627_fail_periodic.log
2026-10-04 12:56:30,372 - DEBUG - [global] log_uploader: STEP 2 SKIP (no PNGs)
2026-10-04 12:56:31,449 - DEBUG - [global] _api_put: GET runs/20261004_125627_fail_global.log -> 404
2026-10-04 12:56:31,665 - INFO - [global] Проверяю обновы...
2026-10-04 12:56:32,691 - DEBUG - [global] needs_update: raw → 5.13.09
2026-10-04 12:56:32,870 - DEBUG - [global] needs_update: API → 5.13.09
2026-10-04 12:56:32,870 - DEBUG - [global] needs_update: лучший источник raw → 5.13.09 (из 2)
2026-10-04 12:56:32,871 - INFO - [global] needs_update: local=(5, 13, 7) remote=(5, 13, 9) -> has_update=True
2026-10-04 12:56:32,871 - INFO - [global] Доступна обнова! Спавню кнопку
2026-10-04 12:56:33,476 - DEBUG - [global] _api_put: PUT runs/20261004_125627_fail_global.log -> 201 (20019 bytes)
2026-10-04 12:56:33,480 - DEBUG - [global] log_uploader: STEP 3 (global log) -> https://github.com/StarateJI/L2Mauto/blob/bot-logs/runs/20261004_125627_fail_global.log
2026-10-04 12:56:33,480 - DEBUG - [global] log_uploader: END window=periodic
2026-10-04 12:56:33,480 - INFO - [global] LogUploader: upload_run_logs завершён
2026-10-04 12:57:02,889 - INFO - [global] Проверяю обновы...
2026-10-04 12:57:03,859 - DEBUG - [global] needs_update: raw → 5.13.09
2026-10-04 12:57:03,994 - DEBUG - [global] needs_update: API → 5.13.09
2026-10-04 12:57:03,995 - DEBUG - [global] needs_update: лучший источник raw → 5.13.09 (из 2)
2026-10-04 12:57:03,995 - INFO - [global] needs_update: local=(5, 13, 7) remote=(5, 13, 9) -> has_update=True
2026-10-04 12:57:03,995 - INFO - [global] Доступна обнова! Спавню кнопку
2026-10-04 12:57:33,519 - INFO - [global] LogUploader: запускаю upload_run_logs...
2026-10-04 12:57:33,521 - DEBUG - [global] log_uploader: START window=periodic made=-1 token=...Rjnfq
2026-10-04 12:57:34,015 - INFO - [global] Проверяю обновы...
2026-10-04 12:57:34,560 - DEBUG - [global] _api_put: GET runs/20261004_125733_fail_periodic.log -> 404
2026-10-04 12:57:35,037 - DEBUG - [global] needs_update: raw → 5.13.09
2026-10-04 12:57:35,398 - DEBUG - [global] needs_update: API → 5.13.09
2026-10-04 12:57:35,398 - DEBUG - [global] needs_update: лучший источник raw → 5.13.09 (из 2)
2026-10-04 12:57:35,398 - INFO - [global] needs_update: local=(5, 13, 7) remote=(5, 13, 9) -> has_update=True
2026-10-04 12:57:35,398 - INFO - [global] Доступна обнова! Спавню кнопку
2026-10-04 12:57:36,611 - DEBUG - [global] _api_put: PUT runs/20261004_125733_fail_periodic.log -> 201 (14081 bytes)
2026-10-04 12:57:36,615 - DEBUG - [global] log_uploader: STEP 1 (window log) -> https://github.com/StarateJI/L2Mauto/blob/bot-logs/runs/20261004_125733_fail_periodic.log
2026-10-04 12:57:36,615 - DEBUG - [global] log_uploader: STEP 2 SKIP (no PNGs)
2026-10-04 12:57:37,710 - DEBUG - [global] _api_put: GET runs/20261004_125733_fail_global.log -> 404
2026-10-04 12:57:39,874 - DEBUG - [global] _api_put: PUT runs/20261004_125733_fail_global.log -> 201 (19974 bytes)
2026-10-04 12:57:39,878 - DEBUG - [global] log_uploader: STEP 3 (global log) -> https://github.com/StarateJI/L2Mauto/blob/bot-logs/runs/20261004_125733_fail_global.log
2026-10-04 12:57:39,878 - DEBUG - [global] log_uploader: END window=periodic
2026-10-04 12:57:39,878 - INFO - [global] LogUploader: upload_run_logs завершён
2026-10-04 12:58:05,416 - INFO - [global] Проверяю обновы...
2026-10-04 12:58:06,406 - DEBUG - [global] needs_update: raw → 5.13.09
2026-10-04 12:58:06,552 - DEBUG - [global] needs_update: API → 5.13.09
2026-10-04 12:58:06,553 - DEBUG - [global] needs_update: лучший источник raw → 5.13.09 (из 2)
2026-10-04 12:58:06,553 - INFO - [global] needs_update: local=(5, 13, 7) remote=(5, 13, 9) -> has_update=True
2026-10-04 12:58:06,553 - INFO - [global] Доступна обнова! Спавню кнопку
2026-10-04 12:58:36,573 - INFO - [global] Проверяю обновы...
2026-10-04 12:58:37,530 - DEBUG - [global] needs_update: raw → 5.13.09
2026-10-04 12:58:37,673 - DEBUG - [global] needs_update: API → 5.13.09
2026-10-04 12:58:37,674 - DEBUG - [global] needs_update: лучший источник raw → 5.13.09 (из 2)
2026-10-04 12:58:37,674 - INFO - [global] needs_update: local=(5, 13, 7) remote=(5, 13, 9) -> has_update=True
2026-10-04 12:58:37,674 - INFO - [global] Доступна обнова! Спавню кнопку
2026-10-04 12:58:39,918 - INFO - [global] LogUploader: запускаю upload_run_logs...
2026-10-04 12:58:39,919 - DEBUG - [global] log_uploader: START window=periodic made=-1 token=...Rjnfq
2026-10-04 12:58:40,896 - DEBUG - [global] _api_put: GET runs/20261004_125839_fail_periodic.log -> 404
2026-10-04 12:58:42,870 - DEBUG - [global] _api_put: PUT runs/20261004_125839_fail_periodic.log -> 201 (14081 bytes)
2026-10-04 12:58:42,874 - DEBUG - [global] log_uploader: STEP 1 (window log) -> https://github.com/StarateJI/L2Mauto/blob/bot-logs/runs/20261004_125839_fail_periodic.log
2026-10-04 12:58:42,874 - DEBUG - [global] log_uploader: STEP 2 SKIP (no PNGs)
2026-10-04 12:58:43,986 - DEBUG - [global] _api_put: GET runs/20261004_125839_fail_global.log -> 404
2026-10-04 12:58:46,186 - DEBUG - [global] _api_put: PUT runs/20261004_125839_fail_global.log -> 201 (20019 bytes)
2026-10-04 12:58:46,189 - DEBUG - [global] log_uploader: STEP 3 (global log) -> https://github.com/StarateJI/L2Mauto/blob/bot-logs/runs/20261004_125839_fail_global.log
2026-10-04 12:58:46,189 - DEBUG - [global] log_uploader: END window=periodic
2026-10-04 12:58:46,189 - INFO - [global] LogUploader: upload_run_logs завершён
2026-10-04 12:59:07,698 - INFO - [global] Проверяю обновы...
2026-10-04 12:59:08,713 - DEBUG - [global] needs_update: raw → 5.13.09
2026-10-04 12:59:08,822 - DEBUG - [global] needs_update: API → 5.13.09
2026-10-04 12:59:08,822 - DEBUG - [global] needs_update: лучший источник raw → 5.13.09 (из 2)
2026-10-04 12:59:08,823 - INFO - [global] needs_update: local=(5, 13, 7) remote=(5, 13, 9) -> has_update=True
2026-10-04 12:59:08,823 - INFO - [global] Доступна обнова! Спавню кнопку
2026-10-04 12:59:38,840 - INFO - [global] Проверяю обновы...
2026-10-04 12:59:39,795 - DEBUG - [global] needs_update: raw → 5.13.09
2026-10-04 12:59:39,936 - DEBUG - [global] needs_update: API → 5.13.09
2026-10-04 12:59:39,936 - DEBUG - [global] needs_update: лучший источник raw → 5.13.09 (из 2)
2026-10-04 12:59:39,936 - INFO - [global] needs_update: local=(5, 13, 7) remote=(5, 13, 9) -> has_update=True
2026-10-04 12:59:39,937 - INFO - [global] Доступна обнова! Спавню кнопку
2026-10-04 12:59:46,232 - INFO - [global] LogUploader: запускаю upload_run_logs...
2026-10-04 12:59:46,234 - DEBUG - [global] log_uploader: START window=periodic made=-1 token=...Rjnfq
2026-10-04 12:59:47,306 - DEBUG - [global] _api_put: GET runs/20261004_125946_fail_periodic.log -> 404
2026-10-04 12:59:49,275 - DEBUG - [global] _api_put: PUT runs/20261004_125946_fail_periodic.log -> 201 (14081 bytes)
2026-10-04 12:59:49,278 - DEBUG - [global] log_uploader: STEP 1 (window log) -> https://github.com/StarateJI/L2Mauto/blob/bot-logs/runs/20261004_125946_fail_periodic.log
2026-10-04 12:59:49,278 - DEBUG - [global] log_uploader: STEP 2 SKIP (no PNGs)
2026-10-04 12:59:50,401 - DEBUG - [global] _api_put: GET runs/20261004_125946_fail_global.log -> 404
2026-10-04 12:59:52,455 - DEBUG - [global] _api_put: PUT runs/20261004_125946_fail_global.log -> 201 (20019 bytes)
2026-10-04 12:59:52,459 - DEBUG - [global] log_uploader: STEP 3 (global log) -> https://github.com/StarateJI/L2Mauto/blob/bot-logs/runs/20261004_125946_fail_global.log
2026-10-04 12:59:52,460 - DEBUG - [global] log_uploader: END window=periodic
2026-10-04 12:59:52,460 - INFO - [global] LogUploader: upload_run_logs завершён
2026-10-04 13:00:09,958 - INFO - [global] Проверяю обновы...
2026-10-04 13:00:10,892 - DEBUG - [global] needs_update: raw → 5.13.09
2026-10-04 13:00:11,060 - DEBUG - [global] needs_update: API → 5.13.09
2026-10-04 13:00:11,060 - DEBUG - [global] needs_update: лучший источник raw → 5.13.09 (из 2)
2026-10-04 13:00:11,061 - INFO - [global] needs_update: local=(5, 13, 7) remote=(5, 13, 9) -> has_update=True
2026-10-04 13:00:11,061 - INFO - [global] Доступна обнова! Спавню кнопку
2026-10-04 13:00:41,078 - INFO - [global] Проверяю обновы...
2026-10-04 13:00:41,991 - DEBUG - [global] needs_update: raw → 5.13.09
2026-10-04 13:00:42,224 - DEBUG - [global] needs_update: API → 5.13.09
2026-10-04 13:00:42,224 - DEBUG - [global] needs_update: лучший источник raw → 5.13.09 (из 2)
2026-10-04 13:00:42,224 - INFO - [global] needs_update: local=(5, 13, 7) remote=(5, 13, 9) -> has_update=True
2026-10-04 13:00:42,225 - INFO - [global] Доступна обнова! Спавню кнопку
2026-10-04 13:00:52,499 - INFO - [global] LogUploader: запускаю upload_run_logs...
2026-10-04 13:00:52,501 - DEBUG - [global] log_uploader: START window=periodic made=-1 token=...Rjnfq
2026-10-04 13:00:53,537 - DEBUG - [global] _api_put: GET runs/20261004_130052_fail_periodic.log -> 404
2026-10-04 13:00:55,655 - DEBUG - [global] _api_put: PUT runs/20261004_130052_fail_periodic.log -> 201 (14081 bytes)
2026-10-04 13:00:55,658 - DEBUG - [global] log_uploader: STEP 1 (window log) -> https://github.com/StarateJI/L2Mauto/blob/bot-logs/runs/20261004_130052_fail_periodic.log
2026-10-04 13:00:55,659 - DEBUG - [global] log_uploader: STEP 2 SKIP (no PNGs)
2026-10-04 13:00:56,778 - DEBUG - [global] _api_put: GET runs/20261004_130052_fail_global.log -> 404
2026-10-04 13:00:58,819 - DEBUG - [global] _api_put: PUT runs/20261004_130052_fail_global.log -> 201 (20019 bytes)
2026-10-04 13:00:58,821 - DEBUG - [global] log_uploader: STEP 3 (global log) -> https://github.com/StarateJI/L2Mauto/blob/bot-logs/runs/20261004_130052_fail_global.log
2026-10-04 13:00:58,821 - DEBUG - [global] log_uploader: END window=periodic
2026-10-04 13:00:58,821 - INFO - [global] LogUploader: upload_run_logs завершён
2026-10-04 13:01:12,245 - INFO - [global] Проверяю обновы...
2026-10-04 13:01:13,222 - DEBUG - [global] needs_update: raw → 5.13.09
2026-10-04 13:01:13,368 - DEBUG - [global] needs_update: API → 5.13.09
2026-10-04 13:01:13,368 - DEBUG - [global] needs_update: лучший источник raw → 5.13.09 (из 2)
2026-10-04 13:01:13,368 - INFO - [global] needs_update: local=(5, 13, 7) remote=(5, 13, 9) -> has_update=True
2026-10-04 13:01:13,368 - INFO - [global] Доступна обнова! Спавню кнопку
2026-10-04 13:01:43,387 - INFO - [global] Проверяю обновы...
2026-10-04 13:01:44,420 - DEBUG - [global] needs_update: raw → 5.13.09
2026-10-04 13:01:44,568 - DEBUG - [global] needs_update: API → 5.13.09
2026-10-04 13:01:44,568 - DEBUG - [global] needs_update: лучший источник raw → 5.13.09 (из 2)
2026-10-04 13:01:44,569 - INFO - [global] needs_update: local=(5, 13, 7) remote=(5, 13, 9) -> has_update=True
2026-10-04 13:01:44,569 - INFO - [global] Доступна обнова! Спавню кнопку
2026-10-04 13:01:58,859 - INFO - [global] LogUploader: запускаю upload_run_logs...
2026-10-04 13:01:58,860 - DEBUG - [global] log_uploader: START window=periodic made=-1 token=...Rjnfq
2026-10-04 13:01:59,936 - DEBUG - [global] _api_put: GET runs/20261004_130158_fail_periodic.log -> 404
2026-10-04 13:02:01,971 - DEBUG - [global] _api_put: PUT runs/20261004_130158_fail_periodic.log -> 201 (14081 bytes)
2026-10-04 13:02:01,975 - DEBUG - [global] log_uploader: STEP 1 (window log) -> https://github.com/StarateJI/L2Mauto/blob/bot-logs/runs/20261004_130158_fail_periodic.log
2026-10-04 13:02:01,976 - DEBUG - [global] log_uploader: STEP 2 SKIP (no PNGs)
2026-10-04 13:02:03,157 - DEBUG - [global] _api_put: GET runs/20261004_130158_fail_global.log -> 404
2026-10-04 13:02:05,300 - DEBUG - [global] _api_put: PUT runs/20261004_130158_fail_global.log -> 201 (20019 bytes)
2026-10-04 13:02:05,303 - DEBUG - [global] log_uploader: STEP 3 (global log) -> https://github.com/StarateJI/L2Mauto/blob/bot-logs/runs/20261004_130158_fail_global.log
2026-10-04 13:02:05,303 - DEBUG - [global] log_uploader: END window=periodic
2026-10-04 13:02:05,303 - INFO - [global] LogUploader: upload_run_logs завершён
2026-10-04 13:02:14,590 - INFO - [global] Проверяю обновы...
2026-10-04 13:02:15,579 - DEBUG - [global] needs_update: raw → 5.13.09
2026-10-04 13:02:15,764 - DEBUG - [global] needs_update: API → 5.13.09
2026-10-04 13:02:15,765 - DEBUG - [global] needs_update: лучший источник raw → 5.13.09 (из 2)
2026-10-04 13:02:15,765 - INFO - [global] needs_update: local=(5, 13, 7) remote=(5, 13, 9) -> has_update=True
2026-10-04 13:02:15,765 - INFO - [global] Доступна обнова! Спавню кнопку
2026-10-04 13:02:45,791 - INFO - [global] Проверяю обновы...
2026-10-04 13:02:46,963 - DEBUG - [global] needs_update: API → 5.13.09
2026-10-04 13:02:46,976 - DEBUG - [global] needs_update: raw → 5.13.09
2026-10-04 13:02:46,977 - DEBUG - [global] needs_update: лучший источник API → 5.13.09 (из 2)
2026-10-04 13:02:46,977 - INFO - [global] needs_update: local=(5, 13, 7) remote=(5, 13, 9) -> has_update=True
2026-10-04 13:02:46,977 - INFO - [global] Доступна обнова! Спавню кнопку
2026-10-04 13:03:05,351 - INFO - [global] LogUploader: запускаю upload_run_logs...
2026-10-04 13:03:05,352 - DEBUG - [global] log_uploader: START window=periodic made=-1 token=...Rjnfq
2026-10-04 13:03:06,608 - DEBUG - [global] _api_put: GET runs/20261004_130305_fail_periodic.log -> 404
2026-10-04 13:03:08,778 - DEBUG - [global] _api_put: PUT runs/20261004_130305_fail_periodic.log -> 201 (14081 bytes)
2026-10-04 13:03:08,780 - DEBUG - [global] log_uploader: STEP 1 (window log) -> https://github.com/StarateJI/L2Mauto/blob/bot-logs/runs/20261004_130305_fail_periodic.log
2026-10-04 13:03:08,781 - DEBUG - [global] log_uploader: STEP 2 SKIP (no PNGs)
2026-10-04 13:03:09,928 - DEBUG - [global] _api_put: GET runs/20261004_130305_fail_global.log -> 404
2026-10-04 13:03:12,051 - DEBUG - [global] _api_put: PUT runs/20261004_130305_fail_global.log -> 201 (20019 bytes)
2026-10-04 13:03:12,054 - DEBUG - [global] log_uploader: STEP 3 (global log) -> https://github.com/StarateJI/L2Mauto/blob/bot-logs/runs/20261004_130305_fail_global.log
2026-10-04 13:03:12,054 - DEBUG - [global] log_uploader: END window=periodic
2026-10-04 13:03:12,054 - INFO - [global] LogUploader: upload_run_logs завершён
2026-10-04 13:03:16,998 - INFO - [global] Проверяю обновы...
2026-10-04 13:03:18,023 - DEBUG - [global] needs_update: raw → 5.13.09
2026-10-04 13:03:18,181 - DEBUG - [global] needs_update: API → 5.13.09
2026-10-04 13:03:18,182 - DEBUG - [global] needs_update: лучший источник raw → 5.13.09 (из 2)
2026-10-04 13:03:18,182 - INFO - [global] needs_update: local=(5, 13, 7) remote=(5, 13, 9) -> has_update=True
2026-10-04 13:03:18,182 - INFO - [global] Доступна обнова! Спавню кнопку
2026-10-04 13:03:48,202 - INFO - [global] Проверяю обновы...
2026-10-04 13:03:49,213 - DEBUG - [global] needs_update: raw → 5.13.09
2026-10-04 13:03:49,374 - DEBUG - [global] needs_update: API → 5.13.09
2026-10-04 13:03:49,376 - DEBUG - [global] needs_update: лучший источник raw → 5.13.09 (из 2)
2026-10-04 13:03:49,376 - INFO - [global] needs_update: local=(5, 13, 7) remote=(5, 13, 9) -> has_update=True
2026-10-04 13:03:49,376 - INFO - [global] Доступна обнова! Спавню кнопку
2026-10-04 13:04:12,094 - INFO - [global] LogUploader: запускаю upload_run_logs...
2026-10-04 13:04:12,096 - DEBUG - [global] log_uploader: START window=periodic made=-1 token=...Rjnfq
2026-10-04 13:04:13,121 - DEBUG - [global] _api_put: GET runs/20261004_130412_fail_periodic.log -> 404
2026-10-04 13:04:15,191 - DEBUG - [global] _api_put: PUT runs/20261004_130412_fail_periodic.log -> 201 (14081 bytes)
2026-10-04 13:04:15,193 - DEBUG - [global] log_uploader: STEP 1 (window log) -> https://github.com/StarateJI/L2Mauto/blob/bot-logs/runs/20261004_130412_fail_periodic.log
2026-10-04 13:04:15,194 - DEBUG - [global] log_uploader: STEP 2 SKIP (no PNGs)
2026-10-04 13:04:16,398 - DEBUG - [global] _api_put: GET runs/20261004_130412_fail_global.log -> 404
2026-10-04 13:04:18,515 - DEBUG - [global] _api_put: PUT runs/20261004_130412_fail_global.log -> 201 (20019 bytes)
2026-10-04 13:04:18,518 - DEBUG - [global] log_uploader: STEP 3 (global log) -> https://github.com/StarateJI/L2Mauto/blob/bot-logs/runs/20261004_130412_fail_global.log
2026-10-04 13:04:18,518 - DEBUG - [global] log_uploader: END window=periodic
2026-10-04 13:04:18,518 - INFO - [global] LogUploader: upload_run_logs завершён
2026-10-04 13:04:19,399 - INFO - [global] Проверяю обновы...
2026-10-04 13:04:20,404 - DEBUG - [global] needs_update: raw → 5.13.09
2026-10-04 13:04:20,543 - DEBUG - [global] needs_update: API → 5.13.09
2026-10-04 13:04:20,543 - DEBUG - [global] needs_update: лучший источник raw → 5.13.09 (из 2)
2026-10-04 13:04:20,543 - INFO - [global] needs_update: local=(5, 13, 7) remote=(5, 13, 9) -> has_update=True
2026-10-04 13:04:20,544 - INFO - [global] Доступна обнова! Спавню кнопку
2026-10-04 13:04:50,567 - INFO - [global] Проверяю обновы...
2026-10-04 13:04:51,506 - DEBUG - [global] needs_update: raw → 5.13.09
2026-10-04 13:04:51,705 - DEBUG - [global] needs_update: API → 5.13.09
2026-10-04 13:04:51,706 - DEBUG - [global] needs_update: лучший источник raw → 5.13.09 (из 2)
2026-10-04 13:04:51,706 - INFO - [global] needs_update: local=(5, 13, 7) remote=(5, 13, 9) -> has_update=True
2026-10-04 13:04:51,706 - INFO - [global] Доступна обнова! Спавню кнопку
2026-10-04 13:05:18,553 - INFO - [global] LogUploader: запускаю upload_run_logs...
2026-10-04 13:05:18,555 - DEBUG - [global] log_uploader: START window=periodic made=-1 token=...Rjnfq
2026-10-04 13:05:19,627 - DEBUG - [global] _api_put: GET runs/20261004_130518_fail_periodic.log -> 404
2026-10-04 13:05:21,663 - DEBUG - [global] _api_put: PUT runs/20261004_130518_fail_periodic.log -> 201 (14081 bytes)
2026-10-04 13:05:21,666 - DEBUG - [global] log_uploader: STEP 1 (window log) -> https://github.com/StarateJI/L2Mauto/blob/bot-logs/runs/20261004_130518_fail_periodic.log
2026-10-04 13:05:21,668 - DEBUG - [global] log_uploader: STEP 2 SKIP (no PNGs)
2026-10-04 13:05:21,729 - INFO - [global] Проверяю обновы...
