=== Log tail 2026-09-15T18:02:16.850929 | last 200 lines ===
2026-09-15 17:52:46,744 - DEBUG - [global] log_uploader: STEP 3 (global log) -> https://github.com/StarateJI/L2Mauto/blob/bot-logs/runs/20260915_175243_fail_global.log
2026-09-15 17:52:46,744 - DEBUG - [global] log_uploader: END window=periodic
2026-09-15 17:52:46,744 - INFO - [global] LogUploader: upload_run_logs завершён
2026-09-15 17:52:55,420 - INFO - [global] Проверяю обновы...
2026-09-15 17:52:56,459 - DEBUG - [global] needs_update: raw → 5.6.16
2026-09-15 17:52:57,796 - DEBUG - [global] needs_update: API failed: HTTPError: 403 Client Error: rate limit exceeded for url: https://api.github.com/repos/StarateJI/L2Mauto/contents/bot/version.txt?ref=main
2026-09-15 17:52:59,192 - DEBUG - [global] needs_update: jsdelivr → 5.4.2
2026-09-15 17:52:59,192 - DEBUG - [global] needs_update: лучший источник raw → 5.6.16 (из 2)
2026-09-15 17:52:59,197 - INFO - [global] needs_update: local=(5, 6, 16) remote=(5, 6, 16) -> has_update=False
2026-09-15 17:52:59,203 - INFO - [global] Установлена последняя версия бота | 5.6.16
2026-09-15 17:53:29,236 - INFO - [global] Проверяю обновы...
2026-09-15 17:53:30,294 - DEBUG - [global] needs_update: raw → 5.6.16
2026-09-15 17:53:31,366 - DEBUG - [global] needs_update: API failed: HTTPError: 403 Client Error: rate limit exceeded for url: https://api.github.com/repos/StarateJI/L2Mauto/contents/bot/version.txt?ref=main
2026-09-15 17:53:32,703 - DEBUG - [global] needs_update: jsdelivr → 5.4.2
2026-09-15 17:53:32,704 - DEBUG - [global] needs_update: лучший источник raw → 5.6.16 (из 2)
2026-09-15 17:53:32,716 - INFO - [global] needs_update: local=(5, 6, 16) remote=(5, 6, 16) -> has_update=False
2026-09-15 17:53:32,718 - INFO - [global] Установлена последняя версия бота | 5.6.16
2026-09-15 17:53:46,837 - INFO - [global] LogUploader: запускаю upload_run_logs...
2026-09-15 17:53:46,839 - DEBUG - [global] log_uploader: START window=periodic made=-1 token=...Rjnfq
2026-09-15 17:53:46,839 - DEBUG - [global] log_uploader: STEP 1 SKIP (no C:\Users\PC\Desktop\L2Mauto\logs\periodic.log)
2026-09-15 17:53:46,840 - DEBUG - [global] log_uploader: STEP 2 SKIP (no PNGs)
2026-09-15 17:53:48,183 - DEBUG - [global] _api_put: GET runs/20260915_175346_fail_global.log -> 404
2026-09-15 17:53:50,539 - DEBUG - [global] _api_put: PUT runs/20260915_175346_fail_global.log -> 201 (19651 bytes)
2026-09-15 17:53:50,543 - DEBUG - [global] log_uploader: STEP 3 (global log) -> https://github.com/StarateJI/L2Mauto/blob/bot-logs/runs/20260915_175346_fail_global.log
2026-09-15 17:53:50,544 - DEBUG - [global] log_uploader: END window=periodic
2026-09-15 17:53:50,544 - INFO - [global] LogUploader: upload_run_logs завершён
2026-09-15 17:54:02,775 - INFO - [global] Проверяю обновы...
2026-09-15 17:54:03,809 - DEBUG - [global] needs_update: raw → 5.6.16
2026-09-15 17:54:04,896 - DEBUG - [global] needs_update: API failed: HTTPError: 403 Client Error: rate limit exceeded for url: https://api.github.com/repos/StarateJI/L2Mauto/contents/bot/version.txt?ref=main
2026-09-15 17:54:06,281 - DEBUG - [global] needs_update: jsdelivr → 5.4.2
2026-09-15 17:54:06,282 - DEBUG - [global] needs_update: лучший источник raw → 5.6.16 (из 2)
2026-09-15 17:54:06,291 - INFO - [global] needs_update: local=(5, 6, 16) remote=(5, 6, 16) -> has_update=False
2026-09-15 17:54:06,299 - INFO - [global] Установлена последняя версия бота | 5.6.16
2026-09-15 17:54:36,320 - INFO - [global] Проверяю обновы...
2026-09-15 17:54:37,366 - DEBUG - [global] needs_update: raw → 5.6.16
2026-09-15 17:54:38,455 - DEBUG - [global] needs_update: API failed: HTTPError: 403 Client Error: rate limit exceeded for url: https://api.github.com/repos/StarateJI/L2Mauto/contents/bot/version.txt?ref=main
2026-09-15 17:54:39,758 - DEBUG - [global] needs_update: jsdelivr → 5.4.2
2026-09-15 17:54:39,760 - DEBUG - [global] needs_update: лучший источник raw → 5.6.16 (из 2)
2026-09-15 17:54:39,768 - INFO - [global] needs_update: local=(5, 6, 16) remote=(5, 6, 16) -> has_update=False
2026-09-15 17:54:39,770 - INFO - [global] Установлена последняя версия бота | 5.6.16
2026-09-15 17:54:50,587 - INFO - [global] LogUploader: запускаю upload_run_logs...
2026-09-15 17:54:50,590 - DEBUG - [global] log_uploader: START window=periodic made=-1 token=...Rjnfq
2026-09-15 17:54:50,590 - DEBUG - [global] log_uploader: STEP 1 SKIP (no C:\Users\PC\Desktop\L2Mauto\logs\periodic.log)
2026-09-15 17:54:50,590 - DEBUG - [global] log_uploader: STEP 2 SKIP (no PNGs)
2026-09-15 17:54:51,965 - DEBUG - [global] _api_put: GET runs/20260915_175450_fail_global.log -> 404
2026-09-15 17:54:54,436 - DEBUG - [global] _api_put: PUT runs/20260915_175450_fail_global.log -> 409 (19909 bytes)
2026-09-15 17:54:54,437 - WARNING - [global] _api_put: PUT failed body: {"message":"is at acaa924b106cea5018ec82ca34f39df42a1e18ef but expected 4989962087d7f7b6e54d6db554947795ac7e1132","documentation_url":"https://docs.github.com/rest/repos/contents#create-or-update-file
2026-09-15 17:54:54,443 - DEBUG - [global] log_uploader: STEP 3 (global log) -> FAILED
2026-09-15 17:54:54,443 - DEBUG - [global] log_uploader: END window=periodic
2026-09-15 17:54:54,443 - INFO - [global] LogUploader: upload_run_logs завершён
2026-09-15 17:55:11,050 - INFO - [global] Проверяю обновы...
2026-09-15 17:55:12,089 - DEBUG - [global] needs_update: raw → 5.6.16
2026-09-15 17:55:13,259 - DEBUG - [global] needs_update: API failed: HTTPError: 403 Client Error: rate limit exceeded for url: https://api.github.com/repos/StarateJI/L2Mauto/contents/bot/version.txt?ref=main
2026-09-15 17:55:14,784 - DEBUG - [global] needs_update: jsdelivr → 5.4.2
2026-09-15 17:55:14,784 - DEBUG - [global] needs_update: лучший источник raw → 5.6.16 (из 2)
2026-09-15 17:55:14,794 - INFO - [global] needs_update: local=(5, 6, 16) remote=(5, 6, 16) -> has_update=False
2026-09-15 17:55:14,798 - INFO - [global] Установлена последняя версия бота | 5.6.16
2026-09-15 17:55:44,822 - INFO - [global] Проверяю обновы...
2026-09-15 17:55:45,824 - DEBUG - [global] needs_update: raw → 5.6.16
2026-09-15 17:55:47,060 - DEBUG - [global] needs_update: API failed: HTTPError: 403 Client Error: rate limit exceeded for url: https://api.github.com/repos/StarateJI/L2Mauto/contents/bot/version.txt?ref=main
2026-09-15 17:55:48,459 - DEBUG - [global] needs_update: jsdelivr → 5.4.2
2026-09-15 17:55:48,460 - DEBUG - [global] needs_update: лучший источник raw → 5.6.16 (из 2)
2026-09-15 17:55:48,471 - INFO - [global] needs_update: local=(5, 6, 16) remote=(5, 6, 16) -> has_update=False
2026-09-15 17:55:48,478 - INFO - [global] Установлена последняя версия бота | 5.6.16
2026-09-15 17:55:56,000 - INFO - [global] LogUploader: запускаю upload_run_logs...
2026-09-15 17:55:56,002 - DEBUG - [global] log_uploader: START window=periodic made=-1 token=...Rjnfq
2026-09-15 17:55:56,003 - DEBUG - [global] log_uploader: STEP 1 SKIP (no C:\Users\PC\Desktop\L2Mauto\logs\periodic.log)
2026-09-15 17:55:56,004 - DEBUG - [global] log_uploader: STEP 2 SKIP (no PNGs)
2026-09-15 17:55:57,277 - DEBUG - [global] _api_put: GET runs/20260915_175556_fail_global.log -> 404
2026-09-15 17:55:59,279 - DEBUG - [global] _api_put: PUT runs/20260915_175556_fail_global.log -> 201 (20258 bytes)
2026-09-15 17:55:59,283 - DEBUG - [global] log_uploader: STEP 3 (global log) -> https://github.com/StarateJI/L2Mauto/blob/bot-logs/runs/20260915_175556_fail_global.log
2026-09-15 17:55:59,284 - DEBUG - [global] log_uploader: END window=periodic
2026-09-15 17:55:59,284 - INFO - [global] LogUploader: upload_run_logs завершён
2026-09-15 17:56:18,505 - INFO - [global] Проверяю обновы...
2026-09-15 17:56:19,510 - DEBUG - [global] needs_update: raw → 5.6.16
2026-09-15 17:56:20,716 - DEBUG - [global] needs_update: API failed: HTTPError: 403 Client Error: rate limit exceeded for url: https://api.github.com/repos/StarateJI/L2Mauto/contents/bot/version.txt?ref=main
2026-09-15 17:56:21,920 - DEBUG - [global] needs_update: jsdelivr → 5.4.2
2026-09-15 17:56:21,920 - DEBUG - [global] needs_update: лучший источник raw → 5.6.16 (из 2)
2026-09-15 17:56:21,925 - INFO - [global] needs_update: local=(5, 6, 16) remote=(5, 6, 16) -> has_update=False
2026-09-15 17:56:21,926 - INFO - [global] Установлена последняя версия бота | 5.6.16
2026-09-15 17:56:51,948 - INFO - [global] Проверяю обновы...
2026-09-15 17:56:52,981 - DEBUG - [global] needs_update: raw → 5.6.16
2026-09-15 17:56:54,050 - DEBUG - [global] needs_update: API failed: HTTPError: 403 Client Error: rate limit exceeded for url: https://api.github.com/repos/StarateJI/L2Mauto/contents/bot/version.txt?ref=main
2026-09-15 17:56:55,213 - DEBUG - [global] needs_update: jsdelivr → 5.4.2
2026-09-15 17:56:55,213 - DEBUG - [global] needs_update: лучший источник raw → 5.6.16 (из 2)
2026-09-15 17:56:55,218 - INFO - [global] needs_update: local=(5, 6, 16) remote=(5, 6, 16) -> has_update=False
2026-09-15 17:56:55,219 - INFO - [global] Установлена последняя версия бота | 5.6.16
2026-09-15 17:56:59,323 - INFO - [global] LogUploader: запускаю upload_run_logs...
2026-09-15 17:56:59,325 - DEBUG - [global] log_uploader: START window=periodic made=-1 token=...Rjnfq
2026-09-15 17:56:59,326 - DEBUG - [global] log_uploader: STEP 1 SKIP (no C:\Users\PC\Desktop\L2Mauto\logs\periodic.log)
2026-09-15 17:56:59,326 - DEBUG - [global] log_uploader: STEP 2 SKIP (no PNGs)
2026-09-15 17:57:00,531 - DEBUG - [global] _api_put: GET runs/20260915_175659_fail_global.log -> 404
2026-09-15 17:57:02,496 - DEBUG - [global] _api_put: PUT runs/20260915_175659_fail_global.log -> 201 (20516 bytes)
2026-09-15 17:57:02,501 - DEBUG - [global] log_uploader: STEP 3 (global log) -> https://github.com/StarateJI/L2Mauto/blob/bot-logs/runs/20260915_175659_fail_global.log
2026-09-15 17:57:02,501 - DEBUG - [global] log_uploader: END window=periodic
2026-09-15 17:57:02,501 - INFO - [global] LogUploader: upload_run_logs завершён
2026-09-15 17:57:25,242 - INFO - [global] Проверяю обновы...
2026-09-15 17:57:26,267 - DEBUG - [global] needs_update: raw → 5.6.16
2026-09-15 17:57:27,282 - DEBUG - [global] needs_update: API failed: HTTPError: 403 Client Error: rate limit exceeded for url: https://api.github.com/repos/StarateJI/L2Mauto/contents/bot/version.txt?ref=main
2026-09-15 17:57:28,533 - DEBUG - [global] needs_update: jsdelivr → 5.4.2
2026-09-15 17:57:28,534 - DEBUG - [global] needs_update: лучший источник raw → 5.6.16 (из 2)
2026-09-15 17:57:28,540 - INFO - [global] needs_update: local=(5, 6, 16) remote=(5, 6, 16) -> has_update=False
2026-09-15 17:57:28,546 - INFO - [global] Установлена последняя версия бота | 5.6.16
2026-09-15 17:57:58,564 - INFO - [global] Проверяю обновы...
2026-09-15 17:57:59,551 - DEBUG - [global] needs_update: raw → 5.6.16
2026-09-15 17:58:00,562 - DEBUG - [global] needs_update: API failed: HTTPError: 403 Client Error: rate limit exceeded for url: https://api.github.com/repos/StarateJI/L2Mauto/contents/bot/version.txt?ref=main
2026-09-15 17:58:01,724 - DEBUG - [global] needs_update: jsdelivr → 5.4.2
2026-09-15 17:58:01,724 - DEBUG - [global] needs_update: лучший источник raw → 5.6.16 (из 2)
2026-09-15 17:58:01,732 - INFO - [global] needs_update: local=(5, 6, 16) remote=(5, 6, 16) -> has_update=False
2026-09-15 17:58:01,733 - INFO - [global] Установлена последняя версия бота | 5.6.16
2026-09-15 17:58:02,539 - INFO - [global] LogUploader: запускаю upload_run_logs...
2026-09-15 17:58:02,542 - DEBUG - [global] log_uploader: START window=periodic made=-1 token=...Rjnfq
2026-09-15 17:58:02,543 - DEBUG - [global] log_uploader: STEP 1 SKIP (no C:\Users\PC\Desktop\L2Mauto\logs\periodic.log)
2026-09-15 17:58:02,544 - DEBUG - [global] log_uploader: STEP 2 SKIP (no PNGs)
2026-09-15 17:58:03,975 - DEBUG - [global] _api_put: GET runs/20260915_175802_fail_global.log -> 404
2026-09-15 17:58:06,194 - DEBUG - [global] _api_put: PUT runs/20260915_175802_fail_global.log -> 201 (20774 bytes)
2026-09-15 17:58:06,200 - DEBUG - [global] log_uploader: STEP 3 (global log) -> https://github.com/StarateJI/L2Mauto/blob/bot-logs/runs/20260915_175802_fail_global.log
2026-09-15 17:58:06,200 - DEBUG - [global] log_uploader: END window=periodic
2026-09-15 17:58:06,201 - INFO - [global] LogUploader: upload_run_logs завершён
2026-09-15 17:58:31,751 - INFO - [global] Проверяю обновы...
2026-09-15 17:58:32,772 - DEBUG - [global] needs_update: raw → 5.6.16
2026-09-15 17:58:33,961 - DEBUG - [global] needs_update: API failed: HTTPError: 403 Client Error: rate limit exceeded for url: https://api.github.com/repos/StarateJI/L2Mauto/contents/bot/version.txt?ref=main
2026-09-15 17:58:35,159 - DEBUG - [global] needs_update: jsdelivr → 5.4.1
2026-09-15 17:58:35,160 - DEBUG - [global] needs_update: лучший источник raw → 5.6.16 (из 2)
2026-09-15 17:58:35,166 - INFO - [global] needs_update: local=(5, 6, 16) remote=(5, 6, 16) -> has_update=False
2026-09-15 17:58:35,169 - INFO - [global] Установлена последняя версия бота | 5.6.16
2026-09-15 17:59:05,191 - INFO - [global] Проверяю обновы...
2026-09-15 17:59:06,239 - INFO - [global] LogUploader: запускаю upload_run_logs...
2026-09-15 17:59:06,241 - DEBUG - [global] log_uploader: START window=periodic made=-1 token=...Rjnfq
2026-09-15 17:59:06,242 - DEBUG - [global] log_uploader: STEP 1 SKIP (no C:\Users\PC\Desktop\L2Mauto\logs\periodic.log)
2026-09-15 17:59:06,242 - DEBUG - [global] log_uploader: STEP 2 SKIP (no PNGs)
2026-09-15 17:59:06,366 - DEBUG - [global] needs_update: raw → 5.6.16
2026-09-15 17:59:07,714 - DEBUG - [global] needs_update: API failed: HTTPError: 403 Client Error: rate limit exceeded for url: https://api.github.com/repos/StarateJI/L2Mauto/contents/bot/version.txt?ref=main
2026-09-15 17:59:07,855 - DEBUG - [global] _api_put: GET runs/20260915_175906_fail_global.log -> 404
2026-09-15 17:59:09,049 - DEBUG - [global] needs_update: jsdelivr → 5.4.1
2026-09-15 17:59:09,049 - DEBUG - [global] needs_update: лучший источник raw → 5.6.16 (из 2)
2026-09-15 17:59:09,058 - INFO - [global] needs_update: local=(5, 6, 16) remote=(5, 6, 16) -> has_update=False
2026-09-15 17:59:09,064 - INFO - [global] Установлена последняя версия бота | 5.6.16
2026-09-15 17:59:10,162 - DEBUG - [global] _api_put: PUT runs/20260915_175906_fail_global.log -> 201 (20932 bytes)
2026-09-15 17:59:10,168 - DEBUG - [global] log_uploader: STEP 3 (global log) -> https://github.com/StarateJI/L2Mauto/blob/bot-logs/runs/20260915_175906_fail_global.log
2026-09-15 17:59:10,168 - DEBUG - [global] log_uploader: END window=periodic
2026-09-15 17:59:10,168 - INFO - [global] LogUploader: upload_run_logs завершён
2026-09-15 17:59:39,079 - INFO - [global] Проверяю обновы...
2026-09-15 17:59:40,054 - DEBUG - [global] needs_update: raw → 5.6.16
2026-09-15 17:59:41,143 - DEBUG - [global] needs_update: API failed: HTTPError: 403 Client Error: rate limit exceeded for url: https://api.github.com/repos/StarateJI/L2Mauto/contents/bot/version.txt?ref=main
2026-09-15 17:59:42,254 - DEBUG - [global] needs_update: jsdelivr → 5.4.1
2026-09-15 17:59:42,255 - DEBUG - [global] needs_update: лучший источник raw → 5.6.16 (из 2)
2026-09-15 17:59:42,268 - INFO - [global] needs_update: local=(5, 6, 16) remote=(5, 6, 16) -> has_update=False
2026-09-15 17:59:42,271 - INFO - [global] Установлена последняя версия бота | 5.6.16
2026-09-15 18:00:10,203 - INFO - [global] LogUploader: запускаю upload_run_logs...
2026-09-15 18:00:10,204 - DEBUG - [global] log_uploader: START window=periodic made=-1 token=...Rjnfq
2026-09-15 18:00:10,205 - DEBUG - [global] log_uploader: STEP 1 SKIP (no C:\Users\PC\Desktop\L2Mauto\logs\periodic.log)
2026-09-15 18:00:10,205 - DEBUG - [global] log_uploader: STEP 2 SKIP (no PNGs)
2026-09-15 18:00:11,418 - DEBUG - [global] _api_put: GET runs/20260915_180010_fail_global.log -> 404
2026-09-15 18:00:12,290 - INFO - [global] Проверяю обновы...
2026-09-15 18:00:13,212 - DEBUG - [global] needs_update: raw → 5.6.16
2026-09-15 18:00:13,401 - DEBUG - [global] _api_put: PUT runs/20260915_180010_fail_global.log -> 201 (21161 bytes)
2026-09-15 18:00:13,404 - DEBUG - [global] log_uploader: STEP 3 (global log) -> https://github.com/StarateJI/L2Mauto/blob/bot-logs/runs/20260915_180010_fail_global.log
2026-09-15 18:00:13,404 - DEBUG - [global] log_uploader: END window=periodic
2026-09-15 18:00:13,405 - INFO - [global] LogUploader: upload_run_logs завершён
2026-09-15 18:00:14,124 - DEBUG - [global] needs_update: API failed: HTTPError: 403 Client Error: rate limit exceeded for url: https://api.github.com/repos/StarateJI/L2Mauto/contents/bot/version.txt?ref=main
2026-09-15 18:00:15,119 - DEBUG - [global] needs_update: jsdelivr → 5.4.1
2026-09-15 18:00:15,120 - DEBUG - [global] needs_update: лучший источник raw → 5.6.16 (из 2)
2026-09-15 18:00:15,125 - INFO - [global] needs_update: local=(5, 6, 16) remote=(5, 6, 16) -> has_update=False
2026-09-15 18:00:15,126 - INFO - [global] Установлена последняя версия бота | 5.6.16
2026-09-15 18:00:45,148 - INFO - [global] Проверяю обновы...
2026-09-15 18:00:46,200 - DEBUG - [global] needs_update: raw → 5.6.16
2026-09-15 18:00:47,360 - DEBUG - [global] needs_update: API failed: HTTPError: 403 Client Error: rate limit exceeded for url: https://api.github.com/repos/StarateJI/L2Mauto/contents/bot/version.txt?ref=main
2026-09-15 18:00:48,492 - DEBUG - [global] needs_update: jsdelivr → 5.4.1
2026-09-15 18:00:48,493 - DEBUG - [global] needs_update: лучший источник raw → 5.6.16 (из 2)
2026-09-15 18:00:48,498 - INFO - [global] needs_update: local=(5, 6, 16) remote=(5, 6, 16) -> has_update=False
2026-09-15 18:00:48,499 - INFO - [global] Установлена последняя версия бота | 5.6.16
2026-09-15 18:01:13,456 - INFO - [global] LogUploader: запускаю upload_run_logs...
2026-09-15 18:01:13,459 - DEBUG - [global] log_uploader: START window=periodic made=-1 token=...Rjnfq
2026-09-15 18:01:13,459 - DEBUG - [global] log_uploader: STEP 1 SKIP (no C:\Users\PC\Desktop\L2Mauto\logs\periodic.log)
2026-09-15 18:01:13,460 - DEBUG - [global] log_uploader: STEP 2 SKIP (no PNGs)
2026-09-15 18:01:14,742 - DEBUG - [global] _api_put: GET runs/20260915_180113_fail_global.log -> 404
2026-09-15 18:01:16,753 - DEBUG - [global] _api_put: PUT runs/20260915_180113_fail_global.log -> 409 (21419 bytes)
2026-09-15 18:01:16,754 - WARNING - [global] _api_put: PUT failed body: {"message":"is at 7dea55cdf40fabb217b0437b04cf4b43204baa40 but expected 2cd4563518275496050597609fae7ccd24a5938b","documentation_url":"https://docs.github.com/rest/repos/contents#create-or-update-file
2026-09-15 18:01:16,759 - DEBUG - [global] log_uploader: STEP 3 (global log) -> FAILED
2026-09-15 18:01:16,759 - DEBUG - [global] log_uploader: END window=periodic
2026-09-15 18:01:16,759 - INFO - [global] LogUploader: upload_run_logs завершён
2026-09-15 18:01:18,523 - INFO - [global] Проверяю обновы...
2026-09-15 18:01:19,512 - DEBUG - [global] needs_update: raw → 5.6.16
2026-09-15 18:01:20,854 - DEBUG - [global] needs_update: API failed: HTTPError: 403 Client Error: rate limit exceeded for url: https://api.github.com/repos/StarateJI/L2Mauto/contents/bot/version.txt?ref=main
2026-09-15 18:01:22,074 - DEBUG - [global] needs_update: jsdelivr → 5.4.1
2026-09-15 18:01:22,074 - DEBUG - [global] needs_update: лучший источник raw → 5.6.16 (из 2)
2026-09-15 18:01:22,080 - INFO - [global] needs_update: local=(5, 6, 16) remote=(5, 6, 16) -> has_update=False
2026-09-15 18:01:22,081 - INFO - [global] Установлена последняя версия бота | 5.6.16
2026-09-15 18:01:52,100 - INFO - [global] Проверяю обновы...
2026-09-15 18:01:53,120 - DEBUG - [global] needs_update: raw → 5.6.16
2026-09-15 18:01:54,349 - DEBUG - [global] needs_update: API failed: HTTPError: 403 Client Error: rate limit exceeded for url: https://api.github.com/repos/StarateJI/L2Mauto/contents/bot/version.txt?ref=main
2026-09-15 18:01:55,621 - DEBUG - [global] needs_update: jsdelivr → 5.4.2
2026-09-15 18:01:55,621 - DEBUG - [global] needs_update: лучший источник raw → 5.6.16 (из 2)
2026-09-15 18:01:55,628 - INFO - [global] needs_update: local=(5, 6, 16) remote=(5, 6, 16) -> has_update=False
2026-09-15 18:01:55,631 - INFO - [global] Установлена последняя версия бота | 5.6.16
2026-09-15 18:02:16,814 - INFO - [global] LogUploader: запускаю upload_run_logs...
2026-09-15 18:02:16,817 - DEBUG - [global] log_uploader: START window=periodic made=-1 token=...Rjnfq
2026-09-15 18:02:16,817 - DEBUG - [global] log_uploader: STEP 1 SKIP (no C:\Users\PC\Desktop\L2Mauto\logs\periodic.log)
2026-09-15 18:02:16,818 - DEBUG - [global] log_uploader: STEP 2 SKIP (no PNGs)
