=== Log tail 2026-09-25T03:13:18.726966 | last 200 lines ===
2026-09-25 03:03:17,068 - INFO - [global] Установлена последняя версия бота | 5.13.07
2026-09-25 03:03:47,083 - INFO - [global] Проверяю обновы...
2026-09-25 03:03:47,846 - DEBUG - [global] needs_update: raw → 5.13.07
2026-09-25 03:03:48,062 - DEBUG - [global] needs_update: API → 5.13.07
2026-09-25 03:03:48,062 - DEBUG - [global] needs_update: лучший источник raw → 5.13.07 (из 2)
2026-09-25 03:03:48,063 - INFO - [global] needs_update: local=(5, 13, 7) remote=(5, 13, 7) -> has_update=False
2026-09-25 03:03:48,063 - INFO - [global] Установлена последняя версия бота | 5.13.07
2026-09-25 03:03:54,828 - INFO - [global] LogUploader: запускаю upload_run_logs...
2026-09-25 03:03:54,828 - DEBUG - [global] log_uploader: START window=periodic made=-1 token=...Rjnfq
2026-09-25 03:03:54,828 - DEBUG - [global] log_uploader: STEP 1 SKIP (no C:\Users\PC\Desktop\L2Mauto\logs\periodic.log)
2026-09-25 03:03:54,828 - DEBUG - [global] log_uploader: STEP 2 SKIP (no PNGs)
2026-09-25 03:03:55,694 - DEBUG - [global] _api_put: GET runs/20260925_030354_fail_global.log -> 404
2026-09-25 03:03:57,336 - DEBUG - [global] _api_put: PUT runs/20260925_030354_fail_global.log -> 201 (19678 bytes)
2026-09-25 03:03:57,338 - DEBUG - [global] log_uploader: STEP 3 (global log) -> https://github.com/StarateJI/L2Mauto/blob/bot-logs/runs/20260925_030354_fail_global.log
2026-09-25 03:03:57,338 - DEBUG - [global] log_uploader: END window=periodic
2026-09-25 03:03:57,338 - INFO - [global] LogUploader: upload_run_logs завершён
2026-09-25 03:04:18,082 - INFO - [global] Проверяю обновы...
2026-09-25 03:04:18,866 - DEBUG - [global] needs_update: raw → 5.13.07
2026-09-25 03:04:19,016 - DEBUG - [global] needs_update: API → 5.13.07
2026-09-25 03:04:19,016 - DEBUG - [global] needs_update: лучший источник raw → 5.13.07 (из 2)
2026-09-25 03:04:19,016 - INFO - [global] needs_update: local=(5, 13, 7) remote=(5, 13, 7) -> has_update=False
2026-09-25 03:04:19,016 - INFO - [global] Установлена последняя версия бота | 5.13.07
2026-09-25 03:04:49,030 - INFO - [global] Проверяю обновы...
2026-09-25 03:04:49,824 - DEBUG - [global] needs_update: raw → 5.13.07
2026-09-25 03:04:50,027 - DEBUG - [global] needs_update: API → 5.13.07
2026-09-25 03:04:50,028 - DEBUG - [global] needs_update: лучший источник raw → 5.13.07 (из 2)
2026-09-25 03:04:50,028 - INFO - [global] needs_update: local=(5, 13, 7) remote=(5, 13, 7) -> has_update=False
2026-09-25 03:04:50,028 - INFO - [global] Установлена последняя версия бота | 5.13.07
2026-09-25 03:04:57,365 - INFO - [global] LogUploader: запускаю upload_run_logs...
2026-09-25 03:04:57,366 - DEBUG - [global] log_uploader: START window=periodic made=-1 token=...Rjnfq
2026-09-25 03:04:57,366 - DEBUG - [global] log_uploader: STEP 1 SKIP (no C:\Users\PC\Desktop\L2Mauto\logs\periodic.log)
2026-09-25 03:04:57,366 - DEBUG - [global] log_uploader: STEP 2 SKIP (no PNGs)
2026-09-25 03:04:58,392 - DEBUG - [global] _api_put: GET runs/20260925_030457_fail_global.log -> 404
2026-09-25 03:05:00,239 - DEBUG - [global] _api_put: PUT runs/20260925_030457_fail_global.log -> 201 (19678 bytes)
2026-09-25 03:05:00,241 - DEBUG - [global] log_uploader: STEP 3 (global log) -> https://github.com/StarateJI/L2Mauto/blob/bot-logs/runs/20260925_030457_fail_global.log
2026-09-25 03:05:00,241 - DEBUG - [global] log_uploader: END window=periodic
2026-09-25 03:05:00,241 - INFO - [global] LogUploader: upload_run_logs завершён
2026-09-25 03:05:20,043 - INFO - [global] Проверяю обновы...
2026-09-25 03:05:20,793 - DEBUG - [global] needs_update: raw → 5.13.07
2026-09-25 03:05:21,047 - DEBUG - [global] needs_update: API → 5.13.07
2026-09-25 03:05:21,047 - DEBUG - [global] needs_update: лучший источник raw → 5.13.07 (из 2)
2026-09-25 03:05:21,047 - INFO - [global] needs_update: local=(5, 13, 7) remote=(5, 13, 7) -> has_update=False
2026-09-25 03:05:21,048 - INFO - [global] Установлена последняя версия бота | 5.13.07
2026-09-25 03:05:51,062 - INFO - [global] Проверяю обновы...
2026-09-25 03:05:51,875 - DEBUG - [global] needs_update: raw → 5.13.07
2026-09-25 03:05:51,998 - DEBUG - [global] needs_update: API → 5.13.07
2026-09-25 03:05:51,999 - DEBUG - [global] needs_update: лучший источник raw → 5.13.07 (из 2)
2026-09-25 03:05:51,999 - INFO - [global] needs_update: local=(5, 13, 7) remote=(5, 13, 7) -> has_update=False
2026-09-25 03:05:52,000 - INFO - [global] Установлена последняя версия бота | 5.13.07
2026-09-25 03:06:00,270 - INFO - [global] LogUploader: запускаю upload_run_logs...
2026-09-25 03:06:00,270 - DEBUG - [global] log_uploader: START window=periodic made=-1 token=...Rjnfq
2026-09-25 03:06:00,270 - DEBUG - [global] log_uploader: STEP 1 SKIP (no C:\Users\PC\Desktop\L2Mauto\logs\periodic.log)
2026-09-25 03:06:00,271 - DEBUG - [global] log_uploader: STEP 2 SKIP (no PNGs)
2026-09-25 03:06:01,084 - DEBUG - [global] _api_put: GET runs/20260925_030600_fail_global.log -> 404
2026-09-25 03:06:02,942 - DEBUG - [global] _api_put: PUT runs/20260925_030600_fail_global.log -> 201 (19678 bytes)
2026-09-25 03:06:02,943 - DEBUG - [global] log_uploader: STEP 3 (global log) -> https://github.com/StarateJI/L2Mauto/blob/bot-logs/runs/20260925_030600_fail_global.log
2026-09-25 03:06:02,943 - DEBUG - [global] log_uploader: END window=periodic
2026-09-25 03:06:02,943 - INFO - [global] LogUploader: upload_run_logs завершён
2026-09-25 03:06:22,016 - INFO - [global] Проверяю обновы...
2026-09-25 03:06:22,839 - DEBUG - [global] needs_update: raw → 5.13.07
2026-09-25 03:06:23,058 - DEBUG - [global] needs_update: API → 5.13.07
2026-09-25 03:06:23,058 - DEBUG - [global] needs_update: лучший источник raw → 5.13.07 (из 2)
2026-09-25 03:06:23,058 - INFO - [global] needs_update: local=(5, 13, 7) remote=(5, 13, 7) -> has_update=False
2026-09-25 03:06:23,058 - INFO - [global] Установлена последняя версия бота | 5.13.07
2026-09-25 03:06:53,073 - INFO - [global] Проверяю обновы...
2026-09-25 03:06:53,877 - DEBUG - [global] needs_update: raw → 5.13.07
2026-09-25 03:06:54,066 - DEBUG - [global] needs_update: API → 5.13.07
2026-09-25 03:06:54,066 - DEBUG - [global] needs_update: лучший источник raw → 5.13.07 (из 2)
2026-09-25 03:06:54,066 - INFO - [global] needs_update: local=(5, 13, 7) remote=(5, 13, 7) -> has_update=False
2026-09-25 03:06:54,067 - INFO - [global] Установлена последняя версия бота | 5.13.07
2026-09-25 03:07:02,970 - INFO - [global] LogUploader: запускаю upload_run_logs...
2026-09-25 03:07:02,970 - DEBUG - [global] log_uploader: START window=periodic made=-1 token=...Rjnfq
2026-09-25 03:07:02,970 - DEBUG - [global] log_uploader: STEP 1 SKIP (no C:\Users\PC\Desktop\L2Mauto\logs\periodic.log)
2026-09-25 03:07:02,971 - DEBUG - [global] log_uploader: STEP 2 SKIP (no PNGs)
2026-09-25 03:07:03,811 - DEBUG - [global] _api_put: GET runs/20260925_030702_fail_global.log -> 404
2026-09-25 03:07:05,418 - DEBUG - [global] _api_put: PUT runs/20260925_030702_fail_global.log -> 201 (19678 bytes)
2026-09-25 03:07:05,419 - DEBUG - [global] log_uploader: STEP 3 (global log) -> https://github.com/StarateJI/L2Mauto/blob/bot-logs/runs/20260925_030702_fail_global.log
2026-09-25 03:07:05,419 - DEBUG - [global] log_uploader: END window=periodic
2026-09-25 03:07:05,419 - INFO - [global] LogUploader: upload_run_logs завершён
2026-09-25 03:07:24,083 - INFO - [global] Проверяю обновы...
2026-09-25 03:07:24,867 - DEBUG - [global] needs_update: raw → 5.13.07
2026-09-25 03:07:25,118 - DEBUG - [global] needs_update: API → 5.13.07
2026-09-25 03:07:25,118 - DEBUG - [global] needs_update: лучший источник raw → 5.13.07 (из 2)
2026-09-25 03:07:25,118 - INFO - [global] needs_update: local=(5, 13, 7) remote=(5, 13, 7) -> has_update=False
2026-09-25 03:07:25,119 - INFO - [global] Установлена последняя версия бота | 5.13.07
2026-09-25 03:07:55,132 - INFO - [global] Проверяю обновы...
2026-09-25 03:07:56,120 - DEBUG - [global] needs_update: raw → 5.13.07
2026-09-25 03:07:56,123 - DEBUG - [global] needs_update: API → 5.13.07
2026-09-25 03:07:56,123 - DEBUG - [global] needs_update: лучший источник raw → 5.13.07 (из 2)
2026-09-25 03:07:56,123 - INFO - [global] needs_update: local=(5, 13, 7) remote=(5, 13, 7) -> has_update=False
2026-09-25 03:07:56,124 - INFO - [global] Установлена последняя версия бота | 5.13.07
2026-09-25 03:08:05,450 - INFO - [global] LogUploader: запускаю upload_run_logs...
2026-09-25 03:08:05,450 - DEBUG - [global] log_uploader: START window=periodic made=-1 token=...Rjnfq
2026-09-25 03:08:05,450 - DEBUG - [global] log_uploader: STEP 1 SKIP (no C:\Users\PC\Desktop\L2Mauto\logs\periodic.log)
2026-09-25 03:08:05,451 - DEBUG - [global] log_uploader: STEP 2 SKIP (no PNGs)
2026-09-25 03:08:06,268 - DEBUG - [global] _api_put: GET runs/20260925_030805_fail_global.log -> 404
2026-09-25 03:08:08,008 - DEBUG - [global] _api_put: PUT runs/20260925_030805_fail_global.log -> 201 (19678 bytes)
2026-09-25 03:08:08,010 - DEBUG - [global] log_uploader: STEP 3 (global log) -> https://github.com/StarateJI/L2Mauto/blob/bot-logs/runs/20260925_030805_fail_global.log
2026-09-25 03:08:08,010 - DEBUG - [global] log_uploader: END window=periodic
2026-09-25 03:08:08,010 - INFO - [global] LogUploader: upload_run_logs завершён
2026-09-25 03:08:26,138 - INFO - [global] Проверяю обновы...
2026-09-25 03:08:26,894 - DEBUG - [global] needs_update: raw → 5.13.07
2026-09-25 03:08:27,152 - DEBUG - [global] needs_update: API → 5.13.07
2026-09-25 03:08:27,152 - DEBUG - [global] needs_update: лучший источник raw → 5.13.07 (из 2)
2026-09-25 03:08:27,152 - INFO - [global] needs_update: local=(5, 13, 7) remote=(5, 13, 7) -> has_update=False
2026-09-25 03:08:27,153 - INFO - [global] Установлена последняя версия бота | 5.13.07
2026-09-25 03:08:57,167 - INFO - [global] Проверяю обновы...
2026-09-25 03:08:57,964 - DEBUG - [global] needs_update: raw → 5.13.07
2026-09-25 03:08:58,152 - DEBUG - [global] needs_update: API → 5.13.07
2026-09-25 03:08:58,153 - DEBUG - [global] needs_update: лучший источник raw → 5.13.07 (из 2)
2026-09-25 03:08:58,153 - INFO - [global] needs_update: local=(5, 13, 7) remote=(5, 13, 7) -> has_update=False
2026-09-25 03:08:58,153 - INFO - [global] Установлена последняя версия бота | 5.13.07
2026-09-25 03:09:08,039 - INFO - [global] LogUploader: запускаю upload_run_logs...
2026-09-25 03:09:08,039 - DEBUG - [global] log_uploader: START window=periodic made=-1 token=...Rjnfq
2026-09-25 03:09:08,039 - DEBUG - [global] log_uploader: STEP 1 SKIP (no C:\Users\PC\Desktop\L2Mauto\logs\periodic.log)
2026-09-25 03:09:08,039 - DEBUG - [global] log_uploader: STEP 2 SKIP (no PNGs)
2026-09-25 03:09:08,854 - DEBUG - [global] _api_put: GET runs/20260925_030908_fail_global.log -> 404
2026-09-25 03:09:10,499 - DEBUG - [global] _api_put: PUT runs/20260925_030908_fail_global.log -> 201 (19678 bytes)
2026-09-25 03:09:10,501 - DEBUG - [global] log_uploader: STEP 3 (global log) -> https://github.com/StarateJI/L2Mauto/blob/bot-logs/runs/20260925_030908_fail_global.log
2026-09-25 03:09:10,501 - DEBUG - [global] log_uploader: END window=periodic
2026-09-25 03:09:10,501 - INFO - [global] LogUploader: upload_run_logs завершён
2026-09-25 03:09:28,166 - INFO - [global] Проверяю обновы...
2026-09-25 03:09:28,915 - DEBUG - [global] needs_update: raw → 5.13.07
2026-09-25 03:09:29,128 - DEBUG - [global] needs_update: API → 5.13.07
2026-09-25 03:09:29,128 - DEBUG - [global] needs_update: лучший источник raw → 5.13.07 (из 2)
2026-09-25 03:09:29,128 - INFO - [global] needs_update: local=(5, 13, 7) remote=(5, 13, 7) -> has_update=False
2026-09-25 03:09:29,128 - INFO - [global] Установлена последняя версия бота | 5.13.07
2026-09-25 03:09:59,141 - INFO - [global] Проверяю обновы...
2026-09-25 03:09:59,934 - DEBUG - [global] needs_update: raw → 5.13.07
2026-09-25 03:10:00,312 - DEBUG - [global] needs_update: API → 5.13.07
2026-09-25 03:10:00,312 - DEBUG - [global] needs_update: лучший источник raw → 5.13.07 (из 2)
2026-09-25 03:10:00,312 - INFO - [global] needs_update: local=(5, 13, 7) remote=(5, 13, 7) -> has_update=False
2026-09-25 03:10:00,312 - INFO - [global] Установлена последняя версия бота | 5.13.07
2026-09-25 03:10:10,525 - INFO - [global] LogUploader: запускаю upload_run_logs...
2026-09-25 03:10:10,525 - DEBUG - [global] log_uploader: START window=periodic made=-1 token=...Rjnfq
2026-09-25 03:10:10,525 - DEBUG - [global] log_uploader: STEP 1 SKIP (no C:\Users\PC\Desktop\L2Mauto\logs\periodic.log)
2026-09-25 03:10:10,525 - DEBUG - [global] log_uploader: STEP 2 SKIP (no PNGs)
2026-09-25 03:10:11,355 - DEBUG - [global] _api_put: GET runs/20260925_031010_fail_global.log -> 404
2026-09-25 03:10:13,084 - DEBUG - [global] _api_put: PUT runs/20260925_031010_fail_global.log -> 201 (19678 bytes)
2026-09-25 03:10:13,085 - DEBUG - [global] log_uploader: STEP 3 (global log) -> https://github.com/StarateJI/L2Mauto/blob/bot-logs/runs/20260925_031010_fail_global.log
2026-09-25 03:10:13,085 - DEBUG - [global] log_uploader: END window=periodic
2026-09-25 03:10:13,085 - INFO - [global] LogUploader: upload_run_logs завершён
2026-09-25 03:10:30,326 - INFO - [global] Проверяю обновы...
2026-09-25 03:10:31,046 - DEBUG - [global] needs_update: raw → 5.13.07
2026-09-25 03:10:31,290 - DEBUG - [global] needs_update: API → 5.13.07
2026-09-25 03:10:31,290 - DEBUG - [global] needs_update: лучший источник raw → 5.13.07 (из 2)
2026-09-25 03:10:31,291 - INFO - [global] needs_update: local=(5, 13, 7) remote=(5, 13, 7) -> has_update=False
2026-09-25 03:10:31,291 - INFO - [global] Установлена последняя версия бота | 5.13.07
2026-09-25 03:11:01,305 - INFO - [global] Проверяю обновы...
2026-09-25 03:11:02,100 - DEBUG - [global] needs_update: raw → 5.13.07
2026-09-25 03:11:02,272 - DEBUG - [global] needs_update: API → 5.13.07
2026-09-25 03:11:02,272 - DEBUG - [global] needs_update: лучший источник raw → 5.13.07 (из 2)
2026-09-25 03:11:02,272 - INFO - [global] needs_update: local=(5, 13, 7) remote=(5, 13, 7) -> has_update=False
2026-09-25 03:11:02,272 - INFO - [global] Установлена последняя версия бота | 5.13.07
2026-09-25 03:11:13,113 - INFO - [global] LogUploader: запускаю upload_run_logs...
2026-09-25 03:11:13,113 - DEBUG - [global] log_uploader: START window=periodic made=-1 token=...Rjnfq
2026-09-25 03:11:13,113 - DEBUG - [global] log_uploader: STEP 1 SKIP (no C:\Users\PC\Desktop\L2Mauto\logs\periodic.log)
2026-09-25 03:11:13,114 - DEBUG - [global] log_uploader: STEP 2 SKIP (no PNGs)
2026-09-25 03:11:13,932 - DEBUG - [global] _api_put: GET runs/20260925_031113_fail_global.log -> 404
2026-09-25 03:11:15,976 - DEBUG - [global] _api_put: PUT runs/20260925_031113_fail_global.log -> 201 (19678 bytes)
2026-09-25 03:11:15,978 - DEBUG - [global] log_uploader: STEP 3 (global log) -> https://github.com/StarateJI/L2Mauto/blob/bot-logs/runs/20260925_031113_fail_global.log
2026-09-25 03:11:15,978 - DEBUG - [global] log_uploader: END window=periodic
2026-09-25 03:11:15,978 - INFO - [global] LogUploader: upload_run_logs завершён
2026-09-25 03:11:32,288 - INFO - [global] Проверяю обновы...
2026-09-25 03:11:33,081 - DEBUG - [global] needs_update: raw → 5.13.07
2026-09-25 03:11:33,304 - DEBUG - [global] needs_update: API → 5.13.07
2026-09-25 03:11:33,304 - DEBUG - [global] needs_update: лучший источник raw → 5.13.07 (из 2)
2026-09-25 03:11:33,305 - INFO - [global] needs_update: local=(5, 13, 7) remote=(5, 13, 7) -> has_update=False
2026-09-25 03:11:33,305 - INFO - [global] Установлена последняя версия бота | 5.13.07
2026-09-25 03:12:03,322 - INFO - [global] Проверяю обновы...
2026-09-25 03:12:04,118 - DEBUG - [global] needs_update: raw → 5.13.07
2026-09-25 03:12:04,251 - DEBUG - [global] needs_update: API → 5.13.07
2026-09-25 03:12:04,251 - DEBUG - [global] needs_update: лучший источник raw → 5.13.07 (из 2)
2026-09-25 03:12:04,251 - INFO - [global] needs_update: local=(5, 13, 7) remote=(5, 13, 7) -> has_update=False
2026-09-25 03:12:04,252 - INFO - [global] Установлена последняя версия бота | 5.13.07
2026-09-25 03:12:16,005 - INFO - [global] LogUploader: запускаю upload_run_logs...
2026-09-25 03:12:16,005 - DEBUG - [global] log_uploader: START window=periodic made=-1 token=...Rjnfq
2026-09-25 03:12:16,005 - DEBUG - [global] log_uploader: STEP 1 SKIP (no C:\Users\PC\Desktop\L2Mauto\logs\periodic.log)
2026-09-25 03:12:16,005 - DEBUG - [global] log_uploader: STEP 2 SKIP (no PNGs)
2026-09-25 03:12:16,880 - DEBUG - [global] _api_put: GET runs/20260925_031216_fail_global.log -> 404
2026-09-25 03:12:18,687 - DEBUG - [global] _api_put: PUT runs/20260925_031216_fail_global.log -> 201 (19678 bytes)
2026-09-25 03:12:18,689 - DEBUG - [global] log_uploader: STEP 3 (global log) -> https://github.com/StarateJI/L2Mauto/blob/bot-logs/runs/20260925_031216_fail_global.log
2026-09-25 03:12:18,689 - DEBUG - [global] log_uploader: END window=periodic
2026-09-25 03:12:18,689 - INFO - [global] LogUploader: upload_run_logs завершён
2026-09-25 03:12:34,267 - INFO - [global] Проверяю обновы...
2026-09-25 03:12:35,047 - DEBUG - [global] needs_update: raw → 5.13.07
2026-09-25 03:12:35,296 - DEBUG - [global] needs_update: API → 5.13.07
2026-09-25 03:12:35,297 - DEBUG - [global] needs_update: лучший источник raw → 5.13.07 (из 2)
2026-09-25 03:12:35,297 - INFO - [global] needs_update: local=(5, 13, 7) remote=(5, 13, 7) -> has_update=False
2026-09-25 03:12:35,297 - INFO - [global] Установлена последняя версия бота | 5.13.07
2026-09-25 03:13:05,310 - INFO - [global] Проверяю обновы...
2026-09-25 03:13:06,301 - DEBUG - [global] needs_update: raw → 5.13.07
2026-09-25 03:13:06,331 - DEBUG - [global] needs_update: API → 5.13.07
2026-09-25 03:13:06,331 - DEBUG - [global] needs_update: лучший источник raw → 5.13.07 (из 2)
2026-09-25 03:13:06,331 - INFO - [global] needs_update: local=(5, 13, 7) remote=(5, 13, 7) -> has_update=False
2026-09-25 03:13:06,331 - INFO - [global] Установлена последняя версия бота | 5.13.07
2026-09-25 03:13:18,718 - INFO - [global] LogUploader: запускаю upload_run_logs...
2026-09-25 03:13:18,718 - DEBUG - [global] log_uploader: START window=periodic made=-1 token=...Rjnfq
2026-09-25 03:13:18,718 - DEBUG - [global] log_uploader: STEP 1 SKIP (no C:\Users\PC\Desktop\L2Mauto\logs\periodic.log)
2026-09-25 03:13:18,719 - DEBUG - [global] log_uploader: STEP 2 SKIP (no PNGs)
