=== Log tail 2026-09-17T15:46:58.882266 | last 200 lines ===
2026-09-17 15:38:20,548 - DEBUG - [global] _api_put: GET runs/20260917_153817_fail_global.log -> 404
2026-09-17 15:38:22,005 - DEBUG - [global] _api_put: PUT runs/20260917_153817_fail_global.log -> 201 (19877 bytes)
2026-09-17 15:38:22,006 - DEBUG - [global] log_uploader: STEP 3 (global log) -> https://github.com/StarateJI/L2Mauto/blob/bot-logs/runs/20260917_153817_fail_global.log
2026-09-17 15:38:22,006 - DEBUG - [global] log_uploader: END window=periodic
2026-09-17 15:38:22,006 - INFO - [global] LogUploader: upload_run_logs завершён
2026-09-17 15:38:40,237 - INFO - [global] Проверяю обновы...
2026-09-17 15:38:41,086 - DEBUG - [global] needs_update: API GitHub → 5.9.1
2026-09-17 15:38:41,702 - DEBUG - [global] needs_update: raw → 5.9.1
2026-09-17 15:38:42,328 - DEBUG - [global] needs_update: jsdelivr → 5.9.0
2026-09-17 15:38:42,328 - DEBUG - [global] needs_update: лучший источник API → 5.9.1 (из 3)
2026-09-17 15:38:42,330 - INFO - [global] needs_update: local=(5, 9, 1) remote=(5, 9, 1) -> has_update=False
2026-09-17 15:38:42,330 - INFO - [global] Установлена последняя версия бота | 5.9.1
2026-09-17 15:39:12,346 - INFO - [global] Проверяю обновы...
2026-09-17 15:39:13,160 - DEBUG - [global] needs_update: API GitHub → 5.9.1
2026-09-17 15:39:13,770 - DEBUG - [global] needs_update: raw → 5.9.1
2026-09-17 15:39:14,397 - DEBUG - [global] needs_update: jsdelivr → 5.9.0
2026-09-17 15:39:14,397 - DEBUG - [global] needs_update: лучший источник API → 5.9.1 (из 3)
2026-09-17 15:39:14,399 - INFO - [global] needs_update: local=(5, 9, 1) remote=(5, 9, 1) -> has_update=False
2026-09-17 15:39:14,400 - INFO - [global] Установлена последняя версия бота | 5.9.1
2026-09-17 15:39:22,037 - INFO - [global] LogUploader: запускаю upload_run_logs...
2026-09-17 15:39:22,037 - DEBUG - [global] log_uploader: START window=periodic made=-1 token=...Rjnfq
2026-09-17 15:39:22,874 - DEBUG - [global] _api_put: GET runs/20260917_153922_fail_periodic.log -> 404
2026-09-17 15:39:24,492 - DEBUG - [global] _api_put: PUT runs/20260917_153922_fail_periodic.log -> 201 (10182 bytes)
2026-09-17 15:39:24,493 - DEBUG - [global] log_uploader: STEP 1 (window log) -> https://github.com/StarateJI/L2Mauto/blob/bot-logs/runs/20260917_153922_fail_periodic.log
2026-09-17 15:39:24,493 - DEBUG - [global] log_uploader: STEP 2 SKIP (no PNGs)
2026-09-17 15:39:25,392 - DEBUG - [global] _api_put: GET runs/20260917_153922_fail_global.log -> 404
2026-09-17 15:39:26,906 - DEBUG - [global] _api_put: PUT runs/20260917_153922_fail_global.log -> 201 (19877 bytes)
2026-09-17 15:39:26,909 - DEBUG - [global] log_uploader: STEP 3 (global log) -> https://github.com/StarateJI/L2Mauto/blob/bot-logs/runs/20260917_153922_fail_global.log
2026-09-17 15:39:26,909 - DEBUG - [global] log_uploader: END window=periodic
2026-09-17 15:39:26,909 - INFO - [global] LogUploader: upload_run_logs завершён
2026-09-17 15:39:44,419 - INFO - [global] Проверяю обновы...
2026-09-17 15:39:45,257 - DEBUG - [global] needs_update: API GitHub → 5.9.1
2026-09-17 15:39:45,862 - DEBUG - [global] needs_update: raw → 5.9.1
2026-09-17 15:39:46,494 - DEBUG - [global] needs_update: jsdelivr → 5.9.0
2026-09-17 15:39:46,494 - DEBUG - [global] needs_update: лучший источник API → 5.9.1 (из 3)
2026-09-17 15:39:46,496 - INFO - [global] needs_update: local=(5, 9, 1) remote=(5, 9, 1) -> has_update=False
2026-09-17 15:39:46,497 - INFO - [global] Установлена последняя версия бота | 5.9.1
2026-09-17 15:40:16,513 - INFO - [global] Проверяю обновы...
2026-09-17 15:40:17,329 - DEBUG - [global] needs_update: API GitHub → 5.9.1
2026-09-17 15:40:17,955 - DEBUG - [global] needs_update: raw → 5.9.1
2026-09-17 15:40:18,561 - DEBUG - [global] needs_update: jsdelivr → 5.9.0
2026-09-17 15:40:18,561 - DEBUG - [global] needs_update: лучший источник API → 5.9.1 (из 3)
2026-09-17 15:40:18,563 - INFO - [global] needs_update: local=(5, 9, 1) remote=(5, 9, 1) -> has_update=False
2026-09-17 15:40:18,563 - INFO - [global] Установлена последняя версия бота | 5.9.1
2026-09-17 15:40:26,943 - INFO - [global] LogUploader: запускаю upload_run_logs...
2026-09-17 15:40:26,944 - DEBUG - [global] log_uploader: START window=periodic made=-1 token=...Rjnfq
2026-09-17 15:40:27,773 - DEBUG - [global] _api_put: GET runs/20260917_154026_fail_periodic.log -> 404
2026-09-17 15:40:29,371 - DEBUG - [global] _api_put: PUT runs/20260917_154026_fail_periodic.log -> 201 (10182 bytes)
2026-09-17 15:40:29,374 - DEBUG - [global] log_uploader: STEP 1 (window log) -> https://github.com/StarateJI/L2Mauto/blob/bot-logs/runs/20260917_154026_fail_periodic.log
2026-09-17 15:40:29,374 - DEBUG - [global] log_uploader: STEP 2 SKIP (no PNGs)
2026-09-17 15:40:30,293 - DEBUG - [global] _api_put: GET runs/20260917_154026_fail_global.log -> 404
2026-09-17 15:40:31,932 - DEBUG - [global] _api_put: PUT runs/20260917_154026_fail_global.log -> 201 (19877 bytes)
2026-09-17 15:40:31,934 - DEBUG - [global] log_uploader: STEP 3 (global log) -> https://github.com/StarateJI/L2Mauto/blob/bot-logs/runs/20260917_154026_fail_global.log
2026-09-17 15:40:31,934 - DEBUG - [global] log_uploader: END window=periodic
2026-09-17 15:40:31,934 - INFO - [global] LogUploader: upload_run_logs завершён
2026-09-17 15:40:48,583 - INFO - [global] Проверяю обновы...
2026-09-17 15:40:49,402 - DEBUG - [global] needs_update: API GitHub → 5.9.1
2026-09-17 15:40:50,023 - DEBUG - [global] needs_update: raw → 5.9.1
2026-09-17 15:40:50,628 - DEBUG - [global] needs_update: jsdelivr → 5.9.0
2026-09-17 15:40:50,628 - DEBUG - [global] needs_update: лучший источник API → 5.9.1 (из 3)
2026-09-17 15:40:50,630 - INFO - [global] needs_update: local=(5, 9, 1) remote=(5, 9, 1) -> has_update=False
2026-09-17 15:40:50,630 - INFO - [global] Установлена последняя версия бота | 5.9.1
2026-09-17 15:41:20,645 - INFO - [global] Проверяю обновы...
2026-09-17 15:41:21,436 - DEBUG - [global] needs_update: API GitHub → 5.9.1
2026-09-17 15:41:22,024 - DEBUG - [global] needs_update: raw → 5.9.1
2026-09-17 15:41:22,654 - DEBUG - [global] needs_update: jsdelivr → 5.9.0
2026-09-17 15:41:22,654 - DEBUG - [global] needs_update: лучший источник API → 5.9.1 (из 3)
2026-09-17 15:41:22,656 - INFO - [global] needs_update: local=(5, 9, 1) remote=(5, 9, 1) -> has_update=False
2026-09-17 15:41:22,656 - INFO - [global] Установлена последняя версия бота | 5.9.1
2026-09-17 15:41:31,969 - INFO - [global] LogUploader: запускаю upload_run_logs...
2026-09-17 15:41:31,969 - DEBUG - [global] log_uploader: START window=periodic made=-1 token=...Rjnfq
2026-09-17 15:41:32,750 - DEBUG - [global] _api_put: GET runs/20260917_154131_fail_periodic.log -> 404
2026-09-17 15:41:34,240 - DEBUG - [global] _api_put: PUT runs/20260917_154131_fail_periodic.log -> 201 (10182 bytes)
2026-09-17 15:41:34,242 - DEBUG - [global] log_uploader: STEP 1 (window log) -> https://github.com/StarateJI/L2Mauto/blob/bot-logs/runs/20260917_154131_fail_periodic.log
2026-09-17 15:41:34,243 - DEBUG - [global] log_uploader: STEP 2 SKIP (no PNGs)
2026-09-17 15:41:35,162 - DEBUG - [global] _api_put: GET runs/20260917_154131_fail_global.log -> 404
2026-09-17 15:41:36,827 - DEBUG - [global] _api_put: PUT runs/20260917_154131_fail_global.log -> 201 (19877 bytes)
2026-09-17 15:41:36,829 - DEBUG - [global] log_uploader: STEP 3 (global log) -> https://github.com/StarateJI/L2Mauto/blob/bot-logs/runs/20260917_154131_fail_global.log
2026-09-17 15:41:36,829 - DEBUG - [global] log_uploader: END window=periodic
2026-09-17 15:41:36,829 - INFO - [global] LogUploader: upload_run_logs завершён
2026-09-17 15:41:52,674 - INFO - [global] Проверяю обновы...
2026-09-17 15:41:53,454 - DEBUG - [global] needs_update: API GitHub → 5.9.1
2026-09-17 15:41:54,037 - DEBUG - [global] needs_update: raw → 5.9.1
2026-09-17 15:41:54,635 - DEBUG - [global] needs_update: jsdelivr → 5.9.0
2026-09-17 15:41:54,635 - DEBUG - [global] needs_update: лучший источник API → 5.9.1 (из 3)
2026-09-17 15:41:54,637 - INFO - [global] needs_update: local=(5, 9, 1) remote=(5, 9, 1) -> has_update=False
2026-09-17 15:41:54,637 - INFO - [global] Установлена последняя версия бота | 5.9.1
2026-09-17 15:42:24,654 - INFO - [global] Проверяю обновы...
2026-09-17 15:42:25,468 - DEBUG - [global] needs_update: API GitHub → 5.9.1
2026-09-17 15:42:26,085 - DEBUG - [global] needs_update: raw → 5.9.1
2026-09-17 15:42:26,662 - DEBUG - [global] needs_update: jsdelivr → 5.9.0
2026-09-17 15:42:26,663 - DEBUG - [global] needs_update: лучший источник API → 5.9.1 (из 3)
2026-09-17 15:42:26,663 - INFO - [global] needs_update: local=(5, 9, 1) remote=(5, 9, 1) -> has_update=False
2026-09-17 15:42:26,664 - INFO - [global] Установлена последняя версия бота | 5.9.1
2026-09-17 15:42:36,863 - INFO - [global] LogUploader: запускаю upload_run_logs...
2026-09-17 15:42:36,863 - DEBUG - [global] log_uploader: START window=periodic made=-1 token=...Rjnfq
2026-09-17 15:42:37,648 - DEBUG - [global] _api_put: GET runs/20260917_154236_fail_periodic.log -> 404
2026-09-17 15:42:39,081 - DEBUG - [global] _api_put: PUT runs/20260917_154236_fail_periodic.log -> 201 (10182 bytes)
2026-09-17 15:42:39,082 - DEBUG - [global] log_uploader: STEP 1 (window log) -> https://github.com/StarateJI/L2Mauto/blob/bot-logs/runs/20260917_154236_fail_periodic.log
2026-09-17 15:42:39,082 - DEBUG - [global] log_uploader: STEP 2 SKIP (no PNGs)
2026-09-17 15:42:39,972 - DEBUG - [global] _api_put: GET runs/20260917_154236_fail_global.log -> 404
2026-09-17 15:42:41,482 - DEBUG - [global] _api_put: PUT runs/20260917_154236_fail_global.log -> 201 (19877 bytes)
2026-09-17 15:42:41,484 - DEBUG - [global] log_uploader: STEP 3 (global log) -> https://github.com/StarateJI/L2Mauto/blob/bot-logs/runs/20260917_154236_fail_global.log
2026-09-17 15:42:41,484 - DEBUG - [global] log_uploader: END window=periodic
2026-09-17 15:42:41,484 - INFO - [global] LogUploader: upload_run_logs завершён
2026-09-17 15:42:56,679 - INFO - [global] Проверяю обновы...
2026-09-17 15:42:57,471 - DEBUG - [global] needs_update: API GitHub → 5.9.1
2026-09-17 15:42:58,135 - DEBUG - [global] needs_update: raw → 5.9.1
2026-09-17 15:42:58,706 - DEBUG - [global] needs_update: jsdelivr → 5.9.0
2026-09-17 15:42:58,707 - DEBUG - [global] needs_update: лучший источник API → 5.9.1 (из 3)
2026-09-17 15:42:58,709 - INFO - [global] needs_update: local=(5, 9, 1) remote=(5, 9, 1) -> has_update=False
2026-09-17 15:42:58,710 - INFO - [global] Установлена последняя версия бота | 5.9.1
2026-09-17 15:43:28,725 - INFO - [global] Проверяю обновы...
2026-09-17 15:43:29,558 - DEBUG - [global] needs_update: API GitHub → 5.9.1
2026-09-17 15:43:30,171 - DEBUG - [global] needs_update: raw → 5.9.1
2026-09-17 15:43:30,739 - DEBUG - [global] needs_update: jsdelivr → 5.9.0
2026-09-17 15:43:30,739 - DEBUG - [global] needs_update: лучший источник API → 5.9.1 (из 3)
2026-09-17 15:43:30,741 - INFO - [global] needs_update: local=(5, 9, 1) remote=(5, 9, 1) -> has_update=False
2026-09-17 15:43:30,742 - INFO - [global] Установлена последняя версия бота | 5.9.1
2026-09-17 15:43:41,518 - INFO - [global] LogUploader: запускаю upload_run_logs...
2026-09-17 15:43:41,518 - DEBUG - [global] log_uploader: START window=periodic made=-1 token=...Rjnfq
2026-09-17 15:43:42,330 - DEBUG - [global] _api_put: GET runs/20260917_154341_fail_periodic.log -> 404
2026-09-17 15:43:43,772 - DEBUG - [global] _api_put: PUT runs/20260917_154341_fail_periodic.log -> 201 (10182 bytes)
2026-09-17 15:43:43,773 - DEBUG - [global] log_uploader: STEP 1 (window log) -> https://github.com/StarateJI/L2Mauto/blob/bot-logs/runs/20260917_154341_fail_periodic.log
2026-09-17 15:43:43,773 - DEBUG - [global] log_uploader: STEP 2 SKIP (no PNGs)
2026-09-17 15:43:44,690 - DEBUG - [global] _api_put: GET runs/20260917_154341_fail_global.log -> 404
2026-09-17 15:43:46,226 - DEBUG - [global] _api_put: PUT runs/20260917_154341_fail_global.log -> 201 (19877 bytes)
2026-09-17 15:43:46,228 - DEBUG - [global] log_uploader: STEP 3 (global log) -> https://github.com/StarateJI/L2Mauto/blob/bot-logs/runs/20260917_154341_fail_global.log
2026-09-17 15:43:46,228 - DEBUG - [global] log_uploader: END window=periodic
2026-09-17 15:43:46,228 - INFO - [global] LogUploader: upload_run_logs завершён
2026-09-17 15:44:00,762 - INFO - [global] Проверяю обновы...
2026-09-17 15:44:01,530 - DEBUG - [global] needs_update: API GitHub → 5.9.1
2026-09-17 15:44:02,157 - DEBUG - [global] needs_update: raw → 5.9.1
2026-09-17 15:44:02,726 - DEBUG - [global] needs_update: jsdelivr → 5.9.0
2026-09-17 15:44:02,727 - DEBUG - [global] needs_update: лучший источник API → 5.9.1 (из 3)
2026-09-17 15:44:02,728 - INFO - [global] needs_update: local=(5, 9, 1) remote=(5, 9, 1) -> has_update=False
2026-09-17 15:44:02,728 - INFO - [global] Установлена последняя версия бота | 5.9.1
2026-09-17 15:44:32,744 - INFO - [global] Проверяю обновы...
2026-09-17 15:44:33,561 - DEBUG - [global] needs_update: API GitHub → 5.9.1
2026-09-17 15:44:34,191 - DEBUG - [global] needs_update: raw → 5.9.1
2026-09-17 15:44:34,790 - DEBUG - [global] needs_update: jsdelivr → 5.9.0
2026-09-17 15:44:34,790 - DEBUG - [global] needs_update: лучший источник API → 5.9.1 (из 3)
2026-09-17 15:44:34,791 - INFO - [global] needs_update: local=(5, 9, 1) remote=(5, 9, 1) -> has_update=False
2026-09-17 15:44:34,792 - INFO - [global] Установлена последняя версия бота | 5.9.1
2026-09-17 15:44:46,260 - INFO - [global] LogUploader: запускаю upload_run_logs...
2026-09-17 15:44:46,261 - DEBUG - [global] log_uploader: START window=periodic made=-1 token=...Rjnfq
2026-09-17 15:44:47,074 - DEBUG - [global] _api_put: GET runs/20260917_154446_fail_periodic.log -> 404
2026-09-17 15:44:48,547 - DEBUG - [global] _api_put: PUT runs/20260917_154446_fail_periodic.log -> 201 (10182 bytes)
2026-09-17 15:44:48,550 - DEBUG - [global] log_uploader: STEP 1 (window log) -> https://github.com/StarateJI/L2Mauto/blob/bot-logs/runs/20260917_154446_fail_periodic.log
2026-09-17 15:44:48,551 - DEBUG - [global] log_uploader: STEP 2 SKIP (no PNGs)
2026-09-17 15:44:49,496 - DEBUG - [global] _api_put: GET runs/20260917_154446_fail_global.log -> 404
2026-09-17 15:44:50,995 - DEBUG - [global] _api_put: PUT runs/20260917_154446_fail_global.log -> 201 (19877 bytes)
2026-09-17 15:44:50,996 - DEBUG - [global] log_uploader: STEP 3 (global log) -> https://github.com/StarateJI/L2Mauto/blob/bot-logs/runs/20260917_154446_fail_global.log
2026-09-17 15:44:50,996 - DEBUG - [global] log_uploader: END window=periodic
2026-09-17 15:44:50,996 - INFO - [global] LogUploader: upload_run_logs завершён
2026-09-17 15:45:04,809 - INFO - [global] Проверяю обновы...
2026-09-17 15:45:05,680 - DEBUG - [global] needs_update: API GitHub → 5.9.1
2026-09-17 15:45:06,338 - DEBUG - [global] needs_update: raw → 5.9.1
2026-09-17 15:45:06,962 - DEBUG - [global] needs_update: jsdelivr → 5.9.0
2026-09-17 15:45:06,962 - DEBUG - [global] needs_update: лучший источник API → 5.9.1 (из 3)
2026-09-17 15:45:06,964 - INFO - [global] needs_update: local=(5, 9, 1) remote=(5, 9, 1) -> has_update=False
2026-09-17 15:45:06,966 - INFO - [global] Установлена последняя версия бота | 5.9.1
2026-09-17 15:45:36,978 - INFO - [global] Проверяю обновы...
2026-09-17 15:45:37,904 - DEBUG - [global] needs_update: API GitHub → 5.9.1
2026-09-17 15:45:38,557 - DEBUG - [global] needs_update: raw → 5.9.1
2026-09-17 15:45:39,194 - DEBUG - [global] needs_update: jsdelivr → 5.9.0
2026-09-17 15:45:39,194 - DEBUG - [global] needs_update: лучший источник API → 5.9.1 (из 3)
2026-09-17 15:45:39,196 - INFO - [global] needs_update: local=(5, 9, 1) remote=(5, 9, 1) -> has_update=False
2026-09-17 15:45:39,197 - INFO - [global] Установлена последняя версия бота | 5.9.1
2026-09-17 15:45:51,032 - INFO - [global] LogUploader: запускаю upload_run_logs...
2026-09-17 15:45:51,032 - DEBUG - [global] log_uploader: START window=periodic made=-1 token=...Rjnfq
2026-09-17 15:45:51,881 - DEBUG - [global] _api_put: GET runs/20260917_154551_fail_periodic.log -> 404
2026-09-17 15:45:53,378 - DEBUG - [global] _api_put: PUT runs/20260917_154551_fail_periodic.log -> 201 (10182 bytes)
2026-09-17 15:45:53,381 - DEBUG - [global] log_uploader: STEP 1 (window log) -> https://github.com/StarateJI/L2Mauto/blob/bot-logs/runs/20260917_154551_fail_periodic.log
2026-09-17 15:45:53,381 - DEBUG - [global] log_uploader: STEP 2 SKIP (no PNGs)
2026-09-17 15:45:54,329 - DEBUG - [global] _api_put: GET runs/20260917_154551_fail_global.log -> 404
2026-09-17 15:45:56,034 - DEBUG - [global] _api_put: PUT runs/20260917_154551_fail_global.log -> 201 (19877 bytes)
2026-09-17 15:45:56,036 - DEBUG - [global] log_uploader: STEP 3 (global log) -> https://github.com/StarateJI/L2Mauto/blob/bot-logs/runs/20260917_154551_fail_global.log
2026-09-17 15:45:56,036 - DEBUG - [global] log_uploader: END window=periodic
2026-09-17 15:45:56,036 - INFO - [global] LogUploader: upload_run_logs завершён
2026-09-17 15:46:09,213 - INFO - [global] Проверяю обновы...
2026-09-17 15:46:10,275 - DEBUG - [global] needs_update: API GitHub → 5.9.1
2026-09-17 15:46:11,172 - DEBUG - [global] needs_update: raw → 5.9.1
2026-09-17 15:46:11,961 - DEBUG - [global] needs_update: jsdelivr → 5.9.0
2026-09-17 15:46:11,961 - DEBUG - [global] needs_update: лучший источник API → 5.9.1 (из 3)
2026-09-17 15:46:11,965 - INFO - [global] needs_update: local=(5, 9, 1) remote=(5, 9, 1) -> has_update=False
2026-09-17 15:46:11,966 - INFO - [global] Установлена последняя версия бота | 5.9.1
2026-09-17 15:46:42,005 - INFO - [global] Проверяю обновы...
2026-09-17 15:46:43,100 - DEBUG - [global] needs_update: API GitHub → 5.9.1
2026-09-17 15:46:43,980 - DEBUG - [global] needs_update: raw → 5.9.1
2026-09-17 15:46:44,694 - DEBUG - [global] needs_update: jsdelivr → 5.9.0
2026-09-17 15:46:44,694 - DEBUG - [global] needs_update: лучший источник API → 5.9.1 (из 3)
2026-09-17 15:46:44,697 - INFO - [global] needs_update: local=(5, 9, 1) remote=(5, 9, 1) -> has_update=False
2026-09-17 15:46:44,698 - INFO - [global] Установлена последняя версия бота | 5.9.1
2026-09-17 15:46:56,086 - INFO - [global] LogUploader: запускаю upload_run_logs...
2026-09-17 15:46:56,087 - DEBUG - [global] log_uploader: START window=periodic made=-1 token=...Rjnfq
2026-09-17 15:46:57,158 - DEBUG - [global] _api_put: GET runs/20260917_154656_fail_periodic.log -> 404
2026-09-17 15:46:58,768 - DEBUG - [global] _api_put: PUT runs/20260917_154656_fail_periodic.log -> 201 (10182 bytes)
2026-09-17 15:46:58,771 - DEBUG - [global] log_uploader: STEP 1 (window log) -> https://github.com/StarateJI/L2Mauto/blob/bot-logs/runs/20260917_154656_fail_periodic.log
2026-09-17 15:46:58,772 - DEBUG - [global] log_uploader: STEP 2 SKIP (no PNGs)
