=== Log tail 2026-10-03T23:20:43.554800 | last 200 lines ===
2026-10-03 23:11:37,151 - INFO - [global] Доступна обнова! Спавню кнопку
2026-10-03 23:11:54,785 - INFO - [global] LogUploader: запускаю upload_run_logs...
2026-10-03 23:11:54,785 - DEBUG - [global] log_uploader: START window=periodic made=-1 token=...Rjnfq
2026-10-03 23:11:55,656 - DEBUG - [global] _api_put: GET runs/20261003_231154_fail_periodic.log -> 404
2026-10-03 23:11:57,434 - DEBUG - [global] _api_put: PUT runs/20261003_231154_fail_periodic.log -> 201 (3827 bytes)
2026-10-03 23:11:57,435 - DEBUG - [global] log_uploader: STEP 1 (window log) -> https://github.com/StarateJI/L2Mauto/blob/bot-logs/runs/20261003_231154_fail_periodic.log
2026-10-03 23:11:57,435 - DEBUG - [global] log_uploader: STEP 2 SKIP (no PNGs)
2026-10-03 23:11:58,346 - DEBUG - [global] _api_put: GET runs/20261003_231154_fail_global.log -> 404
2026-10-03 23:12:00,370 - DEBUG - [global] _api_put: PUT runs/20261003_231154_fail_global.log -> 201 (20575 bytes)
2026-10-03 23:12:00,371 - DEBUG - [global] log_uploader: STEP 3 (global log) -> https://github.com/StarateJI/L2Mauto/blob/bot-logs/runs/20261003_231154_fail_global.log
2026-10-03 23:12:00,371 - DEBUG - [global] log_uploader: END window=periodic
2026-10-03 23:12:00,371 - INFO - [global] LogUploader: upload_run_logs завершён
2026-10-03 23:12:07,165 - INFO - [global] Проверяю обновы...
2026-10-03 23:12:07,967 - DEBUG - [global] needs_update: raw → 5.13.09
2026-10-03 23:12:08,137 - DEBUG - [global] needs_update: API → 5.13.09
2026-10-03 23:12:08,137 - DEBUG - [global] needs_update: лучший источник raw → 5.13.09 (из 2)
2026-10-03 23:12:08,137 - INFO - [global] needs_update: local=(5, 13, 7) remote=(5, 13, 9) -> has_update=True
2026-10-03 23:12:08,137 - INFO - [global] Доступна обнова! Спавню кнопку
2026-10-03 23:12:38,152 - INFO - [global] Проверяю обновы...
2026-10-03 23:12:39,005 - DEBUG - [global] needs_update: raw → 5.13.09
2026-10-03 23:12:39,093 - DEBUG - [global] needs_update: API → 5.13.09
2026-10-03 23:12:39,094 - DEBUG - [global] needs_update: лучший источник raw → 5.13.09 (из 2)
2026-10-03 23:12:39,094 - INFO - [global] needs_update: local=(5, 13, 7) remote=(5, 13, 9) -> has_update=True
2026-10-03 23:12:39,094 - INFO - [global] Доступна обнова! Спавню кнопку
2026-10-03 23:13:00,400 - INFO - [global] LogUploader: запускаю upload_run_logs...
2026-10-03 23:13:00,401 - DEBUG - [global] log_uploader: START window=periodic made=-1 token=...Rjnfq
2026-10-03 23:13:01,252 - DEBUG - [global] _api_put: GET runs/20261003_231300_fail_periodic.log -> 404
2026-10-03 23:13:03,059 - DEBUG - [global] _api_put: PUT runs/20261003_231300_fail_periodic.log -> 201 (3827 bytes)
2026-10-03 23:13:03,062 - DEBUG - [global] log_uploader: STEP 1 (window log) -> https://github.com/StarateJI/L2Mauto/blob/bot-logs/runs/20261003_231300_fail_periodic.log
2026-10-03 23:13:03,062 - DEBUG - [global] log_uploader: STEP 2 SKIP (no PNGs)
2026-10-03 23:13:04,061 - DEBUG - [global] _api_put: GET runs/20261003_231300_fail_global.log -> 404
2026-10-03 23:13:06,019 - DEBUG - [global] _api_put: PUT runs/20261003_231300_fail_global.log -> 409 (20575 bytes)
2026-10-03 23:13:06,019 - WARNING - [global] _api_put: PUT failed body: {"message":"is at 92bb05addd65da242e326f7dfa7bdbaa0ae5064c but expected 77ce1ccf3afdd01802b3aac6ef8ed4ed760ae230","documentation_url":"https://docs.github.com/rest/repos/contents#create-or-update-file
2026-10-03 23:13:06,021 - DEBUG - [global] log_uploader: STEP 3 (global log) -> FAILED
2026-10-03 23:13:06,021 - DEBUG - [global] log_uploader: END window=periodic
2026-10-03 23:13:06,021 - INFO - [global] LogUploader: upload_run_logs завершён
2026-10-03 23:13:09,112 - INFO - [global] Проверяю обновы...
2026-10-03 23:13:09,886 - DEBUG - [global] needs_update: raw → 5.13.09
2026-10-03 23:13:10,097 - DEBUG - [global] needs_update: API → 5.13.09
2026-10-03 23:13:10,097 - DEBUG - [global] needs_update: лучший источник raw → 5.13.09 (из 2)
2026-10-03 23:13:10,097 - INFO - [global] needs_update: local=(5, 13, 7) remote=(5, 13, 9) -> has_update=True
2026-10-03 23:13:10,097 - INFO - [global] Доступна обнова! Спавню кнопку
2026-10-03 23:13:40,112 - INFO - [global] Проверяю обновы...
2026-10-03 23:13:40,905 - DEBUG - [global] needs_update: raw → 5.13.09
2026-10-03 23:13:41,076 - DEBUG - [global] needs_update: API → 5.13.09
2026-10-03 23:13:41,077 - DEBUG - [global] needs_update: лучший источник raw → 5.13.09 (из 2)
2026-10-03 23:13:41,077 - INFO - [global] needs_update: local=(5, 13, 7) remote=(5, 13, 9) -> has_update=True
2026-10-03 23:13:41,077 - INFO - [global] Доступна обнова! Спавню кнопку
2026-10-03 23:14:06,047 - INFO - [global] LogUploader: запускаю upload_run_logs...
2026-10-03 23:14:06,047 - DEBUG - [global] log_uploader: START window=periodic made=-1 token=...Rjnfq
2026-10-03 23:14:07,003 - DEBUG - [global] _api_put: GET runs/20261003_231406_fail_periodic.log -> 404
2026-10-03 23:14:08,751 - DEBUG - [global] _api_put: PUT runs/20261003_231406_fail_periodic.log -> 201 (3827 bytes)
2026-10-03 23:14:08,752 - DEBUG - [global] log_uploader: STEP 1 (window log) -> https://github.com/StarateJI/L2Mauto/blob/bot-logs/runs/20261003_231406_fail_periodic.log
2026-10-03 23:14:08,752 - DEBUG - [global] log_uploader: STEP 2 SKIP (no PNGs)
2026-10-03 23:14:09,658 - DEBUG - [global] _api_put: GET runs/20261003_231406_fail_global.log -> 404
2026-10-03 23:14:11,092 - INFO - [global] Проверяю обновы...
2026-10-03 23:14:11,896 - DEBUG - [global] needs_update: raw → 5.13.09
2026-10-03 23:14:11,903 - DEBUG - [global] _api_put: PUT runs/20261003_231406_fail_global.log -> 409 (20664 bytes)
2026-10-03 23:14:11,903 - WARNING - [global] _api_put: PUT failed body: {"message":"is at cabc3e1578930abe06598857efef84bcd2a93b80 but expected 67895aa2d1269d37e6bc2cd8e31e7b1a9d4439fb","documentation_url":"https://docs.github.com/rest/repos/contents#create-or-update-file
2026-10-03 23:14:11,905 - DEBUG - [global] log_uploader: STEP 3 (global log) -> FAILED
2026-10-03 23:14:11,905 - DEBUG - [global] log_uploader: END window=periodic
2026-10-03 23:14:11,905 - INFO - [global] LogUploader: upload_run_logs завершён
2026-10-03 23:14:12,087 - DEBUG - [global] needs_update: API → 5.13.09
2026-10-03 23:14:12,088 - DEBUG - [global] needs_update: лучший источник raw → 5.13.09 (из 2)
2026-10-03 23:14:12,088 - INFO - [global] needs_update: local=(5, 13, 7) remote=(5, 13, 9) -> has_update=True
2026-10-03 23:14:12,088 - INFO - [global] Доступна обнова! Спавню кнопку
2026-10-03 23:14:42,102 - INFO - [global] Проверяю обновы...
2026-10-03 23:14:42,866 - DEBUG - [global] needs_update: raw → 5.13.09
2026-10-03 23:14:43,067 - DEBUG - [global] needs_update: API → 5.13.09
2026-10-03 23:14:43,067 - DEBUG - [global] needs_update: лучший источник raw → 5.13.09 (из 2)
2026-10-03 23:14:43,068 - INFO - [global] needs_update: local=(5, 13, 7) remote=(5, 13, 9) -> has_update=True
2026-10-03 23:14:43,068 - INFO - [global] Доступна обнова! Спавню кнопку
2026-10-03 23:15:11,934 - INFO - [global] LogUploader: запускаю upload_run_logs...
2026-10-03 23:15:11,934 - DEBUG - [global] log_uploader: START window=periodic made=-1 token=...Rjnfq
2026-10-03 23:15:12,799 - DEBUG - [global] _api_put: GET runs/20261003_231511_fail_periodic.log -> 404
2026-10-03 23:15:13,080 - INFO - [global] Проверяю обновы...
2026-10-03 23:15:13,889 - DEBUG - [global] needs_update: raw → 5.13.09
2026-10-03 23:15:14,064 - DEBUG - [global] needs_update: API → 5.13.09
2026-10-03 23:15:14,064 - DEBUG - [global] needs_update: лучший источник raw → 5.13.09 (из 2)
2026-10-03 23:15:14,064 - INFO - [global] needs_update: local=(5, 13, 7) remote=(5, 13, 9) -> has_update=True
2026-10-03 23:15:14,064 - INFO - [global] Доступна обнова! Спавню кнопку
2026-10-03 23:15:14,677 - DEBUG - [global] _api_put: PUT runs/20261003_231511_fail_periodic.log -> 201 (3827 bytes)
2026-10-03 23:15:14,679 - DEBUG - [global] log_uploader: STEP 1 (window log) -> https://github.com/StarateJI/L2Mauto/blob/bot-logs/runs/20261003_231511_fail_periodic.log
2026-10-03 23:15:14,680 - DEBUG - [global] log_uploader: STEP 2 SKIP (no PNGs)
2026-10-03 23:15:15,631 - DEBUG - [global] _api_put: GET runs/20261003_231511_fail_global.log -> 404
2026-10-03 23:15:17,468 - DEBUG - [global] _api_put: PUT runs/20261003_231511_fail_global.log -> 201 (20664 bytes)
2026-10-03 23:15:17,470 - DEBUG - [global] log_uploader: STEP 3 (global log) -> https://github.com/StarateJI/L2Mauto/blob/bot-logs/runs/20261003_231511_fail_global.log
2026-10-03 23:15:17,470 - DEBUG - [global] log_uploader: END window=periodic
2026-10-03 23:15:17,470 - INFO - [global] LogUploader: upload_run_logs завершён
2026-10-03 23:15:44,082 - INFO - [global] Проверяю обновы...
2026-10-03 23:15:44,854 - DEBUG - [global] needs_update: raw → 5.13.09
2026-10-03 23:15:45,037 - DEBUG - [global] needs_update: API → 5.13.09
2026-10-03 23:15:45,038 - DEBUG - [global] needs_update: лучший источник raw → 5.13.09 (из 2)
2026-10-03 23:15:45,038 - INFO - [global] needs_update: local=(5, 13, 7) remote=(5, 13, 9) -> has_update=True
2026-10-03 23:15:45,038 - INFO - [global] Доступна обнова! Спавню кнопку
2026-10-03 23:16:15,051 - INFO - [global] Проверяю обновы...
2026-10-03 23:16:15,848 - DEBUG - [global] needs_update: raw → 5.13.09
2026-10-03 23:16:16,013 - DEBUG - [global] needs_update: API → 5.13.09
2026-10-03 23:16:16,013 - DEBUG - [global] needs_update: лучший источник raw → 5.13.09 (из 2)
2026-10-03 23:16:16,013 - INFO - [global] needs_update: local=(5, 13, 7) remote=(5, 13, 9) -> has_update=True
2026-10-03 23:16:16,013 - INFO - [global] Доступна обнова! Спавню кнопку
2026-10-03 23:16:17,500 - INFO - [global] LogUploader: запускаю upload_run_logs...
2026-10-03 23:16:17,500 - DEBUG - [global] log_uploader: START window=periodic made=-1 token=...Rjnfq
2026-10-03 23:16:18,420 - DEBUG - [global] _api_put: GET runs/20261003_231617_fail_periodic.log -> 404
2026-10-03 23:16:20,258 - DEBUG - [global] _api_put: PUT runs/20261003_231617_fail_periodic.log -> 201 (3827 bytes)
2026-10-03 23:16:20,260 - DEBUG - [global] log_uploader: STEP 1 (window log) -> https://github.com/StarateJI/L2Mauto/blob/bot-logs/runs/20261003_231617_fail_periodic.log
2026-10-03 23:16:20,260 - DEBUG - [global] log_uploader: STEP 2 SKIP (no PNGs)
2026-10-03 23:16:21,183 - DEBUG - [global] _api_put: GET runs/20261003_231617_fail_global.log -> 404
2026-10-03 23:16:23,259 - DEBUG - [global] _api_put: PUT runs/20261003_231617_fail_global.log -> 201 (20575 bytes)
2026-10-03 23:16:23,261 - DEBUG - [global] log_uploader: STEP 3 (global log) -> https://github.com/StarateJI/L2Mauto/blob/bot-logs/runs/20261003_231617_fail_global.log
2026-10-03 23:16:23,261 - DEBUG - [global] log_uploader: END window=periodic
2026-10-03 23:16:23,262 - INFO - [global] LogUploader: upload_run_logs завершён
2026-10-03 23:16:46,027 - INFO - [global] Проверяю обновы...
2026-10-03 23:16:46,809 - DEBUG - [global] needs_update: raw → 5.13.09
2026-10-03 23:16:46,955 - DEBUG - [global] needs_update: API → 5.13.09
2026-10-03 23:16:46,955 - DEBUG - [global] needs_update: лучший источник raw → 5.13.09 (из 2)
2026-10-03 23:16:46,955 - INFO - [global] needs_update: local=(5, 13, 7) remote=(5, 13, 9) -> has_update=True
2026-10-03 23:16:46,956 - INFO - [global] Доступна обнова! Спавню кнопку
2026-10-03 23:17:16,973 - INFO - [global] Проверяю обновы...
2026-10-03 23:17:17,778 - DEBUG - [global] needs_update: raw → 5.13.09
2026-10-03 23:17:17,950 - DEBUG - [global] needs_update: API → 5.13.09
2026-10-03 23:17:17,950 - DEBUG - [global] needs_update: лучший источник raw → 5.13.09 (из 2)
2026-10-03 23:17:17,950 - INFO - [global] needs_update: local=(5, 13, 7) remote=(5, 13, 9) -> has_update=True
2026-10-03 23:17:17,950 - INFO - [global] Доступна обнова! Спавню кнопку
2026-10-03 23:17:23,289 - INFO - [global] LogUploader: запускаю upload_run_logs...
2026-10-03 23:17:23,290 - DEBUG - [global] log_uploader: START window=periodic made=-1 token=...Rjnfq
2026-10-03 23:17:24,216 - DEBUG - [global] _api_put: GET runs/20261003_231723_fail_periodic.log -> 404
2026-10-03 23:17:25,963 - DEBUG - [global] _api_put: PUT runs/20261003_231723_fail_periodic.log -> 201 (3827 bytes)
2026-10-03 23:17:25,965 - DEBUG - [global] log_uploader: STEP 1 (window log) -> https://github.com/StarateJI/L2Mauto/blob/bot-logs/runs/20261003_231723_fail_periodic.log
2026-10-03 23:17:25,966 - DEBUG - [global] log_uploader: STEP 2 SKIP (no PNGs)
2026-10-03 23:17:26,883 - DEBUG - [global] _api_put: GET runs/20261003_231723_fail_global.log -> 404
2026-10-03 23:17:28,900 - DEBUG - [global] _api_put: PUT runs/20261003_231723_fail_global.log -> 409 (20485 bytes)
2026-10-03 23:17:28,900 - WARNING - [global] _api_put: PUT failed body: {"message":"is at 3f9ce5b2335d65678bd1e860438cec370ab8cde5 but expected 9c5c98fe57e05a08c184d2a9f7902d5ac4b5f54c","documentation_url":"https://docs.github.com/rest/repos/contents#create-or-update-file
2026-10-03 23:17:28,903 - DEBUG - [global] log_uploader: STEP 3 (global log) -> FAILED
2026-10-03 23:17:28,903 - DEBUG - [global] log_uploader: END window=periodic
2026-10-03 23:17:28,903 - INFO - [global] LogUploader: upload_run_logs завершён
2026-10-03 23:17:47,965 - INFO - [global] Проверяю обновы...
2026-10-03 23:17:48,793 - DEBUG - [global] needs_update: raw → 5.13.09
2026-10-03 23:17:48,902 - DEBUG - [global] needs_update: API → 5.13.09
2026-10-03 23:17:48,902 - DEBUG - [global] needs_update: лучший источник raw → 5.13.09 (из 2)
2026-10-03 23:17:48,902 - INFO - [global] needs_update: local=(5, 13, 7) remote=(5, 13, 9) -> has_update=True
2026-10-03 23:17:48,902 - INFO - [global] Доступна обнова! Спавню кнопку
2026-10-03 23:18:18,915 - INFO - [global] Проверяю обновы...
2026-10-03 23:18:19,727 - DEBUG - [global] needs_update: raw → 5.13.09
2026-10-03 23:18:19,891 - DEBUG - [global] needs_update: API → 5.13.09
2026-10-03 23:18:19,891 - DEBUG - [global] needs_update: лучший источник raw → 5.13.09 (из 2)
2026-10-03 23:18:19,891 - INFO - [global] needs_update: local=(5, 13, 7) remote=(5, 13, 9) -> has_update=True
2026-10-03 23:18:19,891 - INFO - [global] Доступна обнова! Спавню кнопку
2026-10-03 23:18:28,930 - INFO - [global] LogUploader: запускаю upload_run_logs...
2026-10-03 23:18:28,930 - DEBUG - [global] log_uploader: START window=periodic made=-1 token=...Rjnfq
2026-10-03 23:18:29,840 - DEBUG - [global] _api_put: GET runs/20261003_231828_fail_periodic.log -> 404
2026-10-03 23:18:31,594 - DEBUG - [global] _api_put: PUT runs/20261003_231828_fail_periodic.log -> 201 (3827 bytes)
2026-10-03 23:18:31,597 - DEBUG - [global] log_uploader: STEP 1 (window log) -> https://github.com/StarateJI/L2Mauto/blob/bot-logs/runs/20261003_231828_fail_periodic.log
2026-10-03 23:18:31,597 - DEBUG - [global] log_uploader: STEP 2 SKIP (no PNGs)
2026-10-03 23:18:32,513 - DEBUG - [global] _api_put: GET runs/20261003_231828_fail_global.log -> 404
2026-10-03 23:18:34,622 - DEBUG - [global] _api_put: PUT runs/20261003_231828_fail_global.log -> 201 (20485 bytes)
2026-10-03 23:18:34,624 - DEBUG - [global] log_uploader: STEP 3 (global log) -> https://github.com/StarateJI/L2Mauto/blob/bot-logs/runs/20261003_231828_fail_global.log
2026-10-03 23:18:34,624 - DEBUG - [global] log_uploader: END window=periodic
2026-10-03 23:18:34,624 - INFO - [global] LogUploader: upload_run_logs завершён
2026-10-03 23:18:49,905 - INFO - [global] Проверяю обновы...
2026-10-03 23:18:50,715 - DEBUG - [global] needs_update: raw → 5.13.09
2026-10-03 23:18:50,861 - DEBUG - [global] needs_update: API → 5.13.09
2026-10-03 23:18:50,861 - DEBUG - [global] needs_update: лучший источник raw → 5.13.09 (из 2)
2026-10-03 23:18:50,861 - INFO - [global] needs_update: local=(5, 13, 7) remote=(5, 13, 9) -> has_update=True
2026-10-03 23:18:50,861 - INFO - [global] Доступна обнова! Спавню кнопку
2026-10-03 23:19:20,876 - INFO - [global] Проверяю обновы...
2026-10-03 23:19:21,651 - DEBUG - [global] needs_update: raw → 5.13.09
2026-10-03 23:19:21,823 - DEBUG - [global] needs_update: API → 5.13.09
2026-10-03 23:19:21,823 - DEBUG - [global] needs_update: лучший источник raw → 5.13.09 (из 2)
2026-10-03 23:19:21,823 - INFO - [global] needs_update: local=(5, 13, 7) remote=(5, 13, 9) -> has_update=True
2026-10-03 23:19:21,823 - INFO - [global] Доступна обнова! Спавню кнопку
2026-10-03 23:19:34,658 - INFO - [global] LogUploader: запускаю upload_run_logs...
2026-10-03 23:19:34,658 - DEBUG - [global] log_uploader: START window=periodic made=-1 token=...Rjnfq
2026-10-03 23:19:35,538 - DEBUG - [global] _api_put: GET runs/20261003_231934_fail_periodic.log -> 404
2026-10-03 23:19:37,333 - DEBUG - [global] _api_put: PUT runs/20261003_231934_fail_periodic.log -> 201 (3827 bytes)
2026-10-03 23:19:37,335 - DEBUG - [global] log_uploader: STEP 1 (window log) -> https://github.com/StarateJI/L2Mauto/blob/bot-logs/runs/20261003_231934_fail_periodic.log
2026-10-03 23:19:37,336 - DEBUG - [global] log_uploader: STEP 2 SKIP (no PNGs)
2026-10-03 23:19:38,258 - DEBUG - [global] _api_put: GET runs/20261003_231934_fail_global.log -> 404
2026-10-03 23:19:40,843 - DEBUG - [global] _api_put: PUT runs/20261003_231934_fail_global.log -> 201 (20384 bytes)
2026-10-03 23:19:40,846 - DEBUG - [global] log_uploader: STEP 3 (global log) -> https://github.com/StarateJI/L2Mauto/blob/bot-logs/runs/20261003_231934_fail_global.log
2026-10-03 23:19:40,846 - DEBUG - [global] log_uploader: END window=periodic
2026-10-03 23:19:40,846 - INFO - [global] LogUploader: upload_run_logs завершён
2026-10-03 23:19:51,837 - INFO - [global] Проверяю обновы...
2026-10-03 23:19:52,622 - DEBUG - [global] needs_update: raw → 5.13.09
2026-10-03 23:19:52,815 - DEBUG - [global] needs_update: API → 5.13.09
2026-10-03 23:19:52,816 - DEBUG - [global] needs_update: лучший источник raw → 5.13.09 (из 2)
2026-10-03 23:19:52,816 - INFO - [global] needs_update: local=(5, 13, 7) remote=(5, 13, 9) -> has_update=True
2026-10-03 23:19:52,816 - INFO - [global] Доступна обнова! Спавню кнопку
2026-10-03 23:20:22,829 - INFO - [global] Проверяю обновы...
2026-10-03 23:20:23,579 - DEBUG - [global] needs_update: raw → 5.13.09
2026-10-03 23:20:23,793 - DEBUG - [global] needs_update: API → 5.13.09
2026-10-03 23:20:23,793 - DEBUG - [global] needs_update: лучший источник raw → 5.13.09 (из 2)
2026-10-03 23:20:23,793 - INFO - [global] needs_update: local=(5, 13, 7) remote=(5, 13, 9) -> has_update=True
2026-10-03 23:20:23,793 - INFO - [global] Доступна обнова! Спавню кнопку
2026-10-03 23:20:40,880 - INFO - [global] LogUploader: запускаю upload_run_logs...
2026-10-03 23:20:40,881 - DEBUG - [global] log_uploader: START window=periodic made=-1 token=...Rjnfq
2026-10-03 23:20:41,728 - DEBUG - [global] _api_put: GET runs/20261003_232040_fail_periodic.log -> 404
2026-10-03 23:20:43,510 - DEBUG - [global] _api_put: PUT runs/20261003_232040_fail_periodic.log -> 201 (3827 bytes)
2026-10-03 23:20:43,512 - DEBUG - [global] log_uploader: STEP 1 (window log) -> https://github.com/StarateJI/L2Mauto/blob/bot-logs/runs/20261003_232040_fail_periodic.log
2026-10-03 23:20:43,512 - DEBUG - [global] log_uploader: STEP 2 SKIP (no PNGs)
