=== Log tail 2026-09-17T02:14:38.644376 | last 200 lines ===
2026-09-17 02:05:59,753 - DEBUG - [global] _api_put: GET runs/20260917_020556_fail_global.log -> 404
2026-09-17 02:06:01,387 - DEBUG - [global] _api_put: PUT runs/20260917_020556_fail_global.log -> 201 (20263 bytes)
2026-09-17 02:06:01,390 - DEBUG - [global] log_uploader: STEP 3 (global log) -> https://github.com/StarateJI/L2Mauto/blob/bot-logs/runs/20260917_020556_fail_global.log
2026-09-17 02:06:01,390 - DEBUG - [global] log_uploader: END window=periodic
2026-09-17 02:06:01,390 - INFO - [global] LogUploader: upload_run_logs завершён
2026-09-17 02:06:20,668 - INFO - [global] Проверяю обновы...
2026-09-17 02:06:21,401 - DEBUG - [global] needs_update: raw → 5.9.0
2026-09-17 02:06:22,104 - DEBUG - [global] needs_update: API failed: HTTPError: 403 Client Error: rate limit exceeded for url: https://api.github.com/repos/StarateJI/L2Mauto/contents/bot/version.txt?ref=main
2026-09-17 02:06:22,742 - DEBUG - [global] needs_update: jsdelivr → 5.9.0
2026-09-17 02:06:22,742 - DEBUG - [global] needs_update: лучший источник raw → 5.9.0 (из 2)
2026-09-17 02:06:22,745 - INFO - [global] needs_update: local=(5, 7, 1) remote=(5, 9, 0) -> has_update=True
2026-09-17 02:06:22,745 - INFO - [global] Доступна обнова! Спавню кнопку
2026-09-17 02:06:52,763 - INFO - [global] Проверяю обновы...
2026-09-17 02:06:53,451 - DEBUG - [global] needs_update: raw → 5.9.0
2026-09-17 02:06:54,139 - DEBUG - [global] needs_update: API failed: HTTPError: 403 Client Error: rate limit exceeded for url: https://api.github.com/repos/StarateJI/L2Mauto/contents/bot/version.txt?ref=main
2026-09-17 02:06:54,838 - DEBUG - [global] needs_update: jsdelivr → 5.9.0
2026-09-17 02:06:54,838 - DEBUG - [global] needs_update: лучший источник raw → 5.9.0 (из 2)
2026-09-17 02:06:54,840 - INFO - [global] needs_update: local=(5, 7, 1) remote=(5, 9, 0) -> has_update=True
2026-09-17 02:06:54,840 - INFO - [global] Доступна обнова! Спавню кнопку
2026-09-17 02:07:01,423 - INFO - [global] LogUploader: запускаю upload_run_logs...
2026-09-17 02:07:01,424 - DEBUG - [global] log_uploader: START window=periodic made=-1 token=...Rjnfq
2026-09-17 02:07:02,314 - DEBUG - [global] _api_put: GET runs/20260917_020701_fail_periodic.log -> 404
2026-09-17 02:07:03,714 - DEBUG - [global] _api_put: PUT runs/20260917_020701_fail_periodic.log -> 201 (8836 bytes)
2026-09-17 02:07:03,716 - DEBUG - [global] log_uploader: STEP 1 (window log) -> https://github.com/StarateJI/L2Mauto/blob/bot-logs/runs/20260917_020701_fail_periodic.log
2026-09-17 02:07:03,716 - DEBUG - [global] log_uploader: STEP 2 SKIP (no PNGs)
2026-09-17 02:07:04,712 - DEBUG - [global] _api_put: GET runs/20260917_020701_fail_global.log -> 404
2026-09-17 02:07:06,315 - DEBUG - [global] _api_put: PUT runs/20260917_020701_fail_global.log -> 201 (20523 bytes)
2026-09-17 02:07:06,317 - DEBUG - [global] log_uploader: STEP 3 (global log) -> https://github.com/StarateJI/L2Mauto/blob/bot-logs/runs/20260917_020701_fail_global.log
2026-09-17 02:07:06,317 - DEBUG - [global] log_uploader: END window=periodic
2026-09-17 02:07:06,317 - INFO - [global] LogUploader: upload_run_logs завершён
2026-09-17 02:07:24,854 - INFO - [global] Проверяю обновы...
2026-09-17 02:07:25,550 - DEBUG - [global] needs_update: raw → 5.9.0
2026-09-17 02:07:26,258 - DEBUG - [global] needs_update: API failed: HTTPError: 403 Client Error: rate limit exceeded for url: https://api.github.com/repos/StarateJI/L2Mauto/contents/bot/version.txt?ref=main
2026-09-17 02:07:27,013 - DEBUG - [global] needs_update: jsdelivr → 5.9.0
2026-09-17 02:07:27,013 - DEBUG - [global] needs_update: лучший источник raw → 5.9.0 (из 2)
2026-09-17 02:07:27,015 - INFO - [global] needs_update: local=(5, 7, 1) remote=(5, 9, 0) -> has_update=True
2026-09-17 02:07:27,015 - INFO - [global] Доступна обнова! Спавню кнопку
2026-09-17 02:07:57,033 - INFO - [global] Проверяю обновы...
2026-09-17 02:07:57,680 - DEBUG - [global] needs_update: raw → 5.9.0
2026-09-17 02:07:58,402 - DEBUG - [global] needs_update: API failed: HTTPError: 403 Client Error: rate limit exceeded for url: https://api.github.com/repos/StarateJI/L2Mauto/contents/bot/version.txt?ref=main
2026-09-17 02:07:59,121 - DEBUG - [global] needs_update: jsdelivr → 5.9.0
2026-09-17 02:07:59,121 - DEBUG - [global] needs_update: лучший источник raw → 5.9.0 (из 2)
2026-09-17 02:07:59,124 - INFO - [global] needs_update: local=(5, 7, 1) remote=(5, 9, 0) -> has_update=True
2026-09-17 02:07:59,124 - INFO - [global] Доступна обнова! Спавню кнопку
2026-09-17 02:08:06,354 - INFO - [global] LogUploader: запускаю upload_run_logs...
2026-09-17 02:08:06,355 - DEBUG - [global] log_uploader: START window=periodic made=-1 token=...Rjnfq
2026-09-17 02:08:07,261 - DEBUG - [global] _api_put: GET runs/20260917_020806_fail_periodic.log -> 404
2026-09-17 02:08:08,754 - DEBUG - [global] _api_put: PUT runs/20260917_020806_fail_periodic.log -> 201 (8836 bytes)
2026-09-17 02:08:08,756 - DEBUG - [global] log_uploader: STEP 1 (window log) -> https://github.com/StarateJI/L2Mauto/blob/bot-logs/runs/20260917_020806_fail_periodic.log
2026-09-17 02:08:08,756 - DEBUG - [global] log_uploader: STEP 2 SKIP (no PNGs)
2026-09-17 02:08:09,691 - DEBUG - [global] _api_put: GET runs/20260917_020806_fail_global.log -> 404
2026-09-17 02:08:11,202 - DEBUG - [global] _api_put: PUT runs/20260917_020806_fail_global.log -> 201 (20783 bytes)
2026-09-17 02:08:11,204 - DEBUG - [global] log_uploader: STEP 3 (global log) -> https://github.com/StarateJI/L2Mauto/blob/bot-logs/runs/20260917_020806_fail_global.log
2026-09-17 02:08:11,204 - DEBUG - [global] log_uploader: END window=periodic
2026-09-17 02:08:11,204 - INFO - [global] LogUploader: upload_run_logs завершён
2026-09-17 02:08:29,137 - INFO - [global] Проверяю обновы...
2026-09-17 02:08:29,807 - DEBUG - [global] needs_update: raw → 5.9.0
2026-09-17 02:08:30,459 - DEBUG - [global] needs_update: API failed: HTTPError: 403 Client Error: rate limit exceeded for url: https://api.github.com/repos/StarateJI/L2Mauto/contents/bot/version.txt?ref=main
2026-09-17 02:08:31,096 - DEBUG - [global] needs_update: jsdelivr → 5.9.0
2026-09-17 02:08:31,096 - DEBUG - [global] needs_update: лучший источник raw → 5.9.0 (из 2)
2026-09-17 02:08:31,098 - INFO - [global] needs_update: local=(5, 7, 1) remote=(5, 9, 0) -> has_update=True
2026-09-17 02:08:31,098 - INFO - [global] Доступна обнова! Спавню кнопку
2026-09-17 02:09:01,113 - INFO - [global] Проверяю обновы...
2026-09-17 02:09:01,808 - DEBUG - [global] needs_update: raw → 5.9.0
2026-09-17 02:09:02,522 - DEBUG - [global] needs_update: API failed: HTTPError: 403 Client Error: rate limit exceeded for url: https://api.github.com/repos/StarateJI/L2Mauto/contents/bot/version.txt?ref=main
2026-09-17 02:09:03,235 - DEBUG - [global] needs_update: jsdelivr → 5.9.0
2026-09-17 02:09:03,236 - DEBUG - [global] needs_update: лучший источник raw → 5.9.0 (из 2)
2026-09-17 02:09:03,237 - INFO - [global] needs_update: local=(5, 7, 1) remote=(5, 9, 0) -> has_update=True
2026-09-17 02:09:03,237 - INFO - [global] Доступна обнова! Спавню кнопку
2026-09-17 02:09:11,236 - INFO - [global] LogUploader: запускаю upload_run_logs...
2026-09-17 02:09:11,237 - DEBUG - [global] log_uploader: START window=periodic made=-1 token=...Rjnfq
2026-09-17 02:09:12,187 - DEBUG - [global] _api_put: GET runs/20260917_020911_fail_periodic.log -> 404
2026-09-17 02:09:13,587 - DEBUG - [global] _api_put: PUT runs/20260917_020911_fail_periodic.log -> 201 (8836 bytes)
2026-09-17 02:09:13,589 - DEBUG - [global] log_uploader: STEP 1 (window log) -> https://github.com/StarateJI/L2Mauto/blob/bot-logs/runs/20260917_020911_fail_periodic.log
2026-09-17 02:09:13,590 - DEBUG - [global] log_uploader: STEP 2 SKIP (no PNGs)
2026-09-17 02:09:14,511 - DEBUG - [global] _api_put: GET runs/20260917_020911_fail_global.log -> 404
2026-09-17 02:09:16,115 - DEBUG - [global] _api_put: PUT runs/20260917_020911_fail_global.log -> 201 (21043 bytes)
2026-09-17 02:09:16,117 - DEBUG - [global] log_uploader: STEP 3 (global log) -> https://github.com/StarateJI/L2Mauto/blob/bot-logs/runs/20260917_020911_fail_global.log
2026-09-17 02:09:16,118 - DEBUG - [global] log_uploader: END window=periodic
2026-09-17 02:09:16,118 - INFO - [global] LogUploader: upload_run_logs завершён
2026-09-17 02:09:33,259 - INFO - [global] Проверяю обновы...
2026-09-17 02:09:34,119 - DEBUG - [global] needs_update: raw → 5.9.0
2026-09-17 02:09:34,844 - DEBUG - [global] needs_update: API failed: HTTPError: 403 Client Error: rate limit exceeded for url: https://api.github.com/repos/StarateJI/L2Mauto/contents/bot/version.txt?ref=main
2026-09-17 02:09:35,578 - DEBUG - [global] needs_update: jsdelivr → 5.9.0
2026-09-17 02:09:35,578 - DEBUG - [global] needs_update: лучший источник raw → 5.9.0 (из 2)
2026-09-17 02:09:35,581 - INFO - [global] needs_update: local=(5, 7, 1) remote=(5, 9, 0) -> has_update=True
2026-09-17 02:09:35,581 - INFO - [global] Доступна обнова! Спавню кнопку
2026-09-17 02:10:05,598 - INFO - [global] Проверяю обновы...
2026-09-17 02:10:06,283 - DEBUG - [global] needs_update: raw → 5.9.0
2026-09-17 02:10:07,007 - DEBUG - [global] needs_update: API failed: HTTPError: 403 Client Error: rate limit exceeded for url: https://api.github.com/repos/StarateJI/L2Mauto/contents/bot/version.txt?ref=main
2026-09-17 02:10:07,653 - DEBUG - [global] needs_update: jsdelivr → 5.9.0
2026-09-17 02:10:07,653 - DEBUG - [global] needs_update: лучший источник raw → 5.9.0 (из 2)
2026-09-17 02:10:07,656 - INFO - [global] needs_update: local=(5, 7, 1) remote=(5, 9, 0) -> has_update=True
2026-09-17 02:10:07,656 - INFO - [global] Доступна обнова! Спавню кнопку
2026-09-17 02:10:16,152 - INFO - [global] LogUploader: запускаю upload_run_logs...
2026-09-17 02:10:16,153 - DEBUG - [global] log_uploader: START window=periodic made=-1 token=...Rjnfq
2026-09-17 02:10:17,027 - DEBUG - [global] _api_put: GET runs/20260917_021016_fail_periodic.log -> 404
2026-09-17 02:10:18,427 - DEBUG - [global] _api_put: PUT runs/20260917_021016_fail_periodic.log -> 201 (8836 bytes)
2026-09-17 02:10:18,429 - DEBUG - [global] log_uploader: STEP 1 (window log) -> https://github.com/StarateJI/L2Mauto/blob/bot-logs/runs/20260917_021016_fail_periodic.log
2026-09-17 02:10:18,429 - DEBUG - [global] log_uploader: STEP 2 SKIP (no PNGs)
2026-09-17 02:10:19,532 - DEBUG - [global] _api_put: GET runs/20260917_021016_fail_global.log -> 404
2026-09-17 02:10:21,092 - DEBUG - [global] _api_put: PUT runs/20260917_021016_fail_global.log -> 201 (21303 bytes)
2026-09-17 02:10:21,094 - DEBUG - [global] log_uploader: STEP 3 (global log) -> https://github.com/StarateJI/L2Mauto/blob/bot-logs/runs/20260917_021016_fail_global.log
2026-09-17 02:10:21,094 - DEBUG - [global] log_uploader: END window=periodic
2026-09-17 02:10:21,094 - INFO - [global] LogUploader: upload_run_logs завершён
2026-09-17 02:10:37,671 - INFO - [global] Проверяю обновы...
2026-09-17 02:10:38,380 - DEBUG - [global] needs_update: raw → 5.9.0
2026-09-17 02:10:39,063 - DEBUG - [global] needs_update: API failed: HTTPError: 403 Client Error: rate limit exceeded for url: https://api.github.com/repos/StarateJI/L2Mauto/contents/bot/version.txt?ref=main
2026-09-17 02:10:39,772 - DEBUG - [global] needs_update: jsdelivr → 5.9.0
2026-09-17 02:10:39,772 - DEBUG - [global] needs_update: лучший источник raw → 5.9.0 (из 2)
2026-09-17 02:10:39,775 - INFO - [global] needs_update: local=(5, 7, 1) remote=(5, 9, 0) -> has_update=True
2026-09-17 02:10:39,775 - INFO - [global] Доступна обнова! Спавню кнопку
2026-09-17 02:11:09,791 - INFO - [global] Проверяю обновы...
2026-09-17 02:11:10,507 - DEBUG - [global] needs_update: raw → 5.9.0
2026-09-17 02:11:11,216 - DEBUG - [global] needs_update: API failed: HTTPError: 403 Client Error: rate limit exceeded for url: https://api.github.com/repos/StarateJI/L2Mauto/contents/bot/version.txt?ref=main
2026-09-17 02:11:11,846 - DEBUG - [global] needs_update: jsdelivr → 5.9.0
2026-09-17 02:11:11,846 - DEBUG - [global] needs_update: лучший источник raw → 5.9.0 (из 2)
2026-09-17 02:11:11,848 - INFO - [global] needs_update: local=(5, 7, 1) remote=(5, 9, 0) -> has_update=True
2026-09-17 02:11:11,848 - INFO - [global] Доступна обнова! Спавню кнопку
2026-09-17 02:11:21,127 - INFO - [global] LogUploader: запускаю upload_run_logs...
2026-09-17 02:11:21,128 - DEBUG - [global] log_uploader: START window=periodic made=-1 token=...Rjnfq
2026-09-17 02:11:22,059 - DEBUG - [global] _api_put: GET runs/20260917_021121_fail_periodic.log -> 404
2026-09-17 02:11:23,492 - DEBUG - [global] _api_put: PUT runs/20260917_021121_fail_periodic.log -> 201 (8836 bytes)
2026-09-17 02:11:23,494 - DEBUG - [global] log_uploader: STEP 1 (window log) -> https://github.com/StarateJI/L2Mauto/blob/bot-logs/runs/20260917_021121_fail_periodic.log
2026-09-17 02:11:23,495 - DEBUG - [global] log_uploader: STEP 2 SKIP (no PNGs)
2026-09-17 02:11:24,458 - DEBUG - [global] _api_put: GET runs/20260917_021121_fail_global.log -> 404
2026-09-17 02:11:26,096 - DEBUG - [global] _api_put: PUT runs/20260917_021121_fail_global.log -> 201 (21563 bytes)
2026-09-17 02:11:26,098 - DEBUG - [global] log_uploader: STEP 3 (global log) -> https://github.com/StarateJI/L2Mauto/blob/bot-logs/runs/20260917_021121_fail_global.log
2026-09-17 02:11:26,098 - DEBUG - [global] log_uploader: END window=periodic
2026-09-17 02:11:26,098 - INFO - [global] LogUploader: upload_run_logs завершён
2026-09-17 02:11:41,864 - INFO - [global] Проверяю обновы...
2026-09-17 02:11:42,547 - DEBUG - [global] needs_update: raw → 5.9.0
2026-09-17 02:11:43,236 - DEBUG - [global] needs_update: API failed: HTTPError: 403 Client Error: rate limit exceeded for url: https://api.github.com/repos/StarateJI/L2Mauto/contents/bot/version.txt?ref=main
2026-09-17 02:11:43,807 - DEBUG - [global] needs_update: jsdelivr → 5.9.0
2026-09-17 02:11:43,807 - DEBUG - [global] needs_update: лучший источник raw → 5.9.0 (из 2)
2026-09-17 02:11:43,809 - INFO - [global] needs_update: local=(5, 7, 1) remote=(5, 9, 0) -> has_update=True
2026-09-17 02:11:43,809 - INFO - [global] Доступна обнова! Спавню кнопку
2026-09-17 02:12:13,831 - INFO - [global] Проверяю обновы...
2026-09-17 02:12:14,481 - DEBUG - [global] needs_update: raw → 5.9.0
2026-09-17 02:12:15,162 - DEBUG - [global] needs_update: API failed: HTTPError: 403 Client Error: rate limit exceeded for url: https://api.github.com/repos/StarateJI/L2Mauto/contents/bot/version.txt?ref=main
2026-09-17 02:12:15,729 - DEBUG - [global] needs_update: jsdelivr → 5.9.0
2026-09-17 02:12:15,729 - DEBUG - [global] needs_update: лучший источник raw → 5.9.0 (из 2)
2026-09-17 02:12:15,732 - INFO - [global] needs_update: local=(5, 7, 1) remote=(5, 9, 0) -> has_update=True
2026-09-17 02:12:15,732 - INFO - [global] Доступна обнова! Спавню кнопку
2026-09-17 02:12:26,132 - INFO - [global] LogUploader: запускаю upload_run_logs...
2026-09-17 02:12:26,134 - DEBUG - [global] log_uploader: START window=periodic made=-1 token=...Rjnfq
2026-09-17 02:12:27,039 - DEBUG - [global] _api_put: GET runs/20260917_021226_fail_periodic.log -> 404
2026-09-17 02:12:28,486 - DEBUG - [global] _api_put: PUT runs/20260917_021226_fail_periodic.log -> 201 (8836 bytes)
2026-09-17 02:12:28,488 - DEBUG - [global] log_uploader: STEP 1 (window log) -> https://github.com/StarateJI/L2Mauto/blob/bot-logs/runs/20260917_021226_fail_periodic.log
2026-09-17 02:12:28,488 - DEBUG - [global] log_uploader: STEP 2 SKIP (no PNGs)
2026-09-17 02:12:29,419 - DEBUG - [global] _api_put: GET runs/20260917_021226_fail_global.log -> 404
2026-09-17 02:12:31,059 - DEBUG - [global] _api_put: PUT runs/20260917_021226_fail_global.log -> 201 (21693 bytes)
2026-09-17 02:12:31,061 - DEBUG - [global] log_uploader: STEP 3 (global log) -> https://github.com/StarateJI/L2Mauto/blob/bot-logs/runs/20260917_021226_fail_global.log
2026-09-17 02:12:31,061 - DEBUG - [global] log_uploader: END window=periodic
2026-09-17 02:12:31,061 - INFO - [global] LogUploader: upload_run_logs завершён
2026-09-17 02:12:45,753 - INFO - [global] Проверяю обновы...
2026-09-17 02:12:46,465 - DEBUG - [global] needs_update: raw → 5.9.0
2026-09-17 02:12:47,167 - DEBUG - [global] needs_update: API failed: HTTPError: 403 Client Error: rate limit exceeded for url: https://api.github.com/repos/StarateJI/L2Mauto/contents/bot/version.txt?ref=main
2026-09-17 02:12:47,747 - DEBUG - [global] needs_update: jsdelivr → 5.9.0
2026-09-17 02:12:47,747 - DEBUG - [global] needs_update: лучший источник raw → 5.9.0 (из 2)
2026-09-17 02:12:47,750 - INFO - [global] needs_update: local=(5, 7, 1) remote=(5, 9, 0) -> has_update=True
2026-09-17 02:12:47,750 - INFO - [global] Доступна обнова! Спавню кнопку
2026-09-17 02:13:17,767 - INFO - [global] Проверяю обновы...
2026-09-17 02:13:18,455 - DEBUG - [global] needs_update: raw → 5.9.0
2026-09-17 02:13:19,150 - DEBUG - [global] needs_update: API failed: HTTPError: 403 Client Error: rate limit exceeded for url: https://api.github.com/repos/StarateJI/L2Mauto/contents/bot/version.txt?ref=main
2026-09-17 02:13:19,779 - DEBUG - [global] needs_update: jsdelivr → 5.9.0
2026-09-17 02:13:19,779 - DEBUG - [global] needs_update: лучший источник raw → 5.9.0 (из 2)
2026-09-17 02:13:19,781 - INFO - [global] needs_update: local=(5, 7, 1) remote=(5, 9, 0) -> has_update=True
2026-09-17 02:13:19,781 - INFO - [global] Доступна обнова! Спавню кнопку
2026-09-17 02:13:31,096 - INFO - [global] LogUploader: запускаю upload_run_logs...
2026-09-17 02:13:31,097 - DEBUG - [global] log_uploader: START window=periodic made=-1 token=...Rjnfq
2026-09-17 02:13:32,026 - DEBUG - [global] _api_put: GET runs/20260917_021331_fail_periodic.log -> 404
2026-09-17 02:13:33,523 - DEBUG - [global] _api_put: PUT runs/20260917_021331_fail_periodic.log -> 201 (8836 bytes)
2026-09-17 02:13:33,525 - DEBUG - [global] log_uploader: STEP 1 (window log) -> https://github.com/StarateJI/L2Mauto/blob/bot-logs/runs/20260917_021331_fail_periodic.log
2026-09-17 02:13:33,525 - DEBUG - [global] log_uploader: STEP 2 SKIP (no PNGs)
2026-09-17 02:13:34,469 - DEBUG - [global] _api_put: GET runs/20260917_021331_fail_global.log -> 404
2026-09-17 02:13:36,117 - DEBUG - [global] _api_put: PUT runs/20260917_021331_fail_global.log -> 201 (21693 bytes)
2026-09-17 02:13:36,118 - DEBUG - [global] log_uploader: STEP 3 (global log) -> https://github.com/StarateJI/L2Mauto/blob/bot-logs/runs/20260917_021331_fail_global.log
2026-09-17 02:13:36,119 - DEBUG - [global] log_uploader: END window=periodic
2026-09-17 02:13:36,119 - INFO - [global] LogUploader: upload_run_logs завершён
2026-09-17 02:13:49,801 - INFO - [global] Проверяю обновы...
2026-09-17 02:13:50,478 - DEBUG - [global] needs_update: raw → 5.9.0
2026-09-17 02:13:51,192 - DEBUG - [global] needs_update: API failed: HTTPError: 403 Client Error: rate limit exceeded for url: https://api.github.com/repos/StarateJI/L2Mauto/contents/bot/version.txt?ref=main
2026-09-17 02:13:51,789 - DEBUG - [global] needs_update: jsdelivr → 5.9.0
2026-09-17 02:13:51,789 - DEBUG - [global] needs_update: лучший источник raw → 5.9.0 (из 2)
2026-09-17 02:13:51,792 - INFO - [global] needs_update: local=(5, 7, 1) remote=(5, 9, 0) -> has_update=True
2026-09-17 02:13:51,793 - INFO - [global] Доступна обнова! Спавню кнопку
2026-09-17 02:14:21,811 - INFO - [global] Проверяю обновы...
2026-09-17 02:14:22,480 - DEBUG - [global] needs_update: raw → 5.9.0
2026-09-17 02:14:23,163 - DEBUG - [global] needs_update: API failed: HTTPError: 403 Client Error: rate limit exceeded for url: https://api.github.com/repos/StarateJI/L2Mauto/contents/bot/version.txt?ref=main
2026-09-17 02:14:23,730 - DEBUG - [global] needs_update: jsdelivr → 5.9.0
2026-09-17 02:14:23,730 - DEBUG - [global] needs_update: лучший источник raw → 5.9.0 (из 2)
2026-09-17 02:14:23,733 - INFO - [global] needs_update: local=(5, 7, 1) remote=(5, 9, 0) -> has_update=True
2026-09-17 02:14:23,733 - INFO - [global] Доступна обнова! Спавню кнопку
2026-09-17 02:14:36,150 - INFO - [global] LogUploader: запускаю upload_run_logs...
2026-09-17 02:14:36,152 - DEBUG - [global] log_uploader: START window=periodic made=-1 token=...Rjnfq
2026-09-17 02:14:37,063 - DEBUG - [global] _api_put: GET runs/20260917_021436_fail_periodic.log -> 404
2026-09-17 02:14:38,575 - DEBUG - [global] _api_put: PUT runs/20260917_021436_fail_periodic.log -> 201 (8836 bytes)
2026-09-17 02:14:38,577 - DEBUG - [global] log_uploader: STEP 1 (window log) -> https://github.com/StarateJI/L2Mauto/blob/bot-logs/runs/20260917_021436_fail_periodic.log
2026-09-17 02:14:38,577 - DEBUG - [global] log_uploader: STEP 2 SKIP (no PNGs)
