=== Log tail 2026-10-04T08:09:40.706440 | last 200 lines ===
2026-10-04 08:01:57,397 - DEBUG - [global] log_uploader: STEP 1 (window log) -> https://github.com/StarateJI/L2Mauto/blob/bot-logs/runs/20261004_080154_fail_periodic.log
2026-10-04 08:01:57,397 - DEBUG - [global] log_uploader: STEP 2 SKIP (no PNGs)
2026-10-04 08:01:58,446 - DEBUG - [global] _api_put: GET runs/20261004_080154_fail_global.log -> 404
2026-10-04 08:02:00,463 - DEBUG - [global] _api_put: PUT runs/20261004_080154_fail_global.log -> 201 (19987 bytes)
2026-10-04 08:02:00,467 - DEBUG - [global] log_uploader: STEP 3 (global log) -> https://github.com/StarateJI/L2Mauto/blob/bot-logs/runs/20261004_080154_fail_global.log
2026-10-04 08:02:00,467 - DEBUG - [global] log_uploader: END window=periodic
2026-10-04 08:02:00,467 - INFO - [global] LogUploader: upload_run_logs завершён
2026-10-04 08:02:19,405 - INFO - [global] Проверяю обновы...
2026-10-04 08:02:20,331 - DEBUG - [global] needs_update: raw → 5.13.09
2026-10-04 08:02:20,529 - DEBUG - [global] needs_update: API → 5.13.09
2026-10-04 08:02:20,530 - DEBUG - [global] needs_update: лучший источник raw → 5.13.09 (из 2)
2026-10-04 08:02:20,530 - INFO - [global] needs_update: local=(5, 13, 7) remote=(5, 13, 9) -> has_update=True
2026-10-04 08:02:20,530 - INFO - [global] Доступна обнова! Спавню кнопку
2026-10-04 08:02:50,547 - INFO - [global] Проверяю обновы...
2026-10-04 08:02:51,519 - DEBUG - [global] needs_update: raw → 5.13.09
2026-10-04 08:02:51,650 - DEBUG - [global] needs_update: API → 5.13.09
2026-10-04 08:02:51,650 - DEBUG - [global] needs_update: лучший источник raw → 5.13.09 (из 2)
2026-10-04 08:02:51,651 - INFO - [global] needs_update: local=(5, 13, 7) remote=(5, 13, 9) -> has_update=True
2026-10-04 08:02:51,651 - INFO - [global] Доступна обнова! Спавню кнопку
2026-10-04 08:02:54,099 - INFO - [global] [-BaseProfile-] Остановил слушалку
2026-10-04 08:02:54,833 - INFO - [global] [-BaseProfile-] Остановил слушалку
2026-10-04 08:02:55,674 - INFO - [global] Пачка 5/10: завершена за 59с
2026-10-04 08:02:56,674 - INFO - [global] Пачка 6/10: старт (2 окон: ['UrcaDeLima', 'Коллектор'])
2026-10-04 08:02:56,674 - INFO - [global] Запуск через 3 сек. | ['UrcaDeLima', 'Коллектор']
2026-10-04 08:03:00,500 - INFO - [global] LogUploader: запускаю upload_run_logs...
2026-10-04 08:03:00,501 - DEBUG - [global] log_uploader: START window=periodic made=-1 token=...Rjnfq
2026-10-04 08:03:01,541 - DEBUG - [global] _api_put: GET runs/20261004_080300_fail_periodic.log -> 404
2026-10-04 08:03:03,697 - DEBUG - [global] _api_put: PUT runs/20261004_080300_fail_periodic.log -> 201 (13873 bytes)
2026-10-04 08:03:03,699 - DEBUG - [global] log_uploader: STEP 1 (window log) -> https://github.com/StarateJI/L2Mauto/blob/bot-logs/runs/20261004_080300_fail_periodic.log
2026-10-04 08:03:03,700 - DEBUG - [global] log_uploader: STEP 2 SKIP (no PNGs)
2026-10-04 08:03:04,776 - DEBUG - [global] _api_put: GET runs/20261004_080300_fail_global.log -> 404
2026-10-04 08:03:06,778 - DEBUG - [global] _api_put: PUT runs/20261004_080300_fail_global.log -> 201 (20032 bytes)
2026-10-04 08:03:06,780 - DEBUG - [global] log_uploader: STEP 3 (global log) -> https://github.com/StarateJI/L2Mauto/blob/bot-logs/runs/20261004_080300_fail_global.log
2026-10-04 08:03:06,781 - DEBUG - [global] log_uploader: END window=periodic
2026-10-04 08:03:06,781 - INFO - [global] LogUploader: upload_run_logs завершён
2026-10-04 08:03:21,667 - INFO - [global] Проверяю обновы...
2026-10-04 08:03:22,622 - DEBUG - [global] needs_update: raw → 5.13.09
2026-10-04 08:03:22,827 - DEBUG - [global] needs_update: API → 5.13.09
2026-10-04 08:03:22,827 - DEBUG - [global] needs_update: лучший источник raw → 5.13.09 (из 2)
2026-10-04 08:03:22,827 - INFO - [global] needs_update: local=(5, 13, 7) remote=(5, 13, 9) -> has_update=True
2026-10-04 08:03:22,827 - INFO - [global] Доступна обнова! Спавню кнопку
2026-10-04 08:03:52,847 - INFO - [global] Проверяю обновы...
2026-10-04 08:03:53,515 - INFO - [global] [-BaseProfile-] Остановил слушалку
2026-10-04 08:03:53,787 - DEBUG - [global] needs_update: raw → 5.13.09
2026-10-04 08:03:53,947 - DEBUG - [global] needs_update: API → 5.13.09
2026-10-04 08:03:53,947 - DEBUG - [global] needs_update: лучший источник raw → 5.13.09 (из 2)
2026-10-04 08:03:53,947 - INFO - [global] needs_update: local=(5, 13, 7) remote=(5, 13, 9) -> has_update=True
2026-10-04 08:03:53,947 - INFO - [global] Доступна обнова! Спавню кнопку
2026-10-04 08:03:54,348 - INFO - [global] [-BaseProfile-] Остановил слушалку
2026-10-04 08:03:55,214 - INFO - [global] Пачка 6/10: завершена за 59с
2026-10-04 08:03:56,214 - INFO - [global] Пачка 7/10: старт (2 окон: ['Коммуняка', 'Qiyida'])
2026-10-04 08:03:56,215 - INFO - [global] Запуск через 3 сек. | ['Коммуняка', 'Qiyida']
2026-10-04 08:04:06,814 - INFO - [global] LogUploader: запускаю upload_run_logs...
2026-10-04 08:04:06,815 - DEBUG - [global] log_uploader: START window=periodic made=-1 token=...Rjnfq
2026-10-04 08:04:07,786 - DEBUG - [global] _api_put: GET runs/20261004_080406_fail_periodic.log -> 404
2026-10-04 08:04:09,657 - DEBUG - [global] _api_put: PUT runs/20261004_080406_fail_periodic.log -> 201 (13873 bytes)
2026-10-04 08:04:09,659 - DEBUG - [global] log_uploader: STEP 1 (window log) -> https://github.com/StarateJI/L2Mauto/blob/bot-logs/runs/20261004_080406_fail_periodic.log
2026-10-04 08:04:09,659 - DEBUG - [global] log_uploader: STEP 2 SKIP (no PNGs)
2026-10-04 08:04:10,707 - DEBUG - [global] _api_put: GET runs/20261004_080406_fail_global.log -> 404
2026-10-04 08:04:12,807 - DEBUG - [global] _api_put: PUT runs/20261004_080406_fail_global.log -> 201 (19953 bytes)
2026-10-04 08:04:12,810 - DEBUG - [global] log_uploader: STEP 3 (global log) -> https://github.com/StarateJI/L2Mauto/blob/bot-logs/runs/20261004_080406_fail_global.log
2026-10-04 08:04:12,811 - DEBUG - [global] log_uploader: END window=periodic
2026-10-04 08:04:12,811 - INFO - [global] LogUploader: upload_run_logs завершён
2026-10-04 08:04:23,967 - INFO - [global] Проверяю обновы...
2026-10-04 08:04:24,887 - DEBUG - [global] needs_update: raw → 5.13.09
2026-10-04 08:04:25,064 - DEBUG - [global] needs_update: API → 5.13.09
2026-10-04 08:04:25,065 - DEBUG - [global] needs_update: лучший источник raw → 5.13.09 (из 2)
2026-10-04 08:04:25,065 - INFO - [global] needs_update: local=(5, 13, 7) remote=(5, 13, 9) -> has_update=True
2026-10-04 08:04:25,065 - INFO - [global] Доступна обнова! Спавню кнопку
2026-10-04 08:04:53,231 - INFO - [global] [-BaseProfile-] Остановил слушалку
2026-10-04 08:04:53,849 - INFO - [global] [-BaseProfile-] Остановил слушалку
2026-10-04 08:04:54,762 - INFO - [global] Пачка 7/10: завершена за 59с
2026-10-04 08:04:55,082 - INFO - [global] Проверяю обновы...
2026-10-04 08:04:55,763 - INFO - [global] Пачка 8/10: старт (2 окон: ['Jingsha', 'АкцияКБ'])
2026-10-04 08:04:55,763 - INFO - [global] Запуск через 3 сек. | ['Jingsha', 'АкцияКБ']
2026-10-04 08:04:55,930 - DEBUG - [global] needs_update: raw → 5.13.09
2026-10-04 08:04:56,111 - DEBUG - [global] needs_update: API → 5.13.09
2026-10-04 08:04:56,111 - DEBUG - [global] needs_update: лучший источник raw → 5.13.09 (из 2)
2026-10-04 08:04:56,111 - INFO - [global] needs_update: local=(5, 13, 7) remote=(5, 13, 9) -> has_update=True
2026-10-04 08:04:56,111 - INFO - [global] Доступна обнова! Спавню кнопку
2026-10-04 08:05:12,854 - INFO - [global] LogUploader: запускаю upload_run_logs...
2026-10-04 08:05:12,855 - DEBUG - [global] log_uploader: START window=periodic made=-1 token=...Rjnfq
2026-10-04 08:05:13,975 - DEBUG - [global] _api_put: GET runs/20261004_080512_fail_periodic.log -> 404
2026-10-04 08:05:15,945 - DEBUG - [global] _api_put: PUT runs/20261004_080512_fail_periodic.log -> 201 (13873 bytes)
2026-10-04 08:05:15,947 - DEBUG - [global] log_uploader: STEP 1 (window log) -> https://github.com/StarateJI/L2Mauto/blob/bot-logs/runs/20261004_080512_fail_periodic.log
2026-10-04 08:05:15,947 - DEBUG - [global] log_uploader: STEP 2 SKIP (no PNGs)
2026-10-04 08:05:17,013 - DEBUG - [global] _api_put: GET runs/20261004_080512_fail_global.log -> 404
2026-10-04 08:05:19,287 - DEBUG - [global] _api_put: PUT runs/20261004_080512_fail_global.log -> 201 (19911 bytes)
2026-10-04 08:05:19,291 - DEBUG - [global] log_uploader: STEP 3 (global log) -> https://github.com/StarateJI/L2Mauto/blob/bot-logs/runs/20261004_080512_fail_global.log
2026-10-04 08:05:19,291 - DEBUG - [global] log_uploader: END window=periodic
2026-10-04 08:05:19,291 - INFO - [global] LogUploader: upload_run_logs завершён
2026-10-04 08:05:26,128 - INFO - [global] Проверяю обновы...
2026-10-04 08:05:26,988 - DEBUG - [global] needs_update: raw → 5.13.09
2026-10-04 08:05:27,147 - DEBUG - [global] needs_update: API → 5.13.09
2026-10-04 08:05:27,148 - DEBUG - [global] needs_update: лучший источник raw → 5.13.09 (из 2)
2026-10-04 08:05:27,148 - INFO - [global] needs_update: local=(5, 13, 7) remote=(5, 13, 9) -> has_update=True
2026-10-04 08:05:27,148 - INFO - [global] Доступна обнова! Спавню кнопку
2026-10-04 08:05:52,634 - INFO - [global] [-BaseProfile-] Остановил слушалку
2026-10-04 08:05:53,416 - INFO - [global] [-BaseProfile-] Остановил слушалку
2026-10-04 08:05:54,319 - INFO - [global] Пачка 8/10: завершена за 59с
2026-10-04 08:05:55,320 - INFO - [global] Пачка 9/10: старт (2 окон: ['IQO', 'DewPew'])
2026-10-04 08:05:55,320 - INFO - [global] Запуск через 3 сек. | ['IQO', 'DewPew']
2026-10-04 08:05:57,164 - INFO - [global] Проверяю обновы...
2026-10-04 08:05:58,038 - DEBUG - [global] needs_update: raw → 5.13.09
2026-10-04 08:05:58,246 - DEBUG - [global] needs_update: API → 5.13.09
2026-10-04 08:05:58,246 - DEBUG - [global] needs_update: лучший источник raw → 5.13.09 (из 2)
2026-10-04 08:05:58,246 - INFO - [global] needs_update: local=(5, 13, 7) remote=(5, 13, 9) -> has_update=True
2026-10-04 08:05:58,246 - INFO - [global] Доступна обнова! Спавню кнопку
2026-10-04 08:06:19,325 - INFO - [global] LogUploader: запускаю upload_run_logs...
2026-10-04 08:06:19,326 - DEBUG - [global] log_uploader: START window=periodic made=-1 token=...Rjnfq
2026-10-04 08:06:20,348 - DEBUG - [global] _api_put: GET runs/20261004_080619_fail_periodic.log -> 404
2026-10-04 08:06:22,344 - DEBUG - [global] _api_put: PUT runs/20261004_080619_fail_periodic.log -> 201 (13873 bytes)
2026-10-04 08:06:22,346 - DEBUG - [global] log_uploader: STEP 1 (window log) -> https://github.com/StarateJI/L2Mauto/blob/bot-logs/runs/20261004_080619_fail_periodic.log
2026-10-04 08:06:22,346 - DEBUG - [global] log_uploader: STEP 2 SKIP (no PNGs)
2026-10-04 08:06:23,356 - DEBUG - [global] _api_put: GET runs/20261004_080619_fail_global.log -> 404
2026-10-04 08:06:25,301 - DEBUG - [global] _api_put: PUT runs/20261004_080619_fail_global.log -> 201 (19922 bytes)
2026-10-04 08:06:25,304 - DEBUG - [global] log_uploader: STEP 3 (global log) -> https://github.com/StarateJI/L2Mauto/blob/bot-logs/runs/20261004_080619_fail_global.log
2026-10-04 08:06:25,305 - DEBUG - [global] log_uploader: END window=periodic
2026-10-04 08:06:25,305 - INFO - [global] LogUploader: upload_run_logs завершён
2026-10-04 08:06:28,268 - INFO - [global] Проверяю обновы...
2026-10-04 08:06:29,159 - DEBUG - [global] needs_update: raw → 5.13.09
2026-10-04 08:06:29,305 - DEBUG - [global] needs_update: API → 5.13.09
2026-10-04 08:06:29,306 - DEBUG - [global] needs_update: лучший источник raw → 5.13.09 (из 2)
2026-10-04 08:06:29,306 - INFO - [global] needs_update: local=(5, 13, 7) remote=(5, 13, 9) -> has_update=True
2026-10-04 08:06:29,306 - INFO - [global] Доступна обнова! Спавню кнопку
2026-10-04 08:06:52,286 - INFO - [global] [-BaseProfile-] Остановил слушалку
2026-10-04 08:06:53,069 - INFO - [global] [-BaseProfile-] Остановил слушалку
2026-10-04 08:06:53,864 - INFO - [global] Пачка 9/10: завершена за 59с
2026-10-04 08:06:54,865 - INFO - [global] Пачка 10/10: старт (2 окон: ['HollyWood', 'СержантМаака'])
2026-10-04 08:06:54,866 - INFO - [global] Запуск через 3 сек. | ['HollyWood', 'СержантМаака']
2026-10-04 08:06:59,321 - INFO - [global] Проверяю обновы...
2026-10-04 08:07:00,237 - DEBUG - [global] needs_update: raw → 5.13.09
2026-10-04 08:07:00,390 - DEBUG - [global] needs_update: API → 5.13.09
2026-10-04 08:07:00,391 - DEBUG - [global] needs_update: лучший источник raw → 5.13.09 (из 2)
2026-10-04 08:07:00,391 - INFO - [global] needs_update: local=(5, 13, 7) remote=(5, 13, 9) -> has_update=True
2026-10-04 08:07:00,391 - INFO - [global] Доступна обнова! Спавню кнопку
2026-10-04 08:07:25,337 - INFO - [global] LogUploader: запускаю upload_run_logs...
2026-10-04 08:07:25,339 - DEBUG - [global] log_uploader: START window=periodic made=-1 token=...Rjnfq
2026-10-04 08:07:26,304 - DEBUG - [global] _api_put: GET runs/20261004_080725_fail_periodic.log -> 404
2026-10-04 08:07:28,472 - DEBUG - [global] _api_put: PUT runs/20261004_080725_fail_periodic.log -> 201 (13873 bytes)
2026-10-04 08:07:28,474 - DEBUG - [global] log_uploader: STEP 1 (window log) -> https://github.com/StarateJI/L2Mauto/blob/bot-logs/runs/20261004_080725_fail_periodic.log
2026-10-04 08:07:28,474 - DEBUG - [global] log_uploader: STEP 2 SKIP (no PNGs)
2026-10-04 08:07:29,447 - DEBUG - [global] _api_put: GET runs/20261004_080725_fail_global.log -> 404
2026-10-04 08:07:30,408 - INFO - [global] Проверяю обновы...
2026-10-04 08:07:31,264 - DEBUG - [global] needs_update: raw → 5.13.09
2026-10-04 08:07:31,463 - DEBUG - [global] _api_put: PUT runs/20261004_080725_fail_global.log -> 201 (20018 bytes)
2026-10-04 08:07:31,465 - DEBUG - [global] log_uploader: STEP 3 (global log) -> https://github.com/StarateJI/L2Mauto/blob/bot-logs/runs/20261004_080725_fail_global.log
2026-10-04 08:07:31,465 - DEBUG - [global] log_uploader: END window=periodic
2026-10-04 08:07:31,465 - INFO - [global] LogUploader: upload_run_logs завершён
2026-10-04 08:07:31,469 - DEBUG - [global] needs_update: API → 5.13.09
2026-10-04 08:07:31,470 - DEBUG - [global] needs_update: лучший источник raw → 5.13.09 (из 2)
2026-10-04 08:07:31,470 - INFO - [global] needs_update: local=(5, 13, 7) remote=(5, 13, 9) -> has_update=True
2026-10-04 08:07:31,470 - INFO - [global] Доступна обнова! Спавню кнопку
2026-10-04 08:07:51,819 - INFO - [global] [-BaseProfile-] Остановил слушалку
2026-10-04 08:07:52,537 - INFO - [global] [-BaseProfile-] Остановил слушалку
2026-10-04 08:07:53,404 - INFO - [global] Пачка 10/10: завершена за 59с
2026-10-04 08:07:54,405 - INFO - [global] Прогон завершён за 595с (9.9 мин). Пачек: 10.
2026-10-04 08:08:01,487 - INFO - [global] Проверяю обновы...
2026-10-04 08:08:02,373 - DEBUG - [global] needs_update: raw → 5.13.09
2026-10-04 08:08:02,500 - DEBUG - [global] needs_update: API → 5.13.09
2026-10-04 08:08:02,500 - DEBUG - [global] needs_update: лучший источник raw → 5.13.09 (из 2)
2026-10-04 08:08:02,500 - INFO - [global] needs_update: local=(5, 13, 7) remote=(5, 13, 9) -> has_update=True
2026-10-04 08:08:02,501 - INFO - [global] Доступна обнова! Спавню кнопку
2026-10-04 08:08:31,500 - INFO - [global] LogUploader: запускаю upload_run_logs...
2026-10-04 08:08:31,501 - DEBUG - [global] log_uploader: START window=periodic made=-1 token=...Rjnfq
2026-10-04 08:08:32,370 - DEBUG - [global] _api_put: GET runs/20261004_080831_fail_periodic.log -> 404
2026-10-04 08:08:32,514 - INFO - [global] Проверяю обновы...
2026-10-04 08:08:33,411 - DEBUG - [global] needs_update: raw → 5.13.09
2026-10-04 08:08:33,603 - DEBUG - [global] needs_update: API → 5.13.09
2026-10-04 08:08:33,603 - DEBUG - [global] needs_update: лучший источник raw → 5.13.09 (из 2)
2026-10-04 08:08:33,603 - INFO - [global] needs_update: local=(5, 13, 7) remote=(5, 13, 9) -> has_update=True
2026-10-04 08:08:33,603 - INFO - [global] Доступна обнова! Спавню кнопку
2026-10-04 08:08:34,609 - DEBUG - [global] _api_put: PUT runs/20261004_080831_fail_periodic.log -> 201 (13873 bytes)
2026-10-04 08:08:34,611 - DEBUG - [global] log_uploader: STEP 1 (window log) -> https://github.com/StarateJI/L2Mauto/blob/bot-logs/runs/20261004_080831_fail_periodic.log
2026-10-04 08:08:34,611 - DEBUG - [global] log_uploader: STEP 2 SKIP (no PNGs)
2026-10-04 08:08:35,544 - DEBUG - [global] _api_put: GET runs/20261004_080831_fail_global.log -> 404
2026-10-04 08:08:37,676 - DEBUG - [global] _api_put: PUT runs/20261004_080831_fail_global.log -> 201 (19892 bytes)
2026-10-04 08:08:37,678 - DEBUG - [global] log_uploader: STEP 3 (global log) -> https://github.com/StarateJI/L2Mauto/blob/bot-logs/runs/20261004_080831_fail_global.log
2026-10-04 08:08:37,678 - DEBUG - [global] log_uploader: END window=periodic
2026-10-04 08:08:37,678 - INFO - [global] LogUploader: upload_run_logs завершён
2026-10-04 08:09:03,622 - INFO - [global] Проверяю обновы...
2026-10-04 08:09:04,473 - DEBUG - [global] needs_update: raw → 5.13.09
2026-10-04 08:09:04,650 - DEBUG - [global] needs_update: API → 5.13.09
2026-10-04 08:09:04,651 - DEBUG - [global] needs_update: лучший источник raw → 5.13.09 (из 2)
2026-10-04 08:09:04,651 - INFO - [global] needs_update: local=(5, 13, 7) remote=(5, 13, 9) -> has_update=True
2026-10-04 08:09:04,651 - INFO - [global] Доступна обнова! Спавню кнопку
2026-10-04 08:09:05,499 - INFO - [global] Пачка 1/10: старт (2 окон: ['СержантМаака', 'HollyWood'])
2026-10-04 08:09:05,499 - INFO - [global] Запуск через 3 сек. | ['СержантМаака', 'HollyWood']
2026-10-04 08:09:34,667 - INFO - [global] Проверяю обновы...
2026-10-04 08:09:35,527 - DEBUG - [global] needs_update: raw → 5.13.09
2026-10-04 08:09:35,692 - DEBUG - [global] needs_update: API → 5.13.09
2026-10-04 08:09:35,693 - DEBUG - [global] needs_update: лучший источник raw → 5.13.09 (из 2)
2026-10-04 08:09:35,693 - INFO - [global] needs_update: local=(5, 13, 7) remote=(5, 13, 9) -> has_update=True
2026-10-04 08:09:35,693 - INFO - [global] Доступна обнова! Спавню кнопку
2026-10-04 08:09:37,719 - INFO - [global] LogUploader: запускаю upload_run_logs...
2026-10-04 08:09:37,720 - DEBUG - [global] log_uploader: START window=periodic made=-1 token=...Rjnfq
2026-10-04 08:09:38,642 - DEBUG - [global] _api_put: GET runs/20261004_080937_fail_periodic.log -> 404
2026-10-04 08:09:40,646 - DEBUG - [global] _api_put: PUT runs/20261004_080937_fail_periodic.log -> 201 (13873 bytes)
2026-10-04 08:09:40,648 - DEBUG - [global] log_uploader: STEP 1 (window log) -> https://github.com/StarateJI/L2Mauto/blob/bot-logs/runs/20261004_080937_fail_periodic.log
2026-10-04 08:09:40,648 - DEBUG - [global] log_uploader: STEP 2 SKIP (no PNGs)
