=== Log tail 2026-09-29T01:58:27.701163 | last 200 lines ===
2026-09-29 01:49:04,134 - INFO - [global] needs_update: local=(5, 13, 7) remote=(5, 13, 9) -> has_update=True
2026-09-29 01:49:04,134 - INFO - [global] Доступна обнова! Спавню кнопку
2026-09-29 01:49:28,516 - INFO - [global] LogUploader: запускаю upload_run_logs...
2026-09-29 01:49:28,519 - DEBUG - [global] log_uploader: START window=periodic made=-1 token=...Rjnfq
2026-09-29 01:49:29,663 - DEBUG - [global] _api_put: GET runs/20260929_014928_fail_periodic.log -> 404
2026-09-29 01:49:32,036 - DEBUG - [global] _api_put: PUT runs/20260929_014928_fail_periodic.log -> 201 (12417 bytes)
2026-09-29 01:49:32,039 - DEBUG - [global] log_uploader: STEP 1 (window log) -> https://github.com/StarateJI/L2Mauto/blob/bot-logs/runs/20260929_014928_fail_periodic.log
2026-09-29 01:49:32,041 - DEBUG - [global] log_uploader: STEP 2 SKIP (no PNGs)
2026-09-29 01:49:33,262 - DEBUG - [global] _api_put: GET runs/20260929_014928_fail_global.log -> 404
2026-09-29 01:49:34,170 - INFO - [global] Проверяю обновы...
2026-09-29 01:49:35,287 - DEBUG - [global] needs_update: raw → 5.13.09
2026-09-29 01:49:35,472 - DEBUG - [global] needs_update: API → 5.13.09
2026-09-29 01:49:35,476 - DEBUG - [global] _api_put: PUT runs/20260929_014928_fail_global.log -> 201 (20019 bytes)
2026-09-29 01:49:35,483 - DEBUG - [global] log_uploader: STEP 3 (global log) -> https://github.com/StarateJI/L2Mauto/blob/bot-logs/runs/20260929_014928_fail_global.log
2026-09-29 01:49:35,483 - DEBUG - [global] log_uploader: END window=periodic
2026-09-29 01:49:35,483 - INFO - [global] LogUploader: upload_run_logs завершён
2026-09-29 01:49:35,484 - DEBUG - [global] needs_update: лучший источник raw → 5.13.09 (из 2)
2026-09-29 01:49:35,485 - INFO - [global] needs_update: local=(5, 13, 7) remote=(5, 13, 9) -> has_update=True
2026-09-29 01:49:35,486 - INFO - [global] Доступна обнова! Спавню кнопку
2026-09-29 01:50:05,524 - INFO - [global] Проверяю обновы...
2026-09-29 01:50:06,687 - DEBUG - [global] needs_update: raw → 5.13.09
2026-09-29 01:50:07,054 - DEBUG - [global] needs_update: API → 5.13.09
2026-09-29 01:50:07,055 - DEBUG - [global] needs_update: лучший источник raw → 5.13.09 (из 2)
2026-09-29 01:50:07,056 - INFO - [global] needs_update: local=(5, 13, 7) remote=(5, 13, 9) -> has_update=True
2026-09-29 01:50:07,056 - INFO - [global] Доступна обнова! Спавню кнопку
2026-09-29 01:50:35,599 - INFO - [global] LogUploader: запускаю upload_run_logs...
2026-09-29 01:50:35,600 - DEBUG - [global] log_uploader: START window=periodic made=-1 token=...Rjnfq
2026-09-29 01:50:36,758 - DEBUG - [global] _api_put: GET runs/20260929_015035_fail_periodic.log -> 404
2026-09-29 01:50:37,124 - INFO - [global] Проверяю обновы...
2026-09-29 01:50:38,615 - DEBUG - [global] needs_update: API → 5.13.09
2026-09-29 01:50:38,752 - DEBUG - [global] needs_update: raw → 5.13.09
2026-09-29 01:50:38,753 - DEBUG - [global] needs_update: лучший источник API → 5.13.09 (из 2)
2026-09-29 01:50:38,753 - INFO - [global] needs_update: local=(5, 13, 7) remote=(5, 13, 9) -> has_update=True
2026-09-29 01:50:38,753 - INFO - [global] Доступна обнова! Спавню кнопку
2026-09-29 01:50:39,476 - DEBUG - [global] _api_put: PUT runs/20260929_015035_fail_periodic.log -> 201 (12417 bytes)
2026-09-29 01:50:39,481 - DEBUG - [global] log_uploader: STEP 1 (window log) -> https://github.com/StarateJI/L2Mauto/blob/bot-logs/runs/20260929_015035_fail_periodic.log
2026-09-29 01:50:39,482 - DEBUG - [global] log_uploader: STEP 2 SKIP (no PNGs)
2026-09-29 01:50:41,108 - DEBUG - [global] _api_put: GET runs/20260929_015035_fail_global.log -> 404
2026-09-29 01:50:44,584 - DEBUG - [global] _api_put: PUT runs/20260929_015035_fail_global.log -> 201 (19974 bytes)
2026-09-29 01:50:44,586 - DEBUG - [global] log_uploader: STEP 3 (global log) -> https://github.com/StarateJI/L2Mauto/blob/bot-logs/runs/20260929_015035_fail_global.log
2026-09-29 01:50:44,587 - DEBUG - [global] log_uploader: END window=periodic
2026-09-29 01:50:44,587 - INFO - [global] LogUploader: upload_run_logs завершён
2026-09-29 01:51:08,857 - INFO - [global] Проверяю обновы...
2026-09-29 01:51:09,874 - DEBUG - [global] needs_update: raw → 5.13.09
2026-09-29 01:51:10,117 - DEBUG - [global] needs_update: API → 5.13.09
2026-09-29 01:51:10,118 - DEBUG - [global] needs_update: лучший источник raw → 5.13.09 (из 2)
2026-09-29 01:51:10,118 - INFO - [global] needs_update: local=(5, 13, 7) remote=(5, 13, 9) -> has_update=True
2026-09-29 01:51:10,118 - INFO - [global] Доступна обнова! Спавню кнопку
2026-09-29 01:51:40,142 - INFO - [global] Проверяю обновы...
2026-09-29 01:51:41,191 - DEBUG - [global] needs_update: raw → 5.13.09
2026-09-29 01:51:41,394 - DEBUG - [global] needs_update: API → 5.13.09
2026-09-29 01:51:41,395 - DEBUG - [global] needs_update: лучший источник raw → 5.13.09 (из 2)
2026-09-29 01:51:41,395 - INFO - [global] needs_update: local=(5, 13, 7) remote=(5, 13, 9) -> has_update=True
2026-09-29 01:51:41,395 - INFO - [global] Доступна обнова! Спавню кнопку
2026-09-29 01:51:44,706 - INFO - [global] LogUploader: запускаю upload_run_logs...
2026-09-29 01:51:44,708 - DEBUG - [global] log_uploader: START window=periodic made=-1 token=...Rjnfq
2026-09-29 01:51:45,788 - DEBUG - [global] _api_put: GET runs/20260929_015144_fail_periodic.log -> 404
2026-09-29 01:51:47,979 - DEBUG - [global] _api_put: PUT runs/20260929_015144_fail_periodic.log -> 201 (12417 bytes)
2026-09-29 01:51:47,982 - DEBUG - [global] log_uploader: STEP 1 (window log) -> https://github.com/StarateJI/L2Mauto/blob/bot-logs/runs/20260929_015144_fail_periodic.log
2026-09-29 01:51:47,983 - DEBUG - [global] log_uploader: STEP 2 SKIP (no PNGs)
2026-09-29 01:51:49,117 - DEBUG - [global] _api_put: GET runs/20260929_015144_fail_global.log -> 404
2026-09-29 01:51:51,303 - DEBUG - [global] _api_put: PUT runs/20260929_015144_fail_global.log -> 201 (19974 bytes)
2026-09-29 01:51:51,305 - DEBUG - [global] log_uploader: STEP 3 (global log) -> https://github.com/StarateJI/L2Mauto/blob/bot-logs/runs/20260929_015144_fail_global.log
2026-09-29 01:51:51,305 - DEBUG - [global] log_uploader: END window=periodic
2026-09-29 01:51:51,305 - INFO - [global] LogUploader: upload_run_logs завершён
2026-09-29 01:52:11,423 - INFO - [global] Проверяю обновы...
2026-09-29 01:52:12,467 - DEBUG - [global] needs_update: raw → 5.13.09
2026-09-29 01:52:12,678 - DEBUG - [global] needs_update: API → 5.13.09
2026-09-29 01:52:12,679 - DEBUG - [global] needs_update: лучший источник raw → 5.13.09 (из 2)
2026-09-29 01:52:12,679 - INFO - [global] needs_update: local=(5, 13, 7) remote=(5, 13, 9) -> has_update=True
2026-09-29 01:52:12,679 - INFO - [global] Доступна обнова! Спавню кнопку
2026-09-29 01:52:42,706 - INFO - [global] Проверяю обновы...
2026-09-29 01:52:43,728 - DEBUG - [global] needs_update: raw → 5.13.09
2026-09-29 01:52:43,970 - DEBUG - [global] needs_update: API → 5.13.09
2026-09-29 01:52:43,970 - DEBUG - [global] needs_update: лучший источник raw → 5.13.09 (из 2)
2026-09-29 01:52:43,970 - INFO - [global] needs_update: local=(5, 13, 7) remote=(5, 13, 9) -> has_update=True
2026-09-29 01:52:43,970 - INFO - [global] Доступна обнова! Спавню кнопку
2026-09-29 01:52:51,343 - INFO - [global] LogUploader: запускаю upload_run_logs...
2026-09-29 01:52:51,345 - DEBUG - [global] log_uploader: START window=periodic made=-1 token=...Rjnfq
2026-09-29 01:52:52,468 - DEBUG - [global] _api_put: GET runs/20260929_015251_fail_periodic.log -> 404
2026-09-29 01:52:54,492 - DEBUG - [global] _api_put: PUT runs/20260929_015251_fail_periodic.log -> 201 (12417 bytes)
2026-09-29 01:52:54,495 - DEBUG - [global] log_uploader: STEP 1 (window log) -> https://github.com/StarateJI/L2Mauto/blob/bot-logs/runs/20260929_015251_fail_periodic.log
2026-09-29 01:52:54,496 - DEBUG - [global] log_uploader: STEP 2 SKIP (no PNGs)
2026-09-29 01:52:55,629 - DEBUG - [global] _api_put: GET runs/20260929_015251_fail_global.log -> 404
2026-09-29 01:52:57,819 - DEBUG - [global] _api_put: PUT runs/20260929_015251_fail_global.log -> 201 (20019 bytes)
2026-09-29 01:52:57,822 - DEBUG - [global] log_uploader: STEP 3 (global log) -> https://github.com/StarateJI/L2Mauto/blob/bot-logs/runs/20260929_015251_fail_global.log
2026-09-29 01:52:57,823 - DEBUG - [global] log_uploader: END window=periodic
2026-09-29 01:52:57,823 - INFO - [global] LogUploader: upload_run_logs завершён
2026-09-29 01:53:13,991 - INFO - [global] Проверяю обновы...
2026-09-29 01:53:14,964 - DEBUG - [global] needs_update: raw → 5.13.09
2026-09-29 01:53:15,249 - DEBUG - [global] needs_update: API → 5.13.09
2026-09-29 01:53:15,251 - DEBUG - [global] needs_update: лучший источник raw → 5.13.09 (из 2)
2026-09-29 01:53:15,251 - INFO - [global] needs_update: local=(5, 13, 7) remote=(5, 13, 9) -> has_update=True
2026-09-29 01:53:15,251 - INFO - [global] Доступна обнова! Спавню кнопку
2026-09-29 01:53:45,272 - INFO - [global] Проверяю обновы...
2026-09-29 01:53:46,468 - DEBUG - [global] needs_update: raw → 5.13.09
2026-09-29 01:53:46,474 - DEBUG - [global] needs_update: API → 5.13.09
2026-09-29 01:53:46,474 - DEBUG - [global] needs_update: лучший источник raw → 5.13.09 (из 2)
2026-09-29 01:53:46,474 - INFO - [global] needs_update: local=(5, 13, 7) remote=(5, 13, 9) -> has_update=True
2026-09-29 01:53:46,474 - INFO - [global] Доступна обнова! Спавню кнопку
2026-09-29 01:53:57,871 - INFO - [global] LogUploader: запускаю upload_run_logs...
2026-09-29 01:53:57,872 - DEBUG - [global] log_uploader: START window=periodic made=-1 token=...Rjnfq
2026-09-29 01:53:58,948 - DEBUG - [global] _api_put: GET runs/20260929_015357_fail_periodic.log -> 404
2026-09-29 01:54:01,366 - DEBUG - [global] _api_put: PUT runs/20260929_015357_fail_periodic.log -> 201 (12417 bytes)
2026-09-29 01:54:01,370 - DEBUG - [global] log_uploader: STEP 1 (window log) -> https://github.com/StarateJI/L2Mauto/blob/bot-logs/runs/20260929_015357_fail_periodic.log
2026-09-29 01:54:01,372 - DEBUG - [global] log_uploader: STEP 2 SKIP (no PNGs)
2026-09-29 01:54:02,466 - DEBUG - [global] _api_put: GET runs/20260929_015357_fail_global.log -> 404
2026-09-29 01:54:04,431 - DEBUG - [global] _api_put: PUT runs/20260929_015357_fail_global.log -> 201 (20019 bytes)
2026-09-29 01:54:04,434 - DEBUG - [global] log_uploader: STEP 3 (global log) -> https://github.com/StarateJI/L2Mauto/blob/bot-logs/runs/20260929_015357_fail_global.log
2026-09-29 01:54:04,435 - DEBUG - [global] log_uploader: END window=periodic
2026-09-29 01:54:04,435 - INFO - [global] LogUploader: upload_run_logs завершён
2026-09-29 01:54:16,498 - INFO - [global] Проверяю обновы...
2026-09-29 01:54:17,486 - DEBUG - [global] needs_update: raw → 5.13.09
2026-09-29 01:54:17,887 - DEBUG - [global] needs_update: API → 5.13.09
2026-09-29 01:54:17,888 - DEBUG - [global] needs_update: лучший источник raw → 5.13.09 (из 2)
2026-09-29 01:54:17,888 - INFO - [global] needs_update: local=(5, 13, 7) remote=(5, 13, 9) -> has_update=True
2026-09-29 01:54:17,888 - INFO - [global] Доступна обнова! Спавню кнопку
2026-09-29 01:54:47,906 - INFO - [global] Проверяю обновы...
2026-09-29 01:54:48,881 - DEBUG - [global] needs_update: raw → 5.13.09
2026-09-29 01:54:49,058 - DEBUG - [global] needs_update: API → 5.13.09
2026-09-29 01:54:49,058 - DEBUG - [global] needs_update: лучший источник raw → 5.13.09 (из 2)
2026-09-29 01:54:49,058 - INFO - [global] needs_update: local=(5, 13, 7) remote=(5, 13, 9) -> has_update=True
2026-09-29 01:54:49,058 - INFO - [global] Доступна обнова! Спавню кнопку
2026-09-29 01:55:04,471 - INFO - [global] LogUploader: запускаю upload_run_logs...
2026-09-29 01:55:04,472 - DEBUG - [global] log_uploader: START window=periodic made=-1 token=...Rjnfq
2026-09-29 01:55:05,500 - DEBUG - [global] _api_put: GET runs/20260929_015504_fail_periodic.log -> 404
2026-09-29 01:55:07,756 - DEBUG - [global] _api_put: PUT runs/20260929_015504_fail_periodic.log -> 201 (12417 bytes)
2026-09-29 01:55:07,758 - DEBUG - [global] log_uploader: STEP 1 (window log) -> https://github.com/StarateJI/L2Mauto/blob/bot-logs/runs/20260929_015504_fail_periodic.log
2026-09-29 01:55:07,758 - DEBUG - [global] log_uploader: STEP 2 SKIP (no PNGs)
2026-09-29 01:55:08,847 - DEBUG - [global] _api_put: GET runs/20260929_015504_fail_global.log -> 404
2026-09-29 01:55:10,700 - DEBUG - [global] _api_put: PUT runs/20260929_015504_fail_global.log -> 201 (20019 bytes)
2026-09-29 01:55:10,703 - DEBUG - [global] log_uploader: STEP 3 (global log) -> https://github.com/StarateJI/L2Mauto/blob/bot-logs/runs/20260929_015504_fail_global.log
2026-09-29 01:55:10,703 - DEBUG - [global] log_uploader: END window=periodic
2026-09-29 01:55:10,703 - INFO - [global] LogUploader: upload_run_logs завершён
2026-09-29 01:55:19,078 - INFO - [global] Проверяю обновы...
2026-09-29 01:55:20,101 - DEBUG - [global] needs_update: raw → 5.13.09
2026-09-29 01:55:20,265 - DEBUG - [global] needs_update: API → 5.13.09
2026-09-29 01:55:20,265 - DEBUG - [global] needs_update: лучший источник raw → 5.13.09 (из 2)
2026-09-29 01:55:20,265 - INFO - [global] needs_update: local=(5, 13, 7) remote=(5, 13, 9) -> has_update=True
2026-09-29 01:55:20,265 - INFO - [global] Доступна обнова! Спавню кнопку
2026-09-29 01:55:50,286 - INFO - [global] Проверяю обновы...
2026-09-29 01:55:51,314 - DEBUG - [global] needs_update: raw → 5.13.09
2026-09-29 01:55:51,487 - DEBUG - [global] needs_update: API → 5.13.09
2026-09-29 01:55:51,487 - DEBUG - [global] needs_update: лучший источник raw → 5.13.09 (из 2)
2026-09-29 01:55:51,487 - INFO - [global] needs_update: local=(5, 13, 7) remote=(5, 13, 9) -> has_update=True
2026-09-29 01:55:51,487 - INFO - [global] Доступна обнова! Спавню кнопку
2026-09-29 01:56:10,757 - INFO - [global] LogUploader: запускаю upload_run_logs...
2026-09-29 01:56:10,759 - DEBUG - [global] log_uploader: START window=periodic made=-1 token=...Rjnfq
2026-09-29 01:56:11,810 - DEBUG - [global] _api_put: GET runs/20260929_015610_fail_periodic.log -> 404
2026-09-29 01:56:13,887 - DEBUG - [global] _api_put: PUT runs/20260929_015610_fail_periodic.log -> 201 (12417 bytes)
2026-09-29 01:56:13,889 - DEBUG - [global] log_uploader: STEP 1 (window log) -> https://github.com/StarateJI/L2Mauto/blob/bot-logs/runs/20260929_015610_fail_periodic.log
2026-09-29 01:56:13,890 - DEBUG - [global] log_uploader: STEP 2 SKIP (no PNGs)
2026-09-29 01:56:14,985 - DEBUG - [global] _api_put: GET runs/20260929_015610_fail_global.log -> 404
2026-09-29 01:56:17,195 - DEBUG - [global] _api_put: PUT runs/20260929_015610_fail_global.log -> 201 (20019 bytes)
2026-09-29 01:56:17,197 - DEBUG - [global] log_uploader: STEP 3 (global log) -> https://github.com/StarateJI/L2Mauto/blob/bot-logs/runs/20260929_015610_fail_global.log
2026-09-29 01:56:17,197 - DEBUG - [global] log_uploader: END window=periodic
2026-09-29 01:56:17,197 - INFO - [global] LogUploader: upload_run_logs завершён
2026-09-29 01:56:21,509 - INFO - [global] Проверяю обновы...
2026-09-29 01:56:22,522 - DEBUG - [global] needs_update: raw → 5.13.09
2026-09-29 01:56:22,823 - DEBUG - [global] needs_update: API → 5.13.09
2026-09-29 01:56:22,823 - DEBUG - [global] needs_update: лучший источник raw → 5.13.09 (из 2)
2026-09-29 01:56:22,823 - INFO - [global] needs_update: local=(5, 13, 7) remote=(5, 13, 9) -> has_update=True
2026-09-29 01:56:22,823 - INFO - [global] Доступна обнова! Спавню кнопку
2026-09-29 01:56:52,844 - INFO - [global] Проверяю обновы...
2026-09-29 01:56:53,855 - DEBUG - [global] needs_update: raw → 5.13.09
2026-09-29 01:56:54,055 - DEBUG - [global] needs_update: API → 5.13.09
2026-09-29 01:56:54,055 - DEBUG - [global] needs_update: лучший источник raw → 5.13.09 (из 2)
2026-09-29 01:56:54,055 - INFO - [global] needs_update: local=(5, 13, 7) remote=(5, 13, 9) -> has_update=True
2026-09-29 01:56:54,055 - INFO - [global] Доступна обнова! Спавню кнопку
2026-09-29 01:57:17,249 - INFO - [global] LogUploader: запускаю upload_run_logs...
2026-09-29 01:57:17,251 - DEBUG - [global] log_uploader: START window=periodic made=-1 token=...Rjnfq
2026-09-29 01:57:18,346 - DEBUG - [global] _api_put: GET runs/20260929_015717_fail_periodic.log -> 404
2026-09-29 01:57:20,732 - DEBUG - [global] _api_put: PUT runs/20260929_015717_fail_periodic.log -> 201 (12417 bytes)
2026-09-29 01:57:20,735 - DEBUG - [global] log_uploader: STEP 1 (window log) -> https://github.com/StarateJI/L2Mauto/blob/bot-logs/runs/20260929_015717_fail_periodic.log
2026-09-29 01:57:20,736 - DEBUG - [global] log_uploader: STEP 2 SKIP (no PNGs)
2026-09-29 01:57:21,882 - DEBUG - [global] _api_put: GET runs/20260929_015717_fail_global.log -> 404
2026-09-29 01:57:24,081 - INFO - [global] Проверяю обновы...
2026-09-29 01:57:24,257 - DEBUG - [global] _api_put: PUT runs/20260929_015717_fail_global.log -> 201 (20019 bytes)
2026-09-29 01:57:24,260 - DEBUG - [global] log_uploader: STEP 3 (global log) -> https://github.com/StarateJI/L2Mauto/blob/bot-logs/runs/20260929_015717_fail_global.log
2026-09-29 01:57:24,260 - DEBUG - [global] log_uploader: END window=periodic
2026-09-29 01:57:24,260 - INFO - [global] LogUploader: upload_run_logs завершён
2026-09-29 01:57:25,076 - DEBUG - [global] needs_update: raw → 5.13.09
2026-09-29 01:57:25,318 - DEBUG - [global] needs_update: API → 5.13.09
2026-09-29 01:57:25,318 - DEBUG - [global] needs_update: лучший источник raw → 5.13.09 (из 2)
2026-09-29 01:57:25,318 - INFO - [global] needs_update: local=(5, 13, 7) remote=(5, 13, 9) -> has_update=True
2026-09-29 01:57:25,318 - INFO - [global] Доступна обнова! Спавню кнопку
2026-09-29 01:57:55,340 - INFO - [global] Проверяю обновы...
2026-09-29 01:57:56,401 - DEBUG - [global] needs_update: raw → 5.13.09
2026-09-29 01:57:56,588 - DEBUG - [global] needs_update: API → 5.13.09
2026-09-29 01:57:56,593 - DEBUG - [global] needs_update: лучший источник raw → 5.13.09 (из 2)
2026-09-29 01:57:56,594 - INFO - [global] needs_update: local=(5, 13, 7) remote=(5, 13, 9) -> has_update=True
2026-09-29 01:57:56,594 - INFO - [global] Доступна обнова! Спавню кнопку
2026-09-29 01:58:24,302 - INFO - [global] LogUploader: запускаю upload_run_logs...
2026-09-29 01:58:24,305 - DEBUG - [global] log_uploader: START window=periodic made=-1 token=...Rjnfq
2026-09-29 01:58:25,512 - DEBUG - [global] _api_put: GET runs/20260929_015824_fail_periodic.log -> 404
2026-09-29 01:58:26,618 - INFO - [global] Проверяю обновы...
2026-09-29 01:58:27,665 - DEBUG - [global] _api_put: PUT runs/20260929_015824_fail_periodic.log -> 201 (12417 bytes)
2026-09-29 01:58:27,668 - DEBUG - [global] log_uploader: STEP 1 (window log) -> https://github.com/StarateJI/L2Mauto/blob/bot-logs/runs/20260929_015824_fail_periodic.log
2026-09-29 01:58:27,668 - DEBUG - [global] log_uploader: STEP 2 SKIP (no PNGs)
2026-09-29 01:58:27,676 - DEBUG - [global] needs_update: raw → 5.13.09
