=== Log tail 2026-09-15T15:30:22.818366 | last 200 lines ===
2026-09-15 15:21:37,991 - DEBUG - [global] _api_put: GET runs/20260915_152134_fail_global.log -> 404
2026-09-15 15:21:39,629 - DEBUG - [global] _api_put: PUT runs/20260915_152134_fail_global.log -> 201 (21693 bytes)
2026-09-15 15:21:39,631 - DEBUG - [global] log_uploader: STEP 3 (global log) -> https://github.com/StarateJI/L2Mauto/blob/bot-logs/runs/20260915_152134_fail_global.log
2026-09-15 15:21:39,631 - DEBUG - [global] log_uploader: END window=periodic
2026-09-15 15:21:39,631 - INFO - [global] LogUploader: upload_run_logs завершён
2026-09-15 15:22:01,075 - INFO - [global] Проверяю обновы...
2026-09-15 15:22:01,973 - DEBUG - [global] needs_update: raw → 5.6.6
2026-09-15 15:22:02,864 - DEBUG - [global] needs_update: API failed: HTTPError: 403 Client Error: rate limit exceeded for url: https://api.github.com/repos/StarateJI/L2Mauto/contents/bot/version.txt?ref=main
2026-09-15 15:22:03,721 - DEBUG - [global] needs_update: jsdelivr → 5.4.2
2026-09-15 15:22:03,721 - DEBUG - [global] needs_update: лучший источник raw → 5.6.6 (из 2)
2026-09-15 15:22:03,725 - INFO - [global] needs_update: local=(5, 4, 1) remote=(5, 6, 6) -> has_update=True
2026-09-15 15:22:03,725 - INFO - [global] Доступна обнова! Спавню кнопку
2026-09-15 15:22:33,748 - INFO - [global] Проверяю обновы...
2026-09-15 15:22:34,685 - DEBUG - [global] needs_update: raw → 5.6.6
2026-09-15 15:22:35,569 - DEBUG - [global] needs_update: API failed: HTTPError: 403 Client Error: rate limit exceeded for url: https://api.github.com/repos/StarateJI/L2Mauto/contents/bot/version.txt?ref=main
2026-09-15 15:22:36,464 - DEBUG - [global] needs_update: jsdelivr → 5.4.2
2026-09-15 15:22:36,464 - DEBUG - [global] needs_update: лучший источник raw → 5.6.6 (из 2)
2026-09-15 15:22:36,468 - INFO - [global] needs_update: local=(5, 4, 1) remote=(5, 6, 6) -> has_update=True
2026-09-15 15:22:36,468 - INFO - [global] Доступна обнова! Спавню кнопку
2026-09-15 15:22:39,674 - INFO - [global] LogUploader: запускаю upload_run_logs...
2026-09-15 15:22:39,676 - DEBUG - [global] log_uploader: START window=periodic made=-1 token=...Rjnfq
2026-09-15 15:22:40,775 - DEBUG - [global] _api_put: GET runs/20260915_152239_fail_periodic.log -> 404
2026-09-15 15:22:42,428 - DEBUG - [global] _api_put: PUT runs/20260915_152239_fail_periodic.log -> 201 (8836 bytes)
2026-09-15 15:22:42,430 - DEBUG - [global] log_uploader: STEP 1 (window log) -> https://github.com/StarateJI/L2Mauto/blob/bot-logs/runs/20260915_152239_fail_periodic.log
2026-09-15 15:22:42,432 - DEBUG - [global] log_uploader: STEP 2 SKIP (no PNGs)
2026-09-15 15:22:43,512 - DEBUG - [global] _api_put: GET runs/20260915_152239_fail_global.log -> 404
2026-09-15 15:22:45,367 - DEBUG - [global] _api_put: PUT runs/20260915_152239_fail_global.log -> 201 (21693 bytes)
2026-09-15 15:22:45,371 - DEBUG - [global] log_uploader: STEP 3 (global log) -> https://github.com/StarateJI/L2Mauto/blob/bot-logs/runs/20260915_152239_fail_global.log
2026-09-15 15:22:45,371 - DEBUG - [global] log_uploader: END window=periodic
2026-09-15 15:22:45,371 - INFO - [global] LogUploader: upload_run_logs завершён
2026-09-15 15:23:06,495 - INFO - [global] Проверяю обновы...
2026-09-15 15:23:07,403 - DEBUG - [global] needs_update: raw → 5.6.6
2026-09-15 15:23:08,315 - DEBUG - [global] needs_update: API failed: HTTPError: 403 Client Error: rate limit exceeded for url: https://api.github.com/repos/StarateJI/L2Mauto/contents/bot/version.txt?ref=main
2026-09-15 15:23:09,190 - DEBUG - [global] needs_update: jsdelivr → 5.4.2
2026-09-15 15:23:09,190 - DEBUG - [global] needs_update: лучший источник raw → 5.6.6 (из 2)
2026-09-15 15:23:09,194 - INFO - [global] needs_update: local=(5, 4, 1) remote=(5, 6, 6) -> has_update=True
2026-09-15 15:23:09,194 - INFO - [global] Доступна обнова! Спавню кнопку
2026-09-15 15:23:39,220 - INFO - [global] Проверяю обновы...
2026-09-15 15:23:40,149 - DEBUG - [global] needs_update: raw → 5.6.6
2026-09-15 15:23:41,042 - DEBUG - [global] needs_update: API failed: HTTPError: 403 Client Error: rate limit exceeded for url: https://api.github.com/repos/StarateJI/L2Mauto/contents/bot/version.txt?ref=main
2026-09-15 15:23:41,941 - DEBUG - [global] needs_update: jsdelivr → 5.4.2
2026-09-15 15:23:41,941 - DEBUG - [global] needs_update: лучший источник raw → 5.6.6 (из 2)
2026-09-15 15:23:41,943 - INFO - [global] needs_update: local=(5, 4, 1) remote=(5, 6, 6) -> has_update=True
2026-09-15 15:23:41,944 - INFO - [global] Доступна обнова! Спавню кнопку
2026-09-15 15:23:45,419 - INFO - [global] LogUploader: запускаю upload_run_logs...
2026-09-15 15:23:45,422 - DEBUG - [global] log_uploader: START window=periodic made=-1 token=...Rjnfq
2026-09-15 15:23:46,502 - DEBUG - [global] _api_put: GET runs/20260915_152345_fail_periodic.log -> 404
2026-09-15 15:23:48,088 - DEBUG - [global] _api_put: PUT runs/20260915_152345_fail_periodic.log -> 201 (8836 bytes)
2026-09-15 15:23:48,092 - DEBUG - [global] log_uploader: STEP 1 (window log) -> https://github.com/StarateJI/L2Mauto/blob/bot-logs/runs/20260915_152345_fail_periodic.log
2026-09-15 15:23:48,093 - DEBUG - [global] log_uploader: STEP 2 SKIP (no PNGs)
2026-09-15 15:23:49,270 - DEBUG - [global] _api_put: GET runs/20260915_152345_fail_global.log -> 404
2026-09-15 15:23:50,992 - DEBUG - [global] _api_put: PUT runs/20260915_152345_fail_global.log -> 201 (21693 bytes)
2026-09-15 15:23:50,995 - DEBUG - [global] log_uploader: STEP 3 (global log) -> https://github.com/StarateJI/L2Mauto/blob/bot-logs/runs/20260915_152345_fail_global.log
2026-09-15 15:23:50,995 - DEBUG - [global] log_uploader: END window=periodic
2026-09-15 15:23:50,995 - INFO - [global] LogUploader: upload_run_logs завершён
2026-09-15 15:24:12,000 - INFO - [global] Проверяю обновы...
2026-09-15 15:24:12,932 - DEBUG - [global] needs_update: raw → 5.6.6
2026-09-15 15:24:13,822 - DEBUG - [global] needs_update: API failed: HTTPError: 403 Client Error: rate limit exceeded for url: https://api.github.com/repos/StarateJI/L2Mauto/contents/bot/version.txt?ref=main
2026-09-15 15:24:14,786 - DEBUG - [global] needs_update: jsdelivr → 5.4.2
2026-09-15 15:24:14,787 - DEBUG - [global] needs_update: лучший источник raw → 5.6.6 (из 2)
2026-09-15 15:24:14,789 - INFO - [global] needs_update: local=(5, 4, 1) remote=(5, 6, 6) -> has_update=True
2026-09-15 15:24:14,789 - INFO - [global] Доступна обнова! Спавню кнопку
2026-09-15 15:24:44,817 - INFO - [global] Проверяю обновы...
2026-09-15 15:24:45,763 - DEBUG - [global] needs_update: raw → 5.6.6
2026-09-15 15:24:46,653 - DEBUG - [global] needs_update: API failed: HTTPError: 403 Client Error: rate limit exceeded for url: https://api.github.com/repos/StarateJI/L2Mauto/contents/bot/version.txt?ref=main
2026-09-15 15:24:47,555 - DEBUG - [global] needs_update: jsdelivr → 5.4.2
2026-09-15 15:24:47,555 - DEBUG - [global] needs_update: лучший источник raw → 5.6.6 (из 2)
2026-09-15 15:24:47,557 - INFO - [global] needs_update: local=(5, 4, 1) remote=(5, 6, 6) -> has_update=True
2026-09-15 15:24:47,558 - INFO - [global] Доступна обнова! Спавню кнопку
2026-09-15 15:24:51,066 - INFO - [global] LogUploader: запускаю upload_run_logs...
2026-09-15 15:24:51,069 - DEBUG - [global] log_uploader: START window=periodic made=-1 token=...Rjnfq
2026-09-15 15:24:52,171 - DEBUG - [global] _api_put: GET runs/20260915_152451_fail_periodic.log -> 404
2026-09-15 15:24:53,817 - DEBUG - [global] _api_put: PUT runs/20260915_152451_fail_periodic.log -> 201 (8836 bytes)
2026-09-15 15:24:53,820 - DEBUG - [global] log_uploader: STEP 1 (window log) -> https://github.com/StarateJI/L2Mauto/blob/bot-logs/runs/20260915_152451_fail_periodic.log
2026-09-15 15:24:53,821 - DEBUG - [global] log_uploader: STEP 2 SKIP (no PNGs)
2026-09-15 15:24:54,946 - DEBUG - [global] _api_put: GET runs/20260915_152451_fail_global.log -> 404
2026-09-15 15:24:56,721 - DEBUG - [global] _api_put: PUT runs/20260915_152451_fail_global.log -> 201 (21693 bytes)
2026-09-15 15:24:56,725 - DEBUG - [global] log_uploader: STEP 3 (global log) -> https://github.com/StarateJI/L2Mauto/blob/bot-logs/runs/20260915_152451_fail_global.log
2026-09-15 15:24:56,725 - DEBUG - [global] log_uploader: END window=periodic
2026-09-15 15:24:56,725 - INFO - [global] LogUploader: upload_run_logs завершён
2026-09-15 15:25:17,586 - INFO - [global] Проверяю обновы...
2026-09-15 15:25:18,492 - DEBUG - [global] needs_update: raw → 5.6.6
2026-09-15 15:25:19,388 - DEBUG - [global] needs_update: API failed: HTTPError: 403 Client Error: rate limit exceeded for url: https://api.github.com/repos/StarateJI/L2Mauto/contents/bot/version.txt?ref=main
2026-09-15 15:25:20,295 - DEBUG - [global] needs_update: jsdelivr → 5.4.2
2026-09-15 15:25:20,295 - DEBUG - [global] needs_update: лучший источник raw → 5.6.6 (из 2)
2026-09-15 15:25:20,297 - INFO - [global] needs_update: local=(5, 4, 1) remote=(5, 6, 6) -> has_update=True
2026-09-15 15:25:20,297 - INFO - [global] Доступна обнова! Спавню кнопку
2026-09-15 15:25:50,321 - INFO - [global] Проверяю обновы...
2026-09-15 15:25:51,269 - DEBUG - [global] needs_update: raw → 5.6.7
2026-09-15 15:25:52,149 - DEBUG - [global] needs_update: API failed: HTTPError: 403 Client Error: rate limit exceeded for url: https://api.github.com/repos/StarateJI/L2Mauto/contents/bot/version.txt?ref=main
2026-09-15 15:25:53,022 - DEBUG - [global] needs_update: jsdelivr → 5.4.2
2026-09-15 15:25:53,022 - DEBUG - [global] needs_update: лучший источник raw → 5.6.7 (из 2)
2026-09-15 15:25:53,026 - INFO - [global] needs_update: local=(5, 4, 1) remote=(5, 6, 7) -> has_update=True
2026-09-15 15:25:53,026 - INFO - [global] Доступна обнова! Спавню кнопку
2026-09-15 15:25:56,774 - INFO - [global] LogUploader: запускаю upload_run_logs...
2026-09-15 15:25:56,775 - DEBUG - [global] log_uploader: START window=periodic made=-1 token=...Rjnfq
2026-09-15 15:25:57,840 - DEBUG - [global] _api_put: GET runs/20260915_152556_fail_periodic.log -> 404
2026-09-15 15:25:59,472 - DEBUG - [global] _api_put: PUT runs/20260915_152556_fail_periodic.log -> 201 (8836 bytes)
2026-09-15 15:25:59,476 - DEBUG - [global] log_uploader: STEP 1 (window log) -> https://github.com/StarateJI/L2Mauto/blob/bot-logs/runs/20260915_152556_fail_periodic.log
2026-09-15 15:25:59,476 - DEBUG - [global] log_uploader: STEP 2 SKIP (no PNGs)
2026-09-15 15:26:00,629 - DEBUG - [global] _api_put: GET runs/20260915_152556_fail_global.log -> 404
2026-09-15 15:26:02,475 - DEBUG - [global] _api_put: PUT runs/20260915_152556_fail_global.log -> 201 (21693 bytes)
2026-09-15 15:26:02,478 - DEBUG - [global] log_uploader: STEP 3 (global log) -> https://github.com/StarateJI/L2Mauto/blob/bot-logs/runs/20260915_152556_fail_global.log
2026-09-15 15:26:02,479 - DEBUG - [global] log_uploader: END window=periodic
2026-09-15 15:26:02,479 - INFO - [global] LogUploader: upload_run_logs завершён
2026-09-15 15:26:23,056 - INFO - [global] Проверяю обновы...
2026-09-15 15:26:23,981 - DEBUG - [global] needs_update: raw → 5.6.7
2026-09-15 15:26:24,875 - DEBUG - [global] needs_update: API failed: HTTPError: 403 Client Error: rate limit exceeded for url: https://api.github.com/repos/StarateJI/L2Mauto/contents/bot/version.txt?ref=main
2026-09-15 15:26:25,766 - DEBUG - [global] needs_update: jsdelivr → 5.4.2
2026-09-15 15:26:25,767 - DEBUG - [global] needs_update: лучший источник raw → 5.6.7 (из 2)
2026-09-15 15:26:25,770 - INFO - [global] needs_update: local=(5, 4, 1) remote=(5, 6, 7) -> has_update=True
2026-09-15 15:26:25,770 - INFO - [global] Доступна обнова! Спавню кнопку
2026-09-15 15:26:55,794 - INFO - [global] Проверяю обновы...
2026-09-15 15:26:56,712 - DEBUG - [global] needs_update: raw → 5.6.7
2026-09-15 15:26:57,574 - DEBUG - [global] needs_update: API failed: HTTPError: 403 Client Error: rate limit exceeded for url: https://api.github.com/repos/StarateJI/L2Mauto/contents/bot/version.txt?ref=main
2026-09-15 15:26:58,441 - DEBUG - [global] needs_update: jsdelivr → 5.4.2
2026-09-15 15:26:58,441 - DEBUG - [global] needs_update: лучший источник raw → 5.6.7 (из 2)
2026-09-15 15:26:58,443 - INFO - [global] needs_update: local=(5, 4, 1) remote=(5, 6, 7) -> has_update=True
2026-09-15 15:26:58,443 - INFO - [global] Доступна обнова! Спавню кнопку
2026-09-15 15:27:02,537 - INFO - [global] LogUploader: запускаю upload_run_logs...
2026-09-15 15:27:02,540 - DEBUG - [global] log_uploader: START window=periodic made=-1 token=...Rjnfq
2026-09-15 15:27:03,602 - DEBUG - [global] _api_put: GET runs/20260915_152702_fail_periodic.log -> 404
2026-09-15 15:27:05,136 - DEBUG - [global] _api_put: PUT runs/20260915_152702_fail_periodic.log -> 201 (8836 bytes)
2026-09-15 15:27:05,138 - DEBUG - [global] log_uploader: STEP 1 (window log) -> https://github.com/StarateJI/L2Mauto/blob/bot-logs/runs/20260915_152702_fail_periodic.log
2026-09-15 15:27:05,139 - DEBUG - [global] log_uploader: STEP 2 SKIP (no PNGs)
2026-09-15 15:27:06,264 - DEBUG - [global] _api_put: GET runs/20260915_152702_fail_global.log -> 404
2026-09-15 15:27:08,092 - DEBUG - [global] _api_put: PUT runs/20260915_152702_fail_global.log -> 201 (21693 bytes)
2026-09-15 15:27:08,095 - DEBUG - [global] log_uploader: STEP 3 (global log) -> https://github.com/StarateJI/L2Mauto/blob/bot-logs/runs/20260915_152702_fail_global.log
2026-09-15 15:27:08,095 - DEBUG - [global] log_uploader: END window=periodic
2026-09-15 15:27:08,095 - INFO - [global] LogUploader: upload_run_logs завершён
2026-09-15 15:27:28,478 - INFO - [global] Проверяю обновы...
2026-09-15 15:27:29,885 - DEBUG - [global] needs_update: raw → 5.6.7
2026-09-15 15:27:30,770 - DEBUG - [global] needs_update: API failed: HTTPError: 403 Client Error: rate limit exceeded for url: https://api.github.com/repos/StarateJI/L2Mauto/contents/bot/version.txt?ref=main
2026-09-15 15:27:31,680 - DEBUG - [global] needs_update: jsdelivr → 5.4.2
2026-09-15 15:27:31,680 - DEBUG - [global] needs_update: лучший источник raw → 5.6.7 (из 2)
2026-09-15 15:27:31,682 - INFO - [global] needs_update: local=(5, 4, 1) remote=(5, 6, 7) -> has_update=True
2026-09-15 15:27:31,682 - INFO - [global] Доступна обнова! Спавню кнопку
2026-09-15 15:28:01,715 - INFO - [global] Проверяю обновы...
2026-09-15 15:28:02,621 - DEBUG - [global] needs_update: raw → 5.6.7
2026-09-15 15:28:03,548 - DEBUG - [global] needs_update: API failed: HTTPError: 403 Client Error: rate limit exceeded for url: https://api.github.com/repos/StarateJI/L2Mauto/contents/bot/version.txt?ref=main
2026-09-15 15:28:04,415 - DEBUG - [global] needs_update: jsdelivr → 5.4.2
2026-09-15 15:28:04,415 - DEBUG - [global] needs_update: лучший источник raw → 5.6.7 (из 2)
2026-09-15 15:28:04,419 - INFO - [global] needs_update: local=(5, 4, 1) remote=(5, 6, 7) -> has_update=True
2026-09-15 15:28:04,419 - INFO - [global] Доступна обнова! Спавню кнопку
2026-09-15 15:28:08,153 - INFO - [global] LogUploader: запускаю upload_run_logs...
2026-09-15 15:28:08,155 - DEBUG - [global] log_uploader: START window=periodic made=-1 token=...Rjnfq
2026-09-15 15:28:09,231 - DEBUG - [global] _api_put: GET runs/20260915_152808_fail_periodic.log -> 404
2026-09-15 15:28:10,846 - DEBUG - [global] _api_put: PUT runs/20260915_152808_fail_periodic.log -> 201 (8836 bytes)
2026-09-15 15:28:10,850 - DEBUG - [global] log_uploader: STEP 1 (window log) -> https://github.com/StarateJI/L2Mauto/blob/bot-logs/runs/20260915_152808_fail_periodic.log
2026-09-15 15:28:10,851 - DEBUG - [global] log_uploader: STEP 2 SKIP (no PNGs)
2026-09-15 15:28:11,990 - DEBUG - [global] _api_put: GET runs/20260915_152808_fail_global.log -> 404
2026-09-15 15:28:14,013 - DEBUG - [global] _api_put: PUT runs/20260915_152808_fail_global.log -> 201 (21693 bytes)
2026-09-15 15:28:14,017 - DEBUG - [global] log_uploader: STEP 3 (global log) -> https://github.com/StarateJI/L2Mauto/blob/bot-logs/runs/20260915_152808_fail_global.log
2026-09-15 15:28:14,017 - DEBUG - [global] log_uploader: END window=periodic
2026-09-15 15:28:14,017 - INFO - [global] LogUploader: upload_run_logs завершён
2026-09-15 15:28:34,445 - INFO - [global] Проверяю обновы...
2026-09-15 15:28:35,350 - DEBUG - [global] needs_update: raw → 5.6.7
2026-09-15 15:28:36,224 - DEBUG - [global] needs_update: API failed: HTTPError: 403 Client Error: rate limit exceeded for url: https://api.github.com/repos/StarateJI/L2Mauto/contents/bot/version.txt?ref=main
2026-09-15 15:28:37,142 - DEBUG - [global] needs_update: jsdelivr → 5.4.2
2026-09-15 15:28:37,142 - DEBUG - [global] needs_update: лучший источник raw → 5.6.7 (из 2)
2026-09-15 15:28:37,146 - INFO - [global] needs_update: local=(5, 4, 1) remote=(5, 6, 7) -> has_update=True
2026-09-15 15:28:37,146 - INFO - [global] Доступна обнова! Спавню кнопку
2026-09-15 15:29:07,179 - INFO - [global] Проверяю обновы...
2026-09-15 15:29:08,085 - DEBUG - [global] needs_update: raw → 5.6.7
2026-09-15 15:29:08,982 - DEBUG - [global] needs_update: API failed: HTTPError: 403 Client Error: rate limit exceeded for url: https://api.github.com/repos/StarateJI/L2Mauto/contents/bot/version.txt?ref=main
2026-09-15 15:29:09,925 - DEBUG - [global] needs_update: jsdelivr → 5.4.2
2026-09-15 15:29:09,925 - DEBUG - [global] needs_update: лучший источник raw → 5.6.7 (из 2)
2026-09-15 15:29:09,928 - INFO - [global] needs_update: local=(5, 4, 1) remote=(5, 6, 7) -> has_update=True
2026-09-15 15:29:09,928 - INFO - [global] Доступна обнова! Спавню кнопку
2026-09-15 15:29:14,072 - INFO - [global] LogUploader: запускаю upload_run_logs...
2026-09-15 15:29:14,073 - DEBUG - [global] log_uploader: START window=periodic made=-1 token=...Rjnfq
2026-09-15 15:29:15,178 - DEBUG - [global] _api_put: GET runs/20260915_152914_fail_periodic.log -> 404
2026-09-15 15:29:16,815 - DEBUG - [global] _api_put: PUT runs/20260915_152914_fail_periodic.log -> 201 (8836 bytes)
2026-09-15 15:29:16,818 - DEBUG - [global] log_uploader: STEP 1 (window log) -> https://github.com/StarateJI/L2Mauto/blob/bot-logs/runs/20260915_152914_fail_periodic.log
2026-09-15 15:29:16,819 - DEBUG - [global] log_uploader: STEP 2 SKIP (no PNGs)
2026-09-15 15:29:17,916 - DEBUG - [global] _api_put: GET runs/20260915_152914_fail_global.log -> 404
2026-09-15 15:29:19,855 - DEBUG - [global] _api_put: PUT runs/20260915_152914_fail_global.log -> 201 (21693 bytes)
2026-09-15 15:29:19,857 - DEBUG - [global] log_uploader: STEP 3 (global log) -> https://github.com/StarateJI/L2Mauto/blob/bot-logs/runs/20260915_152914_fail_global.log
2026-09-15 15:29:19,858 - DEBUG - [global] log_uploader: END window=periodic
2026-09-15 15:29:19,858 - INFO - [global] LogUploader: upload_run_logs завершён
2026-09-15 15:29:39,958 - INFO - [global] Проверяю обновы...
2026-09-15 15:29:40,874 - DEBUG - [global] needs_update: raw → 5.6.7
2026-09-15 15:29:41,781 - DEBUG - [global] needs_update: API failed: HTTPError: 403 Client Error: rate limit exceeded for url: https://api.github.com/repos/StarateJI/L2Mauto/contents/bot/version.txt?ref=main
2026-09-15 15:29:42,686 - DEBUG - [global] needs_update: jsdelivr → 5.4.2
2026-09-15 15:29:42,687 - DEBUG - [global] needs_update: лучший источник raw → 5.6.7 (из 2)
2026-09-15 15:29:42,689 - INFO - [global] needs_update: local=(5, 4, 1) remote=(5, 6, 7) -> has_update=True
2026-09-15 15:29:42,690 - INFO - [global] Доступна обнова! Спавню кнопку
2026-09-15 15:30:12,716 - INFO - [global] Проверяю обновы...
2026-09-15 15:30:13,626 - DEBUG - [global] needs_update: raw → 5.6.7
2026-09-15 15:30:14,491 - DEBUG - [global] needs_update: API failed: HTTPError: 403 Client Error: rate limit exceeded for url: https://api.github.com/repos/StarateJI/L2Mauto/contents/bot/version.txt?ref=main
2026-09-15 15:30:15,359 - DEBUG - [global] needs_update: jsdelivr → 5.4.2
2026-09-15 15:30:15,359 - DEBUG - [global] needs_update: лучший источник raw → 5.6.7 (из 2)
2026-09-15 15:30:15,363 - INFO - [global] needs_update: local=(5, 4, 1) remote=(5, 6, 7) -> has_update=True
2026-09-15 15:30:15,363 - INFO - [global] Доступна обнова! Спавню кнопку
2026-09-15 15:30:19,911 - INFO - [global] LogUploader: запускаю upload_run_logs...
2026-09-15 15:30:19,914 - DEBUG - [global] log_uploader: START window=periodic made=-1 token=...Rjnfq
2026-09-15 15:30:20,995 - DEBUG - [global] _api_put: GET runs/20260915_153019_fail_periodic.log -> 404
2026-09-15 15:30:22,771 - DEBUG - [global] _api_put: PUT runs/20260915_153019_fail_periodic.log -> 201 (8836 bytes)
2026-09-15 15:30:22,774 - DEBUG - [global] log_uploader: STEP 1 (window log) -> https://github.com/StarateJI/L2Mauto/blob/bot-logs/runs/20260915_153019_fail_periodic.log
2026-09-15 15:30:22,775 - DEBUG - [global] log_uploader: STEP 2 SKIP (no PNGs)
