=== Log tail 2026-09-18T00:51:38.392039 | last 200 lines ===
2026-09-18 00:42:56,484 - DEBUG - [global] _api_put: GET runs/20260918_004252_fail_global.log -> 404
2026-09-18 00:42:58,020 - DEBUG - [global] _api_put: PUT runs/20260918_004252_fail_global.log -> 201 (19806 bytes)
2026-09-18 00:42:58,023 - DEBUG - [global] log_uploader: STEP 3 (global log) -> https://github.com/StarateJI/L2Mauto/blob/bot-logs/runs/20260918_004252_fail_global.log
2026-09-18 00:42:58,023 - DEBUG - [global] log_uploader: END window=periodic
2026-09-18 00:42:58,023 - INFO - [global] LogUploader: upload_run_logs завершён
2026-09-18 00:43:26,459 - INFO - [global] Проверяю обновы...
2026-09-18 00:43:27,338 - DEBUG - [global] needs_update: API GitHub → 5.9.1
2026-09-18 00:43:27,992 - DEBUG - [global] needs_update: raw → 5.9.1
2026-09-18 00:43:28,651 - DEBUG - [global] needs_update: jsdelivr → 5.9.1
2026-09-18 00:43:28,651 - DEBUG - [global] needs_update: лучший источник API → 5.9.1 (из 3)
2026-09-18 00:43:28,653 - INFO - [global] needs_update: local=(5, 9, 1) remote=(5, 9, 1) -> has_update=False
2026-09-18 00:43:28,653 - INFO - [global] Установлена последняя версия бота | 5.9.1
2026-09-18 00:43:58,056 - INFO - [global] LogUploader: запускаю upload_run_logs...
2026-09-18 00:43:58,057 - DEBUG - [global] log_uploader: START window=periodic made=-1 token=...Rjnfq
2026-09-18 00:43:58,669 - INFO - [global] Проверяю обновы...
2026-09-18 00:43:58,978 - DEBUG - [global] _api_put: GET runs/20260918_004358_fail_periodic.log -> 404
2026-09-18 00:43:59,610 - DEBUG - [global] needs_update: API GitHub → 5.9.1
2026-09-18 00:44:00,292 - DEBUG - [global] needs_update: raw → 5.9.1
2026-09-18 00:44:00,647 - DEBUG - [global] _api_put: PUT runs/20260918_004358_fail_periodic.log -> 201 (8836 bytes)
2026-09-18 00:44:00,649 - DEBUG - [global] log_uploader: STEP 1 (window log) -> https://github.com/StarateJI/L2Mauto/blob/bot-logs/runs/20260918_004358_fail_periodic.log
2026-09-18 00:44:00,650 - DEBUG - [global] log_uploader: STEP 2 SKIP (no PNGs)
2026-09-18 00:44:00,950 - DEBUG - [global] needs_update: jsdelivr → 5.9.1
2026-09-18 00:44:00,950 - DEBUG - [global] needs_update: лучший источник API → 5.9.1 (из 3)
2026-09-18 00:44:00,952 - INFO - [global] needs_update: local=(5, 9, 1) remote=(5, 9, 1) -> has_update=False
2026-09-18 00:44:00,952 - INFO - [global] Установлена последняя версия бота | 5.9.1
2026-09-18 00:44:01,644 - DEBUG - [global] _api_put: GET runs/20260918_004358_fail_global.log -> 404
2026-09-18 00:44:03,352 - DEBUG - [global] _api_put: PUT runs/20260918_004358_fail_global.log -> 201 (19802 bytes)
2026-09-18 00:44:03,355 - DEBUG - [global] log_uploader: STEP 3 (global log) -> https://github.com/StarateJI/L2Mauto/blob/bot-logs/runs/20260918_004358_fail_global.log
2026-09-18 00:44:03,355 - DEBUG - [global] log_uploader: END window=periodic
2026-09-18 00:44:03,355 - INFO - [global] LogUploader: upload_run_logs завершён
2026-09-18 00:44:30,969 - INFO - [global] Проверяю обновы...
2026-09-18 00:44:31,855 - DEBUG - [global] needs_update: API GitHub → 5.9.1
2026-09-18 00:44:32,537 - DEBUG - [global] needs_update: raw → 5.9.1
2026-09-18 00:44:33,253 - DEBUG - [global] needs_update: jsdelivr → 5.9.1
2026-09-18 00:44:33,253 - DEBUG - [global] needs_update: лучший источник API → 5.9.1 (из 3)
2026-09-18 00:44:33,255 - INFO - [global] needs_update: local=(5, 9, 1) remote=(5, 9, 1) -> has_update=False
2026-09-18 00:44:33,255 - INFO - [global] Установлена последняя версия бота | 5.9.1
2026-09-18 00:45:03,275 - INFO - [global] Проверяю обновы...
2026-09-18 00:45:03,384 - INFO - [global] LogUploader: запускаю upload_run_logs...
2026-09-18 00:45:03,385 - DEBUG - [global] log_uploader: START window=periodic made=-1 token=...Rjnfq
2026-09-18 00:45:04,296 - DEBUG - [global] needs_update: API GitHub → 5.9.1
2026-09-18 00:45:04,401 - DEBUG - [global] _api_put: GET runs/20260918_004503_fail_periodic.log -> 404
2026-09-18 00:45:05,084 - DEBUG - [global] needs_update: raw → 5.9.1
2026-09-18 00:45:05,786 - DEBUG - [global] needs_update: jsdelivr → 5.9.1
2026-09-18 00:45:05,786 - DEBUG - [global] needs_update: лучший источник API → 5.9.1 (из 3)
2026-09-18 00:45:05,787 - INFO - [global] needs_update: local=(5, 9, 1) remote=(5, 9, 1) -> has_update=False
2026-09-18 00:45:05,788 - INFO - [global] Установлена последняя версия бота | 5.9.1
2026-09-18 00:45:06,780 - DEBUG - [global] _api_put: PUT runs/20260918_004503_fail_periodic.log -> 201 (8836 bytes)
2026-09-18 00:45:06,782 - DEBUG - [global] log_uploader: STEP 1 (window log) -> https://github.com/StarateJI/L2Mauto/blob/bot-logs/runs/20260918_004503_fail_periodic.log
2026-09-18 00:45:06,782 - DEBUG - [global] log_uploader: STEP 2 SKIP (no PNGs)
2026-09-18 00:45:07,759 - DEBUG - [global] _api_put: GET runs/20260918_004503_fail_global.log -> 404
2026-09-18 00:45:10,844 - DEBUG - [global] _api_put: PUT runs/20260918_004503_fail_global.log -> 201 (19800 bytes)
2026-09-18 00:45:10,845 - DEBUG - [global] log_uploader: STEP 3 (global log) -> https://github.com/StarateJI/L2Mauto/blob/bot-logs/runs/20260918_004503_fail_global.log
2026-09-18 00:45:10,845 - DEBUG - [global] log_uploader: END window=periodic
2026-09-18 00:45:10,845 - INFO - [global] LogUploader: upload_run_logs завершён
2026-09-18 00:45:35,806 - INFO - [global] Проверяю обновы...
2026-09-18 00:45:36,667 - DEBUG - [global] needs_update: API GitHub → 5.9.1
2026-09-18 00:45:37,364 - DEBUG - [global] needs_update: raw → 5.9.1
2026-09-18 00:45:38,086 - DEBUG - [global] needs_update: jsdelivr → 5.9.1
2026-09-18 00:45:38,086 - DEBUG - [global] needs_update: лучший источник API → 5.9.1 (из 3)
2026-09-18 00:45:38,087 - INFO - [global] needs_update: local=(5, 9, 1) remote=(5, 9, 1) -> has_update=False
2026-09-18 00:45:38,087 - INFO - [global] Установлена последняя версия бота | 5.9.1
2026-09-18 00:46:08,104 - INFO - [global] Проверяю обновы...
2026-09-18 00:46:08,960 - DEBUG - [global] needs_update: API GitHub → 5.9.1
2026-09-18 00:46:09,706 - DEBUG - [global] needs_update: raw → 5.9.1
2026-09-18 00:46:10,379 - DEBUG - [global] needs_update: jsdelivr → 5.9.1
2026-09-18 00:46:10,379 - DEBUG - [global] needs_update: лучший источник API → 5.9.1 (из 3)
2026-09-18 00:46:10,381 - INFO - [global] needs_update: local=(5, 9, 1) remote=(5, 9, 1) -> has_update=False
2026-09-18 00:46:10,382 - INFO - [global] Установлена последняя версия бота | 5.9.1
2026-09-18 00:46:10,882 - INFO - [global] LogUploader: запускаю upload_run_logs...
2026-09-18 00:46:10,883 - DEBUG - [global] log_uploader: START window=periodic made=-1 token=...Rjnfq
2026-09-18 00:46:11,786 - DEBUG - [global] _api_put: GET runs/20260918_004610_fail_periodic.log -> 404
2026-09-18 00:46:13,186 - DEBUG - [global] _api_put: PUT runs/20260918_004610_fail_periodic.log -> 201 (8836 bytes)
2026-09-18 00:46:13,188 - DEBUG - [global] log_uploader: STEP 1 (window log) -> https://github.com/StarateJI/L2Mauto/blob/bot-logs/runs/20260918_004610_fail_periodic.log
2026-09-18 00:46:13,188 - DEBUG - [global] log_uploader: STEP 2 SKIP (no PNGs)
2026-09-18 00:46:14,141 - DEBUG - [global] _api_put: GET runs/20260918_004610_fail_global.log -> 404
2026-09-18 00:46:15,855 - DEBUG - [global] _api_put: PUT runs/20260918_004610_fail_global.log -> 201 (19817 bytes)
2026-09-18 00:46:15,856 - DEBUG - [global] log_uploader: STEP 3 (global log) -> https://github.com/StarateJI/L2Mauto/blob/bot-logs/runs/20260918_004610_fail_global.log
2026-09-18 00:46:15,857 - DEBUG - [global] log_uploader: END window=periodic
2026-09-18 00:46:15,857 - INFO - [global] LogUploader: upload_run_logs завершён
2026-09-18 00:46:40,400 - INFO - [global] Проверяю обновы...
2026-09-18 00:46:41,330 - DEBUG - [global] needs_update: API GitHub → 5.9.1
2026-09-18 00:46:42,012 - DEBUG - [global] needs_update: raw → 5.9.1
2026-09-18 00:46:42,694 - DEBUG - [global] needs_update: jsdelivr → 5.9.1
2026-09-18 00:46:42,695 - DEBUG - [global] needs_update: лучший источник API → 5.9.1 (из 3)
2026-09-18 00:46:42,697 - INFO - [global] needs_update: local=(5, 9, 1) remote=(5, 9, 1) -> has_update=False
2026-09-18 00:46:42,697 - INFO - [global] Установлена последняя версия бота | 5.9.1
2026-09-18 00:47:12,717 - INFO - [global] Проверяю обновы...
2026-09-18 00:47:13,613 - DEBUG - [global] needs_update: API GitHub → 5.9.1
2026-09-18 00:47:14,278 - DEBUG - [global] needs_update: raw → 5.9.1
2026-09-18 00:47:14,948 - DEBUG - [global] needs_update: jsdelivr → 5.9.1
2026-09-18 00:47:14,948 - DEBUG - [global] needs_update: лучший источник API → 5.9.1 (из 3)
2026-09-18 00:47:14,950 - INFO - [global] needs_update: local=(5, 9, 1) remote=(5, 9, 1) -> has_update=False
2026-09-18 00:47:14,950 - INFO - [global] Установлена последняя версия бота | 5.9.1
2026-09-18 00:47:15,890 - INFO - [global] LogUploader: запускаю upload_run_logs...
2026-09-18 00:47:15,891 - DEBUG - [global] log_uploader: START window=periodic made=-1 token=...Rjnfq
2026-09-18 00:47:16,810 - DEBUG - [global] _api_put: GET runs/20260918_004715_fail_periodic.log -> 404
2026-09-18 00:47:18,224 - DEBUG - [global] _api_put: PUT runs/20260918_004715_fail_periodic.log -> 201 (8836 bytes)
2026-09-18 00:47:18,226 - DEBUG - [global] log_uploader: STEP 1 (window log) -> https://github.com/StarateJI/L2Mauto/blob/bot-logs/runs/20260918_004715_fail_periodic.log
2026-09-18 00:47:18,226 - DEBUG - [global] log_uploader: STEP 2 SKIP (no PNGs)
2026-09-18 00:47:19,167 - DEBUG - [global] _api_put: GET runs/20260918_004715_fail_global.log -> 404
2026-09-18 00:47:20,816 - DEBUG - [global] _api_put: PUT runs/20260918_004715_fail_global.log -> 201 (19817 bytes)
2026-09-18 00:47:20,817 - DEBUG - [global] log_uploader: STEP 3 (global log) -> https://github.com/StarateJI/L2Mauto/blob/bot-logs/runs/20260918_004715_fail_global.log
2026-09-18 00:47:20,817 - DEBUG - [global] log_uploader: END window=periodic
2026-09-18 00:47:20,817 - INFO - [global] LogUploader: upload_run_logs завершён
2026-09-18 00:47:44,969 - INFO - [global] Проверяю обновы...
2026-09-18 00:47:45,856 - DEBUG - [global] needs_update: API GitHub → 5.9.1
2026-09-18 00:47:46,590 - DEBUG - [global] needs_update: raw → 5.9.1
2026-09-18 00:47:47,295 - DEBUG - [global] needs_update: jsdelivr → 5.9.1
2026-09-18 00:47:47,296 - DEBUG - [global] needs_update: лучший источник API → 5.9.1 (из 3)
2026-09-18 00:47:47,297 - INFO - [global] needs_update: local=(5, 9, 1) remote=(5, 9, 1) -> has_update=False
2026-09-18 00:47:47,298 - INFO - [global] Установлена последняя версия бота | 5.9.1
2026-09-18 00:48:17,315 - INFO - [global] Проверяю обновы...
2026-09-18 00:48:18,210 - DEBUG - [global] needs_update: API GitHub → 5.9.1
2026-09-18 00:48:18,900 - DEBUG - [global] needs_update: raw → 5.9.1
2026-09-18 00:48:19,590 - DEBUG - [global] needs_update: jsdelivr → 5.9.1
2026-09-18 00:48:19,590 - DEBUG - [global] needs_update: лучший источник API → 5.9.1 (из 3)
2026-09-18 00:48:19,592 - INFO - [global] needs_update: local=(5, 9, 1) remote=(5, 9, 1) -> has_update=False
2026-09-18 00:48:19,593 - INFO - [global] Установлена последняя версия бота | 5.9.1
2026-09-18 00:48:20,848 - INFO - [global] LogUploader: запускаю upload_run_logs...
2026-09-18 00:48:20,849 - DEBUG - [global] log_uploader: START window=periodic made=-1 token=...Rjnfq
2026-09-18 00:48:21,736 - DEBUG - [global] _api_put: GET runs/20260918_004820_fail_periodic.log -> 404
2026-09-18 00:48:23,155 - DEBUG - [global] _api_put: PUT runs/20260918_004820_fail_periodic.log -> 201 (8836 bytes)
2026-09-18 00:48:23,158 - DEBUG - [global] log_uploader: STEP 1 (window log) -> https://github.com/StarateJI/L2Mauto/blob/bot-logs/runs/20260918_004820_fail_periodic.log
2026-09-18 00:48:23,158 - DEBUG - [global] log_uploader: STEP 2 SKIP (no PNGs)
2026-09-18 00:48:24,136 - DEBUG - [global] _api_put: GET runs/20260918_004820_fail_global.log -> 404
2026-09-18 00:48:25,998 - DEBUG - [global] _api_put: PUT runs/20260918_004820_fail_global.log -> 201 (19882 bytes)
2026-09-18 00:48:25,999 - DEBUG - [global] log_uploader: STEP 3 (global log) -> https://github.com/StarateJI/L2Mauto/blob/bot-logs/runs/20260918_004820_fail_global.log
2026-09-18 00:48:25,999 - DEBUG - [global] log_uploader: END window=periodic
2026-09-18 00:48:25,999 - INFO - [global] LogUploader: upload_run_logs завершён
2026-09-18 00:48:49,607 - INFO - [global] Проверяю обновы...
2026-09-18 00:48:50,553 - DEBUG - [global] needs_update: API GitHub → 5.9.1
2026-09-18 00:48:51,281 - DEBUG - [global] needs_update: raw → 5.9.1
2026-09-18 00:48:51,996 - DEBUG - [global] needs_update: jsdelivr → 5.9.1
2026-09-18 00:48:51,996 - DEBUG - [global] needs_update: лучший источник API → 5.9.1 (из 3)
2026-09-18 00:48:51,998 - INFO - [global] needs_update: local=(5, 9, 1) remote=(5, 9, 1) -> has_update=False
2026-09-18 00:48:51,999 - INFO - [global] Установлена последняя версия бота | 5.9.1
2026-09-18 00:49:22,014 - INFO - [global] Проверяю обновы...
2026-09-18 00:49:22,887 - DEBUG - [global] needs_update: API GitHub → 5.9.1
2026-09-18 00:49:23,603 - DEBUG - [global] needs_update: raw → 5.9.1
2026-09-18 00:49:24,287 - DEBUG - [global] needs_update: jsdelivr → 5.9.1
2026-09-18 00:49:24,287 - DEBUG - [global] needs_update: лучший источник API → 5.9.1 (из 3)
2026-09-18 00:49:24,289 - INFO - [global] needs_update: local=(5, 9, 1) remote=(5, 9, 1) -> has_update=False
2026-09-18 00:49:24,289 - INFO - [global] Установлена последняя версия бота | 5.9.1
2026-09-18 00:49:26,032 - INFO - [global] LogUploader: запускаю upload_run_logs...
2026-09-18 00:49:26,033 - DEBUG - [global] log_uploader: START window=periodic made=-1 token=...Rjnfq
2026-09-18 00:49:26,915 - DEBUG - [global] _api_put: GET runs/20260918_004926_fail_periodic.log -> 404
2026-09-18 00:49:28,338 - DEBUG - [global] _api_put: PUT runs/20260918_004926_fail_periodic.log -> 201 (8836 bytes)
2026-09-18 00:49:28,340 - DEBUG - [global] log_uploader: STEP 1 (window log) -> https://github.com/StarateJI/L2Mauto/blob/bot-logs/runs/20260918_004926_fail_periodic.log
2026-09-18 00:49:28,340 - DEBUG - [global] log_uploader: STEP 2 SKIP (no PNGs)
2026-09-18 00:49:29,351 - DEBUG - [global] _api_put: GET runs/20260918_004926_fail_global.log -> 404
2026-09-18 00:49:31,015 - DEBUG - [global] _api_put: PUT runs/20260918_004926_fail_global.log -> 201 (19882 bytes)
2026-09-18 00:49:31,017 - DEBUG - [global] log_uploader: STEP 3 (global log) -> https://github.com/StarateJI/L2Mauto/blob/bot-logs/runs/20260918_004926_fail_global.log
2026-09-18 00:49:31,017 - DEBUG - [global] log_uploader: END window=periodic
2026-09-18 00:49:31,017 - INFO - [global] LogUploader: upload_run_logs завершён
2026-09-18 00:49:54,306 - INFO - [global] Проверяю обновы...
2026-09-18 00:49:55,197 - DEBUG - [global] needs_update: API GitHub → 5.9.1
2026-09-18 00:49:55,878 - DEBUG - [global] needs_update: raw → 5.9.1
2026-09-18 00:49:56,579 - DEBUG - [global] needs_update: jsdelivr → 5.9.1
2026-09-18 00:49:56,579 - DEBUG - [global] needs_update: лучший источник API → 5.9.1 (из 3)
2026-09-18 00:49:56,581 - INFO - [global] needs_update: local=(5, 9, 1) remote=(5, 9, 1) -> has_update=False
2026-09-18 00:49:56,581 - INFO - [global] Установлена последняя версия бота | 5.9.1
2026-09-18 00:50:26,596 - INFO - [global] Проверяю обновы...
2026-09-18 00:50:27,498 - DEBUG - [global] needs_update: API GitHub → 5.9.1
2026-09-18 00:50:28,162 - DEBUG - [global] needs_update: raw → 5.9.1
2026-09-18 00:50:28,908 - DEBUG - [global] needs_update: jsdelivr → 5.9.1
2026-09-18 00:50:28,908 - DEBUG - [global] needs_update: лучший источник API → 5.9.1 (из 3)
2026-09-18 00:50:28,911 - INFO - [global] needs_update: local=(5, 9, 1) remote=(5, 9, 1) -> has_update=False
2026-09-18 00:50:28,911 - INFO - [global] Установлена последняя версия бота | 5.9.1
2026-09-18 00:50:31,049 - INFO - [global] LogUploader: запускаю upload_run_logs...
2026-09-18 00:50:31,050 - DEBUG - [global] log_uploader: START window=periodic made=-1 token=...Rjnfq
2026-09-18 00:50:31,966 - DEBUG - [global] _api_put: GET runs/20260918_005031_fail_periodic.log -> 404
2026-09-18 00:50:33,382 - DEBUG - [global] _api_put: PUT runs/20260918_005031_fail_periodic.log -> 201 (8836 bytes)
2026-09-18 00:50:33,385 - DEBUG - [global] log_uploader: STEP 1 (window log) -> https://github.com/StarateJI/L2Mauto/blob/bot-logs/runs/20260918_005031_fail_periodic.log
2026-09-18 00:50:33,385 - DEBUG - [global] log_uploader: STEP 2 SKIP (no PNGs)
2026-09-18 00:50:34,368 - DEBUG - [global] _api_put: GET runs/20260918_005031_fail_global.log -> 404
2026-09-18 00:50:35,918 - DEBUG - [global] _api_put: PUT runs/20260918_005031_fail_global.log -> 201 (19882 bytes)
2026-09-18 00:50:35,920 - DEBUG - [global] log_uploader: STEP 3 (global log) -> https://github.com/StarateJI/L2Mauto/blob/bot-logs/runs/20260918_005031_fail_global.log
2026-09-18 00:50:35,920 - DEBUG - [global] log_uploader: END window=periodic
2026-09-18 00:50:35,920 - INFO - [global] LogUploader: upload_run_logs завершён
2026-09-18 00:50:58,928 - INFO - [global] Проверяю обновы...
2026-09-18 00:50:59,855 - DEBUG - [global] needs_update: API GitHub → 5.9.1
2026-09-18 00:51:00,550 - DEBUG - [global] needs_update: raw → 5.9.1
2026-09-18 00:51:01,298 - DEBUG - [global] needs_update: jsdelivr → 5.9.1
2026-09-18 00:51:01,299 - DEBUG - [global] needs_update: лучший источник API → 5.9.1 (из 3)
2026-09-18 00:51:01,301 - INFO - [global] needs_update: local=(5, 9, 1) remote=(5, 9, 1) -> has_update=False
2026-09-18 00:51:01,302 - INFO - [global] Установлена последняя версия бота | 5.9.1
2026-09-18 00:51:31,315 - INFO - [global] Проверяю обновы...
2026-09-18 00:51:32,235 - DEBUG - [global] needs_update: API GitHub → 5.9.1
2026-09-18 00:51:32,952 - DEBUG - [global] needs_update: raw → 5.9.1
2026-09-18 00:51:33,630 - DEBUG - [global] needs_update: jsdelivr → 5.9.1
2026-09-18 00:51:33,630 - DEBUG - [global] needs_update: лучший источник API → 5.9.1 (из 3)
2026-09-18 00:51:33,633 - INFO - [global] needs_update: local=(5, 9, 1) remote=(5, 9, 1) -> has_update=False
2026-09-18 00:51:33,633 - INFO - [global] Установлена последняя версия бота | 5.9.1
2026-09-18 00:51:35,953 - INFO - [global] LogUploader: запускаю upload_run_logs...
2026-09-18 00:51:35,954 - DEBUG - [global] log_uploader: START window=periodic made=-1 token=...Rjnfq
2026-09-18 00:51:36,823 - DEBUG - [global] _api_put: GET runs/20260918_005135_fail_periodic.log -> 404
2026-09-18 00:51:38,308 - DEBUG - [global] _api_put: PUT runs/20260918_005135_fail_periodic.log -> 201 (8836 bytes)
2026-09-18 00:51:38,309 - DEBUG - [global] log_uploader: STEP 1 (window log) -> https://github.com/StarateJI/L2Mauto/blob/bot-logs/runs/20260918_005135_fail_periodic.log
2026-09-18 00:51:38,310 - DEBUG - [global] log_uploader: STEP 2 SKIP (no PNGs)
